/out/sourcedata/freesurfer/sub-v1s16x0051171_ses-1/mri
/opt/freesurfer/bin/talairach_avi
--i orig_nu.mgz --xfm transforms/talairach.auto.xfm
talairach_avi 7.3.2
Linux dna058 5.14.0-427.37.1.el9_4.x86_64 #1 SMP PREEMPT_DYNAMIC Fri Sep 13 12:41:50 EDT 2024 x86_64 x86_64 x86_64 GNU/Linux
Sun Mar  8 22:28:42 CET 2026
mri_convert orig_nu.mgz talsrcimg.img 
reading from orig_nu.mgz...
TR=0.00, TE=0.00, TI=0.00, flip angle=0.00
i_ras = (-1, 0, 0)
j_ras = (0, 0, -1)
k_ras = (0, 1, 0)
writing to talsrcimg.img...
Analyze Output Matrix
-1.00000   0.00000   0.00000   134.10919;
 0.00000   0.00000   1.00000  -118.29891;
 0.00000  -1.00000   0.00000   131.76819;
 0.00000   0.00000   0.00000   1.00000;
--------------------
INFO: set hdr.hist.orient to -1
mpr2mni305 talsrcimg
Sun Mar  8 22:28:43 CET 2026
/opt/freesurfer/bin/mpr2mni305 talsrcimg
mpr2mni305 7.3.2
target=711-2C_as_mni_average_305

---------------------------------------------------------------------
analyzeto4dfp talsrcimg -O0 -y
---------------------------------------------------------------------

freesurfer ifh2hdr.c
Sun Mar  8 22:28:43 2026
Writing: talsrcimg.4dfp.hdr
freesurfer analyzeto4dfp.c
Reading: talsrcimg.hdr
header size 348 bytes
hdr.dime.datatype	offset=70	value=2
hdr.dime.bitpix		offset=72	value=8
hdr.hist.orient		offset=252	value=-1
dimensionality     4
dimensions       256       256       256         1
Reading: talsrcimg.img
Writing: talsrcimg.4dfp.img
Writing: talsrcimg.4dfp.ifh
ifh2hdr talsrcimg -r0to193
ori=2

---------------------------------------------------------------------
gauss_4dfp talsrcimg 1.1
---------------------------------------------------------------------

freesurfer gauss_4dfp.c
Reading: talsrcimg.4dfp.img
Writing: talsrcimg_g11.4dfp.img
image dimensions 256 256 256 padded to 288 288 288
processing volume 1freesurfer ifh2hdr.c
Sun Mar  8 22:28:45 2026
Writing: talsrcimg_g11.4dfp.hdr

Writing: talsrcimg_g11.4dfp.ifh
including: talsrcimg.4dfp.img.rec in talsrcimg_g11.4dfp.img.rec

---------------------------------------------------------------------
imgreg_4dfp /opt/freesurfer/average/711-2C_as_mni_average_305 none talsrcimg_g11 none talsrcimg_to_711-2C_as_mni_average_305_t4 4355
---------------------------------------------------------------------

freesurfer imgreg_4dfp.c
/opt/freesurfer/average/711-2C_as_mni_average_305.4dfp.img
       256       256       256         1
  1.000000  1.000000  1.000000
orientation T byte_order littleendian
Reading image: /opt/freesurfer/average/711-2C_as_mni_average_305.4dfp.img
dimensions:      256       256       256
mmppix:       1.0000   -1.0000   -1.0000
center:     128.0000 -129.0000 -129.0000
talsrcimg_g11.4dfp.img
       256       256       256         1
  1.000000  1.000000  1.000000
orientation T byte_order littleendian
Reading image: talsrcimg_g11.4dfp.img
dimensions:      256       256       256
mmppix:       1.0000   -1.0000   -1.0000
center:     128.0000 -129.0000 -129.0000
t4_read: open error in t4_sub.f l:  41 t4_file(1:l)talsrcimg_to_711-2C_as_mni_average_305_t4 
t4_read: transform initialized to I4
rotation matrix determinant  1.000000
image alignment mode   4355 decimal     1103 hex
   -7.5000  -45.0000  -45.0000 8017.5879   28.2886
    0.0000  -45.0000  -45.0000 8321.4512   28.2679
    7.5000  -45.0000  -45.0000 7897.7417   28.2713
   -7.5000  -37.5000  -45.0000 8497.4980   28.3333
    0.0000  -37.5000  -45.0000 8812.8691   28.3197
    7.5000  -37.5000  -45.0000 8350.6621   28.3137
   -7.5000  -30.0000  -45.0000 9169.9648   28.3285
    0.0000  -30.0000  -45.0000 9507.7031   28.3201
    7.5000  -30.0000  -45.0000 8977.5928   28.3064
   -7.5000  -22.5000  -45.0000 9747.4795   28.2737
    0.0000  -22.5000  -45.000010116.1436   28.2625
    7.5000  -22.5000  -45.0000 9556.3135   28.2525
   -7.5000  -15.0000  -45.000010321.2441   28.2287
    0.0000  -15.0000  -45.000010688.5322   28.2099
    7.5000  -15.0000  -45.000010077.2061   28.2076
   -7.5000   -7.5000  -45.000010862.1416   28.2387
    0.0000   -7.5000  -45.000011247.7734   28.2157
    7.5000   -7.5000  -45.000010600.6455   28.2189
   -7.5000    0.0000  -45.000011286.1738   28.2886
    0.0000    0.0000  -45.000011707.9473   28.2679
    7.5000    0.0000  -45.000011043.3730   28.2713
   -7.5000    7.5000  -45.000010869.2744   28.3333
    0.0000    7.5000  -45.000011255.8906   28.3197
    7.5000    7.5000  -45.000010599.9316   28.3137
   -7.5000   15.0000  -45.000010287.7148   28.3285
    0.0000   15.0000  -45.000010631.6846   28.3201
    7.5000   15.0000  -45.000010014.2256   28.3064
   -7.5000   22.5000  -45.0000 9453.2051   28.2698
    0.0000   22.5000  -45.0000 9755.6299   28.2586
    7.5000   22.5000  -45.0000 9181.3818   28.2487
   -7.5000   30.0000  -45.0000 8569.1846   27.8526
    0.0000   30.0000  -45.0000 8832.6074   27.8340
    7.5000   30.0000  -45.0000 8282.7705   27.8317
   -7.5000   37.5000  -45.0000 8026.8438   27.8624
    0.0000   37.5000  -45.0000 8246.6436   27.8396
    7.5000   37.5000  -45.0000 7750.9688   27.8429
   -7.5000   45.0000  -45.0000 7252.5820   27.2029
    0.0000   45.0000  -45.0000 7460.5610   27.1830
    7.5000   45.0000  -45.0000 6998.5361   27.1862
   -7.5000  -45.0000  -37.5000 8577.1553   28.0003
    0.0000  -45.0000  -37.5000 8885.8135   27.9831
    7.5000  -45.0000  -37.5000 8392.9873   27.9815
   -7.5000  -37.5000  -37.5000 9065.8926   28.0447
    0.0000  -37.5000  -37.5000 9385.6885   28.0313
    7.5000  -37.5000  -37.5000 8868.8193   28.0163
   -7.5000  -30.0000  -37.5000 9767.7090   28.0598
    0.0000  -30.0000  -37.500010130.7012   28.0464
    7.5000  -30.0000  -37.5000 9541.9805   28.0165
   -7.5000  -22.5000  -37.500010399.2744   28.0217
    0.0000  -22.5000  -37.500010772.3672   28.0045
    7.5000  -22.5000  -37.500010136.0693   27.9763
   -7.5000  -15.0000  -37.500010971.6279   27.9744
    0.0000  -15.0000  -37.500011364.8691   27.9539
    7.5000  -15.0000  -37.500010679.1152   27.9382
   -7.5000   -7.5000  -37.500011522.1660   27.9680
    0.0000   -7.5000  -37.500011918.5977   27.9474
    7.5000   -7.5000  -37.500011195.4170   27.9436
   -7.5000    0.0000  -37.500011978.9443   28.0003
    0.0000    0.0000  -37.500012396.9102   27.9831
    7.5000    0.0000  -37.500011641.5781   27.9815
   -7.5000    7.5000  -37.500011500.1582   28.0447
    0.0000    7.5000  -37.500011883.4424   28.0313
    7.5000    7.5000  -37.500011172.7852   28.0163
   -7.5000   15.0000  -37.500010889.9277   28.0598
    0.0000   15.0000  -37.500011239.0166   28.0464
    7.5000   15.0000  -37.500010574.1406   28.0165
   -7.5000   22.5000  -37.5000 9992.0664   28.0179
    0.0000   22.5000  -37.500010286.5400   28.0007
    7.5000   22.5000  -37.5000 9655.2822   27.9724
   -7.5000   30.0000  -37.5000 9004.1738   27.6016
    0.0000   30.0000  -37.5000 9286.5830   27.5813
    7.5000   30.0000  -37.5000 8693.5664   27.5659
   -7.5000   37.5000  -37.5000 8371.4365   27.5953
    0.0000   37.5000  -37.5000 8637.5889   27.5750
    7.5000   37.5000  -37.5000 8124.2949   27.5712
   -7.5000   45.0000  -37.5000 7529.9858   26.9257
    0.0000   45.0000  -37.5000 7769.4917   26.9091
    7.5000   45.0000  -37.5000 7317.3545   26.9076
   -7.5000  -45.0000  -30.0000 9326.3955   28.9804
    0.0000  -45.0000  -30.0000 9644.5254   28.9765
    7.5000  -45.0000  -30.0000 9093.5215   28.9658
   -7.5000  -37.5000  -30.0000 9836.3779   29.0181
    0.0000  -37.5000  -30.000010183.6924   29.0200
    7.5000  -37.5000  -30.0000 9578.9062   28.9983
   -7.5000  -30.0000  -30.000010593.0713   29.0573
    0.0000  -30.0000  -30.000010979.7363   29.0532
    7.5000  -30.0000  -30.000010296.4385   29.0138
   -7.5000  -22.5000  -30.000011262.7217   29.0495
    0.0000  -22.5000  -30.000011659.4180   29.0333
    7.5000  -22.5000  -30.000010921.4561   28.9896
   -7.5000  -15.0000  -30.000011862.5791   29.0090
    0.0000  -15.0000  -30.000012263.6924   28.9875
    7.5000  -15.0000  -30.000011494.7842   28.9542
   -7.5000   -7.5000  -30.000012439.7832   28.9791
    0.0000   -7.5000  -30.000012856.9424   28.9639
    7.5000   -7.5000  -30.000012045.4062   28.9458
   -7.5000    0.0000  -30.000012940.5713   28.9804
    0.0000    0.0000  -30.000013361.6406   28.9765
    7.5000    0.0000  -30.000012492.1133   28.9658
   -7.5000    7.5000  -30.000012380.7578   29.0181
    0.0000    7.5000  -30.000012781.3359   29.0200
    7.5000    7.5000  -30.000011962.5137   28.9983
   -7.5000   15.0000  -30.000011694.3975   29.0573
    0.0000   15.0000  -30.000012064.1611   29.0532
    7.5000   15.0000  -30.000011303.2285   29.0138
   -7.5000   22.5000  -30.000010709.7109   29.0425
    0.0000   22.5000  -30.000011015.1846   29.0264
    7.5000   22.5000  -30.000010302.8584   28.9827
   -7.5000   30.0000  -30.0000 9641.5342   28.6251
    0.0000   30.0000  -30.0000 9927.4883   28.6040
    7.5000   30.0000  -30.0000 9296.9277   28.5711
   -7.5000   37.5000  -30.0000 8936.7695   28.5956
    0.0000   37.5000  -30.0000 9249.0889   28.5806
    7.5000   37.5000  -30.0000 8674.9580   28.5628
   -7.5000   45.0000  -30.0000 8003.2119   27.8886
    0.0000   45.0000  -30.0000 8266.6426   27.8848
    7.5000   45.0000  -30.0000 7777.2515   27.8746
   -7.5000  -45.0000  -22.500010103.4727   29.9595
    0.0000  -45.0000  -22.500010456.6436   29.9658
    7.5000  -45.0000  -22.5000 9851.3965   29.9483
   -7.5000  -37.5000  -22.500010631.6270   29.9973
    0.0000  -37.5000  -22.500011002.9678   30.0144
    7.5000  -37.5000  -22.500010331.6357   29.9900
   -7.5000  -30.0000  -22.500011442.2900   30.0449
    0.0000  -30.0000  -22.500011870.9775   30.0554
    7.5000  -30.0000  -22.500011118.0107   30.0157
   -7.5000  -22.5000  -22.500012153.9727   30.0482
    0.0000  -22.5000  -22.500012611.7402   30.0395
    7.5000  -22.5000  -22.500011815.3330   29.9925
   -7.5000  -15.0000  -22.500012821.3330   30.0108
    0.0000  -15.0000  -22.500013277.1016   29.9909
    7.5000  -15.0000  -22.500012387.5303   29.9486
   -7.5000   -7.5000  -22.500013455.9727   29.9696
    0.0000   -7.5000  -22.500013916.7656   29.9582
    7.5000   -7.5000  -22.500012957.0986   29.9302
   -7.5000    0.0000  -22.500013949.9619   29.9595
    0.0000    0.0000  -22.500014411.5303   29.9657
    7.5000    0.0000  -22.500013409.9951   29.9483
   -7.5000    7.5000  -22.500013310.6973   29.9973
    0.0000    7.5000  -22.500013747.7090   30.0144
    7.5000    7.5000  -22.500012801.2031   29.9900
   -7.5000   15.0000  -22.500012563.7666   30.0449
    0.0000   15.0000  -22.500012963.2295   30.0554
    7.5000   15.0000  -22.500012083.5029   30.0157
   -7.5000   22.5000  -22.500011501.1338   30.0389
    0.0000   22.5000  -22.500011848.4961   30.0302
    7.5000   22.5000  -22.500011050.1309   29.9832
   -7.5000   30.0000  -22.500010319.8848   29.6183
    0.0000   30.0000  -22.500010633.1357   29.5986
    7.5000   30.0000  -22.5000 9982.8350   29.5569
   -7.5000   37.5000  -22.5000 9589.3652   29.5776
    0.0000   37.5000  -22.5000 9903.2744   29.5664
    7.5000   37.5000  -22.5000 9299.4756   29.5387
   -7.5000   45.0000  -22.5000 8547.2158   28.8525
    0.0000   45.0000  -22.5000 8818.9336   28.8585
    7.5000   45.0000  -22.5000 8300.7949   28.8417
   -7.5000  -45.0000  -15.000010917.9443   30.6851
    0.0000  -45.0000  -15.000011296.0244   30.6885
    7.5000  -45.0000  -15.000010578.5439   30.6730
   -7.5000  -37.5000  -15.000011444.5713   30.7294
    0.0000  -37.5000  -15.000011838.2920   30.7465
    7.5000  -37.5000  -15.000011069.8096   30.7260
   -7.5000  -30.0000  -15.000012296.3779   30.7609
    0.0000  -30.0000  -15.000012759.3779   30.7765
    7.5000  -30.0000  -15.000011926.2432   30.7465
   -7.5000  -22.5000  -15.000013062.5918   30.7454
    0.0000  -22.5000  -15.000013567.2266   30.7419
    7.5000  -22.5000  -15.000012682.7383   30.7078
   -7.5000  -15.0000  -15.000013780.4922   30.7050
    0.0000  -15.0000  -15.000014293.1553   30.6860
    7.5000  -15.0000  -15.000013299.4385   30.6538
   -7.5000   -7.5000  -15.000014465.5684   30.6763
    0.0000   -7.5000  -15.000014993.7598   30.6624
    7.5000   -7.5000  -15.000013912.4746   30.6394
   -7.5000    0.0000  -15.000015023.6104   30.6851
    0.0000    0.0000  -15.000015540.9902   30.6884
    7.5000    0.0000  -15.000014418.5615   30.6730
   -7.5000    7.5000  -15.000014283.1465   30.7294
    0.0000    7.5000  -15.000014754.4834   30.7465
    7.5000    7.5000  -15.000013706.3223   30.7260
   -7.5000   15.0000  -15.000013419.7129   30.7609
    0.0000   15.0000  -15.000013849.2900   30.7765
    7.5000   15.0000  -15.000012899.8154   30.7465
   -7.5000   22.5000  -15.000012311.1475   30.7345
    0.0000   22.5000  -15.000012711.5840   30.7310
    7.5000   22.5000  -15.000011865.5059   30.6969
   -7.5000   30.0000  -15.000011009.9727   30.3076
    0.0000   30.0000  -15.000011378.4238   30.2889
    7.5000   30.0000  -15.000010678.0791   30.2570
   -7.5000   37.5000  -15.000010245.2217   30.2793
    0.0000   37.5000  -15.000010574.2949   30.2656
    7.5000   37.5000  -15.0000 9928.5801   30.2429
   -7.5000   45.0000  -15.0000 9117.7461   29.5691
    0.0000   45.0000  -15.0000 9406.4150   29.5724
    7.5000   45.0000  -15.0000 8838.6348   29.5575
   -7.5000  -45.0000   -7.500011719.0010   31.0716
    0.0000  -45.0000   -7.500012147.7754   31.0594
    7.5000  -45.0000   -7.500011392.4492   31.0541
   -7.5000  -37.5000   -7.500012272.7705   31.1212
    0.0000  -37.5000   -7.500012706.4316   31.1216
    7.5000  -37.5000   -7.500011899.9941   31.1099
   -7.5000  -30.0000   -7.500013161.8516   31.1284
    0.0000  -30.0000   -7.500013658.4453   31.1334
    7.5000  -30.0000   -7.500012796.2529   31.1163
   -7.5000  -22.5000   -7.500013949.0547   31.0829
    0.0000  -22.5000   -7.500014476.4277   31.0777
    7.5000  -22.5000   -7.500013587.7471   31.0624
   -7.5000  -15.0000   -7.500014724.8984   31.0371
    0.0000  -15.0000   -7.500015278.0488   31.0180
    7.5000  -15.0000   -7.500014273.4941   31.0062
   -7.5000   -7.5000   -7.500015536.9668   31.0327
    0.0000   -7.5000   -7.500016115.3682   31.0115
    7.5000   -7.5000   -7.500014966.3047   31.0041
   -7.5000    0.0000   -7.500016149.8750   31.0716
    0.0000    0.0000   -7.500016760.5234   31.0594
    7.5000    0.0000   -7.500015551.0830   31.0540
   -7.5000    7.5000   -7.500015365.1924   31.1212
    0.0000    7.5000   -7.500015883.9512   31.1216
    7.5000    7.5000   -7.500014775.2432   31.1099
   -7.5000   15.0000   -7.500014402.4551   31.1284
    0.0000   15.0000   -7.500014871.3447   31.1334
    7.5000   15.0000   -7.500013856.9199   31.1163
   -7.5000   22.5000   -7.500013248.0762   31.0686
    0.0000   22.5000   -7.500013681.8936   31.0633
    7.5000   22.5000   -7.500012744.9473   31.0480
   -7.5000   30.0000   -7.500011878.4648   30.6346
    0.0000   30.0000   -7.500012253.5889   30.6158
    7.5000   30.0000   -7.500011448.5205   30.6041
   -7.5000   37.5000   -7.500010997.0107   30.6303
    0.0000   37.5000   -7.500011350.3535   30.6093
    7.5000   37.5000   -7.500010616.2402   30.6020
   -7.5000   45.0000   -7.5000 9758.7012   29.9472
    0.0000   45.0000   -7.500010079.2422   29.9354
    7.5000   45.0000   -7.5000 9440.5723   29.9303
   -7.5000  -45.0000    0.000012466.2461   31.1579
    0.0000  -45.0000    0.000012900.7412   31.1336
    7.5000  -45.0000    0.000012133.2168   31.1352
   -7.5000  -37.5000    0.000013108.0752   31.2110
    0.0000  -37.5000    0.000013556.7275   31.1946
    7.5000  -37.5000    0.000012733.2441   31.1855
   -7.5000  -30.0000    0.000014028.1348   31.2103
    0.0000  -30.0000    0.000014537.2754   31.2003
    7.5000  -30.0000    0.000013679.8340   31.1826
   -7.5000  -22.5000    0.000014798.4688   31.1502
    0.0000  -22.5000    0.000015363.0645   31.1379
    7.5000  -22.5000    0.000014459.2510   31.1246
   -7.5000  -15.0000    0.000015623.5605   31.0975
    0.0000  -15.0000    0.000016202.8389   31.0768
    7.5000  -15.0000    0.000015215.5879   31.0721
   -7.5000   -7.5000    0.000016490.3203   31.1043
    0.0000   -7.5000    0.000017094.1172   31.0781
    7.5000   -7.5000    0.000015987.3779   31.0797
   -7.5000    0.0000    0.000017117.9102   31.1579
    0.0000    0.0000    0.000017752.9434   31.1336
    7.5000    0.0000    0.000016591.9883   31.1352
   -7.5000    7.5000    0.000016299.3652   31.2110
    0.0000    7.5000    0.000016861.6289   31.1946
    7.5000    7.5000    0.000015755.6035   31.1855
   -7.5000   15.0000    0.000015276.7197   31.2103
    0.0000   15.0000    0.000015755.9307   31.2003
    7.5000   15.0000    0.000014691.7842   31.1826
   -7.5000   22.5000    0.000014089.8945   31.1358
    0.0000   22.5000    0.000014547.7803   31.1236
    7.5000   22.5000    0.000013491.4971   31.1102
   -7.5000   30.0000    0.000012671.3604   30.6950
    0.0000   30.0000    0.000013067.7305   30.6746
    7.5000   30.0000    0.000012151.5029   30.6700
   -7.5000   37.5000    0.000011761.9971   30.7018
    0.0000   37.5000    0.000012127.4951   30.6759
    7.5000   37.5000    0.000011297.5127   30.6775
   -7.5000   45.0000    0.000010390.6387   30.0327
    0.0000   45.0000    0.000010737.8691   30.0092
    7.5000   45.0000    0.000010039.2246   30.0107
   -7.5000  -45.0000    7.500012141.0928   31.1497
    0.0000  -45.0000    7.500012583.7773   31.1301
    7.5000  -45.0000    7.500011870.1006   31.1279
   -7.5000  -37.5000    7.500012858.7383   31.1990
    0.0000  -37.5000    7.500013295.0566   31.1841
    7.5000  -37.5000    7.500012483.9111   31.1677
   -7.5000  -30.0000    7.500013915.5020   31.2159
    0.0000  -30.0000    7.500014382.3740   31.2014
    7.5000  -30.0000    7.500013483.3525   31.1691
   -7.5000  -22.5000    7.500014617.8232   31.1738
    0.0000  -22.5000    7.500015177.3623   31.1548
    7.5000  -22.5000    7.500014301.2656   31.1240
   -7.5000  -15.0000    7.500015313.7617   31.1212
    0.0000  -15.0000    7.500015951.4365   31.0980
    7.5000  -15.0000    7.500015040.4648   31.0806
   -7.5000   -7.5000    7.500016100.8604   31.1140
    0.0000   -7.5000    7.500016766.1230   31.0905
    7.5000   -7.5000    7.500015819.5166   31.0858
   -7.5000    0.0000    7.500016740.9766   31.1497
    0.0000    0.0000    7.500017415.6055   31.1301
    7.5000    0.0000    7.500016360.8643   31.1279
   -7.5000    7.5000    7.500015941.1768   31.1990
    0.0000    7.5000    7.500016546.2168   31.1841
    7.5000    7.5000    7.500015476.9014   31.1677
   -7.5000   15.0000    7.500014955.0518   31.2159
    0.0000   15.0000    7.500015423.2998   31.2014
    7.5000   15.0000    7.500014392.5127   31.1691
   -7.5000   22.5000    7.500013834.8281   31.1594
    0.0000   22.5000    7.500014219.2188   31.1405
    7.5000   22.5000    7.500013191.2393   31.1097
   -7.5000   30.0000    7.500012492.2920   30.7184
    0.0000   30.0000    7.500012829.5586   30.6955
    7.5000   30.0000    7.500011885.7910   30.6783
   -7.5000   37.5000    7.500011607.9521   30.7113
    0.0000   37.5000    7.500011938.6797   30.6881
    7.5000   37.5000    7.500011079.2041   30.6835
   -7.5000   45.0000    7.500010270.3379   30.0247
    0.0000   45.0000    7.500010587.3340   30.0058
    7.5000   45.0000    7.5000 9865.0234   30.0038
   -7.5000  -45.0000   15.000011699.3818   31.1202
    0.0000  -45.0000   15.000012116.2695   31.1159
    7.5000  -45.0000   15.000011460.5840   31.1045
   -7.5000  -37.5000   15.000012444.8506   31.1606
    0.0000  -37.5000   15.000012868.0752   31.1627
    7.5000  -37.5000   15.000012081.8574   31.1393
   -7.5000  -30.0000   15.000013650.0430   31.2027
    0.0000  -30.0000   15.000014072.9287   31.1983
    7.5000  -30.0000   15.000013076.4023   31.1560
   -7.5000  -22.5000   15.000014260.7637   31.1943
    0.0000  -22.5000   15.000014843.8262   31.1770
    7.5000  -22.5000   15.000013952.3193   31.1300
   -7.5000  -15.0000   15.000014814.0811   31.1508
    0.0000  -15.0000   15.000015493.5928   31.1278
    7.5000  -15.0000   15.000014695.7363   31.0920
   -7.5000   -7.5000   15.000015612.1396   31.1187
    0.0000   -7.5000   15.000016272.5273   31.1024
    7.5000   -7.5000   15.000015407.6504   31.0830
   -7.5000    0.0000   15.000016344.3701   31.1202
    0.0000    0.0000   15.000016984.0117   31.1159
    7.5000    0.0000   15.000015931.6133   31.1045
   -7.5000    7.5000   15.000015565.5205   31.1606
    0.0000    7.5000   15.000016105.7334   31.1627
    7.5000    7.5000   15.000015071.7539   31.1393
   -7.5000   15.0000   15.000014556.0605   31.2027
    0.0000   15.0000   15.000014994.4795   31.1983
    7.5000   15.0000   15.000013988.1982   31.1560
   -7.5000   22.5000   15.000013398.4287   31.1799
    0.0000   22.5000   15.000013761.2012   31.1626
    7.5000   22.5000   15.000012802.3486   31.1157
   -7.5000   30.0000   15.000012087.9453   30.7477
    0.0000   30.0000   15.000012411.9395   30.7250
    7.5000   30.0000   15.000011541.5557   30.6896
   -7.5000   37.5000   15.000011299.7061   30.7160
    0.0000   37.5000   15.000011613.2344   30.6999
    7.5000   37.5000   15.000010790.8828   30.6808
   -7.5000   45.0000   15.000010017.1523   29.9963
    0.0000   45.0000   15.000010286.1445   29.9922
    7.5000   45.0000   15.0000 9594.4893   29.9811
   -7.5000  -45.0000   22.500011143.5576   31.1004
    0.0000  -45.0000   22.500011545.9512   31.1069
    7.5000  -45.0000   22.500010945.3223   31.0888
   -7.5000  -37.5000   22.500011856.6992   31.1396
    0.0000  -37.5000   22.500012278.7568   31.1574
    7.5000  -37.5000   22.500011534.3779   31.1320
   -7.5000  -30.0000   22.500012861.2832   31.1890
    0.0000  -30.0000   22.500013284.9658   31.1999
    7.5000  -30.0000   22.500012468.8096   31.1587
   -7.5000  -22.5000   22.500013539.8877   31.1924
    0.0000  -22.5000   22.500014033.2070   31.1834
    7.5000  -22.5000   22.500013292.9697   31.1346
   -7.5000  -15.0000   22.500014295.1338   31.1536
    0.0000  -15.0000   22.500014805.2510   31.1329
    7.5000  -15.0000   22.500014049.4854   31.0890
   -7.5000   -7.5000   22.500015184.5107   31.1108
    0.0000   -7.5000   22.500015646.0645   31.0990
    7.5000   -7.5000   22.500014760.5928   31.0699
   -7.5000    0.0000   22.500015900.7129   31.1004
    0.0000    0.0000   22.500016328.6084   31.1068
    7.5000    0.0000   22.500015291.7451   31.0887
   -7.5000    7.5000   22.500015041.0498   31.1396
    0.0000    7.5000   22.500015458.9385   31.1574
    7.5000    7.5000   22.500014452.8750   31.1320
   -7.5000   15.0000   22.500013932.2939   31.1890
    0.0000   15.0000   22.500014347.1104   31.1999
    7.5000   15.0000   22.500013415.3691   31.1587
   -7.5000   22.5000   22.500012790.5928   31.1780
    0.0000   22.5000   22.500013160.8584   31.1690
    7.5000   22.5000   22.500012317.5615   31.1202
   -7.5000   30.0000   22.500011539.4766   30.7505
    0.0000   30.0000   22.500011891.3506   30.7300
    7.5000   30.0000   22.500011103.4482   30.6867
   -7.5000   37.5000   22.500010761.8330   30.7082
    0.0000   37.5000   22.500011078.2090   30.6965
    7.5000   37.5000   22.500010345.4609   30.6678
   -7.5000   45.0000   22.5000 9569.9902   29.9772
    0.0000   45.0000   22.5000 9827.2539   29.9834
    7.5000   45.0000   22.5000 9201.1709   29.9660
   -7.5000  -45.0000   30.000010481.6084   31.1063
    0.0000  -45.0000   30.000010838.9805   31.1097
    7.5000  -45.0000   30.000010269.1816   31.0940
   -7.5000  -37.5000   30.000011098.8242   31.1511
    0.0000  -37.5000   30.000011505.3281   31.1685
    7.5000  -37.5000   30.000010813.4932   31.1477
   -7.5000  -30.0000   30.000011989.7959   31.1831
    0.0000  -30.0000   30.000012409.4736   31.1989
    7.5000  -30.0000   30.000011672.5127   31.1685
   -7.5000  -22.5000   30.000012795.4043   31.1673
    0.0000  -22.5000   30.000013221.1377   31.1638
    7.5000  -22.5000   30.000012478.0508   31.1292
   -7.5000  -15.0000   30.000013552.1582   31.1264
    0.0000  -15.0000   30.000014016.5215   31.1072
    7.5000  -15.0000   30.000013211.0166   31.0745
   -7.5000   -7.5000   30.000014277.8643   31.0973
    0.0000   -7.5000   30.000014763.6172   31.0832
    7.5000   -7.5000   30.000013907.2520   31.0599
   -7.5000    0.0000   30.000014912.7363   31.1062
    0.0000    0.0000   30.000015377.4727   31.1096
    7.5000    0.0000   30.000014432.8174   31.0940
   -7.5000    7.5000   30.000014102.8574   31.1511
    0.0000    7.5000   30.000014566.9785   31.1685
    7.5000    7.5000   30.000013652.7891   31.1477
   -7.5000   15.0000   30.000013074.8838   31.1831
    0.0000   15.0000   30.000013486.0068   31.1989
    7.5000   15.0000   30.000012649.0684   31.1685
   -7.5000   22.5000   30.000012017.8057   31.1530
    0.0000   22.5000   30.000012384.0527   31.1494
    7.5000   22.5000   30.000011607.8848   31.1149
   -7.5000   30.0000   30.000010830.8076   30.7236
    0.0000   30.0000   30.000011171.1348   30.7046
    7.5000   30.0000   30.000010469.2998   30.6723
   -7.5000   37.5000   30.000010082.2949   30.6948
    0.0000   37.5000   30.000010392.5283   30.6810
    7.5000   37.5000   30.0000 9743.1738   30.6580
   -7.5000   45.0000   30.0000 8981.5898   29.9829
    0.0000   45.0000   30.0000 9244.5215   29.9861
    7.5000   45.0000   30.0000 8682.2129   29.9710
   -7.5000  -45.0000   37.500010215.4688   31.3620
    0.0000  -45.0000   37.500010587.0293   31.3502
    7.5000  -45.0000   37.5000 9945.4629   31.3467
   -7.5000  -37.5000   37.500010754.3369   31.4118
    0.0000  -37.5000   37.500011169.9238   31.4126
    7.5000  -37.5000   37.500010481.2207   31.4029
   -7.5000  -30.0000   37.500011567.9307   31.4187
    0.0000  -30.0000   37.500011977.2100   31.4243
    7.5000  -30.0000   37.500011317.8604   31.4093
   -7.5000  -22.5000   37.500012303.8574   31.3727
    0.0000  -22.5000   37.500012746.2354   31.3682
    7.5000  -22.5000   37.500012069.9756   31.3550
   -7.5000  -15.0000   37.500013000.6113   31.3267
    0.0000  -15.0000   37.500013467.4238   31.3083
    7.5000  -15.0000   37.500012766.0674   31.2986
   -7.5000   -7.5000   37.500013650.3447   31.3227
    0.0000   -7.5000   37.500014136.9043   31.3019
    7.5000   -7.5000   37.500013432.9209   31.2965
   -7.5000    0.0000   37.500014263.8867   31.3620
    0.0000    0.0000   37.500014750.2129   31.3501
    7.5000    0.0000   37.500013982.1572   31.3467
   -7.5000    7.5000   37.500013580.9277   31.4118
    0.0000    7.5000   37.500014043.2939   31.4126
    7.5000    7.5000   37.500013295.0127   31.4029
   -7.5000   15.0000   37.500012650.4043   31.4187
    0.0000   15.0000   37.500013061.1953   31.4243
    7.5000   15.0000   37.500012338.7471   31.4093
   -7.5000   22.5000   37.500011629.4795   31.3582
    0.0000   22.5000   37.500011988.5654   31.3537
    7.5000   22.5000   37.500011279.1309   31.3405
   -7.5000   30.0000   37.500010463.8125   30.9213
    0.0000   30.0000   37.500010789.9473   30.9031
    7.5000   30.0000   37.500010136.0674   30.8936
   -7.5000   37.5000   37.5000 9713.1748   30.9173
    0.0000   37.5000   37.500010008.5420   30.8968
    7.5000   37.5000   37.5000 9391.9092   30.8915
   -7.5000   45.0000   37.5000 8638.2666   30.2294
    0.0000   45.0000   37.5000 8887.1836   30.2179
    7.5000   45.0000   37.5000 8362.4512   30.2146
   -7.5000  -45.0000   45.0000 9410.3789   31.5473
    0.0000  -45.0000   45.0000 9753.7373   31.5242
    7.5000  -45.0000   45.0000 9157.4355   31.5276
   -7.5000  -37.5000   45.0000 9860.7041   31.6002
    0.0000  -37.5000   45.000010213.1348   31.5854
    7.5000  -37.5000   45.0000 9609.7461   31.5777
   -7.5000  -30.0000   45.000010573.1836   31.5959
    0.0000  -30.0000   45.000010959.7891   31.5880
    7.5000  -30.0000   45.000010362.3418   31.5721
   -7.5000  -22.5000   45.000011223.5596   31.5322
    0.0000  -22.5000   45.000011637.1084   31.5221
    7.5000  -22.5000   45.000011043.5527   31.5112
   -7.5000  -15.0000   45.000011821.5859   31.4791
    0.0000  -15.0000   45.000012259.3682   31.4602
    7.5000  -15.0000   45.000011656.3271   31.4586
   -7.5000   -7.5000   45.000012392.4082   31.4897
    0.0000   -7.5000   45.000012854.6885   31.4649
    7.5000   -7.5000   45.000012246.4072   31.4691
   -7.5000    0.0000   45.000012984.6982   31.5473
    0.0000    0.0000   45.000013439.4014   31.5242
    7.5000    0.0000   45.000012807.2451   31.5276
   -7.5000    7.5000   45.000012442.2266   31.6002
    0.0000    7.5000   45.000012883.1748   31.5854
    7.5000    7.5000   45.000012256.3535   31.5777
   -7.5000   15.0000   45.000011601.1172   31.5959
    0.0000   15.0000   45.000012001.2617   31.5880
    7.5000   15.0000   45.000011401.6035   31.5721
   -7.5000   22.5000   45.000010644.5225   31.5176
    0.0000   22.5000   45.000010996.7930   31.5074
    7.5000   22.5000   45.000010414.8232   31.4966
   -7.5000   30.0000   45.0000 9589.3877   31.0690
    0.0000   30.0000   45.0000 9903.5596   31.0504
    7.5000   30.0000   45.0000 9335.1514   31.0487
   -7.5000   37.5000   45.0000 8911.0098   31.0795
    0.0000   37.5000   45.0000 9195.5234   31.0550
    7.5000   37.5000   45.0000 8649.2227   31.0592
   -7.5000   45.0000   45.0000 7935.0664   30.4217
    0.0000   45.0000   45.0000 8166.0894   30.3995
    7.5000   45.0000   45.0000 7696.4033   30.4027

---------------------------------------------------------------------
imgreg_4dfp /opt/freesurfer/average/711-2C_as_mni_average_305 /opt/freesurfer/average/711-2B_as_mni_average_305_mask talsrcimg_g11 none talsrcimg_to_711-2C_as_mni_average_305_t4 4355
---------------------------------------------------------------------

freesurfer imgreg_4dfp.c
/opt/freesurfer/average/711-2C_as_mni_average_305.4dfp.img
       256       256       256         1
  1.000000  1.000000  1.000000
orientation T byte_order littleendian
Reading image: /opt/freesurfer/average/711-2C_as_mni_average_305.4dfp.img
dimensions:      256       256       256
mmppix:       1.0000   -1.0000   -1.0000
center:     128.0000 -129.0000 -129.0000
/opt/freesurfer/average/711-2B_as_mni_average_305_mask.4dfp.img
       256       256       256         1
  1.000000  1.000000  1.000000
orientation T byte_order littleendian
Reading mask: /opt/freesurfer/average/711-2B_as_mni_average_305_mask.4dfp.img (2306576 pixels)
talsrcimg_g11.4dfp.img
       256       256       256         1
  1.000000  1.000000  1.000000
orientation T byte_order littleendian
Reading image: talsrcimg_g11.4dfp.img
dimensions:      256       256       256
mmppix:       1.0000   -1.0000   -1.0000
center:     128.0000 -129.0000 -129.0000
rotation matrix determinant  1.000000
image alignment mode   4355 decimal     1103 hex
   -7.5000  -45.0000  -45.0000 2120.8838   31.9199
    0.0000  -45.0000  -45.0000 2124.0859   31.9388
    7.5000  -45.0000  -45.0000 2107.3384   32.4462
   -7.5000  -37.5000  -45.0000 2189.4565   29.9294
    0.0000  -37.5000  -45.0000 2194.8369   29.9856
    7.5000  -37.5000  -45.0000 2174.3979   30.4525
   -7.5000  -30.0000  -45.0000 2225.3582   28.5783
    0.0000  -30.0000  -45.0000 2231.3779   28.6043
    7.5000  -30.0000  -45.0000 2209.8020   29.0845
   -7.5000  -22.5000  -45.0000 2243.0144   27.9193
    0.0000  -22.5000  -45.0000 2246.9055   27.9137
    7.5000  -22.5000  -45.0000 2226.5930   28.4177
   -7.5000  -15.0000  -45.0000 2245.6709   27.7518
    0.0000  -15.0000  -45.0000 2246.6230   27.8055
    7.5000  -15.0000  -45.0000 2222.7581   28.3800
   -7.5000   -7.5000  -45.0000 2237.3062   28.3585
    0.0000   -7.5000  -45.0000 2233.7415   28.3936
    7.5000   -7.5000  -45.0000 2204.8203   29.0397
   -7.5000    0.0000  -45.0000 2195.2700   29.6364
    0.0000    0.0000  -45.0000 2195.8508   29.6354
    7.5000    0.0000  -45.0000 2167.9563   30.3012
   -7.5000    7.5000  -45.0000 2145.9265   31.3213
    0.0000    7.5000  -45.0000 2143.2166   31.3376
    7.5000    7.5000  -45.0000 2115.1138   31.9235
   -7.5000   15.0000  -45.0000 2072.8567   33.4664
    0.0000   15.0000  -45.0000 2072.0686   33.5276
    7.5000   15.0000  -45.0000 2039.2374   34.1505
   -7.5000   22.5000  -45.0000 1988.7128   36.3908
    0.0000   22.5000  -45.0000 1986.2059   36.5509
    7.5000   22.5000  -45.0000 1959.0184   37.0855
   -7.5000   30.0000  -45.0000 1885.4124   40.1832
    0.0000   30.0000  -45.0000 1882.8032   40.3794
    7.5000   30.0000  -45.0000 1852.5015   41.1545
   -7.5000   37.5000  -45.0000 1777.0073   45.8038
    0.0000   37.5000  -45.0000 1770.5714   45.9367
    7.5000   37.5000  -45.0000 1748.7311   46.5650
   -7.5000   45.0000  -45.0000 1662.7153   53.6370
    0.0000   45.0000  -45.0000 1656.8384   53.8221
    7.5000   45.0000  -45.0000 1631.4026   54.5900
   -7.5000  -45.0000  -37.5000 2214.2100   29.5682
    0.0000  -45.0000  -37.5000 2219.3420   29.6113
    7.5000  -45.0000  -37.5000 2196.4631   30.0286
   -7.5000  -37.5000  -37.5000 2288.1470   27.7641
    0.0000  -37.5000  -37.5000 2287.9021   27.7432
    7.5000  -37.5000  -37.5000 2267.6655   28.1565
   -7.5000  -30.0000  -37.5000 2325.2559   26.5381
    0.0000  -30.0000  -37.5000 2330.2620   26.5234
    7.5000  -30.0000  -37.5000 2303.3154   26.8706
   -7.5000  -22.5000  -37.5000 2342.1211   25.9047
    0.0000  -22.5000  -37.5000 2347.2222   25.9201
    7.5000  -22.5000  -37.5000 2322.2988   26.3249
   -7.5000  -15.0000  -37.5000 2343.8647   25.8006
    0.0000  -15.0000  -37.5000 2347.2112   25.8169
    7.5000  -15.0000  -37.5000 2320.4360   26.3034
   -7.5000   -7.5000  -37.5000 2329.9648   26.2304
    0.0000   -7.5000  -37.5000 2328.3120   26.2540
    7.5000   -7.5000  -37.5000 2300.6201   26.7797
   -7.5000    0.0000  -37.5000 2292.7092   27.2363
    0.0000    0.0000  -37.5000 2293.2595   27.2218
    7.5000    0.0000  -37.5000 2260.2415   27.7690
   -7.5000    7.5000  -37.5000 2244.2366   28.6967
    0.0000    7.5000  -37.5000 2243.7139   28.7296
    7.5000    7.5000  -37.5000 2210.4502   29.2775
   -7.5000   15.0000  -37.5000 2168.8760   30.7578
    0.0000   15.0000  -37.5000 2168.1570   30.7916
    7.5000   15.0000  -37.5000 2136.9514   31.4271
   -7.5000   22.5000  -37.5000 2080.8513   33.4078
    0.0000   22.5000  -37.5000 2078.1287   33.4544
    7.5000   22.5000  -37.5000 2047.1406   34.1488
   -7.5000   30.0000  -37.5000 1968.8348   36.9628
    0.0000   30.0000  -37.5000 1970.8510   36.9481
    7.5000   30.0000  -37.5000 1936.3981   37.7478
   -7.5000   37.5000  -37.5000 1852.9934   41.8575
    0.0000   37.5000  -37.5000 1845.5232   41.9603
    7.5000   37.5000  -37.5000 1822.2231   42.7164
   -7.5000   45.0000  -37.5000 1729.4572   48.6803
    0.0000   45.0000  -37.5000 1721.3861   48.7868
    7.5000   45.0000  -37.5000 1697.9977   49.6810
   -7.5000  -45.0000  -30.0000 2346.0403   28.3035
    0.0000  -45.0000  -30.0000 2349.5918   28.3426
    7.5000  -45.0000  -30.0000 2321.6738   28.7258
   -7.5000  -37.5000  -30.0000 2433.0635   26.5601
    0.0000  -37.5000  -30.0000 2433.1094   26.5568
    7.5000  -37.5000  -30.0000 2400.2947   26.8472
   -7.5000  -30.0000  -30.0000 2468.6421   25.3806
    0.0000  -30.0000  -30.0000 2472.5720   25.3853
    7.5000  -30.0000  -30.0000 2438.0845   25.6638
   -7.5000  -22.5000  -30.0000 2485.3123   24.7730
    0.0000  -22.5000  -30.0000 2489.9128   24.7402
    7.5000  -22.5000  -30.0000 2459.1187   25.1025
   -7.5000  -15.0000  -30.0000 2488.6294   24.6765
    0.0000  -15.0000  -30.0000 2492.7739   24.6429
    7.5000  -15.0000  -30.0000 2466.7065   25.0347
   -7.5000   -7.5000  -30.0000 2472.8508   25.0350
    0.0000   -7.5000  -30.0000 2474.6233   25.0633
    7.5000   -7.5000  -30.0000 2446.0212   25.5315
   -7.5000    0.0000  -30.0000 2442.8530   25.8886
    0.0000    0.0000  -30.0000 2440.1113   25.8731
    7.5000    0.0000  -30.0000 2409.5398   26.4524
   -7.5000    7.5000  -30.0000 2395.4036   27.3033
    0.0000    7.5000  -30.0000 2393.3330   27.2883
    7.5000    7.5000  -30.0000 2357.9763   27.8656
   -7.5000   15.0000  -30.0000 2309.9927   29.3241
    0.0000   15.0000  -30.0000 2313.1985   29.2990
    7.5000   15.0000  -30.0000 2278.9614   29.8397
   -7.5000   22.5000  -30.0000 2209.3167   31.8635
    0.0000   22.5000  -30.0000 2208.9822   31.9497
    7.5000   22.5000  -30.0000 2174.0740   32.4667
   -7.5000   30.0000  -30.0000 2094.1885   35.2001
    0.0000   30.0000  -30.0000 2093.5422   35.2636
    7.5000   30.0000  -30.0000 2055.9021   35.8921
   -7.5000   37.5000  -30.0000 1966.6044   39.7154
    0.0000   37.5000  -30.0000 1970.6196   39.8666
    7.5000   37.5000  -30.0000 1939.9902   40.5508
   -7.5000   45.0000  -30.0000 1830.9674   45.8467
    0.0000   45.0000  -30.0000 1825.7139   46.1117
    7.5000   45.0000  -30.0000 1801.6697   47.1277
   -7.5000  -45.0000  -22.5000 2444.3787   26.9059
    0.0000  -45.0000  -22.5000 2448.2268   26.9465
    7.5000  -45.0000  -22.5000 2418.3354   27.2621
   -7.5000  -37.5000  -22.5000 2533.9238   25.1083
    0.0000  -37.5000  -22.5000 2534.8545   25.1739
    7.5000  -37.5000  -22.5000 2497.0542   25.4287
   -7.5000  -30.0000  -22.5000 2580.3289   23.9753
    0.0000  -30.0000  -22.5000 2589.5659   24.0354
    7.5000  -30.0000  -22.5000 2554.4038   24.3156
   -7.5000  -22.5000  -22.5000 2612.6289   23.3840
    0.0000  -22.5000  -22.5000 2620.8730   23.3929
    7.5000  -22.5000  -22.5000 2588.5718   23.7532
   -7.5000  -15.0000  -22.5000 2627.7649   23.3327
    0.0000  -15.0000  -22.5000 2628.9932   23.3438
    7.5000  -15.0000  -22.5000 2599.6477   23.7187
   -7.5000   -7.5000  -22.5000 2612.4331   23.7459
    0.0000   -7.5000  -22.5000 2616.8008   23.7534
    7.5000   -7.5000  -22.5000 2580.8225   24.1107
   -7.5000    0.0000  -22.5000 2574.9509   24.5128
    0.0000    0.0000  -22.5000 2576.5950   24.5072
    7.5000    0.0000  -22.5000 2534.9675   24.9086
   -7.5000    7.5000  -22.5000 2520.7124   25.8162
    0.0000    7.5000  -22.5000 2522.0747   25.8178
    7.5000    7.5000  -22.5000 2474.4583   26.2993
   -7.5000   15.0000  -22.5000 2435.1255   27.6900
    0.0000   15.0000  -22.5000 2437.5444   27.7399
    7.5000   15.0000  -22.5000 2393.8079   28.2123
   -7.5000   22.5000  -22.5000 2322.2397   30.0825
    0.0000   22.5000  -22.5000 2325.6587   30.1323
    7.5000   22.5000  -22.5000 2285.5652   30.6273
   -7.5000   30.0000  -22.5000 2190.0718   33.2078
    0.0000   30.0000  -22.5000 2195.0261   33.2896
    7.5000   30.0000  -22.5000 2160.1711   33.7984
   -7.5000   37.5000  -22.5000 2061.9155   37.3546
    0.0000   37.5000  -22.5000 2065.4128   37.5359
    7.5000   37.5000  -22.5000 2028.2583   38.1587
   -7.5000   45.0000  -22.5000 1910.0519   43.0008
    0.0000   45.0000  -22.5000 1909.6929   43.3310
    7.5000   45.0000  -22.5000 1884.5492   44.0758
   -7.5000  -45.0000  -15.0000 2510.8818   25.6830
    0.0000  -45.0000  -15.0000 2510.0251   25.5711
    7.5000  -45.0000  -15.0000 2470.8833   25.8743
   -7.5000  -37.5000  -15.0000 2603.8867   23.8682
    0.0000  -37.5000  -15.0000 2604.0881   23.8433
    7.5000  -37.5000  -15.0000 2561.5718   24.1056
   -7.5000  -30.0000  -15.0000 2662.8992   22.6901
    0.0000  -30.0000  -15.0000 2669.0371   22.7152
    7.5000  -30.0000  -15.0000 2630.4875   23.0046
   -7.5000  -22.5000  -15.0000 2706.1250   22.0458
    0.0000  -22.5000  -15.0000 2713.8928   22.1020
    7.5000  -22.5000  -15.0000 2682.8989   22.4574
   -7.5000  -15.0000  -15.0000 2735.9463   22.0273
    0.0000  -15.0000  -15.0000 2735.7290   22.0413
    7.5000  -15.0000  -15.0000 2696.6687   22.3187
   -7.5000   -7.5000  -15.0000 2717.0027   22.4385
    0.0000   -7.5000  -15.0000 2721.8999   22.4617
    7.5000   -7.5000  -15.0000 2676.5435   22.7340
   -7.5000    0.0000  -15.0000 2681.6726   23.2219
    0.0000    0.0000  -15.0000 2683.7437   23.2361
    7.5000    0.0000  -15.0000 2637.0945   23.6053
   -7.5000    7.5000  -15.0000 2618.9836   24.4502
    0.0000    7.5000  -15.0000 2622.2134   24.4474
    7.5000    7.5000  -15.0000 2573.9160   24.9268
   -7.5000   15.0000  -15.0000 2525.8435   26.1444
    0.0000   15.0000  -15.0000 2523.3530   26.1651
    7.5000   15.0000  -15.0000 2483.4524   26.7025
   -7.5000   22.5000  -15.0000 2411.6350   28.3898
    0.0000   22.5000  -15.0000 2409.1062   28.3684
    7.5000   22.5000  -15.0000 2374.1355   28.9529
   -7.5000   30.0000  -15.0000 2267.2544   31.3575
    0.0000   30.0000  -15.0000 2267.9448   31.3024
    7.5000   30.0000  -15.0000 2239.8821   31.9453
   -7.5000   37.5000  -15.0000 2125.9172   35.3000
    0.0000   37.5000  -15.0000 2125.7095   35.2873
    7.5000   37.5000  -15.0000 2094.6379   36.0717
   -7.5000   45.0000  -15.0000 1973.3973   40.6526
    0.0000   45.0000  -15.0000 1969.4573   40.7039
    7.5000   45.0000  -15.0000 1942.5770   41.5575
   -7.5000  -45.0000   -7.5000 2540.4187   24.5273
    0.0000  -45.0000   -7.5000 2549.4072   24.4127
    7.5000  -45.0000   -7.5000 2516.1877   24.8467
   -7.5000  -37.5000   -7.5000 2649.8447   22.7880
    0.0000  -37.5000   -7.5000 2654.5825   22.7088
    7.5000  -37.5000   -7.5000 2618.3599   23.0817
   -7.5000  -30.0000   -7.5000 2725.0237   21.5137
    0.0000  -30.0000   -7.5000 2728.3154   21.4947
    7.5000  -30.0000   -7.5000 2694.8635   21.8944
   -7.5000  -22.5000   -7.5000 2773.0781   20.8208
    0.0000  -22.5000   -7.5000 2778.0669   20.8757
    7.5000  -22.5000   -7.5000 2746.3159   21.2343
   -7.5000  -15.0000   -7.5000 2805.1274   20.7401
    0.0000  -15.0000   -7.5000 2808.8313   20.7643
    7.5000  -15.0000   -7.5000 2768.6094   21.0988
   -7.5000   -7.5000   -7.5000 2801.0750   21.1898
    0.0000   -7.5000   -7.5000 2804.3811   21.2028
    7.5000   -7.5000   -7.5000 2752.2295   21.5220
   -7.5000    0.0000   -7.5000 2760.6401   22.0307
    0.0000    0.0000   -7.5000 2764.7358   22.0260
    7.5000    0.0000   -7.5000 2718.6338   22.4112
   -7.5000    7.5000   -7.5000 2692.5632   23.1900
    0.0000    7.5000   -7.5000 2693.9971   23.2422
    7.5000    7.5000   -7.5000 2650.8250   23.7088
   -7.5000   15.0000   -7.5000 2593.7297   24.7710
    0.0000   15.0000   -7.5000 2596.9641   24.7976
    7.5000   15.0000   -7.5000 2556.2734   25.3166
   -7.5000   22.5000   -7.5000 2477.8689   26.9111
    0.0000   22.5000   -7.5000 2477.4595   26.9068
    7.5000   22.5000   -7.5000 2437.5117   27.4647
   -7.5000   30.0000   -7.5000 2330.3918   29.8602
    0.0000   30.0000   -7.5000 2326.0918   29.8286
    7.5000   30.0000   -7.5000 2292.5100   30.4396
   -7.5000   37.5000   -7.5000 2172.6619   33.6582
    0.0000   37.5000   -7.5000 2170.7854   33.6117
    7.5000   37.5000   -7.5000 2141.0037   34.2975
   -7.5000   45.0000   -7.5000 2014.0314   38.6785
    0.0000   45.0000   -7.5000 2012.0662   38.6562
    7.5000   45.0000   -7.5000 1985.6344   39.4766
   -7.5000  -45.0000    0.0000 2556.4321   23.6599
    0.0000  -45.0000    0.0000 2567.0156   23.5948
    7.5000  -45.0000    0.0000 2542.3984   24.2122
   -7.5000  -37.5000    0.0000 2679.3816   21.9828
    0.0000  -37.5000    0.0000 2689.2258   21.9150
    7.5000  -37.5000    0.0000 2657.4968   22.4777
   -7.5000  -30.0000    0.0000 2774.4172   20.6751
    0.0000  -30.0000    0.0000 2782.4573   20.6789
    7.5000  -30.0000    0.0000 2744.1453   21.2299
   -7.5000  -22.5000    0.0000 2830.1799   19.8180
    0.0000  -22.5000    0.0000 2836.1948   19.8908
    7.5000  -22.5000    0.0000 2797.8638   20.4222
   -7.5000  -15.0000    0.0000 2866.4109   19.6742
    0.0000  -15.0000    0.0000 2876.2170   19.7302
    7.5000  -15.0000    0.0000 2828.4082   20.2022
   -7.5000   -7.5000    0.0000 2872.0063   20.1157
    0.0000   -7.5000    0.0000 2875.7097   20.1515
    7.5000   -7.5000    0.0000 2822.1604   20.6248
   -7.5000    0.0000    0.0000 2823.4490   20.9389
    0.0000    0.0000    0.0000 2826.9392   20.9921
    7.5000    0.0000    0.0000 2783.3484   21.4564
   -7.5000    7.5000    0.0000 2743.8262   22.1060
    0.0000    7.5000    0.0000 2749.3801   22.1242
    7.5000    7.5000    0.0000 2709.1304   22.6829
   -7.5000   15.0000    0.0000 2635.8376   23.7116
    0.0000   15.0000    0.0000 2642.5667   23.7542
    7.5000   15.0000    0.0000 2596.8779   24.3768
   -7.5000   22.5000    0.0000 2512.9272   25.8729
    0.0000   22.5000    0.0000 2518.9514   25.9684
    7.5000   22.5000    0.0000 2472.8701   26.5791
   -7.5000   30.0000    0.0000 2367.0386   28.7030
    0.0000   30.0000    0.0000 2370.3123   28.8001
    7.5000   30.0000    0.0000 2331.2524   29.4767
   -7.5000   37.5000    0.0000 2214.3501   32.3422
    0.0000   37.5000    0.0000 2213.4502   32.4594
    7.5000   37.5000    0.0000 2176.4133   33.1804
   -7.5000   45.0000    0.0000 2045.6006   37.2386
    0.0000   45.0000    0.0000 2045.2319   37.3479
    7.5000   45.0000    0.0000 2009.3466   38.0694
   -7.5000  -45.0000    7.5000 2559.4094   23.1485
    0.0000  -45.0000    7.5000 2572.0249   23.0573
    7.5000  -45.0000    7.5000 2551.9434   23.8790
   -7.5000  -37.5000    7.5000 2681.8469   21.4760
    0.0000  -37.5000    7.5000 2699.2566   21.4340
    7.5000  -37.5000    7.5000 2674.1382   22.1349
   -7.5000  -30.0000    7.5000 2799.9028   20.2878
    0.0000  -30.0000    7.5000 2812.8674   20.2103
    7.5000  -30.0000    7.5000 2767.9768   20.8178
   -7.5000  -22.5000    7.5000 2872.8257   19.2055
    0.0000  -22.5000    7.5000 2889.0918   19.3162
    7.5000  -22.5000    7.5000 2832.0701   19.9847
   -7.5000  -15.0000    7.5000 2924.1128   18.8706
    0.0000  -15.0000    7.5000 2936.9949   18.9587
    7.5000  -15.0000    7.5000 2872.8528   19.6607
   -7.5000   -7.5000    7.5000 2923.3708   19.2545
    0.0000   -7.5000    7.5000 2937.0513   19.3275
    7.5000   -7.5000    7.5000 2874.1641   19.9829
   -7.5000    0.0000    7.5000 2868.0530   20.1146
    0.0000    0.0000    7.5000 2871.9431   20.2167
    7.5000    0.0000    7.5000 2821.2705   20.8213
   -7.5000    7.5000    7.5000 2779.1836   21.3837
    0.0000    7.5000    7.5000 2784.4014   21.4922
    7.5000    7.5000    7.5000 2739.8174   22.0508
   -7.5000   15.0000    7.5000 2667.1509   23.0858
    0.0000   15.0000    7.5000 2668.2517   23.1918
    7.5000   15.0000    7.5000 2629.2883   23.7241
   -7.5000   22.5000    7.5000 2539.1875   25.2763
    0.0000   22.5000    7.5000 2538.4453   25.3541
    7.5000   22.5000    7.5000 2500.1887   25.9560
   -7.5000   30.0000    7.5000 2395.6299   28.0669
    0.0000   30.0000    7.5000 2390.7156   28.1567
    7.5000   30.0000    7.5000 2353.7363   28.8054
   -7.5000   37.5000    7.5000 2236.4802   31.6492
    0.0000   37.5000    7.5000 2232.5862   31.7650
    7.5000   37.5000    7.5000 2195.8884   32.4870
   -7.5000   45.0000    7.5000 2066.9976   36.3840
    0.0000   45.0000    7.5000 2067.2295   36.4565
    7.5000   45.0000    7.5000 2031.9856   37.2649
   -7.5000  -45.0000   15.0000 2549.1504   23.0864
    0.0000  -45.0000   15.0000 2557.2407   22.9863
    7.5000  -45.0000   15.0000 2541.1582   23.9416
   -7.5000  -37.5000   15.0000 2675.4333   21.3813
    0.0000  -37.5000   15.0000 2687.7983   21.2710
    7.5000  -37.5000   15.0000 2668.6809   22.0971
   -7.5000  -30.0000   15.0000 2795.6033   20.1587
    0.0000  -30.0000   15.0000 2808.4905   20.0630
    7.5000  -30.0000   15.0000 2767.3662   20.7398
   -7.5000  -22.5000   15.0000 2889.3291   19.1432
    0.0000  -22.5000   15.0000 2902.7913   19.1094
    7.5000  -22.5000   15.0000 2846.0391   19.8156
   -7.5000  -15.0000   15.0000 2942.4446   18.5184
    0.0000  -15.0000   15.0000 2957.7993   18.6672
    7.5000  -15.0000   15.0000 2883.9946   19.4837
   -7.5000   -7.5000   15.0000 2956.9062   18.8788
    0.0000   -7.5000   15.0000 2961.3486   19.0173
    7.5000   -7.5000   15.0000 2886.8667   19.7850
   -7.5000    0.0000   15.0000 2893.4031   19.9364
    0.0000    0.0000   15.0000 2895.0837   20.0310
    7.5000    0.0000   15.0000 2831.1973   20.5985
   -7.5000    7.5000   15.0000 2794.5979   21.2119
    0.0000    7.5000   15.0000 2795.4839   21.2331
    7.5000    7.5000   15.0000 2751.5562   21.7770
   -7.5000   15.0000   15.0000 2679.5159   22.9283
    0.0000   15.0000   15.0000 2682.2275   22.9270
    7.5000   15.0000   15.0000 2642.0862   23.4663
   -7.5000   22.5000   15.0000 2554.6145   25.1484
    0.0000   22.5000   15.0000 2551.2817   25.1761
    7.5000   22.5000   15.0000 2511.3247   25.7234
   -7.5000   30.0000   15.0000 2406.3022   27.9881
    0.0000   30.0000   15.0000 2401.1030   28.0437
    7.5000   30.0000   15.0000 2364.7761   28.6477
   -7.5000   37.5000   15.0000 2244.9072   31.5219
    0.0000   37.5000   15.0000 2243.3669   31.5706
    7.5000   37.5000   15.0000 2210.3218   32.3486
   -7.5000   45.0000   15.0000 2075.5142   36.1539
    0.0000   45.0000   15.0000 2072.5564   36.1868
    7.5000   45.0000   15.0000 2044.2687   36.9633
   -7.5000  -45.0000   22.5000 2525.7122   23.3001
    0.0000  -45.0000   22.5000 2533.8557   23.1836
    7.5000  -45.0000   22.5000 2521.2561   24.1978
   -7.5000  -37.5000   22.5000 2649.6592   21.6490
    0.0000  -37.5000   22.5000 2663.8635   21.5257
    7.5000  -37.5000   22.5000 2648.1841   22.4286
   -7.5000  -30.0000   22.5000 2761.3047   20.4140
    0.0000  -30.0000   22.5000 2774.3333   20.2945
    7.5000  -30.0000   22.5000 2749.7844   21.0945
   -7.5000  -22.5000   22.5000 2861.2808   19.3971
    0.0000  -22.5000   22.5000 2870.5637   19.3622
    7.5000  -22.5000   22.5000 2828.4258   20.1633
   -7.5000  -15.0000   22.5000 2929.9834   18.9513
    0.0000  -15.0000   22.5000 2927.4390   18.9143
    7.5000  -15.0000   22.5000 2869.4929   19.7599
   -7.5000   -7.5000   22.5000 2948.8225   19.2921
    0.0000   -7.5000   22.5000 2944.0042   19.2588
    7.5000   -7.5000   22.5000 2870.7708   19.9153
   -7.5000    0.0000   22.5000 2881.5942   20.2533
    0.0000    0.0000   22.5000 2880.3752   20.2283
    7.5000    0.0000   22.5000 2814.9373   20.7303
   -7.5000    7.5000   22.5000 2781.9541   21.5243
    0.0000    7.5000   22.5000 2783.1868   21.5197
    7.5000    7.5000   22.5000 2736.7661   22.0300
   -7.5000   15.0000   22.5000 2665.3950   23.1857
    0.0000   15.0000   22.5000 2669.8037   23.2014
    7.5000   15.0000   22.5000 2631.6926   23.7355
   -7.5000   22.5000   22.5000 2546.6392   25.3960
    0.0000   22.5000   22.5000 2546.5833   25.4563
    7.5000   22.5000   22.5000 2507.8027   25.9243
   -7.5000   30.0000   22.5000 2401.8081   28.2041
    0.0000   30.0000   22.5000 2402.9072   28.2381
    7.5000   30.0000   22.5000 2364.6943   28.7334
   -7.5000   37.5000   22.5000 2240.9805   31.6930
    0.0000   37.5000   22.5000 2240.4719   31.7321
    7.5000   37.5000   22.5000 2205.3645   32.3495
   -7.5000   45.0000   22.5000 2067.7598   36.1736
    0.0000   45.0000   22.5000 2066.8823   36.2696
    7.5000   45.0000   22.5000 2045.6277   37.0284
   -7.5000  -45.0000   30.0000 2496.7415   24.0021
    0.0000  -45.0000   30.0000 2501.2847   23.8960
    7.5000  -45.0000   30.0000 2491.0833   24.8395
   -7.5000  -37.5000   30.0000 2618.6519   22.3877
    0.0000  -37.5000   30.0000 2630.0386   22.3154
    7.5000  -37.5000   30.0000 2613.9683   23.1118
   -7.5000  -30.0000   30.0000 2720.1948   21.1566
    0.0000  -30.0000   30.0000 2734.5100   21.1428
    7.5000  -30.0000   30.0000 2709.6357   21.8654
   -7.5000  -22.5000   30.0000 2813.1372   20.1880
    0.0000  -22.5000   30.0000 2822.6760   20.1564
    7.5000  -22.5000   30.0000 2784.8521   20.9498
   -7.5000  -15.0000   30.0000 2871.6125   19.8262
    0.0000  -15.0000   30.0000 2883.2646   19.7747
    7.5000  -15.0000   30.0000 2826.1567   20.4557
   -7.5000   -7.5000   30.0000 2889.7607   20.0758
    0.0000   -7.5000   30.0000 2895.7949   20.0211
    7.5000   -7.5000   30.0000 2831.4902   20.5397
   -7.5000    0.0000   30.0000 2843.6704   20.9220
    0.0000    0.0000   30.0000 2843.2463   20.9231
    7.5000    0.0000   30.0000 2777.7222   21.3611
   -7.5000    7.5000   30.0000 2744.1099   22.2491
    0.0000    7.5000   30.0000 2746.8750   22.2494
    7.5000    7.5000   30.0000 2697.3967   22.6903
   -7.5000   15.0000   30.0000 2632.4033   23.8814
    0.0000   15.0000   30.0000 2636.1675   23.8504
    7.5000   15.0000   30.0000 2598.7117   24.3714
   -7.5000   22.5000   30.0000 2517.3008   25.9134
    0.0000   22.5000   30.0000 2519.2888   25.9209
    7.5000   22.5000   30.0000 2481.4734   26.4474
   -7.5000   30.0000   30.0000 2370.7158   28.6401
    0.0000   30.0000   30.0000 2372.8413   28.5953
    7.5000   30.0000   30.0000 2341.8374   29.1690
   -7.5000   37.5000   30.0000 2217.6470   32.1676
    0.0000   37.5000   30.0000 2218.7441   32.1655
    7.5000   37.5000   30.0000 2189.2681   32.7712
   -7.5000   45.0000   30.0000 2055.7200   36.6661
    0.0000   45.0000   30.0000 2053.9578   36.7605
    7.5000   45.0000   30.0000 2030.1630   37.4855
   -7.5000  -45.0000   37.5000 2472.2776   25.1924
    0.0000  -45.0000   37.5000 2477.4507   25.1660
    7.5000  -45.0000   37.5000 2455.4709   26.0151
   -7.5000  -37.5000   37.5000 2589.2061   23.5709
    0.0000  -37.5000   37.5000 2597.3474   23.5799
    7.5000  -37.5000   37.5000 2573.1531   24.2931
   -7.5000  -30.0000   37.5000 2682.6394   22.1214
    0.0000  -30.0000   37.5000 2688.0139   22.1091
    7.5000  -30.0000   37.5000 2663.1157   22.9564
   -7.5000  -22.5000   37.5000 2761.0952   21.1613
    0.0000  -22.5000   37.5000 2766.9897   21.1449
    7.5000  -22.5000   37.5000 2731.5125   21.9718
   -7.5000  -15.0000   37.5000 2804.3167   20.8431
    0.0000  -15.0000   37.5000 2814.5859   20.7971
    7.5000  -15.0000   37.5000 2778.1187   21.5037
   -7.5000   -7.5000   37.5000 2815.1699   21.0473
    0.0000   -7.5000   37.5000 2820.4749   20.9877
    7.5000   -7.5000   37.5000 2784.9817   21.5849
   -7.5000    0.0000   37.5000 2775.1501   21.8665
    0.0000    0.0000   37.5000 2777.9829   21.8664
    7.5000    0.0000   37.5000 2728.4312   22.3760
   -7.5000    7.5000   37.5000 2692.3455   23.2644
    0.0000    7.5000   37.5000 2693.7324   23.2713
    7.5000    7.5000   37.5000 2651.5754   23.6839
   -7.5000   15.0000   37.5000 2590.1082   24.9130
    0.0000   15.0000   37.5000 2592.1899   24.9010
    7.5000   15.0000   37.5000 2559.5811   25.3118
   -7.5000   22.5000   37.5000 2474.6025   26.9507
    0.0000   22.5000   37.5000 2480.7588   26.9361
    7.5000   22.5000   37.5000 2447.9419   27.3684
   -7.5000   30.0000   37.5000 2329.7373   29.4874
    0.0000   30.0000   37.5000 2336.0088   29.4617
    7.5000   30.0000   37.5000 2309.7444   29.9415
   -7.5000   37.5000   37.5000 2181.7332   32.9160
    0.0000   37.5000   37.5000 2182.1196   32.9353
    7.5000   37.5000   37.5000 2155.4636   33.5036
   -7.5000   45.0000   37.5000 2028.9147   37.4321
    0.0000   45.0000   37.5000 2024.8511   37.5016
    7.5000   45.0000   37.5000 1997.3782   38.2603
   -7.5000  -45.0000   45.0000 2433.8105   26.6712
    0.0000  -45.0000   45.0000 2438.2668   26.6749
    7.5000  -45.0000   45.0000 2406.8145   27.4200
   -7.5000  -37.5000   45.0000 2542.3147   24.8226
    0.0000  -37.5000   45.0000 2546.8022   24.8467
    7.5000  -37.5000   45.0000 2516.8809   25.6239
   -7.5000  -30.0000   45.0000 2631.3418   23.3236
    0.0000  -30.0000   45.0000 2636.2791   23.3721
    7.5000  -30.0000   45.0000 2601.0974   24.1635
   -7.5000  -22.5000   45.0000 2696.9912   22.4144
    0.0000  -22.5000   45.0000 2700.0178   22.4224
    7.5000  -22.5000   45.0000 2667.4070   23.1941
   -7.5000  -15.0000   45.0000 2731.3000   22.0665
    0.0000  -15.0000   45.0000 2738.0833   22.0152
    7.5000  -15.0000   45.0000 2708.5210   22.7520
   -7.5000   -7.5000   45.0000 2730.7273   22.2100
    0.0000   -7.5000   45.0000 2735.4224   22.1549
    7.5000   -7.5000   45.0000 2708.7808   22.8384
   -7.5000    0.0000   45.0000 2694.8726   23.0091
    0.0000    0.0000   45.0000 2696.4329   23.0041
    7.5000    0.0000   45.0000 2663.7603   23.6494
   -7.5000    7.5000   45.0000 2624.6362   24.3636
    0.0000    7.5000   45.0000 2626.4253   24.3731
    7.5000    7.5000   45.0000 2593.8499   24.9174
   -7.5000   15.0000   45.0000 2530.2607   26.0691
    0.0000   15.0000   45.0000 2531.2585   26.0762
    7.5000   15.0000   45.0000 2501.3679   26.5286
   -7.5000   22.5000   45.0000 2417.6101   28.1078
    0.0000   22.5000   45.0000 2422.6719   28.1373
    7.5000   22.5000   45.0000 2391.3530   28.6041
   -7.5000   30.0000   45.0000 2273.2092   30.7025
    0.0000   30.0000   45.0000 2278.8081   30.7441
    7.5000   30.0000   45.0000 2249.2358   31.2799
   -7.5000   37.5000   45.0000 2133.2568   34.0997
    0.0000   37.5000   45.0000 2135.8049   34.1347
    7.5000   37.5000   45.0000 2108.0449   34.7190
   -7.5000   45.0000   45.0000 1989.2582   38.6333
    0.0000   45.0000   45.0000 1984.1340   38.6346
    7.5000   45.0000   45.0000 1962.4092   39.4379

---------------------------------------------------------------------
imgreg_4dfp /opt/freesurfer/average/711-2C_as_mni_average_305 /opt/freesurfer/average/711-2B_as_mni_average_305_mask talsrcimg_g11 none talsrcimg_to_711-2C_as_mni_average_305_t4 1283
---------------------------------------------------------------------

freesurfer imgreg_4dfp.c
/opt/freesurfer/average/711-2C_as_mni_average_305.4dfp.img
       256       256       256         1
  1.000000  1.000000  1.000000
orientation T byte_order littleendian
Reading image: /opt/freesurfer/average/711-2C_as_mni_average_305.4dfp.img
dimensions:      256       256       256
mmppix:       1.0000   -1.0000   -1.0000
center:     128.0000 -129.0000 -129.0000
/opt/freesurfer/average/711-2B_as_mni_average_305_mask.4dfp.img
       256       256       256         1
  1.000000  1.000000  1.000000
orientation T byte_order littleendian
Reading mask: /opt/freesurfer/average/711-2B_as_mni_average_305_mask.4dfp.img (2306576 pixels)
talsrcimg_g11.4dfp.img
       256       256       256         1
  1.000000  1.000000  1.000000
orientation T byte_order littleendian
Reading image: talsrcimg_g11.4dfp.img
dimensions:      256       256       256
mmppix:       1.0000   -1.0000   -1.0000
center:     128.0000 -129.0000 -129.0000
rotation matrix determinant  1.000000
fimgreg.f
image alignment mode   1283 decimal      503 hex
parameters
    0.0000   -7.5000   15.0000    0.0000    0.0000    0.0000
eta,q 0.92957 19.03531
niter,ni,del,rscale     5    3   12.0000    1.2000
parameter  5 -0.673750 -> -0.500000 qaram    1.1500
parameters
   -2.5268  -10.4739   14.3800   -2.4488    3.4500   -2.5172
eta,q 0.93653 18.54932
  0.0718  0.0699  0.0722  0.0695  0.0750  0.0654
  0.0718  0.0691  0.0711  0.0674  0.0738  0.0639
  0.0710  0.0687  0.0688  0.0667  0.0709  0.0636
  0.0719  0.0706  0.0686  0.0680  0.0667  0.0646
  0.0737  0.0727  0.0701  0.0707  0.0646  0.0662
  0.0775  0.0758  0.0720  0.0725  0.0649  0.0679
  0.0860  0.0826  0.0738  0.0746  0.0669  0.0699
niter,ni,del,rscale     5    3   12.0000    1.2000
parameters
   -3.2581   -9.7454   15.1159   -2.8720    3.0761   -2.4581
eta,q 0.93580 18.51967
  0.0704  0.0739  0.0714  0.0700  0.0720  0.0693
  0.0689  0.0697  0.0693  0.0671  0.0673  0.0669
  0.0673  0.0675  0.0656  0.0650  0.0644  0.0650
  0.0635  0.0647  0.0642  0.0645  0.0644  0.0642
  0.0638  0.0646  0.0653  0.0658  0.0669  0.0648
  0.0703  0.0675  0.0667  0.0685  0.0697  0.0667
  0.0787  0.0708  0.0690  0.0716  0.0719  0.0692
niter,ni,del,rscale     4    3   12.0000    1.2000
parameters
   -3.5514   -9.1374   15.4591   -3.3832    2.7978   -2.5069
eta,q 0.93611 18.55567
  0.0712  0.0735  0.0707  0.0703  0.0719  0.0695
  0.0688  0.0707  0.0677  0.0668  0.0672  0.0667
  0.0670  0.0682  0.0649  0.0646  0.0638  0.0646
  0.0642  0.0647  0.0641  0.0641  0.0641  0.0639
  0.0634  0.0644  0.0645  0.0657  0.0668  0.0645
  0.0679  0.0675  0.0663  0.0689  0.0692  0.0667
  0.0758  0.0721  0.0696  0.0723  0.0714  0.0698
niter,ni,del,rscale     3    3   12.0000    1.2000
parameters
   -3.6000   -8.7671   15.4945   -3.7119    2.6387   -2.5289
eta,q 0.93651 18.58793
  0.0721  0.0737  0.0695  0.0709  0.0718  0.0693
  0.0686  0.0713  0.0664  0.0667  0.0672  0.0664
  0.0661  0.0676  0.0644  0.0644  0.0635  0.0643
  0.0639  0.0640  0.0636  0.0636  0.0636  0.0635
  0.0630  0.0640  0.0638  0.0651  0.0661  0.0641
  0.0673  0.0677  0.0660  0.0685  0.0686  0.0664
  0.0746  0.0738  0.0698  0.0721  0.0711  0.0695
niter,ni,del,rscale     2    3   12.0000    1.2000
parameters
   -3.5661   -8.6025   15.4668   -3.8528    2.5808   -2.5379
eta,q 0.93665 18.60427
  0.0725  0.0737  0.0690  0.0714  0.0719  0.0692
  0.0685  0.0712  0.0659  0.0670  0.0673  0.0663
  0.0655  0.0669  0.0642  0.0643  0.0634  0.0642
  0.0635  0.0635  0.0633  0.0633  0.0634  0.0633
  0.0626  0.0639  0.0634  0.0646  0.0657  0.0639
  0.0670  0.0681  0.0657  0.0680  0.0683  0.0662
  0.0741  0.0750  0.0696  0.0718  0.0709  0.0694
niter,ni,del,rscale     1    3   12.0000    1.2000
parameters
   -3.5520   -8.5392   15.4495   -3.9079    2.5646   -2.5402
eta,q 0.93671 18.61049
  0.0725  0.0736  0.0689  0.0716  0.0719  0.0691
  0.0683  0.0710  0.0658  0.0672  0.0673  0.0663
  0.0653  0.0666  0.0642  0.0643  0.0634  0.0641
  0.0633  0.0633  0.0633  0.0633  0.0633  0.0633
  0.0626  0.0640  0.0634  0.0644  0.0655  0.0639
  0.0671  0.0684  0.0656  0.0678  0.0681  0.0662
  0.0741  0.0755  0.0694  0.0716  0.0708  0.0693
registration optimization eta report
parameter search radius
    6.0000    6.0000    6.0000    6.0000    6.9000    6.0000
100000*second partial in parameter space
       29.       30.       17.       23.       17.       16.
  0.0725  0.0736  0.0689  0.0716  0.0719  0.0691
  0.0683  0.0710  0.0658  0.0672  0.0673  0.0663
  0.0653  0.0666  0.0642  0.0643  0.0634  0.0641
  0.0633  0.0633  0.0633  0.0633  0.0633  0.0633
  0.0626  0.0640  0.0634  0.0644  0.0655  0.0639
  0.0671  0.0684  0.0656  0.0678  0.0681  0.0662
  0.0741  0.0755  0.0694  0.0716  0.0708  0.0693
   -3.5520   -8.5392   15.4495   -3.9079    2.5646   -2.5402
eta,q 0.93671 18.61049

---------------------------------------------------------------------
imgreg_4dfp /opt/freesurfer/average/711-2C_as_mni_average_305 /opt/freesurfer/average/711-2B_as_mni_average_305_mask talsrcimg_g11 none talsrcimg_to_711-2C_as_mni_average_305_t4 3335
---------------------------------------------------------------------

freesurfer imgreg_4dfp.c
/opt/freesurfer/average/711-2C_as_mni_average_305.4dfp.img
       256       256       256         1
  1.000000  1.000000  1.000000
orientation T byte_order littleendian
Reading image: /opt/freesurfer/average/711-2C_as_mni_average_305.4dfp.img
dimensions:      256       256       256
mmppix:       1.0000   -1.0000   -1.0000
center:     128.0000 -129.0000 -129.0000
/opt/freesurfer/average/711-2B_as_mni_average_305_mask.4dfp.img
       256       256       256         1
  1.000000  1.000000  1.000000
orientation T byte_order littleendian
Reading mask: /opt/freesurfer/average/711-2B_as_mni_average_305_mask.4dfp.img (2306576 pixels)
talsrcimg_g11.4dfp.img
       256       256       256         1
  1.000000  1.000000  1.000000
orientation T byte_order littleendian
Reading image: talsrcimg_g11.4dfp.img
dimensions:      256       256       256
mmppix:       1.0000   -1.0000   -1.0000
center:     128.0000 -129.0000 -129.0000
fimgreg.f
image alignment mode   3335 decimal      D07 hex
parameters
   -3.5520   -8.5392   15.4495   -0.1983   -0.3441   -0.3324
    4.7264   -4.1577   -4.4276    7.0064    4.4746   -6.8084
eta,q 0.93772 18.65661
niter,ni,del,rscale     5    3    5.0000    1.2000
parameter  4  5.350597 ->  0.500000 qaram    1.1500
parameter  5  2.667087 ->  0.500000 qaram    1.1500
parameter  6  1.904152 ->  0.500000 qaram    1.1500
parameter  8 -0.664493 -> -0.500000 qaram    1.1500
parameter 12  0.745341 ->  0.500000 qaram    1.1500
parameters
   -3.2003   -8.7447   15.3245   -4.3383   -4.4841   -4.4724
    4.4074   -0.0177   -4.2903    7.0167    4.1442  -10.9484
eta,q 0.95784 18.28793
  0.0644  0.0635  0.0632  0.0508  0.0465  0.0437  0.0472  0.0555  0.0449  0.0463  0.0448  0.0422
  0.0635  0.0627  0.0626  0.0537  0.0490  0.0449  0.0462  0.0523  0.0437  0.0444  0.0437  0.0421
  0.0628  0.0623  0.0623  0.0574  0.0516  0.0468  0.0456  0.0487  0.0430  0.0431  0.0430  0.0423
  0.0623  0.0622  0.0622  0.0622  0.0546  0.0497  0.0453  0.0453  0.0428  0.0428  0.0428  0.0428
  0.0622  0.0624  0.0623  0.0671  0.0580  0.0528  0.0456  0.0432  0.0430  0.0433  0.0431  0.0435
  0.0626  0.0630  0.0627  0.0715  0.0619  0.0564  0.0464  0.0429  0.0436  0.0444  0.0440  0.0444
  0.0636  0.0640  0.0634  0.0759  0.0664  0.0600  0.0477  0.0445  0.0447  0.0462  0.0452  0.0455
niter,ni,del,rscale     7    3    5.0000    1.2000
parameter  2  0.544845 ->  0.500000 qaram    1.1500
parameter  4  0.943642 ->  0.500000 qaram    1.3225
parameter  5  3.140762 ->  0.500000 qaram    1.3225
parameters
   -3.6806  -10.1247   14.6273   -9.0993   -9.2451   -7.3683
    3.3930   -0.0193   -3.6402    8.8980    6.2020   -9.3002
eta,q 0.96915 18.01896
  0.0448  0.0418  0.0423  0.0364  0.0281  0.0324  0.0336  0.0378  0.0341  0.0368  0.0326  0.0340
  0.0429  0.0414  0.0415  0.0366  0.0308  0.0318  0.0324  0.0343  0.0329  0.0348  0.0319  0.0328
  0.0420  0.0415  0.0411  0.0379  0.0336  0.0317  0.0317  0.0323  0.0320  0.0329  0.0315  0.0318
  0.0422  0.0420  0.0414  0.0411  0.0368  0.0315  0.0317  0.0316  0.0316  0.0316  0.0312  0.0310
  0.0433  0.0429  0.0421  0.0463  0.0402  0.0324  0.0322  0.0322  0.0317  0.0312  0.0310  0.0309
  0.0453  0.0444  0.0432  0.0528  0.0440  0.0353  0.0334  0.0343  0.0323  0.0318  0.0312  0.0314
  0.0480  0.0463  0.0447  0.0584  0.0486  0.0402  0.0351  0.0379  0.0334  0.0336  0.0316  0.0325
niter,ni,del,rscale     7    3    5.0000    1.2000
parameter  5  0.937759 ->  0.500000 qaram    1.5209
parameters
   -3.7571  -10.8734   14.7062  -12.2828  -14.7202   -5.1841
    3.7342   -0.5363   -4.0149    8.1042    6.3591  -10.4206
eta,q 0.97405 17.73677
  0.0345  0.0325  0.0324  0.0323  0.0271  0.0309  0.0291  0.0316  0.0277  0.0304  0.0267  0.0280
  0.0325  0.0312  0.0315  0.0312  0.0268  0.0293  0.0276  0.0283  0.0267  0.0278  0.0264  0.0267
  0.0312  0.0306  0.0308  0.0306  0.0279  0.0279  0.0265  0.0266  0.0262  0.0263  0.0262  0.0260
  0.0309  0.0309  0.0306  0.0306  0.0306  0.0269  0.0261  0.0261  0.0261  0.0261  0.0260  0.0260
  0.0314  0.0319  0.0307  0.0321  0.0342  0.0259  0.0263  0.0269  0.0264  0.0271  0.0261  0.0266
  0.0328  0.0338  0.0313  0.0364  0.0381  0.0262  0.0272  0.0293  0.0270  0.0294  0.0263  0.0278
  0.0350  0.0362  0.0322  0.0430  0.0426  0.0286  0.0286  0.0333  0.0281  0.0329  0.0267  0.0293
niter,ni,del,rscale     7    3    5.0000    1.2000
parameters
   -3.6527  -10.8572   14.9985  -11.9380  -17.7648   -4.0538
    3.8456   -0.4957   -3.9133    8.1473    6.2167  -11.6709
eta,q 0.97500 17.64902
  0.0296  0.0303  0.0280  0.0300  0.0294  0.0292  0.0277  0.0316  0.0268  0.0302  0.0258  0.0266
  0.0277  0.0279  0.0269  0.0281  0.0273  0.0278  0.0264  0.0279  0.0259  0.0274  0.0255  0.0255
  0.0265  0.0265  0.0262  0.0268  0.0257  0.0267  0.0255  0.0258  0.0253  0.0257  0.0252  0.0250
  0.0260  0.0259  0.0259  0.0259  0.0259  0.0256  0.0251  0.0251  0.0251  0.0251  0.0251  0.0251
  0.0262  0.0264  0.0260  0.0255  0.0285  0.0247  0.0254  0.0257  0.0253  0.0256  0.0252  0.0256
  0.0273  0.0278  0.0264  0.0267  0.0328  0.0254  0.0262  0.0278  0.0258  0.0273  0.0255  0.0265
  0.0290  0.0302  0.0272  0.0304  0.0374  0.0286  0.0276  0.0315  0.0268  0.0301  0.0259  0.0277
niter,ni,del,rscale     6    3    5.0000    1.2000
parameters
   -3.6172  -10.5870   15.0899  -11.5074  -18.6980   -3.9602
    3.8077   -0.4430   -3.9127    8.5733    6.1832  -12.3455
eta,q 0.97513 17.63488
  0.0284  0.0297  0.0268  0.0292  0.0308  0.0286  0.0275  0.0315  0.0266  0.0303  0.0257  0.0267
  0.0266  0.0274  0.0258  0.0273  0.0282  0.0273  0.0262  0.0277  0.0257  0.0274  0.0253  0.0255
  0.0254  0.0258  0.0251  0.0259  0.0260  0.0263  0.0253  0.0256  0.0252  0.0256  0.0251  0.0249
  0.0250  0.0250  0.0249  0.0249  0.0248  0.0250  0.0249  0.0249  0.0249  0.0249  0.0249  0.0249
  0.0253  0.0251  0.0251  0.0244  0.0259  0.0245  0.0252  0.0256  0.0251  0.0252  0.0250  0.0254
  0.0264  0.0262  0.0257  0.0257  0.0294  0.0258  0.0261  0.0276  0.0257  0.0267  0.0253  0.0261
  0.0283  0.0283  0.0265  0.0295  0.0338  0.0298  0.0276  0.0313  0.0267  0.0292  0.0257  0.0272
niter,ni,del,rscale     5    3    5.0000    1.2000
parameters
   -3.6171  -10.4553   15.0443  -11.4180  -18.9550   -3.9561
    3.8270   -0.4413   -3.9162    8.8253    6.2335  -12.6279
eta,q 0.97514 17.62929
  0.0282  0.0291  0.0265  0.0290  0.0313  0.0286  0.0275  0.0314  0.0266  0.0300  0.0257  0.0269
  0.0264  0.0269  0.0255  0.0271  0.0286  0.0273  0.0261  0.0276  0.0257  0.0272  0.0253  0.0256
  0.0253  0.0255  0.0250  0.0258  0.0264  0.0262  0.0252  0.0255  0.0251  0.0255  0.0250  0.0250
  0.0249  0.0249  0.0249  0.0248  0.0248  0.0249  0.0249  0.0249  0.0249  0.0249  0.0249  0.0249
  0.0252  0.0251  0.0251  0.0244  0.0254  0.0245  0.0252  0.0256  0.0251  0.0253  0.0249  0.0253
  0.0264  0.0263  0.0257  0.0259  0.0285  0.0259  0.0261  0.0276  0.0256  0.0268  0.0252  0.0260
  0.0282  0.0284  0.0265  0.0300  0.0328  0.0300  0.0275  0.0314  0.0266  0.0293  0.0257  0.0269
niter,ni,del,rscale     4    3    5.0000    1.2000
parameters
   -3.6198  -10.3983   15.0126  -11.3852  -19.0383   -3.9793
    3.8371   -0.4496   -3.9159    8.9449    6.2706  -12.7333
eta,q 0.97513 17.62730
  0.0282  0.0288  0.0265  0.0290  0.0315  0.0286  0.0275  0.0314  0.0266  0.0298  0.0256  0.0269
  0.0264  0.0267  0.0256  0.0271  0.0288  0.0273  0.0261  0.0276  0.0256  0.0271  0.0253  0.0257
  0.0253  0.0254  0.0250  0.0258  0.0265  0.0262  0.0252  0.0255  0.0251  0.0254  0.0250  0.0250
  0.0249  0.0249  0.0249  0.0249  0.0248  0.0249  0.0249  0.0249  0.0249  0.0249  0.0249  0.0249
  0.0252  0.0252  0.0251  0.0244  0.0252  0.0245  0.0252  0.0255  0.0250  0.0253  0.0250  0.0252
  0.0264  0.0265  0.0257  0.0260  0.0283  0.0260  0.0261  0.0276  0.0256  0.0269  0.0252  0.0259
  0.0282  0.0286  0.0265  0.0301  0.0325  0.0301  0.0275  0.0314  0.0266  0.0295  0.0257  0.0269
niter,ni,del,rscale     3    3    5.0000    1.2000
parameters
   -3.6217  -10.3731   14.9950  -11.3726  -19.0662   -3.9964
    3.8404   -0.4564   -3.9145    8.9932    6.2873  -12.7719
eta,q 0.97512 17.62633
  0.0282  0.0287  0.0265  0.0290  0.0315  0.0286  0.0274  0.0314  0.0266  0.0297  0.0257  0.0270
  0.0264  0.0267  0.0256  0.0271  0.0288  0.0273  0.0261  0.0276  0.0256  0.0270  0.0253  0.0257
  0.0253  0.0253  0.0250  0.0258  0.0265  0.0262  0.0252  0.0255  0.0251  0.0254  0.0250  0.0250
  0.0249  0.0249  0.0249  0.0249  0.0249  0.0249  0.0249  0.0249  0.0249  0.0249  0.0249  0.0249
  0.0252  0.0253  0.0251  0.0245  0.0252  0.0245  0.0252  0.0255  0.0250  0.0254  0.0249  0.0252
  0.0264  0.0265  0.0257  0.0260  0.0282  0.0260  0.0261  0.0276  0.0256  0.0270  0.0252  0.0259
  0.0282  0.0286  0.0265  0.0301  0.0325  0.0301  0.0275  0.0314  0.0266  0.0296  0.0257  0.0268
registration optimization eta report
parameter search radius
    2.4000    2.7600    2.4000    9.5220   10.9503    8.2800
    7.2000    8.2800    7.2000    7.2000    7.2000    8.2800
100000*second partial in parameter space
       58.       50.       28.        5.        6.        7.
        5.       10.        3.        9.        2.        3.
  0.0282  0.0287  0.0265  0.0290  0.0315  0.0286  0.0274  0.0314  0.0266  0.0297  0.0257  0.0270
  0.0264  0.0267  0.0256  0.0271  0.0288  0.0273  0.0261  0.0276  0.0256  0.0270  0.0253  0.0257
  0.0253  0.0253  0.0250  0.0258  0.0265  0.0262  0.0252  0.0255  0.0251  0.0254  0.0250  0.0250
  0.0249  0.0249  0.0249  0.0249  0.0249  0.0249  0.0249  0.0249  0.0249  0.0249  0.0249  0.0249
  0.0252  0.0253  0.0251  0.0245  0.0252  0.0245  0.0252  0.0255  0.0250  0.0254  0.0249  0.0252
  0.0264  0.0265  0.0257  0.0260  0.0282  0.0260  0.0261  0.0276  0.0256  0.0270  0.0252  0.0259
  0.0282  0.0286  0.0265  0.0301  0.0325  0.0301  0.0275  0.0314  0.0266  0.0296  0.0257  0.0268
   -3.6217  -10.3731   14.9950  -11.3726  -19.0662   -3.9964
    3.8404   -0.4564   -3.9145    8.9932    6.2873  -12.7719
eta,q 0.97512 17.62633

---------------------------------------------------------------------
imgreg_4dfp /opt/freesurfer/average/711-2C_as_mni_average_305 /opt/freesurfer/average/711-2B_as_mni_average_305_mask talsrcimg_g11 none talsrcimg_to_711-2C_as_mni_average_305_t4 2311
---------------------------------------------------------------------

freesurfer imgreg_4dfp.c
/opt/freesurfer/average/711-2C_as_mni_average_305.4dfp.img
       256       256       256         1
  1.000000  1.000000  1.000000
orientation T byte_order littleendian
Reading image: /opt/freesurfer/average/711-2C_as_mni_average_305.4dfp.img
dimensions:      256       256       256
mmppix:       1.0000   -1.0000   -1.0000
center:     128.0000 -129.0000 -129.0000
/opt/freesurfer/average/711-2B_as_mni_average_305_mask.4dfp.img
       256       256       256         1
  1.000000  1.000000  1.000000
orientation T byte_order littleendian
Reading mask: /opt/freesurfer/average/711-2B_as_mni_average_305_mask.4dfp.img (2306576 pixels)
talsrcimg_g11.4dfp.img
       256       256       256         1
  1.000000  1.000000  1.000000
orientation T byte_order littleendian
Reading image: talsrcimg_g11.4dfp.img
dimensions:      256       256       256
mmppix:       1.0000   -1.0000   -1.0000
center:     128.0000 -129.0000 -129.0000
fimgreg.f
image alignment mode   2311 decimal      907 hex
parameters
   -3.6217  -10.3731   14.9950  -11.3726  -19.0662   -3.9964
    3.8404   -0.4564   -3.9145    8.9932    6.2873  -12.7719
eta,q 0.97512 17.62634
niter,ni,del,rscale     5    3    5.0000    0.8000
parameter  4 -0.505369 -> -0.500000 qaram    1.1500
parameters
   -3.6138  -10.3411   14.9507   -8.6126  -18.2953   -2.9750
    3.5675   -0.3626   -3.9071    9.1617    6.1898  -12.6290
eta,q 0.97595 17.83108
  0.0264  0.0262  0.0256  0.0264  0.0268  0.0266  0.0254  0.0275  0.0250  0.0271  0.0247  0.0251
  0.0256  0.0255  0.0252  0.0258  0.0258  0.0259  0.0246  0.0256  0.0245  0.0255  0.0244  0.0245
  0.0251  0.0250  0.0249  0.0253  0.0250  0.0251  0.0242  0.0245  0.0242  0.0245  0.0241  0.0242
  0.0249  0.0249  0.0249  0.0249  0.0245  0.0243  0.0241  0.0241  0.0241  0.0241  0.0240  0.0241
  0.0250  0.0250  0.0250  0.0245  0.0243  0.0240  0.0243  0.0243  0.0242  0.0243  0.0241  0.0242
  0.0255  0.0254  0.0253  0.0245  0.0248  0.0244  0.0249  0.0254  0.0245  0.0252  0.0243  0.0245
  0.0264  0.0261  0.0257  0.0250  0.0258  0.0257  0.0258  0.0273  0.0251  0.0267  0.0248  0.0250
niter,ni,del,rscale     5    3    5.0000    0.8000
parameters
   -3.7569  -10.4392   15.2081   -9.8297  -18.2818   -2.7169
    3.7735   -0.5379   -3.9904    8.9127    6.1711  -12.6175
eta,q 0.97596 17.79329
  0.0257  0.0254  0.0253  0.0253  0.0261  0.0263  0.0256  0.0267  0.0249  0.0266  0.0246  0.0251
  0.0247  0.0246  0.0247  0.0247  0.0252  0.0256  0.0248  0.0251  0.0244  0.0251  0.0243  0.0245
  0.0241  0.0242  0.0242  0.0242  0.0245  0.0247  0.0243  0.0243  0.0241  0.0243  0.0241  0.0241
  0.0240  0.0240  0.0240  0.0240  0.0241  0.0241  0.0240  0.0240  0.0240  0.0240  0.0240  0.0240
  0.0244  0.0243  0.0240  0.0245  0.0242  0.0241  0.0242  0.0244  0.0241  0.0244  0.0241  0.0242
  0.0252  0.0249  0.0242  0.0259  0.0250  0.0247  0.0246  0.0254  0.0245  0.0255  0.0243  0.0245
  0.0264  0.0258  0.0247  0.0282  0.0263  0.0264  0.0254  0.0271  0.0250  0.0272  0.0246  0.0250
niter,ni,del,rscale     4    3    5.0000    0.7000
parameters
   -3.7351  -10.4783   15.2404   -9.8589  -18.2956   -2.4299
    3.6940   -0.5375   -3.9914    8.8457    6.1040  -12.6443
eta,q 0.97600 17.79637
  0.0255  0.0252  0.0248  0.0254  0.0256  0.0259  0.0251  0.0262  0.0247  0.0261  0.0244  0.0248
  0.0247  0.0245  0.0244  0.0249  0.0249  0.0252  0.0245  0.0250  0.0243  0.0250  0.0242  0.0244
  0.0242  0.0242  0.0241  0.0244  0.0243  0.0245  0.0241  0.0243  0.0241  0.0243  0.0241  0.0241
  0.0240  0.0240  0.0240  0.0240  0.0240  0.0240  0.0240  0.0240  0.0240  0.0240  0.0240  0.0240
  0.0242  0.0242  0.0241  0.0240  0.0242  0.0240  0.0242  0.0242  0.0241  0.0243  0.0240  0.0241
  0.0246  0.0246  0.0243  0.0246  0.0248  0.0245  0.0245  0.0249  0.0243  0.0250  0.0242  0.0244
  0.0254  0.0253  0.0247  0.0258  0.0258  0.0258  0.0252  0.0262  0.0247  0.0263  0.0245  0.0248
niter,ni,del,rscale     3    3    5.0000    0.6000
parameters
   -3.7375  -10.4941   15.3092   -9.6344  -18.3285   -2.2162
    3.6649   -0.5353   -3.9812    8.8233    6.0168  -12.6668
eta,q 0.97604 17.81107
  0.0250  0.0249  0.0246  0.0252  0.0252  0.0255  0.0248  0.0256  0.0245  0.0256  0.0243  0.0246
  0.0245  0.0244  0.0243  0.0247  0.0246  0.0249  0.0243  0.0247  0.0242  0.0247  0.0241  0.0242
  0.0241  0.0241  0.0241  0.0243  0.0242  0.0243  0.0240  0.0241  0.0240  0.0242  0.0240  0.0240
  0.0240  0.0240  0.0240  0.0240  0.0240  0.0240  0.0240  0.0240  0.0240  0.0240  0.0240  0.0240
  0.0241  0.0241  0.0240  0.0239  0.0241  0.0240  0.0241  0.0241  0.0240  0.0241  0.0240  0.0240
  0.0245  0.0244  0.0242  0.0243  0.0245  0.0244  0.0243  0.0247  0.0242  0.0247  0.0241  0.0243
  0.0250  0.0249  0.0245  0.0252  0.0254  0.0254  0.0248  0.0256  0.0245  0.0257  0.0243  0.0246
niter,ni,del,rscale     2    3    5.0000    0.5000
parameters
   -3.7544  -10.5012   15.3671   -9.4291  -18.3427   -2.0589
    3.6399   -0.5337   -3.9614    8.8166    5.9391  -12.6845
eta,q 0.97607 17.82409
  0.0247  0.0246  0.0244  0.0248  0.0248  0.0251  0.0245  0.0251  0.0243  0.0251  0.0241  0.0244
  0.0243  0.0242  0.0242  0.0245  0.0244  0.0246  0.0242  0.0245  0.0241  0.0245  0.0240  0.0241
  0.0240  0.0240  0.0240  0.0242  0.0241  0.0241  0.0240  0.0241  0.0240  0.0241  0.0240  0.0240
  0.0240  0.0240  0.0240  0.0240  0.0239  0.0239  0.0239  0.0239  0.0239  0.0239  0.0239  0.0239
  0.0240  0.0240  0.0240  0.0239  0.0240  0.0240  0.0240  0.0240  0.0240  0.0241  0.0239  0.0240
  0.0243  0.0242  0.0241  0.0242  0.0243  0.0243  0.0242  0.0244  0.0241  0.0245  0.0240  0.0241
  0.0247  0.0246  0.0243  0.0248  0.0249  0.0250  0.0245  0.0251  0.0243  0.0251  0.0242  0.0244
niter,ni,del,rscale     1    3    5.0000    0.4000
parameters
   -3.7713  -10.5055   15.4171   -9.2546  -18.3399   -1.9560
    3.6192   -0.5239   -3.9547    8.8159    5.8779  -12.6851
eta,q 0.97609 17.83518
  0.0244  0.0243  0.0242  0.0245  0.0245  0.0247  0.0243  0.0247  0.0242  0.0247  0.0241  0.0242
  0.0241  0.0241  0.0241  0.0243  0.0242  0.0243  0.0241  0.0243  0.0240  0.0243  0.0240  0.0240
  0.0240  0.0240  0.0240  0.0241  0.0240  0.0240  0.0239  0.0240  0.0239  0.0240  0.0239  0.0239
  0.0239  0.0239  0.0239  0.0239  0.0239  0.0239  0.0239  0.0239  0.0239  0.0239  0.0239  0.0239
  0.0240  0.0240  0.0239  0.0239  0.0240  0.0239  0.0239  0.0240  0.0239  0.0240  0.0239  0.0239
  0.0241  0.0241  0.0240  0.0241  0.0242  0.0242  0.0241  0.0242  0.0240  0.0242  0.0240  0.0240
  0.0244  0.0243  0.0241  0.0245  0.0245  0.0246  0.0243  0.0247  0.0242  0.0247  0.0241  0.0242
registration optimization eta report
parameter search radius
    0.8000    0.8000    0.8000    2.7600    2.4000    2.4000
    2.4000    2.4000    2.4000    2.4000    2.4000    2.4000
100000*second partial in parameter space
       74.       63.       39.        8.       11.       13.
        7.       14.        4.       14.        3.        5.
  0.0244  0.0243  0.0242  0.0245  0.0245  0.0247  0.0243  0.0247  0.0242  0.0247  0.0241  0.0242
  0.0241  0.0241  0.0241  0.0243  0.0242  0.0243  0.0241  0.0243  0.0240  0.0243  0.0240  0.0240
  0.0240  0.0240  0.0240  0.0241  0.0240  0.0240  0.0239  0.0240  0.0239  0.0240  0.0239  0.0239
  0.0239  0.0239  0.0239  0.0239  0.0239  0.0239  0.0239  0.0239  0.0239  0.0239  0.0239  0.0239
  0.0240  0.0240  0.0239  0.0239  0.0240  0.0239  0.0239  0.0240  0.0239  0.0240  0.0239  0.0239
  0.0241  0.0241  0.0240  0.0241  0.0242  0.0242  0.0241  0.0242  0.0240  0.0242  0.0240  0.0240
  0.0244  0.0243  0.0241  0.0245  0.0245  0.0246  0.0243  0.0247  0.0242  0.0247  0.0241  0.0242
   -3.7713  -10.5055   15.4171   -9.2546  -18.3399   -1.9560
    3.6192   -0.5239   -3.9547    8.8159    5.8779  -12.6851
eta,q 0.97609 17.83518

---------------------------------------------------------------------
imgreg_4dfp /opt/freesurfer/average/711-2C_as_mni_average_305 /opt/freesurfer/average/711-2B_as_mni_average_305_mask talsrcimg_g11 none talsrcimg_to_711-2C_as_mni_average_305_t4 2311
---------------------------------------------------------------------

freesurfer imgreg_4dfp.c
/opt/freesurfer/average/711-2C_as_mni_average_305.4dfp.img
       256       256       256         1
  1.000000  1.000000  1.000000
orientation T byte_order littleendian
Reading image: /opt/freesurfer/average/711-2C_as_mni_average_305.4dfp.img
dimensions:      256       256       256
mmppix:       1.0000   -1.0000   -1.0000
center:     128.0000 -129.0000 -129.0000
/opt/freesurfer/average/711-2B_as_mni_average_305_mask.4dfp.img
       256       256       256         1
  1.000000  1.000000  1.000000
orientation T byte_order littleendian
Reading mask: /opt/freesurfer/average/711-2B_as_mni_average_305_mask.4dfp.img (2306576 pixels)
talsrcimg_g11.4dfp.img
       256       256       256         1
  1.000000  1.000000  1.000000
orientation T byte_order littleendian
Reading image: talsrcimg_g11.4dfp.img
dimensions:      256       256       256
mmppix:       1.0000   -1.0000   -1.0000
center:     128.0000 -129.0000 -129.0000
fimgreg.f
image alignment mode   2311 decimal      907 hex
parameters
   -3.7713  -10.5055   15.4171   -9.2546  -18.3399   -1.9560
    3.6192   -0.5239   -3.9547    8.8159    5.8779  -12.6851
eta,q 0.97609 17.83517
niter,ni,del,rscale     5    3    5.0000    0.8000
parameters
   -3.7885  -10.5313   15.4250   -9.8524  -18.6166   -2.3471
    3.7466   -0.5675   -3.9623    8.7376    5.9294  -12.7088
eta,q 0.97597 17.78733
  0.0258  0.0255  0.0249  0.0252  0.0258  0.0260  0.0255  0.0268  0.0249  0.0267  0.0246  0.0250
  0.0248  0.0246  0.0244  0.0246  0.0250  0.0252  0.0247  0.0252  0.0244  0.0252  0.0243  0.0245
  0.0241  0.0241  0.0240  0.0242  0.0243  0.0244  0.0242  0.0243  0.0241  0.0243  0.0241  0.0241
  0.0239  0.0239  0.0239  0.0239  0.0240  0.0240  0.0240  0.0240  0.0240  0.0240  0.0240  0.0240
  0.0241  0.0241  0.0240  0.0241  0.0242  0.0242  0.0242  0.0243  0.0241  0.0243  0.0241  0.0242
  0.0248  0.0247  0.0243  0.0249  0.0251  0.0253  0.0246  0.0253  0.0244  0.0253  0.0242  0.0245
  0.0259  0.0256  0.0249  0.0265  0.0266  0.0274  0.0254  0.0269  0.0250  0.0269  0.0246  0.0250
niter,ni,del,rscale     4    3    5.0000    0.7000
parameters
   -3.7466  -10.4914   15.3339   -9.6269  -18.4891   -2.3040
    3.6564   -0.5197   -3.9572    8.8151    5.9985  -12.7181
eta,q 0.97602 17.80300
  0.0255  0.0253  0.0246  0.0252  0.0257  0.0258  0.0251  0.0263  0.0247  0.0263  0.0244  0.0248
  0.0247  0.0246  0.0243  0.0247  0.0249  0.0251  0.0245  0.0250  0.0243  0.0250  0.0242  0.0243
  0.0242  0.0242  0.0241  0.0243  0.0243  0.0244  0.0241  0.0242  0.0241  0.0243  0.0240  0.0241
  0.0240  0.0240  0.0240  0.0240  0.0240  0.0240  0.0240  0.0240  0.0240  0.0240  0.0240  0.0240
  0.0242  0.0241  0.0241  0.0240  0.0241  0.0240  0.0241  0.0242  0.0240  0.0242  0.0240  0.0241
  0.0246  0.0245  0.0244  0.0243  0.0246  0.0247  0.0245  0.0249  0.0243  0.0249  0.0241  0.0244
  0.0253  0.0252  0.0248  0.0252  0.0256  0.0261  0.0252  0.0262  0.0247  0.0261  0.0244  0.0248
niter,ni,del,rscale     3    3    5.0000    0.6000
parameters
   -3.7500  -10.4885   15.3461   -9.4400  -18.4126   -2.1826
    3.6556   -0.5262   -3.9648    8.8371    5.9751  -12.7093
eta,q 0.97606 17.81799
  0.0250  0.0249  0.0245  0.0249  0.0252  0.0255  0.0248  0.0256  0.0245  0.0256  0.0243  0.0246
  0.0244  0.0244  0.0242  0.0245  0.0246  0.0248  0.0243  0.0247  0.0242  0.0247  0.0241  0.0242
  0.0241  0.0241  0.0240  0.0242  0.0242  0.0242  0.0240  0.0241  0.0240  0.0241  0.0240  0.0240
  0.0240  0.0240  0.0240  0.0240  0.0240  0.0239  0.0239  0.0239  0.0239  0.0239  0.0239  0.0239
  0.0241  0.0241  0.0240  0.0239  0.0240  0.0240  0.0240  0.0241  0.0240  0.0241  0.0240  0.0240
  0.0244  0.0244  0.0242  0.0242  0.0245  0.0245  0.0243  0.0247  0.0242  0.0247  0.0241  0.0242
  0.0250  0.0249  0.0245  0.0249  0.0252  0.0255  0.0248  0.0257  0.0245  0.0256  0.0243  0.0245
niter,ni,del,rscale     2    3    5.0000    0.5000
parameters
   -3.7661  -10.4950   15.3827   -9.2895  -18.3736   -2.0602
    3.6353   -0.5331   -3.9575    8.8339    5.9093  -12.6905
eta,q 0.97609 17.82961
  0.0247  0.0246  0.0243  0.0246  0.0248  0.0251  0.0245  0.0251  0.0243  0.0251  0.0241  0.0244
  0.0242  0.0242  0.0241  0.0243  0.0244  0.0245  0.0242  0.0245  0.0241  0.0245  0.0240  0.0241
  0.0240  0.0240  0.0240  0.0241  0.0241  0.0241  0.0240  0.0241  0.0240  0.0241  0.0239  0.0240
  0.0239  0.0239  0.0239  0.0239  0.0239  0.0239  0.0239  0.0239  0.0239  0.0239  0.0239  0.0239
  0.0240  0.0240  0.0240  0.0239  0.0240  0.0240  0.0240  0.0240  0.0240  0.0240  0.0239  0.0240
  0.0243  0.0242  0.0241  0.0241  0.0243  0.0243  0.0242  0.0244  0.0241  0.0244  0.0240  0.0241
  0.0247  0.0246  0.0243  0.0246  0.0249  0.0250  0.0245  0.0252  0.0243  0.0251  0.0242  0.0244
niter,ni,del,rscale     1    3    5.0000    0.4000
parameters
   -3.7777  -10.5030   15.4222   -9.1604  -18.3507   -1.9636
    3.6205   -0.5203   -3.9458    8.8255    5.8820  -12.7007
eta,q 0.97610 17.83871
  0.0244  0.0243  0.0242  0.0244  0.0245  0.0247  0.0243  0.0247  0.0242  0.0247  0.0241  0.0242
  0.0241  0.0241  0.0240  0.0242  0.0242  0.0243  0.0241  0.0243  0.0240  0.0243  0.0240  0.0240
  0.0240  0.0240  0.0240  0.0240  0.0240  0.0240  0.0239  0.0240  0.0239  0.0240  0.0239  0.0239
  0.0239  0.0239  0.0239  0.0239  0.0239  0.0239  0.0239  0.0239  0.0239  0.0239  0.0239  0.0239
  0.0240  0.0240  0.0239  0.0239  0.0240  0.0239  0.0239  0.0240  0.0239  0.0240  0.0239  0.0239
  0.0241  0.0241  0.0240  0.0240  0.0242  0.0242  0.0241  0.0242  0.0240  0.0242  0.0240  0.0240
  0.0244  0.0243  0.0241  0.0244  0.0245  0.0246  0.0243  0.0247  0.0242  0.0247  0.0241  0.0242
registration optimization eta report
parameter search radius
    0.8000    0.8000    0.8000    2.4000    2.4000    2.4000
    2.4000    2.4000    2.4000    2.4000    2.4000    2.4000
100000*second partial in parameter space
       76.       64.       39.        8.       11.       13.
        7.       14.        4.       14.        3.        5.
  0.0244  0.0243  0.0242  0.0244  0.0245  0.0247  0.0243  0.0247  0.0242  0.0247  0.0241  0.0242
  0.0241  0.0241  0.0240  0.0242  0.0242  0.0243  0.0241  0.0243  0.0240  0.0243  0.0240  0.0240
  0.0240  0.0240  0.0240  0.0240  0.0240  0.0240  0.0239  0.0240  0.0239  0.0240  0.0239  0.0239
  0.0239  0.0239  0.0239  0.0239  0.0239  0.0239  0.0239  0.0239  0.0239  0.0239  0.0239  0.0239
  0.0240  0.0240  0.0239  0.0239  0.0240  0.0239  0.0239  0.0240  0.0239  0.0240  0.0239  0.0239
  0.0241  0.0241  0.0240  0.0240  0.0242  0.0242  0.0241  0.0242  0.0240  0.0242  0.0240  0.0240
  0.0244  0.0243  0.0241  0.0244  0.0245  0.0246  0.0243  0.0247  0.0242  0.0247  0.0241  0.0242
   -3.7777  -10.5030   15.4222   -9.1604  -18.3507   -1.9636
    3.6205   -0.5203   -3.9458    8.8255    5.8820  -12.7007
eta,q 0.97610 17.83871

---------------------------------------------------------------------
compute_vox2vox talsrcimg talsrcimg_to_711-2C_as_mni_average_305_t4 /opt/freesurfer/average/711-2C_as_mni_average_305
---------------------------------------------------------------------

freesurfer compute_vox2vox.c
Reading: talsrcimg.4dfp.ifh
Reading: talsrcimg_to_711-2C_as_mni_average_305_t4
Reading: /opt/freesurfer/average/711-2C_as_mni_average_305.4dfp.ifh
Writing: talsrcimg_to_711-2C_as_mni_average_305_t4_vox2vox.txt

start time Sun Mar 8 22:28:43 CET 2026
end		time Sun Mar 8 22:30:10 CET 2026

mpr2mni305 success

avi2talxfm orig_nu.mgz /opt/freesurfer/average/mni305.cor.mgz talsrcimg_to_711-2C_as_mni_average_305_t4_vox2vox.txt transforms/talairach.auto.xfm
avi2talxfm done
mv -f /out/sourcedata/freesurfer/sub-v1s16x0051171_ses-1/mri/talsrcimg_to_711-2C_as_mni_average_305_t4_vox2vox.txt /out/sourcedata/freesurfer/sub-v1s16x0051171_ses-1/mri/transforms/talsrcimg_to_711-2C_as_mni_average_305_t4_vox2vox.txt
lta_convert --src orig_nu.mgz --trg /opt/freesurfer/average/mni305.cor.mgz --inxfm transforms/talairach.auto.xfm --outlta transforms/talairach.auto.xfm.lta --subject fsaverage
7.3.2

--src: orig_nu.mgz src image (geometry).
--trg: /opt/freesurfer/average/mni305.cor.mgz trg image (geometry).
--inmni: transforms/talairach.auto.xfm input MNI/XFM transform.
--outlta: transforms/talairach.auto.xfm.lta output LTA.
--s: fsaverage subject name
 LTA read, type : 1
 1.09814   0.01007  -0.04713  -2.07968;
-0.05820   1.00541   0.15897  -24.95201;
 0.05936  -0.10819   1.20529   11.96167;
 0.00000   0.00000   0.00000   1.00000;
setting subject to fsaverage
Writing  LTA to file transforms/talairach.auto.xfm.lta...
lta_convert successful.
 
 
Started at Sun Mar 8 22:28:42 CET 2026
Ended   at Sun Mar  8 22:30:11 CET 2026
talairach_avi done
