status file for recon-all
Mon Mar  9 03:32:34 CET 2026
#@# Tessellate rh Mon Mar  9 03:32:34 CET 2026
#@# Smooth1 rh Mon Mar  9 03:32:37 CET 2026
#@# Inflation1 rh Mon Mar  9 03:32:39 CET 2026
#@# QSphere rh Mon Mar  9 03:32:50 CET 2026
#@# Fix Topology rh Mon Mar  9 03:34:56 CET 2026
#@# Smooth2 rh Mon Mar  9 03:58:14 CET 2026
#@# Inflation2 rh Mon Mar  9 03:58:15 CET 2026
#@# Curv .H and .K rh Mon Mar  9 03:58:27 CET 2026
#@# Sphere rh Mon Mar  9 03:58:57 CET 2026
#@# Surf Reg rh Mon Mar  9 04:07:18 CET 2026
#@# Jacobian white rh Mon Mar  9 04:13:05 CET 2026
#@# AvgCurv rh Mon Mar  9 04:13:06 CET 2026
#@# Cortical Parc rh Mon Mar  9 04:13:06 CET 2026
#@# white curv rh Mon Mar  9 04:18:16 CET 2026
#@# white area rh Mon Mar  9 04:18:17 CET 2026
#@# pial curv rh Mon Mar  9 04:18:17 CET 2026
#@# pial area rh Mon Mar  9 04:18:19 CET 2026
#@# thickness rh Mon Mar  9 04:18:19 CET 2026
#@# area and vertex vol rh Mon Mar  9 04:18:35 CET 2026
#@# Curvature Stats rh Mon Mar  9 04:18:36 CET 2026
#@# Cortical Parc 2 rh Mon Mar  9 04:18:37 CET 2026
#@# Cortical Parc 3 rh Mon Mar  9 04:18:46 CET 2026
#@# WM/GM Contrast rh Mon Mar  9 04:18:53 CET 2026
recon-all -s sub-v1s16x0051183_ses-1 finished without error at Mon Mar  9 04:18:56 CET 2026



#New# invocation of recon-all 



status file for recon-all
Mon Mar  9 04:25:07 CET 2026
#@# white curv rh Mon Mar  9 04:25:07 CET 2026
#@# white area rh Mon Mar  9 04:25:07 CET 2026
#@# pial curv rh Mon Mar  9 04:25:07 CET 2026
#@# pial area rh Mon Mar  9 04:25:07 CET 2026
#@# thickness rh Mon Mar  9 04:25:07 CET 2026
#@# area and vertex vol rh Mon Mar  9 04:25:07 CET 2026
#@# Parcellation Stats rh Mon Mar  9 04:25:07 CET 2026
#@# Parcellation Stats 2 rh Mon Mar  9 04:25:19 CET 2026
#@# Parcellation Stats 3 rh Mon Mar  9 04:25:25 CET 2026
#@# BA_exvivo Labels rh Mon Mar  9 04:25:30 CET 2026
recon-all -s sub-v1s16x0051183_ses-1 finished without error at Mon Mar  9 04:27:25 CET 2026
