/out/sourcedata/freesurfer/sub-v1s16x0051186_ses-1/mri
/opt/freesurfer/bin/talairach_avi
--i orig_nu.mgz --xfm transforms/talairach.auto.xfm
talairach_avi 7.3.2
Linux dna074 5.14.0-427.37.1.el9_4.x86_64 #1 SMP PREEMPT_DYNAMIC Fri Sep 13 12:41:50 EDT 2024 x86_64 x86_64 x86_64 GNU/Linux
Sun Mar  8 23:48:54 CET 2026
mri_convert orig_nu.mgz talsrcimg.img 
reading from orig_nu.mgz...
TR=0.00, TE=0.00, TI=0.00, flip angle=0.00
i_ras = (-1, 0, 0)
j_ras = (0, 0, -1)
k_ras = (0, 1, 0)
writing to talsrcimg.img...
Analyze Output Matrix
-1.00000   0.00000   0.00000   131.18219;
 0.00000   0.00000   1.00000  -134.10393;
 0.00000  -1.00000   0.00000   131.18219;
 0.00000   0.00000   0.00000   1.00000;
--------------------
INFO: set hdr.hist.orient to -1
mpr2mni305 talsrcimg
Sun Mar  8 23:48:54 CET 2026
/opt/freesurfer/bin/mpr2mni305 talsrcimg
mpr2mni305 7.3.2
target=711-2C_as_mni_average_305

---------------------------------------------------------------------
analyzeto4dfp talsrcimg -O0 -y
---------------------------------------------------------------------

freesurfer ifh2hdr.c
Sun Mar  8 23:48:55 2026
Writing: talsrcimg.4dfp.hdr
freesurfer analyzeto4dfp.c
Reading: talsrcimg.hdr
header size 348 bytes
hdr.dime.datatype	offset=70	value=2
hdr.dime.bitpix		offset=72	value=8
hdr.hist.orient		offset=252	value=-1
dimensionality     4
dimensions       256       256       256         1
Reading: talsrcimg.img
Writing: talsrcimg.4dfp.img
Writing: talsrcimg.4dfp.ifh
ifh2hdr talsrcimg -r0to220
ori=2

---------------------------------------------------------------------
gauss_4dfp talsrcimg 1.1
---------------------------------------------------------------------

freesurfer gauss_4dfp.c
Reading: talsrcimg.4dfp.img
Writing: talsrcimg_g11.4dfp.img
image dimensions 256 256 256 padded to 288 288 288
processing volume 1freesurfer ifh2hdr.c
Sun Mar  8 23:48:56 2026
Writing: talsrcimg_g11.4dfp.hdr

Writing: talsrcimg_g11.4dfp.ifh
including: talsrcimg.4dfp.img.rec in talsrcimg_g11.4dfp.img.rec

---------------------------------------------------------------------
imgreg_4dfp /opt/freesurfer/average/711-2C_as_mni_average_305 none talsrcimg_g11 none talsrcimg_to_711-2C_as_mni_average_305_t4 4355
---------------------------------------------------------------------

freesurfer imgreg_4dfp.c
/opt/freesurfer/average/711-2C_as_mni_average_305.4dfp.img
       256       256       256         1
  1.000000  1.000000  1.000000
orientation T byte_order littleendian
Reading image: /opt/freesurfer/average/711-2C_as_mni_average_305.4dfp.img
dimensions:      256       256       256
mmppix:       1.0000   -1.0000   -1.0000
center:     128.0000 -129.0000 -129.0000
talsrcimg_g11.4dfp.img
       256       256       256         1
  1.000000  1.000000  1.000000
orientation T byte_order littleendian
Reading image: talsrcimg_g11.4dfp.img
dimensions:      256       256       256
mmppix:       1.0000   -1.0000   -1.0000
center:     128.0000 -129.0000 -129.0000
t4_read: open error in t4_sub.f l:  41 t4_file(1:l)talsrcimg_to_711-2C_as_mni_average_305_t4 
t4_read: transform initialized to I4
rotation matrix determinant  1.000000
image alignment mode   4355 decimal     1103 hex
   -7.5000  -45.0000  -45.0000 6159.2324   31.9022
    0.0000  -45.0000  -45.0000 6341.3862   31.9014
    7.5000  -45.0000  -45.0000 6026.0107   31.8931
   -7.5000  -37.5000  -45.0000 6720.7031   31.8778
    0.0000  -37.5000  -45.0000 6921.8706   31.8962
    7.5000  -37.5000  -45.0000 6575.8740   31.9216
   -7.5000  -30.0000  -45.0000 7543.4634   31.8618
    0.0000  -30.0000  -45.0000 7781.5371   31.9038
    7.5000  -30.0000  -45.0000 7396.2573   31.9446
   -7.5000  -22.5000  -45.0000 8381.7188   31.8628
    0.0000  -22.5000  -45.0000 8655.2783   31.9057
    7.5000  -22.5000  -45.0000 8209.5186   31.9261
   -7.5000  -15.0000  -45.0000 9102.3027   31.8827
    0.0000  -15.0000  -45.0000 9385.6475   31.9082
    7.5000  -15.0000  -45.0000 8864.6582   31.8957
   -7.5000   -7.5000  -45.0000 9695.9727   31.8953
    0.0000   -7.5000  -45.000010010.6592   31.9008
    7.5000   -7.5000  -45.0000 9443.4785   31.8752
   -7.5000    0.0000  -45.000010197.8428   31.8913
    0.0000    0.0000  -45.000010506.1611   31.8906
    7.5000    0.0000  -45.0000 9951.3877   31.8824
   -7.5000    7.5000  -45.0000 9926.9521   31.8778
    0.0000    7.5000  -45.000010240.3682   31.8962
    7.5000    7.5000  -45.0000 9728.5498   31.9216
   -7.5000   15.0000  -45.0000 9638.8594   31.8618
    0.0000   15.0000  -45.0000 9976.3574   31.9038
    7.5000   15.0000  -45.0000 9499.6318   31.9446
   -7.5000   22.5000  -45.0000 9354.9268   31.8584
    0.0000   22.5000  -45.0000 9649.5967   31.9014
    7.5000   22.5000  -45.0000 9215.1279   31.9218
   -7.5000   30.0000  -45.0000 9001.9033   31.4579
    0.0000   30.0000  -45.0000 9256.5283   31.4830
    7.5000   30.0000  -45.0000 8821.8789   31.4707
   -7.5000   37.5000  -45.0000 8664.2842   31.4703
    0.0000   37.5000  -45.0000 8906.6631   31.4756
    7.5000   37.5000  -45.0000 8488.5781   31.4504
   -7.5000   45.0000  -45.0000 7995.7271   30.6673
    0.0000   45.0000  -45.0000 8206.9082   30.6667
    7.5000   45.0000  -45.0000 7818.2021   30.6587
   -7.5000  -45.0000  -37.5000 6723.9580   31.8241
    0.0000  -45.0000  -37.5000 6922.6665   31.8239
    7.5000  -45.0000  -37.5000 6544.4849   31.8074
   -7.5000  -37.5000  -37.5000 7305.0854   31.7650
    0.0000  -37.5000  -37.5000 7525.0688   31.7963
    7.5000  -37.5000  -37.5000 7129.7021   31.8362
   -7.5000  -30.0000  -37.5000 8152.3359   31.7151
    0.0000  -30.0000  -37.5000 8401.9854   31.7615
    7.5000  -30.0000  -37.5000 7992.7563   31.8242
   -7.5000  -22.5000  -37.5000 9037.2422   31.7182
    0.0000  -22.5000  -37.5000 9323.0410   31.7448
    7.5000  -22.5000  -37.5000 8842.1758   31.7700
   -7.5000  -15.0000  -37.5000 9795.4873   31.7709
    0.0000  -15.0000  -37.500010138.1582   31.7685
    7.5000  -15.0000  -37.5000 9516.7480   31.7375
   -7.5000   -7.5000  -37.500010425.4619   31.8161
    0.0000   -7.5000  -37.500010789.1191   31.8021
    7.5000   -7.5000  -37.500010143.5264   31.7525
   -7.5000    0.0000  -37.500010883.7178   31.8133
    0.0000    0.0000  -37.500011243.6045   31.8133
    7.5000    0.0000  -37.500010649.2773   31.7967
   -7.5000    7.5000  -37.500010572.2275   31.7650
    0.0000    7.5000  -37.500010940.9570   31.7963
    7.5000    7.5000  -37.500010377.7520   31.8362
   -7.5000   15.0000  -37.500010247.6465   31.7151
    0.0000   15.0000  -37.500010629.4033   31.7615
    7.5000   15.0000  -37.500010090.9473   31.8242
   -7.5000   22.5000  -37.5000 9958.3975   31.7138
    0.0000   22.5000  -37.500010305.5586   31.7404
    7.5000   22.5000  -37.5000 9775.0127   31.7656
   -7.5000   30.0000  -37.5000 9550.3418   31.3476
    0.0000   30.0000  -37.5000 9853.2471   31.3451
    7.5000   30.0000  -37.5000 9323.9521   31.3146
   -7.5000   37.5000  -37.5000 9161.1758   31.3921
    0.0000   37.5000  -37.5000 9450.6465   31.3783
    7.5000   37.5000  -37.5000 8953.0820   31.3294
   -7.5000   45.0000  -37.5000 8426.3730   30.5923
    0.0000   45.0000  -37.5000 8676.1533   30.5923
    7.5000   45.0000  -37.5000 8255.3848   30.5764
   -7.5000  -45.0000  -30.0000 7335.1260   33.0611
    0.0000  -45.0000  -30.0000 7583.5156   33.0581
    7.5000  -45.0000  -30.0000 7143.3110   33.0639
   -7.5000  -37.5000  -30.0000 7954.6812   32.9874
    0.0000  -37.5000  -30.0000 8219.7725   33.0065
    7.5000  -37.5000  -30.0000 7746.9976   33.0647
   -7.5000  -30.0000  -30.0000 8863.4355   32.9013
    0.0000  -30.0000  -30.0000 9169.8779   32.9226
    7.5000  -30.0000  -30.0000 8658.5977   33.0081
   -7.5000  -22.5000  -30.0000 9798.4326   32.8808
    0.0000  -22.5000  -30.000010138.9736   32.8813
    7.5000  -22.5000  -30.0000 9556.0371   32.9388
   -7.5000  -15.0000  -30.000010612.6982   32.9455
    0.0000  -15.0000  -30.000011011.6816   32.9259
    7.5000  -15.0000  -30.000010302.7080   32.9316
   -7.5000   -7.5000  -30.000011288.7617   33.0282
    0.0000   -7.5000  -30.000011737.1240   33.0079
    7.5000   -7.5000  -30.000011007.7754   32.9892
   -7.5000    0.0000  -30.000011736.1875   33.0498
    0.0000    0.0000  -30.000012200.3604   33.0470
    7.5000    0.0000  -30.000011505.3975   33.0529
   -7.5000    7.5000  -30.000011389.6426   32.9874
    0.0000    7.5000  -30.000011831.6221   33.0065
    7.5000    7.5000  -30.000011184.9941   33.0647
   -7.5000   15.0000  -30.000011049.8574   32.9013
    0.0000   15.0000  -30.000011435.0752   32.9226
    7.5000   15.0000  -30.000010824.3535   33.0081
   -7.5000   22.5000  -30.000010685.8184   32.8730
    0.0000   22.5000  -30.000011069.6436   32.8734
    7.5000   22.5000  -30.000010451.1172   32.9308
   -7.5000   30.0000  -30.000010217.4453   32.5095
    0.0000   30.0000  -30.000010551.0830   32.4903
    7.5000   30.0000  -30.0000 9958.1934   32.4958
   -7.5000   37.5000  -30.0000 9775.1973   32.5912
    0.0000   37.5000  -30.000010088.6523   32.5711
    7.5000   37.5000  -30.0000 9561.2588   32.5527
   -7.5000   45.0000  -30.0000 8965.2734   31.8047
    0.0000   45.0000  -30.0000 9258.8975   31.8019
    7.5000   45.0000  -30.0000 8801.9023   31.8076
   -7.5000  -45.0000  -22.5000 7900.0317   34.0511
    0.0000  -45.0000  -22.5000 8200.6729   34.0467
    7.5000  -45.0000  -22.5000 7743.6792   34.0885
   -7.5000  -37.5000  -22.5000 8572.4619   34.0009
    0.0000  -37.5000  -22.5000 8910.3779   33.9916
    7.5000  -37.5000  -22.5000 8398.1162   34.0547
   -7.5000  -30.0000  -22.5000 9567.1270   33.9126
    0.0000  -30.0000  -22.5000 9947.4912   33.8995
    7.5000  -30.0000  -22.5000 9372.9619   33.9869
   -7.5000  -22.5000  -22.500010572.8682   33.8639
    0.0000  -22.5000  -22.500010984.0088   33.8541
    7.5000  -22.5000  -22.500010325.9580   33.9440
   -7.5000  -15.0000  -22.500011422.3604   33.9051
    0.0000  -15.0000  -22.500011893.5596   33.9017
    7.5000  -15.0000  -22.500011138.8027   33.9707
   -7.5000   -7.5000  -22.500012090.8828   33.9921
    0.0000   -7.5000  -22.500012657.5391   33.9907
    7.5000   -7.5000  -22.500011841.8398   34.0361
   -7.5000    0.0000  -22.500012625.2539   34.0395
    0.0000    0.0000  -22.500013177.6836   34.0352
    7.5000    0.0000  -22.500012387.6455   34.0770
   -7.5000    7.5000  -22.500012237.0137   34.0009
    0.0000    7.5000  -22.500012749.7539   33.9916
    7.5000    7.5000  -22.500011985.3672   34.0547
   -7.5000   15.0000  -22.500011830.9932   33.9126
    0.0000   15.0000  -22.500012301.6455   33.8995
    7.5000   15.0000  -22.500011573.2959   33.9869
   -7.5000   22.5000  -22.500011431.5771   33.8535
    0.0000   22.5000  -22.500011904.6699   33.8436
    7.5000   22.5000  -22.500011204.0303   33.9335
   -7.5000   30.0000  -22.500010890.2568   33.4616
    0.0000   30.0000  -22.500011329.2334   33.4582
    7.5000   30.0000  -22.500010668.8027   33.5263
   -7.5000   37.5000  -22.500010390.9619   33.5475
    0.0000   37.5000  -22.500010791.7129   33.5461
    7.5000   37.5000  -22.500010197.9229   33.5909
   -7.5000   45.0000  -22.5000 9492.1445   32.7817
    0.0000   45.0000  -22.5000 9861.9346   32.7775
    7.5000   45.0000  -22.5000 9344.6055   32.8178
   -7.5000  -45.0000  -15.0000 8567.4951   34.7995
    0.0000  -45.0000  -15.0000 8900.6504   34.7969
    7.5000  -45.0000  -15.0000 8401.9014   34.8523
   -7.5000  -37.5000  -15.0000 9283.4365   34.7867
    0.0000  -37.5000  -15.0000 9647.2676   34.7629
    7.5000  -37.5000  -15.0000 9123.7461   34.8140
   -7.5000  -30.0000  -15.000010342.3496   34.7299
    0.0000  -30.0000  -15.000010774.7988   34.7088
    7.5000  -30.0000  -15.000010176.1055   34.7782
   -7.5000  -22.5000  -15.000011430.3877   34.6742
    0.0000  -22.5000  -15.000011896.3564   34.6795
    7.5000  -22.5000  -15.000011179.4551   34.7721
   -7.5000  -15.0000  -15.000012231.3613   34.6805
    0.0000  -15.0000  -15.000012828.8721   34.7077
    7.5000  -15.0000  -15.000012049.1973   34.8049
   -7.5000   -7.5000  -15.000012877.0137   34.7372
    0.0000   -7.5000  -15.000013556.8613   34.7592
    7.5000   -7.5000  -15.000012739.5928   34.8374
   -7.5000    0.0000  -15.000013484.1562   34.7875
    0.0000    0.0000  -15.000014171.0332   34.7851
    7.5000    0.0000  -15.000013267.8359   34.8404
   -7.5000    7.5000  -15.000013138.1514   34.7867
    0.0000    7.5000  -15.000013723.7256   34.7629
    7.5000    7.5000  -15.000012853.6211   34.8140
   -7.5000   15.0000  -15.000012666.9854   34.7299
    0.0000   15.0000  -15.000013236.1963   34.7088
    7.5000   15.0000  -15.000012401.6338   34.7782
   -7.5000   22.5000  -15.000012198.7637   34.6619
    0.0000   22.5000  -15.000012779.9170   34.6672
    7.5000   22.5000  -15.000011955.1172   34.7598
   -7.5000   30.0000  -15.000011578.3691   34.2317
    0.0000   30.0000  -15.000012117.2754   34.2585
    7.5000   30.0000  -15.000011337.1318   34.3545
   -7.5000   37.5000  -15.000011037.9404   34.2876
    0.0000   37.5000  -15.000011546.2852   34.3093
    7.5000   37.5000  -15.000010850.1660   34.3865
   -7.5000   45.0000  -15.000010062.5693   33.5223
    0.0000   45.0000  -15.000010496.1865   33.5200
    7.5000   45.0000  -15.0000 9942.5117   33.5733
   -7.5000  -45.0000   -7.5000 9327.2500   35.2974
    0.0000  -45.0000   -7.5000 9705.9863   35.2975
    7.5000  -45.0000   -7.5000 9188.8682   35.3263
   -7.5000  -37.5000   -7.500010101.9336   35.2960
    0.0000  -37.5000   -7.500010516.2578   35.2892
    7.5000  -37.5000   -7.5000 9982.5615   35.3218
   -7.5000  -30.0000   -7.500011276.1328   35.2751
    0.0000  -30.0000   -7.500011740.9688   35.2862
    7.5000  -30.0000   -7.500011111.0039   35.3328
   -7.5000  -22.5000   -7.500012440.0576   35.2449
    0.0000  -22.5000   -7.500012990.3340   35.2800
    7.5000  -22.5000   -7.500012203.7314   35.3371
   -7.5000  -15.0000   -7.500013230.8027   35.2415
    0.0000  -15.0000   -7.500013895.5312   35.2843
    7.5000  -15.0000   -7.500013059.8447   35.3382
   -7.5000   -7.5000   -7.500013877.3828   35.2612
    0.0000   -7.5000   -7.500014640.4570   35.2869
    7.5000   -7.5000   -7.500013757.2266   35.3269
   -7.5000    0.0000   -7.500014539.4775   35.2852
    0.0000    0.0000   -7.500015273.6650   35.2855
    7.5000    0.0000   -7.500014334.0156   35.3144
   -7.5000    7.5000   -7.500014145.3809   35.2960
    0.0000    7.5000   -7.500014799.2715   35.2892
    7.5000    7.5000   -7.500013870.8242   35.3218
   -7.5000   15.0000   -7.500013620.7900   35.2751
    0.0000   15.0000   -7.500014263.4199   35.2862
    7.5000   15.0000   -7.500013355.6592   35.3328
   -7.5000   22.5000   -7.500013085.1016   35.2286
    0.0000   22.5000   -7.500013736.6035   35.2638
    7.5000   22.5000   -7.500012847.2734   35.3208
   -7.5000   30.0000   -7.500012336.5840   34.7845
    0.0000   30.0000   -7.500012961.2676   34.8267
    7.5000   30.0000   -7.500012092.9717   34.8799
   -7.5000   37.5000   -7.500011766.2510   34.8039
    0.0000   37.5000   -7.500012344.1338   34.8293
    7.5000   37.5000   -7.500011579.0420   34.8687
   -7.5000   45.0000   -7.500010733.5156   34.0083
    0.0000   45.0000   -7.500011220.6553   34.0086
    7.5000   45.0000   -7.500010582.7256   34.0364
   -7.5000  -45.0000    0.000010007.9092   35.5210
    0.0000  -45.0000    0.000010418.1348   35.5222
    7.5000  -45.0000    0.0000 9898.5791   35.5133
   -7.5000  -37.5000    0.000010885.5928   35.4933
    0.0000  -37.5000    0.000011336.7217   35.5155
    7.5000  -37.5000    0.000010784.5811   35.5435
   -7.5000  -30.0000    0.000012206.4385   35.4750
    0.0000  -30.0000    0.000012751.8574   35.5229
    7.5000  -30.0000    0.000012102.5859   35.5676
   -7.5000  -22.5000    0.000013395.0967   35.4762
    0.0000  -22.5000    0.000014109.3145   35.5251
    7.5000  -22.5000    0.000013245.6836   35.5472
   -7.5000  -15.0000    0.000014092.2764   35.4988
    0.0000  -15.0000    0.000014851.7979   35.5285
    7.5000  -15.0000    0.000014115.3115   35.5147
   -7.5000   -7.5000    0.000014824.4941   35.5133
    0.0000   -7.5000    0.000015591.4893   35.5213
    7.5000   -7.5000    0.000014895.4873   35.4933
   -7.5000    0.0000    0.000015604.3447   35.5089
    0.0000    0.0000    0.000016337.8223   35.5102
    7.5000    0.0000    0.000015514.7529   35.5014
   -7.5000    7.5000    0.000015075.3232   35.4933
    0.0000    7.5000    0.000015768.5254   35.5155
    7.5000    7.5000    0.000014995.2920   35.5435
   -7.5000   15.0000    0.000014477.6787   35.4750
    0.0000   15.0000    0.000015141.9658   35.5229
    7.5000   15.0000    0.000014363.0947   35.5676
   -7.5000   22.5000    0.000013903.0742   35.4598
    0.0000   22.5000    0.000014586.7188   35.5087
    7.5000   22.5000    0.000013731.5410   35.5309
   -7.5000   30.0000    0.000013087.5098   35.0394
    0.0000   30.0000    0.000013743.8887   35.0687
    7.5000   30.0000    0.000012857.8027   35.0550
   -7.5000   37.5000    0.000012528.3008   35.0537
    0.0000   37.5000    0.000013121.2080   35.0616
    7.5000   37.5000    0.000012273.6699   35.0340
   -7.5000   45.0000    0.000011447.7148   34.2265
    0.0000   45.0000    0.000011979.4307   34.2278
    7.5000   45.0000    0.000011242.0244   34.2192
   -7.5000  -45.0000    7.5000 9817.8936   35.5837
    0.0000  -45.0000    7.500010194.8965   35.5835
    7.5000  -45.0000    7.5000 9742.7012   35.5647
   -7.5000  -37.5000    7.500010693.2949   35.5175
    0.0000  -37.5000    7.500011110.2930   35.5524
    7.5000  -37.5000    7.500010651.8760   35.5967
   -7.5000  -30.0000    7.500012102.4092   35.4616
    0.0000  -30.0000    7.500012700.1826   35.5133
    7.5000  -30.0000    7.500011988.5723   35.5830
   -7.5000  -22.5000    7.500013280.6816   35.4651
    0.0000  -22.5000    7.500013875.5430   35.4946
    7.5000  -22.5000    7.500013183.8115   35.5223
   -7.5000  -15.0000    7.500013746.7207   35.5243
    0.0000  -15.0000    7.500014204.1963   35.5213
    7.5000  -15.0000    7.500013913.4805   35.4865
   -7.5000   -7.5000    7.500014439.4033   35.5749
    0.0000   -7.5000    7.500014874.2588   35.5591
    7.5000   -7.5000    7.500014591.9541   35.5035
   -7.5000    0.0000    7.500015226.9961   35.5717
    0.0000    0.0000    7.500015744.6240   35.5716
    7.5000    0.0000    7.500015288.2559   35.5529
   -7.5000    7.5000    7.500014715.6221   35.5175
    0.0000    7.5000    7.500015294.4043   35.5524
    7.5000    7.5000    7.500014768.5957   35.5967
   -7.5000   15.0000    7.500014160.3984   35.4616
    0.0000   15.0000    7.500014737.9102   35.5133
    7.5000   15.0000    7.500014133.5264   35.5830
   -7.5000   22.5000    7.500013645.9336   35.4488
    0.0000   22.5000    7.500014207.2100   35.4782
    7.5000   22.5000    7.500013507.6455   35.5060
   -7.5000   30.0000    7.500012856.8975   35.0646
    0.0000   30.0000    7.500013408.3164   35.0616
    7.5000   30.0000    7.500012605.9541   35.0272
   -7.5000   37.5000    7.500012298.0742   35.1145
    0.0000   37.5000    7.500012839.0967   35.0989
    7.5000   37.5000    7.500012065.7217   35.0440
   -7.5000   45.0000    7.500011257.5039   34.2870
    0.0000   45.0000    7.500011743.8740   34.2869
    7.5000   45.0000    7.500011069.9053   34.2689
   -7.5000  -45.0000   15.0000 9529.5908   35.5021
    0.0000  -45.0000   15.0000 9876.2549   35.4989
    7.5000  -45.0000   15.0000 9405.7832   35.5052
   -7.5000  -37.5000   15.000010356.5332   35.4230
    0.0000  -37.5000   15.000010768.0771   35.4436
    7.5000  -37.5000   15.000010307.9424   35.5060
   -7.5000  -30.0000   15.000011647.0342   35.3306
    0.0000  -30.0000   15.000012167.7598   35.3534
    7.5000  -30.0000   15.000011520.8125   35.4453
   -7.5000  -22.5000   15.000012754.8691   35.3086
    0.0000  -22.5000   15.000013120.1416   35.3091
    7.5000  -22.5000   15.000012536.5801   35.3708
   -7.5000  -15.0000   15.000013305.1895   35.3780
    0.0000  -15.0000   15.000013568.2275   35.3570
    7.5000  -15.0000   15.000013351.1240   35.3631
   -7.5000   -7.5000   15.000013870.5283   35.4669
    0.0000   -7.5000   15.000014185.4434   35.4450
    7.5000   -7.5000   15.000014042.5967   35.4250
   -7.5000    0.0000   15.000014586.5352   35.4901
    0.0000    0.0000   15.000015045.5781   35.4870
    7.5000    0.0000   15.000014701.2490   35.4933
   -7.5000    7.5000   15.000014202.0234   35.4230
    0.0000    7.5000   15.000014679.8350   35.4436
    7.5000    7.5000   15.000014208.7773   35.5060
   -7.5000   15.0000   15.000013759.2207   35.3306
    0.0000   15.0000   15.000014163.5645   35.3534
    7.5000   15.0000   15.000013620.0527   35.4453
   -7.5000   22.5000   15.000013267.1758   35.2924
    0.0000   22.5000   15.000013680.9424   35.2928
    7.5000   22.5000   15.000013047.1641   35.3545
   -7.5000   30.0000   15.000012464.7656   34.9202
    0.0000   30.0000   15.000012885.0391   34.8995
    7.5000   30.0000   15.000012187.8438   34.9054
   -7.5000   37.5000   15.000011922.5625   35.0079
    0.0000   37.5000   15.000012324.9023   34.9863
    7.5000   37.5000   15.000011675.3223   34.9665
   -7.5000   45.0000   15.000010915.0918   34.2083
    0.0000   45.0000   15.000011337.9912   34.2054
    7.5000   45.0000   15.000010712.8604   34.2115
   -7.5000  -45.0000   22.5000 9059.1182   35.3478
    0.0000  -45.0000   22.5000 9452.5205   35.3432
    7.5000  -45.0000   22.5000 8924.7246   35.3866
   -7.5000  -37.5000   22.5000 9822.9883   35.2957
    0.0000  -37.5000   22.500010299.4424   35.2860
    7.5000  -37.5000   22.5000 9729.0010   35.3515
   -7.5000  -30.0000   22.500010954.8379   35.2040
    0.0000  -30.0000   22.500011451.7227   35.1904
    7.5000  -30.0000   22.500010793.7881   35.2811
   -7.5000  -22.5000   22.500012006.1768   35.1535
    0.0000  -22.5000   22.500012387.0723   35.1432
    7.5000  -22.5000   22.500011732.9258   35.2366
   -7.5000  -15.0000   22.500012857.5254   35.1962
    0.0000  -15.0000   22.500013220.3652   35.1926
    7.5000  -15.0000   22.500012611.8555   35.2643
   -7.5000   -7.5000   22.500013612.2715   35.2865
    0.0000   -7.5000   22.500014010.5928   35.2851
    7.5000   -7.5000   22.500013416.9766   35.3321
   -7.5000    0.0000   22.500014250.8486   35.3357
    0.0000    0.0000   22.500014644.6113   35.3312
    7.5000    0.0000   22.500014038.9912   35.3746
   -7.5000    7.5000   22.500013794.6113   35.2957
    0.0000    7.5000   22.500014114.3965   35.2860
    7.5000    7.5000   22.500013522.8848   35.3515
   -7.5000   15.0000   22.500013223.6162   35.2040
    0.0000   15.0000   22.500013566.8750   35.1904
    7.5000   15.0000   22.500012969.8584   35.2811
   -7.5000   22.5000   22.500012678.0518   35.1373
    0.0000   22.5000   22.500013074.0342   35.1270
    7.5000   22.5000   22.500012454.4697   35.2204
   -7.5000   30.0000   22.500011808.2734   34.7407
    0.0000   30.0000   22.500012214.8887   34.7372
    7.5000   30.0000   22.500011601.4131   34.8079
   -7.5000   37.5000   22.500011263.2363   34.8299
    0.0000   37.5000   22.500011639.5459   34.8284
    7.5000   37.5000   22.500011078.3594   34.8749
   -7.5000   45.0000   22.500010387.4629   34.0595
    0.0000   45.0000   22.500010725.6631   34.0552
    7.5000   45.0000   22.500010187.4873   34.0971
   -7.5000  -45.0000   30.0000 8508.3438   35.2770
    0.0000  -45.0000   30.0000 8889.1523   35.2745
    7.5000  -45.0000   30.0000 8384.8135   35.3306
   -7.5000  -37.5000   30.0000 9226.6602   35.2641
    0.0000  -37.5000   30.0000 9651.7598   35.2400
    7.5000  -37.5000   30.0000 9084.2861   35.2917
   -7.5000  -30.0000   30.000010287.4824   35.2065
    0.0000  -30.0000   30.000010684.5713   35.1852
    7.5000  -30.0000   30.000010039.0684   35.2555
   -7.5000  -22.5000   30.000011258.3037   35.1501
    0.0000  -22.5000   30.000011616.3506   35.1554
    7.5000  -22.5000   30.000011000.8096   35.2493
   -7.5000  -15.0000   30.000012066.5498   35.1565
    0.0000  -15.0000   30.000012473.3857   35.1840
    7.5000  -15.0000   30.000011864.4287   35.2826
   -7.5000   -7.5000   30.000012829.6631   35.2139
    0.0000   -7.5000   30.000013254.7324   35.2362
    7.5000   -7.5000   30.000012614.8398   35.3155
   -7.5000    0.0000   30.000013467.0771   35.2649
    0.0000    0.0000   30.000013900.9854   35.2625
    7.5000    0.0000   30.000013238.7578   35.3186
   -7.5000    7.5000   30.000013040.1465   35.2641
    0.0000    7.5000   30.000013405.0586   35.2400
    7.5000    7.5000   30.000012801.5898   35.2917
   -7.5000   15.0000   30.000012495.4385   35.2065
    0.0000   15.0000   30.000012874.7217   35.1852
    7.5000   15.0000   30.000012284.7803   35.2555
   -7.5000   22.5000   30.000011965.2998   35.1339
    0.0000   22.5000   30.000012369.3711   35.1393
    7.5000   22.5000   30.000011796.4033   35.2331
   -7.5000   30.0000   30.000011090.5791   34.7015
    0.0000   30.0000   30.000011482.2627   34.7287
    7.5000   30.0000   30.000010942.3096   34.8260
   -7.5000   37.5000   30.000010552.3701   34.7582
    0.0000   37.5000   30.000010931.7705   34.7802
    7.5000   37.5000   30.000010427.6426   34.8584
   -7.5000   45.0000   30.0000 9714.5762   33.9913
    0.0000   45.0000   30.000010058.9033   33.9890
    7.5000   45.0000   30.0000 9590.0195   34.0430
   -7.5000  -45.0000   37.5000 8226.6074   35.4672
    0.0000  -45.0000   37.5000 8592.7764   35.4679
    7.5000  -45.0000   37.5000 8114.0615   35.4983
   -7.5000  -37.5000   37.5000 8898.8926   35.4666
    0.0000  -37.5000   37.5000 9273.3008   35.4604
    7.5000  -37.5000   37.5000 8750.2969   35.4946
   -7.5000  -30.0000   37.5000 9879.4766   35.4455
    0.0000  -30.0000   37.500010261.9336   35.4576
    7.5000  -30.0000   37.5000 9693.2783   35.5060
   -7.5000  -22.5000   37.500010787.6465   35.4140
    0.0000  -22.5000   37.500011195.1562   35.4505
    7.5000  -22.5000   37.500010618.8057   35.5094
   -7.5000  -15.0000   37.500011563.4922   35.4096
    0.0000  -15.0000   37.500012011.0498   35.4539
    7.5000  -15.0000   37.500011442.7266   35.5095
   -7.5000   -7.5000   37.500012293.1797   35.4297
    0.0000   -7.5000   37.500012765.2812   35.4566
    7.5000   -7.5000   37.500012163.3213   35.4981
   -7.5000    0.0000   37.500012903.1055   35.4549
    0.0000    0.0000   37.500013375.7480   35.4559
    7.5000    0.0000   37.500012757.3242   35.4863
   -7.5000    7.5000   37.500012562.3369   35.4666
    0.0000    7.5000   37.500012986.0713   35.4604
    7.5000    7.5000   37.500012375.8320   35.4946
   -7.5000   15.0000   37.500012084.6846   35.4455
    0.0000   15.0000   37.500012500.9160   35.4576
    7.5000   15.0000   37.500011886.9463   35.5060
   -7.5000   22.5000   37.500011615.8584   35.3977
    0.0000   22.5000   37.500012018.4648   35.4342
    7.5000   22.5000   37.500011426.4746   35.4931
   -7.5000   30.0000   37.500010764.1113   34.9513
    0.0000   30.0000   37.500011153.9072   34.9950
    7.5000   30.0000   37.500010580.3496   35.0500
   -7.5000   37.5000   37.500010267.8281   34.9712
    0.0000   37.5000   37.500010658.8604   34.9977
    7.5000   37.5000   37.500010096.6172   35.0387
   -7.5000   45.0000   37.5000 9427.2793   34.1745
    0.0000   45.0000   37.5000 9774.7109   34.1754
    7.5000   45.0000   37.5000 9288.3193   34.2047
   -7.5000  -45.0000   45.0000 7544.0923   35.7029
    0.0000  -45.0000   45.0000 7901.2090   35.7050
    7.5000  -45.0000   45.0000 7483.1748   35.6990
   -7.5000  -37.5000   45.0000 8150.4531   35.6763
    0.0000  -37.5000   45.0000 8506.3408   35.6991
    7.5000  -37.5000   45.0000 8056.2212   35.7303
   -7.5000  -30.0000   45.0000 9005.0254   35.6586
    0.0000  -30.0000   45.0000 9370.9902   35.7070
    7.5000  -30.0000   45.0000 8898.1445   35.7549
   -7.5000  -22.5000   45.0000 9859.2705   35.6591
    0.0000  -22.5000   45.000010259.2393   35.7086
    7.5000  -22.5000   45.0000 9737.4619   35.7335
   -7.5000  -15.0000   45.000010583.0176   35.6808
    0.0000  -15.0000   45.000011012.6582   35.7114
    7.5000  -15.0000   45.000010472.0957   35.7001
   -7.5000   -7.5000   45.000011238.9395   35.6951
    0.0000   -7.5000   45.000011686.3828   35.7041
    7.5000   -7.5000   45.000011099.4473   35.6787
   -7.5000    0.0000   45.000011771.6445   35.6910
    0.0000    0.0000   45.000012217.7842   35.6933
    7.5000    0.0000   45.000011656.7734   35.6873
   -7.5000    7.5000   45.000011460.8467   35.6763
    0.0000    7.5000   45.000011896.6631   35.6991
    7.5000    7.5000   45.000011339.1436   35.7303
   -7.5000   15.0000   45.000011066.1230   35.6586
    0.0000   15.0000   45.000011479.5117   35.7070
    7.5000   15.0000   45.000010910.8984   35.7549
   -7.5000   22.5000   45.000010661.0479   35.6426
    0.0000   22.5000   45.000011065.5176   35.6921
    7.5000   22.5000   45.000010513.3955   35.7170
   -7.5000   30.0000   45.0000 9909.1523   35.2159
    0.0000   30.0000   45.000010264.4424   35.2462
    7.5000   30.0000   45.0000 9715.6572   35.2350
   -7.5000   37.5000   45.0000 9526.7402   35.2301
    0.0000   37.5000   45.0000 9854.7656   35.2390
    7.5000   37.5000   45.0000 9313.0557   35.2139
   -7.5000   45.0000   45.0000 8729.1045   34.4176
    0.0000   45.0000   45.0000 9014.1699   34.4198
    7.5000   45.0000   45.0000 8564.8066   34.4140

---------------------------------------------------------------------
imgreg_4dfp /opt/freesurfer/average/711-2C_as_mni_average_305 /opt/freesurfer/average/711-2B_as_mni_average_305_mask talsrcimg_g11 none talsrcimg_to_711-2C_as_mni_average_305_t4 4355
---------------------------------------------------------------------

freesurfer imgreg_4dfp.c
/opt/freesurfer/average/711-2C_as_mni_average_305.4dfp.img
       256       256       256         1
  1.000000  1.000000  1.000000
orientation T byte_order littleendian
Reading image: /opt/freesurfer/average/711-2C_as_mni_average_305.4dfp.img
dimensions:      256       256       256
mmppix:       1.0000   -1.0000   -1.0000
center:     128.0000 -129.0000 -129.0000
/opt/freesurfer/average/711-2B_as_mni_average_305_mask.4dfp.img
       256       256       256         1
  1.000000  1.000000  1.000000
orientation T byte_order littleendian
Reading mask: /opt/freesurfer/average/711-2B_as_mni_average_305_mask.4dfp.img (2306576 pixels)
talsrcimg_g11.4dfp.img
       256       256       256         1
  1.000000  1.000000  1.000000
orientation T byte_order littleendian
Reading image: talsrcimg_g11.4dfp.img
dimensions:      256       256       256
mmppix:       1.0000   -1.0000   -1.0000
center:     128.0000 -129.0000 -129.0000
rotation matrix determinant  1.000000
image alignment mode   4355 decimal     1103 hex
   -7.5000  -45.0000  -45.0000 1733.8900   45.1395
    0.0000  -45.0000  -45.0000 1725.4164   45.4864
    7.5000  -45.0000  -45.0000 1698.8052   46.5783
   -7.5000  -37.5000  -45.0000 1842.1523   39.9324
    0.0000  -37.5000  -45.0000 1831.3176   40.3604
    7.5000  -37.5000  -45.0000 1807.1045   41.2930
   -7.5000  -30.0000  -45.0000 1944.7655   35.8868
    0.0000  -30.0000  -45.0000 1939.9124   36.3341
    7.5000  -30.0000  -45.0000 1904.7911   36.9710
   -7.5000  -22.5000  -45.0000 2039.0206   32.9439
    0.0000  -22.5000  -45.0000 2032.7183   33.2956
    7.5000  -22.5000  -45.0000 1998.0431   33.9090
   -7.5000  -15.0000  -45.0000 2091.7664   31.0193
    0.0000  -15.0000  -45.0000 2082.4849   31.1952
    7.5000  -15.0000  -45.0000 2044.3624   31.8882
   -7.5000   -7.5000  -45.0000 2107.4976   29.6479
    0.0000   -7.5000  -45.0000 2108.1597   29.8286
    7.5000   -7.5000  -45.0000 2075.2505   30.5176
   -7.5000    0.0000  -45.0000 2120.1294   28.6652
    0.0000    0.0000  -45.0000 2111.2795   28.7901
    7.5000    0.0000  -45.0000 2083.7158   29.5875
   -7.5000    7.5000  -45.0000 2106.5786   28.5050
    0.0000    7.5000  -45.0000 2101.6812   28.6229
    7.5000    7.5000  -45.0000 2070.9470   29.4510
   -7.5000   15.0000  -45.0000 2080.7224   29.0895
    0.0000   15.0000  -45.0000 2074.9502   29.2080
    7.5000   15.0000  -45.0000 2039.8160   30.0939
   -7.5000   22.5000  -45.0000 2036.6759   30.5222
    0.0000   22.5000  -45.0000 2023.1029   30.6250
    7.5000   22.5000  -45.0000 1991.7588   31.5842
   -7.5000   30.0000  -45.0000 1964.8566   32.8994
    0.0000   30.0000  -45.0000 1952.5706   33.0288
    7.5000   30.0000  -45.0000 1915.1321   33.9348
   -7.5000   37.5000  -45.0000 1867.6603   36.1204
    0.0000   37.5000  -45.0000 1864.9225   36.1999
    7.5000   37.5000  -45.0000 1834.1042   37.2473
   -7.5000   45.0000  -45.0000 1748.8075   40.1604
    0.0000   45.0000  -45.0000 1747.1405   40.2742
    7.5000   45.0000  -45.0000 1721.7214   41.4144
   -7.5000  -45.0000  -37.5000 1822.1385   41.1860
    0.0000  -45.0000  -37.5000 1810.7688   41.5000
    7.5000  -45.0000  -37.5000 1784.4060   42.4263
   -7.5000  -37.5000  -37.5000 1935.8362   36.6002
    0.0000  -37.5000  -37.5000 1928.2102   36.9971
    7.5000  -37.5000  -37.5000 1897.6104   37.6339
   -7.5000  -30.0000  -37.5000 2032.4763   32.8990
    0.0000  -30.0000  -37.5000 2026.7123   33.2671
    7.5000  -30.0000  -37.5000 2001.9921   33.8294
   -7.5000  -22.5000  -37.5000 2124.7917   30.1886
    0.0000  -22.5000  -37.5000 2118.5811   30.4668
    7.5000  -22.5000  -37.5000 2094.9500   30.9237
   -7.5000  -15.0000  -37.5000 2180.7961   28.3525
    0.0000  -15.0000  -37.5000 2180.2153   28.5464
    7.5000  -15.0000  -37.5000 2145.3435   29.0467
   -7.5000   -7.5000  -37.5000 2211.5469   27.2496
    0.0000   -7.5000  -37.5000 2210.0632   27.4131
    7.5000   -7.5000  -37.5000 2177.2434   27.8780
   -7.5000    0.0000  -37.5000 2216.6963   26.4015
    0.0000    0.0000  -37.5000 2210.6238   26.5413
    7.5000    0.0000  -37.5000 2188.1152   27.0928
   -7.5000    7.5000  -37.5000 2211.7126   26.1378
    0.0000    7.5000  -37.5000 2207.6279   26.2708
    7.5000    7.5000  -37.5000 2176.7485   26.9035
   -7.5000   15.0000  -37.5000 2182.4636   26.6280
    0.0000   15.0000  -37.5000 2177.7009   26.7628
    7.5000   15.0000  -37.5000 2152.1323   27.5256
   -7.5000   22.5000  -37.5000 2135.0637   27.9713
    0.0000   22.5000  -37.5000 2128.9294   28.1474
    7.5000   22.5000  -37.5000 2097.2148   28.9417
   -7.5000   30.0000  -37.5000 2056.7432   30.2013
    0.0000   30.0000  -37.5000 2050.2617   30.2582
    7.5000   30.0000  -37.5000 2012.8124   31.1165
   -7.5000   37.5000  -37.5000 1951.1448   33.1873
    0.0000   37.5000  -37.5000 1953.5431   33.2122
    7.5000   37.5000  -37.5000 1915.6328   34.0880
   -7.5000   45.0000  -37.5000 1830.8175   36.9477
    0.0000   45.0000  -37.5000 1826.8597   37.0500
    7.5000   45.0000  -37.5000 1793.8307   38.0198
   -7.5000  -45.0000  -30.0000 1930.6178   38.8058
    0.0000  -45.0000  -30.0000 1924.4690   39.1997
    7.5000  -45.0000  -30.0000 1895.1029   39.9348
   -7.5000  -37.5000  -30.0000 2057.3975   34.4425
    0.0000  -37.5000  -30.0000 2048.9917   34.8274
    7.5000  -37.5000  -30.0000 2013.9192   35.3782
   -7.5000  -30.0000  -30.0000 2163.7515   31.0896
    0.0000  -30.0000  -30.0000 2158.7080   31.3725
    7.5000  -30.0000  -30.0000 2123.6011   31.8946
   -7.5000  -22.5000  -30.0000 2249.7898   28.4704
    0.0000  -22.5000  -30.0000 2249.3296   28.7884
    7.5000  -22.5000  -30.0000 2217.9658   29.2384
   -7.5000  -15.0000  -30.0000 2306.2034   26.8025
    0.0000  -15.0000  -30.0000 2311.9744   27.0378
    7.5000  -15.0000  -30.0000 2279.3333   27.4490
   -7.5000   -7.5000  -30.0000 2358.6755   25.8184
    0.0000   -7.5000  -30.0000 2358.3289   25.9850
    7.5000   -7.5000  -30.0000 2322.9756   26.4187
   -7.5000    0.0000  -30.0000 2367.0376   25.1830
    0.0000    0.0000  -30.0000 2365.8335   25.3008
    7.5000    0.0000  -30.0000 2335.8420   25.7134
   -7.5000    7.5000  -30.0000 2365.7422   24.9447
    0.0000    7.5000  -30.0000 2364.1384   25.0690
    7.5000    7.5000  -30.0000 2332.4900   25.5678
   -7.5000   15.0000  -30.0000 2333.4824   25.4907
    0.0000   15.0000  -30.0000 2330.4775   25.5258
    7.5000   15.0000  -30.0000 2300.1060   26.1501
   -7.5000   22.5000  -30.0000 2274.9221   26.7496
    0.0000   22.5000  -30.0000 2268.5251   26.8211
    7.5000   22.5000  -30.0000 2237.3215   27.4415
   -7.5000   30.0000  -30.0000 2184.4058   28.8251
    0.0000   30.0000  -30.0000 2173.7583   28.8389
    7.5000   30.0000  -30.0000 2140.7322   29.5614
   -7.5000   37.5000  -30.0000 2072.2844   31.7285
    0.0000   37.5000  -30.0000 2065.9705   31.6951
    7.5000   37.5000  -30.0000 2034.3923   32.4712
   -7.5000   45.0000  -30.0000 1945.9868   35.4117
    0.0000   45.0000  -30.0000 1938.0529   35.3265
    7.5000   45.0000  -30.0000 1907.1841   36.2833
   -7.5000  -45.0000  -22.5000 2009.2888   36.5381
    0.0000  -45.0000  -22.5000 2003.6648   36.9455
    7.5000  -45.0000  -22.5000 1977.1852   37.6633
   -7.5000  -37.5000  -22.5000 2149.3308   32.4201
    0.0000  -37.5000  -22.5000 2146.4644   32.7467
    7.5000  -37.5000  -22.5000 2106.2380   33.2588
   -7.5000  -30.0000  -22.5000 2271.0437   29.1039
    0.0000  -30.0000  -22.5000 2267.2288   29.4257
    7.5000  -30.0000  -22.5000 2225.2754   29.8900
   -7.5000  -22.5000  -22.5000 2364.6670   26.7735
    0.0000  -22.5000  -22.5000 2364.7354   27.0275
    7.5000  -22.5000  -22.5000 2327.0940   27.4232
   -7.5000  -15.0000  -22.5000 2420.0095   25.1614
    0.0000  -15.0000  -22.5000 2427.0554   25.3671
    7.5000  -15.0000  -22.5000 2392.1379   25.7561
   -7.5000   -7.5000  -22.5000 2477.9316   24.2615
    0.0000   -7.5000  -22.5000 2483.6790   24.4159
    7.5000   -7.5000  -22.5000 2443.5352   24.8308
   -7.5000    0.0000  -22.5000 2503.2300   23.7521
    0.0000    0.0000  -22.5000 2504.1133   23.8588
    7.5000    0.0000  -22.5000 2464.8108   24.2082
   -7.5000    7.5000  -22.5000 2500.6899   23.6999
    0.0000    7.5000  -22.5000 2501.0547   23.7405
    7.5000    7.5000  -22.5000 2457.3521   24.0915
   -7.5000   15.0000  -22.5000 2460.0933   24.2475
    0.0000   15.0000  -22.5000 2463.4788   24.3029
    7.5000   15.0000  -22.5000 2420.8110   24.6723
   -7.5000   22.5000  -22.5000 2391.4766   25.4250
    0.0000   22.5000  -22.5000 2394.0234   25.4751
    7.5000   22.5000  -22.5000 2355.1970   25.9361
   -7.5000   30.0000  -22.5000 2287.0322   27.3227
    0.0000   30.0000  -22.5000 2290.2288   27.3497
    7.5000   30.0000  -22.5000 2253.2932   27.8720
   -7.5000   37.5000  -22.5000 2164.4661   29.9825
    0.0000   37.5000  -22.5000 2163.3594   30.0182
    7.5000   37.5000  -22.5000 2128.6597   30.5876
   -7.5000   45.0000  -22.5000 2022.4734   33.4507
    0.0000   45.0000  -22.5000 2020.9147   33.4510
    7.5000   45.0000  -22.5000 1988.1376   34.1227
   -7.5000  -45.0000  -15.0000 2069.9126   34.7473
    0.0000  -45.0000  -15.0000 2062.9897   35.0036
    7.5000  -45.0000  -15.0000 2029.1324   35.7184
   -7.5000  -37.5000  -15.0000 2221.1455   30.7553
    0.0000  -37.5000  -15.0000 2213.5635   30.9930
    7.5000  -37.5000  -15.0000 2175.5833   31.5204
   -7.5000  -30.0000  -15.0000 2347.0483   27.5855
    0.0000  -30.0000  -15.0000 2343.6133   27.8625
    7.5000  -30.0000  -15.0000 2303.3347   28.2231
   -7.5000  -22.5000  -15.0000 2454.3518   25.2471
    0.0000  -22.5000  -15.0000 2453.0054   25.4734
    7.5000  -22.5000  -15.0000 2412.7375   25.7957
   -7.5000  -15.0000  -15.0000 2510.8086   23.6786
    0.0000  -15.0000  -15.0000 2517.5027   23.8703
    7.5000  -15.0000  -15.0000 2486.5627   24.2257
   -7.5000   -7.5000  -15.0000 2563.9507   22.8303
    0.0000   -7.5000  -15.0000 2576.1931   22.9960
    7.5000   -7.5000  -15.0000 2540.8342   23.3325
   -7.5000    0.0000  -15.0000 2600.4302   22.4316
    0.0000    0.0000  -15.0000 2603.3555   22.4973
    7.5000    0.0000  -15.0000 2560.0535   22.7916
   -7.5000    7.5000  -15.0000 2606.1365   22.4459
    0.0000    7.5000  -15.0000 2605.4692   22.4875
    7.5000    7.5000  -15.0000 2559.2944   22.7774
   -7.5000   15.0000  -15.0000 2563.2048   23.0137
    0.0000   15.0000  -15.0000 2567.4844   23.0544
    7.5000   15.0000  -15.0000 2524.5005   23.4085
   -7.5000   22.5000  -15.0000 2480.3818   24.2336
    0.0000   22.5000  -15.0000 2486.7554   24.2699
    7.5000   22.5000  -15.0000 2444.1404   24.6885
   -7.5000   30.0000  -15.0000 2367.0403   26.0571
    0.0000   30.0000  -15.0000 2376.6499   26.0749
    7.5000   30.0000  -15.0000 2338.2212   26.5499
   -7.5000   37.5000  -15.0000 2233.4937   28.4817
    0.0000   37.5000  -15.0000 2240.6250   28.5000
    7.5000   37.5000  -15.0000 2205.2908   29.0728
   -7.5000   45.0000  -15.0000 2079.3252   31.7341
    0.0000   45.0000  -15.0000 2078.3618   31.7348
    7.5000   45.0000  -15.0000 2053.5149   32.3329
   -7.5000  -45.0000   -7.5000 2119.5215   33.1697
    0.0000  -45.0000   -7.5000 2117.3538   33.3308
    7.5000  -45.0000   -7.5000 2082.9109   34.1664
   -7.5000  -37.5000   -7.5000 2267.5850   29.3233
    0.0000  -37.5000   -7.5000 2269.5779   29.5030
    7.5000  -37.5000   -7.5000 2231.9343   30.1545
   -7.5000  -30.0000   -7.5000 2398.0830   26.2888
    0.0000  -30.0000   -7.5000 2403.2795   26.5239
    7.5000  -30.0000   -7.5000 2365.7200   26.9307
   -7.5000  -22.5000   -7.5000 2518.8840   23.9967
    0.0000  -22.5000   -7.5000 2528.6619   24.1897
    7.5000  -22.5000   -7.5000 2484.2297   24.4911
   -7.5000  -15.0000   -7.5000 2592.2048   22.3370
    0.0000  -15.0000   -7.5000 2603.7458   22.5794
    7.5000  -15.0000   -7.5000 2564.7542   22.8787
   -7.5000   -7.5000   -7.5000 2645.9604   21.5313
    0.0000   -7.5000   -7.5000 2660.0291   21.7168
    7.5000   -7.5000   -7.5000 2622.8958   21.9986
   -7.5000    0.0000   -7.5000 2676.5217   21.2388
    0.0000    0.0000   -7.5000 2685.5251   21.3574
    7.5000    0.0000   -7.5000 2646.2905   21.5923
   -7.5000    7.5000   -7.5000 2684.1633   21.3278
    0.0000    7.5000   -7.5000 2683.5862   21.3702
    7.5000    7.5000   -7.5000 2646.5806   21.6593
   -7.5000   15.0000   -7.5000 2641.2063   21.9850
    0.0000   15.0000   -7.5000 2649.1631   21.9918
    7.5000   15.0000   -7.5000 2607.4785   22.3002
   -7.5000   22.5000   -7.5000 2555.7449   23.2072
    0.0000   22.5000   -7.5000 2562.4895   23.2079
    7.5000   22.5000   -7.5000 2521.9619   23.5984
   -7.5000   30.0000   -7.5000 2430.2410   24.9630
    0.0000   30.0000   -7.5000 2440.3489   25.0072
    7.5000   30.0000   -7.5000 2403.3430   25.4582
   -7.5000   37.5000   -7.5000 2285.9448   27.2937
    0.0000   37.5000   -7.5000 2289.8997   27.3641
    7.5000   37.5000   -7.5000 2259.9172   27.8453
   -7.5000   45.0000   -7.5000 2117.1252   30.3352
    0.0000   45.0000   -7.5000 2121.4858   30.3494
    7.5000   45.0000   -7.5000 2096.0542   30.8823
   -7.5000  -45.0000    0.0000 2145.8062   31.9160
    0.0000  -45.0000    0.0000 2142.4128   32.0036
    7.5000  -45.0000    0.0000 2118.9751   32.9273
   -7.5000  -37.5000    0.0000 2300.8330   28.1982
    0.0000  -37.5000    0.0000 2300.0737   28.3018
    7.5000  -37.5000    0.0000 2272.8335   29.0443
   -7.5000  -30.0000    0.0000 2434.5615   25.3020
    0.0000  -30.0000    0.0000 2443.6702   25.4848
    7.5000  -30.0000    0.0000 2412.6582   26.0883
   -7.5000  -22.5000    0.0000 2564.8403   23.0078
    0.0000  -22.5000    0.0000 2579.9368   23.1750
    7.5000  -22.5000    0.0000 2539.0325   23.6866
   -7.5000  -15.0000    0.0000 2644.1899   21.1905
    0.0000  -15.0000    0.0000 2667.4026   21.4668
    7.5000  -15.0000    0.0000 2624.4949   21.9582
   -7.5000   -7.5000    0.0000 2710.1201   20.3309
    0.0000   -7.5000    0.0000 2730.0876   20.5481
    7.5000   -7.5000    0.0000 2696.2798   21.0260
   -7.5000    0.0000    0.0000 2749.3220   20.2543
    0.0000    0.0000    0.0000 2758.7864   20.3166
    7.5000    0.0000    0.0000 2721.7446   20.7166
   -7.5000    7.5000    0.0000 2739.1265   20.5168
    0.0000    7.5000    0.0000 2748.7935   20.4945
    7.5000    7.5000    0.0000 2720.3801   20.8915
   -7.5000   15.0000    0.0000 2686.5132   21.1500
    0.0000   15.0000    0.0000 2695.4854   21.1554
    7.5000   15.0000    0.0000 2665.9465   21.5865
   -7.5000   22.5000    0.0000 2599.9924   22.4179
    0.0000   22.5000    0.0000 2608.4907   22.4617
    7.5000   22.5000    0.0000 2568.4521   22.8794
   -7.5000   30.0000    0.0000 2473.5818   24.1720
    0.0000   30.0000    0.0000 2478.2200   24.2826
    7.5000   30.0000    0.0000 2440.9094   24.6718
   -7.5000   37.5000    0.0000 2330.9153   26.4258
    0.0000   37.5000    0.0000 2332.5229   26.5348
    7.5000   37.5000    0.0000 2293.6829   26.9369
   -7.5000   45.0000    0.0000 2150.8281   29.2675
    0.0000   45.0000    0.0000 2160.6628   29.3338
    7.5000   45.0000    0.0000 2126.1243   29.8147
   -7.5000  -45.0000    7.5000 2152.0176   31.1263
    0.0000  -45.0000    7.5000 2145.9792   31.0187
    7.5000  -45.0000    7.5000 2133.5669   32.2267
   -7.5000  -37.5000    7.5000 2315.0864   27.4744
    0.0000  -37.5000    7.5000 2312.1882   27.3819
    7.5000  -37.5000    7.5000 2289.3989   28.4413
   -7.5000  -30.0000    7.5000 2455.5774   24.6716
    0.0000  -30.0000    7.5000 2459.4646   24.5814
    7.5000  -30.0000    7.5000 2433.8806   25.5086
   -7.5000  -22.5000    7.5000 2594.9419   22.4864
    0.0000  -22.5000    7.5000 2607.2622   22.3690
    7.5000  -22.5000    7.5000 2573.7192   23.1824
   -7.5000  -15.0000    7.5000 2681.9746   20.3437
    0.0000  -15.0000    7.5000 2705.0452   20.3462
    7.5000  -15.0000    7.5000 2666.3547   21.3702
   -7.5000   -7.5000    7.5000 2765.2717   19.4729
    0.0000   -7.5000    7.5000 2772.7241   19.2378
    7.5000   -7.5000    7.5000 2740.0359   20.3040
   -7.5000    0.0000    7.5000 2805.5254   19.5814
    0.0000    0.0000    7.5000 2813.4373   19.3766
    7.5000    0.0000    7.5000 2773.7581   20.1469
   -7.5000    7.5000    7.5000 2773.0464   19.9522
    0.0000    7.5000    7.5000 2789.9541   19.9100
    7.5000    7.5000    7.5000 2765.2158   20.4955
   -7.5000   15.0000    7.5000 2713.5125   20.6648
    0.0000   15.0000    7.5000 2726.7351   20.6922
    7.5000   15.0000    7.5000 2701.6267   21.2076
   -7.5000   22.5000    7.5000 2625.4980   21.8574
    0.0000   22.5000    7.5000 2631.7778   21.9502
    7.5000   22.5000    7.5000 2599.3682   22.3932
   -7.5000   30.0000    7.5000 2499.3896   23.5683
    0.0000   30.0000    7.5000 2504.3999   23.6966
    7.5000   30.0000    7.5000 2461.9177   24.1211
   -7.5000   37.5000    7.5000 2346.5632   25.8306
    0.0000   37.5000    7.5000 2354.2668   25.9025
    7.5000   37.5000    7.5000 2316.3574   26.3509
   -7.5000   45.0000    7.5000 2171.7739   28.6060
    0.0000   45.0000    7.5000 2178.2544   28.6573
    7.5000   45.0000    7.5000 2148.6763   29.2661
   -7.5000  -45.0000   15.0000 2142.8506   31.0212
    0.0000  -45.0000   15.0000 2140.7515   30.6396
    7.5000  -45.0000   15.0000 2125.4346   31.9236
   -7.5000  -37.5000   15.0000 2305.4541   27.3764
    0.0000  -37.5000   15.0000 2303.0315   26.9644
    7.5000  -37.5000   15.0000 2280.1033   28.1308
   -7.5000  -30.0000   15.0000 2449.6587   24.5305
    0.0000  -30.0000   15.0000 2451.8657   24.1430
    7.5000  -30.0000   15.0000 2430.3906   25.2192
   -7.5000  -22.5000   15.0000 2579.2192   22.1714
    0.0000  -22.5000   15.0000 2593.9849   21.8838
    7.5000  -22.5000   15.0000 2560.8564   22.8196
   -7.5000  -15.0000   15.0000 2683.2932   20.2736
    0.0000  -15.0000   15.0000 2684.3831   19.8279
    7.5000  -15.0000   15.0000 2654.8164   20.9995
   -7.5000   -7.5000   15.0000 2764.3362   19.2312
    0.0000   -7.5000   15.0000 2767.5605   18.8908
    7.5000   -7.5000   15.0000 2740.5647   20.0412
   -7.5000    0.0000   15.0000 2808.8994   19.2036
    0.0000    0.0000   15.0000 2821.4104   19.0420
    7.5000    0.0000   15.0000 2780.2583   19.8543
   -7.5000    7.5000   15.0000 2781.5662   19.7768
    0.0000    7.5000   15.0000 2792.3552   19.6976
    7.5000    7.5000   15.0000 2761.5547   20.2634
   -7.5000   15.0000   15.0000 2722.4568   20.5656
    0.0000   15.0000   15.0000 2722.1711   20.4793
    7.5000   15.0000   15.0000 2697.3130   20.9900
   -7.5000   22.5000   15.0000 2626.3809   21.7166
    0.0000   22.5000   15.0000 2627.4832   21.6832
    7.5000   22.5000   15.0000 2598.0039   22.2175
   -7.5000   30.0000   15.0000 2499.7468   23.3615
    0.0000   30.0000   15.0000 2507.2546   23.3889
    7.5000   30.0000   15.0000 2471.3540   23.9033
   -7.5000   37.5000   15.0000 2343.3127   25.5316
    0.0000   37.5000   15.0000 2348.2012   25.6184
    7.5000   37.5000   15.0000 2323.8767   26.1112
   -7.5000   45.0000   15.0000 2166.6738   28.3297
    0.0000   45.0000   15.0000 2177.8257   28.3645
    7.5000   45.0000   15.0000 2145.3892   28.9519
   -7.5000  -45.0000   22.5000 2116.2151   31.0505
    0.0000  -45.0000   22.5000 2124.1003   30.8532
    7.5000  -45.0000   22.5000 2101.5671   31.8208
   -7.5000  -37.5000   22.5000 2270.4326   27.3639
    0.0000  -37.5000   22.5000 2287.3445   27.1197
    7.5000  -37.5000   22.5000 2265.5435   28.0423
   -7.5000  -30.0000   22.5000 2414.2109   24.5218
    0.0000  -30.0000   22.5000 2440.6650   24.2993
    7.5000  -30.0000   22.5000 2413.4011   25.1330
   -7.5000  -22.5000   22.5000 2557.5449   22.3527
    0.0000  -22.5000   22.5000 2570.5049   21.8511
    7.5000  -22.5000   22.5000 2544.6123   22.8288
   -7.5000  -15.0000   22.5000 2670.2478   20.7831
    0.0000  -15.0000   22.5000 2678.1274   20.3300
    7.5000  -15.0000   22.5000 2650.7371   21.2749
   -7.5000   -7.5000   22.5000 2746.4556   20.0297
    0.0000   -7.5000   22.5000 2766.7415   19.7415
    7.5000   -7.5000   22.5000 2735.4177   20.5478
   -7.5000    0.0000   22.5000 2772.7947   19.7585
    0.0000    0.0000   22.5000 2795.2302   19.5887
    7.5000    0.0000   22.5000 2762.2993   20.2689
   -7.5000    7.5000   22.5000 2754.8789   20.0238
    0.0000    7.5000   22.5000 2763.3882   19.9004
    7.5000    7.5000   22.5000 2732.4556   20.4494
   -7.5000   15.0000   22.5000 2695.9827   20.6811
    0.0000   15.0000   22.5000 2693.8503   20.6118
    7.5000   15.0000   22.5000 2669.4404   21.0570
   -7.5000   22.5000   22.5000 2597.8633   21.8291
    0.0000   22.5000   22.5000 2601.2195   21.8115
    7.5000   22.5000   22.5000 2574.9802   22.2435
   -7.5000   30.0000   22.5000 2475.5820   23.4210
    0.0000   30.0000   22.5000 2481.9668   23.4609
    7.5000   30.0000   22.5000 2451.9194   23.8975
   -7.5000   37.5000   22.5000 2322.1599   25.5142
    0.0000   37.5000   22.5000 2325.9417   25.5884
    7.5000   37.5000   22.5000 2304.5054   26.0883
   -7.5000   45.0000   22.5000 2160.1104   28.3482
    0.0000   45.0000   22.5000 2163.9731   28.3766
    7.5000   45.0000   22.5000 2137.2556   28.9019
   -7.5000  -45.0000   30.0000 2095.7832   31.7181
    0.0000  -45.0000   30.0000 2111.3184   31.6502
    7.5000  -45.0000   30.0000 2093.5996   32.3754
   -7.5000  -37.5000   30.0000 2251.4128   28.0545
    0.0000  -37.5000   30.0000 2275.8831   27.9892
    7.5000  -37.5000   30.0000 2253.7185   28.6124
   -7.5000  -30.0000   30.0000 2393.8196   25.1933
    0.0000  -30.0000   30.0000 2417.2871   25.0465
    7.5000  -30.0000   30.0000 2386.1284   25.5769
   -7.5000  -22.5000   30.0000 2530.5569   23.1381
    0.0000  -22.5000   30.0000 2547.8923   22.7093
    7.5000  -22.5000   30.0000 2521.9155   23.4837
   -7.5000  -15.0000   30.0000 2635.6309   21.6431
    0.0000  -15.0000   30.0000 2654.1062   21.4196
    7.5000  -15.0000   30.0000 2634.0645   22.1893
   -7.5000   -7.5000   30.0000 2711.3623   20.9676
    0.0000   -7.5000   30.0000 2730.6992   20.7839
    7.5000   -7.5000   30.0000 2701.8770   21.4511
   -7.5000    0.0000   30.0000 2730.8164   20.6761
    0.0000    0.0000   30.0000 2751.3821   20.5395
    7.5000    0.0000   30.0000 2722.0508   21.0989
   -7.5000    7.5000   30.0000 2705.9041   20.7565
    0.0000    7.5000   30.0000 2715.7439   20.6743
    7.5000    7.5000   30.0000 2691.5312   21.1783
   -7.5000   15.0000   30.0000 2643.8372   21.3230
    0.0000   15.0000   30.0000 2654.7422   21.2633
    7.5000   15.0000   30.0000 2625.3464   21.6819
   -7.5000   22.5000   30.0000 2555.5813   22.3440
    0.0000   22.5000   30.0000 2565.2058   22.3486
    7.5000   22.5000   30.0000 2537.1631   22.8087
   -7.5000   30.0000   30.0000 2429.1777   23.8704
    0.0000   30.0000   30.0000 2436.5056   23.9262
    7.5000   30.0000   30.0000 2415.3276   24.4103
   -7.5000   37.5000   30.0000 2281.0300   25.8603
    0.0000   37.5000   30.0000 2289.5798   25.9158
    7.5000   37.5000   30.0000 2272.3525   26.3977
   -7.5000   45.0000   30.0000 2129.7520   28.4872
    0.0000   45.0000   30.0000 2140.9009   28.5117
    7.5000   45.0000   30.0000 2119.8086   29.0848
   -7.5000  -45.0000   37.5000 2081.0632   33.0805
    0.0000  -45.0000   37.5000 2101.5376   33.0283
    7.5000  -45.0000   37.5000 2080.8862   33.6194
   -7.5000  -37.5000   37.5000 2229.2715   29.2413
    0.0000  -37.5000   37.5000 2248.3774   29.2004
    7.5000  -37.5000   37.5000 2224.6521   29.6979
   -7.5000  -30.0000   37.5000 2366.1992   26.3862
    0.0000  -30.0000   37.5000 2385.3606   26.1528
    7.5000  -30.0000   37.5000 2359.9194   26.7268
   -7.5000  -22.5000   37.5000 2490.8984   24.2234
    0.0000  -22.5000   37.5000 2518.6362   24.0484
    7.5000  -22.5000   37.5000 2492.8801   24.7367
   -7.5000  -15.0000   37.5000 2589.8738   22.7498
    0.0000  -15.0000   37.5000 2611.5066   22.6979
    7.5000  -15.0000   37.5000 2591.8118   23.3809
   -7.5000   -7.5000   37.5000 2657.6768   22.0767
    0.0000   -7.5000   37.5000 2675.2737   21.9885
    7.5000   -7.5000   37.5000 2648.5925   22.5959
   -7.5000    0.0000   37.5000 2668.9360   21.7987
    0.0000    0.0000   37.5000 2686.7305   21.6810
    7.5000    0.0000   37.5000 2662.1992   22.1939
   -7.5000    7.5000   37.5000 2641.0154   21.8250
    0.0000    7.5000   37.5000 2652.9443   21.7811
    7.5000    7.5000   37.5000 2630.1733   22.2624
   -7.5000   15.0000   37.5000 2580.3604   22.2492
    0.0000   15.0000   37.5000 2597.7048   22.2700
    7.5000   15.0000   37.5000 2568.8621   22.7604
   -7.5000   22.5000   37.5000 2491.4075   23.3060
    0.0000   22.5000   37.5000 2502.6445   23.3903
    7.5000   22.5000   37.5000 2478.6653   23.8451
   -7.5000   30.0000   37.5000 2373.2207   24.8200
    0.0000   30.0000   37.5000 2384.1663   24.9459
    7.5000   30.0000   37.5000 2357.5322   25.3951
   -7.5000   37.5000   37.5000 2236.9194   26.6051
    0.0000   37.5000   37.5000 2253.7678   26.7823
    7.5000   37.5000   37.5000 2225.2502   27.2774
   -7.5000   45.0000   37.5000 2089.8767   29.1329
    0.0000   45.0000   37.5000 2104.3418   29.2682
    7.5000   45.0000   37.5000 2086.6582   29.8256
   -7.5000  -45.0000   45.0000 2047.4919   34.5129
    0.0000  -45.0000   45.0000 2076.0386   34.4392
    7.5000  -45.0000   45.0000 2049.1201   34.9976
   -7.5000  -37.5000   45.0000 2198.5618   30.7588
    0.0000  -37.5000   45.0000 2219.6411   30.6144
    7.5000  -37.5000   45.0000 2193.0005   31.0821
   -7.5000  -30.0000   45.0000 2320.5649   27.8632
    0.0000  -30.0000   45.0000 2346.8169   27.6964
    7.5000  -30.0000   45.0000 2326.0256   28.3026
   -7.5000  -22.5000   45.0000 2438.4641   25.7102
    0.0000  -22.5000   45.0000 2467.1069   25.6567
    7.5000  -22.5000   45.0000 2442.7793   26.2547
   -7.5000  -15.0000   45.0000 2520.9492   24.2442
    0.0000  -15.0000   45.0000 2546.6875   24.1808
    7.5000  -15.0000   45.0000 2526.4878   24.8039
   -7.5000   -7.5000   45.0000 2572.2605   23.5172
    0.0000   -7.5000   45.0000 2595.1746   23.4260
    7.5000   -7.5000   45.0000 2566.5142   23.9801
   -7.5000    0.0000   45.0000 2582.4482   23.1780
    0.0000    0.0000   45.0000 2598.8835   23.1015
    7.5000    0.0000   45.0000 2577.4551   23.5597
   -7.5000    7.5000   45.0000 2558.8157   23.1744
    0.0000    7.5000   45.0000 2578.2280   23.1096
    7.5000    7.5000   45.0000 2553.9941   23.5590
   -7.5000   15.0000   45.0000 2498.8831   23.5565
    0.0000   15.0000   45.0000 2515.3362   23.5921
    7.5000   15.0000   45.0000 2493.1868   24.0020
   -7.5000   22.5000   45.0000 2412.2864   24.6168
    0.0000   22.5000   45.0000 2429.6877   24.6851
    7.5000   22.5000   45.0000 2410.0371   25.1431
   -7.5000   30.0000   45.0000 2303.5383   26.1438
    0.0000   30.0000   45.0000 2314.5356   26.2275
    7.5000   30.0000   45.0000 2284.0078   26.6068
   -7.5000   37.5000   45.0000 2189.5779   28.0037
    0.0000   37.5000   45.0000 2196.8770   28.0970
    7.5000   37.5000   45.0000 2166.9429   28.4914
   -7.5000   45.0000   45.0000 2039.4391   30.4533
    0.0000   45.0000   45.0000 2045.8044   30.5019
    7.5000   45.0000   45.0000 2027.5199   31.0525

---------------------------------------------------------------------
imgreg_4dfp /opt/freesurfer/average/711-2C_as_mni_average_305 /opt/freesurfer/average/711-2B_as_mni_average_305_mask talsrcimg_g11 none talsrcimg_to_711-2C_as_mni_average_305_t4 1283
---------------------------------------------------------------------

freesurfer imgreg_4dfp.c
/opt/freesurfer/average/711-2C_as_mni_average_305.4dfp.img
       256       256       256         1
  1.000000  1.000000  1.000000
orientation T byte_order littleendian
Reading image: /opt/freesurfer/average/711-2C_as_mni_average_305.4dfp.img
dimensions:      256       256       256
mmppix:       1.0000   -1.0000   -1.0000
center:     128.0000 -129.0000 -129.0000
/opt/freesurfer/average/711-2B_as_mni_average_305_mask.4dfp.img
       256       256       256         1
  1.000000  1.000000  1.000000
orientation T byte_order littleendian
Reading mask: /opt/freesurfer/average/711-2B_as_mni_average_305_mask.4dfp.img (2306576 pixels)
talsrcimg_g11.4dfp.img
       256       256       256         1
  1.000000  1.000000  1.000000
orientation T byte_order littleendian
Reading image: talsrcimg_g11.4dfp.img
dimensions:      256       256       256
mmppix:       1.0000   -1.0000   -1.0000
center:     128.0000 -129.0000 -129.0000
rotation matrix determinant  1.000000
fimgreg.f
image alignment mode   1283 decimal      503 hex
parameters
    0.0000    0.0000   15.0000    0.0000    0.0000    0.0000
eta,q 0.88380 18.97207
niter,ni,del,rscale     5    3   12.0000    1.2000
parameter  5  0.592931 ->  0.500000 qaram    1.1500
parameters
   -1.3323    1.6345   13.2561    0.9425   -3.4500   -2.5235
eta,q 0.88328 19.01205
  0.1189  0.1341  0.1149  0.1253  0.1173  0.1169
  0.1190  0.1243  0.1171  0.1209  0.1167  0.1168
  0.1187  0.1188  0.1186  0.1182  0.1170  0.1167
  0.1178  0.1173  0.1149  0.1175  0.1177  0.1166
  0.1188  0.1154  0.1142  0.1175  0.1183  0.1172
  0.1190  0.1162  0.1164  0.1190  0.1184  0.1184
  0.1218  0.1214  0.1184  0.1211  0.1206  0.1193
niter,ni,del,rscale     5    3   12.0000    1.2000
parameters
   -2.3529    1.7123   15.1383    1.8247   -1.8057   -3.0197
eta,q 0.88819 19.06863
  0.1207  0.1294  0.1188  0.1189  0.1172  0.1133
  0.1178  0.1205  0.1161  0.1173  0.1151  0.1123
  0.1158  0.1162  0.1154  0.1147  0.1132  0.1119
  0.1167  0.1158  0.1159  0.1126  0.1121  0.1118
  0.1191  0.1201  0.1124  0.1123  0.1117  0.1121
  0.1209  0.1239  0.1126  0.1141  0.1123  0.1127
  0.1226  0.1249  0.1163  0.1171  0.1142  0.1140
niter,ni,del,rscale     4    3   12.0000    1.2000
parameters
   -2.4395    1.1223   14.7503    2.4186   -1.7977   -2.7977
eta,q 0.88834 19.01065
  0.1194  0.1217  0.1164  0.1208  0.1154  0.1151
  0.1155  0.1167  0.1145  0.1182  0.1136  0.1136
  0.1133  0.1129  0.1149  0.1145  0.1124  0.1122
  0.1118  0.1118  0.1112  0.1119  0.1117  0.1117
  0.1129  0.1182  0.1120  0.1122  0.1113  0.1121
  0.1166  0.1211  0.1166  0.1151  0.1136  0.1131
  0.1195  0.1221  0.1178  0.1189  0.1157  0.1148
niter,ni,del,rscale     3    3   12.0000    1.2000
parameters
   -2.3976    1.0449   14.7558    2.6065   -1.7289   -2.9323
eta,q 0.88840 19.00303
  0.1203  0.1263  0.1173  0.1203  0.1156  0.1149
  0.1164  0.1197  0.1142  0.1174  0.1137  0.1133
  0.1135  0.1143  0.1149  0.1135  0.1123  0.1120
  0.1117  0.1117  0.1116  0.1116  0.1116  0.1116
  0.1131  0.1176  0.1107  0.1127  0.1113  0.1121
  0.1171  0.1226  0.1158  0.1161  0.1137  0.1134
  0.1196  0.1242  0.1176  0.1199  0.1157  0.1152
niter,ni,del,rscale     2    3   12.0000    1.2000
parameters
   -2.3717    1.0061   14.8088    2.7076   -1.8047   -3.0339
eta,q 0.88852 18.99980
  0.1204  0.1267  0.1173  0.1201  0.1153  0.1147
  0.1164  0.1200  0.1143  0.1170  0.1135  0.1132
  0.1135  0.1143  0.1149  0.1131  0.1121  0.1119
  0.1116  0.1116  0.1116  0.1114  0.1114  0.1115
  0.1130  0.1175  0.1106  0.1126  0.1113  0.1119
  0.1173  0.1225  0.1157  0.1162  0.1137  0.1133
  0.1197  0.1244  0.1175  0.1199  0.1158  0.1151
niter,ni,del,rscale     1    3   12.0000    1.2000
parameters
   -2.3297    0.9744   14.8573    2.7504   -1.9016   -3.1413
eta,q 0.88866 18.99739
  0.1204  0.1266  0.1171  0.1198  0.1151  0.1145
  0.1163  0.1200  0.1143  0.1167  0.1134  0.1131
  0.1133  0.1143  0.1149  0.1129  0.1120  0.1118
  0.1115  0.1115  0.1114  0.1113  0.1113  0.1113
  0.1129  0.1172  0.1105  0.1126  0.1111  0.1117
  0.1172  0.1224  0.1156  0.1162  0.1135  0.1131
  0.1196  0.1244  0.1174  0.1199  0.1157  0.1149
registration optimization eta report
parameter search radius
    6.0000    6.0000    6.0000    6.0000    6.9000    6.0000
100000*second partial in parameter space
       22.       34.       15.       23.        9.        9.
  0.1204  0.1266  0.1171  0.1198  0.1151  0.1145
  0.1163  0.1200  0.1143  0.1167  0.1134  0.1131
  0.1133  0.1143  0.1149  0.1129  0.1120  0.1118
  0.1115  0.1115  0.1114  0.1113  0.1113  0.1113
  0.1129  0.1172  0.1105  0.1126  0.1111  0.1117
  0.1172  0.1224  0.1156  0.1162  0.1135  0.1131
  0.1196  0.1244  0.1174  0.1199  0.1157  0.1149
   -2.3297    0.9744   14.8573    2.7504   -1.9016   -3.1413
eta,q 0.88866 18.99739

---------------------------------------------------------------------
imgreg_4dfp /opt/freesurfer/average/711-2C_as_mni_average_305 /opt/freesurfer/average/711-2B_as_mni_average_305_mask talsrcimg_g11 none talsrcimg_to_711-2C_as_mni_average_305_t4 3335
---------------------------------------------------------------------

freesurfer imgreg_4dfp.c
/opt/freesurfer/average/711-2C_as_mni_average_305.4dfp.img
       256       256       256         1
  1.000000  1.000000  1.000000
orientation T byte_order littleendian
Reading image: /opt/freesurfer/average/711-2C_as_mni_average_305.4dfp.img
dimensions:      256       256       256
mmppix:       1.0000   -1.0000   -1.0000
center:     128.0000 -129.0000 -129.0000
/opt/freesurfer/average/711-2B_as_mni_average_305_mask.4dfp.img
       256       256       256         1
  1.000000  1.000000  1.000000
orientation T byte_order littleendian
Reading mask: /opt/freesurfer/average/711-2B_as_mni_average_305_mask.4dfp.img (2306576 pixels)
talsrcimg_g11.4dfp.img
       256       256       256         1
  1.000000  1.000000  1.000000
orientation T byte_order littleendian
Reading image: talsrcimg_g11.4dfp.img
dimensions:      256       256       256
mmppix:       1.0000   -1.0000   -1.0000
center:     128.0000 -129.0000 -129.0000
fimgreg.f
image alignment mode   3335 decimal      D07 hex
parameters
   -2.3297    0.9744   14.8573   -0.2052   -0.2740   -0.1702
    5.6326    3.0465   -5.4769   -4.9729   -3.3183    4.7959
eta,q 0.88691 18.88020
niter,ni,del,rscale     5    3    5.0000    1.2000
parameter  1 -0.600958 -> -0.500000 qaram    1.1500
parameter  3 10.460793 ->  0.500000 qaram    1.1500
parameter  4 -5.420610 ->  0.500000 qaram    1.1500
parameter  5  2.052466 ->  0.500000 qaram    1.1500
parameter  6 -4.372861 ->  0.500000 qaram    1.1500
parameter  8 -1.763784 -> -0.500000 qaram    1.1500
parameter 11 -0.517288 -> -0.500000 qaram    1.1500
parameter 12  0.768924 ->  0.500000 qaram    1.1500
parameters
   -0.9497    0.9828   13.4773   -4.3452   -4.4140   -4.3102
    3.4435    7.1865   -3.5721   -4.1101    0.8217    0.6559
eta,q 0.90811 17.71949
  0.1148  0.1148  0.1126  0.1013  0.0976  0.0887  0.0951  0.0984  0.0943  0.0939  0.0939  0.0920
  0.1140  0.1140  0.1124  0.1048  0.0997  0.0935  0.0946  0.0970  0.0935  0.0932  0.0934  0.0919
  0.1134  0.1133  0.1126  0.1085  0.1025  0.0967  0.0944  0.0956  0.0930  0.0928  0.0929  0.0920
  0.1131  0.1130  0.1130  0.1124  0.1057  0.1004  0.0945  0.0944  0.0927  0.0926  0.0926  0.0924
  0.1130  0.1132  0.1134  0.1156  0.1101  0.1052  0.0950  0.0933  0.0926  0.0928  0.0924  0.0931
  0.1130  0.1139  0.1134  0.1181  0.1150  0.1082  0.0957  0.0925  0.0928  0.0931  0.0924  0.0939
  0.1129  0.1149  0.1134  0.1213  0.1197  0.1105  0.0967  0.0922  0.0932  0.0933  0.0926  0.0948
niter,ni,del,rscale     7    3    5.0000    1.2000
parameter  3-19.660402 ->  0.500000 qaram    1.3225
parameter  4  5.099914 ->  0.500000 qaram    1.3225
parameter  5  1.095809 ->  0.500000 qaram    1.3225
parameter  6  3.410190 ->  0.500000 qaram    1.3225
parameter  9  1.933200 -> -0.500000 qaram    1.1500
parameter 10  0.608935 -> -0.500000 qaram    1.1500
parameter 11  0.798540 ->  0.500000 qaram    1.3225
parameter 12 -1.859649 -> -0.500000 qaram    1.3225
parameters
   -0.5509    0.7985   11.8903   -9.1062   -9.1750   -9.0712
    4.0213    7.9596    0.5679    0.0299   -3.9393    5.4169
eta,q 0.93201 17.41521
  0.0946  0.0933  0.0894  0.0798  0.0792  0.0681  0.0735  0.0779  0.0731  0.0727  0.0700  0.0740
  0.0932  0.0924  0.0898  0.0827  0.0804  0.0717  0.0731  0.0750  0.0729  0.0728  0.0698  0.0728
  0.0923  0.0919  0.0908  0.0861  0.0817  0.0759  0.0729  0.0732  0.0729  0.0730  0.0701  0.0713
  0.0919  0.0918  0.0918  0.0901  0.0836  0.0808  0.0728  0.0728  0.0729  0.0727  0.0708  0.0698
  0.0919  0.0922  0.0924  0.0941  0.0867  0.0866  0.0729  0.0734  0.0727  0.0717  0.0720  0.0686
  0.0923  0.0928  0.0929  0.0989  0.0903  0.0918  0.0730  0.0744  0.0726  0.0705  0.0734  0.0678
  0.0934  0.0937  0.0939  0.1025  0.0953  0.0982  0.0733  0.0759  0.0724  0.0698  0.0748  0.0675
niter,ni,del,rscale     7    3    5.0000    1.2000
parameter  2  0.776352 ->  0.500000 qaram    1.1500
parameter  4  0.906484 ->  0.500000 qaram    1.5209
parameter  5  6.455400 ->  0.500000 qaram    1.5209
parameter  6  0.689477 ->  0.500000 qaram    1.5209
parameter 12  1.351700 ->  0.500000 qaram    1.5209
parameters
   -0.4229   -0.5815   12.1146  -14.5814  -14.6502  -14.5464
    4.4593   10.0909   -0.2161   -3.7030   -2.0589   -0.0583
eta,q 0.94802 16.54504
  0.0731  0.0672  0.0714  0.0620  0.0511  0.0536  0.0555  0.0601  0.0548  0.0539  0.0548  0.0519
  0.0706  0.0670  0.0691  0.0630  0.0555  0.0537  0.0547  0.0571  0.0541  0.0533  0.0539  0.0519
  0.0688  0.0672  0.0676  0.0645  0.0598  0.0547  0.0541  0.0550  0.0536  0.0531  0.0534  0.0523
  0.0680  0.0680  0.0670  0.0670  0.0633  0.0567  0.0538  0.0538  0.0536  0.0536  0.0531  0.0530
  0.0684  0.0692  0.0672  0.0719  0.0674  0.0592  0.0539  0.0536  0.0538  0.0549  0.0531  0.0538
  0.0700  0.0707  0.0683  0.0785  0.0719  0.0652  0.0544  0.0541  0.0544  0.0569  0.0533  0.0546
  0.0723  0.0722  0.0704  0.0854  0.0777  0.0721  0.0552  0.0559  0.0554  0.0595  0.0538  0.0555
niter,ni,del,rscale     7    3    5.0000    1.2000
parameter  2  3.487815 ->  0.500000 qaram    1.3225
parameter  3  0.547239 ->  0.500000 qaram    1.5209
parameter  5  1.773835 ->  0.500000 qaram    1.7490
parameters
   -0.8044   -2.1685   10.2896  -19.2803  -20.9466  -15.5215
    2.5468    9.3903   -1.8749   -5.6104   -4.8903   -1.1139
eta,q 0.96118 16.19804
  0.0548  0.0484  0.0491  0.0491  0.0382  0.0428  0.0406  0.0422  0.0405  0.0408  0.0395  0.0409
  0.0529  0.0490  0.0485  0.0482  0.0388  0.0411  0.0397  0.0402  0.0396  0.0395  0.0390  0.0398
  0.0520  0.0502  0.0486  0.0480  0.0418  0.0398  0.0392  0.0393  0.0391  0.0390  0.0388  0.0390
  0.0520  0.0519  0.0493  0.0485  0.0480  0.0393  0.0394  0.0392  0.0392  0.0391  0.0389  0.0388
  0.0528  0.0536  0.0505  0.0508  0.0557  0.0395  0.0401  0.0398  0.0397  0.0399  0.0394  0.0391
  0.0544  0.0552  0.0523  0.0556  0.0608  0.0409  0.0414  0.0410  0.0408  0.0414  0.0400  0.0403
  0.0567  0.0566  0.0545  0.0624  0.0668  0.0459  0.0431  0.0434  0.0423  0.0440  0.0407  0.0423
niter,ni,del,rscale     7    3    5.0000    1.2000
parameter  5  0.565768 ->  0.500000 qaram    2.0114
parameter 10 -0.697702 -> -0.500000 qaram    1.3225
parameters
   -1.0265   -1.0411   10.7351  -18.6045  -28.1875  -14.2447
    4.5494    9.5712    0.3630   -0.8494   -3.8431    2.3309
eta,q 0.96424 15.72117
  0.0416  0.0458  0.0414  0.0425  0.0382  0.0412  0.0395  0.0405  0.0394  0.0411  0.0373  0.0382
  0.0400  0.0428  0.0398  0.0404  0.0374  0.0394  0.0385  0.0384  0.0383  0.0395  0.0366  0.0372
  0.0391  0.0405  0.0387  0.0389  0.0371  0.0380  0.0377  0.0373  0.0375  0.0382  0.0361  0.0363
  0.0388  0.0388  0.0380  0.0380  0.0379  0.0373  0.0372  0.0371  0.0371  0.0370  0.0359  0.0359
  0.0394  0.0381  0.0381  0.0378  0.0445  0.0372  0.0371  0.0374  0.0370  0.0361  0.0360  0.0358
  0.0407  0.0385  0.0388  0.0388  0.0539  0.0378  0.0373  0.0382  0.0372  0.0359  0.0363  0.0358
  0.0427  0.0402  0.0402  0.0422  0.0595  0.0401  0.0379  0.0402  0.0378  0.0364  0.0367  0.0365
niter,ni,del,rscale     7    3    5.0000    1.2000
parameter  2 -0.584105 -> -0.500000 qaram    1.5209
parameters
   -1.2679    0.7839   10.5418  -17.6458  -33.6233  -15.4893
    5.4929    9.5988   -0.2485    1.2020   -3.2697    4.7167
eta,q 0.96591 15.23722
  0.0380  0.0435  0.0364  0.0384  0.0369  0.0372  0.0361  0.0377  0.0359  0.0387  0.0353  0.0358
  0.0367  0.0402  0.0353  0.0366  0.0354  0.0357  0.0353  0.0358  0.0351  0.0368  0.0347  0.0350
  0.0359  0.0376  0.0347  0.0353  0.0344  0.0348  0.0348  0.0347  0.0346  0.0354  0.0343  0.0345
  0.0358  0.0357  0.0345  0.0345  0.0344  0.0345  0.0345  0.0345  0.0345  0.0345  0.0342  0.0342
  0.0362  0.0347  0.0347  0.0343  0.0378  0.0346  0.0345  0.0348  0.0348  0.0342  0.0343  0.0341
  0.0373  0.0345  0.0354  0.0351  0.0456  0.0360  0.0349  0.0357  0.0354  0.0347  0.0346  0.0343
  0.0391  0.0352  0.0370  0.0378  0.0539  0.0401  0.0354  0.0376  0.0364  0.0364  0.0350  0.0349
niter,ni,del,rscale     7    3    5.0000    1.2000
parameters
   -1.5890    2.0490    9.9429  -17.6449  -37.3439  -16.7413
    6.9797    9.4070   -0.2897    2.7876   -3.5278    7.9929
eta,q 0.96644 14.91498
  0.0360  0.0402  0.0349  0.0370  0.0369  0.0364  0.0355  0.0369  0.0354  0.0375  0.0346  0.0352
  0.0348  0.0373  0.0341  0.0354  0.0352  0.0351  0.0347  0.0351  0.0345  0.0360  0.0340  0.0345
  0.0342  0.0352  0.0337  0.0342  0.0341  0.0342  0.0342  0.0341  0.0340  0.0347  0.0337  0.0340
  0.0341  0.0341  0.0337  0.0336  0.0336  0.0339  0.0339  0.0339  0.0339  0.0339  0.0337  0.0337
  0.0346  0.0337  0.0341  0.0335  0.0348  0.0341  0.0339  0.0342  0.0341  0.0336  0.0338  0.0336
  0.0356  0.0340  0.0348  0.0347  0.0399  0.0354  0.0341  0.0352  0.0346  0.0342  0.0342  0.0336
  0.0371  0.0351  0.0362  0.0376  0.0468  0.0389  0.0346  0.0372  0.0354  0.0360  0.0346  0.0341
niter,ni,del,rscale     6    3    5.0000    1.2000
parameters
   -1.8935    2.9595    9.0549  -18.1099  -40.1012  -18.0704
    7.7940    9.4027   -0.0177    3.5983   -4.1231   11.4820
eta,q 0.96675 14.67185
  0.0354  0.0386  0.0342  0.0362  0.0371  0.0358  0.0348  0.0366  0.0351  0.0368  0.0342  0.0348
  0.0343  0.0361  0.0335  0.0348  0.0352  0.0346  0.0342  0.0348  0.0342  0.0354  0.0337  0.0342
  0.0337  0.0345  0.0333  0.0337  0.0339  0.0338  0.0337  0.0338  0.0337  0.0343  0.0334  0.0337
  0.0336  0.0335  0.0333  0.0332  0.0333  0.0335  0.0335  0.0335  0.0335  0.0335  0.0334  0.0334
  0.0340  0.0334  0.0338  0.0332  0.0341  0.0338  0.0336  0.0338  0.0337  0.0334  0.0336  0.0332
  0.0349  0.0339  0.0346  0.0345  0.0380  0.0349  0.0339  0.0347  0.0341  0.0342  0.0339  0.0333
  0.0364  0.0352  0.0360  0.0375  0.0438  0.0384  0.0343  0.0367  0.0349  0.0363  0.0344  0.0338
niter,ni,del,rscale     5    3    5.0000    1.2000
parameters
   -1.9870    3.5390    8.5634  -18.3409  -41.9300  -18.9941
    7.8352    9.4105    0.0295    3.5621   -3.9521   13.4288
eta,q 0.96665 14.51260
  0.0353  0.0378  0.0344  0.0361  0.0378  0.0359  0.0345  0.0365  0.0350  0.0363  0.0343  0.0346
  0.0342  0.0356  0.0336  0.0346  0.0356  0.0347  0.0339  0.0347  0.0341  0.0350  0.0338  0.0340
  0.0335  0.0340  0.0332  0.0336  0.0341  0.0338  0.0335  0.0337  0.0336  0.0340  0.0335  0.0337
  0.0332  0.0332  0.0332  0.0331  0.0331  0.0334  0.0334  0.0334  0.0334  0.0334  0.0334  0.0334
  0.0335  0.0333  0.0335  0.0331  0.0337  0.0336  0.0335  0.0338  0.0336  0.0335  0.0335  0.0333
  0.0344  0.0341  0.0342  0.0342  0.0371  0.0347  0.0339  0.0346  0.0341  0.0346  0.0338  0.0335
  0.0357  0.0356  0.0354  0.0370  0.0423  0.0378  0.0344  0.0365  0.0349  0.0369  0.0342  0.0340
niter,ni,del,rscale     4    3    5.0000    1.2000
parameters
   -1.9397    3.8904    8.4469  -18.3444  -42.9061  -19.3935
    7.5787    9.3508    0.0122    3.3655   -3.7302   14.4921
eta,q 0.96650 14.43636
  0.0356  0.0373  0.0348  0.0363  0.0384  0.0362  0.0345  0.0366  0.0350  0.0363  0.0344  0.0345
  0.0344  0.0353  0.0340  0.0348  0.0362  0.0350  0.0339  0.0347  0.0341  0.0350  0.0339  0.0341
  0.0337  0.0339  0.0335  0.0338  0.0344  0.0340  0.0336  0.0337  0.0336  0.0340  0.0336  0.0337
  0.0333  0.0333  0.0333  0.0333  0.0333  0.0335  0.0335  0.0335  0.0335  0.0335  0.0335  0.0335
  0.0335  0.0335  0.0335  0.0333  0.0335  0.0336  0.0337  0.0339  0.0337  0.0337  0.0336  0.0335
  0.0343  0.0345  0.0341  0.0342  0.0364  0.0345  0.0341  0.0347  0.0342  0.0347  0.0339  0.0337
  0.0355  0.0360  0.0350  0.0369  0.0414  0.0374  0.0346  0.0367  0.0349  0.0370  0.0342  0.0343
niter,ni,del,rscale     3    3    5.0000    1.2000
parameters
   -1.8849    4.0433    8.4124  -18.3150  -43.3598  -19.5304
    7.3802    9.3175    0.0018    3.1508   -3.5455   15.1327
eta,q 0.96641 14.40384
  0.0357  0.0370  0.0349  0.0364  0.0388  0.0363  0.0346  0.0367  0.0350  0.0363  0.0344  0.0345
  0.0346  0.0351  0.0342  0.0349  0.0365  0.0352  0.0340  0.0348  0.0342  0.0351  0.0339  0.0341
  0.0338  0.0339  0.0337  0.0339  0.0347  0.0341  0.0337  0.0338  0.0337  0.0341  0.0337  0.0338
  0.0335  0.0335  0.0335  0.0335  0.0335  0.0336  0.0336  0.0336  0.0336  0.0336  0.0336  0.0336
  0.0337  0.0338  0.0337  0.0335  0.0335  0.0336  0.0337  0.0339  0.0338  0.0337  0.0337  0.0336
  0.0344  0.0348  0.0342  0.0343  0.0359  0.0345  0.0341  0.0348  0.0342  0.0348  0.0339  0.0338
  0.0356  0.0364  0.0350  0.0369  0.0409  0.0372  0.0347  0.0367  0.0350  0.0371  0.0342  0.0345
niter,ni,del,rscale     2    3    5.0000    1.2000
parameters
   -1.8537    4.0971    8.4027  -18.3099  -43.5890  -19.5672
    7.2957    9.2891   -0.0175    2.9693   -3.4620   15.5874
eta,q 0.96636 14.38929
  0.0358  0.0368  0.0350  0.0365  0.0390  0.0364  0.0347  0.0367  0.0350  0.0363  0.0344  0.0346
  0.0346  0.0350  0.0343  0.0350  0.0367  0.0352  0.0341  0.0349  0.0342  0.0351  0.0339  0.0341
  0.0339  0.0339  0.0338  0.0340  0.0349  0.0342  0.0337  0.0339  0.0338  0.0342  0.0337  0.0338
  0.0336  0.0336  0.0336  0.0336  0.0336  0.0336  0.0336  0.0336  0.0336  0.0336  0.0336  0.0337
  0.0338  0.0340  0.0337  0.0336  0.0335  0.0337  0.0338  0.0340  0.0338  0.0338  0.0338  0.0337
  0.0345  0.0350  0.0342  0.0344  0.0358  0.0345  0.0342  0.0348  0.0343  0.0348  0.0340  0.0339
  0.0357  0.0365  0.0351  0.0370  0.0407  0.0371  0.0347  0.0368  0.0350  0.0370  0.0343  0.0345
niter,ni,del,rscale     1    3    5.0000    1.2000
parameters
   -1.8412    4.1090    8.4038  -18.3163  -43.7276  -19.5730
    7.2745    9.2634   -0.0191    2.8268   -3.4215   15.9357
eta,q 0.96633 14.38148
  0.0358  0.0368  0.0350  0.0365  0.0390  0.0364  0.0347  0.0368  0.0351  0.0363  0.0343  0.0346
  0.0347  0.0350  0.0343  0.0350  0.0368  0.0353  0.0341  0.0349  0.0343  0.0352  0.0339  0.0341
  0.0339  0.0340  0.0338  0.0341  0.0349  0.0342  0.0338  0.0339  0.0338  0.0342  0.0337  0.0338
  0.0336  0.0336  0.0336  0.0336  0.0336  0.0337  0.0337  0.0337  0.0337  0.0337  0.0337  0.0337
  0.0338  0.0340  0.0338  0.0337  0.0335  0.0337  0.0338  0.0340  0.0338  0.0338  0.0338  0.0337
  0.0346  0.0351  0.0342  0.0345  0.0357  0.0345  0.0342  0.0349  0.0343  0.0348  0.0340  0.0339
  0.0358  0.0366  0.0351  0.0370  0.0406  0.0371  0.0347  0.0368  0.0350  0.0370  0.0343  0.0346
registration optimization eta report
parameter search radius
    2.7600    3.6501    3.6501   10.9503   14.4818   10.9503
    7.2000    8.2800    8.2800    9.5220    9.5220   10.9503
100000*second partial in parameter space
       28.       23.       10.        3.        3.        3.
        2.        5.        2.        3.        1.        1.
  0.0358  0.0368  0.0350  0.0365  0.0390  0.0364  0.0347  0.0368  0.0351  0.0363  0.0343  0.0346
  0.0347  0.0350  0.0343  0.0350  0.0368  0.0353  0.0341  0.0349  0.0343  0.0352  0.0339  0.0341
  0.0339  0.0340  0.0338  0.0341  0.0349  0.0342  0.0338  0.0339  0.0338  0.0342  0.0337  0.0338
  0.0336  0.0336  0.0336  0.0336  0.0336  0.0337  0.0337  0.0337  0.0337  0.0337  0.0337  0.0337
  0.0338  0.0340  0.0338  0.0337  0.0335  0.0337  0.0338  0.0340  0.0338  0.0338  0.0338  0.0337
  0.0346  0.0351  0.0342  0.0345  0.0357  0.0345  0.0342  0.0349  0.0343  0.0348  0.0340  0.0339
  0.0358  0.0366  0.0351  0.0370  0.0406  0.0371  0.0347  0.0368  0.0350  0.0370  0.0343  0.0346
   -1.8412    4.1090    8.4038  -18.3163  -43.7276  -19.5730
    7.2745    9.2634   -0.0191    2.8268   -3.4215   15.9357
eta,q 0.96633 14.38148

---------------------------------------------------------------------
imgreg_4dfp /opt/freesurfer/average/711-2C_as_mni_average_305 /opt/freesurfer/average/711-2B_as_mni_average_305_mask talsrcimg_g11 none talsrcimg_to_711-2C_as_mni_average_305_t4 2311
---------------------------------------------------------------------

freesurfer imgreg_4dfp.c
/opt/freesurfer/average/711-2C_as_mni_average_305.4dfp.img
       256       256       256         1
  1.000000  1.000000  1.000000
orientation T byte_order littleendian
Reading image: /opt/freesurfer/average/711-2C_as_mni_average_305.4dfp.img
dimensions:      256       256       256
mmppix:       1.0000   -1.0000   -1.0000
center:     128.0000 -129.0000 -129.0000
/opt/freesurfer/average/711-2B_as_mni_average_305_mask.4dfp.img
       256       256       256         1
  1.000000  1.000000  1.000000
orientation T byte_order littleendian
Reading mask: /opt/freesurfer/average/711-2B_as_mni_average_305_mask.4dfp.img (2306576 pixels)
talsrcimg_g11.4dfp.img
       256       256       256         1
  1.000000  1.000000  1.000000
orientation T byte_order littleendian
Reading image: talsrcimg_g11.4dfp.img
dimensions:      256       256       256
mmppix:       1.0000   -1.0000   -1.0000
center:     128.0000 -129.0000 -129.0000
fimgreg.f
image alignment mode   2311 decimal      907 hex
parameters
   -1.8412    4.1090    8.4038  -18.3164  -43.7276  -19.5730
    7.2745    9.2634   -0.0191    2.8268   -3.4215   15.9357
eta,q 0.96634 14.38148
niter,ni,del,rscale     5    3    5.0000    0.8000
parameter  5 -0.635238 -> -0.500000 qaram    1.1500
parameters
   -1.7966    4.0387    8.5319  -16.9060  -40.9676  -18.9870
    6.4795    9.1991   -0.5031    2.8480   -3.3924   13.8003
eta,q 0.96674 14.60841
  0.0344  0.0342  0.0340  0.0343  0.0349  0.0341  0.0337  0.0343  0.0337  0.0342  0.0335  0.0333
  0.0340  0.0339  0.0338  0.0340  0.0344  0.0337  0.0335  0.0337  0.0335  0.0338  0.0334  0.0333
  0.0338  0.0337  0.0337  0.0338  0.0340  0.0335  0.0333  0.0334  0.0333  0.0335  0.0333  0.0333
  0.0337  0.0337  0.0337  0.0337  0.0336  0.0333  0.0333  0.0333  0.0333  0.0333  0.0333  0.0333
  0.0337  0.0338  0.0337  0.0336  0.0334  0.0333  0.0335  0.0334  0.0334  0.0334  0.0333  0.0334
  0.0340  0.0340  0.0338  0.0337  0.0333  0.0335  0.0337  0.0337  0.0336  0.0337  0.0334  0.0336
  0.0344  0.0343  0.0339  0.0338  0.0335  0.0338  0.0341  0.0343  0.0339  0.0343  0.0335  0.0339
niter,ni,del,rscale     5    3    5.0000    0.8000
parameters
   -1.8482    3.6870    8.4049  -16.7813  -40.0036  -18.3051
    6.9608    9.3927   -0.5843    3.3119   -3.4309   12.4679
eta,q 0.96691 14.70528
  0.0340  0.0336  0.0335  0.0337  0.0344  0.0339  0.0338  0.0342  0.0336  0.0341  0.0333  0.0332
  0.0336  0.0334  0.0333  0.0334  0.0339  0.0335  0.0335  0.0336  0.0334  0.0337  0.0332  0.0331
  0.0333  0.0332  0.0332  0.0333  0.0335  0.0333  0.0332  0.0333  0.0332  0.0333  0.0331  0.0331
  0.0333  0.0333  0.0332  0.0332  0.0332  0.0332  0.0331  0.0331  0.0331  0.0331  0.0331  0.0331
  0.0334  0.0334  0.0333  0.0332  0.0332  0.0332  0.0332  0.0332  0.0332  0.0331  0.0331  0.0332
  0.0336  0.0337  0.0334  0.0334  0.0334  0.0333  0.0333  0.0334  0.0334  0.0334  0.0332  0.0333
  0.0341  0.0342  0.0336  0.0337  0.0339  0.0336  0.0336  0.0341  0.0337  0.0339  0.0333  0.0336
niter,ni,del,rscale     4    3    5.0000    0.7000
parameters
   -1.9923    3.5933    8.3173  -16.4682  -39.5972  -18.1191
    7.3738    9.4425   -0.6300    3.7459   -3.1058   11.6508
eta,q 0.96698 14.75548
  0.0336  0.0335  0.0333  0.0335  0.0339  0.0335  0.0336  0.0339  0.0335  0.0338  0.0332  0.0331
  0.0333  0.0333  0.0332  0.0333  0.0335  0.0333  0.0333  0.0334  0.0332  0.0335  0.0331  0.0331
  0.0331  0.0331  0.0331  0.0332  0.0332  0.0331  0.0331  0.0332  0.0331  0.0332  0.0331  0.0330
  0.0331  0.0331  0.0331  0.0331  0.0331  0.0331  0.0330  0.0330  0.0330  0.0330  0.0330  0.0330
  0.0332  0.0332  0.0331  0.0331  0.0331  0.0331  0.0331  0.0331  0.0331  0.0330  0.0330  0.0331
  0.0334  0.0334  0.0332  0.0332  0.0333  0.0332  0.0332  0.0333  0.0332  0.0332  0.0331  0.0332
  0.0338  0.0337  0.0334  0.0334  0.0338  0.0335  0.0334  0.0339  0.0335  0.0336  0.0332  0.0333
niter,ni,del,rscale     3    3    5.0000    0.6000
parameters
   -2.1260    3.5760    8.2194  -16.2755  -39.2986  -18.1128
    7.6589    9.4144   -0.7035    4.0240   -2.8495   11.2448
eta,q 0.96702 14.78372
  0.0334  0.0334  0.0332  0.0334  0.0337  0.0333  0.0334  0.0336  0.0333  0.0336  0.0332  0.0331
  0.0332  0.0332  0.0331  0.0332  0.0333  0.0332  0.0332  0.0333  0.0331  0.0333  0.0331  0.0330
  0.0330  0.0331  0.0330  0.0331  0.0331  0.0330  0.0330  0.0331  0.0330  0.0331  0.0330  0.0330
  0.0330  0.0330  0.0330  0.0330  0.0330  0.0330  0.0330  0.0330  0.0330  0.0330  0.0330  0.0330
  0.0331  0.0331  0.0330  0.0330  0.0330  0.0330  0.0330  0.0330  0.0330  0.0330  0.0330  0.0330
  0.0333  0.0332  0.0331  0.0331  0.0332  0.0331  0.0331  0.0332  0.0331  0.0332  0.0330  0.0331
  0.0336  0.0334  0.0332  0.0334  0.0335  0.0334  0.0333  0.0337  0.0333  0.0335  0.0331  0.0332
niter,ni,del,rscale     2    3    5.0000    0.5000
parameters
   -2.2144    3.5685    8.1473  -16.1232  -39.1076  -18.1262
    7.8149    9.4360   -0.7711    4.1905   -2.7117   11.0075
eta,q 0.96703 14.80260
  0.0333  0.0332  0.0331  0.0333  0.0334  0.0332  0.0332  0.0334  0.0332  0.0334  0.0331  0.0331
  0.0331  0.0331  0.0330  0.0331  0.0332  0.0331  0.0331  0.0332  0.0331  0.0332  0.0330  0.0330
  0.0330  0.0330  0.0330  0.0330  0.0330  0.0330  0.0330  0.0331  0.0330  0.0330  0.0330  0.0330
  0.0330  0.0330  0.0330  0.0330  0.0330  0.0330  0.0330  0.0330  0.0330  0.0330  0.0330  0.0330
  0.0330  0.0330  0.0330  0.0330  0.0330  0.0330  0.0330  0.0330  0.0330  0.0330  0.0330  0.0330
  0.0332  0.0331  0.0331  0.0331  0.0331  0.0331  0.0331  0.0331  0.0331  0.0331  0.0330  0.0330
  0.0334  0.0333  0.0331  0.0332  0.0334  0.0333  0.0332  0.0335  0.0332  0.0333  0.0331  0.0331
niter,ni,del,rscale     1    3    5.0000    0.4000
parameters
   -2.2556    3.5545    8.1083  -15.9795  -38.9864  -18.1015
    7.8911    9.4923   -0.8214    4.2818   -2.7079   10.8958
eta,q 0.96704 14.81978
  0.0332  0.0331  0.0330  0.0332  0.0333  0.0331  0.0331  0.0333  0.0331  0.0332  0.0330  0.0330
  0.0331  0.0330  0.0330  0.0331  0.0331  0.0330  0.0330  0.0331  0.0330  0.0331  0.0330  0.0330
  0.0330  0.0330  0.0330  0.0330  0.0330  0.0330  0.0330  0.0330  0.0330  0.0330  0.0330  0.0330
  0.0330  0.0330  0.0330  0.0330  0.0330  0.0330  0.0330  0.0330  0.0330  0.0330  0.0330  0.0330
  0.0330  0.0330  0.0330  0.0330  0.0330  0.0330  0.0330  0.0330  0.0330  0.0330  0.0330  0.0330
  0.0331  0.0331  0.0330  0.0330  0.0331  0.0330  0.0330  0.0331  0.0330  0.0331  0.0330  0.0330
  0.0332  0.0331  0.0331  0.0331  0.0332  0.0331  0.0331  0.0333  0.0331  0.0332  0.0330  0.0330
registration optimization eta report
parameter search radius
    0.8000    0.8000    0.8000    2.4000    2.7600    2.4000
    2.4000    2.4000    2.4000    2.4000    2.4000    2.4000
100000*second partial in parameter space
       34.       27.       14.        3.        4.        3.
        2.        6.        2.        4.        1.        1.
  0.0332  0.0331  0.0330  0.0332  0.0333  0.0331  0.0331  0.0333  0.0331  0.0332  0.0330  0.0330
  0.0331  0.0330  0.0330  0.0331  0.0331  0.0330  0.0330  0.0331  0.0330  0.0331  0.0330  0.0330
  0.0330  0.0330  0.0330  0.0330  0.0330  0.0330  0.0330  0.0330  0.0330  0.0330  0.0330  0.0330
  0.0330  0.0330  0.0330  0.0330  0.0330  0.0330  0.0330  0.0330  0.0330  0.0330  0.0330  0.0330
  0.0330  0.0330  0.0330  0.0330  0.0330  0.0330  0.0330  0.0330  0.0330  0.0330  0.0330  0.0330
  0.0331  0.0331  0.0330  0.0330  0.0331  0.0330  0.0330  0.0331  0.0330  0.0331  0.0330  0.0330
  0.0332  0.0331  0.0331  0.0331  0.0332  0.0331  0.0331  0.0333  0.0331  0.0332  0.0330  0.0330
   -2.2556    3.5545    8.1083  -15.9795  -38.9864  -18.1015
    7.8911    9.4923   -0.8214    4.2818   -2.7079   10.8958
eta,q 0.96704 14.81978

---------------------------------------------------------------------
imgreg_4dfp /opt/freesurfer/average/711-2C_as_mni_average_305 /opt/freesurfer/average/711-2B_as_mni_average_305_mask talsrcimg_g11 none talsrcimg_to_711-2C_as_mni_average_305_t4 2311
---------------------------------------------------------------------

freesurfer imgreg_4dfp.c
/opt/freesurfer/average/711-2C_as_mni_average_305.4dfp.img
       256       256       256         1
  1.000000  1.000000  1.000000
orientation T byte_order littleendian
Reading image: /opt/freesurfer/average/711-2C_as_mni_average_305.4dfp.img
dimensions:      256       256       256
mmppix:       1.0000   -1.0000   -1.0000
center:     128.0000 -129.0000 -129.0000
/opt/freesurfer/average/711-2B_as_mni_average_305_mask.4dfp.img
       256       256       256         1
  1.000000  1.000000  1.000000
orientation T byte_order littleendian
Reading mask: /opt/freesurfer/average/711-2B_as_mni_average_305_mask.4dfp.img (2306576 pixels)
talsrcimg_g11.4dfp.img
       256       256       256         1
  1.000000  1.000000  1.000000
orientation T byte_order littleendian
Reading image: talsrcimg_g11.4dfp.img
dimensions:      256       256       256
mmppix:       1.0000   -1.0000   -1.0000
center:     128.0000 -129.0000 -129.0000
fimgreg.f
image alignment mode   2311 decimal      907 hex
parameters
   -2.2556    3.5545    8.1083  -15.9795  -38.9863  -18.1015
    7.8911    9.4923   -0.8214    4.2818   -2.7079   10.8958
eta,q 0.96704 14.81979
niter,ni,del,rscale     5    3    5.0000    0.8000
parameters
   -2.2330    3.5471    8.0826  -16.6582  -39.1993  -18.3658
    8.0008    9.1415   -0.6957    4.1842   -2.9107   11.3018
eta,q 0.96699 14.76303
  0.0339  0.0337  0.0333  0.0335  0.0337  0.0336  0.0336  0.0340  0.0336  0.0339  0.0332  0.0333
  0.0334  0.0333  0.0331  0.0333  0.0333  0.0333  0.0333  0.0334  0.0333  0.0335  0.0331  0.0332
  0.0330  0.0330  0.0330  0.0331  0.0331  0.0331  0.0331  0.0331  0.0331  0.0332  0.0330  0.0331
  0.0330  0.0330  0.0330  0.0330  0.0330  0.0330  0.0330  0.0330  0.0330  0.0330  0.0330  0.0330
  0.0331  0.0330  0.0330  0.0330  0.0331  0.0330  0.0330  0.0331  0.0331  0.0331  0.0330  0.0330
  0.0334  0.0333  0.0331  0.0334  0.0334  0.0333  0.0332  0.0335  0.0332  0.0334  0.0331  0.0331
  0.0338  0.0337  0.0333  0.0342  0.0339  0.0338  0.0335  0.0345  0.0335  0.0341  0.0333  0.0332
niter,ni,del,rscale     4    3    5.0000    0.7000
parameters
   -2.2608    3.6051    8.1389  -16.4697  -39.2391  -18.3713
    7.9360    9.2323   -0.7034    4.1406   -2.8139   11.2383
eta,q 0.96701 14.76611
  0.0336  0.0336  0.0333  0.0335  0.0336  0.0335  0.0334  0.0339  0.0334  0.0337  0.0332  0.0332
  0.0333  0.0333  0.0331  0.0333  0.0333  0.0332  0.0332  0.0334  0.0332  0.0333  0.0331  0.0331
  0.0331  0.0331  0.0330  0.0331  0.0331  0.0331  0.0330  0.0331  0.0330  0.0331  0.0330  0.0330
  0.0330  0.0330  0.0330  0.0330  0.0330  0.0330  0.0330  0.0330  0.0330  0.0330  0.0330  0.0330
  0.0331  0.0331  0.0330  0.0330  0.0330  0.0330  0.0331  0.0330  0.0330  0.0330  0.0330  0.0330
  0.0333  0.0332  0.0331  0.0331  0.0333  0.0332  0.0332  0.0333  0.0332  0.0333  0.0331  0.0331
  0.0336  0.0335  0.0332  0.0335  0.0337  0.0335  0.0334  0.0339  0.0334  0.0338  0.0332  0.0332
niter,ni,del,rscale     3    3    5.0000    0.6000
parameters
   -2.2567    3.5973    8.1278  -16.2723  -39.1255  -18.2740
    7.9086    9.3017   -0.7469    4.1879   -2.7095   11.0855
eta,q 0.96702 14.78661
  0.0335  0.0334  0.0332  0.0334  0.0335  0.0334  0.0333  0.0336  0.0333  0.0335  0.0331  0.0331
  0.0332  0.0332  0.0331  0.0332  0.0332  0.0332  0.0331  0.0333  0.0331  0.0333  0.0330  0.0330
  0.0330  0.0330  0.0330  0.0331  0.0331  0.0330  0.0330  0.0331  0.0330  0.0331  0.0330  0.0330
  0.0330  0.0330  0.0330  0.0330  0.0330  0.0330  0.0330  0.0330  0.0330  0.0330  0.0330  0.0330
  0.0331  0.0330  0.0330  0.0330  0.0330  0.0330  0.0330  0.0330  0.0330  0.0330  0.0330  0.0330
  0.0332  0.0332  0.0331  0.0331  0.0332  0.0331  0.0331  0.0332  0.0331  0.0332  0.0330  0.0330
  0.0334  0.0334  0.0332  0.0333  0.0334  0.0333  0.0333  0.0337  0.0333  0.0335  0.0331  0.0331
niter,ni,del,rscale     2    3    5.0000    0.5000
parameters
   -2.2722    3.5798    8.1005  -16.1173  -39.0179  -18.1992
    7.9264    9.3782   -0.7983    4.2499   -2.6863   10.9559
eta,q 0.96704 14.80507
  0.0333  0.0332  0.0331  0.0333  0.0333  0.0332  0.0332  0.0334  0.0332  0.0334  0.0331  0.0331
  0.0331  0.0331  0.0330  0.0331  0.0331  0.0331  0.0331  0.0332  0.0331  0.0332  0.0330  0.0330
  0.0330  0.0330  0.0330  0.0330  0.0330  0.0330  0.0330  0.0331  0.0330  0.0330  0.0330  0.0330
  0.0330  0.0330  0.0330  0.0330  0.0330  0.0330  0.0330  0.0330  0.0330  0.0330  0.0330  0.0330
  0.0330  0.0330  0.0330  0.0330  0.0330  0.0330  0.0330  0.0330  0.0330  0.0330  0.0330  0.0330
  0.0331  0.0331  0.0330  0.0330  0.0331  0.0331  0.0331  0.0331  0.0331  0.0331  0.0330  0.0330
  0.0333  0.0333  0.0331  0.0332  0.0333  0.0332  0.0332  0.0335  0.0332  0.0333  0.0331  0.0331
niter,ni,del,rscale     1    3    5.0000    0.4000
parameters
   -2.2772    3.5654    8.0737  -15.9729  -38.9430  -18.1478
    7.9271    9.4780   -0.8203    4.3231   -2.6642   10.8249
eta,q 0.96704 14.81990
  0.0332  0.0331  0.0330  0.0332  0.0332  0.0331  0.0331  0.0333  0.0331  0.0332  0.0330  0.0330
  0.0331  0.0330  0.0330  0.0331  0.0331  0.0331  0.0330  0.0331  0.0330  0.0331  0.0330  0.0330
  0.0330  0.0330  0.0330  0.0330  0.0330  0.0330  0.0330  0.0330  0.0330  0.0330  0.0330  0.0330
  0.0330  0.0330  0.0330  0.0330  0.0330  0.0330  0.0330  0.0330  0.0330  0.0330  0.0330  0.0330
  0.0330  0.0330  0.0330  0.0330  0.0330  0.0330  0.0330  0.0330  0.0330  0.0330  0.0330  0.0330
  0.0331  0.0331  0.0330  0.0330  0.0330  0.0330  0.0330  0.0331  0.0330  0.0331  0.0330  0.0330
  0.0332  0.0332  0.0331  0.0331  0.0332  0.0331  0.0331  0.0333  0.0331  0.0332  0.0330  0.0330
registration optimization eta report
parameter search radius
    0.8000    0.8000    0.8000    2.4000    2.4000    2.4000
    2.4000    2.4000    2.4000    2.4000    2.4000    2.4000
100000*second partial in parameter space
       34.       28.       14.        3.        4.        3.
        3.        6.        2.        4.        1.        1.
  0.0332  0.0331  0.0330  0.0332  0.0332  0.0331  0.0331  0.0333  0.0331  0.0332  0.0330  0.0330
  0.0331  0.0330  0.0330  0.0331  0.0331  0.0331  0.0330  0.0331  0.0330  0.0331  0.0330  0.0330
  0.0330  0.0330  0.0330  0.0330  0.0330  0.0330  0.0330  0.0330  0.0330  0.0330  0.0330  0.0330
  0.0330  0.0330  0.0330  0.0330  0.0330  0.0330  0.0330  0.0330  0.0330  0.0330  0.0330  0.0330
  0.0330  0.0330  0.0330  0.0330  0.0330  0.0330  0.0330  0.0330  0.0330  0.0330  0.0330  0.0330
  0.0331  0.0331  0.0330  0.0330  0.0330  0.0330  0.0330  0.0331  0.0330  0.0331  0.0330  0.0330
  0.0332  0.0332  0.0331  0.0331  0.0332  0.0331  0.0331  0.0333  0.0331  0.0332  0.0330  0.0330
   -2.2772    3.5654    8.0737  -15.9729  -38.9430  -18.1478
    7.9271    9.4780   -0.8203    4.3231   -2.6642   10.8249
eta,q 0.96704 14.81990

---------------------------------------------------------------------
compute_vox2vox talsrcimg talsrcimg_to_711-2C_as_mni_average_305_t4 /opt/freesurfer/average/711-2C_as_mni_average_305
---------------------------------------------------------------------

freesurfer compute_vox2vox.c
Reading: talsrcimg.4dfp.ifh
Reading: talsrcimg_to_711-2C_as_mni_average_305_t4
Reading: /opt/freesurfer/average/711-2C_as_mni_average_305.4dfp.ifh
Writing: talsrcimg_to_711-2C_as_mni_average_305_t4_vox2vox.txt

start time Sun Mar 8 23:48:54 CET 2026
end		time Sun Mar 8 23:49:08 CET 2026

mpr2mni305 success

avi2talxfm orig_nu.mgz /opt/freesurfer/average/mni305.cor.mgz talsrcimg_to_711-2C_as_mni_average_305_t4_vox2vox.txt transforms/talairach.auto.xfm
avi2talxfm done
mv -f /out/sourcedata/freesurfer/sub-v1s16x0051186_ses-1/mri/talsrcimg_to_711-2C_as_mni_average_305_t4_vox2vox.txt /out/sourcedata/freesurfer/sub-v1s16x0051186_ses-1/mri/transforms/talsrcimg_to_711-2C_as_mni_average_305_t4_vox2vox.txt
lta_convert --src orig_nu.mgz --trg /opt/freesurfer/average/mni305.cor.mgz --inxfm transforms/talairach.auto.xfm --outlta transforms/talairach.auto.xfm.lta --subject fsaverage
7.3.2

--src: orig_nu.mgz src image (geometry).
--trg: /opt/freesurfer/average/mni305.cor.mgz trg image (geometry).
--inmni: transforms/talairach.auto.xfm input MNI/XFM transform.
--outlta: transforms/talairach.auto.xfm.lta output LTA.
--s: fsaverage subject name
 LTA read, type : 1
 1.18469  -0.13028  -0.13071   1.12045;
 0.03680   1.22922  -0.22271  -2.13771;
 0.01331  -0.08878   1.65183  -9.31781;
 0.00000   0.00000   0.00000   1.00000;
setting subject to fsaverage
Writing  LTA to file transforms/talairach.auto.xfm.lta...
lta_convert successful.
 
 
Started at Sun Mar 8 23:48:54 CET 2026
Ended   at Sun Mar  8 23:49:09 CET 2026
talairach_avi done
