/out/sourcedata/freesurfer/sub-v1s16x0051161_ses-1/mri
/opt/freesurfer/bin/talairach_avi
--i orig_nu.mgz --xfm transforms/talairach.auto.xfm
talairach_avi 7.3.2
Linux dna056 5.14.0-427.37.1.el9_4.x86_64 #1 SMP PREEMPT_DYNAMIC Fri Sep 13 12:41:50 EDT 2024 x86_64 x86_64 x86_64 GNU/Linux
Sun Mar  8 22:06:28 CET 2026
mri_convert orig_nu.mgz talsrcimg.img 
reading from orig_nu.mgz...
TR=0.00, TE=0.00, TI=0.00, flip angle=0.00
i_ras = (-1, 0, 0)
j_ras = (0, 0, -1)
k_ras = (0, 1, 0)
writing to talsrcimg.img...
Analyze Output Matrix
-1.00000   0.00000   0.00000   129.42618;
 0.00000   0.00000   1.00000  -134.10382;
 0.00000  -1.00000   0.00000   130.01117;
 0.00000   0.00000   0.00000   1.00000;
--------------------
INFO: set hdr.hist.orient to -1
mpr2mni305 talsrcimg
Sun Mar  8 22:06:29 CET 2026
/opt/freesurfer/bin/mpr2mni305 talsrcimg
mpr2mni305 7.3.2
target=711-2C_as_mni_average_305

---------------------------------------------------------------------
analyzeto4dfp talsrcimg -O0 -y
---------------------------------------------------------------------

freesurfer ifh2hdr.c
Sun Mar  8 22:06:29 2026
Writing: talsrcimg.4dfp.hdr
freesurfer analyzeto4dfp.c
Reading: talsrcimg.hdr
header size 348 bytes
hdr.dime.datatype	offset=70	value=2
hdr.dime.bitpix		offset=72	value=8
hdr.hist.orient		offset=252	value=-1
dimensionality     4
dimensions       256       256       256         1
Reading: talsrcimg.img
Writing: talsrcimg.4dfp.img
Writing: talsrcimg.4dfp.ifh
ifh2hdr talsrcimg -r0to212
ori=2

---------------------------------------------------------------------
gauss_4dfp talsrcimg 1.1
---------------------------------------------------------------------

freesurfer gauss_4dfp.c
Reading: talsrcimg.4dfp.img
Writing: talsrcimg_g11.4dfp.img
image dimensions 256 256 256 padded to 288 288 288
processing volume 1freesurfer ifh2hdr.c
Sun Mar  8 22:06:31 2026
Writing: talsrcimg_g11.4dfp.hdr

Writing: talsrcimg_g11.4dfp.ifh
including: talsrcimg.4dfp.img.rec in talsrcimg_g11.4dfp.img.rec

---------------------------------------------------------------------
imgreg_4dfp /opt/freesurfer/average/711-2C_as_mni_average_305 none talsrcimg_g11 none talsrcimg_to_711-2C_as_mni_average_305_t4 4355
---------------------------------------------------------------------

freesurfer imgreg_4dfp.c
/opt/freesurfer/average/711-2C_as_mni_average_305.4dfp.img
       256       256       256         1
  1.000000  1.000000  1.000000
orientation T byte_order littleendian
Reading image: /opt/freesurfer/average/711-2C_as_mni_average_305.4dfp.img
dimensions:      256       256       256
mmppix:       1.0000   -1.0000   -1.0000
center:     128.0000 -129.0000 -129.0000
talsrcimg_g11.4dfp.img
       256       256       256         1
  1.000000  1.000000  1.000000
orientation T byte_order littleendian
Reading image: talsrcimg_g11.4dfp.img
dimensions:      256       256       256
mmppix:       1.0000   -1.0000   -1.0000
center:     128.0000 -129.0000 -129.0000
t4_read: open error in t4_sub.f l:  41 t4_file(1:l)talsrcimg_to_711-2C_as_mni_average_305_t4 
t4_read: transform initialized to I4
rotation matrix determinant  1.000000
image alignment mode   4355 decimal     1103 hex
   -7.5000  -45.0000  -45.0000 6873.7754   21.7146
    0.0000  -45.0000  -45.0000 7167.4307   21.7674
    7.5000  -45.0000  -45.0000 6797.1543   21.7785
   -7.5000  -37.5000  -45.0000 7397.3794   21.6554
    0.0000  -37.5000  -45.0000 7709.2666   21.7076
    7.5000  -37.5000  -45.0000 7322.4717   21.7150
   -7.5000  -30.0000  -45.0000 8211.1514   21.6487
    0.0000  -30.0000  -45.0000 8565.6895   21.6989
    7.5000  -30.0000  -45.0000 8140.5635   21.7038
   -7.5000  -22.5000  -45.0000 9061.9746   21.6418
    0.0000  -22.5000  -45.0000 9454.3877   21.6903
    7.5000  -22.5000  -45.0000 8944.9268   21.6959
   -7.5000  -15.0000  -45.0000 9790.5195   21.6160
    0.0000  -15.0000  -45.000010205.9863   21.6666
    7.5000  -15.0000  -45.0000 9649.1113   21.6763
   -7.5000   -7.5000  -45.000010425.9492   21.5963
    0.0000   -7.5000  -45.000010893.3379   21.6486
    7.5000   -7.5000  -45.000010298.4014   21.6611
   -7.5000    0.0000  -45.000011018.4385   21.5975
    0.0000    0.0000  -45.000011480.4854   21.6498
    7.5000    0.0000  -45.000010865.2686   21.6606
   -7.5000    7.5000  -45.000010848.5781   21.6239
    0.0000    7.5000  -45.000011309.5938   21.6761
    7.5000    7.5000  -45.000010675.0264   21.6835
   -7.5000   15.0000  -45.000010650.1855   21.6485
    0.0000   15.0000  -45.000011099.2178   21.6987
    7.5000   15.0000  -45.000010463.6523   21.7036
   -7.5000   22.5000  -45.000010246.8242   21.6388
    0.0000   22.5000  -45.000010655.2930   21.6873
    7.5000   22.5000  -45.000010042.2227   21.6929
   -7.5000   30.0000  -45.0000 9459.9609   21.3280
    0.0000   30.0000  -45.0000 9851.5957   21.3779
    7.5000   30.0000  -45.0000 9282.8486   21.3874
   -7.5000   37.5000  -45.0000 8998.4092   21.3085
    0.0000   37.5000  -45.0000 9388.7930   21.3601
    7.5000   37.5000  -45.0000 8843.6016   21.3724
   -7.5000   45.0000  -45.0000 8248.3643   20.7686
    0.0000   45.0000  -45.0000 8604.2705   20.8189
    7.5000   45.0000  -45.0000 8110.2231   20.8292
   -7.5000  -45.0000  -37.5000 7425.4033   21.4789
    0.0000  -45.0000  -37.5000 7734.3911   21.5180
    7.5000  -45.0000  -37.5000 7351.8867   21.5208
   -7.5000  -37.5000  -37.5000 8018.2651   21.4297
    0.0000  -37.5000  -37.5000 8343.2080   21.4667
    7.5000  -37.5000  -37.5000 7921.6714   21.4602
   -7.5000  -30.0000  -37.5000 8895.6240   21.4256
    0.0000  -30.0000  -37.5000 9243.7617   21.4635
    7.5000  -30.0000  -37.5000 8783.1904   21.4547
   -7.5000  -22.5000  -37.5000 9736.0049   21.4097
    0.0000  -22.5000  -37.500010131.1826   21.4514
    7.5000  -22.5000  -37.5000 9605.9678   21.4506
   -7.5000  -15.0000  -37.500010468.3174   21.3751
    0.0000  -15.0000  -37.500010906.0078   21.4201
    7.5000  -15.0000  -37.500010352.3301   21.4291
   -7.5000   -7.5000  -37.500011190.1631   21.3549
    0.0000   -7.5000  -37.500011640.9834   21.3981
    7.5000   -7.5000  -37.500011049.8965   21.4079
   -7.5000    0.0000  -37.500011822.5361   21.3632
    0.0000    0.0000  -37.500012287.1729   21.4021
    7.5000    0.0000  -37.500011635.5352   21.4046
   -7.5000    7.5000  -37.500011621.5137   21.3989
    0.0000    7.5000  -37.500012061.6641   21.4359
    7.5000    7.5000  -37.500011386.7988   21.4295
   -7.5000   15.0000  -37.500011388.2412   21.4253
    0.0000   15.0000  -37.500011823.4482   21.4632
    7.5000   15.0000  -37.500011150.8496   21.4544
   -7.5000   22.5000  -37.500010896.3564   21.4067
    0.0000   22.5000  -37.500011306.6748   21.4485
    7.5000   22.5000  -37.500010694.7529   21.4477
   -7.5000   30.0000  -37.500010008.1631   21.0903
    0.0000   30.0000  -37.500010413.7461   21.1347
    7.5000   30.0000  -37.5000 9854.1689   21.1436
   -7.5000   37.5000  -37.5000 9526.2871   21.0703
    0.0000   37.5000  -37.5000 9898.4209   21.1129
    7.5000   37.5000  -37.5000 9376.4131   21.1227
   -7.5000   45.0000  -37.5000 8715.9326   20.5433
    0.0000   45.0000  -37.5000 9051.3447   20.5807
    7.5000   45.0000  -37.5000 8568.0596   20.5831
   -7.5000  -45.0000  -30.0000 8126.6987   22.3094
    0.0000  -45.0000  -30.0000 8449.7666   22.3399
    7.5000  -45.0000  -30.0000 8029.1460   22.3421
   -7.5000  -37.5000  -30.0000 8792.6719   22.2521
    0.0000  -37.5000  -30.0000 9120.2715   22.2821
    7.5000  -37.5000  -30.0000 8651.7588   22.2751
   -7.5000  -30.0000  -30.0000 9754.5195   22.2504
    0.0000  -30.0000  -30.000010105.8096   22.2861
    7.5000  -30.0000  -30.0000 9602.6514   22.2781
   -7.5000  -22.5000  -30.000010641.6953   22.2428
    0.0000  -22.5000  -30.000011045.7646   22.2859
    7.5000  -22.5000  -30.000010512.6162   22.2883
   -7.5000  -15.0000  -30.000011429.7998   22.2145
    0.0000  -15.0000  -30.000011872.7041   22.2587
    7.5000  -15.0000  -30.000011313.9346   22.2705
   -7.5000   -7.5000  -30.000012260.2334   22.1905
    0.0000   -7.5000  -30.000012714.8662   22.2277
    7.5000   -7.5000  -30.000012091.7568   22.2381
   -7.5000    0.0000  -30.000012928.2861   22.1891
    0.0000    0.0000  -30.000013416.9316   22.2194
    7.5000    0.0000  -30.000012701.5664   22.2214
   -7.5000    7.5000  -30.000012652.6436   22.2204
    0.0000    7.5000  -30.000013118.0195   22.2504
    7.5000    7.5000  -30.000012394.3145   22.2434
   -7.5000   15.0000  -30.000012380.6328   22.2501
    0.0000   15.0000  -30.000012818.1875   22.2859
    7.5000   15.0000  -30.000012123.9648   22.2778
   -7.5000   22.5000  -30.000011793.3008   22.2375
    0.0000   22.5000  -30.000012221.6504   22.2806
    7.5000   22.5000  -30.000011590.6572   22.2830
   -7.5000   30.0000  -30.000010820.2861   21.9205
    0.0000   30.0000  -30.000011215.7686   21.9642
    7.5000   30.0000  -30.000010684.2002   21.9758
   -7.5000   37.5000  -30.000010281.6562   21.8968
    0.0000   37.5000  -30.000010635.8135   21.9335
    7.5000   37.5000  -30.000010146.3311   21.9438
   -7.5000   45.0000  -30.0000 9360.0439   21.3531
    0.0000   45.0000  -30.0000 9681.8623   21.3823
    7.5000   45.0000  -30.0000 9206.9150   21.3843
   -7.5000  -45.0000  -22.5000 8830.3643   23.0416
    0.0000  -45.0000  -22.5000 9211.3604   23.0760
    7.5000  -45.0000  -22.5000 8747.5645   23.0874
   -7.5000  -37.5000  -22.5000 9532.1787   22.9641
    0.0000  -37.5000  -22.5000 9905.6768   23.0010
    7.5000  -37.5000  -22.5000 9398.1699   23.0097
   -7.5000  -30.0000  -22.500010551.8799   22.9616
    0.0000  -30.0000  -22.500010968.4160   23.0060
    7.5000  -30.0000  -22.500010428.3164   23.0159
   -7.5000  -22.5000  -22.500011543.2432   22.9736
    0.0000  -22.5000  -22.500011997.7412   23.0240
    7.5000  -22.5000  -22.500011422.3330   23.0391
   -7.5000  -15.0000  -22.500012448.0410   22.9639
    0.0000  -15.0000  -22.500012937.4150   23.0126
    7.5000  -15.0000  -22.500012296.0869   23.0297
   -7.5000   -7.5000  -22.500013371.7988   22.9377
    0.0000   -7.5000  -22.500013894.2744   22.9779
    7.5000   -7.5000  -22.500013150.1416   22.9923
   -7.5000    0.0000  -22.500014094.7393   22.9175
    0.0000    0.0000  -22.500014637.0000   22.9518
    7.5000    0.0000  -22.500013807.0977   22.9629
   -7.5000    7.5000  -22.500013741.3311   22.9313
    0.0000    7.5000  -22.500014253.5205   22.9683
    7.5000    7.5000  -22.500013457.2324   22.9768
   -7.5000   15.0000  -22.500013387.5215   22.9614
    0.0000   15.0000  -22.500013878.9141   23.0058
    7.5000   15.0000  -22.500013121.2764   23.0157
   -7.5000   22.5000  -22.500012720.2295   22.9665
    0.0000   22.5000  -22.500013193.0811   23.0169
    7.5000   22.5000  -22.500012527.0781   23.0320
   -7.5000   30.0000  -22.500011689.2197   22.6635
    0.0000   30.0000  -22.500012098.9443   22.7116
    7.5000   30.0000  -22.500011540.5537   22.7285
   -7.5000   37.5000  -22.500011054.8545   22.6377
    0.0000   37.5000  -22.500011444.0938   22.6774
    7.5000   37.5000  -22.500010918.2285   22.6916
   -7.5000   45.0000  -22.500010029.3486   22.0707
    0.0000   45.0000  -22.500010373.5166   22.1038
    7.5000   45.0000  -22.5000 9898.6484   22.1145
   -7.5000  -45.0000  -15.0000 9550.1367   23.5746
    0.0000  -45.0000  -15.0000 9964.2441   23.6219
    7.5000  -45.0000  -15.0000 9466.2480   23.6428
   -7.5000  -37.5000  -15.000010277.1270   23.4820
    0.0000  -37.5000  -15.000010706.4229   23.5333
    7.5000  -37.5000  -15.000010173.1777   23.5584
   -7.5000  -30.0000  -15.000011374.8262   23.4757
    0.0000  -30.0000  -15.000011869.4824   23.5320
    7.5000  -30.0000  -15.000011261.0439   23.5596
   -7.5000  -22.5000  -15.000012480.8721   23.4997
    0.0000  -22.5000  -15.000013034.4180   23.5567
    7.5000  -22.5000  -15.000012384.1895   23.5822
   -7.5000  -15.0000  -15.000013483.8945   23.5031
    0.0000  -15.0000  -15.000014093.2256   23.5572
    7.5000  -15.0000  -15.000013336.6885   23.5773
   -7.5000   -7.5000  -15.000014451.7627   23.4783
    0.0000   -7.5000  -15.000015133.9404   23.5273
    7.5000   -7.5000  -15.000014260.0059   23.5453
   -7.5000    0.0000  -15.000015152.9209   23.4480
    0.0000    0.0000  -15.000015902.9932   23.4950
    7.5000    0.0000  -15.000014950.4795   23.5156
   -7.5000    7.5000  -15.000014769.8828   23.4484
    0.0000    7.5000  -15.000015432.4434   23.4998
    7.5000    7.5000  -15.000014533.6504   23.5247
   -7.5000   15.0000  -15.000014351.0127   23.4754
    0.0000   15.0000  -15.000014975.5244   23.5318
    7.5000   15.0000  -15.000014133.3623   23.5593
   -7.5000   22.5000  -15.000013608.3496   23.4914
    0.0000   22.5000  -15.000014182.0283   23.5483
    7.5000   22.5000  -15.000013428.7158   23.5739
   -7.5000   30.0000  -15.000012546.6738   23.1989
    0.0000   30.0000  -15.000013029.6621   23.2523
    7.5000   30.0000  -15.000012409.5410   23.2722
   -7.5000   37.5000  -15.000011863.1572   23.1745
    0.0000   37.5000  -15.000012320.2656   23.2228
    7.5000   37.5000  -15.000011761.2559   23.2406
   -7.5000   45.0000  -15.000010715.0029   22.5952
    0.0000   45.0000  -15.000011126.4072   22.6405
    7.5000   45.0000  -15.000010627.2549   22.6604
   -7.5000  -45.0000   -7.500010302.9658   23.8697
    0.0000  -45.0000   -7.500010761.8965   23.9270
    7.5000  -45.0000   -7.500010248.9932   23.9493
   -7.5000  -37.5000   -7.500011036.5166   23.7848
    0.0000  -37.5000   -7.500011535.0029   23.8449
    7.5000  -37.5000   -7.500010985.4482   23.8699
   -7.5000  -30.0000   -7.500012232.2812   23.7764
    0.0000  -30.0000   -7.500012818.2549   23.8366
    7.5000  -30.0000   -7.500012184.1611   23.8615
   -7.5000  -22.5000   -7.500013493.3760   23.7893
    0.0000  -22.5000   -7.500014167.4600   23.8463
    7.5000  -22.5000   -7.500013433.0566   23.8669
   -7.5000  -15.0000   -7.500014616.5117   23.7824
    0.0000  -15.0000   -7.500015416.6582   23.8381
    7.5000  -15.0000   -7.500014515.2773   23.8554
   -7.5000   -7.5000   -7.500015607.8906   23.7601
    0.0000   -7.5000   -7.500016554.4746   23.8159
    7.5000   -7.5000   -7.500015479.1689   23.8344
   -7.5000    0.0000   -7.500016245.0244   23.7416
    0.0000    0.0000   -7.500017231.6836   23.7984
    7.5000    0.0000   -7.500016158.0596   23.8203
   -7.5000    7.5000   -7.500015760.9082   23.7507
    0.0000    7.5000   -7.500016645.8613   23.8108
    7.5000    7.5000   -7.500015664.5088   23.8358
   -7.5000   15.0000   -7.500015321.7559   23.7762
    0.0000   15.0000   -7.500016122.3662   23.8364
    7.5000   15.0000   -7.500015173.2480   23.8613
   -7.5000   22.5000   -7.500014490.5469   23.7783
    0.0000   22.5000   -7.500015228.1230   23.8353
    7.5000   22.5000   -7.500014384.3447   23.8558
   -7.5000   30.0000   -7.500013372.7334   23.4740
    0.0000   30.0000   -7.500014013.8984   23.5290
    7.5000   30.0000   -7.500013285.8662   23.5460
   -7.5000   37.5000   -7.500012707.7012   23.4520
    0.0000   37.5000   -7.500013301.0537   23.5070
    7.5000   37.5000   -7.500012637.1816   23.5253
   -7.5000   45.0000   -7.500011473.1621   22.8824
    0.0000   45.0000   -7.500011987.3652   22.9372
    7.5000   45.0000   -7.500011404.1797   22.9583
   -7.5000  -45.0000    0.000010985.4316   23.9556
    0.0000  -45.0000    0.000011458.6807   24.0117
    7.5000  -45.0000    0.000010964.0000   24.0257
   -7.5000  -37.5000    0.000011742.8398   23.8899
    0.0000  -37.5000    0.000012237.5918   23.9452
    7.5000  -37.5000    0.000011693.9502   23.9547
   -7.5000  -30.0000    0.000013028.8164   23.8820
    0.0000  -30.0000    0.000013598.1641   23.9353
    7.5000  -30.0000    0.000012950.2783   23.9418
   -7.5000  -22.5000    0.000014478.9824   23.8736
    0.0000  -22.5000    0.000015186.9434   23.9254
    7.5000  -22.5000    0.000014391.5635   23.9328
   -7.5000  -15.0000    0.000015770.5674   23.8455
    0.0000  -15.0000    0.000016724.0801   23.8998
    7.5000  -15.0000    0.000015638.7627   23.9120
   -7.5000   -7.5000    0.000016750.7539   23.8249
    0.0000   -7.5000    0.000017918.3965   23.8809
    7.5000   -7.5000    0.000016642.7441   23.8964
   -7.5000    0.0000    0.000017258.5352   23.8268
    0.0000    0.0000    0.000018445.3516   23.8825
    7.5000    0.0000    0.000017271.5449   23.8961
   -7.5000    7.5000    0.000016725.5645   23.8557
    0.0000    7.5000    0.000017758.0566   23.9110
    7.5000    7.5000    0.000016687.6934   23.9205
   -7.5000   15.0000    0.000016226.6270   23.8818
    0.0000   15.0000    0.000017158.7832   23.9350
    7.5000   15.0000    0.000016117.9912   23.9415
   -7.5000   22.5000    0.000015310.4287   23.8626
    0.0000   22.5000    0.000016176.5332   23.9144
    7.5000   22.5000    0.000015236.5928   23.9218
   -7.5000   30.0000    0.000014146.5908   23.5369
    0.0000   30.0000    0.000014920.8281   23.5905
    7.5000   30.0000    0.000014057.2988   23.6026
   -7.5000   37.5000    0.000013497.2109   23.5165
    0.0000   37.5000    0.000014207.2803   23.5718
    7.5000   37.5000    0.000013413.1729   23.5872
   -7.5000   45.0000    0.000012219.9404   22.9663
    0.0000   45.0000    0.000012827.4756   23.0200
    7.5000   45.0000    0.000012135.0703   23.0331
   -7.5000  -45.0000    7.500010809.9141   23.9735
    0.0000  -45.0000    7.500011214.8545   24.0171
    7.5000  -45.0000    7.500010750.7256   24.0205
   -7.5000  -37.5000    7.500011527.5098   23.9178
    0.0000  -37.5000    7.500011968.0752   23.9589
    7.5000  -37.5000    7.500011475.4189   23.9521
   -7.5000  -30.0000    7.500012765.1641   23.9128
    0.0000  -30.0000    7.500013270.3613   23.9549
    7.5000  -30.0000    7.500012712.6064   23.9454
   -7.5000  -22.5000    7.500014289.4932   23.8951
    0.0000  -22.5000    7.500014982.6475   23.9416
    7.5000  -22.5000    7.500014213.6807   23.9411
   -7.5000  -15.0000    7.500015706.5625   23.8570
    0.0000  -15.0000    7.500016779.1719   23.9072
    7.5000  -15.0000    7.500015565.0283   23.9176
   -7.5000   -7.5000    7.500016567.1543   23.8350
    0.0000   -7.5000    7.500017813.6934   23.8831
    7.5000   -7.5000    7.500016479.7617   23.8945
   -7.5000    0.0000    7.500017071.3770   23.8443
    0.0000    0.0000    7.500018290.6562   23.8876
    7.5000    0.0000    7.500017058.8672   23.8907
   -7.5000    7.5000    7.500016571.3164   23.8836
    0.0000    7.5000    7.500017580.2422   23.9247
    7.5000    7.5000    7.500016489.4688   23.9179
   -7.5000   15.0000    7.500016047.8408   23.9125
    0.0000   15.0000    7.500016966.0137   23.9547
    7.5000   15.0000    7.500015904.9062   23.9452
   -7.5000   22.5000    7.500015088.5732   23.8841
    0.0000   22.5000    7.500015935.6865   23.9305
    7.5000   22.5000    7.500014955.2529   23.9301
   -7.5000   30.0000    7.500013921.5068   23.5483
    0.0000   30.0000    7.500014668.4404   23.5978
    7.5000   30.0000    7.500013791.5928   23.6081
   -7.5000   37.5000    7.500013311.6729   23.5265
    0.0000   37.5000    7.500014000.2061   23.5740
    7.5000   37.5000    7.500013165.1025   23.5853
   -7.5000   45.0000    7.500012057.2246   22.9832
    0.0000   45.0000    7.500012632.1709   23.0249
    7.5000   45.0000    7.500011923.1836   23.0279
   -7.5000  -45.0000   15.000010435.0068   23.9566
    0.0000  -45.0000   15.000010834.7217   23.9894
    7.5000  -45.0000   15.000010379.6055   23.9918
   -7.5000  -37.5000   15.000011157.2637   23.8951
    0.0000  -37.5000   15.000011582.0557   23.9273
    7.5000  -37.5000   15.000011094.9180   23.9198
   -7.5000  -30.0000   15.000012370.8320   23.8932
    0.0000  -30.0000   15.000012878.4131   23.9316
    7.5000  -30.0000   15.000012343.8027   23.9230
   -7.5000  -22.5000   15.000013806.6846   23.8851
    0.0000  -22.5000   15.000014485.9316   23.9314
    7.5000  -22.5000   15.000013770.5791   23.9340
   -7.5000  -15.0000   15.000015238.2734   23.8547
    0.0000  -15.0000   15.000016122.8467   23.9022
    7.5000  -15.0000   15.000014928.3457   23.9149
   -7.5000   -7.5000   15.000016251.1104   23.8289
    0.0000   -7.5000   15.000017133.6953   23.8689
    7.5000   -7.5000   15.000015787.1367   23.8800
   -7.5000    0.0000   15.000016851.0000   23.8274
    0.0000    0.0000   15.000017681.7422   23.8600
    7.5000    0.0000   15.000016423.0625   23.8622
   -7.5000    7.5000   15.000016301.3896   23.8610
    0.0000    7.5000   15.000017027.6973   23.8933
    7.5000    7.5000   15.000015963.4248   23.8857
   -7.5000   15.0000   15.000015684.3291   23.8930
    0.0000   15.0000   15.000016403.4590   23.9314
    7.5000   15.0000   15.000015421.3672   23.9227
   -7.5000   22.5000   15.000014616.4697   23.8741
    0.0000   22.5000   15.000015320.8535   23.9204
    7.5000   22.5000   15.000014435.7646   23.9230
   -7.5000   30.0000   15.000013465.9893   23.5459
    0.0000   30.0000   15.000014125.1162   23.5929
    7.5000   30.0000   15.000013347.7559   23.6054
   -7.5000   37.5000   15.000012885.6211   23.5205
    0.0000   37.5000   15.000013524.3574   23.5600
    7.5000   37.5000   15.000012760.6895   23.5710
   -7.5000   45.0000   15.000011689.0352   22.9669
    0.0000   45.0000   15.000012240.6846   22.9983
    7.5000   45.0000   15.000011551.3184   23.0004
   -7.5000  -45.0000   22.500010028.2451   23.9191
    0.0000  -45.0000   22.500010397.4502   23.9547
    7.5000  -45.0000   22.5000 9954.7402   23.9665
   -7.5000  -37.5000   22.500010739.8213   23.8385
    0.0000  -37.5000   22.500011152.8633   23.8769
    7.5000  -37.5000   22.500010652.1191   23.8859
   -7.5000  -30.0000   22.500011917.3760   23.8360
    0.0000  -30.0000   22.500012415.5820   23.8821
    7.5000  -30.0000   22.500011829.4043   23.8924
   -7.5000  -22.5000   22.500013212.0713   23.8484
    0.0000  -22.5000   22.500013801.6240   23.9008
    7.5000  -22.5000   22.500013057.6758   23.9164
   -7.5000  -15.0000   22.500014425.4961   23.8383
    0.0000  -15.0000   22.500015083.9375   23.8889
    7.5000  -15.0000   22.500014128.4365   23.9067
   -7.5000   -7.5000   22.500015422.1729   23.8112
    0.0000   -7.5000   22.500016067.1260   23.8529
    7.5000   -7.5000   22.500015007.4629   23.8679
   -7.5000    0.0000   22.500016158.7354   23.7902
    0.0000    0.0000   22.500016820.9473   23.8258
    7.5000    0.0000   22.500015768.8262   23.8374
   -7.5000    7.5000   22.500015601.0723   23.8046
    0.0000    7.5000   22.500016269.0586   23.8430
    7.5000    7.5000   22.500015330.5547   23.8518
   -7.5000   15.0000   22.500014954.0811   23.8357
    0.0000   15.0000   22.500015623.1904   23.8818
    7.5000   15.0000   22.500014763.3408   23.8921
   -7.5000   22.5000   22.500013921.3252   23.8375
    0.0000   22.5000   22.500014560.5928   23.8897
    7.5000   22.5000   22.500013798.1787   23.9054
   -7.5000   30.0000   22.500012862.2959   23.5298
    0.0000   30.0000   22.500013436.5430   23.5798
    7.5000   30.0000   22.500012754.4746   23.5973
   -7.5000   37.5000   22.500012315.6602   23.5030
    0.0000   37.5000   22.500012862.6357   23.5442
    7.5000   37.5000   22.500012207.9766   23.5590
   -7.5000   45.0000   22.500011179.2021   22.9311
    0.0000   45.0000   22.500011645.6084   22.9654
    7.5000   45.0000   22.500011075.5693   22.9765
   -7.5000  -45.0000   30.0000 9471.3857   23.8982
    0.0000  -45.0000   30.0000 9846.6348   23.9461
    7.5000  -45.0000   30.0000 9406.2666   23.9673
   -7.5000  -37.5000   30.000010153.7021   23.8042
    0.0000  -37.5000   30.000010552.5234   23.8563
    7.5000  -37.5000   30.000010075.5957   23.8817
   -7.5000  -30.0000   30.000011211.6123   23.7979
    0.0000  -30.0000   30.000011654.8193   23.8550
    7.5000  -30.0000   30.000011150.7744   23.8829
   -7.5000  -22.5000   30.000012348.8145   23.8222
    0.0000  -22.5000   30.000012845.4922   23.8800
    7.5000  -22.5000   30.000012269.3271   23.9059
   -7.5000  -15.0000   30.000013422.9639   23.8256
    0.0000  -15.0000   30.000013908.9717   23.8805
    7.5000  -15.0000   30.000013266.6162   23.9009
   -7.5000   -7.5000   30.000014316.2842   23.8006
    0.0000   -7.5000   30.000014810.5459   23.8502
    7.5000   -7.5000   30.000014152.2285   23.8684
   -7.5000    0.0000   30.000015032.6816   23.7698
    0.0000    0.0000   30.000015614.2412   23.8175
    7.5000    0.0000   30.000014908.4180   23.8384
   -7.5000    7.5000   30.000014679.0049   23.7702
    0.0000    7.5000   30.000015247.7158   23.8223
    7.5000    7.5000   30.000014569.6572   23.8476
   -7.5000   15.0000   30.000014072.0830   23.7976
    0.0000   15.0000   30.000014648.8213   23.8547
    7.5000   15.0000   30.000013979.4043   23.8826
   -7.5000   22.5000   30.000013086.1729   23.8113
    0.0000   22.5000   30.000013651.5664   23.8690
    7.5000   22.5000   30.000013021.3438   23.8949
   -7.5000   30.0000   30.000012098.6074   23.5173
    0.0000   30.0000   30.000012619.7031   23.5714
    7.5000   30.0000   30.000012005.2939   23.5916
   -7.5000   37.5000   30.000011551.2881   23.4925
    0.0000   37.5000   30.000012022.7119   23.5415
    7.5000   37.5000   30.000011435.6299   23.5595
   -7.5000   45.0000   30.000010469.4385   22.9113
    0.0000   45.0000   30.000010882.7871   22.9573
    7.5000   45.0000   30.000010349.2520   22.9774
   -7.5000  -45.0000   37.5000 9191.8730   24.0131
    0.0000  -45.0000   37.5000 9572.9277   24.0712
    7.5000  -45.0000   37.5000 9171.4541   24.0947
   -7.5000  -37.5000   37.5000 9836.0859   23.9273
    0.0000  -37.5000   37.500010228.2822   23.9880
    7.5000  -37.5000   37.5000 9814.6162   24.0143
   -7.5000  -30.0000   37.500010833.4717   23.9180
    0.0000  -30.0000   37.500011255.2715   23.9787
    7.5000  -30.0000   37.500010817.0303   24.0048
   -7.5000  -22.5000   37.500011911.4268   23.9300
    0.0000  -22.5000   37.500012366.0117   23.9877
    7.5000  -22.5000   37.500011860.5176   24.0093
   -7.5000  -15.0000   37.500012891.9619   23.9229
    0.0000  -15.0000   37.500013318.2676   23.9795
    7.5000  -15.0000   37.500012783.9941   23.9978
   -7.5000   -7.5000   37.500013753.5752   23.9014
    0.0000   -7.5000   37.500014174.2871   23.9582
    7.5000   -7.5000   37.500013644.6035   23.9778
   -7.5000    0.0000   37.500014497.3662   23.8836
    0.0000    0.0000   37.500014982.7695   23.9414
    7.5000    0.0000   37.500014424.2383   23.9645
   -7.5000    7.5000   37.500014174.8291   23.8929
    0.0000    7.5000   37.500014682.0752   23.9536
    7.5000    7.5000   37.500014120.7529   23.9798
   -7.5000   15.0000   37.500013645.3750   23.9178
    0.0000   15.0000   37.500014128.7500   23.9785
    7.5000   15.0000   37.500013578.6719   24.0046
   -7.5000   22.5000   37.500012719.6699   23.9190
    0.0000   22.5000   37.500013207.5107   23.9766
    7.5000   22.5000   37.500012642.7080   23.9983
   -7.5000   30.0000   37.500011739.5137   23.6133
    0.0000   30.0000   37.500012204.2061   23.6692
    7.5000   30.0000   37.500011652.6211   23.6872
   -7.5000   37.5000   37.500011189.5938   23.5920
    0.0000   37.5000   37.500011633.8506   23.6481
    7.5000   37.5000   37.500011109.9590   23.6675
   -7.5000   45.0000   37.500010103.7627   23.0211
    0.0000   45.0000   37.500010501.1934   23.0767
    7.5000   45.0000   37.500010028.5518   23.0990
   -7.5000  -45.0000   45.0000 8484.0254   24.1281
    0.0000  -45.0000   45.0000 8860.5996   24.1868
    7.5000  -45.0000   45.0000 8483.9277   24.2033
   -7.5000  -37.5000   45.0000 9075.8545   24.0615
    0.0000  -37.5000   45.0000 9439.4727   24.1188
    7.5000  -37.5000   45.0000 9056.8389   24.1306
   -7.5000  -30.0000   45.0000 9989.5967   24.0531
    0.0000  -30.0000   45.000010375.3691   24.1076
    7.5000  -30.0000   45.0000 9944.2197   24.1161
   -7.5000  -22.5000   45.000010938.7402   24.0435
    0.0000  -22.5000   45.000011374.3789   24.0964
    7.5000  -22.5000   45.000010900.9580   24.1056
   -7.5000  -15.0000   45.000011807.1250   24.0140
    0.0000  -15.0000   45.000012218.0225   24.0700
    7.5000  -15.0000   45.000011737.1953   24.0843
   -7.5000   -7.5000   45.000012576.6230   23.9934
    0.0000   -7.5000   45.000012968.2471   24.0519
    7.5000   -7.5000   45.000012485.8936   24.0698
   -7.5000    0.0000   45.000013282.0215   23.9966
    0.0000    0.0000   45.000013720.8604   24.0549
    7.5000    0.0000   45.000013213.2598   24.0709
   -7.5000    7.5000   45.000013029.3945   24.0266
    0.0000    7.5000   45.000013487.6699   24.0838
    7.5000    7.5000   45.000012975.6719   24.0956
   -7.5000   15.0000   45.000012535.4834   24.0528
    0.0000   15.0000   45.000012977.4082   24.1073
    7.5000   15.0000   45.000012482.5049   24.1158
   -7.5000   22.5000   45.000011709.1602   24.0323
    0.0000   22.5000   45.000012160.9238   24.0852
    7.5000   22.5000   45.000011638.2695   24.0944
   -7.5000   30.0000   45.000010819.3477   23.7012
    0.0000   30.0000   45.000011245.2617   23.7564
    7.5000   30.0000   45.000010746.3584   23.7705
   -7.5000   37.5000   45.000010309.5908   23.6808
    0.0000   37.5000   45.000010729.4150   23.7386
    7.5000   37.5000   45.000010240.7061   23.7562
   -7.5000   45.0000   45.0000 9318.7627   23.1404
    0.0000   45.0000   45.0000 9711.2285   23.1966
    7.5000   45.0000   45.0000 9255.3164   23.2121

---------------------------------------------------------------------
imgreg_4dfp /opt/freesurfer/average/711-2C_as_mni_average_305 /opt/freesurfer/average/711-2B_as_mni_average_305_mask talsrcimg_g11 none talsrcimg_to_711-2C_as_mni_average_305_t4 4355
---------------------------------------------------------------------

freesurfer imgreg_4dfp.c
/opt/freesurfer/average/711-2C_as_mni_average_305.4dfp.img
       256       256       256         1
  1.000000  1.000000  1.000000
orientation T byte_order littleendian
Reading image: /opt/freesurfer/average/711-2C_as_mni_average_305.4dfp.img
dimensions:      256       256       256
mmppix:       1.0000   -1.0000   -1.0000
center:     128.0000 -129.0000 -129.0000
/opt/freesurfer/average/711-2B_as_mni_average_305_mask.4dfp.img
       256       256       256         1
  1.000000  1.000000  1.000000
orientation T byte_order littleendian
Reading mask: /opt/freesurfer/average/711-2B_as_mni_average_305_mask.4dfp.img (2306576 pixels)
talsrcimg_g11.4dfp.img
       256       256       256         1
  1.000000  1.000000  1.000000
orientation T byte_order littleendian
Reading image: talsrcimg_g11.4dfp.img
dimensions:      256       256       256
mmppix:       1.0000   -1.0000   -1.0000
center:     128.0000 -129.0000 -129.0000
rotation matrix determinant  1.000000
image alignment mode   4355 decimal     1103 hex
   -7.5000  -45.0000  -45.0000 1991.0590   31.2670
    0.0000  -45.0000  -45.0000 1989.8381   31.3439
    7.5000  -45.0000  -45.0000 1971.8817   31.6341
   -7.5000  -37.5000  -45.0000 2082.4285   28.8969
    0.0000  -37.5000  -45.0000 2082.9800   28.9848
    7.5000  -37.5000  -45.0000 2062.5315   29.2379
   -7.5000  -30.0000  -45.0000 2157.7002   26.9934
    0.0000  -30.0000  -45.0000 2161.3074   27.0052
    7.5000  -30.0000  -45.0000 2144.8220   27.2700
   -7.5000  -22.5000  -45.0000 2222.2842   25.4827
    0.0000  -22.5000  -45.0000 2224.3699   25.5030
    7.5000  -22.5000  -45.0000 2198.9468   25.7159
   -7.5000  -15.0000  -45.0000 2246.3059   24.5132
    0.0000  -15.0000  -45.0000 2249.3772   24.5027
    7.5000  -15.0000  -45.0000 2221.0676   24.7931
   -7.5000   -7.5000  -45.0000 2244.8721   24.1026
    0.0000   -7.5000  -45.0000 2247.1956   24.0693
    7.5000   -7.5000  -45.0000 2225.6750   24.4022
   -7.5000    0.0000  -45.0000 2234.1177   24.0533
    0.0000    0.0000  -45.0000 2235.7346   23.9747
    7.5000    0.0000  -45.0000 2207.5029   24.2693
   -7.5000    7.5000  -45.0000 2213.2837   24.1539
    0.0000    7.5000  -45.0000 2215.1848   24.1297
    7.5000    7.5000  -45.0000 2186.8882   24.3827
   -7.5000   15.0000  -45.0000 2183.5974   24.6985
    0.0000   15.0000  -45.0000 2188.3799   24.6169
    7.5000   15.0000  -45.0000 2156.4851   24.9391
   -7.5000   22.5000  -45.0000 2146.1599   25.6902
    0.0000   22.5000  -45.0000 2146.4065   25.6227
    7.5000   22.5000  -45.0000 2122.7947   25.9808
   -7.5000   30.0000  -45.0000 2085.5234   27.2413
    0.0000   30.0000  -45.0000 2086.3445   27.1779
    7.5000   30.0000  -45.0000 2065.2334   27.5630
   -7.5000   37.5000  -45.0000 2011.3414   29.2658
    0.0000   37.5000  -45.0000 2013.5323   29.1708
    7.5000   37.5000  -45.0000 1985.9397   29.7087
   -7.5000   45.0000  -45.0000 1914.3878   31.9206
    0.0000   45.0000  -45.0000 1915.5081   31.8329
    7.5000   45.0000  -45.0000 1888.8867   32.4221
   -7.5000  -45.0000  -37.5000 2089.9839   28.7046
    0.0000  -45.0000  -37.5000 2091.5059   28.7415
    7.5000  -45.0000  -37.5000 2071.4924   28.9707
   -7.5000  -37.5000  -37.5000 2192.5195   26.4852
    0.0000  -37.5000  -37.5000 2194.0881   26.5602
    7.5000  -37.5000  -37.5000 2166.4150   26.8619
   -7.5000  -30.0000  -37.5000 2267.0422   24.8426
    0.0000  -30.0000  -37.5000 2270.7625   24.8106
    7.5000  -30.0000  -37.5000 2243.7854   25.0895
   -7.5000  -22.5000  -37.5000 2323.0930   23.4102
    0.0000  -22.5000  -37.5000 2325.8623   23.3891
    7.5000  -22.5000  -37.5000 2295.7666   23.6032
   -7.5000  -15.0000  -37.5000 2345.6116   22.4115
    0.0000  -15.0000  -37.5000 2350.6465   22.3798
    7.5000  -15.0000  -37.5000 2321.3489   22.6438
   -7.5000   -7.5000  -37.5000 2353.8438   22.0200
    0.0000   -7.5000  -37.5000 2355.2205   21.9815
    7.5000   -7.5000  -37.5000 2326.9622   22.2368
   -7.5000    0.0000  -37.5000 2340.4954   21.9535
    0.0000    0.0000  -37.5000 2341.1768   21.8645
    7.5000    0.0000  -37.5000 2315.3562   22.1396
   -7.5000    7.5000  -37.5000 2317.5896   21.9967
    0.0000    7.5000  -37.5000 2324.2327   21.9632
    7.5000    7.5000  -37.5000 2294.2400   22.2141
   -7.5000   15.0000  -37.5000 2292.3687   22.4943
    0.0000   15.0000  -37.5000 2297.6365   22.3861
    7.5000   15.0000  -37.5000 2268.7915   22.6720
   -7.5000   22.5000  -37.5000 2247.0386   23.3428
    0.0000   22.5000  -37.5000 2252.9595   23.3184
    7.5000   22.5000  -37.5000 2226.9285   23.5525
   -7.5000   30.0000  -37.5000 2184.7700   24.7048
    0.0000   30.0000  -37.5000 2196.1353   24.6754
    7.5000   30.0000  -37.5000 2168.4536   24.9838
   -7.5000   37.5000  -37.5000 2110.7117   26.5696
    0.0000   37.5000  -37.5000 2117.2939   26.6007
    7.5000   37.5000  -37.5000 2090.0254   26.9639
   -7.5000   45.0000  -37.5000 2012.1205   29.1042
    0.0000   45.0000  -37.5000 2015.4065   29.0730
    7.5000   45.0000  -37.5000 1984.9203   29.4699
   -7.5000  -45.0000  -30.0000 2212.0376   27.3376
    0.0000  -45.0000  -30.0000 2218.2236   27.2785
    7.5000  -45.0000  -30.0000 2192.7302   27.5395
   -7.5000  -37.5000  -30.0000 2324.0042   25.2247
    0.0000  -37.5000  -30.0000 2327.8013   25.1531
    7.5000  -37.5000  -30.0000 2296.5293   25.4763
   -7.5000  -30.0000  -30.0000 2405.8491   23.5761
    0.0000  -30.0000  -30.0000 2410.2280   23.5173
    7.5000  -30.0000  -30.0000 2381.2041   23.8356
   -7.5000  -22.5000  -30.0000 2457.5334   22.2463
    0.0000  -22.5000  -30.0000 2460.2163   22.1878
    7.5000  -22.5000  -30.0000 2437.7400   22.4982
   -7.5000  -15.0000  -30.0000 2485.5007   21.3045
    0.0000  -15.0000  -30.0000 2485.1890   21.1915
    7.5000  -15.0000  -30.0000 2465.2261   21.5363
   -7.5000   -7.5000  -30.0000 2504.8518   20.8698
    0.0000   -7.5000  -30.0000 2504.6787   20.7288
    7.5000   -7.5000  -30.0000 2477.9888   20.9966
   -7.5000    0.0000  -30.0000 2497.5200   20.7444
    0.0000    0.0000  -30.0000 2496.5806   20.5942
    7.5000    0.0000  -30.0000 2469.9138   20.8361
   -7.5000    7.5000  -30.0000 2471.7078   20.7445
    0.0000    7.5000  -30.0000 2481.3223   20.6608
    7.5000    7.5000  -30.0000 2447.5698   20.8668
   -7.5000   15.0000  -30.0000 2449.2507   21.2171
    0.0000   15.0000  -30.0000 2455.9043   21.1069
    7.5000   15.0000  -30.0000 2421.6086   21.3517
   -7.5000   22.5000  -30.0000 2404.1584   22.0680
    0.0000   22.5000  -30.0000 2409.9546   22.0162
    7.5000   22.5000  -30.0000 2375.3811   22.2712
   -7.5000   30.0000  -30.0000 2336.3401   23.3989
    0.0000   30.0000  -30.0000 2345.2764   23.3432
    7.5000   30.0000  -30.0000 2318.1479   23.6988
   -7.5000   37.5000  -30.0000 2255.4070   25.2105
    0.0000   37.5000  -30.0000 2260.3208   25.1258
    7.5000   37.5000  -30.0000 2235.6880   25.5218
   -7.5000   45.0000  -30.0000 2143.7805   27.5758
    0.0000   45.0000  -30.0000 2146.8369   27.4816
    7.5000   45.0000  -30.0000 2116.1057   27.9051
   -7.5000  -45.0000  -22.5000 2303.8333   25.7384
    0.0000  -45.0000  -22.5000 2316.9600   25.7507
    7.5000  -45.0000  -22.5000 2284.8157   26.1722
   -7.5000  -37.5000  -22.5000 2420.1321   23.7448
    0.0000  -37.5000  -22.5000 2425.6243   23.7197
    7.5000  -37.5000  -22.5000 2393.3384   24.1029
   -7.5000  -30.0000  -22.5000 2502.7502   22.1632
    0.0000  -30.0000  -22.5000 2509.7109   22.1099
    7.5000  -30.0000  -22.5000 2483.2678   22.4352
   -7.5000  -22.5000  -22.5000 2563.1824   20.9086
    0.0000  -22.5000  -22.5000 2567.1223   20.8364
    7.5000  -22.5000  -22.5000 2548.8464   21.1907
   -7.5000  -15.0000  -22.5000 2607.0625   20.0954
    0.0000  -15.0000  -22.5000 2606.7412   19.9617
    7.5000  -15.0000  -22.5000 2584.2063   20.2549
   -7.5000   -7.5000  -22.5000 2627.0239   19.5884
    0.0000   -7.5000  -22.5000 2630.6292   19.4764
    7.5000   -7.5000  -22.5000 2599.6091   19.7148
   -7.5000    0.0000  -22.5000 2626.7146   19.3825
    0.0000    0.0000  -22.5000 2627.7122   19.2789
    7.5000    0.0000  -22.5000 2597.4827   19.4892
   -7.5000    7.5000  -22.5000 2604.9111   19.3889
    0.0000    7.5000  -22.5000 2613.8167   19.2449
    7.5000    7.5000  -22.5000 2580.4180   19.4988
   -7.5000   15.0000  -22.5000 2583.7925   19.8250
    0.0000   15.0000  -22.5000 2591.5300   19.6666
    7.5000   15.0000  -22.5000 2555.2734   19.9797
   -7.5000   22.5000  -22.5000 2540.1682   20.7154
    0.0000   22.5000  -22.5000 2547.5471   20.5895
    7.5000   22.5000  -22.5000 2512.8684   20.9268
   -7.5000   30.0000  -22.5000 2468.1050   21.9979
    0.0000   30.0000  -22.5000 2473.2307   21.9318
    7.5000   30.0000  -22.5000 2443.5444   22.2656
   -7.5000   37.5000  -22.5000 2375.9631   23.8057
    0.0000   37.5000  -22.5000 2385.8965   23.6881
    7.5000   37.5000  -22.5000 2353.4402   24.0504
   -7.5000   45.0000  -22.5000 2249.9451   26.0341
    0.0000   45.0000  -22.5000 2258.4692   25.9102
    7.5000   45.0000  -22.5000 2230.9167   26.3231
   -7.5000  -45.0000  -15.0000 2363.2527   24.4969
    0.0000  -45.0000  -15.0000 2370.6624   24.5161
    7.5000  -45.0000  -15.0000 2345.7124   24.9104
   -7.5000  -37.5000  -15.0000 2483.5491   22.4157
    0.0000  -37.5000  -15.0000 2486.0112   22.4696
    7.5000  -37.5000  -15.0000 2462.7241   22.7865
   -7.5000  -30.0000  -15.0000 2576.4075   20.8420
    0.0000  -30.0000  -15.0000 2579.4946   20.8542
    7.5000  -30.0000  -15.0000 2556.7493   21.1675
   -7.5000  -22.5000  -15.0000 2648.0762   19.6800
    0.0000  -22.5000  -15.0000 2649.2590   19.6327
    7.5000  -22.5000  -15.0000 2633.9558   19.9113
   -7.5000  -15.0000  -15.0000 2696.7761   18.9073
    0.0000  -15.0000  -15.0000 2703.9641   18.8385
    7.5000  -15.0000  -15.0000 2682.0464   19.0746
   -7.5000   -7.5000  -15.0000 2719.4924   18.3578
    0.0000   -7.5000  -15.0000 2729.3655   18.3016
    7.5000   -7.5000  -15.0000 2699.7327   18.5717
   -7.5000    0.0000  -15.0000 2718.9980   18.0986
    0.0000    0.0000  -15.0000 2724.8008   18.0184
    7.5000    0.0000  -15.0000 2697.2336   18.2920
   -7.5000    7.5000  -15.0000 2712.0054   18.0646
    0.0000    7.5000  -15.0000 2719.2253   17.9330
    7.5000    7.5000  -15.0000 2689.4651   18.2708
   -7.5000   15.0000  -15.0000 2686.8130   18.5293
    0.0000   15.0000  -15.0000 2697.1814   18.3982
    7.5000   15.0000  -15.0000 2665.8647   18.7621
   -7.5000   22.5000  -15.0000 2637.7991   19.4114
    0.0000   22.5000  -15.0000 2649.2632   19.3221
    7.5000   22.5000  -15.0000 2617.2166   19.6716
   -7.5000   30.0000  -15.0000 2563.6948   20.7376
    0.0000   30.0000  -15.0000 2572.9993   20.6456
    7.5000   30.0000  -15.0000 2543.4038   20.9641
   -7.5000   37.5000  -15.0000 2466.0693   22.5254
    0.0000   37.5000  -15.0000 2474.4912   22.4002
    7.5000   37.5000  -15.0000 2447.3684   22.7678
   -7.5000   45.0000  -15.0000 2330.8025   24.7394
    0.0000   45.0000  -15.0000 2339.3621   24.5787
    7.5000   45.0000  -15.0000 2311.6216   24.9488
   -7.5000  -45.0000   -7.5000 2398.2280   23.3790
    0.0000  -45.0000   -7.5000 2410.2246   23.4415
    7.5000  -45.0000   -7.5000 2392.3865   23.7689
   -7.5000  -37.5000   -7.5000 2515.7253   21.3171
    0.0000  -37.5000   -7.5000 2526.5566   21.3467
    7.5000  -37.5000   -7.5000 2509.3284   21.6689
   -7.5000  -30.0000   -7.5000 2618.6555   19.7875
    0.0000  -30.0000   -7.5000 2628.6128   19.8279
    7.5000  -30.0000   -7.5000 2608.7153   20.0951
   -7.5000  -22.5000   -7.5000 2710.2207   18.6105
    0.0000  -22.5000   -7.5000 2723.1233   18.6266
    7.5000  -22.5000   -7.5000 2700.5703   18.8929
   -7.5000  -15.0000   -7.5000 2773.0081   17.8337
    0.0000  -15.0000   -7.5000 2783.2170   17.8104
    7.5000  -15.0000   -7.5000 2759.5286   18.0519
   -7.5000   -7.5000   -7.5000 2803.5090   17.2989
    0.0000   -7.5000   -7.5000 2816.4448   17.2638
    7.5000   -7.5000   -7.5000 2784.8867   17.5332
   -7.5000    0.0000   -7.5000 2799.3005   16.9538
    0.0000    0.0000   -7.5000 2807.5486   16.9275
    7.5000    0.0000   -7.5000 2783.3257   17.2539
   -7.5000    7.5000   -7.5000 2797.6873   16.8837
    0.0000    7.5000   -7.5000 2805.4751   16.7922
    7.5000    7.5000   -7.5000 2779.7295   17.1825
   -7.5000   15.0000   -7.5000 2769.2368   17.3952
    0.0000   15.0000   -7.5000 2780.6108   17.3002
    7.5000   15.0000   -7.5000 2751.6743   17.6536
   -7.5000   22.5000   -7.5000 2715.9973   18.3249
    0.0000   22.5000   -7.5000 2730.8267   18.2207
    7.5000   22.5000   -7.5000 2704.9700   18.5773
   -7.5000   30.0000   -7.5000 2632.0886   19.6427
    0.0000   30.0000   -7.5000 2643.7434   19.5592
    7.5000   30.0000   -7.5000 2620.0259   19.9538
   -7.5000   37.5000   -7.5000 2531.6963   21.4085
    0.0000   37.5000   -7.5000 2541.7771   21.3248
    7.5000   37.5000   -7.5000 2510.1357   21.7399
   -7.5000   45.0000   -7.5000 2393.4714   23.5849
    0.0000   45.0000   -7.5000 2402.8340   23.4404
    7.5000   45.0000   -7.5000 2373.6292   23.8723
   -7.5000  -45.0000    0.0000 2419.3511   22.6407
    0.0000  -45.0000    0.0000 2428.4600   22.5294
    7.5000  -45.0000    0.0000 2418.8279   22.9580
   -7.5000  -37.5000    0.0000 2534.9714   20.5524
    0.0000  -37.5000    0.0000 2545.8372   20.5102
    7.5000  -37.5000    0.0000 2532.7402   20.8260
   -7.5000  -30.0000    0.0000 2644.9180   19.0174
    0.0000  -30.0000    0.0000 2659.6062   18.9957
    7.5000  -30.0000    0.0000 2641.8699   19.2414
   -7.5000  -22.5000    0.0000 2751.8469   17.8948
    0.0000  -22.5000    0.0000 2771.2468   17.9116
    7.5000  -22.5000    0.0000 2745.2849   18.0625
   -7.5000  -15.0000    0.0000 2832.2427   17.0671
    0.0000  -15.0000    0.0000 2851.7051   17.1262
    7.5000  -15.0000    0.0000 2819.0447   17.1889
   -7.5000   -7.5000    0.0000 2875.9033   16.4266
    0.0000   -7.5000    0.0000 2899.1353   16.5122
    7.5000   -7.5000    0.0000 2857.8240   16.6254
   -7.5000    0.0000    0.0000 2869.5747   16.0384
    0.0000    0.0000    0.0000 2890.1831   16.0711
    7.5000    0.0000    0.0000 2856.5591   16.3829
   -7.5000    7.5000    0.0000 2865.5935   16.0580
    0.0000    7.5000    0.0000 2883.6196   16.0050
    7.5000    7.5000    0.0000 2847.1729   16.3586
   -7.5000   15.0000    0.0000 2833.3706   16.6066
    0.0000   15.0000    0.0000 2851.0725   16.5265
    7.5000   15.0000    0.0000 2817.4666   16.8327
   -7.5000   22.5000    0.0000 2773.0151   17.5852
    0.0000   22.5000    0.0000 2788.2778   17.4897
    7.5000   22.5000    0.0000 2762.5898   17.8065
   -7.5000   30.0000    0.0000 2680.8281   18.9046
    0.0000   30.0000    0.0000 2692.7310   18.8218
    7.5000   30.0000    0.0000 2668.4707   19.1714
   -7.5000   37.5000    0.0000 2578.2539   20.6459
    0.0000   37.5000    0.0000 2589.1157   20.5266
    7.5000   37.5000    0.0000 2559.7727   20.8979
   -7.5000   45.0000    0.0000 2439.3411   22.7569
    0.0000   45.0000    0.0000 2450.5750   22.6496
    7.5000   45.0000    0.0000 2418.2871   23.0173
   -7.5000  -45.0000    7.5000 2434.5247   22.1198
    0.0000  -45.0000    7.5000 2432.4739   21.8543
    7.5000  -45.0000    7.5000 2428.0657   22.2953
   -7.5000  -37.5000    7.5000 2554.9258   20.0333
    0.0000  -37.5000    7.5000 2554.2488   19.8892
    7.5000  -37.5000    7.5000 2546.6838   20.2349
   -7.5000  -30.0000    7.5000 2664.2654   18.4305
    0.0000  -30.0000    7.5000 2671.1597   18.4045
    7.5000  -30.0000    7.5000 2658.5010   18.6358
   -7.5000  -22.5000    7.5000 2772.5723   17.2958
    0.0000  -22.5000    7.5000 2791.4768   17.3446
    7.5000  -22.5000    7.5000 2773.7996   17.4534
   -7.5000  -15.0000    7.5000 2862.5657   16.5639
    0.0000  -15.0000    7.5000 2889.8235   16.6517
    7.5000  -15.0000    7.5000 2860.1812   16.5868
   -7.5000   -7.5000    7.5000 2925.3137   15.8835
    0.0000   -7.5000    7.5000 2972.7034   16.0854
    7.5000   -7.5000    7.5000 2913.1985   16.0396
   -7.5000    0.0000    7.5000 2928.1912   15.3539
    0.0000    0.0000    7.5000 2965.0962   15.5298
    7.5000    0.0000    7.5000 2909.6670   15.7385
   -7.5000    7.5000    7.5000 2919.8093   15.5901
    0.0000    7.5000    7.5000 2940.0210   15.5882
    7.5000    7.5000    7.5000 2899.1746   15.8290
   -7.5000   15.0000    7.5000 2878.9424   16.2331
    0.0000   15.0000    7.5000 2899.0081   16.1160
    7.5000   15.0000    7.5000 2862.7603   16.3662
   -7.5000   22.5000    7.5000 2813.4976   17.1561
    0.0000   22.5000    7.5000 2831.6411   17.0314
    7.5000   22.5000    7.5000 2803.1804   17.3125
   -7.5000   30.0000    7.5000 2714.1042   18.4666
    0.0000   30.0000    7.5000 2730.3394   18.3094
    7.5000   30.0000    7.5000 2705.9387   18.6154
   -7.5000   37.5000    7.5000 2608.2100   20.1731
    0.0000   37.5000    7.5000 2620.9546   20.0198
    7.5000   37.5000    7.5000 2590.9290   20.3363
   -7.5000   45.0000    7.5000 2467.1179   22.2826
    0.0000   45.0000    7.5000 2474.4705   22.1029
    7.5000   45.0000    7.5000 2444.5967   22.4402
   -7.5000  -45.0000   15.0000 2429.9995   21.8778
    0.0000  -45.0000   15.0000 2426.0100   21.5323
    7.5000  -45.0000   15.0000 2424.0801   22.0108
   -7.5000  -37.5000   15.0000 2556.3638   19.8235
    0.0000  -37.5000   15.0000 2553.9941   19.6107
    7.5000  -37.5000   15.0000 2551.1218   19.9737
   -7.5000  -30.0000   15.0000 2673.3013   18.2424
    0.0000  -30.0000   15.0000 2674.1492   18.1033
    7.5000  -30.0000   15.0000 2667.4543   18.4107
   -7.5000  -22.5000   15.0000 2782.5999   17.0854
    0.0000  -22.5000   15.0000 2791.0635   17.0241
    7.5000  -22.5000   15.0000 2780.5869   17.1541
   -7.5000  -15.0000   15.0000 2872.0527   16.3231
    0.0000  -15.0000   15.0000 2897.1477   16.3752
    7.5000  -15.0000   15.0000 2867.3398   16.2693
   -7.5000   -7.5000   15.0000 2937.2791   15.7756
    0.0000   -7.5000   15.0000 2984.2505   15.8124
    7.5000   -7.5000   15.0000 2920.6130   15.6334
   -7.5000    0.0000   15.0000 2949.3003   15.3623
    0.0000    0.0000   15.0000 2986.3806   15.2959
    7.5000    0.0000   15.0000 2922.7339   15.3917
   -7.5000    7.5000   15.0000 2946.0220   15.5393
    0.0000    7.5000   15.0000 2960.9883   15.4294
    7.5000    7.5000   15.0000 2915.0190   15.6363
   -7.5000   15.0000   15.0000 2901.9448   16.0971
    0.0000   15.0000   15.0000 2919.8123   15.9519
    7.5000   15.0000   15.0000 2883.1326   16.2071
   -7.5000   22.5000   15.0000 2826.7427   16.9891
    0.0000   22.5000   15.0000 2845.2095   16.8641
    7.5000   22.5000   15.0000 2815.9836   17.1484
   -7.5000   30.0000   15.0000 2721.2896   18.2387
    0.0000   30.0000   15.0000 2739.1851   18.1260
    7.5000   30.0000   15.0000 2716.7141   18.4283
   -7.5000   37.5000   15.0000 2609.3035   19.9155
    0.0000   37.5000   15.0000 2620.9246   19.7594
    7.5000   37.5000   15.0000 2592.7913   20.0539
   -7.5000   45.0000   15.0000 2467.1536   21.9785
    0.0000   45.0000   15.0000 2476.3860   21.8202
    7.5000   45.0000   15.0000 2446.6177   22.0988
   -7.5000  -45.0000   22.5000 2428.3699   22.0385
    0.0000  -45.0000   22.5000 2423.2991   21.5818
    7.5000  -45.0000   22.5000 2419.9629   22.0404
   -7.5000  -37.5000   22.5000 2554.8804   20.0305
    0.0000  -37.5000   22.5000 2551.1655   19.6665
    7.5000  -37.5000   22.5000 2546.9260   20.0346
   -7.5000  -30.0000   22.5000 2671.1274   18.5059
    0.0000  -30.0000   22.5000 2669.2515   18.2573
    7.5000  -30.0000   22.5000 2663.0510   18.4801
   -7.5000  -22.5000   22.5000 2780.2610   17.2634
    0.0000  -22.5000   22.5000 2781.4509   17.1215
    7.5000  -22.5000   22.5000 2767.3552   17.2116
   -7.5000  -15.0000   22.5000 2863.4514   16.3371
    0.0000  -15.0000   22.5000 2875.8438   16.2788
    7.5000  -15.0000   22.5000 2849.0713   16.2591
   -7.5000   -7.5000   22.5000 2917.3340   15.7186
    0.0000   -7.5000   22.5000 2937.9280   15.5977
    7.5000   -7.5000   22.5000 2895.0540   15.6509
   -7.5000    0.0000   22.5000 2939.4673   15.5164
    0.0000    0.0000   22.5000 2963.9033   15.4114
    7.5000    0.0000   22.5000 2916.0674   15.4843
   -7.5000    7.5000   22.5000 2928.1121   15.7037
    0.0000    7.5000   22.5000 2942.0730   15.6057
    7.5000    7.5000   22.5000 2903.6528   15.7426
   -7.5000   15.0000   22.5000 2884.5967   16.2267
    0.0000   15.0000   22.5000 2900.8206   16.1421
    7.5000   15.0000   22.5000 2868.3196   16.3334
   -7.5000   22.5000   22.5000 2810.0564   17.1248
    0.0000   22.5000   22.5000 2826.7507   17.0216
    7.5000   22.5000   22.5000 2801.5459   17.2834
   -7.5000   30.0000   22.5000 2707.5984   18.3522
    0.0000   30.0000   22.5000 2725.1523   18.2328
    7.5000   30.0000   22.5000 2702.5542   18.5107
   -7.5000   37.5000   22.5000 2593.3132   19.9013
    0.0000   37.5000   22.5000 2607.5752   19.7574
    7.5000   37.5000   22.5000 2583.5083   20.0583
   -7.5000   45.0000   22.5000 2443.8997   21.8684
    0.0000   45.0000   22.5000 2449.4954   21.7202
    7.5000   45.0000   22.5000 2434.2910   22.0072
   -7.5000  -45.0000   30.0000 2410.6753   22.4826
    0.0000  -45.0000   30.0000 2409.6062   22.0567
    7.5000  -45.0000   30.0000 2402.3530   22.4229
   -7.5000  -37.5000   30.0000 2542.3557   20.4453
    0.0000  -37.5000   30.0000 2541.5349   20.1061
    7.5000  -37.5000   30.0000 2532.8691   20.4461
   -7.5000  -30.0000   30.0000 2651.1736   18.9004
    0.0000  -30.0000   30.0000 2653.0710   18.6047
    7.5000  -30.0000   30.0000 2643.6277   18.9077
   -7.5000  -22.5000   30.0000 2754.2063   17.6514
    0.0000  -22.5000   30.0000 2757.1375   17.3818
    7.5000  -22.5000   30.0000 2748.5098   17.6449
   -7.5000  -15.0000   30.0000 2839.7615   16.6465
    0.0000  -15.0000   30.0000 2845.8608   16.3912
    7.5000  -15.0000   30.0000 2829.3906   16.5827
   -7.5000   -7.5000   30.0000 2882.9490   16.0238
    0.0000   -7.5000   30.0000 2900.9158   15.7867
    7.5000   -7.5000   30.0000 2875.6794   16.0455
   -7.5000    0.0000   30.0000 2895.3164   15.8720
    0.0000    0.0000   30.0000 2920.7124   15.7355
    7.5000    0.0000   30.0000 2886.8440   15.9527
   -7.5000    7.5000   30.0000 2882.3118   16.1024
    0.0000    7.5000   30.0000 2900.4097   15.9958
    7.5000    7.5000   30.0000 2870.5381   16.2118
   -7.5000   15.0000   30.0000 2834.9124   16.6211
    0.0000   15.0000   30.0000 2848.9670   16.5073
    7.5000   15.0000   30.0000 2826.9172   16.7626
   -7.5000   22.5000   30.0000 2758.8271   17.5139
    0.0000   22.5000   30.0000 2777.2146   17.4220
    7.5000   22.5000   30.0000 2759.3372   17.6883
   -7.5000   30.0000   30.0000 2668.3599   18.6698
    0.0000   30.0000   30.0000 2683.5183   18.5786
    7.5000   30.0000   30.0000 2663.1650   18.8464
   -7.5000   37.5000   30.0000 2554.6624   20.2015
    0.0000   37.5000   30.0000 2560.6267   20.0463
    7.5000   37.5000   30.0000 2545.2048   20.3189
   -7.5000   45.0000   30.0000 2402.8862   22.1607
    0.0000   45.0000   30.0000 2410.1692   21.9662
    7.5000   45.0000   30.0000 2395.5225   22.2183
   -7.5000  -45.0000   37.5000 2382.9309   23.1333
    0.0000  -45.0000   37.5000 2392.3806   22.7898
    7.5000  -45.0000   37.5000 2383.4392   23.1162
   -7.5000  -37.5000   37.5000 2513.3047   21.1149
    0.0000  -37.5000   37.5000 2521.6765   20.7758
    7.5000  -37.5000   37.5000 2511.6296   21.0997
   -7.5000  -30.0000   37.5000 2615.3591   19.5335
    0.0000  -30.0000   37.5000 2624.8618   19.2152
    7.5000  -30.0000   37.5000 2614.9844   19.5127
   -7.5000  -22.5000   37.5000 2720.0356   18.2445
    0.0000  -22.5000   37.5000 2724.3188   17.8877
    7.5000  -22.5000   37.5000 2711.7993   18.1650
   -7.5000  -15.0000   37.5000 2794.0737   17.2312
    0.0000  -15.0000   37.5000 2802.5686   16.8666
    7.5000  -15.0000   37.5000 2784.9058   17.1449
   -7.5000   -7.5000   37.5000 2836.8330   16.6214
    0.0000   -7.5000   37.5000 2852.4573   16.3089
    7.5000   -7.5000   37.5000 2833.7583   16.6353
   -7.5000    0.0000   37.5000 2845.0486   16.4937
    0.0000    0.0000   37.5000 2861.6375   16.2872
    7.5000    0.0000   37.5000 2844.6125   16.5726
   -7.5000    7.5000   37.5000 2821.2634   16.7275
    0.0000    7.5000   37.5000 2838.4902   16.5584
    7.5000    7.5000   37.5000 2819.9724   16.8120
   -7.5000   15.0000   37.5000 2772.0974   17.3024
    0.0000   15.0000   37.5000 2783.0679   17.1467
    7.5000   15.0000   37.5000 2768.6514   17.3809
   -7.5000   22.5000   37.5000 2701.7256   18.1814
    0.0000   22.5000   37.5000 2716.5134   18.0366
    7.5000   22.5000   37.5000 2698.3347   18.3206
   -7.5000   30.0000   37.5000 2608.2815   19.3254
    0.0000   30.0000   37.5000 2624.0212   19.1929
    7.5000   30.0000   37.5000 2606.5178   19.4755
   -7.5000   37.5000   37.5000 2495.9646   20.8249
    0.0000   37.5000   37.5000 2505.6443   20.6644
    7.5000   37.5000   37.5000 2492.1304   20.9409
   -7.5000   45.0000   37.5000 2347.5298   22.7155
    0.0000   45.0000   37.5000 2356.1826   22.5192
    7.5000   45.0000   37.5000 2344.2410   22.8251
   -7.5000  -45.0000   45.0000 2342.0581   24.0940
    0.0000  -45.0000   45.0000 2365.7932   23.7497
    7.5000  -45.0000   45.0000 2352.3689   24.0426
   -7.5000  -37.5000   45.0000 2464.7156   21.9730
    0.0000  -37.5000   45.0000 2485.7791   21.6381
    7.5000  -37.5000   45.0000 2472.4761   21.9525
   -7.5000  -30.0000   45.0000 2565.5276   20.3924
    0.0000  -30.0000   45.0000 2579.3457   20.0225
    7.5000  -30.0000   45.0000 2563.3826   20.2955
   -7.5000  -22.5000   45.0000 2653.9561   19.0691
    0.0000  -22.5000   45.0000 2668.5432   18.6848
    7.5000  -22.5000   45.0000 2652.6140   18.9380
   -7.5000  -15.0000   45.0000 2722.7512   18.0653
    0.0000  -15.0000   45.0000 2740.9446   17.6987
    7.5000  -15.0000   45.0000 2721.4753   17.9715
   -7.5000   -7.5000   45.0000 2761.2632   17.3971
    0.0000   -7.5000   45.0000 2776.6758   17.1330
    7.5000   -7.5000   45.0000 2758.1316   17.4360
   -7.5000    0.0000   45.0000 2770.4937   17.3052
    0.0000    0.0000   45.0000 2788.6299   17.0718
    7.5000    0.0000   45.0000 2772.9741   17.3462
   -7.5000    7.5000   45.0000 2744.0642   17.5597
    0.0000    7.5000   45.0000 2764.3755   17.3550
    7.5000    7.5000   45.0000 2748.7336   17.5918
   -7.5000   15.0000   45.0000 2693.3708   18.1920
    0.0000   15.0000   45.0000 2707.1067   17.9918
    7.5000   15.0000   45.0000 2695.6626   18.2526
   -7.5000   22.5000   45.0000 2625.7334   19.0891
    0.0000   22.5000   45.0000 2645.8987   18.8718
    7.5000   22.5000   45.0000 2623.5366   19.1602
   -7.5000   30.0000   45.0000 2535.3357   20.2421
    0.0000   30.0000   45.0000 2552.6887   20.0800
    7.5000   30.0000   45.0000 2533.9385   20.3331
   -7.5000   37.5000   45.0000 2420.5779   21.7249
    0.0000   37.5000   45.0000 2434.4348   21.5815
    7.5000   37.5000   45.0000 2420.7749   21.8334
   -7.5000   45.0000   45.0000 2280.5544   23.5976
    0.0000   45.0000   45.0000 2296.5090   23.4849
    7.5000   45.0000   45.0000 2285.5618   23.7212

---------------------------------------------------------------------
imgreg_4dfp /opt/freesurfer/average/711-2C_as_mni_average_305 /opt/freesurfer/average/711-2B_as_mni_average_305_mask talsrcimg_g11 none talsrcimg_to_711-2C_as_mni_average_305_t4 1283
---------------------------------------------------------------------

freesurfer imgreg_4dfp.c
/opt/freesurfer/average/711-2C_as_mni_average_305.4dfp.img
       256       256       256         1
  1.000000  1.000000  1.000000
orientation T byte_order littleendian
Reading image: /opt/freesurfer/average/711-2C_as_mni_average_305.4dfp.img
dimensions:      256       256       256
mmppix:       1.0000   -1.0000   -1.0000
center:     128.0000 -129.0000 -129.0000
/opt/freesurfer/average/711-2B_as_mni_average_305_mask.4dfp.img
       256       256       256         1
  1.000000  1.000000  1.000000
orientation T byte_order littleendian
Reading mask: /opt/freesurfer/average/711-2B_as_mni_average_305_mask.4dfp.img (2306576 pixels)
talsrcimg_g11.4dfp.img
       256       256       256         1
  1.000000  1.000000  1.000000
orientation T byte_order littleendian
Reading image: talsrcimg_g11.4dfp.img
dimensions:      256       256       256
mmppix:       1.0000   -1.0000   -1.0000
center:     128.0000 -129.0000 -129.0000
rotation matrix determinant  1.000000
fimgreg.f
image alignment mode   1283 decimal      503 hex
parameters
    0.0000    0.0000   15.0000    0.0000    0.0000    0.0000
eta,q 0.93693 15.33683
niter,ni,del,rscale     5    3   12.0000    1.2000
parameter  5  0.843144 ->  0.500000 qaram    1.1500
parameters
   -1.6535   -1.5503   12.8080    2.9470   -3.4500    0.4604
eta,q 0.94508 15.26044
  0.0693  0.0688  0.0628  0.0686  0.0562  0.0615
  0.0655  0.0639  0.0599  0.0659  0.0550  0.0588
  0.0647  0.0610  0.0603  0.0629  0.0559  0.0565
  0.0641  0.0641  0.0609  0.0600  0.0590  0.0550
  0.0675  0.0675  0.0632  0.0590  0.0641  0.0553
  0.0740  0.0715  0.0643  0.0595  0.0693  0.0572
  0.0805  0.0741  0.0654  0.0608  0.0736  0.0603
niter,ni,del,rscale     5    3   12.0000    1.2000
parameters
   -0.1742   -3.4785   13.3860    3.7959   -4.4863    0.2233
eta,q 0.95118 15.47963
  0.0778  0.0591  0.0606  0.0625  0.0564  0.0553
  0.0699  0.0528  0.0555  0.0577  0.0522  0.0521
  0.0610  0.0489  0.0509  0.0522  0.0493  0.0497
  0.0549  0.0533  0.0489  0.0490  0.0488  0.0488
  0.0535  0.0596  0.0499  0.0494  0.0512  0.0498
  0.0573  0.0654  0.0524  0.0527  0.0565  0.0529
  0.0644  0.0683  0.0572  0.0574  0.0630  0.0565
niter,ni,del,rscale     4    3   12.0000    1.2000
parameters
    0.1929   -3.7454   13.6006    4.1011   -4.7910    0.2832
eta,q 0.95117 15.49769
  0.0715  0.0637  0.0591  0.0607  0.0575  0.0555
  0.0610  0.0585  0.0542  0.0554  0.0532  0.0523
  0.0522  0.0514  0.0500  0.0508  0.0500  0.0499
  0.0488  0.0489  0.0487  0.0488  0.0488  0.0488
  0.0512  0.0541  0.0503  0.0502  0.0496  0.0495
  0.0569  0.0601  0.0528  0.0541  0.0539  0.0521
  0.0670  0.0658  0.0578  0.0585  0.0598  0.0554
niter,ni,del,rscale     3    3   12.0000    1.2000
parameters
    0.2999   -3.8381   13.6673    4.2213   -4.8996    0.3270
eta,q 0.95115 15.50248
  0.0702  0.0645  0.0587  0.0601  0.0578  0.0554
  0.0593  0.0594  0.0539  0.0549  0.0534  0.0523
  0.0511  0.0520  0.0498  0.0504  0.0502  0.0500
  0.0488  0.0488  0.0488  0.0488  0.0488  0.0489
  0.0517  0.0536  0.0507  0.0506  0.0493  0.0496
  0.0577  0.0595  0.0533  0.0546  0.0533  0.0521
  0.0688  0.0653  0.0582  0.0589  0.0591  0.0553
niter,ni,del,rscale     2    3   12.0000    1.2000
parameters
    0.3440   -3.8804   13.6793    4.2786   -4.9378    0.3503
eta,q 0.95113 15.50506
  0.0698  0.0647  0.0586  0.0599  0.0579  0.0553
  0.0588  0.0597  0.0539  0.0547  0.0535  0.0522
  0.0509  0.0523  0.0498  0.0503  0.0503  0.0499
  0.0489  0.0489  0.0488  0.0489  0.0489  0.0489
  0.0517  0.0535  0.0508  0.0507  0.0493  0.0496
  0.0579  0.0594  0.0535  0.0548  0.0531  0.0521
  0.0692  0.0652  0.0583  0.0590  0.0588  0.0553
registration optimization eta report
parameter search radius
    6.0000    6.0000    6.0000    6.0000    6.9000    6.0000
100000*second partial in parameter space
       57.       41.       26.       29.       20.       17.
  0.0698  0.0647  0.0586  0.0599  0.0579  0.0553
  0.0588  0.0597  0.0539  0.0547  0.0535  0.0522
  0.0509  0.0523  0.0498  0.0503  0.0503  0.0499
  0.0489  0.0489  0.0488  0.0489  0.0489  0.0489
  0.0517  0.0535  0.0508  0.0507  0.0493  0.0496
  0.0579  0.0594  0.0535  0.0548  0.0531  0.0521
  0.0692  0.0652  0.0583  0.0590  0.0588  0.0553
    0.3440   -3.8804   13.6793    4.2786   -4.9378    0.3503
eta,q 0.95113 15.50506

---------------------------------------------------------------------
imgreg_4dfp /opt/freesurfer/average/711-2C_as_mni_average_305 /opt/freesurfer/average/711-2B_as_mni_average_305_mask talsrcimg_g11 none talsrcimg_to_711-2C_as_mni_average_305_t4 3335
---------------------------------------------------------------------

freesurfer imgreg_4dfp.c
/opt/freesurfer/average/711-2C_as_mni_average_305.4dfp.img
       256       256       256         1
  1.000000  1.000000  1.000000
orientation T byte_order littleendian
Reading image: /opt/freesurfer/average/711-2C_as_mni_average_305.4dfp.img
dimensions:      256       256       256
mmppix:       1.0000   -1.0000   -1.0000
center:     128.0000 -129.0000 -129.0000
/opt/freesurfer/average/711-2B_as_mni_average_305_mask.4dfp.img
       256       256       256         1
  1.000000  1.000000  1.000000
orientation T byte_order littleendian
Reading mask: /opt/freesurfer/average/711-2B_as_mni_average_305_mask.4dfp.img (2306576 pixels)
talsrcimg_g11.4dfp.img
       256       256       256         1
  1.000000  1.000000  1.000000
orientation T byte_order littleendian
Reading image: talsrcimg_g11.4dfp.img
dimensions:      256       256       256
mmppix:       1.0000   -1.0000   -1.0000
center:     128.0000 -129.0000 -129.0000
fimgreg.f
image alignment mode   3335 decimal      D07 hex
parameters
    0.3440   -3.8804   13.6793   -0.3730   -0.2766   -0.6488
    0.0326    8.6289    0.6090   -7.4080   -8.6074    7.4330
eta,q 0.94864 15.45670
niter,ni,del,rscale     5    3    5.0000    1.2000
parameter  4  1.219014 ->  0.500000 qaram    1.1500
parameter  5-11.635944 ->  0.500000 qaram    1.1500
parameter  6  0.682609 ->  0.500000 qaram    1.1500
parameter 11 -0.512193 -> -0.500000 qaram    1.1500
parameters
    0.3465   -4.9928   13.2724   -4.5130   -4.4166   -4.7888
   -0.4643    7.8970    0.9350   -8.8180   -4.4674    5.0553
eta,q 0.96696 15.46348
  0.0555  0.0516  0.0525  0.0444  0.0319  0.0339  0.0372  0.0379  0.0369  0.0374  0.0363  0.0343
  0.0533  0.0511  0.0515  0.0461  0.0348  0.0341  0.0355  0.0356  0.0354  0.0348  0.0351  0.0334
  0.0518  0.0510  0.0510  0.0481  0.0401  0.0346  0.0344  0.0343  0.0344  0.0337  0.0343  0.0330
  0.0514  0.0514  0.0510  0.0509  0.0466  0.0361  0.0342  0.0342  0.0341  0.0341  0.0337  0.0334
  0.0519  0.0519  0.0515  0.0552  0.0527  0.0390  0.0348  0.0351  0.0343  0.0355  0.0334  0.0343
  0.0533  0.0526  0.0526  0.0608  0.0570  0.0437  0.0361  0.0370  0.0351  0.0378  0.0334  0.0357
  0.0555  0.0532  0.0540  0.0668  0.0598  0.0495  0.0381  0.0396  0.0364  0.0411  0.0336  0.0373
niter,ni,del,rscale     7    3    5.0000    1.2000
parameter  4  0.835056 ->  0.500000 qaram    1.3225
parameter  5  0.709403 ->  0.500000 qaram    1.3225
parameters
    0.3014   -4.5051   12.9349   -9.2740   -9.1776   -6.5014
   -0.6860    7.5464    0.0316  -10.3191   -4.6542    6.9967
eta,q 0.97260 14.97808
  0.0365  0.0390  0.0340  0.0301  0.0287  0.0294  0.0304  0.0315  0.0291  0.0299  0.0288  0.0297
  0.0345  0.0364  0.0332  0.0303  0.0280  0.0281  0.0289  0.0294  0.0282  0.0281  0.0281  0.0287
  0.0334  0.0343  0.0328  0.0313  0.0281  0.0277  0.0280  0.0281  0.0278  0.0275  0.0276  0.0279
  0.0330  0.0330  0.0328  0.0328  0.0305  0.0280  0.0278  0.0278  0.0278  0.0277  0.0275  0.0275
  0.0335  0.0329  0.0331  0.0348  0.0369  0.0283  0.0281  0.0284  0.0281  0.0286  0.0276  0.0274
  0.0348  0.0338  0.0338  0.0376  0.0440  0.0293  0.0292  0.0299  0.0289  0.0303  0.0281  0.0276
  0.0367  0.0357  0.0350  0.0423  0.0490  0.0324  0.0308  0.0323  0.0300  0.0327  0.0289  0.0282
niter,ni,del,rscale     7    3    5.0000    1.2000
parameter  2 -0.668959 -> -0.500000 qaram    1.1500
parameters
    0.4661   -3.1251   13.4452  -11.7469  -11.5988   -6.7366
   -0.8074    7.4726    0.0618   -9.7933   -5.3762    6.8147
eta,q 0.97396 14.68747
  0.0311  0.0335  0.0282  0.0277  0.0306  0.0286  0.0288  0.0300  0.0278  0.0298  0.0270  0.0274
  0.0292  0.0310  0.0271  0.0264  0.0283  0.0270  0.0273  0.0279  0.0268  0.0277  0.0264  0.0267
  0.0280  0.0290  0.0264  0.0258  0.0264  0.0261  0.0263  0.0265  0.0263  0.0265  0.0261  0.0262
  0.0274  0.0274  0.0260  0.0260  0.0257  0.0261  0.0261  0.0261  0.0261  0.0260  0.0260  0.0260
  0.0276  0.0264  0.0260  0.0271  0.0283  0.0264  0.0264  0.0265  0.0262  0.0263  0.0262  0.0262
  0.0285  0.0260  0.0263  0.0288  0.0348  0.0270  0.0274  0.0279  0.0268  0.0272  0.0267  0.0267
  0.0303  0.0266  0.0269  0.0314  0.0414  0.0290  0.0290  0.0302  0.0278  0.0288  0.0275  0.0276
niter,ni,del,rscale     7    3    5.0000    1.2000
parameters
    0.5355   -2.5647   13.6574  -11.2573  -12.5265   -6.5062
   -0.8924    7.5170    0.4456   -9.1791   -5.8334    6.4958
eta,q 0.97373 14.68877
  0.0294  0.0306  0.0274  0.0294  0.0321  0.0291  0.0290  0.0302  0.0279  0.0297  0.0272  0.0276
  0.0276  0.0284  0.0265  0.0276  0.0297  0.0274  0.0275  0.0281  0.0271  0.0278  0.0267  0.0269
  0.0265  0.0269  0.0261  0.0264  0.0276  0.0264  0.0266  0.0268  0.0265  0.0267  0.0263  0.0264
  0.0260  0.0260  0.0259  0.0259  0.0259  0.0263  0.0263  0.0263  0.0263  0.0263  0.0263  0.0263
  0.0263  0.0260  0.0260  0.0262  0.0261  0.0264  0.0266  0.0267  0.0264  0.0264  0.0264  0.0264
  0.0273  0.0266  0.0263  0.0272  0.0306  0.0269  0.0276  0.0280  0.0268  0.0272  0.0268  0.0269
  0.0291  0.0280  0.0269  0.0288  0.0375  0.0289  0.0291  0.0301  0.0276  0.0286  0.0275  0.0279
niter,ni,del,rscale     6    3    5.0000    1.2000
parameters
    0.5672   -2.3324   13.6979  -10.9876  -12.8593   -6.4372
   -1.0226    7.5498    0.7632   -8.8106   -6.0795    6.2239
eta,q 0.97359 14.69485
  0.0294  0.0297  0.0274  0.0295  0.0327  0.0291  0.0290  0.0302  0.0279  0.0294  0.0274  0.0277
  0.0278  0.0278  0.0267  0.0278  0.0303  0.0275  0.0276  0.0282  0.0271  0.0277  0.0268  0.0270
  0.0267  0.0267  0.0264  0.0267  0.0281  0.0265  0.0267  0.0269  0.0266  0.0268  0.0265  0.0266
  0.0263  0.0263  0.0263  0.0263  0.0263  0.0264  0.0264  0.0264  0.0264  0.0264  0.0264  0.0264
  0.0266  0.0265  0.0264  0.0266  0.0258  0.0266  0.0268  0.0268  0.0265  0.0266  0.0265  0.0265
  0.0276  0.0272  0.0267  0.0276  0.0291  0.0271  0.0277  0.0281  0.0269  0.0274  0.0269  0.0271
  0.0293  0.0287  0.0273  0.0292  0.0361  0.0292  0.0292  0.0302  0.0277  0.0288  0.0276  0.0280
niter,ni,del,rscale     5    3    5.0000    1.2000
parameters
    0.5840   -2.1963   13.6677  -10.8710  -12.9789   -6.4523
   -1.1282    7.5712    0.9770   -8.5317   -6.2649    6.0233
eta,q 0.97353 14.69652
  0.0295  0.0294  0.0275  0.0295  0.0329  0.0291  0.0291  0.0302  0.0279  0.0293  0.0275  0.0278
  0.0278  0.0278  0.0268  0.0279  0.0305  0.0275  0.0276  0.0282  0.0271  0.0277  0.0269  0.0271
  0.0268  0.0268  0.0265  0.0268  0.0283  0.0265  0.0267  0.0269  0.0266  0.0268  0.0266  0.0266
  0.0264  0.0264  0.0264  0.0264  0.0264  0.0265  0.0265  0.0265  0.0265  0.0265  0.0265  0.0265
  0.0267  0.0266  0.0266  0.0268  0.0258  0.0266  0.0268  0.0268  0.0266  0.0267  0.0266  0.0266
  0.0278  0.0274  0.0269  0.0278  0.0287  0.0272  0.0277  0.0281  0.0270  0.0275  0.0269  0.0271
  0.0294  0.0288  0.0275  0.0294  0.0356  0.0293  0.0292  0.0302  0.0277  0.0289  0.0276  0.0280
niter,ni,del,rscale     4    3    5.0000    1.2000
parameters
    0.5932   -2.0947   13.6155  -10.8263  -13.0447   -6.4905
   -1.2099    7.5834    1.1527   -8.3035   -6.4172    5.8583
eta,q 0.97351 14.69486
  0.0295  0.0293  0.0275  0.0295  0.0329  0.0291  0.0291  0.0301  0.0279  0.0292  0.0275  0.0278
  0.0279  0.0277  0.0269  0.0279  0.0305  0.0275  0.0277  0.0282  0.0271  0.0277  0.0269  0.0271
  0.0268  0.0268  0.0265  0.0268  0.0283  0.0266  0.0268  0.0270  0.0267  0.0268  0.0266  0.0267
  0.0265  0.0265  0.0265  0.0265  0.0265  0.0265  0.0265  0.0265  0.0265  0.0265  0.0265  0.0265
  0.0268  0.0267  0.0266  0.0268  0.0258  0.0266  0.0268  0.0269  0.0266  0.0267  0.0266  0.0266
  0.0278  0.0275  0.0270  0.0278  0.0286  0.0272  0.0277  0.0281  0.0270  0.0275  0.0270  0.0271
  0.0295  0.0289  0.0276  0.0294  0.0354  0.0294  0.0292  0.0302  0.0278  0.0289  0.0276  0.0280
niter,ni,del,rscale     3    3    5.0000    1.2000
parameters
    0.5973   -2.0093   13.5594  -10.8045  -13.0957   -6.5383
   -1.2750    7.5873    1.3052   -8.0976   -6.5506    5.7293
eta,q 0.97349 14.69186
  0.0295  0.0293  0.0276  0.0295  0.0329  0.0291  0.0291  0.0301  0.0278  0.0292  0.0275  0.0278
  0.0279  0.0277  0.0269  0.0279  0.0305  0.0275  0.0277  0.0282  0.0271  0.0276  0.0269  0.0271
  0.0269  0.0268  0.0265  0.0268  0.0283  0.0266  0.0268  0.0270  0.0267  0.0268  0.0266  0.0267
  0.0265  0.0265  0.0265  0.0265  0.0265  0.0265  0.0265  0.0265  0.0265  0.0265  0.0265  0.0265
  0.0268  0.0267  0.0267  0.0269  0.0258  0.0267  0.0268  0.0269  0.0266  0.0267  0.0266  0.0266
  0.0278  0.0275  0.0270  0.0279  0.0285  0.0273  0.0277  0.0281  0.0270  0.0275  0.0270  0.0271
  0.0295  0.0289  0.0276  0.0294  0.0353  0.0294  0.0292  0.0302  0.0278  0.0289  0.0276  0.0280
niter,ni,del,rscale     2    3    5.0000    1.2000
parameters
    0.5986   -1.9306   13.5023  -10.7854  -13.1453   -6.5958
   -1.3287    7.5923    1.4437   -7.9049   -6.6739    5.6127
eta,q 0.97348 14.68799
  0.0295  0.0292  0.0276  0.0295  0.0329  0.0291  0.0291  0.0301  0.0278  0.0291  0.0276  0.0278
  0.0279  0.0277  0.0269  0.0279  0.0305  0.0275  0.0277  0.0282  0.0271  0.0276  0.0270  0.0271
  0.0269  0.0268  0.0266  0.0268  0.0283  0.0266  0.0268  0.0270  0.0267  0.0268  0.0266  0.0267
  0.0265  0.0265  0.0265  0.0265  0.0265  0.0265  0.0265  0.0265  0.0265  0.0265  0.0265  0.0265
  0.0268  0.0267  0.0267  0.0269  0.0258  0.0267  0.0268  0.0269  0.0266  0.0267  0.0267  0.0266
  0.0278  0.0275  0.0270  0.0279  0.0285  0.0273  0.0277  0.0281  0.0270  0.0275  0.0270  0.0271
  0.0295  0.0289  0.0276  0.0294  0.0353  0.0294  0.0292  0.0302  0.0278  0.0288  0.0276  0.0280
niter,ni,del,rscale     1    3    5.0000    1.2000
parameters
    0.6016   -1.8549   13.4486  -10.7764  -13.1934   -6.6565
   -1.3844    7.5978    1.5747   -7.7187   -6.7787    5.5109
eta,q 0.97347 14.68306
  0.0295  0.0292  0.0276  0.0295  0.0329  0.0291  0.0291  0.0301  0.0278  0.0291  0.0276  0.0278
  0.0279  0.0277  0.0269  0.0279  0.0305  0.0276  0.0277  0.0282  0.0271  0.0276  0.0270  0.0271
  0.0269  0.0268  0.0266  0.0268  0.0283  0.0266  0.0268  0.0270  0.0267  0.0268  0.0266  0.0267
  0.0265  0.0265  0.0265  0.0265  0.0265  0.0265  0.0265  0.0265  0.0265  0.0265  0.0265  0.0265
  0.0268  0.0267  0.0267  0.0269  0.0258  0.0267  0.0268  0.0269  0.0266  0.0267  0.0267  0.0266
  0.0278  0.0275  0.0271  0.0279  0.0285  0.0273  0.0277  0.0281  0.0270  0.0275  0.0270  0.0271
  0.0295  0.0289  0.0276  0.0294  0.0353  0.0294  0.0292  0.0302  0.0278  0.0288  0.0276  0.0280
registration optimization eta report
parameter search radius
    2.4000    2.7600    2.4000    9.5220    9.5220    8.2800
    7.2000    7.2000    7.2000    7.2000    8.2800    7.2000
100000*second partial in parameter space
       52.       34.       19.        3.        9.        4.
        5.        7.        2.        5.        2.        3.
  0.0295  0.0292  0.0276  0.0295  0.0329  0.0291  0.0291  0.0301  0.0278  0.0291  0.0276  0.0278
  0.0279  0.0277  0.0269  0.0279  0.0305  0.0276  0.0277  0.0282  0.0271  0.0276  0.0270  0.0271
  0.0269  0.0268  0.0266  0.0268  0.0283  0.0266  0.0268  0.0270  0.0267  0.0268  0.0266  0.0267
  0.0265  0.0265  0.0265  0.0265  0.0265  0.0265  0.0265  0.0265  0.0265  0.0265  0.0265  0.0265
  0.0268  0.0267  0.0267  0.0269  0.0258  0.0267  0.0268  0.0269  0.0266  0.0267  0.0267  0.0266
  0.0278  0.0275  0.0271  0.0279  0.0285  0.0273  0.0277  0.0281  0.0270  0.0275  0.0270  0.0271
  0.0295  0.0289  0.0276  0.0294  0.0353  0.0294  0.0292  0.0302  0.0278  0.0288  0.0276  0.0280
    0.6016   -1.8549   13.4486  -10.7764  -13.1934   -6.6565
   -1.3844    7.5978    1.5747   -7.7187   -6.7787    5.5109
eta,q 0.97347 14.68306

---------------------------------------------------------------------
imgreg_4dfp /opt/freesurfer/average/711-2C_as_mni_average_305 /opt/freesurfer/average/711-2B_as_mni_average_305_mask talsrcimg_g11 none talsrcimg_to_711-2C_as_mni_average_305_t4 2311
---------------------------------------------------------------------

freesurfer imgreg_4dfp.c
/opt/freesurfer/average/711-2C_as_mni_average_305.4dfp.img
       256       256       256         1
  1.000000  1.000000  1.000000
orientation T byte_order littleendian
Reading image: /opt/freesurfer/average/711-2C_as_mni_average_305.4dfp.img
dimensions:      256       256       256
mmppix:       1.0000   -1.0000   -1.0000
center:     128.0000 -129.0000 -129.0000
/opt/freesurfer/average/711-2B_as_mni_average_305_mask.4dfp.img
       256       256       256         1
  1.000000  1.000000  1.000000
orientation T byte_order littleendian
Reading mask: /opt/freesurfer/average/711-2B_as_mni_average_305_mask.4dfp.img (2306576 pixels)
talsrcimg_g11.4dfp.img
       256       256       256         1
  1.000000  1.000000  1.000000
orientation T byte_order littleendian
Reading image: talsrcimg_g11.4dfp.img
dimensions:      256       256       256
mmppix:       1.0000   -1.0000   -1.0000
center:     128.0000 -129.0000 -129.0000
fimgreg.f
image alignment mode   2311 decimal      907 hex
parameters
    0.6016   -1.8549   13.4486  -10.7764  -13.1934   -6.6565
   -1.3844    7.5978    1.5747   -7.7187   -6.7787    5.5109
eta,q 0.97347 14.68307
niter,ni,del,rscale     5    3    5.0000    0.8000
parameter  5 -0.553894 -> -0.500000 qaram    1.1500
parameters
    0.6190   -1.7630   13.3019  -10.9000  -10.4334   -7.6111
   -1.4601    7.6654    1.2443   -7.7795   -6.3859    4.7809
eta,q 0.97437 14.71391
  0.0279  0.0274  0.0269  0.0273  0.0294  0.0263  0.0271  0.0275  0.0264  0.0271  0.0262  0.0263
  0.0272  0.0269  0.0267  0.0268  0.0283  0.0258  0.0263  0.0265  0.0259  0.0262  0.0259  0.0259
  0.0267  0.0266  0.0265  0.0266  0.0273  0.0256  0.0258  0.0259  0.0257  0.0258  0.0257  0.0257
  0.0265  0.0265  0.0265  0.0265  0.0265  0.0258  0.0256  0.0256  0.0256  0.0256  0.0256  0.0256
  0.0267  0.0266  0.0266  0.0266  0.0259  0.0260  0.0258  0.0258  0.0258  0.0258  0.0257  0.0258
  0.0271  0.0268  0.0268  0.0269  0.0258  0.0263  0.0264  0.0264  0.0261  0.0263  0.0258  0.0262
  0.0279  0.0272  0.0271  0.0274  0.0265  0.0268  0.0272  0.0274  0.0266  0.0271  0.0260  0.0269
niter,ni,del,rscale     5    3    5.0000    0.8000
parameters
    0.5612   -2.1641   12.8235  -11.3470  -10.8748   -7.6313
   -1.3250    7.6150    1.0343   -8.1182   -6.2958    5.5509
eta,q 0.97447 14.68714
  0.0270  0.0263  0.0258  0.0262  0.0282  0.0266  0.0270  0.0273  0.0262  0.0267  0.0260  0.0265
  0.0262  0.0258  0.0256  0.0258  0.0271  0.0259  0.0262  0.0264  0.0258  0.0260  0.0258  0.0260
  0.0258  0.0256  0.0255  0.0255  0.0261  0.0256  0.0257  0.0258  0.0256  0.0256  0.0256  0.0257
  0.0256  0.0256  0.0256  0.0255  0.0255  0.0256  0.0256  0.0256  0.0256  0.0256  0.0255  0.0255
  0.0258  0.0260  0.0258  0.0256  0.0256  0.0258  0.0257  0.0258  0.0257  0.0258  0.0256  0.0255
  0.0264  0.0267  0.0261  0.0260  0.0271  0.0261  0.0261  0.0264  0.0259  0.0263  0.0258  0.0257
  0.0272  0.0276  0.0266  0.0266  0.0302  0.0264  0.0268  0.0274  0.0264  0.0271  0.0260  0.0261
niter,ni,del,rscale     4    3    5.0000    0.7000
parameters
    0.5430   -2.1586   12.9387  -11.3416  -10.7758   -7.8204
   -1.2514    7.5808    0.9790   -8.3359   -6.2768    5.6386
eta,q 0.97452 14.67657
  0.0266  0.0264  0.0262  0.0262  0.0280  0.0262  0.0266  0.0269  0.0261  0.0264  0.0259  0.0261
  0.0260  0.0259  0.0258  0.0258  0.0270  0.0257  0.0260  0.0261  0.0257  0.0259  0.0257  0.0258
  0.0257  0.0256  0.0256  0.0256  0.0261  0.0255  0.0256  0.0256  0.0255  0.0256  0.0255  0.0256
  0.0255  0.0255  0.0255  0.0255  0.0255  0.0255  0.0255  0.0255  0.0255  0.0255  0.0255  0.0255
  0.0257  0.0256  0.0256  0.0256  0.0254  0.0257  0.0256  0.0257  0.0256  0.0257  0.0255  0.0255
  0.0261  0.0259  0.0257  0.0259  0.0263  0.0260  0.0260  0.0261  0.0257  0.0260  0.0257  0.0257
  0.0267  0.0264  0.0260  0.0262  0.0284  0.0262  0.0265  0.0269  0.0261  0.0266  0.0258  0.0261
niter,ni,del,rscale     3    3    5.0000    0.6000
parameters
    0.5403   -2.2265   12.9219  -11.3852  -10.4704   -8.0550
   -1.2223    7.5692    0.9148   -8.5061   -6.2256    5.6974
eta,q 0.97460 14.67120
  0.0263  0.0261  0.0259  0.0260  0.0275  0.0260  0.0262  0.0265  0.0258  0.0261  0.0257  0.0258
  0.0259  0.0257  0.0256  0.0257  0.0267  0.0256  0.0258  0.0259  0.0256  0.0257  0.0255  0.0256
  0.0256  0.0255  0.0255  0.0255  0.0260  0.0254  0.0255  0.0255  0.0255  0.0255  0.0254  0.0255
  0.0255  0.0255  0.0255  0.0255  0.0255  0.0254  0.0254  0.0254  0.0254  0.0254  0.0254  0.0254
  0.0256  0.0256  0.0255  0.0255  0.0254  0.0256  0.0255  0.0255  0.0255  0.0255  0.0254  0.0254
  0.0259  0.0258  0.0257  0.0257  0.0259  0.0258  0.0258  0.0259  0.0256  0.0258  0.0255  0.0256
  0.0263  0.0262  0.0259  0.0260  0.0273  0.0260  0.0262  0.0265  0.0259  0.0263  0.0257  0.0258
niter,ni,del,rscale     2    3    5.0000    0.5000
parameters
    0.5319   -2.2901   12.8792  -11.4821  -10.2068   -8.2635
   -1.1976    7.5449    0.8635   -8.6389   -6.2207    5.7288
eta,q 0.97466 14.66320
  0.0260  0.0258  0.0257  0.0257  0.0269  0.0258  0.0259  0.0261  0.0257  0.0259  0.0256  0.0257
  0.0257  0.0256  0.0255  0.0256  0.0263  0.0255  0.0256  0.0257  0.0255  0.0256  0.0254  0.0255
  0.0255  0.0254  0.0254  0.0254  0.0257  0.0254  0.0254  0.0254  0.0254  0.0254  0.0254  0.0254
  0.0254  0.0254  0.0254  0.0254  0.0254  0.0254  0.0253  0.0253  0.0253  0.0253  0.0253  0.0253
  0.0255  0.0255  0.0254  0.0255  0.0254  0.0255  0.0254  0.0254  0.0254  0.0254  0.0254  0.0254
  0.0257  0.0257  0.0255  0.0256  0.0257  0.0256  0.0256  0.0257  0.0255  0.0256  0.0254  0.0255
  0.0260  0.0260  0.0257  0.0258  0.0267  0.0259  0.0259  0.0261  0.0257  0.0260  0.0255  0.0256
niter,ni,del,rscale     1    3    5.0000    0.4000
parameters
    0.5210   -2.3309   12.8382  -11.5680   -9.9957   -8.4322
   -1.1828    7.5207    0.8543   -8.7178   -6.2406    5.7608
eta,q 0.97468 14.65642
  0.0257  0.0256  0.0255  0.0256  0.0264  0.0256  0.0257  0.0258  0.0255  0.0257  0.0255  0.0255
  0.0255  0.0255  0.0254  0.0254  0.0259  0.0254  0.0255  0.0255  0.0254  0.0255  0.0254  0.0254
  0.0254  0.0254  0.0254  0.0254  0.0256  0.0253  0.0254  0.0254  0.0253  0.0253  0.0253  0.0253
  0.0253  0.0253  0.0253  0.0253  0.0253  0.0253  0.0253  0.0253  0.0253  0.0253  0.0253  0.0253
  0.0254  0.0254  0.0254  0.0254  0.0253  0.0254  0.0254  0.0254  0.0253  0.0254  0.0253  0.0253
  0.0255  0.0255  0.0254  0.0255  0.0256  0.0255  0.0255  0.0255  0.0254  0.0255  0.0254  0.0254
  0.0257  0.0257  0.0255  0.0256  0.0262  0.0257  0.0257  0.0258  0.0255  0.0257  0.0255  0.0255
registration optimization eta report
parameter search radius
    0.8000    0.8000    0.8000    2.4000    2.7600    2.4000
    2.4000    2.4000    2.4000    2.4000    2.4000    2.4000
100000*second partial in parameter space
       60.       52.       29.        4.       13.        6.
        7.        8.        4.        7.        2.        3.
  0.0257  0.0256  0.0255  0.0256  0.0264  0.0256  0.0257  0.0258  0.0255  0.0257  0.0255  0.0255
  0.0255  0.0255  0.0254  0.0254  0.0259  0.0254  0.0255  0.0255  0.0254  0.0255  0.0254  0.0254
  0.0254  0.0254  0.0254  0.0254  0.0256  0.0253  0.0254  0.0254  0.0253  0.0253  0.0253  0.0253
  0.0253  0.0253  0.0253  0.0253  0.0253  0.0253  0.0253  0.0253  0.0253  0.0253  0.0253  0.0253
  0.0254  0.0254  0.0254  0.0254  0.0253  0.0254  0.0254  0.0254  0.0253  0.0254  0.0253  0.0253
  0.0255  0.0255  0.0254  0.0255  0.0256  0.0255  0.0255  0.0255  0.0254  0.0255  0.0254  0.0254
  0.0257  0.0257  0.0255  0.0256  0.0262  0.0257  0.0257  0.0258  0.0255  0.0257  0.0255  0.0255
    0.5210   -2.3309   12.8382  -11.5680   -9.9957   -8.4322
   -1.1828    7.5207    0.8543   -8.7178   -6.2406    5.7608
eta,q 0.97468 14.65642

---------------------------------------------------------------------
imgreg_4dfp /opt/freesurfer/average/711-2C_as_mni_average_305 /opt/freesurfer/average/711-2B_as_mni_average_305_mask talsrcimg_g11 none talsrcimg_to_711-2C_as_mni_average_305_t4 2311
---------------------------------------------------------------------

freesurfer imgreg_4dfp.c
/opt/freesurfer/average/711-2C_as_mni_average_305.4dfp.img
       256       256       256         1
  1.000000  1.000000  1.000000
orientation T byte_order littleendian
Reading image: /opt/freesurfer/average/711-2C_as_mni_average_305.4dfp.img
dimensions:      256       256       256
mmppix:       1.0000   -1.0000   -1.0000
center:     128.0000 -129.0000 -129.0000
/opt/freesurfer/average/711-2B_as_mni_average_305_mask.4dfp.img
       256       256       256         1
  1.000000  1.000000  1.000000
orientation T byte_order littleendian
Reading mask: /opt/freesurfer/average/711-2B_as_mni_average_305_mask.4dfp.img (2306576 pixels)
talsrcimg_g11.4dfp.img
       256       256       256         1
  1.000000  1.000000  1.000000
orientation T byte_order littleendian
Reading image: talsrcimg_g11.4dfp.img
dimensions:      256       256       256
mmppix:       1.0000   -1.0000   -1.0000
center:     128.0000 -129.0000 -129.0000
fimgreg.f
image alignment mode   2311 decimal      907 hex
parameters
    0.5210   -2.3309   12.8382  -11.5680   -9.9957   -8.4322
   -1.1828    7.5207    0.8543   -8.7178   -6.2406    5.7608
eta,q 0.97468 14.65642
niter,ni,del,rscale     5    3    5.0000    0.8000
parameters
    0.5085   -2.3763   12.8191  -11.6283  -10.4901   -7.9887
   -1.1383    7.5376    0.8386   -8.6309   -6.1551    5.7517
eta,q 0.97459 14.66364
  0.0268  0.0266  0.0261  0.0263  0.0275  0.0268  0.0269  0.0273  0.0262  0.0269  0.0259  0.0262
  0.0260  0.0259  0.0256  0.0257  0.0265  0.0260  0.0261  0.0263  0.0258  0.0261  0.0256  0.0258
  0.0255  0.0255  0.0254  0.0254  0.0257  0.0255  0.0256  0.0256  0.0255  0.0256  0.0255  0.0255
  0.0253  0.0253  0.0253  0.0253  0.0253  0.0254  0.0254  0.0254  0.0254  0.0254  0.0254  0.0254
  0.0255  0.0255  0.0254  0.0254  0.0256  0.0255  0.0256  0.0256  0.0255  0.0256  0.0255  0.0255
  0.0260  0.0260  0.0257  0.0258  0.0268  0.0259  0.0260  0.0262  0.0258  0.0260  0.0256  0.0257
  0.0269  0.0268  0.0261  0.0263  0.0294  0.0262  0.0268  0.0273  0.0262  0.0268  0.0259  0.0262
niter,ni,del,rscale     4    3    5.0000    0.7000
parameters
    0.5158   -2.3054   12.9232  -11.4814  -10.4492   -7.9586
   -1.1516    7.5442    0.8167   -8.5907   -6.1433    5.7089
eta,q 0.97461 14.67277
  0.0266  0.0265  0.0261  0.0262  0.0274  0.0263  0.0265  0.0268  0.0260  0.0266  0.0258  0.0260
  0.0259  0.0259  0.0257  0.0258  0.0266  0.0257  0.0259  0.0260  0.0257  0.0259  0.0256  0.0257
  0.0255  0.0256  0.0255  0.0255  0.0259  0.0254  0.0255  0.0256  0.0255  0.0255  0.0254  0.0255
  0.0254  0.0254  0.0254  0.0254  0.0254  0.0254  0.0254  0.0254  0.0254  0.0254  0.0254  0.0254
  0.0255  0.0255  0.0254  0.0255  0.0254  0.0256  0.0255  0.0256  0.0255  0.0255  0.0254  0.0255
  0.0259  0.0258  0.0256  0.0257  0.0261  0.0258  0.0259  0.0260  0.0257  0.0259  0.0256  0.0257
  0.0266  0.0263  0.0259  0.0261  0.0277  0.0261  0.0265  0.0268  0.0260  0.0265  0.0258  0.0260
niter,ni,del,rscale     3    3    5.0000    0.6000
parameters
    0.5226   -2.3127   12.9129  -11.4797  -10.2529   -8.1064
   -1.1546    7.5462    0.8070   -8.6314   -6.1457    5.7140
eta,q 0.97464 14.67086
  0.0263  0.0261  0.0258  0.0259  0.0270  0.0260  0.0262  0.0264  0.0258  0.0262  0.0256  0.0258
  0.0258  0.0257  0.0256  0.0256  0.0263  0.0256  0.0257  0.0258  0.0256  0.0257  0.0255  0.0256
  0.0255  0.0255  0.0254  0.0255  0.0258  0.0254  0.0254  0.0255  0.0254  0.0254  0.0254  0.0254
  0.0254  0.0254  0.0254  0.0254  0.0254  0.0254  0.0254  0.0254  0.0254  0.0254  0.0254  0.0254
  0.0255  0.0255  0.0255  0.0255  0.0254  0.0255  0.0255  0.0255  0.0254  0.0255  0.0254  0.0254
  0.0258  0.0257  0.0256  0.0256  0.0258  0.0257  0.0257  0.0258  0.0256  0.0258  0.0255  0.0255
  0.0262  0.0261  0.0258  0.0259  0.0269  0.0260  0.0262  0.0264  0.0258  0.0262  0.0256  0.0258
niter,ni,del,rscale     2    3    5.0000    0.5000
parameters
    0.5193   -2.3353   12.8703  -11.5406  -10.0640   -8.2932
   -1.1522    7.5275    0.8020   -8.6967   -6.1722    5.7349
eta,q 0.97468 14.66336
  0.0260  0.0259  0.0256  0.0257  0.0265  0.0258  0.0259  0.0261  0.0257  0.0259  0.0255  0.0256
  0.0256  0.0256  0.0255  0.0255  0.0260  0.0255  0.0256  0.0257  0.0255  0.0256  0.0254  0.0255
  0.0254  0.0254  0.0254  0.0254  0.0256  0.0254  0.0254  0.0254  0.0254  0.0254  0.0253  0.0254
  0.0254  0.0254  0.0254  0.0254  0.0254  0.0253  0.0253  0.0253  0.0253  0.0253  0.0253  0.0253
  0.0254  0.0254  0.0254  0.0254  0.0254  0.0254  0.0254  0.0254  0.0254  0.0254  0.0254  0.0254
  0.0256  0.0256  0.0255  0.0255  0.0257  0.0256  0.0256  0.0257  0.0255  0.0256  0.0254  0.0254
  0.0260  0.0259  0.0257  0.0258  0.0264  0.0258  0.0259  0.0261  0.0257  0.0259  0.0255  0.0256
niter,ni,del,rscale     1    3    5.0000    0.4000
parameters
    0.5139   -2.3548   12.8270  -11.6183   -9.9010   -8.4598
   -1.1517    7.5077    0.8228   -8.7535   -6.2144    5.7543
eta,q 0.97470 14.65522
  0.0257  0.0257  0.0255  0.0256  0.0261  0.0256  0.0257  0.0258  0.0255  0.0257  0.0254  0.0255
  0.0255  0.0255  0.0254  0.0254  0.0258  0.0254  0.0255  0.0255  0.0254  0.0255  0.0254  0.0254
  0.0254  0.0254  0.0253  0.0253  0.0255  0.0253  0.0253  0.0254  0.0253  0.0253  0.0253  0.0253
  0.0253  0.0253  0.0253  0.0253  0.0253  0.0253  0.0253  0.0253  0.0253  0.0253  0.0253  0.0253
  0.0254  0.0254  0.0254  0.0254  0.0253  0.0254  0.0254  0.0254  0.0253  0.0254  0.0253  0.0253
  0.0255  0.0255  0.0254  0.0254  0.0255  0.0255  0.0255  0.0255  0.0254  0.0255  0.0254  0.0254
  0.0257  0.0257  0.0255  0.0256  0.0260  0.0257  0.0257  0.0258  0.0255  0.0257  0.0254  0.0255
registration optimization eta report
parameter search radius
    0.8000    0.8000    0.8000    2.4000    2.4000    2.4000
    2.4000    2.4000    2.4000    2.4000    2.4000    2.4000
100000*second partial in parameter space
       61.       54.       30.        4.       13.        6.
        7.        8.        4.        7.        2.        3.
  0.0257  0.0257  0.0255  0.0256  0.0261  0.0256  0.0257  0.0258  0.0255  0.0257  0.0254  0.0255
  0.0255  0.0255  0.0254  0.0254  0.0258  0.0254  0.0255  0.0255  0.0254  0.0255  0.0254  0.0254
  0.0254  0.0254  0.0253  0.0253  0.0255  0.0253  0.0253  0.0254  0.0253  0.0253  0.0253  0.0253
  0.0253  0.0253  0.0253  0.0253  0.0253  0.0253  0.0253  0.0253  0.0253  0.0253  0.0253  0.0253
  0.0254  0.0254  0.0254  0.0254  0.0253  0.0254  0.0254  0.0254  0.0253  0.0254  0.0253  0.0253
  0.0255  0.0255  0.0254  0.0254  0.0255  0.0255  0.0255  0.0255  0.0254  0.0255  0.0254  0.0254
  0.0257  0.0257  0.0255  0.0256  0.0260  0.0257  0.0257  0.0258  0.0255  0.0257  0.0254  0.0255
    0.5139   -2.3548   12.8270  -11.6183   -9.9010   -8.4598
   -1.1517    7.5077    0.8228   -8.7535   -6.2144    5.7543
eta,q 0.97470 14.65522

---------------------------------------------------------------------
compute_vox2vox talsrcimg talsrcimg_to_711-2C_as_mni_average_305_t4 /opt/freesurfer/average/711-2C_as_mni_average_305
---------------------------------------------------------------------

freesurfer compute_vox2vox.c
Reading: talsrcimg.4dfp.ifh
Reading: talsrcimg_to_711-2C_as_mni_average_305_t4
Reading: /opt/freesurfer/average/711-2C_as_mni_average_305.4dfp.ifh
Writing: talsrcimg_to_711-2C_as_mni_average_305_t4_vox2vox.txt

start time Sun Mar 8 22:06:29 CET 2026
end		time Sun Mar 8 22:08:00 CET 2026

mpr2mni305 success

avi2talxfm orig_nu.mgz /opt/freesurfer/average/mni305.cor.mgz talsrcimg_to_711-2C_as_mni_average_305_t4_vox2vox.txt transforms/talairach.auto.xfm
avi2talxfm done
mv -f /out/sourcedata/freesurfer/sub-v1s16x0051161_ses-1/mri/talsrcimg_to_711-2C_as_mni_average_305_t4_vox2vox.txt /out/sourcedata/freesurfer/sub-v1s16x0051161_ses-1/mri/transforms/talsrcimg_to_711-2C_as_mni_average_305_t4_vox2vox.txt
lta_convert --src orig_nu.mgz --trg /opt/freesurfer/average/mni305.cor.mgz --inxfm transforms/talairach.auto.xfm --outlta transforms/talairach.auto.xfm.lta --subject fsaverage
7.3.2

--src: orig_nu.mgz src image (geometry).
--trg: /opt/freesurfer/average/mni305.cor.mgz trg image (geometry).
--inmni: transforms/talairach.auto.xfm input MNI/XFM transform.
--outlta: transforms/talairach.auto.xfm.lta output LTA.
--s: fsaverage subject name
 LTA read, type : 1
 1.12492  -0.09033   0.02015  -0.42308;
 0.07655   1.07964  -0.06797  -8.42184;
-0.00284   0.10572   1.10310   0.77400;
 0.00000   0.00000   0.00000   1.00000;
setting subject to fsaverage
Writing  LTA to file transforms/talairach.auto.xfm.lta...
lta_convert successful.
 
 
Started at Sun Mar 8 22:06:28 CET 2026
Ended   at Sun Mar  8 22:08:00 CET 2026
talairach_avi done
