status file for recon-all
Mon Mar  9 00:28:15 CET 2026
#@# Tessellate rh Mon Mar  9 00:28:15 CET 2026
#@# Smooth1 rh Mon Mar  9 00:28:18 CET 2026
#@# Inflation1 rh Mon Mar  9 00:28:21 CET 2026
#@# QSphere rh Mon Mar  9 00:28:32 CET 2026
#@# Fix Topology rh Mon Mar  9 00:29:28 CET 2026
#@# Smooth2 rh Mon Mar  9 00:35:49 CET 2026
#@# Inflation2 rh Mon Mar  9 00:35:51 CET 2026
#@# Curv .H and .K rh Mon Mar  9 00:36:03 CET 2026
#@# Sphere rh Mon Mar  9 00:36:42 CET 2026
#@# Surf Reg rh Mon Mar  9 00:40:12 CET 2026
#@# Jacobian white rh Mon Mar  9 00:44:00 CET 2026
#@# AvgCurv rh Mon Mar  9 00:44:01 CET 2026
#@# Cortical Parc rh Mon Mar  9 00:44:02 CET 2026
#@# white curv rh Mon Mar  9 00:49:42 CET 2026
#@# white area rh Mon Mar  9 00:49:44 CET 2026
#@# pial curv rh Mon Mar  9 00:49:45 CET 2026
#@# pial area rh Mon Mar  9 00:49:46 CET 2026
#@# thickness rh Mon Mar  9 00:49:47 CET 2026
#@# area and vertex vol rh Mon Mar  9 00:50:11 CET 2026
#@# Curvature Stats rh Mon Mar  9 00:50:12 CET 2026
#@# Cortical Parc 2 rh Mon Mar  9 00:50:15 CET 2026
#@# Cortical Parc 3 rh Mon Mar  9 00:50:27 CET 2026
#@# WM/GM Contrast rh Mon Mar  9 00:50:36 CET 2026
recon-all -s sub-v1s16x0051169_ses-1 finished without error at Mon Mar  9 00:50:38 CET 2026



#New# invocation of recon-all 



status file for recon-all
Mon Mar  9 00:57:23 CET 2026
#@# white curv rh Mon Mar  9 00:57:23 CET 2026
#@# white area rh Mon Mar  9 00:57:23 CET 2026
#@# pial curv rh Mon Mar  9 00:57:23 CET 2026
#@# pial area rh Mon Mar  9 00:57:23 CET 2026
#@# thickness rh Mon Mar  9 00:57:23 CET 2026
#@# area and vertex vol rh Mon Mar  9 00:57:23 CET 2026
#@# Parcellation Stats rh Mon Mar  9 00:57:23 CET 2026
#@# Parcellation Stats 2 rh Mon Mar  9 00:57:38 CET 2026
#@# Parcellation Stats 3 rh Mon Mar  9 00:57:45 CET 2026
#@# BA_exvivo Labels rh Mon Mar  9 00:57:53 CET 2026
recon-all -s sub-v1s16x0051169_ses-1 finished without error at Mon Mar  9 01:00:17 CET 2026
