status file for recon-all
Mon Mar  9 00:04:43 CET 2026
#@# Tessellate lh Mon Mar  9 00:04:43 CET 2026
#@# Smooth1 lh Mon Mar  9 00:04:47 CET 2026
#@# Inflation1 lh Mon Mar  9 00:04:49 CET 2026
#@# QSphere lh Mon Mar  9 00:05:02 CET 2026
#@# Fix Topology lh Mon Mar  9 00:06:21 CET 2026
#@# Smooth2 lh Mon Mar  9 00:12:13 CET 2026
#@# Inflation2 lh Mon Mar  9 00:12:15 CET 2026
#@# Curv .H and .K lh Mon Mar  9 00:12:28 CET 2026
#@# Sphere lh Mon Mar  9 00:13:08 CET 2026
#@# Surf Reg lh Mon Mar  9 00:17:00 CET 2026
#@# Jacobian white lh Mon Mar  9 00:21:03 CET 2026
#@# AvgCurv lh Mon Mar  9 00:21:04 CET 2026
#@# Cortical Parc lh Mon Mar  9 00:21:04 CET 2026
#@# white curv lh Mon Mar  9 00:27:10 CET 2026
#@# white area lh Mon Mar  9 00:27:11 CET 2026
#@# pial curv lh Mon Mar  9 00:27:12 CET 2026
#@# pial area lh Mon Mar  9 00:27:14 CET 2026
#@# thickness lh Mon Mar  9 00:27:14 CET 2026
#@# area and vertex vol lh Mon Mar  9 00:27:42 CET 2026
#@# Curvature Stats lh Mon Mar  9 00:27:44 CET 2026
#@# Cortical Parc 2 lh Mon Mar  9 00:27:46 CET 2026
#@# Cortical Parc 3 lh Mon Mar  9 00:27:58 CET 2026
#@# WM/GM Contrast lh Mon Mar  9 00:28:08 CET 2026
recon-all -s sub-v1s16x0051169_ses-1 finished without error at Mon Mar  9 00:28:11 CET 2026



#New# invocation of recon-all 



status file for recon-all
Mon Mar  9 00:54:25 CET 2026
#@# white curv lh Mon Mar  9 00:54:26 CET 2026
#@# white area lh Mon Mar  9 00:54:26 CET 2026
#@# pial curv lh Mon Mar  9 00:54:26 CET 2026
#@# pial area lh Mon Mar  9 00:54:26 CET 2026
#@# thickness lh Mon Mar  9 00:54:26 CET 2026
#@# area and vertex vol lh Mon Mar  9 00:54:26 CET 2026
#@# Parcellation Stats lh Mon Mar  9 00:54:26 CET 2026
#@# Parcellation Stats 2 lh Mon Mar  9 00:54:41 CET 2026
#@# Parcellation Stats 3 lh Mon Mar  9 00:54:49 CET 2026
#@# BA_exvivo Labels lh Mon Mar  9 00:54:56 CET 2026
recon-all -s sub-v1s16x0051169_ses-1 finished without error at Mon Mar  9 00:57:19 CET 2026
