/out/sourcedata/freesurfer/sub-v1s16x0051185_ses-1/mri
/opt/freesurfer/bin/talairach_avi
--i orig_nu.mgz --xfm transforms/talairach.auto.xfm
talairach_avi 7.3.2
Linux dna076 5.14.0-427.37.1.el9_4.x86_64 #1 SMP PREEMPT_DYNAMIC Fri Sep 13 12:41:50 EDT 2024 x86_64 x86_64 x86_64 GNU/Linux
Sun Mar  8 23:47:58 CET 2026
mri_convert orig_nu.mgz talsrcimg.img 
reading from orig_nu.mgz...
TR=0.00, TE=0.00, TI=0.00, flip angle=0.00
i_ras = (-1, 0, 0)
j_ras = (0, 0, -1)
k_ras = (0, 1, 0)
writing to talsrcimg.img...
Analyze Output Matrix
-1.00000   0.00000   0.00000   129.42622;
 0.00000   0.00000   1.00000  -138.78690;
 0.00000  -1.00000   0.00000   132.35320;
 0.00000   0.00000   0.00000   1.00000;
--------------------
INFO: set hdr.hist.orient to -1
mpr2mni305 talsrcimg
Sun Mar  8 23:47:58 CET 2026
/opt/freesurfer/bin/mpr2mni305 talsrcimg
mpr2mni305 7.3.2
target=711-2C_as_mni_average_305

---------------------------------------------------------------------
analyzeto4dfp talsrcimg -O0 -y
---------------------------------------------------------------------

freesurfer ifh2hdr.c
Sun Mar  8 23:47:58 2026
Writing: talsrcimg.4dfp.hdr
freesurfer analyzeto4dfp.c
Reading: talsrcimg.hdr
header size 348 bytes
hdr.dime.datatype	offset=70	value=2
hdr.dime.bitpix		offset=72	value=8
hdr.hist.orient		offset=252	value=-1
dimensionality     4
dimensions       256       256       256         1
Reading: talsrcimg.img
Writing: talsrcimg.4dfp.img
Writing: talsrcimg.4dfp.ifh
ifh2hdr talsrcimg -r0to221
ori=2

---------------------------------------------------------------------
gauss_4dfp talsrcimg 1.1
---------------------------------------------------------------------

freesurfer gauss_4dfp.c
Reading: talsrcimg.4dfp.img
Writing: talsrcimg_g11.4dfp.img
image dimensions 256 256 256 padded to 288 288 288
processing volume 1freesurfer ifh2hdr.c
Sun Mar  8 23:48:00 2026
Writing: talsrcimg_g11.4dfp.hdr

Writing: talsrcimg_g11.4dfp.ifh
including: talsrcimg.4dfp.img.rec in talsrcimg_g11.4dfp.img.rec

---------------------------------------------------------------------
imgreg_4dfp /opt/freesurfer/average/711-2C_as_mni_average_305 none talsrcimg_g11 none talsrcimg_to_711-2C_as_mni_average_305_t4 4355
---------------------------------------------------------------------

freesurfer imgreg_4dfp.c
/opt/freesurfer/average/711-2C_as_mni_average_305.4dfp.img
       256       256       256         1
  1.000000  1.000000  1.000000
orientation T byte_order littleendian
Reading image: /opt/freesurfer/average/711-2C_as_mni_average_305.4dfp.img
dimensions:      256       256       256
mmppix:       1.0000   -1.0000   -1.0000
center:     128.0000 -129.0000 -129.0000
talsrcimg_g11.4dfp.img
       256       256       256         1
  1.000000  1.000000  1.000000
orientation T byte_order littleendian
Reading image: talsrcimg_g11.4dfp.img
dimensions:      256       256       256
mmppix:       1.0000   -1.0000   -1.0000
center:     128.0000 -129.0000 -129.0000
t4_read: open error in t4_sub.f l:  41 t4_file(1:l)talsrcimg_to_711-2C_as_mni_average_305_t4 
t4_read: transform initialized to I4
rotation matrix determinant  1.000000
image alignment mode   4355 decimal     1103 hex
   -7.5000  -45.0000  -45.0000 4992.0781   27.3849
    0.0000  -45.0000  -45.0000 5142.5669   27.4075
    7.5000  -45.0000  -45.0000 4866.1987   27.4428
   -7.5000  -37.5000  -45.0000 5541.1665   26.7917
    0.0000  -37.5000  -45.0000 5723.5625   26.8340
    7.5000  -37.5000  -45.0000 5440.2334   26.8794
   -7.5000  -30.0000  -45.0000 6337.4390   26.5391
    0.0000  -30.0000  -45.0000 6554.6914   26.5881
    7.5000  -30.0000  -45.0000 6256.5093   26.6142
   -7.5000  -22.5000  -45.0000 7182.4678   26.4808
    0.0000  -22.5000  -45.0000 7433.8149   26.5189
    7.5000  -22.5000  -45.0000 7090.8018   26.5162
   -7.5000  -15.0000  -45.0000 8052.9019   26.4600
    0.0000  -15.0000  -45.0000 8332.2656   26.4793
    7.5000  -15.0000  -45.0000 7910.5151   26.4651
   -7.5000   -7.5000  -45.0000 8973.7051   26.4235
    0.0000   -7.5000  -45.0000 9273.0732   26.4348
    7.5000   -7.5000  -45.0000 8758.6934   26.4382
   -7.5000    0.0000  -45.0000 9771.8906   26.4036
    0.0000    0.0000  -45.000010096.5010   26.4260
    7.5000    0.0000  -45.0000 9517.6133   26.4579
   -7.5000    7.5000  -45.0000 9798.0732   26.4260
    0.0000    7.5000  -45.000010079.1152   26.4672
    7.5000    7.5000  -45.0000 9510.1172   26.5103
   -7.5000   15.0000  -45.0000 9661.6777   26.4656
    0.0000   15.0000  -45.0000 9941.9746   26.5146
    7.5000   15.0000  -45.0000 9396.7051   26.5406
   -7.5000   22.5000  -45.0000 9434.3076   26.4760
    0.0000   22.5000  -45.0000 9718.0713   26.5142
    7.5000   22.5000  -45.0000 9213.4570   26.5115
   -7.5000   30.0000  -45.0000 9136.4482   26.1074
    0.0000   30.0000  -45.0000 9453.3438   26.1264
    7.5000   30.0000  -45.0000 8958.1338   26.1125
   -7.5000   37.5000  -45.0000 9207.2344   26.0713
    0.0000   37.5000  -45.0000 9515.5225   26.0826
    7.5000   37.5000  -45.0000 9037.9092   26.0859
   -7.5000   45.0000  -45.0000 8977.0957   25.3903
    0.0000   45.0000  -45.0000 9242.0371   25.4118
    7.5000   45.0000  -45.0000 8781.2168   25.4425
   -7.5000  -45.0000  -37.5000 5413.3379   27.0950
    0.0000  -45.0000  -37.5000 5564.1289   27.1292
    7.5000  -45.0000  -37.5000 5253.4199   27.1982
   -7.5000  -37.5000  -37.5000 6005.2705   26.5027
    0.0000  -37.5000  -37.5000 6193.5889   26.5537
    7.5000  -37.5000  -37.5000 5848.3267   26.6340
   -7.5000  -30.0000  -37.5000 6867.4956   26.2421
    0.0000  -30.0000  -37.5000 7093.6299   26.2979
    7.5000  -30.0000  -37.5000 6736.7754   26.3578
   -7.5000  -22.5000  -37.5000 7801.0103   26.1833
    0.0000  -22.5000  -37.5000 8060.0801   26.2295
    7.5000  -22.5000  -37.5000 7636.1519   26.2584
   -7.5000  -15.0000  -37.5000 8753.1406   26.1728
    0.0000  -15.0000  -37.5000 9029.0117   26.2015
    7.5000  -15.0000  -37.5000 8515.2227   26.2151
   -7.5000   -7.5000  -37.5000 9716.1982   26.1474
    0.0000   -7.5000  -37.500010008.4434   26.1681
    7.5000   -7.5000  -37.5000 9423.3936   26.1984
   -7.5000    0.0000  -37.500010507.2061   26.1296
    0.0000    0.0000  -37.500010852.0518   26.1619
    7.5000    0.0000  -37.500010217.4355   26.2249
   -7.5000    7.5000  -37.500010498.4385   26.1427
    0.0000    7.5000  -37.500010847.0498   26.1924
    7.5000    7.5000  -37.500010217.1475   26.2696
   -7.5000   15.0000  -37.500010362.0986   26.1700
    0.0000   15.0000  -37.500010679.0420   26.2257
    7.5000   15.0000  -37.500010078.5518   26.2854
   -7.5000   22.5000  -37.500010085.0225   26.1786
    0.0000   22.5000  -37.500010428.4746   26.2248
    7.5000   22.5000  -37.5000 9824.2988   26.2536
   -7.5000   30.0000  -37.5000 9771.6270   25.8240
    0.0000   30.0000  -37.500010111.2266   25.8524
    7.5000   30.0000  -37.5000 9528.4502   25.8658
   -7.5000   37.5000  -37.5000 9836.5703   25.7989
    0.0000   37.5000  -37.500010161.6357   25.8194
    7.5000   37.5000  -37.5000 9625.3193   25.8493
   -7.5000   45.0000  -37.5000 9579.5176   25.1268
    0.0000   45.0000  -37.5000 9889.2852   25.1578
    7.5000   45.0000  -37.5000 9361.6484   25.2184
   -7.5000  -45.0000  -30.0000 5947.5947   28.2207
    0.0000  -45.0000  -30.0000 6108.8960   28.2559
    7.5000  -45.0000  -30.0000 5788.5117   28.3515
   -7.5000  -37.5000  -30.0000 6583.7788   27.6157
    0.0000  -37.5000  -30.0000 6790.4673   27.6603
    7.5000  -37.5000  -30.0000 6458.7188   27.7628
   -7.5000  -30.0000  -30.0000 7518.3462   27.3335
    0.0000  -30.0000  -30.0000 7776.8540   27.3771
    7.5000  -30.0000  -30.0000 7419.2002   27.4596
   -7.5000  -22.5000  -30.0000 8566.4980   27.2525
    0.0000  -22.5000  -30.0000 8821.5273   27.2871
    7.5000  -22.5000  -30.0000 8356.3486   27.3404
   -7.5000  -15.0000  -30.0000 9610.3662   27.2322
    0.0000  -15.0000  -30.0000 9852.1992   27.2547
    7.5000  -15.0000  -30.0000 9287.8018   27.2918
   -7.5000   -7.5000  -30.000010652.4053   27.2118
    0.0000   -7.5000  -30.000010924.7646   27.2320
    7.5000   -7.5000  -30.000010278.7559   27.2862
   -7.5000    0.0000  -30.000011515.5371   27.2113
    0.0000    0.0000  -30.000011816.4922   27.2440
    7.5000    0.0000  -30.000011127.9033   27.3308
   -7.5000    7.5000  -30.000011491.0830   27.2386
    0.0000    7.5000  -30.000011822.4844   27.2823
    7.5000    7.5000  -30.000011143.0674   27.3810
   -7.5000   15.0000  -30.000011330.1162   27.2582
    0.0000   15.0000  -30.000011652.9678   27.3016
    7.5000   15.0000  -30.000010985.3574   27.3838
   -7.5000   22.5000  -30.000010998.9941   27.2448
    0.0000   22.5000  -30.000011349.2598   27.2794
    7.5000   22.5000  -30.000010689.1553   27.3326
   -7.5000   30.0000  -30.000010632.3213   26.8718
    0.0000   30.0000  -30.000010966.2656   26.8941
    7.5000   30.0000  -30.000010348.9580   26.9307
   -7.5000   37.5000  -30.000010702.2646   26.8517
    0.0000   37.5000  -30.000011009.5391   26.8716
    7.5000   37.5000  -30.000010399.7695   26.9252
   -7.5000   45.0000  -30.000010389.3086   26.1862
    0.0000   45.0000  -30.000010705.3115   26.2176
    7.5000   45.0000  -30.000010115.4336   26.3012
   -7.5000  -45.0000  -22.5000 6534.2866   29.2886
    0.0000  -45.0000  -22.5000 6675.5073   29.3110
    7.5000  -45.0000  -22.5000 6336.8037   29.3932
   -7.5000  -37.5000  -22.5000 7235.8892   28.6826
    0.0000  -37.5000  -22.5000 7448.6172   28.7084
    7.5000  -37.5000  -22.5000 7085.2188   28.7912
   -7.5000  -30.0000  -22.5000 8261.9619   28.3901
    0.0000  -30.0000  -22.5000 8511.3369   28.4098
    7.5000  -30.0000  -22.5000 8082.9790   28.4753
   -7.5000  -22.5000  -22.5000 9384.4961   28.2859
    0.0000  -22.5000  -22.5000 9647.2324   28.2961
    7.5000  -22.5000  -22.5000 9095.9385   28.3390
   -7.5000  -15.0000  -22.500010483.4668   28.2455
    0.0000  -15.0000  -22.500010760.3379   28.2483
    7.5000  -15.0000  -22.500010125.1035   28.2796
   -7.5000   -7.5000  -22.500011631.0391   28.2198
    0.0000   -7.5000  -22.500011914.0479   28.2276
    7.5000   -7.5000  -22.500011198.4600   28.2756
   -7.5000    0.0000  -22.500012594.5361   28.2367
    0.0000    0.0000  -22.500012895.3701   28.2578
    7.5000    0.0000  -22.500012139.0049   28.3319
   -7.5000    7.5000  -22.500012538.8145   28.2888
    0.0000    7.5000  -22.500012883.8184   28.3145
    7.5000    7.5000  -22.500012134.2539   28.3941
   -7.5000   15.0000  -22.500012314.7998   28.3115
    0.0000   15.0000  -22.500012653.8154   28.3312
    7.5000   15.0000  -22.500011923.4844   28.3962
   -7.5000   22.5000  -22.500011956.1289   28.2760
    0.0000   22.5000  -22.500012282.9102   28.2862
    7.5000   22.5000  -22.500011569.2949   28.3290
   -7.5000   30.0000  -22.500011564.4404   27.8760
    0.0000   30.0000  -22.500011882.3135   27.8788
    7.5000   30.0000  -22.500011186.7432   27.9097
   -7.5000   37.5000  -22.500011610.6348   27.8507
    0.0000   37.5000  -22.500011925.6699   27.8583
    7.5000   37.5000  -22.500011224.3232   27.9058
   -7.5000   45.0000  -22.500011211.8623   27.1933
    0.0000   45.0000  -22.500011511.0254   27.2137
    7.5000   45.0000  -22.500010842.3164   27.2850
   -7.5000  -45.0000  -15.0000 7119.0947   30.0668
    0.0000  -45.0000  -15.0000 7291.4126   30.0773
    7.5000  -45.0000  -15.0000 6907.4624   30.1232
   -7.5000  -37.5000  -15.0000 7896.6245   29.4534
    0.0000  -37.5000  -15.0000 8126.8066   29.4704
    7.5000  -37.5000  -15.0000 7724.2866   29.5170
   -7.5000  -30.0000  -15.0000 9016.7646   29.1650
    0.0000  -30.0000  -15.0000 9308.1348   29.1772
    7.5000  -30.0000  -15.0000 8804.8818   29.2082
   -7.5000  -22.5000  -15.000010193.5625   29.0582
    0.0000  -22.5000  -15.000010511.6875   29.0585
    7.5000  -22.5000  -15.0000 9904.0479   29.0681
   -7.5000  -15.0000  -15.000011346.1973   29.0055
    0.0000  -15.0000  -15.000011701.8262   28.9965
    7.5000  -15.0000  -15.000011025.0479   28.9967
   -7.5000   -7.5000  -15.000012562.1230   28.9681
    0.0000   -7.5000  -15.000012933.3760   28.9650
    7.5000   -7.5000  -15.000012175.7949   28.9825
   -7.5000    0.0000  -15.000013639.6367   28.9840
    0.0000    0.0000  -15.000014026.3506   28.9949
    7.5000    0.0000  -15.000013172.4004   29.0357
   -7.5000    7.5000  -15.000013613.2861   29.0481
    0.0000    7.5000  -15.000014016.3984   29.0653
    7.5000    7.5000  -15.000013136.2627   29.1098
   -7.5000   15.0000  -15.000013316.6006   29.0840
    0.0000   15.0000  -15.000013686.4443   29.0963
    7.5000   15.0000  -15.000012874.6270   29.1270
   -7.5000   22.5000  -15.000012918.3984   29.0467
    0.0000   22.5000  -15.000013239.6680   29.0470
    7.5000   22.5000  -15.000012474.8652   29.0565
   -7.5000   30.0000  -15.000012460.3232   28.6301
    0.0000   30.0000  -15.000012781.8730   28.6212
    7.5000   30.0000  -15.000012012.6738   28.6215
   -7.5000   37.5000  -15.000012473.0449   28.5932
    0.0000   37.5000  -15.000012774.0430   28.5901
    7.5000   37.5000  -15.000012022.9795   28.6075
   -7.5000   45.0000  -15.000011996.0137   27.9299
    0.0000   45.0000  -15.000012274.4951   27.9404
    7.5000   45.0000  -15.000011555.5703   27.9797
   -7.5000  -45.0000   -7.5000 7722.2559   30.3873
    0.0000  -45.0000   -7.5000 7950.1294   30.3989
    7.5000  -45.0000   -7.5000 7536.9565   30.4247
   -7.5000  -37.5000   -7.5000 8577.4121   29.7535
    0.0000  -37.5000   -7.5000 8879.3955   29.7813
    7.5000  -37.5000   -7.5000 8430.7529   29.8130
   -7.5000  -30.0000   -7.5000 9797.5674   29.4742
    0.0000  -30.0000   -7.500010140.1670   29.5048
    7.5000  -30.0000   -7.5000 9609.3799   29.5187
   -7.5000  -22.5000   -7.500011068.2520   29.3886
    0.0000  -22.5000   -7.500011433.1055   29.4063
    7.5000  -22.5000   -7.500010812.4180   29.3937
   -7.5000  -15.0000   -7.500012276.2852   29.3444
    0.0000  -15.0000   -7.500012681.6143   29.3455
    7.5000  -15.0000   -7.500012000.1396   29.3230
   -7.5000   -7.5000   -7.500013538.3174   29.2991
    0.0000   -7.5000   -7.500013998.6865   29.2983
    7.5000   -7.5000   -7.500013216.8574   29.2950
   -7.5000    0.0000   -7.500014715.9463   29.2952
    0.0000    0.0000   -7.500015249.0869   29.3076
    7.5000    0.0000   -7.500014313.6191   29.3303
   -7.5000    7.5000   -7.500014740.0820   29.3455
    0.0000    7.5000   -7.500015242.5215   29.3728
    7.5000    7.5000   -7.500014256.0918   29.4028
   -7.5000   15.0000   -7.500014358.0039   29.3926
    0.0000   15.0000   -7.500014804.9346   29.4233
    7.5000   15.0000   -7.500013899.3701   29.4371
   -7.5000   22.5000   -7.500013847.0947   29.3738
    0.0000   22.5000   -7.500014276.9258   29.3915
    7.5000   22.5000   -7.500013409.8848   29.3789
   -7.5000   30.0000   -7.500013370.8203   28.9639
    0.0000   30.0000   -7.500013739.6611   28.9650
    7.5000   30.0000   -7.500012906.4902   28.9428
   -7.5000   37.5000   -7.500013338.8799   28.9192
    0.0000   37.5000   -7.500013729.8896   28.9184
    7.5000   37.5000   -7.500012900.0068   28.9151
   -7.5000   45.0000   -7.500012779.8818   28.2351
    0.0000   45.0000   -7.500013130.5576   28.2470
    7.5000   45.0000   -7.500012326.6494   28.2689
   -7.5000  -45.0000    0.0000 8255.4863   30.3530
    0.0000  -45.0000    0.0000 8533.7686   30.3775
    7.5000  -45.0000    0.0000 8095.4092   30.4169
   -7.5000  -37.5000    0.0000 9186.0898   29.6964
    0.0000  -37.5000    0.0000 9522.5391   29.7431
    7.5000  -37.5000    0.0000 9043.7295   29.7933
   -7.5000  -30.0000    0.000010497.9092   29.4165
    0.0000  -30.0000    0.000010888.5967   29.4711
    7.5000  -30.0000    0.000010346.6426   29.5002
   -7.5000  -22.5000    0.000011854.5137   29.3525
    0.0000  -22.5000    0.000012287.4141   29.3951
    7.5000  -22.5000    0.000011705.5088   29.3927
   -7.5000  -15.0000    0.000013106.6943   29.3295
    0.0000  -15.0000    0.000013618.3486   29.3509
    7.5000  -15.0000    0.000012968.5059   29.3363
   -7.5000   -7.5000    0.000014394.0391   29.2887
    0.0000   -7.5000    0.000014973.7539   29.3010
    7.5000   -7.5000    0.000014238.8965   29.3055
   -7.5000    0.0000    0.000015639.9590   29.2663
    0.0000    0.0000    0.000016289.9678   29.2906
    7.5000    0.0000    0.000015406.2119   29.3264
   -7.5000    7.5000    0.000015606.7354   29.2912
    0.0000    7.5000    0.000016279.8242   29.3367
    7.5000    7.5000    0.000015331.8965   29.3846
   -7.5000   15.0000    0.000015129.6104   29.3354
    0.0000   15.0000    0.000015859.5029   29.3900
    7.5000   15.0000    0.000014958.8408   29.4190
   -7.5000   22.5000    0.000014644.8271   29.3378
    0.0000   22.5000    0.000015262.1182   29.3804
    7.5000   22.5000    0.000014401.9746   29.3779
   -7.5000   30.0000    0.000014119.9072   28.9500
    0.0000   30.0000    0.000014645.7715   28.9711
    7.5000   30.0000    0.000013816.7979   28.9566
   -7.5000   37.5000    0.000014079.7266   28.9096
    0.0000   37.5000    0.000014646.9424   28.9218
    7.5000   37.5000    0.000013754.4541   28.9263
   -7.5000   45.0000    0.000013490.3936   28.2093
    0.0000   45.0000    0.000013998.7578   28.2328
    7.5000   45.0000    0.000013095.7080   28.2673
   -7.5000  -45.0000    7.5000 8110.1885   30.2840
    0.0000  -45.0000    7.5000 8382.0908   30.3222
    7.5000  -45.0000    7.5000 7995.1841   30.3996
   -7.5000  -37.5000    7.5000 9047.0264   29.6203
    0.0000  -37.5000    7.5000 9369.0850   29.6773
    7.5000  -37.5000    7.5000 8914.5361   29.7673
   -7.5000  -30.0000    7.500010339.7881   29.3285
    0.0000  -30.0000    7.500010718.8369   29.3910
    7.5000  -30.0000    7.500010190.5020   29.4583
   -7.5000  -22.5000    7.500011666.2500   29.2631
    0.0000  -22.5000    7.500012091.7588   29.3149
    7.5000  -22.5000    7.500011530.1035   29.3476
   -7.5000  -15.0000    7.500012943.9434   29.2512
    0.0000  -15.0000    7.500013405.2129   29.2837
    7.5000  -15.0000    7.500012830.9443   29.2993
   -7.5000   -7.5000    7.500014248.3965   29.2224
    0.0000   -7.5000    7.500014789.6943   29.2458
    7.5000   -7.5000    7.500014184.9922   29.2800
   -7.5000    0.0000    7.500015458.1016   29.2021
    0.0000    0.0000    7.500016210.3936   29.2383
    7.5000    0.0000    7.500015337.9629   29.3090
   -7.5000    7.5000    7.500015238.8867   29.2169
    0.0000    7.5000    7.500015942.5293   29.2725
    7.5000    7.5000    7.500015087.5654   29.3590
   -7.5000   15.0000    7.500014729.2207   29.2479
    0.0000   15.0000    7.500015486.5469   29.3102
    7.5000   15.0000    7.500014767.2285   29.3773
   -7.5000   22.5000    7.500014334.2324   29.2484
    0.0000   22.5000    7.500014996.1475   29.3002
    7.5000   22.5000    7.500014250.5430   29.3328
   -7.5000   30.0000    7.500013875.6963   28.8727
    0.0000   30.0000    7.500014469.1846   28.9047
    7.5000   30.0000    7.500013690.7617   28.9201
   -7.5000   37.5000    7.500013861.9512   28.8442
    0.0000   37.5000    7.500014469.6436   28.8673
    7.5000   37.5000    7.500013612.8945   28.9011
   -7.5000   45.0000    7.500013163.3926   28.1475
    0.0000   45.0000    7.500013718.0234   28.1823
    7.5000   45.0000    7.500012882.7666   28.2505
   -7.5000  -45.0000   15.0000 7877.5493   30.3044
    0.0000  -45.0000   15.0000 8180.2251   30.3422
    7.5000  -45.0000   15.0000 7800.2559   30.4448
   -7.5000  -37.5000   15.0000 8820.3291   29.6547
    0.0000  -37.5000   15.0000 9099.1396   29.7026
    7.5000  -37.5000   15.0000 8673.3867   29.8127
   -7.5000  -30.0000   15.000010064.9443   29.3517
    0.0000  -30.0000   15.000010382.6953   29.3985
    7.5000  -30.0000   15.0000 9906.3271   29.4871
   -7.5000  -22.5000   15.000011362.1045   29.2647
    0.0000  -22.5000   15.000011719.2852   29.3019
    7.5000  -22.5000   15.000011185.2227   29.3591
   -7.5000  -15.0000   15.000012590.1855   29.2429
    0.0000  -15.0000   15.000013008.9824   29.2671
    7.5000  -15.0000   15.000012465.2510   29.3069
   -7.5000   -7.5000   15.000013855.6152   29.2210
    0.0000   -7.5000   15.000014375.4170   29.2427
    7.5000   -7.5000   15.000013753.5908   29.3009
   -7.5000    0.0000   15.000014983.2412   29.2205
    0.0000    0.0000   15.000015561.4561   29.2556
    7.5000    0.0000   15.000014722.4111   29.3488
   -7.5000    7.5000   15.000014720.9023   29.2498
    0.0000    7.5000   15.000015209.0518   29.2966
    7.5000    7.5000   15.000014447.1699   29.4027
   -7.5000   15.0000   15.000014162.0166   29.2708
    0.0000   15.0000   15.000014725.4736   29.3175
    7.5000   15.0000   15.000014073.6602   29.4057
   -7.5000   22.5000   15.000013840.9092   29.2500
    0.0000   22.5000   15.000014337.1875   29.2871
    7.5000   22.5000   15.000013687.7959   29.3443
   -7.5000   30.0000   15.000013501.7910   28.8644
    0.0000   30.0000   15.000013969.2578   28.8883
    7.5000   30.0000   15.000013251.8916   28.9277
   -7.5000   37.5000   15.000013584.8027   28.8428
    0.0000   37.5000   15.000014028.0596   28.8642
    7.5000   37.5000   15.000013261.3564   28.9217
   -7.5000   45.0000   15.000012830.5938   28.1652
    0.0000   45.0000   15.000013255.2480   28.1990
    7.5000   45.0000   15.000012506.9678   28.2889
   -7.5000  -45.0000   22.5000 7561.0840   30.4039
    0.0000  -45.0000   22.5000 7819.8164   30.4272
    7.5000  -45.0000   22.5000 7465.3169   30.5125
   -7.5000  -37.5000   22.5000 8424.8809   29.7748
    0.0000  -37.5000   22.5000 8721.3643   29.8016
    7.5000  -37.5000   22.5000 8288.1064   29.8875
   -7.5000  -30.0000   22.5000 9647.7109   29.4712
    0.0000  -30.0000   22.500010038.2344   29.4917
    7.5000  -30.0000   22.5000 9495.9805   29.5596
   -7.5000  -22.5000   22.500010892.0107   29.3630
    0.0000  -22.5000   22.500011358.0645   29.3736
    7.5000  -22.5000   22.500010765.9707   29.4181
   -7.5000  -15.0000   22.500012095.2061   29.3210
    0.0000  -15.0000   22.500012597.9004   29.3240
    7.5000  -15.0000   22.500011972.0723   29.3565
   -7.5000   -7.5000   22.500013281.8916   29.2944
    0.0000   -7.5000   22.500013843.9531   29.3025
    7.5000   -7.5000   22.500013145.4834   29.3523
   -7.5000    0.0000   22.500014346.3604   29.3119
    0.0000    0.0000   22.500014859.3008   29.3338
    7.5000    0.0000   22.500014041.3203   29.4108
   -7.5000    7.5000   22.500014324.7715   29.3661
    0.0000    7.5000   22.500014629.6982   29.3927
    7.5000    7.5000   22.500013860.2744   29.4754
   -7.5000   15.0000   22.500013984.8936   29.3896
    0.0000   15.0000   22.500014240.6768   29.4100
    7.5000   15.0000   22.500013551.3145   29.4775
   -7.5000   22.5000   22.500013600.3818   29.3483
    0.0000   22.5000   22.500013817.4238   29.3589
    7.5000   22.5000   22.500013142.6318   29.4033
   -7.5000   30.0000   22.500013167.7412   28.9416
    0.0000   30.0000   22.500013421.9736   28.9445
    7.5000   30.0000   22.500012730.7627   28.9765
   -7.5000   37.5000   22.500013173.2129   28.9153
    0.0000   37.5000   22.500013479.1562   28.9232
    7.5000   37.5000   22.500012736.8994   28.9725
   -7.5000   45.0000   22.500012330.6094   28.2533
    0.0000   45.0000   22.500012671.9111   28.2745
    7.5000   45.0000   22.500011968.2881   28.3486
   -7.5000  -45.0000   30.0000 7161.3823   30.4794
    0.0000  -45.0000   30.0000 7416.1108   30.4900
    7.5000  -45.0000   30.0000 7047.4829   30.5366
   -7.5000  -37.5000   30.0000 7979.3467   29.8576
    0.0000  -37.5000   30.0000 8276.3447   29.8748
    7.5000  -37.5000   30.0000 7841.1035   29.9221
   -7.5000  -30.0000   30.0000 9143.4678   29.5652
    0.0000  -30.0000   30.0000 9501.5059   29.5776
    7.5000  -30.0000   30.0000 9002.7695   29.6091
   -7.5000  -22.5000   30.000010337.9727   29.4570
    0.0000  -22.5000   30.000010701.9004   29.4573
    7.5000  -22.5000   30.000010164.5859   29.4670
   -7.5000  -15.0000   30.000011458.1758   29.4036
    0.0000  -15.0000   30.000011871.7227   29.3944
    7.5000  -15.0000   30.000011266.7529   29.3947
   -7.5000   -7.5000   30.000012593.3848   29.3656
    0.0000   -7.5000   30.000013054.0137   29.3625
    7.5000   -7.5000   30.000012359.6143   29.3803
   -7.5000    0.0000   30.000013569.5020   29.3818
    0.0000    0.0000   30.000013996.7490   29.3929
    7.5000    0.0000   30.000013220.7451   29.4342
   -7.5000    7.5000   30.000013512.3584   29.4468
    0.0000    7.5000   30.000013869.7754   29.4642
    7.5000    7.5000   30.000013147.9141   29.5093
   -7.5000   15.0000   30.000013244.0059   29.4831
    0.0000   15.0000   30.000013646.8848   29.4956
    7.5000   15.0000   30.000012927.6494   29.5267
   -7.5000   22.5000   30.000012858.8809   29.4422
    0.0000   22.5000   30.000013256.1396   29.4425
    7.5000   22.5000   30.000012512.4277   29.4521
   -7.5000   30.0000   30.000012373.9951   29.0230
    0.0000   30.0000   30.000012770.5166   29.0140
    7.5000   30.0000   30.000012068.4805   29.0142
   -7.5000   37.5000   30.000012321.7275   28.9856
    0.0000   37.5000   30.000012725.5664   28.9825
    7.5000   37.5000   30.000012037.4639   29.0001
   -7.5000   45.0000   30.000011538.2295   28.3207
    0.0000   45.0000   30.000011907.6719   28.3313
    7.5000   45.0000   30.000011285.1807   28.3711
   -7.5000  -45.0000   37.5000 6949.3525   30.4845
    0.0000  -45.0000   37.5000 7201.9902   30.4957
    7.5000  -45.0000   37.5000 6857.2349   30.5211
   -7.5000  -37.5000   37.5000 7749.7002   29.8482
    0.0000  -37.5000   37.5000 8052.4082   29.8756
    7.5000  -37.5000   37.5000 7644.4062   29.9071
   -7.5000  -30.0000   37.5000 8871.1514   29.5678
    0.0000  -30.0000   37.5000 9232.9658   29.5979
    7.5000  -30.0000   37.5000 8765.6289   29.6114
   -7.5000  -22.5000   37.500010004.6660   29.4817
    0.0000  -22.5000   37.500010401.8057   29.4988
    7.5000  -22.5000   37.5000 9871.0664   29.4855
   -7.5000  -15.0000   37.500011097.1602   29.4372
    0.0000  -15.0000   37.500011533.5156   29.4377
    7.5000  -15.0000   37.500010937.4268   29.4144
   -7.5000   -7.5000   37.500012163.0342   29.3917
    0.0000   -7.5000   37.500012630.4736   29.3904
    7.5000   -7.5000   37.500011986.9932   29.3864
   -7.5000    0.0000   37.500013069.4385   29.3879
    0.0000    0.0000   37.500013521.5000   29.3999
    7.5000    0.0000   37.500012862.7783   29.4223
   -7.5000    7.5000   37.500012966.0059   29.4385
    0.0000    7.5000   37.500013371.7373   29.4654
    7.5000    7.5000   37.500012795.7383   29.4952
   -7.5000   15.0000   37.500012731.9707   29.4858
    0.0000   15.0000   37.500013157.9502   29.5160
    7.5000   15.0000   37.500012591.7861   29.5294
   -7.5000   22.5000   37.500012385.6699   29.4669
    0.0000   22.5000   37.500012822.3232   29.4840
    7.5000   22.5000   37.500012251.8779   29.4707
   -7.5000   30.0000   37.500011959.8779   29.0562
    0.0000   30.0000   37.500012383.0596   29.0568
    7.5000   30.0000   37.500011818.3447   29.0337
   -7.5000   37.5000   37.500011911.8135   29.0114
    0.0000   37.5000   37.500012341.3145   29.0101
    7.5000   37.5000   37.500011760.8652   29.0061
   -7.5000   45.0000   37.500011167.5762   28.3265
    0.0000   45.0000   37.500011548.6240   28.3382
    7.5000   45.0000   37.500010990.4570   28.3597
   -7.5000  -45.0000   45.0000 6420.5581   30.3227
    0.0000  -45.0000   45.0000 6669.9990   30.3447
    7.5000  -45.0000   45.0000 6357.2515   30.3826
   -7.5000  -37.5000   45.0000 7138.3003   29.6640
    0.0000  -37.5000   45.0000 7451.6235   29.7087
    7.5000  -37.5000   45.0000 7089.5566   29.7577
   -7.5000  -30.0000   45.0000 8162.2734   29.3827
    0.0000  -30.0000   45.0000 8512.9482   29.4357
    7.5000  -30.0000   45.0000 8103.1704   29.4638
   -7.5000  -22.5000   45.0000 9216.3574   29.3183
    0.0000  -22.5000   45.0000 9581.7471   29.3593
    7.5000  -22.5000   45.0000 9121.1641   29.3559
   -7.5000  -15.0000   45.000010202.3721   29.2956
    0.0000  -15.0000   45.000010615.1895   29.3151
    7.5000  -15.0000   45.000010116.0459   29.2993
   -7.5000   -7.5000   45.000011165.6133   29.2555
    0.0000   -7.5000   45.000011606.3760   29.2655
    7.5000   -7.5000   45.000011049.9570   29.2687
   -7.5000    0.0000   45.000012001.7119   29.2335
    0.0000    0.0000   45.000012424.4990   29.2554
    7.5000    0.0000   45.000011854.6982   29.2898
   -7.5000    7.5000   45.000011874.7686   29.2579
    0.0000    7.5000   45.000012268.3887   29.3014
    7.5000    7.5000   45.000011735.7305   29.3482
   -7.5000   15.0000   45.000011671.1094   29.3015
    0.0000   15.0000   45.000012061.2148   29.3545
    7.5000   15.0000   45.000011563.8887   29.3825
   -7.5000   22.5000   45.000011371.0703   29.3035
    0.0000   22.5000   45.000011782.3760   29.3445
    7.5000   22.5000   45.000011273.4004   29.3411
   -7.5000   30.0000   45.000010992.7041   28.9139
    0.0000   30.0000   45.000011386.6182   28.9332
    7.5000   30.0000   45.000010896.4971   28.9176
   -7.5000   37.5000   45.000011006.1162   28.8744
    0.0000   37.5000   45.000011397.4238   28.8842
    7.5000   37.5000   45.000010884.6729   28.8874
   -7.5000   45.0000   45.000010329.6387   28.1905
    0.0000   45.0000   45.000010687.3115   28.2116
    7.5000   45.0000   45.000010179.4248   28.2448

---------------------------------------------------------------------
imgreg_4dfp /opt/freesurfer/average/711-2C_as_mni_average_305 /opt/freesurfer/average/711-2B_as_mni_average_305_mask talsrcimg_g11 none talsrcimg_to_711-2C_as_mni_average_305_t4 4355
---------------------------------------------------------------------

freesurfer imgreg_4dfp.c
/opt/freesurfer/average/711-2C_as_mni_average_305.4dfp.img
       256       256       256         1
  1.000000  1.000000  1.000000
orientation T byte_order littleendian
Reading image: /opt/freesurfer/average/711-2C_as_mni_average_305.4dfp.img
dimensions:      256       256       256
mmppix:       1.0000   -1.0000   -1.0000
center:     128.0000 -129.0000 -129.0000
/opt/freesurfer/average/711-2B_as_mni_average_305_mask.4dfp.img
       256       256       256         1
  1.000000  1.000000  1.000000
orientation T byte_order littleendian
Reading mask: /opt/freesurfer/average/711-2B_as_mni_average_305_mask.4dfp.img (2306576 pixels)
talsrcimg_g11.4dfp.img
       256       256       256         1
  1.000000  1.000000  1.000000
orientation T byte_order littleendian
Reading image: talsrcimg_g11.4dfp.img
dimensions:      256       256       256
mmppix:       1.0000   -1.0000   -1.0000
center:     128.0000 -129.0000 -129.0000
rotation matrix determinant  1.000000
image alignment mode   4355 decimal     1103 hex
   -7.5000  -45.0000  -45.0000 1461.1880   55.3987
    0.0000  -45.0000  -45.0000 1446.3176   55.8130
    7.5000  -45.0000  -45.0000 1426.0438   56.8245
   -7.5000  -37.5000  -45.0000 1584.6931   47.2429
    0.0000  -37.5000  -45.0000 1573.3757   47.4611
    7.5000  -37.5000  -45.0000 1565.9860   48.3003
   -7.5000  -30.0000  -45.0000 1698.6682   41.2566
    0.0000  -30.0000  -45.0000 1692.5994   41.3181
    7.5000  -30.0000  -45.0000 1687.7723   41.9476
   -7.5000  -22.5000  -45.0000 1808.5367   36.5014
    0.0000  -22.5000  -45.0000 1805.2654   36.6478
    7.5000  -22.5000  -45.0000 1792.9789   37.2054
   -7.5000  -15.0000  -45.0000 1907.3329   32.8634
    0.0000  -15.0000  -45.0000 1901.3378   33.1179
    7.5000  -15.0000  -45.0000 1882.8351   33.6644
   -7.5000   -7.5000  -45.0000 1998.4509   30.2879
    0.0000   -7.5000  -45.0000 1990.4150   30.4605
    7.5000   -7.5000  -45.0000 1963.8389   31.0103
   -7.5000    0.0000  -45.0000 2064.0166   28.4867
    0.0000    0.0000  -45.0000 2052.9238   28.6516
    7.5000    0.0000  -45.0000 2021.5897   29.1705
   -7.5000    7.5000  -45.0000 2108.1289   27.2303
    0.0000    7.5000  -45.0000 2088.9910   27.3563
    7.5000    7.5000  -45.0000 2061.6780   27.9944
   -7.5000   15.0000  -45.0000 2117.3098   26.5500
    0.0000   15.0000  -45.0000 2105.4126   26.6273
    7.5000   15.0000  -45.0000 2079.0720   27.1539
   -7.5000   22.5000  -45.0000 2111.2664   26.1518
    0.0000   22.5000  -45.0000 2102.7346   26.3459
    7.5000   22.5000  -45.0000 2079.0232   26.9478
   -7.5000   30.0000  -45.0000 2093.4387   26.4419
    0.0000   30.0000  -45.0000 2088.7129   26.6735
    7.5000   30.0000  -45.0000 2058.8887   27.2806
   -7.5000   37.5000  -45.0000 2061.8665   27.3033
    0.0000   37.5000  -45.0000 2057.8308   27.4832
    7.5000   37.5000  -45.0000 2025.5056   28.2056
   -7.5000   45.0000  -45.0000 2011.9980   28.9032
    0.0000   45.0000  -45.0000 2001.7454   29.1027
    7.5000   45.0000  -45.0000 1971.8160   29.9266
   -7.5000  -45.0000  -37.5000 1530.5049   50.0889
    0.0000  -45.0000  -37.5000 1514.3402   50.5880
    7.5000  -45.0000  -37.5000 1494.4465   51.4081
   -7.5000  -37.5000  -37.5000 1658.8582   42.5341
    0.0000  -37.5000  -37.5000 1655.9000   42.9248
    7.5000  -37.5000  -37.5000 1636.9894   43.7662
   -7.5000  -30.0000  -37.5000 1785.4375   37.1112
    0.0000  -30.0000  -37.5000 1780.4950   37.3719
    7.5000  -30.0000  -37.5000 1762.7360   38.0606
   -7.5000  -22.5000  -37.5000 1905.4431   32.9500
    0.0000  -22.5000  -37.5000 1899.9845   33.1976
    7.5000  -22.5000  -37.5000 1879.3093   33.7033
   -7.5000  -15.0000  -37.5000 2008.0341   29.8615
    0.0000  -15.0000  -37.5000 2000.6118   30.0261
    7.5000  -15.0000  -37.5000 1971.4618   30.4672
   -7.5000   -7.5000  -37.5000 2101.6096   27.5137
    0.0000   -7.5000  -37.5000 2096.2300   27.6431
    7.5000   -7.5000  -37.5000 2058.2229   28.1290
   -7.5000    0.0000  -37.5000 2156.0701   25.8244
    0.0000    0.0000  -37.5000 2154.2258   25.9240
    7.5000    0.0000  -37.5000 2119.5117   26.4808
   -7.5000    7.5000  -37.5000 2199.8596   24.6444
    0.0000    7.5000  -37.5000 2199.6431   24.7511
    7.5000    7.5000  -37.5000 2162.7253   25.2686
   -7.5000   15.0000  -37.5000 2222.4900   23.9885
    0.0000   15.0000  -37.5000 2216.0063   24.1407
    7.5000   15.0000  -37.5000 2183.0142   24.6996
   -7.5000   22.5000  -37.5000 2218.2080   23.7239
    0.0000   22.5000  -37.5000 2217.0046   23.8845
    7.5000   22.5000  -37.5000 2184.1357   24.4081
   -7.5000   30.0000  -37.5000 2201.3303   24.0017
    0.0000   30.0000  -37.5000 2201.5266   24.2017
    7.5000   30.0000  -37.5000 2162.6548   24.6987
   -7.5000   37.5000  -37.5000 2171.7058   24.7336
    0.0000   37.5000  -37.5000 2166.7097   24.9112
    7.5000   37.5000  -37.5000 2133.1855   25.5723
   -7.5000   45.0000  -37.5000 2120.5544   26.1782
    0.0000   45.0000  -37.5000 2117.9155   26.3472
    7.5000   45.0000  -37.5000 2085.6382   27.1265
   -7.5000  -45.0000  -30.0000 1617.0167   47.0578
    0.0000  -45.0000  -30.0000 1616.6707   47.5642
    7.5000  -45.0000  -30.0000 1594.8031   48.5603
   -7.5000  -37.5000  -30.0000 1755.7047   39.9745
    0.0000  -37.5000  -30.0000 1754.3306   40.2946
    7.5000  -37.5000  -30.0000 1743.6951   41.2890
   -7.5000  -30.0000  -30.0000 1886.0892   34.7860
    0.0000  -30.0000  -30.0000 1888.9412   35.0821
    7.5000  -30.0000  -30.0000 1876.3656   35.9270
   -7.5000  -22.5000  -30.0000 2026.4178   30.9665
    0.0000  -22.5000  -30.0000 2017.9785   31.1779
    7.5000  -22.5000  -30.0000 1992.2639   31.7500
   -7.5000  -15.0000  -30.0000 2138.6548   28.0310
    0.0000  -15.0000  -30.0000 2124.8506   28.1680
    7.5000  -15.0000  -30.0000 2089.9424   28.6231
   -7.5000   -7.5000  -30.0000 2241.2019   25.8578
    0.0000   -7.5000  -30.0000 2223.1436   26.0106
    7.5000   -7.5000  -30.0000 2184.3706   26.4524
   -7.5000    0.0000  -30.0000 2299.0159   24.3124
    0.0000    0.0000  -30.0000 2291.0688   24.4648
    7.5000    0.0000  -30.0000 2254.7495   24.9639
   -7.5000    7.5000  -30.0000 2348.8313   23.2218
    0.0000    7.5000  -30.0000 2340.5969   23.3513
    7.5000    7.5000  -30.0000 2306.2695   23.8768
   -7.5000   15.0000  -30.0000 2380.4858   22.6329
    0.0000   15.0000  -30.0000 2366.9231   22.7367
    7.5000   15.0000  -30.0000 2336.5784   23.3092
   -7.5000   22.5000  -30.0000 2380.5864   22.3992
    0.0000   22.5000  -30.0000 2376.3774   22.5297
    7.5000   22.5000  -30.0000 2344.1489   23.0218
   -7.5000   30.0000  -30.0000 2358.8955   22.7224
    0.0000   30.0000  -30.0000 2359.5430   22.8419
    7.5000   30.0000  -30.0000 2326.5254   23.3332
   -7.5000   37.5000  -30.0000 2329.1719   23.4108
    0.0000   37.5000  -30.0000 2323.2129   23.5450
    7.5000   37.5000  -30.0000 2288.8782   24.1295
   -7.5000   45.0000  -30.0000 2265.7395   24.7447
    0.0000   45.0000  -30.0000 2261.3142   24.9074
    7.5000   45.0000  -30.0000 2227.4189   25.5954
   -7.5000  -45.0000  -22.5000 1696.2267   44.1760
    0.0000  -45.0000  -22.5000 1686.4989   44.4485
    7.5000  -45.0000  -22.5000 1674.8746   45.5618
   -7.5000  -37.5000  -22.5000 1843.4771   37.7178
    0.0000  -37.5000  -22.5000 1842.1263   38.0321
    7.5000  -37.5000  -22.5000 1826.8939   38.8780
   -7.5000  -30.0000  -22.5000 1984.2250   32.9247
    0.0000  -30.0000  -22.5000 1980.5601   33.1579
    7.5000  -30.0000  -22.5000 1957.3503   33.8462
   -7.5000  -22.5000  -22.5000 2122.5220   29.2808
    0.0000  -22.5000  -22.5000 2115.9761   29.3531
    7.5000  -22.5000  -22.5000 2080.7798   29.8314
   -7.5000  -15.0000  -22.5000 2244.4897   26.3434
    0.0000  -15.0000  -22.5000 2232.0913   26.4296
    7.5000  -15.0000  -22.5000 2192.3108   26.7811
   -7.5000   -7.5000  -22.5000 2355.1851   24.1722
    0.0000   -7.5000  -22.5000 2339.1423   24.3114
    7.5000   -7.5000  -22.5000 2299.2458   24.7417
   -7.5000    0.0000  -22.5000 2423.6047   22.7899
    0.0000    0.0000  -22.5000 2412.8823   22.9177
    7.5000    0.0000  -22.5000 2382.2244   23.3781
   -7.5000    7.5000  -22.5000 2472.3584   21.8344
    0.0000    7.5000  -22.5000 2468.3022   21.9460
    7.5000    7.5000  -22.5000 2440.7378   22.4325
   -7.5000   15.0000  -22.5000 2512.7551   21.3073
    0.0000   15.0000  -22.5000 2502.2349   21.3957
    7.5000   15.0000  -22.5000 2475.0005   21.8679
   -7.5000   22.5000  -22.5000 2519.7825   21.0526
    0.0000   22.5000  -22.5000 2515.1897   21.1599
    7.5000   22.5000  -22.5000 2482.5215   21.6010
   -7.5000   30.0000  -22.5000 2503.1841   21.3703
    0.0000   30.0000  -22.5000 2501.9929   21.4632
    7.5000   30.0000  -22.5000 2462.3831   21.9209
   -7.5000   37.5000  -22.5000 2470.5933   22.1616
    0.0000   37.5000  -22.5000 2462.4280   22.2120
    7.5000   37.5000  -22.5000 2420.9172   22.7130
   -7.5000   45.0000  -22.5000 2397.1924   23.4577
    0.0000   45.0000  -22.5000 2385.4390   23.5382
    7.5000   45.0000  -22.5000 2349.6882   24.0889
   -7.5000  -45.0000  -15.0000 1742.0132   41.7998
    0.0000  -45.0000  -15.0000 1738.5746   42.0337
    7.5000  -45.0000  -15.0000 1726.0131   43.3106
   -7.5000  -37.5000  -15.0000 1895.0110   35.6568
    0.0000  -37.5000  -15.0000 1895.0200   36.0894
    7.5000  -37.5000  -15.0000 1883.9797   36.9245
   -7.5000  -30.0000  -15.0000 2043.4951   31.1673
    0.0000  -30.0000  -15.0000 2041.2411   31.3744
    7.5000  -30.0000  -15.0000 2020.4065   31.9551
   -7.5000  -22.5000  -15.0000 2186.0049   27.5794
    0.0000  -22.5000  -15.0000 2182.5564   27.7215
    7.5000  -22.5000  -15.0000 2148.5137   28.0673
   -7.5000  -15.0000  -15.0000 2311.9792   24.7907
    0.0000  -15.0000  -15.0000 2309.0447   24.9450
    7.5000  -15.0000  -15.0000 2276.2664   25.2651
   -7.5000   -7.5000  -15.0000 2428.4910   22.7227
    0.0000   -7.5000  -15.0000 2424.8240   22.8352
    7.5000   -7.5000  -15.0000 2395.4651   23.1919
   -7.5000    0.0000  -15.0000 2521.7129   21.3475
    0.0000    0.0000  -15.0000 2511.7769   21.4255
    7.5000    0.0000  -15.0000 2483.0947   21.8291
   -7.5000    7.5000  -15.0000 2576.1863   20.5853
    0.0000    7.5000  -15.0000 2579.3086   20.6331
    7.5000    7.5000  -15.0000 2548.7292   20.9820
   -7.5000   15.0000  -15.0000 2614.8120   20.0527
    0.0000   15.0000  -15.0000 2614.5042   20.1435
    7.5000   15.0000  -15.0000 2590.8879   20.5201
   -7.5000   22.5000  -15.0000 2625.0310   19.8133
    0.0000   22.5000  -15.0000 2625.2781   19.8974
    7.5000   22.5000  -15.0000 2598.9175   20.2917
   -7.5000   30.0000  -15.0000 2614.0493   20.1458
    0.0000   30.0000  -15.0000 2609.1721   20.1615
    7.5000   30.0000  -15.0000 2572.3953   20.5856
   -7.5000   37.5000  -15.0000 2575.5654   20.8686
    0.0000   37.5000  -15.0000 2567.9629   20.9137
    7.5000   37.5000  -15.0000 2525.8455   21.3723
   -7.5000   45.0000  -15.0000 2494.0820   22.2130
    0.0000   45.0000  -15.0000 2488.7307   22.2665
    7.5000   45.0000  -15.0000 2448.4690   22.7614
   -7.5000  -45.0000   -7.5000 1769.7845   39.5510
    0.0000  -45.0000   -7.5000 1772.4658   39.9975
    7.5000  -45.0000   -7.5000 1759.1533   41.2468
   -7.5000  -37.5000   -7.5000 1933.2343   33.6857
    0.0000  -37.5000   -7.5000 1937.7074   34.1138
    7.5000  -37.5000   -7.5000 1927.2151   35.1035
   -7.5000  -30.0000   -7.5000 2086.5137   29.3611
    0.0000  -30.0000   -7.5000 2090.1138   29.6510
    7.5000  -30.0000   -7.5000 2076.2415   30.3639
   -7.5000  -22.5000   -7.5000 2232.1101   25.9972
    0.0000  -22.5000   -7.5000 2235.6670   26.1956
    7.5000  -22.5000   -7.5000 2213.0508   26.7002
   -7.5000  -15.0000   -7.5000 2361.9404   23.2958
    0.0000  -15.0000   -7.5000 2365.0725   23.5306
    7.5000  -15.0000   -7.5000 2345.1960   23.9456
   -7.5000   -7.5000   -7.5000 2488.0376   21.3407
    0.0000   -7.5000   -7.5000 2490.7224   21.5221
    7.5000   -7.5000   -7.5000 2466.4482   21.8899
   -7.5000    0.0000   -7.5000 2594.7253   20.0082
    0.0000    0.0000   -7.5000 2597.8159   20.1204
    7.5000    0.0000   -7.5000 2565.6296   20.4896
   -7.5000    7.5000   -7.5000 2670.5486   19.3331
    0.0000    7.5000   -7.5000 2678.7739   19.3668
    7.5000    7.5000   -7.5000 2647.0996   19.7000
   -7.5000   15.0000   -7.5000 2714.2578   18.8715
    0.0000   15.0000   -7.5000 2713.1663   18.9700
    7.5000   15.0000   -7.5000 2684.9517   19.3109
   -7.5000   22.5000   -7.5000 2725.3499   18.6896
    0.0000   22.5000   -7.5000 2726.5220   18.7754
    7.5000   22.5000   -7.5000 2694.8562   19.1548
   -7.5000   30.0000   -7.5000 2711.8779   18.9615
    0.0000   30.0000   -7.5000 2705.3726   19.0312
    7.5000   30.0000   -7.5000 2667.4814   19.4469
   -7.5000   37.5000   -7.5000 2662.5698   19.6926
    0.0000   37.5000   -7.5000 2661.3188   19.7581
    7.5000   37.5000   -7.5000 2621.7424   20.2085
   -7.5000   45.0000   -7.5000 2567.7949   21.0368
    0.0000   45.0000   -7.5000 2569.7615   21.1050
    7.5000   45.0000   -7.5000 2529.7729   21.5841
   -7.5000  -45.0000    0.0000 1784.7836   37.8475
    0.0000  -45.0000    0.0000 1792.6270   38.3502
    7.5000  -45.0000    0.0000 1784.3167   39.6706
   -7.5000  -37.5000    0.0000 1960.8723   32.2083
    0.0000  -37.5000    0.0000 1964.4078   32.6144
    7.5000  -37.5000    0.0000 1956.3094   33.5573
   -7.5000  -30.0000    0.0000 2116.5576   27.9287
    0.0000  -30.0000    0.0000 2121.2786   28.2064
    7.5000  -30.0000    0.0000 2112.9778   29.1043
   -7.5000  -22.5000    0.0000 2269.8652   24.6715
    0.0000  -22.5000    0.0000 2271.8911   24.8926
    7.5000  -22.5000    0.0000 2263.3850   25.6331
   -7.5000  -15.0000    0.0000 2401.9365   22.1359
    0.0000  -15.0000    0.0000 2409.8987   22.3634
    7.5000  -15.0000    0.0000 2397.0747   23.0404
   -7.5000   -7.5000    0.0000 2529.4980   20.2332
    0.0000   -7.5000    0.0000 2539.4785   20.4051
    7.5000   -7.5000    0.0000 2517.4900   20.9752
   -7.5000    0.0000    0.0000 2645.0686   18.9217
    0.0000    0.0000    0.0000 2657.3044   19.1085
    7.5000    0.0000    0.0000 2626.8669   19.5898
   -7.5000    7.5000    0.0000 2736.2800   18.2379
    0.0000    7.5000    0.0000 2753.5752   18.3398
    7.5000    7.5000    0.0000 2721.2793   18.7521
   -7.5000   15.0000    0.0000 2793.2207   17.7579
    0.0000   15.0000    0.0000 2805.2605   17.9255
    7.5000   15.0000    0.0000 2767.3379   18.3596
   -7.5000   22.5000    0.0000 2816.8699   17.7067
    0.0000   22.5000    0.0000 2819.5967   17.8662
    7.5000   22.5000    0.0000 2774.4500   18.2893
   -7.5000   30.0000    0.0000 2796.0525   18.0806
    0.0000   30.0000    0.0000 2790.4956   18.1561
    7.5000   30.0000    0.0000 2751.4590   18.5954
   -7.5000   37.5000    0.0000 2728.7375   18.8354
    0.0000   37.5000    0.0000 2735.8142   18.9011
    7.5000   37.5000    0.0000 2694.4766   19.3730
   -7.5000   45.0000    0.0000 2631.8105   20.1287
    0.0000   45.0000    0.0000 2638.6067   20.2395
    7.5000   45.0000    0.0000 2594.1133   20.7616
   -7.5000  -45.0000    7.5000 1796.9946   36.8047
    0.0000  -45.0000    7.5000 1796.3630   37.0581
    7.5000  -45.0000    7.5000 1794.2220   38.4907
   -7.5000  -37.5000    7.5000 1978.3425   31.1780
    0.0000  -37.5000    7.5000 1978.1671   31.4251
    7.5000  -37.5000    7.5000 1970.0049   32.5749
   -7.5000  -30.0000    7.5000 2135.0847   27.0239
    0.0000  -30.0000    7.5000 2136.1807   27.2286
    7.5000  -30.0000    7.5000 2125.8789   28.2049
   -7.5000  -22.5000    7.5000 2293.8513   23.8047
    0.0000  -22.5000    7.5000 2293.4900   23.9420
    7.5000  -22.5000    7.5000 2285.5564   24.8805
   -7.5000  -15.0000    7.5000 2436.4387   21.3252
    0.0000  -15.0000    7.5000 2436.8660   21.4596
    7.5000  -15.0000    7.5000 2430.0444   22.2564
   -7.5000   -7.5000    7.5000 2569.0750   19.4800
    0.0000   -7.5000    7.5000 2573.2410   19.5920
    7.5000   -7.5000    7.5000 2559.9158   20.2393
   -7.5000    0.0000    7.5000 2681.1230   18.1952
    0.0000    0.0000    7.5000 2695.1624   18.3718
    7.5000    0.0000    7.5000 2670.1824   18.8867
   -7.5000    7.5000    7.5000 2782.2395   17.4775
    0.0000    7.5000    7.5000 2797.2788   17.6346
    7.5000    7.5000    7.5000 2770.6892   18.0140
   -7.5000   15.0000    7.5000 2850.3284   16.8703
    0.0000   15.0000    7.5000 2865.9470   17.1317
    7.5000   15.0000    7.5000 2830.9446   17.5558
   -7.5000   22.5000    7.5000 2883.1360   17.0084
    0.0000   22.5000    7.5000 2882.2756   17.1518
    7.5000   22.5000    7.5000 2835.0918   17.5852
   -7.5000   30.0000    7.5000 2855.7571   17.5251
    0.0000   30.0000    7.5000 2855.0823   17.5964
    7.5000   30.0000    7.5000 2804.5444   18.0248
   -7.5000   37.5000    7.5000 2784.8391   18.3325
    0.0000   37.5000    7.5000 2789.4778   18.4106
    7.5000   37.5000    7.5000 2738.2195   18.8869
   -7.5000   45.0000    7.5000 2669.4863   19.5501
    0.0000   45.0000    7.5000 2675.0266   19.6849
    7.5000   45.0000    7.5000 2632.5134   20.2142
   -7.5000  -45.0000   15.0000 1792.7257   36.5012
    0.0000  -45.0000   15.0000 1797.0955   36.7286
    7.5000  -45.0000   15.0000 1798.3706   38.1064
   -7.5000  -37.5000   15.0000 1981.0109   30.9760
    0.0000  -37.5000   15.0000 1977.4092   31.0150
    7.5000  -37.5000   15.0000 1971.2155   32.1587
   -7.5000  -30.0000   15.0000 2137.9275   26.7713
    0.0000  -30.0000   15.0000 2141.4363   26.7067
    7.5000  -30.0000   15.0000 2131.5144   27.7281
   -7.5000  -22.5000   15.0000 2301.8850   23.5919
    0.0000  -22.5000   15.0000 2302.4658   23.5211
    7.5000  -22.5000   15.0000 2291.3110   24.4180
   -7.5000  -15.0000   15.0000 2444.1331   21.0740
    0.0000  -15.0000   15.0000 2445.3289   21.0799
    7.5000  -15.0000   15.0000 2438.7271   21.8277
   -7.5000   -7.5000   15.0000 2580.8501   19.2230
    0.0000   -7.5000   15.0000 2584.0098   19.2732
    7.5000   -7.5000   15.0000 2571.6526   19.9332
   -7.5000    0.0000   15.0000 2695.2969   17.8774
    0.0000    0.0000   15.0000 2705.5637   17.9881
    7.5000    0.0000   15.0000 2683.3445   18.5431
   -7.5000    7.5000   15.0000 2794.6409   17.0574
    0.0000    7.5000   15.0000 2808.3865   17.0572
    7.5000    7.5000   15.0000 2779.4233   17.5054
   -7.5000   15.0000   15.0000 2863.8313   16.4479
    0.0000   15.0000   15.0000 2874.6680   16.5198
    7.5000   15.0000   15.0000 2832.4771   17.0625
   -7.5000   22.5000   15.0000 2907.0938   16.6518
    0.0000   22.5000   15.0000 2901.0308   16.7169
    7.5000   22.5000   15.0000 2849.1350   17.2333
   -7.5000   30.0000   15.0000 2885.4751   17.3629
    0.0000   30.0000   15.0000 2875.0325   17.3503
    7.5000   30.0000   15.0000 2824.8584   17.7615
   -7.5000   37.5000   15.0000 2813.3386   18.2758
    0.0000   37.5000   15.0000 2804.6868   18.2364
    7.5000   37.5000   15.0000 2756.0664   18.6128
   -7.5000   45.0000   15.0000 2683.7185   19.4835
    0.0000   45.0000   15.0000 2684.1892   19.4481
    7.5000   45.0000   15.0000 2642.7136   19.9048
   -7.5000  -45.0000   22.5000 1792.3556   36.5370
    0.0000  -45.0000   22.5000 1797.4819   36.5911
    7.5000  -45.0000   22.5000 1799.3075   37.7992
   -7.5000  -37.5000   22.5000 1973.1334   31.1315
    0.0000  -37.5000   22.5000 1975.5159   31.0928
    7.5000  -37.5000   22.5000 1969.7682   32.0133
   -7.5000  -30.0000   22.5000 2140.5249   27.0153
    0.0000  -30.0000   22.5000 2147.5452   27.0380
    7.5000  -30.0000   22.5000 2134.1575   27.7961
   -7.5000  -22.5000   22.5000 2299.8701   23.7406
    0.0000  -22.5000   22.5000 2307.7708   23.8292
    7.5000  -22.5000   22.5000 2296.3035   24.5115
   -7.5000  -15.0000   22.5000 2444.9026   21.2749
    0.0000  -15.0000   22.5000 2453.8918   21.3018
    7.5000  -15.0000   22.5000 2444.6492   21.9211
   -7.5000   -7.5000   22.5000 2582.6338   19.3744
    0.0000   -7.5000   22.5000 2595.4980   19.4029
    7.5000   -7.5000   22.5000 2584.6392   20.0295
   -7.5000    0.0000   22.5000 2697.7029   18.0979
    0.0000    0.0000   22.5000 2712.1560   18.0988
    7.5000    0.0000   22.5000 2694.5037   18.6142
   -7.5000    7.5000   22.5000 2797.4495   17.2886
    0.0000    7.5000   22.5000 2804.3965   17.1909
    7.5000    7.5000   22.5000 2780.1484   17.6585
   -7.5000   15.0000   22.5000 2862.1021   16.9160
    0.0000   15.0000   22.5000 2866.1448   16.8688
    7.5000   15.0000   22.5000 2833.9841   17.2787
   -7.5000   22.5000   22.5000 2898.3245   16.9475
    0.0000   22.5000   22.5000 2895.6233   16.9201
    7.5000   22.5000   22.5000 2850.0405   17.3312
   -7.5000   30.0000   22.5000 2876.6313   17.4782
    0.0000   30.0000   22.5000 2866.0154   17.4215
    7.5000   30.0000   22.5000 2824.6353   17.7775
   -7.5000   37.5000   22.5000 2802.7737   18.3581
    0.0000   37.5000   22.5000 2795.1606   18.3394
    7.5000   37.5000   22.5000 2751.4980   18.6446
   -7.5000   45.0000   22.5000 2676.8032   19.5246
    0.0000   45.0000   22.5000 2678.0347   19.5586
    7.5000   45.0000   22.5000 2638.9595   19.8951
   -7.5000  -45.0000   30.0000 1788.3551   37.2125
    0.0000  -45.0000   30.0000 1792.0632   37.1263
    7.5000  -45.0000   30.0000 1784.1545   38.1641
   -7.5000  -37.5000   30.0000 1962.3721   31.7272
    0.0000  -37.5000   30.0000 1974.0148   31.7047
    7.5000  -37.5000   30.0000 1960.0001   32.4741
   -7.5000  -30.0000   30.0000 2123.8862   27.5875
    0.0000  -30.0000   30.0000 2144.2522   27.6050
    7.5000  -30.0000   30.0000 2133.5420   28.1796
   -7.5000  -22.5000   30.0000 2285.8755   24.3071
    0.0000  -22.5000   30.0000 2296.0713   24.3355
    7.5000  -22.5000   30.0000 2291.3594   24.9233
   -7.5000  -15.0000   30.0000 2430.2874   21.7715
    0.0000  -15.0000   30.0000 2442.1453   21.7911
    7.5000  -15.0000   30.0000 2434.2119   22.3294
   -7.5000   -7.5000   30.0000 2565.0378   19.9618
    0.0000   -7.5000   30.0000 2579.5774   19.9529
    7.5000   -7.5000   30.0000 2567.4541   20.4496
   -7.5000    0.0000   30.0000 2675.2212   18.7118
    0.0000    0.0000   30.0000 2683.8071   18.6233
    7.5000    0.0000   30.0000 2669.5491   19.0560
   -7.5000    7.5000   30.0000 2770.7578   17.8841
    0.0000    7.5000   30.0000 2776.9282   17.7892
    7.5000    7.5000   30.0000 2755.5745   18.2350
   -7.5000   15.0000   30.0000 2823.2056   17.5418
    0.0000   15.0000   30.0000 2833.6501   17.5122
    7.5000   15.0000   30.0000 2811.8184   17.8884
   -7.5000   22.5000   30.0000 2841.2239   17.5231
    0.0000   22.5000   30.0000 2848.7412   17.5797
    7.5000   22.5000   30.0000 2813.3113   17.8596
   -7.5000   30.0000   30.0000 2813.5652   17.8682
    0.0000   30.0000   30.0000 2817.9485   17.9272
    7.5000   30.0000   30.0000 2780.1326   18.1670
   -7.5000   37.5000   30.0000 2745.3459   18.6687
    0.0000   37.5000   30.0000 2743.0200   18.6868
    7.5000   37.5000   30.0000 2712.6553   18.9759
   -7.5000   45.0000   30.0000 2638.6160   19.7941
    0.0000   45.0000   30.0000 2634.2463   19.8362
    7.5000   45.0000   30.0000 2606.6296   20.2189
   -7.5000  -45.0000   37.5000 1774.9596   38.0434
    0.0000  -45.0000   37.5000 1778.9199   38.0032
    7.5000  -45.0000   37.5000 1768.7079   38.7975
   -7.5000  -37.5000   37.5000 1942.8575   32.6098
    0.0000  -37.5000   37.5000 1959.8198   32.5133
    7.5000  -37.5000   37.5000 1946.3499   33.1204
   -7.5000  -30.0000   37.5000 2103.9744   28.4829
    0.0000  -30.0000   37.5000 2121.0178   28.4893
    7.5000  -30.0000   37.5000 2116.6631   28.9154
   -7.5000  -22.5000   37.5000 2262.2068   25.2073
    0.0000  -22.5000   37.5000 2270.2756   25.2942
    7.5000  -22.5000   37.5000 2267.0615   25.6850
   -7.5000  -15.0000   37.5000 2401.3660   22.6111
    0.0000  -15.0000   37.5000 2413.4373   22.6778
    7.5000  -15.0000   37.5000 2400.1504   23.0560
   -7.5000   -7.5000   37.5000 2526.6589   20.7383
    0.0000   -7.5000   37.5000 2540.0940   20.7272
    7.5000   -7.5000   37.5000 2531.6418   21.1369
   -7.5000    0.0000   37.5000 2631.4626   19.3777
    0.0000    0.0000   37.5000 2642.0017   19.3218
    7.5000    0.0000   37.5000 2626.9009   19.8047
   -7.5000    7.5000   37.5000 2716.7681   18.5599
    0.0000    7.5000   37.5000 2723.3474   18.4891
    7.5000    7.5000   37.5000 2705.1960   19.0212
   -7.5000   15.0000   37.5000 2762.9431   18.1969
    0.0000   15.0000   37.5000 2777.1858   18.1724
    7.5000   15.0000   37.5000 2757.0728   18.6444
   -7.5000   22.5000   37.5000 2768.3728   18.1756
    0.0000   22.5000   37.5000 2787.2185   18.1962
    7.5000   22.5000   37.5000 2759.7156   18.6405
   -7.5000   30.0000   37.5000 2740.1497   18.4742
    0.0000   30.0000   37.5000 2747.7004   18.4980
    7.5000   30.0000   37.5000 2721.5354   18.8838
   -7.5000   37.5000   37.5000 2669.8826   19.1871
    0.0000   37.5000   37.5000 2673.2705   19.1943
    7.5000   37.5000   37.5000 2651.5071   19.5701
   -7.5000   45.0000   37.5000 2573.3281   20.3033
    0.0000   45.0000   37.5000 2573.5254   20.3590
    7.5000   45.0000   37.5000 2550.9946   20.7586
   -7.5000  -45.0000   45.0000 1744.0273   39.3680
    0.0000  -45.0000   45.0000 1753.0034   39.2425
    7.5000  -45.0000   45.0000 1742.6545   39.8666
   -7.5000  -37.5000   45.0000 1914.5591   33.6175
    0.0000  -37.5000   45.0000 1932.8633   33.6349
    7.5000  -37.5000   45.0000 1919.8148   34.0875
   -7.5000  -30.0000   45.0000 2073.4041   29.4409
    0.0000  -30.0000   45.0000 2090.8867   29.5711
    7.5000  -30.0000   45.0000 2085.4868   29.9189
   -7.5000  -22.5000   45.0000 2227.7671   26.1194
    0.0000  -22.5000   45.0000 2236.5454   26.2452
    7.5000  -22.5000   45.0000 2230.7922   26.5797
   -7.5000  -15.0000   45.0000 2359.7058   23.6174
    0.0000  -15.0000   45.0000 2369.2888   23.6484
    7.5000  -15.0000   45.0000 2360.7654   24.0073
   -7.5000   -7.5000   45.0000 2472.4775   21.6618
    0.0000   -7.5000   45.0000 2485.6731   21.6696
    7.5000   -7.5000   45.0000 2476.3931   22.0720
   -7.5000    0.0000   45.0000 2565.9380   20.3047
    0.0000    0.0000   45.0000 2577.0173   20.2430
    7.5000    0.0000   45.0000 2562.5447   20.7239
   -7.5000    7.5000   45.0000 2634.8669   19.4358
    0.0000    7.5000   45.0000 2641.9443   19.4167
    7.5000    7.5000   45.0000 2625.1321   19.9131
   -7.5000   15.0000   45.0000 2679.4785   19.0570
    0.0000   15.0000   45.0000 2687.2371   19.0771
    7.5000   15.0000   45.0000 2675.5063   19.5139
   -7.5000   22.5000   45.0000 2685.6824   18.9615
    0.0000   22.5000   45.0000 2702.8599   19.0024
    7.5000   22.5000   45.0000 2682.2329   19.3822
   -7.5000   30.0000   45.0000 2651.1772   19.2373
    0.0000   30.0000   45.0000 2664.6609   19.2471
    7.5000   30.0000   45.0000 2642.5920   19.5740
   -7.5000   37.5000   45.0000 2586.3638   19.9827
    0.0000   37.5000   45.0000 2595.6235   19.9561
    7.5000   37.5000   45.0000 2571.7888   20.3000
   -7.5000   45.0000   45.0000 2494.1582   21.1056
    0.0000   45.0000   45.0000 2499.1096   21.1095
    7.5000   45.0000   45.0000 2474.5823   21.5413

---------------------------------------------------------------------
imgreg_4dfp /opt/freesurfer/average/711-2C_as_mni_average_305 /opt/freesurfer/average/711-2B_as_mni_average_305_mask talsrcimg_g11 none talsrcimg_to_711-2C_as_mni_average_305_t4 1283
---------------------------------------------------------------------

freesurfer imgreg_4dfp.c
/opt/freesurfer/average/711-2C_as_mni_average_305.4dfp.img
       256       256       256         1
  1.000000  1.000000  1.000000
orientation T byte_order littleendian
Reading image: /opt/freesurfer/average/711-2C_as_mni_average_305.4dfp.img
dimensions:      256       256       256
mmppix:       1.0000   -1.0000   -1.0000
center:     128.0000 -129.0000 -129.0000
/opt/freesurfer/average/711-2B_as_mni_average_305_mask.4dfp.img
       256       256       256         1
  1.000000  1.000000  1.000000
orientation T byte_order littleendian
Reading mask: /opt/freesurfer/average/711-2B_as_mni_average_305_mask.4dfp.img (2306576 pixels)
talsrcimg_g11.4dfp.img
       256       256       256         1
  1.000000  1.000000  1.000000
orientation T byte_order littleendian
Reading image: talsrcimg_g11.4dfp.img
dimensions:      256       256       256
mmppix:       1.0000   -1.0000   -1.0000
center:     128.0000 -129.0000 -129.0000
rotation matrix determinant  1.000000
fimgreg.f
image alignment mode   1283 decimal      503 hex
parameters
   -7.5000   22.5000   15.0000    0.0000    0.0000    0.0000
eta,q 0.91445 16.67101
niter,ni,del,rscale     5    3   12.0000    1.2000
parameter  5  1.239905 ->  0.500000 qaram    1.1500
parameter  6  0.669415 ->  0.500000 qaram    1.1500
parameters
   -4.9806   24.4429   15.1623    2.6547   -3.4500   -3.4500
eta,q 0.92179 16.64655
  0.0989  0.0986  0.0882  0.0924  0.0785  0.0781
  0.0946  0.0953  0.0840  0.0892  0.0790  0.0782
  0.0911  0.0910  0.0828  0.0872  0.0805  0.0785
  0.0873  0.0861  0.0848  0.0846  0.0828  0.0793
  0.0856  0.0848  0.0858  0.0829  0.0847  0.0801
  0.0869  0.0873  0.0845  0.0833  0.0877  0.0820
  0.0890  0.0903  0.0863  0.0856  0.0918  0.0850
niter,ni,del,rscale     6    3   12.0000    1.2000
parameter  5  1.093423 ->  0.500000 qaram    1.3225
parameters
   -2.8929   24.1116   17.0084    3.4929   -7.4175   -3.8604
eta,q 0.92701 16.59837
  0.0921  0.0867  0.0834  0.0851  0.0736  0.0771
  0.0873  0.0844  0.0808  0.0841  0.0728  0.0754
  0.0818  0.0795  0.0796  0.0807  0.0740  0.0738
  0.0782  0.0780  0.0779  0.0774  0.0771  0.0729
  0.0779  0.0804  0.0774  0.0782  0.0807  0.0740
  0.0790  0.0838  0.0780  0.0810  0.0842  0.0765
  0.0814  0.0902  0.0795  0.0829  0.0875  0.0779
niter,ni,del,rscale     6    3   12.0000    1.2000
parameter  5  0.608100 ->  0.500000 qaram    1.5209
parameters
   -1.5794   22.8813   15.9342    5.6466  -11.9801   -1.9952
eta,q 0.93118 16.38101
  0.0892  0.0790  0.0748  0.0796  0.0718  0.0759
  0.0836  0.0775  0.0743  0.0771  0.0692  0.0736
  0.0772  0.0741  0.0737  0.0751  0.0691  0.0708
  0.0730  0.0728  0.0729  0.0732  0.0720  0.0689
  0.0734  0.0768  0.0728  0.0720  0.0769  0.0689
  0.0763  0.0812  0.0744  0.0729  0.0813  0.0698
  0.0803  0.0880  0.0804  0.0746  0.0853  0.0715
niter,ni,del,rscale     6    3   12.0000    1.2000
parameter  4 -0.704465 -> -0.500000 qaram    1.1500
parameters
    0.0074   20.8264   13.8932    9.0966  -12.5345   -2.3972
eta,q 0.94015 16.34116
  0.0872  0.0717  0.0682  0.0767  0.0737  0.0676
  0.0791  0.0695  0.0650  0.0736  0.0675  0.0636
  0.0731  0.0665  0.0649  0.0698  0.0621  0.0607
  0.0688  0.0678  0.0666  0.0649  0.0599  0.0600
  0.0679  0.0734  0.0687  0.0605  0.0626  0.0618
  0.0702  0.0772  0.0687  0.0603  0.0698  0.0654
  0.0750  0.0823  0.0708  0.0640  0.0778  0.0689
niter,ni,del,rscale     6    3   12.0000    1.2000
parameters
   -0.0894   19.9268   14.9479    9.3393  -12.6098   -2.6312
eta,q 0.94085 16.24558
  0.0748  0.0728  0.0719  0.0739  0.0748  0.0684
  0.0675  0.0659  0.0659  0.0691  0.0681  0.0644
  0.0622  0.0593  0.0608  0.0634  0.0619  0.0606
  0.0599  0.0598  0.0586  0.0593  0.0592  0.0592
  0.0630  0.0658  0.0606  0.0612  0.0612  0.0610
  0.0684  0.0733  0.0633  0.0677  0.0679  0.0654
  0.0755  0.0813  0.0642  0.0727  0.0759  0.0696
niter,ni,del,rscale     5    3   12.0000    1.2000
parameters
   -0.2357   19.7240   15.2263    9.5591  -12.6607   -2.6685
eta,q 0.94058 16.21726
  0.0743  0.0767  0.0688  0.0738  0.0751  0.0692
  0.0665  0.0696  0.0632  0.0690  0.0684  0.0654
  0.0612  0.0623  0.0591  0.0633  0.0621  0.0614
  0.0591  0.0591  0.0591  0.0595  0.0594  0.0594
  0.0624  0.0634  0.0621  0.0617  0.0613  0.0608
  0.0681  0.0712  0.0636  0.0679  0.0681  0.0652
  0.0751  0.0790  0.0653  0.0726  0.0761  0.0698
niter,ni,del,rscale     4    3   12.0000    1.2000
parameters
   -0.2256   19.6502   15.3007    9.6545  -12.6771   -2.6721
eta,q 0.94049 16.20949
  0.0752  0.0775  0.0681  0.0735  0.0752  0.0693
  0.0672  0.0704  0.0626  0.0687  0.0686  0.0656
  0.0618  0.0632  0.0589  0.0629  0.0622  0.0615
  0.0594  0.0594  0.0594  0.0595  0.0595  0.0595
  0.0623  0.0632  0.0624  0.0622  0.0613  0.0608
  0.0678  0.0708  0.0636  0.0683  0.0680  0.0652
  0.0745  0.0786  0.0657  0.0729  0.0760  0.0698
niter,ni,del,rscale     3    3   12.0000    1.2000
parameters
   -0.2105   19.6220   15.3264    9.6931  -12.6814   -2.6710
eta,q 0.94046 16.20717
  0.0753  0.0778  0.0679  0.0734  0.0752  0.0693
  0.0672  0.0707  0.0625  0.0685  0.0686  0.0657
  0.0619  0.0634  0.0589  0.0628  0.0622  0.0616
  0.0595  0.0595  0.0595  0.0595  0.0595  0.0595
  0.0623  0.0632  0.0624  0.0625  0.0614  0.0608
  0.0678  0.0706  0.0635  0.0685  0.0680  0.0652
  0.0745  0.0784  0.0659  0.0730  0.0760  0.0699
registration optimization eta report
parameter search radius
    6.0000    6.0000    6.0000    6.9000    9.1253    6.9000
100000*second partial in parameter space
       41.       49.       20.       27.       19.       20.
  0.0753  0.0778  0.0679  0.0734  0.0752  0.0693
  0.0672  0.0707  0.0625  0.0685  0.0686  0.0657
  0.0619  0.0634  0.0589  0.0628  0.0622  0.0616
  0.0595  0.0595  0.0595  0.0595  0.0595  0.0595
  0.0623  0.0632  0.0624  0.0625  0.0614  0.0608
  0.0678  0.0706  0.0635  0.0685  0.0680  0.0652
  0.0745  0.0784  0.0659  0.0730  0.0760  0.0699
   -0.2105   19.6220   15.3264    9.6931  -12.6814   -2.6710
eta,q 0.94046 16.20717

---------------------------------------------------------------------
imgreg_4dfp /opt/freesurfer/average/711-2C_as_mni_average_305 /opt/freesurfer/average/711-2B_as_mni_average_305_mask talsrcimg_g11 none talsrcimg_to_711-2C_as_mni_average_305_t4 3335
---------------------------------------------------------------------

freesurfer imgreg_4dfp.c
/opt/freesurfer/average/711-2C_as_mni_average_305.4dfp.img
       256       256       256         1
  1.000000  1.000000  1.000000
orientation T byte_order littleendian
Reading image: /opt/freesurfer/average/711-2C_as_mni_average_305.4dfp.img
dimensions:      256       256       256
mmppix:       1.0000   -1.0000   -1.0000
center:     128.0000 -129.0000 -129.0000
/opt/freesurfer/average/711-2B_as_mni_average_305_mask.4dfp.img
       256       256       256         1
  1.000000  1.000000  1.000000
orientation T byte_order littleendian
Reading mask: /opt/freesurfer/average/711-2B_as_mni_average_305_mask.4dfp.img (2306576 pixels)
talsrcimg_g11.4dfp.img
       256       256       256         1
  1.000000  1.000000  1.000000
orientation T byte_order littleendian
Reading image: talsrcimg_g11.4dfp.img
dimensions:      256       256       256
mmppix:       1.0000   -1.0000   -1.0000
center:     128.0000 -129.0000 -129.0000
fimgreg.f
image alignment mode   3335 decimal      D07 hex
parameters
   -0.2105   19.6220   15.3264   -2.5454   -1.7070   -3.8322
    8.2858   20.8314   -4.5465  -17.8271  -21.9529   16.4263
eta,q 0.93841 16.34632
niter,ni,del,rscale     5    3    5.0000    1.2000
parameter  4  1.310870 ->  0.500000 qaram    1.1500
parameter  5  1.531065 ->  0.500000 qaram    1.1500
parameter  6  2.961414 ->  0.500000 qaram    1.1500
parameter 11 -0.511335 -> -0.500000 qaram    1.1500
parameters
    0.7124   19.0999   15.1013   -6.6854   -5.8470   -7.9722
    7.9034   19.7076   -5.5622  -15.9622  -17.8129   13.7532
eta,q 0.95706 15.56619
  0.0662  0.0627  0.0617  0.0559  0.0498  0.0411  0.0458  0.0472  0.0456  0.0507  0.0474  0.0436
  0.0643  0.0615  0.0613  0.0570  0.0517  0.0428  0.0447  0.0452  0.0445  0.0476  0.0458  0.0431
  0.0627  0.0609  0.0611  0.0586  0.0542  0.0473  0.0440  0.0441  0.0439  0.0451  0.0446  0.0429
  0.0616  0.0611  0.0609  0.0609  0.0574  0.0523  0.0438  0.0438  0.0438  0.0438  0.0437  0.0431
  0.0611  0.0618  0.0610  0.0641  0.0612  0.0571  0.0441  0.0448  0.0444  0.0437  0.0431  0.0437
  0.0614  0.0631  0.0614  0.0680  0.0662  0.0626  0.0450  0.0471  0.0455  0.0446  0.0432  0.0448
  0.0623  0.0649  0.0622  0.0724  0.0720  0.0677  0.0464  0.0506  0.0470  0.0459  0.0437  0.0463
niter,ni,del,rscale     7    3    5.0000    1.2000
parameter  4  0.594437 ->  0.500000 qaram    1.3225
parameter  5  1.470814 ->  0.500000 qaram    1.3225
parameter  6  0.758701 ->  0.500000 qaram    1.3225
parameters
    0.2519   18.7198   14.0775  -11.4464  -10.6080  -12.7332
    7.7545   19.9218   -6.2707  -16.9086  -19.5013   13.1261
eta,q 0.96501 14.86972
  0.0447  0.0445  0.0433  0.0413  0.0356  0.0350  0.0372  0.0386  0.0366  0.0378  0.0358  0.0360
  0.0434  0.0433  0.0424  0.0411  0.0372  0.0352  0.0361  0.0368  0.0357  0.0361  0.0353  0.0354
  0.0429  0.0428  0.0422  0.0414  0.0389  0.0356  0.0354  0.0357  0.0353  0.0351  0.0350  0.0351
  0.0429  0.0428  0.0427  0.0422  0.0412  0.0376  0.0352  0.0352  0.0352  0.0352  0.0351  0.0350
  0.0437  0.0434  0.0440  0.0436  0.0437  0.0423  0.0355  0.0355  0.0355  0.0361  0.0354  0.0352
  0.0450  0.0444  0.0458  0.0459  0.0473  0.0483  0.0362  0.0364  0.0362  0.0375  0.0360  0.0357
  0.0469  0.0459  0.0479  0.0494  0.0519  0.0535  0.0374  0.0383  0.0373  0.0392  0.0368  0.0365
niter,ni,del,rscale     7    3    5.0000    1.2000
parameter  5  1.029588 ->  0.500000 qaram    1.5209
parameters
    0.6801   18.1264   13.3032  -11.9382  -16.0831  -15.5805
    7.8393   19.6443   -5.7587  -16.0008  -19.9849   10.9626
eta,q 0.96876 14.49859
  0.0385  0.0363  0.0353  0.0366  0.0313  0.0331  0.0338  0.0342  0.0331  0.0356  0.0325  0.0319
  0.0368  0.0351  0.0347  0.0354  0.0311  0.0317  0.0324  0.0325  0.0322  0.0334  0.0319  0.0314
  0.0356  0.0347  0.0344  0.0346  0.0327  0.0313  0.0316  0.0316  0.0316  0.0319  0.0315  0.0312
  0.0350  0.0349  0.0346  0.0344  0.0344  0.0314  0.0314  0.0314  0.0313  0.0313  0.0313  0.0313
  0.0349  0.0357  0.0352  0.0349  0.0369  0.0322  0.0316  0.0318  0.0314  0.0316  0.0315  0.0318
  0.0355  0.0370  0.0361  0.0358  0.0400  0.0356  0.0324  0.0330  0.0319  0.0324  0.0320  0.0326
  0.0367  0.0386  0.0373  0.0371  0.0438  0.0421  0.0336  0.0346  0.0327  0.0338  0.0328  0.0336
niter,ni,del,rscale     7    3    5.0000    1.2000
parameters
    0.6366   17.8884   13.1838  -12.4421  -17.8856  -15.4567
    7.8475   19.8230   -5.6599  -16.1658  -20.3973   12.2274
eta,q 0.96911 14.42398
  0.0337  0.0335  0.0325  0.0333  0.0356  0.0346  0.0332  0.0340  0.0324  0.0339  0.0320  0.0328
  0.0324  0.0320  0.0317  0.0320  0.0334  0.0326  0.0320  0.0323  0.0316  0.0320  0.0314  0.0319
  0.0315  0.0313  0.0313  0.0313  0.0315  0.0314  0.0312  0.0313  0.0311  0.0311  0.0311  0.0313
  0.0312  0.0312  0.0312  0.0312  0.0312  0.0310  0.0310  0.0310  0.0310  0.0310  0.0310  0.0310
  0.0315  0.0318  0.0314  0.0315  0.0333  0.0310  0.0312  0.0313  0.0311  0.0315  0.0311  0.0309
  0.0324  0.0329  0.0320  0.0324  0.0358  0.0318  0.0320  0.0322  0.0315  0.0325  0.0316  0.0312
  0.0340  0.0343  0.0328  0.0337  0.0394  0.0349  0.0332  0.0337  0.0323  0.0339  0.0322  0.0318
niter,ni,del,rscale     6    3    5.0000    1.2000
parameters
    0.6816   18.0322   13.5468  -12.5596  -18.4103  -15.4643
    8.0155   19.8577   -5.4921  -16.0821  -20.2310   12.6684
eta,q 0.96912 14.38688
  0.0335  0.0338  0.0327  0.0331  0.0362  0.0344  0.0332  0.0338  0.0323  0.0339  0.0321  0.0324
  0.0321  0.0322  0.0318  0.0318  0.0340  0.0325  0.0319  0.0322  0.0315  0.0320  0.0314  0.0316
  0.0312  0.0312  0.0312  0.0311  0.0320  0.0312  0.0312  0.0312  0.0310  0.0311  0.0311  0.0311
  0.0309  0.0309  0.0309  0.0309  0.0309  0.0309  0.0309  0.0309  0.0309  0.0309  0.0309  0.0309
  0.0311  0.0311  0.0309  0.0312  0.0323  0.0309  0.0311  0.0312  0.0310  0.0313  0.0310  0.0310
  0.0319  0.0319  0.0313  0.0320  0.0345  0.0316  0.0318  0.0322  0.0314  0.0322  0.0314  0.0314
  0.0333  0.0331  0.0318  0.0332  0.0375  0.0351  0.0330  0.0337  0.0321  0.0335  0.0320  0.0321
niter,ni,del,rscale     5    3    5.0000    1.2000
parameters
    0.7387   18.0613   13.6786  -12.6086  -18.6131  -15.4709
    8.0196   19.8841   -5.5372  -16.0928  -20.1277   12.8675
eta,q 0.96911 14.37304
  0.0334  0.0334  0.0324  0.0331  0.0364  0.0343  0.0331  0.0337  0.0322  0.0337  0.0321  0.0323
  0.0321  0.0320  0.0316  0.0319  0.0342  0.0325  0.0319  0.0321  0.0314  0.0319  0.0314  0.0316
  0.0312  0.0311  0.0311  0.0311  0.0322  0.0313  0.0312  0.0312  0.0310  0.0310  0.0311  0.0311
  0.0309  0.0309  0.0309  0.0309  0.0309  0.0309  0.0309  0.0309  0.0309  0.0309  0.0309  0.0309
  0.0311  0.0312  0.0310  0.0312  0.0320  0.0309  0.0311  0.0312  0.0311  0.0313  0.0310  0.0310
  0.0319  0.0320  0.0314  0.0320  0.0342  0.0316  0.0319  0.0322  0.0315  0.0322  0.0314  0.0314
  0.0333  0.0332  0.0321  0.0331  0.0370  0.0351  0.0331  0.0337  0.0322  0.0335  0.0320  0.0322
niter,ni,del,rscale     4    3    5.0000    1.2000
parameters
    0.7637   18.0592   13.7424  -12.6347  -18.6825  -15.4575
    8.0365   19.9016   -5.5875  -16.1287  -20.0549   12.9687
eta,q 0.96911 14.36890
  0.0334  0.0333  0.0323  0.0332  0.0365  0.0343  0.0331  0.0337  0.0322  0.0337  0.0320  0.0322
  0.0321  0.0319  0.0315  0.0319  0.0343  0.0325  0.0319  0.0321  0.0314  0.0319  0.0314  0.0316
  0.0312  0.0311  0.0310  0.0311  0.0322  0.0313  0.0312  0.0312  0.0310  0.0310  0.0311  0.0311
  0.0309  0.0309  0.0309  0.0309  0.0309  0.0309  0.0309  0.0309  0.0309  0.0309  0.0309  0.0309
  0.0311  0.0312  0.0310  0.0312  0.0319  0.0309  0.0311  0.0312  0.0311  0.0313  0.0310  0.0310
  0.0319  0.0320  0.0315  0.0320  0.0342  0.0316  0.0319  0.0322  0.0315  0.0322  0.0314  0.0315
  0.0333  0.0332  0.0321  0.0331  0.0369  0.0351  0.0331  0.0336  0.0322  0.0335  0.0320  0.0322
niter,ni,del,rscale     3    3    5.0000    1.2000
parameters
    0.7730   18.0460   13.7741  -12.6431  -18.6970  -15.4522
    8.0505   19.8999   -5.6289  -16.1690  -19.9957   13.0161
eta,q 0.96912 14.36786
  0.0333  0.0333  0.0323  0.0332  0.0365  0.0343  0.0331  0.0337  0.0322  0.0337  0.0320  0.0322
  0.0320  0.0319  0.0315  0.0319  0.0343  0.0325  0.0319  0.0321  0.0314  0.0319  0.0314  0.0315
  0.0312  0.0311  0.0310  0.0311  0.0322  0.0313  0.0312  0.0312  0.0310  0.0310  0.0310  0.0311
  0.0309  0.0309  0.0309  0.0309  0.0309  0.0309  0.0309  0.0309  0.0309  0.0309  0.0309  0.0309
  0.0311  0.0312  0.0310  0.0312  0.0319  0.0308  0.0311  0.0312  0.0310  0.0313  0.0310  0.0310
  0.0319  0.0320  0.0315  0.0320  0.0341  0.0316  0.0319  0.0322  0.0315  0.0322  0.0314  0.0315
  0.0333  0.0333  0.0322  0.0331  0.0368  0.0351  0.0331  0.0337  0.0322  0.0335  0.0320  0.0322
niter,ni,del,rscale     2    3    5.0000    1.2000
parameters
    0.7765   18.0270   13.7889  -12.6408  -18.6908  -15.4474
    8.0715   19.9010   -5.6731  -16.2102  -19.9489   13.0478
eta,q 0.96912 14.36892
  0.0333  0.0333  0.0322  0.0332  0.0365  0.0343  0.0331  0.0337  0.0322  0.0337  0.0320  0.0322
  0.0320  0.0319  0.0315  0.0319  0.0343  0.0325  0.0319  0.0321  0.0314  0.0319  0.0314  0.0315
  0.0312  0.0311  0.0310  0.0311  0.0323  0.0313  0.0311  0.0312  0.0310  0.0310  0.0310  0.0311
  0.0309  0.0309  0.0309  0.0309  0.0309  0.0309  0.0309  0.0309  0.0309  0.0309  0.0309  0.0309
  0.0311  0.0312  0.0311  0.0312  0.0319  0.0308  0.0311  0.0312  0.0310  0.0313  0.0310  0.0310
  0.0320  0.0320  0.0315  0.0320  0.0341  0.0315  0.0319  0.0322  0.0315  0.0322  0.0314  0.0315
  0.0334  0.0333  0.0322  0.0331  0.0368  0.0351  0.0331  0.0337  0.0322  0.0335  0.0320  0.0322
registration optimization eta report
parameter search radius
    2.4000    2.4000    2.4000    9.5220   10.9503    9.5220
    7.2000    7.2000    7.2000    7.2000    8.2800    7.2000
100000*second partial in parameter space
       42.       41.       23.        3.        5.        4.
        4.        5.        3.        5.        2.        3.
  0.0333  0.0333  0.0322  0.0332  0.0365  0.0343  0.0331  0.0337  0.0322  0.0337  0.0320  0.0322
  0.0320  0.0319  0.0315  0.0319  0.0343  0.0325  0.0319  0.0321  0.0314  0.0319  0.0314  0.0315
  0.0312  0.0311  0.0310  0.0311  0.0323  0.0313  0.0311  0.0312  0.0310  0.0310  0.0310  0.0311
  0.0309  0.0309  0.0309  0.0309  0.0309  0.0309  0.0309  0.0309  0.0309  0.0309  0.0309  0.0309
  0.0311  0.0312  0.0311  0.0312  0.0319  0.0308  0.0311  0.0312  0.0310  0.0313  0.0310  0.0310
  0.0320  0.0320  0.0315  0.0320  0.0341  0.0315  0.0319  0.0322  0.0315  0.0322  0.0314  0.0315
  0.0334  0.0333  0.0322  0.0331  0.0368  0.0351  0.0331  0.0337  0.0322  0.0335  0.0320  0.0322
    0.7765   18.0270   13.7889  -12.6408  -18.6908  -15.4474
    8.0715   19.9010   -5.6731  -16.2102  -19.9489   13.0478
eta,q 0.96912 14.36892

---------------------------------------------------------------------
imgreg_4dfp /opt/freesurfer/average/711-2C_as_mni_average_305 /opt/freesurfer/average/711-2B_as_mni_average_305_mask talsrcimg_g11 none talsrcimg_to_711-2C_as_mni_average_305_t4 2311
---------------------------------------------------------------------

freesurfer imgreg_4dfp.c
/opt/freesurfer/average/711-2C_as_mni_average_305.4dfp.img
       256       256       256         1
  1.000000  1.000000  1.000000
orientation T byte_order littleendian
Reading image: /opt/freesurfer/average/711-2C_as_mni_average_305.4dfp.img
dimensions:      256       256       256
mmppix:       1.0000   -1.0000   -1.0000
center:     128.0000 -129.0000 -129.0000
/opt/freesurfer/average/711-2B_as_mni_average_305_mask.4dfp.img
       256       256       256         1
  1.000000  1.000000  1.000000
orientation T byte_order littleendian
Reading mask: /opt/freesurfer/average/711-2B_as_mni_average_305_mask.4dfp.img (2306576 pixels)
talsrcimg_g11.4dfp.img
       256       256       256         1
  1.000000  1.000000  1.000000
orientation T byte_order littleendian
Reading image: talsrcimg_g11.4dfp.img
dimensions:      256       256       256
mmppix:       1.0000   -1.0000   -1.0000
center:     128.0000 -129.0000 -129.0000
fimgreg.f
image alignment mode   2311 decimal      907 hex
parameters
    0.7765   18.0270   13.7889  -12.6408  -18.6908  -15.4474
    8.0715   19.9010   -5.6731  -16.2102  -19.9489   13.0478
eta,q 0.96912 14.36892
niter,ni,del,rscale     5    3    5.0000    0.8000
parameters
    0.8069   17.9687   13.7940  -12.7197  -18.3902  -13.7181
    8.0154   20.3341   -5.8947  -16.8370  -19.5850   12.7521
eta,q 0.96921 14.47114
  0.0320  0.0319  0.0315  0.0315  0.0329  0.0318  0.0318  0.0323  0.0314  0.0317  0.0313  0.0313
  0.0314  0.0313  0.0311  0.0311  0.0320  0.0312  0.0313  0.0316  0.0311  0.0311  0.0311  0.0310
  0.0310  0.0310  0.0309  0.0309  0.0313  0.0309  0.0310  0.0311  0.0309  0.0308  0.0309  0.0308
  0.0309  0.0309  0.0309  0.0309  0.0309  0.0308  0.0309  0.0309  0.0308  0.0308  0.0308  0.0308
  0.0310  0.0310  0.0309  0.0309  0.0310  0.0309  0.0310  0.0309  0.0309  0.0311  0.0308  0.0309
  0.0313  0.0314  0.0312  0.0312  0.0316  0.0308  0.0313  0.0313  0.0312  0.0316  0.0309  0.0311
  0.0320  0.0320  0.0315  0.0315  0.0326  0.0309  0.0319  0.0319  0.0315  0.0323  0.0312  0.0315
niter,ni,del,rscale     4    3    5.0000    0.7000
parameters
    0.8447   17.7989   13.9851  -12.2558  -18.2858  -13.4467
    8.0948   20.3688   -6.1115  -17.0955  -19.3873   12.9997
eta,q 0.96929 14.52353
  0.0317  0.0315  0.0314  0.0314  0.0324  0.0311  0.0315  0.0318  0.0312  0.0317  0.0311  0.0313
  0.0312  0.0310  0.0311  0.0311  0.0316  0.0309  0.0311  0.0312  0.0309  0.0310  0.0309  0.0310
  0.0309  0.0308  0.0309  0.0309  0.0311  0.0308  0.0308  0.0309  0.0308  0.0307  0.0308  0.0308
  0.0308  0.0308  0.0308  0.0308  0.0308  0.0308  0.0307  0.0307  0.0307  0.0307  0.0307  0.0307
  0.0309  0.0310  0.0308  0.0308  0.0309  0.0307  0.0308  0.0309  0.0308  0.0309  0.0307  0.0308
  0.0311  0.0313  0.0309  0.0309  0.0315  0.0308  0.0311  0.0312  0.0310  0.0313  0.0309  0.0309
  0.0316  0.0319  0.0311  0.0312  0.0323  0.0311  0.0315  0.0317  0.0313  0.0318  0.0310  0.0312
niter,ni,del,rscale     3    3    5.0000    0.6000
parameters
    0.8584   17.6784   14.0024  -12.2077  -18.2234  -13.3194
    8.1840   20.3356   -6.1647  -17.3400  -19.3409   13.1826
eta,q 0.96932 14.53939
  0.0314  0.0313  0.0311  0.0311  0.0320  0.0309  0.0313  0.0315  0.0311  0.0314  0.0310  0.0311
  0.0310  0.0309  0.0309  0.0309  0.0314  0.0308  0.0310  0.0310  0.0309  0.0309  0.0308  0.0309
  0.0308  0.0307  0.0307  0.0308  0.0309  0.0307  0.0308  0.0308  0.0307  0.0307  0.0307  0.0307
  0.0307  0.0307  0.0307  0.0307  0.0307  0.0307  0.0307  0.0307  0.0307  0.0307  0.0307  0.0307
  0.0308  0.0308  0.0307  0.0307  0.0308  0.0306  0.0308  0.0308  0.0307  0.0308  0.0307  0.0307
  0.0310  0.0311  0.0309  0.0309  0.0312  0.0307  0.0309  0.0311  0.0309  0.0311  0.0308  0.0308
  0.0314  0.0315  0.0310  0.0311  0.0320  0.0310  0.0312  0.0315  0.0311  0.0315  0.0310  0.0310
niter,ni,del,rscale     2    3    5.0000    0.5000
parameters
    0.8526   17.6065   13.9976  -12.1799  -18.1702  -13.1160
    8.2347   20.3250   -6.1572  -17.5132  -19.3946   13.2661
eta,q 0.96934 14.55685
  0.0311  0.0311  0.0309  0.0310  0.0316  0.0308  0.0311  0.0312  0.0310  0.0312  0.0308  0.0309
  0.0309  0.0308  0.0308  0.0308  0.0312  0.0308  0.0309  0.0309  0.0308  0.0308  0.0307  0.0308
  0.0307  0.0307  0.0307  0.0307  0.0308  0.0307  0.0307  0.0307  0.0307  0.0307  0.0307  0.0307
  0.0307  0.0307  0.0307  0.0307  0.0307  0.0307  0.0307  0.0307  0.0307  0.0307  0.0307  0.0307
  0.0307  0.0308  0.0307  0.0307  0.0307  0.0306  0.0307  0.0307  0.0307  0.0308  0.0307  0.0307
  0.0309  0.0310  0.0308  0.0308  0.0311  0.0307  0.0308  0.0309  0.0308  0.0310  0.0307  0.0308
  0.0312  0.0313  0.0309  0.0309  0.0316  0.0308  0.0311  0.0312  0.0310  0.0313  0.0309  0.0309
niter,ni,del,rscale     1    3    5.0000    0.4000
parameters
    0.8474   17.5664   13.9969  -12.1660  -18.1340  -12.8433
    8.2659   20.3292   -6.1059  -17.6279  -19.4882   13.2881
eta,q 0.96937 14.57534
  0.0310  0.0310  0.0308  0.0308  0.0313  0.0308  0.0309  0.0310  0.0308  0.0310  0.0308  0.0308
  0.0308  0.0308  0.0307  0.0307  0.0310  0.0307  0.0308  0.0308  0.0307  0.0308  0.0307  0.0307
  0.0307  0.0307  0.0307  0.0307  0.0307  0.0307  0.0307  0.0307  0.0307  0.0307  0.0307  0.0306
  0.0307  0.0307  0.0307  0.0307  0.0307  0.0307  0.0306  0.0306  0.0306  0.0306  0.0306  0.0306
  0.0307  0.0307  0.0307  0.0307  0.0307  0.0306  0.0307  0.0307  0.0307  0.0307  0.0307  0.0307
  0.0308  0.0308  0.0307  0.0307  0.0309  0.0306  0.0308  0.0308  0.0307  0.0308  0.0307  0.0307
  0.0310  0.0310  0.0308  0.0308  0.0313  0.0308  0.0309  0.0310  0.0308  0.0310  0.0308  0.0308
registration optimization eta report
parameter search radius
    0.8000    0.8000    0.8000    2.4000    2.4000    2.4000
    2.4000    2.4000    2.4000    2.4000    2.4000    2.4000
100000*second partial in parameter space
       48.       52.       26.        3.       11.        2.
        5.        6.        3.        7.        2.        3.
  0.0310  0.0310  0.0308  0.0308  0.0313  0.0308  0.0309  0.0310  0.0308  0.0310  0.0308  0.0308
  0.0308  0.0308  0.0307  0.0307  0.0310  0.0307  0.0308  0.0308  0.0307  0.0308  0.0307  0.0307
  0.0307  0.0307  0.0307  0.0307  0.0307  0.0307  0.0307  0.0307  0.0307  0.0307  0.0307  0.0306
  0.0307  0.0307  0.0307  0.0307  0.0307  0.0307  0.0306  0.0306  0.0306  0.0306  0.0306  0.0306
  0.0307  0.0307  0.0307  0.0307  0.0307  0.0306  0.0307  0.0307  0.0307  0.0307  0.0307  0.0307
  0.0308  0.0308  0.0307  0.0307  0.0309  0.0306  0.0308  0.0308  0.0307  0.0308  0.0307  0.0307
  0.0310  0.0310  0.0308  0.0308  0.0313  0.0308  0.0309  0.0310  0.0308  0.0310  0.0308  0.0308
    0.8474   17.5664   13.9969  -12.1660  -18.1340  -12.8433
    8.2659   20.3292   -6.1059  -17.6279  -19.4882   13.2881
eta,q 0.96937 14.57534

---------------------------------------------------------------------
imgreg_4dfp /opt/freesurfer/average/711-2C_as_mni_average_305 /opt/freesurfer/average/711-2B_as_mni_average_305_mask talsrcimg_g11 none talsrcimg_to_711-2C_as_mni_average_305_t4 2311
---------------------------------------------------------------------

freesurfer imgreg_4dfp.c
/opt/freesurfer/average/711-2C_as_mni_average_305.4dfp.img
       256       256       256         1
  1.000000  1.000000  1.000000
orientation T byte_order littleendian
Reading image: /opt/freesurfer/average/711-2C_as_mni_average_305.4dfp.img
dimensions:      256       256       256
mmppix:       1.0000   -1.0000   -1.0000
center:     128.0000 -129.0000 -129.0000
/opt/freesurfer/average/711-2B_as_mni_average_305_mask.4dfp.img
       256       256       256         1
  1.000000  1.000000  1.000000
orientation T byte_order littleendian
Reading mask: /opt/freesurfer/average/711-2B_as_mni_average_305_mask.4dfp.img (2306576 pixels)
talsrcimg_g11.4dfp.img
       256       256       256         1
  1.000000  1.000000  1.000000
orientation T byte_order littleendian
Reading image: talsrcimg_g11.4dfp.img
dimensions:      256       256       256
mmppix:       1.0000   -1.0000   -1.0000
center:     128.0000 -129.0000 -129.0000
fimgreg.f
image alignment mode   2311 decimal      907 hex
parameters
    0.8474   17.5664   13.9969  -12.1660  -18.1340  -12.8433
    8.2659   20.3292   -6.1059  -17.6279  -19.4882   13.2881
eta,q 0.96937 14.57535
niter,ni,del,rscale     5    3    5.0000    0.8000
parameters
    0.8180   17.5742   14.0452  -12.1384  -18.3224  -13.7815
    8.3372   20.1912   -6.1712  -17.3258  -19.2399   13.4786
eta,q 0.96930 14.51835
  0.0318  0.0320  0.0314  0.0313  0.0325  0.0310  0.0318  0.0320  0.0315  0.0325  0.0312  0.0314
  0.0312  0.0312  0.0310  0.0310  0.0316  0.0308  0.0312  0.0313  0.0310  0.0314  0.0310  0.0311
  0.0308  0.0308  0.0307  0.0307  0.0309  0.0307  0.0308  0.0308  0.0308  0.0309  0.0308  0.0308
  0.0306  0.0306  0.0306  0.0306  0.0306  0.0306  0.0307  0.0307  0.0307  0.0307  0.0307  0.0307
  0.0308  0.0308  0.0307  0.0307  0.0309  0.0307  0.0308  0.0309  0.0308  0.0309  0.0307  0.0308
  0.0312  0.0312  0.0309  0.0309  0.0318  0.0310  0.0311  0.0314  0.0311  0.0313  0.0309  0.0310
  0.0319  0.0319  0.0313  0.0313  0.0329  0.0320  0.0317  0.0322  0.0315  0.0320  0.0311  0.0313
niter,ni,del,rscale     4    3    5.0000    0.7000
parameters
    0.8371   17.5973   14.0495  -12.2821  -18.3126  -13.5607
    8.2783   20.2487   -6.2067  -17.3871  -19.2435   13.4375
eta,q 0.96932 14.51999
  0.0316  0.0317  0.0312  0.0312  0.0323  0.0311  0.0315  0.0318  0.0313  0.0318  0.0310  0.0312
  0.0311  0.0312  0.0309  0.0309  0.0316  0.0308  0.0310  0.0312  0.0309  0.0311  0.0309  0.0309
  0.0308  0.0308  0.0308  0.0307  0.0310  0.0307  0.0308  0.0308  0.0308  0.0307  0.0307  0.0307
  0.0307  0.0307  0.0307  0.0307  0.0307  0.0307  0.0307  0.0307  0.0307  0.0307  0.0307  0.0307
  0.0308  0.0308  0.0308  0.0308  0.0309  0.0306  0.0308  0.0308  0.0308  0.0309  0.0307  0.0308
  0.0311  0.0311  0.0309  0.0310  0.0315  0.0307  0.0311  0.0312  0.0310  0.0312  0.0308  0.0309
  0.0316  0.0316  0.0312  0.0313  0.0324  0.0311  0.0315  0.0317  0.0313  0.0318  0.0311  0.0312
niter,ni,del,rscale     3    3    5.0000    0.6000
parameters
    0.8469   17.5902   14.0501  -12.2410  -18.2736  -13.3609
    8.2851   20.2778   -6.1903  -17.4691  -19.2891   13.4078
eta,q 0.96933 14.53533
  0.0314  0.0314  0.0310  0.0311  0.0320  0.0309  0.0313  0.0315  0.0311  0.0315  0.0309  0.0310
  0.0310  0.0310  0.0308  0.0309  0.0313  0.0308  0.0309  0.0311  0.0309  0.0310  0.0308  0.0308
  0.0308  0.0308  0.0307  0.0307  0.0309  0.0307  0.0307  0.0308  0.0307  0.0307  0.0307  0.0307
  0.0307  0.0307  0.0307  0.0307  0.0307  0.0307  0.0307  0.0307  0.0307  0.0307  0.0307  0.0307
  0.0308  0.0308  0.0307  0.0307  0.0308  0.0306  0.0307  0.0308  0.0307  0.0308  0.0307  0.0307
  0.0310  0.0310  0.0309  0.0309  0.0312  0.0307  0.0309  0.0310  0.0309  0.0311  0.0308  0.0308
  0.0314  0.0314  0.0310  0.0311  0.0320  0.0309  0.0313  0.0315  0.0311  0.0315  0.0310  0.0311
niter,ni,del,rscale     2    3    5.0000    0.5000
parameters
    0.8466   17.5705   14.0338  -12.2156  -18.2081  -13.1442
    8.2863   20.3018   -6.1468  -17.5728  -19.3978   13.3686
eta,q 0.96934 14.55265
  0.0311  0.0312  0.0309  0.0310  0.0316  0.0308  0.0311  0.0312  0.0310  0.0312  0.0308  0.0309
  0.0309  0.0309  0.0308  0.0308  0.0312  0.0307  0.0308  0.0309  0.0308  0.0309  0.0307  0.0308
  0.0307  0.0307  0.0307  0.0307  0.0308  0.0307  0.0307  0.0307  0.0307  0.0307  0.0307  0.0307
  0.0307  0.0307  0.0307  0.0307  0.0307  0.0307  0.0307  0.0307  0.0307  0.0307  0.0307  0.0307
  0.0307  0.0307  0.0307  0.0307  0.0307  0.0306  0.0307  0.0307  0.0307  0.0308  0.0307  0.0307
  0.0309  0.0309  0.0308  0.0308  0.0311  0.0307  0.0308  0.0309  0.0308  0.0310  0.0308  0.0308
  0.0312  0.0312  0.0309  0.0309  0.0316  0.0308  0.0311  0.0312  0.0310  0.0313  0.0309  0.0309
niter,ni,del,rscale     1    3    5.0000    0.4000
parameters
    0.8477   17.5508   14.0143  -12.1788  -18.1419  -12.8345
    8.2804   20.3190   -6.1022  -17.6504  -19.5090   13.3142
eta,q 0.96936 14.57515
  0.0310  0.0310  0.0308  0.0308  0.0313  0.0308  0.0309  0.0310  0.0308  0.0310  0.0308  0.0308
  0.0308  0.0308  0.0307  0.0307  0.0310  0.0307  0.0308  0.0308  0.0307  0.0308  0.0307  0.0307
  0.0307  0.0307  0.0307  0.0307  0.0308  0.0307  0.0307  0.0307  0.0307  0.0307  0.0306  0.0307
  0.0307  0.0307  0.0307  0.0307  0.0307  0.0307  0.0306  0.0306  0.0306  0.0306  0.0306  0.0306
  0.0307  0.0307  0.0307  0.0307  0.0307  0.0306  0.0307  0.0307  0.0307  0.0307  0.0307  0.0307
  0.0308  0.0308  0.0307  0.0307  0.0309  0.0306  0.0308  0.0308  0.0307  0.0308  0.0307  0.0307
  0.0310  0.0310  0.0308  0.0308  0.0313  0.0308  0.0309  0.0310  0.0308  0.0310  0.0308  0.0308
registration optimization eta report
parameter search radius
    0.8000    0.8000    0.8000    2.4000    2.4000    2.4000
    2.4000    2.4000    2.4000    2.4000    2.4000    2.4000
100000*second partial in parameter space
       48.       53.       26.        3.       11.        2.
        5.        7.        4.        7.        2.        3.
  0.0310  0.0310  0.0308  0.0308  0.0313  0.0308  0.0309  0.0310  0.0308  0.0310  0.0308  0.0308
  0.0308  0.0308  0.0307  0.0307  0.0310  0.0307  0.0308  0.0308  0.0307  0.0308  0.0307  0.0307
  0.0307  0.0307  0.0307  0.0307  0.0308  0.0307  0.0307  0.0307  0.0307  0.0307  0.0306  0.0307
  0.0307  0.0307  0.0307  0.0307  0.0307  0.0307  0.0306  0.0306  0.0306  0.0306  0.0306  0.0306
  0.0307  0.0307  0.0307  0.0307  0.0307  0.0306  0.0307  0.0307  0.0307  0.0307  0.0307  0.0307
  0.0308  0.0308  0.0307  0.0307  0.0309  0.0306  0.0308  0.0308  0.0307  0.0308  0.0307  0.0307
  0.0310  0.0310  0.0308  0.0308  0.0313  0.0308  0.0309  0.0310  0.0308  0.0310  0.0308  0.0308
    0.8477   17.5508   14.0143  -12.1788  -18.1419  -12.8345
    8.2804   20.3190   -6.1022  -17.6504  -19.5090   13.3142
eta,q 0.96936 14.57515

---------------------------------------------------------------------
compute_vox2vox talsrcimg talsrcimg_to_711-2C_as_mni_average_305_t4 /opt/freesurfer/average/711-2C_as_mni_average_305
---------------------------------------------------------------------

freesurfer compute_vox2vox.c
Reading: talsrcimg.4dfp.ifh
Reading: talsrcimg_to_711-2C_as_mni_average_305_t4
Reading: /opt/freesurfer/average/711-2C_as_mni_average_305.4dfp.ifh
Writing: talsrcimg_to_711-2C_as_mni_average_305_t4_vox2vox.txt

start time Sun Mar 8 23:47:58 CET 2026
end		time Sun Mar 8 23:48:12 CET 2026

mpr2mni305 success

avi2talxfm orig_nu.mgz /opt/freesurfer/average/mni305.cor.mgz talsrcimg_to_711-2C_as_mni_average_305_t4_vox2vox.txt transforms/talairach.auto.xfm
avi2talxfm done
mv -f /out/sourcedata/freesurfer/sub-v1s16x0051185_ses-1/mri/talsrcimg_to_711-2C_as_mni_average_305_t4_vox2vox.txt /out/sourcedata/freesurfer/sub-v1s16x0051185_ses-1/mri/transforms/talsrcimg_to_711-2C_as_mni_average_305_t4_vox2vox.txt
lta_convert --src orig_nu.mgz --trg /opt/freesurfer/average/mni305.cor.mgz --inxfm transforms/talairach.auto.xfm --outlta transforms/talairach.auto.xfm.lta --subject fsaverage
7.3.2

--src: orig_nu.mgz src image (geometry).
--trg: /opt/freesurfer/average/mni305.cor.mgz trg image (geometry).
--inmni: transforms/talairach.auto.xfm input MNI/XFM transform.
--outlta: transforms/talairach.auto.xfm.lta output LTA.
--s: fsaverage subject name
 LTA read, type : 1
 1.07545  -0.26403  -0.06584   0.85849;
 0.22117   1.05636  -0.19419  -0.63176;
 0.12786   0.20809   1.17485  -25.39351;
 0.00000   0.00000   0.00000   1.00000;
setting subject to fsaverage
Writing  LTA to file transforms/talairach.auto.xfm.lta...
lta_convert successful.
 
 
Started at Sun Mar 8 23:47:58 CET 2026
Ended   at Sun Mar  8 23:48:12 CET 2026
talairach_avi done
