status file for recon-all
Mon Mar  9 00:05:00 CET 2026
#@# Tessellate lh Mon Mar  9 00:05:00 CET 2026
#@# Smooth1 lh Mon Mar  9 00:05:03 CET 2026
#@# Inflation1 lh Mon Mar  9 00:05:06 CET 2026
#@# QSphere lh Mon Mar  9 00:05:18 CET 2026
#@# Fix Topology lh Mon Mar  9 00:06:28 CET 2026
#@# Smooth2 lh Mon Mar  9 00:12:21 CET 2026
#@# Inflation2 lh Mon Mar  9 00:12:24 CET 2026
#@# Curv .H and .K lh Mon Mar  9 00:12:38 CET 2026
#@# Sphere lh Mon Mar  9 00:13:24 CET 2026
#@# Surf Reg lh Mon Mar  9 00:16:45 CET 2026
#@# Jacobian white lh Mon Mar  9 00:20:32 CET 2026
#@# AvgCurv lh Mon Mar  9 00:20:33 CET 2026
#@# Cortical Parc lh Mon Mar  9 00:20:34 CET 2026
#@# white curv lh Mon Mar  9 00:26:55 CET 2026
#@# white area lh Mon Mar  9 00:26:56 CET 2026
#@# pial curv lh Mon Mar  9 00:26:57 CET 2026
#@# pial area lh Mon Mar  9 00:26:59 CET 2026
#@# thickness lh Mon Mar  9 00:27:00 CET 2026
#@# area and vertex vol lh Mon Mar  9 00:27:29 CET 2026
#@# Curvature Stats lh Mon Mar  9 00:27:30 CET 2026
#@# Cortical Parc 2 lh Mon Mar  9 00:27:33 CET 2026
#@# Cortical Parc 3 lh Mon Mar  9 00:27:45 CET 2026
#@# WM/GM Contrast lh Mon Mar  9 00:27:55 CET 2026
recon-all -s sub-v1s16x0051168_ses-1 finished without error at Mon Mar  9 00:27:58 CET 2026



#New# invocation of recon-all 



status file for recon-all
Mon Mar  9 00:55:46 CET 2026
#@# white curv lh Mon Mar  9 00:55:46 CET 2026
#@# white area lh Mon Mar  9 00:55:46 CET 2026
#@# pial curv lh Mon Mar  9 00:55:46 CET 2026
#@# pial area lh Mon Mar  9 00:55:46 CET 2026
#@# thickness lh Mon Mar  9 00:55:46 CET 2026
#@# area and vertex vol lh Mon Mar  9 00:55:46 CET 2026
#@# Parcellation Stats lh Mon Mar  9 00:55:46 CET 2026
#@# Parcellation Stats 2 lh Mon Mar  9 00:56:04 CET 2026
#@# Parcellation Stats 3 lh Mon Mar  9 00:56:14 CET 2026
#@# BA_exvivo Labels lh Mon Mar  9 00:56:23 CET 2026
recon-all -s sub-v1s16x0051168_ses-1 finished without error at Mon Mar  9 00:59:02 CET 2026
