status file for recon-all
Sun Mar  8 22:16:30 CET 2026
#@# MotionCor Sun Mar  8 22:16:32 CET 2026
#@# Talairach Sun Mar  8 22:16:41 CET 2026
#@# Talairach Failure Detection Sun Mar  8 22:21:06 CET 2026
#@# Nu Intensity Correction Sun Mar  8 22:21:06 CET 2026
#@# Intensity Normalization Sun Mar  8 22:24:21 CET 2026
recon-all -s sub-v1s16x0051168_ses-1 finished without error at Sun Mar  8 22:25:51 CET 2026



#New# invocation of recon-all 



status file for recon-all
Sun Mar  8 22:32:29 CET 2026
#@# EM Registration Sun Mar  8 22:32:29 CET 2026
recon-all -s sub-v1s16x0051168_ses-1 finished without error at Sun Mar  8 22:35:23 CET 2026



#New# invocation of recon-all 



status file for recon-all
Sun Mar  8 22:35:25 CET 2026
#@# CA Normalize Sun Mar  8 22:35:25 CET 2026
#@# CA Reg Sun Mar  8 22:36:44 CET 2026
#@# SubCort Seg Sun Mar  8 23:29:35 CET 2026
#@# CC Seg Sun Mar  8 23:58:33 CET 2026
#@# Merge ASeg Sun Mar  8 23:59:52 CET 2026
#@# Intensity Normalization2 Sun Mar  8 23:59:52 CET 2026
#@# Mask BFS Mon Mar  9 00:02:02 CET 2026
#@# WM Segmentation Mon Mar  9 00:02:02 CET 2026
#@# Fill Mon Mar  9 00:03:57 CET 2026
recon-all -s sub-v1s16x0051168_ses-1 finished without error at Mon Mar  9 00:04:56 CET 2026



#New# invocation of recon-all 



status file for recon-all
Mon Mar  9 00:51:23 CET 2026
#@# white curv lh Mon Mar  9 00:51:23 CET 2026
#@# white area lh Mon Mar  9 00:51:23 CET 2026
#@# pial curv lh Mon Mar  9 00:51:23 CET 2026
#@# pial area lh Mon Mar  9 00:51:23 CET 2026
#@# thickness lh Mon Mar  9 00:51:23 CET 2026
#@# area and vertex vol lh Mon Mar  9 00:51:23 CET 2026
#@# white curv rh Mon Mar  9 00:51:23 CET 2026
#@# white area rh Mon Mar  9 00:51:23 CET 2026
#@# pial curv rh Mon Mar  9 00:51:23 CET 2026
#@# pial area rh Mon Mar  9 00:51:23 CET 2026
#@# thickness rh Mon Mar  9 00:51:23 CET 2026
#@# area and vertex vol rh Mon Mar  9 00:51:23 CET 2026
#@# Cortical ribbon mask Mon Mar  9 00:51:23 CET 2026
recon-all -s sub-v1s16x0051168_ses-1 finished without error at Mon Mar  9 00:55:42 CET 2026



#New# invocation of recon-all 



status file for recon-all
Mon Mar  9 01:02:20 CET 2026
#@# white curv lh Mon Mar  9 01:02:20 CET 2026
#@# white area lh Mon Mar  9 01:02:20 CET 2026
#@# pial curv lh Mon Mar  9 01:02:20 CET 2026
#@# pial area lh Mon Mar  9 01:02:20 CET 2026
#@# thickness lh Mon Mar  9 01:02:20 CET 2026
#@# area and vertex vol lh Mon Mar  9 01:02:20 CET 2026
#@# white curv rh Mon Mar  9 01:02:20 CET 2026
#@# white area rh Mon Mar  9 01:02:20 CET 2026
#@# pial curv rh Mon Mar  9 01:02:20 CET 2026
#@# pial area rh Mon Mar  9 01:02:20 CET 2026
#@# thickness rh Mon Mar  9 01:02:20 CET 2026
#@# area and vertex vol rh Mon Mar  9 01:02:20 CET 2026
#@# Curvature Stats lh Mon Mar  9 01:02:20 CET 2026
#@# Curvature Stats rh Mon Mar  9 01:02:23 CET 2026
#@# Relabel Hypointensities Mon Mar  9 01:02:25 CET 2026
#@# APas-to-ASeg Mon Mar  9 01:02:40 CET 2026
#@# AParc-to-ASeg aparc Mon Mar  9 01:02:48 CET 2026
#@# AParc-to-ASeg aparc.a2009s Mon Mar  9 01:03:21 CET 2026
#@# AParc-to-ASeg aparc.DKTatlas Mon Mar  9 01:03:57 CET 2026
#@# WMParc Mon Mar  9 01:04:35 CET 2026
#@# ASeg Stats Mon Mar  9 01:08:16 CET 2026
recon-all -s sub-v1s16x0051168_ses-1 finished without error at Mon Mar  9 01:09:01 CET 2026
