status file for recon-all
Mon Mar  9 00:28:01 CET 2026
#@# Tessellate rh Mon Mar  9 00:28:01 CET 2026
#@# Smooth1 rh Mon Mar  9 00:28:05 CET 2026
#@# Inflation1 rh Mon Mar  9 00:28:07 CET 2026
#@# QSphere rh Mon Mar  9 00:28:20 CET 2026
#@# Fix Topology rh Mon Mar  9 00:29:39 CET 2026
#@# Smooth2 rh Mon Mar  9 00:35:33 CET 2026
#@# Inflation2 rh Mon Mar  9 00:35:35 CET 2026
#@# Curv .H and .K rh Mon Mar  9 00:35:49 CET 2026
#@# Sphere rh Mon Mar  9 00:36:35 CET 2026
#@# Surf Reg rh Mon Mar  9 00:40:03 CET 2026
#@# Jacobian white rh Mon Mar  9 00:43:55 CET 2026
#@# AvgCurv rh Mon Mar  9 00:43:56 CET 2026
#@# Cortical Parc rh Mon Mar  9 00:43:56 CET 2026
#@# white curv rh Mon Mar  9 00:50:16 CET 2026
#@# white area rh Mon Mar  9 00:50:18 CET 2026
#@# pial curv rh Mon Mar  9 00:50:18 CET 2026
#@# pial area rh Mon Mar  9 00:50:20 CET 2026
#@# thickness rh Mon Mar  9 00:50:21 CET 2026
#@# area and vertex vol rh Mon Mar  9 00:50:49 CET 2026
#@# Curvature Stats rh Mon Mar  9 00:50:51 CET 2026
#@# Cortical Parc 2 rh Mon Mar  9 00:50:53 CET 2026
#@# Cortical Parc 3 rh Mon Mar  9 00:51:06 CET 2026
#@# WM/GM Contrast rh Mon Mar  9 00:51:16 CET 2026
recon-all -s sub-v1s16x0051168_ses-1 finished without error at Mon Mar  9 00:51:19 CET 2026



#New# invocation of recon-all 



status file for recon-all
Mon Mar  9 00:59:05 CET 2026
#@# white curv rh Mon Mar  9 00:59:05 CET 2026
#@# white area rh Mon Mar  9 00:59:05 CET 2026
#@# pial curv rh Mon Mar  9 00:59:05 CET 2026
#@# pial area rh Mon Mar  9 00:59:05 CET 2026
#@# thickness rh Mon Mar  9 00:59:05 CET 2026
#@# area and vertex vol rh Mon Mar  9 00:59:05 CET 2026
#@# Parcellation Stats rh Mon Mar  9 00:59:05 CET 2026
#@# Parcellation Stats 2 rh Mon Mar  9 00:59:25 CET 2026
#@# Parcellation Stats 3 rh Mon Mar  9 00:59:34 CET 2026
#@# BA_exvivo Labels rh Mon Mar  9 00:59:44 CET 2026
recon-all -s sub-v1s16x0051168_ses-1 finished without error at Mon Mar  9 01:02:16 CET 2026
