/out/sourcedata/freesurfer/sub-v1s16x0051174_ses-1/mri
/opt/freesurfer/bin/talairach_avi
--i orig_nu.mgz --xfm transforms/talairach.auto.xfm
talairach_avi 7.3.2
Linux dna025 5.14.0-427.37.1.el9_4.x86_64 #1 SMP PREEMPT_DYNAMIC Fri Sep 13 12:41:50 EDT 2024 x86_64 x86_64 x86_64 GNU/Linux
Sun Mar  8 22:47:27 CET 2026
mri_convert orig_nu.mgz talsrcimg.img 
reading from orig_nu.mgz...
TR=0.00, TE=0.00, TI=0.00, flip angle=0.00
i_ras = (-1, 0, 0)
j_ras = (0, 0, -1)
k_ras = (0, 1, 0)
writing to talsrcimg.img...
Analyze Output Matrix
-1.00000   0.00000   0.00000   125.32617;
 0.00000   0.00000   1.00000  -128.20000;
 0.00000  -1.00000   0.00000   117.72646;
 0.00000   0.00000   0.00000   1.00000;
--------------------
INFO: set hdr.hist.orient to -1
mpr2mni305 talsrcimg
Sun Mar  8 22:47:27 CET 2026
/opt/freesurfer/bin/mpr2mni305 talsrcimg
mpr2mni305 7.3.2
target=711-2C_as_mni_average_305

---------------------------------------------------------------------
analyzeto4dfp talsrcimg -O0 -y
---------------------------------------------------------------------

freesurfer ifh2hdr.c
Sun Mar  8 22:47:27 2026
Writing: talsrcimg.4dfp.hdr
freesurfer analyzeto4dfp.c
Reading: talsrcimg.hdr
header size 348 bytes
hdr.dime.datatype	offset=70	value=2
hdr.dime.bitpix		offset=72	value=8
hdr.hist.orient		offset=252	value=-1
dimensionality     4
dimensions       256       256       256         1
Reading: talsrcimg.img
Writing: talsrcimg.4dfp.img
Writing: talsrcimg.4dfp.ifh
ifh2hdr talsrcimg -r0to211
ori=2

---------------------------------------------------------------------
gauss_4dfp talsrcimg 1.1
---------------------------------------------------------------------

freesurfer gauss_4dfp.c
Reading: talsrcimg.4dfp.img
Writing: talsrcimg_g11.4dfp.img
image dimensions 256 256 256 padded to 288 288 288
processing volume 1freesurfer ifh2hdr.c
Sun Mar  8 22:47:29 2026
Writing: talsrcimg_g11.4dfp.hdr

Writing: talsrcimg_g11.4dfp.ifh
including: talsrcimg.4dfp.img.rec in talsrcimg_g11.4dfp.img.rec

---------------------------------------------------------------------
imgreg_4dfp /opt/freesurfer/average/711-2C_as_mni_average_305 none talsrcimg_g11 none talsrcimg_to_711-2C_as_mni_average_305_t4 4355
---------------------------------------------------------------------

freesurfer imgreg_4dfp.c
/opt/freesurfer/average/711-2C_as_mni_average_305.4dfp.img
       256       256       256         1
  1.000000  1.000000  1.000000
orientation T byte_order littleendian
Reading image: /opt/freesurfer/average/711-2C_as_mni_average_305.4dfp.img
dimensions:      256       256       256
mmppix:       1.0000   -1.0000   -1.0000
center:     128.0000 -129.0000 -129.0000
talsrcimg_g11.4dfp.img
       256       256       256         1
  1.000000  1.000000  1.000000
orientation T byte_order littleendian
Reading image: talsrcimg_g11.4dfp.img
dimensions:      256       256       256
mmppix:       1.0000   -1.0000   -1.0000
center:     128.0000 -129.0000 -129.0000
t4_read: open error in t4_sub.f l:  41 t4_file(1:l)talsrcimg_to_711-2C_as_mni_average_305_t4 
t4_read: transform initialized to I4
rotation matrix determinant  1.000000
image alignment mode   4355 decimal     1103 hex
   -7.5000  -45.0000  -45.0000 4481.4531   28.6176
    0.0000  -45.0000  -45.0000 4713.7856   28.3536
    7.5000  -45.0000  -45.0000 4538.0029   28.1837
   -7.5000  -37.5000  -45.0000 4975.1099   27.5042
    0.0000  -37.5000  -45.0000 5248.8608   27.2765
    7.5000  -37.5000  -45.0000 5024.5620   27.1250
   -7.5000  -30.0000  -45.0000 5709.4468   26.6146
    0.0000  -30.0000  -45.0000 5996.6582   26.4111
    7.5000  -30.0000  -45.0000 5749.5913   26.2742
   -7.5000  -22.5000  -45.0000 6549.2139   25.9435
    0.0000  -22.5000  -45.0000 6804.8799   25.7500
    7.5000  -22.5000  -45.0000 6551.9448   25.6224
   -7.5000  -15.0000  -45.0000 7441.1016   25.9490
    0.0000  -15.0000  -45.0000 7690.0010   25.7431
    7.5000  -15.0000  -45.0000 7426.4360   25.6109
   -7.5000   -7.5000  -45.0000 8254.2539   25.9455
    0.0000   -7.5000  -45.0000 8525.8613   25.7292
    7.5000   -7.5000  -45.0000 8250.8818   25.5904
   -7.5000    0.0000  -45.0000 9050.4707   25.9266
    0.0000    0.0000  -45.0000 9372.8320   25.7124
    7.5000    0.0000  -45.0000 9080.4844   25.5723
   -7.5000    7.5000  -45.0000 9197.9971   25.9247
    0.0000    7.5000  -45.0000 9544.5947   25.7225
    7.5000    7.5000  -45.0000 9243.0146   25.5864
   -7.5000   15.0000  -45.0000 9132.8770   25.9263
    0.0000   15.0000  -45.0000 9511.7412   25.7346
    7.5000   15.0000  -45.0000 9211.7305   25.6045
   -7.5000   22.5000  -45.0000 8992.7100   25.9283
    0.0000   22.5000  -45.0000 9332.5830   25.7350
    7.5000   22.5000  -45.0000 9044.0400   25.6075
   -7.5000   30.0000  -45.0000 8799.6348   25.6032
    0.0000   30.0000  -45.0000 9147.9844   25.4000
    7.5000   30.0000  -45.0000 8842.0957   25.2696
   -7.5000   37.5000  -45.0000 8927.1113   25.5998
    0.0000   37.5000  -45.0000 9294.4902   25.3863
    7.5000   37.5000  -45.0000 8985.5264   25.2494
   -7.5000   45.0000  -45.0000 8743.5254   24.9316
    0.0000   45.0000  -45.0000 9103.0557   24.7256
    7.5000   45.0000  -45.0000 8819.2773   24.5909
   -7.5000  -45.0000  -37.5000 4842.9814   28.1599
    0.0000  -45.0000  -37.5000 5107.5562   27.9199
    7.5000  -45.0000  -37.5000 4894.0659   27.7576
   -7.5000  -37.5000  -37.5000 5394.7549   27.0917
    0.0000  -37.5000  -37.5000 5661.8423   26.8869
    7.5000  -37.5000  -37.5000 5423.2070   26.7485
   -7.5000  -30.0000  -37.5000 6168.1509   26.2223
    0.0000  -30.0000  -37.5000 6424.9844   26.0445
    7.5000  -30.0000  -37.5000 6176.0742   25.9209
   -7.5000  -22.5000  -37.5000 7030.6743   25.5538
    0.0000  -22.5000  -37.5000 7291.3267   25.3876
    7.5000  -22.5000  -37.5000 7027.0894   25.2678
   -7.5000  -15.0000  -37.5000 7948.8828   25.5473
    0.0000  -15.0000  -37.5000 8244.4102   25.3687
    7.5000  -15.0000  -37.5000 7947.4546   25.2396
   -7.5000   -7.5000  -37.5000 8797.7148   25.5512
    0.0000   -7.5000  -37.5000 9148.1719   25.3578
    7.5000   -7.5000  -37.5000 8823.9609   25.2216
   -7.5000    0.0000  -37.5000 9678.6279   25.5497
    0.0000    0.0000  -37.500010072.2949   25.3541
    7.5000    0.0000  -37.5000 9717.9160   25.2202
   -7.5000    7.5000  -37.5000 9856.5498   25.5564
    0.0000    7.5000  -37.500010236.7109   25.3734
    7.5000    7.5000  -37.5000 9899.0469   25.2485
   -7.5000   15.0000  -37.5000 9796.9395   25.5528
    0.0000   15.0000  -37.500010181.8320   25.3847
    7.5000   15.0000  -37.5000 9872.3223   25.2668
   -7.5000   22.5000  -37.5000 9593.6387   25.5389
    0.0000   22.5000  -37.5000 9976.0498   25.3728
    7.5000   22.5000  -37.5000 9667.2480   25.2532
   -7.5000   30.0000  -37.5000 9347.8643   25.2068
    0.0000   30.0000  -37.5000 9723.8770   25.0306
    7.5000   30.0000  -37.5000 9419.5059   24.9033
   -7.5000   37.5000  -37.5000 9472.3643   25.2107
    0.0000   37.5000  -37.5000 9871.8408   25.0199
    7.5000   37.5000  -37.5000 9556.1201   24.8855
   -7.5000   45.0000  -37.5000 9264.3193   24.5691
    0.0000   45.0000  -37.5000 9649.1035   24.3810
    7.5000   45.0000  -37.5000 9361.1445   24.2523
   -7.5000  -45.0000  -30.0000 5311.6958   28.9922
    0.0000  -45.0000  -30.0000 5588.0166   28.7958
    7.5000  -45.0000  -30.0000 5361.0815   28.6450
   -7.5000  -37.5000  -30.0000 5917.6226   27.9450
    0.0000  -37.5000  -30.0000 6189.1885   27.7752
    7.5000  -37.5000  -30.0000 5956.5752   27.6479
   -7.5000  -30.0000  -30.0000 6744.0532   27.0820
    0.0000  -30.0000  -30.0000 7008.8286   26.9331
    7.5000  -30.0000  -30.0000 6768.0635   26.8128
   -7.5000  -22.5000  -30.0000 7640.0444   26.3791
    0.0000  -22.5000  -30.0000 7937.6543   26.2418
    7.5000  -22.5000  -30.0000 7668.8550   26.1184
   -7.5000  -15.0000  -30.0000 8637.7383   26.3326
    0.0000  -15.0000  -30.0000 8984.4199   26.1876
    7.5000  -15.0000  -30.0000 8653.3174   26.0554
   -7.5000   -7.5000  -30.0000 9596.5713   26.3173
    0.0000   -7.5000  -30.000010001.6904   26.1612
    7.5000   -7.5000  -30.0000 9653.9873   26.0292
   -7.5000    0.0000  -30.000010555.5264   26.3320
    0.0000    0.0000  -30.000011021.1748   26.1725
    7.5000    0.0000  -30.000010635.6982   26.0492
   -7.5000    7.5000  -30.000010719.5850   26.3773
    0.0000    7.5000  -30.000011180.7539   26.2254
    7.5000    7.5000  -30.000010777.3389   26.1103
   -7.5000   15.0000  -30.000010638.6758   26.3974
    0.0000   15.0000  -30.000011094.8262   26.2567
    7.5000   15.0000  -30.000010700.8076   26.1419
   -7.5000   22.5000  -30.000010379.0205   26.3611
    0.0000   22.5000  -30.000010869.6475   26.2239
    7.5000   22.5000  -30.000010468.0615   26.1006
   -7.5000   30.0000  -30.000010102.4531   25.9841
    0.0000   30.0000  -30.000010601.9326   25.8411
    7.5000   30.0000  -30.000010221.9434   25.7106
   -7.5000   37.5000  -30.000010233.5059   25.9691
    0.0000   37.5000  -30.000010733.4932   25.8151
    7.5000   37.5000  -30.000010346.7832   25.6848
   -7.5000   45.0000  -30.000010009.6660   25.3400
    0.0000   45.0000  -30.000010480.3496   25.1865
    7.5000   45.0000  -30.000010117.6973   25.0678
   -7.5000  -45.0000  -22.5000 5818.3169   30.0008
    0.0000  -45.0000  -22.5000 6094.3989   29.8342
    7.5000  -45.0000  -22.5000 5857.8218   29.6980
   -7.5000  -37.5000  -22.5000 6464.7129   28.9404
    0.0000  -37.5000  -22.5000 6731.4390   28.7905
    7.5000  -37.5000  -22.5000 6485.6934   28.6694
   -7.5000  -30.0000  -22.5000 7349.0605   28.0749
    0.0000  -30.0000  -22.5000 7642.6582   27.9338
    7.5000  -30.0000  -22.5000 7352.7656   27.8079
   -7.5000  -22.5000  -22.5000 8309.3750   27.3426
    0.0000  -22.5000  -22.5000 8642.7354   27.2098
    7.5000  -22.5000  -22.5000 8318.7344   27.0784
   -7.5000  -15.0000  -22.5000 9387.2803   27.2678
    0.0000  -15.0000  -22.5000 9788.6035   27.1332
    7.5000  -15.0000  -22.5000 9435.9297   26.9995
   -7.5000   -7.5000  -22.500010471.2119   27.2241
    0.0000   -7.5000  -22.500010940.6436   27.0890
    7.5000   -7.5000  -22.500010543.9092   26.9663
   -7.5000    0.0000  -22.500011483.9268   27.2362
    0.0000    0.0000  -22.500012019.8242   27.1021
    7.5000    0.0000  -22.500011608.5791   26.9921
   -7.5000    7.5000  -22.500011616.5342   27.3117
    0.0000    7.5000  -22.500012150.9746   27.1786
    7.5000    7.5000  -22.500011717.0977   27.0696
   -7.5000   15.0000  -22.500011526.7227   27.3625
    0.0000   15.0000  -22.500012058.5967   27.2301
    7.5000   15.0000  -22.500011602.2559   27.1107
   -7.5000   22.5000  -22.500011278.5186   27.3221
    0.0000   22.5000  -22.500011822.1348   27.1894
    7.5000   22.5000  -22.500011355.3281   27.0581
   -7.5000   30.0000  -22.500011003.2764   26.9111
    0.0000   30.0000  -22.500011588.7754   26.7783
    7.5000   30.0000  -22.500011121.2080   26.6463
   -7.5000   37.5000  -22.500011097.9463   26.8680
    0.0000   37.5000  -22.500011713.2637   26.7346
    7.5000   37.5000  -22.500011244.6328   26.6136
   -7.5000   45.0000  -22.500010833.9023   26.2298
    0.0000   45.0000  -22.500011418.1377   26.1007
    7.5000   45.0000  -22.500010974.3428   25.9947
   -7.5000  -45.0000  -15.0000 6324.7231   30.7792
    0.0000  -45.0000  -15.0000 6592.9424   30.5956
    7.5000  -45.0000  -15.0000 6348.6270   30.4587
   -7.5000  -37.5000  -15.0000 6979.6299   29.6715
    0.0000  -37.5000  -15.0000 7269.9219   29.5037
    7.5000  -37.5000  -15.0000 7007.1021   29.3744
   -7.5000  -30.0000  -15.0000 7933.8760   28.7838
    0.0000  -30.0000  -15.0000 8253.1211   28.6193
    7.5000  -30.0000  -15.0000 7940.8589   28.4818
   -7.5000  -22.5000  -15.0000 8983.8545   28.0462
    0.0000  -22.5000  -15.0000 9370.0566   27.8872
    7.5000  -22.5000  -15.0000 9000.2188   27.7485
   -7.5000  -15.0000  -15.000010147.0176   27.9822
    0.0000  -15.0000  -15.000010624.2412   27.8228
    7.5000  -15.0000  -15.000010219.6621   27.6876
   -7.5000   -7.5000  -15.000011299.3232   27.9311
    0.0000   -7.5000  -15.000011857.9336   27.7776
    7.5000   -7.5000  -15.000011408.5342   27.6564
   -7.5000    0.0000  -15.000012388.4492   27.9266
    0.0000    0.0000  -15.000013002.6562   27.7794
    7.5000    0.0000  -15.000012522.7266   27.6686
   -7.5000    7.5000  -15.000012510.4971   27.9944
    0.0000    7.5000  -15.000013139.8447   27.8464
    7.5000    7.5000  -15.000012638.0117   27.7305
   -7.5000   15.0000  -15.000012387.0176   28.0508
    0.0000   15.0000  -15.000013006.5195   27.8969
    7.5000   15.0000  -15.000012489.5527   27.7672
   -7.5000   22.5000  -15.000012168.2334   28.0240
    0.0000   22.5000  -15.000012797.7070   27.8651
    7.5000   22.5000  -15.000012269.2666   27.7266
   -7.5000   30.0000  -15.000011915.3945   27.6200
    0.0000   30.0000  -15.000012577.2744   27.4627
    7.5000   30.0000  -15.000012019.4385   27.3293
   -7.5000   37.5000  -15.000012018.4961   27.5696
    0.0000   37.5000  -15.000012689.6348   27.4181
    7.5000   37.5000  -15.000012128.4727   27.2984
   -7.5000   45.0000  -15.000011682.2822   26.9109
    0.0000   45.0000  -15.000012336.6377   26.7691
    7.5000   45.0000  -15.000011802.3408   26.6623
   -7.5000  -45.0000   -7.5000 6804.0845   31.1885
    0.0000  -45.0000   -7.5000 7092.1885   30.9464
    7.5000  -45.0000   -7.5000 6809.7183   30.7873
   -7.5000  -37.5000   -7.5000 7495.5308   30.0174
    0.0000  -37.5000   -7.5000 7821.7324   29.8024
    7.5000  -37.5000   -7.5000 7509.8594   29.6539
   -7.5000  -30.0000   -7.5000 8515.8770   29.0869
    0.0000  -30.0000   -7.5000 8893.7500   28.8844
    7.5000  -30.0000   -7.5000 8551.8428   28.7383
   -7.5000  -22.5000   -7.5000 9703.9443   28.3609
    0.0000  -22.5000   -7.500010138.7295   28.1653
    7.5000  -22.5000   -7.5000 9732.9873   28.0258
   -7.5000  -15.0000   -7.500010992.3506   28.3410
    0.0000  -15.0000   -7.500011501.8516   28.1389
    7.5000  -15.0000   -7.500011034.3447   28.0011
   -7.5000   -7.5000   -7.500012205.3379   28.3142
    0.0000   -7.5000   -7.500012821.6152   28.1120
    7.5000   -7.5000   -7.500012287.1611   27.9783
   -7.5000    0.0000   -7.500013364.8027   28.2942
    0.0000    0.0000   -7.500014047.8018   28.0985
    7.5000    0.0000   -7.500013457.7334   27.9679
   -7.5000    7.5000   -7.500013445.9814   28.3188
    0.0000    7.5000   -7.500014154.8730   28.1287
    7.5000    7.5000   -7.500013567.7861   27.9954
   -7.5000   15.0000   -7.500013321.8604   28.3463
    0.0000   15.0000   -7.500014029.5146   28.1563
    7.5000   15.0000   -7.500013435.2979   28.0181
   -7.5000   22.5000   -7.500013118.8838   28.3354
    0.0000   22.5000   -7.500013837.1777   28.1401
    7.5000   22.5000   -7.500013223.6523   28.0006
   -7.5000   30.0000   -7.500012859.0010   27.9735
    0.0000   30.0000   -7.500013573.1396   27.7740
    7.5000   30.0000   -7.500012938.7549   27.6380
   -7.5000   37.5000   -7.500013006.0508   27.9471
    0.0000   37.5000   -7.500013718.5381   27.7474
    7.5000   37.5000   -7.500013063.3027   27.6155
   -7.5000   45.0000   -7.500012637.7158   27.2703
    0.0000   45.0000   -7.500013350.2490   27.0816
    7.5000   45.0000   -7.500012718.2490   26.9557
   -7.5000  -45.0000    0.0000 7206.4497   31.2389
    0.0000  -45.0000    0.0000 7501.0859   30.9567
    7.5000  -45.0000    0.0000 7191.8315   30.7782
   -7.5000  -37.5000    0.0000 7954.1255   30.0398
    0.0000  -37.5000    0.0000 8302.9932   29.7962
    7.5000  -37.5000    0.0000 7969.0288   29.6366
   -7.5000  -30.0000    0.0000 9083.3730   29.0816
    0.0000  -30.0000    0.0000 9515.4385   28.8634
    7.5000  -30.0000    0.0000 9143.1289   28.7183
   -7.5000  -22.5000    0.000010380.9121   28.3635
    0.0000  -22.5000    0.000010864.2070   28.1553
    7.5000  -22.5000    0.000010429.4590   28.0196
   -7.5000  -15.0000    0.000011756.5371   28.3733
    0.0000  -15.0000    0.000012304.6992   28.1518
    7.5000  -15.0000    0.000011800.5557   28.0115
   -7.5000   -7.5000    0.000013065.3320   28.3727
    0.0000   -7.5000    0.000013670.9521   28.1402
    7.5000   -7.5000    0.000013107.8389   27.9933
   -7.5000    0.0000    0.000014275.0938   28.3516
    0.0000    0.0000    0.000014958.7051   28.1217
    7.5000    0.0000    0.000014364.1348   27.9739
   -7.5000    7.5000    0.000014350.2520   28.3450
    0.0000    7.5000    0.000015077.7627   28.1282
    7.5000    7.5000    0.000014485.3232   27.9844
   -7.5000   15.0000    0.000014227.7070   28.3436
    0.0000   15.0000    0.000014999.5430   28.1378
    7.5000   15.0000    0.000014395.0479   27.9997
   -7.5000   22.5000    0.000014013.8613   28.3379
    0.0000   22.5000    0.000014831.6494   28.1301
    7.5000   22.5000    0.000014161.3008   27.9945
   -7.5000   30.0000    0.000013747.6562   28.0061
    0.0000   30.0000    0.000014491.9131   27.7875
    7.5000   30.0000    0.000013786.6309   27.6489
   -7.5000   37.5000    0.000013879.8340   28.0055
    0.0000   37.5000    0.000014607.5322   27.7760
    7.5000   37.5000    0.000013870.4443   27.6310
   -7.5000   45.0000    0.000013512.5654   27.3277
    0.0000   45.0000    0.000014233.3135   27.1061
    7.5000   45.0000    0.000013515.7949   26.9636
   -7.5000  -45.0000    7.5000 7106.4863   31.1785
    0.0000  -45.0000    7.5000 7383.6860   30.9150
    7.5000  -45.0000    7.5000 7068.0811   30.7364
   -7.5000  -37.5000    7.5000 7862.3354   30.0063
    0.0000  -37.5000    7.5000 8196.6738   29.7813
    7.5000  -37.5000    7.5000 7890.6274   29.6284
   -7.5000  -30.0000    7.5000 8962.7275   29.0525
    0.0000  -30.0000    7.5000 9419.9277   28.8569
    7.5000  -30.0000    7.5000 9077.7832   28.7202
   -7.5000  -22.5000    7.500010199.1719   28.3193
    0.0000  -22.5000    7.500010713.2324   28.1365
    7.5000  -22.5000    7.500010311.7627   28.0040
   -7.5000  -15.0000    7.500011539.1064   28.3118
    0.0000  -15.0000    7.500012076.2793   28.1154
    7.5000  -15.0000    7.500011638.6406   27.9729
   -7.5000   -7.5000    7.500012842.8301   28.3154
    0.0000   -7.5000    7.500013407.3799   28.1026
    7.5000   -7.5000    7.500012904.4854   27.9524
   -7.5000    0.0000    7.500014074.2412   28.3130
    0.0000    0.0000    7.500014717.0352   28.0979
    7.5000    0.0000    7.500014203.6104   27.9502
   -7.5000    7.5000    7.500014239.8506   28.3207
    0.0000    7.5000    7.500014891.8760   28.1194
    7.5000    7.5000    7.500014410.7461   27.9814
   -7.5000   15.0000    7.500014175.3320   28.3178
    0.0000   15.0000    7.500014917.4375   28.1329
    7.5000   15.0000    7.500014377.1387   28.0022
   -7.5000   22.5000    7.500013923.7949   28.2938
    0.0000   22.5000    7.500014696.6230   28.1112
    7.5000   22.5000    7.500014060.7998   27.9788
   -7.5000   30.0000    7.500013612.6846   27.9454
    0.0000   30.0000    7.500014276.1982   27.7515
    7.5000   30.0000    7.500013609.2402   27.6109
   -7.5000   37.5000    7.500013732.4893   27.9489
    0.0000   37.5000    7.500014353.2256   27.7389
    7.5000   37.5000    7.500013672.0801   27.5907
   -7.5000   45.0000    7.500013367.0723   27.2905
    0.0000   45.0000    7.500013963.5977   27.0831
    7.5000   45.0000    7.500013333.5010   26.9408
   -7.5000  -45.0000   15.0000 6840.3320   31.1327
    0.0000  -45.0000   15.0000 7133.2471   30.9219
    7.5000  -45.0000   15.0000 6827.4473   30.7600
   -7.5000  -37.5000   15.0000 7636.2695   30.0082
    0.0000  -37.5000   15.0000 7973.0176   29.8259
    7.5000  -37.5000   15.0000 7663.7939   29.6892
   -7.5000  -30.0000   15.0000 8780.5029   29.0816
    0.0000  -30.0000   15.0000 9182.7373   28.9216
    7.5000  -30.0000   15.0000 8855.7432   28.7925
   -7.5000  -22.5000   15.0000 9963.5625   28.3267
    0.0000  -22.5000   15.000010415.1572   28.1793
    7.5000  -22.5000   15.000010051.3867   28.0468
   -7.5000  -15.0000   15.000011186.7832   28.2768
    0.0000  -15.0000   15.000011694.5625   28.1211
    7.5000  -15.0000   15.000011315.9531   27.9791
   -7.5000   -7.5000   15.000012364.9111   28.2604
    0.0000   -7.5000   15.000012930.4170   28.0928
    7.5000   -7.5000   15.000012508.0273   27.9510
   -7.5000    0.0000   15.000013542.4268   28.2761
    0.0000    0.0000   15.000014223.0420   28.1049
    7.5000    0.0000   15.000013764.0205   27.9724
   -7.5000    7.5000   15.000013866.9678   28.3248
    0.0000    7.5000   15.000014624.8330   28.1616
    7.5000    7.5000   15.000014182.4482   28.0381
   -7.5000   15.0000   15.000013993.9375   28.3464
    0.0000   15.0000   15.000014899.3174   28.1953
    7.5000   15.0000   15.000014320.8525   28.0720
   -7.5000   22.5000   15.000013763.5547   28.3012
    0.0000   22.5000   15.000014415.7939   28.1539
    7.5000   22.5000   15.000013796.4316   28.0215
   -7.5000   30.0000   15.000013435.5771   27.9108
    0.0000   30.0000   15.000013814.9990   27.7572
    7.5000   30.0000   15.000013274.1240   27.6170
   -7.5000   37.5000   15.000013596.6240   27.8946
    0.0000   37.5000   15.000013887.9600   27.7292
    7.5000   37.5000   15.000013419.4375   27.5893
   -7.5000   45.0000   15.000013213.0410   27.2549
    0.0000   45.0000   15.000013584.7793   27.0899
    7.5000   45.0000   15.000013125.8643   26.9622
   -7.5000  -45.0000   22.5000 6578.5889   31.1433
    0.0000  -45.0000   22.5000 6854.3462   30.9702
    7.5000  -45.0000   22.5000 6600.0068   30.8289
   -7.5000  -37.5000   22.5000 7328.0674   30.0424
    0.0000  -37.5000   22.5000 7652.9375   29.8869
    7.5000  -37.5000   22.5000 7385.2183   29.7612
   -7.5000  -30.0000   22.5000 8411.6230   29.1440
    0.0000  -30.0000   22.5000 8831.8223   28.9975
    7.5000  -30.0000   22.5000 8482.4180   28.8669
   -7.5000  -22.5000   22.5000 9537.3691   28.3838
    0.0000  -22.5000   22.5000 9999.8350   28.2459
    7.5000  -22.5000   22.5000 9608.9766   28.1095
   -7.5000  -15.0000   22.500010716.3516   28.3061
    0.0000  -15.0000   22.500011213.7354   28.1664
    7.5000  -15.0000   22.500010828.8936   28.0276
   -7.5000   -7.5000   22.500011832.5732   28.2608
    0.0000   -7.5000   22.500012345.4229   28.1205
    7.5000   -7.5000   22.500011979.4131   27.9932
   -7.5000    0.0000   22.500012999.1807   28.2733
    0.0000    0.0000   22.500013524.0391   28.1342
    7.5000    0.0000   22.500013199.8350   28.0199
   -7.5000    7.5000   22.500013352.9023   28.3517
    0.0000    7.5000   22.500014019.6016   28.2136
    7.5000    7.5000   22.500013671.4277   28.1004
   -7.5000   15.0000   22.500013489.3018   28.4044
    0.0000   15.0000   22.500014370.1934   28.2670
    7.5000   15.0000   22.500013956.3730   28.1431
   -7.5000   22.5000   22.500013343.0723   28.3582
    0.0000   22.5000   22.500013884.5654   28.2205
    7.5000   22.5000   22.500013544.4053   28.0842
   -7.5000   30.0000   22.500013097.7041   27.9398
    0.0000   30.0000   22.500013337.0117   27.8019
    7.5000   30.0000   22.500013020.0674   27.6649
   -7.5000   37.5000   22.500013298.2920   27.8950
    0.0000   37.5000   22.500013556.6855   27.7566
    7.5000   37.5000   22.500013182.0566   27.6309
   -7.5000   45.0000   22.500012885.2646   27.2522
    0.0000   45.0000   22.500013282.5576   27.1181
    7.5000   45.0000   22.500012858.5967   27.0080
   -7.5000  -45.0000   30.0000 6163.4888   31.2016
    0.0000  -45.0000   30.0000 6445.0308   31.0155
    7.5000  -45.0000   30.0000 6175.4697   30.8768
   -7.5000  -37.5000   30.0000 6880.9756   30.0787
    0.0000  -37.5000   30.0000 7198.0796   29.9086
    7.5000  -37.5000   30.0000 6931.7354   29.7775
   -7.5000  -30.0000   30.0000 7953.1494   29.1789
    0.0000  -30.0000   30.0000 8299.1650   29.0120
    7.5000  -30.0000   30.0000 7995.7725   28.8727
   -7.5000  -22.5000   30.0000 9069.0049   28.4311
    0.0000  -22.5000   30.0000 9429.6006   28.2699
    7.5000  -22.5000   30.0000 9095.7061   28.1293
   -7.5000  -15.0000   30.000010182.8291   28.3662
    0.0000  -15.0000   30.000010585.7783   28.2046
    7.5000  -15.0000   30.000010244.3906   28.0676
   -7.5000   -7.5000   30.000011247.7080   28.3144
    0.0000   -7.5000   30.000011701.8965   28.1588
    7.5000   -7.5000   30.000011361.8379   28.0359
   -7.5000    0.0000   30.000012333.7979   28.3098
    0.0000    0.0000   30.000012899.0020   28.1606
    7.5000    0.0000   30.000012539.2734   28.0483
   -7.5000    7.5000   30.000012552.9121   28.3786
    0.0000    7.5000   30.000013243.9004   28.2286
    7.5000    7.5000   30.000012924.4990   28.1111
   -7.5000   15.0000   30.000012591.7080   28.4357
    0.0000   15.0000   30.000013383.4912   28.2798
    7.5000   15.0000   30.000013082.5596   28.1483
   -7.5000   22.5000   30.000012512.5557   28.4056
    0.0000   22.5000   30.000013224.1963   28.2445
    7.5000   22.5000   30.000012928.7471   28.1041
   -7.5000   30.0000   30.000012348.2168   27.9991
    0.0000   30.0000   30.000012928.2129   27.8396
    7.5000   30.0000   30.000012605.3369   27.7044
   -7.5000   37.5000   30.000012519.1895   27.9479
    0.0000   37.5000   30.000013061.5312   27.7944
    7.5000   37.5000   30.000012671.7197   27.6731
   -7.5000   45.0000   30.000012104.6523   27.2874
    0.0000   45.0000   30.000012669.6709   27.1436
    7.5000   45.0000   30.000012219.9893   27.0353
   -7.5000  -45.0000   37.5000 6019.0850   31.3299
    0.0000  -45.0000   37.5000 6252.6528   31.0861
    7.5000  -45.0000   37.5000 6009.6055   30.9253
   -7.5000  -37.5000   37.5000 6727.3335   30.1531
    0.0000  -37.5000   37.5000 6958.3462   29.9365
    7.5000  -37.5000   37.5000 6736.6670   29.7863
   -7.5000  -30.0000   37.5000 7720.9663   29.2179
    0.0000  -30.0000   37.5000 8003.7295   29.0136
    7.5000  -30.0000   37.5000 7734.0337   28.8660
   -7.5000  -22.5000   37.5000 8793.3213   28.4877
    0.0000  -22.5000   37.5000 9144.2002   28.2904
    7.5000  -22.5000   37.5000 8801.3467   28.1494
   -7.5000  -15.0000   37.5000 9914.1748   28.4676
    0.0000  -15.0000   37.500010353.2471   28.2639
    7.5000  -15.0000   37.5000 9954.1201   28.1246
   -7.5000   -7.5000   37.500011037.7354   28.4405
    0.0000   -7.5000   37.500011547.9678   28.2367
    7.5000   -7.5000   37.500011079.8271   28.1016
   -7.5000    0.0000   37.500012082.0898   28.4202
    0.0000    0.0000   37.500012701.3750   28.2230
    7.5000    0.0000   37.500012233.2275   28.0910
   -7.5000    7.5000   37.500012192.8232   28.4451
    0.0000    7.5000   37.500012899.3506   28.2534
    7.5000    7.5000   37.500012486.8076   28.1186
   -7.5000   15.0000   37.500012158.1934   28.4729
    0.0000   15.0000   37.500012809.1729   28.2812
    7.5000   15.0000   37.500012425.6123   28.1415
   -7.5000   22.5000   37.500012029.3281   28.4620
    0.0000   22.5000   37.500012643.0391   28.2650
    7.5000   22.5000   37.500012255.6260   28.1241
   -7.5000   30.0000   37.500011823.2256   28.0992
    0.0000   30.0000   37.500012449.4639   27.8981
    7.5000   30.0000   37.500012064.6924   27.7606
   -7.5000   37.5000   37.500012014.9082   28.0724
    0.0000   37.5000   37.500012619.8975   27.8712
    7.5000   37.5000   37.500012205.2051   27.7379
   -7.5000   45.0000   37.500011676.6484   27.3938
    0.0000   45.0000   37.500012247.0264   27.2037
    7.5000   45.0000   37.500011813.3320   27.0765
   -7.5000  -45.0000   45.0000 5521.9419   31.2620
    0.0000  -45.0000   45.0000 5719.8008   30.9770
    7.5000  -45.0000   45.0000 5480.3481   30.7962
   -7.5000  -37.5000   45.0000 6150.8579   30.0598
    0.0000  -37.5000   45.0000 6375.8867   29.8139
    7.5000  -37.5000   45.0000 6142.5371   29.6524
   -7.5000  -30.0000   45.0000 7063.5635   29.0990
    0.0000  -30.0000   45.0000 7359.2881   28.8788
    7.5000  -30.0000   45.0000 7063.6250   28.7323
   -7.5000  -22.5000   45.0000 8076.7646   28.3793
    0.0000  -22.5000   45.0000 8420.4395   28.1694
    7.5000  -22.5000   45.0000 8056.5786   28.0324
   -7.5000  -15.0000   45.0000 9174.4023   28.3902
    0.0000  -15.0000   45.0000 9553.7725   28.1667
    7.5000  -15.0000   45.0000 9137.3359   28.0246
   -7.5000   -7.5000   45.000010209.6934   28.3902
    0.0000   -7.5000   45.000010655.2256   28.1554
    7.5000   -7.5000   45.000010186.0693   28.0066
   -7.5000    0.0000   45.000011152.2695   28.3689
    0.0000    0.0000   45.000011692.5010   28.1366
    7.5000    0.0000   45.000011206.4609   27.9869
   -7.5000    7.5000   45.000011216.0605   28.3614
    0.0000    7.5000   45.000011763.1904   28.1424
    7.5000    7.5000   45.000011313.4600   27.9970
   -7.5000   15.0000   45.000011133.4043   28.3592
    0.0000   15.0000   45.000011624.0273   28.1516
    7.5000   15.0000   45.000011200.1133   28.0122
   -7.5000   22.5000   45.000010983.2305   28.3537
    0.0000   22.5000   45.000011447.7324   28.1441
    7.5000   22.5000   45.000011038.7891   28.0071
   -7.5000   30.0000   45.000010803.2881   28.0203
    0.0000   30.0000   45.000011305.8447   27.7998
    7.5000   30.0000   45.000010893.1123   27.6595
   -7.5000   37.5000   45.000010980.9648   28.0203
    0.0000   37.5000   45.000011488.7383   27.7886
    7.5000   37.5000   45.000011082.9990   27.6418
   -7.5000   45.0000   45.000010716.4092   27.3567
    0.0000   45.0000   45.000011208.8086   27.1327
    7.5000   45.0000   45.000010808.4941   26.9883

---------------------------------------------------------------------
imgreg_4dfp /opt/freesurfer/average/711-2C_as_mni_average_305 /opt/freesurfer/average/711-2B_as_mni_average_305_mask talsrcimg_g11 none talsrcimg_to_711-2C_as_mni_average_305_t4 4355
---------------------------------------------------------------------

freesurfer imgreg_4dfp.c
/opt/freesurfer/average/711-2C_as_mni_average_305.4dfp.img
       256       256       256         1
  1.000000  1.000000  1.000000
orientation T byte_order littleendian
Reading image: /opt/freesurfer/average/711-2C_as_mni_average_305.4dfp.img
dimensions:      256       256       256
mmppix:       1.0000   -1.0000   -1.0000
center:     128.0000 -129.0000 -129.0000
/opt/freesurfer/average/711-2B_as_mni_average_305_mask.4dfp.img
       256       256       256         1
  1.000000  1.000000  1.000000
orientation T byte_order littleendian
Reading mask: /opt/freesurfer/average/711-2B_as_mni_average_305_mask.4dfp.img (2306576 pixels)
talsrcimg_g11.4dfp.img
       256       256       256         1
  1.000000  1.000000  1.000000
orientation T byte_order littleendian
Reading image: talsrcimg_g11.4dfp.img
dimensions:      256       256       256
mmppix:       1.0000   -1.0000   -1.0000
center:     128.0000 -129.0000 -129.0000
rotation matrix determinant  1.000000
image alignment mode   4355 decimal     1103 hex
   -7.5000  -37.5000  -45.0000 1437.9928   54.1950
    0.0000  -37.5000  -45.0000 1451.0099   53.6855
    7.5000  -37.5000  -45.0000 1449.5820   53.1701
   -7.5000  -30.0000  -45.0000 1563.8727   46.5753
    0.0000  -30.0000  -45.0000 1574.7351   46.0149
    7.5000  -30.0000  -45.0000 1567.6526   45.7737
   -7.5000  -22.5000  -45.0000 1702.3479   40.5613
    0.0000  -22.5000  -45.0000 1702.4838   39.9910
    7.5000  -22.5000  -45.0000 1702.3591   40.0069
   -7.5000  -15.0000  -45.0000 1820.6815   36.0315
    0.0000  -15.0000  -45.0000 1822.2443   35.3533
    7.5000  -15.0000  -45.0000 1828.1785   35.5150
   -7.5000   -7.5000  -45.0000 1911.1226   32.8139
    0.0000   -7.5000  -45.0000 1915.0406   31.9928
    7.5000   -7.5000  -45.0000 1921.7722   32.2881
   -7.5000    0.0000  -45.0000 1978.6744   30.5106
    0.0000    0.0000  -45.0000 1993.2690   29.8141
    7.5000    0.0000  -45.0000 1997.4170   29.9695
   -7.5000    7.5000  -45.0000 2038.2806   28.7952
    0.0000    7.5000  -45.0000 2050.1050   28.2025
    7.5000    7.5000  -45.0000 2056.1250   28.3780
   -7.5000   15.0000  -45.0000 2063.8789   27.7033
    0.0000   15.0000  -45.0000 2085.2229   27.1767
    7.5000   15.0000  -45.0000 2087.4089   27.3508
   -7.5000   22.5000  -45.0000 2079.0964   27.1045
    0.0000   22.5000  -45.0000 2094.5896   26.5755
    7.5000   22.5000  -45.0000 2096.4846   26.7450
   -7.5000   30.0000  -45.0000 2077.3909   27.2113
    0.0000   30.0000  -45.0000 2090.1182   26.5974
    7.5000   30.0000  -45.0000 2092.3821   26.7882
   -7.5000   37.5000  -45.0000 2065.7664   28.1330
    0.0000   37.5000  -45.0000 2074.1453   27.4661
    7.5000   37.5000  -45.0000 2085.9451   27.7079
   -7.5000   45.0000  -45.0000 2030.9835   29.5389
    0.0000   45.0000  -45.0000 2046.2114   28.7861
    7.5000   45.0000  -45.0000 2054.1721   28.9168
   -7.5000   52.5000  -45.0000 1966.9609   31.1028
    0.0000   52.5000  -45.0000 1975.0024   30.2969
    7.5000   52.5000  -45.0000 1981.1289   30.4159
   -7.5000  -37.5000  -37.5000 1516.9097   49.5800
    0.0000  -37.5000  -37.5000 1530.8539   49.2908
    7.5000  -37.5000  -37.5000 1528.9210   49.0424
   -7.5000  -30.0000  -37.5000 1646.7046   42.5491
    0.0000  -30.0000  -37.5000 1654.9108   42.1072
    7.5000  -30.0000  -37.5000 1650.7925   42.2217
   -7.5000  -22.5000  -37.5000 1783.7777   37.1800
    0.0000  -22.5000  -37.5000 1787.3943   36.5475
    7.5000  -22.5000  -37.5000 1782.7637   36.7114
   -7.5000  -15.0000  -37.5000 1905.6936   33.1097
    0.0000  -15.0000  -37.5000 1917.8545   32.3831
    7.5000  -15.0000  -37.5000 1913.0096   32.5998
   -7.5000   -7.5000  -37.5000 1994.4139   30.1224
    0.0000   -7.5000  -37.5000 2016.5992   29.5292
    7.5000   -7.5000  -37.5000 2016.2985   29.7216
   -7.5000    0.0000  -37.5000 2079.2908   28.0725
    0.0000    0.0000  -37.5000 2097.3088   27.5658
    7.5000    0.0000  -37.5000 2101.1123   27.6845
   -7.5000    7.5000  -37.5000 2147.3962   26.4802
    0.0000    7.5000  -37.5000 2161.2097   26.1488
    7.5000    7.5000  -37.5000 2167.5493   26.1985
   -7.5000   15.0000  -37.5000 2179.8091   25.4600
    0.0000   15.0000  -37.5000 2190.3337   25.0738
    7.5000   15.0000  -37.5000 2204.3201   25.1788
   -7.5000   22.5000  -37.5000 2185.8088   24.8422
    0.0000   22.5000  -37.5000 2199.5432   24.4404
    7.5000   22.5000  -37.5000 2214.5391   24.6113
   -7.5000   30.0000  -37.5000 2177.1997   24.8852
    0.0000   30.0000  -37.5000 2192.2520   24.4469
    7.5000   30.0000  -37.5000 2203.3108   24.6182
   -7.5000   37.5000  -37.5000 2161.5879   25.6477
    0.0000   37.5000  -37.5000 2177.0042   25.1389
    7.5000   37.5000  -37.5000 2177.6355   25.2873
   -7.5000   45.0000  -37.5000 2120.3083   26.8343
    0.0000   45.0000  -37.5000 2136.4351   26.1690
    7.5000   45.0000  -37.5000 2139.5259   26.2361
   -7.5000   52.5000  -37.5000 2052.2046   28.1502
    0.0000   52.5000  -37.5000 2066.2383   27.4082
    7.5000   52.5000  -37.5000 2070.5762   27.5142
   -7.5000  -37.5000  -30.0000 1617.4213   47.5870
    0.0000  -37.5000  -30.0000 1644.1034   47.0256
    7.5000  -37.5000  -30.0000 1643.7822   47.1188
   -7.5000  -30.0000  -30.0000 1752.8964   40.7580
    0.0000  -30.0000  -30.0000 1769.7805   40.1584
    7.5000  -30.0000  -30.0000 1771.7423   40.5192
   -7.5000  -22.5000  -30.0000 1889.8108   35.4483
    0.0000  -22.5000  -30.0000 1903.8715   34.8566
    7.5000  -22.5000  -30.0000 1905.2006   35.2656
   -7.5000  -15.0000  -30.0000 2022.8640   31.4774
    0.0000  -15.0000  -30.0000 2037.2526   30.9497
    7.5000  -15.0000  -30.0000 2037.3226   31.2212
   -7.5000   -7.5000  -30.0000 2124.7666   28.7226
    0.0000   -7.5000  -30.0000 2148.7275   28.2451
    7.5000   -7.5000  -30.0000 2154.1091   28.4026
   -7.5000    0.0000  -30.0000 2220.1438   26.7708
    0.0000    0.0000  -30.0000 2244.5896   26.4088
    7.5000    0.0000  -30.0000 2251.7385   26.5422
   -7.5000    7.5000  -30.0000 2293.8206   25.3116
    0.0000    7.5000  -30.0000 2314.3450   24.9977
    7.5000    7.5000  -30.0000 2318.4702   25.1056
   -7.5000   15.0000  -30.0000 2325.4976   24.1790
    0.0000   15.0000  -30.0000 2349.3389   24.0040
    7.5000   15.0000  -30.0000 2350.0508   24.0358
   -7.5000   22.5000  -30.0000 2335.7241   23.6097
    0.0000   22.5000  -30.0000 2363.7197   23.3154
    7.5000   22.5000  -30.0000 2362.5750   23.4022
   -7.5000   30.0000  -30.0000 2320.2529   23.6702
    0.0000   30.0000  -30.0000 2353.4844   23.3188
    7.5000   30.0000  -30.0000 2355.1882   23.4069
   -7.5000   37.5000  -30.0000 2301.5505   24.3054
    0.0000   37.5000  -30.0000 2331.5564   23.9388
    7.5000   37.5000  -30.0000 2329.4341   24.0465
   -7.5000   45.0000  -30.0000 2266.3647   25.3700
    0.0000   45.0000  -30.0000 2294.0413   24.8283
    7.5000   45.0000  -30.0000 2293.8540   24.8696
   -7.5000   52.5000  -30.0000 2192.8511   26.5617
    0.0000   52.5000  -30.0000 2215.3545   26.0032
    7.5000   52.5000  -30.0000 2218.8777   26.0361
   -7.5000  -37.5000  -22.5000 1697.1521   45.1741
    0.0000  -37.5000  -22.5000 1721.9780   44.6561
    7.5000  -37.5000  -22.5000 1723.7803   44.8278
   -7.5000  -30.0000  -22.5000 1838.7094   38.6507
    0.0000  -30.0000  -22.5000 1857.3247   38.1165
    7.5000  -30.0000  -22.5000 1856.6748   38.4588
   -7.5000  -22.5000  -22.5000 1984.7245   33.6446
    0.0000  -22.5000  -22.5000 2003.9602   33.2835
    7.5000  -22.5000  -22.5000 1998.5221   33.5599
   -7.5000  -15.0000  -22.5000 2125.7815   29.8666
    0.0000  -15.0000  -22.5000 2142.9871   29.5211
    7.5000  -15.0000  -22.5000 2141.1570   29.7116
   -7.5000   -7.5000  -22.5000 2238.4343   27.1761
    0.0000   -7.5000  -22.5000 2261.5601   26.8112
    7.5000   -7.5000  -22.5000 2265.5991   26.9861
   -7.5000    0.0000  -22.5000 2332.2258   25.2306
    0.0000    0.0000  -22.5000 2361.2815   24.9666
    7.5000    0.0000  -22.5000 2366.8362   25.0825
   -7.5000    7.5000  -22.5000 2408.9395   23.8832
    0.0000    7.5000  -22.5000 2435.3438   23.6873
    7.5000    7.5000  -22.5000 2436.5049   23.7322
   -7.5000   15.0000  -22.5000 2447.5137   22.8932
    0.0000   15.0000  -22.5000 2473.5144   22.7124
    7.5000   15.0000  -22.5000 2471.7000   22.7310
   -7.5000   22.5000  -22.5000 2465.4883   22.2887
    0.0000   22.5000  -22.5000 2497.3333   22.0901
    7.5000   22.5000  -22.5000 2491.0659   22.1010
   -7.5000   30.0000  -22.5000 2468.1755   22.3073
    0.0000   30.0000  -22.5000 2496.5303   22.0856
    7.5000   30.0000  -22.5000 2495.1406   22.0619
   -7.5000   37.5000  -22.5000 2440.7395   22.8775
    0.0000   37.5000  -22.5000 2476.9182   22.5967
    7.5000   37.5000  -22.5000 2477.5208   22.5854
   -7.5000   45.0000  -22.5000 2401.4211   23.7548
    0.0000   45.0000  -22.5000 2444.5139   23.3972
    7.5000   45.0000  -22.5000 2437.9888   23.3126
   -7.5000   52.5000  -22.5000 2320.3696   24.8706
    0.0000   52.5000  -22.5000 2360.0786   24.4885
    7.5000   52.5000  -22.5000 2353.0286   24.3971
   -7.5000  -37.5000  -15.0000 1753.9734   43.0060
    0.0000  -37.5000  -15.0000 1769.2158   42.4092
    7.5000  -37.5000  -15.0000 1768.1588   42.7678
   -7.5000  -30.0000  -15.0000 1892.2554   36.6655
    0.0000  -30.0000  -15.0000 1907.3495   36.2848
    7.5000  -30.0000  -15.0000 1905.2720   36.6594
   -7.5000  -22.5000  -15.0000 2041.6835   31.8886
    0.0000  -22.5000  -15.0000 2060.6160   31.5872
    7.5000  -22.5000  -15.0000 2057.1272   31.8207
   -7.5000  -15.0000  -15.0000 2192.3181   28.3023
    0.0000  -15.0000  -15.0000 2214.0037   28.0697
    7.5000  -15.0000  -15.0000 2206.1289   28.1737
   -7.5000   -7.5000  -15.0000 2312.9895   25.6777
    0.0000   -7.5000  -15.0000 2341.4082   25.5162
    7.5000   -7.5000  -15.0000 2335.2578   25.5622
   -7.5000    0.0000  -15.0000 2407.5813   23.7845
    0.0000    0.0000  -15.0000 2442.6018   23.6269
    7.5000    0.0000  -15.0000 2437.3828   23.6237
   -7.5000    7.5000  -15.0000 2490.9031   22.5183
    0.0000    7.5000  -15.0000 2520.4880   22.3395
    7.5000    7.5000  -15.0000 2515.2004   22.3129
   -7.5000   15.0000  -15.0000 2532.9451   21.6268
    0.0000   15.0000  -15.0000 2562.1785   21.4361
    7.5000   15.0000  -15.0000 2553.2708   21.4030
   -7.5000   22.5000  -15.0000 2567.6604   21.0286
    0.0000   22.5000  -15.0000 2595.9934   20.8312
    7.5000   22.5000  -15.0000 2586.8857   20.8009
   -7.5000   30.0000  -15.0000 2574.7727   20.9924
    0.0000   30.0000  -15.0000 2611.9380   20.8072
    7.5000   30.0000  -15.0000 2600.2314   20.7635
   -7.5000   37.5000  -15.0000 2547.4971   21.4560
    0.0000   37.5000  -15.0000 2589.3528   21.2360
    7.5000   37.5000  -15.0000 2583.0852   21.1711
   -7.5000   45.0000  -15.0000 2493.9556   22.2628
    0.0000   45.0000  -15.0000 2542.9631   21.9770
    7.5000   45.0000  -15.0000 2537.0669   21.8959
   -7.5000   52.5000  -15.0000 2412.0457   23.3422
    0.0000   52.5000  -15.0000 2462.5635   23.0390
    7.5000   52.5000  -15.0000 2460.2803   22.9623
   -7.5000  -37.5000   -7.5000 1788.0626   41.0539
    0.0000  -37.5000   -7.5000 1799.1743   40.4585
    7.5000  -37.5000   -7.5000 1792.9675   40.7091
   -7.5000  -30.0000   -7.5000 1930.9982   34.9259
    0.0000  -30.0000   -7.5000 1941.3456   34.6447
    7.5000  -30.0000   -7.5000 1933.3883   34.8254
   -7.5000  -22.5000   -7.5000 2091.8511   30.3659
    0.0000  -22.5000   -7.5000 2103.7996   30.0814
    7.5000  -22.5000   -7.5000 2093.1133   30.2474
   -7.5000  -15.0000   -7.5000 2246.1436   26.9788
    0.0000  -15.0000   -7.5000 2259.7649   26.6569
    7.5000  -15.0000   -7.5000 2249.9146   26.7755
   -7.5000   -7.5000   -7.5000 2366.0574   24.4767
    0.0000   -7.5000   -7.5000 2390.9514   24.1876
    7.5000   -7.5000   -7.5000 2377.2317   24.1895
   -7.5000    0.0000   -7.5000 2466.9736   22.6984
    0.0000    0.0000   -7.5000 2500.1589   22.4683
    7.5000    0.0000   -7.5000 2485.5808   22.3785
   -7.5000    7.5000   -7.5000 2546.6882   21.3574
    0.0000    7.5000   -7.5000 2583.9536   21.1553
    7.5000    7.5000   -7.5000 2568.8301   21.0291
   -7.5000   15.0000   -7.5000 2598.4126   20.4166
    0.0000   15.0000   -7.5000 2634.5562   20.2342
    7.5000   15.0000   -7.5000 2618.0671   20.1465
   -7.5000   22.5000   -7.5000 2644.2952   19.8382
    0.0000   22.5000   -7.5000 2673.5750   19.6189
    7.5000   22.5000   -7.5000 2654.3428   19.5805
   -7.5000   30.0000   -7.5000 2652.5090   19.7818
    0.0000   30.0000   -7.5000 2686.9436   19.5594
    7.5000   30.0000   -7.5000 2670.1731   19.4937
   -7.5000   37.5000   -7.5000 2631.2949   20.2120
    0.0000   37.5000   -7.5000 2673.7744   19.9139
    7.5000   37.5000   -7.5000 2659.1458   19.8000
   -7.5000   45.0000   -7.5000 2582.9424   20.9656
    0.0000   45.0000   -7.5000 2628.5698   20.6347
    7.5000   45.0000   -7.5000 2616.6958   20.5400
   -7.5000   52.5000   -7.5000 2496.5215   22.0509
    0.0000   52.5000   -7.5000 2540.1365   21.6534
    7.5000   52.5000   -7.5000 2537.7444   21.6083
   -7.5000  -37.5000    0.0000 1799.9989   39.3972
    0.0000  -37.5000    0.0000 1814.7805   39.0020
    7.5000  -37.5000    0.0000 1817.0833   39.3762
   -7.5000  -30.0000    0.0000 1956.3148   33.7484
    0.0000  -30.0000    0.0000 1971.2598   33.5014
    7.5000  -30.0000    0.0000 1965.4548   33.7593
   -7.5000  -22.5000    0.0000 2130.4390   29.3964
    0.0000  -22.5000    0.0000 2139.7505   29.1113
    7.5000  -22.5000    0.0000 2129.3379   29.3179
   -7.5000  -15.0000    0.0000 2279.8323   26.0222
    0.0000  -15.0000    0.0000 2291.3840   25.7196
    7.5000  -15.0000    0.0000 2282.4634   25.8795
   -7.5000   -7.5000    0.0000 2401.4031   23.6125
    0.0000   -7.5000    0.0000 2418.0632   23.2617
    7.5000   -7.5000    0.0000 2408.1189   23.3328
   -7.5000    0.0000    0.0000 2507.9170   21.8889
    0.0000    0.0000    0.0000 2530.8523   21.5387
    7.5000    0.0000    0.0000 2522.6089   21.5514
   -7.5000    7.5000    0.0000 2591.9727   20.5616
    0.0000    7.5000    0.0000 2625.3274   20.2486
    7.5000    7.5000    0.0000 2614.1250   20.2171
   -7.5000   15.0000    0.0000 2648.6396   19.5482
    0.0000   15.0000    0.0000 2683.5999   19.2825
    7.5000   15.0000    0.0000 2671.2219   19.1854
   -7.5000   22.5000    0.0000 2695.6978   18.8934
    0.0000   22.5000    0.0000 2730.7930   18.6637
    7.5000   22.5000    0.0000 2712.0427   18.6098
   -7.5000   30.0000    0.0000 2710.4714   18.8427
    0.0000   30.0000    0.0000 2743.0366   18.5320
    7.5000   30.0000    0.0000 2722.1543   18.4406
   -7.5000   37.5000    0.0000 2693.9426   19.2042
    0.0000   37.5000    0.0000 2727.3350   18.8087
    7.5000   37.5000    0.0000 2712.2751   18.7165
   -7.5000   45.0000    0.0000 2648.6196   19.9279
    0.0000   45.0000    0.0000 2689.6750   19.5435
    7.5000   45.0000    0.0000 2680.7004   19.4577
   -7.5000   52.5000    0.0000 2561.3562   20.9529
    0.0000   52.5000    0.0000 2599.7739   20.5449
    7.5000   52.5000    0.0000 2593.8472   20.4580
   -7.5000  -37.5000    7.5000 1819.0374   38.5179
    0.0000  -37.5000    7.5000 1832.7159   38.1431
    7.5000  -37.5000    7.5000 1844.4528   38.7439
   -7.5000  -30.0000    7.5000 1968.3047   32.9715
    0.0000  -30.0000    7.5000 1991.6638   32.7257
    7.5000  -30.0000    7.5000 2001.8274   33.3320
   -7.5000  -22.5000    7.5000 2138.1902   28.6785
    0.0000  -22.5000    7.5000 2160.5522   28.4183
    7.5000  -22.5000    7.5000 2163.6401   28.8065
   -7.5000  -15.0000    7.5000 2292.3823   25.4253
    0.0000  -15.0000    7.5000 2310.0923   25.0358
    7.5000  -15.0000    7.5000 2313.3811   25.3683
   -7.5000   -7.5000    7.5000 2422.1580   23.0602
    0.0000   -7.5000    7.5000 2439.7100   22.5975
    7.5000   -7.5000    7.5000 2437.6816   22.8516
   -7.5000    0.0000    7.5000 2532.3792   21.3657
    0.0000    0.0000    7.5000 2558.8630   20.9113
    7.5000    0.0000    7.5000 2556.8870   21.0795
   -7.5000    7.5000    7.5000 2626.4065   20.1378
    0.0000    7.5000    7.5000 2659.3586   19.6874
    7.5000    7.5000    7.5000 2654.6304   19.7934
   -7.5000   15.0000    7.5000 2691.7021   19.0883
    0.0000   15.0000    7.5000 2725.3831   18.6645
    7.5000   15.0000    7.5000 2714.4802   18.6931
   -7.5000   22.5000    7.5000 2736.8325   18.2938
    0.0000   22.5000    7.5000 2777.8740   17.9146
    7.5000   22.5000    7.5000 2758.9336   17.8606
   -7.5000   30.0000    7.5000 2761.1018   18.1480
    0.0000   30.0000    7.5000 2797.5251   17.6798
    7.5000   30.0000    7.5000 2777.2852   17.6176
   -7.5000   37.5000    7.5000 2751.6047   18.5090
    0.0000   37.5000    7.5000 2783.3262   18.0144
    7.5000   37.5000    7.5000 2768.4177   17.9270
   -7.5000   45.0000    7.5000 2707.4387   19.2345
    0.0000   45.0000    7.5000 2734.4751   18.6931
    7.5000   45.0000    7.5000 2733.9307   18.6533
   -7.5000   52.5000    7.5000 2614.7078   20.3284
    0.0000   52.5000    7.5000 2636.7085   19.7446
    7.5000   52.5000    7.5000 2637.8906   19.7301
   -7.5000  -37.5000   15.0000 1820.3477   38.2953
    0.0000  -37.5000   15.0000 1837.2731   37.8708
    7.5000  -37.5000   15.0000 1848.1945   38.6137
   -7.5000  -30.0000   15.0000 1985.6855   32.9058
    0.0000  -30.0000   15.0000 2000.0042   32.4225
    7.5000  -30.0000   15.0000 2012.1050   33.2390
   -7.5000  -22.5000   15.0000 2153.2007   28.5213
    0.0000  -22.5000   15.0000 2167.6226   28.0816
    7.5000  -22.5000   15.0000 2176.7681   28.6832
   -7.5000  -15.0000   15.0000 2302.3943   25.1954
    0.0000  -15.0000   15.0000 2314.5845   24.7012
    7.5000  -15.0000   15.0000 2323.4756   25.2015
   -7.5000   -7.5000   15.0000 2427.8547   22.7866
    0.0000   -7.5000   15.0000 2442.5205   22.2732
    7.5000   -7.5000   15.0000 2453.6350   22.6315
   -7.5000    0.0000   15.0000 2535.0183   21.0763
    0.0000    0.0000   15.0000 2565.5256   20.6319
    7.5000    0.0000   15.0000 2573.3877   20.8634
   -7.5000    7.5000   15.0000 2630.9644   19.8829
    0.0000    7.5000   15.0000 2667.5798   19.4676
    7.5000    7.5000   15.0000 2669.4690   19.6433
   -7.5000   15.0000   15.0000 2711.7693   18.9789
    0.0000   15.0000   15.0000 2752.4993   18.5631
    7.5000   15.0000   15.0000 2742.8467   18.6290
   -7.5000   22.5000   15.0000 2763.0283   18.0867
    0.0000   22.5000   15.0000 2803.4829   17.4910
    7.5000   22.5000   15.0000 2783.7065   17.5449
   -7.5000   30.0000   15.0000 2798.2039   17.7681
    0.0000   30.0000   15.0000 2822.9829   16.9534
    7.5000   30.0000   15.0000 2804.3381   17.0807
   -7.5000   37.5000   15.0000 2801.7458   18.2378
    0.0000   37.5000   15.0000 2807.8633   17.3745
    7.5000   37.5000   15.0000 2808.8347   17.4594
   -7.5000   45.0000   15.0000 2759.0483   19.0615
    0.0000   45.0000   15.0000 2761.6597   18.2502
    7.5000   45.0000   15.0000 2771.0007   18.3541
   -7.5000   52.5000   15.0000 2652.7266   20.0892
    0.0000   52.5000   15.0000 2667.8315   19.3956
    7.5000   52.5000   15.0000 2673.4045   19.4575
   -7.5000  -37.5000   22.5000 1821.3459   39.0127
    0.0000  -37.5000   22.5000 1832.0748   38.2654
    7.5000  -37.5000   22.5000 1842.7019   39.1657
   -7.5000  -30.0000   22.5000 1985.8551   33.1754
    0.0000  -30.0000   22.5000 1998.4187   32.7357
    7.5000  -30.0000   22.5000 1999.0280   33.3898
   -7.5000  -22.5000   22.5000 2148.1909   28.5924
    0.0000  -22.5000   22.5000 2162.4136   28.2211
    7.5000  -22.5000   22.5000 2163.4666   28.7684
   -7.5000  -15.0000   22.5000 2297.3809   25.2261
    0.0000  -15.0000   22.5000 2312.6536   24.7646
    7.5000  -15.0000   22.5000 2316.9854   25.3166
   -7.5000   -7.5000   22.5000 2424.0352   22.8790
    0.0000   -7.5000   22.5000 2437.1736   22.3223
    7.5000   -7.5000   22.5000 2448.9333   22.7677
   -7.5000    0.0000   22.5000 2539.6694   21.2455
    0.0000    0.0000   22.5000 2551.9543   20.6635
    7.5000    0.0000   22.5000 2572.3257   21.0426
   -7.5000    7.5000   22.5000 2643.4954   20.0831
    0.0000    7.5000   22.5000 2651.9426   19.4393
    7.5000    7.5000   22.5000 2673.4958   19.8077
   -7.5000   15.0000   22.5000 2734.5403   19.1626
    0.0000   15.0000   22.5000 2737.2048   18.5738
    7.5000   15.0000   22.5000 2758.7737   18.8674
   -7.5000   22.5000   22.5000 2792.4514   18.2007
    0.0000   22.5000   22.5000 2824.0752   17.6774
    7.5000   22.5000   22.5000 2820.7163   17.8795
   -7.5000   30.0000   22.5000 2836.9001   17.9398
    0.0000   30.0000   22.5000 2855.7004   16.9485
    7.5000   30.0000   22.5000 2841.2253   17.3071
   -7.5000   37.5000   22.5000 2834.9062   18.2925
    0.0000   37.5000   22.5000 2861.7830   17.3910
    7.5000   37.5000   22.5000 2849.5134   17.6000
   -7.5000   45.0000   22.5000 2772.9841   19.0503
    0.0000   45.0000   22.5000 2798.9141   18.3728
    7.5000   45.0000   22.5000 2803.0962   18.4249
   -7.5000   52.5000   22.5000 2672.6943   20.0428
    0.0000   52.5000   22.5000 2696.7893   19.4207
    7.5000   52.5000   22.5000 2695.1887   19.4014
   -7.5000  -37.5000   30.0000 1797.0468   39.8461
    0.0000  -37.5000   30.0000 1807.8871   39.1205
    7.5000  -37.5000   30.0000 1818.7817   40.1655
   -7.5000  -30.0000   30.0000 1960.4851   34.0988
    0.0000  -30.0000   30.0000 1968.8350   33.5755
    7.5000  -30.0000   30.0000 1977.0458   34.3532
   -7.5000  -22.5000   30.0000 2137.3169   29.3957
    0.0000  -22.5000   30.0000 2140.8398   28.8293
    7.5000  -22.5000   30.0000 2146.2676   29.5043
   -7.5000  -15.0000   30.0000 2292.5742   25.8596
    0.0000  -15.0000   30.0000 2292.6953   25.2572
    7.5000  -15.0000   30.0000 2300.5254   25.8610
   -7.5000   -7.5000   30.0000 2420.3811   23.4230
    0.0000   -7.5000   30.0000 2417.9197   22.7835
    7.5000   -7.5000   30.0000 2429.5288   23.2496
   -7.5000    0.0000   30.0000 2534.6182   21.7622
    0.0000    0.0000   30.0000 2538.2192   21.1491
    7.5000    0.0000   30.0000 2551.2317   21.5409
   -7.5000    7.5000   30.0000 2632.4121   20.5683
    0.0000    7.5000   30.0000 2648.4104   20.0040
    7.5000    7.5000   30.0000 2663.8591   20.4044
   -7.5000   15.0000   30.0000 2717.0024   19.5365
    0.0000   15.0000   30.0000 2735.4993   19.0893
    7.5000   15.0000   30.0000 2750.5784   19.4457
   -7.5000   22.5000   30.0000 2787.4395   18.7127
    0.0000   22.5000   30.0000 2808.3206   18.1169
    7.5000   22.5000   30.0000 2814.6909   18.5247
   -7.5000   30.0000   30.0000 2836.9131   18.4750
    0.0000   30.0000   30.0000 2852.2859   17.7973
    7.5000   30.0000   30.0000 2846.5461   18.0607
   -7.5000   37.5000   30.0000 2825.9851   18.6853
    0.0000   37.5000   30.0000 2842.9312   18.1136
    7.5000   37.5000   30.0000 2837.7502   18.2392
   -7.5000   45.0000   30.0000 2757.5247   19.3408
    0.0000   45.0000   30.0000 2790.4551   18.8905
    7.5000   45.0000   30.0000 2782.7732   18.8933
   -7.5000   52.5000   30.0000 2656.1621   20.3469
    0.0000   52.5000   30.0000 2687.6912   19.8401
    7.5000   52.5000   30.0000 2680.5461   19.7878
   -7.5000  -37.5000   37.5000 1777.6313   41.5541
    0.0000  -37.5000   37.5000 1784.2540   40.7478
    7.5000  -37.5000   37.5000 1802.6765   41.9522
   -7.5000  -30.0000   37.5000 1937.6591   35.3518
    0.0000  -30.0000   37.5000 1940.1362   34.6021
    7.5000  -30.0000   37.5000 1958.2013   35.5815
   -7.5000  -22.5000   37.5000 2112.0613   30.3931
    0.0000  -22.5000   37.5000 2114.8765   29.7771
    7.5000  -22.5000   37.5000 2121.6792   30.4933
   -7.5000  -15.0000   37.5000 2269.3262   26.7839
    0.0000  -15.0000   37.5000 2277.3132   26.2750
    7.5000  -15.0000   37.5000 2280.0239   26.8265
   -7.5000   -7.5000   37.5000 2403.2341   24.3294
    0.0000   -7.5000   37.5000 2413.5000   23.8791
    7.5000   -7.5000   37.5000 2411.1660   24.2885
   -7.5000    0.0000   37.5000 2512.4980   22.6376
    0.0000    0.0000   37.5000 2529.5767   22.2077
    7.5000    0.0000   37.5000 2536.0481   22.5665
   -7.5000    7.5000   37.5000 2609.7883   21.3355
    0.0000    7.5000   37.5000 2633.3293   20.9915
    7.5000    7.5000   37.5000 2640.7830   21.3210
   -7.5000   15.0000   37.5000 2685.1528   20.1770
    0.0000   15.0000   37.5000 2703.8040   19.7133
    7.5000   15.0000   37.5000 2711.8657   20.0636
   -7.5000   22.5000   37.5000 2757.3667   19.3421
    0.0000   22.5000   37.5000 2766.3413   18.7105
    7.5000   22.5000   37.5000 2776.7109   19.0559
   -7.5000   30.0000   37.5000 2794.0330   19.1005
    0.0000   30.0000   37.5000 2813.9751   18.5853
    7.5000   30.0000   37.5000 2818.3552   18.7476
   -7.5000   37.5000   37.5000 2791.0818   19.3926
    0.0000   37.5000   37.5000 2812.1614   18.9482
    7.5000   37.5000   37.5000 2806.7109   18.9841
   -7.5000   45.0000   37.5000 2725.0850   20.0603
    0.0000   45.0000   37.5000 2754.7517   19.6826
    7.5000   45.0000   37.5000 2744.4758   19.6409
   -7.5000   52.5000   37.5000 2616.6138   20.9708
    0.0000   52.5000   37.5000 2646.4983   20.6086
    7.5000   52.5000   37.5000 2643.0532   20.5187
   -7.5000  -37.5000   45.0000 1745.1467   43.1329
    0.0000  -37.5000   45.0000 1749.1122   42.3294
    7.5000  -37.5000   45.0000 1770.8636   43.3624
   -7.5000  -30.0000   45.0000 1910.8723   36.8140
    0.0000  -30.0000   45.0000 1915.9597   36.2089
    7.5000  -30.0000   45.0000 1930.2325   37.0019
   -7.5000  -22.5000   45.0000 2090.7002   31.7995
    0.0000  -22.5000   45.0000 2091.3806   31.3765
    7.5000  -22.5000   45.0000 2093.3040   31.8980
   -7.5000  -15.0000   45.0000 2249.7136   28.1380
    0.0000  -15.0000   45.0000 2252.3442   27.7546
    7.5000  -15.0000   45.0000 2246.2051   28.1363
   -7.5000   -7.5000   45.0000 2379.5696   25.5714
    0.0000   -7.5000   45.0000 2390.4375   25.1724
    7.5000   -7.5000   45.0000 2379.1233   25.4669
   -7.5000    0.0000   45.0000 2479.6206   23.7443
    0.0000    0.0000   45.0000 2505.7346   23.3601
    7.5000    0.0000   45.0000 2495.1235   23.5387
   -7.5000    7.5000   45.0000 2565.8086   22.2143
    0.0000    7.5000   45.0000 2592.9502   21.8224
    7.5000    7.5000   45.0000 2587.1929   22.0017
   -7.5000   15.0000   45.0000 2636.8315   20.9606
    0.0000   15.0000   45.0000 2662.6453   20.4166
    7.5000   15.0000   45.0000 2662.9243   20.6832
   -7.5000   22.5000   45.0000 2711.5718   20.0676
    0.0000   22.5000   45.0000 2729.3218   19.5366
    7.5000   22.5000   45.0000 2729.2542   19.7819
   -7.5000   30.0000   45.0000 2745.9998   19.8938
    0.0000   30.0000   45.0000 2765.0129   19.4265
    7.5000   30.0000   45.0000 2761.2261   19.5699
   -7.5000   37.5000   45.0000 2727.4614   20.2435
    0.0000   37.5000   45.0000 2749.2190   19.7836
    7.5000   37.5000   45.0000 2750.5349   19.8807
   -7.5000   45.0000   45.0000 2667.2190   20.9367
    0.0000   45.0000   45.0000 2692.9065   20.5278
    7.5000   45.0000   45.0000 2688.5447   20.5051
   -7.5000   52.5000   45.0000 2564.4128   21.9131
    0.0000   52.5000   45.0000 2595.4775   21.5312
    7.5000   52.5000   45.0000 2589.2998   21.4532

---------------------------------------------------------------------
imgreg_4dfp /opt/freesurfer/average/711-2C_as_mni_average_305 /opt/freesurfer/average/711-2B_as_mni_average_305_mask talsrcimg_g11 none talsrcimg_to_711-2C_as_mni_average_305_t4 1283
---------------------------------------------------------------------

freesurfer imgreg_4dfp.c
/opt/freesurfer/average/711-2C_as_mni_average_305.4dfp.img
       256       256       256         1
  1.000000  1.000000  1.000000
orientation T byte_order littleendian
Reading image: /opt/freesurfer/average/711-2C_as_mni_average_305.4dfp.img
dimensions:      256       256       256
mmppix:       1.0000   -1.0000   -1.0000
center:     128.0000 -129.0000 -129.0000
/opt/freesurfer/average/711-2B_as_mni_average_305_mask.4dfp.img
       256       256       256         1
  1.000000  1.000000  1.000000
orientation T byte_order littleendian
Reading mask: /opt/freesurfer/average/711-2B_as_mni_average_305_mask.4dfp.img (2306576 pixels)
talsrcimg_g11.4dfp.img
       256       256       256         1
  1.000000  1.000000  1.000000
orientation T byte_order littleendian
Reading image: talsrcimg_g11.4dfp.img
dimensions:      256       256       256
mmppix:       1.0000   -1.0000   -1.0000
center:     128.0000 -129.0000 -129.0000
rotation matrix determinant  1.000000
fimgreg.f
image alignment mode   1283 decimal      503 hex
parameters
    0.0000   37.5000   22.5000    0.0000    0.0000    0.0000
eta,q 0.89576 17.32732
niter,ni,del,rscale     5    3   12.0000    1.2000
parameters
   -0.5052   36.1406   24.2692    2.5274    2.3443   -1.1120
eta,q 0.90252 17.52631
  0.1032  0.1076  0.1109  0.1085  0.1005  0.0997
  0.1031  0.1030  0.1059  0.1068  0.1009  0.0985
  0.1042  0.0997  0.1022  0.1025  0.1005  0.0978
  0.1008  0.1011  0.0998  0.0992  0.0985  0.0974
  0.0974  0.1056  0.0992  0.0984  0.0975  0.0980
  0.1033  0.1099  0.1001  0.0992  0.0978  0.1000
  0.1081  0.1153  0.1029  0.1013  0.0999  0.1033
niter,ni,del,rscale     4    3   12.0000    1.2000
parameter  2  0.510763 ->  0.500000 qaram    1.1500
parameters
   -1.2232   32.6906   27.1467    3.1439    2.9184   -1.8594
eta,q 0.90299 17.43961
  0.1011  0.1003  0.1071  0.1068  0.1029  0.1012
  0.1001  0.0982  0.1049  0.1033  0.1009  0.0987
  0.1012  0.0983  0.1003  0.0983  0.0969  0.0972
  0.0975  0.0994  0.0981  0.0964  0.0966  0.0971
  0.0957  0.1035  0.0969  0.0980  0.0983  0.0983
  0.1031  0.1080  0.0965  0.1009  0.0989  0.1005
  0.1050  0.1120  0.0990  0.1033  0.1008  0.1039
niter,ni,del,rscale     4    3   12.0000    1.2000
parameters
    0.0577   32.1210   27.2804    2.8771    1.8545   -1.6143
eta,q 0.90518 17.47437
  0.0969  0.1070  0.1025  0.1030  0.1005  0.1011
  0.0971  0.1026  0.0981  0.1007  0.0943  0.0983
  0.0983  0.0970  0.0967  0.0970  0.0938  0.0959
  0.0970  0.0963  0.0959  0.0960  0.0959  0.0948
  0.0959  0.1001  0.0981  0.0981  0.0972  0.0953
  0.0955  0.1056  0.0998  0.1013  0.1000  0.0974
  0.0982  0.1099  0.1001  0.1042  0.1024  0.1004
niter,ni,del,rscale     3    3   12.0000    1.2000
parameters
    2.0889   31.4319   27.7920    2.2224    0.7843   -1.7905
eta,q 0.90575 17.64888
  0.0960  0.1059  0.1064  0.0997  0.0978  0.0996
  0.0995  0.1028  0.1017  0.0977  0.0941  0.0974
  0.0974  0.0958  0.0973  0.0953  0.0944  0.0953
  0.0948  0.0944  0.0941  0.0941  0.0941  0.0943
  0.0944  0.0983  0.0958  0.0959  0.0952  0.0949
  0.0947  0.1057  0.0991  0.0993  0.0984  0.0976
  0.0974  0.1116  0.1033  0.1030  0.0999  0.1006
niter,ni,del,rscale     2    3   12.0000    1.2000
parameters
    2.5469   31.2004   28.0203    2.3099    0.9822   -1.9645
eta,q 0.90616 17.69197
  0.1015  0.1082  0.1068  0.1001  0.1007  0.0994
  0.0997  0.1058  0.1015  0.0980  0.0953  0.0969
  0.0953  0.0976  0.0962  0.0959  0.0946  0.0949
  0.0942  0.0937  0.0937  0.0939  0.0938  0.0937
  0.0931  0.0966  0.0964  0.0946  0.0939  0.0943
  0.0957  0.1040  0.1004  0.0971  0.0966  0.0975
  0.1012  0.1131  0.1048  0.1007  0.0988  0.1003
niter,ni,del,rscale     1    3   12.0000    1.2000
parameters
    2.6741   31.0516   28.0545    2.2662    1.0920   -2.0626
eta,q 0.90629 17.70285
  0.1022  0.1084  0.1066  0.0996  0.1001  0.0995
  0.0989  0.1068  0.1012  0.0976  0.0956  0.0969
  0.0959  0.0983  0.0958  0.0956  0.0948  0.0948
  0.0938  0.0937  0.0937  0.0937  0.0937  0.0937
  0.0936  0.0961  0.0967  0.0945  0.0940  0.0942
  0.0964  0.1033  0.1012  0.0971  0.0967  0.0971
  0.1034  0.1136  0.1059  0.1007  0.0989  0.1002
registration optimization eta report
parameter search radius
    6.0000    6.9000    6.0000    6.0000    6.0000    6.0000
100000*second partial in parameter space
       25.       34.       33.       17.       16.       17.
  0.1022  0.1084  0.1066  0.0996  0.1001  0.0995
  0.0989  0.1068  0.1012  0.0976  0.0956  0.0969
  0.0959  0.0983  0.0958  0.0956  0.0948  0.0948
  0.0938  0.0937  0.0937  0.0937  0.0937  0.0937
  0.0936  0.0961  0.0967  0.0945  0.0940  0.0942
  0.0964  0.1033  0.1012  0.0971  0.0967  0.0971
  0.1034  0.1136  0.1059  0.1007  0.0989  0.1002
    2.6741   31.0516   28.0545    2.2662    1.0920   -2.0626
eta,q 0.90629 17.70285

---------------------------------------------------------------------
imgreg_4dfp /opt/freesurfer/average/711-2C_as_mni_average_305 /opt/freesurfer/average/711-2B_as_mni_average_305_mask talsrcimg_g11 none talsrcimg_to_711-2C_as_mni_average_305_t4 3335
---------------------------------------------------------------------

freesurfer imgreg_4dfp.c
/opt/freesurfer/average/711-2C_as_mni_average_305.4dfp.img
       256       256       256         1
  1.000000  1.000000  1.000000
orientation T byte_order littleendian
Reading image: /opt/freesurfer/average/711-2C_as_mni_average_305.4dfp.img
dimensions:      256       256       256
mmppix:       1.0000   -1.0000   -1.0000
center:     128.0000 -129.0000 -129.0000
/opt/freesurfer/average/711-2B_as_mni_average_305_mask.4dfp.img
       256       256       256         1
  1.000000  1.000000  1.000000
orientation T byte_order littleendian
Reading mask: /opt/freesurfer/average/711-2B_as_mni_average_305_mask.4dfp.img (2306576 pixels)
talsrcimg_g11.4dfp.img
       256       256       256         1
  1.000000  1.000000  1.000000
orientation T byte_order littleendian
Reading image: talsrcimg_g11.4dfp.img
dimensions:      256       256       256
mmppix:       1.0000   -1.0000   -1.0000
center:     128.0000 -129.0000 -129.0000
fimgreg.f
image alignment mode   3335 decimal      D07 hex
parameters
    2.6741   31.0516   28.0545   -0.0829   -0.1402   -0.0964
    3.5211   -2.0453   -3.5985   -3.8831    1.9057    3.9534
eta,q 0.90183 17.52516
niter,ni,del,rscale     5    3    5.0000    1.2000
parameter  1  0.744740 ->  0.500000 qaram    1.1500
parameter  3  0.658468 ->  0.500000 qaram    1.1500
parameter  4 -2.673290 ->  0.500000 qaram    1.1500
parameter  5 -7.953823 ->  0.500000 qaram    1.1500
parameter  6  1.007865 ->  0.500000 qaram    1.1500
parameters
    1.2941   31.2103   26.6745   -4.2229   -4.2802   -4.2364
    5.2967   -3.0562   -1.8251   -2.2836    5.0289    7.5064
eta,q 0.93203 17.39919
  0.0979  0.0990  0.0975  0.0746  0.0687  0.0672  0.0726  0.0742  0.0723  0.0766  0.0723  0.0722
  0.0977  0.0984  0.0974  0.0828  0.0743  0.0688  0.0713  0.0713  0.0708  0.0733  0.0708  0.0704
  0.0978  0.0980  0.0975  0.0912  0.0800  0.0717  0.0702  0.0696  0.0698  0.0706  0.0696  0.0691
  0.0982  0.0977  0.0977  0.0974  0.0853  0.0759  0.0695  0.0693  0.0692  0.0690  0.0688  0.0683
  0.0986  0.0978  0.0981  0.1033  0.0904  0.0818  0.0693  0.0707  0.0690  0.0689  0.0684  0.0680
  0.0990  0.0982  0.0986  0.1091  0.0955  0.0908  0.0697  0.0739  0.0694  0.0701  0.0684  0.0680
  0.0995  0.0988  0.0992  0.1133  0.0999  0.1009  0.0707  0.0779  0.0703  0.0721  0.0691  0.0683
niter,ni,del,rscale     7    3    5.0000    1.2000
parameter  3  1.275592 ->  0.500000 qaram    1.3225
parameter  4  2.973352 ->  0.500000 qaram    1.3225
parameter  5  1.667560 ->  0.500000 qaram    1.3225
parameter 10  0.607140 ->  0.500000 qaram    1.1500
parameter 12  1.875441 ->  0.500000 qaram    1.1500
parameters
    0.8021   32.0469   25.0875   -8.9839   -9.0412   -7.6862
    4.5136   -4.4026   -3.4533   -6.4236    2.7825    3.3664
eta,q 0.95769 17.31561
  0.0701  0.0714  0.0649  0.0487  0.0428  0.0462  0.0490  0.0499  0.0472  0.0451  0.0448  0.0418
  0.0688  0.0698  0.0652  0.0510  0.0457  0.0459  0.0471  0.0471  0.0460  0.0442  0.0442  0.0421
  0.0681  0.0687  0.0662  0.0562  0.0486  0.0462  0.0461  0.0458  0.0455  0.0445  0.0440  0.0429
  0.0680  0.0679  0.0677  0.0654  0.0521  0.0465  0.0461  0.0460  0.0457  0.0455  0.0442  0.0440
  0.0687  0.0677  0.0696  0.0742  0.0567  0.0477  0.0469  0.0474  0.0465  0.0473  0.0447  0.0453
  0.0703  0.0679  0.0718  0.0810  0.0623  0.0523  0.0483  0.0502  0.0477  0.0496  0.0456  0.0467
  0.0729  0.0686  0.0742  0.0885  0.0692  0.0626  0.0503  0.0546  0.0491  0.0521  0.0469  0.0480
niter,ni,del,rscale     7    3    5.0000    1.2000
parameter  2  1.052297 ->  0.500000 qaram    1.1500
parameter  3  1.588508 ->  0.500000 qaram    1.5209
parameter  4  0.561701 ->  0.500000 qaram    1.5209
parameter  5  0.818575 ->  0.500000 qaram    1.5209
parameters
    0.1156   30.6669   23.2625  -14.4590  -14.5164   -7.3730
    7.0198   -6.9416   -3.0050   -5.9948    4.2345    0.2081
eta,q 0.97287 17.09291
  0.0460  0.0383  0.0333  0.0340  0.0288  0.0313  0.0324  0.0293  0.0300  0.0349  0.0288  0.0281
  0.0430  0.0388  0.0343  0.0333  0.0283  0.0299  0.0307  0.0278  0.0287  0.0303  0.0282  0.0273
  0.0417  0.0400  0.0362  0.0332  0.0295  0.0289  0.0293  0.0275  0.0279  0.0281  0.0277  0.0271
  0.0423  0.0417  0.0391  0.0347  0.0332  0.0284  0.0284  0.0281  0.0275  0.0275  0.0275  0.0275
  0.0444  0.0441  0.0425  0.0415  0.0391  0.0283  0.0281  0.0294  0.0276  0.0281  0.0275  0.0284
  0.0479  0.0473  0.0463  0.0524  0.0464  0.0289  0.0283  0.0313  0.0283  0.0300  0.0277  0.0300
  0.0527  0.0512  0.0503  0.0615  0.0537  0.0315  0.0292  0.0336  0.0295  0.0330  0.0281  0.0323
niter,ni,del,rscale     7    3    5.0000    1.2000
parameters
    0.0116   30.8868   21.6534  -16.1199  -17.4318   -8.5069
    6.8035   -6.8624   -3.0235   -4.7551    4.5857   -1.3136
eta,q 0.97320 16.68721
  0.0313  0.0321  0.0276  0.0318  0.0311  0.0292  0.0290  0.0311  0.0285  0.0342  0.0280  0.0280
  0.0290  0.0298  0.0263  0.0291  0.0288  0.0278  0.0277  0.0286  0.0276  0.0298  0.0274  0.0272
  0.0276  0.0281  0.0262  0.0272  0.0271  0.0270  0.0270  0.0273  0.0270  0.0275  0.0270  0.0268
  0.0271  0.0271  0.0270  0.0261  0.0265  0.0269  0.0268  0.0268  0.0268  0.0268  0.0269  0.0269
  0.0276  0.0272  0.0288  0.0262  0.0287  0.0273  0.0272  0.0273  0.0270  0.0272  0.0270  0.0273
  0.0292  0.0284  0.0312  0.0308  0.0356  0.0282  0.0280  0.0287  0.0276  0.0284  0.0273  0.0281
  0.0322  0.0311  0.0342  0.0410  0.0445  0.0322  0.0292  0.0307  0.0285  0.0302  0.0278  0.0292
niter,ni,del,rscale     6    3    5.0000    1.2000
parameters
    0.0129   31.4209   21.3393  -15.7457  -18.0729   -8.6402
    6.9260   -6.7758   -3.0273   -3.6328    4.6650   -2.0566
eta,q 0.97313 16.67309
  0.0310  0.0313  0.0299  0.0331  0.0326  0.0298  0.0291  0.0311  0.0283  0.0336  0.0279  0.0283
  0.0287  0.0291  0.0280  0.0302  0.0301  0.0282  0.0278  0.0285  0.0274  0.0293  0.0274  0.0274
  0.0273  0.0276  0.0269  0.0279  0.0280  0.0272  0.0270  0.0272  0.0269  0.0273  0.0270  0.0269
  0.0268  0.0268  0.0267  0.0267  0.0266  0.0268  0.0268  0.0268  0.0268  0.0268  0.0269  0.0269
  0.0273  0.0268  0.0274  0.0260  0.0262  0.0272  0.0271  0.0273  0.0270  0.0273  0.0270  0.0272
  0.0287  0.0275  0.0290  0.0278  0.0294  0.0278  0.0277  0.0287  0.0275  0.0284  0.0273  0.0279
  0.0310  0.0288  0.0311  0.0339  0.0368  0.0304  0.0289  0.0306  0.0283  0.0300  0.0279  0.0288
niter,ni,del,rscale     5    3    5.0000    1.2000
parameters
    0.0508   31.7290   21.1597  -15.7594  -18.2722   -8.6638
    7.0013   -6.7275   -2.9797   -2.8971    4.7430   -2.4729
eta,q 0.97302 16.66452
  0.0311  0.0304  0.0302  0.0330  0.0327  0.0299  0.0291  0.0311  0.0282  0.0327  0.0280  0.0285
  0.0288  0.0286  0.0283  0.0301  0.0303  0.0283  0.0279  0.0285  0.0275  0.0288  0.0275  0.0276
  0.0274  0.0274  0.0271  0.0280  0.0283  0.0273  0.0271  0.0272  0.0270  0.0271  0.0271  0.0271
  0.0269  0.0269  0.0268  0.0268  0.0268  0.0269  0.0269  0.0269  0.0269  0.0269  0.0270  0.0270
  0.0273  0.0270  0.0274  0.0262  0.0262  0.0272  0.0272  0.0274  0.0271  0.0275  0.0271  0.0272
  0.0287  0.0277  0.0288  0.0284  0.0285  0.0277  0.0278  0.0288  0.0275  0.0286  0.0274  0.0278
  0.0309  0.0291  0.0309  0.0348  0.0355  0.0303  0.0289  0.0307  0.0282  0.0302  0.0279  0.0288
niter,ni,del,rscale     4    3    5.0000    1.2000
parameters
    0.0727   31.9402   21.0482  -15.7202  -18.4708   -8.6958
    7.0387   -6.6865   -2.9870   -2.4042    4.8045   -2.7507
eta,q 0.97293 16.65650
  0.0312  0.0301  0.0304  0.0331  0.0326  0.0299  0.0291  0.0312  0.0282  0.0322  0.0281  0.0286
  0.0289  0.0284  0.0285  0.0303  0.0302  0.0284  0.0279  0.0285  0.0275  0.0286  0.0275  0.0277
  0.0275  0.0274  0.0273  0.0282  0.0283  0.0274  0.0272  0.0273  0.0271  0.0272  0.0272  0.0272
  0.0270  0.0270  0.0270  0.0270  0.0270  0.0270  0.0270  0.0270  0.0270  0.0270  0.0271  0.0271
  0.0274  0.0272  0.0275  0.0264  0.0263  0.0273  0.0273  0.0276  0.0272  0.0276  0.0272  0.0273
  0.0288  0.0279  0.0288  0.0285  0.0284  0.0278  0.0280  0.0289  0.0276  0.0287  0.0275  0.0279
  0.0310  0.0293  0.0308  0.0348  0.0353  0.0304  0.0290  0.0307  0.0282  0.0303  0.0280  0.0287
niter,ni,del,rscale     3    3    5.0000    1.2000
parameters
    0.0891   32.0968   20.9668  -15.7001  -18.6443   -8.7307
    7.0640   -6.6580   -3.0291   -2.0457    4.8759   -2.9573
eta,q 0.97285 16.64766
  0.0312  0.0300  0.0305  0.0332  0.0326  0.0299  0.0291  0.0312  0.0283  0.0319  0.0281  0.0286
  0.0289  0.0284  0.0286  0.0303  0.0302  0.0284  0.0280  0.0286  0.0276  0.0285  0.0276  0.0277
  0.0275  0.0274  0.0274  0.0282  0.0284  0.0275  0.0273  0.0274  0.0272  0.0272  0.0273  0.0272
  0.0271  0.0271  0.0271  0.0271  0.0271  0.0271  0.0271  0.0271  0.0271  0.0271  0.0272  0.0272
  0.0275  0.0273  0.0275  0.0264  0.0264  0.0274  0.0274  0.0277  0.0272  0.0277  0.0273  0.0274
  0.0289  0.0280  0.0288  0.0286  0.0284  0.0278  0.0280  0.0290  0.0276  0.0288  0.0276  0.0279
  0.0311  0.0294  0.0308  0.0349  0.0351  0.0304  0.0291  0.0307  0.0283  0.0304  0.0281  0.0287
niter,ni,del,rscale     2    3    5.0000    1.2000
parameters
    0.1016   32.2184   20.9043  -15.6864  -18.7856   -8.7762
    7.0762   -6.6372   -3.0663   -1.7653    4.9225   -3.1104
eta,q 0.97279 16.63885
  0.0312  0.0299  0.0305  0.0332  0.0326  0.0299  0.0292  0.0312  0.0283  0.0317  0.0282  0.0287
  0.0290  0.0284  0.0287  0.0304  0.0302  0.0284  0.0280  0.0286  0.0277  0.0285  0.0277  0.0278
  0.0276  0.0275  0.0275  0.0283  0.0284  0.0275  0.0274  0.0275  0.0273  0.0273  0.0273  0.0273
  0.0272  0.0271  0.0271  0.0271  0.0271  0.0272  0.0272  0.0272  0.0272  0.0272  0.0272  0.0272
  0.0276  0.0273  0.0276  0.0265  0.0265  0.0275  0.0274  0.0277  0.0273  0.0278  0.0274  0.0274
  0.0289  0.0281  0.0289  0.0286  0.0283  0.0278  0.0281  0.0290  0.0277  0.0288  0.0277  0.0279
  0.0311  0.0295  0.0308  0.0349  0.0350  0.0304  0.0291  0.0308  0.0283  0.0304  0.0281  0.0287
niter,ni,del,rscale     1    3    5.0000    1.2000
parameters
    0.1110   32.3159   20.8499  -15.6761  -18.9002   -8.8207
    7.0898   -6.6207   -3.1032   -1.5397    4.9819   -3.2275
eta,q 0.97275 16.63124
  0.0313  0.0299  0.0305  0.0333  0.0325  0.0299  0.0292  0.0312  0.0284  0.0315  0.0282  0.0287
  0.0290  0.0285  0.0288  0.0304  0.0302  0.0285  0.0281  0.0287  0.0277  0.0284  0.0277  0.0278
  0.0277  0.0276  0.0276  0.0284  0.0284  0.0275  0.0274  0.0275  0.0273  0.0273  0.0274  0.0274
  0.0272  0.0272  0.0272  0.0272  0.0272  0.0272  0.0272  0.0272  0.0272  0.0272  0.0273  0.0273
  0.0277  0.0274  0.0276  0.0266  0.0266  0.0275  0.0275  0.0278  0.0274  0.0278  0.0274  0.0275
  0.0290  0.0282  0.0289  0.0287  0.0283  0.0278  0.0281  0.0291  0.0278  0.0289  0.0277  0.0279
  0.0312  0.0296  0.0308  0.0350  0.0349  0.0304  0.0291  0.0308  0.0284  0.0304  0.0281  0.0287
registration optimization eta report
parameter search radius
    2.7600    2.7600    3.6501   10.9503   10.9503    8.2800
    7.2000    7.2000    7.2000    8.2800    7.2000    8.2800
100000*second partial in parameter space
       53.       33.       26.        6.        6.        4.
        4.        7.        2.        6.        2.        2.
  0.0313  0.0299  0.0305  0.0333  0.0325  0.0299  0.0292  0.0312  0.0284  0.0315  0.0282  0.0287
  0.0290  0.0285  0.0288  0.0304  0.0302  0.0285  0.0281  0.0287  0.0277  0.0284  0.0277  0.0278
  0.0277  0.0276  0.0276  0.0284  0.0284  0.0275  0.0274  0.0275  0.0273  0.0273  0.0274  0.0274
  0.0272  0.0272  0.0272  0.0272  0.0272  0.0272  0.0272  0.0272  0.0272  0.0272  0.0273  0.0273
  0.0277  0.0274  0.0276  0.0266  0.0266  0.0275  0.0275  0.0278  0.0274  0.0278  0.0274  0.0275
  0.0290  0.0282  0.0289  0.0287  0.0283  0.0278  0.0281  0.0291  0.0278  0.0289  0.0277  0.0279
  0.0312  0.0296  0.0308  0.0350  0.0349  0.0304  0.0291  0.0308  0.0284  0.0304  0.0281  0.0287
    0.1110   32.3159   20.8499  -15.6761  -18.9002   -8.8207
    7.0898   -6.6207   -3.1032   -1.5397    4.9819   -3.2275
eta,q 0.97275 16.63124

---------------------------------------------------------------------
imgreg_4dfp /opt/freesurfer/average/711-2C_as_mni_average_305 /opt/freesurfer/average/711-2B_as_mni_average_305_mask talsrcimg_g11 none talsrcimg_to_711-2C_as_mni_average_305_t4 2311
---------------------------------------------------------------------

freesurfer imgreg_4dfp.c
/opt/freesurfer/average/711-2C_as_mni_average_305.4dfp.img
       256       256       256         1
  1.000000  1.000000  1.000000
orientation T byte_order littleendian
Reading image: /opt/freesurfer/average/711-2C_as_mni_average_305.4dfp.img
dimensions:      256       256       256
mmppix:       1.0000   -1.0000   -1.0000
center:     128.0000 -129.0000 -129.0000
/opt/freesurfer/average/711-2B_as_mni_average_305_mask.4dfp.img
       256       256       256         1
  1.000000  1.000000  1.000000
orientation T byte_order littleendian
Reading mask: /opt/freesurfer/average/711-2B_as_mni_average_305_mask.4dfp.img (2306576 pixels)
talsrcimg_g11.4dfp.img
       256       256       256         1
  1.000000  1.000000  1.000000
orientation T byte_order littleendian
Reading image: talsrcimg_g11.4dfp.img
dimensions:      256       256       256
mmppix:       1.0000   -1.0000   -1.0000
center:     128.0000 -129.0000 -129.0000
fimgreg.f
image alignment mode   2311 decimal      907 hex
parameters
    0.1110   32.3159   20.8499  -15.6761  -18.9002   -8.8207
    7.0898   -6.6207   -3.1032   -1.5397    4.9819   -3.2275
eta,q 0.97275 16.63125
niter,ni,del,rscale     5    3    5.0000    0.8000
parameter  4 -0.819722 -> -0.500000 qaram    1.1500
parameter  5 -0.926261 -> -0.500000 qaram    1.1500
parameters
    0.1084   32.4403   20.8354  -12.9161  -16.1402   -8.5019
    7.2800   -6.2773   -2.6490   -1.7937    5.0916   -2.5226
eta,q 0.97389 17.04187
  0.0286  0.0282  0.0279  0.0289  0.0285  0.0273  0.0274  0.0291  0.0269  0.0279  0.0266  0.0272
  0.0278  0.0277  0.0276  0.0282  0.0278  0.0267  0.0268  0.0272  0.0265  0.0266  0.0263  0.0266
  0.0274  0.0274  0.0273  0.0276  0.0272  0.0263  0.0263  0.0263  0.0263  0.0261  0.0261  0.0262
  0.0273  0.0273  0.0272  0.0272  0.0267  0.0261  0.0261  0.0261  0.0262  0.0261  0.0261  0.0261
  0.0274  0.0273  0.0273  0.0269  0.0263  0.0262  0.0262  0.0265  0.0262  0.0265  0.0262  0.0262
  0.0279  0.0275  0.0276  0.0267  0.0261  0.0265  0.0266  0.0271  0.0263  0.0272  0.0263  0.0263
  0.0286  0.0280  0.0280  0.0268  0.0262  0.0270  0.0273  0.0280  0.0267  0.0280  0.0265  0.0267
niter,ni,del,rscale     6    3    5.0000    0.9000
parameters
    0.1766   32.0993   20.7912  -13.8684  -16.6818   -7.8722
    7.2778   -6.3495   -2.6824   -2.2718    4.9568   -2.2418
eta,q 0.97369 16.96863
  0.0284  0.0270  0.0270  0.0279  0.0282  0.0275  0.0277  0.0290  0.0271  0.0282  0.0268  0.0274
  0.0272  0.0264  0.0265  0.0271  0.0274  0.0269  0.0270  0.0271  0.0267  0.0268  0.0265  0.0267
  0.0265  0.0261  0.0261  0.0265  0.0268  0.0265  0.0266  0.0264  0.0265  0.0263  0.0263  0.0264
  0.0261  0.0261  0.0261  0.0261  0.0263  0.0264  0.0264  0.0264  0.0264  0.0264  0.0263  0.0263
  0.0262  0.0264  0.0262  0.0262  0.0262  0.0265  0.0265  0.0268  0.0264  0.0269  0.0264  0.0264
  0.0269  0.0271  0.0265  0.0278  0.0273  0.0266  0.0269  0.0276  0.0267  0.0276  0.0266  0.0267
  0.0282  0.0282  0.0271  0.0307  0.0302  0.0271  0.0278  0.0287  0.0271  0.0285  0.0268  0.0271
niter,ni,del,rscale     5    3    5.0000    0.8000
parameters
    0.2064   31.9516   21.0052  -13.7017  -16.3056   -7.8345
    7.2286   -6.4428   -2.6317   -2.8530    4.8962   -1.8719
eta,q 0.97393 17.00294
  0.0278  0.0272  0.0272  0.0280  0.0282  0.0270  0.0272  0.0283  0.0268  0.0276  0.0265  0.0270
  0.0270  0.0267  0.0268  0.0273  0.0274  0.0265  0.0267  0.0268  0.0265  0.0264  0.0262  0.0265
  0.0265  0.0264  0.0264  0.0267  0.0268  0.0262  0.0263  0.0262  0.0262  0.0260  0.0261  0.0262
  0.0263  0.0263  0.0263  0.0263  0.0262  0.0262  0.0262  0.0262  0.0262  0.0262  0.0261  0.0261
  0.0264  0.0265  0.0263  0.0260  0.0260  0.0263  0.0263  0.0265  0.0262  0.0266  0.0261  0.0261
  0.0269  0.0269  0.0265  0.0266  0.0265  0.0265  0.0266  0.0272  0.0264  0.0273  0.0263  0.0263
  0.0278  0.0276  0.0268  0.0284  0.0282  0.0269  0.0274  0.0281  0.0268  0.0281  0.0265  0.0267
niter,ni,del,rscale     4    3    5.0000    0.7000
parameters
    0.2065   31.7749   21.0939  -13.5005  -15.9016   -7.9726
    7.1946   -6.5385   -2.6347   -3.4092    4.9411   -1.5255
eta,q 0.97416 17.02796
  0.0273  0.0268  0.0267  0.0275  0.0277  0.0266  0.0268  0.0276  0.0265  0.0271  0.0262  0.0266
  0.0266  0.0263  0.0264  0.0269  0.0270  0.0262  0.0263  0.0264  0.0262  0.0262  0.0260  0.0262
  0.0262  0.0261  0.0262  0.0265  0.0265  0.0259  0.0260  0.0260  0.0260  0.0258  0.0259  0.0259
  0.0261  0.0261  0.0261  0.0261  0.0260  0.0259  0.0259  0.0259  0.0259  0.0259  0.0258  0.0258
  0.0262  0.0262  0.0261  0.0258  0.0258  0.0261  0.0260  0.0262  0.0260  0.0263  0.0259  0.0259
  0.0266  0.0266  0.0263  0.0263  0.0262  0.0263  0.0263  0.0268  0.0261  0.0269  0.0260  0.0261
  0.0273  0.0272  0.0266  0.0277  0.0276  0.0266  0.0269  0.0275  0.0265  0.0276  0.0262  0.0264
niter,ni,del,rscale     3    3    5.0000    0.6000
parameters
    0.1997   31.6414   21.1445  -13.2793  -15.5835   -8.1924
    7.1687   -6.6233   -2.7072   -3.8476    4.9384   -1.2989
eta,q 0.97433 17.04380
  0.0267  0.0264  0.0263  0.0270  0.0272  0.0263  0.0264  0.0270  0.0262  0.0266  0.0260  0.0262
  0.0263  0.0261  0.0261  0.0265  0.0266  0.0259  0.0261  0.0261  0.0259  0.0259  0.0258  0.0259
  0.0260  0.0259  0.0259  0.0262  0.0261  0.0257  0.0258  0.0258  0.0258  0.0257  0.0257  0.0257
  0.0258  0.0258  0.0258  0.0258  0.0258  0.0257  0.0257  0.0257  0.0257  0.0257  0.0257  0.0257
  0.0259  0.0260  0.0259  0.0256  0.0257  0.0259  0.0258  0.0260  0.0258  0.0260  0.0257  0.0257
  0.0262  0.0263  0.0260  0.0260  0.0260  0.0261  0.0260  0.0264  0.0259  0.0265  0.0258  0.0259
  0.0268  0.0268  0.0263  0.0271  0.0271  0.0263  0.0265  0.0270  0.0262  0.0270  0.0260  0.0261
niter,ni,del,rscale     2    3    5.0000    0.5000
parameters
    0.1941   31.5598   21.1605  -13.0620  -15.3339   -8.4474
    7.1460   -6.6874   -2.7413   -4.1550    4.9534   -1.1734
eta,q 0.97444 17.05338
  0.0263  0.0261  0.0260  0.0265  0.0267  0.0260  0.0261  0.0265  0.0259  0.0263  0.0258  0.0260
  0.0260  0.0259  0.0258  0.0262  0.0263  0.0258  0.0258  0.0259  0.0257  0.0258  0.0257  0.0257
  0.0258  0.0257  0.0257  0.0259  0.0259  0.0256  0.0257  0.0256  0.0256  0.0256  0.0256  0.0256
  0.0257  0.0257  0.0257  0.0257  0.0256  0.0256  0.0256  0.0256  0.0256  0.0256  0.0256  0.0256
  0.0257  0.0258  0.0257  0.0255  0.0256  0.0257  0.0256  0.0258  0.0256  0.0258  0.0256  0.0256
  0.0260  0.0260  0.0258  0.0258  0.0259  0.0259  0.0258  0.0261  0.0257  0.0261  0.0257  0.0257
  0.0264  0.0263  0.0260  0.0266  0.0266  0.0261  0.0262  0.0265  0.0259  0.0266  0.0258  0.0259
niter,ni,del,rscale     1    3    5.0000    0.4000
parameters
    0.1859   31.5157   21.1441  -12.8276  -15.1310   -8.6598
    7.1162   -6.7093   -2.7640   -4.3345    4.9373   -1.0671
eta,q 0.97450 17.06429
  0.0260  0.0259  0.0258  0.0262  0.0263  0.0258  0.0259  0.0262  0.0257  0.0260  0.0256  0.0258
  0.0258  0.0257  0.0257  0.0260  0.0260  0.0256  0.0257  0.0257  0.0256  0.0257  0.0256  0.0256
  0.0256  0.0256  0.0256  0.0258  0.0257  0.0255  0.0256  0.0255  0.0255  0.0255  0.0255  0.0255
  0.0256  0.0256  0.0256  0.0256  0.0255  0.0255  0.0255  0.0255  0.0255  0.0255  0.0255  0.0255
  0.0256  0.0256  0.0256  0.0255  0.0255  0.0256  0.0255  0.0256  0.0255  0.0256  0.0255  0.0255
  0.0258  0.0258  0.0257  0.0257  0.0257  0.0257  0.0257  0.0258  0.0256  0.0258  0.0256  0.0256
  0.0260  0.0260  0.0258  0.0262  0.0262  0.0259  0.0259  0.0261  0.0257  0.0261  0.0256  0.0257
registration optimization eta report
parameter search radius
    0.8000    0.8000    0.8000    2.7600    2.7600    2.4000
    2.4000    2.4000    2.4000    2.4000    2.4000    2.4000
100000*second partial in parameter space
       70.       59.       35.        8.        9.        6.
        7.       11.        4.       10.        2.        4.
  0.0260  0.0259  0.0258  0.0262  0.0263  0.0258  0.0259  0.0262  0.0257  0.0260  0.0256  0.0258
  0.0258  0.0257  0.0257  0.0260  0.0260  0.0256  0.0257  0.0257  0.0256  0.0257  0.0256  0.0256
  0.0256  0.0256  0.0256  0.0258  0.0257  0.0255  0.0256  0.0255  0.0255  0.0255  0.0255  0.0255
  0.0256  0.0256  0.0256  0.0256  0.0255  0.0255  0.0255  0.0255  0.0255  0.0255  0.0255  0.0255
  0.0256  0.0256  0.0256  0.0255  0.0255  0.0256  0.0255  0.0256  0.0255  0.0256  0.0255  0.0255
  0.0258  0.0258  0.0257  0.0257  0.0257  0.0257  0.0257  0.0258  0.0256  0.0258  0.0256  0.0256
  0.0260  0.0260  0.0258  0.0262  0.0262  0.0259  0.0259  0.0261  0.0257  0.0261  0.0256  0.0257
    0.1859   31.5157   21.1441  -12.8276  -15.1310   -8.6598
    7.1162   -6.7093   -2.7640   -4.3345    4.9373   -1.0671
eta,q 0.97450 17.06429

---------------------------------------------------------------------
imgreg_4dfp /opt/freesurfer/average/711-2C_as_mni_average_305 /opt/freesurfer/average/711-2B_as_mni_average_305_mask talsrcimg_g11 none talsrcimg_to_711-2C_as_mni_average_305_t4 2311
---------------------------------------------------------------------

freesurfer imgreg_4dfp.c
/opt/freesurfer/average/711-2C_as_mni_average_305.4dfp.img
       256       256       256         1
  1.000000  1.000000  1.000000
orientation T byte_order littleendian
Reading image: /opt/freesurfer/average/711-2C_as_mni_average_305.4dfp.img
dimensions:      256       256       256
mmppix:       1.0000   -1.0000   -1.0000
center:     128.0000 -129.0000 -129.0000
/opt/freesurfer/average/711-2B_as_mni_average_305_mask.4dfp.img
       256       256       256         1
  1.000000  1.000000  1.000000
orientation T byte_order littleendian
Reading mask: /opt/freesurfer/average/711-2B_as_mni_average_305_mask.4dfp.img (2306576 pixels)
talsrcimg_g11.4dfp.img
       256       256       256         1
  1.000000  1.000000  1.000000
orientation T byte_order littleendian
Reading image: talsrcimg_g11.4dfp.img
dimensions:      256       256       256
mmppix:       1.0000   -1.0000   -1.0000
center:     128.0000 -129.0000 -129.0000
fimgreg.f
image alignment mode   2311 decimal      907 hex
parameters
    0.1859   31.5157   21.1441  -12.8276  -15.1310   -8.6598
    7.1162   -6.7093   -2.7640   -4.3345    4.9373   -1.0671
eta,q 0.97450 17.06429
niter,ni,del,rscale     5    3    5.0000    0.8000
parameters
    0.0998   31.4541   21.1364  -13.5727  -15.6455   -8.4672
    7.0844   -6.5803   -2.8033   -4.0352    4.8602   -1.3119
eta,q 0.97427 17.00257
  0.0271  0.0269  0.0264  0.0267  0.0272  0.0270  0.0269  0.0282  0.0265  0.0283  0.0262  0.0265
  0.0263  0.0261  0.0259  0.0262  0.0265  0.0263  0.0263  0.0266  0.0261  0.0267  0.0259  0.0260
  0.0257  0.0257  0.0256  0.0258  0.0260  0.0259  0.0259  0.0258  0.0258  0.0259  0.0258  0.0258
  0.0255  0.0255  0.0255  0.0255  0.0256  0.0257  0.0257  0.0257  0.0257  0.0257  0.0257  0.0257
  0.0257  0.0257  0.0256  0.0256  0.0257  0.0259  0.0258  0.0260  0.0258  0.0260  0.0258  0.0259
  0.0264  0.0263  0.0259  0.0266  0.0267  0.0262  0.0262  0.0267  0.0261  0.0266  0.0260  0.0262
  0.0277  0.0272  0.0264  0.0285  0.0287  0.0267  0.0270  0.0277  0.0266  0.0275  0.0262  0.0266
niter,ni,del,rscale     4    3    5.0000    0.7000
parameters
    0.1824   31.5442   21.1391  -13.3427  -15.5227   -8.4631
    7.1006   -6.5548   -2.7518   -3.9655    4.8842   -1.3131
eta,q 0.97434 17.02646
  0.0271  0.0269  0.0264  0.0268  0.0271  0.0266  0.0266  0.0276  0.0263  0.0275  0.0261  0.0263
  0.0264  0.0263  0.0260  0.0264  0.0265  0.0261  0.0261  0.0263  0.0260  0.0263  0.0258  0.0259
  0.0259  0.0259  0.0258  0.0260  0.0260  0.0258  0.0258  0.0257  0.0257  0.0257  0.0257  0.0257
  0.0257  0.0257  0.0257  0.0257  0.0257  0.0257  0.0257  0.0257  0.0257  0.0257  0.0257  0.0257
  0.0258  0.0258  0.0258  0.0255  0.0256  0.0258  0.0257  0.0259  0.0257  0.0259  0.0257  0.0257
  0.0262  0.0261  0.0260  0.0259  0.0261  0.0261  0.0261  0.0265  0.0259  0.0265  0.0258  0.0260
  0.0268  0.0267  0.0264  0.0270  0.0273  0.0265  0.0267  0.0273  0.0263  0.0271  0.0260  0.0263
niter,ni,del,rscale     3    3    5.0000    0.6000
parameters
    0.1933   31.5578   21.1242  -13.0937  -15.3292   -8.5270
    7.1151   -6.5819   -2.7510   -4.0409    4.9441   -1.2366
eta,q 0.97442 17.04900
  0.0266  0.0265  0.0261  0.0266  0.0268  0.0263  0.0264  0.0270  0.0261  0.0269  0.0259  0.0261
  0.0261  0.0260  0.0259  0.0262  0.0263  0.0259  0.0260  0.0261  0.0258  0.0260  0.0257  0.0258
  0.0258  0.0258  0.0257  0.0259  0.0259  0.0257  0.0257  0.0256  0.0256  0.0256  0.0256  0.0256
  0.0257  0.0257  0.0257  0.0257  0.0256  0.0256  0.0256  0.0256  0.0256  0.0256  0.0256  0.0256
  0.0257  0.0257  0.0257  0.0255  0.0256  0.0257  0.0256  0.0258  0.0256  0.0258  0.0256  0.0256
  0.0260  0.0260  0.0259  0.0258  0.0259  0.0260  0.0259  0.0263  0.0258  0.0262  0.0257  0.0258
  0.0266  0.0264  0.0262  0.0266  0.0267  0.0263  0.0264  0.0269  0.0261  0.0268  0.0259  0.0261
niter,ni,del,rscale     2    3    5.0000    0.5000
parameters
    0.1935   31.5424   21.1159  -12.8767  -15.1537   -8.6342
    7.0993   -6.6218   -2.7607   -4.1842    4.9698   -1.1345
eta,q 0.97449 17.06414
  0.0263  0.0261  0.0259  0.0263  0.0264  0.0260  0.0261  0.0265  0.0259  0.0264  0.0257  0.0259
  0.0259  0.0258  0.0257  0.0260  0.0260  0.0258  0.0258  0.0259  0.0257  0.0258  0.0256  0.0257
  0.0257  0.0256  0.0256  0.0258  0.0257  0.0256  0.0256  0.0256  0.0256  0.0255  0.0255  0.0256
  0.0256  0.0256  0.0256  0.0256  0.0256  0.0255  0.0255  0.0255  0.0255  0.0255  0.0255  0.0255
  0.0256  0.0256  0.0256  0.0255  0.0255  0.0256  0.0256  0.0257  0.0256  0.0257  0.0255  0.0255
  0.0259  0.0258  0.0257  0.0257  0.0258  0.0258  0.0258  0.0260  0.0257  0.0260  0.0256  0.0257
  0.0263  0.0262  0.0259  0.0263  0.0263  0.0261  0.0261  0.0265  0.0259  0.0264  0.0257  0.0258
niter,ni,del,rscale     1    3    5.0000    0.4000
parameters
    0.1853   31.5188   21.1073  -12.6668  -15.0031   -8.7352
    7.0767   -6.6555   -2.7801   -4.3097    5.0183   -1.0499
eta,q 0.97453 17.07760
  0.0260  0.0259  0.0257  0.0260  0.0261  0.0258  0.0258  0.0261  0.0257  0.0260  0.0256  0.0257
  0.0257  0.0257  0.0256  0.0258  0.0258  0.0256  0.0257  0.0257  0.0256  0.0257  0.0255  0.0256
  0.0256  0.0256  0.0255  0.0257  0.0256  0.0255  0.0255  0.0255  0.0255  0.0255  0.0255  0.0255
  0.0255  0.0255  0.0255  0.0255  0.0255  0.0255  0.0255  0.0255  0.0255  0.0255  0.0255  0.0255
  0.0256  0.0256  0.0255  0.0255  0.0255  0.0255  0.0255  0.0256  0.0255  0.0256  0.0255  0.0255
  0.0257  0.0257  0.0256  0.0256  0.0256  0.0257  0.0256  0.0258  0.0256  0.0258  0.0255  0.0256
  0.0260  0.0259  0.0257  0.0260  0.0260  0.0259  0.0259  0.0261  0.0257  0.0261  0.0256  0.0257
registration optimization eta report
parameter search radius
    0.8000    0.8000    0.8000    2.4000    2.4000    2.4000
    2.4000    2.4000    2.4000    2.4000    2.4000    2.4000
100000*second partial in parameter space
       73.       61.       35.        9.       10.        7.
        7.       11.        4.       10.        3.        4.
  0.0260  0.0259  0.0257  0.0260  0.0261  0.0258  0.0258  0.0261  0.0257  0.0260  0.0256  0.0257
  0.0257  0.0257  0.0256  0.0258  0.0258  0.0256  0.0257  0.0257  0.0256  0.0257  0.0255  0.0256
  0.0256  0.0256  0.0255  0.0257  0.0256  0.0255  0.0255  0.0255  0.0255  0.0255  0.0255  0.0255
  0.0255  0.0255  0.0255  0.0255  0.0255  0.0255  0.0255  0.0255  0.0255  0.0255  0.0255  0.0255
  0.0256  0.0256  0.0255  0.0255  0.0255  0.0255  0.0255  0.0256  0.0255  0.0256  0.0255  0.0255
  0.0257  0.0257  0.0256  0.0256  0.0256  0.0257  0.0256  0.0258  0.0256  0.0258  0.0255  0.0256
  0.0260  0.0259  0.0257  0.0260  0.0260  0.0259  0.0259  0.0261  0.0257  0.0261  0.0256  0.0257
    0.1853   31.5188   21.1073  -12.6668  -15.0031   -8.7352
    7.0767   -6.6555   -2.7801   -4.3097    5.0183   -1.0499
eta,q 0.97453 17.07760

---------------------------------------------------------------------
compute_vox2vox talsrcimg talsrcimg_to_711-2C_as_mni_average_305_t4 /opt/freesurfer/average/711-2C_as_mni_average_305
---------------------------------------------------------------------

freesurfer compute_vox2vox.c
Reading: talsrcimg.4dfp.ifh
Reading: talsrcimg_to_711-2C_as_mni_average_305_t4
Reading: /opt/freesurfer/average/711-2C_as_mni_average_305.4dfp.ifh
Writing: talsrcimg_to_711-2C_as_mni_average_305_t4_vox2vox.txt

start time Sun Mar 8 22:47:27 CET 2026
end		time Sun Mar 8 22:48:56 CET 2026

mpr2mni305 success

avi2talxfm orig_nu.mgz /opt/freesurfer/average/mni305.cor.mgz talsrcimg_to_711-2C_as_mni_average_305_t4_vox2vox.txt transforms/talairach.auto.xfm
avi2talxfm done
mv -f /out/sourcedata/freesurfer/sub-v1s16x0051174_ses-1/mri/talsrcimg_to_711-2C_as_mni_average_305_t4_vox2vox.txt /out/sourcedata/freesurfer/sub-v1s16x0051174_ses-1/mri/transforms/talsrcimg_to_711-2C_as_mni_average_305_t4_vox2vox.txt
lta_convert --src orig_nu.mgz --trg /opt/freesurfer/average/mni305.cor.mgz --inxfm transforms/talairach.auto.xfm --outlta transforms/talairach.auto.xfm.lta --subject fsaverage
7.3.2

--src: orig_nu.mgz src image (geometry).
--trg: /opt/freesurfer/average/mni305.cor.mgz trg image (geometry).
--inmni: transforms/talairach.auto.xfm input MNI/XFM transform.
--outlta: transforms/talairach.auto.xfm.lta output LTA.
--s: fsaverage subject name
 LTA read, type : 1
 1.13754   0.07853  -0.09374   4.22427;
-0.06216   1.09206   0.01866  -24.42670;
 0.03405   0.05794   1.17439  -24.86847;
 0.00000   0.00000   0.00000   1.00000;
setting subject to fsaverage
Writing  LTA to file transforms/talairach.auto.xfm.lta...
lta_convert successful.
 
 
Started at Sun Mar 8 22:47:27 CET 2026
Ended   at Sun Mar  8 22:48:57 CET 2026
talairach_avi done
