status file for recon-all
Mon Mar  9 00:39:13 CET 2026
#@# Tessellate lh Mon Mar  9 00:39:13 CET 2026
#@# Smooth1 lh Mon Mar  9 00:39:17 CET 2026
#@# Inflation1 lh Mon Mar  9 00:39:20 CET 2026
#@# QSphere lh Mon Mar  9 00:39:33 CET 2026
#@# Fix Topology lh Mon Mar  9 00:40:37 CET 2026
#@# Smooth2 lh Mon Mar  9 00:47:49 CET 2026
#@# Inflation2 lh Mon Mar  9 00:47:52 CET 2026
#@# Curv .H and .K lh Mon Mar  9 00:48:06 CET 2026
#@# Sphere lh Mon Mar  9 00:48:50 CET 2026
#@# Surf Reg lh Mon Mar  9 00:52:22 CET 2026
#@# Jacobian white lh Mon Mar  9 00:57:06 CET 2026
#@# AvgCurv lh Mon Mar  9 00:57:07 CET 2026
#@# Cortical Parc lh Mon Mar  9 00:57:08 CET 2026
#@# white curv lh Mon Mar  9 01:03:05 CET 2026
#@# white area lh Mon Mar  9 01:03:07 CET 2026
#@# pial curv lh Mon Mar  9 01:03:08 CET 2026
#@# pial area lh Mon Mar  9 01:03:09 CET 2026
#@# thickness lh Mon Mar  9 01:03:10 CET 2026
#@# area and vertex vol lh Mon Mar  9 01:03:38 CET 2026
#@# Curvature Stats lh Mon Mar  9 01:03:39 CET 2026
#@# Cortical Parc 2 lh Mon Mar  9 01:03:42 CET 2026
#@# Cortical Parc 3 lh Mon Mar  9 01:03:54 CET 2026
#@# WM/GM Contrast lh Mon Mar  9 01:04:04 CET 2026
recon-all -s sub-v1s16x0051177_ses-1 finished without error at Mon Mar  9 01:04:07 CET 2026



#New# invocation of recon-all 



status file for recon-all
Mon Mar  9 01:34:11 CET 2026
#@# white curv lh Mon Mar  9 01:34:12 CET 2026
#@# white area lh Mon Mar  9 01:34:12 CET 2026
#@# pial curv lh Mon Mar  9 01:34:12 CET 2026
#@# pial area lh Mon Mar  9 01:34:12 CET 2026
#@# thickness lh Mon Mar  9 01:34:12 CET 2026
#@# area and vertex vol lh Mon Mar  9 01:34:12 CET 2026
#@# Parcellation Stats lh Mon Mar  9 01:34:12 CET 2026
#@# Parcellation Stats 2 lh Mon Mar  9 01:34:29 CET 2026
#@# Parcellation Stats 3 lh Mon Mar  9 01:34:37 CET 2026
#@# BA_exvivo Labels lh Mon Mar  9 01:34:46 CET 2026
recon-all -s sub-v1s16x0051177_ses-1 finished without error at Mon Mar  9 01:37:16 CET 2026
