status file for recon-all
Sun Mar  8 22:54:04 CET 2026
#@# MotionCor Sun Mar  8 22:54:06 CET 2026
#@# Talairach Sun Mar  8 22:54:15 CET 2026
#@# Talairach Failure Detection Sun Mar  8 22:58:40 CET 2026
#@# Nu Intensity Correction Sun Mar  8 22:58:40 CET 2026
#@# Intensity Normalization Sun Mar  8 23:01:55 CET 2026
recon-all -s sub-v1s16x0051177_ses-1 finished without error at Sun Mar  8 23:03:21 CET 2026



#New# invocation of recon-all 



status file for recon-all
Sun Mar  8 23:10:12 CET 2026
#@# EM Registration Sun Mar  8 23:10:12 CET 2026
recon-all -s sub-v1s16x0051177_ses-1 finished without error at Sun Mar  8 23:12:03 CET 2026



#New# invocation of recon-all 



status file for recon-all
Sun Mar  8 23:12:06 CET 2026
#@# CA Normalize Sun Mar  8 23:12:06 CET 2026
#@# CA Reg Sun Mar  8 23:13:28 CET 2026
#@# SubCort Seg Mon Mar  9 00:04:35 CET 2026
#@# CC Seg Mon Mar  9 00:33:21 CET 2026
#@# Merge ASeg Mon Mar  9 00:33:58 CET 2026
#@# Intensity Normalization2 Mon Mar  9 00:33:58 CET 2026
#@# Mask BFS Mon Mar  9 00:36:12 CET 2026
#@# WM Segmentation Mon Mar  9 00:36:12 CET 2026
#@# Fill Mon Mar  9 00:38:11 CET 2026
recon-all -s sub-v1s16x0051177_ses-1 finished without error at Mon Mar  9 00:39:10 CET 2026



#New# invocation of recon-all 



status file for recon-all
Mon Mar  9 01:29:51 CET 2026
#@# white curv lh Mon Mar  9 01:29:51 CET 2026
#@# white area lh Mon Mar  9 01:29:51 CET 2026
#@# pial curv lh Mon Mar  9 01:29:51 CET 2026
#@# pial area lh Mon Mar  9 01:29:51 CET 2026
#@# thickness lh Mon Mar  9 01:29:51 CET 2026
#@# area and vertex vol lh Mon Mar  9 01:29:51 CET 2026
#@# white curv rh Mon Mar  9 01:29:51 CET 2026
#@# white area rh Mon Mar  9 01:29:51 CET 2026
#@# pial curv rh Mon Mar  9 01:29:51 CET 2026
#@# pial area rh Mon Mar  9 01:29:51 CET 2026
#@# thickness rh Mon Mar  9 01:29:51 CET 2026
#@# area and vertex vol rh Mon Mar  9 01:29:51 CET 2026
#@# Cortical ribbon mask Mon Mar  9 01:29:51 CET 2026
recon-all -s sub-v1s16x0051177_ses-1 finished without error at Mon Mar  9 01:34:07 CET 2026



#New# invocation of recon-all 



status file for recon-all
Mon Mar  9 01:40:29 CET 2026
#@# white curv lh Mon Mar  9 01:40:29 CET 2026
#@# white area lh Mon Mar  9 01:40:29 CET 2026
#@# pial curv lh Mon Mar  9 01:40:29 CET 2026
#@# pial area lh Mon Mar  9 01:40:29 CET 2026
#@# thickness lh Mon Mar  9 01:40:29 CET 2026
#@# area and vertex vol lh Mon Mar  9 01:40:29 CET 2026
#@# white curv rh Mon Mar  9 01:40:29 CET 2026
#@# white area rh Mon Mar  9 01:40:29 CET 2026
#@# pial curv rh Mon Mar  9 01:40:29 CET 2026
#@# pial area rh Mon Mar  9 01:40:29 CET 2026
#@# thickness rh Mon Mar  9 01:40:29 CET 2026
#@# area and vertex vol rh Mon Mar  9 01:40:29 CET 2026
#@# Curvature Stats lh Mon Mar  9 01:40:29 CET 2026
#@# Curvature Stats rh Mon Mar  9 01:40:32 CET 2026
#@# Relabel Hypointensities Mon Mar  9 01:40:34 CET 2026
#@# APas-to-ASeg Mon Mar  9 01:40:50 CET 2026
#@# AParc-to-ASeg aparc Mon Mar  9 01:40:58 CET 2026
#@# AParc-to-ASeg aparc.a2009s Mon Mar  9 01:41:33 CET 2026
#@# AParc-to-ASeg aparc.DKTatlas Mon Mar  9 01:42:08 CET 2026
#@# WMParc Mon Mar  9 01:42:43 CET 2026
#@# ASeg Stats Mon Mar  9 01:46:52 CET 2026
recon-all -s sub-v1s16x0051177_ses-1 finished without error at Mon Mar  9 01:47:35 CET 2026
