status file for recon-all
Mon Mar  9 01:04:11 CET 2026
#@# Tessellate rh Mon Mar  9 01:04:11 CET 2026
#@# Smooth1 rh Mon Mar  9 01:04:15 CET 2026
#@# Inflation1 rh Mon Mar  9 01:04:17 CET 2026
#@# QSphere rh Mon Mar  9 01:04:30 CET 2026
#@# Fix Topology rh Mon Mar  9 01:05:36 CET 2026
#@# Smooth2 rh Mon Mar  9 01:12:46 CET 2026
#@# Inflation2 rh Mon Mar  9 01:12:49 CET 2026
#@# Curv .H and .K rh Mon Mar  9 01:13:03 CET 2026
#@# Sphere rh Mon Mar  9 01:13:46 CET 2026
#@# Surf Reg rh Mon Mar  9 01:18:07 CET 2026
#@# Jacobian white rh Mon Mar  9 01:22:08 CET 2026
#@# AvgCurv rh Mon Mar  9 01:22:09 CET 2026
#@# Cortical Parc rh Mon Mar  9 01:22:10 CET 2026
#@# white curv rh Mon Mar  9 01:28:43 CET 2026
#@# white area rh Mon Mar  9 01:28:45 CET 2026
#@# pial curv rh Mon Mar  9 01:28:45 CET 2026
#@# pial area rh Mon Mar  9 01:28:47 CET 2026
#@# thickness rh Mon Mar  9 01:28:48 CET 2026
#@# area and vertex vol rh Mon Mar  9 01:29:14 CET 2026
#@# Curvature Stats rh Mon Mar  9 01:29:16 CET 2026
#@# Cortical Parc 2 rh Mon Mar  9 01:29:18 CET 2026
#@# Cortical Parc 3 rh Mon Mar  9 01:29:31 CET 2026
#@# WM/GM Contrast rh Mon Mar  9 01:29:40 CET 2026
recon-all -s sub-v1s16x0051177_ses-1 finished without error at Mon Mar  9 01:29:43 CET 2026



#New# invocation of recon-all 



status file for recon-all
Mon Mar  9 01:37:18 CET 2026
#@# white curv rh Mon Mar  9 01:37:18 CET 2026
#@# white area rh Mon Mar  9 01:37:18 CET 2026
#@# pial curv rh Mon Mar  9 01:37:18 CET 2026
#@# pial area rh Mon Mar  9 01:37:18 CET 2026
#@# thickness rh Mon Mar  9 01:37:18 CET 2026
#@# area and vertex vol rh Mon Mar  9 01:37:18 CET 2026
#@# Parcellation Stats rh Mon Mar  9 01:37:18 CET 2026
#@# Parcellation Stats 2 rh Mon Mar  9 01:37:36 CET 2026
#@# Parcellation Stats 3 rh Mon Mar  9 01:37:45 CET 2026
#@# BA_exvivo Labels rh Mon Mar  9 01:37:53 CET 2026
recon-all -s sub-v1s16x0051177_ses-1 finished without error at Mon Mar  9 01:40:24 CET 2026
