/out/sourcedata/freesurfer/sub-v1s16x0051164_ses-1/mri
/opt/freesurfer/bin/talairach_avi
--i orig_nu.mgz --xfm transforms/talairach.auto.xfm
talairach_avi 7.3.2
Linux dna013 5.14.0-427.37.1.el9_4.x86_64 #1 SMP PREEMPT_DYNAMIC Fri Sep 13 12:41:50 EDT 2024 x86_64 x86_64 x86_64 GNU/Linux
Sun Mar  8 22:09:24 CET 2026
mri_convert orig_nu.mgz talsrcimg.img 
reading from orig_nu.mgz...
TR=0.00, TE=0.00, TI=0.00, flip angle=0.00
i_ras = (-1, 0, 0)
j_ras = (0, 0, -1)
k_ras = (0, 1, 0)
writing to talsrcimg.img...
Analyze Output Matrix
-1.00000   0.00000   0.00000   129.42618;
 0.00000   0.00000   1.00000  -134.10382;
 0.00000  -1.00000   0.00000   125.91417;
 0.00000   0.00000   0.00000   1.00000;
--------------------
INFO: set hdr.hist.orient to -1
mpr2mni305 talsrcimg
Sun Mar  8 22:09:24 CET 2026
/opt/freesurfer/bin/mpr2mni305 talsrcimg
mpr2mni305 7.3.2
target=711-2C_as_mni_average_305

---------------------------------------------------------------------
analyzeto4dfp talsrcimg -O0 -y
---------------------------------------------------------------------

freesurfer ifh2hdr.c
Sun Mar  8 22:09:24 2026
Writing: talsrcimg.4dfp.hdr
freesurfer analyzeto4dfp.c
Reading: talsrcimg.hdr
header size 348 bytes
hdr.dime.datatype	offset=70	value=2
hdr.dime.bitpix		offset=72	value=8
hdr.hist.orient		offset=252	value=-1
dimensionality     4
dimensions       256       256       256         1
Reading: talsrcimg.img
Writing: talsrcimg.4dfp.img
Writing: talsrcimg.4dfp.ifh
ifh2hdr talsrcimg -r0to220
ori=2

---------------------------------------------------------------------
gauss_4dfp talsrcimg 1.1
---------------------------------------------------------------------

freesurfer gauss_4dfp.c
Reading: talsrcimg.4dfp.img
Writing: talsrcimg_g11.4dfp.img
image dimensions 256 256 256 padded to 288 288 288
processing volume 1freesurfer ifh2hdr.c
Sun Mar  8 22:09:26 2026
Writing: talsrcimg_g11.4dfp.hdr

Writing: talsrcimg_g11.4dfp.ifh
including: talsrcimg.4dfp.img.rec in talsrcimg_g11.4dfp.img.rec

---------------------------------------------------------------------
imgreg_4dfp /opt/freesurfer/average/711-2C_as_mni_average_305 none talsrcimg_g11 none talsrcimg_to_711-2C_as_mni_average_305_t4 4355
---------------------------------------------------------------------

freesurfer imgreg_4dfp.c
/opt/freesurfer/average/711-2C_as_mni_average_305.4dfp.img
       256       256       256         1
  1.000000  1.000000  1.000000
orientation T byte_order littleendian
Reading image: /opt/freesurfer/average/711-2C_as_mni_average_305.4dfp.img
dimensions:      256       256       256
mmppix:       1.0000   -1.0000   -1.0000
center:     128.0000 -129.0000 -129.0000
talsrcimg_g11.4dfp.img
       256       256       256         1
  1.000000  1.000000  1.000000
orientation T byte_order littleendian
Reading image: talsrcimg_g11.4dfp.img
dimensions:      256       256       256
mmppix:       1.0000   -1.0000   -1.0000
center:     128.0000 -129.0000 -129.0000
t4_read: open error in t4_sub.f l:  41 t4_file(1:l)talsrcimg_to_711-2C_as_mni_average_305_t4 
t4_read: transform initialized to I4
rotation matrix determinant  1.000000
image alignment mode   4355 decimal     1103 hex
   -7.5000  -45.0000  -45.0000 5705.7285   23.7489
    0.0000  -45.0000  -45.0000 5901.2163   23.7997
    7.5000  -45.0000  -45.0000 5612.5796   23.8402
   -7.5000  -37.5000  -45.0000 6231.2993   23.4929
    0.0000  -37.5000  -45.0000 6451.2656   23.5405
    7.5000  -37.5000  -45.0000 6155.5386   23.5866
   -7.5000  -30.0000  -45.0000 7054.0107   23.4176
    0.0000  -30.0000  -45.0000 7304.2397   23.4566
    7.5000  -30.0000  -45.0000 6972.1245   23.5036
   -7.5000  -22.5000  -45.0000 7897.1279   23.3673
    0.0000  -22.5000  -45.0000 8180.2241   23.3988
    7.5000  -22.5000  -45.0000 7762.8257   23.4374
   -7.5000  -15.0000  -45.0000 8807.5117   23.3518
    0.0000  -15.0000  -45.0000 9097.5518   23.3839
    7.5000  -15.0000  -45.0000 8588.9717   23.4145
   -7.5000   -7.5000  -45.0000 9578.4922   23.3589
    0.0000   -7.5000  -45.0000 9879.8496   23.4003
    7.5000   -7.5000  -45.0000 9318.5625   23.4317
   -7.5000    0.0000  -45.000010195.8320   23.3833
    0.0000    0.0000  -45.000010502.0068   23.4322
    7.5000    0.0000  -45.0000 9907.1943   23.4700
   -7.5000    7.5000  -45.000010021.2861   23.3940
    0.0000    7.5000  -45.000010337.5059   23.4411
    7.5000    7.5000  -45.0000 9785.1895   23.4860
   -7.5000   15.0000  -45.0000 9814.4717   23.3848
    0.0000   15.0000  -45.000010141.9570   23.4238
    7.5000   15.0000  -45.0000 9582.3926   23.4703
   -7.5000   22.5000  -45.0000 9550.6221   23.3638
    0.0000   22.5000  -45.0000 9873.7471   23.3953
    7.5000   22.5000  -45.0000 9311.7979   23.4339
   -7.5000   30.0000  -45.0000 9264.7090   23.0406
    0.0000   30.0000  -45.0000 9582.9619   23.0723
    7.5000   30.0000  -45.0000 9048.7842   23.1025
   -7.5000   37.5000  -45.0000 9341.4102   23.0476
    0.0000   37.5000  -45.0000 9656.6465   23.0884
    7.5000   37.5000  -45.0000 9118.5791   23.1194
   -7.5000   45.0000  -45.0000 8698.9590   22.4859
    0.0000   45.0000  -45.0000 8987.0557   22.5328
    7.5000   45.0000  -45.0000 8472.1279   22.5692
   -7.5000  -45.0000  -37.5000 6169.0635   23.5883
    0.0000  -45.0000  -37.5000 6356.0591   23.6336
    7.5000  -45.0000  -37.5000 6055.2739   23.6793
   -7.5000  -37.5000  -37.5000 6743.2866   23.3403
    0.0000  -37.5000  -37.5000 6944.1812   23.3823
    7.5000  -37.5000  -37.5000 6616.2344   23.4309
   -7.5000  -30.0000  -37.5000 7655.5029   23.2576
    0.0000  -30.0000  -37.5000 7893.2095   23.2989
    7.5000  -30.0000  -37.5000 7472.5933   23.3466
   -7.5000  -22.5000  -37.5000 8567.4131   23.1911
    0.0000  -22.5000  -37.5000 8828.5840   23.2327
    7.5000  -22.5000  -37.5000 8344.3408   23.2742
   -7.5000  -15.0000  -37.5000 9494.6562   23.1690
    0.0000  -15.0000  -37.5000 9799.5693   23.2127
    7.5000  -15.0000  -37.5000 9243.2549   23.2495
   -7.5000   -7.5000  -37.500010326.2578   23.1868
    0.0000   -7.5000  -37.500010651.0879   23.2320
    7.5000   -7.5000  -37.500010022.2393   23.2700
   -7.5000    0.0000  -37.500011014.6904   23.2252
    0.0000    0.0000  -37.500011320.2471   23.2686
    7.5000    0.0000  -37.500010645.9189   23.3116
   -7.5000    7.5000  -37.500010829.7109   23.2418
    0.0000    7.5000  -37.500011155.4219   23.2833
    7.5000    7.5000  -37.500010507.1738   23.3307
   -7.5000   15.0000  -37.500010544.6709   23.2251
    0.0000   15.0000  -37.500010863.8867   23.2664
    7.5000   15.0000  -37.500010252.5400   23.3136
   -7.5000   22.5000  -37.500010236.6211   23.1876
    0.0000   22.5000  -37.500010551.7998   23.2292
    7.5000   22.5000  -37.5000 9951.8730   23.2707
   -7.5000   30.0000  -37.5000 9925.5342   22.8603
    0.0000   30.0000  -37.500010238.6738   22.9033
    7.5000   30.0000  -37.5000 9654.0244   22.9396
   -7.5000   37.5000  -37.500010000.7422   22.8779
    0.0000   37.5000  -37.500010306.6465   22.9224
    7.5000   37.5000  -37.5000 9708.9248   22.9599
   -7.5000   45.0000  -37.5000 9297.2617   22.3338
    0.0000   45.0000  -37.5000 9557.9189   22.3756
    7.5000   45.0000  -37.5000 8981.6729   22.4169
   -7.5000  -45.0000  -30.0000 6751.0000   24.5712
    0.0000  -45.0000  -30.0000 6953.8071   24.6126
    7.5000  -45.0000  -30.0000 6608.8682   24.6583
   -7.5000  -37.5000  -30.0000 7391.7930   24.3117
    0.0000  -37.5000  -30.0000 7626.4614   24.3511
    7.5000  -37.5000  -30.0000 7223.8496   24.4034
   -7.5000  -30.0000  -30.0000 8392.3584   24.2242
    0.0000  -30.0000  -30.0000 8649.1211   24.2675
    7.5000  -30.0000  -30.0000 8165.9414   24.3222
   -7.5000  -22.5000  -30.0000 9383.9473   24.1524
    0.0000  -22.5000  -30.0000 9675.9092   24.1994
    7.5000  -22.5000  -30.0000 9106.0205   24.2478
   -7.5000  -15.0000  -30.000010408.9727   24.1293
    0.0000  -15.0000  -30.000010718.8945   24.1781
    7.5000  -15.0000  -30.000010058.8027   24.2181
   -7.5000   -7.5000  -30.000011311.2998   24.1505
    0.0000   -7.5000  -30.000011625.9619   24.1961
    7.5000   -7.5000  -30.000010904.9854   24.2340
   -7.5000    0.0000  -30.000012055.1465   24.1915
    0.0000    0.0000  -30.000012373.9785   24.2311
    7.5000    0.0000  -30.000011608.5645   24.2741
   -7.5000    7.5000  -30.000011865.6357   24.2088
    0.0000    7.5000  -30.000012191.5332   24.2478
    7.5000    7.5000  -30.000011441.1357   24.2988
   -7.5000   15.0000  -30.000011537.9609   24.1906
    0.0000   15.0000  -30.000011853.9336   24.2338
    7.5000   15.0000  -30.000011140.0312   24.2881
   -7.5000   22.5000  -30.000011169.4561   24.1463
    0.0000   22.5000  -30.000011489.7656   24.1933
    7.5000   22.5000  -30.000010802.0312   24.2417
   -7.5000   30.0000  -30.000010791.5352   23.8100
    0.0000   30.0000  -30.000011123.2256   23.8581
    7.5000   30.0000  -30.000010443.5693   23.8977
   -7.5000   37.5000  -30.000010845.9062   23.8309
    0.0000   37.5000  -30.000011159.1758   23.8759
    7.5000   37.5000  -30.000010461.1631   23.9133
   -7.5000   45.0000  -30.000010057.5547   23.2801
    0.0000   45.0000  -30.000010322.0176   23.3183
    7.5000   45.0000  -30.0000 9677.5889   23.3596
   -7.5000  -45.0000  -22.5000 7359.5107   25.4046
    0.0000  -45.0000  -22.5000 7599.8501   25.4466
    7.5000  -45.0000  -22.5000 7217.1221   25.4819
   -7.5000  -37.5000  -22.5000 8077.0229   25.1289
    0.0000  -37.5000  -22.5000 8322.7891   25.1717
    7.5000  -37.5000  -22.5000 7883.1055   25.2211
   -7.5000  -30.0000  -22.5000 9139.5049   25.0447
    0.0000  -30.0000  -22.5000 9405.6084   25.0877
    7.5000  -30.0000  -22.5000 8876.3154   25.1463
   -7.5000  -22.5000  -22.500010224.7959   24.9868
    0.0000  -22.5000  -22.500010500.8818   25.0278
    7.5000  -22.5000  -22.5000 9893.9004   25.0772
   -7.5000  -15.0000  -22.500011322.5430   24.9712
    0.0000  -15.0000  -22.500011626.3770   25.0106
    7.5000  -15.0000  -22.500010930.6055   25.0434
   -7.5000   -7.5000  -22.500012276.2207   24.9844
    0.0000   -7.5000  -22.500012606.3408   25.0238
    7.5000   -7.5000  -22.500011834.9180   25.0497
   -7.5000    0.0000  -22.500013115.2646   25.0121
    0.0000    0.0000  -22.500013443.5273   25.0524
    7.5000    0.0000  -22.500012622.1973   25.0850
   -7.5000    7.5000  -22.500012952.1689   25.0228
    0.0000    7.5000  -22.500013253.0586   25.0650
    7.5000    7.5000  -22.500012401.9678   25.1131
   -7.5000   15.0000  -22.500012584.7705   25.0104
    0.0000   15.0000  -22.500012881.9072   25.0533
    7.5000   15.0000  -22.500012069.1055   25.1114
   -7.5000   22.5000  -22.500012187.7871   24.9788
    0.0000   22.5000  -22.500012494.6855   25.0197
    7.5000   22.5000  -22.500011678.9131   25.0692
   -7.5000   30.0000  -22.500011766.1504   24.6446
    0.0000   30.0000  -22.500012055.4863   24.6835
    7.5000   30.0000  -22.500011238.0010   24.7159
   -7.5000   37.5000  -22.500011738.5342   24.6576
    0.0000   37.5000  -22.500012012.3438   24.6965
    7.5000   37.5000  -22.500011195.7725   24.7220
   -7.5000   45.0000  -22.500010847.7471   24.0879
    0.0000   45.0000  -22.500011100.0352   24.1267
    7.5000   45.0000  -22.500010344.5703   24.1581
   -7.5000  -45.0000  -15.0000 7989.0073   25.9625
    0.0000  -45.0000  -15.0000 8253.5400   26.0109
    7.5000  -45.0000  -15.0000 7829.4834   26.0369
   -7.5000  -37.5000  -15.0000 8786.5059   25.6734
    0.0000  -37.5000  -15.0000 9065.8379   25.7240
    7.5000  -37.5000  -15.0000 8570.6592   25.7691
   -7.5000  -30.0000  -15.0000 9922.8867   25.5934
    0.0000  -30.0000  -15.000010210.8076   25.6362
    7.5000  -30.0000  -15.0000 9628.0762   25.6939
   -7.5000  -22.5000  -15.000011073.3135   25.5520
    0.0000  -22.5000  -15.000011374.9648   25.5826
    7.5000  -22.5000  -15.000010729.6641   25.6285
   -7.5000  -15.0000  -15.000012221.6387   25.5447
    0.0000  -15.0000  -15.000012538.5254   25.5703
    7.5000  -15.0000  -15.000011817.3926   25.5943
   -7.5000   -7.5000  -15.000013243.3018   25.5481
    0.0000   -7.5000  -15.000013594.4678   25.5821
    7.5000   -7.5000  -15.000012789.5771   25.5972
   -7.5000    0.0000  -15.000014185.7793   25.5618
    0.0000    0.0000  -15.000014520.7266   25.6083
    7.5000    0.0000  -15.000013633.8203   25.6317
   -7.5000    7.5000  -15.000013986.5615   25.5653
    0.0000    7.5000  -15.000014297.1650   25.6153
    7.5000    7.5000  -15.000013361.2266   25.6590
   -7.5000   15.0000  -15.000013565.0234   25.5585
    0.0000   15.0000  -15.000013896.4346   25.6012
    7.5000   15.0000  -15.000012975.5811   25.6584
   -7.5000   22.5000  -15.000013144.2432   25.5426
    0.0000   22.5000  -15.000013459.7363   25.5732
    7.5000   22.5000  -15.000012541.7080   25.6191
   -7.5000   30.0000  -15.000012668.6562   25.2141
    0.0000   30.0000  -15.000012940.1992   25.2394
    7.5000   30.0000  -15.000012035.8174   25.2631
   -7.5000   37.5000  -15.000012577.7930   25.2175
    0.0000   37.5000  -15.000012811.9092   25.2511
    7.5000   37.5000  -15.000011905.3193   25.2659
   -7.5000   45.0000  -15.000011630.5244   24.6322
    0.0000   45.0000  -15.000011868.0986   24.6769
    7.5000   45.0000  -15.000011038.1611   24.6995
   -7.5000  -45.0000   -7.5000 8690.7324   26.2219
    0.0000  -45.0000   -7.5000 8976.8086   26.2774
    7.5000  -45.0000   -7.5000 8470.9863   26.3086
   -7.5000  -37.5000   -7.5000 9540.8623   25.9310
    0.0000  -37.5000   -7.5000 9842.2109   25.9865
    7.5000  -37.5000   -7.5000 9272.4297   26.0323
   -7.5000  -30.0000   -7.500010756.9727   25.8518
    0.0000  -30.0000   -7.500011066.1299   25.8945
    7.5000  -30.0000   -7.500010463.5752   25.9485
   -7.5000  -22.5000   -7.500011922.0820   25.8113
    0.0000  -22.5000   -7.500012286.8750   25.8386
    7.5000  -22.5000   -7.500011626.1416   25.8814
   -7.5000  -15.0000   -7.500013104.8545   25.8028
    0.0000  -15.0000   -7.500013499.2627   25.8264
    7.5000  -15.0000   -7.500012766.0078   25.8517
   -7.5000   -7.5000   -7.500014253.6133   25.8038
    0.0000   -7.5000   -7.500014678.4961   25.8410
    7.5000   -7.5000   -7.500013826.7607   25.8612
   -7.5000    0.0000   -7.500015310.5918   25.8176
    0.0000    0.0000   -7.500015716.2549   25.8709
    7.5000    0.0000   -7.500014713.5859   25.8995
   -7.5000    7.5000   -7.500015009.7607   25.8221
    0.0000    7.5000   -7.500015358.4873   25.8770
    7.5000    7.5000   -7.500014387.7275   25.9214
   -7.5000   15.0000   -7.500014483.0391   25.8164
    0.0000   15.0000   -7.500014838.9463   25.8590
    7.5000   15.0000   -7.500013889.3086   25.9124
   -7.5000   22.5000   -7.500014041.2969   25.7990
    0.0000   22.5000   -7.500014363.0098   25.8264
    7.5000   22.5000   -7.500013416.0928   25.8691
   -7.5000   30.0000   -7.500013542.4648   25.4682
    0.0000   30.0000   -7.500013813.8311   25.4915
    7.5000   30.0000   -7.500012919.5479   25.5164
   -7.5000   37.5000   -7.500013355.8750   25.4692
    0.0000   37.5000   -7.500013595.7979   25.5059
    7.5000   37.5000   -7.500012707.4990   25.5258
   -7.5000   45.0000   -7.500012359.4824   24.8833
    0.0000   45.0000   -7.500012584.3848   24.9347
    7.5000   45.0000   -7.500011744.7373   24.9622
   -7.5000  -45.0000    0.0000 9350.1885   26.2846
    0.0000  -45.0000    0.0000 9640.5381   26.3410
    7.5000  -45.0000    0.0000 9083.6377   26.3843
   -7.5000  -37.5000    0.000010244.0693   26.0006
    0.0000  -37.5000    0.000010578.4238   26.0537
    7.5000  -37.5000    0.0000 9969.5303   26.1032
   -7.5000  -30.0000    0.000011504.1064   25.9164
    0.0000  -30.0000    0.000011899.1738   25.9600
    7.5000  -30.0000    0.000011253.9023   26.0106
   -7.5000  -22.5000    0.000012732.0234   25.8605
    0.0000  -22.5000    0.000013181.5645   25.8953
    7.5000  -22.5000    0.000012492.2324   25.9370
   -7.5000  -15.0000    0.000013937.6240   25.8431
    0.0000  -15.0000    0.000014421.1865   25.8783
    7.5000  -15.0000    0.000013666.7793   25.9110
   -7.5000   -7.5000    0.000015160.2910   25.8514
    0.0000   -7.5000    0.000015676.3447   25.8969
    7.5000   -7.5000    0.000014752.4834   25.9303
   -7.5000    0.0000    0.000016251.7373   25.8792
    0.0000    0.0000    0.000016714.4629   25.9334
    7.5000    0.0000    0.000015638.1182   25.9737
   -7.5000    7.5000    0.000015822.5693   25.8912
    0.0000    7.5000    0.000016269.1865   25.9438
    7.5000    7.5000    0.000015257.6055   25.9920
   -7.5000   15.0000    0.000015276.1182   25.8805
    0.0000   15.0000    0.000015701.5234   25.9240
    7.5000   15.0000    0.000014757.3379   25.9742
   -7.5000   22.5000    0.000014781.8203   25.8482
    0.0000   22.5000    0.000015185.8164   25.8830
    7.5000   22.5000    0.000014281.3955   25.9247
   -7.5000   30.0000    0.000014219.1328   25.5086
    0.0000   30.0000    0.000014604.5264   25.5434
    7.5000   30.0000    0.000013764.4004   25.5757
   -7.5000   37.5000    0.000013974.1875   25.5169
    0.0000   37.5000    0.000014317.0420   25.5618
    7.5000   37.5000    0.000013479.6094   25.5947
   -7.5000   45.0000    0.000012921.1953   24.9446
    0.0000   45.0000    0.000013227.3506   24.9968
    7.5000   45.0000    0.000012411.2939   25.0357
   -7.5000  -45.0000    7.5000 9229.4248   26.3419
    0.0000  -45.0000    7.5000 9511.1885   26.3927
    7.5000  -45.0000    7.5000 8945.9971   26.4435
   -7.5000  -37.5000    7.500010104.8779   26.0638
    0.0000  -37.5000    7.500010433.3906   26.1108
    7.5000  -37.5000    7.5000 9846.0957   26.1647
   -7.5000  -30.0000    7.500011331.5049   25.9715
    0.0000  -30.0000    7.500011721.3027   26.0175
    7.5000  -30.0000    7.500011105.8057   26.0704
   -7.5000  -22.5000    7.500012549.5713   25.8971
    0.0000  -22.5000    7.500013004.0029   25.9435
    7.5000  -22.5000    7.500012329.0723   25.9895
   -7.5000  -15.0000    7.500013776.6250   25.8723
    0.0000  -15.0000    7.500014298.7148   25.9211
    7.5000  -15.0000    7.500013539.9512   25.9620
   -7.5000   -7.5000    7.500015002.8271   25.8922
    0.0000   -7.5000    7.500015529.8594   25.9428
    7.5000   -7.5000    7.500014607.7197   25.9851
   -7.5000    0.0000    7.500015754.2383   25.9351
    0.0000    0.0000    7.500016321.3740   25.9839
    7.5000    0.0000    7.500015411.7031   26.0316
   -7.5000    7.5000    7.500015326.2676   25.9538
    0.0000    7.5000    7.500015846.2295   26.0002
    7.5000    7.5000    7.500015077.7207   26.0528
   -7.5000   15.0000    7.500014926.9785   25.9353
    0.0000   15.0000    7.500015383.5479   25.9812
    7.5000   15.0000    7.500014609.9004   26.0337
   -7.5000   22.5000    7.500014423.9492   25.8849
    0.0000   22.5000    7.500014898.9707   25.9312
    7.5000   22.5000    7.500014122.0879   25.9772
   -7.5000   30.0000    7.500013832.6777   25.5374
    0.0000   30.0000    7.500014344.0684   25.5857
    7.5000   30.0000    7.500013599.1113   25.6260
   -7.5000   37.5000    7.500013568.0449   25.5571
    0.0000   37.5000    7.500014040.1455   25.6071
    7.5000   37.5000    7.500013247.4619   25.6488
   -7.5000   45.0000    7.500012561.7158   24.9985
    0.0000   45.0000    7.500012935.4707   25.0455
    7.5000   45.0000    7.500012149.3115   25.0915
   -7.5000  -45.0000   15.0000 8963.5859   26.3855
    0.0000  -45.0000   15.0000 9246.9287   26.4298
    7.5000  -45.0000   15.0000 8702.6562   26.4790
   -7.5000  -37.5000   15.0000 9783.7578   26.1068
    0.0000  -37.5000   15.000010109.8594   26.1491
    7.5000  -37.5000   15.0000 9561.0137   26.2052
   -7.5000  -30.0000   15.000010964.0879   26.0128
    0.0000  -30.0000   15.000011334.1797   26.0593
    7.5000  -30.0000   15.000010770.0029   26.1181
   -7.5000  -22.5000   15.000012182.4609   25.9357
    0.0000  -22.5000   15.000012591.4316   25.9862
    7.5000  -22.5000   15.000011969.5557   26.0382
   -7.5000  -15.0000   15.000013445.8564   25.9109
    0.0000  -15.0000   15.000013914.4619   25.9632
    7.5000  -15.0000   15.000013158.3096   26.0063
   -7.5000   -7.5000   15.000014465.4678   25.9337
    0.0000   -7.5000   15.000015045.6123   25.9826
    7.5000   -7.5000   15.000014203.9707   26.0233
   -7.5000    0.0000   15.000014930.3232   25.9777
    0.0000    0.0000   15.000015605.0400   26.0203
    7.5000    0.0000   15.000015033.1611   26.0664
   -7.5000    7.5000   15.000014487.5498   25.9963
    0.0000    7.5000   15.000015134.9717   26.0382
    7.5000    7.5000   15.000014685.1084   26.0929
   -7.5000   15.0000   15.000014207.8232   25.9767
    0.0000   15.0000   15.000014819.7422   26.0231
    7.5000   15.0000   15.000014270.0039   26.0814
   -7.5000   22.5000   15.000013875.7949   25.9234
    0.0000   22.5000   15.000014447.0117   25.9739
    7.5000   22.5000   15.000013794.7559   26.0259
   -7.5000   30.0000   15.000013456.5889   25.5755
    0.0000   30.0000   15.000013972.1230   25.6272
    7.5000   30.0000   15.000013271.5127   25.6697
   -7.5000   37.5000   15.000013186.4102   25.5980
    0.0000   37.5000   15.000013620.0771   25.6464
    7.5000   37.5000   15.000012853.6328   25.6866
   -7.5000   45.0000   15.000012172.1689   25.0395
    0.0000   45.0000   15.000012504.0195   25.0805
    7.5000   45.0000   15.000011759.5254   25.1250
   -7.5000  -45.0000   22.5000 8559.4482   26.3720
    0.0000  -45.0000   22.5000 8785.2891   26.4156
    7.5000  -45.0000   22.5000 8317.2900   26.4522
   -7.5000  -37.5000   22.5000 9397.3789   26.0858
    0.0000  -37.5000   22.5000 9671.5039   26.1302
    7.5000  -37.5000   22.5000 9158.1963   26.1815
   -7.5000  -30.0000   22.500010582.2305   25.9984
    0.0000  -30.0000   22.500010934.9941   26.0431
    7.5000  -30.0000   22.500010358.5186   26.1039
   -7.5000  -22.5000   22.500011766.0371   25.9383
    0.0000  -22.5000   22.500012169.4590   25.9808
    7.5000  -22.5000   22.500011518.6270   26.0322
   -7.5000  -15.0000   22.500012901.7705   25.9221
    0.0000  -15.0000   22.500013395.6572   25.9630
    7.5000  -15.0000   22.500012644.6006   25.9971
   -7.5000   -7.5000   22.500013834.1436   25.9358
    0.0000   -7.5000   22.500014402.5195   25.9767
    7.5000   -7.5000   22.500013637.0869   26.0036
   -7.5000    0.0000   22.500014453.1885   25.9646
    0.0000    0.0000   22.500015073.0508   26.0064
    7.5000    0.0000   22.500014428.9443   26.0402
   -7.5000    7.5000   22.500014061.2676   25.9756
    0.0000    7.5000   22.500014667.6348   26.0195
    7.5000    7.5000   22.500014087.4697   26.0694
   -7.5000   15.0000   22.500013752.7246   25.9627
    0.0000   15.0000   22.500014307.0791   26.0073
    7.5000   15.0000   22.500013685.8604   26.0677
   -7.5000   22.5000   22.500013456.9062   25.9260
    0.0000   22.5000   22.500013928.9951   25.9685
    7.5000   22.5000   22.500013261.3281   26.0199
   -7.5000   30.0000   22.500013067.0664   25.5867
    0.0000   30.0000   22.500013466.3799   25.6270
    7.5000   30.0000   22.500012780.1416   25.6606
   -7.5000   37.5000   22.500012698.5186   25.6001
    0.0000   37.5000   22.500013039.6670   25.6406
    7.5000   37.5000   22.500012336.8721   25.6671
   -7.5000   45.0000   22.500011638.4688   25.0269
    0.0000   45.0000   22.500011943.2432   25.0672
    7.5000   45.0000   22.500011284.1338   25.0998
   -7.5000  -45.0000   30.0000 8100.8267   26.3188
    0.0000  -45.0000   30.0000 8345.3906   26.3678
    7.5000  -45.0000   30.0000 7882.2471   26.3942
   -7.5000  -37.5000   30.0000 8889.7979   26.0257
    0.0000  -37.5000   30.0000 9170.8828   26.0770
    7.5000  -37.5000   30.0000 8676.1924   26.1228
   -7.5000  -30.0000   30.000010045.7109   25.9447
    0.0000  -30.0000   30.000010349.4707   25.9880
    7.5000  -30.0000   30.0000 9787.2803   26.0465
   -7.5000  -22.5000   30.000011176.4912   25.9027
    0.0000  -22.5000   30.000011505.5762   25.9336
    7.5000  -22.5000   30.000010877.1738   25.9802
   -7.5000  -15.0000   30.000012253.2344   25.8953
    0.0000  -15.0000   30.000012622.1270   25.9212
    7.5000  -15.0000   30.000011923.1895   25.9455
   -7.5000   -7.5000   30.000013159.6025   25.8987
    0.0000   -7.5000   30.000013598.7168   25.9332
    7.5000   -7.5000   30.000012870.8086   25.9485
   -7.5000    0.0000   30.000013931.0664   25.9126
    0.0000    0.0000   30.000014387.0801   25.9597
    7.5000    0.0000   30.000013665.7363   25.9835
   -7.5000    7.5000   30.000013657.2949   25.9161
    0.0000    7.5000   30.000014105.2168   25.9669
    7.5000    7.5000   30.000013398.9678   26.0111
   -7.5000   15.0000   30.000013247.5654   25.9093
    0.0000   15.0000   30.000013639.6045   25.9525
    7.5000   15.0000   30.000012970.8906   26.0105
   -7.5000   22.5000   30.000012822.0684   25.8904
    0.0000   22.5000   30.000013179.2080   25.9214
    7.5000   22.5000   30.000012534.3447   25.9679
   -7.5000   30.0000   30.000012392.6758   25.5602
    0.0000   30.0000   30.000012749.6631   25.5858
    7.5000   30.0000   30.000012086.9727   25.6098
   -7.5000   37.5000   30.000011987.1357   25.5636
    0.0000   37.5000   30.000012310.4697   25.5976
    7.5000   37.5000   30.000011686.6787   25.6127
   -7.5000   45.0000   30.000011006.4268   24.9768
    0.0000   45.0000   30.000011277.0820   25.0222
    7.5000   45.0000   30.000010708.0869   25.0451
   -7.5000  -45.0000   37.5000 7875.5112   26.3282
    0.0000  -45.0000   37.5000 8119.9136   26.3834
    7.5000  -45.0000   37.5000 7667.5825   26.4149
   -7.5000  -37.5000   37.5000 8667.5918   26.0353
    0.0000  -37.5000   37.5000 8922.7314   26.0906
    7.5000  -37.5000   37.5000 8431.5762   26.1365
   -7.5000  -30.0000   37.5000 9807.1328   25.9553
    0.0000  -30.0000   37.500010075.0869   25.9978
    7.5000  -30.0000   37.5000 9514.1914   26.0518
   -7.5000  -22.5000   37.500010903.5088   25.9145
    0.0000  -22.5000   37.500011206.4922   25.9416
    7.5000  -22.5000   37.500010582.7705   25.9844
   -7.5000  -15.0000   37.500011953.0254   25.9062
    0.0000  -15.0000   37.500012272.2949   25.9296
    7.5000  -15.0000   37.500011560.9170   25.9549
   -7.5000   -7.5000   37.500012827.5459   25.9074
    0.0000   -7.5000   37.500013201.9980   25.9445
    7.5000   -7.5000   37.500012488.1592   25.9648
   -7.5000    0.0000   37.500013574.0605   25.9214
    0.0000    0.0000   37.500014003.2832   25.9745
    7.5000    0.0000   37.500013288.2578   26.0033
   -7.5000    7.5000   37.500013350.1348   25.9257
    0.0000    7.5000   37.500013766.1816   25.9804
    7.5000    7.5000   37.500013055.8066   26.0249
   -7.5000   15.0000   37.500012949.9492   25.9197
    0.0000   15.0000   37.500013346.0029   25.9621
    7.5000   15.0000   37.500012640.0850   26.0155
   -7.5000   22.5000   37.500012486.7520   25.9022
    0.0000   22.5000   37.500012877.9814   25.9293
    7.5000   22.5000   37.500012209.0566   25.9721
   -7.5000   30.0000   37.500012039.9629   25.5709
    0.0000   30.0000   37.500012425.8994   25.5940
    7.5000   30.0000   37.500011768.9795   25.6190
   -7.5000   37.5000   37.500011622.8516   25.5721
    0.0000   37.5000   37.500011976.9229   25.6087
    7.5000   37.5000   37.500011352.9287   25.6288
   -7.5000   45.0000   37.500010659.2021   24.9852
    0.0000   45.0000   37.500010991.5127   25.0365
    7.5000   45.0000   37.500010430.8516   25.0641
   -7.5000  -45.0000   45.0000 7291.7188   26.3379
    0.0000  -45.0000   45.0000 7500.2583   26.3945
    7.5000  -45.0000   45.0000 7089.0967   26.4384
   -7.5000  -37.5000   45.0000 8035.4849   26.0495
    0.0000  -37.5000   45.0000 8248.1826   26.1027
    7.5000  -37.5000   45.0000 7773.0342   26.1525
   -7.5000  -30.0000   45.0000 9081.3135   25.9635
    0.0000  -30.0000   45.0000 9329.3105   26.0070
    7.5000  -30.0000   45.0000 8782.5850   26.0579
   -7.5000  -22.5000   45.000010079.0977   25.9076
    0.0000  -22.5000   45.000010362.7900   25.9424
    7.5000  -22.5000   45.0000 9754.6025   25.9847
   -7.5000  -15.0000   45.000011008.8672   25.8914
    0.0000  -15.0000   45.000011324.3301   25.9266
    7.5000  -15.0000   45.000010661.8320   25.9605
   -7.5000   -7.5000   45.000011804.5674   25.9006
    0.0000   -7.5000   45.000012143.4326   25.9462
    7.5000   -7.5000   45.000011500.2021   25.9806
   -7.5000    0.0000   45.000012480.3496   25.9282
    0.0000    0.0000   45.000012869.6123   25.9826
    7.5000    0.0000   45.000012237.3945   26.0235
   -7.5000    7.5000   45.000012260.1973   25.9390
    0.0000    7.5000   45.000012662.6875   25.9917
    7.5000    7.5000   45.000012042.6797   26.0401
   -7.5000   15.0000   45.000011922.8076   25.9272
    0.0000   15.0000   45.000012326.2520   25.9706
    7.5000   15.0000   45.000011710.1533   26.0211
   -7.5000   22.5000   45.000011521.6982   25.8952
    0.0000   22.5000   45.000011918.0264   25.9300
    7.5000   22.5000   45.000011340.0000   25.9723
   -7.5000   30.0000   45.000011130.5938   25.5541
    0.0000   30.0000   45.000011514.0625   25.5889
    7.5000   30.0000   45.000010936.4619   25.6223
   -7.5000   37.5000   45.000010738.5010   25.5631
    0.0000   37.5000   45.000011105.0439   25.6082
    7.5000   37.5000   45.000010540.8018   25.6422
   -7.5000   45.0000   45.0000 9854.3389   25.0031
    0.0000   45.0000   45.000010189.1729   25.0556
    7.5000   45.0000   45.0000 9675.3467   25.0950

---------------------------------------------------------------------
imgreg_4dfp /opt/freesurfer/average/711-2C_as_mni_average_305 /opt/freesurfer/average/711-2B_as_mni_average_305_mask talsrcimg_g11 none talsrcimg_to_711-2C_as_mni_average_305_t4 4355
---------------------------------------------------------------------

freesurfer imgreg_4dfp.c
/opt/freesurfer/average/711-2C_as_mni_average_305.4dfp.img
       256       256       256         1
  1.000000  1.000000  1.000000
orientation T byte_order littleendian
Reading image: /opt/freesurfer/average/711-2C_as_mni_average_305.4dfp.img
dimensions:      256       256       256
mmppix:       1.0000   -1.0000   -1.0000
center:     128.0000 -129.0000 -129.0000
/opt/freesurfer/average/711-2B_as_mni_average_305_mask.4dfp.img
       256       256       256         1
  1.000000  1.000000  1.000000
orientation T byte_order littleendian
Reading mask: /opt/freesurfer/average/711-2B_as_mni_average_305_mask.4dfp.img (2306576 pixels)
talsrcimg_g11.4dfp.img
       256       256       256         1
  1.000000  1.000000  1.000000
orientation T byte_order littleendian
Reading image: talsrcimg_g11.4dfp.img
dimensions:      256       256       256
mmppix:       1.0000   -1.0000   -1.0000
center:     128.0000 -129.0000 -129.0000
rotation matrix determinant  1.000000
image alignment mode   4355 decimal     1103 hex
   -7.5000  -45.0000  -45.0000 1632.7601   38.8012
    0.0000  -45.0000  -45.0000 1627.4878   39.0005
    7.5000  -45.0000  -45.0000 1606.0647   39.8927
   -7.5000  -37.5000  -45.0000 1744.9653   34.0023
    0.0000  -37.5000  -45.0000 1745.2771   34.2260
    7.5000  -37.5000  -45.0000 1727.9110   34.9846
   -7.5000  -30.0000  -45.0000 1858.4915   30.3637
    0.0000  -30.0000  -45.0000 1854.3263   30.4521
    7.5000  -30.0000  -45.0000 1836.5568   31.2740
   -7.5000  -22.5000  -45.0000 1956.3790   27.6924
    0.0000  -22.5000  -45.0000 1953.9669   27.8388
    7.5000  -22.5000  -45.0000 1922.3002   28.4427
   -7.5000  -15.0000  -45.0000 2052.1663   25.8634
    0.0000  -15.0000  -45.0000 2043.5422   25.9716
    7.5000  -15.0000  -45.0000 2003.8223   26.4458
   -7.5000   -7.5000  -45.0000 2099.4502   24.7058
    0.0000   -7.5000  -45.0000 2092.7471   24.8295
    7.5000   -7.5000  -45.0000 2059.2092   25.2972
   -7.5000    0.0000  -45.0000 2120.0908   23.8386
    0.0000    0.0000  -45.0000 2111.3721   23.9783
    7.5000    0.0000  -45.0000 2073.7778   24.4481
   -7.5000    7.5000  -45.0000 2119.6841   23.1220
    0.0000    7.5000  -45.0000 2115.0886   23.2484
    7.5000    7.5000  -45.0000 2086.2585   23.7535
   -7.5000   15.0000  -45.0000 2117.2737   22.9505
    0.0000   15.0000  -45.0000 2112.8069   23.0909
    7.5000   15.0000  -45.0000 2080.2556   23.6833
   -7.5000   22.5000  -45.0000 2088.7407   23.4774
    0.0000   22.5000  -45.0000 2088.7996   23.6477
    7.5000   22.5000  -45.0000 2049.9365   24.2640
   -7.5000   30.0000  -45.0000 2052.7708   24.4331
    0.0000   30.0000  -45.0000 2052.3071   24.5260
    7.5000   30.0000  -45.0000 2019.8264   25.2356
   -7.5000   37.5000  -45.0000 2007.8477   25.8421
    0.0000   37.5000  -45.0000 2003.7811   25.9221
    7.5000   37.5000  -45.0000 1965.6261   26.6502
   -7.5000   45.0000  -45.0000 1939.3385   27.8840
    0.0000   45.0000  -45.0000 1932.9061   28.0323
    7.5000   45.0000  -45.0000 1893.4012   28.7308
   -7.5000  -45.0000  -37.5000 1713.7205   35.5259
    0.0000  -45.0000  -37.5000 1703.3069   35.5959
    7.5000  -45.0000  -37.5000 1683.3055   36.3918
   -7.5000  -37.5000  -37.5000 1834.3451   31.0860
    0.0000  -37.5000  -37.5000 1822.0983   31.1341
    7.5000  -37.5000  -37.5000 1802.8884   31.9172
   -7.5000  -30.0000  -37.5000 1955.4551   27.9182
    0.0000  -30.0000  -37.5000 1943.4598   27.8734
    7.5000  -30.0000  -37.5000 1913.4292   28.5403
   -7.5000  -22.5000  -37.5000 2055.5156   25.4635
    0.0000  -22.5000  -37.5000 2045.3967   25.4908
    7.5000  -22.5000  -37.5000 2011.0769   25.9990
   -7.5000  -15.0000  -37.5000 2143.4761   23.6634
    0.0000  -15.0000  -37.5000 2139.9683   23.7790
    7.5000  -15.0000  -37.5000 2100.5552   24.1864
   -7.5000   -7.5000  -37.5000 2195.6025   22.5761
    0.0000   -7.5000  -37.5000 2195.6816   22.6557
    7.5000   -7.5000  -37.5000 2157.2261   23.0124
   -7.5000    0.0000  -37.5000 2226.8853   21.7408
    0.0000    0.0000  -37.5000 2217.2144   21.8287
    7.5000    0.0000  -37.5000 2182.7192   22.2741
   -7.5000    7.5000  -37.5000 2233.6992   21.1960
    0.0000    7.5000  -37.5000 2231.6160   21.2733
    7.5000    7.5000  -37.5000 2193.4004   21.7066
   -7.5000   15.0000  -37.5000 2220.1995   21.0338
    0.0000   15.0000  -37.5000 2216.7239   21.1646
    7.5000   15.0000  -37.5000 2186.9788   21.5919
   -7.5000   22.5000  -37.5000 2193.7434   21.4456
    0.0000   22.5000  -37.5000 2188.4861   21.5385
    7.5000   22.5000  -37.5000 2157.6504   22.0530
   -7.5000   30.0000  -37.5000 2157.9661   22.1746
    0.0000   30.0000  -37.5000 2153.9497   22.2907
    7.5000   30.0000  -37.5000 2118.1599   22.8736
   -7.5000   37.5000  -37.5000 2115.3506   23.4639
    0.0000   37.5000  -37.5000 2109.8809   23.5766
    7.5000   37.5000  -37.5000 2066.1677   24.1859
   -7.5000   45.0000  -37.5000 2038.3323   25.3495
    0.0000   45.0000  -37.5000 2034.1676   25.5107
    7.5000   45.0000  -37.5000 1993.3585   26.1560
   -7.5000  -45.0000  -30.0000 1815.8691   33.6494
    0.0000  -45.0000  -30.0000 1801.1544   33.6610
    7.5000  -45.0000  -30.0000 1782.9924   34.5289
   -7.5000  -37.5000  -30.0000 1947.3606   29.4175
    0.0000  -37.5000  -30.0000 1935.9236   29.4283
    7.5000  -37.5000  -30.0000 1910.9777   30.1529
   -7.5000  -30.0000  -30.0000 2075.9497   26.4023
    0.0000  -30.0000  -30.0000 2063.6050   26.4172
    7.5000  -30.0000  -30.0000 2032.3132   26.9756
   -7.5000  -22.5000  -30.0000 2179.8701   24.0907
    0.0000  -22.5000  -30.0000 2173.0396   24.1378
    7.5000  -22.5000  -30.0000 2133.5344   24.6036
   -7.5000  -15.0000  -30.0000 2281.6958   22.4692
    0.0000  -15.0000  -30.0000 2274.2231   22.5151
    7.5000  -15.0000  -30.0000 2225.4016   22.8771
   -7.5000   -7.5000  -30.0000 2338.6379   21.3900
    0.0000   -7.5000  -30.0000 2334.1772   21.4282
    7.5000   -7.5000  -30.0000 2287.3369   21.7424
   -7.5000    0.0000  -30.0000 2368.0847   20.6011
    0.0000    0.0000  -30.0000 2358.3611   20.6293
    7.5000    0.0000  -30.0000 2321.9829   21.0015
   -7.5000    7.5000  -30.0000 2383.4570   20.0825
    0.0000    7.5000  -30.0000 2377.8630   20.1197
    7.5000    7.5000  -30.0000 2337.1274   20.5509
   -7.5000   15.0000  -30.0000 2378.3909   19.9345
    0.0000   15.0000  -30.0000 2370.8540   19.9965
    7.5000   15.0000  -30.0000 2335.5754   20.3996
   -7.5000   22.5000  -30.0000 2352.9077   20.3228
    0.0000   22.5000  -30.0000 2346.4272   20.3696
    7.5000   22.5000  -30.0000 2312.1465   20.8054
   -7.5000   30.0000  -30.0000 2309.3159   20.9789
    0.0000   30.0000  -30.0000 2305.6179   21.0392
    7.5000   30.0000  -30.0000 2266.0769   21.5621
   -7.5000   37.5000  -30.0000 2260.7659   22.1706
    0.0000   37.5000  -30.0000 2253.7737   22.2460
    7.5000   37.5000  -30.0000 2208.0835   22.8214
   -7.5000   45.0000  -30.0000 2181.0176   23.9695
    0.0000   45.0000  -30.0000 2169.4443   24.0487
    7.5000   45.0000  -30.0000 2125.9170   24.6667
   -7.5000  -45.0000  -22.5000 1894.8125   31.4401
    0.0000  -45.0000  -22.5000 1885.0938   31.5572
    7.5000  -45.0000  -22.5000 1864.7493   32.4099
   -7.5000  -37.5000  -22.5000 2036.3010   27.6821
    0.0000  -37.5000  -22.5000 2027.0802   27.6937
    7.5000  -37.5000  -22.5000 1997.6152   28.5145
   -7.5000  -30.0000  -22.5000 2167.0811   24.7915
    0.0000  -30.0000  -22.5000 2158.2830   24.8147
    7.5000  -30.0000  -22.5000 2124.3413   25.4058
   -7.5000  -22.5000  -22.5000 2288.2954   22.5828
    0.0000  -22.5000  -22.5000 2273.5710   22.5835
    7.5000  -22.5000  -22.5000 2233.1270   23.0569
   -7.5000  -15.0000  -22.5000 2394.5078   21.0123
    0.0000  -15.0000  -22.5000 2379.0361   20.9937
    7.5000  -15.0000  -22.5000 2333.3987   21.4288
   -7.5000   -7.5000  -22.5000 2452.6255   20.0183
    0.0000   -7.5000  -22.5000 2448.7400   20.0097
    7.5000   -7.5000  -22.5000 2400.6274   20.3443
   -7.5000    0.0000  -22.5000 2491.8333   19.2625
    0.0000    0.0000  -22.5000 2483.7043   19.3023
    7.5000    0.0000  -22.5000 2437.8689   19.6182
   -7.5000    7.5000  -22.5000 2519.1384   18.8177
    0.0000    7.5000  -22.5000 2507.2087   18.8254
    7.5000    7.5000  -22.5000 2461.7249   19.2464
   -7.5000   15.0000  -22.5000 2522.8667   18.6733
    0.0000   15.0000  -22.5000 2513.1736   18.7065
    7.5000   15.0000  -22.5000 2469.5989   19.1198
   -7.5000   22.5000  -22.5000 2501.9663   19.0626
    0.0000   22.5000  -22.5000 2492.5068   19.0750
    7.5000   22.5000  -22.5000 2446.5884   19.5035
   -7.5000   30.0000  -22.5000 2458.8301   19.7576
    0.0000   30.0000  -22.5000 2445.9766   19.7815
    7.5000   30.0000  -22.5000 2393.9954   20.2220
   -7.5000   37.5000  -22.5000 2391.3464   20.8830
    0.0000   37.5000  -22.5000 2380.8767   20.9453
    7.5000   37.5000  -22.5000 2327.4014   21.4098
   -7.5000   45.0000  -22.5000 2295.6499   22.5642
    0.0000   45.0000  -22.5000 2285.9004   22.6303
    7.5000   45.0000  -22.5000 2238.1436   23.1570
   -7.5000  -45.0000  -15.0000 1948.6025   29.5569
    0.0000  -45.0000  -15.0000 1939.7223   29.7289
    7.5000  -45.0000  -15.0000 1919.3756   30.6983
   -7.5000  -37.5000  -15.0000 2099.0833   26.0218
    0.0000  -37.5000  -15.0000 2089.7832   26.1848
    7.5000  -37.5000  -15.0000 2058.0715   26.9256
   -7.5000  -30.0000  -15.0000 2238.7263   23.2758
    0.0000  -30.0000  -15.0000 2227.5024   23.3365
    7.5000  -30.0000  -15.0000 2184.8591   23.9887
   -7.5000  -22.5000  -15.0000 2364.8887   21.1676
    0.0000  -22.5000  -15.0000 2353.4006   21.2000
    7.5000  -22.5000  -15.0000 2307.6475   21.7479
   -7.5000  -15.0000  -15.0000 2478.2136   19.6129
    0.0000  -15.0000  -15.0000 2461.3923   19.5942
    7.5000  -15.0000  -15.0000 2421.8086   20.0666
   -7.5000   -7.5000  -15.0000 2548.7817   18.6108
    0.0000   -7.5000  -15.0000 2535.5686   18.6192
    7.5000   -7.5000  -15.0000 2490.1262   19.0039
   -7.5000    0.0000  -15.0000 2592.6584   17.9370
    0.0000    0.0000  -15.0000 2581.6135   17.9711
    7.5000    0.0000  -15.0000 2536.9458   18.3299
   -7.5000    7.5000  -15.0000 2624.8528   17.5824
    0.0000    7.5000  -15.0000 2612.8223   17.6040
    7.5000    7.5000  -15.0000 2565.6890   17.9736
   -7.5000   15.0000  -15.0000 2633.6523   17.4801
    0.0000   15.0000  -15.0000 2626.1111   17.5085
    7.5000   15.0000  -15.0000 2577.2620   17.8783
   -7.5000   22.5000  -15.0000 2619.2449   17.8147
    0.0000   22.5000  -15.0000 2609.6121   17.8606
    7.5000   22.5000  -15.0000 2556.9326   18.2375
   -7.5000   30.0000  -15.0000 2572.2544   18.5326
    0.0000   30.0000  -15.0000 2558.2722   18.5783
    7.5000   30.0000  -15.0000 2496.7751   19.0036
   -7.5000   37.5000  -15.0000 2493.2473   19.7070
    0.0000   37.5000  -15.0000 2483.4375   19.7466
    7.5000   37.5000  -15.0000 2423.8931   20.1797
   -7.5000   45.0000  -15.0000 2386.9714   21.3083
    0.0000   45.0000  -15.0000 2382.3335   21.3938
    7.5000   45.0000  -15.0000 2328.4695   21.8828
   -7.5000  -45.0000   -7.5000 1989.2017   28.0243
    0.0000  -45.0000   -7.5000 1987.7227   28.3736
    7.5000  -45.0000   -7.5000 1961.1908   29.3578
   -7.5000  -37.5000   -7.5000 2151.4966   24.6334
    0.0000  -37.5000   -7.5000 2141.9839   24.8544
    7.5000  -37.5000   -7.5000 2106.1812   25.6563
   -7.5000  -30.0000   -7.5000 2293.1433   21.9164
    0.0000  -30.0000   -7.5000 2278.4202   22.0699
    7.5000  -30.0000   -7.5000 2239.9490   22.8117
   -7.5000  -22.5000   -7.5000 2421.3223   19.8205
    0.0000  -22.5000   -7.5000 2410.1514   19.9512
    7.5000  -22.5000   -7.5000 2367.5432   20.6291
   -7.5000  -15.0000   -7.5000 2534.9238   18.3360
    0.0000  -15.0000   -7.5000 2527.8486   18.3902
    7.5000  -15.0000   -7.5000 2484.4998   18.9696
   -7.5000   -7.5000   -7.5000 2627.8291   17.3452
    0.0000   -7.5000   -7.5000 2619.6208   17.3567
    7.5000   -7.5000   -7.5000 2571.2102   17.8413
   -7.5000    0.0000   -7.5000 2687.9719   16.7612
    0.0000    0.0000   -7.5000 2677.9448   16.8026
    7.5000    0.0000   -7.5000 2626.4766   17.1863
   -7.5000    7.5000   -7.5000 2727.1736   16.4379
    0.0000    7.5000   -7.5000 2713.7959   16.4875
    7.5000    7.5000   -7.5000 2662.2532   16.8524
   -7.5000   15.0000   -7.5000 2730.3960   16.3826
    0.0000   15.0000   -7.5000 2724.0735   16.4138
    7.5000   15.0000   -7.5000 2665.3459   16.8019
   -7.5000   22.5000   -7.5000 2714.3398   16.7044
    0.0000   22.5000   -7.5000 2707.1399   16.7466
    7.5000   22.5000   -7.5000 2646.8774   17.1750
   -7.5000   30.0000   -7.5000 2663.8701   17.4299
    0.0000   30.0000   -7.5000 2650.0376   17.4612
    7.5000   30.0000   -7.5000 2590.8174   17.9337
   -7.5000   37.5000   -7.5000 2571.1516   18.6293
    0.0000   37.5000   -7.5000 2561.5769   18.7004
    7.5000   37.5000   -7.5000 2509.6223   19.1322
   -7.5000   45.0000   -7.5000 2454.5439   20.2233
    0.0000   45.0000   -7.5000 2447.3149   20.2831
    7.5000   45.0000   -7.5000 2403.0549   20.7727
   -7.5000  -45.0000    0.0000 2025.5602   27.0633
    0.0000  -45.0000    0.0000 2018.4478   27.4886
    7.5000  -45.0000    0.0000 1986.3534   28.5094
   -7.5000  -37.5000    0.0000 2184.2007   23.6205
    0.0000  -37.5000    0.0000 2175.7756   23.9772
    7.5000  -37.5000    0.0000 2139.9109   24.8036
   -7.5000  -30.0000    0.0000 2323.8164   20.9230
    0.0000  -30.0000    0.0000 2318.9033   21.2124
    7.5000  -30.0000    0.0000 2283.7461   22.0390
   -7.5000  -22.5000    0.0000 2457.3025   18.8809
    0.0000  -22.5000    0.0000 2455.0554   19.1180
    7.5000  -22.5000    0.0000 2415.0735   19.8617
   -7.5000  -15.0000    0.0000 2578.6980   17.3704
    0.0000  -15.0000    0.0000 2574.8621   17.5552
    7.5000  -15.0000    0.0000 2527.1016   18.1893
   -7.5000   -7.5000    0.0000 2685.1475   16.3689
    0.0000   -7.5000    0.0000 2679.4626   16.4693
    7.5000   -7.5000    0.0000 2621.3738   17.0519
   -7.5000    0.0000    0.0000 2769.4297   15.7508
    0.0000    0.0000    0.0000 2758.0066   15.8142
    7.5000    0.0000    0.0000 2689.4988   16.3137
   -7.5000    7.5000    0.0000 2817.0247   15.4684
    0.0000    7.5000    0.0000 2802.2756   15.5068
    7.5000    7.5000    0.0000 2736.8213   15.9959
   -7.5000   15.0000    0.0000 2826.5806   15.4928
    0.0000   15.0000    0.0000 2815.8992   15.5342
    7.5000   15.0000    0.0000 2751.3340   15.9858
   -7.5000   22.5000    0.0000 2802.0698   15.8701
    0.0000   22.5000    0.0000 2792.6296   15.9153
    7.5000   22.5000    0.0000 2730.8574   16.3931
   -7.5000   30.0000    0.0000 2732.1431   16.6043
    0.0000   30.0000    0.0000 2723.5249   16.6449
    7.5000   30.0000    0.0000 2669.8760   17.1686
   -7.5000   37.5000    0.0000 2626.3228   17.8434
    0.0000   37.5000    0.0000 2620.6746   17.9024
    7.5000   37.5000    0.0000 2574.6768   18.4127
   -7.5000   45.0000    0.0000 2506.0071   19.4247
    0.0000   45.0000    0.0000 2501.6978   19.4970
    7.5000   45.0000    0.0000 2453.3406   20.0594
   -7.5000  -45.0000    7.5000 2051.7808   26.4376
    0.0000  -45.0000    7.5000 2038.0326   26.8357
    7.5000  -45.0000    7.5000 2002.7275   27.9200
   -7.5000  -37.5000    7.5000 2206.1755   23.0156
    0.0000  -37.5000    7.5000 2193.8030   23.3640
    7.5000  -37.5000    7.5000 2158.3450   24.4144
   -7.5000  -30.0000    7.5000 2347.4766   20.3112
    0.0000  -30.0000    7.5000 2335.7463   20.6158
    7.5000  -30.0000    7.5000 2306.1335   21.5893
   -7.5000  -22.5000    7.5000 2484.4124   18.2733
    0.0000  -22.5000    7.5000 2479.3789   18.5467
    7.5000  -22.5000    7.5000 2438.6926   19.3818
   -7.5000  -15.0000    7.5000 2607.9998   16.7876
    0.0000  -15.0000    7.5000 2606.1819   17.0447
    7.5000  -15.0000    7.5000 2558.2012   17.7709
   -7.5000   -7.5000    7.5000 2728.4104   15.7007
    0.0000   -7.5000    7.5000 2722.2947   15.9342
    7.5000   -7.5000    7.5000 2663.9980   16.6056
   -7.5000    0.0000    7.5000 2830.4126   15.0124
    0.0000    0.0000    7.5000 2814.5725   15.1430
    7.5000    0.0000    7.5000 2735.6509   15.7902
   -7.5000    7.5000    7.5000 2896.8865   14.6312
    0.0000    7.5000    7.5000 2875.1553   14.7413
    7.5000    7.5000    7.5000 2794.1821   15.4386
   -7.5000   15.0000    7.5000 2912.5049   14.7616
    0.0000   15.0000    7.5000 2891.9414   14.8617
    7.5000   15.0000    7.5000 2818.5081   15.5115
   -7.5000   22.5000    7.5000 2873.0312   15.3174
    0.0000   22.5000    7.5000 2866.1379   15.3660
    7.5000   22.5000    7.5000 2796.7756   15.9395
   -7.5000   30.0000    7.5000 2778.6284   16.1437
    0.0000   30.0000    7.5000 2778.3799   16.2113
    7.5000   30.0000    7.5000 2721.5022   16.7505
   -7.5000   37.5000    7.5000 2667.8237   17.3370
    0.0000   37.5000    7.5000 2672.2478   17.4473
    7.5000   37.5000    7.5000 2617.6553   17.9818
   -7.5000   45.0000    7.5000 2541.6472   18.8982
    0.0000   45.0000    7.5000 2538.2876   19.0308
    7.5000   45.0000    7.5000 2485.4187   19.5397
   -7.5000  -45.0000   15.0000 2055.7896   26.2410
    0.0000  -45.0000   15.0000 2041.2717   26.6334
    7.5000  -45.0000   15.0000 2007.6897   27.8211
   -7.5000  -37.5000   15.0000 2209.0413   22.7158
    0.0000  -37.5000   15.0000 2198.6848   23.0511
    7.5000  -37.5000   15.0000 2161.8433   24.1801
   -7.5000  -30.0000   15.0000 2352.9512   20.0503
    0.0000  -30.0000   15.0000 2340.8445   20.3249
    7.5000  -30.0000   15.0000 2307.1018   21.3097
   -7.5000  -22.5000   15.0000 2493.3569   18.0513
    0.0000  -22.5000   15.0000 2483.5408   18.2784
    7.5000  -22.5000   15.0000 2441.9705   19.1571
   -7.5000  -15.0000   15.0000 2620.9500   16.5403
    0.0000  -15.0000   15.0000 2617.4932   16.7663
    7.5000  -15.0000   15.0000 2568.9880   17.5859
   -7.5000   -7.5000   15.0000 2733.8257   15.4369
    0.0000   -7.5000   15.0000 2732.2095   15.6531
    7.5000   -7.5000   15.0000 2678.1179   16.3840
   -7.5000    0.0000   15.0000 2828.5654   14.5315
    0.0000    0.0000   15.0000 2827.3848   14.7737
    7.5000    0.0000   15.0000 2757.5544   15.5484
   -7.5000    7.5000   15.0000 2916.2656   13.9989
    0.0000    7.5000   15.0000 2904.0269   14.2547
    7.5000    7.5000   15.0000 2817.1328   15.1852
   -7.5000   15.0000   15.0000 2938.0061   14.3176
    0.0000   15.0000   15.0000 2930.5837   14.4853
    7.5000   15.0000   15.0000 2844.8770   15.2670
   -7.5000   22.5000   15.0000 2905.0852   15.0543
    0.0000   22.5000   15.0000 2901.3977   15.1678
    7.5000   22.5000   15.0000 2825.2114   15.7570
   -7.5000   30.0000   15.0000 2812.8618   16.0628
    0.0000   30.0000   15.0000 2805.5435   16.1196
    7.5000   30.0000   15.0000 2746.0762   16.5784
   -7.5000   37.5000   15.0000 2693.5334   17.2268
    0.0000   37.5000   15.0000 2690.0496   17.2482
    7.5000   37.5000   15.0000 2636.0283   17.7131
   -7.5000   45.0000   15.0000 2550.4189   18.6746
    0.0000   45.0000   15.0000 2546.8667   18.6822
    7.5000   45.0000   15.0000 2496.5195   19.2053
   -7.5000  -45.0000   22.5000 2040.9352   26.2739
    0.0000  -45.0000   22.5000 2025.6447   26.5432
    7.5000  -45.0000   22.5000 1999.4146   27.7858
   -7.5000  -37.5000   22.5000 2203.5276   22.8798
    0.0000  -37.5000   22.5000 2191.9944   23.1114
    7.5000  -37.5000   22.5000 2157.0513   24.2559
   -7.5000  -30.0000   22.5000 2356.5513   20.2380
    0.0000  -30.0000   22.5000 2344.6553   20.4612
    7.5000  -30.0000   22.5000 2301.1091   21.4510
   -7.5000  -22.5000   22.5000 2499.0432   18.2044
    0.0000  -22.5000   22.5000 2489.2192   18.3960
    7.5000  -22.5000   22.5000 2440.3220   19.2842
   -7.5000  -15.0000   22.5000 2628.6128   16.6512
    0.0000  -15.0000   22.5000 2625.5798   16.8374
    7.5000  -15.0000   22.5000 2573.6963   17.6386
   -7.5000   -7.5000   22.5000 2734.4385   15.4628
    0.0000   -7.5000   22.5000 2735.3645   15.6821
    7.5000   -7.5000   22.5000 2680.7839   16.4640
   -7.5000    0.0000   22.5000 2814.2754   14.6083
    0.0000    0.0000   22.5000 2818.6277   14.8105
    7.5000    0.0000   22.5000 2759.7295   15.6341
   -7.5000    7.5000   22.5000 2890.6794   14.2488
    0.0000    7.5000   22.5000 2892.4075   14.4077
    7.5000    7.5000   22.5000 2812.7305   15.2089
   -7.5000   15.0000   22.5000 2920.0737   14.4783
    0.0000   15.0000   22.5000 2911.0374   14.5796
    7.5000   15.0000   22.5000 2834.2036   15.2881
   -7.5000   22.5000   22.5000 2895.1765   15.1325
    0.0000   22.5000   22.5000 2883.7007   15.1965
    7.5000   22.5000   22.5000 2817.0906   15.7794
   -7.5000   30.0000   22.5000 2810.5371   16.1198
    0.0000   30.0000   22.5000 2803.6599   16.1361
    7.5000   30.0000   22.5000 2743.0186   16.6071
   -7.5000   37.5000   22.5000 2689.5122   17.2512
    0.0000   37.5000   22.5000 2686.7966   17.2630
    7.5000   37.5000   22.5000 2631.6069   17.7039
   -7.5000   45.0000   22.5000 2549.3713   18.6333
    0.0000   45.0000   22.5000 2544.0781   18.6407
    7.5000   45.0000   22.5000 2493.7456   19.1206
   -7.5000  -45.0000   30.0000 2025.2299   26.7423
    0.0000  -45.0000   30.0000 2013.2090   27.0375
    7.5000  -45.0000   30.0000 1985.3866   28.2472
   -7.5000  -37.5000   30.0000 2191.8396   23.2677
    0.0000  -37.5000   30.0000 2182.4922   23.4844
    7.5000  -37.5000   30.0000 2145.2922   24.6027
   -7.5000  -30.0000   30.0000 2349.1150   20.6281
    0.0000  -30.0000   30.0000 2338.7009   20.8006
    7.5000  -30.0000   30.0000 2287.3152   21.7772
   -7.5000  -22.5000   30.0000 2490.6980   18.6166
    0.0000  -22.5000   30.0000 2479.5679   18.7154
    7.5000  -22.5000   30.0000 2426.6050   19.5758
   -7.5000  -15.0000   30.0000 2613.7124   17.1002
    0.0000  -15.0000   30.0000 2603.8943   17.1831
    7.5000  -15.0000   30.0000 2552.0481   17.9664
   -7.5000   -7.5000   30.0000 2715.1846   15.9175
    0.0000   -7.5000   30.0000 2710.9614   16.0165
    7.5000   -7.5000   30.0000 2659.7957   16.8010
   -7.5000    0.0000   30.0000 2795.6418   15.1655
    0.0000    0.0000   30.0000 2789.5598   15.2778
    7.5000    0.0000   30.0000 2733.8137   16.0324
   -7.5000    7.5000   30.0000 2852.9236   14.8705
    0.0000    7.5000   30.0000 2849.2793   14.9647
    7.5000    7.5000   30.0000 2783.2632   15.6239
   -7.5000   15.0000   30.0000 2858.4041   14.9610
    0.0000   15.0000   30.0000 2853.2266   15.0082
    7.5000   15.0000   30.0000 2788.9609   15.6436
   -7.5000   22.5000   30.0000 2833.9067   15.4052
    0.0000   22.5000   30.0000 2824.7654   15.4110
    7.5000   22.5000   30.0000 2768.5708   15.9846
   -7.5000   30.0000   30.0000 2760.5071   16.2987
    0.0000   30.0000   30.0000 2753.9131   16.2778
    7.5000   30.0000   30.0000 2699.7224   16.7635
   -7.5000   37.5000   30.0000 2653.8293   17.4604
    0.0000   37.5000   30.0000 2646.9326   17.4434
    7.5000   37.5000   30.0000 2600.2705   17.9050
   -7.5000   45.0000   30.0000 2521.9609   18.8488
    0.0000   45.0000   30.0000 2517.2715   18.8451
    7.5000   45.0000   30.0000 2471.2395   19.3199
   -7.5000  -45.0000   37.5000 2004.0454   27.4457
    0.0000  -45.0000   37.5000 1995.5808   27.7229
    7.5000  -45.0000   37.5000 1963.1196   28.8148
   -7.5000  -37.5000   37.5000 2174.0911   24.0192
    0.0000  -37.5000   37.5000 2159.8296   24.1938
    7.5000  -37.5000   37.5000 2121.3721   25.2054
   -7.5000  -30.0000   37.5000 2329.6257   21.4018
    0.0000  -30.0000   37.5000 2311.3081   21.5328
    7.5000  -30.0000   37.5000 2264.3933   22.3788
   -7.5000  -22.5000   37.5000 2462.7244   19.3558
    0.0000  -22.5000   37.5000 2448.1201   19.4303
    7.5000  -22.5000   37.5000 2397.9131   20.1808
   -7.5000  -15.0000   37.5000 2584.1858   17.7921
    0.0000  -15.0000   37.5000 2568.7231   17.8350
    7.5000  -15.0000   37.5000 2512.4946   18.5445
   -7.5000   -7.5000   37.5000 2681.0105   16.6325
    0.0000   -7.5000   37.5000 2668.0759   16.6791
    7.5000   -7.5000   37.5000 2613.7854   17.4157
   -7.5000    0.0000   37.5000 2750.3469   15.9085
    0.0000    0.0000   37.5000 2740.1147   15.9882
    7.5000    0.0000   37.5000 2688.1299   16.6818
   -7.5000    7.5000   37.5000 2801.2588   15.6020
    0.0000    7.5000   37.5000 2789.5464   15.6799
    7.5000    7.5000   37.5000 2731.5691   16.3049
   -7.5000   15.0000   37.5000 2797.0796   15.6219
    0.0000   15.0000   37.5000 2787.4819   15.7223
    7.5000   15.0000   37.5000 2725.7859   16.2521
   -7.5000   22.5000   37.5000 2758.7729   15.9248
    0.0000   22.5000   37.5000 2752.9534   15.9670
    7.5000   22.5000   37.5000 2701.7473   16.4677
   -7.5000   30.0000   37.5000 2688.8894   16.7023
    0.0000   30.0000   37.5000 2684.4573   16.7362
    7.5000   30.0000   37.5000 2634.4966   17.1910
   -7.5000   37.5000   37.5000 2592.6936   17.8671
    0.0000   37.5000   37.5000 2589.1289   17.8752
    7.5000   37.5000   37.5000 2545.0618   18.2961
   -7.5000   45.0000   37.5000 2468.3008   19.2624
    0.0000   45.0000   37.5000 2467.2817   19.2449
    7.5000   45.0000   37.5000 2428.7017   19.7312
   -7.5000  -45.0000   45.0000 1982.2957   28.6915
    0.0000  -45.0000   45.0000 1967.6013   28.8278
    7.5000  -45.0000   45.0000 1938.1024   29.9122
   -7.5000  -37.5000   45.0000 2150.6108   25.2524
    0.0000  -37.5000   45.0000 2128.0728   25.3233
    7.5000  -37.5000   45.0000 2085.9463   26.1944
   -7.5000  -30.0000   45.0000 2297.9038   22.5253
    0.0000  -30.0000   45.0000 2277.8984   22.5724
    7.5000  -30.0000   45.0000 2226.8774   23.3522
   -7.5000  -22.5000   45.0000 2423.8669   20.3731
    0.0000  -22.5000   45.0000 2406.4070   20.4292
    7.5000  -22.5000   45.0000 2350.0183   21.0913
   -7.5000  -15.0000   45.0000 2527.5708   18.7308
    0.0000  -15.0000   45.0000 2514.8313   18.7896
    7.5000  -15.0000   45.0000 2455.2529   19.4406
   -7.5000   -7.5000   45.0000 2618.0110   17.5659
    0.0000   -7.5000   45.0000 2603.4089   17.6154
    7.5000   -7.5000   45.0000 2550.4607   18.3020
   -7.5000    0.0000   45.0000 2675.8096   16.8223
    0.0000    0.0000   45.0000 2665.3389   16.9192
    7.5000    0.0000   45.0000 2620.5713   17.5612
   -7.5000    7.5000   45.0000 2712.3547   16.4969
    0.0000    7.5000   45.0000 2705.9353   16.5814
    7.5000    7.5000   45.0000 2660.0837   17.1851
   -7.5000   15.0000   45.0000 2710.8533   16.4560
    0.0000   15.0000   45.0000 2707.5437   16.5617
    7.5000   15.0000   45.0000 2654.3914   17.0910
   -7.5000   22.5000   45.0000 2672.9670   16.7062
    0.0000   22.5000   45.0000 2670.1987   16.7730
    7.5000   22.5000   45.0000 2624.1570   17.2823
   -7.5000   30.0000   45.0000 2604.0925   17.4381
    0.0000   30.0000   45.0000 2598.4529   17.4583
    7.5000   30.0000   45.0000 2553.6792   17.9243
   -7.5000   37.5000   45.0000 2519.9019   18.5287
    0.0000   37.5000   45.0000 2514.6484   18.6012
    7.5000   37.5000   45.0000 2470.2500   19.0209
   -7.5000   45.0000   45.0000 2400.8933   19.9746
    0.0000   45.0000   45.0000 2397.1733   19.9944
    7.5000   45.0000   45.0000 2363.2493   20.4556

---------------------------------------------------------------------
imgreg_4dfp /opt/freesurfer/average/711-2C_as_mni_average_305 /opt/freesurfer/average/711-2B_as_mni_average_305_mask talsrcimg_g11 none talsrcimg_to_711-2C_as_mni_average_305_t4 1283
---------------------------------------------------------------------

freesurfer imgreg_4dfp.c
/opt/freesurfer/average/711-2C_as_mni_average_305.4dfp.img
       256       256       256         1
  1.000000  1.000000  1.000000
orientation T byte_order littleendian
Reading image: /opt/freesurfer/average/711-2C_as_mni_average_305.4dfp.img
dimensions:      256       256       256
mmppix:       1.0000   -1.0000   -1.0000
center:     128.0000 -129.0000 -129.0000
/opt/freesurfer/average/711-2B_as_mni_average_305_mask.4dfp.img
       256       256       256         1
  1.000000  1.000000  1.000000
orientation T byte_order littleendian
Reading mask: /opt/freesurfer/average/711-2B_as_mni_average_305_mask.4dfp.img (2306576 pixels)
talsrcimg_g11.4dfp.img
       256       256       256         1
  1.000000  1.000000  1.000000
orientation T byte_order littleendian
Reading image: talsrcimg_g11.4dfp.img
dimensions:      256       256       256
mmppix:       1.0000   -1.0000   -1.0000
center:     128.0000 -129.0000 -129.0000
rotation matrix determinant  1.000000
fimgreg.f
image alignment mode   1283 decimal      503 hex
parameters
   -7.5000   15.0000   15.0000    0.0000    0.0000    0.0000
eta,q 0.92493 14.27937
niter,ni,del,rscale     5    3   12.0000    1.2000
parameters
   -4.7280   17.1390   14.6742    1.7096    1.5598   -1.9532
eta,q 0.92788 14.39462
  0.0953  0.0839  0.0795  0.0851  0.0797  0.0751
  0.0867  0.0841  0.0753  0.0812  0.0770  0.0730
  0.0827  0.0820  0.0743  0.0766  0.0751  0.0721
  0.0807  0.0777  0.0741  0.0737  0.0737  0.0734
  0.0782  0.0744  0.0757  0.0740  0.0734  0.0754
  0.0782  0.0758  0.0777  0.0760  0.0741  0.0764
  0.0802  0.0812  0.0791  0.0772  0.0758  0.0769
niter,ni,del,rscale     4    3   12.0000    1.2000
parameter  4 -0.631967 -> -0.500000 qaram    1.1500
parameters
   -4.5987   15.7152   14.5548    5.1596    1.9045   -1.1149
eta,q 0.92941 14.36015
  0.0817  0.0785  0.0793  0.0817  0.0768  0.0746
  0.0758  0.0758  0.0745  0.0782  0.0739  0.0727
  0.0738  0.0728  0.0718  0.0748  0.0716  0.0715
  0.0721  0.0721  0.0721  0.0720  0.0706  0.0707
  0.0729  0.0763  0.0733  0.0709  0.0719  0.0707
  0.0759  0.0824  0.0761  0.0705  0.0733  0.0715
  0.0808  0.0895  0.0786  0.0713  0.0753  0.0730
niter,ni,del,rscale     4    3   12.0000    1.2000
parameters
   -4.5905   13.5756   14.8824    6.9568    1.8926   -2.2331
eta,q 0.93377 14.17451
  0.0798  0.0759  0.0758  0.0837  0.0738  0.0699
  0.0753  0.0684  0.0721  0.0793  0.0705  0.0676
  0.0728  0.0666  0.0680  0.0719  0.0673  0.0664
  0.0706  0.0706  0.0665  0.0667  0.0665  0.0665
  0.0721  0.0770  0.0691  0.0668  0.0685  0.0682
  0.0754  0.0829  0.0718  0.0695  0.0706  0.0706
  0.0799  0.0881  0.0732  0.0738  0.0734  0.0729
niter,ni,del,rscale     3    3   12.0000    1.2000
parameters
   -4.8134   13.1625   15.2459    7.4416    1.6399   -2.2394
eta,q 0.93358 14.12895
  0.0765  0.0822  0.0755  0.0812  0.0731  0.0724
  0.0723  0.0740  0.0709  0.0740  0.0695  0.0692
  0.0688  0.0671  0.0667  0.0674  0.0668  0.0674
  0.0662  0.0662  0.0660  0.0664  0.0666  0.0664
  0.0688  0.0707  0.0694  0.0681  0.0687  0.0674
  0.0730  0.0784  0.0714  0.0715  0.0707  0.0697
  0.0784  0.0854  0.0717  0.0770  0.0734  0.0721
niter,ni,del,rscale     2    3   12.0000    1.2000
parameters
   -4.8636   12.9571   15.4428    7.5868    1.5831   -2.1978
eta,q 0.93328 14.10846
  0.0761  0.0831  0.0750  0.0803  0.0736  0.0728
  0.0727  0.0752  0.0706  0.0726  0.0700  0.0696
  0.0695  0.0681  0.0663  0.0668  0.0673  0.0678
  0.0664  0.0664  0.0664  0.0667  0.0668  0.0667
  0.0684  0.0700  0.0702  0.0689  0.0687  0.0676
  0.0720  0.0773  0.0714  0.0725  0.0706  0.0700
  0.0774  0.0848  0.0718  0.0780  0.0731  0.0724
niter,ni,del,rscale     1    3   12.0000    1.2000
parameters
   -4.8691   12.8769   15.5022    7.6392    1.5866   -2.1835
eta,q 0.93315 14.10109
  0.0758  0.0837  0.0746  0.0800  0.0738  0.0729
  0.0728  0.0760  0.0703  0.0723  0.0701  0.0697
  0.0698  0.0688  0.0662  0.0667  0.0674  0.0679
  0.0667  0.0667  0.0667  0.0668  0.0668  0.0669
  0.0684  0.0698  0.0705  0.0692  0.0687  0.0678
  0.0717  0.0767  0.0714  0.0728  0.0706  0.0702
  0.0770  0.0842  0.0721  0.0783  0.0730  0.0726
registration optimization eta report
parameter search radius
    6.0000    6.0000    6.0000    6.9000    6.0000    6.0000
100000*second partial in parameter space
       25.       47.       17.       26.       17.       16.
  0.0758  0.0837  0.0746  0.0800  0.0738  0.0729
  0.0728  0.0760  0.0703  0.0723  0.0701  0.0697
  0.0698  0.0688  0.0662  0.0667  0.0674  0.0679
  0.0667  0.0667  0.0667  0.0668  0.0668  0.0669
  0.0684  0.0698  0.0705  0.0692  0.0687  0.0678
  0.0717  0.0767  0.0714  0.0728  0.0706  0.0702
  0.0770  0.0842  0.0721  0.0783  0.0730  0.0726
   -4.8691   12.8769   15.5022    7.6392    1.5866   -2.1835
eta,q 0.93315 14.10109

---------------------------------------------------------------------
imgreg_4dfp /opt/freesurfer/average/711-2C_as_mni_average_305 /opt/freesurfer/average/711-2B_as_mni_average_305_mask talsrcimg_g11 none talsrcimg_to_711-2C_as_mni_average_305_t4 3335
---------------------------------------------------------------------

freesurfer imgreg_4dfp.c
/opt/freesurfer/average/711-2C_as_mni_average_305.4dfp.img
       256       256       256         1
  1.000000  1.000000  1.000000
orientation T byte_order littleendian
Reading image: /opt/freesurfer/average/711-2C_as_mni_average_305.4dfp.img
dimensions:      256       256       256
mmppix:       1.0000   -1.0000   -1.0000
center:     128.0000 -129.0000 -129.0000
/opt/freesurfer/average/711-2B_as_mni_average_305_mask.4dfp.img
       256       256       256         1
  1.000000  1.000000  1.000000
orientation T byte_order littleendian
Reading mask: /opt/freesurfer/average/711-2B_as_mni_average_305_mask.4dfp.img (2306576 pixels)
talsrcimg_g11.4dfp.img
       256       256       256         1
  1.000000  1.000000  1.000000
orientation T byte_order littleendian
Reading image: talsrcimg_g11.4dfp.img
dimensions:      256       256       256
mmppix:       1.0000   -1.0000   -1.0000
center:     128.0000 -129.0000 -129.0000
fimgreg.f
image alignment mode   3335 decimal      D07 hex
parameters
   -4.8691   12.8769   15.5022   -0.1109   -0.9454   -0.9255
    3.4083   -3.2487   -3.8085  -13.1792    2.7688   13.2883
eta,q 0.93240 14.12361
niter,ni,del,rscale     5    3    5.0000    1.2000
parameter  4 13.474717 ->  0.500000 qaram    1.1500
parameter  5  2.096674 ->  0.500000 qaram    1.1500
parameter  6  2.474454 ->  0.500000 qaram    1.1500
parameter 12  0.629531 ->  0.500000 qaram    1.1500
parameters
   -4.3786   12.7317   15.9012   -4.2509   -5.0854   -5.0655
    2.3953   -0.7307   -2.6585  -11.6637   -0.3928    9.1483
eta,q 0.95358 13.26535
  0.0696  0.0686  0.0684  0.0555  0.0524  0.0451  0.0490  0.0533  0.0494  0.0530  0.0473  0.0467
  0.0686  0.0679  0.0679  0.0590  0.0541  0.0469  0.0481  0.0508  0.0484  0.0502  0.0470  0.0464
  0.0679  0.0676  0.0676  0.0631  0.0568  0.0502  0.0476  0.0488  0.0476  0.0482  0.0470  0.0465
  0.0676  0.0675  0.0675  0.0675  0.0600  0.0547  0.0476  0.0476  0.0472  0.0472  0.0472  0.0470
  0.0675  0.0676  0.0675  0.0716  0.0633  0.0594  0.0480  0.0472  0.0472  0.0474  0.0476  0.0477
  0.0678  0.0681  0.0676  0.0757  0.0672  0.0643  0.0488  0.0476  0.0476  0.0483  0.0482  0.0487
  0.0685  0.0690  0.0679  0.0802  0.0721  0.0690  0.0500  0.0487  0.0484  0.0494  0.0489  0.0498
niter,ni,del,rscale     7    3    5.0000    1.2000
parameter  4  2.509929 ->  0.500000 qaram    1.3225
parameter  5  1.529575 ->  0.500000 qaram    1.3225
parameter  6  0.658805 ->  0.500000 qaram    1.3225
parameters
   -5.1101   12.8181   15.4545   -9.0119   -9.8464   -9.8265
    3.5395   -0.1982   -2.5739  -10.2108    0.3588    8.3304
eta,q 0.96683 12.92806
  0.0475  0.0486  0.0476  0.0356  0.0332  0.0332  0.0371  0.0401  0.0350  0.0364  0.0352  0.0341
  0.0466  0.0475  0.0466  0.0377  0.0349  0.0334  0.0353  0.0369  0.0341  0.0349  0.0341  0.0335
  0.0462  0.0467  0.0461  0.0414  0.0364  0.0337  0.0341  0.0344  0.0336  0.0339  0.0334  0.0332
  0.0464  0.0462  0.0462  0.0461  0.0385  0.0353  0.0335  0.0334  0.0334  0.0334  0.0332  0.0332
  0.0473  0.0463  0.0468  0.0511  0.0417  0.0393  0.0334  0.0339  0.0335  0.0331  0.0333  0.0333
  0.0490  0.0471  0.0478  0.0567  0.0453  0.0451  0.0341  0.0357  0.0340  0.0335  0.0337  0.0338
  0.0514  0.0485  0.0491  0.0619  0.0494  0.0515  0.0354  0.0384  0.0349  0.0347  0.0344  0.0345
niter,ni,del,rscale     7    3    5.0000    1.2000
parameter  2  0.705228 ->  0.500000 qaram    1.1500
parameter  4  0.626665 ->  0.500000 qaram    1.5209
parameter  5  1.348510 ->  0.500000 qaram    1.5209
parameters
   -4.9486   11.4381   14.7699  -14.4871  -15.3216  -10.9173
    3.6952   -0.3348   -2.3195  -11.0601    0.1373    6.9245
eta,q 0.97371 12.66175
  0.0381  0.0325  0.0329  0.0304  0.0264  0.0293  0.0294  0.0303  0.0283  0.0289  0.0271  0.0278
  0.0356  0.0322  0.0323  0.0302  0.0262  0.0274  0.0278  0.0281  0.0273  0.0274  0.0267  0.0268
  0.0339  0.0324  0.0321  0.0307  0.0278  0.0264  0.0268  0.0269  0.0267  0.0265  0.0265  0.0263
  0.0332  0.0331  0.0322  0.0321  0.0303  0.0265  0.0265  0.0265  0.0265  0.0265  0.0264  0.0264
  0.0335  0.0343  0.0326  0.0360  0.0331  0.0263  0.0268  0.0270  0.0266  0.0271  0.0265  0.0270
  0.0348  0.0357  0.0335  0.0416  0.0360  0.0277  0.0277  0.0283  0.0271  0.0284  0.0268  0.0279
  0.0370  0.0374  0.0348  0.0481  0.0391  0.0325  0.0291  0.0305  0.0280  0.0303  0.0272  0.0289
niter,ni,del,rscale     7    3    5.0000    1.2000
parameters
   -4.9408   11.4406   14.9044  -16.0138  -17.6979  -10.1178
    3.6667   -0.4018   -2.3709  -10.5186    0.2373    7.3241
eta,q 0.97408 12.54934
  0.0298  0.0302  0.0279  0.0297  0.0301  0.0299  0.0285  0.0296  0.0275  0.0290  0.0268  0.0282
  0.0279  0.0280  0.0271  0.0276  0.0279  0.0277  0.0271  0.0275  0.0266  0.0273  0.0263  0.0270
  0.0267  0.0267  0.0265  0.0265  0.0262  0.0262  0.0262  0.0263  0.0261  0.0263  0.0260  0.0262
  0.0263  0.0263  0.0263  0.0263  0.0263  0.0259  0.0259  0.0259  0.0259  0.0259  0.0259  0.0259
  0.0267  0.0268  0.0264  0.0267  0.0286  0.0257  0.0262  0.0265  0.0261  0.0261  0.0260  0.0261
  0.0279  0.0281  0.0268  0.0286  0.0315  0.0261  0.0271  0.0277  0.0266  0.0268  0.0263  0.0268
  0.0298  0.0301  0.0276  0.0340  0.0351  0.0291  0.0285  0.0296  0.0275  0.0282  0.0267  0.0277
niter,ni,del,rscale     6    3    5.0000    1.2000
parameters
   -4.9426   11.7741   15.3650  -15.8691  -18.4335   -9.9730
    3.6550   -0.4095   -2.4073  -10.0837    0.3355    7.1716
eta,q 0.97420 12.52745
  0.0294  0.0303  0.0278  0.0302  0.0311  0.0294  0.0284  0.0295  0.0273  0.0287  0.0266  0.0278
  0.0275  0.0282  0.0268  0.0278  0.0288  0.0274  0.0270  0.0275  0.0265  0.0271  0.0262  0.0267
  0.0263  0.0267  0.0262  0.0263  0.0268  0.0261  0.0261  0.0263  0.0260  0.0262  0.0259  0.0260
  0.0259  0.0259  0.0259  0.0258  0.0258  0.0258  0.0258  0.0258  0.0258  0.0258  0.0258  0.0258
  0.0263  0.0260  0.0258  0.0261  0.0271  0.0256  0.0261  0.0263  0.0260  0.0260  0.0259  0.0261
  0.0275  0.0270  0.0261  0.0267  0.0298  0.0263  0.0270  0.0276  0.0265  0.0267  0.0262  0.0269
  0.0294  0.0287  0.0267  0.0306  0.0327  0.0299  0.0284  0.0294  0.0274  0.0280  0.0266  0.0278
niter,ni,del,rscale     5    3    5.0000    1.2000
parameters
   -4.9516   11.8724   15.4150  -15.8878  -18.7054   -9.8923
    3.6609   -0.4180   -2.4169   -9.8121    0.3663    7.0525
eta,q 0.97419 12.51716
  0.0292  0.0296  0.0273  0.0300  0.0314  0.0294  0.0284  0.0294  0.0273  0.0285  0.0266  0.0278
  0.0274  0.0276  0.0265  0.0277  0.0290  0.0274  0.0270  0.0275  0.0265  0.0270  0.0262  0.0267
  0.0262  0.0263  0.0260  0.0262  0.0270  0.0261  0.0261  0.0263  0.0260  0.0262  0.0259  0.0260
  0.0258  0.0258  0.0258  0.0258  0.0258  0.0258  0.0258  0.0258  0.0258  0.0258  0.0258  0.0258
  0.0262  0.0261  0.0259  0.0261  0.0267  0.0256  0.0261  0.0263  0.0260  0.0260  0.0259  0.0261
  0.0274  0.0273  0.0264  0.0268  0.0294  0.0264  0.0270  0.0276  0.0265  0.0267  0.0262  0.0269
  0.0293  0.0291  0.0272  0.0307  0.0322  0.0300  0.0284  0.0294  0.0273  0.0281  0.0266  0.0278
niter,ni,del,rscale     4    3    5.0000    1.2000
parameters
   -4.9586   11.9586   15.4135  -15.9168  -18.8474   -9.8863
    3.6599   -0.4279   -2.4158   -9.5822    0.3709    6.9152
eta,q 0.97418 12.50762
  0.0292  0.0295  0.0273  0.0300  0.0315  0.0294  0.0284  0.0294  0.0273  0.0284  0.0266  0.0278
  0.0274  0.0276  0.0265  0.0277  0.0291  0.0273  0.0270  0.0275  0.0265  0.0270  0.0262  0.0267
  0.0262  0.0263  0.0260  0.0262  0.0271  0.0261  0.0261  0.0263  0.0260  0.0262  0.0259  0.0260
  0.0258  0.0258  0.0258  0.0258  0.0258  0.0258  0.0258  0.0258  0.0258  0.0258  0.0258  0.0258
  0.0262  0.0262  0.0259  0.0261  0.0266  0.0256  0.0261  0.0263  0.0260  0.0260  0.0259  0.0261
  0.0274  0.0273  0.0264  0.0268  0.0292  0.0265  0.0270  0.0276  0.0265  0.0268  0.0262  0.0269
  0.0293  0.0290  0.0273  0.0306  0.0320  0.0301  0.0284  0.0294  0.0273  0.0281  0.0266  0.0278
niter,ni,del,rscale     3    3    5.0000    1.2000
parameters
   -4.9649   12.0373   15.3858  -15.9462  -18.9486   -9.8964
    3.6668   -0.4350   -2.3888   -9.3494    0.3520    6.7732
eta,q 0.97418 12.49894
  0.0292  0.0295  0.0272  0.0300  0.0314  0.0294  0.0284  0.0294  0.0273  0.0283  0.0266  0.0278
  0.0274  0.0276  0.0265  0.0277  0.0291  0.0273  0.0270  0.0275  0.0265  0.0270  0.0262  0.0267
  0.0262  0.0263  0.0260  0.0262  0.0271  0.0261  0.0261  0.0263  0.0260  0.0262  0.0259  0.0260
  0.0258  0.0258  0.0258  0.0258  0.0258  0.0258  0.0258  0.0258  0.0258  0.0258  0.0258  0.0258
  0.0262  0.0262  0.0260  0.0262  0.0266  0.0257  0.0261  0.0263  0.0260  0.0260  0.0259  0.0261
  0.0274  0.0273  0.0265  0.0269  0.0292  0.0265  0.0270  0.0276  0.0265  0.0267  0.0262  0.0269
  0.0293  0.0290  0.0274  0.0306  0.0319  0.0301  0.0284  0.0294  0.0273  0.0281  0.0266  0.0278
niter,ni,del,rscale     2    3    5.0000    1.2000
parameters
   -4.9687   12.1177   15.3511  -15.9744  -19.0500   -9.9102
    3.6702   -0.4406   -2.3625   -9.1048    0.3150    6.6181
eta,q 0.97417 12.49000
  0.0293  0.0294  0.0272  0.0300  0.0314  0.0294  0.0284  0.0294  0.0273  0.0283  0.0266  0.0278
  0.0274  0.0275  0.0265  0.0276  0.0290  0.0273  0.0270  0.0275  0.0265  0.0270  0.0262  0.0267
  0.0262  0.0263  0.0260  0.0262  0.0271  0.0261  0.0261  0.0263  0.0260  0.0262  0.0259  0.0260
  0.0258  0.0258  0.0258  0.0258  0.0258  0.0258  0.0258  0.0258  0.0258  0.0258  0.0258  0.0258
  0.0262  0.0262  0.0260  0.0262  0.0265  0.0257  0.0261  0.0263  0.0260  0.0260  0.0259  0.0261
  0.0274  0.0273  0.0265  0.0269  0.0291  0.0265  0.0270  0.0276  0.0265  0.0267  0.0262  0.0269
  0.0293  0.0290  0.0274  0.0306  0.0318  0.0301  0.0284  0.0293  0.0273  0.0281  0.0266  0.0278
niter,ni,del,rscale     1    3    5.0000    1.2000
parameters
   -4.9748   12.2035   15.3101  -16.0093  -19.1497   -9.9366
    3.6721   -0.4491   -2.3215   -8.8386    0.2796    6.4531
eta,q 0.97416 12.47989
  0.0292  0.0294  0.0272  0.0300  0.0313  0.0294  0.0284  0.0294  0.0273  0.0283  0.0266  0.0278
  0.0274  0.0275  0.0265  0.0276  0.0290  0.0273  0.0270  0.0275  0.0265  0.0270  0.0262  0.0267
  0.0262  0.0263  0.0260  0.0262  0.0271  0.0261  0.0262  0.0263  0.0260  0.0262  0.0259  0.0261
  0.0258  0.0258  0.0258  0.0258  0.0258  0.0259  0.0259  0.0259  0.0259  0.0259  0.0258  0.0258
  0.0262  0.0262  0.0260  0.0262  0.0265  0.0257  0.0261  0.0263  0.0260  0.0260  0.0259  0.0261
  0.0274  0.0273  0.0265  0.0269  0.0291  0.0266  0.0270  0.0276  0.0265  0.0267  0.0262  0.0269
  0.0293  0.0290  0.0274  0.0306  0.0318  0.0301  0.0284  0.0294  0.0273  0.0280  0.0267  0.0278
registration optimization eta report
parameter search radius
    2.4000    2.7600    2.4000   10.9503   10.9503    9.5220
    7.2000    7.2000    7.2000    7.2000    7.2000    8.2800
100000*second partial in parameter space
       59.       44.       26.        4.        5.        5.
        5.        7.        3.        4.        2.        3.
  0.0292  0.0294  0.0272  0.0300  0.0313  0.0294  0.0284  0.0294  0.0273  0.0283  0.0266  0.0278
  0.0274  0.0275  0.0265  0.0276  0.0290  0.0273  0.0270  0.0275  0.0265  0.0270  0.0262  0.0267
  0.0262  0.0263  0.0260  0.0262  0.0271  0.0261  0.0262  0.0263  0.0260  0.0262  0.0259  0.0261
  0.0258  0.0258  0.0258  0.0258  0.0258  0.0259  0.0259  0.0259  0.0259  0.0259  0.0258  0.0258
  0.0262  0.0262  0.0260  0.0262  0.0265  0.0257  0.0261  0.0263  0.0260  0.0260  0.0259  0.0261
  0.0274  0.0273  0.0265  0.0269  0.0291  0.0266  0.0270  0.0276  0.0265  0.0267  0.0262  0.0269
  0.0293  0.0290  0.0274  0.0306  0.0318  0.0301  0.0284  0.0294  0.0273  0.0280  0.0267  0.0278
   -4.9748   12.2035   15.3101  -16.0093  -19.1497   -9.9366
    3.6721   -0.4491   -2.3215   -8.8386    0.2796    6.4531
eta,q 0.97416 12.47989

---------------------------------------------------------------------
imgreg_4dfp /opt/freesurfer/average/711-2C_as_mni_average_305 /opt/freesurfer/average/711-2B_as_mni_average_305_mask talsrcimg_g11 none talsrcimg_to_711-2C_as_mni_average_305_t4 2311
---------------------------------------------------------------------

freesurfer imgreg_4dfp.c
/opt/freesurfer/average/711-2C_as_mni_average_305.4dfp.img
       256       256       256         1
  1.000000  1.000000  1.000000
orientation T byte_order littleendian
Reading image: /opt/freesurfer/average/711-2C_as_mni_average_305.4dfp.img
dimensions:      256       256       256
mmppix:       1.0000   -1.0000   -1.0000
center:     128.0000 -129.0000 -129.0000
/opt/freesurfer/average/711-2B_as_mni_average_305_mask.4dfp.img
       256       256       256         1
  1.000000  1.000000  1.000000
orientation T byte_order littleendian
Reading mask: /opt/freesurfer/average/711-2B_as_mni_average_305_mask.4dfp.img (2306576 pixels)
talsrcimg_g11.4dfp.img
       256       256       256         1
  1.000000  1.000000  1.000000
orientation T byte_order littleendian
Reading image: talsrcimg_g11.4dfp.img
dimensions:      256       256       256
mmppix:       1.0000   -1.0000   -1.0000
center:     128.0000 -129.0000 -129.0000
fimgreg.f
image alignment mode   2311 decimal      907 hex
parameters
   -4.9748   12.2035   15.3101  -16.0092  -19.1497   -9.9366
    3.6721   -0.4491   -2.3215   -8.8386    0.2796    6.4531
eta,q 0.97416 12.47989
niter,ni,del,rscale     5    3    5.0000    0.8000
parameters
   -4.9805   12.2673   15.3172  -15.8373  -18.6641   -8.5734
    3.7197   -0.6063   -2.2553   -9.0283    0.1721    5.6427
eta,q 0.97429 12.57358
  0.0274  0.0271  0.0265  0.0266  0.0276  0.0265  0.0269  0.0272  0.0265  0.0267  0.0261  0.0263
  0.0265  0.0264  0.0261  0.0261  0.0269  0.0260  0.0263  0.0264  0.0261  0.0261  0.0259  0.0259
  0.0260  0.0260  0.0259  0.0259  0.0262  0.0258  0.0259  0.0259  0.0258  0.0258  0.0258  0.0257
  0.0258  0.0258  0.0258  0.0258  0.0258  0.0258  0.0257  0.0257  0.0257  0.0257  0.0257  0.0257
  0.0260  0.0260  0.0259  0.0260  0.0258  0.0257  0.0259  0.0260  0.0258  0.0259  0.0258  0.0259
  0.0266  0.0263  0.0261  0.0262  0.0263  0.0257  0.0262  0.0265  0.0260  0.0263  0.0259  0.0263
  0.0274  0.0269  0.0265  0.0263  0.0272  0.0259  0.0269  0.0274  0.0264  0.0269  0.0261  0.0268
niter,ni,del,rscale     4    3    5.0000    0.7000
parameters
   -4.9681   12.1726   15.2591  -15.0836  -18.3706   -7.9739
    3.8238   -0.6910   -2.0580   -9.2201   -0.2166    5.4781
eta,q 0.97439 12.65909
  0.0269  0.0266  0.0262  0.0263  0.0272  0.0260  0.0266  0.0268  0.0262  0.0265  0.0258  0.0262
  0.0262  0.0261  0.0259  0.0259  0.0266  0.0259  0.0261  0.0261  0.0259  0.0259  0.0257  0.0259
  0.0259  0.0258  0.0258  0.0258  0.0260  0.0258  0.0257  0.0257  0.0257  0.0257  0.0256  0.0257
  0.0257  0.0257  0.0257  0.0257  0.0257  0.0257  0.0256  0.0256  0.0256  0.0256  0.0256  0.0256
  0.0258  0.0259  0.0258  0.0258  0.0257  0.0256  0.0257  0.0258  0.0257  0.0258  0.0256  0.0257
  0.0262  0.0262  0.0260  0.0258  0.0262  0.0256  0.0260  0.0262  0.0258  0.0261  0.0257  0.0260
  0.0269  0.0268  0.0263  0.0259  0.0270  0.0260  0.0265  0.0268  0.0261  0.0266  0.0259  0.0263
niter,ni,del,rscale     3    3    5.0000    0.6000
parameters
   -4.9501   12.0646   15.2099  -14.4127  -18.1633   -7.3653
    3.8581   -0.7459   -1.8984   -9.4437   -0.5000    5.4941
eta,q 0.97450 12.73315
  0.0265  0.0262  0.0260  0.0259  0.0269  0.0259  0.0262  0.0264  0.0260  0.0262  0.0257  0.0260
  0.0260  0.0259  0.0258  0.0257  0.0263  0.0259  0.0258  0.0258  0.0257  0.0258  0.0256  0.0257
  0.0257  0.0257  0.0256  0.0256  0.0259  0.0258  0.0256  0.0256  0.0256  0.0255  0.0255  0.0256
  0.0256  0.0256  0.0256  0.0256  0.0256  0.0256  0.0255  0.0255  0.0255  0.0255  0.0255  0.0255
  0.0257  0.0257  0.0257  0.0256  0.0257  0.0255  0.0256  0.0257  0.0256  0.0257  0.0255  0.0256
  0.0260  0.0260  0.0258  0.0257  0.0260  0.0256  0.0258  0.0260  0.0257  0.0260  0.0256  0.0257
  0.0264  0.0265  0.0261  0.0257  0.0267  0.0259  0.0262  0.0264  0.0259  0.0264  0.0257  0.0260
niter,ni,del,rscale     2    3    5.0000    0.5000
parameters
   -4.9540   11.9318   15.2204  -13.8891  -18.0437   -6.9983
    3.8360   -0.7598   -1.8865   -9.6926   -0.4055    5.6889
eta,q 0.97456 12.78383
  0.0261  0.0259  0.0258  0.0257  0.0264  0.0259  0.0259  0.0262  0.0258  0.0260  0.0256  0.0259
  0.0258  0.0257  0.0257  0.0256  0.0260  0.0258  0.0257  0.0257  0.0256  0.0256  0.0255  0.0257
  0.0256  0.0255  0.0255  0.0255  0.0257  0.0257  0.0255  0.0255  0.0255  0.0255  0.0255  0.0255
  0.0255  0.0255  0.0255  0.0255  0.0255  0.0255  0.0255  0.0255  0.0255  0.0255  0.0254  0.0254
  0.0256  0.0256  0.0255  0.0255  0.0255  0.0254  0.0255  0.0256  0.0255  0.0256  0.0255  0.0255
  0.0258  0.0259  0.0256  0.0255  0.0258  0.0255  0.0257  0.0258  0.0256  0.0258  0.0255  0.0256
  0.0261  0.0262  0.0258  0.0256  0.0264  0.0259  0.0260  0.0261  0.0258  0.0261  0.0256  0.0258
niter,ni,del,rscale     1    3    5.0000    0.4000
parameters
   -4.9778   11.8004   15.2455  -13.5102  -17.9561   -6.7063
    3.8259   -0.7711   -1.9997   -9.9630   -0.2384    5.9219
eta,q 0.97460 12.82109
  0.0258  0.0257  0.0257  0.0255  0.0261  0.0259  0.0257  0.0259  0.0256  0.0257  0.0255  0.0257
  0.0256  0.0255  0.0255  0.0255  0.0258  0.0257  0.0256  0.0256  0.0255  0.0255  0.0254  0.0256
  0.0255  0.0254  0.0255  0.0254  0.0255  0.0255  0.0254  0.0254  0.0254  0.0254  0.0254  0.0254
  0.0254  0.0254  0.0254  0.0254  0.0254  0.0254  0.0254  0.0254  0.0254  0.0254  0.0254  0.0254
  0.0255  0.0255  0.0255  0.0254  0.0255  0.0254  0.0254  0.0255  0.0254  0.0255  0.0254  0.0254
  0.0256  0.0257  0.0255  0.0254  0.0257  0.0255  0.0256  0.0256  0.0255  0.0257  0.0254  0.0255
  0.0259  0.0259  0.0257  0.0255  0.0260  0.0257  0.0257  0.0259  0.0256  0.0259  0.0255  0.0256
registration optimization eta report
parameter search radius
    0.8000    0.8000    0.8000    2.4000    2.4000    2.4000
    2.4000    2.4000    2.4000    2.4000    2.4000    2.4000
100000*second partial in parameter space
       60.       59.       37.        1.       11.        6.
        6.        8.        4.        7.        2.        4.
  0.0258  0.0257  0.0257  0.0255  0.0261  0.0259  0.0257  0.0259  0.0256  0.0257  0.0255  0.0257
  0.0256  0.0255  0.0255  0.0255  0.0258  0.0257  0.0256  0.0256  0.0255  0.0255  0.0254  0.0256
  0.0255  0.0254  0.0255  0.0254  0.0255  0.0255  0.0254  0.0254  0.0254  0.0254  0.0254  0.0254
  0.0254  0.0254  0.0254  0.0254  0.0254  0.0254  0.0254  0.0254  0.0254  0.0254  0.0254  0.0254
  0.0255  0.0255  0.0255  0.0254  0.0255  0.0254  0.0254  0.0255  0.0254  0.0255  0.0254  0.0254
  0.0256  0.0257  0.0255  0.0254  0.0257  0.0255  0.0256  0.0256  0.0255  0.0257  0.0254  0.0255
  0.0259  0.0259  0.0257  0.0255  0.0260  0.0257  0.0257  0.0259  0.0256  0.0259  0.0255  0.0256
   -4.9778   11.8004   15.2455  -13.5102  -17.9561   -6.7063
    3.8259   -0.7711   -1.9997   -9.9630   -0.2384    5.9219
eta,q 0.97460 12.82109

---------------------------------------------------------------------
imgreg_4dfp /opt/freesurfer/average/711-2C_as_mni_average_305 /opt/freesurfer/average/711-2B_as_mni_average_305_mask talsrcimg_g11 none talsrcimg_to_711-2C_as_mni_average_305_t4 2311
---------------------------------------------------------------------

freesurfer imgreg_4dfp.c
/opt/freesurfer/average/711-2C_as_mni_average_305.4dfp.img
       256       256       256         1
  1.000000  1.000000  1.000000
orientation T byte_order littleendian
Reading image: /opt/freesurfer/average/711-2C_as_mni_average_305.4dfp.img
dimensions:      256       256       256
mmppix:       1.0000   -1.0000   -1.0000
center:     128.0000 -129.0000 -129.0000
/opt/freesurfer/average/711-2B_as_mni_average_305_mask.4dfp.img
       256       256       256         1
  1.000000  1.000000  1.000000
orientation T byte_order littleendian
Reading mask: /opt/freesurfer/average/711-2B_as_mni_average_305_mask.4dfp.img (2306576 pixels)
talsrcimg_g11.4dfp.img
       256       256       256         1
  1.000000  1.000000  1.000000
orientation T byte_order littleendian
Reading image: talsrcimg_g11.4dfp.img
dimensions:      256       256       256
mmppix:       1.0000   -1.0000   -1.0000
center:     128.0000 -129.0000 -129.0000
fimgreg.f
image alignment mode   2311 decimal      907 hex
parameters
   -4.9778   11.8004   15.2455  -13.5102  -17.9561   -6.7063
    3.8259   -0.7711   -1.9997   -9.9630   -0.2384    5.9219
eta,q 0.97460 12.82109
niter,ni,del,rscale     5    3    5.0000    0.8000
parameters
   -5.0144   11.6667   15.2781  -14.0082  -18.1634   -7.7358
    3.8427   -0.5883   -1.9273  -10.1905   -0.2182    6.3447
eta,q 0.97447 12.75538
  0.0269  0.0266  0.0264  0.0259  0.0273  0.0260  0.0267  0.0275  0.0263  0.0268  0.0259  0.0266
  0.0261  0.0259  0.0259  0.0256  0.0264  0.0259  0.0261  0.0263  0.0259  0.0260  0.0257  0.0260
  0.0256  0.0255  0.0255  0.0254  0.0257  0.0257  0.0257  0.0257  0.0256  0.0256  0.0256  0.0257
  0.0254  0.0254  0.0254  0.0254  0.0254  0.0254  0.0255  0.0255  0.0255  0.0255  0.0255  0.0255
  0.0256  0.0256  0.0255  0.0254  0.0257  0.0255  0.0256  0.0257  0.0256  0.0258  0.0256  0.0256
  0.0261  0.0262  0.0258  0.0256  0.0265  0.0263  0.0261  0.0262  0.0259  0.0262  0.0257  0.0258
  0.0270  0.0271  0.0263  0.0263  0.0278  0.0280  0.0267  0.0270  0.0263  0.0269  0.0259  0.0263
niter,ni,del,rscale     4    3    5.0000    0.7000
parameters
   -4.9364   11.7282   15.3215  -13.9508  -18.0329   -7.7113
    3.8073   -0.6188   -2.0127  -10.3157   -0.3463    6.2949
eta,q 0.97450 12.75952
  0.0268  0.0267  0.0262  0.0258  0.0272  0.0260  0.0264  0.0268  0.0261  0.0265  0.0258  0.0262
  0.0261  0.0261  0.0258  0.0256  0.0264  0.0259  0.0259  0.0260  0.0258  0.0259  0.0256  0.0258
  0.0257  0.0257  0.0256  0.0255  0.0258  0.0258  0.0256  0.0256  0.0256  0.0256  0.0255  0.0256
  0.0255  0.0255  0.0255  0.0255  0.0255  0.0255  0.0255  0.0255  0.0255  0.0255  0.0255  0.0255
  0.0256  0.0256  0.0256  0.0255  0.0256  0.0254  0.0256  0.0257  0.0256  0.0257  0.0255  0.0256
  0.0259  0.0259  0.0258  0.0256  0.0262  0.0256  0.0259  0.0261  0.0258  0.0260  0.0256  0.0258
  0.0265  0.0265  0.0261  0.0258  0.0271  0.0263  0.0265  0.0267  0.0261  0.0266  0.0258  0.0262
niter,ni,del,rscale     3    3    5.0000    0.6000
parameters
   -4.9336   11.6921   15.3315  -13.7758  -17.9290   -7.2459
    3.7937   -0.6718   -2.0253  -10.3807   -0.3801    6.2800
eta,q 0.97458 12.79034
  0.0263  0.0263  0.0260  0.0257  0.0268  0.0260  0.0261  0.0264  0.0259  0.0263  0.0256  0.0260
  0.0259  0.0258  0.0257  0.0256  0.0262  0.0259  0.0257  0.0258  0.0256  0.0258  0.0255  0.0257
  0.0256  0.0256  0.0256  0.0255  0.0257  0.0257  0.0255  0.0255  0.0255  0.0255  0.0254  0.0255
  0.0255  0.0255  0.0255  0.0255  0.0255  0.0255  0.0254  0.0254  0.0254  0.0254  0.0254  0.0254
  0.0256  0.0256  0.0256  0.0255  0.0256  0.0254  0.0255  0.0256  0.0255  0.0256  0.0254  0.0255
  0.0259  0.0259  0.0257  0.0255  0.0260  0.0255  0.0257  0.0259  0.0256  0.0259  0.0255  0.0257
  0.0263  0.0264  0.0260  0.0257  0.0267  0.0260  0.0261  0.0264  0.0259  0.0263  0.0256  0.0260
niter,ni,del,rscale     2    3    5.0000    0.5000
parameters
   -4.9505   11.6269   15.3314  -13.4007  -17.8815   -6.9235
    3.7654   -0.6925   -2.0893  -10.4612   -0.2595    6.3601
eta,q 0.97462 12.82549
  0.0260  0.0259  0.0258  0.0256  0.0264  0.0260  0.0259  0.0261  0.0257  0.0260  0.0256  0.0258
  0.0257  0.0256  0.0256  0.0255  0.0259  0.0258  0.0256  0.0257  0.0255  0.0256  0.0255  0.0256
  0.0255  0.0255  0.0255  0.0254  0.0256  0.0256  0.0254  0.0254  0.0254  0.0254  0.0254  0.0254
  0.0254  0.0254  0.0254  0.0254  0.0254  0.0254  0.0254  0.0254  0.0254  0.0254  0.0254  0.0254
  0.0255  0.0255  0.0255  0.0254  0.0255  0.0254  0.0254  0.0255  0.0254  0.0255  0.0254  0.0254
  0.0257  0.0257  0.0256  0.0254  0.0258  0.0255  0.0256  0.0257  0.0255  0.0257  0.0254  0.0256
  0.0260  0.0261  0.0258  0.0255  0.0264  0.0259  0.0259  0.0261  0.0257  0.0260  0.0255  0.0258
niter,ni,del,rscale     1    3    5.0000    0.4000
parameters
   -4.9735   11.5611   15.3251  -13.0800  -17.8420   -6.6699
    3.7582   -0.7104   -2.1611  -10.5359   -0.1221    6.4624
eta,q 0.97464 12.85432
  0.0257  0.0257  0.0256  0.0255  0.0260  0.0259  0.0257  0.0259  0.0256  0.0258  0.0255  0.0256
  0.0255  0.0255  0.0255  0.0254  0.0257  0.0257  0.0255  0.0256  0.0254  0.0255  0.0254  0.0255
  0.0254  0.0254  0.0254  0.0254  0.0255  0.0255  0.0254  0.0254  0.0254  0.0254  0.0254  0.0254
  0.0254  0.0254  0.0254  0.0254  0.0254  0.0254  0.0254  0.0254  0.0254  0.0254  0.0254  0.0254
  0.0254  0.0254  0.0254  0.0254  0.0254  0.0254  0.0254  0.0254  0.0254  0.0254  0.0254  0.0254
  0.0256  0.0256  0.0255  0.0254  0.0256  0.0255  0.0255  0.0256  0.0255  0.0256  0.0254  0.0255
  0.0258  0.0258  0.0256  0.0254  0.0260  0.0257  0.0257  0.0258  0.0256  0.0258  0.0255  0.0256
registration optimization eta report
parameter search radius
    0.8000    0.8000    0.8000    2.4000    2.4000    2.4000
    2.4000    2.4000    2.4000    2.4000    2.4000    2.4000
100000*second partial in parameter space
       60.       59.       39.        1.       11.        7.
        6.        9.        4.        8.        2.        5.
  0.0257  0.0257  0.0256  0.0255  0.0260  0.0259  0.0257  0.0259  0.0256  0.0258  0.0255  0.0256
  0.0255  0.0255  0.0255  0.0254  0.0257  0.0257  0.0255  0.0256  0.0254  0.0255  0.0254  0.0255
  0.0254  0.0254  0.0254  0.0254  0.0255  0.0255  0.0254  0.0254  0.0254  0.0254  0.0254  0.0254
  0.0254  0.0254  0.0254  0.0254  0.0254  0.0254  0.0254  0.0254  0.0254  0.0254  0.0254  0.0254
  0.0254  0.0254  0.0254  0.0254  0.0254  0.0254  0.0254  0.0254  0.0254  0.0254  0.0254  0.0254
  0.0256  0.0256  0.0255  0.0254  0.0256  0.0255  0.0255  0.0256  0.0255  0.0256  0.0254  0.0255
  0.0258  0.0258  0.0256  0.0254  0.0260  0.0257  0.0257  0.0258  0.0256  0.0258  0.0255  0.0256
   -4.9735   11.5611   15.3251  -13.0800  -17.8420   -6.6699
    3.7582   -0.7104   -2.1611  -10.5359   -0.1221    6.4624
eta,q 0.97464 12.85432

---------------------------------------------------------------------
compute_vox2vox talsrcimg talsrcimg_to_711-2C_as_mni_average_305_t4 /opt/freesurfer/average/711-2C_as_mni_average_305
---------------------------------------------------------------------

freesurfer compute_vox2vox.c
Reading: talsrcimg.4dfp.ifh
Reading: talsrcimg_to_711-2C_as_mni_average_305_t4
Reading: /opt/freesurfer/average/711-2C_as_mni_average_305.4dfp.ifh
Writing: talsrcimg_to_711-2C_as_mni_average_305_t4_vox2vox.txt

start time Sun Mar 8 22:09:24 CET 2026
end		time Sun Mar 8 22:10:51 CET 2026

mpr2mni305 success

avi2talxfm orig_nu.mgz /opt/freesurfer/average/mni305.cor.mgz talsrcimg_to_711-2C_as_mni_average_305_t4_vox2vox.txt transforms/talairach.auto.xfm
avi2talxfm done
mv -f /out/sourcedata/freesurfer/sub-v1s16x0051164_ses-1/mri/talsrcimg_to_711-2C_as_mni_average_305_t4_vox2vox.txt /out/sourcedata/freesurfer/sub-v1s16x0051164_ses-1/mri/transforms/talsrcimg_to_711-2C_as_mni_average_305_t4_vox2vox.txt
lta_convert --src orig_nu.mgz --trg /opt/freesurfer/average/mni305.cor.mgz --inxfm transforms/talairach.auto.xfm --outlta transforms/talairach.auto.xfm.lta --subject fsaverage
7.3.2

--src: orig_nu.mgz src image (geometry).
--trg: /opt/freesurfer/average/mni305.cor.mgz trg image (geometry).
--inmni: transforms/talairach.auto.xfm input MNI/XFM transform.
--outlta: transforms/talairach.auto.xfm.lta output LTA.
--s: fsaverage subject name
 LTA read, type : 1
 1.14918   0.00279  -0.05279   5.64734;
-0.00058   1.06203  -0.08351  -10.08824;
 0.03015   0.13627   1.20507  -11.33272;
 0.00000   0.00000   0.00000   1.00000;
setting subject to fsaverage
Writing  LTA to file transforms/talairach.auto.xfm.lta...
lta_convert successful.
 
 
Started at Sun Mar 8 22:09:24 CET 2026
Ended   at Sun Mar  8 22:10:51 CET 2026
talairach_avi done
