/out/sourcedata/freesurfer/sub-v1s16x0051184_ses-1/mri
/opt/freesurfer/bin/talairach_avi
--i orig_nu.mgz --xfm transforms/talairach.auto.xfm
talairach_avi 7.3.2
Linux dna079 5.14.0-427.37.1.el9_4.x86_64 #1 SMP PREEMPT_DYNAMIC Fri Sep 13 12:41:50 EDT 2024 x86_64 x86_64 x86_64 GNU/Linux
Sun Mar  8 23:47:05 CET 2026
mri_convert orig_nu.mgz talsrcimg.img 
reading from orig_nu.mgz...
TR=0.00, TE=0.00, TI=0.00, flip angle=0.00
i_ras = (-1, 0, 0)
j_ras = (0, 0, -1)
k_ras = (0, 1, 0)
writing to talsrcimg.img...
Analyze Output Matrix
-1.00000   0.00000   0.00000   129.42621;
 0.00000   0.00000   1.00000  -137.61606;
 0.00000  -1.00000   0.00000   131.76816;
 0.00000   0.00000   0.00000   1.00000;
--------------------
INFO: set hdr.hist.orient to -1
mpr2mni305 talsrcimg
Sun Mar  8 23:47:05 CET 2026
/opt/freesurfer/bin/mpr2mni305 talsrcimg
mpr2mni305 7.3.2
target=711-2C_as_mni_average_305

---------------------------------------------------------------------
analyzeto4dfp talsrcimg -O0 -y
---------------------------------------------------------------------

freesurfer ifh2hdr.c
Sun Mar  8 23:47:06 2026
Writing: talsrcimg.4dfp.hdr
freesurfer analyzeto4dfp.c
Reading: talsrcimg.hdr
header size 348 bytes
hdr.dime.datatype	offset=70	value=2
hdr.dime.bitpix		offset=72	value=8
hdr.hist.orient		offset=252	value=-1
dimensionality     4
dimensions       256       256       256         1
Reading: talsrcimg.img
Writing: talsrcimg.4dfp.img
Writing: talsrcimg.4dfp.ifh
ifh2hdr talsrcimg -r0to232
ori=2

---------------------------------------------------------------------
gauss_4dfp talsrcimg 1.1
---------------------------------------------------------------------

freesurfer gauss_4dfp.c
Reading: talsrcimg.4dfp.img
Writing: talsrcimg_g11.4dfp.img
image dimensions 256 256 256 padded to 288 288 288
processing volume 1freesurfer ifh2hdr.c
Sun Mar  8 23:47:07 2026
Writing: talsrcimg_g11.4dfp.hdr

Writing: talsrcimg_g11.4dfp.ifh
including: talsrcimg.4dfp.img.rec in talsrcimg_g11.4dfp.img.rec

---------------------------------------------------------------------
imgreg_4dfp /opt/freesurfer/average/711-2C_as_mni_average_305 none talsrcimg_g11 none talsrcimg_to_711-2C_as_mni_average_305_t4 4355
---------------------------------------------------------------------

freesurfer imgreg_4dfp.c
/opt/freesurfer/average/711-2C_as_mni_average_305.4dfp.img
       256       256       256         1
  1.000000  1.000000  1.000000
orientation T byte_order littleendian
Reading image: /opt/freesurfer/average/711-2C_as_mni_average_305.4dfp.img
dimensions:      256       256       256
mmppix:       1.0000   -1.0000   -1.0000
center:     128.0000 -129.0000 -129.0000
talsrcimg_g11.4dfp.img
       256       256       256         1
  1.000000  1.000000  1.000000
orientation T byte_order littleendian
Reading image: talsrcimg_g11.4dfp.img
dimensions:      256       256       256
mmppix:       1.0000   -1.0000   -1.0000
center:     128.0000 -129.0000 -129.0000
t4_read: open error in t4_sub.f l:  41 t4_file(1:l)talsrcimg_to_711-2C_as_mni_average_305_t4 
t4_read: transform initialized to I4
rotation matrix determinant  1.000000
image alignment mode   4355 decimal     1103 hex
   -7.5000  -45.0000  -45.0000 7175.8916   24.5723
    0.0000  -45.0000  -45.0000 7425.8159   24.5637
    7.5000  -45.0000  -45.0000 7079.0229   24.6008
   -7.5000  -37.5000  -45.0000 7708.4502   24.5577
    0.0000  -37.5000  -45.0000 7964.4976   24.5425
    7.5000  -37.5000  -45.0000 7575.2920   24.5851
   -7.5000  -30.0000  -45.0000 8467.7412   24.5556
    0.0000  -30.0000  -45.0000 8758.7461   24.5390
    7.5000  -30.0000  -45.0000 8328.4092   24.5796
   -7.5000  -22.5000  -45.0000 9140.7109   24.5674
    0.0000  -22.5000  -45.0000 9461.5527   24.5557
    7.5000  -22.5000  -45.0000 8973.7129   24.5889
   -7.5000  -15.0000  -45.0000 9785.5898   24.5817
    0.0000  -15.0000  -45.000010112.6855   24.5754
    7.5000  -15.0000  -45.0000 9611.5801   24.6026
   -7.5000   -7.5000  -45.000010373.5049   24.5828
    0.0000   -7.5000  -45.000010695.6094   24.5781
    7.5000   -7.5000  -45.000010155.9971   24.6072
   -7.5000    0.0000  -45.000010870.3711   24.5708
    0.0000    0.0000  -45.000011201.9951   24.5621
    7.5000    0.0000  -45.000010611.8428   24.5993
   -7.5000    7.5000  -45.000010563.8613   24.5577
    0.0000    7.5000  -45.000010901.9570   24.5425
    7.5000    7.5000  -45.000010322.8291   24.5851
   -7.5000   15.0000  -45.000010243.8369   24.5556
    0.0000   15.0000  -45.000010569.8379   24.5390
    7.5000   15.0000  -45.0000 9990.8164   24.5796
   -7.5000   22.5000  -45.0000 9732.0654   24.5640
    0.0000   22.5000  -45.000010050.0869   24.5524
    7.5000   22.5000  -45.0000 9497.3965   24.5855
   -7.5000   30.0000  -45.0000 9028.1934   24.2541
    0.0000   30.0000  -45.0000 9287.0088   24.2479
    7.5000   30.0000  -45.0000 8758.8574   24.2747
   -7.5000   37.5000  -45.0000 8588.0342   24.2552
    0.0000   37.5000  -45.0000 8843.6357   24.2506
    7.5000   37.5000  -45.0000 8330.7617   24.2793
   -7.5000   45.0000  -45.0000 7844.3086   23.6278
    0.0000   45.0000  -45.0000 8060.4155   23.6194
    7.5000   45.0000  -45.0000 7589.0566   23.6551
   -7.5000  -45.0000  -37.5000 7799.5615   24.5102
    0.0000  -45.0000  -37.5000 8049.6245   24.5234
    7.5000  -45.0000  -37.5000 7646.8696   24.5547
   -7.5000  -37.5000  -37.5000 8376.2227   24.5069
    0.0000  -37.5000  -37.5000 8652.6797   24.5136
    7.5000  -37.5000  -37.5000 8188.1880   24.5526
   -7.5000  -30.0000  -37.5000 9180.6846   24.4969
    0.0000  -30.0000  -37.5000 9494.5635   24.4993
    7.5000  -30.0000  -37.5000 8979.2666   24.5392
   -7.5000  -22.5000  -37.5000 9884.9365   24.4890
    0.0000  -22.5000  -37.500010223.2432   24.4923
    7.5000  -22.5000  -37.5000 9682.2939   24.5255
   -7.5000  -15.0000  -37.500010546.6523   24.4898
    0.0000  -15.0000  -37.500010895.9795   24.4984
    7.5000  -15.0000  -37.500010331.8203   24.5234
   -7.5000   -7.5000  -37.500011151.3613   24.4995
    0.0000   -7.5000  -37.500011497.0049   24.5137
    7.5000   -7.5000  -37.500010915.1328   24.5375
   -7.5000    0.0000  -37.500011580.9902   24.5087
    0.0000    0.0000  -37.500011965.2188   24.5218
    7.5000    0.0000  -37.500011380.7412   24.5532
   -7.5000    7.5000  -37.500011233.2275   24.5069
    0.0000    7.5000  -37.500011615.8574   24.5136
    7.5000    7.5000  -37.500011062.1494   24.5526
   -7.5000   15.0000  -37.500010897.9990   24.4969
    0.0000   15.0000  -37.500011267.0596   24.4993
    7.5000   15.0000  -37.500010687.1611   24.5392
   -7.5000   22.5000  -37.500010356.2715   24.4856
    0.0000   22.5000  -37.500010706.5547   24.4890
    7.5000   22.5000  -37.500010150.3945   24.5222
   -7.5000   30.0000  -37.5000 9579.2549   24.1634
    0.0000   30.0000  -37.5000 9879.7051   24.1719
    7.5000   30.0000  -37.5000 9331.6514   24.1965
   -7.5000   37.5000  -37.5000 9084.2129   24.1730
    0.0000   37.5000  -37.5000 9379.3398   24.1870
    7.5000   37.5000  -37.5000 8837.8379   24.2105
   -7.5000   45.0000  -37.5000 8247.5771   23.5681
    0.0000   45.0000  -37.5000 8524.6143   23.5807
    7.5000   45.0000  -37.5000 8025.3770   23.6108
   -7.5000  -45.0000  -30.0000 8497.4775   25.4867
    0.0000  -45.0000  -30.0000 8798.1260   25.5085
    7.5000  -45.0000  -30.0000 8323.5371   25.5439
   -7.5000  -37.5000  -30.0000 9122.9658   25.4932
    0.0000  -37.5000  -30.0000 9440.2617   25.5129
    7.5000  -37.5000  -30.0000 8911.2441   25.5593
   -7.5000  -30.0000  -30.0000 9997.3838   25.4808
    0.0000  -30.0000  -30.000010323.7666   25.4970
    7.5000  -30.0000  -30.0000 9751.2900   25.5482
   -7.5000  -22.5000  -30.000010780.7490   25.4596
    0.0000  -22.5000  -30.000011126.4229   25.4726
    7.5000  -22.5000  -30.000010524.6162   25.5175
   -7.5000  -15.0000  -30.000011456.1631   25.4484
    0.0000  -15.0000  -30.000011840.3916   25.4630
    7.5000  -15.0000  -30.000011211.4697   25.4964
   -7.5000   -7.5000  -30.000012062.4873   25.4616
    0.0000   -7.5000  -30.000012485.4346   25.4815
    7.5000   -7.5000  -30.000011856.6641   25.5100
   -7.5000    0.0000  -30.000012512.9199   25.4851
    0.0000    0.0000  -30.000012988.7559   25.5069
    7.5000    0.0000  -30.000012363.1475   25.5423
   -7.5000    7.5000  -30.000012127.3662   25.4932
    0.0000    7.5000  -30.000012579.4502   25.5129
    7.5000    7.5000  -30.000011967.4453   25.5593
   -7.5000   15.0000  -30.000011754.4287   25.4808
    0.0000   15.0000  -30.000012163.0938   25.4970
    7.5000   15.0000  -30.000011534.4365   25.5482
   -7.5000   22.5000  -30.000011131.6797   25.4535
    0.0000   22.5000  -30.000011517.6396   25.4664
    7.5000   22.5000  -30.000010911.7520   25.5114
   -7.5000   30.0000  -30.000010238.9648   25.1117
    0.0000   30.0000  -30.000010589.5439   25.1261
    7.5000   30.0000  -30.000010042.7129   25.1590
   -7.5000   37.5000  -30.0000 9673.8867   25.1247
    0.0000   37.5000  -30.000010043.8271   25.1444
    7.5000   37.5000  -30.0000 9508.7461   25.1725
   -7.5000   45.0000  -30.0000 8780.7148   24.5250
    0.0000   45.0000  -30.0000 9104.5742   24.5460
    7.5000   45.0000  -30.0000 8579.2520   24.5800
   -7.5000  -45.0000  -22.5000 9201.1592   26.3679
    0.0000  -45.0000  -22.5000 9564.3730   26.3717
    7.5000  -45.0000  -22.5000 9005.2959   26.4187
   -7.5000  -37.5000  -22.5000 9853.4805   26.3676
    0.0000  -37.5000  -22.500010243.3271   26.3744
    7.5000  -37.5000  -22.5000 9656.7188   26.4336
   -7.5000  -30.0000  -22.500010780.8115   26.3567
    0.0000  -30.0000  -22.500011204.0947   26.3649
    7.5000  -30.0000  -22.500010553.2490   26.4303
   -7.5000  -22.5000  -22.500011640.9414   26.3436
    0.0000  -22.5000  -22.500012088.4814   26.3497
    7.5000  -22.5000  -22.500011375.3916   26.4089
   -7.5000  -15.0000  -22.500012386.0625   26.3393
    0.0000  -15.0000  -22.500012862.1699   26.3429
    7.5000  -15.0000  -22.500012105.7129   26.3893
   -7.5000   -7.5000  -22.500013014.3398   26.3510
    0.0000   -7.5000  -22.500013505.2461   26.3539
    7.5000   -7.5000  -22.500012753.3281   26.3942
   -7.5000    0.0000  -22.500013514.5479   26.3663
    0.0000    0.0000  -22.500014008.2520   26.3701
    7.5000    0.0000  -22.500013268.4951   26.4171
   -7.5000    7.5000  -22.500013091.2012   26.3676
    0.0000    7.5000  -22.500013566.3223   26.3744
    7.5000    7.5000  -22.500012843.6035   26.4336
   -7.5000   15.0000  -22.500012633.3145   26.3567
    0.0000   15.0000  -22.500013080.6191   26.3649
    7.5000   15.0000  -22.500012353.9141   26.4303
   -7.5000   22.5000  -22.500011882.8096   26.3355
    0.0000   22.5000  -22.500012309.9209   26.3416
    7.5000   22.5000  -22.500011629.9697   26.4007
   -7.5000   30.0000  -22.500010905.4131   25.9947
    0.0000   30.0000  -22.500011318.7080   25.9984
    7.5000   30.0000  -22.500010730.6660   26.0441
   -7.5000   37.5000  -22.500010274.6709   26.0063
    0.0000   37.5000  -22.500010694.9424   26.0092
    7.5000   37.5000  -22.500010141.0928   26.0490
   -7.5000   45.0000  -22.5000 9294.2510   25.3920
    0.0000   45.0000  -22.5000 9636.0645   25.3957
    7.5000   45.0000  -22.5000 9110.7764   25.4409
   -7.5000  -45.0000  -15.0000 9930.7012   27.0445
    0.0000  -45.0000  -15.000010340.5732   27.0234
    7.5000  -45.0000  -15.0000 9751.5566   27.0799
   -7.5000  -37.5000  -15.000010588.8584   27.0313
    0.0000  -37.5000  -15.000011029.6240   27.0136
    7.5000  -37.5000  -15.000010410.9932   27.0804
   -7.5000  -30.0000  -15.000011562.1211   27.0250
    0.0000  -30.0000  -15.000012049.5684   27.0116
    7.5000  -30.0000  -15.000011362.0049   27.0819
   -7.5000  -22.5000  -15.000012518.0371   27.0302
    0.0000  -22.5000  -15.000013047.8301   27.0180
    7.5000  -22.5000  -15.000012253.6982   27.0813
   -7.5000  -15.0000  -15.000013324.1270   27.0406
    0.0000  -15.0000  -15.000013874.3809   27.0256
    7.5000  -15.0000  -15.000013015.9199   27.0783
   -7.5000   -7.5000  -15.000013938.5117   27.0470
    0.0000   -7.5000  -15.000014532.8906   27.0273
    7.5000   -7.5000  -15.000013682.2578   27.0769
   -7.5000    0.0000  -15.000014479.4219   27.0428
    0.0000    0.0000  -15.000015077.9521   27.0217
    7.5000    0.0000  -15.000014205.4521   27.0782
   -7.5000    7.5000  -15.000014015.0605   27.0313
    0.0000    7.5000  -15.000014599.9336   27.0136
    7.5000    7.5000  -15.000013726.3193   27.0804
   -7.5000   15.0000  -15.000013474.2129   27.0250
    0.0000   15.0000  -15.000013986.3057   27.0116
    7.5000   15.0000  -15.000013134.2998   27.0819
   -7.5000   22.5000  -15.000012624.0332   27.0206
    0.0000   22.5000  -15.000013079.9199   27.0084
    7.5000   22.5000  -15.000012321.5615   27.0717
   -7.5000   30.0000  -15.000011601.1191   26.6906
    0.0000   30.0000  -15.000012038.6416   26.6758
    7.5000   30.0000  -15.000011380.8008   26.7278
   -7.5000   37.5000  -15.000010908.5352   26.6970
    0.0000   37.5000  -15.000011338.9316   26.6775
    7.5000   37.5000  -15.000010766.6182   26.7264
   -7.5000   45.0000  -15.0000 9807.0879   26.0593
    0.0000   45.0000  -15.000010167.2510   26.0389
    7.5000   45.0000  -15.0000 9632.6953   26.0934
   -7.5000  -45.0000   -7.500010711.0781   27.3988
    0.0000  -45.0000   -7.500011158.0703   27.3723
    7.5000  -45.0000   -7.500010584.5898   27.4249
   -7.5000  -37.5000   -7.500011354.0342   27.3805
    0.0000  -37.5000   -7.500011851.5391   27.3524
    7.5000  -37.5000   -7.500011232.5244   27.4119
   -7.5000  -30.0000   -7.500012400.8145   27.3813
    0.0000  -30.0000   -7.500012948.7480   27.3554
    7.5000  -30.0000   -7.500012249.4365   27.4142
   -7.5000  -22.5000   -7.500013437.0586   27.3993
    0.0000  -22.5000   -7.500014090.4053   27.3777
    7.5000  -22.5000   -7.500013234.5918   27.4283
   -7.5000  -15.0000   -7.500014195.0566   27.4168
    0.0000  -15.0000   -7.500014960.4082   27.3967
    7.5000  -15.0000   -7.500014001.3018   27.4398
   -7.5000   -7.5000   -7.500014810.4336   27.4155
    0.0000   -7.5000   -7.500015646.0547   27.3926
    7.5000   -7.5000   -7.500014688.6182   27.4370
   -7.5000    0.0000   -7.500015387.7656   27.3971
    0.0000    0.0000   -7.500016217.5195   27.3706
    7.5000    0.0000   -7.500015216.7949   27.4232
   -7.5000    7.5000   -7.500014859.8340   27.3805
    0.0000    7.5000   -7.500015652.3232   27.3524
    7.5000    7.5000   -7.500014669.7412   27.4119
   -7.5000   15.0000   -7.500014248.0078   27.3813
    0.0000   15.0000   -7.500014952.4004   27.3554
    7.5000   15.0000   -7.500013995.4697   27.4142
   -7.5000   22.5000   -7.500013315.5703   27.3866
    0.0000   22.5000   -7.500013926.5518   27.3651
    7.5000   22.5000   -7.500013058.4902   27.4156
   -7.5000   30.0000   -7.500012291.8584   27.0613
    0.0000   30.0000   -7.500012825.2822   27.0414
    7.5000   30.0000   -7.500012053.1084   27.0839
   -7.5000   37.5000   -7.500011557.9629   27.0600
    0.0000   37.5000   -7.500012041.8818   27.0374
    7.5000   37.5000   -7.500011372.0029   27.0812
   -7.5000   45.0000   -7.500010334.8262   26.4056
    0.0000   45.0000   -7.500010743.2832   26.3801
    7.5000   45.0000   -7.500010177.7627   26.4308
   -7.5000  -45.0000    0.000011382.0967   27.4597
    0.0000  -45.0000    0.000011826.4883   27.4499
    7.5000  -45.0000    0.000011271.2031   27.4911
   -7.5000  -37.5000    0.000012043.1982   27.4439
    0.0000  -37.5000    0.000012523.5186   27.4267
    7.5000  -37.5000    0.000011937.7939   27.4740
   -7.5000  -30.0000    0.000013176.5996   27.4418
    0.0000  -30.0000    0.000013735.6289   27.4231
    7.5000  -30.0000    0.000013030.1934   27.4682
   -7.5000  -22.5000    0.000014190.1748   27.4548
    0.0000  -22.5000    0.000014821.3330   27.4415
    7.5000  -22.5000    0.000013925.9404   27.4783
   -7.5000  -15.0000    0.000014841.6162   27.4702
    0.0000  -15.0000    0.000015564.1602   27.4629
    7.5000  -15.0000    0.000014632.0820   27.4930
   -7.5000   -7.5000    0.000015509.7314   27.4713
    0.0000   -7.5000    0.000016294.9639   27.4658
    7.5000   -7.5000    0.000015397.6445   27.4980
   -7.5000    0.0000    0.000016174.5879   27.4580
    0.0000    0.0000    0.000016985.9727   27.4482
    7.5000    0.0000    0.000016022.0020   27.4894
   -7.5000    7.5000    0.000015593.0469   27.4439
    0.0000    7.5000    0.000016382.5244   27.4267
    7.5000    7.5000    0.000015427.7510   27.4740
   -7.5000   15.0000    0.000014862.8721   27.4418
    0.0000   15.0000    0.000015631.5586   27.4231
    7.5000   15.0000    0.000014690.6602   27.4682
   -7.5000   22.5000    0.000013807.1357   27.4421
    0.0000   22.5000    0.000014522.4707   27.4288
    7.5000   22.5000    0.000013639.9746   27.4656
   -7.5000   30.0000    0.000012763.8262   27.1147
    0.0000   30.0000    0.000013411.4180   27.1075
    7.5000   30.0000    0.000012569.4854   27.1372
   -7.5000   37.5000    0.000012054.0107   27.1158
    0.0000   37.5000    0.000012639.5371   27.1103
    7.5000   37.5000    0.000011885.7383   27.1421
   -7.5000   45.0000    0.000010764.4590   26.4664
    0.0000   45.0000    0.000011235.3789   26.4569
    7.5000   45.0000    0.000010612.9834   26.4966
   -7.5000  -45.0000    7.500011243.5459   27.4179
    0.0000  -45.0000    7.500011630.8877   27.4324
    7.5000  -45.0000    7.500011065.0420   27.4675
   -7.5000  -37.5000    7.500011854.7012   27.4142
    0.0000  -37.5000    7.500012284.5967   27.4215
    7.5000  -37.5000    7.500011678.2188   27.4650
   -7.5000  -30.0000    7.500012902.7119   27.4028
    0.0000  -30.0000    7.500013384.7285   27.4054
    7.5000  -30.0000    7.500012665.8330   27.4500
   -7.5000  -22.5000    7.500013796.4854   27.3939
    0.0000  -22.5000    7.500014242.4326   27.3976
    7.5000  -22.5000    7.500013434.4150   27.4348
   -7.5000  -15.0000    7.500014397.5801   27.3948
    0.0000  -15.0000    7.500014904.7256   27.4044
    7.5000  -15.0000    7.500014109.3096   27.4324
   -7.5000   -7.5000    7.500015104.7441   27.4058
    0.0000   -7.5000    7.500015723.2520   27.4215
    7.5000   -7.5000    7.500014920.9736   27.4482
   -7.5000    0.0000    7.500015756.2109   27.4162
    0.0000    0.0000    7.500016449.2832   27.4307
    7.5000    0.0000    7.500015585.1982   27.4658
   -7.5000    7.5000    7.500015166.2617   27.4142
    0.0000    7.5000    7.500015870.4150   27.4215
    7.5000    7.5000    7.500014993.5703   27.4650
   -7.5000   15.0000    7.500014410.0371   27.4028
    0.0000   15.0000    7.500015093.2207   27.4054
    7.5000   15.0000    7.500014271.9971   27.4500
   -7.5000   22.5000    7.500013340.9014   27.3812
    0.0000   22.5000    7.500013962.8340   27.3849
    7.5000   22.5000    7.500013222.8789   27.4221
   -7.5000   30.0000    7.500012321.6689   27.0403
    0.0000   30.0000    7.500012914.0000   27.0497
    7.5000   30.0000    7.500012195.0010   27.0774
   -7.5000   37.5000    7.500011662.5469   27.0512
    0.0000   37.5000    7.500012211.8760   27.0666
    7.5000   37.5000    7.500011515.8496   27.0930
   -7.5000   45.0000    7.500010439.8623   26.4260
    0.0000   45.0000    7.500010868.0078   26.4401
    7.5000   45.0000    7.500010271.0410   26.4738
   -7.5000  -45.0000   15.000010914.0225   27.3685
    0.0000  -45.0000   15.000011245.7842   27.3919
    7.5000  -45.0000   15.000010701.6494   27.4299
   -7.5000  -37.5000   15.000011511.8955   27.3755
    0.0000  -37.5000   15.000011858.0449   27.3967
    7.5000  -37.5000   15.000011313.8848   27.4465
   -7.5000  -30.0000   15.000012500.1387   27.3622
    0.0000  -30.0000   15.000012883.3145   27.3796
    7.5000  -30.0000   15.000012222.7314   27.4345
   -7.5000  -22.5000   15.000013352.4014   27.3394
    0.0000  -22.5000   15.000013701.1494   27.3533
    7.5000  -22.5000   15.000012974.3877   27.4016
   -7.5000  -15.0000   15.000013910.5537   27.3274
    0.0000  -15.0000   15.000014354.4492   27.3431
    7.5000  -15.0000   15.000013617.5928   27.3789
   -7.5000   -7.5000   15.000014564.3506   27.3416
    0.0000   -7.5000   15.000015147.4150   27.3630
    7.5000   -7.5000   15.000014377.2539   27.3936
   -7.5000    0.0000   15.000015201.6719   27.3668
    0.0000    0.0000   15.000015820.0391   27.3902
    7.5000    0.0000   15.000014964.9756   27.4282
   -7.5000    7.5000   15.000014699.3457   27.3755
    0.0000    7.5000   15.000015261.6045   27.3967
    7.5000    7.5000   15.000014435.7383   27.4465
   -7.5000   15.0000   15.000013957.9014   27.3622
    0.0000   15.0000   15.000014485.5156   27.3796
    7.5000   15.0000   15.000013728.6328   27.4345
   -7.5000   22.5000   15.000012888.9521   27.3268
    0.0000   22.5000   15.000013373.1982   27.3407
    7.5000   22.5000   15.000012670.2607   27.3890
   -7.5000   30.0000   15.000011863.6797   26.9737
    0.0000   30.0000   15.000012278.2031   26.9893
    7.5000   30.0000   15.000011613.7402   27.0246
   -7.5000   37.5000   15.000011179.5859   26.9877
    0.0000   37.5000   15.000011568.1455   27.0089
    7.5000   37.5000   15.000010947.1699   27.0391
   -7.5000   45.0000   15.000010016.6787   26.3785
    0.0000   45.0000   15.000010351.0889   26.4010
    7.5000   45.0000   15.0000 9777.8643   26.4376
   -7.5000  -45.0000   22.500010402.5635   27.3720
    0.0000  -45.0000   22.500010763.4951   27.3760
    7.5000  -45.0000   22.500010235.3359   27.4247
   -7.5000  -37.5000   22.500010982.6260   27.3717
    0.0000  -37.5000   22.500011393.2061   27.3787
    7.5000  -37.5000   22.500010838.0703   27.4402
   -7.5000  -30.0000   22.500011948.8818   27.3603
    0.0000  -30.0000   22.500012357.3359   27.3689
    7.5000  -30.0000   22.500011708.8916   27.4367
   -7.5000  -22.5000   22.500012871.7412   27.3468
    0.0000  -22.5000   22.500013212.4326   27.3531
    7.5000  -22.5000   22.500012455.8242   27.4145
   -7.5000  -15.0000   22.500013527.5850   27.3423
    0.0000  -15.0000   22.500013893.2598   27.3461
    7.5000  -15.0000   22.500013090.2373   27.3942
   -7.5000   -7.5000   22.500014124.3906   27.3544
    0.0000   -7.5000   22.500014549.0537   27.3575
    7.5000   -7.5000   22.500013729.8535   27.3993
   -7.5000    0.0000   22.500014740.2627   27.3703
    0.0000    0.0000   22.500015154.8799   27.3743
    7.5000    0.0000   22.500014284.8340   27.4230
   -7.5000    7.5000   22.500014231.1113   27.3717
    0.0000    7.5000   22.500014655.2549   27.3787
    7.5000    7.5000   22.500013801.9600   27.4402
   -7.5000   15.0000   22.500013457.0420   27.3603
    0.0000   15.0000   22.500013892.2070   27.3689
    7.5000   15.0000   22.500013107.5361   27.4367
   -7.5000   22.5000   22.500012357.3799   27.3342
    0.0000   22.5000   22.500012811.4482   27.3405
    7.5000   22.5000   22.500012088.0967   27.4019
   -7.5000   30.0000   22.500011288.9746   26.9884
    0.0000   30.0000   22.500011712.4893   26.9922
    7.5000   30.0000   22.500011060.6797   27.0397
   -7.5000   37.5000   22.500010593.9697   27.0004
    0.0000   37.5000   22.500010985.9619   27.0034
    7.5000   37.5000   22.500010377.5332   27.0447
   -7.5000   45.0000   22.5000 9499.8662   26.3818
    0.0000   45.0000   22.5000 9811.7031   26.3857
    7.5000   45.0000   22.5000 9249.2275   26.4326
   -7.5000  -45.0000   30.0000 9795.8281   27.4156
    0.0000  -45.0000   30.000010157.7559   27.3942
    7.5000  -45.0000   30.0000 9658.2441   27.4515
   -7.5000  -37.5000   30.000010376.6162   27.4023
    0.0000  -37.5000   30.000010754.9619   27.3844
    7.5000  -37.5000   30.000010208.2725   27.4520
   -7.5000  -30.0000   30.000011277.8516   27.3958
    0.0000  -30.0000   30.000011646.6416   27.3823
    7.5000  -30.0000   30.000011020.6719   27.4535
   -7.5000  -22.5000   30.000012187.1289   27.4011
    0.0000  -22.5000   30.000012543.9346   27.3888
    7.5000  -22.5000   30.000011809.7256   27.4529
   -7.5000  -15.0000   30.000012989.0342   27.4117
    0.0000  -15.0000   30.000013339.4717   27.3965
    7.5000  -15.0000   30.000012468.7314   27.4499
   -7.5000   -7.5000   30.000013604.0361   27.4182
    0.0000   -7.5000   30.000013969.4102   27.3982
    7.5000   -7.5000   30.000013038.7520   27.4485
   -7.5000    0.0000   30.000014018.0928   27.4139
    0.0000    0.0000   30.000014402.3223   27.3925
    7.5000    0.0000   30.000013499.5098   27.4498
   -7.5000    7.5000   30.000013401.2324   27.4023
    0.0000    7.5000   30.000013822.0078   27.3844
    7.5000    7.5000   30.000013033.6055   27.4520
   -7.5000   15.0000   30.000012639.1328   27.3958
    0.0000   15.0000   30.000013060.1475   27.3823
    7.5000   15.0000   30.000012354.4668   27.4535
   -7.5000   22.5000   30.000011638.1250   27.3885
    0.0000   22.5000   30.000012039.8457   27.3762
    7.5000   22.5000   30.000011398.6641   27.4403
   -7.5000   30.0000   30.000010641.4453   27.0569
    0.0000   30.0000   30.000011003.3281   27.0419
    7.5000   30.0000   30.000010424.7344   27.0946
   -7.5000   37.5000   30.000010001.7178   27.0633
    0.0000   37.5000   30.000010338.6787   27.0437
    7.5000   37.5000   30.0000 9796.8633   27.0932
   -7.5000   45.0000   30.0000 8964.5078   26.4239
    0.0000   45.0000   30.0000 9238.6777   26.4032
    7.5000   45.0000   30.0000 8751.2803   26.4584
   -7.5000  -45.0000   37.5000 9476.6650   27.4796
    0.0000  -45.0000   37.5000 9832.5703   27.4530
    7.5000  -45.0000   37.5000 9322.6357   27.5059
   -7.5000  -37.5000   37.500010068.0107   27.4614
    0.0000  -37.5000   37.500010433.0703   27.4331
    7.5000  -37.5000   37.5000 9882.4131   27.4930
   -7.5000  -30.0000   37.500010948.7148   27.4622
    0.0000  -30.0000   37.500011293.8779   27.4361
    7.5000  -30.0000   37.500010713.4951   27.4952
   -7.5000  -22.5000   37.500011765.9385   27.4801
    0.0000  -22.5000   37.500012103.2764   27.4584
    7.5000  -22.5000   37.500011502.8672   27.5092
   -7.5000  -15.0000   37.500012435.4121   27.4976
    0.0000  -15.0000   37.500012798.2119   27.4774
    7.5000  -15.0000   37.500012166.6504   27.5207
   -7.5000   -7.5000   37.500013009.8643   27.4963
    0.0000   -7.5000   37.500013415.0684   27.4733
    7.5000   -7.5000   37.500012735.3115   27.5179
   -7.5000    0.0000   37.500013486.5029   27.4779
    0.0000    0.0000   37.500013925.5039   27.4513
    7.5000    0.0000   37.500013196.4736   27.5042
   -7.5000    7.5000   37.500012972.9775   27.4614
    0.0000    7.5000   37.500013403.0000   27.4331
    7.5000    7.5000   37.500012714.6387   27.4930
   -7.5000   15.0000   37.500012249.4219   27.4622
    0.0000   15.0000   37.500012677.2812   27.4361
    7.5000   15.0000   37.500012023.0898   27.4952
   -7.5000   22.5000   37.500011313.5303   27.4674
    0.0000   22.5000   37.500011700.4521   27.4457
    7.5000   22.5000   37.500011082.2285   27.4965
   -7.5000   30.0000   37.500010370.7822   27.1417
    0.0000   30.0000   37.500010714.0850   27.1218
    7.5000   30.0000   37.500010119.5020   27.1645
   -7.5000   37.5000   37.5000 9776.7432   27.1404
    0.0000   37.5000   37.500010069.1260   27.1177
    7.5000   37.5000   37.5000 9510.5039   27.1618
   -7.5000   45.0000   37.5000 8743.6797   26.4855
    0.0000   45.0000   37.5000 8980.7744   26.4599
    7.5000   45.0000   37.5000 8487.7832   26.5109
   -7.5000  -45.0000   45.0000 8662.8955   27.3386
    0.0000  -45.0000   45.0000 8973.4082   27.3293
    7.5000  -45.0000   45.0000 8542.8633   27.3706
   -7.5000  -37.5000   45.0000 9185.8135   27.3231
    0.0000  -37.5000   45.0000 9512.4512   27.3066
    7.5000  -37.5000   45.0000 9037.5283   27.3540
   -7.5000  -30.0000   45.0000 9958.9951   27.3210
    0.0000  -30.0000   45.000010264.9277   27.3029
    7.5000  -30.0000   45.0000 9758.9268   27.3482
   -7.5000  -22.5000   45.000010652.4482   27.3340
    0.0000  -22.5000   45.000010970.0498   27.3211
    7.5000  -22.5000   45.000010446.9238   27.3580
   -7.5000  -15.0000   45.000011277.6514   27.3493
    0.0000  -15.0000   45.000011642.0410   27.3422
    7.5000  -15.0000   45.000011073.9229   27.3723
   -7.5000   -7.5000   45.000011822.7275   27.3502
    0.0000   -7.5000   45.000012213.1445   27.3450
    7.5000   -7.5000   45.000011584.1289   27.3773
   -7.5000    0.0000   45.000012282.4717   27.3371
    0.0000    0.0000   45.000012701.6416   27.3277
    7.5000    0.0000   45.000012061.3135   27.3690
   -7.5000    7.5000   45.000011881.2568   27.3231
    0.0000    7.5000   45.000012290.3447   27.3066
    7.5000    7.5000   45.000011686.0039   27.3540
   -7.5000   15.0000   45.000011286.9004   27.3210
    0.0000   15.0000   45.000011690.4873   27.3029
    7.5000   15.0000   45.000011109.0176   27.3482
   -7.5000   22.5000   45.000010442.6309   27.3213
    0.0000   22.5000   45.000010813.6143   27.3084
    7.5000   22.5000   45.000010286.9404   27.3453
   -7.5000   30.0000   45.0000 9570.4717   26.9930
    0.0000   30.0000   45.0000 9904.1494   26.9860
    7.5000   30.0000   45.0000 9403.8818   27.0157
   -7.5000   37.5000   45.0000 9048.5479   26.9939
    0.0000   37.5000   45.0000 9330.6572   26.9887
    7.5000   37.5000   45.0000 8830.2285   27.0206
   -7.5000   45.0000   45.0000 8107.9941   26.3617
    0.0000   45.0000   45.0000 8331.9814   26.3527
    7.5000   45.0000   45.0000 7870.2173   26.3925

---------------------------------------------------------------------
imgreg_4dfp /opt/freesurfer/average/711-2C_as_mni_average_305 /opt/freesurfer/average/711-2B_as_mni_average_305_mask talsrcimg_g11 none talsrcimg_to_711-2C_as_mni_average_305_t4 4355
---------------------------------------------------------------------

freesurfer imgreg_4dfp.c
/opt/freesurfer/average/711-2C_as_mni_average_305.4dfp.img
       256       256       256         1
  1.000000  1.000000  1.000000
orientation T byte_order littleendian
Reading image: /opt/freesurfer/average/711-2C_as_mni_average_305.4dfp.img
dimensions:      256       256       256
mmppix:       1.0000   -1.0000   -1.0000
center:     128.0000 -129.0000 -129.0000
/opt/freesurfer/average/711-2B_as_mni_average_305_mask.4dfp.img
       256       256       256         1
  1.000000  1.000000  1.000000
orientation T byte_order littleendian
Reading mask: /opt/freesurfer/average/711-2B_as_mni_average_305_mask.4dfp.img (2306576 pixels)
talsrcimg_g11.4dfp.img
       256       256       256         1
  1.000000  1.000000  1.000000
orientation T byte_order littleendian
Reading image: talsrcimg_g11.4dfp.img
dimensions:      256       256       256
mmppix:       1.0000   -1.0000   -1.0000
center:     128.0000 -129.0000 -129.0000
rotation matrix determinant  1.000000
image alignment mode   4355 decimal     1103 hex
   -7.5000  -45.0000  -45.0000 1875.7323   29.7565
    0.0000  -45.0000  -45.0000 1874.4612   30.0362
    7.5000  -45.0000  -45.0000 1853.6940   30.5674
   -7.5000  -37.5000  -45.0000 1964.2145   27.2976
    0.0000  -37.5000  -45.0000 1958.9420   27.5156
    7.5000  -37.5000  -45.0000 1934.8185   28.0049
   -7.5000  -30.0000  -45.0000 2034.8739   25.4730
    0.0000  -30.0000  -45.0000 2030.9211   25.6148
    7.5000  -30.0000  -45.0000 2006.9218   26.0802
   -7.5000  -22.5000  -45.0000 2080.1584   24.1013
    0.0000  -22.5000  -45.0000 2075.3699   24.2340
    7.5000  -22.5000  -45.0000 2046.4966   24.7121
   -7.5000  -15.0000  -45.0000 2102.2551   23.1791
    0.0000  -15.0000  -45.0000 2095.0332   23.3282
    7.5000  -15.0000  -45.0000 2071.1128   23.8281
   -7.5000   -7.5000  -45.0000 2101.7786   22.8184
    0.0000   -7.5000  -45.0000 2095.5178   22.9698
    7.5000   -7.5000  -45.0000 2070.9280   23.5202
   -7.5000    0.0000  -45.0000 2095.0464   23.0727
    0.0000    0.0000  -45.0000 2085.8220   23.2663
    7.5000    0.0000  -45.0000 2057.2983   23.8021
   -7.5000    7.5000  -45.0000 2067.2524   23.8523
    0.0000    7.5000  -45.0000 2058.6980   24.0473
    7.5000    7.5000  -45.0000 2028.8885   24.6629
   -7.5000   15.0000  -45.0000 2022.1580   25.0329
    0.0000   15.0000  -45.0000 2014.9757   25.3300
    7.5000   15.0000  -45.0000 1983.0302   25.9481
   -7.5000   22.5000  -45.0000 1955.9009   26.8304
    0.0000   22.5000  -45.0000 1950.0756   27.1320
    7.5000   22.5000  -45.0000 1914.3584   27.8550
   -7.5000   30.0000  -45.0000 1875.1848   29.3290
    0.0000   30.0000  -45.0000 1866.6012   29.6697
    7.5000   30.0000  -45.0000 1830.2119   30.5390
   -7.5000   37.5000  -45.0000 1775.9541   32.8360
    0.0000   37.5000  -45.0000 1763.9178   33.2519
    7.5000   37.5000  -45.0000 1729.5084   34.3729
   -7.5000   45.0000  -45.0000 1660.6409   37.9898
    0.0000   45.0000  -45.0000 1646.8615   38.3408
    7.5000   45.0000  -45.0000 1618.7341   39.7824
   -7.5000  -45.0000  -37.5000 1973.9349   27.0733
    0.0000  -45.0000  -37.5000 1967.6796   27.2953
    7.5000  -45.0000  -37.5000 1942.4956   27.7181
   -7.5000  -37.5000  -37.5000 2071.1421   24.8580
    0.0000  -37.5000  -37.5000 2064.7441   24.9734
    7.5000  -37.5000  -37.5000 2034.7371   25.4061
   -7.5000  -30.0000  -37.5000 2138.9146   23.1579
    0.0000  -30.0000  -37.5000 2136.7871   23.2918
    7.5000  -30.0000  -37.5000 2105.3093   23.6772
   -7.5000  -22.5000  -37.5000 2185.1035   21.8726
    0.0000  -22.5000  -37.5000 2179.0359   21.9829
    7.5000  -22.5000  -37.5000 2150.5928   22.3897
   -7.5000  -15.0000  -37.5000 2213.8342   21.0900
    0.0000  -15.0000  -37.5000 2206.7305   21.1847
    7.5000  -15.0000  -37.5000 2178.3125   21.6270
   -7.5000   -7.5000  -37.5000 2221.3623   20.7924
    0.0000   -7.5000  -37.5000 2210.2959   20.9234
    7.5000   -7.5000  -37.5000 2184.1008   21.4056
   -7.5000    0.0000  -37.5000 2204.4048   20.9704
    0.0000    0.0000  -37.5000 2196.2446   21.1436
    7.5000    0.0000  -37.5000 2169.2046   21.6340
   -7.5000    7.5000  -37.5000 2172.3892   21.5260
    0.0000    7.5000  -37.5000 2165.7610   21.7193
    7.5000    7.5000  -37.5000 2136.7800   22.3111
   -7.5000   15.0000  -37.5000 2127.0513   22.5972
    0.0000   15.0000  -37.5000 2122.1758   22.8040
    7.5000   15.0000  -37.5000 2087.6174   23.4225
   -7.5000   22.5000  -37.5000 2058.0564   24.2621
    0.0000   22.5000  -37.5000 2051.7869   24.5025
    7.5000   22.5000  -37.5000 2017.7825   25.2120
   -7.5000   30.0000  -37.5000 1969.5427   26.6463
    0.0000   30.0000  -37.5000 1960.3657   26.8947
    7.5000   30.0000  -37.5000 1927.7998   27.6633
   -7.5000   37.5000  -37.5000 1862.9004   29.8762
    0.0000   37.5000  -37.5000 1853.5878   30.1769
    7.5000   37.5000  -37.5000 1824.2065   31.1202
   -7.5000   45.0000  -37.5000 1732.3617   34.4026
    0.0000   45.0000  -37.5000 1727.1781   34.7064
    7.5000   45.0000  -37.5000 1700.5419   35.9110
   -7.5000  -45.0000  -30.0000 2088.0212   25.5145
    0.0000  -45.0000  -30.0000 2083.1912   25.6529
    7.5000  -45.0000  -30.0000 2065.1431   26.0754
   -7.5000  -37.5000  -30.0000 2197.2883   23.4197
    0.0000  -37.5000  -30.0000 2189.0603   23.5448
    7.5000  -37.5000  -30.0000 2165.2761   23.9236
   -7.5000  -30.0000  -30.0000 2274.5867   21.8289
    0.0000  -30.0000  -30.0000 2267.6782   21.9524
    7.5000  -30.0000  -30.0000 2242.0083   22.3389
   -7.5000  -22.5000  -30.0000 2327.1003   20.6280
    0.0000  -22.5000  -30.0000 2317.7229   20.7465
    7.5000  -22.5000  -30.0000 2296.8110   21.1670
   -7.5000  -15.0000  -30.0000 2360.5481   19.9495
    0.0000  -15.0000  -30.0000 2348.6860   20.0381
    7.5000  -15.0000  -30.0000 2331.2793   20.4247
   -7.5000   -7.5000  -30.0000 2376.8403   19.6598
    0.0000   -7.5000  -30.0000 2367.3828   19.7795
    7.5000   -7.5000  -30.0000 2345.7869   20.2285
   -7.5000    0.0000  -30.0000 2361.1760   19.8017
    0.0000    0.0000  -30.0000 2356.7144   19.9409
    7.5000    0.0000  -30.0000 2336.0740   20.4330
   -7.5000    7.5000  -30.0000 2333.1897   20.3755
    0.0000    7.5000  -30.0000 2326.2935   20.5766
    7.5000    7.5000  -30.0000 2299.2197   21.0913
   -7.5000   15.0000  -30.0000 2279.9534   21.4043
    0.0000   15.0000  -30.0000 2270.5938   21.5593
    7.5000   15.0000  -30.0000 2239.9219   22.1333
   -7.5000   22.5000  -30.0000 2204.0608   22.9951
    0.0000   22.5000  -30.0000 2194.5684   23.1658
    7.5000   22.5000  -30.0000 2159.7622   23.7577
   -7.5000   30.0000  -30.0000 2098.1362   25.2831
    0.0000   30.0000  -30.0000 2089.9961   25.4467
    7.5000   30.0000  -30.0000 2059.9436   26.0855
   -7.5000   37.5000  -30.0000 1978.0583   28.3745
    0.0000   37.5000  -30.0000 1970.4644   28.5476
    7.5000   37.5000  -30.0000 1940.1375   29.3568
   -7.5000   45.0000  -30.0000 1844.7638   32.6039
    0.0000   45.0000  -30.0000 1836.8989   32.8035
    7.5000   45.0000  -30.0000 1803.9185   33.7445
   -7.5000  -45.0000  -22.5000 2191.9985   23.9640
    0.0000  -45.0000  -22.5000 2188.4658   24.1845
    7.5000  -45.0000  -22.5000 2155.4504   24.5537
   -7.5000  -37.5000  -22.5000 2308.8345   21.9203
    0.0000  -37.5000  -22.5000 2303.1006   22.0837
    7.5000  -37.5000  -22.5000 2271.9773   22.5022
   -7.5000  -30.0000  -22.5000 2391.4526   20.4655
    0.0000  -30.0000  -22.5000 2384.6963   20.5749
    7.5000  -30.0000  -22.5000 2360.1606   20.9706
   -7.5000  -22.5000  -22.5000 2454.1292   19.4145
    0.0000  -22.5000  -22.5000 2446.8228   19.4905
    7.5000  -22.5000  -22.5000 2420.6038   19.9066
   -7.5000  -15.0000  -22.5000 2492.4385   18.7213
    0.0000  -15.0000  -22.5000 2487.3787   18.7982
    7.5000  -15.0000  -22.5000 2467.9277   19.2351
   -7.5000   -7.5000  -22.5000 2518.3782   18.5218
    0.0000   -7.5000  -22.5000 2510.5381   18.5938
    7.5000   -7.5000  -22.5000 2487.0745   19.0199
   -7.5000    0.0000  -22.5000 2508.4590   18.6675
    0.0000    0.0000  -22.5000 2499.5691   18.7571
    7.5000    0.0000  -22.5000 2473.2578   19.1992
   -7.5000    7.5000  -22.5000 2478.5427   19.2821
    0.0000    7.5000  -22.5000 2468.1931   19.4009
    7.5000    7.5000  -22.5000 2431.1592   19.8440
   -7.5000   15.0000  -22.5000 2414.8906   20.3012
    0.0000   15.0000  -22.5000 2402.7490   20.4077
    7.5000   15.0000  -22.5000 2364.5491   20.8867
   -7.5000   22.5000  -22.5000 2321.5056   21.8493
    0.0000   22.5000  -22.5000 2309.7720   21.9658
    7.5000   22.5000  -22.5000 2275.6270   22.4628
   -7.5000   30.0000  -22.5000 2205.0605   24.0159
    0.0000   30.0000  -22.5000 2195.1755   24.1620
    7.5000   30.0000  -22.5000 2164.1082   24.7281
   -7.5000   37.5000  -22.5000 2072.4893   26.8924
    0.0000   37.5000  -22.5000 2065.1704   27.0867
    7.5000   37.5000  -22.5000 2035.0858   27.7431
   -7.5000   45.0000  -22.5000 1933.7168   30.8309
    0.0000   45.0000  -22.5000 1925.0918   30.9432
    7.5000   45.0000  -22.5000 1889.6558   31.7936
   -7.5000  -45.0000  -15.0000 2262.3354   22.5603
    0.0000  -45.0000  -15.0000 2264.3899   22.8629
    7.5000  -45.0000  -15.0000 2229.2310   23.2313
   -7.5000  -37.5000  -15.0000 2382.4897   20.5844
    0.0000  -37.5000  -15.0000 2381.5430   20.7939
    7.5000  -37.5000  -15.0000 2350.3928   21.1618
   -7.5000  -30.0000  -15.0000 2477.8145   19.1849
    0.0000  -30.0000  -15.0000 2474.4194   19.2972
    7.5000  -30.0000  -15.0000 2448.0867   19.6673
   -7.5000  -22.5000  -15.0000 2547.1125   18.2318
    0.0000  -22.5000  -15.0000 2547.1650   18.3466
    7.5000  -22.5000  -15.0000 2521.2556   18.6643
   -7.5000  -15.0000  -15.0000 2603.8223   17.6477
    0.0000  -15.0000  -15.0000 2603.0588   17.7532
    7.5000  -15.0000  -15.0000 2581.2031   18.0570
   -7.5000   -7.5000  -15.0000 2630.4377   17.4279
    0.0000   -7.5000  -15.0000 2628.1523   17.5389
    7.5000   -7.5000  -15.0000 2604.5212   17.8776
   -7.5000    0.0000  -15.0000 2626.2649   17.6213
    0.0000    0.0000  -15.0000 2619.2021   17.6872
    7.5000    0.0000  -15.0000 2586.9915   18.0970
   -7.5000    7.5000  -15.0000 2590.3523   18.1748
    0.0000    7.5000  -15.0000 2582.8057   18.2699
    7.5000    7.5000  -15.0000 2541.1067   18.7274
   -7.5000   15.0000  -15.0000 2515.3699   19.2462
    0.0000   15.0000  -15.0000 2505.7739   19.3272
    7.5000   15.0000  -15.0000 2461.5850   19.7873
   -7.5000   22.5000  -15.0000 2407.8960   20.7216
    0.0000   22.5000  -15.0000 2397.5056   20.8568
    7.5000   22.5000  -15.0000 2362.8804   21.3257
   -7.5000   30.0000  -15.0000 2280.8130   22.8282
    0.0000   30.0000  -15.0000 2273.5923   22.9734
    7.5000   30.0000  -15.0000 2239.1477   23.5012
   -7.5000   37.5000  -15.0000 2141.2080   25.5919
    0.0000   37.5000  -15.0000 2135.4976   25.7551
    7.5000   37.5000  -15.0000 2102.4084   26.3778
   -7.5000   45.0000  -15.0000 1990.8105   29.1812
    0.0000   45.0000  -15.0000 1985.8058   29.3892
    7.5000   45.0000  -15.0000 1951.8188   30.1203
   -7.5000  -45.0000   -7.5000 2322.8110   21.2511
    0.0000  -45.0000   -7.5000 2319.3018   21.4991
    7.5000  -45.0000   -7.5000 2295.4900   21.9714
   -7.5000  -37.5000   -7.5000 2447.0605   19.3605
    0.0000  -37.5000   -7.5000 2441.4673   19.5780
    7.5000  -37.5000   -7.5000 2415.6455   19.9992
   -7.5000  -30.0000   -7.5000 2551.8892   18.0215
    0.0000  -30.0000   -7.5000 2548.3672   18.1699
    7.5000  -30.0000   -7.5000 2521.0171   18.5164
   -7.5000  -22.5000   -7.5000 2633.5613   17.1544
    0.0000  -22.5000   -7.5000 2639.6416   17.2563
    7.5000  -22.5000   -7.5000 2612.0725   17.5179
   -7.5000  -15.0000   -7.5000 2702.0327   16.6233
    0.0000  -15.0000   -7.5000 2707.2175   16.7445
    7.5000  -15.0000   -7.5000 2676.7979   16.9681
   -7.5000   -7.5000   -7.5000 2736.0432   16.3932
    0.0000   -7.5000   -7.5000 2739.5286   16.5251
    7.5000   -7.5000   -7.5000 2707.5137   16.8674
   -7.5000    0.0000   -7.5000 2728.3232   16.6002
    0.0000    0.0000   -7.5000 2721.4426   16.6958
    7.5000    0.0000   -7.5000 2686.1353   17.1137
   -7.5000    7.5000   -7.5000 2678.4915   17.1967
    0.0000    7.5000   -7.5000 2673.4067   17.2573
    7.5000    7.5000   -7.5000 2631.7786   17.7319
   -7.5000   15.0000   -7.5000 2588.9199   18.2425
    0.0000   15.0000   -7.5000 2585.2527   18.3526
    7.5000   15.0000   -7.5000 2546.3521   18.8059
   -7.5000   22.5000   -7.5000 2470.5334   19.7065
    0.0000   22.5000   -7.5000 2468.4302   19.8152
    7.5000   22.5000   -7.5000 2433.6406   20.3361
   -7.5000   30.0000   -7.5000 2338.9768   21.7077
    0.0000   30.0000   -7.5000 2337.2024   21.7982
    7.5000   30.0000   -7.5000 2302.6770   22.3553
   -7.5000   37.5000   -7.5000 2191.8611   24.3067
    0.0000   37.5000   -7.5000 2186.0364   24.4509
    7.5000   37.5000   -7.5000 2154.3875   25.0334
   -7.5000   45.0000   -7.5000 2024.6105   27.6469
    0.0000   45.0000   -7.5000 2024.8278   27.8060
    7.5000   45.0000   -7.5000 1997.4650   28.4782
   -7.5000  -45.0000    0.0000 2365.4119   20.4064
    0.0000  -45.0000    0.0000 2358.5298   20.4213
    7.5000  -45.0000    0.0000 2339.4299   20.9668
   -7.5000  -37.5000    0.0000 2492.6108   18.5075
    0.0000  -37.5000    0.0000 2488.5076   18.5509
    7.5000  -37.5000    0.0000 2462.5071   19.0643
   -7.5000  -30.0000    0.0000 2610.1897   17.1960
    0.0000  -30.0000    0.0000 2606.8040   17.2546
    7.5000  -30.0000    0.0000 2574.2800   17.6884
   -7.5000  -22.5000    0.0000 2714.7632   16.3731
    0.0000  -22.5000    0.0000 2717.6519   16.3882
    7.5000  -22.5000    0.0000 2677.4597   16.7231
   -7.5000  -15.0000    0.0000 2783.7688   15.7650
    0.0000  -15.0000    0.0000 2795.4314   15.8212
    7.5000  -15.0000    0.0000 2748.4436   16.0983
   -7.5000   -7.5000    0.0000 2820.6682   15.6447
    0.0000   -7.5000    0.0000 2828.6528   15.6839
    7.5000   -7.5000    0.0000 2786.0806   16.0667
   -7.5000    0.0000    0.0000 2809.0229   15.9585
    0.0000    0.0000    0.0000 2807.9783   15.9671
    7.5000    0.0000    0.0000 2763.5078   16.4378
   -7.5000    7.5000    0.0000 2750.0049   16.5250
    0.0000    7.5000    0.0000 2752.0767   16.5568
    7.5000    7.5000    0.0000 2705.1672   17.0179
   -7.5000   15.0000    0.0000 2645.9631   17.5210
    0.0000   15.0000    0.0000 2648.1555   17.5935
    7.5000   15.0000    0.0000 2610.3201   18.0730
   -7.5000   22.5000    0.0000 2514.7698   18.8896
    0.0000   22.5000    0.0000 2516.2690   19.0174
    7.5000   22.5000    0.0000 2481.1558   19.5358
   -7.5000   30.0000    0.0000 2376.9556   20.8020
    0.0000   30.0000    0.0000 2378.2886   20.9565
    7.5000   30.0000    0.0000 2344.3206   21.5090
   -7.5000   37.5000    0.0000 2223.9609   23.3082
    0.0000   37.5000    0.0000 2222.6028   23.4425
    7.5000   37.5000    0.0000 2193.4224   24.0486
   -7.5000   45.0000    0.0000 2054.1072   26.5091
    0.0000   45.0000    0.0000 2052.7949   26.6434
    7.5000   45.0000    0.0000 2026.1677   27.3394
   -7.5000  -45.0000    7.5000 2390.5725   19.9815
    0.0000  -45.0000    7.5000 2386.0442   19.8467
    7.5000  -45.0000    7.5000 2367.6284   20.4010
   -7.5000  -37.5000    7.5000 2518.4417   18.1012
    0.0000  -37.5000    7.5000 2517.8950   18.0324
    7.5000  -37.5000    7.5000 2492.4329   18.5273
   -7.5000  -30.0000    7.5000 2642.6484   16.7436
    0.0000  -30.0000    7.5000 2640.7515   16.7333
    7.5000  -30.0000    7.5000 2612.8215   17.1439
   -7.5000  -22.5000    7.5000 2761.8499   15.8234
    0.0000  -22.5000    7.5000 2758.6760   15.8626
    7.5000  -22.5000    7.5000 2723.4077   16.1321
   -7.5000  -15.0000    7.5000 2836.5769   15.1237
    0.0000  -15.0000    7.5000 2835.3176   15.1841
    7.5000  -15.0000    7.5000 2787.0127   15.4992
   -7.5000   -7.5000    7.5000 2885.7939   15.0839
    0.0000   -7.5000    7.5000 2886.3347   15.1708
    7.5000   -7.5000    7.5000 2834.9395   15.5489
   -7.5000    0.0000    7.5000 2872.5483   15.5070
    0.0000    0.0000    7.5000 2867.7476   15.5747
    7.5000    0.0000    7.5000 2819.6165   15.9877
   -7.5000    7.5000    7.5000 2796.6335   16.1637
    0.0000    7.5000    7.5000 2802.4841   16.2325
    7.5000    7.5000    7.5000 2749.1064   16.6448
   -7.5000   15.0000    7.5000 2681.7361   17.0953
    0.0000   15.0000    7.5000 2682.2878   17.2209
    7.5000   15.0000    7.5000 2643.9143   17.6804
   -7.5000   22.5000    7.5000 2542.5896   18.4290
    0.0000   22.5000    7.5000 2542.5063   18.5826
    7.5000   22.5000    7.5000 2511.4722   19.0735
   -7.5000   30.0000    7.5000 2400.9214   20.2309
    0.0000   30.0000    7.5000 2402.1943   20.3828
    7.5000   30.0000    7.5000 2370.7708   20.8912
   -7.5000   37.5000    7.5000 2243.4038   22.5667
    0.0000   37.5000    7.5000 2242.3936   22.7400
    7.5000   37.5000    7.5000 2212.0037   23.2941
   -7.5000   45.0000    7.5000 2068.9475   25.6966
    0.0000   45.0000    7.5000 2064.2690   25.8651
    7.5000   45.0000    7.5000 2041.1969   26.5023
   -7.5000  -45.0000   15.0000 2389.4065   19.9397
    0.0000  -45.0000   15.0000 2389.7134   19.6898
    7.5000  -45.0000   15.0000 2373.3652   20.1976
   -7.5000  -37.5000   15.0000 2518.2578   18.0412
    0.0000  -37.5000   15.0000 2519.7471   17.8638
    7.5000  -37.5000   15.0000 2507.6465   18.3792
   -7.5000  -30.0000   15.0000 2643.5452   16.6930
    0.0000  -30.0000   15.0000 2643.6519   16.5763
    7.5000  -30.0000   15.0000 2630.4670   17.0490
   -7.5000  -22.5000   15.0000 2762.6826   15.6796
    0.0000  -22.5000   15.0000 2765.2664   15.6245
    7.5000  -22.5000   15.0000 2737.7610   16.0046
   -7.5000  -15.0000   15.0000 2848.0203   14.9797
    0.0000  -15.0000   15.0000 2851.8210   14.9402
    7.5000  -15.0000   15.0000 2803.3367   15.4018
   -7.5000   -7.5000   15.0000 2900.1245   14.8568
    0.0000   -7.5000   15.0000 2903.4087   14.9627
    7.5000   -7.5000   15.0000 2849.5208   15.3875
   -7.5000    0.0000   15.0000 2881.5945   15.2957
    0.0000    0.0000   15.0000 2875.9182   15.4714
    7.5000    0.0000   15.0000 2824.3401   15.8179
   -7.5000    7.5000   15.0000 2811.3752   16.0653
    0.0000    7.5000   15.0000 2803.3469   16.1660
    7.5000    7.5000   15.0000 2754.0210   16.5110
   -7.5000   15.0000   15.0000 2687.1438   17.0225
    0.0000   15.0000   15.0000 2681.7439   17.0888
    7.5000   15.0000   15.0000 2647.4250   17.5321
   -7.5000   22.5000   15.0000 2544.6238   18.3133
    0.0000   22.5000   15.0000 2544.8589   18.3665
    7.5000   22.5000   15.0000 2515.3516   18.8733
   -7.5000   30.0000   15.0000 2402.1865   20.0304
    0.0000   30.0000   15.0000 2401.8210   20.0706
    7.5000   30.0000   15.0000 2370.6499   20.6149
   -7.5000   37.5000   15.0000 2237.2058   22.3116
    0.0000   37.5000   15.0000 2237.1243   22.3927
    7.5000   37.5000   15.0000 2212.6125   22.9404
   -7.5000   45.0000   15.0000 2068.2732   25.3748
    0.0000   45.0000   15.0000 2066.3359   25.4919
    7.5000   45.0000   15.0000 2043.0259   26.0234
   -7.5000  -45.0000   22.5000 2374.9375   20.1426
    0.0000  -45.0000   22.5000 2378.6855   19.9523
    7.5000  -45.0000   22.5000 2369.8298   20.4255
   -7.5000  -37.5000   22.5000 2502.2085   18.2967
    0.0000  -37.5000   22.5000 2512.1006   18.1417
    7.5000  -37.5000   22.5000 2505.6465   18.6129
   -7.5000  -30.0000   22.5000 2624.3125   16.9497
    0.0000  -30.0000   22.5000 2634.4297   16.8167
    7.5000  -30.0000   22.5000 2624.8760   17.2252
   -7.5000  -22.5000   22.5000 2736.3074   15.9665
    0.0000  -22.5000   22.5000 2746.1489   15.8357
    7.5000  -22.5000   22.5000 2721.3811   16.2552
   -7.5000  -15.0000   22.5000 2824.0576   15.3618
    0.0000  -15.0000   22.5000 2833.9253   15.3052
    7.5000  -15.0000   22.5000 2794.1997   15.6937
   -7.5000   -7.5000   22.5000 2873.9878   15.1670
    0.0000   -7.5000   22.5000 2876.6809   15.2085
    7.5000   -7.5000   22.5000 2830.5239   15.5703
   -7.5000    0.0000   22.5000 2860.2036   15.5484
    0.0000    0.0000   22.5000 2847.2063   15.6199
    7.5000    0.0000   22.5000 2803.3538   15.9159
   -7.5000    7.5000   22.5000 2785.3193   16.2330
    0.0000    7.5000   22.5000 2779.5325   16.3126
    7.5000    7.5000   22.5000 2737.0781   16.5447
   -7.5000   15.0000   22.5000 2668.0725   17.1434
    0.0000   15.0000   22.5000 2663.7551   17.2670
    7.5000   15.0000   22.5000 2630.6499   17.5787
   -7.5000   22.5000   22.5000 2531.5161   18.3921
    0.0000   22.5000   22.5000 2533.1606   18.5176
    7.5000   22.5000   22.5000 2504.1897   18.8896
   -7.5000   30.0000   22.5000 2383.4189   20.0108
    0.0000   30.0000   22.5000 2381.6809   20.1269
    7.5000   30.0000   22.5000 2354.1609   20.5447
   -7.5000   37.5000   22.5000 2216.4521   22.2427
    0.0000   37.5000   22.5000 2216.4221   22.3415
    7.5000   37.5000   22.5000 2198.7659   22.7831
   -7.5000   45.0000   22.5000 2058.1228   25.2230
    0.0000   45.0000   22.5000 2055.5586   25.2749
    7.5000   45.0000   22.5000 2034.4294   25.7860
   -7.5000  -45.0000   30.0000 2335.2324   20.7357
    0.0000  -45.0000   30.0000 2350.9644   20.5308
    7.5000  -45.0000   30.0000 2344.3857   21.0528
   -7.5000  -37.5000   30.0000 2466.8870   18.8672
    0.0000  -37.5000   30.0000 2481.7869   18.6796
    7.5000  -37.5000   30.0000 2475.5024   19.1514
   -7.5000  -30.0000   30.0000 2581.7153   17.5561
    0.0000  -30.0000   30.0000 2590.2134   17.3497
    7.5000  -30.0000   30.0000 2583.4143   17.7422
   -7.5000  -22.5000   30.0000 2691.0730   16.6623
    0.0000  -22.5000   30.0000 2700.5684   16.5028
    7.5000  -22.5000   30.0000 2678.1206   16.8672
   -7.5000  -15.0000   30.0000 2772.9375   16.1044
    0.0000  -15.0000   30.0000 2775.1904   16.0344
    7.5000  -15.0000   30.0000 2740.3489   16.3455
   -7.5000   -7.5000   30.0000 2800.2710   15.9338
    0.0000   -7.5000   30.0000 2805.4541   15.9079
    7.5000   -7.5000   30.0000 2764.7671   16.1656
   -7.5000    0.0000   30.0000 2777.9539   16.0553
    0.0000    0.0000   30.0000 2780.5408   16.0254
    7.5000    0.0000   30.0000 2738.9551   16.3579
   -7.5000    7.5000   30.0000 2713.0737   16.5537
    0.0000    7.5000   30.0000 2714.9338   16.5542
    7.5000    7.5000   30.0000 2681.3379   16.9109
   -7.5000   15.0000   30.0000 2614.8013   17.4320
    0.0000   15.0000   30.0000 2613.4375   17.4864
    7.5000   15.0000   30.0000 2585.2637   17.8844
   -7.5000   22.5000   30.0000 2495.2429   18.6837
    0.0000   22.5000   30.0000 2494.6167   18.7549
    7.5000   22.5000   30.0000 2466.6216   19.2173
   -7.5000   30.0000   30.0000 2348.4414   20.2952
    0.0000   30.0000   30.0000 2346.1921   20.3718
    7.5000   30.0000   30.0000 2320.3069   20.8747
   -7.5000   37.5000   30.0000 2189.3601   22.5019
    0.0000   37.5000   30.0000 2194.6025   22.5781
    7.5000   37.5000   30.0000 2173.8013   23.0984
   -7.5000   45.0000   30.0000 2034.3125   25.4466
    0.0000   45.0000   30.0000 2032.6392   25.5292
    7.5000   45.0000   30.0000 2014.6969   26.0897
   -7.5000  -45.0000   37.5000 2295.5278   21.8284
    0.0000  -45.0000   37.5000 2311.0178   21.6482
    7.5000  -45.0000   37.5000 2305.4805   22.0601
   -7.5000  -37.5000   37.5000 2422.3394   19.9039
    0.0000  -37.5000   37.5000 2437.3972   19.7211
    7.5000  -37.5000   37.5000 2426.4050   20.1561
   -7.5000  -30.0000   37.5000 2528.2737   18.5527
    0.0000  -30.0000   37.5000 2537.3113   18.3929
    7.5000  -30.0000   37.5000 2525.7881   18.8083
   -7.5000  -22.5000   37.5000 2621.5059   17.6380
    0.0000  -22.5000   37.5000 2628.1887   17.4720
    7.5000  -22.5000   37.5000 2605.1836   17.9309
   -7.5000  -15.0000   37.5000 2685.0173   17.0427
    0.0000  -15.0000   37.5000 2685.0979   16.9365
    7.5000  -15.0000   37.5000 2656.9478   17.3564
   -7.5000   -7.5000   37.5000 2705.9968   16.7495
    0.0000   -7.5000   37.5000 2708.0808   16.7110
    7.5000   -7.5000   37.5000 2678.5999   17.0958
   -7.5000    0.0000   37.5000 2685.1238   16.8237
    0.0000    0.0000   37.5000 2683.9438   16.8068
    7.5000    0.0000   37.5000 2654.6726   17.1625
   -7.5000    7.5000   37.5000 2625.6016   17.2915
    0.0000    7.5000   37.5000 2625.8708   17.2722
    7.5000    7.5000   37.5000 2599.3623   17.6072
   -7.5000   15.0000   37.5000 2535.7620   18.1044
    0.0000   15.0000   37.5000 2539.0977   18.1352
    7.5000   15.0000   37.5000 2511.0984   18.5018
   -7.5000   22.5000   37.5000 2429.6797   19.3136
    0.0000   22.5000   37.5000 2431.7268   19.3580
    7.5000   22.5000   37.5000 2407.6631   19.7571
   -7.5000   30.0000   37.5000 2297.1125   20.9349
    0.0000   30.0000   37.5000 2298.4980   20.9711
    7.5000   30.0000   37.5000 2274.3989   21.3886
   -7.5000   37.5000   37.5000 2153.2390   23.1301
    0.0000   37.5000   37.5000 2154.4985   23.1705
    7.5000   37.5000   37.5000 2133.6074   23.6578
   -7.5000   45.0000   37.5000 1994.8160   26.0521
    0.0000   45.0000   37.5000 1996.1261   26.1045
    7.5000   45.0000   37.5000 1980.3234   26.6624
   -7.5000  -45.0000   45.0000 2239.7678   23.2213
    0.0000  -45.0000   45.0000 2253.0898   23.0257
    7.5000  -45.0000   45.0000 2247.6831   23.4490
   -7.5000  -37.5000   45.0000 2360.4636   21.2027
    0.0000  -37.5000   45.0000 2375.2207   21.0118
    7.5000  -37.5000   45.0000 2361.3743   21.4341
   -7.5000  -30.0000   45.0000 2454.9167   19.7639
    0.0000  -30.0000   45.0000 2463.4612   19.6042
    7.5000  -30.0000   45.0000 2447.8174   19.9973
   -7.5000  -22.5000   45.0000 2529.8401   18.7757
    0.0000  -22.5000   45.0000 2534.5017   18.6458
    7.5000  -22.5000   45.0000 2514.5771   19.0478
   -7.5000  -15.0000   45.0000 2578.2620   18.1631
    0.0000  -15.0000   45.0000 2580.8235   18.0932
    7.5000  -15.0000   45.0000 2560.2380   18.4332
   -7.5000   -7.5000   45.0000 2590.7231   17.8301
    0.0000   -7.5000   45.0000 2594.1150   17.8191
    7.5000   -7.5000   45.0000 2567.6340   18.1298
   -7.5000    0.0000   45.0000 2568.6917   17.8568
    0.0000    0.0000   45.0000 2575.4258   17.8589
    7.5000    0.0000   45.0000 2554.9539   18.1752
   -7.5000    7.5000   45.0000 2522.0347   18.3032
    0.0000    7.5000   45.0000 2525.1689   18.3307
    7.5000    7.5000   45.0000 2507.6631   18.6266
   -7.5000   15.0000   45.0000 2447.5374   19.1642
    0.0000   15.0000   45.0000 2450.9346   19.2009
    7.5000   15.0000   45.0000 2427.4016   19.5497
   -7.5000   22.5000   45.0000 2343.0627   20.3318
    0.0000   22.5000   45.0000 2349.0640   20.3687
    7.5000   22.5000   45.0000 2334.1050   20.6978
   -7.5000   30.0000   45.0000 2223.3469   21.9144
    0.0000   30.0000   45.0000 2228.4500   21.9316
    7.5000   30.0000   45.0000 2211.1912   22.3212
   -7.5000   37.5000   45.0000 2094.8269   24.1266
    0.0000   37.5000   45.0000 2098.2832   24.1510
    7.5000   37.5000   45.0000 2079.8098   24.5862
   -7.5000   45.0000   45.0000 1948.3885   27.1095
    0.0000   45.0000   45.0000 1951.8676   27.1365
    7.5000   45.0000   45.0000 1933.2645   27.6421

---------------------------------------------------------------------
imgreg_4dfp /opt/freesurfer/average/711-2C_as_mni_average_305 /opt/freesurfer/average/711-2B_as_mni_average_305_mask talsrcimg_g11 none talsrcimg_to_711-2C_as_mni_average_305_t4 1283
---------------------------------------------------------------------

freesurfer imgreg_4dfp.c
/opt/freesurfer/average/711-2C_as_mni_average_305.4dfp.img
       256       256       256         1
  1.000000  1.000000  1.000000
orientation T byte_order littleendian
Reading image: /opt/freesurfer/average/711-2C_as_mni_average_305.4dfp.img
dimensions:      256       256       256
mmppix:       1.0000   -1.0000   -1.0000
center:     128.0000 -129.0000 -129.0000
/opt/freesurfer/average/711-2B_as_mni_average_305_mask.4dfp.img
       256       256       256         1
  1.000000  1.000000  1.000000
orientation T byte_order littleendian
Reading mask: /opt/freesurfer/average/711-2B_as_mni_average_305_mask.4dfp.img (2306576 pixels)
talsrcimg_g11.4dfp.img
       256       256       256         1
  1.000000  1.000000  1.000000
orientation T byte_order littleendian
Reading image: talsrcimg_g11.4dfp.img
dimensions:      256       256       256
mmppix:       1.0000   -1.0000   -1.0000
center:     128.0000 -129.0000 -129.0000
rotation matrix determinant  1.000000
fimgreg.f
image alignment mode   1283 decimal      503 hex
parameters
    0.0000   -7.5000   15.0000    0.0000    0.0000    0.0000
eta,q 0.91214 14.98332
niter,ni,del,rscale     5    3   12.0000    1.2000
parameter  1  0.589776 ->  0.500000 qaram    1.1500
parameter  5  1.858363 ->  0.500000 qaram    1.1500
parameters
   -3.4500   -5.2178   13.4165    2.0467   -3.4500    2.7800
eta,q 0.92211 14.71209
  0.0864  0.0981  0.0916  0.0887  0.0772  0.0832
  0.0866  0.0925  0.0872  0.0873  0.0781  0.0816
  0.0874  0.0886  0.0842  0.0856  0.0802  0.0800
  0.0882  0.0865  0.0860  0.0835  0.0825  0.0786
  0.0900  0.0857  0.0908  0.0825  0.0856  0.0780
  0.0950  0.0866  0.0948  0.0829  0.0889  0.0780
  0.1016  0.0878  0.0995  0.0854  0.0922  0.0791
niter,ni,del,rscale     6    3   12.0000    1.2000
parameter  5  2.091814 ->  0.500000 qaram    1.3225
parameters
   -2.3021   -5.1016   13.5853    2.5020   -7.4175    3.4748
eta,q 0.92668 14.68332
  0.0933  0.0884  0.0877  0.0818  0.0710  0.0781
  0.0867  0.0839  0.0829  0.0803  0.0729  0.0757
  0.0819  0.0791  0.0798  0.0786  0.0746  0.0740
  0.0779  0.0774  0.0774  0.0773  0.0769  0.0734
  0.0784  0.0786  0.0785  0.0767  0.0802  0.0736
  0.0815  0.0834  0.0822  0.0788  0.0836  0.0750
  0.0862  0.0877  0.0869  0.0813  0.0870  0.0761
niter,ni,del,rscale     6    3   12.0000    1.2000
parameter  5  0.698078 ->  0.500000 qaram    1.5209
parameters
   -0.3495   -5.1741   12.9593    4.5928  -11.9801    3.4354
eta,q 0.93394 14.73061
  0.0927  0.0842  0.0800  0.0803  0.0693  0.0731
  0.0862  0.0780  0.0740  0.0785  0.0663  0.0698
  0.0790  0.0737  0.0721  0.0751  0.0667  0.0670
  0.0733  0.0719  0.0719  0.0718  0.0701  0.0661
  0.0719  0.0734  0.0739  0.0701  0.0755  0.0674
  0.0745  0.0794  0.0785  0.0713  0.0808  0.0700
  0.0803  0.0843  0.0823  0.0747  0.0838  0.0732
niter,ni,del,rscale     6    3   12.0000    1.2000
parameters
    0.8572   -5.4111   13.3915    4.7955  -12.3440    3.0158
eta,q 0.93416 14.77090
  0.0901  0.0803  0.0787  0.0756  0.0779  0.0717
  0.0803  0.0742  0.0717  0.0719  0.0721  0.0684
  0.0707  0.0687  0.0687  0.0679  0.0675  0.0663
  0.0661  0.0663  0.0663  0.0658  0.0658  0.0659
  0.0675  0.0689  0.0659  0.0671  0.0678  0.0669
  0.0718  0.0761  0.0703  0.0702  0.0734  0.0698
  0.0780  0.0826  0.0757  0.0751  0.0802  0.0735
niter,ni,del,rscale     5    3   12.0000    1.2000
parameters
    1.1731   -5.5396   13.5066    4.8297  -12.6000    2.7904
eta,q 0.93396 14.78093
  0.0854  0.0809  0.0771  0.0751  0.0782  0.0720
  0.0755  0.0746  0.0707  0.0715  0.0723  0.0688
  0.0674  0.0686  0.0684  0.0677  0.0676  0.0667
  0.0658  0.0661  0.0661  0.0660  0.0660  0.0660
  0.0688  0.0684  0.0665  0.0674  0.0677  0.0668
  0.0740  0.0755  0.0711  0.0706  0.0730  0.0695
  0.0810  0.0823  0.0762  0.0755  0.0799  0.0730
niter,ni,del,rscale     4    3   12.0000    1.2000
parameters
    1.2733   -5.5912   13.5143    4.7864  -12.7290    2.6846
eta,q 0.93390 14.78374
  0.0842  0.0812  0.0766  0.0748  0.0785  0.0722
  0.0744  0.0749  0.0705  0.0713  0.0725  0.0691
  0.0669  0.0688  0.0684  0.0677  0.0679  0.0669
  0.0660  0.0661  0.0661  0.0661  0.0661  0.0661
  0.0691  0.0682  0.0668  0.0676  0.0675  0.0668
  0.0746  0.0751  0.0713  0.0708  0.0727  0.0693
  0.0818  0.0820  0.0764  0.0756  0.0796  0.0728
niter,ni,del,rscale     3    3   12.0000    1.2000
parameters
    1.3090   -5.6024   13.5038    4.7443  -12.7878    2.6372
eta,q 0.93386 14.78440
  0.0838  0.0812  0.0765  0.0747  0.0786  0.0723
  0.0741  0.0750  0.0704  0.0714  0.0727  0.0692
  0.0668  0.0689  0.0683  0.0678  0.0680  0.0669
  0.0661  0.0661  0.0661  0.0661  0.0661  0.0661
  0.0692  0.0681  0.0668  0.0676  0.0675  0.0667
  0.0747  0.0749  0.0714  0.0708  0.0725  0.0693
  0.0821  0.0818  0.0765  0.0755  0.0794  0.0727
registration optimization eta report
parameter search radius
    6.9000    6.0000    6.0000    6.0000    9.1253    6.0000
100000*second partial in parameter space
       35.       42.       28.       24.       15.       18.
  0.0838  0.0812  0.0765  0.0747  0.0786  0.0723
  0.0741  0.0750  0.0704  0.0714  0.0727  0.0692
  0.0668  0.0689  0.0683  0.0678  0.0680  0.0669
  0.0661  0.0661  0.0661  0.0661  0.0661  0.0661
  0.0692  0.0681  0.0668  0.0676  0.0675  0.0667
  0.0747  0.0749  0.0714  0.0708  0.0725  0.0693
  0.0821  0.0818  0.0765  0.0755  0.0794  0.0727
    1.3090   -5.6024   13.5038    4.7443  -12.7878    2.6372
eta,q 0.93386 14.78440

---------------------------------------------------------------------
imgreg_4dfp /opt/freesurfer/average/711-2C_as_mni_average_305 /opt/freesurfer/average/711-2B_as_mni_average_305_mask talsrcimg_g11 none talsrcimg_to_711-2C_as_mni_average_305_t4 3335
---------------------------------------------------------------------

freesurfer imgreg_4dfp.c
/opt/freesurfer/average/711-2C_as_mni_average_305.4dfp.img
       256       256       256         1
  1.000000  1.000000  1.000000
orientation T byte_order littleendian
Reading image: /opt/freesurfer/average/711-2C_as_mni_average_305.4dfp.img
dimensions:      256       256       256
mmppix:       1.0000   -1.0000   -1.0000
center:     128.0000 -129.0000 -129.0000
/opt/freesurfer/average/711-2B_as_mni_average_305_mask.4dfp.img
       256       256       256         1
  1.000000  1.000000  1.000000
orientation T byte_order littleendian
Reading mask: /opt/freesurfer/average/711-2B_as_mni_average_305_mask.4dfp.img (2306576 pixels)
talsrcimg_g11.4dfp.img
       256       256       256         1
  1.000000  1.000000  1.000000
orientation T byte_order littleendian
Reading image: talsrcimg_g11.4dfp.img
dimensions:      256       256       256
mmppix:       1.0000   -1.0000   -1.0000
center:     128.0000 -129.0000 -129.0000
fimgreg.f
image alignment mode   3335 decimal      D07 hex
parameters
    1.3090   -5.6024   13.5038   -2.5836   -0.3639   -2.8145
   -2.7566   22.4154    4.4870   -7.2473  -22.1341    8.0658
eta,q 0.93026 14.89293
niter,ni,del,rscale     5    3    5.0000    1.2000
parameter  4  1.211577 ->  0.500000 qaram    1.1500
parameter  5  3.391445 ->  0.500000 qaram    1.1500
parameter  6  2.617663 ->  0.500000 qaram    1.1500
parameter 11 -0.933007 -> -0.500000 qaram    1.1500
parameters
    1.5728   -6.1321   13.0060   -6.7236   -4.5039   -6.9545
   -2.4092   21.3891    2.6538   -6.7801  -17.9941    5.9340
eta,q 0.94858 13.74792
  0.0726  0.0705  0.0703  0.0657  0.0564  0.0484  0.0547  0.0550  0.0537  0.0562  0.0559  0.0521
  0.0712  0.0699  0.0698  0.0666  0.0594  0.0518  0.0538  0.0537  0.0529  0.0542  0.0544  0.0516
  0.0702  0.0697  0.0697  0.0678  0.0628  0.0556  0.0531  0.0529  0.0526  0.0530  0.0534  0.0514
  0.0697  0.0697  0.0697  0.0697  0.0669  0.0603  0.0527  0.0527  0.0527  0.0526  0.0526  0.0516
  0.0698  0.0700  0.0699  0.0722  0.0712  0.0653  0.0529  0.0533  0.0533  0.0528  0.0519  0.0520
  0.0705  0.0707  0.0704  0.0753  0.0759  0.0710  0.0534  0.0548  0.0544  0.0537  0.0515  0.0527
  0.0716  0.0721  0.0713  0.0791  0.0809  0.0776  0.0545  0.0569  0.0557  0.0553  0.0515  0.0536
niter,ni,del,rscale     7    3    5.0000    1.2000
parameter  4  0.589627 ->  0.500000 qaram    1.3225
parameter  5  1.415105 ->  0.500000 qaram    1.3225
parameter  6  1.826473 ->  0.500000 qaram    1.3225
parameter 12 -0.551503 -> -0.500000 qaram    1.1500
parameters
    1.2491   -5.5448   13.1486  -11.4846   -9.2649  -11.7155
   -1.5588   20.9180    2.7241   -5.8232  -16.3270   10.0740
eta,q 0.96115 12.99553
  0.0532  0.0542  0.0528  0.0503  0.0438  0.0372  0.0417  0.0423  0.0412  0.0433  0.0417  0.0420
  0.0521  0.0531  0.0522  0.0501  0.0452  0.0387  0.0407  0.0407  0.0402  0.0415  0.0405  0.0411
  0.0515  0.0521  0.0515  0.0503  0.0473  0.0422  0.0399  0.0397  0.0397  0.0403  0.0398  0.0401
  0.0514  0.0514  0.0511  0.0511  0.0501  0.0457  0.0395  0.0395  0.0395  0.0395  0.0394  0.0394
  0.0519  0.0511  0.0512  0.0523  0.0541  0.0502  0.0396  0.0400  0.0397  0.0395  0.0394  0.0389
  0.0529  0.0515  0.0517  0.0543  0.0587  0.0553  0.0401  0.0412  0.0402  0.0403  0.0398  0.0389
  0.0544  0.0526  0.0526  0.0575  0.0638  0.0609  0.0409  0.0432  0.0411  0.0418  0.0403  0.0394
niter,ni,del,rscale     7    3    5.0000    1.2000
parameter  3  0.562060 ->  0.500000 qaram    1.1500
parameter  5  0.972863 ->  0.500000 qaram    1.5209
parameter  6  0.996653 ->  0.500000 qaram    1.5209
parameter 12  1.069797 ->  0.500000 qaram    1.3225
parameters
    0.9053   -5.9346   11.7686  -11.5333  -14.7400  -17.1907
   -0.8270   19.3482    2.7306   -8.2177  -17.9094    5.3130
eta,q 0.97025 12.42198
  0.0405  0.0404  0.0385  0.0408  0.0345  0.0309  0.0334  0.0330  0.0323  0.0319  0.0319  0.0296
  0.0395  0.0392  0.0381  0.0394  0.0352  0.0312  0.0324  0.0318  0.0316  0.0311  0.0311  0.0297
  0.0389  0.0387  0.0381  0.0384  0.0365  0.0324  0.0317  0.0312  0.0313  0.0308  0.0308  0.0300
  0.0389  0.0388  0.0387  0.0380  0.0380  0.0355  0.0314  0.0313  0.0312  0.0312  0.0308  0.0307
  0.0394  0.0394  0.0398  0.0383  0.0408  0.0409  0.0314  0.0322  0.0313  0.0319  0.0313  0.0317
  0.0404  0.0404  0.0412  0.0392  0.0443  0.0459  0.0319  0.0335  0.0317  0.0329  0.0321  0.0328
  0.0418  0.0415  0.0427  0.0410  0.0491  0.0514  0.0328  0.0354  0.0323  0.0344  0.0330  0.0340
niter,ni,del,rscale     7    3    5.0000    1.2000
parameter  2  0.925163 ->  0.500000 qaram    1.1500
parameter  3  0.850125 ->  0.500000 qaram    1.3225
parameters
    1.0050   -7.3146   10.1816   -7.8466  -19.8113  -20.3381
   -1.2016   20.0722    2.7416   -8.0996  -19.0427    5.0094
eta,q 0.97474 12.41007
  0.0324  0.0285  0.0267  0.0308  0.0272  0.0289  0.0272  0.0287  0.0267  0.0281  0.0262  0.0279
  0.0311  0.0284  0.0265  0.0290  0.0254  0.0270  0.0261  0.0271  0.0259  0.0265  0.0255  0.0265
  0.0301  0.0288  0.0271  0.0275  0.0246  0.0255  0.0255  0.0259  0.0254  0.0257  0.0253  0.0256
  0.0298  0.0297  0.0284  0.0266  0.0263  0.0247  0.0254  0.0253  0.0253  0.0253  0.0253  0.0253
  0.0300  0.0311  0.0305  0.0263  0.0295  0.0277  0.0257  0.0255  0.0255  0.0256  0.0256  0.0256
  0.0308  0.0326  0.0330  0.0265  0.0326  0.0339  0.0265  0.0263  0.0260  0.0265  0.0261  0.0266
  0.0320  0.0342  0.0356  0.0272  0.0367  0.0421  0.0276  0.0277  0.0266  0.0279  0.0268  0.0284
niter,ni,del,rscale     7    3    5.0000    1.2000
parameters
    0.9853   -7.1771   10.0264   -6.4239  -19.6727  -21.0626
   -1.0293   20.0371    3.3105   -7.8350  -19.1085    4.8483
eta,q 0.97447 12.46082
  0.0277  0.0286  0.0277  0.0277  0.0308  0.0313  0.0276  0.0283  0.0271  0.0282  0.0268  0.0281
  0.0263  0.0267  0.0263  0.0264  0.0286  0.0286  0.0265  0.0268  0.0262  0.0267  0.0259  0.0268
  0.0255  0.0256  0.0255  0.0256  0.0267  0.0267  0.0258  0.0259  0.0257  0.0259  0.0256  0.0259
  0.0253  0.0253  0.0253  0.0253  0.0253  0.0252  0.0255  0.0255  0.0255  0.0255  0.0255  0.0255
  0.0256  0.0256  0.0256  0.0254  0.0256  0.0247  0.0258  0.0259  0.0256  0.0257  0.0257  0.0258
  0.0264  0.0265  0.0266  0.0257  0.0282  0.0287  0.0264  0.0269  0.0260  0.0265  0.0261  0.0268
  0.0278  0.0279  0.0283  0.0266  0.0310  0.0353  0.0274  0.0284  0.0266  0.0279  0.0267  0.0284
niter,ni,del,rscale     6    3    5.0000    1.2000
parameters
    0.9877   -7.0467    9.8214   -6.5938  -19.6650  -21.2304
   -1.1460   20.0060    3.4194   -7.5576  -19.1051    4.6460
eta,q 0.97442 12.43984
  0.0279  0.0287  0.0277  0.0273  0.0307  0.0316  0.0275  0.0283  0.0269  0.0282  0.0268  0.0281
  0.0266  0.0270  0.0264  0.0262  0.0287  0.0289  0.0264  0.0268  0.0261  0.0267  0.0260  0.0268
  0.0258  0.0259  0.0257  0.0256  0.0269  0.0269  0.0258  0.0259  0.0257  0.0259  0.0257  0.0259
  0.0255  0.0255  0.0255  0.0255  0.0255  0.0255  0.0256  0.0256  0.0256  0.0256  0.0256  0.0256
  0.0258  0.0258  0.0259  0.0257  0.0259  0.0246  0.0259  0.0259  0.0257  0.0258  0.0257  0.0259
  0.0266  0.0267  0.0268  0.0262  0.0285  0.0275  0.0265  0.0269  0.0261  0.0266  0.0261  0.0268
  0.0279  0.0281  0.0284  0.0275  0.0312  0.0341  0.0276  0.0283  0.0268  0.0278  0.0267  0.0284
niter,ni,del,rscale     5    3    5.0000    1.2000
parameters
    0.9440   -6.9294    9.7140   -6.5115  -19.7172  -21.2986
   -1.1945   19.9613    3.4738   -7.2857  -19.0975    4.4864
eta,q 0.97438 12.43471
  0.0278  0.0287  0.0278  0.0274  0.0307  0.0317  0.0275  0.0282  0.0269  0.0281  0.0268  0.0281
  0.0266  0.0270  0.0265  0.0263  0.0287  0.0290  0.0265  0.0268  0.0261  0.0267  0.0260  0.0268
  0.0258  0.0259  0.0258  0.0257  0.0269  0.0270  0.0258  0.0259  0.0258  0.0260  0.0257  0.0260
  0.0256  0.0256  0.0256  0.0256  0.0256  0.0256  0.0256  0.0256  0.0256  0.0256  0.0256  0.0256
  0.0259  0.0259  0.0259  0.0258  0.0259  0.0247  0.0259  0.0259  0.0258  0.0258  0.0258  0.0259
  0.0267  0.0268  0.0267  0.0261  0.0286  0.0273  0.0265  0.0269  0.0262  0.0265  0.0261  0.0268
  0.0280  0.0281  0.0282  0.0274  0.0312  0.0338  0.0275  0.0283  0.0268  0.0278  0.0267  0.0284
niter,ni,del,rscale     4    3    5.0000    1.2000
parameters
    0.9149   -6.8297    9.6282   -6.4715  -19.7885  -21.3695
   -1.2171   19.9109    3.4835   -7.0426  -19.0833    4.3915
eta,q 0.97434 12.42629
  0.0279  0.0286  0.0278  0.0274  0.0306  0.0316  0.0276  0.0282  0.0268  0.0281  0.0269  0.0282
  0.0266  0.0269  0.0265  0.0263  0.0286  0.0289  0.0265  0.0268  0.0262  0.0267  0.0261  0.0269
  0.0259  0.0259  0.0258  0.0257  0.0269  0.0269  0.0259  0.0260  0.0258  0.0260  0.0257  0.0260
  0.0256  0.0256  0.0256  0.0256  0.0256  0.0256  0.0257  0.0257  0.0257  0.0257  0.0257  0.0257
  0.0259  0.0259  0.0259  0.0258  0.0260  0.0248  0.0259  0.0260  0.0258  0.0259  0.0258  0.0259
  0.0267  0.0268  0.0267  0.0262  0.0286  0.0272  0.0266  0.0269  0.0262  0.0266  0.0262  0.0268
  0.0280  0.0281  0.0281  0.0274  0.0312  0.0338  0.0275  0.0283  0.0268  0.0278  0.0268  0.0284
niter,ni,del,rscale     3    3    5.0000    1.2000
parameters
    0.8847   -6.7383    9.5517   -6.4524  -19.8734  -21.4521
   -1.2192   19.8577    3.4959   -6.8044  -19.0700    4.3332
eta,q 0.97428 12.41553
  0.0279  0.0286  0.0279  0.0274  0.0305  0.0316  0.0276  0.0282  0.0269  0.0280  0.0269  0.0282
  0.0267  0.0269  0.0266  0.0263  0.0286  0.0289  0.0266  0.0268  0.0262  0.0268  0.0261  0.0269
  0.0259  0.0260  0.0259  0.0258  0.0269  0.0269  0.0259  0.0260  0.0258  0.0260  0.0258  0.0261
  0.0257  0.0257  0.0257  0.0257  0.0257  0.0257  0.0257  0.0257  0.0257  0.0257  0.0257  0.0257
  0.0260  0.0260  0.0259  0.0258  0.0260  0.0248  0.0260  0.0260  0.0259  0.0259  0.0258  0.0260
  0.0267  0.0268  0.0267  0.0262  0.0286  0.0272  0.0266  0.0269  0.0262  0.0266  0.0262  0.0269
  0.0280  0.0281  0.0281  0.0274  0.0311  0.0338  0.0276  0.0282  0.0268  0.0277  0.0268  0.0284
niter,ni,del,rscale     2    3    5.0000    1.2000
parameters
    0.8577   -6.6489    9.4752   -6.4404  -19.9704  -21.5442
   -1.2305   19.7953    3.4951   -6.5555  -19.0404    4.2863
eta,q 0.97423 12.40279
  0.0279  0.0285  0.0279  0.0274  0.0305  0.0316  0.0276  0.0282  0.0269  0.0280  0.0269  0.0282
  0.0267  0.0269  0.0266  0.0264  0.0286  0.0289  0.0266  0.0269  0.0262  0.0268  0.0262  0.0270
  0.0259  0.0260  0.0259  0.0258  0.0270  0.0269  0.0260  0.0261  0.0259  0.0261  0.0259  0.0261
  0.0257  0.0257  0.0257  0.0257  0.0257  0.0257  0.0258  0.0258  0.0258  0.0258  0.0258  0.0258
  0.0260  0.0260  0.0260  0.0259  0.0260  0.0249  0.0260  0.0261  0.0259  0.0260  0.0259  0.0260
  0.0268  0.0268  0.0268  0.0262  0.0286  0.0272  0.0266  0.0269  0.0263  0.0266  0.0263  0.0269
  0.0280  0.0281  0.0281  0.0274  0.0311  0.0338  0.0276  0.0282  0.0268  0.0277  0.0268  0.0284
niter,ni,del,rscale     1    3    5.0000    1.2000
parameters
    0.8252   -6.5525    9.3907   -6.4326  -20.0952  -21.6481
   -1.2242   19.7126    3.4763   -6.2681  -18.9947    4.2579
eta,q 0.97417 12.38679
  0.0279  0.0285  0.0279  0.0274  0.0304  0.0315  0.0277  0.0282  0.0269  0.0280  0.0270  0.0283
  0.0267  0.0270  0.0267  0.0264  0.0286  0.0289  0.0266  0.0269  0.0263  0.0268  0.0262  0.0270
  0.0260  0.0261  0.0260  0.0259  0.0270  0.0269  0.0260  0.0261  0.0259  0.0261  0.0259  0.0262
  0.0258  0.0258  0.0258  0.0258  0.0258  0.0258  0.0258  0.0258  0.0258  0.0258  0.0258  0.0258
  0.0261  0.0261  0.0260  0.0260  0.0261  0.0250  0.0261  0.0262  0.0260  0.0260  0.0260  0.0261
  0.0268  0.0268  0.0268  0.0263  0.0286  0.0272  0.0267  0.0270  0.0263  0.0266  0.0263  0.0270
  0.0280  0.0281  0.0282  0.0275  0.0311  0.0337  0.0276  0.0282  0.0269  0.0277  0.0269  0.0284
registration optimization eta report
parameter search radius
    2.4000    2.7600    3.1740    9.5220   10.9503   10.9503
    7.2000    7.2000    7.2000    7.2000    8.2800    9.5220
100000*second partial in parameter space
       38.       33.       23.        2.        4.        6.
        3.        5.        2.        4.        2.        3.
  0.0279  0.0285  0.0279  0.0274  0.0304  0.0315  0.0277  0.0282  0.0269  0.0280  0.0270  0.0283
  0.0267  0.0270  0.0267  0.0264  0.0286  0.0289  0.0266  0.0269  0.0263  0.0268  0.0262  0.0270
  0.0260  0.0261  0.0260  0.0259  0.0270  0.0269  0.0260  0.0261  0.0259  0.0261  0.0259  0.0262
  0.0258  0.0258  0.0258  0.0258  0.0258  0.0258  0.0258  0.0258  0.0258  0.0258  0.0258  0.0258
  0.0261  0.0261  0.0260  0.0260  0.0261  0.0250  0.0261  0.0262  0.0260  0.0260  0.0260  0.0261
  0.0268  0.0268  0.0268  0.0263  0.0286  0.0272  0.0267  0.0270  0.0263  0.0266  0.0263  0.0270
  0.0280  0.0281  0.0282  0.0275  0.0311  0.0337  0.0276  0.0282  0.0269  0.0277  0.0269  0.0284
    0.8252   -6.5525    9.3907   -6.4326  -20.0952  -21.6481
   -1.2242   19.7126    3.4763   -6.2681  -18.9947    4.2579
eta,q 0.97417 12.38679

---------------------------------------------------------------------
imgreg_4dfp /opt/freesurfer/average/711-2C_as_mni_average_305 /opt/freesurfer/average/711-2B_as_mni_average_305_mask talsrcimg_g11 none talsrcimg_to_711-2C_as_mni_average_305_t4 2311
---------------------------------------------------------------------

freesurfer imgreg_4dfp.c
/opt/freesurfer/average/711-2C_as_mni_average_305.4dfp.img
       256       256       256         1
  1.000000  1.000000  1.000000
orientation T byte_order littleendian
Reading image: /opt/freesurfer/average/711-2C_as_mni_average_305.4dfp.img
dimensions:      256       256       256
mmppix:       1.0000   -1.0000   -1.0000
center:     128.0000 -129.0000 -129.0000
/opt/freesurfer/average/711-2B_as_mni_average_305_mask.4dfp.img
       256       256       256         1
  1.000000  1.000000  1.000000
orientation T byte_order littleendian
Reading mask: /opt/freesurfer/average/711-2B_as_mni_average_305_mask.4dfp.img (2306576 pixels)
talsrcimg_g11.4dfp.img
       256       256       256         1
  1.000000  1.000000  1.000000
orientation T byte_order littleendian
Reading image: talsrcimg_g11.4dfp.img
dimensions:      256       256       256
mmppix:       1.0000   -1.0000   -1.0000
center:     128.0000 -129.0000 -129.0000
fimgreg.f
image alignment mode   2311 decimal      907 hex
parameters
    0.8252   -6.5525    9.3907   -6.4326  -20.0952  -21.6481
   -1.2242   19.7126    3.4763   -6.2681  -18.9947    4.2579
eta,q 0.97417 12.38678
niter,ni,del,rscale     5    3    5.0000    0.8000
parameter  6 -0.931058 -> -0.500000 qaram    1.1500
parameters
    0.7810   -6.5011    9.3026   -6.7807  -19.1521  -18.8881
   -1.5828   20.3780    3.5236   -6.7780  -18.9301    3.1492
eta,q 0.97512 12.54432
  0.0268  0.0267  0.0263  0.0261  0.0274  0.0273  0.0257  0.0266  0.0255  0.0260  0.0256  0.0254
  0.0262  0.0262  0.0260  0.0259  0.0268  0.0266  0.0253  0.0258  0.0252  0.0253  0.0252  0.0251
  0.0259  0.0259  0.0259  0.0258  0.0262  0.0261  0.0250  0.0252  0.0250  0.0250  0.0250  0.0249
  0.0258  0.0258  0.0258  0.0258  0.0258  0.0257  0.0250  0.0250  0.0250  0.0249  0.0249  0.0249
  0.0260  0.0259  0.0259  0.0259  0.0257  0.0252  0.0251  0.0250  0.0250  0.0252  0.0250  0.0252
  0.0263  0.0262  0.0261  0.0260  0.0259  0.0249  0.0255  0.0253  0.0252  0.0257  0.0252  0.0256
  0.0269  0.0266  0.0264  0.0262  0.0267  0.0252  0.0260  0.0259  0.0255  0.0264  0.0255  0.0263
niter,ni,del,rscale     5    3    5.0000    0.8000
parameters
    0.7659   -6.8907    9.8053   -6.4015  -18.7984  -18.9682
   -1.5621   20.3918    3.3605   -7.4037  -19.3162    3.4722
eta,q 0.97537 12.59333
  0.0259  0.0254  0.0262  0.0252  0.0266  0.0268  0.0256  0.0261  0.0253  0.0258  0.0252  0.0257
  0.0253  0.0250  0.0256  0.0249  0.0258  0.0261  0.0251  0.0253  0.0249  0.0251  0.0248  0.0251
  0.0250  0.0248  0.0251  0.0248  0.0252  0.0253  0.0248  0.0248  0.0247  0.0247  0.0247  0.0248
  0.0249  0.0249  0.0248  0.0247  0.0247  0.0247  0.0247  0.0247  0.0247  0.0247  0.0246  0.0246
  0.0250  0.0252  0.0247  0.0248  0.0247  0.0245  0.0248  0.0249  0.0248  0.0250  0.0248  0.0247
  0.0254  0.0257  0.0248  0.0249  0.0252  0.0254  0.0251  0.0253  0.0250  0.0256  0.0250  0.0250
  0.0260  0.0264  0.0251  0.0251  0.0263  0.0278  0.0256  0.0260  0.0254  0.0265  0.0253  0.0254
niter,ni,del,rscale     4    3    5.0000    0.7000
parameters
    0.8884   -7.1270    9.9056   -6.6295  -18.5514  -18.6549
   -1.5433   20.5363    3.4510   -7.8146  -19.3485    3.7072
eta,q 0.97554 12.61042
  0.0257  0.0252  0.0254  0.0249  0.0261  0.0265  0.0252  0.0257  0.0251  0.0255  0.0250  0.0253
  0.0251  0.0248  0.0250  0.0247  0.0255  0.0259  0.0248  0.0250  0.0247  0.0249  0.0247  0.0249
  0.0248  0.0246  0.0247  0.0246  0.0249  0.0252  0.0246  0.0246  0.0245  0.0245  0.0245  0.0246
  0.0246  0.0246  0.0246  0.0246  0.0246  0.0246  0.0245  0.0245  0.0245  0.0245  0.0245  0.0245
  0.0247  0.0248  0.0246  0.0246  0.0246  0.0244  0.0246  0.0246  0.0245  0.0247  0.0245  0.0245
  0.0249  0.0253  0.0248  0.0248  0.0251  0.0249  0.0248  0.0250  0.0247  0.0253  0.0247  0.0247
  0.0254  0.0258  0.0252  0.0250  0.0260  0.0266  0.0252  0.0255  0.0250  0.0260  0.0250  0.0251
niter,ni,del,rscale     3    3    5.0000    0.6000
parameters
    0.9201   -7.2591    9.9680   -6.8543  -18.4477  -18.3707
   -1.5246   20.6090    3.3760   -8.0210  -19.2587    3.8092
eta,q 0.97563 12.61483
  0.0252  0.0250  0.0251  0.0247  0.0256  0.0261  0.0250  0.0253  0.0248  0.0253  0.0248  0.0250
  0.0248  0.0247  0.0247  0.0245  0.0251  0.0255  0.0246  0.0248  0.0246  0.0248  0.0246  0.0247
  0.0245  0.0245  0.0245  0.0245  0.0247  0.0249  0.0244  0.0245  0.0244  0.0245  0.0244  0.0245
  0.0245  0.0245  0.0245  0.0244  0.0244  0.0244  0.0244  0.0244  0.0244  0.0244  0.0244  0.0244
  0.0245  0.0246  0.0245  0.0245  0.0245  0.0243  0.0244  0.0245  0.0244  0.0245  0.0244  0.0244
  0.0247  0.0249  0.0247  0.0246  0.0249  0.0248  0.0246  0.0248  0.0246  0.0249  0.0246  0.0246
  0.0251  0.0253  0.0250  0.0247  0.0256  0.0261  0.0249  0.0252  0.0248  0.0255  0.0247  0.0249
niter,ni,del,rscale     2    3    5.0000    0.5000
parameters
    0.9212   -7.3295   10.0036   -7.0066  -18.3661  -18.1044
   -1.5361   20.6409    3.3154   -8.0984  -19.1009    3.7992
eta,q 0.97568 12.61859
  0.0249  0.0248  0.0248  0.0245  0.0252  0.0257  0.0247  0.0250  0.0246  0.0250  0.0246  0.0247
  0.0246  0.0246  0.0246  0.0244  0.0248  0.0252  0.0245  0.0246  0.0245  0.0246  0.0245  0.0245
  0.0244  0.0244  0.0244  0.0244  0.0245  0.0247  0.0244  0.0244  0.0244  0.0244  0.0244  0.0244
  0.0244  0.0244  0.0244  0.0244  0.0244  0.0244  0.0243  0.0243  0.0243  0.0243  0.0243  0.0243
  0.0244  0.0245  0.0244  0.0244  0.0244  0.0243  0.0244  0.0244  0.0244  0.0244  0.0244  0.0244
  0.0246  0.0247  0.0245  0.0245  0.0247  0.0246  0.0245  0.0246  0.0245  0.0247  0.0244  0.0245
  0.0249  0.0250  0.0248  0.0246  0.0252  0.0256  0.0247  0.0249  0.0246  0.0251  0.0246  0.0247
niter,ni,del,rscale     1    3    5.0000    0.4000
parameters
    0.9163   -7.3694   10.0151   -7.1257  -18.2961  -17.8619
   -1.5398   20.6646    3.2426   -8.1169  -18.9583    3.7687
eta,q 0.97571 12.62242
  0.0246  0.0246  0.0246  0.0244  0.0249  0.0253  0.0245  0.0247  0.0245  0.0247  0.0245  0.0245
  0.0245  0.0245  0.0244  0.0244  0.0246  0.0249  0.0244  0.0245  0.0244  0.0245  0.0244  0.0244
  0.0244  0.0243  0.0244  0.0243  0.0244  0.0245  0.0243  0.0243  0.0243  0.0243  0.0243  0.0243
  0.0243  0.0243  0.0243  0.0243  0.0243  0.0243  0.0243  0.0243  0.0243  0.0243  0.0243  0.0243
  0.0244  0.0244  0.0243  0.0243  0.0244  0.0243  0.0243  0.0243  0.0243  0.0243  0.0243  0.0243
  0.0245  0.0245  0.0244  0.0244  0.0245  0.0245  0.0244  0.0245  0.0244  0.0245  0.0244  0.0244
  0.0246  0.0247  0.0246  0.0245  0.0249  0.0251  0.0246  0.0247  0.0245  0.0248  0.0244  0.0246
registration optimization eta report
parameter search radius
    0.8000    0.8000    0.8000    2.4000    2.4000    2.7600
    2.4000    2.4000    2.4000    2.4000    2.4000    2.4000
100000*second partial in parameter space
       48.       54.       43.        2.       10.       12.
        5.        7.        4.        8.        3.        5.
  0.0246  0.0246  0.0246  0.0244  0.0249  0.0253  0.0245  0.0247  0.0245  0.0247  0.0245  0.0245
  0.0245  0.0245  0.0244  0.0244  0.0246  0.0249  0.0244  0.0245  0.0244  0.0245  0.0244  0.0244
  0.0244  0.0243  0.0244  0.0243  0.0244  0.0245  0.0243  0.0243  0.0243  0.0243  0.0243  0.0243
  0.0243  0.0243  0.0243  0.0243  0.0243  0.0243  0.0243  0.0243  0.0243  0.0243  0.0243  0.0243
  0.0244  0.0244  0.0243  0.0243  0.0244  0.0243  0.0243  0.0243  0.0243  0.0243  0.0243  0.0243
  0.0245  0.0245  0.0244  0.0244  0.0245  0.0245  0.0244  0.0245  0.0244  0.0245  0.0244  0.0244
  0.0246  0.0247  0.0246  0.0245  0.0249  0.0251  0.0246  0.0247  0.0245  0.0248  0.0244  0.0246
    0.9163   -7.3694   10.0151   -7.1257  -18.2961  -17.8619
   -1.5398   20.6646    3.2426   -8.1169  -18.9583    3.7687
eta,q 0.97571 12.62242

---------------------------------------------------------------------
imgreg_4dfp /opt/freesurfer/average/711-2C_as_mni_average_305 /opt/freesurfer/average/711-2B_as_mni_average_305_mask talsrcimg_g11 none talsrcimg_to_711-2C_as_mni_average_305_t4 2311
---------------------------------------------------------------------

freesurfer imgreg_4dfp.c
/opt/freesurfer/average/711-2C_as_mni_average_305.4dfp.img
       256       256       256         1
  1.000000  1.000000  1.000000
orientation T byte_order littleendian
Reading image: /opt/freesurfer/average/711-2C_as_mni_average_305.4dfp.img
dimensions:      256       256       256
mmppix:       1.0000   -1.0000   -1.0000
center:     128.0000 -129.0000 -129.0000
/opt/freesurfer/average/711-2B_as_mni_average_305_mask.4dfp.img
       256       256       256         1
  1.000000  1.000000  1.000000
orientation T byte_order littleendian
Reading mask: /opt/freesurfer/average/711-2B_as_mni_average_305_mask.4dfp.img (2306576 pixels)
talsrcimg_g11.4dfp.img
       256       256       256         1
  1.000000  1.000000  1.000000
orientation T byte_order littleendian
Reading image: talsrcimg_g11.4dfp.img
dimensions:      256       256       256
mmppix:       1.0000   -1.0000   -1.0000
center:     128.0000 -129.0000 -129.0000
fimgreg.f
image alignment mode   2311 decimal      907 hex
parameters
    0.9163   -7.3694   10.0151   -7.1257  -18.2961  -17.8619
   -1.5398   20.6646    3.2426   -8.1169  -18.9583    3.7687
eta,q 0.97571 12.62241
niter,ni,del,rscale     5    3    5.0000    0.8000
parameters
    0.9074   -7.3940    9.9795   -7.0357  -18.6720  -18.4630
   -1.4753   20.6229    3.1876   -8.1230  -19.1229    4.0939
eta,q 0.97559 12.59491
  0.0255  0.0256  0.0254  0.0248  0.0259  0.0261  0.0254  0.0259  0.0251  0.0260  0.0251  0.0255
  0.0248  0.0249  0.0248  0.0245  0.0252  0.0254  0.0249  0.0251  0.0247  0.0252  0.0247  0.0250
  0.0244  0.0244  0.0244  0.0243  0.0246  0.0247  0.0245  0.0246  0.0245  0.0247  0.0245  0.0246
  0.0243  0.0243  0.0243  0.0243  0.0243  0.0243  0.0244  0.0244  0.0244  0.0244  0.0244  0.0244
  0.0244  0.0245  0.0244  0.0243  0.0245  0.0245  0.0245  0.0246  0.0245  0.0246  0.0245  0.0245
  0.0248  0.0249  0.0248  0.0245  0.0254  0.0258  0.0249  0.0252  0.0248  0.0252  0.0248  0.0247
  0.0255  0.0257  0.0255  0.0248  0.0268  0.0281  0.0254  0.0259  0.0252  0.0261  0.0251  0.0253
niter,ni,del,rscale     4    3    5.0000    0.7000
parameters
    0.9323   -7.3516   10.0394   -6.9752  -18.6066  -18.3848
   -1.4513   20.5860    3.2518   -8.2063  -19.1360    4.0495
eta,q 0.97561 12.60049
  0.0254  0.0255  0.0252  0.0248  0.0259  0.0261  0.0252  0.0256  0.0250  0.0256  0.0249  0.0251
  0.0248  0.0249  0.0248  0.0246  0.0253  0.0255  0.0247  0.0249  0.0247  0.0250  0.0246  0.0247
  0.0245  0.0245  0.0245  0.0244  0.0247  0.0249  0.0245  0.0245  0.0245  0.0246  0.0244  0.0245
  0.0244  0.0244  0.0244  0.0244  0.0244  0.0244  0.0244  0.0244  0.0244  0.0244  0.0244  0.0244
  0.0245  0.0245  0.0245  0.0245  0.0245  0.0243  0.0245  0.0245  0.0244  0.0245  0.0245  0.0245
  0.0248  0.0248  0.0247  0.0246  0.0250  0.0249  0.0247  0.0250  0.0246  0.0250  0.0246  0.0247
  0.0253  0.0253  0.0251  0.0248  0.0260  0.0264  0.0252  0.0256  0.0249  0.0257  0.0249  0.0252
niter,ni,del,rscale     3    3    5.0000    0.6000
parameters
    0.9399   -7.3718   10.0507   -7.0500  -18.4915  -18.1614
   -1.4955   20.6149    3.2451   -8.2148  -19.0553    3.9608
eta,q 0.97566 12.60841
  0.0251  0.0251  0.0250  0.0247  0.0256  0.0258  0.0249  0.0253  0.0248  0.0253  0.0248  0.0249
  0.0247  0.0247  0.0247  0.0245  0.0250  0.0253  0.0246  0.0247  0.0245  0.0248  0.0245  0.0246
  0.0245  0.0245  0.0245  0.0244  0.0246  0.0247  0.0244  0.0244  0.0244  0.0245  0.0244  0.0244
  0.0244  0.0244  0.0244  0.0244  0.0244  0.0244  0.0243  0.0243  0.0243  0.0243  0.0243  0.0243
  0.0245  0.0245  0.0244  0.0244  0.0244  0.0243  0.0244  0.0244  0.0244  0.0244  0.0244  0.0244
  0.0247  0.0247  0.0246  0.0245  0.0248  0.0247  0.0246  0.0247  0.0245  0.0248  0.0245  0.0246
  0.0251  0.0252  0.0250  0.0247  0.0256  0.0258  0.0249  0.0252  0.0248  0.0253  0.0247  0.0249
niter,ni,del,rscale     2    3    5.0000    0.5000
parameters
    0.9296   -7.3930   10.0449   -7.1426  -18.3957  -17.9354
   -1.5306   20.6396    3.2075   -8.1946  -18.9332    3.8718
eta,q 0.97570 12.61431
  0.0248  0.0248  0.0248  0.0245  0.0252  0.0254  0.0247  0.0249  0.0246  0.0250  0.0246  0.0247
  0.0245  0.0246  0.0245  0.0244  0.0248  0.0250  0.0245  0.0246  0.0244  0.0246  0.0244  0.0245
  0.0244  0.0244  0.0244  0.0244  0.0245  0.0246  0.0243  0.0244  0.0243  0.0244  0.0243  0.0243
  0.0243  0.0243  0.0243  0.0243  0.0243  0.0243  0.0243  0.0243  0.0243  0.0243  0.0243  0.0243
  0.0244  0.0244  0.0244  0.0244  0.0244  0.0243  0.0243  0.0244  0.0243  0.0244  0.0243  0.0244
  0.0246  0.0246  0.0245  0.0244  0.0247  0.0246  0.0245  0.0246  0.0244  0.0246  0.0244  0.0245
  0.0248  0.0249  0.0248  0.0245  0.0252  0.0253  0.0247  0.0249  0.0246  0.0250  0.0246  0.0247
niter,ni,del,rscale     1    3    5.0000    0.4000
parameters
    0.9155   -7.4042   10.0349   -7.1724  -18.3220  -17.7516
   -1.5532   20.6605    3.1527   -8.1539  -18.8483    3.7851
eta,q 0.97572 12.62150
  0.0246  0.0246  0.0246  0.0244  0.0249  0.0251  0.0245  0.0247  0.0245  0.0248  0.0245  0.0245
  0.0244  0.0244  0.0244  0.0243  0.0246  0.0247  0.0244  0.0245  0.0244  0.0245  0.0244  0.0244
  0.0243  0.0243  0.0243  0.0243  0.0244  0.0245  0.0243  0.0243  0.0243  0.0243  0.0243  0.0243
  0.0243  0.0243  0.0243  0.0243  0.0243  0.0243  0.0243  0.0243  0.0243  0.0243  0.0243  0.0243
  0.0243  0.0243  0.0243  0.0243  0.0243  0.0243  0.0243  0.0243  0.0243  0.0243  0.0243  0.0243
  0.0244  0.0245  0.0244  0.0244  0.0245  0.0245  0.0244  0.0245  0.0244  0.0245  0.0244  0.0244
  0.0246  0.0247  0.0246  0.0244  0.0249  0.0249  0.0245  0.0247  0.0245  0.0247  0.0244  0.0246
registration optimization eta report
parameter search radius
    0.8000    0.8000    0.8000    2.4000    2.4000    2.4000
    2.4000    2.4000    2.4000    2.4000    2.4000    2.4000
100000*second partial in parameter space
       49.       54.       44.        2.       10.       12.
        5.        7.        3.        8.        3.        5.
  0.0246  0.0246  0.0246  0.0244  0.0249  0.0251  0.0245  0.0247  0.0245  0.0248  0.0245  0.0245
  0.0244  0.0244  0.0244  0.0243  0.0246  0.0247  0.0244  0.0245  0.0244  0.0245  0.0244  0.0244
  0.0243  0.0243  0.0243  0.0243  0.0244  0.0245  0.0243  0.0243  0.0243  0.0243  0.0243  0.0243
  0.0243  0.0243  0.0243  0.0243  0.0243  0.0243  0.0243  0.0243  0.0243  0.0243  0.0243  0.0243
  0.0243  0.0243  0.0243  0.0243  0.0243  0.0243  0.0243  0.0243  0.0243  0.0243  0.0243  0.0243
  0.0244  0.0245  0.0244  0.0244  0.0245  0.0245  0.0244  0.0245  0.0244  0.0245  0.0244  0.0244
  0.0246  0.0247  0.0246  0.0244  0.0249  0.0249  0.0245  0.0247  0.0245  0.0247  0.0244  0.0246
    0.9155   -7.4042   10.0349   -7.1724  -18.3220  -17.7516
   -1.5532   20.6605    3.1527   -8.1539  -18.8483    3.7851
eta,q 0.97572 12.62150

---------------------------------------------------------------------
compute_vox2vox talsrcimg talsrcimg_to_711-2C_as_mni_average_305_t4 /opt/freesurfer/average/711-2C_as_mni_average_305
---------------------------------------------------------------------

freesurfer compute_vox2vox.c
Reading: talsrcimg.4dfp.ifh
Reading: talsrcimg_to_711-2C_as_mni_average_305_t4
Reading: /opt/freesurfer/average/711-2C_as_mni_average_305.4dfp.ifh
Writing: talsrcimg_to_711-2C_as_mni_average_305_t4_vox2vox.txt

start time Sun Mar 8 23:47:05 CET 2026
end		time Sun Mar 8 23:47:20 CET 2026

mpr2mni305 success

avi2talxfm orig_nu.mgz /opt/freesurfer/average/mni305.cor.mgz talsrcimg_to_711-2C_as_mni_average_305_t4_vox2vox.txt transforms/talairach.auto.xfm
avi2talxfm done
mv -f /out/sourcedata/freesurfer/sub-v1s16x0051184_ses-1/mri/talsrcimg_to_711-2C_as_mni_average_305_t4_vox2vox.txt /out/sourcedata/freesurfer/sub-v1s16x0051184_ses-1/mri/transforms/talsrcimg_to_711-2C_as_mni_average_305_t4_vox2vox.txt
lta_convert --src orig_nu.mgz --trg /opt/freesurfer/average/mni305.cor.mgz --inxfm transforms/talairach.auto.xfm --outlta transforms/talairach.auto.xfm.lta --subject fsaverage
7.3.2

--src: orig_nu.mgz src image (geometry).
--trg: /opt/freesurfer/average/mni305.cor.mgz trg image (geometry).
--inmni: transforms/talairach.auto.xfm input MNI/XFM transform.
--outlta: transforms/talairach.auto.xfm.lta output LTA.
--s: fsaverage subject name
 LTA read, type : 1
 1.02457  -0.25427   0.03127  -1.12323;
 0.23553   1.15182  -0.04890  -2.02510;
-0.01603   0.12480   1.21823   5.61703;
 0.00000   0.00000   0.00000   1.00000;
setting subject to fsaverage
Writing  LTA to file transforms/talairach.auto.xfm.lta...
lta_convert successful.
 
 
Started at Sun Mar 8 23:47:05 CET 2026
Ended   at Sun Mar  8 23:47:20 CET 2026
talairach_avi done
