status file for recon-all
Mon Mar  9 01:05:05 CET 2026
#@# Tessellate lh Mon Mar  9 01:05:05 CET 2026
#@# Smooth1 lh Mon Mar  9 01:05:07 CET 2026
#@# Inflation1 lh Mon Mar  9 01:05:09 CET 2026
#@# QSphere lh Mon Mar  9 01:05:16 CET 2026
#@# Fix Topology lh Mon Mar  9 01:05:52 CET 2026
#@# Smooth2 lh Mon Mar  9 01:10:54 CET 2026
#@# Inflation2 lh Mon Mar  9 01:10:56 CET 2026
#@# Curv .H and .K lh Mon Mar  9 01:11:02 CET 2026
#@# Sphere lh Mon Mar  9 01:11:35 CET 2026
#@# Surf Reg lh Mon Mar  9 01:13:56 CET 2026
#@# Jacobian white lh Mon Mar  9 01:16:16 CET 2026
#@# AvgCurv lh Mon Mar  9 01:16:17 CET 2026
#@# Cortical Parc lh Mon Mar  9 01:16:17 CET 2026
#@# white curv lh Mon Mar  9 01:20:56 CET 2026
#@# white area lh Mon Mar  9 01:20:57 CET 2026
#@# pial curv lh Mon Mar  9 01:20:57 CET 2026
#@# pial area lh Mon Mar  9 01:20:58 CET 2026
#@# thickness lh Mon Mar  9 01:20:58 CET 2026
#@# area and vertex vol lh Mon Mar  9 01:21:15 CET 2026
#@# Curvature Stats lh Mon Mar  9 01:21:15 CET 2026
#@# Cortical Parc 2 lh Mon Mar  9 01:21:17 CET 2026
#@# Cortical Parc 3 lh Mon Mar  9 01:21:25 CET 2026
#@# WM/GM Contrast lh Mon Mar  9 01:21:31 CET 2026
recon-all -s sub-v1s16x0051185_ses-1 finished without error at Mon Mar  9 01:21:33 CET 2026



#New# invocation of recon-all 



status file for recon-all
Mon Mar  9 01:40:23 CET 2026
#@# white curv lh Mon Mar  9 01:40:23 CET 2026
#@# white area lh Mon Mar  9 01:40:23 CET 2026
#@# pial curv lh Mon Mar  9 01:40:23 CET 2026
#@# pial area lh Mon Mar  9 01:40:23 CET 2026
#@# thickness lh Mon Mar  9 01:40:23 CET 2026
#@# area and vertex vol lh Mon Mar  9 01:40:23 CET 2026
#@# Parcellation Stats lh Mon Mar  9 01:40:23 CET 2026
#@# Parcellation Stats 2 lh Mon Mar  9 01:40:34 CET 2026
#@# Parcellation Stats 3 lh Mon Mar  9 01:40:39 CET 2026
#@# BA_exvivo Labels lh Mon Mar  9 01:40:45 CET 2026
recon-all -s sub-v1s16x0051185_ses-1 finished without error at Mon Mar  9 01:42:17 CET 2026
