status file for recon-all
Sun Mar  8 23:45:18 CET 2026
#@# MotionCor Sun Mar  8 23:45:19 CET 2026
#@# Talairach Sun Mar  8 23:45:24 CET 2026
#@# Talairach Failure Detection Sun Mar  8 23:48:14 CET 2026
#@# Nu Intensity Correction Sun Mar  8 23:48:14 CET 2026
#@# Intensity Normalization Sun Mar  8 23:50:59 CET 2026
recon-all -s sub-v1s16x0051185_ses-1 finished without error at Sun Mar  8 23:52:01 CET 2026



#New# invocation of recon-all 



status file for recon-all
Sun Mar  8 23:57:40 CET 2026
#@# EM Registration Sun Mar  8 23:57:40 CET 2026
recon-all -s sub-v1s16x0051185_ses-1 finished without error at Sun Mar  8 23:58:47 CET 2026



#New# invocation of recon-all 



status file for recon-all
Sun Mar  8 23:58:52 CET 2026
#@# CA Normalize Sun Mar  8 23:58:52 CET 2026
#@# CA Reg Sun Mar  8 23:59:46 CET 2026
#@# SubCort Seg Mon Mar  9 00:38:37 CET 2026
#@# CC Seg Mon Mar  9 00:59:50 CET 2026
#@# Merge ASeg Mon Mar  9 01:01:21 CET 2026
#@# Intensity Normalization2 Mon Mar  9 01:01:21 CET 2026
#@# Mask BFS Mon Mar  9 01:02:49 CET 2026
#@# WM Segmentation Mon Mar  9 01:02:50 CET 2026
#@# Fill Mon Mar  9 01:04:25 CET 2026
recon-all -s sub-v1s16x0051185_ses-1 finished without error at Mon Mar  9 01:05:02 CET 2026



#New# invocation of recon-all 



status file for recon-all
Mon Mar  9 01:36:34 CET 2026
#@# white curv lh Mon Mar  9 01:36:34 CET 2026
#@# white area lh Mon Mar  9 01:36:34 CET 2026
#@# pial curv lh Mon Mar  9 01:36:34 CET 2026
#@# pial area lh Mon Mar  9 01:36:34 CET 2026
#@# thickness lh Mon Mar  9 01:36:34 CET 2026
#@# area and vertex vol lh Mon Mar  9 01:36:34 CET 2026
#@# white curv rh Mon Mar  9 01:36:34 CET 2026
#@# white area rh Mon Mar  9 01:36:34 CET 2026
#@# pial curv rh Mon Mar  9 01:36:34 CET 2026
#@# pial area rh Mon Mar  9 01:36:34 CET 2026
#@# thickness rh Mon Mar  9 01:36:34 CET 2026
#@# area and vertex vol rh Mon Mar  9 01:36:34 CET 2026
#@# Cortical ribbon mask Mon Mar  9 01:36:34 CET 2026
recon-all -s sub-v1s16x0051185_ses-1 finished without error at Mon Mar  9 01:40:19 CET 2026



#New# invocation of recon-all 



status file for recon-all
Mon Mar  9 01:44:21 CET 2026
#@# white curv lh Mon Mar  9 01:44:21 CET 2026
#@# white area lh Mon Mar  9 01:44:21 CET 2026
#@# pial curv lh Mon Mar  9 01:44:21 CET 2026
#@# pial area lh Mon Mar  9 01:44:21 CET 2026
#@# thickness lh Mon Mar  9 01:44:21 CET 2026
#@# area and vertex vol lh Mon Mar  9 01:44:21 CET 2026
#@# white curv rh Mon Mar  9 01:44:21 CET 2026
#@# white area rh Mon Mar  9 01:44:21 CET 2026
#@# pial curv rh Mon Mar  9 01:44:21 CET 2026
#@# pial area rh Mon Mar  9 01:44:21 CET 2026
#@# thickness rh Mon Mar  9 01:44:21 CET 2026
#@# area and vertex vol rh Mon Mar  9 01:44:21 CET 2026
#@# Curvature Stats lh Mon Mar  9 01:44:21 CET 2026
#@# Curvature Stats rh Mon Mar  9 01:44:23 CET 2026
#@# Relabel Hypointensities Mon Mar  9 01:44:24 CET 2026
#@# APas-to-ASeg Mon Mar  9 01:44:35 CET 2026
#@# AParc-to-ASeg aparc Mon Mar  9 01:44:40 CET 2026
#@# AParc-to-ASeg aparc.a2009s Mon Mar  9 01:44:59 CET 2026
#@# AParc-to-ASeg aparc.DKTatlas Mon Mar  9 01:45:18 CET 2026
#@# WMParc Mon Mar  9 01:45:37 CET 2026
#@# ASeg Stats Mon Mar  9 01:47:20 CET 2026
recon-all -s sub-v1s16x0051185_ses-1 finished without error at Mon Mar  9 01:47:36 CET 2026
