/out/sourcedata/freesurfer/sub-v1s16x0051199_ses-1/mri
/opt/freesurfer/bin/talairach_avi
--i orig_nu.mgz --xfm transforms/talairach.auto.xfm
talairach_avi 7.3.2
Linux dna063 5.14.0-427.37.1.el9_4.x86_64 #1 SMP PREEMPT_DYNAMIC Fri Sep 13 12:41:50 EDT 2024 x86_64 x86_64 x86_64 GNU/Linux
Mon Mar  9 00:49:25 CET 2026
mri_convert orig_nu.mgz talsrcimg.img 
reading from orig_nu.mgz...
TR=0.00, TE=0.00, TI=0.00, flip angle=0.00
i_ras = (-1, 0, 0)
j_ras = (0, 0, -1)
k_ras = (0, 1, 0)
writing to talsrcimg.img...
Analyze Output Matrix
-1.00000   0.00000   0.00000   127.66822;
 0.00000   0.00000   1.00000  -114.73678;
 0.00000  -1.00000   0.00000   130.01920;
 0.00000   0.00000   0.00000   1.00000;
--------------------
INFO: set hdr.hist.orient to -1
mpr2mni305 talsrcimg
Mon Mar  9 00:49:25 CET 2026
/opt/freesurfer/bin/mpr2mni305 talsrcimg
mpr2mni305 7.3.2
target=711-2C_as_mni_average_305

---------------------------------------------------------------------
analyzeto4dfp talsrcimg -O0 -y
---------------------------------------------------------------------

freesurfer ifh2hdr.c
Mon Mar  9 00:49:25 2026
Writing: talsrcimg.4dfp.hdr
freesurfer analyzeto4dfp.c
Reading: talsrcimg.hdr
header size 348 bytes
hdr.dime.datatype	offset=70	value=2
hdr.dime.bitpix		offset=72	value=8
hdr.hist.orient		offset=252	value=-1
dimensionality     4
dimensions       256       256       256         1
Reading: talsrcimg.img
Writing: talsrcimg.4dfp.img
Writing: talsrcimg.4dfp.ifh
ifh2hdr talsrcimg -r0to219
ori=2

---------------------------------------------------------------------
gauss_4dfp talsrcimg 1.1
---------------------------------------------------------------------

freesurfer gauss_4dfp.c
Reading: talsrcimg.4dfp.img
Writing: talsrcimg_g11.4dfp.img
image dimensions 256 256 256 padded to 288 288 288
processing volume 1freesurfer ifh2hdr.c
Mon Mar  9 00:49:27 2026
Writing: talsrcimg_g11.4dfp.hdr

Writing: talsrcimg_g11.4dfp.ifh
including: talsrcimg.4dfp.img.rec in talsrcimg_g11.4dfp.img.rec

---------------------------------------------------------------------
imgreg_4dfp /opt/freesurfer/average/711-2C_as_mni_average_305 none talsrcimg_g11 none talsrcimg_to_711-2C_as_mni_average_305_t4 4355
---------------------------------------------------------------------

freesurfer imgreg_4dfp.c
/opt/freesurfer/average/711-2C_as_mni_average_305.4dfp.img
       256       256       256         1
  1.000000  1.000000  1.000000
orientation T byte_order littleendian
Reading image: /opt/freesurfer/average/711-2C_as_mni_average_305.4dfp.img
dimensions:      256       256       256
mmppix:       1.0000   -1.0000   -1.0000
center:     128.0000 -129.0000 -129.0000
talsrcimg_g11.4dfp.img
       256       256       256         1
  1.000000  1.000000  1.000000
orientation T byte_order littleendian
Reading image: talsrcimg_g11.4dfp.img
dimensions:      256       256       256
mmppix:       1.0000   -1.0000   -1.0000
center:     128.0000 -129.0000 -129.0000
t4_read: open error in t4_sub.f l:  41 t4_file(1:l)talsrcimg_to_711-2C_as_mni_average_305_t4 
t4_read: transform initialized to I4
rotation matrix determinant  1.000000
image alignment mode   4355 decimal     1103 hex
   -7.5000  -45.0000  -45.0000 6556.5464   23.7984
    0.0000  -45.0000  -45.0000 6867.8633   23.8256
    7.5000  -45.0000  -45.0000 6630.1372   23.8802
   -7.5000  -37.5000  -45.0000 7076.5474   23.4563
    0.0000  -37.5000  -45.0000 7422.7725   23.4782
    7.5000  -37.5000  -45.0000 7159.0049   23.5196
   -7.5000  -30.0000  -45.0000 7869.1348   23.3000
    0.0000  -30.0000  -45.0000 8256.1875   23.3074
    7.5000  -30.0000  -45.0000 7976.1777   23.3286
   -7.5000  -22.5000  -45.0000 8738.1035   23.2874
    0.0000  -22.5000  -45.0000 9173.7617   23.2852
    7.5000  -22.5000  -45.0000 8860.0889   23.2993
   -7.5000  -15.0000  -45.0000 9514.0908   23.3171
    0.0000  -15.0000  -45.0000 9982.1240   23.3185
    7.5000  -15.0000  -45.0000 9658.5273   23.3440
   -7.5000   -7.5000  -45.000010190.2754   23.3629
    0.0000   -7.5000  -45.000010709.9268   23.3797
    7.5000   -7.5000  -45.000010354.2578   23.4247
   -7.5000    0.0000  -45.000010714.5264   23.3790
    0.0000    0.0000  -45.000011269.4639   23.4069
    7.5000    0.0000  -45.000010875.8213   23.4607
   -7.5000    7.5000  -45.000010530.9775   23.3356
    0.0000    7.5000  -45.000011062.7441   23.3576
    7.5000    7.5000  -45.000010656.6533   23.3984
   -7.5000   15.0000  -45.000010295.8408   23.2899
    0.0000   15.0000  -45.000010818.7256   23.2971
    7.5000   15.0000  -45.000010433.2998   23.3178
   -7.5000   22.5000  -45.000010045.3418   23.2842
    0.0000   22.5000  -45.000010543.6387   23.2820
    7.5000   22.5000  -45.000010176.6992   23.2961
   -7.5000   30.0000  -45.0000 9682.0723   23.0064
    0.0000   30.0000  -45.000010156.7607   23.0078
    7.5000   30.0000  -45.0000 9802.0752   23.0329
   -7.5000   37.5000  -45.0000 9447.9736   23.0515
    0.0000   37.5000  -45.0000 9860.7217   23.0681
    7.5000   37.5000  -45.0000 9506.1328   23.1125
   -7.5000   45.0000  -45.0000 8547.1123   22.4817
    0.0000   45.0000  -45.0000 8956.1836   22.5086
    7.5000   45.0000  -45.0000 8609.9434   22.5602
   -7.5000  -45.0000  -37.5000 6960.5713   23.4652
    0.0000  -45.0000  -37.5000 7281.9634   23.4786
    7.5000  -45.0000  -37.5000 7052.6196   23.5427
   -7.5000  -37.5000  -37.5000 7537.5972   23.1159
    0.0000  -37.5000  -37.5000 7904.8403   23.1271
    7.5000  -37.5000  -37.5000 7630.1665   23.1802
   -7.5000  -30.0000  -37.5000 8410.9648   22.9741
    0.0000  -30.0000  -37.5000 8841.2285   22.9749
    7.5000  -30.0000  -37.5000 8525.1768   23.0069
   -7.5000  -22.5000  -37.5000 9341.6104   22.9871
    0.0000  -22.5000  -37.5000 9838.6270   22.9795
    7.5000  -22.5000  -37.5000 9451.9668   23.0011
   -7.5000  -15.0000  -37.500010130.8555   23.0305
    0.0000  -15.0000  -37.500010707.8789   23.0243
    7.5000  -15.0000  -37.500010284.5176   23.0555
   -7.5000   -7.5000  -37.500010864.2969   23.0630
    0.0000   -7.5000  -37.500011461.8418   23.0682
    7.5000   -7.5000  -37.500010995.4375   23.1199
   -7.5000    0.0000  -37.500011417.3096   23.0529
    0.0000    0.0000  -37.500012073.1992   23.0676
    7.5000    0.0000  -37.500011576.5732   23.1305
   -7.5000    7.5000  -37.500011172.5439   22.9974
    0.0000    7.5000  -37.500011815.9717   23.0089
    7.5000    7.5000  -37.500011337.5137   23.0611
   -7.5000   15.0000  -37.500010906.9717   22.9641
    0.0000   15.0000  -37.500011495.4785   22.9648
    7.5000   15.0000  -37.500011056.7588   22.9963
   -7.5000   22.5000  -37.500010617.7090   22.9839
    0.0000   22.5000  -37.500011183.8135   22.9764
    7.5000   22.5000  -37.500010768.0361   22.9979
   -7.5000   30.0000  -37.500010238.2861   22.7236
    0.0000   30.0000  -37.500010773.6641   22.7175
    7.5000   30.0000  -37.500010362.0361   22.7482
   -7.5000   37.5000  -37.5000 9966.9590   22.7556
    0.0000   37.5000  -37.500010463.2520   22.7608
    7.5000   37.5000  -37.500010019.7627   22.8118
   -7.5000   45.0000  -37.5000 8997.9053   22.1682
    0.0000   45.0000  -37.5000 9450.0137   22.1822
    7.5000   45.0000  -37.5000 9032.8809   22.2427
   -7.5000  -45.0000  -30.0000 7537.3174   24.3186
    0.0000  -45.0000  -30.0000 7912.5034   24.3189
    7.5000  -45.0000  -30.0000 7630.1987   24.3817
   -7.5000  -37.5000  -30.0000 8175.1523   23.9340
    0.0000  -37.5000  -30.0000 8599.0977   23.9408
    7.5000  -37.5000  -30.0000 8275.3818   23.9994
   -7.5000  -30.0000  -30.0000 9151.0752   23.7817
    0.0000  -30.0000  -30.0000 9655.9600   23.7865
    7.5000  -30.0000  -30.0000 9245.8496   23.8289
   -7.5000  -22.5000  -30.000010133.3252   23.8130
    0.0000  -22.5000  -30.000010717.3369   23.8089
    7.5000  -22.5000  -30.000010252.0840   23.8394
   -7.5000  -15.0000  -30.000010993.5078   23.8801
    0.0000  -15.0000  -30.000011655.7207   23.8698
    7.5000  -15.0000  -30.000011124.8965   23.9042
   -7.5000   -7.5000  -30.000011758.2734   23.9180
    0.0000   -7.5000  -30.000012435.4463   23.9114
    7.5000   -7.5000  -30.000011874.5400   23.9612
   -7.5000    0.0000  -30.000012357.0781   23.8908
    0.0000    0.0000  -30.000013132.1670   23.8928
    7.5000    0.0000  -30.000012518.3906   23.9544
   -7.5000    7.5000  -30.000012114.4814   23.8112
    0.0000    7.5000  -30.000012871.6992   23.8183
    7.5000    7.5000  -30.000012290.1260   23.8758
   -7.5000   15.0000  -30.000011751.2559   23.7714
    0.0000   15.0000  -30.000012491.8662   23.7760
    7.5000   15.0000  -30.000011951.0752   23.8179
   -7.5000   22.5000  -30.000011419.0400   23.8073
    0.0000   22.5000  -30.000012110.9355   23.8031
    7.5000   22.5000  -30.000011577.8271   23.8337
   -7.5000   30.0000  -30.000010984.0479   23.5641
    0.0000   30.0000  -30.000011624.6084   23.5540
    7.5000   30.0000  -30.000011127.7402   23.5879
   -7.5000   37.5000  -30.000010668.2471   23.6015
    0.0000   37.5000  -30.000011249.6543   23.5951
    7.5000   37.5000  -30.000010740.3477   23.6441
   -7.5000   45.0000  -30.0000 9638.6152   22.9908
    0.0000   45.0000  -30.000010134.2529   22.9926
    7.5000   45.0000  -30.0000 9672.5420   23.0519
   -7.5000  -45.0000  -22.5000 8173.6978   25.1473
    0.0000  -45.0000  -22.5000 8600.5547   25.1490
    7.5000  -45.0000  -22.5000 8273.6416   25.1985
   -7.5000  -37.5000  -22.5000 8855.0000   24.7434
    0.0000  -37.5000  -22.5000 9341.4658   24.7586
    7.5000  -37.5000  -22.5000 8958.6885   24.8110
   -7.5000  -30.0000  -22.5000 9892.7549   24.5693
    0.0000  -30.0000  -22.500010457.1562   24.5877
    7.5000  -30.0000  -22.500010007.5039   24.6315
   -7.5000  -22.5000  -22.500010925.1426   24.5922
    0.0000  -22.5000  -22.500011567.1475   24.5996
    7.5000  -22.5000  -22.500011060.4502   24.6325
   -7.5000  -15.0000  -22.500011847.7920   24.6677
    0.0000  -15.0000  -22.500012570.7695   24.6622
    7.5000  -15.0000  -22.500011988.7148   24.6928
   -7.5000   -7.5000  -22.500012646.8926   24.7233
    0.0000   -7.5000  -22.500013427.6016   24.7165
    7.5000   -7.5000  -22.500012792.2559   24.7548
   -7.5000    0.0000  -22.500013338.2051   24.7056
    0.0000    0.0000  -22.500014230.6484   24.7088
    7.5000    0.0000  -22.500013521.7539   24.7575
   -7.5000    7.5000  -22.500013093.5596   24.6162
    0.0000    7.5000  -22.500013972.2188   24.6316
    7.5000    7.5000  -22.500013282.5488   24.6830
   -7.5000   15.0000  -22.500012672.5371   24.5586
    0.0000   15.0000  -22.500013534.5693   24.5768
    7.5000   15.0000  -22.500012876.1201   24.6201
   -7.5000   22.5000  -22.500012259.9385   24.5846
    0.0000   22.5000  -22.500013085.4043   24.5920
    7.5000   22.5000  -22.500012440.3887   24.6249
   -7.5000   30.0000  -22.500011754.4062   24.3451
    0.0000   30.0000  -22.500012530.5596   24.3396
    7.5000   30.0000  -22.500011933.8047   24.3698
   -7.5000   37.5000  -22.500011396.7822   24.3999
    0.0000   37.5000  -22.500012086.8535   24.3932
    7.5000   37.5000  -22.500011495.8730   24.4310
   -7.5000   45.0000  -22.500010309.9717   23.7927
    0.0000   45.0000  -22.500010903.2100   23.7958
    7.5000   45.0000  -22.500010365.5342   23.8427
   -7.5000  -45.0000  -15.0000 8837.5938   25.7517
    0.0000  -45.0000  -15.0000 9304.3408   25.7666
    7.5000  -45.0000  -15.0000 8949.8232   25.8035
   -7.5000  -37.5000  -15.0000 9556.8809   25.3507
    0.0000  -37.5000  -15.000010097.2295   25.3775
    7.5000  -37.5000  -15.0000 9675.6572   25.4183
   -7.5000  -30.0000  -15.000010610.3359   25.1580
    0.0000  -30.0000  -15.000011218.2998   25.1852
    7.5000  -30.0000  -15.000010753.1543   25.2203
   -7.5000  -22.5000  -15.000011699.7480   25.1551
    0.0000  -22.5000  -15.000012385.4971   25.1694
    7.5000  -22.5000  -15.000011826.6025   25.1958
   -7.5000  -15.0000  -15.000012665.5674   25.2192
    0.0000  -15.0000  -15.000013457.4863   25.2210
    7.5000  -15.0000  -15.000012836.7305   25.2446
   -7.5000   -7.5000  -15.000013562.7461   25.2904
    0.0000   -7.5000  -15.000014430.9131   25.2942
    7.5000   -7.5000  -15.000013737.6396   25.3224
   -7.5000    0.0000  -15.000014288.4688   25.2994
    0.0000    0.0000  -15.000015294.6387   25.3154
    7.5000    0.0000  -15.000014523.1416   25.3518
   -7.5000    7.5000  -15.000014007.4219   25.2199
    0.0000    7.5000  -15.000015002.2354   25.2468
    7.5000    7.5000  -15.000014232.8711   25.2868
   -7.5000   15.0000  -15.000013560.1826   25.1471
    0.0000   15.0000  -15.000014553.5381   25.1740
    7.5000   15.0000  -15.000013819.9043   25.2086
   -7.5000   22.5000  -15.000013137.4258   25.1462
    0.0000   22.5000  -15.000014097.6035   25.1605
    7.5000   22.5000  -15.000013358.6885   25.1869
   -7.5000   30.0000  -15.000012546.0010   24.8928
    0.0000   30.0000  -15.000013460.7383   24.8946
    7.5000   30.0000  -15.000012752.4043   24.9179
   -7.5000   37.5000  -15.000012107.5400   24.9631
    0.0000   37.5000  -15.000012930.9033   24.9668
    7.5000   37.5000  -15.000012256.8008   24.9947
   -7.5000   45.0000  -15.000010982.8057   24.3792
    0.0000   45.0000  -15.000011692.8662   24.3947
    7.5000   45.0000  -15.000011091.0557   24.4297
   -7.5000  -45.0000   -7.5000 9536.2695   26.0623
    0.0000  -45.0000   -7.500010044.9512   26.0899
    7.5000  -45.0000   -7.5000 9673.5283   26.1312
   -7.5000  -37.5000   -7.500010292.7881   25.6807
    0.0000  -37.5000   -7.500010866.1494   25.7104
    7.5000  -37.5000   -7.500010442.7754   25.7463
   -7.5000  -30.0000   -7.500011417.9717   25.4922
    0.0000  -30.0000   -7.500012016.9609   25.5125
    7.5000  -30.0000   -7.500011560.7490   25.5359
   -7.5000  -22.5000   -7.500012578.2227   25.4703
    0.0000  -22.5000   -7.500013244.8672   25.4782
    7.5000  -22.5000   -7.500012705.5977   25.4949
   -7.5000  -15.0000   -7.500013621.4316   25.5106
    0.0000  -15.0000   -7.500014412.7832   25.5148
    7.5000  -15.0000   -7.500013780.9541   25.5367
   -7.5000   -7.5000   -7.500014581.1465   25.5772
    0.0000   -7.5000   -7.500015535.7080   25.5922
    7.5000   -7.5000   -7.500014796.9883   25.6256
   -7.5000    0.0000   -7.500015361.7842   25.6040
    0.0000    0.0000   -7.500016452.0391   25.6323
    7.5000    0.0000   -7.500015651.5186   25.6730
   -7.5000    7.5000   -7.500014994.1572   25.5480
    0.0000    7.5000   -7.500016031.2773   25.5778
    7.5000    7.5000   -7.500015260.5322   25.6130
   -7.5000   15.0000   -7.500014517.9893   25.4812
    0.0000   15.0000   -7.500015554.6846   25.5013
    7.5000   15.0000   -7.500014800.1621   25.5241
   -7.5000   22.5000   -7.500014097.9492   25.4586
    0.0000   22.5000   -7.500015109.8271   25.4665
    7.5000   22.5000   -7.500014339.0146   25.4831
   -7.5000   30.0000   -7.500013437.3936   25.1798
    0.0000   30.0000   -7.500014397.4414   25.1839
    7.5000   30.0000   -7.500013628.7930   25.2055
   -7.5000   37.5000   -7.500012913.0947   25.2455
    0.0000   37.5000   -7.500013813.2568   25.2603
    7.5000   37.5000   -7.500013068.6836   25.2933
   -7.5000   45.0000   -7.500011697.9619   24.6774
    0.0000   45.0000   -7.500012520.9795   24.7047
    7.5000   45.0000   -7.500011835.2812   24.7440
   -7.5000  -45.0000    0.000010139.7461   26.1223
    0.0000  -45.0000    0.000010678.4521   26.1509
    7.5000  -45.0000    0.000010315.7412   26.2096
   -7.5000  -37.5000    0.000010948.7949   25.7502
    0.0000  -37.5000    0.000011519.7461   25.7737
    7.5000  -37.5000    0.000011103.9902   25.8184
   -7.5000  -30.0000    0.000012169.5850   25.5811
    0.0000  -30.0000    0.000012770.3955   25.5891
    7.5000  -30.0000    0.000012280.1377   25.6119
   -7.5000  -22.5000    0.000013374.4492   25.5674
    0.0000  -22.5000    0.000014009.7344   25.5645
    7.5000  -22.5000    0.000013477.8506   25.5794
   -7.5000  -15.0000    0.000014538.0723   25.5977
    0.0000  -15.0000    0.000015268.2910   25.5982
    7.5000  -15.0000    0.000014658.3359   25.6251
   -7.5000   -7.5000    0.000015613.4258   25.6451
    0.0000   -7.5000    0.000016565.0723   25.6622
    7.5000   -7.5000    0.000015822.5332   25.7102
   -7.5000    0.0000    0.000016454.3867   25.6623
    0.0000    0.0000    0.000017528.6367   25.6918
    7.5000    0.0000    0.000016706.3594   25.7494
   -7.5000    7.5000    0.000015993.7100   25.6175
    0.0000    7.5000    0.000017017.4121   25.6410
    7.5000    7.5000    0.000016206.4805   25.6849
   -7.5000   15.0000    0.000015476.0732   25.5701
    0.0000   15.0000    0.000016495.9668   25.5779
    7.5000   15.0000    0.000015690.6133   25.6001
   -7.5000   22.5000    0.000015042.9844   25.5556
    0.0000   22.5000    0.000015994.7539   25.5528
    7.5000   22.5000    0.000015222.0215   25.5676
   -7.5000   30.0000    0.000014264.0713   25.2664
    0.0000   30.0000    0.000015179.9395   25.2669
    7.5000   30.0000    0.000014406.3711   25.2935
   -7.5000   37.5000    0.000013687.8281   25.3132
    0.0000   37.5000    0.000014552.3672   25.3301
    7.5000   37.5000    0.000013842.7559   25.3774
   -7.5000   45.0000    0.000012362.3721   24.7355
    0.0000   45.0000    0.000013192.2666   24.7639
    7.5000   45.0000    0.000012508.2559   24.8195
   -7.5000  -45.0000    7.5000 9987.7031   26.1217
    0.0000  -45.0000    7.500010496.8076   26.1365
    7.5000  -45.0000    7.500010134.7842   26.2071
   -7.5000  -37.5000    7.500010753.8262   25.7318
    0.0000  -37.5000    7.500011254.0459   25.7443
    7.5000  -37.5000    7.500010876.6768   25.8027
   -7.5000  -30.0000    7.500011931.8096   25.5737
    0.0000  -30.0000    7.500012436.2354   25.5746
    7.5000  -30.0000    7.500012013.0332   25.6096
   -7.5000  -22.5000    7.500013120.2383   25.5885
    0.0000  -22.5000    7.500013661.9580   25.5800
    7.5000  -22.5000    7.500013203.8750   25.6035
   -7.5000  -15.0000    7.500014356.7207   25.6370
    0.0000  -15.0000    7.500014997.3359   25.6301
    7.5000  -15.0000    7.500014493.5986   25.6641
   -7.5000   -7.5000    7.500015558.7510   25.6731
    0.0000   -7.5000    7.500016455.9609   25.6789
    7.5000   -7.5000    7.500015724.6094   25.7356
   -7.5000    0.0000    7.500016416.5312   25.6616
    0.0000    0.0000    7.500017243.9102   25.6778
    7.5000    0.0000    7.500016486.4082   25.7471
   -7.5000    7.5000    7.500015931.5244   25.5996
    0.0000    7.5000    7.500016647.1973   25.6124
    7.5000    7.5000    7.500015987.0312   25.6698
   -7.5000   15.0000    7.500015462.7666   25.5627
    0.0000   15.0000    7.500016204.1074   25.5634
    7.5000   15.0000    7.500015574.7109   25.5979
   -7.5000   22.5000    7.500014991.4512   25.5767
    0.0000   22.5000    7.500015748.1045   25.5683
    7.5000   22.5000    7.500015117.9590   25.5917
   -7.5000   30.0000    7.500014128.6514   25.3052
    0.0000   30.0000    7.500014930.5869   25.2984
    7.5000   30.0000    7.500014243.4229   25.3320
   -7.5000   37.5000    7.500013500.0410   25.3408
    0.0000   37.5000    7.500014286.2490   25.3466
    7.5000   37.5000    7.500013654.2227   25.4026
   -7.5000   45.0000    7.500012209.3555   24.7348
    0.0000   45.0000    7.500012947.2637   24.7505
    7.5000   45.0000    7.500012331.1787   24.8172
   -7.5000  -45.0000   15.0000 9616.8281   26.1142
    0.0000  -45.0000   15.000010150.9287   26.1145
    7.5000  -45.0000   15.0000 9764.4609   26.1820
   -7.5000  -37.5000   15.000010378.3564   25.7012
    0.0000  -37.5000   15.000010882.1152   25.7085
    7.5000  -37.5000   15.000010480.0000   25.7714
   -7.5000  -30.0000   15.000011525.5000   25.5377
    0.0000  -30.0000   15.000011994.3662   25.5428
    7.5000  -30.0000   15.000011600.8604   25.5883
   -7.5000  -22.5000   15.000012721.9219   25.5713
    0.0000  -22.5000   15.000013144.1133   25.5668
    7.5000  -22.5000   15.000012800.0195   25.5996
   -7.5000  -15.0000   15.000013956.9268   25.6433
    0.0000  -15.0000   15.000014493.0557   25.6323
    7.5000  -15.0000   15.000014073.2900   25.6692
   -7.5000   -7.5000   15.000015164.4941   25.6840
    0.0000   -7.5000   15.000015837.6836   25.6770
    7.5000   -7.5000   15.000015301.5859   25.7304
   -7.5000    0.0000   15.000016146.9834   25.6548
    0.0000    0.0000   15.000016518.1953   25.6569
    7.5000    0.0000   15.000016111.1543   25.7231
   -7.5000    7.5000   15.000015749.3213   25.5693
    0.0000    7.5000   15.000016082.2490   25.5770
    7.5000    7.5000   15.000015696.9141   25.6387
   -7.5000   15.0000   15.000015301.3740   25.5266
    0.0000   15.0000   15.000015851.7051   25.5316
    7.5000   15.0000   15.000015352.4893   25.5765
   -7.5000   22.5000   15.000014756.1582   25.5595
    0.0000   22.5000   15.000015423.1445   25.5550
    7.5000   22.5000   15.000014822.2676   25.5878
   -7.5000   30.0000   15.000013819.3916   25.3114
    0.0000   30.0000   15.000014552.9258   25.3006
    7.5000   30.0000   15.000013877.9258   25.3370
   -7.5000   37.5000   15.000013081.3398   25.3516
    0.0000   37.5000   15.000013815.7930   25.3447
    7.5000   37.5000   15.000013164.1699   25.3974
   -7.5000   45.0000   15.000011834.5107   24.7283
    0.0000   45.0000   15.000012537.2578   24.7303
    7.5000   45.0000   15.000011902.2979   24.7941
   -7.5000  -45.0000   22.5000 9204.6650   26.1049
    0.0000  -45.0000   22.5000 9689.4941   26.1066
    7.5000  -45.0000   22.5000 9351.1416   26.1581
   -7.5000  -37.5000   22.5000 9921.8857   25.6857
    0.0000  -37.5000   22.500010374.7852   25.7014
    7.5000  -37.5000   22.500010051.6484   25.7558
   -7.5000  -30.0000   22.500011011.0146   25.5049
    0.0000  -30.0000   22.500011477.9355   25.5240
    7.5000  -30.0000   22.500011129.5898   25.5695
   -7.5000  -22.5000   22.500012138.0801   25.5286
    0.0000  -22.5000   22.500012620.4004   25.5364
    7.5000  -22.5000   22.500012250.9268   25.5705
   -7.5000  -15.0000   22.500013238.1289   25.6071
    0.0000  -15.0000   22.500013801.4277   25.6013
    7.5000  -15.0000   22.500013376.0430   25.6331
   -7.5000   -7.5000   22.500014259.4307   25.6647
    0.0000   -7.5000   22.500014896.9355   25.6577
    7.5000   -7.5000   22.500014411.5469   25.6975
   -7.5000    0.0000   22.500015193.8301   25.6464
    0.0000    0.0000   22.500015770.2988   25.6497
    7.5000    0.0000   22.500015275.2588   25.7002
   -7.5000    7.5000   22.500014982.9316   25.5536
    0.0000    7.5000   22.500015555.4600   25.5696
    7.5000    7.5000   22.500015002.8193   25.6229
   -7.5000   15.0000   22.500014584.2656   25.4938
    0.0000   15.0000   22.500015217.7666   25.5127
    7.5000   15.0000   22.500014628.0713   25.5577
   -7.5000   22.5000   22.500014070.0771   25.5169
    0.0000   22.5000   22.500014726.2783   25.5246
    7.5000   22.5000   22.500014092.5059   25.5587
   -7.5000   30.0000   22.500013207.4580   25.2757
    0.0000   30.0000   22.500013832.1162   25.2700
    7.5000   30.0000   22.500013205.3711   25.3013
   -7.5000   37.5000   22.500012491.5752   25.3326
    0.0000   37.5000   22.500013067.8662   25.3257
    7.5000   37.5000   22.500012492.1523   25.3649
   -7.5000   45.0000   22.500011320.7324   24.7202
    0.0000   45.0000   22.500011922.0791   24.7234
    7.5000   45.0000   22.500011374.7148   24.7720
   -7.5000  -45.0000   30.0000 8623.4629   26.1051
    0.0000  -45.0000   30.0000 9104.9648   26.1202
    7.5000  -45.0000   30.0000 8749.6318   26.1576
   -7.5000  -37.5000   30.0000 9300.3809   25.6986
    0.0000  -37.5000   30.0000 9814.0703   25.7258
    7.5000  -37.5000   30.0000 9443.7520   25.7671
   -7.5000  -30.0000   30.000010341.0352   25.5033
    0.0000  -30.0000   30.000010893.7939   25.5308
    7.5000  -30.0000   30.000010476.4453   25.5664
   -7.5000  -22.5000   30.000011361.6504   25.5003
    0.0000  -22.5000   30.000011966.6699   25.5148
    7.5000  -22.5000   30.000011527.2646   25.5416
   -7.5000  -15.0000   30.000012334.7627   25.5653
    0.0000  -15.0000   30.000012999.5684   25.5672
    7.5000  -15.0000   30.000012550.2119   25.5911
   -7.5000   -7.5000   30.000013282.7432   25.6375
    0.0000   -7.5000   30.000013893.0557   25.6413
    7.5000   -7.5000   30.000013414.9023   25.6699
   -7.5000    0.0000   30.000014094.4414   25.6466
    0.0000    0.0000   30.000014692.5039   25.6628
    7.5000    0.0000   30.000014184.6523   25.6997
   -7.5000    7.5000   30.000013876.6250   25.5660
    0.0000    7.5000   30.000014470.7373   25.5933
    7.5000    7.5000   30.000013978.8301   25.6338
   -7.5000   15.0000   30.000013548.4863   25.4923
    0.0000   15.0000   30.000014188.2412   25.5195
    7.5000   15.0000   30.000013667.2188   25.5546
   -7.5000   22.5000   30.000013140.9600   25.4886
    0.0000   22.5000   30.000013779.4238   25.5031
    7.5000   22.5000   30.000013221.3145   25.5298
   -7.5000   30.0000   30.000012363.2021   25.2344
    0.0000   30.0000   30.000012970.9961   25.2363
    7.5000   30.0000   30.000012395.9717   25.2599
   -7.5000   37.5000   30.000011725.2852   25.3057
    0.0000   37.5000   30.000012312.9932   25.3095
    7.5000   37.5000   30.000011725.4297   25.3377
   -7.5000   45.0000   30.000010646.0537   24.7203
    0.0000   45.0000   30.000011198.8789   24.7360
    7.5000   45.0000   30.000010666.2324   24.7716
   -7.5000  -45.0000   37.5000 8316.1650   26.2405
    0.0000  -45.0000   37.5000 8809.1035   26.2685
    7.5000  -45.0000   37.5000 8424.8486   26.3090
   -7.5000  -37.5000   37.5000 8999.2734   25.8542
    0.0000  -37.5000   37.5000 9533.5205   25.8844
    7.5000  -37.5000   37.5000 9120.4229   25.9196
   -7.5000  -30.0000   37.5000 9986.6123   25.6634
    0.0000  -30.0000   37.500010573.5908   25.6842
    7.5000  -30.0000   37.500010115.9678   25.7069
   -7.5000  -22.5000   37.500010955.7227   25.6417
    0.0000  -22.5000   37.500011583.4980   25.6498
    7.5000  -22.5000   37.500011097.6143   25.6660
   -7.5000  -15.0000   37.500011864.4512   25.6828
    0.0000  -15.0000   37.500012502.8232   25.6871
    7.5000  -15.0000   37.500012011.4092   25.7085
   -7.5000   -7.5000   37.500012724.5225   25.7501
    0.0000   -7.5000   37.500013310.7549   25.7654
    7.5000   -7.5000   37.500012820.3809   25.7981
   -7.5000    0.0000   37.500013515.5342   25.7769
    0.0000    0.0000   37.500014094.6865   25.8057
    7.5000    0.0000   37.500013576.5635   25.8456
   -7.5000    7.5000   37.500013303.9912   25.7200
    0.0000    7.5000   37.500013890.2529   25.7503
    7.5000    7.5000   37.500013371.1123   25.7847
   -7.5000   15.0000   37.500012988.6191   25.6523
    0.0000   15.0000   37.500013605.9248   25.6728
    7.5000   15.0000   37.500013071.5850   25.6950
   -7.5000   22.5000   37.500012671.0508   25.6299
    0.0000   22.5000   37.500013293.3545   25.6380
    7.5000   22.5000   37.500012753.4990   25.6541
   -7.5000   30.0000   37.500011944.4990   25.3504
    0.0000   30.0000   37.500012545.5156   25.3547
    7.5000   30.0000   37.500011998.8330   25.3757
   -7.5000   37.5000   37.500011365.4971   25.4169
    0.0000   37.5000   37.500011930.5254   25.4320
    7.5000   37.5000   37.500011393.7402   25.4643
   -7.5000   45.0000   37.500010328.9980   24.8460
    0.0000   45.0000   37.500010822.7344   24.8737
    7.5000   45.0000   37.500010347.7012   24.9122
   -7.5000  -45.0000   45.0000 7674.6528   26.4464
    0.0000  -45.0000   45.0000 8098.7715   26.4758
    7.5000  -45.0000   45.0000 7773.9512   26.5340
   -7.5000  -37.5000   45.0000 8285.5371   26.0671
    0.0000  -37.5000   45.0000 8780.7500   26.0913
    7.5000  -37.5000   45.0000 8388.2461   26.1359
   -7.5000  -30.0000   45.0000 9194.4199   25.8960
    0.0000  -30.0000   45.0000 9728.7324   25.9043
    7.5000  -30.0000   45.0000 9296.3896   25.9266
   -7.5000  -22.5000   45.000010083.9277   25.8829
    0.0000  -22.5000   45.000010637.0010   25.8800
    7.5000  -22.5000   45.000010181.4482   25.8936
   -7.5000  -15.0000   45.000010887.7295   25.9144
    0.0000  -15.0000   45.000011463.8408   25.9149
    7.5000  -15.0000   45.000010996.5898   25.9402
   -7.5000   -7.5000   45.000011653.0010   25.9624
    0.0000   -7.5000   45.000012185.8291   25.9798
    7.5000   -7.5000   45.000011737.6064   26.0267
   -7.5000    0.0000   45.000012323.6465   25.9790
    0.0000    0.0000   45.000012859.8301   26.0093
    7.5000    0.0000   45.000012386.4980   26.0665
   -7.5000    7.5000   45.000012143.3115   25.9328
    0.0000    7.5000   45.000012660.1084   25.9571
    7.5000    7.5000   45.000012210.4688   26.0009
   -7.5000   15.0000   45.000011907.1611   25.8847
    0.0000   15.0000   45.000012430.7324   25.8928
    7.5000   15.0000   45.000011954.4336   25.9146
   -7.5000   22.5000   45.000011624.8848   25.8708
    0.0000   22.5000   45.000012151.9766   25.8680
    7.5000   22.5000   45.000011692.8154   25.8816
   -7.5000   30.0000   45.000010967.8877   25.5767
    0.0000   30.0000   45.000011500.0117   25.5773
    7.5000   30.0000   45.000011029.7119   25.6023
   -7.5000   37.5000   45.000010443.5117   25.6241
    0.0000   37.5000   45.000010957.7861   25.6413
    7.5000   37.5000   45.000010505.5146   25.6876
   -7.5000   45.0000   45.0000 9488.4980   25.0522
    0.0000   45.0000   45.0000 9944.4453   25.0813
    7.5000   45.0000   45.0000 9520.9834   25.1365

---------------------------------------------------------------------
imgreg_4dfp /opt/freesurfer/average/711-2C_as_mni_average_305 /opt/freesurfer/average/711-2B_as_mni_average_305_mask talsrcimg_g11 none talsrcimg_to_711-2C_as_mni_average_305_t4 4355
---------------------------------------------------------------------

freesurfer imgreg_4dfp.c
/opt/freesurfer/average/711-2C_as_mni_average_305.4dfp.img
       256       256       256         1
  1.000000  1.000000  1.000000
orientation T byte_order littleendian
Reading image: /opt/freesurfer/average/711-2C_as_mni_average_305.4dfp.img
dimensions:      256       256       256
mmppix:       1.0000   -1.0000   -1.0000
center:     128.0000 -129.0000 -129.0000
/opt/freesurfer/average/711-2B_as_mni_average_305_mask.4dfp.img
       256       256       256         1
  1.000000  1.000000  1.000000
orientation T byte_order littleendian
Reading mask: /opt/freesurfer/average/711-2B_as_mni_average_305_mask.4dfp.img (2306576 pixels)
talsrcimg_g11.4dfp.img
       256       256       256         1
  1.000000  1.000000  1.000000
orientation T byte_order littleendian
Reading image: talsrcimg_g11.4dfp.img
dimensions:      256       256       256
mmppix:       1.0000   -1.0000   -1.0000
center:     128.0000 -129.0000 -129.0000
rotation matrix determinant  1.000000
image alignment mode   4355 decimal     1103 hex
   -7.5000  -45.0000  -45.0000 1818.5023   35.1840
    0.0000  -45.0000  -45.0000 1828.4996   34.8404
    7.5000  -45.0000  -45.0000 1824.1652   35.0030
   -7.5000  -37.5000  -45.0000 1930.8821   31.2408
    0.0000  -37.5000  -45.0000 1941.7833   30.8323
    7.5000  -37.5000  -45.0000 1936.7640   31.0436
   -7.5000  -30.0000  -45.0000 2030.2499   28.4023
    0.0000  -30.0000  -45.0000 2044.6581   28.1340
    7.5000  -30.0000  -45.0000 2038.9012   28.2427
   -7.5000  -22.5000  -45.0000 2132.1243   26.6743
    0.0000  -22.5000  -45.0000 2144.2725   26.3969
    7.5000  -22.5000  -45.0000 2142.3552   26.4696
   -7.5000  -15.0000  -45.0000 2193.4460   25.5029
    0.0000  -15.0000  -45.0000 2197.3433   25.2785
    7.5000  -15.0000  -45.0000 2201.9233   25.3539
   -7.5000   -7.5000  -45.0000 2224.2185   24.7803
    0.0000   -7.5000  -45.0000 2233.5491   24.5458
    7.5000   -7.5000  -45.0000 2240.6729   24.6641
   -7.5000    0.0000  -45.0000 2224.8877   24.4157
    0.0000    0.0000  -45.0000 2236.5959   24.1134
    7.5000    0.0000  -45.0000 2240.9500   24.2861
   -7.5000    7.5000  -45.0000 2221.9004   24.4767
    0.0000    7.5000  -45.0000 2234.0469   24.1267
    7.5000    7.5000  -45.0000 2233.3718   24.2538
   -7.5000   15.0000  -45.0000 2200.6968   25.0733
    0.0000   15.0000  -45.0000 2215.2302   24.6390
    7.5000   15.0000  -45.0000 2208.4780   24.7888
   -7.5000   22.5000  -45.0000 2169.2466   26.0675
    0.0000   22.5000  -45.0000 2187.5083   25.5523
    7.5000   22.5000  -45.0000 2174.1863   25.5865
   -7.5000   30.0000  -45.0000 2125.8879   27.3841
    0.0000   30.0000  -45.0000 2144.1819   26.8739
    7.5000   30.0000  -45.0000 2131.2041   26.9571
   -7.5000   37.5000  -45.0000 2071.0222   29.3681
    0.0000   37.5000  -45.0000 2084.4631   28.8432
    7.5000   37.5000  -45.0000 2082.0369   29.0520
   -7.5000   45.0000  -45.0000 1990.5249   32.1925
    0.0000   45.0000  -45.0000 2010.0852   31.6063
    7.5000   45.0000  -45.0000 2001.7745   31.9526
   -7.5000  -45.0000  -37.5000 1881.1956   32.2955
    0.0000  -45.0000  -37.5000 1895.1274   32.0123
    7.5000  -45.0000  -37.5000 1895.3652   32.2266
   -7.5000  -37.5000  -37.5000 2006.3945   28.6154
    0.0000  -37.5000  -37.5000 2021.1991   28.4324
    7.5000  -37.5000  -37.5000 2015.7659   28.5446
   -7.5000  -30.0000  -37.5000 2119.1670   26.0760
    0.0000  -30.0000  -37.5000 2135.2949   25.8755
    7.5000  -30.0000  -37.5000 2131.0005   25.9649
   -7.5000  -22.5000  -37.5000 2227.4761   24.5290
    0.0000  -22.5000  -37.5000 2245.5898   24.4115
    7.5000  -22.5000  -37.5000 2239.3660   24.4392
   -7.5000  -15.0000  -37.5000 2283.3604   23.4716
    0.0000  -15.0000  -37.5000 2310.0627   23.3986
    7.5000  -15.0000  -37.5000 2302.9536   23.4667
   -7.5000   -7.5000  -37.5000 2322.9302   22.7751
    0.0000   -7.5000  -37.5000 2345.5073   22.6856
    7.5000   -7.5000  -37.5000 2336.8467   22.7086
   -7.5000    0.0000  -37.5000 2328.2617   22.3739
    0.0000    0.0000  -37.5000 2349.0481   22.1777
    7.5000    0.0000  -37.5000 2344.1152   22.2833
   -7.5000    7.5000  -37.5000 2318.4226   22.4253
    0.0000    7.5000  -37.5000 2341.5376   22.2014
    7.5000    7.5000  -37.5000 2341.2568   22.3314
   -7.5000   15.0000  -37.5000 2295.8008   22.9910
    0.0000   15.0000  -37.5000 2314.2366   22.6969
    7.5000   15.0000  -37.5000 2314.1238   22.8442
   -7.5000   22.5000  -37.5000 2268.7622   23.8647
    0.0000   22.5000  -37.5000 2290.8569   23.4963
    7.5000   22.5000  -37.5000 2285.1313   23.5540
   -7.5000   30.0000  -37.5000 2226.0403   25.1465
    0.0000   30.0000  -37.5000 2246.0640   24.7193
    7.5000   30.0000  -37.5000 2240.2385   24.7798
   -7.5000   37.5000  -37.5000 2168.9973   27.0084
    0.0000   37.5000  -37.5000 2187.8711   26.5299
    7.5000   37.5000  -37.5000 2180.6543   26.6393
   -7.5000   45.0000  -37.5000 2083.2019   29.4617
    0.0000   45.0000  -37.5000 2102.1465   28.9388
    7.5000   45.0000  -37.5000 2095.3713   29.1690
   -7.5000  -45.0000  -30.0000 1980.7566   30.7905
    0.0000  -45.0000  -30.0000 2000.4323   30.7317
    7.5000  -45.0000  -30.0000 2003.3762   30.7349
   -7.5000  -37.5000  -30.0000 2118.2229   27.3915
    0.0000  -37.5000  -30.0000 2138.6077   27.3649
    7.5000  -37.5000  -30.0000 2133.3499   27.2979
   -7.5000  -30.0000  -30.0000 2241.3054   24.9327
    0.0000  -30.0000  -30.0000 2266.4019   24.9084
    7.5000  -30.0000  -30.0000 2255.1692   24.8282
   -7.5000  -22.5000  -30.0000 2350.0061   23.3992
    0.0000  -22.5000  -30.0000 2380.4656   23.3160
    7.5000  -22.5000  -30.0000 2368.7017   23.2951
   -7.5000  -15.0000  -30.0000 2414.6023   22.4057
    0.0000  -15.0000  -30.0000 2449.0493   22.3618
    7.5000  -15.0000  -30.0000 2436.8906   22.3605
   -7.5000   -7.5000  -30.0000 2456.5667   21.8005
    0.0000   -7.5000  -30.0000 2480.7139   21.6788
    7.5000   -7.5000  -30.0000 2469.6621   21.6770
   -7.5000    0.0000  -30.0000 2466.4185   21.3571
    0.0000    0.0000  -30.0000 2495.1719   21.2112
    7.5000    0.0000  -30.0000 2485.8210   21.2656
   -7.5000    7.5000  -30.0000 2470.2942   21.3306
    0.0000    7.5000  -30.0000 2494.4126   21.1731
    7.5000    7.5000  -30.0000 2489.2114   21.2470
   -7.5000   15.0000  -30.0000 2447.1565   21.8348
    0.0000   15.0000  -30.0000 2474.0906   21.6486
    7.5000   15.0000  -30.0000 2466.9749   21.7325
   -7.5000   22.5000  -30.0000 2418.9873   22.6975
    0.0000   22.5000  -30.0000 2449.0303   22.4512
    7.5000   22.5000  -30.0000 2436.8010   22.4389
   -7.5000   30.0000  -30.0000 2364.5244   23.9432
    0.0000   30.0000  -30.0000 2394.7808   23.6529
    7.5000   30.0000  -30.0000 2385.0122   23.6547
   -7.5000   37.5000  -30.0000 2297.0239   25.7111
    0.0000   37.5000  -30.0000 2325.2192   25.3708
    7.5000   37.5000  -30.0000 2319.2400   25.4525
   -7.5000   45.0000  -30.0000 2209.6501   28.0219
    0.0000   45.0000  -30.0000 2234.2522   27.6284
    7.5000   45.0000  -30.0000 2231.7405   27.8180
   -7.5000  -45.0000  -22.5000 2056.9358   29.3440
    0.0000  -45.0000  -22.5000 2081.8762   29.1235
    7.5000  -45.0000  -22.5000 2081.4929   29.1007
   -7.5000  -37.5000  -22.5000 2206.7019   26.0952
    0.0000  -37.5000  -22.5000 2236.9426   26.0680
    7.5000  -37.5000  -22.5000 2224.9414   25.9506
   -7.5000  -30.0000  -22.5000 2337.5920   23.7291
    0.0000  -30.0000  -22.5000 2367.4514   23.7209
    7.5000  -30.0000  -22.5000 2351.0125   23.5891
   -7.5000  -22.5000  -22.5000 2444.3633   22.1207
    0.0000  -22.5000  -22.5000 2478.4431   22.1189
    7.5000  -22.5000  -22.5000 2463.6355   22.0019
   -7.5000  -15.0000  -22.5000 2521.3425   21.1713
    0.0000  -15.0000  -22.5000 2551.8101   21.1450
    7.5000  -15.0000  -22.5000 2539.0410   21.0791
   -7.5000   -7.5000  -22.5000 2563.2390   20.6098
    0.0000   -7.5000  -22.5000 2588.7537   20.5406
    7.5000   -7.5000  -22.5000 2578.2632   20.5253
   -7.5000    0.0000  -22.5000 2592.3081   20.2569
    0.0000    0.0000  -22.5000 2617.3198   20.1647
    7.5000    0.0000  -22.5000 2600.4563   20.1199
   -7.5000    7.5000  -22.5000 2603.3171   20.1935
    0.0000    7.5000  -22.5000 2626.7664   20.0644
    7.5000    7.5000  -22.5000 2617.9727   20.0733
   -7.5000   15.0000  -22.5000 2581.2437   20.6242
    0.0000   15.0000  -22.5000 2609.8994   20.4795
    7.5000   15.0000  -22.5000 2603.3992   20.5141
   -7.5000   22.5000  -22.5000 2542.1523   21.4931
    0.0000   22.5000  -22.5000 2576.9456   21.2690
    7.5000   22.5000  -22.5000 2567.0959   21.2870
   -7.5000   30.0000  -22.5000 2491.3115   22.7251
    0.0000   30.0000  -22.5000 2528.2275   22.4977
    7.5000   30.0000  -22.5000 2521.7046   22.5074
   -7.5000   37.5000  -22.5000 2414.1025   24.3759
    0.0000   37.5000  -22.5000 2446.7188   24.0823
    7.5000   37.5000  -22.5000 2441.8315   24.1399
   -7.5000   45.0000  -22.5000 2316.1418   26.6010
    0.0000   45.0000  -22.5000 2344.0623   26.2271
    7.5000   45.0000  -22.5000 2339.5837   26.3862
   -7.5000  -45.0000  -15.0000 2113.6775   28.0111
    0.0000  -45.0000  -15.0000 2139.2402   27.7645
    7.5000  -45.0000  -15.0000 2136.7104   27.7058
   -7.5000  -37.5000  -15.0000 2267.1958   24.9733
    0.0000  -37.5000  -15.0000 2294.6980   24.7569
    7.5000  -37.5000  -15.0000 2281.1799   24.7395
   -7.5000  -30.0000  -15.0000 2390.9934   22.6103
    0.0000  -30.0000  -15.0000 2419.3154   22.5168
    7.5000  -30.0000  -15.0000 2402.0977   22.4186
   -7.5000  -22.5000  -15.0000 2506.2598   21.0274
    0.0000  -22.5000  -15.0000 2539.0510   21.0096
    7.5000  -22.5000  -15.0000 2514.9236   20.8188
   -7.5000  -15.0000  -15.0000 2579.1165   20.0246
    0.0000  -15.0000  -15.0000 2621.5410   20.0174
    7.5000  -15.0000  -15.0000 2602.8115   19.8366
   -7.5000   -7.5000  -15.0000 2638.6116   19.4822
    0.0000   -7.5000  -15.0000 2669.8552   19.4395
    7.5000   -7.5000  -15.0000 2658.5461   19.3384
   -7.5000    0.0000  -15.0000 2674.5107   19.1675
    0.0000    0.0000  -15.0000 2702.3787   19.1112
    7.5000    0.0000  -15.0000 2689.0886   19.0926
   -7.5000    7.5000  -15.0000 2688.2981   19.1333
    0.0000    7.5000  -15.0000 2715.5286   19.0381
    7.5000    7.5000  -15.0000 2704.1440   19.0419
   -7.5000   15.0000  -15.0000 2673.5896   19.4897
    0.0000   15.0000  -15.0000 2707.1919   19.3529
    7.5000   15.0000  -15.0000 2698.7708   19.3745
   -7.5000   22.5000  -15.0000 2644.5029   20.3305
    0.0000   22.5000  -15.0000 2679.5076   20.1307
    7.5000   22.5000  -15.0000 2665.5876   20.1185
   -7.5000   30.0000  -15.0000 2590.0859   21.6152
    0.0000   30.0000  -15.0000 2626.6421   21.3543
    7.5000   30.0000  -15.0000 2614.0259   21.3478
   -7.5000   37.5000  -15.0000 2504.0952   23.1997
    0.0000   37.5000  -15.0000 2539.8979   22.9180
    7.5000   37.5000  -15.0000 2529.1570   22.8886
   -7.5000   45.0000  -15.0000 2402.7649   25.3135
    0.0000   45.0000  -15.0000 2427.2705   24.9967
    7.5000   45.0000  -15.0000 2417.2122   24.9697
   -7.5000  -45.0000   -7.5000 2156.2241   26.9655
    0.0000  -45.0000   -7.5000 2175.4976   26.6291
    7.5000  -45.0000   -7.5000 2176.5559   26.6471
   -7.5000  -37.5000   -7.5000 2306.3748   23.9966
    0.0000  -37.5000   -7.5000 2325.9277   23.7153
    7.5000  -37.5000   -7.5000 2322.6567   23.7360
   -7.5000  -30.0000   -7.5000 2434.9143   21.7043
    0.0000  -30.0000   -7.5000 2447.2339   21.4762
    7.5000  -30.0000   -7.5000 2441.6582   21.4383
   -7.5000  -22.5000   -7.5000 2555.6558   20.1518
    0.0000  -22.5000   -7.5000 2575.5078   19.9355
    7.5000  -22.5000   -7.5000 2564.3589   19.8593
   -7.5000  -15.0000   -7.5000 2633.6179   19.1222
    0.0000  -15.0000   -7.5000 2670.3164   18.9762
    7.5000  -15.0000   -7.5000 2654.5999   18.7966
   -7.5000   -7.5000   -7.5000 2696.4485   18.4914
    0.0000   -7.5000   -7.5000 2739.4021   18.4047
    7.5000   -7.5000   -7.5000 2722.4976   18.2688
   -7.5000    0.0000   -7.5000 2735.1230   18.1630
    0.0000    0.0000   -7.5000 2771.8254   18.0981
    7.5000    0.0000   -7.5000 2757.6267   18.0719
   -7.5000    7.5000   -7.5000 2754.0574   18.1235
    0.0000    7.5000   -7.5000 2788.1526   18.0323
    7.5000    7.5000   -7.5000 2775.8940   18.0515
   -7.5000   15.0000   -7.5000 2750.5295   18.5114
    0.0000   15.0000   -7.5000 2779.3831   18.3215
    7.5000   15.0000   -7.5000 2772.7061   18.3455
   -7.5000   22.5000   -7.5000 2724.4644   19.2946
    0.0000   22.5000   -7.5000 2753.8206   19.0910
    7.5000   22.5000   -7.5000 2745.1355   19.0493
   -7.5000   30.0000   -7.5000 2664.0647   20.5190
    0.0000   30.0000   -7.5000 2693.4365   20.2579
    7.5000   30.0000   -7.5000 2679.6296   20.2124
   -7.5000   37.5000   -7.5000 2569.9104   22.0510
    0.0000   37.5000   -7.5000 2598.6389   21.7979
    7.5000   37.5000   -7.5000 2584.7253   21.7877
   -7.5000   45.0000   -7.5000 2454.8210   24.1846
    0.0000   45.0000   -7.5000 2480.9861   23.9107
    7.5000   45.0000   -7.5000 2465.7026   23.8695
   -7.5000  -45.0000    0.0000 2173.4795   26.3608
    0.0000  -45.0000    0.0000 2182.4929   25.8056
    7.5000  -45.0000    0.0000 2197.2073   26.0426
   -7.5000  -37.5000    0.0000 2328.0383   23.3556
    0.0000  -37.5000    0.0000 2338.6311   22.8692
    7.5000  -37.5000    0.0000 2343.9883   23.0406
   -7.5000  -30.0000    0.0000 2461.7959   21.1273
    0.0000  -30.0000    0.0000 2472.3828   20.6610
    7.5000  -30.0000    0.0000 2469.0894   20.7598
   -7.5000  -22.5000    0.0000 2578.1790   19.5891
    0.0000  -22.5000    0.0000 2597.5173   19.1775
    7.5000  -22.5000    0.0000 2592.1255   19.1730
   -7.5000  -15.0000    0.0000 2664.3022   18.5669
    0.0000  -15.0000    0.0000 2697.8923   18.2300
    7.5000  -15.0000    0.0000 2685.9553   18.1646
   -7.5000   -7.5000    0.0000 2733.5552   17.8247
    0.0000   -7.5000    0.0000 2783.3264   17.6192
    7.5000   -7.5000    0.0000 2766.1497   17.5272
   -7.5000    0.0000    0.0000 2778.0256   17.4026
    0.0000    0.0000    0.0000 2826.7031   17.2060
    7.5000    0.0000    0.0000 2808.2395   17.1886
   -7.5000    7.5000    0.0000 2807.9128   17.3298
    0.0000    7.5000    0.0000 2852.2053   17.0873
    7.5000    7.5000    0.0000 2835.7825   17.1566
   -7.5000   15.0000    0.0000 2813.6187   17.7553
    0.0000   15.0000    0.0000 2847.2878   17.5070
    7.5000   15.0000    0.0000 2831.4187   17.5154
   -7.5000   22.5000    0.0000 2783.3230   18.5960
    0.0000   22.5000    0.0000 2805.9355   18.3128
    7.5000   22.5000    0.0000 2800.2764   18.3029
   -7.5000   30.0000    0.0000 2706.3413   19.7614
    0.0000   30.0000    0.0000 2731.5410   19.4306
    7.5000   30.0000    0.0000 2729.1616   19.4537
   -7.5000   37.5000    0.0000 2609.4209   21.2962
    0.0000   37.5000    0.0000 2633.7852   20.9676
    7.5000   37.5000    0.0000 2627.4475   21.0674
   -7.5000   45.0000    0.0000 2482.4504   23.3637
    0.0000   45.0000    0.0000 2510.0178   23.0113
    7.5000   45.0000    0.0000 2503.8586   23.1403
   -7.5000  -45.0000    7.5000 2188.7263   26.2196
    0.0000  -45.0000    7.5000 2193.4839   25.3669
    7.5000  -45.0000    7.5000 2214.6990   25.7210
   -7.5000  -37.5000    7.5000 2341.7185   23.1003
    0.0000  -37.5000    7.5000 2339.8022   22.3576
    7.5000  -37.5000    7.5000 2354.6848   22.6909
   -7.5000  -30.0000    7.5000 2475.8835   20.8786
    0.0000  -30.0000    7.5000 2469.5957   20.1604
    7.5000  -30.0000    7.5000 2480.4451   20.3979
   -7.5000  -22.5000    7.5000 2592.8833   19.3452
    0.0000  -22.5000    7.5000 2597.5100   18.6822
    7.5000  -22.5000    7.5000 2608.7441   18.8346
   -7.5000  -15.0000    7.5000 2685.2070   18.3147
    0.0000  -15.0000    7.5000 2700.9146   17.7270
    7.5000  -15.0000    7.5000 2711.4175   17.8486
   -7.5000   -7.5000    7.5000 2760.7725   17.6096
    0.0000   -7.5000    7.5000 2790.5469   17.1302
    7.5000   -7.5000    7.5000 2792.4600   17.1901
   -7.5000    0.0000    7.5000 2816.7275   17.0315
    0.0000    0.0000    7.5000 2854.9758   16.5293
    7.5000    0.0000    7.5000 2840.2131   16.6907
   -7.5000    7.5000    7.5000 2856.8623   16.7915
    0.0000    7.5000    7.5000 2898.9263   16.2616
    7.5000    7.5000    7.5000 2880.5750   16.4850
   -7.5000   15.0000    7.5000 2867.7129   17.3521
    0.0000   15.0000    7.5000 2903.7703   16.8749
    7.5000   15.0000    7.5000 2896.4941   17.0931
   -7.5000   22.5000    7.5000 2821.4153   18.2976
    0.0000   22.5000    7.5000 2846.4839   17.8457
    7.5000   22.5000    7.5000 2848.7979   18.0445
   -7.5000   30.0000    7.5000 2738.9182   19.4089
    0.0000   30.0000    7.5000 2755.2207   18.9489
    7.5000   30.0000    7.5000 2758.1899   19.1110
   -7.5000   37.5000    7.5000 2634.3772   20.9050
    0.0000   37.5000    7.5000 2654.8796   20.4661
    7.5000   37.5000    7.5000 2659.3896   20.6155
   -7.5000   45.0000    7.5000 2505.0374   22.9374
    0.0000   45.0000    7.5000 2527.2896   22.4890
    7.5000   45.0000    7.5000 2530.2190   22.6234
   -7.5000  -45.0000   15.0000 2177.0837   26.1648
    0.0000  -45.0000   15.0000 2182.9705   25.2894
    7.5000  -45.0000   15.0000 2203.5183   25.6849
   -7.5000  -37.5000   15.0000 2335.3235   23.0916
    0.0000  -37.5000   15.0000 2327.1997   22.2272
    7.5000  -37.5000   15.0000 2343.5066   22.6206
   -7.5000  -30.0000   15.0000 2468.8079   20.8961
    0.0000  -30.0000   15.0000 2456.4255   20.0506
    7.5000  -30.0000   15.0000 2472.3801   20.3497
   -7.5000  -22.5000   15.0000 2589.9167   19.3538
    0.0000  -22.5000   15.0000 2578.8584   18.5071
    7.5000  -22.5000   15.0000 2604.2100   18.7646
   -7.5000  -15.0000   15.0000 2687.9084   18.3217
    0.0000  -15.0000   15.0000 2673.8962   17.4947
    7.5000  -15.0000   15.0000 2707.6533   17.7483
   -7.5000   -7.5000   15.0000 2767.1377   17.6072
    0.0000   -7.5000   15.0000 2763.6582   16.8853
    7.5000   -7.5000   15.0000 2794.8081   17.0910
   -7.5000    0.0000   15.0000 2821.6516   16.9713
    0.0000    0.0000   15.0000 2839.6299   16.3567
    7.5000    0.0000   15.0000 2848.5806   16.6110
   -7.5000    7.5000   15.0000 2869.0688   16.7832
    0.0000    7.5000   15.0000 2913.9404   15.9778
    7.5000    7.5000   15.0000 2906.5691   16.4963
   -7.5000   15.0000   15.0000 2875.8494   17.2328
    0.0000   15.0000   15.0000 2936.1030   16.6426
    7.5000   15.0000   15.0000 2924.0198   17.0017
   -7.5000   22.5000   15.0000 2828.6316   18.1842
    0.0000   22.5000   15.0000 2862.1086   17.7495
    7.5000   22.5000   15.0000 2865.1199   17.9407
   -7.5000   30.0000   15.0000 2745.8081   19.3222
    0.0000   30.0000   15.0000 2765.1013   18.8721
    7.5000   30.0000   15.0000 2768.0889   18.9761
   -7.5000   37.5000   15.0000 2634.3069   20.8082
    0.0000   37.5000   15.0000 2654.2964   20.3617
    7.5000   37.5000   15.0000 2658.8264   20.4185
   -7.5000   45.0000   15.0000 2508.0771   22.7874
    0.0000   45.0000   15.0000 2529.9656   22.3220
    7.5000   45.0000   15.0000 2520.7478   22.3795
   -7.5000  -45.0000   22.5000 2159.0337   26.5377
    0.0000  -45.0000   22.5000 2164.0828   25.5776
    7.5000  -45.0000   22.5000 2180.1990   26.0369
   -7.5000  -37.5000   22.5000 2321.6365   23.3734
    0.0000  -37.5000   22.5000 2309.7844   22.4307
    7.5000  -37.5000   22.5000 2328.9189   22.8916
   -7.5000  -30.0000   22.5000 2457.7295   21.1233
    0.0000  -30.0000   22.5000 2443.4824   20.2052
    7.5000  -30.0000   22.5000 2462.7229   20.5699
   -7.5000  -22.5000   22.5000 2578.5913   19.5963
    0.0000  -22.5000   22.5000 2560.4998   18.7268
    7.5000  -22.5000   22.5000 2584.6343   18.9946
   -7.5000  -15.0000   22.5000 2676.2488   18.5303
    0.0000  -15.0000   22.5000 2660.2371   17.7620
    7.5000  -15.0000   22.5000 2690.5574   17.9760
   -7.5000   -7.5000   22.5000 2749.5417   17.7054
    0.0000   -7.5000   22.5000 2743.2385   17.0945
    7.5000   -7.5000   22.5000 2771.0447   17.2593
   -7.5000    0.0000   22.5000 2803.0803   17.1126
    0.0000    0.0000   22.5000 2807.0381   16.5470
    7.5000    0.0000   22.5000 2825.9902   16.8126
   -7.5000    7.5000   22.5000 2850.9114   17.0088
    0.0000    7.5000   22.5000 2880.1731   16.5069
    7.5000    7.5000   22.5000 2877.2722   16.7182
   -7.5000   15.0000   22.5000 2843.6418   17.3982
    0.0000   15.0000   22.5000 2890.3020   17.0433
    7.5000   15.0000   22.5000 2882.6404   17.1604
   -7.5000   22.5000   22.5000 2804.2922   18.2996
    0.0000   22.5000   22.5000 2842.6409   18.0125
    7.5000   22.5000   22.5000 2832.4006   18.0935
   -7.5000   30.0000   22.5000 2728.3579   19.5074
    0.0000   30.0000   22.5000 2753.6711   19.1479
    7.5000   30.0000   22.5000 2748.7456   19.1964
   -7.5000   37.5000   22.5000 2621.2319   21.0242
    0.0000   37.5000   22.5000 2639.2942   20.5899
    7.5000   37.5000   22.5000 2638.3145   20.6499
   -7.5000   45.0000   22.5000 2497.5439   22.9488
    0.0000   45.0000   22.5000 2520.8943   22.4710
    7.5000   45.0000   22.5000 2512.7456   22.5305
   -7.5000  -45.0000   30.0000 2127.6252   26.9671
    0.0000  -45.0000   30.0000 2133.0249   26.1948
    7.5000  -45.0000   30.0000 2147.8391   26.5142
   -7.5000  -37.5000   30.0000 2290.1553   23.8003
    0.0000  -37.5000   30.0000 2288.0823   23.0962
    7.5000  -37.5000   30.0000 2304.7021   23.4531
   -7.5000  -30.0000   30.0000 2427.2039   21.5463
    0.0000  -30.0000   30.0000 2427.3730   20.9029
    7.5000  -30.0000   30.0000 2437.9890   21.1648
   -7.5000  -22.5000   30.0000 2544.5564   20.0908
    0.0000  -22.5000   30.0000 2543.0469   19.4243
    7.5000  -22.5000   30.0000 2557.1924   19.6038
   -7.5000  -15.0000   30.0000 2639.9514   19.0178
    0.0000  -15.0000   30.0000 2638.5266   18.4115
    7.5000  -15.0000   30.0000 2659.1509   18.5511
   -7.5000   -7.5000   30.0000 2716.7200   18.1910
    0.0000   -7.5000   30.0000 2712.6543   17.5365
    7.5000   -7.5000   30.0000 2732.9277   17.7062
   -7.5000    0.0000   30.0000 2768.8279   17.6018
    0.0000    0.0000   30.0000 2775.9973   16.9914
    7.5000    0.0000   30.0000 2788.1824   17.2337
   -7.5000    7.5000   30.0000 2800.0483   17.4514
    0.0000    7.5000   30.0000 2821.3350   17.0095
    7.5000    7.5000   30.0000 2828.0667   17.1741
   -7.5000   15.0000   30.0000 2786.4119   17.8689
    0.0000   15.0000   30.0000 2830.3757   17.5726
    7.5000   15.0000   30.0000 2821.0957   17.6135
   -7.5000   22.5000   30.0000 2740.1587   18.7124
    0.0000   22.5000   30.0000 2786.6768   18.5050
    7.5000   22.5000   30.0000 2770.7017   18.5153
   -7.5000   30.0000   30.0000 2669.4197   19.9311
    0.0000   30.0000   30.0000 2704.3396   19.6993
    7.5000   30.0000   30.0000 2696.7380   19.6806
   -7.5000   37.5000   30.0000 2579.6375   21.4798
    0.0000   37.5000   30.0000 2607.6733   21.2350
    7.5000   37.5000   30.0000 2596.3994   21.2197
   -7.5000   45.0000   30.0000 2461.9280   23.4279
    0.0000   45.0000   30.0000 2489.6560   23.0932
    7.5000   45.0000   30.0000 2477.7109   23.0523
   -7.5000  -45.0000   37.5000 2096.9346   27.8626
    0.0000  -45.0000   37.5000 2103.6929   27.2810
    7.5000  -45.0000   37.5000 2113.3848   27.4655
   -7.5000  -37.5000   37.5000 2256.0947   24.6816
    0.0000  -37.5000   37.5000 2267.1775   24.2206
    7.5000  -37.5000   37.5000 2273.6887   24.3811
   -7.5000  -30.0000   37.5000 2388.1418   22.3804
    0.0000  -30.0000   37.5000 2404.6399   21.9185
    7.5000  -30.0000   37.5000 2406.6042   22.0316
   -7.5000  -22.5000   37.5000 2503.7542   20.8672
    0.0000  -22.5000   37.5000 2516.6448   20.3192
    7.5000  -22.5000   37.5000 2520.4448   20.3875
   -7.5000  -15.0000   37.5000 2594.0950   19.7428
    0.0000  -15.0000   37.5000 2603.7676   19.1196
    7.5000  -15.0000   37.5000 2613.7637   19.2225
   -7.5000   -7.5000   37.5000 2668.6189   18.9029
    0.0000   -7.5000   37.5000 2679.0403   18.2240
    7.5000   -7.5000   37.5000 2688.1711   18.4032
   -7.5000    0.0000   37.5000 2722.6013   18.3173
    0.0000    0.0000   37.5000 2736.1711   17.7540
    7.5000    0.0000   37.5000 2740.2004   17.9455
   -7.5000    7.5000   37.5000 2747.3555   18.2006
    0.0000    7.5000   37.5000 2766.8989   17.7664
    7.5000    7.5000   37.5000 2769.7551   17.9191
   -7.5000   15.0000   37.5000 2722.3020   18.6456
    0.0000   15.0000   37.5000 2758.6418   18.2750
    7.5000   15.0000   37.5000 2754.0037   18.3596
   -7.5000   22.5000   37.5000 2675.5691   19.5333
    0.0000   22.5000   37.5000 2713.4114   19.2526
    7.5000   22.5000   37.5000 2709.0542   19.2694
   -7.5000   30.0000   37.5000 2610.6199   20.7810
    0.0000   30.0000   37.5000 2646.2820   20.4933
    7.5000   30.0000   37.5000 2638.6301   20.4640
   -7.5000   37.5000   37.5000 2525.1641   22.4031
    0.0000   37.5000   37.5000 2558.8274   22.1528
    7.5000   37.5000   37.5000 2547.2666   22.1035
   -7.5000   45.0000   37.5000 2415.7000   24.3941
    0.0000   45.0000   37.5000 2441.0266   24.0866
    7.5000   45.0000   37.5000 2437.4548   24.0472
   -7.5000  -45.0000   45.0000 2059.8430   29.0190
    0.0000  -45.0000   45.0000 2072.1882   28.5383
    7.5000  -45.0000   45.0000 2082.4868   28.6537
   -7.5000  -37.5000   45.0000 2209.4824   25.8299
    0.0000  -37.5000   45.0000 2236.2578   25.4332
    7.5000  -37.5000   45.0000 2233.9248   25.4856
   -7.5000  -30.0000   45.0000 2335.8789   23.4292
    0.0000  -30.0000   45.0000 2364.5139   23.0457
    7.5000  -30.0000   45.0000 2360.0244   23.0817
   -7.5000  -22.5000   45.0000 2452.9182   21.8622
    0.0000  -22.5000   45.0000 2466.4268   21.3245
    7.5000  -22.5000   45.0000 2470.1267   21.3833
   -7.5000  -15.0000   45.0000 2536.1292   20.7029
    0.0000  -15.0000   45.0000 2549.8535   20.0801
    7.5000  -15.0000   45.0000 2554.3904   20.1620
   -7.5000   -7.5000   45.0000 2608.2554   19.8505
    0.0000   -7.5000   45.0000 2618.3750   19.2150
    7.5000   -7.5000   45.0000 2625.7661   19.3847
   -7.5000    0.0000   45.0000 2653.2485   19.2644
    0.0000    0.0000   45.0000 2658.6421   18.7451
    7.5000    0.0000   45.0000 2662.8027   18.9050
   -7.5000    7.5000   45.0000 2673.6660   19.1937
    0.0000    7.5000   45.0000 2688.2078   18.7335
    7.5000    7.5000   45.0000 2690.7402   18.8688
   -7.5000   15.0000   45.0000 2649.0725   19.6355
    0.0000   15.0000   45.0000 2675.7117   19.2238
    7.5000   15.0000   45.0000 2672.2673   19.3159
   -7.5000   22.5000   45.0000 2607.5935   20.5425
    0.0000   22.5000   45.0000 2632.2969   20.1765
    7.5000   22.5000   45.0000 2630.2917   20.2455
   -7.5000   30.0000   45.0000 2541.3577   21.8375
    0.0000   30.0000   45.0000 2571.7549   21.5023
    7.5000   30.0000   45.0000 2563.5754   21.5195
   -7.5000   37.5000   45.0000 2460.2437   23.5125
    0.0000   37.5000   45.0000 2487.5081   23.2181
    7.5000   37.5000   45.0000 2482.8574   23.2700
   -7.5000   45.0000   45.0000 2349.8494   25.5432
    0.0000   45.0000   45.0000 2377.7852   25.2649
    7.5000   45.0000   45.0000 2366.9780   25.3211

---------------------------------------------------------------------
imgreg_4dfp /opt/freesurfer/average/711-2C_as_mni_average_305 /opt/freesurfer/average/711-2B_as_mni_average_305_mask talsrcimg_g11 none talsrcimg_to_711-2C_as_mni_average_305_t4 1283
---------------------------------------------------------------------

freesurfer imgreg_4dfp.c
/opt/freesurfer/average/711-2C_as_mni_average_305.4dfp.img
       256       256       256         1
  1.000000  1.000000  1.000000
orientation T byte_order littleendian
Reading image: /opt/freesurfer/average/711-2C_as_mni_average_305.4dfp.img
dimensions:      256       256       256
mmppix:       1.0000   -1.0000   -1.0000
center:     128.0000 -129.0000 -129.0000
/opt/freesurfer/average/711-2B_as_mni_average_305_mask.4dfp.img
       256       256       256         1
  1.000000  1.000000  1.000000
orientation T byte_order littleendian
Reading mask: /opt/freesurfer/average/711-2B_as_mni_average_305_mask.4dfp.img (2306576 pixels)
talsrcimg_g11.4dfp.img
       256       256       256         1
  1.000000  1.000000  1.000000
orientation T byte_order littleendian
Reading image: talsrcimg_g11.4dfp.img
dimensions:      256       256       256
mmppix:       1.0000   -1.0000   -1.0000
center:     128.0000 -129.0000 -129.0000
rotation matrix determinant  1.000000
fimgreg.f
image alignment mode   1283 decimal      503 hex
parameters
    0.0000   15.0000   15.0000    0.0000    0.0000    0.0000
eta,q 0.92125 16.64864
niter,ni,del,rscale     5    3   12.0000    1.2000
parameter  6  0.533412 ->  0.500000 qaram    1.1500
parameters
    2.3776   13.5119   14.2702    2.7750   -0.0134   -3.4500
eta,q 0.93042 16.55414
  0.0950  0.0817  0.0837  0.0838  0.0806  0.0719
  0.0921  0.0771  0.0804  0.0810  0.0771  0.0697
  0.0874  0.0747  0.0749  0.0772  0.0728  0.0698
  0.0804  0.0748  0.0739  0.0732  0.0716  0.0716
  0.0758  0.0791  0.0774  0.0717  0.0738  0.0753
  0.0777  0.0857  0.0825  0.0721  0.0766  0.0791
  0.0850  0.0932  0.0914  0.0749  0.0806  0.0835
niter,ni,del,rscale     5    3   12.0000    1.2000
parameters
    2.7459   12.4849   14.5241    2.9207    0.2220   -3.1023
eta,q 0.92969 16.40207
  0.0877  0.0780  0.0833  0.0796  0.0815  0.0820
  0.0844  0.0759  0.0802  0.0746  0.0782  0.0761
  0.0766  0.0726  0.0758  0.0714  0.0730  0.0717
  0.0696  0.0694  0.0707  0.0703  0.0703  0.0703
  0.0726  0.0721  0.0711  0.0711  0.0724  0.0713
  0.0791  0.0799  0.0768  0.0745  0.0766  0.0748
  0.0866  0.0904  0.0839  0.0785  0.0803  0.0797
niter,ni,del,rscale     4    3   12.0000    1.2000
parameters
    2.8130   12.2864   14.5835    2.9360    0.3179   -3.1059
eta,q 0.92936 16.37542
  0.0870  0.0796  0.0829  0.0792  0.0817  0.0814
  0.0829  0.0767  0.0797  0.0743  0.0777  0.0755
  0.0746  0.0743  0.0753  0.0714  0.0726  0.0715
  0.0703  0.0703  0.0707  0.0706  0.0706  0.0706
  0.0741  0.0694  0.0716  0.0716  0.0732  0.0722
  0.0797  0.0753  0.0776  0.0750  0.0772  0.0759
  0.0882  0.0845  0.0848  0.0786  0.0809  0.0810
niter,ni,del,rscale     3    3   12.0000    1.2000
parameters
    2.8304   12.2781   14.5979    2.9391    0.3413   -3.1122
eta,q 0.92935 16.37476
  0.0870  0.0800  0.0827  0.0793  0.0816  0.0814
  0.0826  0.0768  0.0796  0.0743  0.0774  0.0755
  0.0743  0.0746  0.0752  0.0715  0.0723  0.0716
  0.0706  0.0706  0.0707  0.0706  0.0706  0.0707
  0.0744  0.0692  0.0718  0.0717  0.0734  0.0722
  0.0799  0.0745  0.0778  0.0751  0.0773  0.0759
  0.0885  0.0834  0.0849  0.0786  0.0811  0.0810
registration optimization eta report
parameter search radius
    6.0000    6.0000    6.0000    6.0000    6.0000    6.9000
100000*second partial in parameter space
       44.       31.       34.       23.       28.       22.
  0.0870  0.0800  0.0827  0.0793  0.0816  0.0814
  0.0826  0.0768  0.0796  0.0743  0.0774  0.0755
  0.0743  0.0746  0.0752  0.0715  0.0723  0.0716
  0.0706  0.0706  0.0707  0.0706  0.0706  0.0707
  0.0744  0.0692  0.0718  0.0717  0.0734  0.0722
  0.0799  0.0745  0.0778  0.0751  0.0773  0.0759
  0.0885  0.0834  0.0849  0.0786  0.0811  0.0810
    2.8304   12.2781   14.5979    2.9391    0.3413   -3.1122
eta,q 0.92935 16.37476

---------------------------------------------------------------------
imgreg_4dfp /opt/freesurfer/average/711-2C_as_mni_average_305 /opt/freesurfer/average/711-2B_as_mni_average_305_mask talsrcimg_g11 none talsrcimg_to_711-2C_as_mni_average_305_t4 3335
---------------------------------------------------------------------

freesurfer imgreg_4dfp.c
/opt/freesurfer/average/711-2C_as_mni_average_305.4dfp.img
       256       256       256         1
  1.000000  1.000000  1.000000
orientation T byte_order littleendian
Reading image: /opt/freesurfer/average/711-2C_as_mni_average_305.4dfp.img
dimensions:      256       256       256
mmppix:       1.0000   -1.0000   -1.0000
center:     128.0000 -129.0000 -129.0000
/opt/freesurfer/average/711-2B_as_mni_average_305_mask.4dfp.img
       256       256       256         1
  1.000000  1.000000  1.000000
orientation T byte_order littleendian
Reading mask: /opt/freesurfer/average/711-2B_as_mni_average_305_mask.4dfp.img (2306576 pixels)
talsrcimg_g11.4dfp.img
       256       256       256         1
  1.000000  1.000000  1.000000
orientation T byte_order littleendian
Reading image: talsrcimg_g11.4dfp.img
dimensions:      256       256       256
mmppix:       1.0000   -1.0000   -1.0000
center:     128.0000 -129.0000 -129.0000
fimgreg.f
image alignment mode   3335 decimal      D07 hex
parameters
    2.8304   12.2781   14.5979   -0.1493   -0.2772   -0.1333
    5.3916   -0.8724   -5.4291   -5.0876    0.5957    5.1274
eta,q 0.92605 16.40974
niter,ni,del,rscale     5    3    5.0000    1.2000
parameter  1  0.926340 ->  0.500000 qaram    1.1500
parameter  4 -3.602312 ->  0.500000 qaram    1.1500
parameter  5  1.518920 ->  0.500000 qaram    1.1500
parameter  6  1.700956 ->  0.500000 qaram    1.1500
parameter  7  0.603661 ->  0.500000 qaram    1.1500
parameters
    1.4504   12.2816   14.7667   -4.2893   -4.4172   -4.2733
    1.2516    0.4034   -6.5079   -1.9381    0.5953    4.2910
eta,q 0.94920 16.38058
  0.0736  0.0761  0.0751  0.0538  0.0568  0.0500  0.0525  0.0603  0.0528  0.0553  0.0535  0.0521
  0.0734  0.0746  0.0742  0.0603  0.0585  0.0522  0.0520  0.0569  0.0520  0.0537  0.0521  0.0516
  0.0736  0.0737  0.0737  0.0672  0.0601  0.0550  0.0521  0.0539  0.0516  0.0525  0.0511  0.0510
  0.0740  0.0734  0.0734  0.0734  0.0623  0.0589  0.0529  0.0520  0.0516  0.0516  0.0508  0.0508
  0.0742  0.0738  0.0735  0.0792  0.0653  0.0641  0.0541  0.0518  0.0520  0.0509  0.0511  0.0510
  0.0744  0.0746  0.0739  0.0843  0.0691  0.0700  0.0557  0.0535  0.0527  0.0509  0.0520  0.0519
  0.0750  0.0760  0.0747  0.0882  0.0733  0.0758  0.0578  0.0564  0.0538  0.0520  0.0535  0.0533
niter,ni,del,rscale     7    3    5.0000    1.2000
parameter  2  0.849678 ->  0.500000 qaram    1.1500
parameter  4  1.359519 ->  0.500000 qaram    1.3225
parameter  5  1.867214 ->  0.500000 qaram    1.3225
parameters
    1.6447   10.9016   14.8521   -9.0503   -9.1782   -7.3339
    3.6790   -0.4828   -4.7048   -4.8597   -0.0067    1.6335
eta,q 0.96711 16.32920
  0.0571  0.0492  0.0520  0.0391  0.0334  0.0361  0.0418  0.0402  0.0379  0.0351  0.0348  0.0338
  0.0540  0.0491  0.0504  0.0396  0.0347  0.0353  0.0390  0.0364  0.0362  0.0335  0.0338  0.0331
  0.0518  0.0496  0.0495  0.0423  0.0370  0.0350  0.0366  0.0346  0.0350  0.0333  0.0333  0.0329
  0.0508  0.0507  0.0491  0.0491  0.0400  0.0353  0.0350  0.0345  0.0344  0.0342  0.0333  0.0332
  0.0510  0.0523  0.0494  0.0575  0.0438  0.0365  0.0345  0.0359  0.0342  0.0358  0.0336  0.0340
  0.0527  0.0543  0.0503  0.0656  0.0479  0.0411  0.0352  0.0391  0.0346  0.0379  0.0343  0.0351
  0.0558  0.0568  0.0516  0.0724  0.0519  0.0490  0.0370  0.0437  0.0355  0.0405  0.0354  0.0364
niter,ni,del,rscale     7    3    5.0000    1.2000
parameter  5  0.540557 ->  0.500000 qaram    1.5209
parameters
    1.8693    9.8236   13.6614  -13.2830  -14.6533   -7.4134
    3.8580    0.2460   -4.2212   -6.1641   -0.0757   -0.5408
eta,q 0.97066 15.96212
  0.0412  0.0338  0.0322  0.0329  0.0312  0.0323  0.0334  0.0349  0.0316  0.0320  0.0304  0.0303
  0.0370  0.0326  0.0317  0.0318  0.0300  0.0308  0.0316  0.0319  0.0307  0.0301  0.0299  0.0296
  0.0342  0.0322  0.0317  0.0313  0.0298  0.0300  0.0303  0.0304  0.0301  0.0295  0.0296  0.0293
  0.0329  0.0328  0.0322  0.0316  0.0314  0.0298  0.0298  0.0298  0.0298  0.0298  0.0295  0.0295
  0.0332  0.0345  0.0331  0.0361  0.0347  0.0298  0.0301  0.0300  0.0299  0.0307  0.0296  0.0301
  0.0354  0.0373  0.0343  0.0446  0.0392  0.0303  0.0313  0.0309  0.0304  0.0321  0.0299  0.0311
  0.0390  0.0409  0.0360  0.0538  0.0443  0.0329  0.0332  0.0330  0.0312  0.0338  0.0304  0.0323
niter,ni,del,rscale     7    3    5.0000    1.2000
parameters
    2.1994   10.2861   13.7982  -14.0248  -15.8844   -7.6007
    3.6456    0.5284   -4.5864   -5.3332   -0.3148   -1.1799
eta,q 0.97038 15.86258
  0.0346  0.0339  0.0312  0.0335  0.0346  0.0324  0.0329  0.0341  0.0310  0.0341  0.0305  0.0310
  0.0320  0.0317  0.0301  0.0314  0.0322  0.0309  0.0311  0.0314  0.0302  0.0315  0.0300  0.0302
  0.0302  0.0301  0.0294  0.0300  0.0304  0.0299  0.0300  0.0300  0.0297  0.0300  0.0297  0.0297
  0.0293  0.0293  0.0292  0.0292  0.0293  0.0296  0.0296  0.0296  0.0296  0.0296  0.0296  0.0296
  0.0295  0.0292  0.0293  0.0287  0.0299  0.0298  0.0301  0.0300  0.0298  0.0299  0.0298  0.0299
  0.0306  0.0300  0.0299  0.0309  0.0339  0.0306  0.0313  0.0311  0.0304  0.0308  0.0301  0.0306
  0.0326  0.0317  0.0308  0.0375  0.0388  0.0331  0.0333  0.0333  0.0313  0.0320  0.0306  0.0316
niter,ni,del,rscale     6    3    5.0000    1.2000
parameters
    2.3275   10.5914   13.7437  -13.9556  -16.1442   -7.5022
    3.5431    0.7193   -4.4519   -4.7364   -0.4856   -1.6186
eta,q 0.97033 15.86948
  0.0341  0.0332  0.0312  0.0341  0.0353  0.0326  0.0330  0.0339  0.0311  0.0336  0.0305  0.0311
  0.0317  0.0314  0.0303  0.0319  0.0328  0.0310  0.0312  0.0313  0.0303  0.0312  0.0300  0.0303
  0.0302  0.0302  0.0297  0.0304  0.0309  0.0300  0.0300  0.0300  0.0298  0.0299  0.0298  0.0298
  0.0296  0.0296  0.0296  0.0296  0.0296  0.0296  0.0296  0.0296  0.0296  0.0296  0.0297  0.0297
  0.0300  0.0297  0.0298  0.0291  0.0294  0.0298  0.0301  0.0300  0.0298  0.0300  0.0298  0.0299
  0.0312  0.0304  0.0304  0.0301  0.0323  0.0304  0.0313  0.0311  0.0302  0.0309  0.0301  0.0305
  0.0333  0.0320  0.0313  0.0355  0.0372  0.0328  0.0332  0.0334  0.0310  0.0321  0.0306  0.0315
niter,ni,del,rscale     5    3    5.0000    1.2000
parameters
    2.3793   10.7259   13.6805  -14.0129  -16.2791   -7.4699
    3.4626    0.8248   -4.2759   -4.3894   -0.6405   -1.8350
eta,q 0.97027 15.86390
  0.0339  0.0328  0.0312  0.0340  0.0354  0.0326  0.0330  0.0338  0.0312  0.0333  0.0306  0.0313
  0.0316  0.0312  0.0303  0.0319  0.0329  0.0310  0.0312  0.0313  0.0303  0.0310  0.0301  0.0304
  0.0302  0.0301  0.0298  0.0305  0.0310  0.0300  0.0301  0.0301  0.0299  0.0299  0.0298  0.0299
  0.0297  0.0297  0.0297  0.0296  0.0297  0.0297  0.0297  0.0297  0.0297  0.0297  0.0297  0.0297
  0.0301  0.0298  0.0299  0.0292  0.0294  0.0298  0.0301  0.0301  0.0298  0.0301  0.0298  0.0299
  0.0314  0.0307  0.0305  0.0303  0.0321  0.0305  0.0313  0.0312  0.0302  0.0310  0.0301  0.0305
  0.0336  0.0323  0.0314  0.0358  0.0370  0.0329  0.0332  0.0334  0.0310  0.0322  0.0306  0.0315
niter,ni,del,rscale     4    3    5.0000    1.2000
parameters
    2.4039   10.8158   13.6336  -14.0393  -16.3689   -7.4846
    3.4159    0.8902   -4.1412   -4.1757   -0.7737   -1.9724
eta,q 0.97023 15.85871
  0.0338  0.0327  0.0313  0.0341  0.0354  0.0325  0.0331  0.0337  0.0311  0.0331  0.0306  0.0314
  0.0316  0.0311  0.0304  0.0320  0.0330  0.0311  0.0313  0.0312  0.0304  0.0309  0.0301  0.0304
  0.0302  0.0301  0.0299  0.0305  0.0310  0.0301  0.0302  0.0301  0.0299  0.0299  0.0298  0.0299
  0.0297  0.0297  0.0297  0.0297  0.0297  0.0297  0.0297  0.0297  0.0298  0.0298  0.0298  0.0298
  0.0302  0.0299  0.0299  0.0292  0.0294  0.0299  0.0301  0.0302  0.0299  0.0302  0.0299  0.0300
  0.0315  0.0308  0.0305  0.0303  0.0320  0.0305  0.0313  0.0313  0.0303  0.0311  0.0302  0.0305
  0.0337  0.0324  0.0314  0.0357  0.0369  0.0330  0.0332  0.0335  0.0311  0.0323  0.0306  0.0315
niter,ni,del,rscale     3    3    5.0000    1.2000
parameters
    2.4173   10.8811   13.5968  -14.0584  -16.4273   -7.5095
    3.3801    0.9312   -4.0191   -4.0227   -0.8966   -2.0724
eta,q 0.97021 15.85412
  0.0339  0.0327  0.0313  0.0341  0.0354  0.0326  0.0331  0.0337  0.0311  0.0330  0.0306  0.0314
  0.0317  0.0311  0.0305  0.0320  0.0330  0.0311  0.0313  0.0312  0.0304  0.0309  0.0301  0.0305
  0.0303  0.0302  0.0299  0.0306  0.0311  0.0301  0.0302  0.0301  0.0300  0.0299  0.0299  0.0300
  0.0298  0.0298  0.0298  0.0298  0.0298  0.0298  0.0298  0.0298  0.0298  0.0298  0.0298  0.0298
  0.0302  0.0300  0.0300  0.0293  0.0294  0.0299  0.0302  0.0302  0.0299  0.0302  0.0299  0.0300
  0.0316  0.0308  0.0305  0.0304  0.0320  0.0305  0.0313  0.0313  0.0303  0.0311  0.0302  0.0305
  0.0338  0.0325  0.0314  0.0357  0.0368  0.0330  0.0332  0.0335  0.0311  0.0323  0.0307  0.0315
niter,ni,del,rscale     2    3    5.0000    1.2000
parameters
    2.4246   10.9268   13.5668  -14.0775  -16.4705   -7.5308
    3.3541    0.9589   -3.9232   -3.9163   -0.9887   -2.1421
eta,q 0.97019 15.84991
  0.0339  0.0326  0.0313  0.0341  0.0354  0.0326  0.0331  0.0337  0.0311  0.0330  0.0306  0.0314
  0.0317  0.0311  0.0305  0.0320  0.0330  0.0311  0.0313  0.0312  0.0304  0.0308  0.0301  0.0305
  0.0303  0.0302  0.0300  0.0306  0.0311  0.0301  0.0302  0.0301  0.0300  0.0299  0.0299  0.0300
  0.0298  0.0298  0.0298  0.0298  0.0298  0.0298  0.0298  0.0298  0.0298  0.0298  0.0298  0.0298
  0.0302  0.0300  0.0300  0.0293  0.0295  0.0299  0.0302  0.0302  0.0299  0.0303  0.0299  0.0300
  0.0316  0.0309  0.0305  0.0304  0.0320  0.0305  0.0313  0.0313  0.0303  0.0312  0.0302  0.0306
  0.0338  0.0325  0.0314  0.0357  0.0368  0.0331  0.0332  0.0335  0.0311  0.0324  0.0307  0.0315
niter,ni,del,rscale     1    3    5.0000    1.2000
parameters
    2.4296   10.9633   13.5429  -14.0922  -16.5043   -7.5555
    3.3358    0.9798   -3.8516   -3.8294   -1.0456   -2.1937
eta,q 0.97017 15.84629
  0.0339  0.0326  0.0314  0.0341  0.0354  0.0326  0.0331  0.0337  0.0311  0.0329  0.0307  0.0314
  0.0317  0.0311  0.0305  0.0320  0.0330  0.0311  0.0314  0.0312  0.0304  0.0308  0.0302  0.0305
  0.0303  0.0302  0.0300  0.0306  0.0311  0.0301  0.0302  0.0301  0.0300  0.0299  0.0299  0.0300
  0.0298  0.0298  0.0298  0.0298  0.0298  0.0298  0.0298  0.0298  0.0298  0.0298  0.0298  0.0298
  0.0303  0.0300  0.0300  0.0294  0.0295  0.0299  0.0302  0.0303  0.0299  0.0303  0.0299  0.0300
  0.0316  0.0309  0.0305  0.0304  0.0319  0.0306  0.0313  0.0314  0.0303  0.0312  0.0302  0.0306
  0.0339  0.0326  0.0314  0.0357  0.0367  0.0331  0.0332  0.0335  0.0311  0.0324  0.0307  0.0315
registration optimization eta report
parameter search radius
    2.7600    2.7600    2.4000    9.5220   10.9503    8.2800
    8.2800    7.2000    7.2000    7.2000    7.2000    7.2000
100000*second partial in parameter space
       53.       37.       28.        6.        5.        4.
        5.        7.        3.        5.        2.        3.
  0.0339  0.0326  0.0314  0.0341  0.0354  0.0326  0.0331  0.0337  0.0311  0.0329  0.0307  0.0314
  0.0317  0.0311  0.0305  0.0320  0.0330  0.0311  0.0314  0.0312  0.0304  0.0308  0.0302  0.0305
  0.0303  0.0302  0.0300  0.0306  0.0311  0.0301  0.0302  0.0301  0.0300  0.0299  0.0299  0.0300
  0.0298  0.0298  0.0298  0.0298  0.0298  0.0298  0.0298  0.0298  0.0298  0.0298  0.0298  0.0298
  0.0303  0.0300  0.0300  0.0294  0.0295  0.0299  0.0302  0.0303  0.0299  0.0303  0.0299  0.0300
  0.0316  0.0309  0.0305  0.0304  0.0319  0.0306  0.0313  0.0314  0.0303  0.0312  0.0302  0.0306
  0.0339  0.0326  0.0314  0.0357  0.0367  0.0331  0.0332  0.0335  0.0311  0.0324  0.0307  0.0315
    2.4296   10.9633   13.5429  -14.0922  -16.5043   -7.5555
    3.3358    0.9798   -3.8516   -3.8294   -1.0456   -2.1937
eta,q 0.97017 15.84629

---------------------------------------------------------------------
imgreg_4dfp /opt/freesurfer/average/711-2C_as_mni_average_305 /opt/freesurfer/average/711-2B_as_mni_average_305_mask talsrcimg_g11 none talsrcimg_to_711-2C_as_mni_average_305_t4 2311
---------------------------------------------------------------------

freesurfer imgreg_4dfp.c
/opt/freesurfer/average/711-2C_as_mni_average_305.4dfp.img
       256       256       256         1
  1.000000  1.000000  1.000000
orientation T byte_order littleendian
Reading image: /opt/freesurfer/average/711-2C_as_mni_average_305.4dfp.img
dimensions:      256       256       256
mmppix:       1.0000   -1.0000   -1.0000
center:     128.0000 -129.0000 -129.0000
/opt/freesurfer/average/711-2B_as_mni_average_305_mask.4dfp.img
       256       256       256         1
  1.000000  1.000000  1.000000
orientation T byte_order littleendian
Reading mask: /opt/freesurfer/average/711-2B_as_mni_average_305_mask.4dfp.img (2306576 pixels)
talsrcimg_g11.4dfp.img
       256       256       256         1
  1.000000  1.000000  1.000000
orientation T byte_order littleendian
Reading image: talsrcimg_g11.4dfp.img
dimensions:      256       256       256
mmppix:       1.0000   -1.0000   -1.0000
center:     128.0000 -129.0000 -129.0000
fimgreg.f
image alignment mode   2311 decimal      907 hex
parameters
    2.4296   10.9633   13.5429  -14.0922  -16.5043   -7.5555
    3.3358    0.9798   -3.8516   -3.8294   -1.0456   -2.1937
eta,q 0.97017 15.84629
niter,ni,del,rscale     5    3    5.0000    0.8000
parameter  4 -0.769676 -> -0.500000 qaram    1.1500
parameters
    2.4445   11.0667   13.5237  -11.3322  -14.4741   -7.6047
    2.9988    1.1059   -4.1634   -3.8032   -0.2514   -1.9832
eta,q 0.97099 16.11978
  0.0313  0.0308  0.0305  0.0313  0.0314  0.0302  0.0304  0.0317  0.0298  0.0309  0.0298  0.0301
  0.0305  0.0303  0.0301  0.0306  0.0306  0.0295  0.0296  0.0302  0.0294  0.0297  0.0294  0.0295
  0.0300  0.0300  0.0299  0.0301  0.0300  0.0291  0.0292  0.0293  0.0291  0.0291  0.0292  0.0291
  0.0298  0.0298  0.0298  0.0298  0.0294  0.0290  0.0290  0.0290  0.0290  0.0290  0.0290  0.0290
  0.0300  0.0299  0.0299  0.0296  0.0291  0.0291  0.0293  0.0293  0.0292  0.0293  0.0290  0.0291
  0.0304  0.0301  0.0302  0.0294  0.0291  0.0295  0.0299  0.0300  0.0295  0.0299  0.0292  0.0294
  0.0312  0.0306  0.0306  0.0295  0.0297  0.0303  0.0309  0.0314  0.0301  0.0307  0.0294  0.0299
niter,ni,del,rscale     5    3    5.0000    0.8000
parameters
    2.4422   10.7585   13.4318  -12.3143  -14.5456   -6.9660
    3.3063    0.9689   -4.3322   -4.1702   -0.0019   -1.7300
eta,q 0.97092 16.08428
  0.0307  0.0298  0.0297  0.0302  0.0306  0.0303  0.0307  0.0311  0.0299  0.0306  0.0296  0.0302
  0.0298  0.0293  0.0293  0.0297  0.0300  0.0297  0.0299  0.0299  0.0294  0.0296  0.0293  0.0296
  0.0292  0.0290  0.0290  0.0293  0.0295  0.0293  0.0294  0.0293  0.0292  0.0291  0.0292  0.0292
  0.0290  0.0290  0.0290  0.0290  0.0291  0.0291  0.0291  0.0291  0.0291  0.0291  0.0291  0.0291
  0.0292  0.0293  0.0291  0.0290  0.0292  0.0291  0.0292  0.0294  0.0292  0.0295  0.0291  0.0292
  0.0298  0.0299  0.0294  0.0301  0.0297  0.0293  0.0296  0.0300  0.0295  0.0301  0.0293  0.0295
  0.0307  0.0308  0.0299  0.0330  0.0311  0.0298  0.0304  0.0313  0.0300  0.0309  0.0295  0.0300
niter,ni,del,rscale     4    3    5.0000    0.7000
parameters
    2.3812   10.6743   13.5842  -11.9009  -14.5179   -6.8642
    3.4132    0.8419   -4.4516   -4.5020    0.1295   -1.4724
eta,q 0.97104 16.11367
  0.0302  0.0299  0.0298  0.0303  0.0303  0.0298  0.0302  0.0306  0.0296  0.0302  0.0294  0.0299
  0.0295  0.0294  0.0294  0.0298  0.0297  0.0293  0.0296  0.0296  0.0293  0.0294  0.0292  0.0294
  0.0292  0.0292  0.0292  0.0294  0.0293  0.0291  0.0291  0.0291  0.0291  0.0290  0.0290  0.0291
  0.0291  0.0291  0.0291  0.0291  0.0290  0.0290  0.0290  0.0290  0.0290  0.0290  0.0290  0.0290
  0.0292  0.0292  0.0291  0.0288  0.0290  0.0290  0.0291  0.0292  0.0291  0.0293  0.0290  0.0290
  0.0297  0.0295  0.0293  0.0290  0.0295  0.0292  0.0295  0.0297  0.0293  0.0298  0.0291  0.0292
  0.0304  0.0301  0.0296  0.0303  0.0305  0.0297  0.0301  0.0308  0.0297  0.0305  0.0294  0.0297
niter,ni,del,rscale     3    3    5.0000    0.6000
parameters
    2.3613   10.5643   13.6433  -11.5685  -14.3439   -6.9103
    3.4747    0.7580   -4.5343   -4.8062    0.1919   -1.2456
eta,q 0.97115 16.13339
  0.0298  0.0295  0.0295  0.0299  0.0300  0.0294  0.0298  0.0301  0.0294  0.0298  0.0292  0.0295
  0.0293  0.0292  0.0292  0.0295  0.0295  0.0291  0.0293  0.0294  0.0291  0.0292  0.0290  0.0292
  0.0290  0.0290  0.0290  0.0292  0.0291  0.0289  0.0290  0.0290  0.0289  0.0289  0.0289  0.0289
  0.0290  0.0290  0.0290  0.0289  0.0289  0.0289  0.0289  0.0289  0.0289  0.0289  0.0289  0.0289
  0.0291  0.0291  0.0290  0.0288  0.0289  0.0289  0.0290  0.0290  0.0289  0.0291  0.0289  0.0289
  0.0294  0.0294  0.0291  0.0290  0.0292  0.0291  0.0292  0.0295  0.0291  0.0295  0.0290  0.0291
  0.0299  0.0298  0.0294  0.0299  0.0299  0.0295  0.0297  0.0303  0.0294  0.0300  0.0292  0.0294
niter,ni,del,rscale     2    3    5.0000    0.5000
parameters
    2.3386   10.4607   13.6650  -11.2133  -14.1840   -7.0152
    3.5292    0.6762   -4.5995   -5.0695    0.2810   -1.0371
eta,q 0.97124 16.15016
  0.0295  0.0293  0.0292  0.0296  0.0296  0.0291  0.0294  0.0297  0.0291  0.0294  0.0290  0.0293
  0.0291  0.0290  0.0290  0.0293  0.0292  0.0289  0.0291  0.0292  0.0289  0.0290  0.0289  0.0290
  0.0289  0.0289  0.0289  0.0291  0.0290  0.0288  0.0289  0.0289  0.0288  0.0288  0.0288  0.0288
  0.0289  0.0288  0.0289  0.0289  0.0288  0.0288  0.0288  0.0288  0.0288  0.0288  0.0288  0.0288
  0.0289  0.0289  0.0289  0.0287  0.0288  0.0288  0.0288  0.0289  0.0288  0.0289  0.0288  0.0288
  0.0292  0.0291  0.0290  0.0289  0.0290  0.0290  0.0291  0.0292  0.0290  0.0292  0.0289  0.0289
  0.0295  0.0295  0.0292  0.0295  0.0295  0.0292  0.0294  0.0298  0.0292  0.0296  0.0290  0.0291
niter,ni,del,rscale     1    3    5.0000    0.4000
parameters
    2.3161   10.3687   13.6776  -10.8907  -14.0410   -7.2092
    3.5770    0.5833   -4.6373   -5.3322    0.3554   -0.8481
eta,q 0.97131 16.15885
  0.0292  0.0290  0.0290  0.0293  0.0293  0.0289  0.0292  0.0293  0.0290  0.0291  0.0289  0.0290
  0.0289  0.0289  0.0289  0.0291  0.0290  0.0288  0.0289  0.0290  0.0288  0.0288  0.0288  0.0288
  0.0288  0.0288  0.0288  0.0289  0.0288  0.0287  0.0288  0.0288  0.0287  0.0287  0.0287  0.0287
  0.0288  0.0288  0.0288  0.0288  0.0287  0.0287  0.0287  0.0287  0.0287  0.0287  0.0287  0.0287
  0.0288  0.0288  0.0288  0.0287  0.0287  0.0288  0.0287  0.0288  0.0287  0.0288  0.0287  0.0287
  0.0290  0.0290  0.0289  0.0288  0.0289  0.0289  0.0289  0.0290  0.0288  0.0290  0.0288  0.0288
  0.0292  0.0292  0.0290  0.0292  0.0292  0.0290  0.0291  0.0294  0.0290  0.0293  0.0289  0.0289
registration optimization eta report
parameter search radius
    0.8000    0.8000    0.8000    2.7600    2.4000    2.4000
    2.4000    2.4000    2.4000    2.4000    2.4000    2.4000
100000*second partial in parameter space
       69.       53.       35.        7.        9.        5.
        8.       12.        4.        9.        3.        5.
  0.0292  0.0290  0.0290  0.0293  0.0293  0.0289  0.0292  0.0293  0.0290  0.0291  0.0289  0.0290
  0.0289  0.0289  0.0289  0.0291  0.0290  0.0288  0.0289  0.0290  0.0288  0.0288  0.0288  0.0288
  0.0288  0.0288  0.0288  0.0289  0.0288  0.0287  0.0288  0.0288  0.0287  0.0287  0.0287  0.0287
  0.0288  0.0288  0.0288  0.0288  0.0287  0.0287  0.0287  0.0287  0.0287  0.0287  0.0287  0.0287
  0.0288  0.0288  0.0288  0.0287  0.0287  0.0288  0.0287  0.0288  0.0287  0.0288  0.0287  0.0287
  0.0290  0.0290  0.0289  0.0288  0.0289  0.0289  0.0289  0.0290  0.0288  0.0290  0.0288  0.0288
  0.0292  0.0292  0.0290  0.0292  0.0292  0.0290  0.0291  0.0294  0.0290  0.0293  0.0289  0.0289
    2.3161   10.3687   13.6776  -10.8907  -14.0410   -7.2092
    3.5770    0.5833   -4.6373   -5.3322    0.3554   -0.8481
eta,q 0.97131 16.15885

---------------------------------------------------------------------
imgreg_4dfp /opt/freesurfer/average/711-2C_as_mni_average_305 /opt/freesurfer/average/711-2B_as_mni_average_305_mask talsrcimg_g11 none talsrcimg_to_711-2C_as_mni_average_305_t4 2311
---------------------------------------------------------------------

freesurfer imgreg_4dfp.c
/opt/freesurfer/average/711-2C_as_mni_average_305.4dfp.img
       256       256       256         1
  1.000000  1.000000  1.000000
orientation T byte_order littleendian
Reading image: /opt/freesurfer/average/711-2C_as_mni_average_305.4dfp.img
dimensions:      256       256       256
mmppix:       1.0000   -1.0000   -1.0000
center:     128.0000 -129.0000 -129.0000
/opt/freesurfer/average/711-2B_as_mni_average_305_mask.4dfp.img
       256       256       256         1
  1.000000  1.000000  1.000000
orientation T byte_order littleendian
Reading mask: /opt/freesurfer/average/711-2B_as_mni_average_305_mask.4dfp.img (2306576 pixels)
talsrcimg_g11.4dfp.img
       256       256       256         1
  1.000000  1.000000  1.000000
orientation T byte_order littleendian
Reading image: talsrcimg_g11.4dfp.img
dimensions:      256       256       256
mmppix:       1.0000   -1.0000   -1.0000
center:     128.0000 -129.0000 -129.0000
fimgreg.f
image alignment mode   2311 decimal      907 hex
parameters
    2.3161   10.3687   13.6776  -10.8907  -14.0410   -7.2092
    3.5770    0.5833   -4.6373   -5.3322    0.3554   -0.8481
eta,q 0.97131 16.15885
niter,ni,del,rscale     5    3    5.0000    0.8000
parameters
    2.2813   10.2745   13.7089  -11.8208  -14.4264   -6.9771
    3.6153    0.5516   -4.6562   -5.2350    0.2489   -0.9699
eta,q 0.97113 16.10798
  0.0305  0.0299  0.0297  0.0297  0.0303  0.0300  0.0304  0.0312  0.0298  0.0310  0.0294  0.0298
  0.0295  0.0292  0.0291  0.0293  0.0297  0.0294  0.0296  0.0298  0.0293  0.0296  0.0291  0.0293
  0.0289  0.0288  0.0288  0.0290  0.0291  0.0290  0.0291  0.0291  0.0290  0.0290  0.0289  0.0290
  0.0287  0.0287  0.0287  0.0287  0.0288  0.0289  0.0289  0.0289  0.0289  0.0289  0.0289  0.0289
  0.0289  0.0289  0.0288  0.0288  0.0290  0.0289  0.0290  0.0291  0.0290  0.0292  0.0289  0.0290
  0.0296  0.0294  0.0291  0.0298  0.0298  0.0292  0.0295  0.0298  0.0293  0.0298  0.0291  0.0294
  0.0307  0.0303  0.0296  0.0323  0.0313  0.0298  0.0304  0.0313  0.0298  0.0306  0.0295  0.0299
niter,ni,del,rscale     4    3    5.0000    0.7000
parameters
    2.2901   10.3857   13.7268  -11.5802  -14.4185   -7.0185
    3.5786    0.5819   -4.6406   -5.1839    0.2193   -1.0202
eta,q 0.97117 16.12180
  0.0301  0.0300  0.0296  0.0298  0.0302  0.0296  0.0300  0.0307  0.0296  0.0304  0.0293  0.0296
  0.0294  0.0294  0.0292  0.0295  0.0296  0.0292  0.0294  0.0296  0.0291  0.0294  0.0290  0.0292
  0.0290  0.0290  0.0290  0.0291  0.0291  0.0289  0.0290  0.0290  0.0289  0.0289  0.0289  0.0289
  0.0289  0.0289  0.0289  0.0289  0.0288  0.0288  0.0288  0.0288  0.0288  0.0288  0.0288  0.0288
  0.0290  0.0289  0.0289  0.0287  0.0288  0.0289  0.0290  0.0290  0.0289  0.0291  0.0289  0.0289
  0.0294  0.0292  0.0292  0.0289  0.0293  0.0291  0.0294  0.0296  0.0291  0.0295  0.0290  0.0292
  0.0301  0.0297  0.0295  0.0300  0.0304  0.0297  0.0301  0.0306  0.0295  0.0302  0.0293  0.0296
niter,ni,del,rscale     3    3    5.0000    0.6000
parameters
    2.3023   10.3903   13.7070  -11.2645  -14.2824   -7.1028
    3.5645    0.5861   -4.6319   -5.2172    0.2655   -0.9672
eta,q 0.97123 16.13910
  0.0298  0.0296  0.0293  0.0296  0.0299  0.0293  0.0297  0.0302  0.0293  0.0299  0.0291  0.0294
  0.0292  0.0292  0.0290  0.0293  0.0294  0.0290  0.0292  0.0294  0.0290  0.0292  0.0289  0.0290
  0.0289  0.0289  0.0289  0.0290  0.0290  0.0288  0.0289  0.0289  0.0288  0.0288  0.0288  0.0288
  0.0288  0.0288  0.0288  0.0288  0.0288  0.0288  0.0288  0.0288  0.0288  0.0288  0.0288  0.0288
  0.0289  0.0289  0.0289  0.0287  0.0288  0.0288  0.0289  0.0289  0.0288  0.0289  0.0288  0.0288
  0.0292  0.0291  0.0291  0.0289  0.0291  0.0290  0.0292  0.0294  0.0290  0.0293  0.0289  0.0290
  0.0297  0.0296  0.0293  0.0296  0.0299  0.0294  0.0297  0.0302  0.0293  0.0298  0.0291  0.0293
niter,ni,del,rscale     2    3    5.0000    0.5000
parameters
    2.3018   10.3548   13.6900  -10.9880  -14.1316   -7.1971
    3.5722    0.5563   -4.6554   -5.3236    0.3348   -0.8573
eta,q 0.97130 16.15242
  0.0294  0.0292  0.0291  0.0293  0.0295  0.0291  0.0294  0.0297  0.0291  0.0295  0.0290  0.0292
  0.0291  0.0290  0.0289  0.0291  0.0292  0.0289  0.0290  0.0291  0.0289  0.0290  0.0288  0.0289
  0.0288  0.0288  0.0288  0.0289  0.0289  0.0287  0.0288  0.0288  0.0288  0.0287  0.0287  0.0288
  0.0288  0.0288  0.0288  0.0288  0.0287  0.0287  0.0287  0.0287  0.0287  0.0287  0.0287  0.0287
  0.0288  0.0288  0.0288  0.0287  0.0287  0.0288  0.0288  0.0288  0.0287  0.0289  0.0287  0.0287
  0.0291  0.0290  0.0289  0.0288  0.0290  0.0289  0.0290  0.0292  0.0289  0.0291  0.0288  0.0289
  0.0294  0.0293  0.0291  0.0293  0.0295  0.0292  0.0294  0.0298  0.0291  0.0295  0.0290  0.0291
niter,ni,del,rscale     1    3    5.0000    0.4000
parameters
    2.2959   10.3117   13.6858  -10.7261  -14.0050   -7.3546
    3.5848    0.5186   -4.6618   -5.4724    0.3666   -0.7624
eta,q 0.97134 16.15926
  0.0291  0.0290  0.0289  0.0291  0.0292  0.0289  0.0291  0.0293  0.0289  0.0291  0.0289  0.0290
  0.0289  0.0288  0.0288  0.0290  0.0290  0.0288  0.0289  0.0290  0.0288  0.0288  0.0287  0.0288
  0.0288  0.0287  0.0287  0.0288  0.0288  0.0287  0.0287  0.0287  0.0287  0.0287  0.0287  0.0287
  0.0287  0.0287  0.0287  0.0287  0.0287  0.0287  0.0287  0.0287  0.0287  0.0287  0.0287  0.0287
  0.0288  0.0288  0.0287  0.0287  0.0287  0.0287  0.0287  0.0287  0.0287  0.0288  0.0287  0.0287
  0.0289  0.0289  0.0288  0.0287  0.0288  0.0288  0.0289  0.0290  0.0288  0.0290  0.0287  0.0288
  0.0292  0.0291  0.0289  0.0291  0.0292  0.0290  0.0291  0.0294  0.0289  0.0292  0.0288  0.0289
registration optimization eta report
parameter search radius
    0.8000    0.8000    0.8000    2.4000    2.4000    2.4000
    2.4000    2.4000    2.4000    2.4000    2.4000    2.4000
100000*second partial in parameter space
       71.       54.       36.        7.        9.        5.
        8.       12.        5.        9.        3.        5.
  0.0291  0.0290  0.0289  0.0291  0.0292  0.0289  0.0291  0.0293  0.0289  0.0291  0.0289  0.0290
  0.0289  0.0288  0.0288  0.0290  0.0290  0.0288  0.0289  0.0290  0.0288  0.0288  0.0287  0.0288
  0.0288  0.0287  0.0287  0.0288  0.0288  0.0287  0.0287  0.0287  0.0287  0.0287  0.0287  0.0287
  0.0287  0.0287  0.0287  0.0287  0.0287  0.0287  0.0287  0.0287  0.0287  0.0287  0.0287  0.0287
  0.0288  0.0288  0.0287  0.0287  0.0287  0.0287  0.0287  0.0287  0.0287  0.0288  0.0287  0.0287
  0.0289  0.0289  0.0288  0.0287  0.0288  0.0288  0.0289  0.0290  0.0288  0.0290  0.0287  0.0288
  0.0292  0.0291  0.0289  0.0291  0.0292  0.0290  0.0291  0.0294  0.0289  0.0292  0.0288  0.0289
    2.2959   10.3117   13.6858  -10.7261  -14.0050   -7.3546
    3.5848    0.5186   -4.6618   -5.4724    0.3666   -0.7624
eta,q 0.97134 16.15926

---------------------------------------------------------------------
compute_vox2vox talsrcimg talsrcimg_to_711-2C_as_mni_average_305_t4 /opt/freesurfer/average/711-2C_as_mni_average_305
---------------------------------------------------------------------

freesurfer compute_vox2vox.c
Reading: talsrcimg.4dfp.ifh
Reading: talsrcimg_to_711-2C_as_mni_average_305_t4
Reading: /opt/freesurfer/average/711-2C_as_mni_average_305.4dfp.ifh
Writing: talsrcimg_to_711-2C_as_mni_average_305_t4_vox2vox.txt

start time Mon Mar 9 00:49:25 CET 2026
end		time Mon Mar 9 00:50:51 CET 2026

mpr2mni305 success

avi2talxfm orig_nu.mgz /opt/freesurfer/average/mni305.cor.mgz talsrcimg_to_711-2C_as_mni_average_305_t4_vox2vox.txt transforms/talairach.auto.xfm
avi2talxfm done
mv -f /out/sourcedata/freesurfer/sub-v1s16x0051199_ses-1/mri/talsrcimg_to_711-2C_as_mni_average_305_t4_vox2vox.txt /out/sourcedata/freesurfer/sub-v1s16x0051199_ses-1/mri/transforms/talsrcimg_to_711-2C_as_mni_average_305_t4_vox2vox.txt
lta_convert --src orig_nu.mgz --trg /opt/freesurfer/average/mni305.cor.mgz --inxfm transforms/talairach.auto.xfm --outlta transforms/talairach.auto.xfm.lta --subject fsaverage
7.3.2

--src: orig_nu.mgz src image (geometry).
--trg: /opt/freesurfer/average/mni305.cor.mgz trg image (geometry).
--inmni: transforms/talairach.auto.xfm input MNI/XFM transform.
--outlta: transforms/talairach.auto.xfm.lta output LTA.
--s: fsaverage subject name
 LTA read, type : 1
 1.11775  -0.00901  -0.04668  -0.30585;
-0.00393   1.07998   0.00974  -30.21098;
 0.06034   0.06824   1.16095  -15.05162;
 0.00000   0.00000   0.00000   1.00000;
setting subject to fsaverage
Writing  LTA to file transforms/talairach.auto.xfm.lta...
lta_convert successful.
 
 
Started at Mon Mar 9 00:49:25 CET 2026
Ended   at Mon Mar  9 00:50:51 CET 2026
talairach_avi done
