status file for recon-all
Mon Mar  9 01:16:49 CET 2026
#@# Tessellate lh Mon Mar  9 01:16:49 CET 2026
#@# Smooth1 lh Mon Mar  9 01:16:51 CET 2026
#@# Inflation1 lh Mon Mar  9 01:16:53 CET 2026
#@# QSphere lh Mon Mar  9 01:17:04 CET 2026
#@# Fix Topology lh Mon Mar  9 01:18:00 CET 2026
#@# Smooth2 lh Mon Mar  9 01:23:41 CET 2026
#@# Inflation2 lh Mon Mar  9 01:23:43 CET 2026
#@# Curv .H and .K lh Mon Mar  9 01:23:53 CET 2026
#@# Sphere lh Mon Mar  9 01:24:23 CET 2026
#@# Surf Reg lh Mon Mar  9 01:27:04 CET 2026
#@# Jacobian white lh Mon Mar  9 01:29:44 CET 2026
#@# AvgCurv lh Mon Mar  9 01:29:44 CET 2026
#@# Cortical Parc lh Mon Mar  9 01:29:45 CET 2026
#@# white curv lh Mon Mar  9 01:34:20 CET 2026
#@# white area lh Mon Mar  9 01:34:21 CET 2026
#@# pial curv lh Mon Mar  9 01:34:22 CET 2026
#@# pial area lh Mon Mar  9 01:34:23 CET 2026
#@# thickness lh Mon Mar  9 01:34:23 CET 2026
#@# area and vertex vol lh Mon Mar  9 01:34:38 CET 2026
#@# Curvature Stats lh Mon Mar  9 01:34:39 CET 2026
#@# Cortical Parc 2 lh Mon Mar  9 01:34:40 CET 2026
#@# Cortical Parc 3 lh Mon Mar  9 01:34:48 CET 2026
#@# WM/GM Contrast lh Mon Mar  9 01:34:54 CET 2026
recon-all -s sub-v1s16x0051188_ses-1 finished without error at Mon Mar  9 01:34:56 CET 2026



#New# invocation of recon-all 



status file for recon-all
Mon Mar  9 01:53:19 CET 2026
#@# white curv lh Mon Mar  9 01:53:19 CET 2026
#@# white area lh Mon Mar  9 01:53:19 CET 2026
#@# pial curv lh Mon Mar  9 01:53:19 CET 2026
#@# pial area lh Mon Mar  9 01:53:19 CET 2026
#@# thickness lh Mon Mar  9 01:53:19 CET 2026
#@# area and vertex vol lh Mon Mar  9 01:53:19 CET 2026
#@# Parcellation Stats lh Mon Mar  9 01:53:19 CET 2026
#@# Parcellation Stats 2 lh Mon Mar  9 01:53:29 CET 2026
#@# Parcellation Stats 3 lh Mon Mar  9 01:53:35 CET 2026
#@# BA_exvivo Labels lh Mon Mar  9 01:53:40 CET 2026
recon-all -s sub-v1s16x0051188_ses-1 finished without error at Mon Mar  9 01:55:21 CET 2026
