/out/sourcedata/freesurfer/sub-v1s16x0051170_ses-1/mri
/opt/freesurfer/bin/talairach_avi
--i orig_nu.mgz --xfm transforms/talairach.auto.xfm
talairach_avi 7.3.2
Linux dna079 5.14.0-427.37.1.el9_4.x86_64 #1 SMP PREEMPT_DYNAMIC Fri Sep 13 12:41:50 EDT 2024 x86_64 x86_64 x86_64 GNU/Linux
Sun Mar  8 22:24:39 CET 2026
mri_convert orig_nu.mgz talsrcimg.img 
reading from orig_nu.mgz...
TR=0.00, TE=0.00, TI=0.00, flip angle=0.00
i_ras = (-1, 0, 0)
j_ras = (0, 0, -1)
k_ras = (0, 1, 0)
writing to talsrcimg.img...
Analyze Output Matrix
-1.00000   0.00000   0.00000   131.76517;
 0.00000   0.00000   1.00000  -115.32195;
 0.00000  -1.00000   0.00000   130.60416;
 0.00000   0.00000   0.00000   1.00000;
--------------------
INFO: set hdr.hist.orient to -1
mpr2mni305 talsrcimg
Sun Mar  8 22:24:39 CET 2026
/opt/freesurfer/bin/mpr2mni305 talsrcimg
mpr2mni305 7.3.2
target=711-2C_as_mni_average_305

---------------------------------------------------------------------
analyzeto4dfp talsrcimg -O0 -y
---------------------------------------------------------------------

freesurfer ifh2hdr.c
Sun Mar  8 22:24:39 2026
Writing: talsrcimg.4dfp.hdr
freesurfer analyzeto4dfp.c
Reading: talsrcimg.hdr
header size 348 bytes
hdr.dime.datatype	offset=70	value=2
hdr.dime.bitpix		offset=72	value=8
hdr.hist.orient		offset=252	value=-1
dimensionality     4
dimensions       256       256       256         1
Reading: talsrcimg.img
Writing: talsrcimg.4dfp.img
Writing: talsrcimg.4dfp.ifh
ifh2hdr talsrcimg -r0to221
ori=2

---------------------------------------------------------------------
gauss_4dfp talsrcimg 1.1
---------------------------------------------------------------------

freesurfer gauss_4dfp.c
Reading: talsrcimg.4dfp.img
Writing: talsrcimg_g11.4dfp.img
image dimensions 256 256 256 padded to 288 288 288
processing volume 1freesurfer ifh2hdr.c
Sun Mar  8 22:24:41 2026
Writing: talsrcimg_g11.4dfp.hdr

Writing: talsrcimg_g11.4dfp.ifh
including: talsrcimg.4dfp.img.rec in talsrcimg_g11.4dfp.img.rec

---------------------------------------------------------------------
imgreg_4dfp /opt/freesurfer/average/711-2C_as_mni_average_305 none talsrcimg_g11 none talsrcimg_to_711-2C_as_mni_average_305_t4 4355
---------------------------------------------------------------------

freesurfer imgreg_4dfp.c
/opt/freesurfer/average/711-2C_as_mni_average_305.4dfp.img
       256       256       256         1
  1.000000  1.000000  1.000000
orientation T byte_order littleendian
Reading image: /opt/freesurfer/average/711-2C_as_mni_average_305.4dfp.img
dimensions:      256       256       256
mmppix:       1.0000   -1.0000   -1.0000
center:     128.0000 -129.0000 -129.0000
talsrcimg_g11.4dfp.img
       256       256       256         1
  1.000000  1.000000  1.000000
orientation T byte_order littleendian
Reading image: talsrcimg_g11.4dfp.img
dimensions:      256       256       256
mmppix:       1.0000   -1.0000   -1.0000
center:     128.0000 -129.0000 -129.0000
t4_read: open error in t4_sub.f l:  41 t4_file(1:l)talsrcimg_to_711-2C_as_mni_average_305_t4 
t4_read: transform initialized to I4
rotation matrix determinant  1.000000
image alignment mode   4355 decimal     1103 hex
   -7.5000  -45.0000  -45.0000 5665.8037   26.2747
    0.0000  -45.0000  -45.0000 5920.1064   26.3305
    7.5000  -45.0000  -45.0000 5623.4385   26.2469
   -7.5000  -37.5000  -45.0000 6234.7314   25.9797
    0.0000  -37.5000  -45.0000 6500.1382   26.0561
    7.5000  -37.5000  -45.0000 6200.8301   25.9978
   -7.5000  -30.0000  -45.0000 7088.1177   25.8806
    0.0000  -30.0000  -45.0000 7365.3740   25.9609
    7.5000  -30.0000  -45.0000 7045.1509   25.9146
   -7.5000  -22.5000  -45.0000 7978.3569   25.8322
    0.0000  -22.5000  -45.0000 8254.1162   25.8948
    7.5000  -22.5000  -45.0000 7904.0459   25.8390
   -7.5000  -15.0000  -45.0000 8924.2305   25.8302
    0.0000  -15.0000  -45.0000 9224.6748   25.8688
    7.5000  -15.0000  -45.0000 8814.0791   25.7909
   -7.5000   -7.5000  -45.0000 9730.0986   25.8507
    0.0000   -7.5000  -45.000010063.7217   25.8853
    7.5000   -7.5000  -45.0000 9606.4053   25.7924
   -7.5000    0.0000  -45.000010397.9834   25.8667
    0.0000    0.0000  -45.000010756.1396   25.9205
    7.5000    0.0000  -45.000010277.3584   25.8378
   -7.5000    7.5000  -45.000010254.7148   25.8657
    0.0000    7.5000  -45.000010580.1406   25.9414
    7.5000    7.5000  -45.000010137.7363   25.8828
   -7.5000   15.0000  -45.000010056.5820   25.8517
    0.0000   15.0000  -45.000010377.2627   25.9321
    7.5000   15.0000  -45.0000 9938.7109   25.8857
   -7.5000   22.5000  -45.0000 9794.6807   25.8286
    0.0000   22.5000  -45.000010086.1611   25.8912
    7.5000   22.5000  -45.0000 9697.5225   25.8355
   -7.5000   30.0000  -45.0000 9496.2666   25.4860
    0.0000   30.0000  -45.0000 9793.1582   25.5241
    7.5000   30.0000  -45.0000 9422.4492   25.4472
   -7.5000   37.5000  -45.0000 9509.8623   25.5062
    0.0000   37.5000  -45.0000 9800.0908   25.5404
    7.5000   37.5000  -45.0000 9455.9688   25.4487
   -7.5000   45.0000  -45.0000 8934.0703   24.8739
    0.0000   45.0000  -45.0000 9178.6074   24.9256
    7.5000   45.0000  -45.0000 8870.5283   24.8461
   -7.5000  -45.0000  -37.5000 6066.8081   26.0665
    0.0000  -45.0000  -37.5000 6331.1846   26.0954
    7.5000  -45.0000  -37.5000 6044.2051   26.0015
   -7.5000  -37.5000  -37.5000 6685.2690   25.7827
    0.0000  -37.5000  -37.5000 6950.0527   25.8355
    7.5000  -37.5000  -37.5000 6646.7036   25.7625
   -7.5000  -30.0000  -37.5000 7628.9023   25.6993
    0.0000  -30.0000  -37.5000 7911.7856   25.7648
    7.5000  -30.0000  -37.5000 7570.3481   25.7050
   -7.5000  -22.5000  -37.5000 8591.8047   25.6585
    0.0000  -22.5000  -37.5000 8890.4697   25.7120
    7.5000  -22.5000  -37.5000 8508.9521   25.6495
   -7.5000  -15.0000  -37.5000 9571.8037   25.6476
    0.0000  -15.0000  -37.5000 9911.6807   25.6759
    7.5000  -15.0000  -37.5000 9471.1016   25.5971
   -7.5000   -7.5000  -37.500010406.6719   25.6515
    0.0000   -7.5000  -37.500010786.6113   25.6670
    7.5000   -7.5000  -37.500010286.7734   25.5714
   -7.5000    0.0000  -37.500011139.3838   25.6608
    0.0000    0.0000  -37.500011534.1826   25.6885
    7.5000    0.0000  -37.500010986.6895   25.5958
   -7.5000    7.5000  -37.500010950.1709   25.6695
    0.0000    7.5000  -37.500011335.0898   25.7219
    7.5000    7.5000  -37.500010798.6514   25.6486
   -7.5000   15.0000  -37.500010678.6494   25.6710
    0.0000   15.0000  -37.500011059.4277   25.7364
    7.5000   15.0000  -37.500010546.4287   25.6765
   -7.5000   22.5000  -37.500010375.6357   25.6549
    0.0000   22.5000  -37.500010736.1816   25.7085
    7.5000   22.5000  -37.500010250.4902   25.6459
   -7.5000   30.0000  -37.500010087.7939   25.3058
    0.0000   30.0000  -37.500010422.6621   25.3337
    7.5000   30.0000  -37.5000 9977.2910   25.2560
   -7.5000   37.5000  -37.500010101.1943   25.3096
    0.0000   37.5000  -37.500010436.5029   25.3249
    7.5000   37.5000  -37.500010003.4082   25.2306
   -7.5000   45.0000  -37.5000 9443.1953   24.6760
    0.0000   45.0000  -37.5000 9719.3232   24.7026
    7.5000   45.0000  -37.5000 9342.5752   24.6135
   -7.5000  -45.0000  -30.0000 6622.2856   27.1813
    0.0000  -45.0000  -30.0000 6918.3091   27.1886
    7.5000  -45.0000  -30.0000 6601.4922   27.0722
   -7.5000  -37.5000  -30.0000 7307.4800   26.8902
    0.0000  -37.5000  -30.0000 7607.9517   26.9189
    7.5000  -37.5000  -30.0000 7277.1211   26.8177
   -7.5000  -30.0000  -30.0000 8335.8301   26.8016
    0.0000  -30.0000  -30.0000 8668.4102   26.8455
    7.5000  -30.0000  -30.0000 8287.8740   26.7601
   -7.5000  -22.5000  -30.0000 9394.5732   26.7503
    0.0000  -22.5000  -30.0000 9745.0137   26.7876
    7.5000  -22.5000  -30.0000 9287.9453   26.7078
   -7.5000  -15.0000  -30.000010437.3311   26.7309
    0.0000  -15.0000  -30.000010824.1123   26.7468
    7.5000  -15.0000  -30.000010271.1826   26.6575
   -7.5000   -7.5000  -30.000011329.3359   26.7361
    0.0000   -7.5000  -30.000011747.8887   26.7369
    7.5000   -7.5000  -30.000011129.3164   26.6286
   -7.5000    0.0000  -30.000012062.1270   26.7556
    0.0000    0.0000  -30.000012557.2764   26.7621
    7.5000    0.0000  -30.000011852.1357   26.6477
   -7.5000    7.5000  -30.000011853.5361   26.7718
    0.0000    7.5000  -30.000012383.5850   26.8004
    7.5000    7.5000  -30.000011651.8213   26.6992
   -7.5000   15.0000  -30.000011530.4795   26.7719
    0.0000   15.0000  -30.000012037.0127   26.8159
    7.5000   15.0000  -30.000011355.3340   26.7304
   -7.5000   22.5000  -30.000011186.4287   26.7439
    0.0000   22.5000  -30.000011660.0967   26.7812
    7.5000   22.5000  -30.000011010.1621   26.7013
   -7.5000   30.0000  -30.000010850.7822   26.3772
    0.0000   30.0000  -30.000011286.0469   26.3929
    7.5000   30.0000  -30.000010698.6543   26.3047
   -7.5000   37.5000  -30.000010860.2490   26.3823
    0.0000   37.5000  -30.000011279.2881   26.3831
    7.5000   37.5000  -30.000010707.5830   26.2762
   -7.5000   45.0000  -30.000010131.3232   25.7476
    0.0000   45.0000  -30.000010491.8545   25.7539
    7.5000   45.0000  -30.0000 9978.2188   25.6438
   -7.5000  -45.0000  -22.5000 7252.4170   28.1278
    0.0000  -45.0000  -22.5000 7551.2773   28.1394
    7.5000  -45.0000  -22.5000 7199.8994   28.0085
   -7.5000  -37.5000  -22.5000 7981.2876   27.8261
    0.0000  -37.5000  -22.5000 8281.8711   27.8529
    7.5000  -37.5000  -22.5000 7920.7080   27.7361
   -7.5000  -30.0000  -22.5000 9086.2119   27.7186
    0.0000  -30.0000  -22.5000 9410.2275   27.7542
    7.5000  -30.0000  -22.5000 8988.1025   27.6540
   -7.5000  -22.5000  -22.500010201.3574   27.6497
    0.0000  -22.5000  -22.500010586.7119   27.6775
    7.5000  -22.5000  -22.500010062.0400   27.5839
   -7.5000  -15.0000  -22.500011284.8838   27.6293
    0.0000  -15.0000  -22.500011719.3418   27.6415
    7.5000  -15.0000  -22.500011069.9941   27.5388
   -7.5000   -7.5000  -22.500012211.8809   27.6512
    0.0000   -7.5000  -22.500012715.0459   27.6550
    7.5000   -7.5000  -22.500011982.9463   27.5338
   -7.5000    0.0000  -22.500013017.2344   27.6874
    0.0000    0.0000  -22.500013594.4932   27.6979
    7.5000    0.0000  -22.500012736.3418   27.5695
   -7.5000    7.5000  -22.500012802.8398   27.7036
    0.0000    7.5000  -22.500013440.3057   27.7303
    7.5000    7.5000  -22.500012540.9268   27.6136
   -7.5000   15.0000  -22.500012448.3926   27.6878
    0.0000   15.0000  -22.500013084.6982   27.7234
    7.5000   15.0000  -22.500012208.1719   27.6232
   -7.5000   22.5000  -22.500012055.3867   27.6411
    0.0000   22.5000  -22.500012636.0342   27.6689
    7.5000   22.5000  -22.500011815.6416   27.5754
   -7.5000   30.0000  -22.500011653.2061   27.2679
    0.0000   30.0000  -22.500012184.7666   27.2800
    7.5000   30.0000  -22.500011433.3350   27.1786
   -7.5000   37.5000  -22.500011628.2539   27.2895
    0.0000   37.5000  -22.500012132.9062   27.2933
    7.5000   37.5000  -22.500011391.1494   27.1736
   -7.5000   45.0000  -22.500010837.9033   26.6643
    0.0000   45.0000  -22.500011258.4531   26.6744
    7.5000   45.0000  -22.500010593.9287   26.5508
   -7.5000  -45.0000  -15.0000 7865.7012   28.7861
    0.0000  -45.0000  -15.0000 8166.8667   28.8222
    7.5000  -45.0000  -15.0000 7811.3950   28.6951
   -7.5000  -37.5000  -15.0000 8644.1104   28.4689
    0.0000  -37.5000  -15.0000 8963.7314   28.5166
    7.5000  -37.5000  -15.0000 8568.1133   28.4087
   -7.5000  -30.0000  -15.0000 9820.7461   28.3434
    0.0000  -30.0000  -15.000010177.8916   28.3910
    7.5000  -30.0000  -15.0000 9684.1777   28.2991
   -7.5000  -22.5000  -15.000010971.7998   28.2663
    0.0000  -22.5000  -15.000011425.5557   28.2999
    7.5000  -22.5000  -15.000010820.6309   28.2080
   -7.5000  -15.0000  -15.000012101.7764   28.2554
    0.0000  -15.0000  -15.000012619.7686   28.2744
    7.5000  -15.0000  -15.000011900.4141   28.1670
   -7.5000   -7.5000  -15.000013095.4766   28.2938
    0.0000   -7.5000  -15.000013667.2051   28.3135
    7.5000   -7.5000  -15.000012868.6221   28.1891
   -7.5000    0.0000  -15.000013975.1445   28.3365
    0.0000    0.0000  -15.000014622.8486   28.3706
    7.5000    0.0000  -15.000013688.3584   28.2459
   -7.5000    7.5000  -15.000013708.2832   28.3434
    0.0000    7.5000  -15.000014428.8350   28.3908
    7.5000    7.5000  -15.000013415.8340   28.2830
   -7.5000   15.0000  -15.000013330.4531   28.3117
    0.0000   15.0000  -15.000014038.6475   28.3594
    7.5000   15.0000  -15.000013063.8184   28.2675
   -7.5000   22.5000  -15.000012900.6045   28.2562
    0.0000   22.5000  -15.000013575.4053   28.2899
    7.5000   22.5000  -15.000012644.5420   28.1980
   -7.5000   30.0000  -15.000012469.3340   27.8897
    0.0000   30.0000  -15.000013078.9736   27.9085
    7.5000   30.0000  -15.000012212.4854   27.8024
   -7.5000   37.5000  -15.000012392.8037   27.9276
    0.0000   37.5000  -15.000012967.9922   27.9471
    7.5000   37.5000  -15.000012110.6826   27.8243
   -7.5000   45.0000  -15.000011524.1328   27.3060
    0.0000   45.0000  -15.000012040.3877   27.3388
    7.5000   45.0000  -15.000011235.5527   27.2186
   -7.5000  -45.0000   -7.5000 8503.2529   29.0930
    0.0000  -45.0000   -7.5000 8804.2607   29.1528
    7.5000  -45.0000   -7.5000 8446.8389   29.0462
   -7.5000  -37.5000   -7.5000 9353.8408   28.7630
    0.0000  -37.5000   -7.5000 9681.0557   28.8381
    7.5000  -37.5000   -7.5000 9266.0254   28.7572
   -7.5000  -30.0000   -7.500010569.0840   28.6357
    0.0000  -30.0000   -7.500010965.9512   28.7084
    7.5000  -30.0000   -7.500010453.0137   28.6416
   -7.5000  -22.5000   -7.500011808.6074   28.5671
    0.0000  -22.5000   -7.500012272.1270   28.6198
    7.5000  -22.5000   -7.500011675.8408   28.5451
   -7.5000  -15.0000   -7.500013010.1230   28.5662
    0.0000  -15.0000   -7.500013559.3740   28.5994
    7.5000  -15.0000   -7.500012836.7383   28.5017
   -7.5000   -7.5000   -7.500014071.8564   28.6059
    0.0000   -7.5000   -7.500014701.2471   28.6421
    7.5000   -7.5000   -7.500013865.0410   28.5285
   -7.5000    0.0000   -7.500014977.5322   28.6395
    0.0000    0.0000   -7.500015705.6318   28.6968
    7.5000    0.0000   -7.500014701.5234   28.5919
   -7.5000    7.5000   -7.500014613.4229   28.6363
    0.0000    7.5000   -7.500015399.6533   28.7107
    7.5000    7.5000   -7.500014383.7227   28.6296
   -7.5000   15.0000   -7.500014190.8115   28.6038
    0.0000   15.0000   -7.500014954.9873   28.6765
    7.5000   15.0000   -7.500013963.7725   28.6097
   -7.5000   22.5000   -7.500013771.4043   28.5539
    0.0000   22.5000   -7.500014509.9131   28.6066
    7.5000   22.5000   -7.500013523.1006   28.5318
   -7.5000   30.0000   -7.500013343.3467   28.1957
    0.0000   30.0000   -7.500014010.8242   28.2285
    7.5000   30.0000   -7.500013079.2109   28.1321
   -7.5000   37.5000   -7.500013212.2148   28.2349
    0.0000   37.5000   -7.500013858.5117   28.2707
    7.5000   37.5000   -7.500012911.9004   28.1586
   -7.5000   45.0000   -7.500012255.6113   27.6031
    0.0000   45.0000   -7.500012859.2383   27.6583
    7.5000   45.0000   -7.500011937.2451   27.5572
   -7.5000  -45.0000    0.0000 9076.0127   29.1330
    0.0000  -45.0000    0.0000 9409.3057   29.1929
    7.5000  -45.0000    0.0000 9029.4521   29.0987
   -7.5000  -37.5000    0.0000 9966.0010   28.8052
    0.0000  -37.5000    0.000010328.0449   28.8875
    7.5000  -37.5000    0.0000 9914.2734   28.8213
   -7.5000  -30.0000    0.000011253.0293   28.6950
    0.0000  -30.0000    0.000011690.0312   28.7818
    7.5000  -30.0000    0.000011188.3408   28.7285
   -7.5000  -22.5000    0.000012548.2832   28.6421
    0.0000  -22.5000    0.000013046.9355   28.7093
    7.5000  -22.5000    0.000012477.2061   28.6456
   -7.5000  -15.0000    0.000013849.2383   28.6396
    0.0000  -15.0000    0.000014401.6650   28.6805
    7.5000  -15.0000    0.000013735.6846   28.5926
   -7.5000   -7.5000    0.000015011.7070   28.6617
    0.0000   -7.5000    0.000015700.8291   28.6982
    7.5000   -7.5000    0.000014830.8418   28.5938
   -7.5000    0.0000    0.000015892.5918   28.6791
    0.0000    0.0000    0.000016707.5527   28.7367
    7.5000    0.0000    0.000015651.3525   28.6435
   -7.5000    7.5000    0.000015435.7197   28.6783
    0.0000    7.5000    0.000016263.5176   28.7599
    7.5000    7.5000    0.000015307.1680   28.6932
   -7.5000   15.0000    0.000014997.2744   28.6633
    0.0000   15.0000    0.000015784.4736   28.7501
    7.5000   15.0000    0.000014875.7139   28.6967
   -7.5000   22.5000    0.000014589.3818   28.6288
    0.0000   22.5000    0.000015317.3564   28.6961
    7.5000   22.5000    0.000014416.7568   28.6324
   -7.5000   30.0000    0.000014127.4883   28.2690
    0.0000   30.0000    0.000014806.3418   28.3094
    7.5000   30.0000    0.000013923.1201   28.2225
   -7.5000   37.5000    0.000013915.0566   28.2907
    0.0000   37.5000    0.000014579.0889   28.3268
    7.5000   37.5000    0.000013676.2871   28.2238
   -7.5000   45.0000    0.000012864.1748   27.6433
    0.0000   45.0000    0.000013479.4219   27.6988
    7.5000   45.0000    0.000012610.9238   27.6090
   -7.5000  -45.0000    7.5000 8914.4053   29.1520
    0.0000  -45.0000    7.5000 9248.4570   29.1840
    7.5000  -45.0000    7.5000 8869.0693   29.0789
   -7.5000  -37.5000    7.5000 9753.9385   28.8335
    0.0000  -37.5000    7.500010145.4795   28.8921
    7.5000  -37.5000    7.5000 9731.5498   28.8102
   -7.5000  -30.0000    7.500011003.6299   28.7400
    0.0000  -30.0000    7.500011454.3291   28.8128
    7.5000  -30.0000    7.500010992.4062   28.7455
   -7.5000  -22.5000    7.500012274.1289   28.6944
    0.0000  -22.5000    7.500012772.2695   28.7539
    7.5000  -22.5000    7.500012270.4395   28.6836
   -7.5000  -15.0000    7.500013628.2148   28.6820
    0.0000  -15.0000    7.500014222.7041   28.7135
    7.5000  -15.0000    7.500013563.2344   28.6251
   -7.5000   -7.5000    7.500014862.0615   28.6861
    0.0000   -7.5000    7.500015626.9521   28.7033
    7.5000   -7.5000    7.500014698.6396   28.5962
   -7.5000    0.0000    7.500015633.0342   28.6966
    0.0000    0.0000    7.500016371.5439   28.7272
    7.5000    0.0000    7.500015485.4873   28.6235
   -7.5000    7.5000    7.500015100.8604   28.7065
    0.0000    7.5000    7.500015787.3877   28.7647
    7.5000    7.5000    7.500015101.6318   28.6824
   -7.5000   15.0000    7.500014723.7725   28.7084
    0.0000   15.0000    7.500015381.9619   28.7811
    7.5000   15.0000    7.500014754.8154   28.7137
   -7.5000   22.5000    7.500014328.2607   28.6811
    0.0000   22.5000    7.500014942.4590   28.7407
    7.5000   22.5000    7.500014304.1777   28.6703
   -7.5000   30.0000    7.500013829.9219   28.3108
    0.0000   30.0000    7.500014430.5664   28.3418
    7.5000   30.0000    7.500013792.6162   28.2546
   -7.5000   37.5000    7.500013589.4434   28.3149
    0.0000   37.5000    7.500014144.2676   28.3318
    7.5000   37.5000    7.500013475.0342   28.2261
   -7.5000   45.0000    7.500012553.2969   27.6602
    0.0000   45.0000    7.500013078.2266   27.6897
    7.5000   45.0000    7.500012405.1748   27.5897
   -7.5000  -45.0000   15.0000 8635.9590   29.1883
    0.0000  -45.0000   15.0000 8979.0742   29.1960
    7.5000  -45.0000   15.0000 8605.4189   29.0711
   -7.5000  -37.5000   15.0000 9447.7588   28.8756
    0.0000  -37.5000   15.0000 9812.7207   28.9065
    7.5000  -37.5000   15.0000 9436.6611   28.7978
   -7.5000  -30.0000   15.000010649.0986   28.7805
    0.0000  -30.0000   15.000011044.9424   28.8276
    7.5000  -30.0000   15.000010647.6953   28.7359
   -7.5000  -22.5000   15.000011846.7734   28.7255
    0.0000  -22.5000   15.000012282.7139   28.7655
    7.5000  -22.5000   15.000011882.7031   28.6798
   -7.5000  -15.0000   15.000013155.3076   28.7046
    0.0000  -15.0000   15.000013715.7646   28.7217
    7.5000  -15.0000   15.000013127.9600   28.6257
   -7.5000   -7.5000   15.000014338.1436   28.7102
    0.0000   -7.5000   15.000014920.2656   28.7110
    7.5000   -7.5000   15.000014186.1963   28.5947
   -7.5000    0.0000   15.000015037.3965   28.7311
    0.0000    0.0000   15.000015475.5947   28.7381
    7.5000    0.0000   15.000015018.7295   28.6153
   -7.5000    7.5000   15.000014479.0469   28.7485
    0.0000    7.5000   15.000014859.3291   28.7793
    7.5000    7.5000   15.000014683.6816   28.6705
   -7.5000   15.0000   15.000014177.4033   28.7486
    0.0000   15.0000   15.000014579.6875   28.7958
    7.5000   15.0000   15.000014357.7021   28.7040
   -7.5000   22.5000   15.000013850.9336   28.7122
    0.0000   22.5000   15.000014256.7178   28.7522
    7.5000   22.5000   15.000013953.2949   28.6665
   -7.5000   30.0000   15.000013435.3867   28.3331
    0.0000   30.0000   15.000013856.0078   28.3500
    7.5000   30.0000   15.000013453.6006   28.2553
   -7.5000   37.5000   15.000013214.2881   28.3386
    0.0000   37.5000   15.000013632.6719   28.3394
    7.5000   37.5000   15.000013081.8145   28.2247
   -7.5000   45.0000   15.000012193.8936   27.6935
    0.0000   45.0000   15.000012625.9863   27.7002
    7.5000   45.0000   15.000012009.2979   27.5818
   -7.5000  -45.0000   22.5000 8209.8428   29.1989
    0.0000  -45.0000   22.5000 8533.4121   29.2110
    7.5000  -45.0000   22.5000 8182.6040   29.0750
   -7.5000  -37.5000   22.5000 9009.8760   28.8857
    0.0000  -37.5000   22.5000 9385.2500   28.9135
    7.5000  -37.5000   22.5000 8996.6807   28.7923
   -7.5000  -30.0000   22.500010158.1250   28.7742
    0.0000  -30.0000   22.500010579.6162   28.8110
    7.5000  -30.0000   22.500010160.3555   28.7071
   -7.5000  -22.5000   22.500011304.3926   28.7026
    0.0000  -22.5000   22.500011763.0850   28.7314
    7.5000  -22.5000   22.500011368.0674   28.6343
   -7.5000  -15.0000   22.500012471.5312   28.6815
    0.0000  -15.0000   22.500012993.5312   28.6941
    7.5000  -15.0000   22.500012539.6113   28.5875
   -7.5000   -7.5000   22.500013563.8135   28.7041
    0.0000   -7.5000   22.500014042.8301   28.7081
    7.5000   -7.5000   22.500013549.4248   28.5823
   -7.5000    0.0000   22.500014417.3232   28.7417
    0.0000    0.0000   22.500014768.6738   28.7526
    7.5000    0.0000   22.500014395.6553   28.6193
   -7.5000    7.5000   22.500014126.6689   28.7585
    0.0000    7.5000   22.500014439.8408   28.7862
    7.5000    7.5000   22.500014175.6885   28.6651
   -7.5000   15.0000   22.500013811.0957   28.7421
    0.0000   15.0000   22.500014157.1533   28.7791
    7.5000   15.0000   22.500013828.3555   28.6751
   -7.5000   22.5000   22.500013475.5771   28.6893
    0.0000   22.5000   22.500013824.5508   28.7181
    7.5000   22.5000   22.500013413.5029   28.6211
   -7.5000   30.0000   22.500013036.2090   28.3103
    0.0000   30.0000   22.500013399.0195   28.3228
    7.5000   30.0000   22.500012900.9902   28.2175
   -7.5000   37.5000   22.500012695.2900   28.3326
    0.0000   37.5000   22.500013046.4551   28.3366
    7.5000   37.5000   22.500012488.8604   28.2124
   -7.5000   45.0000   22.500011664.4209   27.7037
    0.0000   45.0000   22.500012032.6621   27.7142
    7.5000   45.0000   22.500011455.1875   27.5857
   -7.5000  -45.0000   30.0000 7727.6426   29.1811
    0.0000  -45.0000   30.0000 8038.3633   29.2177
    7.5000  -45.0000   30.0000 7696.6704   29.0889
   -7.5000  -37.5000   30.0000 8502.4443   28.8596
    0.0000  -37.5000   30.0000 8825.5576   28.9079
    7.5000  -37.5000   30.0000 8465.2773   28.7985
   -7.5000  -30.0000   30.0000 9614.6582   28.7323
    0.0000  -30.0000   30.0000 9969.2734   28.7806
    7.5000  -30.0000   30.0000 9559.2852   28.6875
   -7.5000  -22.5000   30.000010661.7832   28.6542
    0.0000  -22.5000   30.000011106.0596   28.6883
    7.5000  -22.5000   30.000010634.0117   28.5952
   -7.5000  -15.0000   30.000011725.9326   28.6431
    0.0000  -15.0000   30.000012252.2637   28.6624
    7.5000  -15.0000   30.000011666.7812   28.5535
   -7.5000   -7.5000   30.000012736.5322   28.6821
    0.0000   -7.5000   30.000013261.2744   28.7021
    7.5000   -7.5000   30.000012618.1475   28.5760
   -7.5000    0.0000   30.000013605.6260   28.7254
    0.0000    0.0000   30.000014119.7451   28.7599
    7.5000    0.0000   30.000013411.1387   28.6335
   -7.5000    7.5000   30.000013399.8838   28.7324
    0.0000    7.5000   30.000013888.3623   28.7805
    7.5000    7.5000   30.000013205.5752   28.6712
   -7.5000   15.0000   30.000013074.0234   28.7002
    0.0000   15.0000   30.000013528.6025   28.7486
    7.5000   15.0000   30.000012874.1660   28.6555
   -7.5000   22.5000   30.000012698.7979   28.6409
    0.0000   22.5000   30.000013121.0693   28.6750
    7.5000   22.5000   30.000012493.8828   28.5820
   -7.5000   30.0000   30.000012238.2549   28.2724
    0.0000   30.0000   30.000012655.0420   28.2915
    7.5000   30.0000   30.000012040.7959   28.1840
   -7.5000   37.5000   30.000011867.8008   28.3109
    0.0000   37.5000   30.000012283.8076   28.3306
    7.5000   37.5000   30.000011668.3291   28.2061
   -7.5000   45.0000   30.000010912.1670   27.6880
    0.0000   45.0000   30.000011310.1221   27.7213
    7.5000   45.0000   30.000010737.0879   27.5994
   -7.5000  -45.0000   37.5000 7419.5244   29.2095
    0.0000  -45.0000   37.5000 7723.5435   29.2697
    7.5000  -45.0000   37.5000 7423.6099   29.1622
   -7.5000  -37.5000   37.5000 8153.0376   28.8776
    0.0000  -37.5000   37.5000 8511.2109   28.9532
    7.5000  -37.5000   37.5000 8134.6240   28.8714
   -7.5000  -30.0000   37.5000 9241.2080   28.7495
    0.0000  -30.0000   37.5000 9689.6348   28.8229
    7.5000  -30.0000   37.5000 9173.2715   28.7553
   -7.5000  -22.5000   37.500010296.0850   28.6805
    0.0000  -22.5000   37.500010806.5977   28.7337
    7.5000  -22.5000   37.500010189.6709   28.6582
   -7.5000  -15.0000   37.500011313.7998   28.6795
    0.0000  -15.0000   37.500011860.2715   28.7130
    7.5000  -15.0000   37.500011167.3916   28.6145
   -7.5000   -7.5000   37.500012241.7920   28.7195
    0.0000   -7.5000   37.500012771.0938   28.7560
    7.5000   -7.5000   37.500012076.5908   28.6414
   -7.5000    0.0000   37.500013046.0146   28.7533
    0.0000    0.0000   37.500013574.1758   28.8110
    7.5000    0.0000   37.500012862.1562   28.7051
   -7.5000    7.5000   37.500012832.8213   28.7502
    0.0000    7.5000   37.500013356.7051   28.8251
    7.5000    7.5000   37.500012669.9463   28.7431
   -7.5000   15.0000   37.500012519.1553   28.7175
    0.0000   15.0000   37.500012969.4619   28.7908
    7.5000   15.0000   37.500012344.6172   28.7232
   -7.5000   22.5000   37.500012146.6650   28.6673
    0.0000   22.5000   37.500012578.1562   28.7204
    7.5000   22.5000   37.500012006.5996   28.6449
   -7.5000   30.0000   37.500011759.6035   28.3084
    0.0000   30.0000   37.500012192.5742   28.3414
    7.5000   30.0000   37.500011632.7871   28.2442
   -7.5000   37.5000   37.500011441.3926   28.3478
    0.0000   37.5000   37.500011864.8076   28.3838
    7.5000   37.5000   37.500011299.5400   28.2707
   -7.5000   45.0000   37.500010542.5586   27.7149
    0.0000   45.0000   37.500010957.9990   27.7705
    7.5000   45.0000   37.500010415.4570   27.6684
   -7.5000  -45.0000   45.0000 6777.4424   29.1949
    0.0000  -45.0000   45.0000 7081.7773   29.2567
    7.5000  -45.0000   45.0000 6806.0566   29.1611
   -7.5000  -37.5000   45.0000 7444.4673   28.8644
    0.0000  -37.5000   45.0000 7801.3853   28.9486
    7.5000  -37.5000   45.0000 7449.3418   28.8810
   -7.5000  -30.0000   45.0000 8444.6172   28.7529
    0.0000  -30.0000   45.0000 8863.3848   28.8412
    7.5000  -30.0000   45.0000 8419.3877   28.7865
   -7.5000  -22.5000   45.0000 9393.2314   28.6984
    0.0000  -22.5000   45.0000 9861.6777   28.7670
    7.5000  -22.5000   45.0000 9343.0273   28.7016
   -7.5000  -15.0000   45.000010311.1162   28.6952
    0.0000  -15.0000   45.000010781.4541   28.7374
    7.5000  -15.0000   45.000010231.2158   28.6477
   -7.5000   -7.5000   45.000011120.4170   28.7176
    0.0000   -7.5000   45.000011617.8379   28.7557
    7.5000   -7.5000   45.000011062.4629   28.6497
   -7.5000    0.0000   45.000011815.7900   28.7361
    0.0000    0.0000   45.000012327.4902   28.7955
    7.5000    0.0000   45.000011775.8164   28.7010
   -7.5000    7.5000   45.000011637.3457   28.7362
    0.0000    7.5000   45.000012130.3193   28.8195
    7.5000    7.5000   45.000011590.1074   28.7515
   -7.5000   15.0000   45.000011346.4092   28.7209
    0.0000   15.0000   45.000011808.9365   28.8091
    7.5000   15.0000   45.000011292.1182   28.7544
   -7.5000   22.5000   45.000011011.1211   28.6851
    0.0000   22.5000   45.000011473.9678   28.7536
    7.5000   22.5000   45.000010978.1533   28.6883
   -7.5000   30.0000   45.000010697.0400   28.3214
    0.0000   30.0000   45.000011167.4785   28.3630
    7.5000   30.0000   45.000010650.7666   28.2745
   -7.5000   37.5000   45.000010436.6406   28.3435
    0.0000   37.5000   45.000010888.7139   28.3811
    7.5000   37.5000   45.000010372.4053   28.2765
   -7.5000   45.0000   45.0000 9668.7852   27.7109
    0.0000   45.0000   45.000010070.9004   27.7681
    7.5000   45.0000   45.0000 9582.2129   27.6770

---------------------------------------------------------------------
imgreg_4dfp /opt/freesurfer/average/711-2C_as_mni_average_305 /opt/freesurfer/average/711-2B_as_mni_average_305_mask talsrcimg_g11 none talsrcimg_to_711-2C_as_mni_average_305_t4 4355
---------------------------------------------------------------------

freesurfer imgreg_4dfp.c
/opt/freesurfer/average/711-2C_as_mni_average_305.4dfp.img
       256       256       256         1
  1.000000  1.000000  1.000000
orientation T byte_order littleendian
Reading image: /opt/freesurfer/average/711-2C_as_mni_average_305.4dfp.img
dimensions:      256       256       256
mmppix:       1.0000   -1.0000   -1.0000
center:     128.0000 -129.0000 -129.0000
/opt/freesurfer/average/711-2B_as_mni_average_305_mask.4dfp.img
       256       256       256         1
  1.000000  1.000000  1.000000
orientation T byte_order littleendian
Reading mask: /opt/freesurfer/average/711-2B_as_mni_average_305_mask.4dfp.img (2306576 pixels)
talsrcimg_g11.4dfp.img
       256       256       256         1
  1.000000  1.000000  1.000000
orientation T byte_order littleendian
Reading image: talsrcimg_g11.4dfp.img
dimensions:      256       256       256
mmppix:       1.0000   -1.0000   -1.0000
center:     128.0000 -129.0000 -129.0000
rotation matrix determinant  1.000000
image alignment mode   4355 decimal     1103 hex
   -7.5000  -45.0000  -45.0000 1595.5017   44.2332
    0.0000  -45.0000  -45.0000 1607.7603   44.1528
    7.5000  -45.0000  -45.0000 1587.1815   44.1631
   -7.5000  -37.5000  -45.0000 1704.6946   38.4152
    0.0000  -37.5000  -45.0000 1715.3212   38.2185
    7.5000  -37.5000  -45.0000 1703.4595   38.4694
   -7.5000  -30.0000  -45.0000 1815.7311   33.8205
    0.0000  -30.0000  -45.0000 1821.0155   33.5799
    7.5000  -30.0000  -45.0000 1811.9335   34.0384
   -7.5000  -22.5000  -45.0000 1917.2432   30.5272
    0.0000  -22.5000  -45.0000 1920.9780   30.2724
    7.5000  -22.5000  -45.0000 1908.3085   30.7656
   -7.5000  -15.0000  -45.0000 2017.3575   28.2131
    0.0000  -15.0000  -45.0000 2022.7656   27.9527
    7.5000  -15.0000  -45.0000 2006.0864   28.3919
   -7.5000   -7.5000  -45.0000 2081.7424   26.6386
    0.0000   -7.5000  -45.0000 2087.4883   26.3982
    7.5000   -7.5000  -45.0000 2068.4131   26.7906
   -7.5000    0.0000  -45.0000 2114.1763   25.4482
    0.0000    0.0000  -45.0000 2117.5334   25.2298
    7.5000    0.0000  -45.0000 2100.9880   25.6654
   -7.5000    7.5000  -45.0000 2126.5813   24.6000
    0.0000    7.5000  -45.0000 2124.1350   24.4023
    7.5000    7.5000  -45.0000 2116.6453   24.8710
   -7.5000   15.0000  -45.0000 2127.0095   24.3084
    0.0000   15.0000  -45.0000 2129.0720   24.1099
    7.5000   15.0000  -45.0000 2120.1003   24.6315
   -7.5000   22.5000  -45.0000 2111.5967   24.8267
    0.0000   22.5000  -45.0000 2116.9224   24.6503
    7.5000   22.5000  -45.0000 2104.7812   25.2180
   -7.5000   30.0000  -45.0000 2077.1877   25.7953
    0.0000   30.0000  -45.0000 2085.3459   25.6013
    7.5000   30.0000  -45.0000 2072.6594   26.1176
   -7.5000   37.5000  -45.0000 2028.7546   27.2445
    0.0000   37.5000  -45.0000 2035.9545   26.9795
    7.5000   37.5000  -45.0000 2019.1516   27.5572
   -7.5000   45.0000  -45.0000 1955.3429   29.3414
    0.0000   45.0000  -45.0000 1964.7163   29.1126
    7.5000   45.0000  -45.0000 1947.9683   29.6934
   -7.5000  -45.0000  -37.5000 1660.4453   40.3277
    0.0000  -45.0000  -37.5000 1675.4302   40.1998
    7.5000  -45.0000  -37.5000 1660.3542   40.4577
   -7.5000  -37.5000  -37.5000 1778.3516   35.0777
    0.0000  -37.5000  -37.5000 1790.9774   34.8105
    7.5000  -37.5000  -37.5000 1776.7715   35.2583
   -7.5000  -30.0000  -37.5000 1902.0402   31.1195
    0.0000  -30.0000  -37.5000 1912.6720   30.8374
    7.5000  -30.0000  -37.5000 1897.3494   31.2338
   -7.5000  -22.5000  -37.5000 2012.7389   28.1563
    0.0000  -22.5000  -37.5000 2022.9132   27.8883
    7.5000  -22.5000  -37.5000 2008.0018   28.2738
   -7.5000  -15.0000  -37.5000 2119.8267   25.9593
    0.0000  -15.0000  -37.5000 2128.5837   25.7384
    7.5000  -15.0000  -37.5000 2113.0710   26.0734
   -7.5000   -7.5000  -37.5000 2180.7744   24.4155
    0.0000   -7.5000  -37.5000 2186.8062   24.2595
    7.5000   -7.5000  -37.5000 2172.9448   24.4851
   -7.5000    0.0000  -37.5000 2219.8237   23.2881
    0.0000    0.0000  -37.5000 2224.4563   23.1253
    7.5000    0.0000  -37.5000 2215.2202   23.3471
   -7.5000    7.5000  -37.5000 2233.3577   22.6183
    0.0000    7.5000  -37.5000 2235.1033   22.4233
    7.5000    7.5000  -37.5000 2226.4050   22.7075
   -7.5000   15.0000  -37.5000 2229.2812   22.3960
    0.0000   15.0000  -37.5000 2235.8875   22.2408
    7.5000   15.0000  -37.5000 2227.7273   22.5793
   -7.5000   22.5000  -37.5000 2211.6807   22.8212
    0.0000   22.5000  -37.5000 2222.5847   22.6395
    7.5000   22.5000  -37.5000 2208.1992   23.1121
   -7.5000   30.0000  -37.5000 2185.6179   23.6217
    0.0000   30.0000  -37.5000 2195.4131   23.4473
    7.5000   30.0000  -37.5000 2176.5339   23.9047
   -7.5000   37.5000  -37.5000 2133.6470   24.9738
    0.0000   37.5000  -37.5000 2145.9167   24.7811
    7.5000   37.5000  -37.5000 2127.8911   25.2374
   -7.5000   45.0000  -37.5000 2051.8625   26.9020
    0.0000   45.0000  -37.5000 2065.3667   26.6803
    7.5000   45.0000  -37.5000 2051.5959   27.2006
   -7.5000  -45.0000  -30.0000 1752.5438   38.3992
    0.0000  -45.0000  -30.0000 1770.0519   38.1381
    7.5000  -45.0000  -30.0000 1759.0450   38.4928
   -7.5000  -37.5000  -30.0000 1880.9895   33.4922
    0.0000  -37.5000  -30.0000 1897.1926   33.1921
    7.5000  -37.5000  -30.0000 1880.7437   33.4115
   -7.5000  -30.0000  -30.0000 2014.2944   29.6939
    0.0000  -30.0000  -30.0000 2028.4312   29.4673
    7.5000  -30.0000  -30.0000 2012.7699   29.6388
   -7.5000  -22.5000  -30.0000 2142.9009   26.7260
    0.0000  -22.5000  -30.0000 2151.4810   26.5632
    7.5000  -22.5000  -30.0000 2134.2937   26.7556
   -7.5000  -15.0000  -30.0000 2257.0386   24.6356
    0.0000  -15.0000  -30.0000 2266.2256   24.5375
    7.5000  -15.0000  -30.0000 2234.6721   24.6566
   -7.5000   -7.5000  -30.0000 2321.2715   23.1789
    0.0000   -7.5000  -30.0000 2326.5371   23.0906
    7.5000   -7.5000  -30.0000 2301.7332   23.1532
   -7.5000    0.0000  -30.0000 2359.5425   22.1368
    0.0000    0.0000  -30.0000 2369.2383   22.0259
    7.5000    0.0000  -30.0000 2343.7588   22.0854
   -7.5000    7.5000  -30.0000 2381.3931   21.5080
    0.0000    7.5000  -30.0000 2398.2710   21.4198
    7.5000    7.5000  -30.0000 2370.6438   21.5498
   -7.5000   15.0000  -30.0000 2385.3201   21.3671
    0.0000   15.0000  -30.0000 2400.2449   21.2878
    7.5000   15.0000  -30.0000 2378.2095   21.4555
   -7.5000   22.5000  -30.0000 2370.4622   21.7254
    0.0000   22.5000  -30.0000 2382.6711   21.6269
    7.5000   22.5000  -30.0000 2359.4458   21.8963
   -7.5000   30.0000  -30.0000 2335.0674   22.5329
    0.0000   30.0000  -30.0000 2346.6960   22.3813
    7.5000   30.0000  -30.0000 2322.1816   22.6997
   -7.5000   37.5000  -30.0000 2275.8306   23.8653
    0.0000   37.5000  -30.0000 2287.5396   23.6448
    7.5000   37.5000  -30.0000 2267.7314   23.9991
   -7.5000   45.0000  -30.0000 2193.5918   25.7360
    0.0000   45.0000  -30.0000 2204.5691   25.5358
    7.5000   45.0000  -30.0000 2183.8506   25.9216
   -7.5000  -45.0000  -22.5000 1831.9360   36.3006
    0.0000  -45.0000  -22.5000 1845.3627   35.9191
    7.5000  -45.0000  -22.5000 1829.7924   36.1224
   -7.5000  -37.5000  -22.5000 1965.8972   31.6720
    0.0000  -37.5000  -22.5000 1976.4937   31.2642
    7.5000  -37.5000  -22.5000 1960.7097   31.3302
   -7.5000  -30.0000  -22.5000 2104.6873   28.0479
    0.0000  -30.0000  -22.5000 2113.1604   27.7283
    7.5000  -30.0000  -22.5000 2096.9170   27.8632
   -7.5000  -22.5000  -22.5000 2239.7908   25.1672
    0.0000  -22.5000  -22.5000 2250.4319   24.9784
    7.5000  -22.5000  -22.5000 2224.1521   25.0675
   -7.5000  -15.0000  -22.5000 2358.4648   23.1169
    0.0000  -15.0000  -22.5000 2369.8174   23.0580
    7.5000  -15.0000  -22.5000 2333.8992   23.0304
   -7.5000   -7.5000  -22.5000 2429.5315   21.7853
    0.0000   -7.5000  -22.5000 2444.4478   21.7743
    7.5000   -7.5000  -22.5000 2409.8472   21.6864
   -7.5000    0.0000  -22.5000 2470.6196   20.8723
    0.0000    0.0000  -22.5000 2490.2004   20.8861
    7.5000    0.0000  -22.5000 2450.3604   20.7768
   -7.5000    7.5000  -22.5000 2510.7061   20.3369
    0.0000    7.5000  -22.5000 2532.9717   20.2980
    7.5000    7.5000  -22.5000 2494.0303   20.2880
   -7.5000   15.0000  -22.5000 2523.3223   20.2089
    0.0000   15.0000  -22.5000 2548.3765   20.2045
    7.5000   15.0000  -22.5000 2509.8792   20.2379
   -7.5000   22.5000  -22.5000 2508.5784   20.5602
    0.0000   22.5000  -22.5000 2530.5740   20.5235
    7.5000   22.5000  -22.5000 2493.2151   20.6160
   -7.5000   30.0000  -22.5000 2462.3110   21.3572
    0.0000   30.0000  -22.5000 2482.4651   21.2745
    7.5000   30.0000  -22.5000 2447.2178   21.4349
   -7.5000   37.5000  -22.5000 2397.5491   22.6138
    0.0000   37.5000  -22.5000 2415.0591   22.5036
    7.5000   37.5000  -22.5000 2380.1025   22.6674
   -7.5000   45.0000  -22.5000 2304.8440   24.4415
    0.0000   45.0000  -22.5000 2319.3345   24.2919
    7.5000   45.0000  -22.5000 2282.6462   24.5344
   -7.5000  -45.0000  -15.0000 1880.5916   34.3499
    0.0000  -45.0000  -15.0000 1888.3464   33.9011
    7.5000  -45.0000  -15.0000 1871.9606   34.2106
   -7.5000  -37.5000  -15.0000 2022.1903   29.7973
    0.0000  -37.5000  -15.0000 2029.6003   29.4366
    7.5000  -37.5000  -15.0000 2013.5035   29.6772
   -7.5000  -30.0000  -15.0000 2170.2166   26.2853
    0.0000  -30.0000  -15.0000 2176.5813   26.0234
    7.5000  -30.0000  -15.0000 2154.0779   26.2000
   -7.5000  -22.5000  -15.0000 2309.4399   23.5986
    0.0000  -22.5000  -15.0000 2320.7092   23.5527
    7.5000  -22.5000  -15.0000 2286.6938   23.5663
   -7.5000  -15.0000  -15.0000 2431.0066   21.6733
    0.0000  -15.0000  -15.0000 2447.1260   21.7177
    7.5000  -15.0000  -15.0000 2404.5989   21.6508
   -7.5000   -7.5000  -15.0000 2511.9104   20.3992
    0.0000   -7.5000  -15.0000 2534.0647   20.4893
    7.5000   -7.5000  -15.0000 2493.7659   20.3724
   -7.5000    0.0000  -15.0000 2565.6802   19.5979
    0.0000    0.0000  -15.0000 2586.8376   19.7098
    7.5000    0.0000  -15.0000 2546.1943   19.6119
   -7.5000    7.5000  -15.0000 2608.8606   19.1520
    0.0000    7.5000  -15.0000 2635.1238   19.2471
    7.5000    7.5000  -15.0000 2584.8381   19.1809
   -7.5000   15.0000  -15.0000 2626.9141   19.0448
    0.0000   15.0000  -15.0000 2652.7571   19.1117
    7.5000   15.0000  -15.0000 2608.6792   19.1060
   -7.5000   22.5000  -15.0000 2617.4182   19.4349
    0.0000   22.5000  -15.0000 2642.8799   19.4693
    7.5000   22.5000  -15.0000 2598.5605   19.4719
   -7.5000   30.0000  -15.0000 2566.4258   20.2428
    0.0000   30.0000  -15.0000 2589.2202   20.2336
    7.5000   30.0000  -15.0000 2548.6235   20.2817
   -7.5000   37.5000  -15.0000 2489.4326   21.4546
    0.0000   37.5000  -15.0000 2511.1182   21.4356
    7.5000   37.5000  -15.0000 2470.2251   21.5262
   -7.5000   45.0000  -15.0000 2388.2283   23.1561
    0.0000   45.0000  -15.0000 2406.9197   23.0939
    7.5000   45.0000  -15.0000 2365.4741   23.2732
   -7.5000  -45.0000   -7.5000 1919.5406   32.7227
    0.0000  -45.0000   -7.5000 1924.2042   32.2930
    7.5000  -45.0000   -7.5000 1917.7048   32.7132
   -7.5000  -37.5000   -7.5000 2073.2388   28.3507
    0.0000  -37.5000   -7.5000 2078.6460   28.0081
    7.5000  -37.5000   -7.5000 2068.5608   28.3346
   -7.5000  -30.0000   -7.5000 2220.0818   24.9024
    0.0000  -30.0000   -7.5000 2224.1768   24.6794
    7.5000  -30.0000   -7.5000 2209.9167   24.9265
   -7.5000  -22.5000   -7.5000 2364.1477   22.3459
    0.0000  -22.5000   -7.5000 2368.1594   22.2961
    7.5000  -22.5000   -7.5000 2349.1675   22.4842
   -7.5000  -15.0000   -7.5000 2491.2280   20.5592
    0.0000  -15.0000   -7.5000 2506.8044   20.5558
    7.5000  -15.0000   -7.5000 2475.8538   20.5926
   -7.5000   -7.5000   -7.5000 2581.7097   19.3046
    0.0000   -7.5000   -7.5000 2604.6162   19.3349
    7.5000   -7.5000   -7.5000 2569.1455   19.3073
   -7.5000    0.0000   -7.5000 2643.8850   18.4612
    0.0000    0.0000   -7.5000 2672.2500   18.5969
    7.5000    0.0000   -7.5000 2629.6868   18.5283
   -7.5000    7.5000   -7.5000 2688.5315   18.0360
    0.0000    7.5000   -7.5000 2721.8357   18.2408
    7.5000    7.5000   -7.5000 2675.5151   18.1759
   -7.5000   15.0000   -7.5000 2708.6646   17.9787
    0.0000   15.0000   -7.5000 2739.0505   18.1220
    7.5000   15.0000   -7.5000 2693.2637   18.1244
   -7.5000   22.5000   -7.5000 2698.1150   18.3784
    0.0000   22.5000   -7.5000 2728.6553   18.4989
    7.5000   22.5000   -7.5000 2682.2534   18.4880
   -7.5000   30.0000   -7.5000 2649.8538   19.2153
    0.0000   30.0000   -7.5000 2672.6052   19.2872
    7.5000   30.0000   -7.5000 2638.2576   19.3418
   -7.5000   37.5000   -7.5000 2561.6526   20.4376
    0.0000   37.5000   -7.5000 2583.9717   20.4753
    7.5000   37.5000   -7.5000 2549.6311   20.5737
   -7.5000   45.0000   -7.5000 2449.5303   22.0129
    0.0000   45.0000   -7.5000 2471.1853   22.0530
    7.5000   45.0000   -7.5000 2434.2261   22.2120
   -7.5000  -45.0000    0.0000 1949.5924   31.6643
    0.0000  -45.0000    0.0000 1955.3451   31.2321
    7.5000  -45.0000    0.0000 1951.6956   31.8603
   -7.5000  -37.5000    0.0000 2104.7078   27.3261
    0.0000  -37.5000    0.0000 2109.1914   27.0018
    7.5000  -37.5000    0.0000 2110.2129   27.4872
   -7.5000  -30.0000    0.0000 2252.9792   23.9921
    0.0000  -30.0000    0.0000 2256.7893   23.7552
    7.5000  -30.0000    0.0000 2254.0132   24.1908
   -7.5000  -22.5000    0.0000 2394.6077   21.5611
    0.0000  -22.5000    0.0000 2403.1995   21.4350
    7.5000  -22.5000    0.0000 2396.2263   21.7687
   -7.5000  -15.0000    0.0000 2528.9148   19.8354
    0.0000  -15.0000    0.0000 2539.3853   19.7552
    7.5000  -15.0000    0.0000 2525.2839   19.9411
   -7.5000   -7.5000    0.0000 2632.0730   18.5703
    0.0000   -7.5000    0.0000 2655.3992   18.5453
    7.5000   -7.5000    0.0000 2627.2500   18.6329
   -7.5000    0.0000    0.0000 2703.8640   17.6407
    0.0000    0.0000    0.0000 2741.1104   17.7137
    7.5000    0.0000    0.0000 2694.9414   17.7608
   -7.5000    7.5000    0.0000 2754.9456   17.1548
    0.0000    7.5000    0.0000 2797.8154   17.3075
    7.5000    7.5000    0.0000 2747.6995   17.3830
   -7.5000   15.0000    0.0000 2776.2378   17.1738
    0.0000   15.0000    0.0000 2817.0701   17.2873
    7.5000   15.0000    0.0000 2766.1875   17.4368
   -7.5000   22.5000    0.0000 2766.9597   17.6522
    0.0000   22.5000    0.0000 2795.5720   17.7304
    7.5000   22.5000    0.0000 2755.0498   17.8514
   -7.5000   30.0000    0.0000 2706.6687   18.4656
    0.0000   30.0000    0.0000 2731.1731   18.5307
    7.5000   30.0000    0.0000 2702.3074   18.6557
   -7.5000   37.5000    0.0000 2609.7231   19.6710
    0.0000   37.5000    0.0000 2632.0776   19.7130
    7.5000   37.5000    0.0000 2606.9790   19.8470
   -7.5000   45.0000    0.0000 2487.1384   21.2319
    0.0000   45.0000    0.0000 2509.5945   21.2910
    7.5000   45.0000    0.0000 2482.3909   21.4528
   -7.5000  -45.0000    7.5000 1970.3380   31.0700
    0.0000  -45.0000    7.5000 1971.4109   30.5757
    7.5000  -45.0000    7.5000 1969.4293   31.3403
   -7.5000  -37.5000    7.5000 2118.1370   26.7925
    0.0000  -37.5000    7.5000 2124.2146   26.4313
    7.5000  -37.5000    7.5000 2123.9624   27.0261
   -7.5000  -30.0000    7.5000 2271.2595   23.5167
    0.0000  -30.0000    7.5000 2275.6619   23.2571
    7.5000  -30.0000    7.5000 2274.3474   23.8096
   -7.5000  -22.5000    7.5000 2417.8660   21.1129
    0.0000  -22.5000    7.5000 2424.2405   20.8994
    7.5000  -22.5000    7.5000 2420.7419   21.3467
   -7.5000  -15.0000    7.5000 2551.7380   19.3815
    0.0000  -15.0000    7.5000 2570.1138   19.1841
    7.5000  -15.0000    7.5000 2556.2192   19.5458
   -7.5000   -7.5000    7.5000 2660.1860   18.1771
    0.0000   -7.5000    7.5000 2687.3240   18.0154
    7.5000   -7.5000    7.5000 2668.0620   18.2785
   -7.5000    0.0000    7.5000 2743.4248   17.1574
    0.0000    0.0000    7.5000 2777.3157   17.0483
    7.5000    0.0000    7.5000 2742.7844   17.3156
   -7.5000    7.5000    7.5000 2804.7368   16.4800
    0.0000    7.5000    7.5000 2850.8450   16.4732
    7.5000    7.5000    7.5000 2798.8088   16.8516
   -7.5000   15.0000    7.5000 2831.0923   16.5814
    0.0000   15.0000    7.5000 2879.0244   16.5184
    7.5000   15.0000    7.5000 2825.8215   16.9669
   -7.5000   22.5000    7.5000 2813.2549   17.2072
    0.0000   22.5000    7.5000 2843.1409   17.1840
    7.5000   22.5000    7.5000 2804.0891   17.5140
   -7.5000   30.0000    7.5000 2738.5325   18.0378
    0.0000   30.0000    7.5000 2766.2002   18.0476
    7.5000   30.0000    7.5000 2742.7141   18.3110
   -7.5000   37.5000    7.5000 2642.9678   19.2011
    0.0000   37.5000    7.5000 2660.7561   19.1930
    7.5000   37.5000    7.5000 2644.2078   19.4367
   -7.5000   45.0000    7.5000 2516.6887   20.7661
    0.0000   45.0000    7.5000 2536.4998   20.7902
    7.5000   45.0000    7.5000 2514.4329   21.0450
   -7.5000  -45.0000   15.0000 1967.0649   30.9948
    0.0000  -45.0000   15.0000 1976.8374   30.4199
    7.5000  -45.0000   15.0000 1969.6173   31.2930
   -7.5000  -37.5000   15.0000 2119.7573   26.7086
    0.0000  -37.5000   15.0000 2124.7412   26.1357
    7.5000  -37.5000   15.0000 2127.2124   26.9650
   -7.5000  -30.0000   15.0000 2272.5798   23.4913
    0.0000  -30.0000   15.0000 2276.9541   23.0185
    7.5000  -30.0000   15.0000 2279.4370   23.7278
   -7.5000  -22.5000   15.0000 2417.5215   21.0703
    0.0000  -22.5000   15.0000 2420.1479   20.6565
    7.5000  -22.5000   15.0000 2420.3936   21.2742
   -7.5000  -15.0000   15.0000 2551.0413   19.3164
    0.0000  -15.0000   15.0000 2562.3674   18.9114
    7.5000  -15.0000   15.0000 2556.4175   19.4706
   -7.5000   -7.5000   15.0000 2660.3347   18.0802
    0.0000   -7.5000   15.0000 2674.7644   17.7105
    7.5000   -7.5000   15.0000 2667.8271   18.1646
   -7.5000    0.0000   15.0000 2750.0615   16.9931
    0.0000    0.0000   15.0000 2773.9124   16.6187
    7.5000    0.0000   15.0000 2749.2961   17.1503
   -7.5000    7.5000   15.0000 2813.8252   16.2206
    0.0000    7.5000   15.0000 2840.6797   15.8253
    7.5000    7.5000   15.0000 2816.9788   16.6972
   -7.5000   15.0000   15.0000 2858.4160   16.3298
    0.0000   15.0000   15.0000 2890.2124   16.0017
    7.5000   15.0000   15.0000 2853.9736   16.8514
   -7.5000   22.5000   15.0000 2832.1738   17.0494
    0.0000   22.5000   15.0000 2854.3503   16.8457
    7.5000   22.5000   15.0000 2831.7122   17.4505
   -7.5000   30.0000   15.0000 2755.3882   18.0489
    0.0000   30.0000   15.0000 2773.0664   17.8700
    7.5000   30.0000   15.0000 2755.6477   18.2883
   -7.5000   37.5000   15.0000 2657.0405   19.2269
    0.0000   37.5000   15.0000 2670.6135   19.0452
    7.5000   37.5000   15.0000 2646.6143   19.3614
   -7.5000   45.0000   15.0000 2521.4050   20.7033
    0.0000   45.0000   15.0000 2541.5288   20.5709
    7.5000   45.0000   15.0000 2512.0117   20.8479
   -7.5000  -45.0000   22.5000 1950.1191   31.3772
    0.0000  -45.0000   22.5000 1952.8859   30.6565
    7.5000  -45.0000   22.5000 1953.6394   31.5140
   -7.5000  -37.5000   22.5000 2110.2339   26.9866
    0.0000  -37.5000   22.5000 2116.9836   26.4789
    7.5000  -37.5000   22.5000 2115.9138   27.2562
   -7.5000  -30.0000   22.5000 2259.1057   23.7323
    0.0000  -30.0000   22.5000 2271.0242   23.3139
    7.5000  -30.0000   22.5000 2265.7346   24.0383
   -7.5000  -22.5000   22.5000 2403.3699   21.3095
    0.0000  -22.5000   22.5000 2415.0657   20.8828
    7.5000  -22.5000   22.5000 2411.1702   21.5752
   -7.5000  -15.0000   22.5000 2536.6160   19.5747
    0.0000  -15.0000   22.5000 2549.1987   19.0990
    7.5000  -15.0000   22.5000 2548.4353   19.7574
   -7.5000   -7.5000   22.5000 2646.3374   18.2904
    0.0000   -7.5000   22.5000 2657.9729   17.8267
    7.5000   -7.5000   22.5000 2660.4214   18.4043
   -7.5000    0.0000   22.5000 2737.5630   17.3964
    0.0000    0.0000   22.5000 2742.5159   16.8150
    7.5000    0.0000   22.5000 2744.7634   17.5167
   -7.5000    7.5000   22.5000 2807.2744   16.8635
    0.0000    7.5000   22.5000 2818.2715   16.3551
    7.5000    7.5000   22.5000 2809.5706   17.1155
   -7.5000   15.0000   22.5000 2840.8826   16.8375
    0.0000   15.0000   22.5000 2866.9036   16.4611
    7.5000   15.0000   22.5000 2836.8423   17.1354
   -7.5000   22.5000   22.5000 2819.9927   17.3880
    0.0000   22.5000   22.5000 2841.6062   17.1036
    7.5000   22.5000   22.5000 2811.1162   17.6370
   -7.5000   30.0000   22.5000 2747.1348   18.3041
    0.0000   30.0000   22.5000 2762.4592   18.0556
    7.5000   30.0000   22.5000 2736.9126   18.4156
   -7.5000   37.5000   22.5000 2641.2263   19.4440
    0.0000   37.5000   22.5000 2653.5078   19.2120
    7.5000   37.5000   22.5000 2633.2483   19.5064
   -7.5000   45.0000   22.5000 2509.0173   20.8271
    0.0000   45.0000   22.5000 2524.8386   20.7097
    7.5000   45.0000   22.5000 2501.2886   20.9272
   -7.5000  -45.0000   30.0000 1930.0604   32.2977
    0.0000  -45.0000   30.0000 1940.5537   31.6672
    7.5000  -45.0000   30.0000 1937.2930   32.4048
   -7.5000  -37.5000   30.0000 2091.9836   27.7648
    0.0000  -37.5000   30.0000 2099.0142   27.2765
    7.5000  -37.5000   30.0000 2096.2710   27.9259
   -7.5000  -30.0000   30.0000 2245.7788   24.3873
    0.0000  -30.0000   30.0000 2256.2271   23.9958
    7.5000  -30.0000   30.0000 2248.1802   24.6487
   -7.5000  -22.5000   30.0000 2381.9263   21.9310
    0.0000  -22.5000   30.0000 2401.2676   21.5772
    7.5000  -22.5000   30.0000 2389.7600   22.1120
   -7.5000  -15.0000   30.0000 2509.7405   20.1786
    0.0000  -15.0000   30.0000 2532.5266   19.8802
    7.5000  -15.0000   30.0000 2514.7124   20.2776
   -7.5000   -7.5000   30.0000 2618.7048   18.9516
    0.0000   -7.5000   30.0000 2637.6040   18.5897
    7.5000   -7.5000   30.0000 2627.3547   18.9961
   -7.5000    0.0000   30.0000 2701.8257   18.1321
    0.0000    0.0000   30.0000 2721.6775   17.7508
    7.5000    0.0000   30.0000 2701.7922   18.1659
   -7.5000    7.5000   30.0000 2760.9924   17.6125
    0.0000    7.5000   30.0000 2778.2668   17.3767
    7.5000    7.5000   30.0000 2757.3076   17.7240
   -7.5000   15.0000   30.0000 2772.0020   17.5771
    0.0000   15.0000   30.0000 2795.1052   17.3833
    7.5000   15.0000   30.0000 2771.0200   17.7160
   -7.5000   22.5000   30.0000 2756.2063   17.9916
    0.0000   22.5000   30.0000 2777.1924   17.8215
    7.5000   22.5000   30.0000 2746.6526   18.1316
   -7.5000   30.0000   30.0000 2690.2073   18.7730
    0.0000   30.0000   30.0000 2709.9600   18.6632
    7.5000   30.0000   30.0000 2678.2522   18.8847
   -7.5000   37.5000   30.0000 2591.6794   19.8710
    0.0000   37.5000   30.0000 2611.1589   19.8193
    7.5000   37.5000   30.0000 2585.0330   19.9689
   -7.5000   45.0000   30.0000 2466.8687   21.2545
    0.0000   45.0000   30.0000 2488.6475   21.2362
    7.5000   45.0000   30.0000 2462.6455   21.4224
   -7.5000  -45.0000   37.5000 1904.6689   33.4870
    0.0000  -45.0000   37.5000 1913.5604   32.8387
    7.5000  -45.0000   37.5000 1916.1934   33.4887
   -7.5000  -37.5000   37.5000 2058.8428   28.9275
    0.0000  -37.5000   37.5000 2069.5889   28.5306
    7.5000  -37.5000   37.5000 2062.3674   28.9392
   -7.5000  -30.0000   37.5000 2214.4941   25.5718
    0.0000  -30.0000   37.5000 2228.7336   25.3485
    7.5000  -30.0000   37.5000 2208.3035   25.5955
   -7.5000  -22.5000   37.5000 2350.6990   22.9947
    0.0000  -22.5000   37.5000 2377.2681   22.8441
    7.5000  -22.5000   37.5000 2344.5027   23.0009
   -7.5000  -15.0000   37.5000 2474.0806   21.1846
    0.0000  -15.0000   37.5000 2502.6313   20.9991
    7.5000  -15.0000   37.5000 2468.2456   21.1658
   -7.5000   -7.5000   37.5000 2577.8118   19.8930
    0.0000   -7.5000   37.5000 2606.3740   19.6128
    7.5000   -7.5000   37.5000 2575.5679   19.8933
   -7.5000    0.0000   37.5000 2651.4775   19.0332
    0.0000    0.0000   37.5000 2680.4363   18.7563
    7.5000    0.0000   37.5000 2651.0540   19.0372
   -7.5000    7.5000   37.5000 2695.6245   18.5276
    0.0000    7.5000   37.5000 2727.0037   18.3511
    7.5000    7.5000   37.5000 2693.4187   18.5973
   -7.5000   15.0000   37.5000 2700.6392   18.4887
    0.0000   15.0000   37.5000 2727.7761   18.2806
    7.5000   15.0000   37.5000 2693.0581   18.5369
   -7.5000   22.5000   37.5000 2674.9585   18.8036
    0.0000   22.5000   37.5000 2695.3667   18.6148
    7.5000   22.5000   37.5000 2667.5369   18.8559
   -7.5000   30.0000   37.5000 2612.7354   19.5692
    0.0000   30.0000   37.5000 2632.5127   19.3929
    7.5000   30.0000   37.5000 2605.3352   19.6170
   -7.5000   37.5000   37.5000 2519.3135   20.6727
    0.0000   37.5000   37.5000 2545.7461   20.6222
    7.5000   37.5000   37.5000 2518.7136   20.7319
   -7.5000   45.0000   37.5000 2399.5667   22.0740
    0.0000   45.0000   37.5000 2426.1343   22.1321
    7.5000   45.0000   37.5000 2401.9211   22.1732
   -7.5000  -45.0000   45.0000 1871.4059   34.8137
    0.0000  -45.0000   45.0000 1882.0245   34.2886
    7.5000  -45.0000   45.0000 1877.5704   34.8688
   -7.5000  -37.5000   45.0000 2024.4594   30.3699
    0.0000  -37.5000   45.0000 2038.0145   29.9874
    7.5000  -37.5000   45.0000 2024.1140   30.3042
   -7.5000  -30.0000   45.0000 2172.7720   26.9428
    0.0000  -30.0000   45.0000 2193.1687   26.7760
    7.5000  -30.0000   45.0000 2165.6016   26.8668
   -7.5000  -22.5000   45.0000 2304.7190   24.2598
    0.0000  -22.5000   45.0000 2329.6887   24.0909
    7.5000  -22.5000   45.0000 2293.9409   24.2209
   -7.5000  -15.0000   45.0000 2421.1194   22.3191
    0.0000  -15.0000   45.0000 2448.3276   22.1401
    7.5000  -15.0000   45.0000 2412.8940   22.3015
   -7.5000   -7.5000   45.0000 2517.1785   21.0064
    0.0000   -7.5000   45.0000 2549.3064   20.7680
    7.5000   -7.5000   45.0000 2515.3572   21.0075
   -7.5000    0.0000   45.0000 2582.2417   20.0760
    0.0000    0.0000   45.0000 2609.1858   19.8955
    7.5000    0.0000   45.0000 2582.8213   20.1316
   -7.5000    7.5000   45.0000 2615.5549   19.6034
    0.0000    7.5000   45.0000 2644.1167   19.4513
    7.5000    7.5000   45.0000 2616.0886   19.7005
   -7.5000   15.0000   45.0000 2612.2051   19.5406
    0.0000   15.0000   45.0000 2637.9229   19.3655
    7.5000   15.0000   45.0000 2607.1287   19.6069
   -7.5000   22.5000   45.0000 2581.4268   19.8182
    0.0000   22.5000   45.0000 2604.3191   19.6578
    7.5000   22.5000   45.0000 2580.0999   19.8865
   -7.5000   30.0000   45.0000 2521.8740   20.5514
    0.0000   30.0000   45.0000 2545.6814   20.4468
    7.5000   30.0000   45.0000 2518.0903   20.6190
   -7.5000   37.5000   45.0000 2437.3486   21.6607
    0.0000   37.5000   45.0000 2462.7690   21.6254
    7.5000   37.5000   45.0000 2437.4858   21.7425
   -7.5000   45.0000   45.0000 2330.5632   23.1729
    0.0000   45.0000   45.0000 2350.7473   23.1576
    7.5000   45.0000   45.0000 2322.6726   23.2503

---------------------------------------------------------------------
imgreg_4dfp /opt/freesurfer/average/711-2C_as_mni_average_305 /opt/freesurfer/average/711-2B_as_mni_average_305_mask talsrcimg_g11 none talsrcimg_to_711-2C_as_mni_average_305_t4 1283
---------------------------------------------------------------------

freesurfer imgreg_4dfp.c
/opt/freesurfer/average/711-2C_as_mni_average_305.4dfp.img
       256       256       256         1
  1.000000  1.000000  1.000000
orientation T byte_order littleendian
Reading image: /opt/freesurfer/average/711-2C_as_mni_average_305.4dfp.img
dimensions:      256       256       256
mmppix:       1.0000   -1.0000   -1.0000
center:     128.0000 -129.0000 -129.0000
/opt/freesurfer/average/711-2B_as_mni_average_305_mask.4dfp.img
       256       256       256         1
  1.000000  1.000000  1.000000
orientation T byte_order littleendian
Reading mask: /opt/freesurfer/average/711-2B_as_mni_average_305_mask.4dfp.img (2306576 pixels)
talsrcimg_g11.4dfp.img
       256       256       256         1
  1.000000  1.000000  1.000000
orientation T byte_order littleendian
Reading image: talsrcimg_g11.4dfp.img
dimensions:      256       256       256
mmppix:       1.0000   -1.0000   -1.0000
center:     128.0000 -129.0000 -129.0000
rotation matrix determinant  1.000000
fimgreg.f
image alignment mode   1283 decimal      503 hex
parameters
    0.0000   15.0000   15.0000    0.0000    0.0000    0.0000
eta,q 0.90578 15.86325
niter,ni,del,rscale     5    3   12.0000    1.2000
parameter  4 -0.583167 -> -0.500000 qaram    1.1500
parameter  5  0.713654 ->  0.500000 qaram    1.1500
parameters
    2.5581   16.5747   12.3583    3.4500   -3.4500   -1.5602
eta,q 0.90834 16.03392
  0.1040  0.1067  0.0958  0.1026  0.0930  0.0934
  0.1010  0.1029  0.0941  0.1003  0.0923  0.0916
  0.0991  0.1000  0.0953  0.0975  0.0929  0.0915
  0.0962  0.0978  0.0964  0.0943  0.0937  0.0924
  0.0979  0.0967  0.0961  0.0933  0.0957  0.0930
  0.0990  0.0980  0.0974  0.0939  0.0978  0.0935
  0.0972  0.1011  0.1019  0.0944  0.0999  0.0949
niter,ni,del,rscale     6    3   12.0000    1.2000
parameters
    1.0675   15.1816   11.3152    2.9564   -3.2789   -2.2571
eta,q 0.91238 15.95716
  0.0963  0.0960  0.0924  0.0953  0.0957  0.0917
  0.0922  0.0897  0.0899  0.0911  0.0921  0.0897
  0.0891  0.0878  0.0890  0.0877  0.0892  0.0880
  0.0917  0.0893  0.0880  0.0884  0.0879  0.0878
  0.0955  0.0929  0.0900  0.0908  0.0891  0.0896
  0.0977  0.0984  0.0940  0.0929  0.0919  0.0914
  0.1032  0.1047  0.0947  0.0963  0.0948  0.0932
niter,ni,del,rscale     5    3   12.0000    1.2000
parameters
    0.6173   15.0936   11.0943    2.8442   -2.9317   -2.4861
eta,q 0.91264 15.97256
  0.0980  0.0988  0.0946  0.0951  0.0959  0.0923
  0.0933  0.0928  0.0904  0.0915  0.0918  0.0902
  0.0888  0.0883  0.0884  0.0880  0.0889  0.0884
  0.0876  0.0873  0.0873  0.0874  0.0873  0.0873
  0.0918  0.0893  0.0878  0.0898  0.0884  0.0886
  0.0960  0.0933  0.0923  0.0917  0.0916  0.0910
  0.1002  0.0992  0.0953  0.0952  0.0940  0.0929
niter,ni,del,rscale     4    3   12.0000    1.2000
parameters
    0.4005   15.0180   11.0603    2.8130   -2.6791   -2.6576
eta,q 0.91272 15.97656
  0.0987  0.0982  0.0952  0.0948  0.0955  0.0925
  0.0941  0.0927  0.0907  0.0915  0.0915  0.0904
  0.0893  0.0884  0.0883  0.0883  0.0886  0.0885
  0.0874  0.0873  0.0872  0.0873  0.0872  0.0872
  0.0910  0.0890  0.0873  0.0894  0.0885  0.0884
  0.0953  0.0928  0.0916  0.0912  0.0916  0.0909
  0.0998  0.0988  0.0953  0.0948  0.0938  0.0931
niter,ni,del,rscale     3    3   12.0000    1.2000
parameters
    0.2550   14.9791   11.0890    2.7753   -2.4598   -2.7800
eta,q 0.91270 15.98043
  0.0986  0.0980  0.0953  0.0945  0.0953  0.0926
  0.0945  0.0928  0.0908  0.0913  0.0912  0.0905
  0.0895  0.0885  0.0883  0.0883  0.0884  0.0886
  0.0873  0.0873  0.0872  0.0872  0.0872  0.0873
  0.0906  0.0889  0.0872  0.0892  0.0886  0.0882
  0.0949  0.0925  0.0913  0.0910  0.0916  0.0909
  0.0995  0.0985  0.0951  0.0947  0.0936  0.0931
niter,ni,del,rscale     2    3   12.0000    1.2000
parameters
    0.1373   14.9731   11.1280    2.7273   -2.2809   -2.8724
eta,q 0.91269 15.98633
  0.0984  0.0980  0.0953  0.0944  0.0950  0.0926
  0.0946  0.0929  0.0907  0.0912  0.0910  0.0907
  0.0896  0.0885  0.0883  0.0884  0.0882  0.0887
  0.0873  0.0873  0.0873  0.0873  0.0872  0.0873
  0.0903  0.0888  0.0872  0.0892  0.0887  0.0880
  0.0947  0.0924  0.0912  0.0909  0.0915  0.0909
  0.0994  0.0984  0.0950  0.0946  0.0934  0.0932
niter,ni,del,rscale     1    3   12.0000    1.2000
parameters
    0.0437   14.9736   11.1474    2.6928   -2.1530   -2.9397
eta,q 0.91264 15.99140
  0.0983  0.0980  0.0952  0.0943  0.0948  0.0926
  0.0947  0.0929  0.0907  0.0911  0.0908  0.0907
  0.0898  0.0886  0.0884  0.0884  0.0882  0.0888
  0.0873  0.0873  0.0873  0.0873  0.0873  0.0873
  0.0901  0.0888  0.0873  0.0891  0.0888  0.0879
  0.0946  0.0923  0.0913  0.0908  0.0915  0.0908
  0.0993  0.0984  0.0950  0.0945  0.0934  0.0932
registration optimization eta report
parameter search radius
    6.0000    6.0000    6.0000    6.9000    6.9000    6.0000
100000*second partial in parameter space
       29.       30.       22.       14.       14.       15.
  0.0983  0.0980  0.0952  0.0943  0.0948  0.0926
  0.0947  0.0929  0.0907  0.0911  0.0908  0.0907
  0.0898  0.0886  0.0884  0.0884  0.0882  0.0888
  0.0873  0.0873  0.0873  0.0873  0.0873  0.0873
  0.0901  0.0888  0.0873  0.0891  0.0888  0.0879
  0.0946  0.0923  0.0913  0.0908  0.0915  0.0908
  0.0993  0.0984  0.0950  0.0945  0.0934  0.0932
    0.0437   14.9736   11.1474    2.6928   -2.1530   -2.9397
eta,q 0.91264 15.99140

---------------------------------------------------------------------
imgreg_4dfp /opt/freesurfer/average/711-2C_as_mni_average_305 /opt/freesurfer/average/711-2B_as_mni_average_305_mask talsrcimg_g11 none talsrcimg_to_711-2C_as_mni_average_305_t4 3335
---------------------------------------------------------------------

freesurfer imgreg_4dfp.c
/opt/freesurfer/average/711-2C_as_mni_average_305.4dfp.img
       256       256       256         1
  1.000000  1.000000  1.000000
orientation T byte_order littleendian
Reading image: /opt/freesurfer/average/711-2C_as_mni_average_305.4dfp.img
dimensions:      256       256       256
mmppix:       1.0000   -1.0000   -1.0000
center:     128.0000 -129.0000 -129.0000
/opt/freesurfer/average/711-2B_as_mni_average_305_mask.4dfp.img
       256       256       256         1
  1.000000  1.000000  1.000000
orientation T byte_order littleendian
Reading mask: /opt/freesurfer/average/711-2B_as_mni_average_305_mask.4dfp.img (2306576 pixels)
talsrcimg_g11.4dfp.img
       256       256       256         1
  1.000000  1.000000  1.000000
orientation T byte_order littleendian
Reading image: talsrcimg_g11.4dfp.img
dimensions:      256       256       256
mmppix:       1.0000   -1.0000   -1.0000
center:     128.0000 -129.0000 -129.0000
fimgreg.f
image alignment mode   3335 decimal      D07 hex
parameters
    0.0437   14.9736   11.1474   -0.2021   -0.2509   -0.1809
    5.2992    3.5067   -5.1249   -4.8843   -3.7567    4.6947
eta,q 0.90961 15.99985
niter,ni,del,rscale     5    3    5.0000    1.2000
parameter  4-98.551826 ->  0.500000 qaram    1.1500
parameter  5  2.228123 ->  0.500000 qaram    1.1500
parameter  6  6.956204 ->  0.500000 qaram    1.1500
parameter  7  0.875552 ->  0.500000 qaram    1.1500
parameter  8 -0.899294 ->  0.500000 qaram    1.1500
parameter  9  0.502200 ->  0.500000 qaram    1.1500
parameter 10  0.863420 ->  0.500000 qaram    1.1500
parameter 11  1.582639 ->  0.500000 qaram    1.1500
parameter 12  1.484126 ->  0.500000 qaram    1.1500
parameters
   -0.7958   14.1489   12.1404   -4.3421   -4.3909   -4.3209
    1.1592   -0.6333   -9.2649   -9.0243   -7.8967    0.5547
eta,q 0.93275 15.30493
  0.0907  0.0909  0.0918  0.0796  0.0767  0.0687  0.0734  0.0696  0.0713  0.0700  0.0686  0.0667
  0.0902  0.0901  0.0909  0.0829  0.0788  0.0730  0.0735  0.0709  0.0711  0.0698  0.0687  0.0671
  0.0901  0.0898  0.0903  0.0865  0.0811  0.0764  0.0737  0.0724  0.0711  0.0702  0.0692  0.0678
  0.0904  0.0901  0.0898  0.0896  0.0839  0.0795  0.0740  0.0735  0.0713  0.0711  0.0698  0.0688
  0.0908  0.0909  0.0896  0.0925  0.0875  0.0830  0.0745  0.0743  0.0716  0.0722  0.0706  0.0701
  0.0914  0.0921  0.0897  0.0961  0.0915  0.0873  0.0752  0.0744  0.0720  0.0736  0.0714  0.0715
  0.0924  0.0933  0.0900  0.0995  0.0956  0.0921  0.0762  0.0745  0.0726  0.0751  0.0722  0.0732
niter,ni,del,rscale     7    3    5.0000    1.2000
parameter  1 -0.874961 -> -0.500000 qaram    1.1500
parameter  3 -0.889671 -> -0.500000 qaram    1.1500
parameter  4  1.515937 ->  0.500000 qaram    1.3225
parameter  5  1.488499 ->  0.500000 qaram    1.3225
parameter  6  1.257621 ->  0.500000 qaram    1.3225
parameter  8 -0.963090 -> -0.500000 qaram    1.3225
parameter  9 -1.039202 -> -0.500000 qaram    1.3225
parameter 11 -0.844747 -> -0.500000 qaram    1.3225
parameters
    0.5842   14.0991   13.5204   -9.1031   -9.1519   -9.0819
    3.2672    4.1277   -4.5039   -7.4797   -3.1357   -1.5618
eta,q 0.95721 15.05076
  0.0747  0.0671  0.0701  0.0561  0.0519  0.0479  0.0541  0.0586  0.0516  0.0494  0.0508  0.0438
  0.0720  0.0661  0.0682  0.0573  0.0536  0.0499  0.0524  0.0553  0.0496  0.0473  0.0487  0.0432
  0.0694  0.0655  0.0665  0.0594  0.0552  0.0516  0.0512  0.0526  0.0479  0.0458  0.0466  0.0428
  0.0672  0.0653  0.0653  0.0640  0.0577  0.0540  0.0503  0.0501  0.0465  0.0449  0.0447  0.0429
  0.0658  0.0655  0.0644  0.0702  0.0609  0.0574  0.0501  0.0477  0.0454  0.0447  0.0434  0.0434
  0.0652  0.0662  0.0639  0.0757  0.0648  0.0621  0.0506  0.0463  0.0448  0.0454  0.0428  0.0443
  0.0654  0.0673  0.0639  0.0810  0.0693  0.0678  0.0517  0.0475  0.0447  0.0471  0.0433  0.0457
niter,ni,del,rscale     7    3    5.0000    1.2000
parameter  3 -0.635810 -> -0.500000 qaram    1.3225
parameter  4  0.728067 ->  0.500000 qaram    1.5209
parameter  5  1.873569 ->  0.500000 qaram    1.5209
parameters
   -0.0389   14.0199   15.1074  -14.5783  -14.6270  -12.6405
    2.4398    2.9943   -4.4527   -6.6932    1.1061   -0.5801
eta,q 0.96757 14.76692
  0.0468  0.0445  0.0496  0.0380  0.0312  0.0339  0.0362  0.0397  0.0366  0.0383  0.0356  0.0348
  0.0438  0.0433  0.0466  0.0374  0.0327  0.0332  0.0344  0.0350  0.0347  0.0357  0.0343  0.0336
  0.0424  0.0426  0.0441  0.0376  0.0351  0.0331  0.0333  0.0330  0.0334  0.0337  0.0334  0.0327
  0.0428  0.0424  0.0424  0.0412  0.0373  0.0333  0.0331  0.0330  0.0328  0.0328  0.0328  0.0324
  0.0448  0.0427  0.0414  0.0488  0.0399  0.0342  0.0339  0.0345  0.0333  0.0332  0.0325  0.0326
  0.0483  0.0435  0.0412  0.0578  0.0436  0.0384  0.0354  0.0379  0.0345  0.0345  0.0325  0.0330
  0.0529  0.0448  0.0415  0.0650  0.0477  0.0455  0.0377  0.0439  0.0366  0.0366  0.0330  0.0338
niter,ni,del,rscale     7    3    5.0000    1.2000
parameters
   -0.3695   13.4279   14.8154  -16.9612  -19.1902  -12.6160
    2.8086    2.3618   -5.1566   -7.8546    0.6452   -0.1379
eta,q 0.96917 14.43445
  0.0364  0.0339  0.0346  0.0362  0.0335  0.0342  0.0352  0.0372  0.0336  0.0345  0.0323  0.0330
  0.0339  0.0327  0.0331  0.0339  0.0316  0.0324  0.0331  0.0338  0.0322  0.0321  0.0315  0.0319
  0.0326  0.0322  0.0322  0.0326  0.0311  0.0315  0.0317  0.0316  0.0313  0.0309  0.0310  0.0311
  0.0324  0.0324  0.0321  0.0321  0.0324  0.0311  0.0311  0.0311  0.0310  0.0310  0.0308  0.0308
  0.0335  0.0332  0.0327  0.0326  0.0349  0.0311  0.0315  0.0321  0.0315  0.0322  0.0311  0.0310
  0.0357  0.0347  0.0339  0.0376  0.0380  0.0315  0.0327  0.0345  0.0327  0.0342  0.0317  0.0316
  0.0388  0.0366  0.0356  0.0471  0.0421  0.0348  0.0345  0.0395  0.0345  0.0367  0.0325  0.0326
niter,ni,del,rscale     6    3    5.0000    1.2000
parameters
   -0.3430   13.7479   15.1704  -16.6559  -19.8892  -12.4751
    2.7304    2.4211   -5.0379   -7.8146    0.6528   -0.1788
eta,q 0.96929 14.42324
  0.0358  0.0345  0.0343  0.0365  0.0358  0.0339  0.0345  0.0379  0.0340  0.0357  0.0323  0.0326
  0.0332  0.0327  0.0326  0.0338  0.0333  0.0320  0.0325  0.0341  0.0323  0.0329  0.0314  0.0315
  0.0315  0.0314  0.0313  0.0318  0.0314  0.0311  0.0311  0.0316  0.0312  0.0312  0.0309  0.0309
  0.0308  0.0308  0.0308  0.0308  0.0307  0.0307  0.0307  0.0307  0.0307  0.0307  0.0307  0.0307
  0.0313  0.0309  0.0310  0.0304  0.0318  0.0307  0.0313  0.0315  0.0310  0.0314  0.0309  0.0309
  0.0330  0.0316  0.0317  0.0314  0.0344  0.0311  0.0326  0.0336  0.0321  0.0331  0.0314  0.0316
  0.0357  0.0330  0.0330  0.0374  0.0371  0.0343  0.0346  0.0380  0.0339  0.0354  0.0323  0.0326
niter,ni,del,rscale     5    3    5.0000    1.2000
parameters
   -0.3117   13.8013   15.2329  -16.6245  -20.0383  -12.4261
    2.7047    2.4401   -5.0508   -7.7868    0.6611   -0.2053
eta,q 0.96929 14.42003
  0.0356  0.0338  0.0336  0.0363  0.0362  0.0338  0.0345  0.0379  0.0339  0.0357  0.0323  0.0325
  0.0331  0.0321  0.0320  0.0336  0.0337  0.0320  0.0325  0.0341  0.0322  0.0329  0.0314  0.0315
  0.0314  0.0311  0.0310  0.0317  0.0316  0.0311  0.0312  0.0316  0.0311  0.0312  0.0309  0.0309
  0.0307  0.0307  0.0307  0.0307  0.0307  0.0307  0.0307  0.0307  0.0307  0.0307  0.0307  0.0307
  0.0312  0.0310  0.0310  0.0304  0.0315  0.0307  0.0313  0.0315  0.0311  0.0314  0.0309  0.0309
  0.0329  0.0320  0.0319  0.0316  0.0339  0.0312  0.0325  0.0337  0.0322  0.0331  0.0314  0.0315
  0.0355  0.0335  0.0333  0.0379  0.0366  0.0344  0.0345  0.0381  0.0340  0.0354  0.0323  0.0326
niter,ni,del,rscale     4    3    5.0000    1.2000
parameters
   -0.3027   13.8190   15.2461  -16.6108  -20.0758  -12.4220
    2.7033    2.4452   -5.0585   -7.7691    0.6753   -0.2167
eta,q 0.96929 14.41911
  0.0355  0.0337  0.0335  0.0363  0.0363  0.0338  0.0345  0.0378  0.0339  0.0357  0.0323  0.0325
  0.0330  0.0320  0.0320  0.0336  0.0338  0.0320  0.0325  0.0341  0.0322  0.0328  0.0315  0.0315
  0.0313  0.0310  0.0310  0.0317  0.0317  0.0311  0.0312  0.0316  0.0311  0.0312  0.0309  0.0309
  0.0307  0.0307  0.0307  0.0307  0.0307  0.0307  0.0307  0.0307  0.0307  0.0307  0.0307  0.0307
  0.0312  0.0311  0.0311  0.0304  0.0314  0.0307  0.0312  0.0316  0.0311  0.0314  0.0309  0.0309
  0.0329  0.0320  0.0320  0.0316  0.0338  0.0312  0.0325  0.0337  0.0322  0.0331  0.0314  0.0315
  0.0355  0.0335  0.0334  0.0380  0.0365  0.0345  0.0345  0.0381  0.0340  0.0354  0.0323  0.0326
registration optimization eta report
parameter search radius
    2.7600    2.4000    3.1740   10.9503   10.9503    9.5220
    8.2800    9.5220    9.5220    8.2800    9.5220    8.2800
100000*second partial in parameter space
       63.       50.       27.        6.        5.        4.
        5.        8.        4.        7.        2.        3.
  0.0355  0.0337  0.0335  0.0363  0.0363  0.0338  0.0345  0.0378  0.0339  0.0357  0.0323  0.0325
  0.0330  0.0320  0.0320  0.0336  0.0338  0.0320  0.0325  0.0341  0.0322  0.0328  0.0315  0.0315
  0.0313  0.0310  0.0310  0.0317  0.0317  0.0311  0.0312  0.0316  0.0311  0.0312  0.0309  0.0309
  0.0307  0.0307  0.0307  0.0307  0.0307  0.0307  0.0307  0.0307  0.0307  0.0307  0.0307  0.0307
  0.0312  0.0311  0.0311  0.0304  0.0314  0.0307  0.0312  0.0316  0.0311  0.0314  0.0309  0.0309
  0.0329  0.0320  0.0320  0.0316  0.0338  0.0312  0.0325  0.0337  0.0322  0.0331  0.0314  0.0315
  0.0355  0.0335  0.0334  0.0380  0.0365  0.0345  0.0345  0.0381  0.0340  0.0354  0.0323  0.0326
   -0.3027   13.8190   15.2461  -16.6108  -20.0758  -12.4220
    2.7033    2.4452   -5.0585   -7.7691    0.6753   -0.2167
eta,q 0.96929 14.41911

---------------------------------------------------------------------
imgreg_4dfp /opt/freesurfer/average/711-2C_as_mni_average_305 /opt/freesurfer/average/711-2B_as_mni_average_305_mask talsrcimg_g11 none talsrcimg_to_711-2C_as_mni_average_305_t4 2311
---------------------------------------------------------------------

freesurfer imgreg_4dfp.c
/opt/freesurfer/average/711-2C_as_mni_average_305.4dfp.img
       256       256       256         1
  1.000000  1.000000  1.000000
orientation T byte_order littleendian
Reading image: /opt/freesurfer/average/711-2C_as_mni_average_305.4dfp.img
dimensions:      256       256       256
mmppix:       1.0000   -1.0000   -1.0000
center:     128.0000 -129.0000 -129.0000
/opt/freesurfer/average/711-2B_as_mni_average_305_mask.4dfp.img
       256       256       256         1
  1.000000  1.000000  1.000000
orientation T byte_order littleendian
Reading mask: /opt/freesurfer/average/711-2B_as_mni_average_305_mask.4dfp.img (2306576 pixels)
talsrcimg_g11.4dfp.img
       256       256       256         1
  1.000000  1.000000  1.000000
orientation T byte_order littleendian
Reading image: talsrcimg_g11.4dfp.img
dimensions:      256       256       256
mmppix:       1.0000   -1.0000   -1.0000
center:     128.0000 -129.0000 -129.0000
fimgreg.f
image alignment mode   2311 decimal      907 hex
parameters
   -0.3027   13.8190   15.2461  -16.6108  -20.0758  -12.4220
    2.7033    2.4452   -5.0585   -7.7691    0.6753   -0.2167
eta,q 0.96929 14.41911
niter,ni,del,rscale     5    3    5.0000    0.8000
parameter  4 -0.727828 -> -0.500000 qaram    1.1500
parameter  6 -0.736177 -> -0.500000 qaram    1.1500
parameters
   -0.2771   13.8101   15.1953  -13.8508  -19.9138   -9.6620
    2.7686    2.4564   -4.8734   -7.3840    1.2096   -0.1482
eta,q 0.96978 14.75213
  0.0325  0.0320  0.0314  0.0322  0.0320  0.0313  0.0316  0.0326  0.0312  0.0324  0.0307  0.0309
  0.0315  0.0313  0.0310  0.0315  0.0312  0.0309  0.0309  0.0313  0.0307  0.0312  0.0305  0.0305
  0.0309  0.0308  0.0308  0.0310  0.0307  0.0306  0.0304  0.0306  0.0304  0.0305  0.0303  0.0303
  0.0307  0.0307  0.0307  0.0307  0.0304  0.0304  0.0302  0.0302  0.0302  0.0302  0.0302  0.0302
  0.0309  0.0309  0.0308  0.0305  0.0305  0.0303  0.0304  0.0303  0.0303  0.0304  0.0302  0.0303
  0.0314  0.0313  0.0311  0.0304  0.0310  0.0302  0.0308  0.0311  0.0306  0.0309  0.0303  0.0305
  0.0324  0.0320  0.0315  0.0304  0.0318  0.0302  0.0315  0.0328  0.0311  0.0317  0.0306  0.0308
niter,ni,del,rscale     6    3    5.0000    0.9000
parameters
   -0.3441   13.6909   15.4878  -14.6986  -20.0759  -10.7754
    2.8090    2.5416   -4.9896   -7.8155    1.2519    0.0432
eta,q 0.96965 14.63841
  0.0324  0.0317  0.0315  0.0318  0.0321  0.0312  0.0321  0.0330  0.0315  0.0322  0.0308  0.0312
  0.0311  0.0308  0.0308  0.0311  0.0312  0.0308  0.0312  0.0316  0.0309  0.0311  0.0306  0.0307
  0.0304  0.0303  0.0304  0.0305  0.0305  0.0305  0.0306  0.0307  0.0305  0.0305  0.0304  0.0305
  0.0302  0.0302  0.0302  0.0302  0.0303  0.0303  0.0304  0.0304  0.0304  0.0304  0.0303  0.0304
  0.0305  0.0305  0.0302  0.0301  0.0305  0.0303  0.0306  0.0305  0.0305  0.0308  0.0304  0.0304
  0.0314  0.0311  0.0304  0.0312  0.0312  0.0310  0.0312  0.0313  0.0309  0.0316  0.0306  0.0306
  0.0327  0.0322  0.0308  0.0344  0.0324  0.0333  0.0320  0.0330  0.0316  0.0328  0.0309  0.0311
niter,ni,del,rscale     5    3    5.0000    0.8000
parameters
   -0.3181   13.6779   15.4311  -14.3092  -20.0098  -10.4617
    2.8195    2.5505   -4.9562   -7.7939    1.3648    0.0627
eta,q 0.96974 14.68069
  0.0321  0.0317  0.0310  0.0318  0.0318  0.0312  0.0317  0.0323  0.0312  0.0321  0.0307  0.0309
  0.0312  0.0309  0.0306  0.0311  0.0310  0.0308  0.0309  0.0313  0.0307  0.0310  0.0305  0.0305
  0.0306  0.0305  0.0304  0.0306  0.0305  0.0305  0.0304  0.0306  0.0304  0.0304  0.0303  0.0303
  0.0303  0.0303  0.0303  0.0303  0.0303  0.0303  0.0303  0.0303  0.0303  0.0303  0.0303  0.0303
  0.0305  0.0305  0.0304  0.0302  0.0304  0.0302  0.0304  0.0304  0.0304  0.0305  0.0303  0.0303
  0.0311  0.0310  0.0307  0.0304  0.0309  0.0303  0.0309  0.0311  0.0307  0.0311  0.0304  0.0305
  0.0320  0.0317  0.0311  0.0318  0.0318  0.0313  0.0316  0.0325  0.0312  0.0320  0.0307  0.0309
niter,ni,del,rscale     4    3    5.0000    0.7000
parameters
   -0.3348   13.6593   15.4429  -14.0458  -19.9981  -10.0953
    2.8385    2.5409   -4.9390   -7.7815    1.3606    0.1216
eta,q 0.96979 14.71752
  0.0316  0.0313  0.0308  0.0314  0.0314  0.0310  0.0313  0.0319  0.0309  0.0316  0.0305  0.0307
  0.0308  0.0307  0.0305  0.0309  0.0308  0.0307  0.0307  0.0310  0.0305  0.0308  0.0304  0.0304
  0.0304  0.0304  0.0303  0.0305  0.0304  0.0304  0.0303  0.0305  0.0303  0.0303  0.0303  0.0303
  0.0303  0.0303  0.0303  0.0303  0.0302  0.0302  0.0302  0.0302  0.0302  0.0302  0.0302  0.0302
  0.0304  0.0304  0.0303  0.0301  0.0303  0.0302  0.0303  0.0303  0.0303  0.0304  0.0302  0.0303
  0.0309  0.0308  0.0305  0.0303  0.0307  0.0303  0.0307  0.0309  0.0305  0.0308  0.0303  0.0304
  0.0316  0.0314  0.0308  0.0314  0.0314  0.0310  0.0312  0.0320  0.0309  0.0315  0.0306  0.0307
niter,ni,del,rscale     3    3    5.0000    0.6000
parameters
   -0.3489   13.6389   15.4750  -13.7201  -20.0137   -9.7312
    2.8623    2.5173   -4.8964   -7.7833    1.2090    0.2130
eta,q 0.96985 14.75631
  0.0312  0.0310  0.0307  0.0311  0.0310  0.0308  0.0310  0.0314  0.0307  0.0312  0.0304  0.0305
  0.0306  0.0305  0.0304  0.0307  0.0306  0.0305  0.0305  0.0308  0.0304  0.0306  0.0303  0.0303
  0.0303  0.0303  0.0303  0.0304  0.0303  0.0303  0.0302  0.0304  0.0302  0.0302  0.0302  0.0302
  0.0302  0.0302  0.0302  0.0302  0.0302  0.0302  0.0301  0.0301  0.0301  0.0302  0.0302  0.0302
  0.0303  0.0303  0.0302  0.0301  0.0303  0.0301  0.0302  0.0302  0.0302  0.0303  0.0302  0.0302
  0.0307  0.0306  0.0304  0.0302  0.0306  0.0302  0.0305  0.0307  0.0304  0.0306  0.0303  0.0303
  0.0312  0.0310  0.0306  0.0310  0.0311  0.0307  0.0309  0.0316  0.0307  0.0311  0.0305  0.0305
niter,ni,del,rscale     2    3    5.0000    0.5000
parameters
   -0.3576   13.6187   15.5146  -13.4043  -20.0516   -9.3377
    2.8745    2.4873   -4.8292   -7.7934    0.9377    0.3084
eta,q 0.96990 14.79383
  0.0309  0.0307  0.0305  0.0308  0.0307  0.0306  0.0307  0.0310  0.0305  0.0308  0.0303  0.0304
  0.0305  0.0304  0.0303  0.0305  0.0304  0.0304  0.0303  0.0306  0.0303  0.0304  0.0302  0.0302
  0.0302  0.0302  0.0302  0.0303  0.0302  0.0302  0.0301  0.0302  0.0301  0.0302  0.0301  0.0301
  0.0302  0.0302  0.0302  0.0302  0.0301  0.0301  0.0301  0.0301  0.0301  0.0301  0.0301  0.0301
  0.0302  0.0302  0.0302  0.0301  0.0302  0.0301  0.0302  0.0301  0.0301  0.0302  0.0301  0.0301
  0.0305  0.0304  0.0303  0.0302  0.0304  0.0301  0.0303  0.0305  0.0303  0.0304  0.0302  0.0302
  0.0309  0.0307  0.0304  0.0307  0.0308  0.0305  0.0306  0.0312  0.0305  0.0308  0.0303  0.0303
niter,ni,del,rscale     1    3    5.0000    0.4000
parameters
   -0.3596   13.5904   15.5599  -13.0733  -20.1023   -8.8977
    2.8851    2.4342   -4.7345   -7.7851    0.5744    0.3824
eta,q 0.96995 14.83282
  0.0306  0.0304  0.0303  0.0306  0.0305  0.0304  0.0304  0.0307  0.0303  0.0305  0.0301  0.0302
  0.0303  0.0302  0.0302  0.0304  0.0302  0.0302  0.0302  0.0304  0.0302  0.0302  0.0301  0.0301
  0.0301  0.0301  0.0301  0.0302  0.0301  0.0301  0.0301  0.0301  0.0301  0.0301  0.0301  0.0301
  0.0301  0.0301  0.0301  0.0301  0.0301  0.0301  0.0300  0.0300  0.0300  0.0301  0.0301  0.0301
  0.0301  0.0301  0.0301  0.0300  0.0301  0.0300  0.0301  0.0301  0.0301  0.0301  0.0301  0.0301
  0.0303  0.0303  0.0302  0.0301  0.0302  0.0301  0.0302  0.0303  0.0301  0.0303  0.0301  0.0301
  0.0306  0.0305  0.0303  0.0305  0.0305  0.0303  0.0304  0.0308  0.0303  0.0305  0.0302  0.0302
registration optimization eta report
parameter search radius
    0.8000    0.8000    0.8000    2.7600    2.4000    2.7600
    2.4000    2.4000    2.4000    2.4000    2.4000    2.4000
100000*second partial in parameter space
       73.       55.       30.        6.        7.        3.
        6.       12.        4.        8.        2.        3.
  0.0306  0.0304  0.0303  0.0306  0.0305  0.0304  0.0304  0.0307  0.0303  0.0305  0.0301  0.0302
  0.0303  0.0302  0.0302  0.0304  0.0302  0.0302  0.0302  0.0304  0.0302  0.0302  0.0301  0.0301
  0.0301  0.0301  0.0301  0.0302  0.0301  0.0301  0.0301  0.0301  0.0301  0.0301  0.0301  0.0301
  0.0301  0.0301  0.0301  0.0301  0.0301  0.0301  0.0300  0.0300  0.0300  0.0301  0.0301  0.0301
  0.0301  0.0301  0.0301  0.0300  0.0301  0.0300  0.0301  0.0301  0.0301  0.0301  0.0301  0.0301
  0.0303  0.0303  0.0302  0.0301  0.0302  0.0301  0.0302  0.0303  0.0301  0.0303  0.0301  0.0301
  0.0306  0.0305  0.0303  0.0305  0.0305  0.0303  0.0304  0.0308  0.0303  0.0305  0.0302  0.0302
   -0.3596   13.5904   15.5599  -13.0733  -20.1023   -8.8977
    2.8851    2.4342   -4.7345   -7.7851    0.5744    0.3824
eta,q 0.96995 14.83282

---------------------------------------------------------------------
imgreg_4dfp /opt/freesurfer/average/711-2C_as_mni_average_305 /opt/freesurfer/average/711-2B_as_mni_average_305_mask talsrcimg_g11 none talsrcimg_to_711-2C_as_mni_average_305_t4 2311
---------------------------------------------------------------------

freesurfer imgreg_4dfp.c
/opt/freesurfer/average/711-2C_as_mni_average_305.4dfp.img
       256       256       256         1
  1.000000  1.000000  1.000000
orientation T byte_order littleendian
Reading image: /opt/freesurfer/average/711-2C_as_mni_average_305.4dfp.img
dimensions:      256       256       256
mmppix:       1.0000   -1.0000   -1.0000
center:     128.0000 -129.0000 -129.0000
/opt/freesurfer/average/711-2B_as_mni_average_305_mask.4dfp.img
       256       256       256         1
  1.000000  1.000000  1.000000
orientation T byte_order littleendian
Reading mask: /opt/freesurfer/average/711-2B_as_mni_average_305_mask.4dfp.img (2306576 pixels)
talsrcimg_g11.4dfp.img
       256       256       256         1
  1.000000  1.000000  1.000000
orientation T byte_order littleendian
Reading image: talsrcimg_g11.4dfp.img
dimensions:      256       256       256
mmppix:       1.0000   -1.0000   -1.0000
center:     128.0000 -129.0000 -129.0000
fimgreg.f
image alignment mode   2311 decimal      907 hex
parameters
   -0.3596   13.5904   15.5599  -13.0733  -20.1023   -8.8977
    2.8851    2.4342   -4.7345   -7.7851    0.5744    0.3824
eta,q 0.96995 14.83282
niter,ni,del,rscale     5    3    5.0000    0.8000
parameters
   -0.3484   13.5622   15.6186  -13.9558  -20.1950   -9.7693
    2.8666    2.4306   -4.7001   -7.9147    0.8604    0.3425
eta,q 0.96981 14.73582
  0.0321  0.0314  0.0309  0.0310  0.0316  0.0307  0.0316  0.0324  0.0311  0.0319  0.0306  0.0308
  0.0309  0.0306  0.0304  0.0306  0.0309  0.0305  0.0308  0.0312  0.0306  0.0309  0.0304  0.0305
  0.0303  0.0302  0.0301  0.0303  0.0303  0.0303  0.0303  0.0305  0.0303  0.0303  0.0303  0.0303
  0.0300  0.0301  0.0300  0.0300  0.0302  0.0302  0.0302  0.0302  0.0302  0.0302  0.0302  0.0302
  0.0303  0.0302  0.0301  0.0301  0.0303  0.0302  0.0304  0.0303  0.0303  0.0305  0.0302  0.0303
  0.0309  0.0307  0.0304  0.0310  0.0309  0.0306  0.0309  0.0310  0.0306  0.0311  0.0303  0.0305
  0.0320  0.0315  0.0308  0.0333  0.0318  0.0321  0.0316  0.0326  0.0311  0.0320  0.0306  0.0308
niter,ni,del,rscale     4    3    5.0000    0.7000
parameters
   -0.3535   13.5971   15.5736  -13.6872  -20.1277   -9.5416
    2.8469    2.4309   -4.7547   -7.8380    0.8700    0.3257
eta,q 0.96986 14.76566
  0.0315  0.0313  0.0307  0.0311  0.0314  0.0307  0.0312  0.0319  0.0308  0.0316  0.0305  0.0306
  0.0308  0.0307  0.0304  0.0307  0.0308  0.0305  0.0306  0.0310  0.0305  0.0307  0.0303  0.0303
  0.0303  0.0303  0.0302  0.0304  0.0303  0.0303  0.0302  0.0304  0.0302  0.0303  0.0302  0.0302
  0.0302  0.0302  0.0302  0.0302  0.0302  0.0302  0.0301  0.0301  0.0301  0.0301  0.0301  0.0301
  0.0303  0.0303  0.0303  0.0301  0.0303  0.0301  0.0303  0.0302  0.0302  0.0303  0.0302  0.0302
  0.0308  0.0306  0.0305  0.0302  0.0307  0.0302  0.0306  0.0308  0.0305  0.0307  0.0303  0.0303
  0.0316  0.0312  0.0308  0.0311  0.0314  0.0308  0.0312  0.0320  0.0309  0.0314  0.0305  0.0306
niter,ni,del,rscale     3    3    5.0000    0.6000
parameters
   -0.3571   13.5966   15.5703  -13.4188  -20.1182   -9.2152
    2.8668    2.4081   -4.7525   -7.7947    0.7221    0.3481
eta,q 0.96990 14.79873
  0.0312  0.0309  0.0306  0.0308  0.0310  0.0306  0.0309  0.0314  0.0306  0.0311  0.0303  0.0304
  0.0306  0.0305  0.0303  0.0305  0.0305  0.0304  0.0305  0.0307  0.0303  0.0305  0.0302  0.0303
  0.0302  0.0302  0.0302  0.0303  0.0302  0.0302  0.0302  0.0303  0.0302  0.0302  0.0301  0.0301
  0.0301  0.0301  0.0301  0.0301  0.0301  0.0301  0.0301  0.0301  0.0301  0.0301  0.0301  0.0301
  0.0303  0.0302  0.0302  0.0300  0.0302  0.0301  0.0302  0.0302  0.0302  0.0302  0.0301  0.0301
  0.0306  0.0305  0.0303  0.0302  0.0305  0.0301  0.0305  0.0306  0.0303  0.0305  0.0302  0.0302
  0.0312  0.0309  0.0306  0.0308  0.0310  0.0305  0.0309  0.0316  0.0306  0.0311  0.0304  0.0304
niter,ni,del,rscale     2    3    5.0000    0.5000
parameters
   -0.3611   13.5818   15.5907  -13.1321  -20.1432   -8.8725
    2.8695    2.3813   -4.6994   -7.7737    0.4938    0.4148
eta,q 0.96994 14.83105
  0.0308  0.0306  0.0304  0.0306  0.0307  0.0304  0.0306  0.0310  0.0304  0.0308  0.0302  0.0303
  0.0304  0.0303  0.0302  0.0304  0.0303  0.0303  0.0303  0.0305  0.0302  0.0304  0.0301  0.0302
  0.0302  0.0302  0.0301  0.0302  0.0301  0.0301  0.0301  0.0302  0.0301  0.0301  0.0301  0.0301
  0.0301  0.0301  0.0301  0.0301  0.0301  0.0301  0.0301  0.0301  0.0301  0.0301  0.0301  0.0301
  0.0302  0.0302  0.0301  0.0300  0.0301  0.0300  0.0301  0.0301  0.0301  0.0301  0.0301  0.0301
  0.0304  0.0304  0.0302  0.0301  0.0304  0.0301  0.0303  0.0305  0.0302  0.0304  0.0302  0.0302
  0.0308  0.0307  0.0304  0.0306  0.0307  0.0304  0.0306  0.0312  0.0304  0.0307  0.0303  0.0303
niter,ni,del,rscale     1    3    5.0000    0.4000
parameters
   -0.3618   13.5670   15.6084  -12.8607  -20.1778   -8.5616
    2.8666    2.3527   -4.6310   -7.7648    0.1459    0.5170
eta,q 0.96998 14.85945
  0.0305  0.0304  0.0303  0.0305  0.0304  0.0303  0.0304  0.0307  0.0303  0.0305  0.0301  0.0302
  0.0303  0.0302  0.0301  0.0303  0.0302  0.0302  0.0302  0.0303  0.0301  0.0302  0.0301  0.0301
  0.0301  0.0301  0.0301  0.0302  0.0301  0.0301  0.0301  0.0301  0.0300  0.0301  0.0300  0.0300
  0.0301  0.0301  0.0301  0.0301  0.0300  0.0300  0.0300  0.0300  0.0300  0.0300  0.0300  0.0300
  0.0301  0.0301  0.0301  0.0300  0.0301  0.0300  0.0301  0.0301  0.0300  0.0301  0.0300  0.0300
  0.0303  0.0302  0.0301  0.0301  0.0302  0.0300  0.0302  0.0303  0.0301  0.0302  0.0301  0.0301
  0.0305  0.0304  0.0302  0.0304  0.0305  0.0302  0.0304  0.0308  0.0302  0.0305  0.0302  0.0301
registration optimization eta report
parameter search radius
    0.8000    0.8000    0.8000    2.4000    2.4000    2.4000
    2.4000    2.4000    2.4000    2.4000    2.4000    2.4000
100000*second partial in parameter space
       75.       55.       30.        6.        7.        4.
        6.       13.        4.        8.        2.        2.
  0.0305  0.0304  0.0303  0.0305  0.0304  0.0303  0.0304  0.0307  0.0303  0.0305  0.0301  0.0302
  0.0303  0.0302  0.0301  0.0303  0.0302  0.0302  0.0302  0.0303  0.0301  0.0302  0.0301  0.0301
  0.0301  0.0301  0.0301  0.0302  0.0301  0.0301  0.0301  0.0301  0.0300  0.0301  0.0300  0.0300
  0.0301  0.0301  0.0301  0.0301  0.0300  0.0300  0.0300  0.0300  0.0300  0.0300  0.0300  0.0300
  0.0301  0.0301  0.0301  0.0300  0.0301  0.0300  0.0301  0.0301  0.0300  0.0301  0.0300  0.0300
  0.0303  0.0302  0.0301  0.0301  0.0302  0.0300  0.0302  0.0303  0.0301  0.0302  0.0301  0.0301
  0.0305  0.0304  0.0302  0.0304  0.0305  0.0302  0.0304  0.0308  0.0302  0.0305  0.0302  0.0301
   -0.3618   13.5670   15.6084  -12.8607  -20.1778   -8.5616
    2.8666    2.3527   -4.6310   -7.7648    0.1459    0.5170
eta,q 0.96998 14.85945

---------------------------------------------------------------------
compute_vox2vox talsrcimg talsrcimg_to_711-2C_as_mni_average_305_t4 /opt/freesurfer/average/711-2C_as_mni_average_305
---------------------------------------------------------------------

freesurfer compute_vox2vox.c
Reading: talsrcimg.4dfp.ifh
Reading: talsrcimg_to_711-2C_as_mni_average_305_t4
Reading: /opt/freesurfer/average/711-2C_as_mni_average_305.4dfp.ifh
Writing: talsrcimg_to_711-2C_as_mni_average_305_t4_vox2vox.txt

start time Sun Mar 8 22:24:39 CET 2026
end		time Sun Mar 8 22:24:53 CET 2026

mpr2mni305 success

avi2talxfm orig_nu.mgz /opt/freesurfer/average/mni305.cor.mgz talsrcimg_to_711-2C_as_mni_average_305_t4_vox2vox.txt transforms/talairach.auto.xfm
avi2talxfm done
mv -f /out/sourcedata/freesurfer/sub-v1s16x0051170_ses-1/mri/talsrcimg_to_711-2C_as_mni_average_305_t4_vox2vox.txt /out/sourcedata/freesurfer/sub-v1s16x0051170_ses-1/mri/transforms/talsrcimg_to_711-2C_as_mni_average_305_t4_vox2vox.txt
lta_convert --src orig_nu.mgz --trg /opt/freesurfer/average/mni305.cor.mgz --inxfm transforms/talairach.auto.xfm --outlta transforms/talairach.auto.xfm.lta --subject fsaverage
7.3.2

--src: orig_nu.mgz src image (geometry).
--trg: /opt/freesurfer/average/mni305.cor.mgz trg image (geometry).
--inmni: transforms/talairach.auto.xfm input MNI/XFM transform.
--outlta: transforms/talairach.auto.xfm.lta output LTA.
--s: fsaverage subject name
 LTA read, type : 1
 1.14547  -0.03295  -0.04092  -1.20013;
-0.00220   1.09309  -0.00700  -31.80822;
 0.06624   0.10442   1.24973  -22.07269;
 0.00000   0.00000   0.00000   1.00000;
setting subject to fsaverage
Writing  LTA to file transforms/talairach.auto.xfm.lta...
lta_convert successful.
 
 
Started at Sun Mar 8 22:24:39 CET 2026
Ended   at Sun Mar  8 22:24:54 CET 2026
talairach_avi done
