/out/sourcedata/freesurfer/sub-v1s16x0051192_ses-1/mri
/opt/freesurfer/bin/talairach_avi
--i orig_nu.mgz --xfm transforms/talairach.auto.xfm
talairach_avi 7.3.2
Linux dna028 5.14.0-427.37.1.el9_4.x86_64 #1 SMP PREEMPT_DYNAMIC Fri Sep 13 12:41:50 EDT 2024 x86_64 x86_64 x86_64 GNU/Linux
Mon Mar  9 00:18:53 CET 2026
mri_convert orig_nu.mgz talsrcimg.img 
reading from orig_nu.mgz...
TR=0.00, TE=0.00, TI=0.00, flip angle=0.00
i_ras = (-1, 0, 0)
j_ras = (0, 0, -1)
k_ras = (0, 1, 0)
writing to talsrcimg.img...
Analyze Output Matrix
-1.00000   0.00000   0.00000   128.22620;
 0.00000   0.00000   1.00000  -134.69998;
 0.00000  -1.00000   0.00000   124.72617;
 0.00000   0.00000   0.00000   1.00000;
--------------------
INFO: set hdr.hist.orient to -1
mpr2mni305 talsrcimg
Mon Mar  9 00:18:53 CET 2026
/opt/freesurfer/bin/mpr2mni305 talsrcimg
mpr2mni305 7.3.2
target=711-2C_as_mni_average_305

---------------------------------------------------------------------
analyzeto4dfp talsrcimg -O0 -y
---------------------------------------------------------------------

freesurfer ifh2hdr.c
Mon Mar  9 00:18:53 2026
Writing: talsrcimg.4dfp.hdr
freesurfer analyzeto4dfp.c
Reading: talsrcimg.hdr
header size 348 bytes
hdr.dime.datatype	offset=70	value=2
hdr.dime.bitpix		offset=72	value=8
hdr.hist.orient		offset=252	value=-1
dimensionality     4
dimensions       256       256       256         1
Reading: talsrcimg.img
Writing: talsrcimg.4dfp.img
Writing: talsrcimg.4dfp.ifh
ifh2hdr talsrcimg -r0to217
ori=2

---------------------------------------------------------------------
gauss_4dfp talsrcimg 1.1
---------------------------------------------------------------------

freesurfer gauss_4dfp.c
Reading: talsrcimg.4dfp.img
Writing: talsrcimg_g11.4dfp.img
image dimensions 256 256 256 padded to 288 288 288
processing volume 1freesurfer ifh2hdr.c
Mon Mar  9 00:18:55 2026
Writing: talsrcimg_g11.4dfp.hdr

Writing: talsrcimg_g11.4dfp.ifh
including: talsrcimg.4dfp.img.rec in talsrcimg_g11.4dfp.img.rec

---------------------------------------------------------------------
imgreg_4dfp /opt/freesurfer/average/711-2C_as_mni_average_305 none talsrcimg_g11 none talsrcimg_to_711-2C_as_mni_average_305_t4 4355
---------------------------------------------------------------------

freesurfer imgreg_4dfp.c
/opt/freesurfer/average/711-2C_as_mni_average_305.4dfp.img
       256       256       256         1
  1.000000  1.000000  1.000000
orientation T byte_order littleendian
Reading image: /opt/freesurfer/average/711-2C_as_mni_average_305.4dfp.img
dimensions:      256       256       256
mmppix:       1.0000   -1.0000   -1.0000
center:     128.0000 -129.0000 -129.0000
talsrcimg_g11.4dfp.img
       256       256       256         1
  1.000000  1.000000  1.000000
orientation T byte_order littleendian
Reading image: talsrcimg_g11.4dfp.img
dimensions:      256       256       256
mmppix:       1.0000   -1.0000   -1.0000
center:     128.0000 -129.0000 -129.0000
t4_read: open error in t4_sub.f l:  41 t4_file(1:l)talsrcimg_to_711-2C_as_mni_average_305_t4 
t4_read: transform initialized to I4
rotation matrix determinant  1.000000
image alignment mode   4355 decimal     1103 hex
   -7.5000  -45.0000  -45.0000 5995.0796   25.1489
    0.0000  -45.0000  -45.0000 6173.8691   25.1527
    7.5000  -45.0000  -45.0000 5865.3516   25.0927
   -7.5000  -37.5000  -45.0000 6573.4697   24.8730
    0.0000  -37.5000  -45.0000 6778.3887   24.8874
    7.5000  -37.5000  -45.0000 6431.5381   24.8299
   -7.5000  -30.0000  -45.0000 7409.6812   24.7711
    0.0000  -30.0000  -45.0000 7655.0176   24.7794
    7.5000  -30.0000  -45.0000 7255.1279   24.7302
   -7.5000  -22.5000  -45.0000 8299.0146   24.8237
    0.0000  -22.5000  -45.0000 8555.7031   24.8168
    7.5000  -22.5000  -45.0000 8109.8057   24.7757
   -7.5000  -15.0000  -45.0000 9009.6777   24.9639
    0.0000  -15.0000  -45.0000 9275.2656   24.9473
    7.5000  -15.0000  -45.0000 8784.5840   24.9056
   -7.5000   -7.5000  -45.0000 9619.7227   25.0572
    0.0000   -7.5000  -45.0000 9857.2070   25.0459
    7.5000   -7.5000  -45.0000 9336.5938   24.9946
   -7.5000    0.0000  -45.000010168.6816   25.0183
    0.0000    0.0000  -45.000010455.3535   25.0226
    7.5000    0.0000  -45.0000 9879.4121   24.9635
   -7.5000    7.5000  -45.000010086.0898   24.8721
    0.0000    7.5000  -45.000010366.1318   24.8865
    7.5000    7.5000  -45.0000 9794.0352   24.8289
   -7.5000   15.0000  -45.0000 9920.7969   24.7711
    0.0000   15.0000  -45.000010210.1592   24.7794
    7.5000   15.0000  -45.0000 9626.8193   24.7302
   -7.5000   22.5000  -45.0000 9693.7773   24.8203
    0.0000   22.5000  -45.0000 9998.1982   24.8134
    7.5000   22.5000  -45.0000 9438.4648   24.7723
   -7.5000   30.0000  -45.0000 9345.6377   24.6312
    0.0000   30.0000  -45.0000 9583.0107   24.6149
    7.5000   30.0000  -45.0000 9071.2090   24.5737
   -7.5000   37.5000  -45.0000 9101.9365   24.7233
    0.0000   37.5000  -45.0000 9289.3936   24.7122
    7.5000   37.5000  -45.0000 8782.1035   24.6615
   -7.5000   45.0000  -45.0000 8312.9365   24.0581
    0.0000   45.0000  -45.0000 8498.8906   24.0623
    7.5000   45.0000  -45.0000 8015.2808   24.0054
   -7.5000  -45.0000  -37.5000 6456.9429   24.9866
    0.0000  -45.0000  -37.5000 6644.2285   24.9828
    7.5000  -45.0000  -37.5000 6308.7207   24.9260
   -7.5000  -37.5000  -37.5000 7073.4897   24.7137
    0.0000  -37.5000  -37.5000 7306.0947   24.7259
    7.5000  -37.5000  -37.5000 6913.3062   24.6770
   -7.5000  -30.0000  -37.5000 7980.4678   24.6066
    0.0000  -30.0000  -37.5000 8249.6309   24.6215
    7.5000  -30.0000  -37.5000 7805.1582   24.5831
   -7.5000  -22.5000  -37.5000 8915.4580   24.6521
    0.0000  -22.5000  -37.5000 9203.3418   24.6546
    7.5000  -22.5000  -37.5000 8700.3359   24.6197
   -7.5000  -15.0000  -37.5000 9684.8135   24.7872
    0.0000  -15.0000  -37.5000 9948.2900   24.7753
    7.5000  -15.0000  -37.5000 9426.7812   24.7333
   -7.5000   -7.5000  -37.500010343.6201   24.8864
    0.0000   -7.5000  -37.500010595.7764   24.8715
    7.5000   -7.5000  -37.500010023.6826   24.8191
   -7.5000    0.0000  -37.500010945.7324   24.8577
    0.0000    0.0000  -37.500011215.2988   24.8545
    7.5000    0.0000  -37.500010585.6201   24.7985
   -7.5000    7.5000  -37.500010777.2871   24.7127
    0.0000    7.5000  -37.500011060.6025   24.7249
    7.5000    7.5000  -37.500010426.2744   24.6761
   -7.5000   15.0000  -37.500010541.6387   24.6066
    0.0000   15.0000  -37.500010842.4736   24.6215
    7.5000   15.0000  -37.500010234.3018   24.5831
   -7.5000   22.5000  -37.500010290.4189   24.6487
    0.0000   22.5000  -37.500010616.4326   24.6512
    7.5000   22.5000  -37.500010009.7871   24.6164
   -7.5000   30.0000  -37.5000 9931.1963   24.4569
    0.0000   30.0000  -37.500010186.3701   24.4451
    7.5000   30.0000  -37.5000 9615.6045   24.4037
   -7.5000   37.5000  -37.5000 9656.7861   24.5548
    0.0000   37.5000  -37.5000 9851.7188   24.5400
    7.5000   37.5000  -37.5000 9290.6865   24.4883
   -7.5000   45.0000  -37.5000 8794.3799   23.9036
    0.0000   45.0000  -37.5000 8982.6641   23.9005
    7.5000   45.0000  -37.5000 8471.2480   23.8467
   -7.5000  -45.0000  -30.0000 7046.5488   25.9497
    0.0000  -45.0000  -30.0000 7269.4443   25.9443
    7.5000  -45.0000  -30.0000 6894.1689   25.9003
   -7.5000  -37.5000  -30.0000 7712.2266   25.6758
    0.0000  -37.5000  -30.0000 7966.0332   25.6895
    7.5000  -37.5000  -30.0000 7533.3276   25.6529
   -7.5000  -30.0000  -30.0000 8701.4805   25.5826
    0.0000  -30.0000  -30.0000 8971.7373   25.6015
    7.5000  -30.0000  -30.0000 8488.0654   25.5679
   -7.5000  -22.5000  -30.0000 9707.8438   25.6388
    0.0000  -22.5000  -30.0000 9982.4727   25.6436
    7.5000  -22.5000  -30.0000 9438.9482   25.6050
   -7.5000  -15.0000  -30.000010541.2441   25.7691
    0.0000  -15.0000  -30.000010823.0303   25.7571
    7.5000  -15.0000  -30.000010226.3223   25.7100
   -7.5000   -7.5000  -30.000011271.4844   25.8542
    0.0000   -7.5000  -30.000011555.6377   25.8377
    7.5000   -7.5000  -30.000010909.5957   25.7892
   -7.5000    0.0000  -30.000011965.0312   25.8164
    0.0000    0.0000  -30.000012237.7422   25.8115
    7.5000    0.0000  -30.000011492.0312   25.7682
   -7.5000    7.5000  -30.000011744.9404   25.6749
    0.0000    7.5000  -30.000012009.0879   25.6885
    7.5000    7.5000  -30.000011298.4775   25.6519
   -7.5000   15.0000  -30.000011432.7305   25.5826
    0.0000   15.0000  -30.000011729.4082   25.6015
    7.5000   15.0000  -30.000011030.5195   25.5679
   -7.5000   22.5000  -30.000011116.8379   25.6326
    0.0000   22.5000  -30.000011418.5625   25.6374
    7.5000   22.5000  -30.000010739.1514   25.5988
   -7.5000   30.0000  -30.000010700.3877   25.4281
    0.0000   30.0000  -30.000010960.4434   25.4162
    7.5000   30.0000  -30.000010305.2656   25.3698
   -7.5000   37.5000  -30.000010400.1074   25.5121
    0.0000   37.5000  -30.000010623.4014   25.4958
    7.5000   37.5000  -30.0000 9986.3330   25.4479
   -7.5000   45.0000  -30.0000 9417.0342   24.8438
    0.0000   45.0000  -30.0000 9657.7002   24.8391
    7.5000   45.0000  -30.0000 9093.4932   24.7974
   -7.5000  -45.0000  -22.5000 7673.3140   26.7955
    0.0000  -45.0000  -22.5000 7865.3726   26.7967
    7.5000  -45.0000  -22.5000 7473.5933   26.7640
   -7.5000  -37.5000  -22.5000 8408.6934   26.5235
    0.0000  -37.5000  -22.5000 8613.4053   26.5404
    7.5000  -37.5000  -22.5000 8155.4409   26.5077
   -7.5000  -30.0000  -22.5000 9492.2646   26.4546
    0.0000  -30.0000  -22.5000 9710.8105   26.4694
    7.5000  -30.0000  -22.5000 9162.2139   26.4281
   -7.5000  -22.5000  -22.500010559.9385   26.5313
    0.0000  -22.5000  -22.500010800.5234   26.5267
    7.5000  -22.5000  -22.500010188.5098   26.4762
   -7.5000  -15.0000  -22.500011441.6953   26.6591
    0.0000  -15.0000  -22.500011711.0713   26.6407
    7.5000  -15.0000  -22.500011085.4922   26.5883
   -7.5000   -7.5000  -22.500012289.1914   26.7183
    0.0000   -7.5000  -22.500012605.0684   26.7036
    7.5000   -7.5000  -22.500011857.5430   26.6612
   -7.5000    0.0000  -22.500013082.0879   26.6583
    0.0000    0.0000  -22.500013347.1445   26.6599
    7.5000    0.0000  -22.500012449.6230   26.6278
   -7.5000    7.5000  -22.500012818.3564   26.5225
    0.0000    7.5000  -22.500013059.5000   26.5394
    7.5000    7.5000  -22.500012190.0107   26.5067
   -7.5000   15.0000  -22.500012408.8799   26.4546
    0.0000   15.0000  -22.500012651.2500   26.4694
    7.5000   15.0000  -22.500011847.2236   26.4281
   -7.5000   22.5000  -22.500012034.3477   26.5231
    0.0000   22.5000  -22.500012295.5000   26.5185
    7.5000   22.5000  -22.500011525.9932   26.4680
   -7.5000   30.0000  -22.500011537.1602   26.3104
    0.0000   30.0000  -22.500011809.7412   26.2922
    7.5000   30.0000  -22.500011039.0146   26.2405
   -7.5000   37.5000  -22.500011156.7373   26.3688
    0.0000   37.5000  -22.500011419.2217   26.3544
    7.5000   37.5000  -22.500010699.1826   26.3124
   -7.5000   45.0000  -22.500010115.5801   25.6733
    0.0000   45.0000  -22.500010354.3770   25.6748
    7.5000   45.0000  -22.5000 9727.6904   25.6439
   -7.5000  -45.0000  -15.0000 8302.0049   27.4617
    0.0000  -45.0000  -15.0000 8518.6543   27.4717
    7.5000  -45.0000  -15.0000 8037.1382   27.4386
   -7.5000  -37.5000  -15.0000 9124.3389   27.1852
    0.0000  -37.5000  -15.0000 9336.6992   27.2060
    7.5000  -37.5000  -15.0000 8780.8516   27.1662
   -7.5000  -30.0000  -15.000010284.9727   27.1247
    0.0000  -30.0000  -15.000010504.7705   27.1341
    7.5000  -30.0000  -15.0000 9855.9033   27.0816
   -7.5000  -22.5000  -15.000011411.5029   27.2121
    0.0000  -22.5000  -15.000011646.4463   27.1982
    7.5000  -22.5000  -15.000010974.2988   27.1406
   -7.5000  -15.0000  -15.000012380.0615   27.3450
    0.0000  -15.0000  -15.000012657.0820   27.3214
    7.5000  -15.0000  -15.000011960.9844   27.2695
   -7.5000   -7.5000  -15.000013409.8730   27.3947
    0.0000   -7.5000  -15.000013733.2754   27.3836
    7.5000   -7.5000  -15.000012768.0986   27.3443
   -7.5000    0.0000  -15.000014174.8691   27.3211
    0.0000    0.0000  -15.000014417.8320   27.3314
    7.5000    0.0000  -15.000013360.0986   27.2989
   -7.5000    7.5000  -15.000013856.5596   27.1842
    0.0000    7.5000  -15.000014052.0918   27.2050
    7.5000    7.5000  -15.000013029.6865   27.1652
   -7.5000   15.0000  -15.000013424.2617   27.1247
    0.0000   15.0000  -15.000013646.4121   27.1341
    7.5000   15.0000  -15.000012678.9766   27.0816
   -7.5000   22.5000  -15.000013061.6416   27.2024
    0.0000   22.5000  -15.000013275.6396   27.1886
    7.5000   22.5000  -15.000012346.9160   27.1310
   -7.5000   30.0000  -15.000012472.9648   26.9912
    0.0000   30.0000  -15.000012686.5420   26.9679
    7.5000   30.0000  -15.000011807.0029   26.9166
   -7.5000   37.5000  -15.000012038.7666   27.0402
    0.0000   37.5000  -15.000012238.3662   27.0293
    7.5000   37.5000  -15.000011414.0684   26.9904
   -7.5000   45.0000  -15.000010929.2529   26.3275
    0.0000   45.0000  -15.000011137.6299   26.3374
    7.5000   45.0000  -15.000010391.9736   26.3061
   -7.5000  -45.0000   -7.5000 9001.7939   27.8653
    0.0000  -45.0000   -7.5000 9224.9404   27.8772
    7.5000  -45.0000   -7.5000 8680.3740   27.8284
   -7.5000  -37.5000   -7.5000 9863.8242   27.5733
    0.0000  -37.5000   -7.500010096.9961   27.5943
    7.5000  -37.5000   -7.5000 9471.2031   27.5403
   -7.5000  -30.0000   -7.500011085.5352   27.4898
    0.0000  -30.0000   -7.500011362.0889   27.4976
    7.5000  -30.0000   -7.500010656.0020   27.4401
   -7.5000  -22.5000   -7.500012310.5332   27.5666
    0.0000  -22.5000   -7.500012629.1270   27.5525
    7.5000  -22.5000   -7.500011923.5264   27.4991
   -7.5000  -15.0000   -7.500013494.2148   27.7130
    0.0000  -15.0000   -7.500013838.6348   27.6906
    7.5000  -15.0000   -7.500012938.3076   27.6435
   -7.5000   -7.5000   -7.500014736.6367   27.7857
    0.0000   -7.5000   -7.500014925.4678   27.7765
    7.5000   -7.5000   -7.500013702.7480   27.7314
   -7.5000    0.0000   -7.500015378.6279   27.7219
    0.0000    0.0000   -7.500015482.5215   27.7343
    7.5000    0.0000   -7.500014304.2422   27.6863
   -7.5000    7.5000   -7.500014911.5625   27.5723
    0.0000    7.5000   -7.500015065.9141   27.5932
    7.5000    7.5000   -7.500013968.9229   27.5392
   -7.5000   15.0000   -7.500014465.4355   27.4898
    0.0000   15.0000   -7.500014639.4893   27.4976
    7.5000   15.0000   -7.500013619.1797   27.4401
   -7.5000   22.5000   -7.500014091.3662   27.5539
    0.0000   22.5000   -7.500014275.2656   27.5397
    7.5000   22.5000   -7.500013307.0059   27.4864
   -7.5000   30.0000   -7.500013431.3252   27.3536
    0.0000   30.0000   -7.500013600.7695   27.3315
    7.5000   30.0000   -7.500012680.8301   27.2850
   -7.5000   37.5000   -7.500012946.7266   27.4254
    0.0000   37.5000   -7.500013097.0049   27.4163
    7.5000   37.5000   -7.500012202.0000   27.3718
   -7.5000   45.0000   -7.500011794.7021   26.7187
    0.0000   45.0000   -7.500011972.1729   26.7307
    7.5000   45.0000   -7.500011132.5146   26.6844
   -7.5000  -45.0000    0.0000 9551.6592   27.9829
    0.0000  -45.0000    0.0000 9808.1885   27.9879
    7.5000  -45.0000    0.0000 9236.0156   27.9225
   -7.5000  -37.5000    0.000010419.4092   27.6773
    0.0000  -37.5000    0.000010719.3691   27.6939
    7.5000  -37.5000    0.000010080.3828   27.6311
   -7.5000  -30.0000    0.000011681.9980   27.5642
    0.0000  -30.0000    0.000012063.2676   27.5740
    7.5000  -30.0000    0.000011356.4277   27.5204
   -7.5000  -22.5000    0.000013108.2910   27.6227
    0.0000  -22.5000    0.000013591.4619   27.6155
    7.5000  -22.5000    0.000012739.8711   27.5710
   -7.5000  -15.0000    0.000014722.8008   27.7782
    0.0000  -15.0000    0.000015003.2910   27.7603
    7.5000  -15.0000    0.000013780.5547   27.7154
   -7.5000   -7.5000    0.000015880.4297   27.8816
    0.0000   -7.5000    0.000015931.3711   27.8697
    7.5000   -7.5000    0.000014541.7607   27.8141
   -7.5000    0.0000    0.000016261.5898   27.8384
    0.0000    0.0000    0.000016387.8008   27.8439
    7.5000    0.0000    0.000015166.2637   27.7796
   -7.5000    7.5000    0.000015793.0430   27.6762
    0.0000    7.5000    0.000015967.6211   27.6929
    7.5000    7.5000    0.000014857.8135   27.6300
   -7.5000   15.0000    0.000015386.6289   27.5642
    0.0000   15.0000    0.000015579.2393   27.5740
    7.5000   15.0000    0.000014523.0547   27.5204
   -7.5000   22.5000    0.000014961.7129   27.6099
    0.0000   22.5000    0.000015191.4453   27.6028
    7.5000   22.5000    0.000014176.7197   27.5583
   -7.5000   30.0000    0.000014227.4072   27.4187
    0.0000   30.0000    0.000014424.2559   27.4010
    7.5000   30.0000    0.000013443.3799   27.3567
   -7.5000   37.5000    0.000013689.8789   27.5208
    0.0000   37.5000    0.000013871.7148   27.5090
    7.5000   37.5000    0.000012898.4961   27.4541
   -7.5000   45.0000    0.000012557.9473   26.8330
    0.0000   45.0000    0.000012710.6406   26.8384
    7.5000   45.0000    0.000011806.5713   26.7763
   -7.5000  -45.0000    7.5000 9336.2930   27.9498
    0.0000  -45.0000    7.5000 9592.6572   27.9457
    7.5000  -45.0000    7.5000 9046.4785   27.8825
   -7.5000  -37.5000    7.500010132.5781   27.6447
    0.0000  -37.5000    7.500010456.7520   27.6585
    7.5000  -37.5000    7.5000 9878.1719   27.6042
   -7.5000  -30.0000    7.500011341.1973   27.5252
    0.0000  -30.0000    7.500011766.5703   27.5420
    7.5000  -30.0000    7.500011089.2139   27.4994
   -7.5000  -22.5000    7.500012982.9307   27.5761
    0.0000  -22.5000    7.500013373.8301   27.5791
    7.5000  -22.5000    7.500012435.4639   27.5405
   -7.5000  -15.0000    7.500014778.3916   27.7271
    0.0000  -15.0000    7.500014949.4795   27.7140
    7.5000  -15.0000    7.500013503.4902   27.6674
   -7.5000   -7.5000    7.500015461.7744   27.8378
    0.0000   -7.5000    7.500015729.6230   27.8213
    7.5000   -7.5000    7.500014312.1289   27.7631
   -7.5000    0.0000    7.500015592.5264   27.8056
    0.0000    0.0000    7.500016050.7500   27.8022
    7.5000    0.0000    7.500015004.9541   27.7399
   -7.5000    7.5000    7.500015234.4463   27.6437
    0.0000    7.5000    7.500015714.0693   27.6575
    7.5000    7.5000    7.500014717.3369   27.6032
   -7.5000   15.0000    7.500014974.2744   27.5252
    0.0000   15.0000    7.500015394.9893   27.5420
    7.5000   15.0000    7.500014394.2666   27.4994
   -7.5000   22.5000    7.500014656.7812   27.5634
    0.0000   22.5000    7.500015015.3438   27.5664
    7.5000   22.5000    7.500013995.5039   27.5278
   -7.5000   30.0000    7.500013971.0420   27.3682
    0.0000   30.0000    7.500014214.2871   27.3553
    7.5000   30.0000    7.500013163.1982   27.3093
   -7.5000   37.5000    7.500013462.6543   27.4775
    0.0000   37.5000    7.500013592.9512   27.4612
    7.5000   37.5000    7.500012533.8262   27.4038
   -7.5000   45.0000    7.500012329.9756   26.8014
    0.0000   45.0000    7.500012445.2500   26.7981
    7.5000   45.0000    7.500011445.0742   26.7381
   -7.5000  -45.0000   15.0000 9031.7764   27.8657
    0.0000  -45.0000   15.0000 9267.3877   27.8599
    7.5000  -45.0000   15.0000 8755.9004   27.8127
   -7.5000  -37.5000   15.0000 9786.1396   27.5716
    0.0000  -37.5000   15.000010118.3799   27.5863
    7.5000  -37.5000   15.0000 9598.6055   27.5470
   -7.5000  -30.0000   15.000010961.9160   27.4715
    0.0000  -30.0000   15.000011383.6162   27.4918
    7.5000  -30.0000   15.000010785.8086   27.4557
   -7.5000  -22.5000   15.000012429.7793   27.5318
    0.0000  -22.5000   15.000012908.0459   27.5370
    7.5000  -22.5000   15.000012035.8398   27.4955
   -7.5000  -15.0000   15.000013885.1104   27.6718
    0.0000  -15.0000   15.000014329.1465   27.6588
    7.5000  -15.0000   15.000013015.5537   27.6083
   -7.5000   -7.5000   15.000014627.2559   27.7632
    0.0000   -7.5000   15.000015200.0361   27.7455
    7.5000   -7.5000   15.000013860.0869   27.6933
   -7.5000    0.0000   15.000014914.0986   27.7226
    0.0000    0.0000   15.000015618.6553   27.7173
    7.5000    0.0000   15.000014510.8574   27.6708
   -7.5000    7.5000   15.000014697.2207   27.5706
    0.0000    7.5000   15.000015277.2080   27.5852
    7.5000    7.5000   15.000014210.5781   27.5460
   -7.5000   15.0000   15.000014588.6670   27.4715
    0.0000   15.0000   15.000015002.7998   27.4918
    7.5000   15.0000   15.000013897.5498   27.4557
   -7.5000   22.5000   15.000014315.2549   27.5191
    0.0000   22.5000   15.000014611.3174   27.5243
    7.5000   22.5000   15.000013511.0420   27.4828
   -7.5000   30.0000   15.000013595.5430   27.3136
    0.0000   30.0000   15.000013797.1943   27.3009
    7.5000   30.0000   15.000012658.4473   27.2510
   -7.5000   37.5000   15.000013008.1064   27.4039
    0.0000   37.5000   15.000013174.7500   27.3864
    7.5000   37.5000   15.000012054.6416   27.3349
   -7.5000   45.0000   15.000011826.2295   26.7214
    0.0000   45.0000   15.000012007.9785   26.7163
    7.5000   45.0000   15.000011028.8682   26.6714
   -7.5000  -45.0000   22.5000 8586.3613   27.8158
    0.0000  -45.0000   22.5000 8868.7324   27.8171
    7.5000  -45.0000   22.5000 8378.0137   27.7832
   -7.5000  -37.5000   22.5000 9326.2188   27.5335
    0.0000  -37.5000   22.5000 9679.2549   27.5511
    7.5000  -37.5000   22.5000 9163.2861   27.5171
   -7.5000  -30.0000   22.500010494.4326   27.4620
    0.0000  -30.0000   22.500010899.0010   27.4773
    7.5000  -30.0000   22.500010307.1426   27.4345
   -7.5000  -22.5000   22.500011736.4346   27.5416
    0.0000  -22.5000   22.500012236.1064   27.5368
    7.5000  -22.5000   22.500011441.2051   27.4844
   -7.5000  -15.0000   22.500012917.0234   27.6742
    0.0000  -15.0000   22.500013419.2754   27.6551
    7.5000  -15.0000   22.500012371.9795   27.6008
   -7.5000   -7.5000   22.500013921.6680   27.7357
    0.0000   -7.5000   22.500014410.7910   27.7205
    7.5000   -7.5000   22.500013219.2148   27.6764
   -7.5000    0.0000   22.500014682.5381   27.6735
    0.0000    0.0000   22.500015118.8779   27.6751
    7.5000    0.0000   22.500013907.0391   27.6418
   -7.5000    7.5000   22.500014471.7510   27.5324
    0.0000    7.5000   22.500014800.8516   27.5500
    7.5000    7.5000   22.500013618.5840   27.5161
   -7.5000   15.0000   22.500014197.4463   27.4620
    0.0000   15.0000   22.500014458.5332   27.4773
    7.5000   15.0000   22.500013304.3770   27.4345
   -7.5000   22.5000   22.500013743.7207   27.5289
    0.0000   22.5000   22.500014010.7588   27.5242
    7.5000   22.5000   22.500012927.7539   27.4717
   -7.5000   30.0000   22.500012900.3633   27.3161
    0.0000   30.0000   22.500013159.4346   27.2972
    7.5000   30.0000   22.500012134.5889   27.2436
   -7.5000   37.5000   22.500012255.9180   27.3767
    0.0000   37.5000   22.500012510.7275   27.3618
    7.5000   37.5000   22.500011547.8213   27.3182
   -7.5000   45.0000   22.500011065.1006   26.6741
    0.0000   45.0000   22.500011344.4336   26.6757
    7.5000   45.0000   22.500010521.4180   26.6435
   -7.5000  -45.0000   30.0000 8088.7744   27.8386
    0.0000  -45.0000   30.0000 8341.1309   27.8487
    7.5000  -45.0000   30.0000 7866.2061   27.8152
   -7.5000  -37.5000   30.0000 8872.8164   27.5583
    0.0000  -37.5000   30.0000 9127.8555   27.5794
    7.5000  -37.5000   30.0000 8598.3242   27.5391
   -7.5000  -30.0000   30.0000 9970.4248   27.4970
    0.0000  -30.0000   30.000010264.2314   27.5065
    7.5000  -30.0000   30.0000 9648.3398   27.4533
   -7.5000  -22.5000   30.000011097.3750   27.5855
    0.0000  -22.5000   30.000011429.1963   27.5715
    7.5000  -22.5000   30.000010696.8076   27.5131
   -7.5000  -15.0000   30.000012097.4072   27.7203
    0.0000  -15.0000   30.000012457.7773   27.6964
    7.5000  -15.0000   30.000011610.0518   27.6438
   -7.5000   -7.5000   30.000012998.0459   27.7707
    0.0000   -7.5000   30.000013377.1602   27.7595
    7.5000   -7.5000   30.000012432.2881   27.7195
   -7.5000    0.0000   30.000013731.6846   27.6961
    0.0000    0.0000   30.000014128.0000   27.7065
    7.5000    0.0000   30.000013108.8037   27.6736
   -7.5000    7.5000   30.000013497.2197   27.5572
    0.0000    7.5000   30.000013871.8027   27.5784
    7.5000    7.5000   30.000012845.7812   27.5380
   -7.5000   15.0000   30.000013159.3984   27.4970
    0.0000   15.0000   30.000013528.0000   27.5065
    7.5000   15.0000   30.000012512.0410   27.4533
   -7.5000   22.5000   30.000012740.7324   27.5728
    0.0000   22.5000   30.000013095.5752   27.5588
    7.5000   22.5000   30.000012184.7568   27.5004
   -7.5000   30.0000   30.000012006.3320   27.3616
    0.0000   30.0000   30.000012293.1172   27.3380
    7.5000   30.0000   30.000011431.0342   27.2860
   -7.5000   37.5000   30.000011368.1621   27.4113
    0.0000   37.5000   30.000011680.5547   27.4002
    7.5000   37.5000   30.000010862.0156   27.3608
   -7.5000   45.0000   30.000010295.4365   26.6958
    0.0000   45.0000   30.000010591.3564   26.7059
    7.5000   45.0000   30.0000 9849.8301   26.6741
   -7.5000  -45.0000   37.5000 7854.0439   28.0242
    0.0000  -45.0000   37.5000 8039.5815   28.0365
    7.5000  -45.0000   37.5000 7590.5269   27.9874
   -7.5000  -37.5000   37.5000 8585.9492   27.7297
    0.0000  -37.5000   37.5000 8803.9609   27.7511
    7.5000  -37.5000   37.5000 8319.0693   27.6968
   -7.5000  -30.0000   37.5000 9620.1279   27.6454
    0.0000  -30.0000   37.5000 9893.5137   27.6535
    7.5000  -30.0000   37.5000 9349.8867   27.5957
   -7.5000  -22.5000   37.500010664.6484   27.7228
    0.0000  -22.5000   37.500010971.0781   27.7087
    7.5000  -22.5000   37.500010347.7549   27.6549
   -7.5000  -15.0000   37.500011534.2979   27.8704
    0.0000  -15.0000   37.500011878.8887   27.8480
    7.5000  -15.0000   37.500011233.1279   27.8004
   -7.5000   -7.5000   37.500012307.8975   27.9439
    0.0000   -7.5000   37.500012712.8555   27.9348
    7.5000   -7.5000   37.500012003.7051   27.8893
   -7.5000    0.0000   37.500012990.0723   27.8795
    0.0000    0.0000   37.500013440.4502   27.8923
    7.5000    0.0000   37.500012659.6943   27.8440
   -7.5000    7.5000   37.500012782.0869   27.7287
    0.0000    7.5000   37.500013194.4941   27.7500
    7.5000    7.5000   37.500012409.3398   27.6957
   -7.5000   15.0000   37.500012479.0068   27.6454
    0.0000   15.0000   37.500012904.7725   27.6535
    7.5000   15.0000   37.500012122.7432   27.5957
   -7.5000   22.5000   37.500012132.9189   27.7100
    0.0000   22.5000   37.500012554.6680   27.6960
    7.5000   22.5000   37.500011787.1641   27.6421
   -7.5000   30.0000   37.500011469.3438   27.5097
    0.0000   30.0000   37.500011807.0264   27.4876
    7.5000   30.0000   37.500011089.9854   27.4406
   -7.5000   37.5000   37.500010910.3604   27.5822
    0.0000   37.5000   37.500011221.9277   27.5733
    7.5000   37.5000   37.500010547.3145   27.5283
   -7.5000   45.0000   37.5000 9919.7959   26.8727
    0.0000   45.0000   37.500010179.4912   26.8849
    7.5000   45.0000   37.5000 9565.4072   26.8384
   -7.5000  -45.0000   45.0000 7188.2598   28.2335
    0.0000  -45.0000   45.0000 7376.4683   28.2365
    7.5000  -45.0000   45.0000 7016.2920   28.1712
   -7.5000  -37.5000   45.0000 7839.8101   27.9217
    0.0000  -37.5000   45.0000 8057.7212   27.9366
    7.5000  -37.5000   45.0000 7672.2822   27.8736
   -7.5000  -30.0000   45.0000 8764.1191   27.8046
    0.0000  -30.0000   45.0000 9031.6221   27.8123
    7.5000  -30.0000   45.0000 8613.3770   27.7584
   -7.5000  -22.5000   45.0000 9685.5459   27.8632
    0.0000  -22.5000   45.0000 9962.4707   27.8535
    7.5000  -22.5000   45.0000 9507.6641   27.8088
   -7.5000  -15.0000   45.000010475.6787   28.0226
    0.0000  -15.0000   45.000010779.8076   28.0021
    7.5000  -15.0000   45.000010296.8018   27.9570
   -7.5000   -7.5000   45.000011184.3623   28.1300
    0.0000   -7.5000   45.000011523.0195   28.1159
    7.5000   -7.5000   45.000010985.3936   28.0603
   -7.5000    0.0000   45.000011776.3486   28.0870
    0.0000    0.0000   45.000012153.6025   28.0907
    7.5000    0.0000   45.000011587.6562   28.0265
   -7.5000    7.5000   45.000011554.5625   27.9207
    0.0000    7.5000   45.000011943.8066   27.9356
    7.5000    7.5000   45.000011384.9629   27.8726
   -7.5000   15.0000   45.000011312.7344   27.8046
    0.0000   15.0000   45.000011681.3105   27.8123
    7.5000   15.0000   45.000011110.8301   27.7584
   -7.5000   22.5000   45.000011076.1680   27.8503
    0.0000   22.5000   45.000011406.5000   27.8406
    7.5000   22.5000   45.000010822.7383   27.7959
   -7.5000   30.0000   45.000010458.0645   27.6575
    0.0000   30.0000   45.000010764.1572   27.6373
    7.5000   30.0000   45.000010183.7432   27.5928
   -7.5000   37.5000   45.0000 9956.8291   27.7635
    0.0000   37.5000   45.000010249.7168   27.7496
    7.5000   37.5000   45.0000 9691.4297   27.6947
   -7.5000   45.0000   45.0000 9098.2510   27.0849
    0.0000   45.0000   45.0000 9347.6777   27.0885
    7.5000   45.0000   45.0000 8828.2627   27.0265

---------------------------------------------------------------------
imgreg_4dfp /opt/freesurfer/average/711-2C_as_mni_average_305 /opt/freesurfer/average/711-2B_as_mni_average_305_mask talsrcimg_g11 none talsrcimg_to_711-2C_as_mni_average_305_t4 4355
---------------------------------------------------------------------

freesurfer imgreg_4dfp.c
/opt/freesurfer/average/711-2C_as_mni_average_305.4dfp.img
       256       256       256         1
  1.000000  1.000000  1.000000
orientation T byte_order littleendian
Reading image: /opt/freesurfer/average/711-2C_as_mni_average_305.4dfp.img
dimensions:      256       256       256
mmppix:       1.0000   -1.0000   -1.0000
center:     128.0000 -129.0000 -129.0000
/opt/freesurfer/average/711-2B_as_mni_average_305_mask.4dfp.img
       256       256       256         1
  1.000000  1.000000  1.000000
orientation T byte_order littleendian
Reading mask: /opt/freesurfer/average/711-2B_as_mni_average_305_mask.4dfp.img (2306576 pixels)
talsrcimg_g11.4dfp.img
       256       256       256         1
  1.000000  1.000000  1.000000
orientation T byte_order littleendian
Reading image: talsrcimg_g11.4dfp.img
dimensions:      256       256       256
mmppix:       1.0000   -1.0000   -1.0000
center:     128.0000 -129.0000 -129.0000
rotation matrix determinant  1.000000
image alignment mode   4355 decimal     1103 hex
   -7.5000  -45.0000  -45.0000 1785.0208   38.5470
    0.0000  -45.0000  -45.0000 1778.9283   38.7371
    7.5000  -45.0000  -45.0000 1771.6022   39.3407
   -7.5000  -37.5000  -45.0000 1911.0209   34.1457
    0.0000  -37.5000  -45.0000 1903.6874   34.2568
    7.5000  -37.5000  -45.0000 1886.9244   34.8478
   -7.5000  -30.0000  -45.0000 2016.0626   30.9480
    0.0000  -30.0000  -45.0000 2013.8640   30.9828
    7.5000  -30.0000  -45.0000 1988.4515   31.4219
   -7.5000  -22.5000  -45.0000 2112.0593   28.9238
    0.0000  -22.5000  -45.0000 2108.8484   28.9655
    7.5000  -22.5000  -45.0000 2082.7534   29.3101
   -7.5000  -15.0000  -45.0000 2160.7878   27.6981
    0.0000  -15.0000  -45.0000 2158.0066   27.6761
    7.5000  -15.0000  -45.0000 2133.8159   28.0319
   -7.5000   -7.5000  -45.0000 2176.1687   26.6689
    0.0000   -7.5000  -45.0000 2173.9524   26.6714
    7.5000   -7.5000  -45.0000 2155.6794   27.1953
   -7.5000    0.0000  -45.0000 2173.0706   26.0226
    0.0000    0.0000  -45.0000 2174.1575   26.0472
    7.5000    0.0000  -45.0000 2149.6753   26.5071
   -7.5000    7.5000  -45.0000 2165.1743   25.7900
    0.0000    7.5000  -45.0000 2169.9177   25.8477
    7.5000    7.5000  -45.0000 2147.1604   26.3342
   -7.5000   15.0000  -45.0000 2150.8972   26.3522
    0.0000   15.0000  -45.0000 2147.5669   26.3552
    7.5000   15.0000  -45.0000 2118.4333   26.8265
   -7.5000   22.5000  -45.0000 2111.2312   27.2626
    0.0000   22.5000  -45.0000 2114.4810   27.2897
    7.5000   22.5000  -45.0000 2081.7402   27.7193
   -7.5000   30.0000  -45.0000 2063.7114   28.5957
    0.0000   30.0000  -45.0000 2053.3660   28.5818
    7.5000   30.0000  -45.0000 2028.8351   29.1789
   -7.5000   37.5000  -45.0000 1988.7363   30.3649
    0.0000   37.5000  -45.0000 1977.8809   30.3907
    7.5000   37.5000  -45.0000 1950.0345   31.1134
   -7.5000   45.0000  -45.0000 1893.7534   32.6520
    0.0000   45.0000  -45.0000 1887.8009   32.7743
    7.5000   45.0000  -45.0000 1862.5188   33.5736
   -7.5000  -45.0000  -37.5000 1869.1827   35.6231
    0.0000  -45.0000  -37.5000 1862.5118   35.7725
    7.5000  -45.0000  -37.5000 1846.0198   36.0783
   -7.5000  -37.5000  -37.5000 2004.1064   31.5153
    0.0000  -37.5000  -37.5000 1999.0483   31.6328
    7.5000  -37.5000  -37.5000 1970.4803   31.9964
   -7.5000  -30.0000  -37.5000 2117.0835   28.4960
    0.0000  -30.0000  -37.5000 2117.9031   28.5902
    7.5000  -30.0000  -37.5000 2083.8821   28.9516
   -7.5000  -22.5000  -37.5000 2217.2993   26.6235
    0.0000  -22.5000  -37.5000 2217.3762   26.6862
    7.5000  -22.5000  -37.5000 2181.5396   26.9450
   -7.5000  -15.0000  -37.5000 2261.1150   25.3603
    0.0000  -15.0000  -37.5000 2249.6699   25.4012
    7.5000  -15.0000  -37.5000 2227.7583   25.7665
   -7.5000   -7.5000  -37.5000 2282.7935   24.5213
    0.0000   -7.5000  -37.5000 2270.8789   24.5086
    7.5000   -7.5000  -37.5000 2247.4558   24.9308
   -7.5000    0.0000  -37.5000 2280.3352   23.9695
    0.0000    0.0000  -37.5000 2274.5442   23.9973
    7.5000    0.0000  -37.5000 2246.7522   24.4132
   -7.5000    7.5000  -37.5000 2259.4834   23.6250
    0.0000    7.5000  -37.5000 2262.5371   23.6564
    7.5000    7.5000  -37.5000 2234.5435   24.0784
   -7.5000   15.0000  -37.5000 2241.8030   23.9199
    0.0000   15.0000  -37.5000 2241.1829   23.9404
    7.5000   15.0000  -37.5000 2212.2805   24.3850
   -7.5000   22.5000  -37.5000 2213.3379   24.6426
    0.0000   22.5000  -37.5000 2214.9351   24.6691
    7.5000   22.5000  -37.5000 2179.2947   25.0871
   -7.5000   30.0000  -37.5000 2164.7478   25.9456
    0.0000   30.0000  -37.5000 2154.0552   25.9233
    7.5000   30.0000  -37.5000 2128.4407   26.4462
   -7.5000   37.5000  -37.5000 2090.1931   27.6941
    0.0000   37.5000  -37.5000 2075.5474   27.7030
    7.5000   37.5000  -37.5000 2051.9348   28.3346
   -7.5000   45.0000  -37.5000 1991.7386   30.0473
    0.0000   45.0000  -37.5000 1977.3833   30.0092
    7.5000   45.0000  -37.5000 1956.7721   30.7486
   -7.5000  -45.0000  -30.0000 1982.6852   34.2561
    0.0000  -45.0000  -30.0000 1978.9829   34.1694
    7.5000  -45.0000  -30.0000 1955.4001   34.3506
   -7.5000  -37.5000  -30.0000 2126.1323   30.2613
    0.0000  -37.5000  -30.0000 2121.1628   30.2392
    7.5000  -37.5000  -30.0000 2085.4917   30.4555
   -7.5000  -30.0000  -30.0000 2246.5659   27.2331
    0.0000  -30.0000  -30.0000 2245.4355   27.2578
    7.5000  -30.0000  -30.0000 2209.6365   27.5654
   -7.5000  -22.5000  -30.0000 2348.5212   25.3392
    0.0000  -22.5000  -30.0000 2343.3162   25.3798
    7.5000  -22.5000  -30.0000 2309.6267   25.6358
   -7.5000  -15.0000  -30.0000 2395.1162   24.0921
    0.0000  -15.0000  -30.0000 2391.1611   24.2000
    7.5000  -15.0000  -30.0000 2356.6907   24.4976
   -7.5000   -7.5000  -30.0000 2418.1960   23.2374
    0.0000   -7.5000  -30.0000 2408.1855   23.2922
    7.5000   -7.5000  -30.0000 2371.6682   23.6318
   -7.5000    0.0000  -30.0000 2425.1016   22.7206
    0.0000    0.0000  -30.0000 2417.0366   22.7891
    7.5000    0.0000  -30.0000 2386.4143   23.1854
   -7.5000    7.5000  -30.0000 2410.6311   22.4001
    0.0000    7.5000  -30.0000 2402.4893   22.4441
    7.5000    7.5000  -30.0000 2379.7979   22.8448
   -7.5000   15.0000  -30.0000 2388.7334   22.5693
    0.0000   15.0000  -30.0000 2389.2842   22.6316
    7.5000   15.0000  -30.0000 2357.3452   22.9989
   -7.5000   22.5000  -30.0000 2361.0461   23.2857
    0.0000   22.5000  -30.0000 2360.3079   23.3028
    7.5000   22.5000  -30.0000 2323.3477   23.7276
   -7.5000   30.0000  -30.0000 2306.9741   24.5447
    0.0000   30.0000  -30.0000 2299.1968   24.5467
    7.5000   30.0000  -30.0000 2263.9565   24.9817
   -7.5000   37.5000  -30.0000 2230.8328   26.2370
    0.0000   37.5000  -30.0000 2219.4177   26.2906
    7.5000   37.5000  -30.0000 2183.4265   26.7611
   -7.5000   45.0000  -30.0000 2115.6934   28.5096
    0.0000   45.0000  -30.0000 2108.2522   28.6130
    7.5000   45.0000  -30.0000 2076.8557   29.1979
   -7.5000  -45.0000  -22.5000 2066.7893   32.4058
    0.0000  -45.0000  -22.5000 2052.9556   32.2488
    7.5000  -45.0000  -22.5000 2023.8491   32.6236
   -7.5000  -37.5000  -22.5000 2223.4229   28.6438
    0.0000  -37.5000  -22.5000 2201.2136   28.5405
    7.5000  -37.5000  -22.5000 2165.5483   28.9235
   -7.5000  -30.0000  -22.5000 2354.5942   25.9192
    0.0000  -30.0000  -22.5000 2334.5491   25.7246
    7.5000  -30.0000  -22.5000 2294.1726   26.0431
   -7.5000  -22.5000  -22.5000 2453.8052   23.9385
    0.0000  -22.5000  -22.5000 2440.0952   23.9046
    7.5000  -22.5000  -22.5000 2404.0784   24.1486
   -7.5000  -15.0000  -22.5000 2504.3606   22.7307
    0.0000  -15.0000  -22.5000 2500.2561   22.7947
    7.5000  -15.0000  -22.5000 2460.1125   23.0099
   -7.5000   -7.5000  -22.5000 2527.3062   21.9029
    0.0000   -7.5000  -22.5000 2520.8943   21.9789
    7.5000   -7.5000  -22.5000 2487.8711   22.1924
   -7.5000    0.0000  -22.5000 2549.2363   21.3626
    0.0000    0.0000  -22.5000 2532.1570   21.3961
    7.5000    0.0000  -22.5000 2503.1831   21.6823
   -7.5000    7.5000  -22.5000 2542.2429   21.0086
    0.0000    7.5000  -22.5000 2532.5356   21.1187
    7.5000    7.5000  -22.5000 2503.6807   21.3416
   -7.5000   15.0000  -22.5000 2517.7271   21.1456
    0.0000   15.0000  -22.5000 2514.4424   21.2344
    7.5000   15.0000  -22.5000 2476.6375   21.4918
   -7.5000   22.5000  -22.5000 2487.5200   21.9114
    0.0000   22.5000  -22.5000 2481.6992   21.9804
    7.5000   22.5000  -22.5000 2443.5728   22.3413
   -7.5000   30.0000  -22.5000 2430.8723   23.0881
    0.0000   30.0000  -22.5000 2427.3081   23.1567
    7.5000   30.0000  -22.5000 2381.7471   23.5781
   -7.5000   37.5000  -22.5000 2348.6548   24.7237
    0.0000   37.5000  -22.5000 2340.6770   24.7752
    7.5000   37.5000  -22.5000 2298.8828   25.3083
   -7.5000   45.0000  -22.5000 2225.1465   26.9771
    0.0000   45.0000  -22.5000 2218.1899   27.0602
    7.5000   45.0000  -22.5000 2184.3540   27.6478
   -7.5000  -45.0000  -15.0000 2122.9531   30.7602
    0.0000  -45.0000  -15.0000 2110.4023   30.6834
    7.5000  -45.0000  -15.0000 2074.9258   31.2109
   -7.5000  -37.5000  -15.0000 2285.6851   27.1963
    0.0000  -37.5000  -15.0000 2265.3384   27.0928
    7.5000  -37.5000  -15.0000 2223.3735   27.5600
   -7.5000  -30.0000  -15.0000 2422.0259   24.5569
    0.0000  -30.0000  -15.0000 2403.5894   24.4185
    7.5000  -30.0000  -15.0000 2354.2446   24.8069
   -7.5000  -22.5000  -15.0000 2531.0066   22.7496
    0.0000  -22.5000  -15.0000 2511.2297   22.6071
    7.5000  -22.5000  -15.0000 2467.8767   22.9160
   -7.5000  -15.0000  -15.0000 2579.7029   21.4817
    0.0000  -15.0000  -15.0000 2571.9724   21.4138
    7.5000  -15.0000  -15.0000 2534.2622   21.6908
   -7.5000   -7.5000  -15.0000 2613.9543   20.6317
    0.0000   -7.5000  -15.0000 2608.4536   20.7410
    7.5000   -7.5000  -15.0000 2564.6760   20.8310
   -7.5000    0.0000  -15.0000 2625.6787   20.0085
    0.0000    0.0000  -15.0000 2612.9841   20.1031
    7.5000    0.0000  -15.0000 2578.4211   20.2140
   -7.5000    7.5000  -15.0000 2626.9446   19.6208
    0.0000    7.5000  -15.0000 2615.6016   19.6892
    7.5000    7.5000  -15.0000 2584.1531   19.8625
   -7.5000   15.0000  -15.0000 2615.2725   19.8022
    0.0000   15.0000  -15.0000 2608.1707   19.8690
    7.5000   15.0000  -15.0000 2569.6277   20.1441
   -7.5000   22.5000  -15.0000 2587.2944   20.5783
    0.0000   22.5000  -15.0000 2577.6953   20.6719
    7.5000   22.5000  -15.0000 2536.9321   21.0683
   -7.5000   30.0000  -15.0000 2521.0425   21.8294
    0.0000   30.0000  -15.0000 2514.3064   21.9043
    7.5000   30.0000  -15.0000 2474.2163   22.3796
   -7.5000   37.5000  -15.0000 2433.9490   23.4642
    0.0000   37.5000  -15.0000 2423.7656   23.5337
    7.5000   37.5000  -15.0000 2390.5889   24.0719
   -7.5000   45.0000  -15.0000 2310.5769   25.6137
    0.0000   45.0000  -15.0000 2302.5579   25.7278
    7.5000   45.0000  -15.0000 2268.3264   26.2730
   -7.5000  -45.0000   -7.5000 2160.6558   29.4534
    0.0000  -45.0000   -7.5000 2148.7715   29.4653
    7.5000  -45.0000   -7.5000 2122.5354   30.0377
   -7.5000  -37.5000   -7.5000 2324.2180   25.9330
    0.0000  -37.5000   -7.5000 2307.8062   26.0148
    7.5000  -37.5000   -7.5000 2272.0713   26.4461
   -7.5000  -30.0000   -7.5000 2460.7993   23.4356
    0.0000  -30.0000   -7.5000 2448.6672   23.3700
    7.5000  -30.0000   -7.5000 2405.8262   23.8053
   -7.5000  -22.5000   -7.5000 2577.1072   21.6589
    0.0000  -22.5000   -7.5000 2566.0537   21.6089
    7.5000  -22.5000   -7.5000 2520.4607   21.9580
   -7.5000  -15.0000   -7.5000 2650.2080   20.4431
    0.0000  -15.0000   -7.5000 2639.1677   20.3306
    7.5000  -15.0000   -7.5000 2596.5125   20.7087
   -7.5000   -7.5000   -7.5000 2693.7383   19.5373
    0.0000   -7.5000   -7.5000 2681.1885   19.4881
    7.5000   -7.5000   -7.5000 2623.7378   19.6375
   -7.5000    0.0000   -7.5000 2689.6213   18.7667
    0.0000    0.0000   -7.5000 2671.5225   18.7731
    7.5000    0.0000   -7.5000 2636.0972   18.9633
   -7.5000    7.5000   -7.5000 2694.4727   18.2934
    0.0000    7.5000   -7.5000 2680.5298   18.3284
    7.5000    7.5000   -7.5000 2650.5037   18.6628
   -7.5000   15.0000   -7.5000 2686.2336   18.4990
    0.0000   15.0000   -7.5000 2682.3955   18.6079
    7.5000   15.0000   -7.5000 2646.0354   19.0086
   -7.5000   22.5000   -7.5000 2656.6206   19.3714
    0.0000   22.5000   -7.5000 2653.0403   19.4715
    7.5000   22.5000   -7.5000 2623.2983   20.0020
   -7.5000   30.0000   -7.5000 2585.0566   20.7135
    0.0000   30.0000   -7.5000 2579.0334   20.8437
    7.5000   30.0000   -7.5000 2552.0564   21.3227
   -7.5000   37.5000   -7.5000 2486.7944   22.3697
    0.0000   37.5000   -7.5000 2482.3018   22.5178
    7.5000   37.5000   -7.5000 2452.8704   23.0182
   -7.5000   45.0000   -7.5000 2367.0508   24.4869
    0.0000   45.0000   -7.5000 2363.2776   24.5705
    7.5000   45.0000   -7.5000 2323.1287   25.1571
   -7.5000  -45.0000    0.0000 2174.8403   28.4527
    0.0000  -45.0000    0.0000 2168.9927   28.7453
    7.5000  -45.0000    0.0000 2147.5027   29.2733
   -7.5000  -37.5000    0.0000 2341.4170   25.0609
    0.0000  -37.5000    0.0000 2329.4810   25.2482
    7.5000  -37.5000    0.0000 2299.1880   25.8277
   -7.5000  -30.0000    0.0000 2478.0813   22.5372
    0.0000  -30.0000    0.0000 2472.6934   22.6411
    7.5000  -30.0000    0.0000 2432.4800   23.1922
   -7.5000  -22.5000    0.0000 2596.2830   20.8993
    0.0000  -22.5000    0.0000 2591.8916   20.9073
    7.5000  -22.5000    0.0000 2553.1140   21.3888
   -7.5000  -15.0000    0.0000 2688.8899   19.7665
    0.0000  -15.0000    0.0000 2677.4736   19.6840
    7.5000  -15.0000    0.0000 2626.7253   20.0309
   -7.5000   -7.5000    0.0000 2751.0361   18.7044
    0.0000   -7.5000    0.0000 2723.4258   18.5677
    7.5000   -7.5000    0.0000 2658.2695   18.8724
   -7.5000    0.0000    0.0000 2730.5874   17.5648
    0.0000    0.0000    0.0000 2708.9097   17.5450
    7.5000    0.0000    0.0000 2676.7100   18.0903
   -7.5000    7.5000    0.0000 2747.5029   17.1556
    0.0000    7.5000    0.0000 2734.1609   17.2446
    7.5000    7.5000    0.0000 2708.1357   17.8366
   -7.5000   15.0000    0.0000 2742.7600   17.5055
    0.0000   15.0000    0.0000 2739.1875   17.6563
    7.5000   15.0000    0.0000 2714.4382   18.2763
   -7.5000   22.5000    0.0000 2701.2771   18.4925
    0.0000   22.5000    0.0000 2706.3311   18.6587
    7.5000   22.5000    0.0000 2685.0615   19.2830
   -7.5000   30.0000    0.0000 2627.0139   19.9285
    0.0000   30.0000    0.0000 2623.0786   20.0480
    7.5000   30.0000    0.0000 2605.2615   20.6523
   -7.5000   37.5000    0.0000 2524.3093   21.6434
    0.0000   37.5000    0.0000 2518.3435   21.7392
    7.5000   37.5000    0.0000 2491.2974   22.3595
   -7.5000   45.0000    0.0000 2412.0061   23.6993
    0.0000   45.0000    0.0000 2400.4604   23.8268
    7.5000   45.0000    0.0000 2359.3210   24.4230
   -7.5000  -45.0000    7.5000 2180.5427   27.7978
    0.0000  -45.0000    7.5000 2174.0259   28.1739
    7.5000  -45.0000    7.5000 2157.3650   28.9397
   -7.5000  -37.5000    7.5000 2338.2419   24.4412
    0.0000  -37.5000    7.5000 2338.6731   24.7422
    7.5000  -37.5000    7.5000 2317.5964   25.5418
   -7.5000  -30.0000    7.5000 2477.3201   22.0092
    0.0000  -30.0000    7.5000 2476.2485   22.2301
    7.5000  -30.0000    7.5000 2445.3188   22.8954
   -7.5000  -22.5000    7.5000 2604.9517   20.4103
    0.0000  -22.5000    7.5000 2600.2791   20.5245
    7.5000  -22.5000    7.5000 2570.0657   21.0383
   -7.5000  -15.0000    7.5000 2701.6926   19.3513
    0.0000  -15.0000    7.5000 2698.0103   19.3281
    7.5000  -15.0000    7.5000 2648.2891   19.5978
   -7.5000   -7.5000    7.5000 2777.3601   18.1874
    0.0000   -7.5000    7.5000 2744.0479   17.9872
    7.5000   -7.5000    7.5000 2681.7222   18.3636
   -7.5000    0.0000    7.5000 2751.2202   16.5257
    0.0000    0.0000    7.5000 2735.5645   16.7627
    7.5000    0.0000    7.5000 2709.6501   17.6224
   -7.5000    7.5000    7.5000 2791.9871   16.2601
    0.0000    7.5000    7.5000 2782.4368   16.5990
    7.5000    7.5000    7.5000 2750.7847   17.4802
   -7.5000   15.0000    7.5000 2777.6960   17.0316
    0.0000   15.0000    7.5000 2783.5659   17.2817
    7.5000   15.0000    7.5000 2756.6804   18.0072
   -7.5000   22.5000    7.5000 2736.6787   18.1821
    0.0000   22.5000    7.5000 2741.8062   18.3623
    7.5000   22.5000    7.5000 2716.8577   18.9644
   -7.5000   30.0000    7.5000 2658.4614   19.6133
    0.0000   30.0000    7.5000 2655.8298   19.6991
    7.5000   30.0000    7.5000 2626.8740   20.2367
   -7.5000   37.5000    7.5000 2566.0305   21.2884
    0.0000   37.5000    7.5000 2543.6692   21.3269
    7.5000   37.5000    7.5000 2512.0408   21.8086
   -7.5000   45.0000    7.5000 2442.6697   23.3438
    0.0000   45.0000    7.5000 2420.5718   23.3568
    7.5000   45.0000    7.5000 2377.9395   23.8002
   -7.5000  -45.0000   15.0000 2175.3013   27.5440
    0.0000  -45.0000   15.0000 2170.1362   28.0861
    7.5000  -45.0000   15.0000 2154.0898   28.9807
   -7.5000  -37.5000   15.0000 2327.8542   24.2066
    0.0000  -37.5000   15.0000 2332.8660   24.7051
    7.5000  -37.5000   15.0000 2313.2793   25.5368
   -7.5000  -30.0000   15.0000 2455.2512   21.7786
    0.0000  -30.0000   15.0000 2465.4055   22.1746
    7.5000  -30.0000   15.0000 2443.3894   22.9118
   -7.5000  -22.5000   15.0000 2571.7371   20.1014
    0.0000  -22.5000   15.0000 2590.2720   20.4359
    7.5000  -22.5000   15.0000 2566.5500   20.9611
   -7.5000  -15.0000   15.0000 2668.4292   18.9728
    0.0000  -15.0000   15.0000 2682.1589   19.1165
    7.5000  -15.0000   15.0000 2641.2373   19.4017
   -7.5000   -7.5000   15.0000 2716.4548   17.6235
    0.0000   -7.5000   15.0000 2726.8438   17.7936
    7.5000   -7.5000   15.0000 2692.5898   18.2335
   -7.5000    0.0000   15.0000 2729.6201   16.2673
    0.0000    0.0000   15.0000 2736.9338   16.6472
    7.5000    0.0000   15.0000 2718.1658   17.4013
   -7.5000    7.5000   15.0000 2804.8767   16.2189
    0.0000    7.5000   15.0000 2788.8765   16.5141
    7.5000    7.5000   15.0000 2758.0994   17.2710
   -7.5000   15.0000   15.0000 2805.2783   17.0940
    0.0000   15.0000   15.0000 2789.9719   17.2460
    7.5000   15.0000   15.0000 2756.2295   17.7843
   -7.5000   22.5000   15.0000 2761.2908   18.2822
    0.0000   22.5000   15.0000 2747.4429   18.3109
    7.5000   22.5000   15.0000 2714.6982   18.7885
   -7.5000   30.0000   15.0000 2677.5439   19.6530
    0.0000   30.0000   15.0000 2662.3938   19.6135
    7.5000   30.0000   15.0000 2618.6956   20.0233
   -7.5000   37.5000   15.0000 2574.4675   21.2283
    0.0000   37.5000   15.0000 2557.8848   21.2325
    7.5000   37.5000   15.0000 2514.7354   21.5971
   -7.5000   45.0000   15.0000 2438.5291   23.2225
    0.0000   45.0000   15.0000 2422.3123   23.2166
    7.5000   45.0000   15.0000 2383.1050   23.6322
   -7.5000  -45.0000   22.5000 2152.2234   27.6505
    0.0000  -45.0000   22.5000 2154.2219   28.3898
    7.5000  -45.0000   22.5000 2140.7217   29.4059
   -7.5000  -37.5000   22.5000 2301.9558   24.2808
    0.0000  -37.5000   22.5000 2312.1052   24.9099
    7.5000  -37.5000   22.5000 2296.9519   25.8635
   -7.5000  -30.0000   22.5000 2432.0383   21.8380
    0.0000  -30.0000   22.5000 2442.8745   22.4052
    7.5000  -30.0000   22.5000 2433.7593   23.1428
   -7.5000  -22.5000   22.5000 2547.2986   20.2390
    0.0000  -22.5000   22.5000 2561.7476   20.6682
    7.5000  -22.5000   22.5000 2542.1926   21.1520
   -7.5000  -15.0000   22.5000 2637.8567   19.0019
    0.0000  -15.0000   22.5000 2647.0391   19.2843
    7.5000  -15.0000   22.5000 2620.2156   19.6787
   -7.5000   -7.5000   22.5000 2703.3010   17.8293
    0.0000   -7.5000   22.5000 2714.4604   18.1452
    7.5000   -7.5000   22.5000 2679.6680   18.5961
   -7.5000    0.0000   22.5000 2759.7656   17.1427
    0.0000    0.0000   22.5000 2744.0669   17.3461
    7.5000    0.0000   22.5000 2709.0203   17.7919
   -7.5000    7.5000   22.5000 2807.5640   17.0185
    0.0000    7.5000   22.5000 2778.2192   17.1336
    7.5000    7.5000   22.5000 2738.7668   17.5657
   -7.5000   15.0000   22.5000 2800.6428   17.5917
    0.0000   15.0000   22.5000 2775.0674   17.6546
    7.5000   15.0000   22.5000 2729.9397   17.9943
   -7.5000   22.5000   22.5000 2745.1001   18.5771
    0.0000   22.5000   22.5000 2729.7385   18.6267
    7.5000   22.5000   22.5000 2687.8218   18.9784
   -7.5000   30.0000   22.5000 2656.4243   19.8482
    0.0000   30.0000   22.5000 2644.9087   19.8633
    7.5000   30.0000   22.5000 2601.0491   20.1972
   -7.5000   37.5000   22.5000 2558.4263   21.3685
    0.0000   37.5000   22.5000 2540.2185   21.3382
    7.5000   37.5000   22.5000 2504.2219   21.7035
   -7.5000   45.0000   22.5000 2405.1777   23.2369
    0.0000   45.0000   22.5000 2396.4226   23.2630
    7.5000   45.0000   22.5000 2367.2207   23.6462
   -7.5000  -45.0000   30.0000 2128.0132   28.4921
    0.0000  -45.0000   30.0000 2132.3501   29.0860
    7.5000  -45.0000   30.0000 2123.3674   30.1970
   -7.5000  -37.5000   30.0000 2289.1787   25.0975
    0.0000  -37.5000   30.0000 2284.6128   25.6320
    7.5000  -37.5000   30.0000 2271.4338   26.5516
   -7.5000  -30.0000   30.0000 2425.0837   22.6548
    0.0000  -30.0000   30.0000 2414.4502   23.1059
    7.5000  -30.0000   30.0000 2401.1636   23.7848
   -7.5000  -22.5000   30.0000 2537.2229   20.9992
    0.0000  -22.5000   30.0000 2523.4521   21.3586
    7.5000  -22.5000   30.0000 2498.0588   21.8051
   -7.5000  -15.0000   30.0000 2612.3972   19.5601
    0.0000  -15.0000   30.0000 2610.4570   19.9308
    7.5000  -15.0000   30.0000 2586.7402   20.4714
   -7.5000   -7.5000   30.0000 2683.9609   18.5262
    0.0000   -7.5000   30.0000 2684.2559   18.8888
    7.5000   -7.5000   30.0000 2644.3418   19.4060
   -7.5000    0.0000   30.0000 2733.6064   17.8932
    0.0000    0.0000   30.0000 2727.2251   18.1705
    7.5000    0.0000   30.0000 2677.2866   18.5899
   -7.5000    7.5000   30.0000 2771.9187   17.7456
    0.0000    7.5000   30.0000 2749.8289   17.9402
    7.5000    7.5000   30.0000 2695.3203   18.2950
   -7.5000   15.0000   30.0000 2754.0166   18.1314
    0.0000   15.0000   30.0000 2733.6729   18.3202
    7.5000   15.0000   30.0000 2680.3247   18.6080
   -7.5000   22.5000   30.0000 2698.1929   19.1007
    0.0000   22.5000   30.0000 2684.3843   19.2145
    7.5000   22.5000   30.0000 2641.9055   19.5215
   -7.5000   30.0000   30.0000 2619.2585   20.3821
    0.0000   30.0000   30.0000 2603.9536   20.4200
    7.5000   30.0000   30.0000 2562.8547   20.7856
   -7.5000   37.5000   30.0000 2504.5010   21.8595
    0.0000   37.5000   30.0000 2499.8928   21.8741
    7.5000   37.5000   30.0000 2459.9065   22.2130
   -7.5000   45.0000   30.0000 2355.0747   23.6453
    0.0000   45.0000   30.0000 2353.9966   23.6613
    7.5000   45.0000   30.0000 2318.7258   24.0612
   -7.5000  -45.0000   37.5000 2111.4065   29.9272
    0.0000  -45.0000   37.5000 2098.2632   30.4126
    7.5000  -45.0000   37.5000 2089.7566   31.4824
   -7.5000  -37.5000   37.5000 2270.6367   26.4523
    0.0000  -37.5000   37.5000 2249.7319   26.8483
    7.5000  -37.5000   37.5000 2238.0591   27.7897
   -7.5000  -30.0000   37.5000 2399.5520   23.7832
    0.0000  -30.0000   37.5000 2378.1033   24.1379
    7.5000  -30.0000   37.5000 2358.3755   24.8953
   -7.5000  -22.5000   37.5000 2500.6841   21.8468
    0.0000  -22.5000   37.5000 2483.2788   22.1792
    7.5000  -22.5000   37.5000 2459.9966   22.8698
   -7.5000  -15.0000   37.5000 2578.1316   20.4049
    0.0000  -15.0000   37.5000 2567.1042   20.7740
    7.5000  -15.0000   37.5000 2542.5427   21.4696
   -7.5000   -7.5000   37.5000 2646.2656   19.3805
    0.0000   -7.5000   37.5000 2640.7483   19.7953
    7.5000   -7.5000   37.5000 2598.0508   20.3924
   -7.5000    0.0000   37.5000 2694.5701   18.7552
    0.0000    0.0000   37.5000 2681.5669   19.0967
    7.5000    0.0000   37.5000 2635.4229   19.6645
   -7.5000    7.5000   37.5000 2718.8875   18.5448
    0.0000    7.5000   37.5000 2694.6748   18.8179
    7.5000    7.5000   37.5000 2642.5674   19.3274
   -7.5000   15.0000   37.5000 2687.9233   18.8997
    0.0000   15.0000   37.5000 2671.3970   19.1578
    7.5000   15.0000   37.5000 2620.6267   19.5545
   -7.5000   22.5000   37.5000 2629.5835   19.7252
    0.0000   22.5000   37.5000 2617.9517   19.9398
    7.5000   22.5000   37.5000 2570.1812   20.3354
   -7.5000   30.0000   37.5000 2554.6907   21.0647
    0.0000   30.0000   37.5000 2538.3003   21.2205
    7.5000   30.0000   37.5000 2496.4788   21.6181
   -7.5000   37.5000   37.5000 2443.6606   22.6930
    0.0000   37.5000   37.5000 2428.9060   22.7473
    7.5000   37.5000   37.5000 2396.2998   23.1251
   -7.5000   45.0000   37.5000 2301.8435   24.4000
    0.0000   45.0000   37.5000 2290.7212   24.5371
    7.5000   45.0000   37.5000 2261.4255   24.9693
   -7.5000  -45.0000   45.0000 2075.3779   31.3287
    0.0000  -45.0000   45.0000 2056.5154   31.6778
    7.5000  -45.0000   45.0000 2054.5374   33.0564
   -7.5000  -37.5000   45.0000 2230.1292   27.6795
    0.0000  -37.5000   45.0000 2204.1179   28.0202
    7.5000  -37.5000   45.0000 2192.5244   29.1731
   -7.5000  -30.0000   45.0000 2349.5420   24.8380
    0.0000  -30.0000   45.0000 2327.4265   25.1606
    7.5000  -30.0000   45.0000 2312.5215   26.2076
   -7.5000  -22.5000   45.0000 2446.8442   22.8171
    0.0000  -22.5000   45.0000 2422.2578   23.1083
    7.5000  -22.5000   45.0000 2410.5752   24.0804
   -7.5000  -15.0000   45.0000 2524.8152   21.4398
    0.0000  -15.0000   45.0000 2505.7256   21.7378
    7.5000  -15.0000   45.0000 2481.5627   22.5642
   -7.5000   -7.5000   45.0000 2585.2593   20.4670
    0.0000   -7.5000   45.0000 2567.1677   20.8182
    7.5000   -7.5000   45.0000 2538.3601   21.5419
   -7.5000    0.0000   45.0000 2619.1079   19.8735
    0.0000    0.0000   45.0000 2599.5339   20.1614
    7.5000    0.0000   45.0000 2573.5093   20.8861
   -7.5000    7.5000   45.0000 2624.6587   19.5944
    0.0000    7.5000   45.0000 2614.8062   19.8551
    7.5000    7.5000   45.0000 2580.1584   20.4619
   -7.5000   15.0000   45.0000 2608.1511   19.8666
    0.0000   15.0000   45.0000 2594.4775   20.1156
    7.5000   15.0000   45.0000 2559.8582   20.6481
   -7.5000   22.5000   45.0000 2554.1062   20.6522
    0.0000   22.5000   45.0000 2540.0256   20.9122
    7.5000   22.5000   45.0000 2503.6050   21.4017
   -7.5000   30.0000   45.0000 2469.8855   21.9297
    0.0000   30.0000   45.0000 2458.8406   22.1307
    7.5000   30.0000   45.0000 2422.2947   22.6761
   -7.5000   37.5000   45.0000 2366.4414   23.6453
    0.0000   37.5000   45.0000 2351.9785   23.7325
    7.5000   37.5000   45.0000 2318.7939   24.1946
   -7.5000   45.0000   45.0000 2246.3413   25.6314
    0.0000   45.0000   45.0000 2233.4624   25.6693
    7.5000   45.0000   45.0000 2200.1104   26.1307

---------------------------------------------------------------------
imgreg_4dfp /opt/freesurfer/average/711-2C_as_mni_average_305 /opt/freesurfer/average/711-2B_as_mni_average_305_mask talsrcimg_g11 none talsrcimg_to_711-2C_as_mni_average_305_t4 1283
---------------------------------------------------------------------

freesurfer imgreg_4dfp.c
/opt/freesurfer/average/711-2C_as_mni_average_305.4dfp.img
       256       256       256         1
  1.000000  1.000000  1.000000
orientation T byte_order littleendian
Reading image: /opt/freesurfer/average/711-2C_as_mni_average_305.4dfp.img
dimensions:      256       256       256
mmppix:       1.0000   -1.0000   -1.0000
center:     128.0000 -129.0000 -129.0000
/opt/freesurfer/average/711-2B_as_mni_average_305_mask.4dfp.img
       256       256       256         1
  1.000000  1.000000  1.000000
orientation T byte_order littleendian
Reading mask: /opt/freesurfer/average/711-2B_as_mni_average_305_mask.4dfp.img (2306576 pixels)
talsrcimg_g11.4dfp.img
       256       256       256         1
  1.000000  1.000000  1.000000
orientation T byte_order littleendian
Reading image: talsrcimg_g11.4dfp.img
dimensions:      256       256       256
mmppix:       1.0000   -1.0000   -1.0000
center:     128.0000 -129.0000 -129.0000
rotation matrix determinant  1.000000
fimgreg.f
image alignment mode   1283 decimal      503 hex
parameters
   -7.5000    7.5000   22.5000    0.0000    0.0000    0.0000
eta,q 0.88446 17.08357
niter,ni,del,rscale     5    3   12.0000    1.2000
parameter  2 -0.751005 -> -0.500000 qaram    1.1500
parameter  3  1.101499 ->  0.500000 qaram    1.1500
parameter  4 -0.556016 -> -0.500000 qaram    1.1500
parameters
   -6.5140   10.9500   19.0500    3.4500    2.5401   -2.7260
eta,q 0.89327 16.89706
  0.1312  0.1232  0.1114  0.1236  0.1177  0.1081
  0.1243  0.1222  0.1093  0.1196  0.1134  0.1069
  0.1178  0.1201  0.1113  0.1139  0.1098  0.1068
  0.1165  0.1163  0.1155  0.1100  0.1075  0.1076
  0.1163  0.1148  0.1177  0.1076  0.1075  0.1089
  0.1191  0.1149  0.1209  0.1077  0.1080  0.1102
  0.1236  0.1162  0.1248  0.1101  0.1084  0.1121
niter,ni,del,rscale     7    3   12.0000    1.2000
parameters
   -6.7857    9.8837   19.5206    4.1434    3.3892   -2.7423
eta,q 0.89313 16.86575
  0.1167  0.1183  0.1120  0.1168  0.1122  0.1096
  0.1098  0.1124  0.1118  0.1111  0.1090  0.1079
  0.1070  0.1072  0.1081  0.1063  0.1072  0.1070
  0.1067  0.1066  0.1063  0.1062  0.1065  0.1069
  0.1090  0.1109  0.1063  0.1070  0.1075  0.1073
  0.1130  0.1193  0.1084  0.1083  0.1076  0.1082
  0.1167  0.1281  0.1124  0.1128  0.1094  0.1093
niter,ni,del,rscale     6    3   12.0000    1.2000
parameters
   -7.0438    9.3940   20.0417    4.4546    3.6016   -2.6742
eta,q 0.89341 16.86637
  0.1175  0.1192  0.1123  0.1158  0.1123  0.1094
  0.1104  0.1135  0.1127  0.1103  0.1092  0.1077
  0.1066  0.1083  0.1090  0.1063  0.1069  0.1068
  0.1069  0.1067  0.1066  0.1063  0.1065  0.1066
  0.1089  0.1089  0.1062  0.1071  0.1074  0.1070
  0.1130  0.1156  0.1086  0.1091  0.1085  0.1079
  0.1180  0.1241  0.1132  0.1139  0.1114  0.1090
niter,ni,del,rscale     5    3   12.0000    1.2000
parameters
   -7.0961    9.1441   20.3307    4.5341    3.7013   -2.5977
eta,q 0.89352 16.86934
  0.1195  0.1194  0.1130  0.1155  0.1128  0.1092
  0.1120  0.1137  0.1132  0.1102  0.1096  0.1076
  0.1065  0.1086  0.1090  0.1064  0.1068  0.1067
  0.1066  0.1066  0.1065  0.1064  0.1064  0.1065
  0.1090  0.1085  0.1064  0.1074  0.1076  0.1069
  0.1132  0.1143  0.1093  0.1099  0.1090  0.1078
  0.1185  0.1221  0.1145  0.1147  0.1122  0.1088
niter,ni,del,rscale     4    3   12.0000    1.2000
parameters
   -7.1542    9.0225   20.4848    4.5431    3.7182   -2.5171
eta,q 0.89371 16.87139
  0.1202  0.1194  0.1133  0.1154  0.1131  0.1092
  0.1124  0.1139  0.1132  0.1102  0.1096  0.1075
  0.1064  0.1087  0.1089  0.1065  0.1066  0.1066
  0.1065  0.1064  0.1064  0.1063  0.1063  0.1063
  0.1093  0.1084  0.1065  0.1075  0.1077  0.1067
  0.1137  0.1138  0.1098  0.1102  0.1093  0.1076
  0.1192  0.1210  0.1153  0.1150  0.1128  0.1088
niter,ni,del,rscale     3    3   12.0000    1.2000
parameters
   -7.1863    8.9504   20.5951    4.5264    3.7260   -2.4586
eta,q 0.89386 16.87362
  0.1207  0.1194  0.1136  0.1154  0.1133  0.1091
  0.1128  0.1139  0.1133  0.1104  0.1096  0.1074
  0.1064  0.1087  0.1087  0.1065  0.1066  0.1065
  0.1063  0.1062  0.1062  0.1061  0.1061  0.1061
  0.1093  0.1083  0.1065  0.1076  0.1077  0.1066
  0.1138  0.1136  0.1100  0.1104  0.1094  0.1075
  0.1195  0.1205  0.1157  0.1151  0.1130  0.1088
niter,ni,del,rscale     2    3   12.0000    1.2000
parameters
   -7.2049    8.9093   20.6622    4.5138    3.7295   -2.4250
eta,q 0.89395 16.87517
  0.1210  0.1194  0.1137  0.1154  0.1135  0.1091
  0.1131  0.1139  0.1132  0.1105  0.1096  0.1074
  0.1064  0.1087  0.1086  0.1065  0.1066  0.1064
  0.1061  0.1061  0.1061  0.1060  0.1060  0.1060
  0.1094  0.1082  0.1065  0.1077  0.1077  0.1065
  0.1140  0.1135  0.1101  0.1105  0.1095  0.1075
  0.1197  0.1203  0.1160  0.1152  0.1132  0.1088
registration optimization eta report
parameter search radius
    6.0000    6.9000    6.9000    6.9000    6.0000    6.0000
100000*second partial in parameter space
       39.       28.       18.       19.       20.        8.
  0.1210  0.1194  0.1137  0.1154  0.1135  0.1091
  0.1131  0.1139  0.1132  0.1105  0.1096  0.1074
  0.1064  0.1087  0.1086  0.1065  0.1066  0.1064
  0.1061  0.1061  0.1061  0.1060  0.1060  0.1060
  0.1094  0.1082  0.1065  0.1077  0.1077  0.1065
  0.1140  0.1135  0.1101  0.1105  0.1095  0.1075
  0.1197  0.1203  0.1160  0.1152  0.1132  0.1088
   -7.2049    8.9093   20.6622    4.5138    3.7295   -2.4250
eta,q 0.89395 16.87517

---------------------------------------------------------------------
imgreg_4dfp /opt/freesurfer/average/711-2C_as_mni_average_305 /opt/freesurfer/average/711-2B_as_mni_average_305_mask talsrcimg_g11 none talsrcimg_to_711-2C_as_mni_average_305_t4 3335
---------------------------------------------------------------------

freesurfer imgreg_4dfp.c
/opt/freesurfer/average/711-2C_as_mni_average_305.4dfp.img
       256       256       256         1
  1.000000  1.000000  1.000000
orientation T byte_order littleendian
Reading image: /opt/freesurfer/average/711-2C_as_mni_average_305.4dfp.img
dimensions:      256       256       256
mmppix:       1.0000   -1.0000   -1.0000
center:     128.0000 -129.0000 -129.0000
/opt/freesurfer/average/711-2B_as_mni_average_305_mask.4dfp.img
       256       256       256         1
  1.000000  1.000000  1.000000
orientation T byte_order littleendian
Reading mask: /opt/freesurfer/average/711-2B_as_mni_average_305_mask.4dfp.img (2306576 pixels)
talsrcimg_g11.4dfp.img
       256       256       256         1
  1.000000  1.000000  1.000000
orientation T byte_order littleendian
Reading image: talsrcimg_g11.4dfp.img
dimensions:      256       256       256
mmppix:       1.0000   -1.0000   -1.0000
center:     128.0000 -129.0000 -129.0000
fimgreg.f
image alignment mode   3335 decimal      D07 hex
parameters
   -7.2049    8.9093   20.6622   -0.3011   -0.3778   -0.5213
    3.7065   -6.8116   -4.2221   -7.5886    6.5046    7.8533
eta,q 0.89172 16.97062
niter,ni,del,rscale     5    3    5.0000    1.2000
parameter  3  0.521436 ->  0.500000 qaram    1.1500
parameter  4  2.203017 ->  0.500000 qaram    1.1500
parameter  5  0.808412 ->  0.500000 qaram    1.1500
parameter  6  1.850371 ->  0.500000 qaram    1.1500
parameter 10 -5.220356 -> -0.500000 qaram    1.1500
parameter 12 -1.284463 -> -0.500000 qaram    1.1500
parameters
   -7.3946   10.0225   19.2822   -4.4411   -4.5178   -4.6613
    1.3584   -4.9637   -5.5528   -3.4486    5.3018   11.9933
eta,q 0.90989 16.86848
  0.1107  0.1102  0.1078  0.0965  0.0980  0.0928  0.0964  0.1007  0.0959  0.1015  0.0922  0.0968
  0.1092  0.1094  0.1073  0.0990  0.0978  0.0951  0.0959  0.0977  0.0955  0.0996  0.0920  0.0950
  0.1084  0.1088  0.1072  0.1024  0.0987  0.0971  0.0956  0.0962  0.0954  0.0977  0.0918  0.0933
  0.1083  0.1082  0.1078  0.1072  0.0999  0.0979  0.0958  0.0956  0.0955  0.0954  0.0918  0.0918
  0.1088  0.1078  0.1087  0.1132  0.1020  0.0997  0.0964  0.0955  0.0956  0.0931  0.0919  0.0907
  0.1099  0.1078  0.1099  0.1193  0.1052  0.1030  0.0974  0.0958  0.0959  0.0914  0.0921  0.0900
  0.1115  0.1084  0.1111  0.1247  0.1084  0.1070  0.0988  0.0970  0.0962  0.0904  0.0927  0.0897
niter,ni,del,rscale     7    3    5.0000    1.2000
parameter  2  0.907069 ->  0.500000 qaram    1.1500
parameter  4  1.350051 ->  0.500000 qaram    1.3225
parameter  5  1.112253 ->  0.500000 qaram    1.3225
parameter  6  1.754477 ->  0.500000 qaram    1.3225
parameter 10 -0.594006 -> -0.500000 qaram    1.3225
parameters
   -7.2910    8.6425   18.8576   -9.2021   -9.2788   -9.4223
    2.7474   -5.8889   -4.5341    1.3124    4.2193   15.8856
eta,q 0.92435 16.51943
  0.0925  0.0884  0.0899  0.0802  0.0789  0.0746  0.0795  0.0794  0.0783  0.0852  0.0764  0.0800
  0.0912  0.0886  0.0889  0.0825  0.0798  0.0766  0.0785  0.0779  0.0777  0.0818  0.0762  0.0782
  0.0904  0.0891  0.0885  0.0853  0.0808  0.0783  0.0777  0.0772  0.0772  0.0789  0.0761  0.0769
  0.0901  0.0901  0.0887  0.0885  0.0832  0.0799  0.0772  0.0771  0.0771  0.0771  0.0761  0.0761
  0.0903  0.0918  0.0893  0.0925  0.0858  0.0825  0.0772  0.0778  0.0772  0.0763  0.0762  0.0757
  0.0909  0.0940  0.0899  0.0986  0.0899  0.0850  0.0775  0.0791  0.0774  0.0762  0.0764  0.0757
  0.0921  0.0964  0.0905  0.1060  0.0941  0.0895  0.0783  0.0807  0.0777  0.0764  0.0766  0.0762
niter,ni,del,rscale     7    3    5.0000    1.2000
parameter  2  1.282881 ->  0.500000 qaram    1.3225
parameter  3  1.565340 ->  0.500000 qaram    1.3225
parameter  4  1.070029 ->  0.500000 qaram    1.5209
parameter  5  2.258463 ->  0.500000 qaram    1.5209
parameter  6  0.626537 ->  0.500000 qaram    1.5209
parameter 12 -6.814115 ->  0.500000 qaram    1.3225
parameters
   -7.4689    7.0555   17.2706  -14.6772  -14.7539  -14.8975
    1.2347   -6.9737   -5.2577   -1.7458    0.9778   11.1246
eta,q 0.93903 15.86086
  0.0774  0.0737  0.0722  0.0673  0.0625  0.0635  0.0639  0.0652  0.0636  0.0643  0.0627  0.0596
  0.0764  0.0740  0.0725  0.0683  0.0639  0.0633  0.0635  0.0639  0.0632  0.0629  0.0626  0.0607
  0.0758  0.0747  0.0732  0.0700  0.0658  0.0634  0.0633  0.0632  0.0631  0.0627  0.0626  0.0617
  0.0757  0.0756  0.0742  0.0726  0.0687  0.0644  0.0633  0.0633  0.0632  0.0631  0.0627  0.0626
  0.0760  0.0769  0.0754  0.0760  0.0712  0.0663  0.0635  0.0639  0.0633  0.0642  0.0629  0.0635
  0.0768  0.0784  0.0767  0.0803  0.0736  0.0686  0.0641  0.0651  0.0634  0.0658  0.0632  0.0643
  0.0780  0.0801  0.0781  0.0866  0.0777  0.0721  0.0648  0.0666  0.0637  0.0679  0.0636  0.0651
niter,ni,del,rscale     7    3    5.0000    1.2000
parameter  2  3.010245 ->  0.500000 qaram    1.5209
parameter  3  2.624414 ->  0.500000 qaram    1.5209
parameter  4  0.653851 ->  0.500000 qaram    1.7490
parameter  5 11.345551 ->  0.500000 qaram    1.7490
parameter  6  0.508103 ->  0.500000 qaram    1.7490
parameter 10  1.044827 ->  0.500000 qaram    1.5209
parameter 11 -0.568982 -> -0.500000 qaram    1.1500
parameter 12  1.248881 ->  0.500000 qaram    1.5209
parameters
   -7.3755    5.2304   15.4455  -20.9737  -21.0504  -21.1939
    3.9336   -6.0491   -2.5414   -7.2210    5.1178    5.6495
eta,q 0.96828 15.56726
  0.0635  0.0543  0.0510  0.0513  0.0366  0.0405  0.0453  0.0435  0.0432  0.0362  0.0376  0.0310
  0.0622  0.0559  0.0525  0.0509  0.0397  0.0404  0.0432  0.0417  0.0417  0.0359  0.0370  0.0314
  0.0613  0.0581  0.0543  0.0514  0.0451  0.0406  0.0415  0.0405  0.0406  0.0372  0.0365  0.0329
  0.0610  0.0610  0.0564  0.0530  0.0510  0.0410  0.0404  0.0400  0.0399  0.0397  0.0361  0.0359
  0.0612  0.0641  0.0589  0.0556  0.0568  0.0426  0.0400  0.0400  0.0397  0.0430  0.0359  0.0400
  0.0619  0.0672  0.0616  0.0593  0.0627  0.0460  0.0402  0.0408  0.0398  0.0465  0.0359  0.0443
  0.0632  0.0704  0.0645  0.0646  0.0666  0.0512  0.0412  0.0421  0.0404  0.0502  0.0361  0.0482
niter,ni,del,rscale     7    3    5.0000    1.2000
parameter  3  0.529153 ->  0.500000 qaram    1.7490
parameter  6 -1.373456 -> -0.500000 qaram    2.0114
parameter 12  0.673609 ->  0.500000 qaram    1.7490
parameters
   -7.1604    3.9990   13.3467  -15.4860  -24.0604  -13.9530
    3.8340   -6.4505   -4.5000   -5.8747    6.9117   -0.6469
eta,q 0.97389 15.98598
  0.0351  0.0343  0.0308  0.0375  0.0375  0.0392  0.0299  0.0313  0.0284  0.0362  0.0283  0.0262
  0.0334  0.0319  0.0304  0.0345  0.0342  0.0361  0.0287  0.0293  0.0277  0.0322  0.0278  0.0260
  0.0322  0.0310  0.0304  0.0320  0.0313  0.0332  0.0279  0.0280  0.0275  0.0291  0.0275  0.0265
  0.0317  0.0317  0.0310  0.0304  0.0296  0.0307  0.0276  0.0276  0.0276  0.0275  0.0273  0.0273
  0.0319  0.0343  0.0322  0.0296  0.0317  0.0287  0.0279  0.0284  0.0282  0.0276  0.0273  0.0286
  0.0327  0.0392  0.0340  0.0298  0.0435  0.0273  0.0288  0.0299  0.0290  0.0296  0.0274  0.0306
  0.0341  0.0459  0.0365  0.0310  0.0591  0.0268  0.0301  0.0321  0.0301  0.0330  0.0277  0.0337
niter,ni,del,rscale     7    3    5.0000    1.2000
parameters
   -6.7272    4.4243   12.6051  -13.9310  -24.1164  -12.8800
    4.0879   -6.7841   -4.7937   -3.9379    7.2268   -4.7197
eta,q 0.97537 16.15663
  0.0303  0.0328  0.0280  0.0314  0.0362  0.0351  0.0280  0.0293  0.0272  0.0349  0.0262  0.0265
  0.0283  0.0293  0.0266  0.0287  0.0323  0.0314  0.0267  0.0273  0.0262  0.0305  0.0257  0.0250
  0.0268  0.0270  0.0260  0.0268  0.0287  0.0282  0.0258  0.0259  0.0256  0.0272  0.0254  0.0246
  0.0261  0.0260  0.0260  0.0259  0.0258  0.0258  0.0255  0.0255  0.0255  0.0255  0.0252  0.0252
  0.0261  0.0262  0.0266  0.0261  0.0243  0.0249  0.0257  0.0261  0.0258  0.0255  0.0252  0.0264
  0.0268  0.0277  0.0281  0.0272  0.0265  0.0276  0.0264  0.0277  0.0264  0.0272  0.0255  0.0280
  0.0281  0.0302  0.0303  0.0292  0.0419  0.0345  0.0276  0.0302  0.0274  0.0300  0.0261  0.0306
niter,ni,del,rscale     6    3    5.0000    1.2000
parameters
   -6.6222    4.6678   12.0398  -13.7091  -23.4000  -12.8536
    4.1961   -6.9073   -4.7678   -2.8227    7.5670   -5.9269
eta,q 0.97598 16.23655
  0.0281  0.0311  0.0276  0.0298  0.0357  0.0341  0.0266  0.0282  0.0261  0.0331  0.0254  0.0274
  0.0263  0.0275  0.0258  0.0272  0.0316  0.0300  0.0253  0.0261  0.0250  0.0282  0.0247  0.0253
  0.0251  0.0254  0.0247  0.0254  0.0277  0.0264  0.0245  0.0247  0.0244  0.0254  0.0243  0.0241
  0.0246  0.0246  0.0246  0.0246  0.0246  0.0242  0.0241  0.0241  0.0241  0.0242  0.0241  0.0241
  0.0249  0.0252  0.0255  0.0249  0.0228  0.0239  0.0244  0.0247  0.0244  0.0247  0.0242  0.0251
  0.0259  0.0269  0.0272  0.0260  0.0238  0.0272  0.0252  0.0262  0.0251  0.0267  0.0245  0.0265
  0.0276  0.0293  0.0298  0.0301  0.0380  0.0366  0.0265  0.0286  0.0260  0.0297  0.0252  0.0286
niter,ni,del,rscale     5    3    5.0000    1.2000
parameters
   -6.5813    4.8819   11.7854  -13.5626  -23.5121  -12.8319
    4.2606   -6.9145   -4.7735   -2.3156    7.5861   -6.6160
eta,q 0.97594 16.25378
  0.0274  0.0305  0.0279  0.0294  0.0349  0.0342  0.0265  0.0281  0.0259  0.0319  0.0253  0.0277
  0.0256  0.0269  0.0257  0.0267  0.0309  0.0300  0.0252  0.0261  0.0249  0.0273  0.0247  0.0256
  0.0244  0.0247  0.0244  0.0249  0.0271  0.0264  0.0244  0.0246  0.0243  0.0249  0.0243  0.0242
  0.0240  0.0240  0.0240  0.0240  0.0240  0.0241  0.0241  0.0241  0.0241  0.0241  0.0241  0.0241
  0.0244  0.0247  0.0247  0.0243  0.0224  0.0238  0.0244  0.0246  0.0243  0.0250  0.0242  0.0249
  0.0254  0.0264  0.0264  0.0253  0.0245  0.0269  0.0252  0.0260  0.0250  0.0270  0.0246  0.0263
  0.0272  0.0288  0.0289  0.0300  0.0416  0.0370  0.0264  0.0282  0.0259  0.0301  0.0253  0.0283
niter,ni,del,rscale     4    3    5.0000    1.2000
parameters
   -6.5579    4.9759   11.6774  -13.5632  -23.4683  -12.8390
    4.3062   -6.9110   -4.7463   -2.0618    7.5764   -6.9133
eta,q 0.97595 16.26168
  0.0273  0.0299  0.0283  0.0293  0.0350  0.0343  0.0265  0.0281  0.0259  0.0315  0.0253  0.0280
  0.0256  0.0265  0.0259  0.0267  0.0310  0.0300  0.0252  0.0260  0.0249  0.0269  0.0246  0.0257
  0.0244  0.0246  0.0245  0.0249  0.0272  0.0263  0.0243  0.0246  0.0242  0.0246  0.0242  0.0243
  0.0241  0.0241  0.0241  0.0241  0.0241  0.0240  0.0241  0.0240  0.0240  0.0241  0.0241  0.0241
  0.0244  0.0248  0.0246  0.0244  0.0224  0.0238  0.0243  0.0245  0.0243  0.0250  0.0242  0.0248
  0.0255  0.0266  0.0262  0.0254  0.0242  0.0268  0.0252  0.0259  0.0249  0.0271  0.0246  0.0262
  0.0272  0.0290  0.0288  0.0303  0.0408  0.0372  0.0264  0.0281  0.0258  0.0302  0.0253  0.0281
niter,ni,del,rscale     3    3    5.0000    1.2000
parameters
   -6.5483    5.0293   11.6230  -13.5395  -23.4832  -12.8448
    4.3360   -6.9068   -4.7304   -1.9318    7.5618   -7.0696
eta,q 0.97593 16.26524
  0.0273  0.0297  0.0284  0.0293  0.0349  0.0343  0.0265  0.0280  0.0259  0.0313  0.0253  0.0281
  0.0255  0.0264  0.0260  0.0267  0.0309  0.0300  0.0252  0.0260  0.0249  0.0268  0.0246  0.0258
  0.0244  0.0245  0.0245  0.0249  0.0272  0.0264  0.0244  0.0246  0.0243  0.0246  0.0243  0.0244
  0.0240  0.0240  0.0241  0.0241  0.0241  0.0241  0.0241  0.0241  0.0241  0.0241  0.0241  0.0241
  0.0244  0.0249  0.0246  0.0243  0.0224  0.0238  0.0244  0.0245  0.0243  0.0251  0.0242  0.0248
  0.0255  0.0266  0.0262  0.0253  0.0243  0.0268  0.0252  0.0259  0.0249  0.0272  0.0246  0.0262
  0.0272  0.0290  0.0287  0.0303  0.0410  0.0373  0.0264  0.0281  0.0258  0.0303  0.0253  0.0281
niter,ni,del,rscale     2    3    5.0000    1.2000
parameters
   -6.5422    5.0561   11.5957  -13.5379  -23.4841  -12.8498
    4.3510   -6.9051   -4.7165   -1.8674    7.5597   -7.1498
eta,q 0.97592 16.26660
  0.0273  0.0296  0.0285  0.0293  0.0349  0.0343  0.0265  0.0280  0.0259  0.0311  0.0253  0.0282
  0.0255  0.0263  0.0261  0.0267  0.0309  0.0300  0.0252  0.0260  0.0249  0.0267  0.0247  0.0259
  0.0244  0.0245  0.0246  0.0249  0.0272  0.0264  0.0244  0.0246  0.0243  0.0245  0.0243  0.0244
  0.0241  0.0241  0.0241  0.0241  0.0241  0.0241  0.0241  0.0241  0.0241  0.0241  0.0241  0.0241
  0.0244  0.0249  0.0246  0.0244  0.0224  0.0238  0.0244  0.0245  0.0243  0.0251  0.0242  0.0248
  0.0255  0.0267  0.0262  0.0253  0.0243  0.0268  0.0252  0.0259  0.0249  0.0272  0.0246  0.0262
  0.0272  0.0290  0.0286  0.0304  0.0409  0.0374  0.0264  0.0281  0.0258  0.0303  0.0253  0.0280
registration optimization eta report
parameter search radius
    2.4000    3.6501    4.1976   12.5928   12.5928   14.4818
    7.2000    7.2000    7.2000   10.9503    8.2800   12.5928
100000*second partial in parameter space
       55.       39.       25.        4.        9.        6.
        4.        8.        3.        6.        2.        3.
  0.0273  0.0296  0.0285  0.0293  0.0349  0.0343  0.0265  0.0280  0.0259  0.0311  0.0253  0.0282
  0.0255  0.0263  0.0261  0.0267  0.0309  0.0300  0.0252  0.0260  0.0249  0.0267  0.0247  0.0259
  0.0244  0.0245  0.0246  0.0249  0.0272  0.0264  0.0244  0.0246  0.0243  0.0245  0.0243  0.0244
  0.0241  0.0241  0.0241  0.0241  0.0241  0.0241  0.0241  0.0241  0.0241  0.0241  0.0241  0.0241
  0.0244  0.0249  0.0246  0.0244  0.0224  0.0238  0.0244  0.0245  0.0243  0.0251  0.0242  0.0248
  0.0255  0.0267  0.0262  0.0253  0.0243  0.0268  0.0252  0.0259  0.0249  0.0272  0.0246  0.0262
  0.0272  0.0290  0.0286  0.0304  0.0409  0.0374  0.0264  0.0281  0.0258  0.0303  0.0253  0.0280
   -6.5422    5.0561   11.5957  -13.5379  -23.4841  -12.8498
    4.3510   -6.9051   -4.7165   -1.8674    7.5597   -7.1498
eta,q 0.97592 16.26660

---------------------------------------------------------------------
imgreg_4dfp /opt/freesurfer/average/711-2C_as_mni_average_305 /opt/freesurfer/average/711-2B_as_mni_average_305_mask talsrcimg_g11 none talsrcimg_to_711-2C_as_mni_average_305_t4 2311
---------------------------------------------------------------------

freesurfer imgreg_4dfp.c
/opt/freesurfer/average/711-2C_as_mni_average_305.4dfp.img
       256       256       256         1
  1.000000  1.000000  1.000000
orientation T byte_order littleendian
Reading image: /opt/freesurfer/average/711-2C_as_mni_average_305.4dfp.img
dimensions:      256       256       256
mmppix:       1.0000   -1.0000   -1.0000
center:     128.0000 -129.0000 -129.0000
/opt/freesurfer/average/711-2B_as_mni_average_305_mask.4dfp.img
       256       256       256         1
  1.000000  1.000000  1.000000
orientation T byte_order littleendian
Reading mask: /opt/freesurfer/average/711-2B_as_mni_average_305_mask.4dfp.img (2306576 pixels)
talsrcimg_g11.4dfp.img
       256       256       256         1
  1.000000  1.000000  1.000000
orientation T byte_order littleendian
Reading image: talsrcimg_g11.4dfp.img
dimensions:      256       256       256
mmppix:       1.0000   -1.0000   -1.0000
center:     128.0000 -129.0000 -129.0000
fimgreg.f
image alignment mode   2311 decimal      907 hex
parameters
   -6.5422    5.0561   11.5957  -13.5379  -23.4841  -12.8498
    4.3510   -6.9051   -4.7165   -1.8674    7.5597   -7.1498
eta,q 0.97592 16.26660
niter,ni,del,rscale     5    3    5.0000    0.8000
parameter  5 -1.422351 -> -0.500000 qaram    1.1500
parameter  6 -0.572749 -> -0.500000 qaram    1.1500
parameters
   -6.5434    4.8563   11.6042  -12.4026  -20.7241  -10.0898
    4.4366   -7.3130   -4.7856   -2.3897    7.0328   -7.5696
eta,q 0.97774 16.64129
  0.0255  0.0249  0.0248  0.0251  0.0277  0.0251  0.0236  0.0240  0.0233  0.0238  0.0227  0.0230
  0.0247  0.0244  0.0244  0.0246  0.0263  0.0241  0.0229  0.0231  0.0228  0.0228  0.0225  0.0225
  0.0242  0.0241  0.0241  0.0242  0.0251  0.0233  0.0225  0.0225  0.0224  0.0223  0.0223  0.0223
  0.0241  0.0241  0.0241  0.0241  0.0240  0.0227  0.0223  0.0223  0.0223  0.0223  0.0223  0.0223
  0.0243  0.0243  0.0241  0.0240  0.0232  0.0224  0.0225  0.0227  0.0225  0.0227  0.0224  0.0224
  0.0247  0.0248  0.0244  0.0242  0.0226  0.0224  0.0228  0.0235  0.0228  0.0235  0.0226  0.0227
  0.0255  0.0254  0.0247  0.0244  0.0223  0.0226  0.0235  0.0247  0.0233  0.0244  0.0230  0.0232
niter,ni,del,rscale     6    3    5.0000    0.9000
parameters
   -6.5319    5.0117   11.7681  -11.5665  -20.6538  -10.5742
    4.3833   -7.2556   -4.6839   -2.1543    6.6803   -7.5272
eta,q 0.97774 16.68090
  0.0243  0.0243  0.0236  0.0235  0.0259  0.0243  0.0237  0.0249  0.0235  0.0250  0.0228  0.0234
  0.0232  0.0232  0.0229  0.0228  0.0243  0.0233  0.0229  0.0234  0.0228  0.0233  0.0225  0.0227
  0.0225  0.0225  0.0224  0.0224  0.0231  0.0225  0.0224  0.0226  0.0224  0.0225  0.0223  0.0223
  0.0223  0.0223  0.0223  0.0222  0.0222  0.0222  0.0222  0.0222  0.0222  0.0222  0.0223  0.0223
  0.0225  0.0224  0.0223  0.0223  0.0218  0.0224  0.0224  0.0225  0.0224  0.0226  0.0223  0.0224
  0.0231  0.0228  0.0226  0.0225  0.0228  0.0234  0.0229  0.0234  0.0228  0.0233  0.0226  0.0227
  0.0242  0.0237  0.0232  0.0229  0.0271  0.0256  0.0238  0.0248  0.0234  0.0244  0.0231  0.0233
niter,ni,del,rscale     5    3    5.0000    0.8000
parameters
   -6.5405    5.0398   11.7011  -11.4304  -20.0736  -10.4179
    4.3618   -7.2826   -4.6641   -2.1321    6.5997   -7.5638
eta,q 0.97792 16.73243
  0.0238  0.0237  0.0230  0.0230  0.0254  0.0240  0.0233  0.0242  0.0231  0.0243  0.0226  0.0230
  0.0229  0.0229  0.0226  0.0226  0.0241  0.0231  0.0226  0.0230  0.0226  0.0229  0.0223  0.0224
  0.0224  0.0224  0.0223  0.0223  0.0230  0.0224  0.0222  0.0223  0.0222  0.0222  0.0221  0.0221
  0.0223  0.0223  0.0223  0.0223  0.0223  0.0221  0.0221  0.0221  0.0221  0.0221  0.0221  0.0221
  0.0224  0.0224  0.0224  0.0223  0.0219  0.0221  0.0222  0.0223  0.0222  0.0224  0.0221  0.0222
  0.0230  0.0229  0.0227  0.0225  0.0223  0.0227  0.0226  0.0230  0.0225  0.0231  0.0223  0.0225
  0.0238  0.0236  0.0232  0.0229  0.0250  0.0240  0.0234  0.0242  0.0231  0.0240  0.0227  0.0230
niter,ni,del,rscale     4    3    5.0000    0.7000
parameters
   -6.5376    5.0542   11.6656  -11.3146  -19.9056  -10.3031
    4.3743   -7.3052   -4.6616   -2.1529    6.5672   -7.6021
eta,q 0.97798 16.75542
  0.0233  0.0232  0.0227  0.0226  0.0245  0.0235  0.0230  0.0236  0.0228  0.0237  0.0224  0.0228
  0.0226  0.0226  0.0224  0.0223  0.0235  0.0228  0.0225  0.0227  0.0224  0.0227  0.0222  0.0223
  0.0222  0.0222  0.0221  0.0221  0.0227  0.0223  0.0221  0.0222  0.0221  0.0221  0.0221  0.0221
  0.0221  0.0221  0.0221  0.0221  0.0221  0.0220  0.0220  0.0220  0.0220  0.0220  0.0220  0.0220
  0.0222  0.0222  0.0222  0.0221  0.0218  0.0221  0.0221  0.0222  0.0221  0.0223  0.0221  0.0221
  0.0226  0.0226  0.0224  0.0223  0.0224  0.0225  0.0224  0.0228  0.0224  0.0228  0.0222  0.0224
  0.0233  0.0232  0.0228  0.0225  0.0248  0.0235  0.0230  0.0236  0.0228  0.0236  0.0225  0.0227
niter,ni,del,rscale     3    3    5.0000    0.6000
parameters
   -6.5383    5.0530   11.6607  -11.2890  -19.6150  -10.2419
    4.3601   -7.3264   -4.6803   -2.1865    6.5434   -7.5802
eta,q 0.97805 16.77472
  0.0229  0.0229  0.0225  0.0224  0.0239  0.0230  0.0227  0.0231  0.0226  0.0233  0.0223  0.0225
  0.0224  0.0224  0.0223  0.0222  0.0231  0.0225  0.0223  0.0225  0.0222  0.0224  0.0221  0.0222
  0.0221  0.0221  0.0221  0.0220  0.0225  0.0222  0.0220  0.0221  0.0220  0.0220  0.0220  0.0220
  0.0220  0.0220  0.0220  0.0220  0.0220  0.0220  0.0220  0.0219  0.0220  0.0219  0.0219  0.0219
  0.0221  0.0221  0.0221  0.0221  0.0218  0.0220  0.0220  0.0221  0.0220  0.0222  0.0220  0.0220
  0.0224  0.0224  0.0222  0.0222  0.0222  0.0224  0.0223  0.0225  0.0222  0.0226  0.0221  0.0222
  0.0229  0.0229  0.0225  0.0224  0.0238  0.0231  0.0227  0.0232  0.0226  0.0232  0.0223  0.0225
niter,ni,del,rscale     2    3    5.0000    0.5000
parameters
   -6.5409    5.0439   11.6570  -11.2907  -19.3659  -10.1922
    4.3602   -7.3357   -4.6785   -2.2395    6.5520   -7.5272
eta,q 0.97811 16.78857
  0.0226  0.0226  0.0223  0.0222  0.0233  0.0227  0.0224  0.0227  0.0224  0.0229  0.0221  0.0223
  0.0222  0.0222  0.0221  0.0220  0.0227  0.0223  0.0221  0.0223  0.0221  0.0223  0.0220  0.0221
  0.0220  0.0220  0.0220  0.0220  0.0223  0.0220  0.0220  0.0220  0.0220  0.0220  0.0219  0.0219
  0.0219  0.0219  0.0219  0.0219  0.0219  0.0219  0.0219  0.0219  0.0219  0.0219  0.0219  0.0219
  0.0220  0.0220  0.0220  0.0220  0.0218  0.0219  0.0219  0.0220  0.0219  0.0221  0.0219  0.0219
  0.0222  0.0222  0.0221  0.0221  0.0221  0.0222  0.0221  0.0223  0.0221  0.0224  0.0220  0.0221
  0.0226  0.0226  0.0223  0.0222  0.0232  0.0227  0.0224  0.0227  0.0224  0.0228  0.0221  0.0223
niter,ni,del,rscale     1    3    5.0000    0.4000
parameters
   -6.5457    5.0319   11.6518  -11.2931  -19.1263  -10.1690
    4.3340   -7.3462   -4.6868   -2.2900    6.5647   -7.4777
eta,q 0.97815 16.80009
  0.0223  0.0223  0.0221  0.0221  0.0228  0.0224  0.0222  0.0224  0.0222  0.0225  0.0220  0.0221
  0.0221  0.0221  0.0220  0.0220  0.0224  0.0221  0.0220  0.0221  0.0220  0.0221  0.0219  0.0220
  0.0219  0.0219  0.0219  0.0219  0.0221  0.0219  0.0219  0.0219  0.0219  0.0219  0.0219  0.0219
  0.0219  0.0219  0.0219  0.0219  0.0219  0.0219  0.0219  0.0219  0.0219  0.0219  0.0218  0.0219
  0.0219  0.0219  0.0219  0.0219  0.0218  0.0219  0.0219  0.0219  0.0219  0.0220  0.0219  0.0219
  0.0221  0.0221  0.0220  0.0220  0.0220  0.0221  0.0220  0.0221  0.0220  0.0222  0.0219  0.0220
  0.0223  0.0223  0.0221  0.0220  0.0227  0.0224  0.0222  0.0224  0.0222  0.0225  0.0220  0.0221
registration optimization eta report
parameter search radius
    0.8000    0.8000    0.8000    2.4000    2.7600    2.7600
    2.4000    2.4000    2.4000    2.4000    2.4000    2.4000
100000*second partial in parameter space
       63.       67.       37.        3.       12.        7.
        6.        9.        5.       11.        3.        5.
  0.0223  0.0223  0.0221  0.0221  0.0228  0.0224  0.0222  0.0224  0.0222  0.0225  0.0220  0.0221
  0.0221  0.0221  0.0220  0.0220  0.0224  0.0221  0.0220  0.0221  0.0220  0.0221  0.0219  0.0220
  0.0219  0.0219  0.0219  0.0219  0.0221  0.0219  0.0219  0.0219  0.0219  0.0219  0.0219  0.0219
  0.0219  0.0219  0.0219  0.0219  0.0219  0.0219  0.0219  0.0219  0.0219  0.0219  0.0218  0.0219
  0.0219  0.0219  0.0219  0.0219  0.0218  0.0219  0.0219  0.0219  0.0219  0.0220  0.0219  0.0219
  0.0221  0.0221  0.0220  0.0220  0.0220  0.0221  0.0220  0.0221  0.0220  0.0222  0.0219  0.0220
  0.0223  0.0223  0.0221  0.0220  0.0227  0.0224  0.0222  0.0224  0.0222  0.0225  0.0220  0.0221
   -6.5457    5.0319   11.6518  -11.2931  -19.1263  -10.1690
    4.3340   -7.3462   -4.6868   -2.2900    6.5647   -7.4777
eta,q 0.97815 16.80009

---------------------------------------------------------------------
imgreg_4dfp /opt/freesurfer/average/711-2C_as_mni_average_305 /opt/freesurfer/average/711-2B_as_mni_average_305_mask talsrcimg_g11 none talsrcimg_to_711-2C_as_mni_average_305_t4 2311
---------------------------------------------------------------------

freesurfer imgreg_4dfp.c
/opt/freesurfer/average/711-2C_as_mni_average_305.4dfp.img
       256       256       256         1
  1.000000  1.000000  1.000000
orientation T byte_order littleendian
Reading image: /opt/freesurfer/average/711-2C_as_mni_average_305.4dfp.img
dimensions:      256       256       256
mmppix:       1.0000   -1.0000   -1.0000
center:     128.0000 -129.0000 -129.0000
/opt/freesurfer/average/711-2B_as_mni_average_305_mask.4dfp.img
       256       256       256         1
  1.000000  1.000000  1.000000
orientation T byte_order littleendian
Reading mask: /opt/freesurfer/average/711-2B_as_mni_average_305_mask.4dfp.img (2306576 pixels)
talsrcimg_g11.4dfp.img
       256       256       256         1
  1.000000  1.000000  1.000000
orientation T byte_order littleendian
Reading image: talsrcimg_g11.4dfp.img
dimensions:      256       256       256
mmppix:       1.0000   -1.0000   -1.0000
center:     128.0000 -129.0000 -129.0000
fimgreg.f
image alignment mode   2311 decimal      907 hex
parameters
   -6.5457    5.0319   11.6518  -11.2931  -19.1263  -10.1690
    4.3340   -7.3462   -4.6868   -2.2900    6.5647   -7.4777
eta,q 0.97815 16.80009
niter,ni,del,rscale     5    3    5.0000    0.8000
parameters
   -6.5586    4.9933   11.6251  -11.4017  -19.9207  -10.3091
    4.3345   -7.2708   -4.6289   -2.1095    6.6033   -7.5561
eta,q 0.97797 16.75002
  0.0235  0.0236  0.0228  0.0226  0.0238  0.0233  0.0233  0.0242  0.0231  0.0245  0.0226  0.0230
  0.0226  0.0226  0.0223  0.0222  0.0229  0.0227  0.0226  0.0230  0.0225  0.0230  0.0223  0.0224
  0.0220  0.0220  0.0220  0.0219  0.0223  0.0222  0.0222  0.0223  0.0222  0.0222  0.0221  0.0221
  0.0219  0.0218  0.0218  0.0219  0.0218  0.0220  0.0220  0.0220  0.0220  0.0220  0.0220  0.0220
  0.0220  0.0221  0.0220  0.0219  0.0220  0.0221  0.0221  0.0222  0.0221  0.0223  0.0221  0.0222
  0.0226  0.0227  0.0223  0.0221  0.0235  0.0226  0.0226  0.0229  0.0225  0.0230  0.0223  0.0225
  0.0235  0.0238  0.0229  0.0227  0.0274  0.0237  0.0233  0.0241  0.0231  0.0239  0.0226  0.0230
niter,ni,del,rscale     4    3    5.0000    0.7000
parameters
   -6.5331    5.0524   11.6601  -11.2989  -19.6221  -10.2494
    4.3352   -7.3094   -4.6816   -2.0984    6.5125   -7.5513
eta,q 0.97804 16.77621
  0.0233  0.0233  0.0228  0.0226  0.0239  0.0231  0.0229  0.0236  0.0228  0.0238  0.0224  0.0228
  0.0226  0.0226  0.0224  0.0223  0.0231  0.0225  0.0224  0.0226  0.0223  0.0226  0.0222  0.0223
  0.0222  0.0222  0.0221  0.0221  0.0225  0.0222  0.0221  0.0221  0.0220  0.0221  0.0220  0.0220
  0.0220  0.0220  0.0220  0.0220  0.0220  0.0220  0.0220  0.0220  0.0220  0.0220  0.0220  0.0220
  0.0222  0.0221  0.0221  0.0221  0.0218  0.0220  0.0220  0.0221  0.0221  0.0222  0.0220  0.0221
  0.0225  0.0225  0.0223  0.0222  0.0222  0.0224  0.0224  0.0227  0.0223  0.0228  0.0222  0.0223
  0.0232  0.0231  0.0227  0.0225  0.0239  0.0231  0.0230  0.0236  0.0228  0.0236  0.0224  0.0227
niter,ni,del,rscale     3    3    5.0000    0.6000
parameters
   -6.5420    5.0540   11.6467  -11.2530  -19.4074  -10.1805
    4.3283   -7.3380   -4.6833   -2.1428    6.5084   -7.5338
eta,q 0.97810 16.79296
  0.0228  0.0229  0.0225  0.0223  0.0234  0.0227  0.0227  0.0231  0.0226  0.0233  0.0222  0.0225
  0.0224  0.0224  0.0222  0.0221  0.0228  0.0224  0.0223  0.0224  0.0222  0.0224  0.0221  0.0221
  0.0220  0.0221  0.0220  0.0220  0.0223  0.0221  0.0220  0.0220  0.0220  0.0220  0.0219  0.0219
  0.0220  0.0220  0.0220  0.0220  0.0220  0.0219  0.0219  0.0219  0.0219  0.0219  0.0219  0.0219
  0.0221  0.0221  0.0220  0.0220  0.0218  0.0220  0.0220  0.0221  0.0220  0.0221  0.0219  0.0220
  0.0224  0.0224  0.0222  0.0221  0.0222  0.0222  0.0222  0.0225  0.0222  0.0226  0.0220  0.0222
  0.0229  0.0229  0.0225  0.0223  0.0234  0.0228  0.0227  0.0231  0.0226  0.0232  0.0222  0.0225
niter,ni,del,rscale     2    3    5.0000    0.5000
parameters
   -6.5471    5.0402   11.6504  -11.2484  -19.2023  -10.1473
    4.3228   -7.3582   -4.6810   -2.2077    6.5180   -7.4829
eta,q 0.97813 16.80338
  0.0225  0.0225  0.0223  0.0222  0.0230  0.0225  0.0224  0.0227  0.0223  0.0229  0.0221  0.0223
  0.0222  0.0222  0.0221  0.0220  0.0225  0.0222  0.0221  0.0222  0.0221  0.0222  0.0220  0.0220
  0.0220  0.0220  0.0219  0.0219  0.0222  0.0220  0.0219  0.0219  0.0219  0.0219  0.0219  0.0219
  0.0219  0.0219  0.0219  0.0219  0.0219  0.0219  0.0219  0.0219  0.0219  0.0219  0.0219  0.0219
  0.0220  0.0220  0.0219  0.0219  0.0218  0.0219  0.0219  0.0220  0.0219  0.0220  0.0219  0.0219
  0.0222  0.0222  0.0221  0.0220  0.0221  0.0221  0.0221  0.0223  0.0221  0.0224  0.0220  0.0221
  0.0225  0.0226  0.0223  0.0222  0.0229  0.0225  0.0224  0.0227  0.0223  0.0229  0.0221  0.0223
niter,ni,del,rscale     1    3    5.0000    0.4000
parameters
   -6.5511    5.0269   11.6495  -11.2833  -19.0058  -10.1331
    4.3099   -7.3577   -4.7009   -2.2711    6.5348   -7.4435
eta,q 0.97816 16.80935
  0.0223  0.0223  0.0221  0.0220  0.0226  0.0222  0.0222  0.0224  0.0222  0.0225  0.0220  0.0221
  0.0220  0.0221  0.0220  0.0219  0.0223  0.0220  0.0220  0.0221  0.0220  0.0221  0.0219  0.0220
  0.0219  0.0219  0.0219  0.0219  0.0220  0.0219  0.0219  0.0219  0.0219  0.0219  0.0219  0.0219
  0.0219  0.0219  0.0219  0.0219  0.0219  0.0218  0.0218  0.0218  0.0218  0.0218  0.0218  0.0218
  0.0219  0.0219  0.0219  0.0219  0.0218  0.0219  0.0219  0.0219  0.0219  0.0220  0.0219  0.0219
  0.0220  0.0221  0.0220  0.0219  0.0220  0.0220  0.0220  0.0221  0.0220  0.0222  0.0219  0.0220
  0.0223  0.0223  0.0221  0.0220  0.0225  0.0223  0.0222  0.0224  0.0222  0.0225  0.0220  0.0221
registration optimization eta report
parameter search radius
    0.8000    0.8000    0.8000    2.4000    2.4000    2.4000
    2.4000    2.4000    2.4000    2.4000    2.4000    2.4000
100000*second partial in parameter space
       64.       69.       38.        3.       12.        7.
        6.        9.        6.       11.        3.        5.
  0.0223  0.0223  0.0221  0.0220  0.0226  0.0222  0.0222  0.0224  0.0222  0.0225  0.0220  0.0221
  0.0220  0.0221  0.0220  0.0219  0.0223  0.0220  0.0220  0.0221  0.0220  0.0221  0.0219  0.0220
  0.0219  0.0219  0.0219  0.0219  0.0220  0.0219  0.0219  0.0219  0.0219  0.0219  0.0219  0.0219
  0.0219  0.0219  0.0219  0.0219  0.0219  0.0218  0.0218  0.0218  0.0218  0.0218  0.0218  0.0218
  0.0219  0.0219  0.0219  0.0219  0.0218  0.0219  0.0219  0.0219  0.0219  0.0220  0.0219  0.0219
  0.0220  0.0221  0.0220  0.0219  0.0220  0.0220  0.0220  0.0221  0.0220  0.0222  0.0219  0.0220
  0.0223  0.0223  0.0221  0.0220  0.0225  0.0223  0.0222  0.0224  0.0222  0.0225  0.0220  0.0221
   -6.5511    5.0269   11.6495  -11.2833  -19.0058  -10.1331
    4.3099   -7.3577   -4.7009   -2.2711    6.5348   -7.4435
eta,q 0.97816 16.80935

---------------------------------------------------------------------
compute_vox2vox talsrcimg talsrcimg_to_711-2C_as_mni_average_305_t4 /opt/freesurfer/average/711-2C_as_mni_average_305
---------------------------------------------------------------------

freesurfer compute_vox2vox.c
Reading: talsrcimg.4dfp.ifh
Reading: talsrcimg_to_711-2C_as_mni_average_305_t4
Reading: /opt/freesurfer/average/711-2C_as_mni_average_305.4dfp.ifh
Writing: talsrcimg_to_711-2C_as_mni_average_305_t4_vox2vox.txt

start time Mon Mar 9 00:18:53 CET 2026
end		time Mon Mar 9 00:20:21 CET 2026

mpr2mni305 success

avi2talxfm orig_nu.mgz /opt/freesurfer/average/mni305.cor.mgz talsrcimg_to_711-2C_as_mni_average_305_t4_vox2vox.txt transforms/talairach.auto.xfm
avi2talxfm done
mv -f /out/sourcedata/freesurfer/sub-v1s16x0051192_ses-1/mri/talsrcimg_to_711-2C_as_mni_average_305_t4_vox2vox.txt /out/sourcedata/freesurfer/sub-v1s16x0051192_ses-1/mri/transforms/talsrcimg_to_711-2C_as_mni_average_305_t4_vox2vox.txt
lta_convert --src orig_nu.mgz --trg /opt/freesurfer/average/mni305.cor.mgz --inxfm transforms/talairach.auto.xfm --outlta transforms/talairach.auto.xfm.lta --subject fsaverage
7.3.2

--src: orig_nu.mgz src image (geometry).
--trg: /opt/freesurfer/average/mni305.cor.mgz trg image (geometry).
--inmni: transforms/talairach.auto.xfm input MNI/XFM transform.
--outlta: transforms/talairach.auto.xfm.lta output LTA.
--s: fsaverage subject name
 LTA read, type : 1
 1.11783   0.09023  -0.05119   7.77994;
-0.07609   1.10921   0.10599  -7.12718;
 0.06274   0.03634   1.23466  -0.65001;
 0.00000   0.00000   0.00000   1.00000;
setting subject to fsaverage
Writing  LTA to file transforms/talairach.auto.xfm.lta...
lta_convert successful.
 
 
Started at Mon Mar 9 00:18:53 CET 2026
Ended   at Mon Mar  9 00:20:21 CET 2026
talairach_avi done
