/out/sourcedata/freesurfer/sub-v1s16x0051160_ses-1/mri
/opt/freesurfer/bin/talairach_avi
--i orig_nu.mgz --xfm transforms/talairach.auto.xfm
talairach_avi 7.3.2
Linux dna010 5.14.0-427.37.1.el9_4.x86_64 #1 SMP PREEMPT_DYNAMIC Fri Sep 13 12:41:50 EDT 2024 x86_64 x86_64 x86_64 GNU/Linux
Thu Mar 12 11:41:58 CET 2026
mri_convert orig_nu.mgz talsrcimg.img 
reading from orig_nu.mgz...
TR=0.00, TE=0.00, TI=0.00, flip angle=0.00
i_ras = (-1, 0, 0)
j_ras = (0, 0, -1)
k_ras = (0, 1, 0)
writing to talsrcimg.img...
Analyze Output Matrix
-1.00000   0.00000   0.00000   129.42621;
 0.00000   0.00000   1.00000  -161.03024;
 0.00000  -1.00000   0.00000   146.40219;
 0.00000   0.00000   0.00000   1.00000;
--------------------
INFO: set hdr.hist.orient to -1
mpr2mni305 talsrcimg
Thu Mar 12 11:41:59 CET 2026
/opt/freesurfer/bin/mpr2mni305 talsrcimg
mpr2mni305 7.3.2
target=711-2C_as_mni_average_305

---------------------------------------------------------------------
analyzeto4dfp talsrcimg -O0 -y
---------------------------------------------------------------------

freesurfer ifh2hdr.c
Thu Mar 12 11:41:59 2026
Writing: talsrcimg.4dfp.hdr
freesurfer analyzeto4dfp.c
Reading: talsrcimg.hdr
header size 348 bytes
hdr.dime.datatype	offset=70	value=2
hdr.dime.bitpix		offset=72	value=8
hdr.hist.orient		offset=252	value=-1
dimensionality     4
dimensions       256       256       256         1
Reading: talsrcimg.img
Writing: talsrcimg.4dfp.img
Writing: talsrcimg.4dfp.ifh
ifh2hdr talsrcimg -r0to241
ori=2

---------------------------------------------------------------------
gauss_4dfp talsrcimg 1.1
---------------------------------------------------------------------

freesurfer gauss_4dfp.c
Reading: talsrcimg.4dfp.img
Writing: talsrcimg_g11.4dfp.img
image dimensions 256 256 256 padded to 288 288 288
processing volume 1freesurfer ifh2hdr.c
Thu Mar 12 11:42:00 2026
Writing: talsrcimg_g11.4dfp.hdr

Writing: talsrcimg_g11.4dfp.ifh
including: talsrcimg.4dfp.img.rec in talsrcimg_g11.4dfp.img.rec

---------------------------------------------------------------------
imgreg_4dfp /opt/freesurfer/average/711-2C_as_mni_average_305 none talsrcimg_g11 none talsrcimg_to_711-2C_as_mni_average_305_t4 4355
---------------------------------------------------------------------

freesurfer imgreg_4dfp.c
/opt/freesurfer/average/711-2C_as_mni_average_305.4dfp.img
       256       256       256         1
  1.000000  1.000000  1.000000
orientation T byte_order littleendian
Reading image: /opt/freesurfer/average/711-2C_as_mni_average_305.4dfp.img
dimensions:      256       256       256
mmppix:       1.0000   -1.0000   -1.0000
center:     128.0000 -129.0000 -129.0000
talsrcimg_g11.4dfp.img
       256       256       256         1
  1.000000  1.000000  1.000000
orientation T byte_order littleendian
Reading image: talsrcimg_g11.4dfp.img
dimensions:      256       256       256
mmppix:       1.0000   -1.0000   -1.0000
center:     128.0000 -129.0000 -129.0000
t4_read: open error in t4_sub.f l:  41 t4_file(1:l)talsrcimg_to_711-2C_as_mni_average_305_t4 
t4_read: transform initialized to I4
rotation matrix determinant  1.000000
image alignment mode   4355 decimal     1103 hex
   -7.5000  -45.0000  -45.0000 5113.2104   19.0830
    0.0000  -45.0000  -45.0000 5283.0356   19.1070
    7.5000  -45.0000  -45.0000 4975.9790   19.0984
   -7.5000  -37.5000  -45.0000 5684.9004   18.6692
    0.0000  -37.5000  -45.0000 5867.2803   18.6888
    7.5000  -37.5000  -45.0000 5535.1206   18.6840
   -7.5000  -30.0000  -45.0000 6535.5674   18.4852
    0.0000  -30.0000  -45.0000 6741.8857   18.5062
    7.5000  -30.0000  -45.0000 6373.7471   18.5085
   -7.5000  -22.5000  -45.0000 7458.8452   18.4405
    0.0000  -22.5000  -45.0000 7682.7188   18.4654
    7.5000  -22.5000  -45.0000 7260.9277   18.4684
   -7.5000  -15.0000  -45.0000 8372.1973   18.4453
    0.0000  -15.0000  -45.0000 8607.5283   18.4729
    7.5000  -15.0000  -45.0000 8126.9585   18.4715
   -7.5000   -7.5000  -45.0000 9268.7119   18.4319
    0.0000   -7.5000  -45.0000 9527.2305   18.4571
    7.5000   -7.5000  -45.0000 9004.7803   18.4497
   -7.5000    0.0000  -45.000010075.0244   18.4166
    0.0000    0.0000  -45.000010372.6045   18.4372
    7.5000    0.0000  -45.0000 9779.6445   18.4274
   -7.5000    7.5000  -45.000010025.1025   18.4135
    0.0000    7.5000  -45.000010361.5186   18.4329
    7.5000    7.5000  -45.0000 9773.7578   18.4290
   -7.5000   15.0000  -45.0000 9929.3135   18.4229
    0.0000   15.0000  -45.000010271.0742   18.4442
    7.5000   15.0000  -45.0000 9696.7715   18.4471
   -7.5000   22.5000  -45.0000 9771.2637   18.4369
    0.0000   22.5000  -45.000010091.1162   18.4618
    7.5000   22.5000  -45.0000 9554.3057   18.4649
   -7.5000   30.0000  -45.0000 9554.1143   18.1995
    0.0000   30.0000  -45.0000 9842.5586   18.2267
    7.5000   30.0000  -45.0000 9338.1689   18.2253
   -7.5000   37.5000  -45.0000 9631.0273   18.1863
    0.0000   37.5000  -45.0000 9914.5898   18.2111
    7.5000   37.5000  -45.0000 9385.5469   18.2038
   -7.5000   45.0000  -45.0000 9298.5342   17.7098
    0.0000   45.0000  -45.0000 9567.8086   17.7296
    7.5000   45.0000  -45.0000 9049.3418   17.7202
   -7.5000  -45.0000  -37.5000 5485.8984   19.0529
    0.0000  -45.0000  -37.5000 5679.8330   19.0810
    7.5000  -45.0000  -37.5000 5359.3696   19.0694
   -7.5000  -37.5000  -37.5000 6116.7412   18.6384
    0.0000  -37.5000  -37.5000 6310.5918   18.6600
    7.5000  -37.5000  -37.5000 5957.5986   18.6500
   -7.5000  -30.0000  -37.5000 7063.7832   18.4563
    0.0000  -30.0000  -37.5000 7272.3047   18.4794
    7.5000  -30.0000  -37.5000 6874.7578   18.4735
   -7.5000  -22.5000  -37.5000 8059.8550   18.4135
    0.0000  -22.5000  -37.5000 8299.8965   18.4424
    7.5000  -22.5000  -37.5000 7836.1343   18.4362
   -7.5000  -15.0000  -37.5000 9031.5293   18.4190
    0.0000  -15.0000  -37.5000 9300.2705   18.4524
    7.5000  -15.0000  -37.5000 8782.8154   18.4442
   -7.5000   -7.5000  -37.5000 9982.1035   18.4028
    0.0000   -7.5000  -37.500010271.7549   18.4338
    7.5000   -7.5000  -37.5000 9697.5352   18.4228
   -7.5000    0.0000  -37.500010842.6582   18.3848
    0.0000    0.0000  -37.500011154.2207   18.4092
    7.5000    0.0000  -37.500010525.9141   18.3968
   -7.5000    7.5000  -37.500010783.3760   18.3814
    0.0000    7.5000  -37.500011127.4082   18.4026
    7.5000    7.5000  -37.500010500.6221   18.3936
   -7.5000   15.0000  -37.500010660.6768   18.3928
    0.0000   15.0000  -37.500010996.1768   18.4161
    7.5000   15.0000  -37.500010400.0010   18.4106
   -7.5000   22.5000  -37.500010471.2422   18.4099
    0.0000   22.5000  -37.500010781.6777   18.4388
    7.5000   22.5000  -37.500010211.8623   18.4326
   -7.5000   30.0000  -37.500010189.7412   18.1735
    0.0000   30.0000  -37.500010502.0264   18.2065
    7.5000   30.0000  -37.5000 9958.1230   18.1984
   -7.5000   37.5000  -37.500010241.8838   18.1576
    0.0000   37.5000  -37.500010558.0088   18.1881
    7.5000   37.5000  -37.500010001.6504   18.1773
   -7.5000   45.0000  -37.5000 9861.5771   17.6792
    0.0000   45.0000  -37.500010143.3496   17.7026
    7.5000   45.0000  -37.5000 9611.8838   17.6907
   -7.5000  -45.0000  -30.0000 5999.2144   19.8715
    0.0000  -45.0000  -30.0000 6194.9702   19.8995
    7.5000  -45.0000  -30.0000 5850.5342   19.8938
   -7.5000  -37.5000  -30.0000 6684.2764   19.4387
    0.0000  -37.5000  -30.0000 6901.4946   19.4570
    7.5000  -37.5000  -30.0000 6514.4214   19.4504
   -7.5000  -30.0000  -30.0000 7728.3296   19.2501
    0.0000  -30.0000  -30.0000 7962.3726   19.2684
    7.5000  -30.0000  -30.0000 7501.1616   19.2616
   -7.5000  -22.5000  -30.0000 8805.8047   19.2072
    0.0000  -22.5000  -30.0000 9080.2510   19.2327
    7.5000  -22.5000  -30.0000 8551.4180   19.2235
   -7.5000  -15.0000  -30.0000 9853.5752   19.2124
    0.0000  -15.0000  -30.000010165.8350   19.2453
    7.5000  -15.0000  -30.0000 9582.6221   19.2361
   -7.5000   -7.5000  -30.000010865.9150   19.1927
    0.0000   -7.5000  -30.000011209.6943   19.2248
    7.5000   -7.5000  -30.000010573.0879   19.2172
   -7.5000    0.0000  -30.000011772.8643   19.1721
    0.0000    0.0000  -30.000012156.5967   19.1962
    7.5000    0.0000  -30.000011475.4795   19.1893
   -7.5000    7.5000  -30.000011729.2617   19.1694
    0.0000    7.5000  -30.000012123.4805   19.1872
    7.5000    7.5000  -30.000011443.0342   19.1816
   -7.5000   15.0000  -30.000011573.6660   19.1837
    0.0000   15.0000  -30.000011950.3262   19.2022
    7.5000   15.0000  -30.000011291.0674   19.1957
   -7.5000   22.5000  -30.000011323.4688   19.2015
    0.0000   22.5000  -30.000011686.0664   19.2270
    7.5000   22.5000  -30.000011048.8262   19.2177
   -7.5000   30.0000  -30.000010984.6025   18.9582
    0.0000   30.0000  -30.000011331.0615   18.9906
    7.5000   30.0000  -30.000010735.2441   18.9816
   -7.5000   37.5000  -30.000011019.7832   18.9388
    0.0000   37.5000  -30.000011350.2539   18.9704
    7.5000   37.5000  -30.000010762.9150   18.9629
   -7.5000   45.0000  -30.000010612.2090   18.4498
    0.0000   45.0000  -30.000010917.7412   18.4730
    7.5000   45.0000  -30.000010336.0146   18.4664
   -7.5000  -45.0000  -22.5000 6531.9258   20.5779
    0.0000  -45.0000  -22.5000 6746.5283   20.6012
    7.5000  -45.0000  -22.5000 6365.5718   20.6059
   -7.5000  -37.5000  -22.5000 7279.1436   20.1285
    0.0000  -37.5000  -22.5000 7510.6001   20.1405
    7.5000  -37.5000  -22.5000 7101.7847   20.1439
   -7.5000  -30.0000  -22.5000 8399.5410   19.9325
    0.0000  -30.0000  -22.5000 8674.4395   19.9423
    7.5000  -30.0000  -22.5000 8194.5078   19.9443
   -7.5000  -22.5000  -22.5000 9550.6074   19.8888
    0.0000  -22.5000  -22.5000 9887.7031   19.9045
    7.5000  -22.5000  -22.5000 9323.7461   19.9027
   -7.5000  -15.0000  -22.500010682.6084   19.8940
    0.0000  -15.0000  -22.500011056.8701   19.9183
    7.5000  -15.0000  -22.500010413.0391   19.9158
   -7.5000   -7.5000  -22.500011772.6191   19.8724
    0.0000   -7.5000  -22.500012160.0801   19.8988
    7.5000   -7.5000  -22.500011463.4336   19.8989
   -7.5000    0.0000  -22.500012735.9668   19.8499
    0.0000    0.0000  -22.500013160.6250   19.8697
    7.5000    0.0000  -22.500012405.2061   19.8721
   -7.5000    7.5000  -22.500012677.2461   19.8476
    0.0000    7.5000  -22.500013103.9199   19.8594
    7.5000    7.5000  -22.500012353.8389   19.8634
   -7.5000   15.0000  -22.500012515.1172   19.8636
    0.0000   15.0000  -22.500012937.1514   19.8735
    7.5000   15.0000  -22.500012181.1084   19.8760
   -7.5000   22.5000  -22.500012200.6494   19.8815
    0.0000   22.5000  -22.500012618.8975   19.8972
    7.5000   22.5000  -22.500011900.3633   19.8954
   -7.5000   30.0000  -22.500011816.3193   19.6338
    0.0000   30.0000  -22.500012217.5361   19.6577
    7.5000   30.0000  -22.500011537.4541   19.6553
   -7.5000   37.5000  -22.500011809.0137   19.6125
    0.0000   37.5000  -22.500012189.2705   19.6385
    7.5000   37.5000  -22.500011532.0830   19.6386
   -7.5000   45.0000  -22.500011338.5166   19.1165
    0.0000   45.0000  -22.500011690.8604   19.1355
    7.5000   45.0000  -22.500011036.8613   19.1378
   -7.5000  -45.0000  -15.0000 7075.8101   21.0796
    0.0000  -45.0000  -15.0000 7299.3643   21.0990
    7.5000  -45.0000  -15.0000 6891.3037   21.1081
   -7.5000  -37.5000  -15.0000 7913.3511   20.6177
    0.0000  -37.5000  -15.0000 8147.0347   20.6276
    7.5000  -37.5000  -15.0000 7698.4834   20.6376
   -7.5000  -30.0000  -15.0000 9104.5693   20.4144
    0.0000  -30.0000  -15.0000 9412.7354   20.4215
    7.5000  -30.0000  -15.0000 8878.9316   20.4333
   -7.5000  -22.5000  -15.000010350.5566   20.3685
    0.0000  -22.5000  -15.000010710.8516   20.3792
    7.5000  -22.5000  -15.000010098.1211   20.3876
   -7.5000  -15.0000  -15.000011560.1348   20.3745
    0.0000  -15.0000  -15.000011960.4121   20.3922
    7.5000  -15.0000  -15.000011280.6172   20.3971
   -7.5000   -7.5000  -15.000012715.4023   20.3544
    0.0000   -7.5000  -15.000013154.8936   20.3750
    7.5000   -7.5000  -15.000012395.3574   20.3793
   -7.5000    0.0000  -15.000013731.3291   20.3325
    0.0000    0.0000  -15.000014207.5205   20.3484
    7.5000    0.0000  -15.000013379.8135   20.3545
   -7.5000    7.5000  -15.000013646.8086   20.3291
    0.0000    7.5000  -15.000014139.6113   20.3388
    7.5000    7.5000  -15.000013295.8145   20.3492
   -7.5000   15.0000  -15.000013447.4844   20.3438
    0.0000   15.0000  -15.000013928.0273   20.3512
    7.5000   15.0000  -15.000013067.4834   20.3634
   -7.5000   22.5000  -15.000013116.9443   20.3601
    0.0000   22.5000  -15.000013582.2822   20.3709
    7.5000   22.5000  -15.000012745.2109   20.3792
   -7.5000   30.0000  -15.000012651.7979   20.1108
    0.0000   30.0000  -15.000013129.7627   20.1283
    7.5000   30.0000  -15.000012322.9561   20.1331
   -7.5000   37.5000  -15.000012619.5361   20.0910
    0.0000   37.5000  -15.000013074.8232   20.1113
    7.5000   37.5000  -15.000012287.7637   20.1156
   -7.5000   45.0000  -15.000012070.7266   19.5930
    0.0000   45.0000  -15.000012474.6318   19.6084
    7.5000   45.0000  -15.000011726.6787   19.6143
   -7.5000  -45.0000   -7.5000 7645.4966   21.3064
    0.0000  -45.0000   -7.5000 7871.5312   21.3271
    7.5000  -45.0000   -7.5000 7436.2842   21.3291
   -7.5000  -37.5000   -7.5000 8539.4199   20.8408
    0.0000  -37.5000   -7.5000 8822.4199   20.8555
    7.5000  -37.5000   -7.5000 8318.2129   20.8608
   -7.5000  -30.0000   -7.5000 9822.7236   20.6326
    0.0000  -30.0000   -7.500010190.4385   20.6469
    7.5000  -30.0000   -7.5000 9601.5264   20.6585
   -7.5000  -22.5000   -7.500011173.2246   20.5820
    0.0000  -22.5000   -7.500011572.5527   20.5993
    7.5000  -22.5000   -7.500010919.3994   20.6100
   -7.5000  -15.0000   -7.500012468.6094   20.5875
    0.0000  -15.0000   -7.500012896.3770   20.6089
    7.5000  -15.0000   -7.500012186.9043   20.6141
   -7.5000   -7.5000   -7.500013689.2715   20.5717
    0.0000   -7.5000   -7.500014166.1924   20.5928
    7.5000   -7.5000   -7.500013367.3027   20.5932
   -7.5000    0.0000   -7.500014729.3994   20.5539
    0.0000    0.0000   -7.500015268.8564   20.5711
    7.5000    0.0000   -7.500014377.4775   20.5705
   -7.5000    7.5000   -7.500014620.6035   20.5502
    0.0000    7.5000   -7.500015171.8867   20.5648
    7.5000    7.5000   -7.500014262.5400   20.5707
   -7.5000   15.0000   -7.500014350.0762   20.5614
    0.0000   15.0000   -7.500014880.4287   20.5760
    7.5000   15.0000   -7.500013950.3887   20.5882
   -7.5000   22.5000   -7.500013958.0674   20.5713
    0.0000   22.5000   -7.500014480.8369   20.5886
    7.5000   22.5000   -7.500013568.3584   20.5993
   -7.5000   30.0000   -7.500013474.0771   20.3205
    0.0000   30.0000   -7.500014010.9033   20.3416
    7.5000   30.0000   -7.500013123.2324   20.3468
   -7.5000   37.5000   -7.500013426.2461   20.3049
    0.0000   37.5000   -7.500013938.7275   20.3258
    7.5000   37.5000   -7.500013061.9072   20.3261
   -7.5000   45.0000   -7.500012808.1318   19.8100
    0.0000   45.0000   -7.500013265.6318   19.8266
    7.5000   45.0000   -7.500012451.8262   19.8261
   -7.5000  -45.0000    0.0000 8168.9800   21.3233
    0.0000  -45.0000    0.0000 8417.5107   21.3500
    7.5000  -45.0000    0.0000 7956.6577   21.3406
   -7.5000  -37.5000    0.0000 9127.5088   20.8591
    0.0000  -37.5000    0.0000 9436.3945   20.8810
    7.5000  -37.5000    0.0000 8912.0518   20.8757
   -7.5000  -30.0000    0.000010516.9541   20.6518
    0.0000  -30.0000    0.000010882.8926   20.6752
    7.5000  -30.0000    0.000010280.7246   20.6779
   -7.5000  -22.5000    0.000011947.3994   20.6003
    0.0000  -22.5000    0.000012351.3818   20.6280
    7.5000  -22.5000    0.000011677.8447   20.6315
   -7.5000  -15.0000    0.000013329.8857   20.6057
    0.0000  -15.0000    0.000013775.0068   20.6365
    7.5000  -15.0000    0.000013011.8057   20.6350
   -7.5000   -7.5000    0.000014594.1055   20.5909
    0.0000   -7.5000    0.000015108.0586   20.6190
    7.5000   -7.5000    0.000014238.9541   20.6109
   -7.5000    0.0000    0.000015702.3926   20.5739
    0.0000    0.0000    0.000016280.4893   20.5970
    7.5000    0.0000    0.000015301.3623   20.5861
   -7.5000    7.5000    0.000015523.2783   20.5704
    0.0000    7.5000    0.000016142.1719   20.5920
    7.5000    7.5000    0.000015149.6514   20.5876
   -7.5000   15.0000    0.000015120.5879   20.5808
    0.0000   15.0000    0.000015707.0322   20.6044
    7.5000   15.0000    0.000014766.6191   20.6077
   -7.5000   22.5000    0.000014706.9014   20.5896
    0.0000   22.5000    0.000015264.7500   20.6173
    7.5000   22.5000    0.000014342.3672   20.6209
   -7.5000   30.0000    0.000014213.0381   20.3390
    0.0000   30.0000    0.000014771.7637   20.3694
    7.5000   30.0000    0.000013866.5635   20.3679
   -7.5000   37.5000    0.000014144.7637   20.3244
    0.0000   37.5000    0.000014715.3535   20.3521
    7.5000   37.5000    0.000013806.1406   20.3441
   -7.5000   45.0000    0.000013445.0732   19.8309
    0.0000   45.0000    0.000013968.1191   19.8531
    7.5000   45.0000    0.000013115.8193   19.8426
   -7.5000  -45.0000    7.5000 8057.5059   21.3200
    0.0000  -45.0000    7.5000 8331.2773   21.3514
    7.5000  -45.0000    7.5000 7851.9214   21.3384
   -7.5000  -37.5000    7.5000 9012.0215   20.8560
    0.0000  -37.5000    7.5000 9326.6074   20.8802
    7.5000  -37.5000    7.5000 8795.6631   20.8690
   -7.5000  -30.0000    7.500010392.2744   20.6520
    0.0000  -30.0000    7.500010731.8135   20.6778
    7.5000  -30.0000    7.500010140.0869   20.6712
   -7.5000  -22.5000    7.500011803.9453   20.6040
    0.0000  -22.5000    7.500012163.0146   20.6364
    7.5000  -22.5000    7.500011520.6133   20.6295
   -7.5000  -15.0000    7.500013146.9160   20.6102
    0.0000  -15.0000    7.500013534.5088   20.6475
    7.5000  -15.0000    7.500012814.6973   20.6385
   -7.5000   -7.5000    7.500014383.1816   20.5921
    0.0000   -7.5000    7.500014831.0176   20.6267
    7.5000   -7.5000    7.500013995.5576   20.6145
   -7.5000    0.0000    7.500015399.7822   20.5719
    0.0000    0.0000    7.500015912.8184   20.5992
    7.5000    0.0000    7.500014968.4258   20.5854
   -7.5000    7.5000    7.500015032.3652   20.5681
    0.0000    7.5000    7.500015562.8818   20.5919
    7.5000    7.5000    7.500014727.2852   20.5818
   -7.5000   15.0000    7.500014616.2070   20.5810
    0.0000   15.0000    7.500015121.7119   20.6069
    7.5000   15.0000    7.500014388.6396   20.6009
   -7.5000   22.5000    7.500014256.0801   20.5934
    0.0000   22.5000    7.500014791.5488   20.6257
    7.5000   22.5000    7.500014019.2939   20.6188
   -7.5000   30.0000    7.500013821.8398   20.3434
    0.0000   30.0000    7.500014346.0332   20.3803
    7.5000   30.0000    7.500013549.6201   20.3714
   -7.5000   37.5000    7.500013742.7109   20.3256
    0.0000   37.5000    7.500014263.9062   20.3598
    7.5000   37.5000    7.500013478.7061   20.3477
   -7.5000   45.0000    7.500013051.4404   19.8290
    0.0000   45.0000    7.500013518.9033   19.8553
    7.5000   45.0000    7.500012769.4170   19.8419
   -7.5000  -45.0000   15.0000 7814.8647   21.3388
    0.0000  -45.0000   15.0000 8078.9087   21.3687
    7.5000  -45.0000   15.0000 7610.9214   21.3627
   -7.5000  -37.5000   15.0000 8739.1279   20.8740
    0.0000  -37.5000   15.0000 9057.6562   20.8936
    7.5000  -37.5000   15.0000 8529.9961   20.8865
   -7.5000  -30.0000   15.000010086.8252   20.6714
    0.0000  -30.0000   15.000010427.2305   20.6911
    7.5000  -30.0000   15.0000 9827.1611   20.6837
   -7.5000  -22.5000   15.000011476.7734   20.6254
    0.0000  -22.5000   15.000011830.7080   20.6528
    7.5000  -22.5000   15.000011169.2803   20.6428
   -7.5000  -15.0000   15.000012762.3643   20.6310
    0.0000  -15.0000   15.000013147.4697   20.6662
    7.5000  -15.0000   15.000012411.4834   20.6564
   -7.5000   -7.5000   15.000013981.7188   20.6098
    0.0000   -7.5000   15.000014379.7422   20.6443
    7.5000   -7.5000   15.000013551.3086   20.6361
   -7.5000    0.0000   15.000014959.4062   20.5877
    0.0000    0.0000   15.000015394.0723   20.6135
    7.5000    0.0000   15.000014478.7158   20.6062
   -7.5000    7.5000   15.000014543.9443   20.5848
    0.0000    7.5000   15.000015013.3350   20.6039
    7.5000    7.5000   15.000014260.5342   20.5979
   -7.5000   15.0000   15.000014099.9395   20.6002
    0.0000   15.0000   15.000014603.2100   20.6200
    7.5000   15.0000   15.000013962.1699   20.6131
   -7.5000   22.5000   15.000013757.5537   20.6147
    0.0000   22.5000   15.000014321.9512   20.6421
    7.5000   22.5000   15.000013628.4238   20.6321
   -7.5000   30.0000   15.000013345.6172   20.3640
    0.0000   30.0000   15.000013876.2246   20.3988
    7.5000   30.0000   15.000013157.8301   20.3891
   -7.5000   37.5000   15.000013286.7354   20.3431
    0.0000   37.5000   15.000013773.1240   20.3771
    7.5000   37.5000   15.000013061.1641   20.3690
   -7.5000   45.0000   15.000012608.5342   19.8442
    0.0000   45.0000   15.000013020.5869   19.8690
    7.5000   45.0000   15.000012334.5879   19.8620
   -7.5000  -45.0000   22.5000 7492.1885   21.3615
    0.0000  -45.0000   22.5000 7726.8691   21.3857
    7.5000  -45.0000   22.5000 7277.3452   21.3906
   -7.5000  -37.5000   22.5000 8402.4531   20.8950
    0.0000  -37.5000   22.5000 8674.7246   20.9074
    7.5000  -37.5000   22.5000 8173.2593   20.9110
   -7.5000  -30.0000   22.5000 9694.0303   20.6916
    0.0000  -30.0000   22.500010006.3447   20.7017
    7.5000  -30.0000   22.5000 9429.5820   20.7038
   -7.5000  -22.5000   22.500011007.4443   20.6461
    0.0000  -22.5000   22.500011350.1504   20.6624
    7.5000  -22.5000   22.500010700.6582   20.6606
   -7.5000  -15.0000   22.500012234.1475   20.6515
    0.0000  -15.0000   22.500012613.2900   20.6768
    7.5000  -15.0000   22.500011901.5342   20.6742
   -7.5000   -7.5000   22.500013391.3027   20.6291
    0.0000   -7.5000   22.500013795.0615   20.6565
    7.5000   -7.5000   22.500012971.7803   20.6567
   -7.5000    0.0000   22.500014402.1299   20.6058
    0.0000    0.0000   22.500014765.6299   20.6263
    7.5000    0.0000   22.500013899.7480   20.6288
   -7.5000    7.5000   22.500014078.8291   20.6034
    0.0000    7.5000   22.500014468.6787   20.6156
    7.5000    7.5000   22.500013720.3242   20.6198
   -7.5000   15.0000   22.500013591.2949   20.6200
    0.0000   15.0000   22.500014050.3877   20.6303
    7.5000   15.0000   22.500013428.8301   20.6329
   -7.5000   22.5000   22.500013248.2197   20.6354
    0.0000   22.5000   22.500013719.1143   20.6517
    7.5000   22.5000   22.500013076.7939   20.6499
   -7.5000   30.0000   22.500012892.4648   20.3843
    0.0000   30.0000   22.500013318.9092   20.4092
    7.5000   30.0000   22.500012631.3379   20.4066
   -7.5000   37.5000   22.500012867.1797   20.3622
    0.0000   37.5000   22.500013256.1211   20.3892
    7.5000   37.5000   22.500012565.4678   20.3893
   -7.5000   45.0000   22.500012190.4707   19.8616
    0.0000   45.0000   22.500012530.8691   19.8814
    7.5000   45.0000   22.500011857.0928   19.8838
   -7.5000  -45.0000   30.0000 7019.9106   21.3689
    0.0000  -45.0000   30.0000 7246.3423   21.3885
    7.5000  -45.0000   30.0000 6833.4258   21.3978
   -7.5000  -37.5000   30.0000 7883.7842   20.9006
    0.0000  -37.5000   30.0000 8167.7148   20.9107
    7.5000  -37.5000   30.0000 7682.2041   20.9209
   -7.5000  -30.0000   30.0000 9132.4355   20.6946
    0.0000  -30.0000   30.0000 9462.1201   20.7018
    7.5000  -30.0000   30.0000 8902.5088   20.7137
   -7.5000  -22.5000   30.000010396.7793   20.6480
    0.0000  -22.5000   30.000010757.3535   20.6589
    7.5000  -22.5000   30.000010138.3242   20.6674
   -7.5000  -15.0000   30.000011554.6211   20.6541
    0.0000  -15.0000   30.000011966.3760   20.6721
    7.5000  -15.0000   30.000011279.7900   20.6770
   -7.5000   -7.5000   30.000012666.6553   20.6338
    0.0000   -7.5000   30.000013059.1992   20.6546
    7.5000   -7.5000   30.000012313.1299   20.6590
   -7.5000    0.0000   30.000013681.4639   20.6115
    0.0000    0.0000   30.000014011.7725   20.6277
    7.5000    0.0000   30.000013215.6465   20.6339
   -7.5000    7.5000   30.000013562.4307   20.6081
    0.0000    7.5000   30.000013808.6348   20.6180
    7.5000    7.5000   30.000013064.5781   20.6285
   -7.5000   15.0000   30.000013265.7949   20.6230
    0.0000   15.0000   30.000013466.9375   20.6305
    7.5000   15.0000   30.000012793.8721   20.6429
   -7.5000   22.5000   30.000012878.8418   20.6373
    0.0000   22.5000   30.000013082.5508   20.6482
    7.5000   22.5000   30.000012416.5742   20.6567
   -7.5000   30.0000   30.000012421.9258   20.3868
    0.0000   30.0000   30.000012662.6670   20.4046
    7.5000   30.0000   30.000011970.4062   20.4094
   -7.5000   37.5000   30.000012329.3740   20.3667
    0.0000   37.5000   30.000012608.0420   20.3873
    7.5000   37.5000   30.000011918.0596   20.3916
   -7.5000   45.0000   30.000011626.4170   19.8671
    0.0000   45.0000   30.000011930.2119   19.8827
    7.5000   45.0000   30.000011288.1230   19.8887
   -7.5000  -45.0000   37.5000 6793.6812   21.3802
    0.0000  -45.0000   37.5000 7015.4072   21.4011
    7.5000  -45.0000   37.5000 6633.1724   21.4032
   -7.5000  -37.5000   37.5000 7637.7871   20.9122
    0.0000  -37.5000   37.5000 7897.7349   20.9271
    7.5000  -37.5000   37.5000 7467.4644   20.9324
   -7.5000  -30.0000   37.5000 8844.3760   20.7029
    0.0000  -30.0000   37.5000 9155.2432   20.7173
    7.5000  -30.0000   37.5000 8643.0361   20.7291
   -7.5000  -22.5000   37.500010086.1689   20.6521
    0.0000  -22.5000   37.500010439.8535   20.6696
    7.5000  -22.5000   37.5000 9848.9238   20.6805
   -7.5000  -15.0000   37.500011242.4717   20.6577
    0.0000  -15.0000   37.500011644.3477   20.6793
    7.5000  -15.0000   37.500010950.8154   20.6847
   -7.5000   -7.5000   37.500012347.2402   20.6419
    0.0000   -7.5000   37.500012764.4902   20.6633
    7.5000   -7.5000   37.500011980.1270   20.6638
   -7.5000    0.0000   37.500013361.3984   20.6239
    0.0000    0.0000   37.500013783.7432   20.6414
    7.5000    0.0000   37.500012915.7061   20.6409
   -7.5000    7.5000   37.500013266.1016   20.6202
    0.0000    7.5000   37.500013678.5850   20.6350
    7.5000    7.5000   37.500012833.7080   20.6409
   -7.5000   15.0000   37.500012989.8613   20.6314
    0.0000   15.0000   37.500013373.8037   20.6461
    7.5000   15.0000   37.500012581.0322   20.6584
   -7.5000   22.5000   37.500012607.7354   20.6414
    0.0000   22.5000   37.500012955.5742   20.6589
    7.5000   22.5000   37.500012199.7607   20.6698
   -7.5000   30.0000   37.500012140.5479   20.3903
    0.0000   30.0000   37.500012468.4111   20.4117
    7.5000   30.0000   37.500011730.3447   20.4170
   -7.5000   37.5000   37.500012041.1924   20.3748
    0.0000   37.5000   37.500012367.7607   20.3959
    7.5000   37.5000   37.500011654.9258   20.3964
   -7.5000   45.0000   37.500011371.1191   19.8791
    0.0000   45.0000   37.500011670.8018   19.8959
    7.5000   45.0000   37.500011025.9805   19.8955
   -7.5000  -45.0000   45.0000 6205.6450   21.2709
    0.0000  -45.0000   45.0000 6412.8271   21.2984
    7.5000  -45.0000   45.0000 6063.8203   21.2893
   -7.5000  -37.5000   45.0000 6983.5576   20.8065
    0.0000  -37.5000   45.0000 7246.6816   20.8290
    7.5000  -37.5000   45.0000 6829.1509   20.8239
   -7.5000  -30.0000   45.0000 8103.8833   20.5988
    0.0000  -30.0000   45.0000 8417.3857   20.6228
    7.5000  -30.0000   45.0000 7918.8008   20.6258
   -7.5000  -22.5000   45.0000 9237.0088   20.5469
    0.0000  -22.5000   45.0000 9607.9072   20.5753
    7.5000  -22.5000   45.0000 9028.1982   20.5792
   -7.5000  -15.0000   45.000010322.8027   20.5523
    0.0000  -15.0000   45.000010728.2041   20.5839
    7.5000  -15.0000   45.000010079.4092   20.5827
   -7.5000   -7.5000   45.000011364.2910   20.5378
    0.0000   -7.5000   45.000011766.8447   20.5667
    7.5000   -7.5000   45.000011055.8857   20.5589
   -7.5000    0.0000   45.000012262.9590   20.5210
    0.0000    0.0000   45.000012676.0215   20.5447
    7.5000    0.0000   45.000011938.3252   20.5341
   -7.5000    7.5000   45.000012175.5908   20.5175
    0.0000    7.5000   45.000012588.1230   20.5397
    7.5000    7.5000   45.000011884.9932   20.5356
   -7.5000   15.0000   45.000011952.4570   20.5277
    0.0000   15.0000   45.000012336.3652   20.5519
    7.5000   15.0000   45.000011665.8770   20.5555
   -7.5000   22.5000   45.000011623.8604   20.5362
    0.0000   22.5000   45.000011971.1611   20.5646
    7.5000   22.5000   45.000011331.4551   20.5685
   -7.5000   30.0000   45.000011216.0840   20.2845
    0.0000   30.0000   45.000011544.1797   20.3157
    7.5000   30.0000   45.000010912.3662   20.3146
   -7.5000   37.5000   45.000011146.2080   20.2702
    0.0000   37.5000   45.000011461.4121   20.2987
    7.5000   37.5000   45.000010835.1318   20.2910
   -7.5000   45.0000   45.000010547.6973   19.7889
    0.0000   45.0000   45.000010842.0293   19.8117
    7.5000   45.0000   45.000010253.3867   19.8015

---------------------------------------------------------------------
imgreg_4dfp /opt/freesurfer/average/711-2C_as_mni_average_305 /opt/freesurfer/average/711-2B_as_mni_average_305_mask talsrcimg_g11 none talsrcimg_to_711-2C_as_mni_average_305_t4 4355
---------------------------------------------------------------------

freesurfer imgreg_4dfp.c
/opt/freesurfer/average/711-2C_as_mni_average_305.4dfp.img
       256       256       256         1
  1.000000  1.000000  1.000000
orientation T byte_order littleendian
Reading image: /opt/freesurfer/average/711-2C_as_mni_average_305.4dfp.img
dimensions:      256       256       256
mmppix:       1.0000   -1.0000   -1.0000
center:     128.0000 -129.0000 -129.0000
/opt/freesurfer/average/711-2B_as_mni_average_305_mask.4dfp.img
       256       256       256         1
  1.000000  1.000000  1.000000
orientation T byte_order littleendian
Reading mask: /opt/freesurfer/average/711-2B_as_mni_average_305_mask.4dfp.img (2306576 pixels)
talsrcimg_g11.4dfp.img
       256       256       256         1
  1.000000  1.000000  1.000000
orientation T byte_order littleendian
Reading image: talsrcimg_g11.4dfp.img
dimensions:      256       256       256
mmppix:       1.0000   -1.0000   -1.0000
center:     128.0000 -129.0000 -129.0000
rotation matrix determinant  1.000000
image alignment mode   4355 decimal     1103 hex
   -7.5000  -45.0000  -45.0000 1464.2725   36.8408
    0.0000  -45.0000  -45.0000 1458.1542   37.5461
    7.5000  -45.0000  -45.0000 1431.4954   38.5293
   -7.5000  -37.5000  -45.0000 1587.6221   31.3939
    0.0000  -37.5000  -45.0000 1578.4453   31.9916
    7.5000  -37.5000  -45.0000 1550.9923   32.8334
   -7.5000  -30.0000  -45.0000 1716.1652   27.2986
    0.0000  -30.0000  -45.0000 1699.9987   27.7584
    7.5000  -30.0000  -45.0000 1673.8951   28.5251
   -7.5000  -22.5000  -45.0000 1836.4232   24.2760
    0.0000  -22.5000  -45.0000 1816.3717   24.6093
    7.5000  -22.5000  -45.0000 1790.4309   25.2638
   -7.5000  -15.0000  -45.0000 1930.5074   22.0379
    0.0000  -15.0000  -45.0000 1912.0764   22.2810
    7.5000  -15.0000  -45.0000 1882.0071   22.7637
   -7.5000   -7.5000  -45.0000 2010.8519   20.2398
    0.0000   -7.5000  -45.0000 1993.0475   20.4852
    7.5000   -7.5000  -45.0000 1965.6664   20.9158
   -7.5000    0.0000  -45.0000 2063.1550   18.9389
    0.0000    0.0000  -45.0000 2052.1804   19.1272
    7.5000    0.0000  -45.0000 2019.3832   19.5644
   -7.5000    7.5000  -45.0000 2090.3347   18.0268
    0.0000    7.5000  -45.0000 2084.7312   18.1877
    7.5000    7.5000  -45.0000 2050.3367   18.6122
   -7.5000   15.0000  -45.0000 2109.1924   17.4779
    0.0000   15.0000  -45.0000 2097.3953   17.6450
    7.5000   15.0000  -45.0000 2064.7151   18.1444
   -7.5000   22.5000  -45.0000 2106.2505   17.4360
    0.0000   22.5000  -45.0000 2090.6194   17.6337
    7.5000   22.5000  -45.0000 2061.5308   18.1422
   -7.5000   30.0000  -45.0000 2081.1553   17.8417
    0.0000   30.0000  -45.0000 2065.7390   17.9925
    7.5000   30.0000  -45.0000 2037.6949   18.4964
   -7.5000   37.5000  -45.0000 2044.0663   18.6018
    0.0000   37.5000  -45.0000 2027.7461   18.7516
    7.5000   37.5000  -45.0000 1998.5193   19.2858
   -7.5000   45.0000  -45.0000 1988.8386   19.7100
    0.0000   45.0000  -45.0000 1973.6233   19.8771
    7.5000   45.0000  -45.0000 1939.7017   20.4398
   -7.5000  -45.0000  -37.5000 1534.4756   33.4406
    0.0000  -45.0000  -37.5000 1527.7750   34.1757
    7.5000  -45.0000  -37.5000 1499.8789   35.1910
   -7.5000  -37.5000  -37.5000 1673.6351   28.6097
    0.0000  -37.5000  -37.5000 1658.9945   29.0615
    7.5000  -37.5000  -37.5000 1631.8009   29.8786
   -7.5000  -30.0000  -37.5000 1811.6410   24.9985
    0.0000  -30.0000  -37.5000 1791.3186   25.2918
    7.5000  -30.0000  -37.5000 1763.6976   26.0032
   -7.5000  -22.5000  -37.5000 1932.5258   22.2791
    0.0000  -22.5000  -37.5000 1914.4785   22.5375
    7.5000  -22.5000  -37.5000 1885.0959   23.0320
   -7.5000  -15.0000  -37.5000 2028.0143   20.2076
    0.0000  -15.0000  -37.5000 2014.7507   20.4074
    7.5000  -15.0000  -37.5000 1986.3900   20.7938
   -7.5000   -7.5000  -37.5000 2111.4136   18.5508
    0.0000   -7.5000  -37.5000 2097.7405   18.7342
    7.5000   -7.5000  -37.5000 2068.6646   19.0990
   -7.5000    0.0000  -37.5000 2170.9910   17.3253
    0.0000    0.0000  -37.5000 2154.4270   17.4595
    7.5000    0.0000  -37.5000 2124.8931   17.8206
   -7.5000    7.5000  -37.5000 2198.7859   16.4767
    0.0000    7.5000  -37.5000 2185.7932   16.6032
    7.5000    7.5000  -37.5000 2152.2534   16.9951
   -7.5000   15.0000  -37.5000 2215.6377   16.0385
    0.0000   15.0000  -37.5000 2198.8462   16.1770
    7.5000   15.0000  -37.5000 2168.7361   16.5884
   -7.5000   22.5000  -37.5000 2214.3027   15.9921
    0.0000   22.5000  -37.5000 2194.6055   16.1148
    7.5000   22.5000  -37.5000 2166.9729   16.5351
   -7.5000   30.0000  -37.5000 2188.7227   16.3182
    0.0000   30.0000  -37.5000 2171.9849   16.4276
    7.5000   30.0000  -37.5000 2139.2327   16.8451
   -7.5000   37.5000  -37.5000 2149.2009   16.9018
    0.0000   37.5000  -37.5000 2133.8999   17.0202
    7.5000   37.5000  -37.5000 2099.7681   17.4695
   -7.5000   45.0000  -37.5000 2091.2861   17.8560
    0.0000   45.0000  -37.5000 2073.5562   17.9670
    7.5000   45.0000  -37.5000 2039.2531   18.4536
   -7.5000  -45.0000  -30.0000 1636.4165   31.7222
    0.0000  -45.0000  -30.0000 1618.7281   32.3216
    7.5000  -45.0000  -30.0000 1592.7080   33.2147
   -7.5000  -37.5000  -30.0000 1781.3049   27.1261
    0.0000  -37.5000  -30.0000 1762.4940   27.5389
    7.5000  -37.5000  -30.0000 1732.9767   28.2976
   -7.5000  -30.0000  -30.0000 1925.6705   23.7592
    0.0000  -30.0000  -30.0000 1907.6237   24.0749
    7.5000  -30.0000  -30.0000 1870.8438   24.6476
   -7.5000  -22.5000  -30.0000 2056.4543   21.1885
    0.0000  -22.5000  -30.0000 2040.4263   21.4277
    7.5000  -22.5000  -30.0000 2004.2533   21.8625
   -7.5000  -15.0000  -30.0000 2159.3208   19.1687
    0.0000  -15.0000  -30.0000 2147.7366   19.3550
    7.5000  -15.0000  -30.0000 2114.9797   19.7512
   -7.5000   -7.5000  -30.0000 2244.8760   17.5811
    0.0000   -7.5000  -30.0000 2235.3235   17.7465
    7.5000   -7.5000  -30.0000 2204.9458   18.0863
   -7.5000    0.0000  -30.0000 2306.7935   16.4052
    0.0000    0.0000  -30.0000 2296.4873   16.5149
    7.5000    0.0000  -30.0000 2268.0759   16.8311
   -7.5000    7.5000  -30.0000 2349.2285   15.6130
    0.0000    7.5000  -30.0000 2335.2908   15.7307
    7.5000    7.5000  -30.0000 2301.2795   16.0630
   -7.5000   15.0000  -30.0000 2365.6177   15.2022
    0.0000   15.0000  -30.0000 2348.7878   15.3144
    7.5000   15.0000  -30.0000 2316.6123   15.7020
   -7.5000   22.5000  -30.0000 2364.4150   15.1220
    0.0000   22.5000  -30.0000 2345.5020   15.2189
    7.5000   22.5000  -30.0000 2311.9304   15.5965
   -7.5000   30.0000  -30.0000 2341.8042   15.3760
    0.0000   30.0000  -30.0000 2323.4480   15.4492
    7.5000   30.0000  -30.0000 2284.9707   15.8349
   -7.5000   37.5000  -30.0000 2298.5708   15.9168
    0.0000   37.5000  -30.0000 2282.4946   16.0019
    7.5000   37.5000  -30.0000 2246.6343   16.4273
   -7.5000   45.0000  -30.0000 2236.0154   16.8592
    0.0000   45.0000  -30.0000 2219.9216   16.9364
    7.5000   45.0000  -30.0000 2183.5830   17.4084
   -7.5000  -45.0000  -22.5000 1710.7435   29.9263
    0.0000  -45.0000  -22.5000 1696.8625   30.4397
    7.5000  -45.0000  -22.5000 1670.3145   31.2703
   -7.5000  -37.5000  -22.5000 1862.9934   25.6581
    0.0000  -37.5000  -22.5000 1847.9270   25.9829
    7.5000  -37.5000  -22.5000 1819.2756   26.6258
   -7.5000  -30.0000  -22.5000 2017.3197   22.4112
    0.0000  -30.0000  -22.5000 1999.6732   22.6800
    7.5000  -30.0000  -22.5000 1969.4762   23.2156
   -7.5000  -22.5000  -22.5000 2155.1682   19.9364
    0.0000  -22.5000  -22.5000 2142.2361   20.1828
    7.5000  -22.5000  -22.5000 2109.7910   20.6238
   -7.5000  -15.0000  -22.5000 2266.7583   18.0202
    0.0000  -15.0000  -22.5000 2254.2078   18.2487
    7.5000  -15.0000  -22.5000 2218.5918   18.6052
   -7.5000   -7.5000  -22.5000 2361.4604   16.5089
    0.0000   -7.5000  -22.5000 2347.6328   16.6836
    7.5000   -7.5000  -22.5000 2313.6340   16.9941
   -7.5000    0.0000  -22.5000 2427.6694   15.3991
    0.0000    0.0000  -22.5000 2414.1189   15.5296
    7.5000    0.0000  -22.5000 2379.8203   15.8274
   -7.5000    7.5000  -22.5000 2474.8977   14.6387
    0.0000    7.5000  -22.5000 2459.4529   14.7352
    7.5000    7.5000  -22.5000 2419.7419   15.0418
   -7.5000   15.0000  -22.5000 2502.7554   14.2482
    0.0000   15.0000  -22.5000 2485.5852   14.3352
    7.5000   15.0000  -22.5000 2445.8538   14.6584
   -7.5000   22.5000  -22.5000 2505.1938   14.1749
    0.0000   22.5000  -22.5000 2485.6702   14.2675
    7.5000   22.5000  -22.5000 2446.6614   14.5926
   -7.5000   30.0000  -22.5000 2485.4551   14.3964
    0.0000   30.0000  -22.5000 2467.2720   14.4808
    7.5000   30.0000  -22.5000 2426.1277   14.8136
   -7.5000   37.5000  -22.5000 2439.1699   14.9100
    0.0000   37.5000  -22.5000 2423.4075   15.0048
    7.5000   37.5000  -22.5000 2382.8972   15.3455
   -7.5000   45.0000  -22.5000 2365.9917   15.7984
    0.0000   45.0000  -22.5000 2352.5684   15.8671
    7.5000   45.0000  -22.5000 2309.3884   16.2505
   -7.5000  -45.0000  -15.0000 1763.8234   28.3510
    0.0000  -45.0000  -15.0000 1747.8157   28.7522
    7.5000  -45.0000  -15.0000 1722.1095   29.5517
   -7.5000  -37.5000  -15.0000 1925.3271   24.2598
    0.0000  -37.5000  -15.0000 1910.4784   24.5580
    7.5000  -37.5000  -15.0000 1881.4137   25.2170
   -7.5000  -30.0000  -15.0000 2081.7292   21.2244
    0.0000  -30.0000  -15.0000 2071.5657   21.4446
    7.5000  -30.0000  -15.0000 2035.1064   21.9733
   -7.5000  -22.5000  -15.0000 2226.0908   18.8711
    0.0000  -22.5000  -15.0000 2217.2363   19.0646
    7.5000  -22.5000  -15.0000 2176.2034   19.5080
   -7.5000  -15.0000  -15.0000 2346.1719   16.9753
    0.0000  -15.0000  -15.0000 2333.2200   17.1926
    7.5000  -15.0000  -15.0000 2292.7649   17.5473
   -7.5000   -7.5000  -15.0000 2449.6316   15.5254
    0.0000   -7.5000  -15.0000 2433.9585   15.7002
    7.5000   -7.5000  -15.0000 2396.1589   16.0063
   -7.5000    0.0000  -15.0000 2526.7827   14.4531
    0.0000    0.0000  -15.0000 2508.8901   14.5830
    7.5000    0.0000  -15.0000 2467.7429   14.8514
   -7.5000    7.5000  -15.0000 2577.8367   13.7062
    0.0000    7.5000  -15.0000 2560.7371   13.8100
    7.5000    7.5000  -15.0000 2518.5190   14.0967
   -7.5000   15.0000  -15.0000 2616.5422   13.3404
    0.0000   15.0000  -15.0000 2599.7170   13.4183
    7.5000   15.0000  -15.0000 2555.6172   13.6953
   -7.5000   22.5000  -15.0000 2630.0576   13.2776
    0.0000   22.5000  -15.0000 2614.1018   13.3544
    7.5000   22.5000  -15.0000 2568.6887   13.6297
   -7.5000   30.0000  -15.0000 2610.2783   13.5000
    0.0000   30.0000  -15.0000 2596.9460   13.5800
    7.5000   30.0000  -15.0000 2549.0098   13.8370
   -7.5000   37.5000  -15.0000 2561.9717   13.9974
    0.0000   37.5000  -15.0000 2547.7400   14.0769
    7.5000   37.5000  -15.0000 2498.0005   14.3732
   -7.5000   45.0000  -15.0000 2476.4897   14.8414
    0.0000   45.0000  -15.0000 2464.6445   14.9218
    7.5000   45.0000  -15.0000 2416.7991   15.2607
   -7.5000  -45.0000   -7.5000 1802.9406   27.1427
    0.0000  -45.0000   -7.5000 1786.1777   27.4399
    7.5000  -45.0000   -7.5000 1758.8547   28.2316
   -7.5000  -37.5000   -7.5000 1968.2102   23.1389
    0.0000  -37.5000   -7.5000 1957.8826   23.4003
    7.5000  -37.5000   -7.5000 1922.4767   24.0424
   -7.5000  -30.0000   -7.5000 2128.9404   20.1620
    0.0000  -30.0000   -7.5000 2123.6318   20.3824
    7.5000  -30.0000   -7.5000 2081.8159   20.8969
   -7.5000  -22.5000   -7.5000 2274.9421   17.8683
    0.0000  -22.5000   -7.5000 2270.7324   18.0710
    7.5000  -22.5000   -7.5000 2229.7661   18.5172
   -7.5000  -15.0000   -7.5000 2404.2766   16.0722
    0.0000  -15.0000   -7.5000 2392.3918   16.2681
    7.5000  -15.0000   -7.5000 2353.8752   16.6324
   -7.5000   -7.5000   -7.5000 2516.8477   14.6639
    0.0000   -7.5000   -7.5000 2500.3965   14.8238
    7.5000   -7.5000   -7.5000 2460.4060   15.1242
   -7.5000    0.0000   -7.5000 2606.5073   13.5796
    0.0000    0.0000   -7.5000 2588.1208   13.7113
    7.5000    0.0000   -7.5000 2543.6838   13.9963
   -7.5000    7.5000   -7.5000 2670.0991   12.8804
    0.0000    7.5000   -7.5000 2653.3926   12.9870
    7.5000    7.5000   -7.5000 2610.4607   13.2429
   -7.5000   15.0000   -7.5000 2718.1829   12.5184
    0.0000   15.0000   -7.5000 2701.5664   12.6098
    7.5000   15.0000   -7.5000 2655.1011   12.8488
   -7.5000   22.5000   -7.5000 2739.5969   12.4707
    0.0000   22.5000   -7.5000 2723.9902   12.5331
    7.5000   22.5000   -7.5000 2677.0945   12.7802
   -7.5000   30.0000   -7.5000 2718.7688   12.6915
    0.0000   30.0000   -7.5000 2706.4451   12.7722
    7.5000   30.0000   -7.5000 2654.2300   13.0210
   -7.5000   37.5000   -7.5000 2662.4023   13.1718
    0.0000   37.5000   -7.5000 2651.2241   13.2672
    7.5000   37.5000   -7.5000 2597.6499   13.5752
   -7.5000   45.0000   -7.5000 2566.2759   13.9962
    0.0000   45.0000   -7.5000 2557.1726   14.0946
    7.5000   45.0000   -7.5000 2506.4644   14.4324
   -7.5000  -45.0000    0.0000 1826.8416   26.3754
    0.0000  -45.0000    0.0000 1811.8512   26.6159
    7.5000  -45.0000    0.0000 1780.6770   27.4067
   -7.5000  -37.5000    0.0000 1996.5681   22.4245
    0.0000  -37.5000    0.0000 1986.7200   22.6322
    7.5000  -37.5000    0.0000 1948.9252   23.2875
   -7.5000  -30.0000    0.0000 2162.0830   19.4169
    0.0000  -30.0000    0.0000 2153.7024   19.6118
    7.5000  -30.0000    0.0000 2117.7251   20.1609
   -7.5000  -22.5000    0.0000 2314.4253   17.1669
    0.0000  -22.5000    0.0000 2303.6321   17.2825
    7.5000  -22.5000    0.0000 2270.3362   17.7775
   -7.5000  -15.0000    0.0000 2448.6741   15.3883
    0.0000  -15.0000    0.0000 2433.5127   15.5172
    7.5000  -15.0000    0.0000 2397.1472   15.9105
   -7.5000   -7.5000    0.0000 2569.7190   13.9816
    0.0000   -7.5000    0.0000 2551.8037   14.1295
    7.5000   -7.5000    0.0000 2508.4204   14.4668
   -7.5000    0.0000    0.0000 2675.0549   12.9222
    0.0000    0.0000    0.0000 2656.5688   13.0526
    7.5000    0.0000    0.0000 2604.0632   13.3697
   -7.5000    7.5000    0.0000 2758.6284   12.2088
    0.0000    7.5000    0.0000 2740.6479   12.3296
    7.5000    7.5000    0.0000 2688.2708   12.6105
   -7.5000   15.0000    0.0000 2816.1189   11.8643
    0.0000   15.0000    0.0000 2800.9478   11.9665
    7.5000   15.0000    0.0000 2747.2795   12.2347
   -7.5000   22.5000    0.0000 2838.6897   11.8320
    0.0000   22.5000    0.0000 2827.2925   11.9051
    7.5000   22.5000    0.0000 2766.9692   12.1788
   -7.5000   30.0000    0.0000 2809.5647   12.0953
    0.0000   30.0000    0.0000 2799.9502   12.1700
    7.5000   30.0000    0.0000 2744.6685   12.4489
   -7.5000   37.5000    0.0000 2740.3018   12.6000
    0.0000   37.5000    0.0000 2734.6089   12.7061
    7.5000   37.5000    0.0000 2678.6682   12.9950
   -7.5000   45.0000    0.0000 2636.8201   13.4193
    0.0000   45.0000    0.0000 2631.6338   13.4984
    7.5000   45.0000    0.0000 2580.8274   13.8127
   -7.5000  -45.0000    7.5000 1838.7684   25.9646
    0.0000  -45.0000    7.5000 1828.0919   26.2876
    7.5000  -45.0000    7.5000 1796.3904   27.0318
   -7.5000  -37.5000    7.5000 2008.3308   22.0178
    0.0000  -37.5000    7.5000 2001.5239   22.2407
    7.5000  -37.5000    7.5000 1966.8356   22.8853
   -7.5000  -30.0000    7.5000 2174.9106   19.0054
    0.0000  -30.0000    7.5000 2166.5134   19.1236
    7.5000  -30.0000    7.5000 2133.3894   19.7095
   -7.5000  -22.5000    7.5000 2334.5957   16.7153
    0.0000  -22.5000    7.5000 2322.0066   16.7709
    7.5000  -22.5000    7.5000 2286.8894   17.3194
   -7.5000  -15.0000    7.5000 2473.5901   14.9492
    0.0000  -15.0000    7.5000 2457.0264   14.9969
    7.5000  -15.0000    7.5000 2418.4070   15.4876
   -7.5000   -7.5000    7.5000 2599.6858   13.5681
    0.0000   -7.5000    7.5000 2583.3669   13.6209
    7.5000   -7.5000    7.5000 2536.5718   14.0661
   -7.5000    0.0000    7.5000 2717.2966   12.5024
    0.0000    0.0000    7.5000 2699.3701   12.5719
    7.5000    0.0000    7.5000 2642.4424   12.9579
   -7.5000    7.5000    7.5000 2816.7224   11.7335
    0.0000    7.5000    7.5000 2800.9924   11.8421
    7.5000    7.5000    7.5000 2741.8870   12.1908
   -7.5000   15.0000    7.5000 2892.6145   11.3191
    0.0000   15.0000    7.5000 2877.7317   11.4353
    7.5000   15.0000    7.5000 2814.6475   11.7840
   -7.5000   22.5000    7.5000 2915.4316   11.3726
    0.0000   22.5000    7.5000 2909.9399   11.4418
    7.5000   22.5000    7.5000 2842.0376   11.7983
   -7.5000   30.0000    7.5000 2880.0696   11.6951
    0.0000   30.0000    7.5000 2876.9390   11.7945
    7.5000   30.0000    7.5000 2812.4053   12.0794
   -7.5000   37.5000    7.5000 2797.3887   12.2311
    0.0000   37.5000    7.5000 2790.1802   12.3458
    7.5000   37.5000    7.5000 2734.6738   12.6377
   -7.5000   45.0000    7.5000 2684.2449   13.0269
    0.0000   45.0000    7.5000 2676.2612   13.1248
    7.5000   45.0000    7.5000 2625.2644   13.4281
   -7.5000  -45.0000   15.0000 1836.4921   25.9663
    0.0000  -45.0000   15.0000 1826.4076   26.1393
    7.5000  -45.0000   15.0000 1797.4558   26.9820
   -7.5000  -37.5000   15.0000 2002.7578   21.8731
    0.0000  -37.5000   15.0000 2000.9073   22.0816
    7.5000  -37.5000   15.0000 1967.8578   22.7116
   -7.5000  -30.0000   15.0000 2168.0242   18.8479
    0.0000  -30.0000   15.0000 2163.8555   18.9692
    7.5000  -30.0000   15.0000 2130.7031   19.5425
   -7.5000  -22.5000   15.0000 2333.8691   16.5509
    0.0000  -22.5000   15.0000 2323.9277   16.6046
    7.5000  -22.5000   15.0000 2287.4556   17.1207
   -7.5000  -15.0000   15.0000 2474.2705   14.7854
    0.0000  -15.0000   15.0000 2461.9309   14.8005
    7.5000  -15.0000   15.0000 2421.8831   15.2993
   -7.5000   -7.5000   15.0000 2605.5742   13.4043
    0.0000   -7.5000   15.0000 2592.7292   13.4225
    7.5000   -7.5000   15.0000 2545.6055   13.8769
   -7.5000    0.0000   15.0000 2733.7761   12.3551
    0.0000    0.0000   15.0000 2717.9526   12.3812
    7.5000    0.0000   15.0000 2662.6199   12.8042
   -7.5000    7.5000   15.0000 2847.0278   11.5737
    0.0000    7.5000   15.0000 2831.9504   11.6428
    7.5000    7.5000   15.0000 2767.6035   12.0517
   -7.5000   15.0000   15.0000 2932.5884   11.1044
    0.0000   15.0000   15.0000 2916.7668   11.2249
    7.5000   15.0000   15.0000 2849.1465   11.6640
   -7.5000   22.5000   15.0000 2952.4629   11.1730
    0.0000   22.5000   15.0000 2954.5750   11.2951
    7.5000   22.5000   15.0000 2879.6311   11.6581
   -7.5000   30.0000   15.0000 2911.9529   11.5361
    0.0000   30.0000   15.0000 2911.3538   11.6815
    7.5000   30.0000   15.0000 2844.6870   11.9664
   -7.5000   37.5000   15.0000 2821.8315   12.0883
    0.0000   37.5000   15.0000 2815.0417   12.2183
    7.5000   37.5000   15.0000 2761.7864   12.4825
   -7.5000   45.0000   15.0000 2700.9453   12.8496
    0.0000   45.0000   15.0000 2692.7695   12.9630
    7.5000   45.0000   15.0000 2646.8074   13.2572
   -7.5000  -45.0000   22.5000 1819.5662   26.5156
    0.0000  -45.0000   22.5000 1812.9207   26.6480
    7.5000  -45.0000   22.5000 1779.4988   27.4281
   -7.5000  -37.5000   22.5000 1989.4520   22.2844
    0.0000  -37.5000   22.5000 1989.9376   22.3417
    7.5000  -37.5000   22.5000 1956.5634   22.9848
   -7.5000  -30.0000   22.5000 2155.4392   19.1400
    0.0000  -30.0000   22.5000 2155.5632   19.1391
    7.5000  -30.0000   22.5000 2124.4653   19.7202
   -7.5000  -22.5000   22.5000 2317.1001   16.7477
    0.0000  -22.5000   22.5000 2310.6294   16.7579
    7.5000  -22.5000   22.5000 2277.4065   17.2831
   -7.5000  -15.0000   22.5000 2457.4651   14.9213
    0.0000  -15.0000   22.5000 2448.5359   14.9467
    7.5000  -15.0000   22.5000 2411.8066   15.4113
   -7.5000   -7.5000   22.5000 2593.0593   13.5084
    0.0000   -7.5000   22.5000 2582.3679   13.5232
    7.5000   -7.5000   22.5000 2536.7571   13.9811
   -7.5000    0.0000   22.5000 2718.4412   12.4529
    0.0000    0.0000   22.5000 2703.8086   12.4553
    7.5000    0.0000   22.5000 2655.7341   12.8960
   -7.5000    7.5000   22.5000 2833.0691   11.7162
    0.0000    7.5000   22.5000 2820.0063   11.7006
    7.5000    7.5000   22.5000 2762.2996   12.1718
   -7.5000   15.0000   22.5000 2918.0803   11.2395
    0.0000   15.0000   22.5000 2902.9062   11.3188
    7.5000   15.0000   22.5000 2841.1892   11.7895
   -7.5000   22.5000   22.5000 2949.4797   11.2502
    0.0000   22.5000   22.5000 2935.9878   11.3761
    7.5000   22.5000   22.5000 2871.0750   11.7659
   -7.5000   30.0000   22.5000 2906.2607   11.6310
    0.0000   30.0000   22.5000 2897.9375   11.7266
    7.5000   30.0000   22.5000 2837.5193   12.0349
   -7.5000   37.5000   22.5000 2814.2747   12.1870
    0.0000   37.5000   22.5000 2808.0034   12.2581
    7.5000   37.5000   22.5000 2758.2913   12.5252
   -7.5000   45.0000   22.5000 2692.6970   12.9139
    0.0000   45.0000   22.5000 2685.5857   12.9896
    7.5000   45.0000   22.5000 2641.7354   13.2716
   -7.5000  -45.0000   30.0000 1789.7755   27.4042
    0.0000  -45.0000   30.0000 1778.5905   27.4692
    7.5000  -45.0000   30.0000 1752.1604   28.1800
   -7.5000  -37.5000   30.0000 1956.6053   22.9385
    0.0000  -37.5000   30.0000 1956.5740   23.0021
    7.5000  -37.5000   30.0000 1926.9580   23.5647
   -7.5000  -30.0000   30.0000 2125.9814   19.6869
    0.0000  -30.0000   30.0000 2128.7126   19.7516
    7.5000  -30.0000   30.0000 2098.7217   20.2531
   -7.5000  -22.5000   30.0000 2288.3386   17.2453
    0.0000  -22.5000   30.0000 2286.2056   17.2811
    7.5000  -22.5000   30.0000 2254.3003   17.7644
   -7.5000  -15.0000   30.0000 2423.9722   15.3273
    0.0000  -15.0000   30.0000 2421.6626   15.3683
    7.5000  -15.0000   30.0000 2387.6299   15.8324
   -7.5000   -7.5000   30.0000 2554.8765   13.8660
    0.0000   -7.5000   30.0000 2545.9482   13.9048
    7.5000   -7.5000   30.0000 2510.0486   14.3373
   -7.5000    0.0000   30.0000 2681.8162   12.8387
    0.0000    0.0000   30.0000 2665.5974   12.8085
    7.5000    0.0000   30.0000 2629.2268   13.2497
   -7.5000    7.5000   30.0000 2784.0435   12.1424
    0.0000    7.5000   30.0000 2772.0071   12.0869
    7.5000    7.5000   30.0000 2724.9119   12.5288
   -7.5000   15.0000   30.0000 2861.2454   11.7757
    0.0000   15.0000   30.0000 2842.9619   11.7463
    7.5000   15.0000   30.0000 2797.0312   12.1445
   -7.5000   22.5000   30.0000 2887.6851   11.7014
    0.0000   22.5000   30.0000 2871.2034   11.7174
    7.5000   22.5000   30.0000 2817.4529   12.0802
   -7.5000   30.0000   30.0000 2850.1575   11.9228
    0.0000   30.0000   30.0000 2842.3293   11.9667
    7.5000   30.0000   30.0000 2788.7917   12.2698
   -7.5000   37.5000   30.0000 2768.2637   12.4096
    0.0000   37.5000   30.0000 2763.7449   12.4599
    7.5000   37.5000   30.0000 2719.7227   12.7256
   -7.5000   45.0000   30.0000 2652.8127   13.1277
    0.0000   45.0000   30.0000 2651.2261   13.2009
    7.5000   45.0000   30.0000 2611.9084   13.4634
   -7.5000  -45.0000   37.5000 1752.6434   28.8032
    0.0000  -45.0000   37.5000 1742.4227   28.9134
    7.5000  -45.0000   37.5000 1719.9609   29.5887
   -7.5000  -37.5000   37.5000 1918.9906   23.9750
    0.0000  -37.5000   37.5000 1916.4885   24.0933
    7.5000  -37.5000   37.5000 1893.2238   24.7248
   -7.5000  -30.0000   37.5000 2089.2712   20.4986
    0.0000  -30.0000   37.5000 2090.5605   20.5898
    7.5000  -30.0000   37.5000 2066.1809   21.1061
   -7.5000  -22.5000   37.5000 2250.7031   17.9556
    0.0000  -22.5000   37.5000 2248.9314   18.0213
    7.5000  -22.5000   37.5000 2223.4812   18.4683
   -7.5000  -15.0000   37.5000 2384.8330   16.0048
    0.0000  -15.0000   37.5000 2382.4409   16.0956
    7.5000  -15.0000   37.5000 2349.4902   16.4691
   -7.5000   -7.5000   37.5000 2509.4438   14.5643
    0.0000   -7.5000   37.5000 2501.6755   14.6124
    7.5000   -7.5000   37.5000 2468.2869   14.9541
   -7.5000    0.0000   37.5000 2622.2031   13.5291
    0.0000    0.0000   37.5000 2615.7825   13.5709
    7.5000    0.0000   37.5000 2577.3938   13.8869
   -7.5000    7.5000   37.5000 2711.6362   12.8340
    0.0000    7.5000   37.5000 2709.0261   12.8617
    7.5000    7.5000   37.5000 2666.4214   13.1894
   -7.5000   15.0000   37.5000 2772.7869   12.4080
    0.0000   15.0000   37.5000 2767.1577   12.4481
    7.5000   15.0000   37.5000 2726.5215   12.7559
   -7.5000   22.5000   37.5000 2791.7720   12.2784
    0.0000   22.5000   37.5000 2785.2551   12.3155
    7.5000   22.5000   37.5000 2744.2393   12.6146
   -7.5000   30.0000   37.5000 2759.1545   12.4311
    0.0000   30.0000   37.5000 2757.8477   12.4654
    7.5000   30.0000   37.5000 2715.1870   12.7357
   -7.5000   37.5000   37.5000 2691.0962   12.8597
    0.0000   37.5000   37.5000 2689.9722   12.8759
    7.5000   37.5000   37.5000 2649.7939   13.1348
   -7.5000   45.0000   37.5000 2589.9824   13.5403
    0.0000   45.0000   37.5000 2586.5591   13.5662
    7.5000   45.0000   37.5000 2551.1692   13.8254
   -7.5000  -45.0000   45.0000 1711.3905   30.3138
    0.0000  -45.0000   45.0000 1702.0488   30.5941
    7.5000  -45.0000   45.0000 1682.3954   31.2827
   -7.5000  -37.5000   45.0000 1876.9600   25.2660
    0.0000  -37.5000   45.0000 1877.6201   25.5189
    7.5000  -37.5000   45.0000 1856.8434   26.0443
   -7.5000  -30.0000   45.0000 2043.3198   21.6502
    0.0000  -30.0000   45.0000 2044.5820   21.8774
    7.5000  -30.0000   45.0000 2018.4368   22.3422
   -7.5000  -22.5000   45.0000 2194.6572   18.9945
    0.0000  -22.5000   45.0000 2198.1819   19.2026
    7.5000  -22.5000   45.0000 2169.1538   19.5939
   -7.5000  -15.0000   45.0000 2324.0706   16.9953
    0.0000  -15.0000   45.0000 2329.2842   17.1356
    7.5000  -15.0000   45.0000 2296.7764   17.5073
   -7.5000   -7.5000   45.0000 2445.8054   15.5059
    0.0000   -7.5000   45.0000 2444.5916   15.6239
    7.5000   -7.5000   45.0000 2408.8262   15.9562
   -7.5000    0.0000   45.0000 2547.4736   14.4280
    0.0000    0.0000   45.0000 2546.5034   14.5093
    7.5000    0.0000   45.0000 2509.4451   14.8537
   -7.5000    7.5000   45.0000 2627.2021   13.6839
    0.0000    7.5000   45.0000 2629.2903   13.7552
    7.5000    7.5000   45.0000 2592.7646   14.0928
   -7.5000   15.0000   45.0000 2682.3682   13.2417
    0.0000   15.0000   45.0000 2679.9272   13.2956
    7.5000   15.0000   45.0000 2645.3640   13.6241
   -7.5000   22.5000   45.0000 2694.3540   13.0757
    0.0000   22.5000   45.0000 2691.5012   13.1207
    7.5000   22.5000   45.0000 2659.1423   13.4167
   -7.5000   30.0000   45.0000 2661.9526   13.1770
    0.0000   30.0000   45.0000 2664.9229   13.2067
    7.5000   30.0000   45.0000 2631.2905   13.4577
   -7.5000   37.5000   45.0000 2599.8508   13.5333
    0.0000   37.5000   45.0000 2601.0012   13.5644
    7.5000   37.5000   45.0000 2567.1846   13.7866
   -7.5000   45.0000   45.0000 2508.6890   14.1760
    0.0000   45.0000   45.0000 2506.2834   14.1827
    7.5000   45.0000   45.0000 2474.2864   14.3961

---------------------------------------------------------------------
imgreg_4dfp /opt/freesurfer/average/711-2C_as_mni_average_305 /opt/freesurfer/average/711-2B_as_mni_average_305_mask talsrcimg_g11 none talsrcimg_to_711-2C_as_mni_average_305_t4 1283
---------------------------------------------------------------------

freesurfer imgreg_4dfp.c
/opt/freesurfer/average/711-2C_as_mni_average_305.4dfp.img
       256       256       256         1
  1.000000  1.000000  1.000000
orientation T byte_order littleendian
Reading image: /opt/freesurfer/average/711-2C_as_mni_average_305.4dfp.img
dimensions:      256       256       256
mmppix:       1.0000   -1.0000   -1.0000
center:     128.0000 -129.0000 -129.0000
/opt/freesurfer/average/711-2B_as_mni_average_305_mask.4dfp.img
       256       256       256         1
  1.000000  1.000000  1.000000
orientation T byte_order littleendian
Reading mask: /opt/freesurfer/average/711-2B_as_mni_average_305_mask.4dfp.img (2306576 pixels)
talsrcimg_g11.4dfp.img
       256       256       256         1
  1.000000  1.000000  1.000000
orientation T byte_order littleendian
Reading image: talsrcimg_g11.4dfp.img
dimensions:      256       256       256
mmppix:       1.0000   -1.0000   -1.0000
center:     128.0000 -129.0000 -129.0000
rotation matrix determinant  1.000000
fimgreg.f
image alignment mode   1283 decimal      503 hex
parameters
    0.0000   22.5000   15.0000    0.0000    0.0000    0.0000
eta,q 0.92783 11.25322
niter,ni,del,rscale     5    3   12.0000    1.2000
parameter  1  0.716590 ->  0.500000 qaram    1.1500
parameter  6 -2.127745 -> -0.500000 qaram    1.1500
parameters
   -3.4500   21.8800   16.3862   -2.9743   -2.7221    3.4500
eta,q 0.93949 10.93219
  0.0678  0.0727  0.0801  0.0658  0.0661  0.0727
  0.0666  0.0693  0.0739  0.0655  0.0647  0.0704
  0.0680  0.0672  0.0684  0.0655  0.0646  0.0676
  0.0710  0.0665  0.0667  0.0659  0.0655  0.0645
  0.0749  0.0673  0.0662  0.0670  0.0672  0.0618
  0.0805  0.0710  0.0675  0.0691  0.0692  0.0602
  0.0881  0.0769  0.0716  0.0719  0.0716  0.0596
niter,ni,del,rscale     6    3   12.0000    1.2000
parameter  6 -0.616924 -> -0.500000 qaram    1.3225
parameters
   -3.6531   22.4998   16.2052   -3.2986   -2.2501    7.4175
eta,q 0.94068 10.97729
  0.0746  0.0722  0.0689  0.0632  0.0668  0.0696
  0.0672  0.0668  0.0641  0.0614  0.0643  0.0661
  0.0626  0.0628  0.0619  0.0607  0.0618  0.0627
  0.0605  0.0605  0.0603  0.0604  0.0604  0.0603
  0.0634  0.0608  0.0615  0.0609  0.0608  0.0595
  0.0690  0.0638  0.0652  0.0618  0.0628  0.0593
  0.0757  0.0686  0.0699  0.0639  0.0654  0.0595
niter,ni,del,rscale     6    3   12.0000    1.2000
parameters
   -3.7133   22.5203   16.1795   -3.4232   -2.4015    7.7224
eta,q 0.94066 10.97810
  0.0751  0.0684  0.0702  0.0613  0.0656  0.0652
  0.0674  0.0632  0.0654  0.0597  0.0628  0.0615
  0.0622  0.0602  0.0621  0.0592  0.0604  0.0597
  0.0593  0.0593  0.0593  0.0594  0.0593  0.0593
  0.0619  0.0597  0.0606  0.0593  0.0605  0.0595
  0.0678  0.0624  0.0652  0.0596  0.0632  0.0608
  0.0758  0.0689  0.0711  0.0616  0.0664  0.0644
niter,ni,del,rscale     5    3   12.0000    1.2000
parameters
   -3.6805   22.5278   16.1741   -3.3857   -2.4709    7.7025
eta,q 0.94066 10.97791
  0.0755  0.0684  0.0703  0.0614  0.0658  0.0646
  0.0678  0.0631  0.0655  0.0597  0.0629  0.0612
  0.0624  0.0601  0.0622  0.0592  0.0604  0.0597
  0.0593  0.0593  0.0593  0.0593  0.0593  0.0593
  0.0616  0.0598  0.0606  0.0593  0.0604  0.0595
  0.0676  0.0624  0.0652  0.0595  0.0630  0.0611
  0.0755  0.0689  0.0711  0.0614  0.0662  0.0649
niter,ni,del,rscale     4    3   12.0000    1.2000
parameters
   -3.6630   22.5223   16.1788   -3.3920   -2.4893    7.7076
eta,q 0.94067 10.97812
  0.0754  0.0683  0.0703  0.0614  0.0659  0.0647
  0.0677  0.0631  0.0655  0.0596  0.0630  0.0612
  0.0624  0.0601  0.0622  0.0592  0.0605  0.0597
  0.0593  0.0593  0.0593  0.0593  0.0593  0.0593
  0.0616  0.0597  0.0606  0.0593  0.0603  0.0595
  0.0676  0.0624  0.0652  0.0595  0.0629  0.0610
  0.0755  0.0689  0.0710  0.0614  0.0661  0.0648
registration optimization eta report
parameter search radius
    6.9000    6.0000    6.0000    6.0000    6.0000    7.9350
100000*second partial in parameter space
       33.       27.       30.        6.       18.        9.
  0.0754  0.0683  0.0703  0.0614  0.0659  0.0647
  0.0677  0.0631  0.0655  0.0596  0.0630  0.0612
  0.0624  0.0601  0.0622  0.0592  0.0605  0.0597
  0.0593  0.0593  0.0593  0.0593  0.0593  0.0593
  0.0616  0.0597  0.0606  0.0593  0.0603  0.0595
  0.0676  0.0624  0.0652  0.0595  0.0629  0.0610
  0.0755  0.0689  0.0710  0.0614  0.0661  0.0648
   -3.6630   22.5223   16.1788   -3.3920   -2.4893    7.7076
eta,q 0.94067 10.97812

---------------------------------------------------------------------
imgreg_4dfp /opt/freesurfer/average/711-2C_as_mni_average_305 /opt/freesurfer/average/711-2B_as_mni_average_305_mask talsrcimg_g11 none talsrcimg_to_711-2C_as_mni_average_305_t4 3335
---------------------------------------------------------------------

freesurfer imgreg_4dfp.c
/opt/freesurfer/average/711-2C_as_mni_average_305.4dfp.img
       256       256       256         1
  1.000000  1.000000  1.000000
orientation T byte_order littleendian
Reading image: /opt/freesurfer/average/711-2C_as_mni_average_305.4dfp.img
dimensions:      256       256       256
mmppix:       1.0000   -1.0000   -1.0000
center:     128.0000 -129.0000 -129.0000
/opt/freesurfer/average/711-2B_as_mni_average_305_mask.4dfp.img
       256       256       256         1
  1.000000  1.000000  1.000000
orientation T byte_order littleendian
Reading mask: /opt/freesurfer/average/711-2B_as_mni_average_305_mask.4dfp.img (2306576 pixels)
talsrcimg_g11.4dfp.img
       256       256       256         1
  1.000000  1.000000  1.000000
orientation T byte_order littleendian
Reading image: talsrcimg_g11.4dfp.img
dimensions:      256       256       256
mmppix:       1.0000   -1.0000   -1.0000
center:     128.0000 -129.0000 -129.0000
fimgreg.f
image alignment mode   3335 decimal      D07 hex
parameters
   -3.6630   22.5223   16.1788   -0.9970   -1.1115   -0.2694
  -13.6429    3.5029   13.3991    6.4448   -4.3433   -5.9112
eta,q 0.93994 11.09998
niter,ni,del,rscale     5    3    5.0000    1.2000
parameter  4  1.070467 ->  0.500000 qaram    1.1500
parameter  5  1.955655 ->  0.500000 qaram    1.1500
parameter  6  2.262169 ->  0.500000 qaram    1.1500
parameter  8 -0.560822 -> -0.500000 qaram    1.1500
parameter 11 -0.519604 -> -0.500000 qaram    1.1500
parameters
   -3.2896   22.3028   16.6203   -5.1370   -5.2515   -4.4094
  -11.5175    7.6429   10.7795    5.1586   -0.2033   -3.4506
eta,q 0.95607 10.25224
  0.0630  0.0617  0.0618  0.0566  0.0498  0.0421  0.0486  0.0506  0.0453  0.0463  0.0467  0.0465
  0.0616  0.0605  0.0609  0.0572  0.0519  0.0450  0.0473  0.0486  0.0447  0.0450  0.0457  0.0453
  0.0606  0.0600  0.0603  0.0582  0.0545  0.0485  0.0464  0.0470  0.0445  0.0444  0.0449  0.0445
  0.0601  0.0600  0.0599  0.0598  0.0574  0.0526  0.0459  0.0457  0.0448  0.0445  0.0444  0.0441
  0.0600  0.0604  0.0599  0.0624  0.0609  0.0574  0.0457  0.0449  0.0455  0.0452  0.0441  0.0439
  0.0606  0.0612  0.0602  0.0657  0.0652  0.0631  0.0460  0.0448  0.0466  0.0464  0.0441  0.0441
  0.0617  0.0622  0.0609  0.0692  0.0702  0.0690  0.0466  0.0456  0.0481  0.0483  0.0443  0.0445
niter,ni,del,rscale     7    3    5.0000    1.2000
parameter  4  0.598545 ->  0.500000 qaram    1.3225
parameter  5  1.190861 ->  0.500000 qaram    1.3225
parameter  6  1.023564 ->  0.500000 qaram    1.3225
parameters
   -3.3246   22.3074   16.9362   -9.8980  -10.0125   -9.1704
   -9.7619    6.3948   10.7031    3.1210   -1.0355   -2.3672
eta,q 0.96460  9.64544
  0.0461  0.0460  0.0455  0.0431  0.0388  0.0351  0.0383  0.0382  0.0371  0.0367  0.0362  0.0367
  0.0449  0.0449  0.0447  0.0429  0.0397  0.0356  0.0371  0.0366  0.0363  0.0358  0.0357  0.0361
  0.0442  0.0442  0.0442  0.0431  0.0410  0.0370  0.0363  0.0358  0.0358  0.0354  0.0355  0.0356
  0.0439  0.0439  0.0439  0.0439  0.0429  0.0400  0.0358  0.0357  0.0357  0.0357  0.0354  0.0354
  0.0442  0.0442  0.0440  0.0454  0.0457  0.0440  0.0358  0.0365  0.0358  0.0364  0.0356  0.0354
  0.0450  0.0449  0.0443  0.0480  0.0490  0.0487  0.0360  0.0380  0.0364  0.0377  0.0360  0.0357
  0.0462  0.0460  0.0448  0.0514  0.0530  0.0545  0.0367  0.0402  0.0371  0.0396  0.0365  0.0361
niter,ni,del,rscale     7    3    5.0000    1.2000
parameter  3  0.827834 ->  0.500000 qaram    1.1500
parameter  5  0.538077 ->  0.500000 qaram    1.5209
parameter  6  0.692403 ->  0.500000 qaram    1.5209
parameter 12  0.632169 ->  0.500000 qaram    1.1500
parameters
   -3.3986   22.0586   15.5562   -9.1739  -15.4877  -14.6456
  -10.1833    5.5812   10.3452    0.4343   -5.1203   -6.5072
eta,q 0.96859  9.27813
  0.0372  0.0368  0.0347  0.0372  0.0343  0.0318  0.0335  0.0343  0.0329  0.0325  0.0319  0.0316
  0.0362  0.0359  0.0347  0.0360  0.0339  0.0321  0.0327  0.0329  0.0324  0.0320  0.0317  0.0314
  0.0356  0.0354  0.0349  0.0352  0.0339  0.0323  0.0323  0.0322  0.0322  0.0318  0.0317  0.0315
  0.0354  0.0354  0.0354  0.0347  0.0347  0.0338  0.0322  0.0322  0.0321  0.0321  0.0318  0.0317
  0.0357  0.0358  0.0360  0.0347  0.0361  0.0369  0.0324  0.0327  0.0322  0.0327  0.0321  0.0319
  0.0364  0.0365  0.0369  0.0352  0.0383  0.0410  0.0330  0.0337  0.0326  0.0335  0.0324  0.0323
  0.0375  0.0374  0.0381  0.0368  0.0414  0.0462  0.0338  0.0352  0.0330  0.0345  0.0328  0.0326
niter,ni,del,rscale     7    3    5.0000    1.2000
parameter  3  0.612226 ->  0.500000 qaram    1.3225
parameters
   -3.0692   22.0603   13.9692   -7.8328  -15.5858  -17.6339
  -11.0951    5.9126   11.3129    3.0502   -4.8740   -5.9768
eta,q 0.96904  9.28372
  0.0339  0.0329  0.0311  0.0332  0.0341  0.0337  0.0324  0.0345  0.0325  0.0345  0.0316  0.0319
  0.0327  0.0320  0.0307  0.0320  0.0326  0.0325  0.0317  0.0327  0.0318  0.0330  0.0312  0.0313
  0.0319  0.0315  0.0308  0.0311  0.0313  0.0314  0.0312  0.0316  0.0314  0.0318  0.0310  0.0310
  0.0314  0.0314  0.0314  0.0307  0.0307  0.0307  0.0312  0.0312  0.0312  0.0312  0.0309  0.0309
  0.0314  0.0316  0.0321  0.0307  0.0310  0.0324  0.0316  0.0315  0.0312  0.0309  0.0310  0.0311
  0.0319  0.0321  0.0332  0.0310  0.0323  0.0372  0.0322  0.0325  0.0315  0.0311  0.0311  0.0313
  0.0329  0.0329  0.0346  0.0322  0.0346  0.0429  0.0332  0.0339  0.0319  0.0317  0.0314  0.0316
niter,ni,del,rscale     7    3    5.0000    1.2000
parameters
   -2.9635   22.7812   13.4734   -6.8363  -16.0708  -18.7695
  -11.5618    6.0159   12.7202    4.6549   -6.9945   -4.8688
eta,q 0.96904  9.27281
  0.0330  0.0330  0.0318  0.0330  0.0335  0.0342  0.0324  0.0339  0.0323  0.0333  0.0312  0.0318
  0.0319  0.0320  0.0312  0.0320  0.0323  0.0329  0.0317  0.0323  0.0317  0.0322  0.0310  0.0313
  0.0312  0.0313  0.0309  0.0312  0.0313  0.0318  0.0312  0.0314  0.0313  0.0315  0.0309  0.0310
  0.0310  0.0310  0.0309  0.0308  0.0308  0.0308  0.0311  0.0311  0.0311  0.0311  0.0310  0.0309
  0.0311  0.0309  0.0311  0.0308  0.0312  0.0304  0.0313  0.0314  0.0311  0.0310  0.0311  0.0310
  0.0317  0.0310  0.0317  0.0311  0.0324  0.0330  0.0319  0.0323  0.0312  0.0313  0.0313  0.0312
  0.0327  0.0314  0.0328  0.0325  0.0343  0.0382  0.0328  0.0337  0.0316  0.0319  0.0316  0.0314
niter,ni,del,rscale     6    3    5.0000    1.2000
parameters
   -2.9053   23.3872   12.9273   -7.4330  -17.8508  -19.6549
  -12.0365    6.1651   13.6026    6.9384   -7.0731   -4.2053
eta,q 0.96911  9.16831
  0.0328  0.0328  0.0317  0.0325  0.0328  0.0338  0.0322  0.0336  0.0322  0.0331  0.0314  0.0315
  0.0318  0.0319  0.0312  0.0316  0.0318  0.0326  0.0316  0.0321  0.0316  0.0322  0.0310  0.0311
  0.0312  0.0313  0.0309  0.0310  0.0311  0.0317  0.0312  0.0313  0.0312  0.0315  0.0309  0.0309
  0.0310  0.0309  0.0309  0.0308  0.0309  0.0308  0.0310  0.0310  0.0310  0.0310  0.0309  0.0309
  0.0311  0.0309  0.0311  0.0309  0.0316  0.0303  0.0313  0.0313  0.0311  0.0309  0.0309  0.0309
  0.0317  0.0311  0.0317  0.0315  0.0329  0.0324  0.0318  0.0321  0.0313  0.0310  0.0311  0.0311
  0.0326  0.0316  0.0326  0.0335  0.0348  0.0369  0.0326  0.0334  0.0317  0.0315  0.0313  0.0313
niter,ni,del,rscale     5    3    5.0000    1.2000
parameter 10 -0.532093 -> -0.500000 qaram    1.1500
parameters
   -2.7491   24.3987   11.8830   -7.8027  -20.3416  -20.7332
  -12.8280    6.2922   12.6505   11.0784   -6.0962   -4.4230
eta,q 0.96970  9.03214
  0.0327  0.0331  0.0310  0.0324  0.0322  0.0330  0.0317  0.0331  0.0314  0.0329  0.0312  0.0308
  0.0318  0.0321  0.0307  0.0314  0.0313  0.0319  0.0311  0.0317  0.0310  0.0320  0.0307  0.0305
  0.0312  0.0313  0.0306  0.0308  0.0306  0.0312  0.0308  0.0310  0.0308  0.0313  0.0304  0.0303
  0.0309  0.0309  0.0307  0.0306  0.0306  0.0305  0.0307  0.0307  0.0307  0.0307  0.0303  0.0303
  0.0310  0.0307  0.0310  0.0307  0.0314  0.0301  0.0310  0.0310  0.0309  0.0304  0.0303  0.0304
  0.0315  0.0308  0.0316  0.0313  0.0329  0.0318  0.0315  0.0317  0.0314  0.0303  0.0305  0.0305
  0.0323  0.0311  0.0324  0.0330  0.0348  0.0360  0.0322  0.0329  0.0319  0.0307  0.0308  0.0308
niter,ni,del,rscale     5    3    5.0000    1.2000
parameter  2 -0.501035 -> -0.500000 qaram    1.1500
parameters
   -2.6422   25.7787   10.7018   -7.4798  -23.0530  -22.0097
  -13.1398    5.9146   12.4001   13.4819   -6.7475   -3.3497
eta,q 0.97025  8.89810
  0.0320  0.0329  0.0302  0.0319  0.0313  0.0321  0.0310  0.0321  0.0310  0.0324  0.0304  0.0303
  0.0311  0.0317  0.0300  0.0310  0.0304  0.0310  0.0305  0.0308  0.0304  0.0314  0.0299  0.0300
  0.0305  0.0309  0.0299  0.0302  0.0299  0.0303  0.0301  0.0301  0.0301  0.0306  0.0298  0.0298
  0.0303  0.0303  0.0300  0.0299  0.0299  0.0299  0.0300  0.0300  0.0300  0.0300  0.0298  0.0298
  0.0304  0.0300  0.0303  0.0299  0.0306  0.0295  0.0302  0.0304  0.0302  0.0298  0.0299  0.0298
  0.0309  0.0300  0.0308  0.0304  0.0322  0.0312  0.0306  0.0312  0.0306  0.0300  0.0302  0.0299
  0.0317  0.0303  0.0316  0.0319  0.0343  0.0350  0.0312  0.0323  0.0311  0.0308  0.0306  0.0300
niter,ni,del,rscale     5    3    5.0000    1.2000
parameters
   -2.6989   26.5170   10.1833   -7.4236  -24.7711  -23.1754
  -12.9051    5.5654   12.7150   14.9824   -7.0244   -2.6775
eta,q 0.97035  8.81880
  0.0312  0.0322  0.0303  0.0316  0.0313  0.0318  0.0309  0.0319  0.0309  0.0320  0.0304  0.0301
  0.0304  0.0310  0.0298  0.0307  0.0304  0.0308  0.0303  0.0306  0.0303  0.0310  0.0299  0.0298
  0.0299  0.0302  0.0297  0.0300  0.0298  0.0301  0.0300  0.0299  0.0299  0.0303  0.0297  0.0297
  0.0297  0.0297  0.0297  0.0296  0.0296  0.0297  0.0298  0.0298  0.0298  0.0298  0.0297  0.0297
  0.0299  0.0297  0.0299  0.0297  0.0301  0.0295  0.0299  0.0302  0.0299  0.0297  0.0298  0.0297
  0.0304  0.0299  0.0303  0.0303  0.0313  0.0310  0.0302  0.0310  0.0302  0.0301  0.0300  0.0298
  0.0313  0.0304  0.0308  0.0318  0.0332  0.0341  0.0308  0.0321  0.0307  0.0309  0.0304  0.0299
niter,ni,del,rscale     4    3    5.0000    1.2000
parameters
   -2.8141   27.0298    9.7388   -7.3661  -25.7777  -24.0571
  -12.6998    5.2699   12.7742   15.9609   -7.0056   -1.8880
eta,q 0.97036  8.76951
  0.0310  0.0317  0.0302  0.0315  0.0315  0.0318  0.0308  0.0319  0.0308  0.0317  0.0304  0.0300
  0.0303  0.0307  0.0298  0.0306  0.0305  0.0307  0.0303  0.0305  0.0302  0.0308  0.0299  0.0298
  0.0298  0.0300  0.0296  0.0299  0.0299  0.0301  0.0299  0.0298  0.0298  0.0301  0.0297  0.0297
  0.0297  0.0297  0.0296  0.0296  0.0296  0.0296  0.0297  0.0297  0.0297  0.0297  0.0296  0.0296
  0.0298  0.0297  0.0298  0.0297  0.0299  0.0294  0.0298  0.0301  0.0298  0.0297  0.0298  0.0297
  0.0304  0.0300  0.0302  0.0302  0.0309  0.0308  0.0302  0.0309  0.0302  0.0301  0.0300  0.0298
  0.0313  0.0305  0.0307  0.0317  0.0327  0.0336  0.0307  0.0320  0.0307  0.0311  0.0303  0.0299
niter,ni,del,rscale     3    3    5.0000    1.2000
parameters
   -2.9271   27.3693    9.3397   -7.2783  -26.4154  -24.7586
  -12.4578    5.0373   12.7343   16.6207   -6.8301   -0.9891
eta,q 0.97032  8.73651
  0.0309  0.0315  0.0303  0.0315  0.0316  0.0318  0.0308  0.0319  0.0307  0.0316  0.0304  0.0300
  0.0302  0.0305  0.0299  0.0306  0.0306  0.0307  0.0302  0.0305  0.0301  0.0307  0.0299  0.0298
  0.0298  0.0299  0.0296  0.0299  0.0299  0.0301  0.0299  0.0298  0.0298  0.0301  0.0297  0.0297
  0.0296  0.0296  0.0296  0.0296  0.0296  0.0296  0.0297  0.0297  0.0297  0.0297  0.0297  0.0297
  0.0298  0.0297  0.0298  0.0297  0.0299  0.0295  0.0298  0.0301  0.0298  0.0297  0.0298  0.0297
  0.0304  0.0301  0.0302  0.0302  0.0308  0.0307  0.0301  0.0309  0.0302  0.0302  0.0300  0.0298
  0.0313  0.0307  0.0306  0.0317  0.0324  0.0332  0.0307  0.0320  0.0307  0.0312  0.0303  0.0299
niter,ni,del,rscale     2    3    5.0000    1.2000
parameters
   -3.0284   27.6074    8.9853   -7.1952  -26.8771  -25.3214
  -12.2139    4.8561   12.7203   17.0959   -6.7069    0.1309
eta,q 0.97029  8.71220
  0.0310  0.0313  0.0303  0.0315  0.0317  0.0318  0.0308  0.0319  0.0307  0.0315  0.0304  0.0300
  0.0303  0.0304  0.0299  0.0306  0.0307  0.0308  0.0303  0.0306  0.0302  0.0307  0.0299  0.0298
  0.0298  0.0299  0.0297  0.0300  0.0300  0.0301  0.0299  0.0298  0.0298  0.0300  0.0297  0.0297
  0.0297  0.0297  0.0297  0.0297  0.0297  0.0297  0.0297  0.0297  0.0297  0.0297  0.0297  0.0297
  0.0299  0.0298  0.0298  0.0297  0.0299  0.0295  0.0298  0.0301  0.0298  0.0298  0.0298  0.0297
  0.0304  0.0302  0.0302  0.0303  0.0307  0.0306  0.0302  0.0309  0.0302  0.0303  0.0300  0.0298
  0.0313  0.0308  0.0306  0.0317  0.0323  0.0330  0.0307  0.0320  0.0307  0.0313  0.0303  0.0299
niter,ni,del,rscale     1    3    5.0000    1.2000
parameters
   -3.1024   27.7870    8.6560   -7.1490  -27.2707  -25.8380
  -12.0323    4.7533   12.7667   17.4194   -6.6930    1.3564
eta,q 0.97024  8.69087
  0.0310  0.0313  0.0303  0.0315  0.0317  0.0318  0.0308  0.0320  0.0308  0.0315  0.0304  0.0301
  0.0303  0.0304  0.0299  0.0306  0.0307  0.0309  0.0303  0.0307  0.0302  0.0307  0.0300  0.0299
  0.0299  0.0299  0.0297  0.0300  0.0300  0.0302  0.0299  0.0299  0.0299  0.0300  0.0298  0.0298
  0.0297  0.0297  0.0297  0.0297  0.0297  0.0297  0.0298  0.0298  0.0298  0.0298  0.0298  0.0298
  0.0299  0.0299  0.0299  0.0298  0.0299  0.0296  0.0299  0.0302  0.0299  0.0299  0.0299  0.0298
  0.0304  0.0302  0.0302  0.0303  0.0307  0.0307  0.0302  0.0309  0.0302  0.0304  0.0301  0.0298
  0.0313  0.0309  0.0306  0.0318  0.0322  0.0329  0.0307  0.0319  0.0307  0.0313  0.0303  0.0299
registration optimization eta report
parameter search radius
    2.4000    2.7600    3.1740    9.5220   10.9503   10.9503
    7.2000    8.2800    7.2000    8.2800    8.2800    8.2800
100000*second partial in parameter space
       25.       18.        8.        2.        2.        2.
        2.        3.        2.        2.        1.        0.
  0.0310  0.0313  0.0303  0.0315  0.0317  0.0318  0.0308  0.0320  0.0308  0.0315  0.0304  0.0301
  0.0303  0.0304  0.0299  0.0306  0.0307  0.0309  0.0303  0.0307  0.0302  0.0307  0.0300  0.0299
  0.0299  0.0299  0.0297  0.0300  0.0300  0.0302  0.0299  0.0299  0.0299  0.0300  0.0298  0.0298
  0.0297  0.0297  0.0297  0.0297  0.0297  0.0297  0.0298  0.0298  0.0298  0.0298  0.0298  0.0298
  0.0299  0.0299  0.0299  0.0298  0.0299  0.0296  0.0299  0.0302  0.0299  0.0299  0.0299  0.0298
  0.0304  0.0302  0.0302  0.0303  0.0307  0.0307  0.0302  0.0309  0.0302  0.0304  0.0301  0.0298
  0.0313  0.0309  0.0306  0.0318  0.0322  0.0329  0.0307  0.0319  0.0307  0.0313  0.0303  0.0299
   -3.1024   27.7870    8.6560   -7.1490  -27.2707  -25.8380
  -12.0323    4.7533   12.7667   17.4194   -6.6930    1.3564
eta,q 0.97024  8.69087

---------------------------------------------------------------------
imgreg_4dfp /opt/freesurfer/average/711-2C_as_mni_average_305 /opt/freesurfer/average/711-2B_as_mni_average_305_mask talsrcimg_g11 none talsrcimg_to_711-2C_as_mni_average_305_t4 2311
---------------------------------------------------------------------

freesurfer imgreg_4dfp.c
/opt/freesurfer/average/711-2C_as_mni_average_305.4dfp.img
       256       256       256         1
  1.000000  1.000000  1.000000
orientation T byte_order littleendian
Reading image: /opt/freesurfer/average/711-2C_as_mni_average_305.4dfp.img
dimensions:      256       256       256
mmppix:       1.0000   -1.0000   -1.0000
center:     128.0000 -129.0000 -129.0000
/opt/freesurfer/average/711-2B_as_mni_average_305_mask.4dfp.img
       256       256       256         1
  1.000000  1.000000  1.000000
orientation T byte_order littleendian
Reading mask: /opt/freesurfer/average/711-2B_as_mni_average_305_mask.4dfp.img (2306576 pixels)
talsrcimg_g11.4dfp.img
       256       256       256         1
  1.000000  1.000000  1.000000
orientation T byte_order littleendian
Reading image: talsrcimg_g11.4dfp.img
dimensions:      256       256       256
mmppix:       1.0000   -1.0000   -1.0000
center:     128.0000 -129.0000 -129.0000
fimgreg.f
image alignment mode   2311 decimal      907 hex
parameters
   -3.1024   27.7870    8.6560   -7.1490  -27.2707  -25.8380
  -12.0323    4.7533   12.7667   17.4194   -6.6930    1.3564
eta,q 0.97024  8.69086
niter,ni,del,rscale     5    3    5.0000    0.8000
parameters
   -3.1112   27.8347    8.2581   -6.3884  -27.1095  -24.2358
  -11.7198    5.0543   12.9721   17.3011   -6.1976    1.5749
eta,q 0.97042  8.73064
  0.0304  0.0303  0.0299  0.0304  0.0302  0.0304  0.0302  0.0307  0.0301  0.0301  0.0300  0.0297
  0.0300  0.0300  0.0298  0.0301  0.0299  0.0302  0.0299  0.0301  0.0298  0.0298  0.0298  0.0296
  0.0298  0.0298  0.0297  0.0299  0.0298  0.0299  0.0297  0.0297  0.0296  0.0296  0.0296  0.0296
  0.0298  0.0298  0.0298  0.0297  0.0297  0.0297  0.0296  0.0296  0.0296  0.0296  0.0296  0.0296
  0.0298  0.0298  0.0298  0.0297  0.0297  0.0296  0.0296  0.0297  0.0296  0.0297  0.0296  0.0296
  0.0300  0.0300  0.0299  0.0298  0.0299  0.0296  0.0298  0.0300  0.0298  0.0299  0.0297  0.0296
  0.0304  0.0302  0.0300  0.0301  0.0301  0.0299  0.0300  0.0304  0.0300  0.0302  0.0298  0.0297
niter,ni,del,rscale     4    3    5.0000    0.7000
parameters
   -3.2218   27.7828    8.3292   -6.3015  -27.2491  -23.7092
  -11.4992    5.0888   12.9194   17.1870   -5.8768    1.6244
eta,q 0.97045  8.73536
  0.0300  0.0299  0.0298  0.0300  0.0299  0.0301  0.0300  0.0303  0.0299  0.0300  0.0298  0.0297
  0.0298  0.0297  0.0297  0.0298  0.0297  0.0299  0.0297  0.0299  0.0297  0.0297  0.0297  0.0296
  0.0296  0.0296  0.0296  0.0296  0.0296  0.0297  0.0296  0.0296  0.0296  0.0296  0.0296  0.0296
  0.0296  0.0296  0.0296  0.0296  0.0296  0.0296  0.0295  0.0295  0.0295  0.0295  0.0295  0.0295
  0.0297  0.0296  0.0296  0.0296  0.0296  0.0295  0.0296  0.0297  0.0296  0.0296  0.0296  0.0296
  0.0299  0.0298  0.0297  0.0297  0.0297  0.0297  0.0297  0.0299  0.0297  0.0298  0.0296  0.0296
  0.0302  0.0300  0.0297  0.0300  0.0299  0.0300  0.0299  0.0302  0.0299  0.0300  0.0297  0.0296
niter,ni,del,rscale     3    3    5.0000    0.6000
parameters
   -3.2471   27.7101    8.3853   -6.1617  -27.2511  -23.2849
  -11.3381    5.1951   12.8776   17.0582   -5.5385    1.5478
eta,q 0.97047  8.74416
  0.0299  0.0298  0.0297  0.0298  0.0298  0.0300  0.0298  0.0301  0.0298  0.0298  0.0298  0.0296
  0.0297  0.0296  0.0296  0.0297  0.0297  0.0298  0.0297  0.0298  0.0296  0.0297  0.0296  0.0296
  0.0296  0.0296  0.0296  0.0296  0.0296  0.0297  0.0296  0.0296  0.0296  0.0296  0.0296  0.0295
  0.0295  0.0296  0.0295  0.0295  0.0295  0.0295  0.0295  0.0295  0.0295  0.0295  0.0295  0.0295
  0.0296  0.0296  0.0296  0.0296  0.0296  0.0295  0.0295  0.0296  0.0296  0.0296  0.0296  0.0295
  0.0297  0.0297  0.0296  0.0296  0.0296  0.0296  0.0296  0.0298  0.0296  0.0297  0.0296  0.0296
  0.0300  0.0298  0.0297  0.0298  0.0298  0.0299  0.0298  0.0300  0.0298  0.0299  0.0297  0.0296
niter,ni,del,rscale     2    3    5.0000    0.5000
parameters
   -3.2591   27.6385    8.4303   -5.9332  -27.1667  -22.8114
  -11.1806    5.4109   12.8376   16.9279   -5.0778    1.5800
eta,q 0.97049  8.75831
  0.0298  0.0297  0.0296  0.0297  0.0297  0.0298  0.0297  0.0300  0.0297  0.0297  0.0297  0.0296
  0.0296  0.0296  0.0296  0.0296  0.0296  0.0297  0.0296  0.0297  0.0296  0.0296  0.0296  0.0295
  0.0296  0.0295  0.0295  0.0296  0.0295  0.0296  0.0295  0.0296  0.0295  0.0295  0.0295  0.0295
  0.0295  0.0295  0.0295  0.0295  0.0295  0.0295  0.0295  0.0295  0.0295  0.0295  0.0295  0.0295
  0.0296  0.0296  0.0295  0.0295  0.0295  0.0295  0.0295  0.0295  0.0295  0.0295  0.0295  0.0295
  0.0296  0.0296  0.0296  0.0296  0.0296  0.0296  0.0296  0.0297  0.0296  0.0296  0.0295  0.0295
  0.0298  0.0297  0.0296  0.0297  0.0297  0.0297  0.0297  0.0298  0.0297  0.0297  0.0296  0.0296
niter,ni,del,rscale     1    3    5.0000    0.4000
parameters
   -3.2894   27.5508    8.4188   -5.4955  -27.0628  -22.2084
  -10.8882    5.8896   12.8744   16.9281   -4.0794    2.5017
eta,q 0.97055  8.78016
  0.0297  0.0296  0.0296  0.0297  0.0296  0.0297  0.0296  0.0298  0.0296  0.0296  0.0296  0.0295
  0.0296  0.0295  0.0295  0.0296  0.0295  0.0296  0.0295  0.0296  0.0295  0.0295  0.0295  0.0295
  0.0295  0.0295  0.0295  0.0295  0.0295  0.0296  0.0295  0.0295  0.0295  0.0295  0.0295  0.0295
  0.0295  0.0295  0.0295  0.0295  0.0295  0.0295  0.0295  0.0295  0.0295  0.0295  0.0295  0.0295
  0.0295  0.0295  0.0295  0.0295  0.0295  0.0295  0.0295  0.0295  0.0295  0.0295  0.0295  0.0294
  0.0296  0.0296  0.0295  0.0295  0.0295  0.0295  0.0295  0.0295  0.0295  0.0295  0.0295  0.0295
  0.0297  0.0296  0.0296  0.0296  0.0296  0.0296  0.0296  0.0296  0.0296  0.0296  0.0295  0.0295
registration optimization eta report
parameter search radius
    0.8000    0.8000    0.8000    2.4000    2.4000    2.4000
    2.4000    2.4000    2.4000    2.4000    2.4000    2.4000
100000*second partial in parameter space
       26.       18.        9.        2.        2.        3.
        2.        4.        2.        2.        1.        1.
  0.0297  0.0296  0.0296  0.0297  0.0296  0.0297  0.0296  0.0298  0.0296  0.0296  0.0296  0.0295
  0.0296  0.0295  0.0295  0.0296  0.0295  0.0296  0.0295  0.0296  0.0295  0.0295  0.0295  0.0295
  0.0295  0.0295  0.0295  0.0295  0.0295  0.0296  0.0295  0.0295  0.0295  0.0295  0.0295  0.0295
  0.0295  0.0295  0.0295  0.0295  0.0295  0.0295  0.0295  0.0295  0.0295  0.0295  0.0295  0.0295
  0.0295  0.0295  0.0295  0.0295  0.0295  0.0295  0.0295  0.0295  0.0295  0.0295  0.0295  0.0294
  0.0296  0.0296  0.0295  0.0295  0.0295  0.0295  0.0295  0.0295  0.0295  0.0295  0.0295  0.0295
  0.0297  0.0296  0.0296  0.0296  0.0296  0.0296  0.0296  0.0296  0.0296  0.0296  0.0295  0.0295
   -3.2894   27.5508    8.4188   -5.4955  -27.0628  -22.2084
  -10.8882    5.8896   12.8744   16.9281   -4.0794    2.5017
eta,q 0.97055  8.78016

---------------------------------------------------------------------
imgreg_4dfp /opt/freesurfer/average/711-2C_as_mni_average_305 /opt/freesurfer/average/711-2B_as_mni_average_305_mask talsrcimg_g11 none talsrcimg_to_711-2C_as_mni_average_305_t4 2311
---------------------------------------------------------------------

freesurfer imgreg_4dfp.c
/opt/freesurfer/average/711-2C_as_mni_average_305.4dfp.img
       256       256       256         1
  1.000000  1.000000  1.000000
orientation T byte_order littleendian
Reading image: /opt/freesurfer/average/711-2C_as_mni_average_305.4dfp.img
dimensions:      256       256       256
mmppix:       1.0000   -1.0000   -1.0000
center:     128.0000 -129.0000 -129.0000
/opt/freesurfer/average/711-2B_as_mni_average_305_mask.4dfp.img
       256       256       256         1
  1.000000  1.000000  1.000000
orientation T byte_order littleendian
Reading mask: /opt/freesurfer/average/711-2B_as_mni_average_305_mask.4dfp.img (2306576 pixels)
talsrcimg_g11.4dfp.img
       256       256       256         1
  1.000000  1.000000  1.000000
orientation T byte_order littleendian
Reading image: talsrcimg_g11.4dfp.img
dimensions:      256       256       256
mmppix:       1.0000   -1.0000   -1.0000
center:     128.0000 -129.0000 -129.0000
fimgreg.f
image alignment mode   2311 decimal      907 hex
parameters
   -3.2894   27.5508    8.4188   -5.4955  -27.0628  -22.2084
  -10.8882    5.8896   12.8744   16.9281   -4.0794    2.5017
eta,q 0.97055  8.78016
niter,ni,del,rscale     5    3    5.0000    0.8000
parameters
   -3.4600   27.4468    8.0999   -5.1190  -26.9540  -22.5636
  -10.4696    6.2149   12.8508   17.2467   -2.6477    4.4590
eta,q 0.97060  8.78383
  0.0300  0.0298  0.0296  0.0300  0.0298  0.0301  0.0300  0.0304  0.0299  0.0300  0.0299  0.0296
  0.0297  0.0296  0.0295  0.0297  0.0296  0.0298  0.0297  0.0299  0.0296  0.0297  0.0297  0.0296
  0.0295  0.0295  0.0294  0.0295  0.0295  0.0296  0.0295  0.0295  0.0295  0.0295  0.0295  0.0295
  0.0295  0.0294  0.0294  0.0294  0.0294  0.0294  0.0294  0.0294  0.0294  0.0294  0.0294  0.0294
  0.0296  0.0295  0.0295  0.0294  0.0295  0.0294  0.0295  0.0295  0.0295  0.0295  0.0294  0.0294
  0.0298  0.0297  0.0296  0.0295  0.0296  0.0298  0.0296  0.0298  0.0297  0.0296  0.0295  0.0294
  0.0303  0.0300  0.0298  0.0299  0.0298  0.0306  0.0298  0.0302  0.0299  0.0299  0.0295  0.0295
niter,ni,del,rscale     4    3    5.0000    0.7000
parameters
   -3.5654   27.4328    7.6130   -4.4436  -27.2733  -22.6562
   -9.9067    6.3717   12.7015   17.1604   -1.6192    4.8915
eta,q 0.97070  8.77970
  0.0298  0.0298  0.0295  0.0299  0.0296  0.0301  0.0298  0.0302  0.0297  0.0298  0.0297  0.0295
  0.0296  0.0295  0.0294  0.0297  0.0294  0.0298  0.0296  0.0297  0.0295  0.0295  0.0295  0.0294
  0.0294  0.0294  0.0294  0.0295  0.0293  0.0295  0.0294  0.0294  0.0293  0.0294  0.0294  0.0293
  0.0294  0.0294  0.0294  0.0294  0.0293  0.0293  0.0293  0.0293  0.0293  0.0293  0.0293  0.0293
  0.0295  0.0294  0.0295  0.0293  0.0294  0.0293  0.0293  0.0294  0.0294  0.0294  0.0293  0.0293
  0.0297  0.0296  0.0296  0.0294  0.0295  0.0297  0.0294  0.0296  0.0295  0.0295  0.0293  0.0293
  0.0300  0.0298  0.0297  0.0297  0.0297  0.0304  0.0296  0.0301  0.0297  0.0298  0.0294  0.0294
niter,ni,del,rscale     3    3    5.0000    0.6000
parameters
   -3.6922   27.5474    7.4410   -4.0800  -27.3935  -22.5132
   -9.8607    6.1899   12.4085   17.0437   -1.1514    4.5863
eta,q 0.97076  8.78223
  0.0296  0.0296  0.0294  0.0297  0.0295  0.0300  0.0296  0.0299  0.0295  0.0296  0.0295  0.0293
  0.0294  0.0294  0.0293  0.0296  0.0294  0.0297  0.0294  0.0295  0.0293  0.0294  0.0294  0.0293
  0.0293  0.0293  0.0293  0.0294  0.0293  0.0295  0.0293  0.0293  0.0293  0.0293  0.0293  0.0292
  0.0293  0.0293  0.0293  0.0293  0.0293  0.0293  0.0292  0.0292  0.0292  0.0292  0.0292  0.0292
  0.0294  0.0293  0.0293  0.0292  0.0293  0.0292  0.0293  0.0293  0.0293  0.0293  0.0292  0.0293
  0.0295  0.0294  0.0294  0.0294  0.0294  0.0295  0.0294  0.0296  0.0294  0.0294  0.0293  0.0293
  0.0298  0.0295  0.0295  0.0296  0.0295  0.0301  0.0295  0.0301  0.0296  0.0297  0.0294  0.0294
niter,ni,del,rscale     2    3    5.0000    0.5000
parameters
   -3.7461   27.5962    7.4162   -3.8240  -27.2947  -22.2731
   -9.8063    6.0939   12.1776   16.9205   -0.9593    4.1707
eta,q 0.97079  8.79259
  0.0295  0.0295  0.0294  0.0296  0.0294  0.0298  0.0294  0.0297  0.0294  0.0295  0.0294  0.0293
  0.0294  0.0293  0.0293  0.0294  0.0293  0.0296  0.0293  0.0294  0.0293  0.0293  0.0293  0.0292
  0.0293  0.0293  0.0292  0.0293  0.0292  0.0294  0.0292  0.0293  0.0292  0.0292  0.0292  0.0292
  0.0292  0.0292  0.0292  0.0292  0.0292  0.0292  0.0292  0.0292  0.0292  0.0292  0.0292  0.0292
  0.0293  0.0293  0.0293  0.0292  0.0292  0.0292  0.0292  0.0293  0.0292  0.0292  0.0292  0.0292
  0.0294  0.0293  0.0293  0.0293  0.0293  0.0294  0.0293  0.0295  0.0293  0.0293  0.0293  0.0293
  0.0296  0.0294  0.0294  0.0295  0.0294  0.0298  0.0294  0.0298  0.0294  0.0295  0.0294  0.0293
niter,ni,del,rscale     1    3    5.0000    0.4000
parameters
   -3.7834   27.6041    7.4756   -3.6524  -27.1693  -21.9695
   -9.7721    6.0517   11.9981   16.7850   -0.8314    3.7449
eta,q 0.97082  8.80399
  0.0294  0.0293  0.0293  0.0294  0.0293  0.0297  0.0293  0.0295  0.0293  0.0293  0.0293  0.0292
  0.0293  0.0293  0.0292  0.0293  0.0293  0.0295  0.0292  0.0293  0.0292  0.0292  0.0292  0.0292
  0.0292  0.0292  0.0292  0.0293  0.0292  0.0293  0.0292  0.0292  0.0292  0.0292  0.0292  0.0292
  0.0292  0.0292  0.0292  0.0292  0.0292  0.0292  0.0292  0.0292  0.0292  0.0292  0.0292  0.0292
  0.0292  0.0292  0.0292  0.0292  0.0292  0.0292  0.0292  0.0292  0.0292  0.0292  0.0292  0.0292
  0.0293  0.0293  0.0292  0.0293  0.0292  0.0293  0.0292  0.0293  0.0293  0.0293  0.0292  0.0292
  0.0294  0.0293  0.0293  0.0294  0.0293  0.0295  0.0293  0.0296  0.0293  0.0294  0.0293  0.0293
registration optimization eta report
parameter search radius
    0.8000    0.8000    0.8000    2.4000    2.4000    2.4000
    2.4000    2.4000    2.4000    2.4000    2.4000    2.4000
100000*second partial in parameter space
       32.       19.       14.        4.        2.        7.
        3.        7.        2.        3.        2.        1.
  0.0294  0.0293  0.0293  0.0294  0.0293  0.0297  0.0293  0.0295  0.0293  0.0293  0.0293  0.0292
  0.0293  0.0293  0.0292  0.0293  0.0293  0.0295  0.0292  0.0293  0.0292  0.0292  0.0292  0.0292
  0.0292  0.0292  0.0292  0.0293  0.0292  0.0293  0.0292  0.0292  0.0292  0.0292  0.0292  0.0292
  0.0292  0.0292  0.0292  0.0292  0.0292  0.0292  0.0292  0.0292  0.0292  0.0292  0.0292  0.0292
  0.0292  0.0292  0.0292  0.0292  0.0292  0.0292  0.0292  0.0292  0.0292  0.0292  0.0292  0.0292
  0.0293  0.0293  0.0292  0.0293  0.0292  0.0293  0.0292  0.0293  0.0293  0.0293  0.0292  0.0292
  0.0294  0.0293  0.0293  0.0294  0.0293  0.0295  0.0293  0.0296  0.0293  0.0294  0.0293  0.0293
   -3.7834   27.6041    7.4756   -3.6524  -27.1693  -21.9695
   -9.7721    6.0517   11.9981   16.7850   -0.8314    3.7449
eta,q 0.97082  8.80399

---------------------------------------------------------------------
compute_vox2vox talsrcimg talsrcimg_to_711-2C_as_mni_average_305_t4 /opt/freesurfer/average/711-2C_as_mni_average_305
---------------------------------------------------------------------

freesurfer compute_vox2vox.c
Reading: talsrcimg.4dfp.ifh
Reading: talsrcimg_to_711-2C_as_mni_average_305_t4
Reading: /opt/freesurfer/average/711-2C_as_mni_average_305.4dfp.ifh
Writing: talsrcimg_to_711-2C_as_mni_average_305_t4_vox2vox.txt

start time Thu Mar 12 11:41:59 CET 2026
end		time Thu Mar 12 11:43:27 CET 2026

mpr2mni305 success

avi2talxfm orig_nu.mgz /opt/freesurfer/average/mni305.cor.mgz talsrcimg_to_711-2C_as_mni_average_305_t4_vox2vox.txt transforms/talairach.auto.xfm
avi2talxfm done
mv -f /out/sourcedata/freesurfer/sub-v1s16x0051160_ses-1/mri/talsrcimg_to_711-2C_as_mni_average_305_t4_vox2vox.txt /out/sourcedata/freesurfer/sub-v1s16x0051160_ses-1/mri/transforms/talsrcimg_to_711-2C_as_mni_average_305_t4_vox2vox.txt
lta_convert --src orig_nu.mgz --trg /opt/freesurfer/average/mni305.cor.mgz --inxfm transforms/talairach.auto.xfm --outlta transforms/talairach.auto.xfm.lta --subject fsaverage
7.3.2

--src: orig_nu.mgz src image (geometry).
--trg: /opt/freesurfer/average/mni305.cor.mgz trg image (geometry).
--inmni: transforms/talairach.auto.xfm input MNI/XFM transform.
--outlta: transforms/talairach.auto.xfm.lta output LTA.
--s: fsaverage subject name
 LTA read, type : 1
 1.01923  -0.10968   0.14240  -5.78969;
 0.01913   1.29383  -0.06396   35.00613;
-0.17232  -0.28011   1.36433  -69.14012;
 0.00000   0.00000   0.00000   1.00000;
setting subject to fsaverage
Writing  LTA to file transforms/talairach.auto.xfm.lta...
lta_convert successful.
 
 
Started at Thu Mar 12 11:41:58 CET 2026
Ended   at Thu Mar 12 11:43:28 CET 2026
talairach_avi done
