/out/sourcedata/freesurfer/sub-v1s16x0051166_ses-1/mri
/opt/freesurfer/bin/talairach_avi
--i orig_nu.mgz --xfm transforms/talairach.auto.xfm
talairach_avi 7.3.2
Linux dna078 5.14.0-427.37.1.el9_4.x86_64 #1 SMP PREEMPT_DYNAMIC Fri Sep 13 12:41:50 EDT 2024 x86_64 x86_64 x86_64 GNU/Linux
Sun Mar  8 22:13:27 CET 2026
mri_convert orig_nu.mgz talsrcimg.img 
reading from orig_nu.mgz...
TR=0.00, TE=0.00, TI=0.00, flip angle=0.00
i_ras = (-1, 0, 0)
j_ras = (0, 0, -1)
k_ras = (0, 1, 0)
writing to talsrcimg.img...
Analyze Output Matrix
-1.00000   0.00000   0.00000   126.49917;
 0.00000   0.00000   1.00000  -136.44505;
 0.00000  -1.00000   0.00000   134.10916;
 0.00000   0.00000   0.00000   1.00000;
--------------------
INFO: set hdr.hist.orient to -1
mpr2mni305 talsrcimg
Sun Mar  8 22:13:27 CET 2026
/opt/freesurfer/bin/mpr2mni305 talsrcimg
mpr2mni305 7.3.2
target=711-2C_as_mni_average_305

---------------------------------------------------------------------
analyzeto4dfp talsrcimg -O0 -y
---------------------------------------------------------------------

freesurfer ifh2hdr.c
Sun Mar  8 22:13:27 2026
Writing: talsrcimg.4dfp.hdr
freesurfer analyzeto4dfp.c
Reading: talsrcimg.hdr
header size 348 bytes
hdr.dime.datatype	offset=70	value=2
hdr.dime.bitpix		offset=72	value=8
hdr.hist.orient		offset=252	value=-1
dimensionality     4
dimensions       256       256       256         1
Reading: talsrcimg.img
Writing: talsrcimg.4dfp.img
Writing: talsrcimg.4dfp.ifh
ifh2hdr talsrcimg -r0to223
ori=2

---------------------------------------------------------------------
gauss_4dfp talsrcimg 1.1
---------------------------------------------------------------------

freesurfer gauss_4dfp.c
Reading: talsrcimg.4dfp.img
Writing: talsrcimg_g11.4dfp.img
image dimensions 256 256 256 padded to 288 288 288
processing volume 1freesurfer ifh2hdr.c
Sun Mar  8 22:13:29 2026
Writing: talsrcimg_g11.4dfp.hdr

Writing: talsrcimg_g11.4dfp.ifh
including: talsrcimg.4dfp.img.rec in talsrcimg_g11.4dfp.img.rec

---------------------------------------------------------------------
imgreg_4dfp /opt/freesurfer/average/711-2C_as_mni_average_305 none talsrcimg_g11 none talsrcimg_to_711-2C_as_mni_average_305_t4 4355
---------------------------------------------------------------------

freesurfer imgreg_4dfp.c
/opt/freesurfer/average/711-2C_as_mni_average_305.4dfp.img
       256       256       256         1
  1.000000  1.000000  1.000000
orientation T byte_order littleendian
Reading image: /opt/freesurfer/average/711-2C_as_mni_average_305.4dfp.img
dimensions:      256       256       256
mmppix:       1.0000   -1.0000   -1.0000
center:     128.0000 -129.0000 -129.0000
talsrcimg_g11.4dfp.img
       256       256       256         1
  1.000000  1.000000  1.000000
orientation T byte_order littleendian
Reading image: talsrcimg_g11.4dfp.img
dimensions:      256       256       256
mmppix:       1.0000   -1.0000   -1.0000
center:     128.0000 -129.0000 -129.0000
t4_read: open error in t4_sub.f l:  41 t4_file(1:l)talsrcimg_to_711-2C_as_mni_average_305_t4 
t4_read: transform initialized to I4
rotation matrix determinant  1.000000
image alignment mode   4355 decimal     1103 hex
   -7.5000  -45.0000  -45.0000 5787.4683   22.6645
    0.0000  -45.0000  -45.0000 6064.4082   22.6942
    7.5000  -45.0000  -45.0000 5811.0942   22.6711
   -7.5000  -37.5000  -45.0000 6362.7236   22.3225
    0.0000  -37.5000  -45.0000 6660.9160   22.3473
    7.5000  -37.5000  -45.0000 6358.4326   22.3222
   -7.5000  -30.0000  -45.0000 7216.0693   22.2329
    0.0000  -30.0000  -45.0000 7554.6919   22.2513
    7.5000  -30.0000  -45.0000 7199.3335   22.2197
   -7.5000  -22.5000  -45.0000 8117.2188   22.1649
    0.0000  -22.5000  -45.0000 8499.3643   22.1807
    7.5000  -22.5000  -45.0000 8109.6230   22.1490
   -7.5000  -15.0000  -45.0000 9047.6221   22.1540
    0.0000  -15.0000  -45.0000 9464.7266   22.1717
    7.5000  -15.0000  -45.0000 9031.7158   22.1433
   -7.5000   -7.5000  -45.0000 9869.8184   22.1592
    0.0000   -7.5000  -45.000010327.4980   22.1828
    7.5000   -7.5000  -45.0000 9857.5430   22.1581
   -7.5000    0.0000  -45.000010583.7949   22.1727
    0.0000    0.0000  -45.000011100.5703   22.2005
    7.5000    0.0000  -45.000010550.6621   22.1784
   -7.5000    7.5000  -45.000010512.5537   22.1819
    0.0000    7.5000  -45.000011006.5684   22.2064
    7.5000    7.5000  -45.000010471.7324   22.1810
   -7.5000   15.0000  -45.000010349.1709   22.1787
    0.0000   15.0000  -45.000010809.0498   22.1970
    7.5000   15.0000  -45.000010291.6641   22.1657
   -7.5000   22.5000  -45.000010141.6025   22.1612
    0.0000   22.5000  -45.000010580.1553   22.1771
    7.5000   22.5000  -45.000010035.7627   22.1454
   -7.5000   30.0000  -45.0000 9861.3926   21.8587
    0.0000   30.0000  -45.000010286.8271   21.8763
    7.5000   30.0000  -45.0000 9751.8574   21.8483
   -7.5000   37.5000  -45.0000 9861.5576   21.8639
    0.0000   37.5000  -45.000010290.3066   21.8872
    7.5000   37.5000  -45.0000 9732.1465   21.8628
   -7.5000   45.0000  -45.0000 9330.6445   21.3217
    0.0000   45.0000  -45.0000 9744.8643   21.3484
    7.5000   45.0000  -45.0000 9210.4570   21.3272
   -7.5000  -45.0000  -37.5000 6176.1533   22.3417
    0.0000  -45.0000  -37.5000 6452.0166   22.3690
    7.5000  -45.0000  -37.5000 6172.2593   22.3325
   -7.5000  -37.5000  -37.5000 6805.7988   22.0032
    0.0000  -37.5000  -37.5000 7113.0200   22.0341
    7.5000  -37.5000  -37.5000 6780.2324   21.9959
   -7.5000  -30.0000  -37.5000 7732.6548   21.9094
    0.0000  -30.0000  -37.5000 8098.1992   21.9348
    7.5000  -30.0000  -37.5000 7722.3438   21.8896
   -7.5000  -22.5000  -37.5000 8706.6963   21.8458
    0.0000  -22.5000  -37.5000 9108.1367   21.8591
    7.5000  -22.5000  -37.5000 8689.2930   21.8117
   -7.5000  -15.0000  -37.5000 9690.8711   21.8410
    0.0000  -15.0000  -37.500010124.7246   21.8466
    7.5000  -15.0000  -37.5000 9650.3496   21.8015
   -7.5000   -7.5000  -37.500010562.8232   21.8465
    0.0000   -7.5000  -37.500011037.3086   21.8592
    7.5000   -7.5000  -37.500010525.1416   21.8200
   -7.5000    0.0000  -37.500011293.1631   21.8576
    0.0000    0.0000  -37.500011817.8086   21.8831
    7.5000    0.0000  -37.500011258.0391   21.8482
   -7.5000    7.5000  -37.500011200.7168   21.8633
    0.0000    7.5000  -37.500011695.7939   21.8937
    7.5000    7.5000  -37.500011123.9717   21.8555
   -7.5000   15.0000  -37.500010976.9854   21.8564
    0.0000   15.0000  -37.500011437.7539   21.8817
    7.5000   15.0000  -37.500010875.7188   21.8368
   -7.5000   22.5000  -37.500010730.1885   21.8422
    0.0000   22.5000  -37.500011159.9727   21.8554
    7.5000   22.5000  -37.500010593.3018   21.8081
   -7.5000   30.0000  -37.500010424.2285   21.5500
    0.0000   30.0000  -37.500010856.8633   21.5555
    7.5000   30.0000  -37.500010301.6582   21.5110
   -7.5000   37.5000  -37.500010409.8721   21.5554
    0.0000   37.5000  -37.500010840.8203   21.5679
    7.5000   37.5000  -37.500010261.3174   21.5293
   -7.5000   45.0000  -37.5000 9811.6318   21.0187
    0.0000   45.0000  -37.500010245.7246   21.0432
    7.5000   45.0000  -37.5000 9696.2627   21.0097
   -7.5000  -45.0000  -30.0000 6741.8384   23.2301
    0.0000  -45.0000  -30.0000 7048.7285   23.2422
    7.5000  -45.0000  -30.0000 6719.3320   23.1901
   -7.5000  -37.5000  -30.0000 7431.5903   22.8672
    0.0000  -37.5000  -30.0000 7763.1255   22.8897
    7.5000  -37.5000  -30.0000 7401.6055   22.8406
   -7.5000  -30.0000  -30.0000 8457.5342   22.7702
    0.0000  -30.0000  -30.0000 8847.1416   22.7877
    7.5000  -30.0000  -30.0000 8442.2920   22.7349
   -7.5000  -22.5000  -30.0000 9517.9434   22.7209
    0.0000  -22.5000  -30.0000 9960.0645   22.7192
    7.5000  -22.5000  -30.0000 9493.3330   22.6609
   -7.5000  -15.0000  -30.000010547.2676   22.7283
    0.0000  -15.0000  -30.000011039.9727   22.7126
    7.5000  -15.0000  -30.000010522.7656   22.6522
   -7.5000   -7.5000  -30.000011469.9971   22.7274
    0.0000   -7.5000  -30.000011998.0850   22.7202
    7.5000   -7.5000  -30.000011459.6055   22.6646
   -7.5000    0.0000  -30.000012281.7471   22.7248
    0.0000    0.0000  -30.000012817.8047   22.7360
    7.5000    0.0000  -30.000012264.1895   22.6862
   -7.5000    7.5000  -30.000012200.3750   22.7207
    0.0000    7.5000  -30.000012708.5352   22.7427
    7.5000    7.5000  -30.000012122.1885   22.6939
   -7.5000   15.0000  -30.000011940.8066   22.7154
    0.0000   15.0000  -30.000012424.0469   22.7328
    7.5000   15.0000  -30.000011821.2744   22.6803
   -7.5000   22.5000  -30.000011631.8438   22.7148
    0.0000   22.5000  -30.000012091.7119   22.7131
    7.5000   22.5000  -30.000011493.2451   22.6549
   -7.5000   30.0000  -30.000011263.4941   22.4276
    0.0000   30.0000  -30.000011725.9561   22.4121
    7.5000   30.0000  -30.000011133.0957   22.3525
   -7.5000   37.5000  -30.000011229.9043   22.4267
    0.0000   37.5000  -30.000011670.9492   22.4195
    7.5000   37.5000  -30.000011065.1602   22.3647
   -7.5000   45.0000  -30.000010550.5332   21.8686
    0.0000   45.0000  -30.000010976.1914   21.8794
    7.5000   45.0000  -30.000010428.9365   21.8316
   -7.5000  -45.0000  -22.5000 7333.5581   24.0346
    0.0000  -45.0000  -22.5000 7663.9302   24.0336
    7.5000  -45.0000  -22.5000 7312.4604   23.9849
   -7.5000  -37.5000  -22.5000 8074.3711   23.6530
    0.0000  -37.5000  -22.5000 8450.8887   23.6591
    7.5000  -37.5000  -22.5000 8055.9736   23.6163
   -7.5000  -30.0000  -22.5000 9188.7793   23.5595
    0.0000  -30.0000  -22.5000 9636.7021   23.5598
    7.5000  -30.0000  -22.5000 9181.4512   23.5153
   -7.5000  -22.5000  -22.500010322.1797   23.5221
    0.0000  -22.5000  -22.500010811.6426   23.5067
    7.5000  -22.5000  -22.500010308.6855   23.4562
   -7.5000  -15.0000  -22.500011406.3701   23.5350
    0.0000  -15.0000  -22.500011952.5605   23.5106
    7.5000  -15.0000  -22.500011422.3008   23.4562
   -7.5000   -7.5000  -22.500012407.5127   23.5262
    0.0000   -7.5000  -22.500012986.9209   23.5105
    7.5000   -7.5000  -22.500012426.7070   23.4587
   -7.5000    0.0000  -22.500013332.5439   23.5115
    0.0000    0.0000  -22.500013902.7588   23.5103
    7.5000    0.0000  -22.500013296.0049   23.4639
   -7.5000    7.5000  -22.500013238.8721   23.5015
    0.0000    7.5000  -22.500013815.1738   23.5075
    7.5000    7.5000  -22.500013136.6504   23.4647
   -7.5000   15.0000  -22.500012960.8535   23.5028
    0.0000   15.0000  -22.500013515.7256   23.5032
    7.5000   15.0000  -22.500012835.0664   23.4590
   -7.5000   22.5000  -22.500012590.8604   23.5142
    0.0000   22.5000  -22.500013096.7783   23.4988
    7.5000   22.5000  -22.500012448.8428   23.4483
   -7.5000   30.0000  -22.500012138.1758   23.2272
    0.0000   30.0000  -22.500012630.6768   23.2031
    7.5000   30.0000  -22.500012020.0156   23.1494
   -7.5000   37.5000  -22.500012072.9678   23.2185
    0.0000   37.5000  -22.500012521.7949   23.2030
    7.5000   37.5000  -22.500011892.9590   23.1519
   -7.5000   45.0000  -22.500011350.8662   22.6427
    0.0000   45.0000  -22.500011779.6084   22.6416
    7.5000   45.0000  -22.500011188.2520   22.5969
   -7.5000  -45.0000  -15.0000 7905.8286   24.6174
    0.0000  -45.0000  -15.0000 8266.6729   24.6179
    7.5000  -45.0000  -15.0000 7899.0068   24.5861
   -7.5000  -37.5000  -15.0000 8703.2598   24.2328
    0.0000  -37.5000  -15.0000 9131.4814   24.2315
    7.5000  -37.5000  -15.0000 8723.4658   24.2034
   -7.5000  -30.0000  -15.0000 9898.5508   24.1432
    0.0000  -30.0000  -15.000010401.8369   24.1348
    7.5000  -30.0000  -15.0000 9941.8311   24.1041
   -7.5000  -22.5000  -15.000011101.2949   24.1006
    0.0000  -22.5000  -15.000011643.9297   24.0865
    7.5000  -22.5000  -15.000011132.2500   24.0518
   -7.5000  -15.0000  -15.000012276.8428   24.1044
    0.0000  -15.0000  -15.000012862.8301   24.0918
    7.5000  -15.0000  -15.000012320.1475   24.0557
   -7.5000   -7.5000  -15.000013379.9189   24.0931
    0.0000   -7.5000  -15.000014022.9229   24.0881
    7.5000   -7.5000  -15.000013419.9219   24.0540
   -7.5000    0.0000  -15.000014373.5742   24.0813
    0.0000    0.0000  -15.000015065.1572   24.0818
    7.5000    0.0000  -15.000014363.0537   24.0514
   -7.5000    7.5000  -15.000014242.7002   24.0777
    0.0000    7.5000  -15.000014920.2783   24.0764
    7.5000    7.5000  -15.000014136.6816   24.0480
   -7.5000   15.0000  -15.000013944.8359   24.0850
    0.0000   15.0000  -15.000014573.6973   24.0768
    7.5000   15.0000  -15.000013799.3682   24.0463
   -7.5000   22.5000  -15.000013517.6602   24.0914
    0.0000   22.5000  -15.000014150.5273   24.0773
    7.5000   22.5000  -15.000013413.9854   24.0426
   -7.5000   30.0000  -15.000013025.6162   23.7925
    0.0000   30.0000  -15.000013626.0293   23.7800
    7.5000   30.0000  -15.000012937.4766   23.7444
   -7.5000   37.5000  -15.000012920.5645   23.7813
    0.0000   37.5000  -15.000013465.6611   23.7764
    7.5000   37.5000  -15.000012770.2266   23.7427
   -7.5000   45.0000  -15.000012158.5479   23.2055
    0.0000   45.0000  -15.000012646.5586   23.2060
    7.5000   45.0000  -15.000011998.8027   23.1766
   -7.5000  -45.0000   -7.5000 8508.1631   24.9066
    0.0000  -45.0000   -7.5000 8932.8809   24.9242
    7.5000  -45.0000   -7.5000 8531.8174   24.9040
   -7.5000  -37.5000   -7.5000 9384.5830   24.5281
    0.0000  -37.5000   -7.5000 9864.4092   24.5381
    7.5000  -37.5000   -7.5000 9423.9512   24.5182
   -7.5000  -30.0000   -7.500010647.1729   24.4344
    0.0000  -30.0000   -7.500011189.6611   24.4370
    7.5000  -30.0000   -7.500010720.4678   24.4119
   -7.5000  -22.5000   -7.500011931.1152   24.3724
    0.0000  -22.5000   -7.500012538.4453   24.3757
    7.5000  -22.5000   -7.500012009.7158   24.3492
   -7.5000  -15.0000   -7.500013236.0674   24.3636
    0.0000  -15.0000   -7.500013901.3145   24.3733
    7.5000  -15.0000   -7.500013304.3311   24.3487
   -7.5000   -7.5000   -7.500014461.1719   24.3604
    0.0000   -7.5000   -7.500015218.8193   24.3763
    7.5000   -7.5000   -7.500014504.8057   24.3543
   -7.5000    0.0000   -7.500015539.3379   24.3645
    0.0000    0.0000   -7.500016383.9297   24.3810
    7.5000    0.0000   -7.500015497.1348   24.3617
   -7.5000    7.5000   -7.500015319.0010   24.3712
    0.0000    7.5000   -7.500016106.5850   24.3810
    7.5000    7.5000   -7.500015185.8125   24.3607
   -7.5000   15.0000   -7.500014924.3584   24.3754
    0.0000   15.0000   -7.500015683.9355   24.3781
    7.5000   15.0000   -7.500014802.1162   24.3532
   -7.5000   22.5000   -7.500014459.0752   24.3605
    0.0000   22.5000   -7.500015203.7715   24.3637
    7.5000   22.5000   -7.500014393.0479   24.3373
   -7.5000   30.0000   -7.500013959.2168   24.0476
    0.0000   30.0000   -7.500014663.6768   24.0572
    7.5000   30.0000   -7.500013889.3379   24.0330
   -7.5000   37.5000   -7.500013810.5498   24.0445
    0.0000   37.5000   -7.500014472.7480   24.0602
    7.5000   37.5000   -7.500013691.6133   24.0385
   -7.5000   45.0000   -7.500012986.2734   23.4827
    0.0000   45.0000   -7.500013574.2783   23.4987
    7.5000   45.0000   -7.500012851.6455   23.4801
   -7.5000  -45.0000    0.0000 9079.1523   24.9553
    0.0000  -45.0000    0.0000 9562.7900   24.9882
    7.5000  -45.0000    0.0000 9131.5811   24.9648
   -7.5000  -37.5000    0.000010021.5449   24.5803
    0.0000  -37.5000    0.000010528.8975   24.6080
    7.5000  -37.5000    0.000010053.8389   24.5817
   -7.5000  -30.0000    0.000011366.2031   24.4784
    0.0000  -30.0000    0.000011921.7549   24.4990
    7.5000  -30.0000    0.000011424.8740   24.4650
   -7.5000  -22.5000    0.000012729.2129   24.4033
    0.0000  -22.5000    0.000013367.7305   24.4211
    7.5000  -22.5000    0.000012802.8760   24.3867
   -7.5000  -15.0000    0.000014186.6025   24.3909
    0.0000  -15.0000    0.000014871.9844   24.4107
    7.5000  -15.0000    0.000014229.4727   24.3804
   -7.5000   -7.5000    0.000015574.1221   24.3970
    0.0000   -7.5000    0.000016396.1250   24.4232
    7.5000   -7.5000    0.000015523.4492   24.3977
   -7.5000    0.0000    0.000016678.1270   24.4125
    0.0000    0.0000    0.000017591.5293   24.4433
    7.5000    0.0000    0.000016518.4258   24.4209
   -7.5000    7.5000    0.000016301.7852   24.4230
    0.0000    7.5000    0.000017160.6309   24.4503
    7.5000    7.5000    0.000016146.5771   24.4237
   -7.5000   15.0000    0.000015879.4727   24.4192
    0.0000   15.0000    0.000016653.1074   24.4398
    7.5000   15.0000    0.000015725.1406   24.4061
   -7.5000   22.5000    0.000015370.9971   24.3914
    0.0000   22.5000    0.000016141.7617   24.4092
    7.5000   22.5000    0.000015264.0430   24.3748
   -7.5000   30.0000    0.000014820.7441   24.0753
    0.0000   30.0000    0.000015580.8008   24.0948
    7.5000   30.0000    0.000014734.6777   24.0648
   -7.5000   37.5000    0.000014628.9775   24.0812
    0.0000   37.5000    0.000015359.2070   24.1071
    7.5000   37.5000    0.000014523.2891   24.0819
   -7.5000   45.0000    0.000013754.4150   23.5308
    0.0000   45.0000    0.000014396.0977   23.5605
    7.5000   45.0000    0.000013599.5000   23.5390
   -7.5000  -45.0000    7.5000 8946.9902   24.9490
    0.0000  -45.0000    7.5000 9407.8750   24.9790
    7.5000  -45.0000    7.5000 9001.4404   24.9380
   -7.5000  -37.5000    7.5000 9872.5293   24.5699
    0.0000  -37.5000    7.500010347.0586   24.6041
    7.5000  -37.5000    7.5000 9892.4219   24.5611
   -7.5000  -30.0000    7.500011192.1650   24.4640
    0.0000  -30.0000    7.500011721.6260   24.4920
    7.5000  -30.0000    7.500011203.0312   24.4413
   -7.5000  -22.5000    7.500012551.7275   24.3936
    0.0000  -22.5000    7.500013161.4805   24.4080
    7.5000  -22.5000    7.500012559.1709   24.3548
   -7.5000  -15.0000    7.500014062.2207   24.3885
    0.0000  -15.0000    7.500014767.6055   24.3944
    7.5000  -15.0000    7.500013971.1309   24.3438
   -7.5000   -7.5000    7.500015586.0986   24.3945
    0.0000   -7.5000    7.500016464.9551   24.4082
    7.5000   -7.5000    7.500015312.6309   24.3643
   -7.5000    0.0000    7.500016586.6953   24.4064
    0.0000    0.0000    7.500017438.3262   24.4346
    7.5000    0.0000    7.500016284.5078   24.3954
   -7.5000    7.5000    7.500016106.5400   24.4126
    0.0000    7.5000    7.500016831.8965   24.4462
    7.5000    7.5000    7.500015939.5781   24.4032
   -7.5000   15.0000    7.500015696.7861   24.4050
    0.0000   15.0000    7.500016391.5547   24.4329
    7.5000   15.0000    7.500015561.4658   24.3825
   -7.5000   22.5000    7.500015237.2891   24.3817
    0.0000   22.5000    7.500015964.8301   24.3960
    7.5000   22.5000    7.500015095.3613   24.3430
   -7.5000   30.0000    7.500014698.2627   24.0729
    0.0000   30.0000    7.500015432.6006   24.0787
    7.5000   30.0000    7.500014551.6484   24.0287
   -7.5000   37.5000    7.500014415.2344   24.0788
    0.0000   37.5000    7.500015136.6230   24.0924
    7.5000   37.5000    7.500014256.3516   24.0490
   -7.5000   45.0000    7.500013533.4609   23.5250
    0.0000   45.0000    7.500014177.1143   23.5521
    7.5000   45.0000    7.500013328.8887   23.5143
   -7.5000  -45.0000   15.0000 8658.3086   24.9453
    0.0000  -45.0000   15.0000 9131.4766   24.9583
    7.5000  -45.0000   15.0000 8687.8223   24.9023
   -7.5000  -37.5000   15.0000 9568.2422   24.5556
    0.0000  -37.5000   15.000010039.9844   24.5797
    7.5000  -37.5000   15.0000 9573.1650   24.5271
   -7.5000  -30.0000   15.000010856.5020   24.4515
    0.0000  -30.0000   15.000011361.5225   24.4702
    7.5000  -30.0000   15.000010851.7139   24.4135
   -7.5000  -22.5000   15.000012214.2275   24.3985
    0.0000  -22.5000   15.000012738.9150   24.3966
    7.5000  -22.5000   15.000012149.5059   24.3341
   -7.5000  -15.0000   15.000013704.2168   24.4065
    0.0000  -15.0000   15.000014281.7441   24.3896
    7.5000  -15.0000   15.000013500.7041   24.3247
   -7.5000   -7.5000   15.000015099.3662   24.4055
    0.0000   -7.5000   15.000015828.2881   24.3977
    7.5000   -7.5000   15.000014779.6611   24.3380
   -7.5000    0.0000   15.000016011.4229   24.4026
    0.0000    0.0000   15.000016710.3008   24.4147
    7.5000    0.0000   15.000015770.9482   24.3613
   -7.5000    7.5000   15.000015535.8486   24.3982
    0.0000    7.5000   15.000016165.0264   24.4220
    7.5000    7.5000   15.000015434.2461   24.3695
   -7.5000   15.0000   15.000015202.8486   24.3926
    0.0000   15.0000   15.000015889.5713   24.4113
    7.5000   15.0000   15.000015096.0186   24.3549
   -7.5000   22.5000   15.000014840.4277   24.3866
    0.0000   22.5000   15.000015580.6475   24.3847
    7.5000   22.5000   15.000014692.0117   24.3222
   -7.5000   30.0000   15.000014329.2832   24.0906
    0.0000   30.0000   15.000015052.2861   24.0740
    7.5000   30.0000   15.000014150.5215   24.0099
   -7.5000   37.5000   15.000014018.2549   24.0896
    0.0000   37.5000   15.000014682.2920   24.0820
    7.5000   37.5000   15.000013834.7090   24.0230
   -7.5000   45.0000   15.000013159.0107   23.5213
    0.0000   45.0000   15.000013717.5420   23.5330
    7.5000   45.0000   15.000012933.1738   23.4815
   -7.5000  -45.0000   22.5000 8276.3701   24.9498
    0.0000  -45.0000   22.5000 8680.3623   24.9488
    7.5000  -45.0000   22.5000 8280.7656   24.8983
   -7.5000  -37.5000   22.5000 9156.4824   24.5537
    0.0000  -37.5000   22.5000 9572.6650   24.5600
    7.5000  -37.5000   22.5000 9141.1504   24.5156
   -7.5000  -30.0000   22.500010422.6426   24.4566
    0.0000  -30.0000   22.500010857.9521   24.4569
    7.5000  -30.0000   22.500010373.6172   24.4107
   -7.5000  -22.5000   22.500011735.5859   24.4179
    0.0000  -22.5000   22.500012199.9961   24.4018
    7.5000  -22.5000   22.500011619.4512   24.3494
   -7.5000  -15.0000   22.500013046.5449   24.4313
    0.0000  -15.0000   22.500013607.0225   24.4059
    7.5000  -15.0000   22.500012869.1387   24.3494
   -7.5000   -7.5000   22.500014223.3311   24.4221
    0.0000   -7.5000   22.500014883.3164   24.4058
    7.5000   -7.5000   22.500014025.7012   24.3520
   -7.5000    0.0000   22.500015170.2939   24.4068
    0.0000    0.0000   22.500015918.7686   24.4056
    7.5000    0.0000   22.500014989.1484   24.3574
   -7.5000    7.5000   22.500014962.8262   24.3964
    0.0000    7.5000   22.500015747.5137   24.4027
    7.5000    7.5000   22.500014797.7930   24.3582
   -7.5000   15.0000   22.500014677.0791   24.3978
    0.0000   15.0000   22.500015489.4355   24.3982
    7.5000   15.0000   22.500014483.3955   24.3523
   -7.5000   22.5000   22.500014281.7646   24.4059
    0.0000   22.5000   22.500015078.6719   24.3899
    7.5000   22.5000   22.500014085.4189   24.3375
   -7.5000   30.0000   22.500013769.2334   24.1151
    0.0000   30.0000   22.500014473.8252   24.0900
    7.5000   30.0000   22.500013581.4277   24.0343
   -7.5000   37.5000   22.500013483.8506   24.1060
    0.0000   37.5000   22.500014095.8223   24.0899
    7.5000   37.5000   22.500013283.8623   24.0369
   -7.5000   45.0000   22.500012621.4785   23.5253
    0.0000   45.0000   22.500013135.2900   23.5242
    7.5000   45.0000   22.500012404.6914   23.4777
   -7.5000  -45.0000   30.0000 7758.2231   24.9552
    0.0000  -45.0000   30.0000 8154.0649   24.9558
    7.5000  -45.0000   30.0000 7735.8340   24.9235
   -7.5000  -37.5000   30.0000 8591.5430   24.5654
    0.0000  -37.5000   30.0000 8997.3008   24.5640
    7.5000  -37.5000   30.0000 8553.6270   24.5356
   -7.5000  -30.0000   30.0000 9810.1191   24.4745
    0.0000  -30.0000   30.000010219.9160   24.4661
    7.5000  -30.0000   30.0000 9747.2715   24.4349
   -7.5000  -22.5000   30.000011010.8438   24.4313
    0.0000  -22.5000   30.000011483.6836   24.4171
    7.5000  -22.5000   30.000010963.1270   24.3819
   -7.5000  -15.0000   30.000012192.9072   24.4352
    0.0000  -15.0000   30.000012721.1758   24.4224
    7.5000  -15.0000   30.000012137.4463   24.3859
   -7.5000   -7.5000   30.000013279.9688   24.4237
    0.0000   -7.5000   30.000013807.4004   24.4187
    7.5000   -7.5000   30.000013190.8955   24.3842
   -7.5000    0.0000   30.000014229.4854   24.4118
    0.0000    0.0000   30.000014782.6680   24.4123
    7.5000    0.0000   30.000014131.4785   24.3815
   -7.5000    7.5000   30.000014133.1055   24.4082
    0.0000    7.5000   30.000014703.3740   24.4068
    7.5000    7.5000   30.000013989.2803   24.3781
   -7.5000   15.0000   30.000013923.2275   24.4156
    0.0000   15.0000   30.000014474.6084   24.4073
    7.5000   15.0000   30.000013719.1816   24.3763
   -7.5000   22.5000   30.000013550.0605   24.4194
    0.0000   22.5000   30.000014088.8867   24.4051
    7.5000   22.5000   30.000013314.3545   24.3700
   -7.5000   30.0000   30.000013046.5771   24.1190
    0.0000   30.0000   30.000013544.1904   24.1064
    7.5000   30.0000   30.000012820.3643   24.0703
   -7.5000   37.5000   30.000012784.9521   24.1077
    0.0000   37.5000   30.000013248.0176   24.1027
    7.5000   37.5000   30.000012560.7266   24.0686
   -7.5000   45.0000   30.000011925.6504   23.5302
    0.0000   45.0000   30.000012345.0625   23.5307
    7.5000   45.0000   30.000011706.8838   23.5009
   -7.5000  -45.0000   37.5000 7496.2529   25.0664
    0.0000  -45.0000   37.5000 7859.7563   25.0844
    7.5000  -45.0000   37.5000 7486.1826   25.0639
   -7.5000  -37.5000   37.5000 8329.3623   24.6867
    0.0000  -37.5000   37.5000 8675.8896   24.6967
    7.5000  -37.5000   37.5000 8278.6338   24.6764
   -7.5000  -30.0000   37.5000 9497.2549   24.5937
    0.0000  -30.0000   37.5000 9871.6973   24.5962
    7.5000  -30.0000   37.5000 9425.2686   24.5705
   -7.5000  -22.5000   37.500010626.5107   24.5311
    0.0000  -22.5000   37.500011054.6064   24.5344
    7.5000  -22.5000   37.500010569.7695   24.5073
   -7.5000  -15.0000   37.500011733.8076   24.5221
    0.0000  -15.0000   37.500012188.5166   24.5323
    7.5000  -15.0000   37.500011670.2197   24.5071
   -7.5000   -7.5000   37.500012775.0742   24.5190
    0.0000   -7.5000   37.500013226.8555   24.5355
    7.5000   -7.5000   37.500012684.3643   24.5131
   -7.5000    0.0000   37.500013703.8594   24.5232
    0.0000    0.0000   37.500014170.3994   24.5401
    7.5000    0.0000   37.500013581.1914   24.5205
   -7.5000    7.5000   37.500013603.6973   24.5299
    0.0000    7.5000   37.500014083.4414   24.5398
    7.5000    7.5000   37.500013471.7998   24.5191
   -7.5000   15.0000   37.500013370.2109   24.5341
    0.0000   15.0000   37.500013852.8008   24.5367
    7.5000   15.0000   37.500013208.6680   24.5113
   -7.5000   22.5000   37.500013059.5713   24.5191
    0.0000   22.5000   37.500013519.4971   24.5224
    7.5000   22.5000   37.500012855.9863   24.4954
   -7.5000   30.0000   37.500012628.9141   24.2048
    0.0000   30.0000   37.500013054.7422   24.2148
    7.5000   30.0000   37.500012426.3818   24.1899
   -7.5000   37.5000   37.500012400.4990   24.2016
    0.0000   37.5000   37.500012823.2666   24.2179
    7.5000   37.5000   37.500012199.8799   24.1958
   -7.5000   45.0000   37.500011567.9805   23.6375
    0.0000   45.0000   37.500011951.8574   23.6538
    7.5000   45.0000   37.500011365.7402   23.6349
   -7.5000  -45.0000   45.0000 6940.3208   25.1479
    0.0000  -45.0000   45.0000 7244.8467   25.1820
    7.5000  -45.0000   45.0000 6878.7051   25.1579
   -7.5000  -37.5000   45.0000 7679.7344   24.7701
    0.0000  -37.5000   45.0000 7998.7119   24.7987
    7.5000  -37.5000   45.0000 7597.6611   24.7719
   -7.5000  -30.0000   45.0000 8737.0781   24.6704
    0.0000  -30.0000   45.0000 9083.8916   24.6916
    7.5000  -30.0000   45.0000 8655.4678   24.6566
   -7.5000  -22.5000   45.0000 9743.7207   24.5963
    0.0000  -22.5000   45.000010126.2070   24.6145
    7.5000  -22.5000   45.0000 9665.7139   24.5785
   -7.5000  -15.0000   45.000010752.7461   24.5844
    0.0000  -15.0000   45.000011163.6328   24.6048
    7.5000  -15.0000   45.000010661.6035   24.5726
   -7.5000   -7.5000   45.000011718.2266   24.5907
    0.0000   -7.5000   45.000012130.9707   24.6179
    7.5000   -7.5000   45.000011608.5439   24.5910
   -7.5000    0.0000   45.000012550.6250   24.6062
    0.0000    0.0000   45.000012958.8213   24.6382
    7.5000    0.0000   45.000012413.7031   24.6151
   -7.5000    7.5000   45.000012432.5986   24.6162
    0.0000    7.5000   45.000012843.8477   24.6443
    7.5000    7.5000   45.000012304.4043   24.6172
   -7.5000   15.0000   45.000012224.5547   24.6119
    0.0000   15.0000   45.000012632.7393   24.6330
    7.5000   15.0000   45.000012088.4453   24.5983
   -7.5000   22.5000   45.000011934.1152   24.5842
    0.0000   22.5000   45.000012327.3545   24.6024
    7.5000   22.5000   45.000011772.3594   24.5664
   -7.5000   30.0000   45.000011562.9775   24.2641
    0.0000   30.0000   45.000011969.6338   24.2842
    7.5000   30.0000   45.000011398.2275   24.2524
   -7.5000   37.5000   45.000011359.3789   24.2703
    0.0000   37.5000   45.000011748.7988   24.2972
    7.5000   37.5000   45.000011215.7236   24.2706
   -7.5000   45.0000   45.000010586.8760   23.7283
    0.0000   45.0000   45.000010969.5098   23.7591
    7.5000   45.0000   45.000010428.6914   23.7368

---------------------------------------------------------------------
imgreg_4dfp /opt/freesurfer/average/711-2C_as_mni_average_305 /opt/freesurfer/average/711-2B_as_mni_average_305_mask talsrcimg_g11 none talsrcimg_to_711-2C_as_mni_average_305_t4 4355
---------------------------------------------------------------------

freesurfer imgreg_4dfp.c
/opt/freesurfer/average/711-2C_as_mni_average_305.4dfp.img
       256       256       256         1
  1.000000  1.000000  1.000000
orientation T byte_order littleendian
Reading image: /opt/freesurfer/average/711-2C_as_mni_average_305.4dfp.img
dimensions:      256       256       256
mmppix:       1.0000   -1.0000   -1.0000
center:     128.0000 -129.0000 -129.0000
/opt/freesurfer/average/711-2B_as_mni_average_305_mask.4dfp.img
       256       256       256         1
  1.000000  1.000000  1.000000
orientation T byte_order littleendian
Reading mask: /opt/freesurfer/average/711-2B_as_mni_average_305_mask.4dfp.img (2306576 pixels)
talsrcimg_g11.4dfp.img
       256       256       256         1
  1.000000  1.000000  1.000000
orientation T byte_order littleendian
Reading image: talsrcimg_g11.4dfp.img
dimensions:      256       256       256
mmppix:       1.0000   -1.0000   -1.0000
center:     128.0000 -129.0000 -129.0000
rotation matrix determinant  1.000000
image alignment mode   4355 decimal     1103 hex
   -7.5000  -45.0000  -45.0000 1714.5999   39.9556
    0.0000  -45.0000  -45.0000 1722.8925   40.0175
    7.5000  -45.0000  -45.0000 1713.0553   40.4126
   -7.5000  -37.5000  -45.0000 1836.9846   34.9406
    0.0000  -37.5000  -45.0000 1843.6128   34.9173
    7.5000  -37.5000  -45.0000 1829.8428   35.2105
   -7.5000  -30.0000  -45.0000 1944.3094   31.2027
    0.0000  -30.0000  -45.0000 1956.0413   31.1242
    7.5000  -30.0000  -45.0000 1939.2399   31.3489
   -7.5000  -22.5000  -45.0000 2045.3955   28.2432
    0.0000  -22.5000  -45.0000 2055.5918   28.2024
    7.5000  -22.5000  -45.0000 2042.3849   28.4028
   -7.5000  -15.0000  -45.0000 2133.2922   26.0753
    0.0000  -15.0000  -45.0000 2144.1853   26.0312
    7.5000  -15.0000  -45.0000 2132.5024   26.1797
   -7.5000   -7.5000  -45.0000 2186.0322   24.5194
    0.0000   -7.5000  -45.0000 2198.7129   24.4746
    7.5000   -7.5000  -45.0000 2185.9963   24.5782
   -7.5000    0.0000  -45.0000 2219.3860   23.4632
    0.0000    0.0000  -45.0000 2230.1182   23.3667
    7.5000    0.0000  -45.0000 2215.7773   23.5428
   -7.5000    7.5000  -45.0000 2229.1765   22.9127
    0.0000    7.5000  -45.0000 2235.3611   22.8153
    7.5000    7.5000  -45.0000 2227.0881   22.9175
   -7.5000   15.0000  -45.0000 2227.3181   22.6661
    0.0000   15.0000  -45.0000 2229.7314   22.5652
    7.5000   15.0000  -45.0000 2218.8567   22.6495
   -7.5000   22.5000  -45.0000 2213.2485   22.8788
    0.0000   22.5000  -45.0000 2217.3965   22.7762
    7.5000   22.5000  -45.0000 2196.1494   22.8845
   -7.5000   30.0000  -45.0000 2183.4836   23.5664
    0.0000   30.0000  -45.0000 2184.9170   23.4166
    7.5000   30.0000  -45.0000 2163.6189   23.5973
   -7.5000   37.5000  -45.0000 2139.8618   24.7099
    0.0000   37.5000  -45.0000 2139.6023   24.6367
    7.5000   37.5000  -45.0000 2120.6465   24.8644
   -7.5000   45.0000  -45.0000 2071.5205   26.4125
    0.0000   45.0000  -45.0000 2070.0342   26.3374
    7.5000   45.0000  -45.0000 2045.4907   26.6450
   -7.5000  -45.0000  -37.5000 1788.6490   36.5866
    0.0000  -45.0000  -37.5000 1797.5824   36.7570
    7.5000  -45.0000  -37.5000 1780.9689   37.0113
   -7.5000  -37.5000  -37.5000 1919.9161   32.0695
    0.0000  -37.5000  -37.5000 1929.4143   32.0825
    7.5000  -37.5000  -37.5000 1911.9569   32.2587
   -7.5000  -30.0000  -37.5000 2031.4912   28.5634
    0.0000  -30.0000  -37.5000 2048.9001   28.5996
    7.5000  -30.0000  -37.5000 2035.8000   28.7657
   -7.5000  -22.5000  -37.5000 2141.4084   25.9549
    0.0000  -22.5000  -37.5000 2156.4175   26.0014
    7.5000  -22.5000  -37.5000 2144.4187   26.1160
   -7.5000  -15.0000  -37.5000 2235.0718   23.9544
    0.0000  -15.0000  -37.5000 2247.7898   23.9724
    7.5000  -15.0000  -37.5000 2236.3276   24.0755
   -7.5000   -7.5000  -37.5000 2290.0654   22.4928
    0.0000   -7.5000  -37.5000 2304.5493   22.4775
    7.5000   -7.5000  -37.5000 2291.2502   22.5583
   -7.5000    0.0000  -37.5000 2320.3425   21.4764
    0.0000    0.0000  -37.5000 2336.3977   21.4649
    7.5000    0.0000  -37.5000 2315.0999   21.5634
   -7.5000    7.5000  -37.5000 2337.5156   21.0243
    0.0000    7.5000  -37.5000 2343.9338   20.9276
    7.5000    7.5000  -37.5000 2323.6604   21.0467
   -7.5000   15.0000  -37.5000 2328.1541   20.7362
    0.0000   15.0000  -37.5000 2330.8296   20.6764
    7.5000   15.0000  -37.5000 2320.4661   20.7682
   -7.5000   22.5000  -37.5000 2318.3088   20.9049
    0.0000   22.5000  -37.5000 2320.8799   20.8514
    7.5000   22.5000  -37.5000 2297.6494   20.9160
   -7.5000   30.0000  -37.5000 2293.6475   21.5168
    0.0000   30.0000  -37.5000 2292.2126   21.4340
    7.5000   30.0000  -37.5000 2269.4124   21.5484
   -7.5000   37.5000  -37.5000 2249.9973   22.5940
    0.0000   37.5000  -37.5000 2247.7742   22.5637
    7.5000   37.5000  -37.5000 2224.8381   22.7061
   -7.5000   45.0000  -37.5000 2171.4761   24.1655
    0.0000   45.0000  -37.5000 2173.0581   24.1663
    7.5000   45.0000  -37.5000 2146.7200   24.3399
   -7.5000  -45.0000  -30.0000 1894.4220   35.0056
    0.0000  -45.0000  -30.0000 1900.9873   35.1311
    7.5000  -45.0000  -30.0000 1884.5488   35.2945
   -7.5000  -37.5000  -30.0000 2027.9100   30.6524
    0.0000  -37.5000  -30.0000 2038.8743   30.7449
    7.5000  -37.5000  -30.0000 2021.1613   30.8583
   -7.5000  -30.0000  -30.0000 2155.2808   27.2513
    0.0000  -30.0000  -30.0000 2168.4258   27.3149
    7.5000  -30.0000  -30.0000 2153.4246   27.4891
   -7.5000  -22.5000  -30.0000 2273.5090   24.6897
    0.0000  -22.5000  -30.0000 2289.2305   24.7373
    7.5000  -22.5000  -30.0000 2274.0366   24.8604
   -7.5000  -15.0000  -30.0000 2364.4578   22.7897
    0.0000  -15.0000  -30.0000 2381.5923   22.7615
    7.5000  -15.0000  -30.0000 2368.5608   22.8738
   -7.5000   -7.5000  -30.0000 2423.0073   21.3882
    0.0000   -7.5000  -30.0000 2442.3708   21.3137
    7.5000   -7.5000  -30.0000 2429.6567   21.4495
   -7.5000    0.0000  -30.0000 2462.5007   20.4295
    0.0000    0.0000  -30.0000 2473.9976   20.3221
    7.5000    0.0000  -30.0000 2459.7681   20.4840
   -7.5000    7.5000  -30.0000 2496.6855   19.9342
    0.0000    7.5000  -30.0000 2497.7261   19.8034
    7.5000    7.5000  -30.0000 2480.7275   19.9486
   -7.5000   15.0000  -30.0000 2491.4697   19.6866
    0.0000   15.0000  -30.0000 2491.7241   19.5591
    7.5000   15.0000  -30.0000 2473.8506   19.7089
   -7.5000   22.5000  -30.0000 2478.5842   19.8647
    0.0000   22.5000  -30.0000 2479.3213   19.7565
    7.5000   22.5000  -30.0000 2457.7610   19.9207
   -7.5000   30.0000  -30.0000 2450.3704   20.4521
    0.0000   30.0000  -30.0000 2451.9946   20.3585
    7.5000   30.0000  -30.0000 2423.8291   20.4835
   -7.5000   37.5000  -30.0000 2402.0903   21.4666
    0.0000   37.5000  -30.0000 2401.5261   21.4397
    7.5000   37.5000  -30.0000 2372.3428   21.5935
   -7.5000   45.0000  -30.0000 2316.1367   22.9685
    0.0000   45.0000  -30.0000 2314.6648   22.9561
    7.5000   45.0000  -30.0000 2289.6660   23.1183
   -7.5000  -45.0000  -22.5000 1965.4851   33.4185
    0.0000  -45.0000  -22.5000 1974.1815   33.4430
    7.5000  -45.0000  -22.5000 1957.7307   33.6174
   -7.5000  -37.5000  -22.5000 2108.1982   29.2070
    0.0000  -37.5000  -22.5000 2116.9106   29.1657
    7.5000  -37.5000  -22.5000 2102.8870   29.3892
   -7.5000  -30.0000  -22.5000 2248.3984   25.9882
    0.0000  -30.0000  -22.5000 2261.7419   25.9530
    7.5000  -30.0000  -22.5000 2242.3896   26.1341
   -7.5000  -22.5000  -22.5000 2369.8049   23.4749
    0.0000  -22.5000  -22.5000 2384.6790   23.4421
    7.5000  -22.5000  -22.5000 2369.8894   23.5822
   -7.5000  -15.0000  -22.5000 2466.6389   21.5710
    0.0000  -15.0000  -22.5000 2485.5178   21.4920
    7.5000  -15.0000  -22.5000 2475.6956   21.6427
   -7.5000   -7.5000  -22.5000 2540.0176   20.2487
    0.0000   -7.5000  -22.5000 2553.4275   20.1090
    7.5000   -7.5000  -22.5000 2543.7625   20.2942
   -7.5000    0.0000  -22.5000 2591.0066   19.3176
    0.0000    0.0000  -22.5000 2591.5571   19.1466
    7.5000    0.0000  -22.5000 2575.6809   19.3357
   -7.5000    7.5000  -22.5000 2630.0676   18.8098
    0.0000    7.5000  -22.5000 2631.5769   18.6254
    7.5000    7.5000  -22.5000 2607.1646   18.7862
   -7.5000   15.0000  -22.5000 2632.9473   18.5667
    0.0000   15.0000  -22.5000 2634.5945   18.4376
    7.5000   15.0000  -22.5000 2608.9192   18.5844
   -7.5000   22.5000  -22.5000 2616.9197   18.7373
    0.0000   22.5000  -22.5000 2619.4155   18.6158
    7.5000   22.5000  -22.5000 2593.5068   18.7985
   -7.5000   30.0000  -22.5000 2585.1572   19.3276
    0.0000   30.0000  -22.5000 2592.1104   19.2333
    7.5000   30.0000  -22.5000 2559.3677   19.3901
   -7.5000   37.5000  -22.5000 2531.7505   20.2956
    0.0000   37.5000  -22.5000 2531.0940   20.2362
    7.5000   37.5000  -22.5000 2499.8303   20.3956
   -7.5000   45.0000  -22.5000 2438.4673   21.7337
    0.0000   45.0000  -22.5000 2439.5569   21.6360
    7.5000   45.0000  -22.5000 2405.7847   21.8021
   -7.5000  -45.0000  -15.0000 2009.6943   32.0622
    0.0000  -45.0000  -15.0000 2014.9697   31.9311
    7.5000  -45.0000  -15.0000 2003.6689   32.2217
   -7.5000  -37.5000  -15.0000 2156.8479   27.9846
    0.0000  -37.5000  -15.0000 2173.2207   27.8284
    7.5000  -37.5000  -15.0000 2157.4199   28.0874
   -7.5000  -30.0000  -15.0000 2299.6040   24.8314
    0.0000  -30.0000  -15.0000 2317.7163   24.7146
    7.5000  -30.0000  -15.0000 2305.7280   24.9894
   -7.5000  -22.5000  -15.0000 2429.7014   22.3895
    0.0000  -22.5000  -15.0000 2445.4133   22.3213
    7.5000  -22.5000  -15.0000 2434.6394   22.5426
   -7.5000  -15.0000  -15.0000 2543.1033   20.5355
    0.0000  -15.0000  -15.0000 2556.6702   20.4541
    7.5000  -15.0000  -15.0000 2546.0229   20.6454
   -7.5000   -7.5000  -15.0000 2632.5925   19.1884
    0.0000   -7.5000  -15.0000 2639.6091   19.0329
    7.5000   -7.5000  -15.0000 2626.4299   19.2144
   -7.5000    0.0000  -15.0000 2684.9546   18.2627
    0.0000    0.0000  -15.0000 2685.8975   18.0844
    7.5000    0.0000  -15.0000 2667.7241   18.2780
   -7.5000    7.5000  -15.0000 2721.3672   17.7068
    0.0000    7.5000  -15.0000 2725.0054   17.5644
    7.5000    7.5000  -15.0000 2700.4001   17.7188
   -7.5000   15.0000  -15.0000 2734.4792   17.5136
    0.0000   15.0000  -15.0000 2735.2161   17.3591
    7.5000   15.0000  -15.0000 2706.6294   17.4849
   -7.5000   22.5000  -15.0000 2727.3694   17.6733
    0.0000   22.5000  -15.0000 2731.0017   17.5357
    7.5000   22.5000  -15.0000 2702.3442   17.7264
   -7.5000   30.0000  -15.0000 2690.3428   18.2825
    0.0000   30.0000  -15.0000 2695.8892   18.1475
    7.5000   30.0000  -15.0000 2664.7295   18.3479
   -7.5000   37.5000  -15.0000 2628.1387   19.2476
    0.0000   37.5000  -15.0000 2628.1890   19.1311
    7.5000   37.5000  -15.0000 2596.3384   19.3472
   -7.5000   45.0000  -15.0000 2530.5681   20.6442
    0.0000   45.0000  -15.0000 2528.4482   20.4790
    7.5000   45.0000  -15.0000 2497.2493   20.6806
   -7.5000  -45.0000   -7.5000 2043.9819   31.0073
    0.0000  -45.0000   -7.5000 2052.7161   30.8486
    7.5000  -45.0000   -7.5000 2037.9163   31.1346
   -7.5000  -37.5000   -7.5000 2196.8972   26.9611
    0.0000  -37.5000   -7.5000 2209.6934   26.8598
    7.5000  -37.5000   -7.5000 2194.8337   27.1121
   -7.5000  -30.0000   -7.5000 2336.1074   23.8415
    0.0000  -30.0000   -7.5000 2355.6304   23.7578
    7.5000  -30.0000   -7.5000 2344.7720   24.0141
   -7.5000  -22.5000   -7.5000 2474.5652   21.4899
    0.0000  -22.5000   -7.5000 2490.6558   21.3885
    7.5000  -22.5000   -7.5000 2473.9463   21.5976
   -7.5000  -15.0000   -7.5000 2601.7468   19.6663
    0.0000  -15.0000   -7.5000 2613.1592   19.5487
    7.5000  -15.0000   -7.5000 2593.4702   19.7394
   -7.5000   -7.5000   -7.5000 2699.7297   18.3089
    0.0000   -7.5000   -7.5000 2709.3225   18.1648
    7.5000   -7.5000   -7.5000 2682.0029   18.3097
   -7.5000    0.0000   -7.5000 2761.0173   17.3316
    0.0000    0.0000   -7.5000 2768.1465   17.1813
    7.5000    0.0000   -7.5000 2741.7058   17.3015
   -7.5000    7.5000   -7.5000 2803.3179   16.7245
    0.0000    7.5000   -7.5000 2806.0842   16.5904
    7.5000    7.5000   -7.5000 2775.8323   16.7023
   -7.5000   15.0000   -7.5000 2817.9844   16.5270
    0.0000   15.0000   -7.5000 2819.9458   16.3686
    7.5000   15.0000   -7.5000 2789.3765   16.4940
   -7.5000   22.5000   -7.5000 2811.6467   16.7360
    0.0000   22.5000   -7.5000 2812.0327   16.5631
    7.5000   22.5000   -7.5000 2789.7092   16.7395
   -7.5000   30.0000   -7.5000 2776.2620   17.2948
    0.0000   30.0000   -7.5000 2775.2351   17.1504
    7.5000   30.0000   -7.5000 2749.2615   17.3597
   -7.5000   37.5000   -7.5000 2699.9116   18.2600
    0.0000   37.5000   -7.5000 2700.8621   18.1673
    7.5000   37.5000   -7.5000 2668.5320   18.4064
   -7.5000   45.0000   -7.5000 2598.5278   19.6743
    0.0000   45.0000   -7.5000 2593.8657   19.5393
    7.5000   45.0000   -7.5000 2561.7683   19.7821
   -7.5000  -45.0000    0.0000 2067.2053   30.3195
    0.0000  -45.0000    0.0000 2077.0969   30.1992
    7.5000  -45.0000    0.0000 2059.9570   30.4671
   -7.5000  -37.5000    0.0000 2220.7329   26.2352
    0.0000  -37.5000    0.0000 2229.0115   26.1618
    7.5000  -37.5000    0.0000 2211.8936   26.4023
   -7.5000  -30.0000    0.0000 2360.8096   23.1637
    0.0000  -30.0000    0.0000 2377.7390   23.0078
    7.5000  -30.0000    0.0000 2361.1838   23.2152
   -7.5000  -22.5000    0.0000 2499.7166   20.8660
    0.0000  -22.5000    0.0000 2514.0593   20.6820
    7.5000  -22.5000    0.0000 2499.5195   20.8404
   -7.5000  -15.0000    0.0000 2631.5210   19.0566
    0.0000  -15.0000    0.0000 2645.3892   18.8939
    7.5000  -15.0000    0.0000 2621.0088   18.9902
   -7.5000   -7.5000    0.0000 2744.8391   17.6795
    0.0000   -7.5000    0.0000 2755.0950   17.5107
    7.5000   -7.5000    0.0000 2725.9148   17.5754
   -7.5000    0.0000    0.0000 2823.3481   16.6078
    0.0000    0.0000    0.0000 2828.6758   16.4538
    7.5000    0.0000    0.0000 2796.0249   16.5197
   -7.5000    7.5000    0.0000 2870.4983   15.9199
    0.0000    7.5000    0.0000 2873.3987   15.7936
    7.5000    7.5000    0.0000 2837.4607   15.9053
   -7.5000   15.0000    0.0000 2892.6357   15.7598
    0.0000   15.0000    0.0000 2890.1665   15.5845
    7.5000   15.0000    0.0000 2856.7681   15.7633
   -7.5000   22.5000    0.0000 2878.1458   15.9865
    0.0000   22.5000    0.0000 2875.2708   15.7919
    7.5000   22.5000    0.0000 2854.6172   16.0022
   -7.5000   30.0000    0.0000 2831.4583   16.5961
    0.0000   30.0000    0.0000 2830.4690   16.4304
    7.5000   30.0000    0.0000 2804.9373   16.6602
   -7.5000   37.5000    0.0000 2752.8867   17.6033
    0.0000   37.5000    0.0000 2753.9910   17.4608
    7.5000   37.5000    0.0000 2724.0554   17.7304
   -7.5000   45.0000    0.0000 2641.9978   18.9934
    0.0000   45.0000    0.0000 2638.5596   18.8438
    7.5000   45.0000    0.0000 2606.6013   19.1006
   -7.5000  -45.0000    7.5000 2075.5547   30.1122
    0.0000  -45.0000    7.5000 2084.2954   29.7829
    7.5000  -45.0000    7.5000 2069.3999   30.0382
   -7.5000  -37.5000    7.5000 2226.5479   25.9178
    0.0000  -37.5000    7.5000 2234.0957   25.6781
    7.5000  -37.5000    7.5000 2218.7136   25.8595
   -7.5000  -30.0000    7.5000 2375.8367   22.8036
    0.0000  -30.0000    7.5000 2379.0649   22.4988
    7.5000  -30.0000    7.5000 2364.2429   22.6961
   -7.5000  -22.5000    7.5000 2512.9084   20.4054
    0.0000  -22.5000    7.5000 2523.2827   20.1887
    7.5000  -22.5000    7.5000 2505.6902   20.2942
   -7.5000  -15.0000    7.5000 2647.2598   18.6287
    0.0000  -15.0000    7.5000 2654.6086   18.4181
    7.5000  -15.0000    7.5000 2629.7671   18.4644
   -7.5000   -7.5000    7.5000 2768.2786   17.2721
    0.0000   -7.5000    7.5000 2778.0640   17.0940
    7.5000   -7.5000    7.5000 2744.8210   17.0686
   -7.5000    0.0000    7.5000 2859.4580   16.1336
    0.0000    0.0000    7.5000 2873.4216   16.0108
    7.5000    0.0000    7.5000 2829.8706   15.9788
   -7.5000    7.5000    7.5000 2918.5952   15.2786
    0.0000    7.5000    7.5000 2930.0413   15.1133
    7.5000    7.5000    7.5000 2882.7878   15.3048
   -7.5000   15.0000    7.5000 2944.1455   15.1618
    0.0000   15.0000    7.5000 2948.7771   14.9322
    7.5000   15.0000    7.5000 2906.4675   15.2263
   -7.5000   22.5000    7.5000 2924.1594   15.5576
    0.0000   22.5000    7.5000 2930.3877   15.3497
    7.5000   22.5000    7.5000 2893.9644   15.6177
   -7.5000   30.0000    7.5000 2868.2991   16.2075
    0.0000   30.0000    7.5000 2872.1570   16.0386
    7.5000   30.0000    7.5000 2839.1631   16.2494
   -7.5000   37.5000    7.5000 2782.3386   17.1799
    0.0000   37.5000    7.5000 2784.2710   17.0343
    7.5000   37.5000    7.5000 2755.4631   17.2511
   -7.5000   45.0000    7.5000 2666.1025   18.5698
    0.0000   45.0000    7.5000 2663.6565   18.4006
    7.5000   45.0000    7.5000 2632.1328   18.5739
   -7.5000  -45.0000   15.0000 2062.8965   30.1544
    0.0000  -45.0000   15.0000 2074.5222   29.8410
    7.5000  -45.0000   15.0000 2054.1589   29.8828
   -7.5000  -37.5000   15.0000 2218.2161   25.9085
    0.0000  -37.5000   15.0000 2224.4370   25.4937
    7.5000  -37.5000   15.0000 2208.7012   25.6582
   -7.5000  -30.0000   15.0000 2368.3330   22.7134
    0.0000  -30.0000   15.0000 2368.9775   22.3337
    7.5000  -30.0000   15.0000 2355.7363   22.4906
   -7.5000  -22.5000   15.0000 2509.3306   20.3177
    0.0000  -22.5000   15.0000 2508.5635   19.9646
    7.5000  -22.5000   15.0000 2492.5300   20.0784
   -7.5000  -15.0000   15.0000 2641.9119   18.5111
    0.0000  -15.0000   15.0000 2640.5767   18.1710
    7.5000  -15.0000   15.0000 2615.9858   18.2604
   -7.5000   -7.5000   15.0000 2766.4451   17.1198
    0.0000   -7.5000   15.0000 2764.3552   16.8284
    7.5000   -7.5000   15.0000 2737.0764   16.8529
   -7.5000    0.0000   15.0000 2858.1023   15.9163
    0.0000    0.0000   15.0000 2866.3350   15.7460
    7.5000    0.0000   15.0000 2829.4697   15.7423
   -7.5000    7.5000   15.0000 2911.4280   15.0229
    0.0000    7.5000   15.0000 2928.5525   14.8316
    7.5000    7.5000   15.0000 2887.5354   15.0884
   -7.5000   15.0000   15.0000 2953.9441   14.8999
    0.0000   15.0000   15.0000 2980.4397   14.7473
    7.5000   15.0000   15.0000 2922.0400   15.0056
   -7.5000   22.5000   15.0000 2939.5325   15.3649
    0.0000   22.5000   15.0000 2959.2959   15.2430
    7.5000   22.5000   15.0000 2912.6230   15.4073
   -7.5000   30.0000   15.0000 2878.5461   16.0937
    0.0000   30.0000   15.0000 2885.4375   15.9384
    7.5000   30.0000   15.0000 2849.4326   16.0653
   -7.5000   37.5000   15.0000 2787.1565   17.0672
    0.0000   37.5000   15.0000 2786.2146   16.8914
    7.5000   37.5000   15.0000 2761.8398   17.0390
   -7.5000   45.0000   15.0000 2671.7522   18.3896
    0.0000   45.0000   15.0000 2667.7070   18.2083
    7.5000   45.0000   15.0000 2637.1633   18.3935
   -7.5000  -45.0000   22.5000 2046.3710   30.5854
    0.0000  -45.0000   22.5000 2050.5356   30.1233
    7.5000  -45.0000   22.5000 2030.9133   30.2975
   -7.5000  -37.5000   22.5000 2208.6062   26.2901
    0.0000  -37.5000   22.5000 2207.9478   25.7206
    7.5000  -37.5000   22.5000 2191.9343   25.9405
   -7.5000  -30.0000   22.5000 2359.1826   23.0525
    0.0000  -30.0000   22.5000 2352.9133   22.5175
    7.5000  -30.0000   22.5000 2339.7952   22.7404
   -7.5000  -22.5000   22.5000 2498.1628   20.6091
    0.0000  -22.5000   22.5000 2489.8210   20.1442
    7.5000  -22.5000   22.5000 2474.2070   20.3122
   -7.5000  -15.0000   22.5000 2629.8706   18.7541
    0.0000  -15.0000   22.5000 2621.1279   18.3529
    7.5000  -15.0000   22.5000 2600.8567   18.4733
   -7.5000   -7.5000   22.5000 2747.8684   17.2531
    0.0000   -7.5000   22.5000 2743.5576   17.0185
    7.5000   -7.5000   22.5000 2719.1621   17.0314
   -7.5000    0.0000   22.5000 2829.9270   16.0490
    0.0000    0.0000   22.5000 2827.6907   15.8685
    7.5000    0.0000   22.5000 2800.5386   16.0232
   -7.5000    7.5000   22.5000 2896.5632   15.4058
    0.0000    7.5000   22.5000 2907.7363   15.2876
    7.5000    7.5000   22.5000 2866.7224   15.3961
   -7.5000   15.0000   22.5000 2937.6899   15.2716
    0.0000   15.0000   22.5000 2956.7107   15.1923
    7.5000   15.0000   22.5000 2902.8804   15.2534
   -7.5000   22.5000   22.5000 2925.3384   15.5640
    0.0000   22.5000   22.5000 2944.4631   15.5132
    7.5000   22.5000   22.5000 2894.0732   15.5471
   -7.5000   30.0000   22.5000 2868.6353   16.2293
    0.0000   30.0000   22.5000 2871.1050   16.1455
    7.5000   30.0000   22.5000 2836.3545   16.1857
   -7.5000   37.5000   22.5000 2779.2153   17.2238
    0.0000   37.5000   22.5000 2777.1211   17.0674
    7.5000   37.5000   22.5000 2749.9570   17.1778
   -7.5000   45.0000   22.5000 2661.7864   18.4896
    0.0000   45.0000   22.5000 2656.6790   18.3311
    7.5000   45.0000   22.5000 2630.9756   18.4817
   -7.5000  -45.0000   30.0000 2023.8521   31.3085
    0.0000  -45.0000   30.0000 2023.6595   30.7966
    7.5000  -45.0000   30.0000 2001.1809   31.0164
   -7.5000  -37.5000   30.0000 2184.5964   26.9267
    0.0000  -37.5000   30.0000 2185.1973   26.3884
    7.5000  -37.5000   30.0000 2163.6338   26.6194
   -7.5000  -30.0000   30.0000 2338.7566   23.6287
    0.0000  -30.0000   30.0000 2332.3381   23.1413
    7.5000  -30.0000   30.0000 2314.3044   23.4126
   -7.5000  -22.5000   30.0000 2479.0293   21.1908
    0.0000  -22.5000   30.0000 2469.5452   20.7531
    7.5000  -22.5000   30.0000 2450.8857   21.0287
   -7.5000  -15.0000   30.0000 2604.2854   19.2875
    0.0000  -15.0000   30.0000 2593.0149   18.9400
    7.5000  -15.0000   30.0000 2577.8633   19.1516
   -7.5000   -7.5000   30.0000 2711.5291   17.7456
    0.0000   -7.5000   30.0000 2694.4368   17.4198
    7.5000   -7.5000   30.0000 2686.3513   17.6782
   -7.5000    0.0000   30.0000 2796.6504   16.5964
    0.0000    0.0000   30.0000 2787.3364   16.3278
    7.5000    0.0000   30.0000 2769.2896   16.6293
   -7.5000    7.5000   30.0000 2874.1101   16.0549
    0.0000    7.5000   30.0000 2868.3828   15.8741
    7.5000    7.5000   30.0000 2840.0042   16.0674
   -7.5000   15.0000   30.0000 2903.2566   15.9288
    0.0000   15.0000   30.0000 2900.8313   15.7743
    7.5000   15.0000   30.0000 2862.9802   15.8976
   -7.5000   22.5000   30.0000 2878.3188   16.1543
    0.0000   22.5000   30.0000 2882.5410   15.9811
    7.5000   22.5000   30.0000 2844.8916   16.0836
   -7.5000   30.0000   30.0000 2819.4856   16.7421
    0.0000   30.0000   30.0000 2818.3896   16.6028
    7.5000   30.0000   30.0000 2789.0732   16.6612
   -7.5000   37.5000   30.0000 2737.4036   17.6412
    0.0000   37.5000   30.0000 2733.6567   17.5170
    7.5000   37.5000   30.0000 2707.9722   17.6175
   -7.5000   45.0000   30.0000 2626.9221   18.8964
    0.0000   45.0000   30.0000 2625.1628   18.7176
    7.5000   45.0000   30.0000 2602.0603   18.8735
   -7.5000  -45.0000   37.5000 1989.5568   32.2758
    0.0000  -45.0000   37.5000 1988.4188   31.6931
    7.5000  -45.0000   37.5000 1970.4153   32.1077
   -7.5000  -37.5000   37.5000 2152.2581   27.7921
    0.0000  -37.5000   37.5000 2149.2769   27.2668
    7.5000  -37.5000   37.5000 2132.2705   27.7304
   -7.5000  -30.0000   37.5000 2309.3784   24.4696
    0.0000  -30.0000   37.5000 2296.5808   23.9622
    7.5000  -30.0000   37.5000 2282.2200   24.4103
   -7.5000  -22.5000   37.5000 2445.5425   21.9911
    0.0000  -22.5000   37.5000 2435.5005   21.5581
    7.5000  -22.5000   37.5000 2416.5596   21.9075
   -7.5000  -15.0000   37.5000 2561.8481   19.9460
    0.0000  -15.0000   37.5000 2551.2937   19.5627
    7.5000  -15.0000   37.5000 2537.9900   19.9391
   -7.5000   -7.5000   37.5000 2670.1411   18.4003
    0.0000   -7.5000   37.5000 2659.6116   18.0575
    7.5000   -7.5000   37.5000 2649.1230   18.4368
   -7.5000    0.0000   37.5000 2757.9353   17.3568
    0.0000    0.0000   37.5000 2747.5864   17.0640
    7.5000    0.0000   37.5000 2727.8206   17.3859
   -7.5000    7.5000   37.5000 2820.5115   16.8300
    0.0000    7.5000   37.5000 2814.7957   16.6107
    7.5000    7.5000   37.5000 2791.6633   16.8667
   -7.5000   15.0000   37.5000 2837.5603   16.6694
    0.0000   15.0000   37.5000 2833.8547   16.4509
    7.5000   15.0000   37.5000 2803.8567   16.6494
   -7.5000   22.5000   37.5000 2815.4409   16.8841
    0.0000   22.5000   37.5000 2813.0347   16.6331
    7.5000   22.5000   37.5000 2782.6521   16.7946
   -7.5000   30.0000   37.5000 2753.4253   17.4390
    0.0000   30.0000   37.5000 2746.6855   17.2068
    7.5000   30.0000   37.5000 2727.8809   17.3392
   -7.5000   37.5000   37.5000 2671.7278   18.2930
    0.0000   37.5000   37.5000 2672.9431   18.1339
    7.5000   37.5000   37.5000 2651.4885   18.2612
   -7.5000   45.0000   37.5000 2565.4988   19.5453
    0.0000   45.0000   37.5000 2567.2903   19.4083
    7.5000   45.0000   37.5000 2546.9189   19.5334
   -7.5000  -45.0000   45.0000 1956.7897   33.4276
    0.0000  -45.0000   45.0000 1953.9800   32.8780
    7.5000  -45.0000   45.0000 1935.5432   33.2613
   -7.5000  -37.5000   45.0000 2114.7363   28.8752
    0.0000  -37.5000   45.0000 2112.4504   28.3608
    7.5000  -37.5000   45.0000 2093.3687   28.7817
   -7.5000  -30.0000   45.0000 2265.0674   25.4876
    0.0000  -30.0000   45.0000 2260.5789   25.0061
    7.5000  -30.0000   45.0000 2238.7808   25.3953
   -7.5000  -22.5000   45.0000 2391.1431   22.8334
    0.0000  -22.5000   45.0000 2386.0842   22.4179
    7.5000  -22.5000   45.0000 2369.8000   22.8407
   -7.5000  -15.0000   45.0000 2506.3262   20.7756
    0.0000  -15.0000   45.0000 2504.4529   20.4223
    7.5000  -15.0000   45.0000 2486.1064   20.8119
   -7.5000   -7.5000   45.0000 2618.3647   19.3243
    0.0000   -7.5000   45.0000 2614.7021   18.9760
    7.5000   -7.5000   45.0000 2593.9668   19.3568
   -7.5000    0.0000   45.0000 2694.7263   18.2794
    0.0000    0.0000   45.0000 2687.3862   18.0194
    7.5000    0.0000   45.0000 2665.0896   18.3283
   -7.5000    7.5000   45.0000 2743.0496   17.7472
    0.0000    7.5000   45.0000 2737.9004   17.5254
    7.5000    7.5000   45.0000 2719.1814   17.7930
   -7.5000   15.0000   45.0000 2755.8252   17.5282
    0.0000   15.0000   45.0000 2752.3376   17.3169
    7.5000   15.0000   45.0000 2735.2048   17.5448
   -7.5000   22.5000   45.0000 2732.5662   17.6956
    0.0000   22.5000   45.0000 2729.7505   17.4527
    7.5000   22.5000   45.0000 2709.6277   17.6727
   -7.5000   30.0000   45.0000 2678.0144   18.2388
    0.0000   30.0000   45.0000 2677.3914   17.9940
    7.5000   30.0000   45.0000 2651.1416   18.1846
   -7.5000   37.5000   45.0000 2592.1284   19.1039
    0.0000   37.5000   45.0000 2593.0076   18.9127
    7.5000   37.5000   45.0000 2578.9783   19.1392
   -7.5000   45.0000   45.0000 2486.4688   20.4290
    0.0000   45.0000   45.0000 2487.7144   20.2604
    7.5000   45.0000   45.0000 2466.2053   20.4225

---------------------------------------------------------------------
imgreg_4dfp /opt/freesurfer/average/711-2C_as_mni_average_305 /opt/freesurfer/average/711-2B_as_mni_average_305_mask talsrcimg_g11 none talsrcimg_to_711-2C_as_mni_average_305_t4 1283
---------------------------------------------------------------------

freesurfer imgreg_4dfp.c
/opt/freesurfer/average/711-2C_as_mni_average_305.4dfp.img
       256       256       256         1
  1.000000  1.000000  1.000000
orientation T byte_order littleendian
Reading image: /opt/freesurfer/average/711-2C_as_mni_average_305.4dfp.img
dimensions:      256       256       256
mmppix:       1.0000   -1.0000   -1.0000
center:     128.0000 -129.0000 -129.0000
/opt/freesurfer/average/711-2B_as_mni_average_305_mask.4dfp.img
       256       256       256         1
  1.000000  1.000000  1.000000
orientation T byte_order littleendian
Reading mask: /opt/freesurfer/average/711-2B_as_mni_average_305_mask.4dfp.img (2306576 pixels)
talsrcimg_g11.4dfp.img
       256       256       256         1
  1.000000  1.000000  1.000000
orientation T byte_order littleendian
Reading image: talsrcimg_g11.4dfp.img
dimensions:      256       256       256
mmppix:       1.0000   -1.0000   -1.0000
center:     128.0000 -129.0000 -129.0000
rotation matrix determinant  1.000000
fimgreg.f
image alignment mode   1283 decimal      503 hex
parameters
    0.0000   15.0000   15.0000    0.0000    0.0000    0.0000
eta,q 0.93580 14.75836
niter,ni,del,rscale     5    3   12.0000    1.2000
parameter  5 -0.668970 -> -0.500000 qaram    1.1500
parameter  6 -1.019710 -> -0.500000 qaram    1.1500
parameters
   -1.2303   17.7357   13.8993    0.5000    3.4500    3.4500
eta,q 0.94448 14.73194
  0.0726  0.0754  0.0680  0.0679  0.0728  0.0674
  0.0694  0.0722  0.0639  0.0649  0.0691  0.0649
  0.0648  0.0689  0.0623  0.0627  0.0655  0.0616
  0.0640  0.0635  0.0632  0.0622  0.0620  0.0587
  0.0686  0.0626  0.0669  0.0620  0.0593  0.0564
  0.0765  0.0648  0.0690  0.0631  0.0589  0.0554
  0.0837  0.0655  0.0678  0.0666  0.0610  0.0561
niter,ni,del,rscale     6    3   12.0000    1.2000
parameters
   -2.1191   17.0235   13.5433    0.9289    4.0468    4.9422
eta,q 0.94651 14.70302
  0.0671  0.0680  0.0644  0.0644  0.0639  0.0637
  0.0616  0.0602  0.0587  0.0592  0.0610  0.0596
  0.0564  0.0544  0.0544  0.0551  0.0571  0.0561
  0.0555  0.0551  0.0542  0.0539  0.0539  0.0538
  0.0607  0.0595  0.0587  0.0547  0.0548  0.0537
  0.0677  0.0665  0.0630  0.0572  0.0582  0.0555
  0.0753  0.0736  0.0634  0.0617  0.0620  0.0580
niter,ni,del,rscale     5    3   12.0000    1.2000
parameters
   -2.5537   16.6023   13.5803    1.1386    4.3494    5.2851
eta,q 0.94682 14.67044
  0.0671  0.0692  0.0643  0.0639  0.0623  0.0615
  0.0612  0.0612  0.0600  0.0582  0.0596  0.0577
  0.0556  0.0547  0.0551  0.0540  0.0559  0.0546
  0.0535  0.0534  0.0532  0.0532  0.0533  0.0532
  0.0574  0.0572  0.0566  0.0545  0.0545  0.0543
  0.0642  0.0650  0.0612  0.0574  0.0578  0.0565
  0.0712  0.0735  0.0626  0.0620  0.0617  0.0601
niter,ni,del,rscale     4    3   12.0000    1.2000
parameters
   -2.7452   16.4216   13.6333    1.2599    4.4420    5.4288
eta,q 0.94676 14.65338
  0.0679  0.0700  0.0640  0.0637  0.0619  0.0612
  0.0618  0.0625  0.0601  0.0579  0.0592  0.0575
  0.0558  0.0555  0.0554  0.0539  0.0556  0.0544
  0.0532  0.0532  0.0532  0.0532  0.0532  0.0532
  0.0563  0.0562  0.0566  0.0547  0.0548  0.0544
  0.0629  0.0635  0.0610  0.0577  0.0581  0.0568
  0.0699  0.0724  0.0625  0.0623  0.0622  0.0606
niter,ni,del,rscale     3    3   12.0000    1.2000
parameters
   -2.8133   16.3340   13.6844    1.3256    4.4516    5.4824
eta,q 0.94668 14.64622
  0.0685  0.0703  0.0638  0.0635  0.0618  0.0611
  0.0623  0.0630  0.0602  0.0577  0.0591  0.0574
  0.0562  0.0560  0.0556  0.0539  0.0555  0.0544
  0.0532  0.0533  0.0533  0.0533  0.0533  0.0533
  0.0559  0.0559  0.0567  0.0548  0.0550  0.0546
  0.0624  0.0629  0.0610  0.0578  0.0583  0.0570
  0.0695  0.0720  0.0625  0.0625  0.0624  0.0609
niter,ni,del,rscale     2    3   12.0000    1.2000
parameters
   -2.8332   16.2920   13.7232    1.3655    4.4419    5.5021
eta,q 0.94665 14.64373
  0.0687  0.0704  0.0638  0.0634  0.0618  0.0610
  0.0626  0.0632  0.0602  0.0577  0.0591  0.0574
  0.0564  0.0562  0.0556  0.0539  0.0555  0.0544
  0.0533  0.0533  0.0533  0.0533  0.0534  0.0534
  0.0558  0.0558  0.0568  0.0549  0.0550  0.0546
  0.0623  0.0627  0.0611  0.0579  0.0584  0.0571
  0.0694  0.0717  0.0625  0.0625  0.0625  0.0610
registration optimization eta report
parameter search radius
    6.0000    6.0000    6.0000    6.0000    6.9000    6.9000
100000*second partial in parameter space
       42.       48.       24.       27.       17.       16.
  0.0687  0.0704  0.0638  0.0634  0.0618  0.0610
  0.0626  0.0632  0.0602  0.0577  0.0591  0.0574
  0.0564  0.0562  0.0556  0.0539  0.0555  0.0544
  0.0533  0.0533  0.0533  0.0533  0.0534  0.0534
  0.0558  0.0558  0.0568  0.0549  0.0550  0.0546
  0.0623  0.0627  0.0611  0.0579  0.0584  0.0571
  0.0694  0.0717  0.0625  0.0625  0.0625  0.0610
   -2.8332   16.2920   13.7232    1.3655    4.4419    5.5021
eta,q 0.94665 14.64373

---------------------------------------------------------------------
imgreg_4dfp /opt/freesurfer/average/711-2C_as_mni_average_305 /opt/freesurfer/average/711-2B_as_mni_average_305_mask talsrcimg_g11 none talsrcimg_to_711-2C_as_mni_average_305_t4 3335
---------------------------------------------------------------------

freesurfer imgreg_4dfp.c
/opt/freesurfer/average/711-2C_as_mni_average_305.4dfp.img
       256       256       256         1
  1.000000  1.000000  1.000000
orientation T byte_order littleendian
Reading image: /opt/freesurfer/average/711-2C_as_mni_average_305.4dfp.img
dimensions:      256       256       256
mmppix:       1.0000   -1.0000   -1.0000
center:     128.0000 -129.0000 -129.0000
/opt/freesurfer/average/711-2B_as_mni_average_305_mask.4dfp.img
       256       256       256         1
  1.000000  1.000000  1.000000
orientation T byte_order littleendian
Reading mask: /opt/freesurfer/average/711-2B_as_mni_average_305_mask.4dfp.img (2306576 pixels)
talsrcimg_g11.4dfp.img
       256       256       256         1
  1.000000  1.000000  1.000000
orientation T byte_order littleendian
Reading image: talsrcimg_g11.4dfp.img
dimensions:      256       256       256
mmppix:       1.0000   -1.0000   -1.0000
center:     128.0000 -129.0000 -129.0000
fimgreg.f
image alignment mode   3335 decimal      D07 hex
parameters
   -2.8332   16.2920   13.7232   -0.7597   -0.5067   -0.3287
   -9.7692   -7.4785    9.5594   -3.1144    7.7449    2.3758
eta,q 0.94309 14.78343
niter,ni,del,rscale     5    3    5.0000    1.2000
parameter  4  1.478950 ->  0.500000 qaram    1.1500
parameter  5  0.927964 ->  0.500000 qaram    1.1500
parameter  6  1.271842 ->  0.500000 qaram    1.1500
parameter 10 -0.788871 -> -0.500000 qaram    1.1500
parameter 12 -1.491393 -> -0.500000 qaram    1.1500
parameters
   -2.8272   15.8010   14.1669   -4.8997   -4.6467   -4.4687
  -11.9662   -4.4006    8.5015    1.0256    7.2692    6.5158
eta,q 0.95357 14.41780
  0.0593  0.0578  0.0590  0.0520  0.0507  0.0468  0.0489  0.0546  0.0485  0.0508  0.0475  0.0477
  0.0580  0.0573  0.0580  0.0529  0.0509  0.0480  0.0484  0.0518  0.0479  0.0496  0.0472  0.0474
  0.0572  0.0570  0.0572  0.0545  0.0517  0.0493  0.0483  0.0496  0.0476  0.0484  0.0470  0.0472
  0.0569  0.0569  0.0569  0.0569  0.0533  0.0510  0.0484  0.0483  0.0476  0.0476  0.0469  0.0469
  0.0572  0.0572  0.0570  0.0599  0.0550  0.0538  0.0488  0.0477  0.0479  0.0471  0.0469  0.0466
  0.0580  0.0581  0.0573  0.0632  0.0576  0.0571  0.0495  0.0478  0.0484  0.0468  0.0472  0.0464
  0.0593  0.0594  0.0578  0.0670  0.0610  0.0610  0.0503  0.0488  0.0491  0.0469  0.0478  0.0465
niter,ni,del,rscale     7    3    5.0000    1.2000
parameter  4  0.705168 ->  0.500000 qaram    1.3225
parameter  5  1.287514 ->  0.500000 qaram    1.3225
parameter  6  0.517758 ->  0.500000 qaram    1.3225
parameter 12  2.230803 ->  0.500000 qaram    1.3225
parameters
   -2.0296   15.2146   13.4679   -9.6607   -9.4077   -9.2297
  -10.7701   -4.8540    8.6338   -1.6660    7.6900    1.7548
eta,q 0.95985 13.78989
  0.0509  0.0471  0.0467  0.0441  0.0409  0.0417  0.0433  0.0442  0.0427  0.0425  0.0414  0.0399
  0.0489  0.0464  0.0462  0.0443  0.0421  0.0414  0.0424  0.0426  0.0419  0.0412  0.0411  0.0401
  0.0473  0.0461  0.0460  0.0449  0.0428  0.0416  0.0417  0.0415  0.0415  0.0408  0.0409  0.0404
  0.0464  0.0462  0.0461  0.0460  0.0444  0.0422  0.0414  0.0413  0.0413  0.0413  0.0408  0.0408
  0.0462  0.0466  0.0466  0.0477  0.0460  0.0435  0.0414  0.0420  0.0414  0.0425  0.0408  0.0413
  0.0465  0.0475  0.0473  0.0511  0.0486  0.0463  0.0417  0.0432  0.0419  0.0440  0.0410  0.0417
  0.0473  0.0489  0.0481  0.0554  0.0517  0.0506  0.0424  0.0449  0.0426  0.0458  0.0413  0.0422
niter,ni,del,rscale     7    3    5.0000    1.2000
parameter  5 -3.846695 ->  0.500000 qaram    1.5209
parameter 12  1.703947 ->  0.500000 qaram    1.5209
parameters
   -1.8775   14.2134   12.6544  -12.4510  -14.8828  -11.0299
   -9.6800   -4.6448    7.7414   -2.6080    8.0115   -3.7203
eta,q 0.96879 13.57564
  0.0434  0.0405  0.0402  0.0408  0.0301  0.0356  0.0362  0.0369  0.0348  0.0371  0.0338  0.0307
  0.0417  0.0400  0.0399  0.0400  0.0325  0.0343  0.0350  0.0352  0.0340  0.0348  0.0336  0.0310
  0.0406  0.0399  0.0398  0.0395  0.0366  0.0336  0.0340  0.0340  0.0335  0.0335  0.0334  0.0319
  0.0402  0.0401  0.0399  0.0398  0.0395  0.0335  0.0335  0.0334  0.0334  0.0334  0.0333  0.0333
  0.0404  0.0409  0.0402  0.0406  0.0418  0.0341  0.0335  0.0337  0.0338  0.0344  0.0333  0.0349
  0.0413  0.0419  0.0409  0.0419  0.0440  0.0357  0.0340  0.0348  0.0346  0.0364  0.0335  0.0366
  0.0427  0.0431  0.0417  0.0443  0.0465  0.0391  0.0350  0.0366  0.0358  0.0390  0.0338  0.0381
niter,ni,del,rscale     7    3    5.0000    1.2000
parameters
   -1.7429   13.4291   12.0221  -10.6405  -20.2972   -7.1730
   -9.8809   -4.9741    9.1246   -1.6732    9.1756   -5.9947
eta,q 0.97134 13.71332
  0.0344  0.0324  0.0315  0.0340  0.0321  0.0341  0.0310  0.0318  0.0314  0.0346  0.0297  0.0305
  0.0328  0.0312  0.0309  0.0325  0.0302  0.0322  0.0299  0.0303  0.0303  0.0315  0.0293  0.0291
  0.0317  0.0308  0.0307  0.0314  0.0291  0.0306  0.0292  0.0293  0.0294  0.0297  0.0291  0.0287
  0.0312  0.0312  0.0308  0.0307  0.0306  0.0295  0.0290  0.0290  0.0290  0.0289  0.0289  0.0289
  0.0314  0.0323  0.0312  0.0307  0.0359  0.0290  0.0293  0.0295  0.0290  0.0291  0.0289  0.0296
  0.0323  0.0341  0.0319  0.0314  0.0402  0.0290  0.0301  0.0306  0.0293  0.0303  0.0290  0.0308
  0.0338  0.0363  0.0327  0.0322  0.0442  0.0301  0.0312  0.0325  0.0301  0.0324  0.0293  0.0326
niter,ni,del,rscale     6    3    5.0000    1.2000
parameter  2 -0.541708 -> -0.500000 qaram    1.1500
parameters
   -1.6933   14.8091   13.1650   -9.8384  -22.2554   -8.1845
   -9.8337   -5.1586    7.7058   -0.2908    8.7673   -7.1911
eta,q 0.97207 13.59695
  0.0315  0.0338  0.0305  0.0306  0.0334  0.0318  0.0303  0.0311  0.0291  0.0333  0.0287  0.0303
  0.0301  0.0317  0.0294  0.0291  0.0309  0.0301  0.0292  0.0296  0.0284  0.0306  0.0283  0.0288
  0.0291  0.0299  0.0285  0.0280  0.0288  0.0288  0.0284  0.0285  0.0281  0.0289  0.0281  0.0281
  0.0287  0.0287  0.0279  0.0275  0.0275  0.0280  0.0281  0.0282  0.0282  0.0281  0.0280  0.0280
  0.0289  0.0280  0.0275  0.0276  0.0294  0.0282  0.0284  0.0286  0.0285  0.0280  0.0281  0.0285
  0.0299  0.0279  0.0276  0.0282  0.0354  0.0304  0.0291  0.0297  0.0292  0.0288  0.0284  0.0298
  0.0313  0.0285  0.0280  0.0298  0.0402  0.0355  0.0303  0.0315  0.0302  0.0307  0.0289  0.0316
niter,ni,del,rscale     6    3    5.0000    1.2000
parameters
   -1.8680   15.2630   12.8423   -9.4641  -22.9696   -8.3520
   -9.4415   -5.3972    7.4014    0.9175    9.1108   -7.8387
eta,q 0.97203 13.57333
  0.0303  0.0318  0.0288  0.0304  0.0342  0.0321  0.0303  0.0309  0.0294  0.0327  0.0288  0.0306
  0.0289  0.0299  0.0282  0.0290  0.0318  0.0303  0.0292  0.0294  0.0286  0.0303  0.0284  0.0290
  0.0281  0.0286  0.0279  0.0281  0.0295  0.0289  0.0284  0.0284  0.0282  0.0288  0.0281  0.0282
  0.0279  0.0279  0.0278  0.0278  0.0278  0.0281  0.0281  0.0281  0.0281  0.0281  0.0280  0.0280
  0.0284  0.0279  0.0281  0.0280  0.0277  0.0279  0.0283  0.0285  0.0283  0.0280  0.0280  0.0284
  0.0295  0.0285  0.0286  0.0285  0.0320  0.0293  0.0289  0.0296  0.0288  0.0288  0.0283  0.0295
  0.0311  0.0299  0.0296  0.0302  0.0381  0.0337  0.0299  0.0313  0.0296  0.0306  0.0287  0.0312
niter,ni,del,rscale     5    3    5.0000    1.2000
parameters
   -1.9555   15.6611   12.5493   -9.5984  -23.5390   -8.5854
   -9.2435   -5.5971    7.0975    1.8702    9.3858   -8.3177
eta,q 0.97198 13.52464
  0.0304  0.0315  0.0289  0.0302  0.0340  0.0320  0.0302  0.0308  0.0294  0.0323  0.0288  0.0306
  0.0291  0.0298  0.0283  0.0289  0.0317  0.0302  0.0292  0.0294  0.0286  0.0301  0.0284  0.0291
  0.0282  0.0286  0.0280  0.0281  0.0296  0.0289  0.0284  0.0284  0.0282  0.0288  0.0281  0.0283
  0.0280  0.0280  0.0279  0.0279  0.0279  0.0281  0.0281  0.0281  0.0281  0.0281  0.0280  0.0280
  0.0283  0.0279  0.0281  0.0281  0.0276  0.0279  0.0283  0.0285  0.0284  0.0281  0.0281  0.0284
  0.0293  0.0286  0.0287  0.0286  0.0313  0.0293  0.0290  0.0295  0.0288  0.0289  0.0283  0.0295
  0.0308  0.0300  0.0296  0.0305  0.0376  0.0337  0.0300  0.0311  0.0296  0.0308  0.0287  0.0311
niter,ni,del,rscale     4    3    5.0000    1.2000
parameters
   -2.0162   16.0096   12.3031   -9.7400  -24.0361   -8.8202
   -9.0633   -5.7707    7.0178    2.6907    9.3746   -8.8072
eta,q 0.97193 13.47977
  0.0305  0.0314  0.0290  0.0301  0.0338  0.0319  0.0301  0.0307  0.0295  0.0321  0.0288  0.0305
  0.0291  0.0297  0.0284  0.0289  0.0316  0.0302  0.0292  0.0294  0.0287  0.0301  0.0284  0.0291
  0.0283  0.0286  0.0280  0.0281  0.0296  0.0289  0.0284  0.0285  0.0283  0.0288  0.0281  0.0283
  0.0280  0.0280  0.0280  0.0280  0.0279  0.0281  0.0282  0.0282  0.0282  0.0282  0.0281  0.0281
  0.0284  0.0281  0.0282  0.0282  0.0275  0.0280  0.0284  0.0285  0.0284  0.0281  0.0282  0.0284
  0.0293  0.0287  0.0287  0.0287  0.0309  0.0293  0.0290  0.0295  0.0288  0.0290  0.0284  0.0295
  0.0307  0.0301  0.0295  0.0305  0.0372  0.0335  0.0300  0.0310  0.0295  0.0310  0.0288  0.0310
niter,ni,del,rscale     3    3    5.0000    1.2000
parameters
   -2.0720   16.3193   12.0949   -9.8952  -24.4535   -9.0372
   -8.8922   -5.9385    7.1355    3.4261    9.1488   -9.3100
eta,q 0.97189 13.43999
  0.0305  0.0313  0.0290  0.0301  0.0337  0.0318  0.0301  0.0307  0.0296  0.0320  0.0288  0.0305
  0.0292  0.0297  0.0285  0.0290  0.0316  0.0302  0.0292  0.0294  0.0288  0.0301  0.0284  0.0291
  0.0283  0.0286  0.0281  0.0282  0.0296  0.0289  0.0285  0.0285  0.0283  0.0289  0.0282  0.0283
  0.0281  0.0281  0.0280  0.0280  0.0280  0.0282  0.0282  0.0282  0.0282  0.0282  0.0281  0.0281
  0.0284  0.0281  0.0282  0.0283  0.0275  0.0281  0.0284  0.0286  0.0284  0.0281  0.0282  0.0285
  0.0293  0.0288  0.0287  0.0288  0.0306  0.0293  0.0290  0.0295  0.0288  0.0290  0.0284  0.0295
  0.0307  0.0301  0.0295  0.0304  0.0368  0.0333  0.0299  0.0310  0.0295  0.0311  0.0288  0.0310
niter,ni,del,rscale     2    3    5.0000    1.2000
parameters
   -2.1289   16.5890   11.9094  -10.0327  -24.8033   -9.2136
   -8.7241   -6.0764    7.3554    4.0731    8.8703   -9.7774
eta,q 0.97188 13.40694
  0.0305  0.0312  0.0291  0.0301  0.0336  0.0318  0.0301  0.0307  0.0296  0.0319  0.0288  0.0305
  0.0292  0.0296  0.0285  0.0290  0.0315  0.0301  0.0292  0.0294  0.0288  0.0302  0.0284  0.0291
  0.0284  0.0286  0.0282  0.0282  0.0296  0.0289  0.0285  0.0285  0.0284  0.0289  0.0282  0.0284
  0.0281  0.0281  0.0281  0.0281  0.0281  0.0282  0.0282  0.0282  0.0282  0.0282  0.0281  0.0281
  0.0284  0.0282  0.0283  0.0284  0.0275  0.0281  0.0284  0.0286  0.0284  0.0282  0.0282  0.0285
  0.0293  0.0289  0.0287  0.0289  0.0303  0.0292  0.0290  0.0295  0.0288  0.0291  0.0285  0.0294
  0.0307  0.0302  0.0295  0.0304  0.0364  0.0331  0.0299  0.0309  0.0294  0.0313  0.0288  0.0309
niter,ni,del,rscale     1    3    5.0000    1.2000
parameters
   -2.1807   16.8093   11.7541  -10.1524  -25.0844   -9.3492
   -8.6014   -6.1773    7.5447    4.5856    8.6930  -10.1540
eta,q 0.97186 13.38036
  0.0305  0.0311  0.0292  0.0301  0.0335  0.0317  0.0301  0.0307  0.0296  0.0319  0.0288  0.0305
  0.0292  0.0295  0.0286  0.0290  0.0314  0.0301  0.0291  0.0294  0.0288  0.0301  0.0284  0.0292
  0.0284  0.0285  0.0282  0.0283  0.0296  0.0289  0.0284  0.0285  0.0284  0.0289  0.0282  0.0284
  0.0281  0.0281  0.0281  0.0281  0.0281  0.0282  0.0282  0.0282  0.0282  0.0282  0.0281  0.0281
  0.0285  0.0283  0.0283  0.0284  0.0275  0.0281  0.0284  0.0286  0.0283  0.0282  0.0282  0.0285
  0.0293  0.0290  0.0288  0.0289  0.0301  0.0292  0.0290  0.0295  0.0288  0.0292  0.0285  0.0294
  0.0307  0.0303  0.0295  0.0303  0.0362  0.0330  0.0299  0.0309  0.0294  0.0314  0.0288  0.0309
registration optimization eta report
parameter search radius
    2.4000    2.7600    2.4000    9.5220   10.9503    9.5220
    7.2000    7.2000    7.2000    8.2800    7.2000   10.9503
100000*second partial in parameter space
       43.       34.       21.        2.        6.        5.
        3.        5.        2.        5.        1.        2.
  0.0305  0.0311  0.0292  0.0301  0.0335  0.0317  0.0301  0.0307  0.0296  0.0319  0.0288  0.0305
  0.0292  0.0295  0.0286  0.0290  0.0314  0.0301  0.0291  0.0294  0.0288  0.0301  0.0284  0.0292
  0.0284  0.0285  0.0282  0.0283  0.0296  0.0289  0.0284  0.0285  0.0284  0.0289  0.0282  0.0284
  0.0281  0.0281  0.0281  0.0281  0.0281  0.0282  0.0282  0.0282  0.0282  0.0282  0.0281  0.0281
  0.0285  0.0283  0.0283  0.0284  0.0275  0.0281  0.0284  0.0286  0.0283  0.0282  0.0282  0.0285
  0.0293  0.0290  0.0288  0.0289  0.0301  0.0292  0.0290  0.0295  0.0288  0.0292  0.0285  0.0294
  0.0307  0.0303  0.0295  0.0303  0.0362  0.0330  0.0299  0.0309  0.0294  0.0314  0.0288  0.0309
   -2.1807   16.8093   11.7541  -10.1524  -25.0844   -9.3492
   -8.6014   -6.1773    7.5447    4.5856    8.6930  -10.1540
eta,q 0.97186 13.38036

---------------------------------------------------------------------
imgreg_4dfp /opt/freesurfer/average/711-2C_as_mni_average_305 /opt/freesurfer/average/711-2B_as_mni_average_305_mask talsrcimg_g11 none talsrcimg_to_711-2C_as_mni_average_305_t4 2311
---------------------------------------------------------------------

freesurfer imgreg_4dfp.c
/opt/freesurfer/average/711-2C_as_mni_average_305.4dfp.img
       256       256       256         1
  1.000000  1.000000  1.000000
orientation T byte_order littleendian
Reading image: /opt/freesurfer/average/711-2C_as_mni_average_305.4dfp.img
dimensions:      256       256       256
mmppix:       1.0000   -1.0000   -1.0000
center:     128.0000 -129.0000 -129.0000
/opt/freesurfer/average/711-2B_as_mni_average_305_mask.4dfp.img
       256       256       256         1
  1.000000  1.000000  1.000000
orientation T byte_order littleendian
Reading mask: /opt/freesurfer/average/711-2B_as_mni_average_305_mask.4dfp.img (2306576 pixels)
talsrcimg_g11.4dfp.img
       256       256       256         1
  1.000000  1.000000  1.000000
orientation T byte_order littleendian
Reading image: talsrcimg_g11.4dfp.img
dimensions:      256       256       256
mmppix:       1.0000   -1.0000   -1.0000
center:     128.0000 -129.0000 -129.0000
fimgreg.f
image alignment mode   2311 decimal      907 hex
parameters
   -2.1807   16.8093   11.7541  -10.1524  -25.0844   -9.3492
   -8.6014   -6.1773    7.5447    4.5856    8.6930  -10.1540
eta,q 0.97186 13.38036
niter,ni,del,rscale     5    3    5.0000    0.8000
parameter  5 -0.722188 -> -0.500000 qaram    1.1500
parameters
   -2.2214   16.9879   11.6472  -10.5586  -22.3244   -9.2302
   -8.3659   -6.1836    7.5082    4.6330    8.2613  -11.0006
eta,q 0.97254 13.48013
  0.0292  0.0292  0.0286  0.0286  0.0301  0.0285  0.0286  0.0288  0.0282  0.0290  0.0278  0.0280
  0.0286  0.0286  0.0283  0.0283  0.0294  0.0280  0.0280  0.0281  0.0278  0.0282  0.0276  0.0276
  0.0282  0.0283  0.0282  0.0281  0.0287  0.0276  0.0276  0.0276  0.0276  0.0277  0.0275  0.0275
  0.0281  0.0281  0.0281  0.0281  0.0281  0.0275  0.0275  0.0275  0.0275  0.0275  0.0275  0.0275
  0.0283  0.0282  0.0282  0.0283  0.0277  0.0276  0.0276  0.0277  0.0276  0.0276  0.0276  0.0277
  0.0287  0.0284  0.0284  0.0285  0.0275  0.0279  0.0279  0.0281  0.0278  0.0281  0.0277  0.0280
  0.0293  0.0288  0.0288  0.0287  0.0278  0.0285  0.0284  0.0288  0.0283  0.0290  0.0279  0.0285
niter,ni,del,rscale     5    3    5.0000    0.8000
parameters
   -2.2059   16.6135   11.6134   -9.8613  -22.6249   -8.2945
   -8.3577   -6.2568    7.8565    4.7052    8.0168  -11.0244
eta,q 0.97258 13.55595
  0.0287  0.0281  0.0280  0.0282  0.0294  0.0287  0.0284  0.0287  0.0283  0.0290  0.0277  0.0282
  0.0280  0.0276  0.0277  0.0278  0.0285  0.0281  0.0278  0.0280  0.0278  0.0282  0.0275  0.0277
  0.0276  0.0274  0.0275  0.0275  0.0279  0.0277  0.0275  0.0275  0.0275  0.0277  0.0274  0.0275
  0.0275  0.0275  0.0274  0.0274  0.0274  0.0275  0.0274  0.0274  0.0274  0.0274  0.0274  0.0274
  0.0276  0.0278  0.0275  0.0275  0.0274  0.0274  0.0276  0.0276  0.0275  0.0275  0.0275  0.0275
  0.0280  0.0283  0.0277  0.0276  0.0284  0.0276  0.0279  0.0280  0.0277  0.0280  0.0276  0.0278
  0.0286  0.0292  0.0281  0.0278  0.0305  0.0280  0.0284  0.0287  0.0281  0.0290  0.0278  0.0282
niter,ni,del,rscale     4    3    5.0000    0.7000
parameters
   -2.2004   16.5558   11.8054   -9.7732  -22.5617   -8.1458
   -8.4195   -6.2562    7.8705    4.5395    7.7889  -11.0215
eta,q 0.97260 13.56994
  0.0283  0.0282  0.0281  0.0278  0.0291  0.0282  0.0281  0.0284  0.0280  0.0285  0.0276  0.0280
  0.0278  0.0278  0.0278  0.0276  0.0284  0.0278  0.0277  0.0278  0.0276  0.0279  0.0275  0.0277
  0.0275  0.0275  0.0275  0.0274  0.0278  0.0275  0.0275  0.0275  0.0275  0.0275  0.0274  0.0275
  0.0274  0.0274  0.0274  0.0274  0.0274  0.0274  0.0274  0.0274  0.0274  0.0274  0.0274  0.0274
  0.0275  0.0275  0.0274  0.0275  0.0274  0.0274  0.0275  0.0275  0.0275  0.0275  0.0274  0.0275
  0.0278  0.0278  0.0276  0.0276  0.0279  0.0277  0.0278  0.0279  0.0276  0.0280  0.0275  0.0277
  0.0283  0.0284  0.0278  0.0278  0.0294  0.0282  0.0282  0.0284  0.0280  0.0288  0.0277  0.0280
niter,ni,del,rscale     3    3    5.0000    0.6000
parameters
   -2.1930   16.4856   11.8805   -9.7978  -22.2297   -8.0497
   -8.4394   -6.2543    7.9919    4.3704    7.5996  -11.0172
eta,q 0.97265 13.58790
  0.0281  0.0279  0.0278  0.0277  0.0287  0.0280  0.0279  0.0281  0.0278  0.0282  0.0275  0.0278
  0.0277  0.0276  0.0276  0.0275  0.0282  0.0276  0.0276  0.0277  0.0275  0.0277  0.0274  0.0275
  0.0275  0.0275  0.0275  0.0274  0.0277  0.0274  0.0274  0.0274  0.0274  0.0274  0.0274  0.0274
  0.0274  0.0274  0.0274  0.0274  0.0274  0.0273  0.0273  0.0273  0.0273  0.0273  0.0273  0.0273
  0.0275  0.0275  0.0274  0.0274  0.0273  0.0274  0.0274  0.0274  0.0274  0.0275  0.0274  0.0274
  0.0277  0.0277  0.0275  0.0275  0.0276  0.0276  0.0276  0.0277  0.0275  0.0278  0.0274  0.0275
  0.0281  0.0281  0.0277  0.0277  0.0286  0.0279  0.0279  0.0281  0.0277  0.0284  0.0276  0.0278
niter,ni,del,rscale     2    3    5.0000    0.5000
parameters
   -2.1861   16.3885   11.9382   -9.7541  -21.8941   -7.9335
   -8.4616   -6.2695    8.1430    4.1756    7.3660  -10.9789
eta,q 0.97270 13.61116
  0.0278  0.0277  0.0277  0.0276  0.0284  0.0277  0.0277  0.0278  0.0276  0.0279  0.0274  0.0276
  0.0276  0.0275  0.0275  0.0274  0.0279  0.0275  0.0275  0.0275  0.0274  0.0275  0.0273  0.0275
  0.0274  0.0274  0.0274  0.0274  0.0276  0.0274  0.0273  0.0274  0.0273  0.0273  0.0273  0.0273
  0.0273  0.0273  0.0273  0.0273  0.0273  0.0273  0.0273  0.0273  0.0273  0.0273  0.0273  0.0273
  0.0274  0.0274  0.0274  0.0274  0.0273  0.0273  0.0274  0.0274  0.0273  0.0274  0.0273  0.0273
  0.0276  0.0276  0.0274  0.0274  0.0275  0.0274  0.0275  0.0276  0.0274  0.0276  0.0274  0.0274
  0.0278  0.0279  0.0276  0.0275  0.0282  0.0277  0.0277  0.0278  0.0276  0.0281  0.0275  0.0276
niter,ni,del,rscale     1    3    5.0000    0.4000
parameters
   -2.1697   16.2851   12.0086   -9.6551  -21.5767   -7.7930
   -8.4866   -6.2844    8.3154    3.9513    7.0619  -10.9552
eta,q 0.97275 13.63703
  0.0276  0.0275  0.0275  0.0274  0.0280  0.0276  0.0275  0.0276  0.0275  0.0276  0.0273  0.0275
  0.0274  0.0274  0.0274  0.0274  0.0277  0.0274  0.0274  0.0274  0.0274  0.0274  0.0273  0.0274
  0.0273  0.0273  0.0273  0.0273  0.0275  0.0273  0.0273  0.0273  0.0273  0.0273  0.0273  0.0273
  0.0273  0.0273  0.0273  0.0273  0.0273  0.0273  0.0273  0.0273  0.0273  0.0273  0.0273  0.0273
  0.0273  0.0273  0.0273  0.0273  0.0273  0.0273  0.0273  0.0273  0.0273  0.0273  0.0273  0.0273
  0.0274  0.0275  0.0273  0.0273  0.0274  0.0273  0.0274  0.0274  0.0273  0.0275  0.0273  0.0274
  0.0276  0.0277  0.0274  0.0274  0.0278  0.0275  0.0275  0.0276  0.0274  0.0278  0.0274  0.0275
registration optimization eta report
parameter search radius
    0.8000    0.8000    0.8000    2.4000    2.7600    2.4000
    2.4000    2.4000    2.4000    2.4000    2.4000    2.4000
100000*second partial in parameter space
       48.       47.       29.        2.        8.        5.
        4.        6.        3.        8.        2.        4.
  0.0276  0.0275  0.0275  0.0274  0.0280  0.0276  0.0275  0.0276  0.0275  0.0276  0.0273  0.0275
  0.0274  0.0274  0.0274  0.0274  0.0277  0.0274  0.0274  0.0274  0.0274  0.0274  0.0273  0.0274
  0.0273  0.0273  0.0273  0.0273  0.0275  0.0273  0.0273  0.0273  0.0273  0.0273  0.0273  0.0273
  0.0273  0.0273  0.0273  0.0273  0.0273  0.0273  0.0273  0.0273  0.0273  0.0273  0.0273  0.0273
  0.0273  0.0273  0.0273  0.0273  0.0273  0.0273  0.0273  0.0273  0.0273  0.0273  0.0273  0.0273
  0.0274  0.0275  0.0273  0.0273  0.0274  0.0273  0.0274  0.0274  0.0273  0.0275  0.0273  0.0274
  0.0276  0.0277  0.0274  0.0274  0.0278  0.0275  0.0275  0.0276  0.0274  0.0278  0.0274  0.0275
   -2.1697   16.2851   12.0086   -9.6551  -21.5767   -7.7930
   -8.4866   -6.2844    8.3154    3.9513    7.0619  -10.9552
eta,q 0.97275 13.63703

---------------------------------------------------------------------
imgreg_4dfp /opt/freesurfer/average/711-2C_as_mni_average_305 /opt/freesurfer/average/711-2B_as_mni_average_305_mask talsrcimg_g11 none talsrcimg_to_711-2C_as_mni_average_305_t4 2311
---------------------------------------------------------------------

freesurfer imgreg_4dfp.c
/opt/freesurfer/average/711-2C_as_mni_average_305.4dfp.img
       256       256       256         1
  1.000000  1.000000  1.000000
orientation T byte_order littleendian
Reading image: /opt/freesurfer/average/711-2C_as_mni_average_305.4dfp.img
dimensions:      256       256       256
mmppix:       1.0000   -1.0000   -1.0000
center:     128.0000 -129.0000 -129.0000
/opt/freesurfer/average/711-2B_as_mni_average_305_mask.4dfp.img
       256       256       256         1
  1.000000  1.000000  1.000000
orientation T byte_order littleendian
Reading mask: /opt/freesurfer/average/711-2B_as_mni_average_305_mask.4dfp.img (2306576 pixels)
talsrcimg_g11.4dfp.img
       256       256       256         1
  1.000000  1.000000  1.000000
orientation T byte_order littleendian
Reading image: talsrcimg_g11.4dfp.img
dimensions:      256       256       256
mmppix:       1.0000   -1.0000   -1.0000
center:     128.0000 -129.0000 -129.0000
fimgreg.f
image alignment mode   2311 decimal      907 hex
parameters
   -2.1697   16.2851   12.0086   -9.6551  -21.5767   -7.7930
   -8.4866   -6.2844    8.3154    3.9513    7.0619  -10.9552
eta,q 0.97275 13.63703
niter,ni,del,rscale     5    3    5.0000    0.8000
parameters
   -2.1413   16.1153   12.0654   -9.1745  -22.0028   -7.7199
   -8.4493   -6.1373    8.4247    3.7308    7.2848  -10.6341
eta,q 0.97270 13.65399
  0.0285  0.0282  0.0280  0.0279  0.0288  0.0284  0.0283  0.0288  0.0280  0.0288  0.0277  0.0282
  0.0278  0.0277  0.0276  0.0275  0.0281  0.0279  0.0277  0.0280  0.0276  0.0279  0.0275  0.0277
  0.0274  0.0273  0.0274  0.0273  0.0276  0.0275  0.0274  0.0275  0.0274  0.0275  0.0274  0.0274
  0.0273  0.0273  0.0272  0.0272  0.0272  0.0273  0.0273  0.0273  0.0273  0.0273  0.0273  0.0273
  0.0274  0.0275  0.0273  0.0273  0.0273  0.0273  0.0274  0.0275  0.0274  0.0275  0.0273  0.0274
  0.0278  0.0280  0.0275  0.0274  0.0282  0.0277  0.0277  0.0279  0.0276  0.0281  0.0274  0.0276
  0.0284  0.0288  0.0280  0.0277  0.0301  0.0285  0.0283  0.0286  0.0280  0.0291  0.0276  0.0280
niter,ni,del,rscale     4    3    5.0000    0.7000
parameters
   -2.1313   16.1292   12.1177   -9.2539  -21.8357   -7.7064
   -8.5069   -6.1429    8.2870    3.5701    7.3207  -10.5679
eta,q 0.97273 13.65395
  0.0283  0.0282  0.0279  0.0277  0.0287  0.0281  0.0280  0.0283  0.0278  0.0284  0.0276  0.0280
  0.0277  0.0277  0.0276  0.0275  0.0281  0.0277  0.0276  0.0277  0.0275  0.0278  0.0274  0.0276
  0.0274  0.0274  0.0274  0.0273  0.0276  0.0274  0.0273  0.0274  0.0273  0.0274  0.0273  0.0274
  0.0273  0.0273  0.0273  0.0273  0.0273  0.0273  0.0273  0.0273  0.0273  0.0273  0.0273  0.0273
  0.0274  0.0274  0.0273  0.0274  0.0272  0.0273  0.0274  0.0274  0.0273  0.0274  0.0273  0.0273
  0.0277  0.0277  0.0275  0.0275  0.0277  0.0276  0.0276  0.0278  0.0275  0.0279  0.0274  0.0276
  0.0282  0.0282  0.0278  0.0277  0.0288  0.0282  0.0281  0.0283  0.0279  0.0287  0.0275  0.0279
niter,ni,del,rscale     3    3    5.0000    0.6000
parameters
   -2.1235   16.0789   12.1737   -9.2810  -21.5692   -7.6116
   -8.5216   -6.1513    8.3127    3.4107    7.1706  -10.5542
eta,q 0.97277 13.66688
  0.0280  0.0279  0.0277  0.0276  0.0284  0.0279  0.0278  0.0280  0.0276  0.0281  0.0274  0.0277
  0.0276  0.0275  0.0275  0.0274  0.0279  0.0276  0.0275  0.0276  0.0274  0.0276  0.0273  0.0275
  0.0274  0.0273  0.0273  0.0273  0.0275  0.0273  0.0273  0.0273  0.0273  0.0273  0.0272  0.0273
  0.0273  0.0273  0.0273  0.0273  0.0273  0.0272  0.0272  0.0272  0.0272  0.0272  0.0272  0.0272
  0.0273  0.0274  0.0273  0.0273  0.0272  0.0273  0.0273  0.0273  0.0273  0.0274  0.0273  0.0273
  0.0276  0.0276  0.0274  0.0274  0.0275  0.0274  0.0275  0.0276  0.0274  0.0277  0.0273  0.0275
  0.0280  0.0280  0.0277  0.0275  0.0283  0.0279  0.0278  0.0280  0.0276  0.0283  0.0274  0.0277
niter,ni,del,rscale     2    3    5.0000    0.5000
parameters
   -2.1071   15.9905   12.2311   -9.2402  -21.2891   -7.4672
   -8.5511   -6.1558    8.4625    3.2263    6.9237  -10.5470
eta,q 0.97281 13.68746
  0.0277  0.0276  0.0276  0.0274  0.0281  0.0277  0.0276  0.0278  0.0275  0.0278  0.0273  0.0276
  0.0275  0.0274  0.0274  0.0273  0.0277  0.0275  0.0274  0.0274  0.0273  0.0274  0.0272  0.0274
  0.0273  0.0273  0.0273  0.0272  0.0274  0.0273  0.0272  0.0272  0.0272  0.0272  0.0272  0.0272
  0.0272  0.0272  0.0272  0.0272  0.0272  0.0272  0.0272  0.0272  0.0272  0.0272  0.0272  0.0272
  0.0273  0.0273  0.0272  0.0273  0.0272  0.0272  0.0273  0.0273  0.0272  0.0273  0.0272  0.0272
  0.0274  0.0275  0.0273  0.0273  0.0274  0.0273  0.0274  0.0275  0.0273  0.0275  0.0273  0.0274
  0.0277  0.0278  0.0275  0.0274  0.0279  0.0276  0.0276  0.0277  0.0275  0.0280  0.0274  0.0276
niter,ni,del,rscale     1    3    5.0000    0.4000
parameters
   -2.0885   15.8862   12.3051   -9.1549  -21.0254   -7.2884
   -8.5927   -6.1605    8.6659    3.0082    6.6367  -10.5077
eta,q 0.97285 13.71065
  0.0275  0.0274  0.0274  0.0273  0.0278  0.0275  0.0274  0.0275  0.0274  0.0275  0.0272  0.0274
  0.0273  0.0273  0.0273  0.0272  0.0275  0.0273  0.0273  0.0273  0.0273  0.0273  0.0272  0.0273
  0.0272  0.0272  0.0272  0.0272  0.0273  0.0272  0.0272  0.0272  0.0272  0.0272  0.0271  0.0272
  0.0272  0.0272  0.0272  0.0272  0.0272  0.0272  0.0272  0.0272  0.0272  0.0271  0.0271  0.0271
  0.0272  0.0272  0.0272  0.0272  0.0272  0.0272  0.0272  0.0272  0.0272  0.0272  0.0272  0.0272
  0.0273  0.0274  0.0272  0.0272  0.0273  0.0272  0.0273  0.0273  0.0272  0.0274  0.0272  0.0273
  0.0275  0.0276  0.0273  0.0273  0.0276  0.0274  0.0274  0.0275  0.0273  0.0277  0.0273  0.0274
registration optimization eta report
parameter search radius
    0.8000    0.8000    0.8000    2.4000    2.4000    2.4000
    2.4000    2.4000    2.4000    2.4000    2.4000    2.4000
100000*second partial in parameter space
       50.       50.       31.        2.        9.        5.
        5.        6.        3.        8.        2.        5.
  0.0275  0.0274  0.0274  0.0273  0.0278  0.0275  0.0274  0.0275  0.0274  0.0275  0.0272  0.0274
  0.0273  0.0273  0.0273  0.0272  0.0275  0.0273  0.0273  0.0273  0.0273  0.0273  0.0272  0.0273
  0.0272  0.0272  0.0272  0.0272  0.0273  0.0272  0.0272  0.0272  0.0272  0.0272  0.0271  0.0272
  0.0272  0.0272  0.0272  0.0272  0.0272  0.0272  0.0272  0.0272  0.0272  0.0271  0.0271  0.0271
  0.0272  0.0272  0.0272  0.0272  0.0272  0.0272  0.0272  0.0272  0.0272  0.0272  0.0272  0.0272
  0.0273  0.0274  0.0272  0.0272  0.0273  0.0272  0.0273  0.0273  0.0272  0.0274  0.0272  0.0273
  0.0275  0.0276  0.0273  0.0273  0.0276  0.0274  0.0274  0.0275  0.0273  0.0277  0.0273  0.0274
   -2.0885   15.8862   12.3051   -9.1549  -21.0254   -7.2884
   -8.5927   -6.1605    8.6659    3.0082    6.6367  -10.5077
eta,q 0.97285 13.71065

---------------------------------------------------------------------
compute_vox2vox talsrcimg talsrcimg_to_711-2C_as_mni_average_305_t4 /opt/freesurfer/average/711-2C_as_mni_average_305
---------------------------------------------------------------------

freesurfer compute_vox2vox.c
Reading: talsrcimg.4dfp.ifh
Reading: talsrcimg_to_711-2C_as_mni_average_305_t4
Reading: /opt/freesurfer/average/711-2C_as_mni_average_305.4dfp.ifh
Writing: talsrcimg_to_711-2C_as_mni_average_305_t4_vox2vox.txt

start time Sun Mar 8 22:13:27 CET 2026
end		time Sun Mar 8 22:13:41 CET 2026

mpr2mni305 success

avi2talxfm orig_nu.mgz /opt/freesurfer/average/mni305.cor.mgz talsrcimg_to_711-2C_as_mni_average_305_t4_vox2vox.txt transforms/talairach.auto.xfm
avi2talxfm done
mv -f /out/sourcedata/freesurfer/sub-v1s16x0051166_ses-1/mri/talsrcimg_to_711-2C_as_mni_average_305_t4_vox2vox.txt /out/sourcedata/freesurfer/sub-v1s16x0051166_ses-1/mri/transforms/talsrcimg_to_711-2C_as_mni_average_305_t4_vox2vox.txt
lta_convert --src orig_nu.mgz --trg /opt/freesurfer/average/mni305.cor.mgz --inxfm transforms/talairach.auto.xfm --outlta transforms/talairach.auto.xfm.lta --subject fsaverage
7.3.2

--src: orig_nu.mgz src image (geometry).
--trg: /opt/freesurfer/average/mni305.cor.mgz trg image (geometry).
--inmni: transforms/talairach.auto.xfm input MNI/XFM transform.
--outlta: transforms/talairach.auto.xfm.lta output LTA.
--s: fsaverage subject name
 LTA read, type : 1
 1.08371   0.06789   0.12694   2.04619;
-0.09066   1.06830   0.13227  -8.31691;
-0.11546  -0.04814   1.24726  -26.53073;
 0.00000   0.00000   0.00000   1.00000;
setting subject to fsaverage
Writing  LTA to file transforms/talairach.auto.xfm.lta...
lta_convert successful.
 
 
Started at Sun Mar 8 22:13:27 CET 2026
Ended   at Sun Mar  8 22:13:42 CET 2026
talairach_avi done
