status file for recon-all
Mon Mar  9 02:24:30 CET 2026
#@# Tessellate rh Mon Mar  9 02:24:30 CET 2026
#@# Smooth1 rh Mon Mar  9 02:24:33 CET 2026
#@# Inflation1 rh Mon Mar  9 02:24:36 CET 2026
#@# QSphere rh Mon Mar  9 02:24:45 CET 2026
#@# Fix Topology rh Mon Mar  9 02:25:41 CET 2026
#@# Smooth2 rh Mon Mar  9 02:30:38 CET 2026
#@# Inflation2 rh Mon Mar  9 02:30:41 CET 2026
#@# Curv .H and .K rh Mon Mar  9 02:30:50 CET 2026
#@# Sphere rh Mon Mar  9 02:31:35 CET 2026
#@# Surf Reg rh Mon Mar  9 02:34:47 CET 2026
#@# Jacobian white rh Mon Mar  9 02:38:27 CET 2026
#@# AvgCurv rh Mon Mar  9 02:38:28 CET 2026
#@# Cortical Parc rh Mon Mar  9 02:38:28 CET 2026
#@# white curv rh Mon Mar  9 02:44:17 CET 2026
#@# white area rh Mon Mar  9 02:44:19 CET 2026
#@# pial curv rh Mon Mar  9 02:44:19 CET 2026
#@# pial area rh Mon Mar  9 02:44:21 CET 2026
#@# thickness rh Mon Mar  9 02:44:21 CET 2026
#@# area and vertex vol rh Mon Mar  9 02:44:49 CET 2026
#@# Curvature Stats rh Mon Mar  9 02:44:50 CET 2026
#@# Cortical Parc 2 rh Mon Mar  9 02:44:52 CET 2026
#@# Cortical Parc 3 rh Mon Mar  9 02:45:05 CET 2026
#@# WM/GM Contrast rh Mon Mar  9 02:45:14 CET 2026
recon-all -s sub-v1s16x0051194_ses-1 finished without error at Mon Mar  9 02:45:16 CET 2026



#New# invocation of recon-all 



status file for recon-all
Mon Mar  9 02:52:43 CET 2026
#@# white curv rh Mon Mar  9 02:52:43 CET 2026
#@# white area rh Mon Mar  9 02:52:43 CET 2026
#@# pial curv rh Mon Mar  9 02:52:43 CET 2026
#@# pial area rh Mon Mar  9 02:52:43 CET 2026
#@# thickness rh Mon Mar  9 02:52:43 CET 2026
#@# area and vertex vol rh Mon Mar  9 02:52:43 CET 2026
#@# Parcellation Stats rh Mon Mar  9 02:52:43 CET 2026
#@# Parcellation Stats 2 rh Mon Mar  9 02:53:00 CET 2026
#@# Parcellation Stats 3 rh Mon Mar  9 02:53:08 CET 2026
#@# BA_exvivo Labels rh Mon Mar  9 02:53:17 CET 2026
recon-all -s sub-v1s16x0051194_ses-1 finished without error at Mon Mar  9 02:55:33 CET 2026
