status file for recon-all
Mon Mar  9 00:24:16 CET 2026
#@# MotionCor Mon Mar  9 00:24:18 CET 2026
#@# Talairach Mon Mar  9 00:24:26 CET 2026
#@# Talairach Failure Detection Mon Mar  9 00:28:49 CET 2026
#@# Nu Intensity Correction Mon Mar  9 00:28:49 CET 2026
#@# Intensity Normalization Mon Mar  9 00:32:02 CET 2026
recon-all -s sub-v1s16x0051194_ses-1 finished without error at Mon Mar  9 00:33:29 CET 2026



#New# invocation of recon-all 



status file for recon-all
Mon Mar  9 00:40:03 CET 2026
#@# EM Registration Mon Mar  9 00:40:03 CET 2026
recon-all -s sub-v1s16x0051194_ses-1 finished without error at Mon Mar  9 00:41:30 CET 2026



#New# invocation of recon-all 



status file for recon-all
Mon Mar  9 00:41:33 CET 2026
#@# CA Normalize Mon Mar  9 00:41:33 CET 2026
#@# CA Reg Mon Mar  9 00:42:54 CET 2026
#@# SubCort Seg Mon Mar  9 01:24:45 CET 2026
#@# CC Seg Mon Mar  9 01:53:37 CET 2026
#@# Merge ASeg Mon Mar  9 01:54:16 CET 2026
#@# Intensity Normalization2 Mon Mar  9 01:54:16 CET 2026
#@# Mask BFS Mon Mar  9 01:56:26 CET 2026
#@# WM Segmentation Mon Mar  9 01:56:26 CET 2026
#@# Fill Mon Mar  9 01:58:21 CET 2026
recon-all -s sub-v1s16x0051194_ses-1 finished without error at Mon Mar  9 01:59:23 CET 2026



#New# invocation of recon-all 



status file for recon-all
Mon Mar  9 02:45:19 CET 2026
#@# white curv lh Mon Mar  9 02:45:19 CET 2026
#@# white area lh Mon Mar  9 02:45:19 CET 2026
#@# pial curv lh Mon Mar  9 02:45:19 CET 2026
#@# pial area lh Mon Mar  9 02:45:19 CET 2026
#@# thickness lh Mon Mar  9 02:45:19 CET 2026
#@# area and vertex vol lh Mon Mar  9 02:45:20 CET 2026
#@# white curv rh Mon Mar  9 02:45:20 CET 2026
#@# white area rh Mon Mar  9 02:45:20 CET 2026
#@# pial curv rh Mon Mar  9 02:45:20 CET 2026
#@# pial area rh Mon Mar  9 02:45:20 CET 2026
#@# thickness rh Mon Mar  9 02:45:20 CET 2026
#@# area and vertex vol rh Mon Mar  9 02:45:20 CET 2026
#@# Cortical ribbon mask Mon Mar  9 02:45:20 CET 2026
recon-all -s sub-v1s16x0051194_ses-1 finished without error at Mon Mar  9 02:49:50 CET 2026



#New# invocation of recon-all 



status file for recon-all
Mon Mar  9 02:55:38 CET 2026
#@# white curv lh Mon Mar  9 02:55:38 CET 2026
#@# white area lh Mon Mar  9 02:55:38 CET 2026
#@# pial curv lh Mon Mar  9 02:55:38 CET 2026
#@# pial area lh Mon Mar  9 02:55:38 CET 2026
#@# thickness lh Mon Mar  9 02:55:38 CET 2026
#@# area and vertex vol lh Mon Mar  9 02:55:38 CET 2026
#@# white curv rh Mon Mar  9 02:55:38 CET 2026
#@# white area rh Mon Mar  9 02:55:38 CET 2026
#@# pial curv rh Mon Mar  9 02:55:38 CET 2026
#@# pial area rh Mon Mar  9 02:55:38 CET 2026
#@# thickness rh Mon Mar  9 02:55:38 CET 2026
#@# area and vertex vol rh Mon Mar  9 02:55:38 CET 2026
#@# Curvature Stats lh Mon Mar  9 02:55:38 CET 2026
#@# Curvature Stats rh Mon Mar  9 02:55:40 CET 2026
#@# Relabel Hypointensities Mon Mar  9 02:55:42 CET 2026
#@# APas-to-ASeg Mon Mar  9 02:55:56 CET 2026
#@# AParc-to-ASeg aparc Mon Mar  9 02:56:04 CET 2026
#@# AParc-to-ASeg aparc.a2009s Mon Mar  9 02:56:32 CET 2026
#@# AParc-to-ASeg aparc.DKTatlas Mon Mar  9 02:57:02 CET 2026
#@# WMParc Mon Mar  9 02:57:31 CET 2026
#@# ASeg Stats Mon Mar  9 03:00:59 CET 2026
recon-all -s sub-v1s16x0051194_ses-1 finished without error at Mon Mar  9 03:01:30 CET 2026
