status file for recon-all
Mon Mar  9 01:59:27 CET 2026
#@# Tessellate lh Mon Mar  9 01:59:27 CET 2026
#@# Smooth1 lh Mon Mar  9 01:59:31 CET 2026
#@# Inflation1 lh Mon Mar  9 01:59:33 CET 2026
#@# QSphere lh Mon Mar  9 01:59:43 CET 2026
#@# Fix Topology lh Mon Mar  9 02:00:34 CET 2026
#@# Smooth2 lh Mon Mar  9 02:07:37 CET 2026
#@# Inflation2 lh Mon Mar  9 02:07:40 CET 2026
#@# Curv .H and .K lh Mon Mar  9 02:07:50 CET 2026
#@# Sphere lh Mon Mar  9 02:08:34 CET 2026
#@# Surf Reg lh Mon Mar  9 02:12:19 CET 2026
#@# Jacobian white lh Mon Mar  9 02:17:35 CET 2026
#@# AvgCurv lh Mon Mar  9 02:17:36 CET 2026
#@# Cortical Parc lh Mon Mar  9 02:17:36 CET 2026
#@# white curv lh Mon Mar  9 02:23:29 CET 2026
#@# white area lh Mon Mar  9 02:23:30 CET 2026
#@# pial curv lh Mon Mar  9 02:23:31 CET 2026
#@# pial area lh Mon Mar  9 02:23:32 CET 2026
#@# thickness lh Mon Mar  9 02:23:33 CET 2026
#@# area and vertex vol lh Mon Mar  9 02:24:00 CET 2026
#@# Curvature Stats lh Mon Mar  9 02:24:02 CET 2026
#@# Cortical Parc 2 lh Mon Mar  9 02:24:04 CET 2026
#@# Cortical Parc 3 lh Mon Mar  9 02:24:16 CET 2026
#@# WM/GM Contrast lh Mon Mar  9 02:24:26 CET 2026
recon-all -s sub-v1s16x0051194_ses-1 finished without error at Mon Mar  9 02:24:28 CET 2026



#New# invocation of recon-all 



status file for recon-all
Mon Mar  9 02:49:54 CET 2026
#@# white curv lh Mon Mar  9 02:49:54 CET 2026
#@# white area lh Mon Mar  9 02:49:54 CET 2026
#@# pial curv lh Mon Mar  9 02:49:54 CET 2026
#@# pial area lh Mon Mar  9 02:49:54 CET 2026
#@# thickness lh Mon Mar  9 02:49:54 CET 2026
#@# area and vertex vol lh Mon Mar  9 02:49:54 CET 2026
#@# Parcellation Stats lh Mon Mar  9 02:49:54 CET 2026
#@# Parcellation Stats 2 lh Mon Mar  9 02:50:10 CET 2026
#@# Parcellation Stats 3 lh Mon Mar  9 02:50:19 CET 2026
#@# BA_exvivo Labels lh Mon Mar  9 02:50:27 CET 2026
recon-all -s sub-v1s16x0051194_ses-1 finished without error at Mon Mar  9 02:52:39 CET 2026
