status file for recon-all
Sun Mar  8 23:21:48 CET 2026
#@# MotionCor Sun Mar  8 23:21:49 CET 2026
#@# Talairach Sun Mar  8 23:21:54 CET 2026
#@# Talairach Failure Detection Sun Mar  8 23:24:44 CET 2026
#@# Nu Intensity Correction Sun Mar  8 23:24:44 CET 2026
#@# Intensity Normalization Sun Mar  8 23:27:28 CET 2026
recon-all -s sub-v1s16x0051181_ses-1 finished without error at Sun Mar  8 23:28:28 CET 2026



#New# invocation of recon-all 



status file for recon-all
Sun Mar  8 23:34:01 CET 2026
#@# EM Registration Sun Mar  8 23:34:01 CET 2026
recon-all -s sub-v1s16x0051181_ses-1 finished without error at Sun Mar  8 23:35:08 CET 2026



#New# invocation of recon-all 



status file for recon-all
Sun Mar  8 23:35:11 CET 2026
#@# CA Normalize Sun Mar  8 23:35:11 CET 2026
#@# CA Reg Sun Mar  8 23:36:06 CET 2026
#@# SubCort Seg Mon Mar  9 00:11:29 CET 2026
#@# CC Seg Mon Mar  9 00:33:03 CET 2026
#@# Merge ASeg Mon Mar  9 00:33:21 CET 2026
#@# Intensity Normalization2 Mon Mar  9 00:33:21 CET 2026
#@# Mask BFS Mon Mar  9 00:34:46 CET 2026
#@# WM Segmentation Mon Mar  9 00:34:47 CET 2026
#@# Fill Mon Mar  9 00:36:23 CET 2026
recon-all -s sub-v1s16x0051181_ses-1 finished without error at Mon Mar  9 00:37:01 CET 2026



#New# invocation of recon-all 



status file for recon-all
Mon Mar  9 01:13:47 CET 2026
#@# white curv lh Mon Mar  9 01:13:47 CET 2026
#@# white area lh Mon Mar  9 01:13:47 CET 2026
#@# pial curv lh Mon Mar  9 01:13:47 CET 2026
#@# pial area lh Mon Mar  9 01:13:47 CET 2026
#@# thickness lh Mon Mar  9 01:13:47 CET 2026
#@# area and vertex vol lh Mon Mar  9 01:13:47 CET 2026
#@# white curv rh Mon Mar  9 01:13:47 CET 2026
#@# white area rh Mon Mar  9 01:13:47 CET 2026
#@# pial curv rh Mon Mar  9 01:13:48 CET 2026
#@# pial area rh Mon Mar  9 01:13:48 CET 2026
#@# thickness rh Mon Mar  9 01:13:48 CET 2026
#@# area and vertex vol rh Mon Mar  9 01:13:48 CET 2026
#@# Cortical ribbon mask Mon Mar  9 01:13:48 CET 2026
recon-all -s sub-v1s16x0051181_ses-1 finished without error at Mon Mar  9 01:17:05 CET 2026



#New# invocation of recon-all 



status file for recon-all
Mon Mar  9 01:21:38 CET 2026
#@# white curv lh Mon Mar  9 01:21:38 CET 2026
#@# white area lh Mon Mar  9 01:21:38 CET 2026
#@# pial curv lh Mon Mar  9 01:21:38 CET 2026
#@# pial area lh Mon Mar  9 01:21:38 CET 2026
#@# thickness lh Mon Mar  9 01:21:38 CET 2026
#@# area and vertex vol lh Mon Mar  9 01:21:38 CET 2026
#@# white curv rh Mon Mar  9 01:21:38 CET 2026
#@# white area rh Mon Mar  9 01:21:38 CET 2026
#@# pial curv rh Mon Mar  9 01:21:38 CET 2026
#@# pial area rh Mon Mar  9 01:21:38 CET 2026
#@# thickness rh Mon Mar  9 01:21:38 CET 2026
#@# area and vertex vol rh Mon Mar  9 01:21:39 CET 2026
#@# Curvature Stats lh Mon Mar  9 01:21:39 CET 2026
#@# Curvature Stats rh Mon Mar  9 01:21:40 CET 2026
#@# Relabel Hypointensities Mon Mar  9 01:21:42 CET 2026
#@# APas-to-ASeg Mon Mar  9 01:21:52 CET 2026
#@# AParc-to-ASeg aparc Mon Mar  9 01:21:58 CET 2026
#@# AParc-to-ASeg aparc.a2009s Mon Mar  9 01:22:23 CET 2026
#@# AParc-to-ASeg aparc.DKTatlas Mon Mar  9 01:22:49 CET 2026
#@# WMParc Mon Mar  9 01:23:15 CET 2026
#@# ASeg Stats Mon Mar  9 01:24:55 CET 2026
recon-all -s sub-v1s16x0051181_ses-1 finished without error at Mon Mar  9 01:25:11 CET 2026
