status file for recon-all
Mon Mar  9 00:37:04 CET 2026
#@# Tessellate lh Mon Mar  9 00:37:04 CET 2026
#@# Smooth1 lh Mon Mar  9 00:37:07 CET 2026
#@# Inflation1 lh Mon Mar  9 00:37:09 CET 2026
#@# QSphere lh Mon Mar  9 00:37:17 CET 2026
#@# Fix Topology lh Mon Mar  9 00:37:54 CET 2026
#@# Smooth2 lh Mon Mar  9 00:42:50 CET 2026
#@# Inflation2 lh Mon Mar  9 00:42:52 CET 2026
#@# Curv .H and .K lh Mon Mar  9 00:43:00 CET 2026
#@# Sphere lh Mon Mar  9 00:43:35 CET 2026
#@# Surf Reg lh Mon Mar  9 00:46:15 CET 2026
#@# Jacobian white lh Mon Mar  9 00:48:59 CET 2026
#@# AvgCurv lh Mon Mar  9 00:48:59 CET 2026
#@# Cortical Parc lh Mon Mar  9 00:49:00 CET 2026
#@# white curv lh Mon Mar  9 00:54:01 CET 2026
#@# white area lh Mon Mar  9 00:54:03 CET 2026
#@# pial curv lh Mon Mar  9 00:54:03 CET 2026
#@# pial area lh Mon Mar  9 00:54:04 CET 2026
#@# thickness lh Mon Mar  9 00:54:05 CET 2026
#@# area and vertex vol lh Mon Mar  9 00:54:23 CET 2026
#@# Curvature Stats lh Mon Mar  9 00:54:24 CET 2026
#@# Cortical Parc 2 lh Mon Mar  9 00:54:26 CET 2026
#@# Cortical Parc 3 lh Mon Mar  9 00:54:35 CET 2026
#@# WM/GM Contrast lh Mon Mar  9 00:54:42 CET 2026
recon-all -s sub-v1s16x0051181_ses-1 finished without error at Mon Mar  9 00:54:44 CET 2026



#New# invocation of recon-all 



status file for recon-all
Mon Mar  9 01:17:08 CET 2026
#@# white curv lh Mon Mar  9 01:17:08 CET 2026
#@# white area lh Mon Mar  9 01:17:08 CET 2026
#@# pial curv lh Mon Mar  9 01:17:08 CET 2026
#@# pial area lh Mon Mar  9 01:17:08 CET 2026
#@# thickness lh Mon Mar  9 01:17:08 CET 2026
#@# area and vertex vol lh Mon Mar  9 01:17:08 CET 2026
#@# Parcellation Stats lh Mon Mar  9 01:17:08 CET 2026
#@# Parcellation Stats 2 lh Mon Mar  9 01:17:22 CET 2026
#@# Parcellation Stats 3 lh Mon Mar  9 01:17:28 CET 2026
#@# BA_exvivo Labels lh Mon Mar  9 01:17:35 CET 2026
recon-all -s sub-v1s16x0051181_ses-1 finished without error at Mon Mar  9 01:19:19 CET 2026
