status file for recon-all
Mon Mar  9 00:54:47 CET 2026
#@# Tessellate rh Mon Mar  9 00:54:47 CET 2026
#@# Smooth1 rh Mon Mar  9 00:54:50 CET 2026
#@# Inflation1 rh Mon Mar  9 00:54:51 CET 2026
#@# QSphere rh Mon Mar  9 00:55:00 CET 2026
#@# Fix Topology rh Mon Mar  9 00:55:43 CET 2026
#@# Smooth2 rh Mon Mar  9 01:01:06 CET 2026
#@# Inflation2 rh Mon Mar  9 01:01:08 CET 2026
#@# Curv .H and .K rh Mon Mar  9 01:01:15 CET 2026
#@# Sphere rh Mon Mar  9 01:01:51 CET 2026
#@# Surf Reg rh Mon Mar  9 01:04:57 CET 2026
#@# Jacobian white rh Mon Mar  9 01:07:51 CET 2026
#@# AvgCurv rh Mon Mar  9 01:07:52 CET 2026
#@# Cortical Parc rh Mon Mar  9 01:07:53 CET 2026
#@# white curv rh Mon Mar  9 01:13:00 CET 2026
#@# white area rh Mon Mar  9 01:13:01 CET 2026
#@# pial curv rh Mon Mar  9 01:13:01 CET 2026
#@# pial area rh Mon Mar  9 01:13:03 CET 2026
#@# thickness rh Mon Mar  9 01:13:03 CET 2026
#@# area and vertex vol rh Mon Mar  9 01:13:21 CET 2026
#@# Curvature Stats rh Mon Mar  9 01:13:22 CET 2026
#@# Cortical Parc 2 rh Mon Mar  9 01:13:24 CET 2026
#@# Cortical Parc 3 rh Mon Mar  9 01:13:33 CET 2026
#@# WM/GM Contrast rh Mon Mar  9 01:13:40 CET 2026
recon-all -s sub-v1s16x0051181_ses-1 finished without error at Mon Mar  9 01:13:42 CET 2026



#New# invocation of recon-all 



status file for recon-all
Mon Mar  9 01:19:22 CET 2026
#@# white curv rh Mon Mar  9 01:19:22 CET 2026
#@# white area rh Mon Mar  9 01:19:22 CET 2026
#@# pial curv rh Mon Mar  9 01:19:22 CET 2026
#@# pial area rh Mon Mar  9 01:19:22 CET 2026
#@# thickness rh Mon Mar  9 01:19:22 CET 2026
#@# area and vertex vol rh Mon Mar  9 01:19:22 CET 2026
#@# Parcellation Stats rh Mon Mar  9 01:19:22 CET 2026
#@# Parcellation Stats 2 rh Mon Mar  9 01:19:36 CET 2026
#@# Parcellation Stats 3 rh Mon Mar  9 01:19:43 CET 2026
#@# BA_exvivo Labels rh Mon Mar  9 01:19:49 CET 2026
recon-all -s sub-v1s16x0051181_ses-1 finished without error at Mon Mar  9 01:21:34 CET 2026
