/out/sourcedata/freesurfer/sub-v1s16x0051196_ses-1/mri
/opt/freesurfer/bin/talairach_avi
--i orig_nu.mgz --xfm transforms/talairach.auto.xfm
talairach_avi 7.3.2
Linux dna063 5.14.0-427.37.1.el9_4.x86_64 #1 SMP PREEMPT_DYNAMIC Fri Sep 13 12:41:50 EDT 2024 x86_64 x86_64 x86_64 GNU/Linux
Mon Mar  9 00:40:23 CET 2026
mri_convert orig_nu.mgz talsrcimg.img 
reading from orig_nu.mgz...
TR=0.00, TE=0.00, TI=0.00, flip angle=0.00
i_ras = (-1, 0, 0)
j_ras = (0, 0, -1)
k_ras = (0, 1, 0)
writing to talsrcimg.img...
Analyze Output Matrix
-1.00000   0.00000   0.00000   128.25320;
 0.00000   0.00000   1.00000  -124.10220;
 0.00000  -1.00000   0.00000   129.43420;
 0.00000   0.00000   0.00000   1.00000;
--------------------
INFO: set hdr.hist.orient to -1
mpr2mni305 talsrcimg
Mon Mar  9 00:40:24 CET 2026
/opt/freesurfer/bin/mpr2mni305 talsrcimg
mpr2mni305 7.3.2
target=711-2C_as_mni_average_305

---------------------------------------------------------------------
analyzeto4dfp talsrcimg -O0 -y
---------------------------------------------------------------------

freesurfer ifh2hdr.c
Mon Mar  9 00:40:24 2026
Writing: talsrcimg.4dfp.hdr
freesurfer analyzeto4dfp.c
Reading: talsrcimg.hdr
header size 348 bytes
hdr.dime.datatype	offset=70	value=2
hdr.dime.bitpix		offset=72	value=8
hdr.hist.orient		offset=252	value=-1
dimensionality     4
dimensions       256       256       256         1
Reading: talsrcimg.img
Writing: talsrcimg.4dfp.img
Writing: talsrcimg.4dfp.ifh
ifh2hdr talsrcimg -r0to213
ori=2

---------------------------------------------------------------------
gauss_4dfp talsrcimg 1.1
---------------------------------------------------------------------

freesurfer gauss_4dfp.c
Reading: talsrcimg.4dfp.img
Writing: talsrcimg_g11.4dfp.img
image dimensions 256 256 256 padded to 288 288 288
processing volume 1freesurfer ifh2hdr.c
Mon Mar  9 00:40:25 2026
Writing: talsrcimg_g11.4dfp.hdr

Writing: talsrcimg_g11.4dfp.ifh
including: talsrcimg.4dfp.img.rec in talsrcimg_g11.4dfp.img.rec

---------------------------------------------------------------------
imgreg_4dfp /opt/freesurfer/average/711-2C_as_mni_average_305 none talsrcimg_g11 none talsrcimg_to_711-2C_as_mni_average_305_t4 4355
---------------------------------------------------------------------

freesurfer imgreg_4dfp.c
/opt/freesurfer/average/711-2C_as_mni_average_305.4dfp.img
       256       256       256         1
  1.000000  1.000000  1.000000
orientation T byte_order littleendian
Reading image: /opt/freesurfer/average/711-2C_as_mni_average_305.4dfp.img
dimensions:      256       256       256
mmppix:       1.0000   -1.0000   -1.0000
center:     128.0000 -129.0000 -129.0000
talsrcimg_g11.4dfp.img
       256       256       256         1
  1.000000  1.000000  1.000000
orientation T byte_order littleendian
Reading image: talsrcimg_g11.4dfp.img
dimensions:      256       256       256
mmppix:       1.0000   -1.0000   -1.0000
center:     128.0000 -129.0000 -129.0000
t4_read: open error in t4_sub.f l:  41 t4_file(1:l)talsrcimg_to_711-2C_as_mni_average_305_t4 
t4_read: transform initialized to I4
rotation matrix determinant  1.000000
image alignment mode   4355 decimal     1103 hex
   -7.5000  -45.0000  -45.0000 5597.3940   26.9397
    0.0000  -45.0000  -45.0000 5799.3389   27.0305
    7.5000  -45.0000  -45.0000 5516.3916   26.9693
   -7.5000  -37.5000  -45.0000 6144.9424   26.3234
    0.0000  -37.5000  -45.0000 6395.2710   26.4001
    7.5000  -37.5000  -45.0000 6087.9185   26.3320
   -7.5000  -30.0000  -45.0000 6976.7930   26.1566
    0.0000  -30.0000  -45.0000 7266.1089   26.2172
    7.5000  -30.0000  -45.0000 6897.6235   26.1237
   -7.5000  -22.5000  -45.0000 7798.9941   26.2584
    0.0000  -22.5000  -45.0000 8119.5542   26.3152
    7.5000  -22.5000  -45.0000 7691.5571   26.2021
   -7.5000  -15.0000  -45.0000 8614.7227   26.3466
    0.0000  -15.0000  -45.0000 8995.9873   26.4129
    7.5000  -15.0000  -45.0000 8496.6729   26.3051
   -7.5000   -7.5000  -45.0000 9468.0186   26.2915
    0.0000   -7.5000  -45.0000 9884.7656   26.3708
    7.5000   -7.5000  -45.0000 9359.1064   26.2894
   -7.5000    0.0000  -45.000010234.4473   26.1653
    0.0000    0.0000  -45.000010688.1670   26.2502
    7.5000    0.0000  -45.000010064.1572   26.1905
   -7.5000    7.5000  -45.000010193.6719   26.0886
    0.0000    7.5000  -45.000010619.0996   26.1640
    7.5000    7.5000  -45.0000 9996.4736   26.0972
   -7.5000   15.0000  -45.000010014.7451   26.1268
    0.0000   15.0000  -45.000010440.4766   26.1871
    7.5000   15.0000  -45.0000 9807.8857   26.0936
   -7.5000   22.5000  -45.0000 9779.2393   26.2548
    0.0000   22.5000  -45.000010202.9795   26.3116
    7.5000   22.5000  -45.0000 9575.7012   26.1985
   -7.5000   30.0000  -45.0000 9478.3555   25.9955
    0.0000   30.0000  -45.0000 9911.6846   26.0609
    7.5000   30.0000  -45.0000 9315.0439   25.9546
   -7.5000   37.5000  -45.0000 9548.2549   25.9411
    0.0000   37.5000  -45.0000 9980.6094   26.0193
    7.5000   37.5000  -45.0000 9398.3428   25.9390
   -7.5000   45.0000  -45.0000 9157.0938   25.1611
    0.0000   45.0000  -45.0000 9556.1299   25.2427
    7.5000   45.0000  -45.0000 8984.7529   25.1853
   -7.5000  -45.0000  -37.5000 5995.7480   26.7764
    0.0000  -45.0000  -37.5000 6235.5176   26.8644
    7.5000  -45.0000  -37.5000 5926.2500   26.8023
   -7.5000  -37.5000  -37.5000 6577.7300   26.1700
    0.0000  -37.5000  -37.5000 6870.7046   26.2473
    7.5000  -37.5000  -37.5000 6536.3428   26.1773
   -7.5000  -30.0000  -37.5000 7481.0137   26.0031
    0.0000  -30.0000  -37.5000 7789.3311   26.0702
    7.5000  -30.0000  -37.5000 7413.8042   25.9851
   -7.5000  -22.5000  -37.5000 8382.3115   26.0971
    0.0000  -22.5000  -37.5000 8737.0801   26.1618
    7.5000  -22.5000  -37.5000 8283.6338   26.0690
   -7.5000  -15.0000  -37.5000 9247.1250   26.1796
    0.0000  -15.0000  -37.5000 9641.9561   26.2500
    7.5000  -15.0000  -37.5000 9132.3252   26.1641
   -7.5000   -7.5000  -37.500010141.2158   26.1282
    0.0000   -7.5000  -37.500010582.2764   26.2068
    7.5000   -7.5000  -37.500010046.0615   26.1364
   -7.5000    0.0000  -37.500010954.7109   26.0095
    0.0000    0.0000  -37.500011453.2471   26.0916
    7.5000    0.0000  -37.500010802.7412   26.0309
   -7.5000    7.5000  -37.500010897.2998   25.9370
    0.0000    7.5000  -37.500011345.7021   26.0130
    7.5000    7.5000  -37.500010720.8730   25.9444
   -7.5000   15.0000  -37.500010684.5889   25.9735
    0.0000   15.0000  -37.500011128.7344   26.0403
    7.5000   15.0000  -37.500010511.9092   25.9552
   -7.5000   22.5000  -37.500010414.7930   26.0936
    0.0000   22.5000  -37.500010838.9170   26.1582
    7.5000   22.5000  -37.500010220.5957   26.0655
   -7.5000   30.0000  -37.500010073.6328   25.8307
    0.0000   30.0000  -37.500010494.4102   25.9002
    7.5000   30.0000  -37.5000 9891.4229   25.8154
   -7.5000   37.5000  -37.500010169.1172   25.7800
    0.0000   37.5000  -37.500010579.5869   25.8575
    7.5000   37.5000  -37.5000 9970.8340   25.7881
   -7.5000   45.0000  -37.5000 9725.2168   25.0112
    0.0000   45.0000  -37.500010110.5029   25.0902
    7.5000   45.0000  -37.5000 9500.2441   25.0318
   -7.5000  -45.0000  -30.0000 6499.7573   27.8825
    0.0000  -45.0000  -30.0000 6784.3296   27.9666
    7.5000  -45.0000  -30.0000 6472.6191   27.9075
   -7.5000  -37.5000  -30.0000 7144.7637   27.2501
    0.0000  -37.5000  -30.0000 7488.9795   27.3207
    7.5000  -37.5000  -30.0000 7145.3647   27.2508
   -7.5000  -30.0000  -30.0000 8143.3457   27.0742
    0.0000  -30.0000  -30.0000 8517.6670   27.1345
    7.5000  -30.0000  -30.0000 8122.2085   27.0598
   -7.5000  -22.5000  -30.0000 9163.9004   27.1693
    0.0000  -22.5000  -30.0000 9530.5107   27.2293
    7.5000  -22.5000  -30.0000 9064.4326   27.1611
   -7.5000  -15.0000  -30.000010105.3740   27.2547
    0.0000  -15.0000  -30.000010492.5176   27.3229
    7.5000  -15.0000  -30.0000 9957.3408   27.2655
   -7.5000   -7.5000  -30.000011049.4014   27.2048
    0.0000   -7.5000  -30.000011469.9424   27.2818
    7.5000   -7.5000  -30.000010896.3916   27.2285
   -7.5000    0.0000  -30.000011895.8076   27.0836
    0.0000    0.0000  -30.000012346.0166   27.1619
    7.5000    0.0000  -30.000011718.2207   27.1041
   -7.5000    7.5000  -30.000011821.8125   27.0074
    0.0000    7.5000  -30.000012291.7959   27.0769
    7.5000    7.5000  -30.000011668.6211   27.0083
   -7.5000   15.0000  -30.000011581.5625   27.0435
    0.0000   15.0000  -30.000012069.3271   27.1035
    7.5000   15.0000  -30.000011474.2402   27.0287
   -7.5000   22.5000  -30.000011228.5879   27.1628
    0.0000   22.5000  -30.000011686.9854   27.2227
    7.5000   22.5000  -30.000011118.5859   27.1546
   -7.5000   30.0000  -30.000010835.2686   26.8940
    0.0000   30.0000  -30.000011269.5049   26.9614
    7.5000   30.0000  -30.000010701.5801   26.9048
   -7.5000   37.5000  -30.000010914.8252   26.8448
    0.0000   37.5000  -30.000011337.5625   26.9208
    7.5000   37.5000  -30.000010768.9697   26.8682
   -7.5000   45.0000  -30.000010399.2061   26.0632
    0.0000   45.0000  -30.000010808.3066   26.1386
    7.5000   45.0000  -30.000010233.5986   26.0829
   -7.5000  -45.0000  -22.5000 7056.7349   28.8669
    0.0000  -45.0000  -22.5000 7350.3394   28.9455
    7.5000  -45.0000  -22.5000 7027.6201   28.8906
   -7.5000  -37.5000  -22.5000 7778.7324   28.2048
    0.0000  -37.5000  -22.5000 8106.5737   28.2613
    7.5000  -37.5000  -22.5000 7754.5605   28.1931
   -7.5000  -30.0000  -22.5000 8867.5029   28.0206
    0.0000  -30.0000  -22.5000 9231.0625   28.0584
    7.5000  -30.0000  -22.5000 8817.0039   27.9853
   -7.5000  -22.5000  -22.5000 9948.0059   28.1235
    0.0000  -22.5000  -22.500010316.7490   28.1625
    7.5000  -22.5000  -22.5000 9837.6934   28.0986
   -7.5000  -15.0000  -22.500010959.4307   28.2186
    0.0000  -15.0000  -22.500011346.2393   28.2743
    7.5000  -15.0000  -22.500010809.0771   28.2239
   -7.5000   -7.5000  -22.500011955.9170   28.1684
    0.0000   -7.5000  -22.500012370.2900   28.2404
    7.5000   -7.5000  -22.500011794.1465   28.1937
   -7.5000    0.0000  -22.500012857.7959   28.0383
    0.0000    0.0000  -22.500013287.2002   28.1115
    7.5000    0.0000  -22.500012697.2402   28.0579
   -7.5000    7.5000  -22.500012785.1807   27.9534
    0.0000    7.5000  -22.500013276.1123   28.0090
    7.5000    7.5000  -22.500012650.0889   27.9422
   -7.5000   15.0000  -22.500012521.3701   27.9889
    0.0000   15.0000  -22.500013017.8252   28.0263
    7.5000   15.0000  -22.500012441.5010   27.9531
   -7.5000   22.5000  -22.500012108.1406   28.1149
    0.0000   22.5000  -22.500012591.2852   28.1538
    7.5000   22.5000  -22.500012033.7578   28.0899
   -7.5000   30.0000  -22.500011656.9062   27.8495
    0.0000   30.0000  -22.500012108.1533   27.9044
    7.5000   30.0000  -22.500011550.8438   27.8547
   -7.5000   37.5000  -22.500011708.6328   27.8000
    0.0000   37.5000  -22.500012161.6777   27.8710
    7.5000   37.5000  -22.500011581.9121   27.8249
   -7.5000   45.0000  -22.500011126.1475   27.0023
    0.0000   45.0000  -22.500011562.0391   27.0728
    7.5000   45.0000  -22.500010978.2783   27.0211
   -7.5000  -45.0000  -15.0000 7606.4072   29.5929
    0.0000  -45.0000  -15.0000 7947.7637   29.6737
    7.5000  -45.0000  -15.0000 7584.0830   29.6179
   -7.5000  -37.5000  -15.0000 8406.6387   28.9065
    0.0000  -37.5000  -15.0000 8774.4453   28.9599
    7.5000  -37.5000  -15.0000 8366.0527   28.8920
   -7.5000  -30.0000  -15.0000 9590.2168   28.7157
    0.0000  -30.0000  -15.0000 9973.8945   28.7424
    7.5000  -30.0000  -15.0000 9503.5693   28.6594
   -7.5000  -22.5000  -15.000010731.0439   28.8280
    0.0000  -22.5000  -15.000011137.5479   28.8543
    7.5000  -22.5000  -15.000010615.9561   28.7687
   -7.5000  -15.0000  -15.000011804.8379   28.9332
    0.0000  -15.0000  -15.000012230.8115   28.9813
    7.5000  -15.0000  -15.000011666.2822   28.9078
   -7.5000   -7.5000  -15.000012887.2764   28.8815
    0.0000   -7.5000  -15.000013345.3721   28.9527
    7.5000   -7.5000  -15.000012718.8105   28.8934
   -7.5000    0.0000  -15.000013850.6787   28.7420
    0.0000    0.0000  -15.000014304.9619   28.8174
    7.5000    0.0000  -15.000013698.1973   28.7630
   -7.5000    7.5000  -15.000013740.3037   28.6484
    0.0000    7.5000  -15.000014267.8516   28.7010
    7.5000    7.5000  -15.000013650.7217   28.6344
   -7.5000   15.0000  -15.000013447.7393   28.6831
    0.0000   15.0000  -15.000013968.0020   28.7095
    7.5000   15.0000  -15.000013363.6025   28.6264
   -7.5000   22.5000  -15.000013000.0713   28.8178
    0.0000   22.5000  -15.000013510.1582   28.8441
    7.5000   22.5000  -15.000012926.7559   28.7585
   -7.5000   30.0000  -15.000012505.6260   28.5587
    0.0000   30.0000  -15.000012978.5996   28.6062
    7.5000   30.0000  -15.000012408.1582   28.5337
   -7.5000   37.5000  -15.000012546.9697   28.5078
    0.0000   37.5000  -15.000012999.4912   28.5780
    7.5000   37.5000  -15.000012417.6572   28.5195
   -7.5000   45.0000  -15.000011867.2227   27.6967
    0.0000   45.0000  -15.000012283.8730   27.7694
    7.5000   45.0000  -15.000011710.6045   27.7169
   -7.5000  -45.0000   -7.5000 8195.5312   29.9416
    0.0000  -45.0000   -7.5000 8575.3223   30.0315
    7.5000  -45.0000   -7.5000 8156.2822   29.9679
   -7.5000  -37.5000   -7.5000 9083.4473   29.2475
    0.0000  -37.5000   -7.5000 9493.1836   29.3141
    7.5000  -37.5000   -7.5000 9030.5957   29.2419
   -7.5000  -30.0000   -7.500010351.9951   29.0573
    0.0000  -30.0000   -7.500010798.5918   29.0983
    7.5000  -30.0000   -7.500010276.3652   28.9997
   -7.5000  -22.5000   -7.500011557.7744   29.1757
    0.0000  -22.5000   -7.500012053.4287   29.2130
    7.5000  -22.5000   -7.500011483.4521   29.0964
   -7.5000  -15.0000   -7.500012712.1299   29.2829
    0.0000  -15.0000   -7.500013228.8301   29.3385
    7.5000  -15.0000   -7.500012585.6992   29.2293
   -7.5000   -7.5000   -7.500013876.8086   29.2258
    0.0000   -7.5000   -7.500014413.2500   29.3030
    7.5000   -7.5000   -7.500013692.5361   29.2206
   -7.5000    0.0000   -7.500014937.9785   29.0806
    0.0000    0.0000   -7.500015489.7891   29.1646
    7.5000    0.0000   -7.500014767.1709   29.1026
   -7.5000    7.5000   -7.500014785.7080   28.9861
    0.0000    7.5000   -7.500015419.7969   29.0516
    7.5000    7.5000   -7.500014709.2324   28.9808
   -7.5000   15.0000   -7.500014401.1162   29.0243
    0.0000   15.0000   -7.500015050.9180   29.0650
    7.5000   15.0000   -7.500014377.1855   28.9664
   -7.5000   22.5000   -7.500013917.9961   29.1622
    0.0000   22.5000   -7.500014524.6426   29.1995
    7.5000   22.5000   -7.500013880.1123   29.0830
   -7.5000   30.0000   -7.500013426.0947   28.9032
    0.0000   30.0000   -7.500013968.0791   28.9580
    7.5000   30.0000   -7.500013338.4248   28.8502
   -7.5000   37.5000   -7.500013459.4971   28.8468
    0.0000   37.5000   -7.500013978.3711   28.9230
    7.5000   37.5000   -7.500013337.4365   28.8417
   -7.5000   45.0000   -7.500012643.5049   28.0283
    0.0000   45.0000   -7.500013111.4287   28.1092
    7.5000   45.0000   -7.500012521.1094   28.0494
   -7.5000  -45.0000    0.0000 8741.0713   29.9790
    0.0000  -45.0000    0.0000 9163.8770   30.0767
    7.5000  -45.0000    0.0000 8688.3418   30.0069
   -7.5000  -37.5000    0.0000 9698.0352   29.2923
    0.0000  -37.5000    0.000010159.3789   29.3741
    7.5000  -37.5000    0.0000 9628.5000   29.2968
   -7.5000  -30.0000    0.000011052.2412   29.1057
    0.0000  -30.0000    0.000011551.1943   29.1691
    7.5000  -30.0000    0.000010970.0869   29.0638
   -7.5000  -22.5000    0.000012334.8096   29.2206
    0.0000  -22.5000    0.000012885.5879   29.2799
    7.5000  -22.5000    0.000012238.5938   29.1527
   -7.5000  -15.0000    0.000013547.7852   29.3209
    0.0000  -15.0000    0.000014142.9043   29.3910
    7.5000  -15.0000    0.000013422.9160   29.2697
   -7.5000   -7.5000    0.000014767.8457   29.2601
    0.0000   -7.5000    0.000015424.4121   29.3450
    7.5000   -7.5000    0.000014619.5068   29.2529
   -7.5000    0.0000    0.000015907.8047   29.1182
    0.0000    0.0000    0.000016720.0312   29.2095
    7.5000    0.0000    0.000015821.6230   29.1414
   -7.5000    7.5000    0.000015671.7441   29.0307
    0.0000    7.5000    0.000016629.6953   29.1111
    7.5000    7.5000    0.000015752.4248   29.0352
   -7.5000   15.0000    0.000015223.4336   29.0725
    0.0000   15.0000    0.000016137.5166   29.1357
    7.5000   15.0000    0.000015328.3730   29.0304
   -7.5000   22.5000    0.000014740.9932   29.2071
    0.0000   22.5000    0.000015563.0166   29.2664
    7.5000   22.5000    0.000014787.0664   29.1393
   -7.5000   30.0000    0.000014230.6416   28.9415
    0.0000   30.0000    0.000014963.3301   29.0106
    7.5000   30.0000    0.000014221.8623   28.8909
   -7.5000   37.5000    0.000014232.7139   28.8814
    0.0000   37.5000    0.000014920.5146   28.9653
    7.5000   37.5000    0.000014190.2920   28.8743
   -7.5000   45.0000    0.000013314.7422   28.0666
    0.0000   45.0000    0.000013913.3916   28.1546
    7.5000   45.0000    0.000013265.1592   28.0890
   -7.5000  -45.0000    7.5000 8585.1660   29.9509
    0.0000  -45.0000    7.5000 9004.1855   30.0493
    7.5000  -45.0000    7.5000 8550.6250   29.9800
   -7.5000  -37.5000    7.5000 9522.7510   29.2722
    0.0000  -37.5000    7.5000 9987.4502   29.3586
    7.5000  -37.5000    7.5000 9502.0010   29.2805
   -7.5000  -30.0000    7.500010843.8838   29.0851
    0.0000  -30.0000    7.500011341.1699   29.1601
    7.5000  -30.0000    7.500010822.4248   29.0651
   -7.5000  -22.5000    7.500012116.2764   29.1906
    0.0000  -22.5000    7.500012679.3701   29.2629
    7.5000  -22.5000    7.500012045.3174   29.1593
   -7.5000  -15.0000    7.500013333.0947   29.2830
    0.0000  -15.0000    7.500013958.3359   29.3618
    7.5000  -15.0000    7.500013226.4531   29.2659
   -7.5000   -7.5000    7.500014593.6230   29.2255
    0.0000   -7.5000    7.500015413.6738   29.3134
    7.5000   -7.5000    7.500014528.9551   29.2349
   -7.5000    0.0000    7.500015612.4102   29.0925
    0.0000    0.0000    7.500016801.9395   29.1843
    7.5000    0.0000    7.500015730.3584   29.1166
   -7.5000    7.5000    7.500015206.7832   29.0112
    0.0000    7.5000    7.500016475.9258   29.0962
    7.5000    7.5000    7.500015549.8271   29.0195
   -7.5000   15.0000    7.500014790.6367   29.0520
    0.0000   15.0000    7.500015944.5684   29.1267
    7.5000   15.0000    7.500015099.4473   29.0317
   -7.5000   22.5000    7.500014408.8174   29.1771
    0.0000   22.5000    7.500015422.3877   29.2494
    7.5000   22.5000    7.500014563.7598   29.1459
   -7.5000   30.0000    7.500013933.3174   28.9040
    0.0000   30.0000    7.500014831.6729   28.9818
    7.5000   30.0000    7.500014010.6201   28.8871
   -7.5000   37.5000    7.500013973.6602   28.8473
    0.0000   37.5000    7.500014800.8105   28.9340
    7.5000   37.5000    7.500013989.7139   28.8565
   -7.5000   45.0000    7.500013038.9463   28.0419
    0.0000   45.0000    7.500013747.4561   28.1303
    7.5000   45.0000    7.500013023.9355   28.0650
   -7.5000  -45.0000   15.0000 8312.0020   29.9412
    0.0000  -45.0000   15.0000 8727.2783   30.0316
    7.5000  -45.0000   15.0000 8253.7295   29.9681
   -7.5000  -37.5000   15.0000 9243.8154   29.2621
    0.0000  -37.5000   15.0000 9681.5518   29.3380
    7.5000  -37.5000   15.0000 9199.1328   29.2629
   -7.5000  -30.0000   15.000010486.3916   29.0732
    0.0000  -30.0000   15.000010963.0791   29.1379
    7.5000  -30.0000   15.000010474.0596   29.0578
   -7.5000  -22.5000   15.000011698.2744   29.1754
    0.0000  -22.5000   15.000012240.2539   29.2397
    7.5000  -22.5000   15.000011697.9180   29.1666
   -7.5000  -15.0000   15.000012849.2715   29.2670
    0.0000  -15.0000   15.000013539.2559   29.3403
    7.5000  -15.0000   15.000012887.1074   29.2787
   -7.5000   -7.5000   15.000014080.3730   29.2135
    0.0000   -7.5000   15.000015139.8096   29.2962
    7.5000   -7.5000   15.000014189.9424   29.2389
   -7.5000    0.0000   15.000015119.8975   29.0833
    0.0000    0.0000   15.000016450.3145   29.1675
    7.5000    0.0000   15.000015309.7510   29.1053
   -7.5000    7.5000   15.000014719.4033   29.0015
    0.0000    7.5000   15.000015917.0859   29.0761
    7.5000    7.5000   15.000014996.5078   29.0025
   -7.5000   15.0000   15.000014349.8223   29.0402
    0.0000   15.0000   15.000015364.9014   29.1047
    7.5000   15.0000   15.000014597.1553   29.0244
   -7.5000   22.5000   15.000014062.9053   29.1620
    0.0000   22.5000   15.000014966.3057   29.2263
    7.5000   22.5000   15.000014138.8438   29.1531
   -7.5000   30.0000   15.000013643.6094   28.8882
    0.0000   30.0000   15.000014489.8887   28.9606
    7.5000   30.0000   15.000013625.5127   28.8998
   -7.5000   37.5000   15.000013665.0840   28.8354
    0.0000   37.5000   15.000014462.9932   28.9170
    7.5000   37.5000   15.000013577.6768   28.8605
   -7.5000   45.0000   15.000012672.7090   28.0330
    0.0000   45.0000   15.000013366.0830   28.1141
    7.5000   45.0000   15.000012589.4268   28.0541
   -7.5000  -45.0000   22.5000 7910.8145   29.9661
    0.0000  -45.0000   22.5000 8331.8955   30.0477
    7.5000  -45.0000   22.5000 7893.1187   29.9907
   -7.5000  -37.5000   22.5000 8809.5684   29.2788
    0.0000  -37.5000   22.5000 9250.7295   29.3375
    7.5000  -37.5000   22.5000 8775.1523   29.2667
   -7.5000  -30.0000   22.500010016.1523   29.0877
    0.0000  -30.0000   22.500010503.0918   29.1268
    7.5000  -30.0000   22.500010022.8076   29.0509
   -7.5000  -22.5000   22.500011187.3428   29.1945
    0.0000  -22.5000   22.500011739.4102   29.2349
    7.5000  -22.5000   22.500011212.2607   29.1685
   -7.5000  -15.0000   22.500012285.1230   29.2932
    0.0000  -15.0000   22.500013013.1719   29.3509
    7.5000  -15.0000   22.500012331.5566   29.2987
   -7.5000   -7.5000   22.500013503.3760   29.2411
    0.0000   -7.5000   22.500014486.3047   29.3158
    7.5000   -7.5000   22.500013436.2012   29.2673
   -7.5000    0.0000   22.500014710.2646   29.1060
    0.0000    0.0000   22.500015773.9844   29.1820
    7.5000    0.0000   22.500014430.1787   29.1263
   -7.5000    7.5000   22.500014607.8965   29.0179
    0.0000    7.5000   22.500015486.4033   29.0756
    7.5000    7.5000   22.500014265.3955   29.0062
   -7.5000   15.0000   22.500014253.1299   29.0547
    0.0000   15.0000   22.500014981.4414   29.0936
    7.5000   15.0000   22.500013956.8301   29.0176
   -7.5000   22.5000   22.500013819.8682   29.1810
    0.0000   22.5000   22.500014514.2373   29.2214
    7.5000   22.5000   22.500013533.4834   29.1551
   -7.5000   30.0000   22.500013265.9316   28.9141
    0.0000   30.0000   22.500013961.2891   28.9711
    7.5000   30.0000   22.500013026.6768   28.9195
   -7.5000   37.5000   22.500013174.2783   28.8626
    0.0000   37.5000   22.500013849.8086   28.9364
    7.5000   37.5000   22.500012988.9014   28.8886
   -7.5000   45.0000   22.500012106.9219   28.0549
    0.0000   45.0000   22.500012759.7344   28.1281
    7.5000   45.0000   22.500012024.9746   28.0744
   -7.5000  -45.0000   30.0000 7415.4980   29.9990
    0.0000  -45.0000   30.0000 7768.2935   30.0809
    7.5000  -45.0000   30.0000 7371.4893   30.0244
   -7.5000  -37.5000   30.0000 8285.4043   29.3032
    0.0000  -37.5000   30.0000 8628.5088   29.3573
    7.5000  -37.5000   30.0000 8204.9717   29.2885
   -7.5000  -30.0000   30.0000 9471.2012   29.1098
    0.0000  -30.0000   30.0000 9804.6768   29.1368
    7.5000  -30.0000   30.0000 9383.3232   29.0527
   -7.5000  -22.5000   30.000010609.8311   29.2236
    0.0000  -22.5000   30.000010998.9990   29.2503
    7.5000  -22.5000   30.000010496.0439   29.1635
   -7.5000  -15.0000   30.000011666.5459   29.3303
    0.0000  -15.0000   30.000012188.1133   29.3790
    7.5000  -15.0000   30.000011544.7500   29.3045
   -7.5000   -7.5000   30.000012790.4326   29.2779
    0.0000   -7.5000   30.000013463.7061   29.3500
    7.5000   -7.5000   30.000012551.8506   29.2900
   -7.5000    0.0000   30.000013864.3271   29.1365
    0.0000    0.0000   30.000014588.0029   29.2129
    7.5000    0.0000   30.000013453.4961   29.1577
   -7.5000    7.5000   30.000013760.6475   29.0416
    0.0000    7.5000   30.000014430.2178   29.0949
    7.5000    7.5000   30.000013343.4160   29.0274
   -7.5000   15.0000   30.000013437.4219   29.0768
    0.0000   15.0000   30.000014125.9219   29.1035
    7.5000   15.0000   30.000013146.8037   29.0192
   -7.5000   22.5000   30.000012953.8379   29.2102
    0.0000   22.5000   30.000013688.0352   29.2368
    7.5000   22.5000   30.000012748.2881   29.1500
   -7.5000   30.0000   30.000012401.2686   28.9507
    0.0000   30.0000   30.000013126.0195   28.9988
    7.5000   30.0000   30.000012273.6230   28.9253
   -7.5000   37.5000   30.000012314.6406   28.8990
    0.0000   37.5000   30.000013002.7949   28.9702
    7.5000   37.5000   30.000012240.2646   28.9109
   -7.5000   45.0000   30.000011353.4385   28.0842
    0.0000   45.0000   30.000011972.3281   28.1579
    7.5000   45.0000   30.000011334.9600   28.1047
   -7.5000  -45.0000   37.5000 7117.1895   30.0484
    0.0000  -45.0000   37.5000 7429.5210   30.1385
    7.5000  -45.0000   37.5000 7093.2134   30.0744
   -7.5000  -37.5000   37.5000 7950.5576   29.3520
    0.0000  -37.5000   37.5000 8259.0566   29.4188
    7.5000  -37.5000   37.5000 7882.8784   29.3460
   -7.5000  -30.0000   37.5000 9102.6748   29.1616
    0.0000  -30.0000   37.5000 9421.4619   29.2026
    7.5000  -30.0000   37.5000 9003.4434   29.1033
   -7.5000  -22.5000   37.500010202.7441   29.2805
    0.0000  -22.5000   37.500010555.5068   29.3178
    7.5000  -22.5000   37.500010086.5781   29.2003
   -7.5000  -15.0000   37.500011222.6221   29.3880
    0.0000  -15.0000   37.500011629.4023   29.4437
    7.5000  -15.0000   37.500011091.2461   29.3335
   -7.5000   -7.5000   37.500012219.7939   29.3306
    0.0000   -7.5000   37.500012723.6309   29.4079
    7.5000   -7.5000   37.500012055.3145   29.3248
   -7.5000    0.0000   37.500013189.1768   29.1847
    0.0000    0.0000   37.500013720.2109   29.2689
    7.5000    0.0000   37.500012963.6621   29.2063
   -7.5000    7.5000   37.500013091.3311   29.0898
    0.0000    7.5000   37.500013665.8730   29.1555
    7.5000    7.5000   37.500012880.4492   29.0842
   -7.5000   15.0000   37.500012811.7695   29.1284
    0.0000   15.0000   37.500013452.2725   29.1692
    7.5000   15.0000   37.500012687.3672   29.0697
   -7.5000   22.5000   37.500012406.2588   29.2670
    0.0000   22.5000   37.500013091.5176   29.3043
    7.5000   22.5000   37.500012334.3770   29.1868
   -7.5000   30.0000   37.500011932.8662   29.0077
    0.0000   30.0000   37.500012611.3477   29.0627
    7.5000   30.0000   37.500011891.2900   28.9539
   -7.5000   37.5000   37.500011898.7119   28.9510
    0.0000   37.5000   37.500012537.5273   29.0273
    7.5000   37.5000   37.500011862.2900   28.9453
   -7.5000   45.0000   37.500011003.0566   28.1307
    0.0000   45.0000   37.500011565.9795   28.2118
    7.5000   45.0000   37.500010983.5430   28.1515
   -7.5000  -45.0000   45.0000 6506.0361   30.0847
    0.0000  -45.0000   45.0000 6791.0786   30.1848
    7.5000  -45.0000   45.0000 6496.6719   30.1142
   -7.5000  -37.5000   45.0000 7254.6948   29.3924
    0.0000  -37.5000   45.0000 7539.2061   29.4762
    7.5000  -37.5000   45.0000 7230.4434   29.3978
   -7.5000  -30.0000   45.0000 8294.1221   29.2062
    0.0000  -30.0000   45.0000 8587.1426   29.2710
    7.5000  -30.0000   45.0000 8258.8369   29.1637
   -7.5000  -22.5000   45.0000 9306.1152   29.3231
    0.0000  -22.5000   45.0000 9603.2939   29.3833
    7.5000  -22.5000   45.0000 9233.0352   29.2535
   -7.5000  -15.0000   45.000010246.9688   29.4247
    0.0000  -15.0000   45.000010572.1250   29.4958
    7.5000  -15.0000   45.000010143.1016   29.3722
   -7.5000   -7.5000   45.000011134.8809   29.3625
    0.0000   -7.5000   45.000011497.9570   29.4491
    7.5000   -7.5000   45.000011022.6309   29.3555
   -7.5000    0.0000   45.000011981.3594   29.2184
    0.0000    0.0000   45.000012364.9180   29.3117
    7.5000    0.0000   45.000011841.7734   29.2429
   -7.5000    7.5000   45.000011895.9688   29.1299
    0.0000    7.5000   45.000012321.8477   29.2122
    7.5000    7.5000   45.000011760.1895   29.1353
   -7.5000   15.0000   45.000011668.2627   29.1727
    0.0000   15.0000   45.000012167.4639   29.2373
    7.5000   15.0000   45.000011560.9385   29.1299
   -7.5000   22.5000   45.000011321.1758   29.3095
    0.0000   22.5000   45.000011851.5732   29.3697
    7.5000   22.5000   45.000011248.8760   29.2399
   -7.5000   30.0000   45.000010923.1367   29.0414
    0.0000   30.0000   45.000011468.4248   29.1116
    7.5000   30.0000   45.000010881.4102   28.9895
   -7.5000   37.5000   45.000010930.7588   28.9800
    0.0000   37.5000   45.000011489.1768   29.0655
    7.5000   37.5000   45.000010891.0547   28.9731
   -7.5000   45.0000   45.000010115.9219   28.1759
    0.0000   45.0000   45.000010627.1230   28.2659
    7.5000   45.0000   45.000010091.7051   28.1996

---------------------------------------------------------------------
imgreg_4dfp /opt/freesurfer/average/711-2C_as_mni_average_305 /opt/freesurfer/average/711-2B_as_mni_average_305_mask talsrcimg_g11 none talsrcimg_to_711-2C_as_mni_average_305_t4 4355
---------------------------------------------------------------------

freesurfer imgreg_4dfp.c
/opt/freesurfer/average/711-2C_as_mni_average_305.4dfp.img
       256       256       256         1
  1.000000  1.000000  1.000000
orientation T byte_order littleendian
Reading image: /opt/freesurfer/average/711-2C_as_mni_average_305.4dfp.img
dimensions:      256       256       256
mmppix:       1.0000   -1.0000   -1.0000
center:     128.0000 -129.0000 -129.0000
/opt/freesurfer/average/711-2B_as_mni_average_305_mask.4dfp.img
       256       256       256         1
  1.000000  1.000000  1.000000
orientation T byte_order littleendian
Reading mask: /opt/freesurfer/average/711-2B_as_mni_average_305_mask.4dfp.img (2306576 pixels)
talsrcimg_g11.4dfp.img
       256       256       256         1
  1.000000  1.000000  1.000000
orientation T byte_order littleendian
Reading image: talsrcimg_g11.4dfp.img
dimensions:      256       256       256
mmppix:       1.0000   -1.0000   -1.0000
center:     128.0000 -129.0000 -129.0000
rotation matrix determinant  1.000000
image alignment mode   4355 decimal     1103 hex
   -7.5000  -45.0000  -37.5000 1679.2019   44.0922
    0.0000  -45.0000  -37.5000 1674.3151   44.4748
    7.5000  -45.0000  -37.5000 1657.9528   44.9322
   -7.5000  -37.5000  -37.5000 1819.7889   37.9593
    0.0000  -37.5000  -37.5000 1822.0804   38.3248
    7.5000  -37.5000  -37.5000 1803.6061   38.6395
   -7.5000  -30.0000  -37.5000 1946.8439   33.7092
    0.0000  -30.0000  -37.5000 1949.0461   33.9632
    7.5000  -30.0000  -37.5000 1931.1014   34.1869
   -7.5000  -22.5000  -37.5000 2047.9897   30.8536
    0.0000  -22.5000  -37.5000 2052.9399   31.0383
    7.5000  -22.5000  -37.5000 2031.2000   31.2153
   -7.5000  -15.0000  -37.5000 2125.1892   28.5514
    0.0000  -15.0000  -37.5000 2130.3367   28.6958
    7.5000  -15.0000  -37.5000 2107.4622   28.8555
   -7.5000   -7.5000  -37.5000 2196.5701   26.6433
    0.0000   -7.5000  -37.5000 2204.2402   26.7121
    7.5000   -7.5000  -37.5000 2184.9104   26.8942
   -7.5000    0.0000  -37.5000 2249.7139   25.1920
    0.0000    0.0000  -37.5000 2257.3716   25.2671
    7.5000    0.0000  -37.5000 2228.3433   25.5026
   -7.5000    7.5000  -37.5000 2271.7419   24.3587
    0.0000    7.5000  -37.5000 2281.5845   24.4697
    7.5000    7.5000  -37.5000 2258.0339   24.7597
   -7.5000   15.0000  -37.5000 2266.7231   24.1002
    0.0000   15.0000  -37.5000 2280.9136   24.3054
    7.5000   15.0000  -37.5000 2264.9443   24.5380
   -7.5000   22.5000  -37.5000 2260.0210   24.4595
    0.0000   22.5000  -37.5000 2264.7678   24.6218
    7.5000   22.5000  -37.5000 2244.9338   24.8962
   -7.5000   30.0000  -37.5000 2226.0776   25.2995
    0.0000   30.0000  -37.5000 2236.1296   25.3943
    7.5000   30.0000  -37.5000 2211.9158   25.6237
   -7.5000   37.5000  -37.5000 2181.2104   26.5613
    0.0000   37.5000  -37.5000 2189.0686   26.6596
    7.5000   37.5000  -37.5000 2168.5691   26.9200
   -7.5000   45.0000  -37.5000 2111.9292   28.5783
    0.0000   45.0000  -37.5000 2121.3503   28.6110
    7.5000   45.0000  -37.5000 2100.3521   28.9727
   -7.5000  -45.0000  -30.0000 1773.9231   42.0542
    0.0000  -45.0000  -30.0000 1773.0435   42.4334
    7.5000  -45.0000  -30.0000 1761.3855   42.9707
   -7.5000  -37.5000  -30.0000 1921.9977   36.1958
    0.0000  -37.5000  -30.0000 1932.3125   36.4567
    7.5000  -37.5000  -30.0000 1913.5459   36.8568
   -7.5000  -30.0000  -30.0000 2063.0916   32.1566
    0.0000  -30.0000  -30.0000 2070.5215   32.2954
    7.5000  -30.0000  -30.0000 2049.4414   32.5351
   -7.5000  -22.5000  -30.0000 2182.5229   29.3626
    0.0000  -22.5000  -30.0000 2182.1995   29.4740
    7.5000  -22.5000  -30.0000 2161.1711   29.6622
   -7.5000  -15.0000  -30.0000 2270.6548   27.1899
    0.0000  -15.0000  -30.0000 2267.9441   27.2744
    7.5000  -15.0000  -30.0000 2240.3921   27.4207
   -7.5000   -7.5000  -30.0000 2349.1497   25.3239
    0.0000   -7.5000  -30.0000 2345.1243   25.3631
    7.5000   -7.5000  -30.0000 2315.7375   25.5711
   -7.5000    0.0000  -30.0000 2394.4280   23.9383
    0.0000    0.0000  -30.0000 2392.0620   23.9504
    7.5000    0.0000  -30.0000 2368.5571   24.2270
   -7.5000    7.5000  -30.0000 2425.4854   23.1266
    0.0000    7.5000  -30.0000 2432.6650   23.1124
    7.5000    7.5000  -30.0000 2417.6279   23.4222
   -7.5000   15.0000  -30.0000 2427.7456   22.8842
    0.0000   15.0000  -30.0000 2438.9009   22.9598
    7.5000   15.0000  -30.0000 2429.4009   23.2328
   -7.5000   22.5000  -30.0000 2411.0354   23.2441
    0.0000   22.5000  -30.0000 2421.6841   23.2767
    7.5000   22.5000  -30.0000 2410.4990   23.5886
   -7.5000   30.0000  -30.0000 2374.9973   23.9966
    0.0000   30.0000  -30.0000 2383.2068   24.0049
    7.5000   30.0000  -30.0000 2367.3875   24.2913
   -7.5000   37.5000  -30.0000 2328.5747   25.2207
    0.0000   37.5000  -30.0000 2335.1274   25.2500
    7.5000   37.5000  -30.0000 2322.2361   25.5113
   -7.5000   45.0000  -30.0000 2254.0872   27.1092
    0.0000   45.0000  -30.0000 2259.7395   27.1278
    7.5000   45.0000  -30.0000 2243.4041   27.3715
   -7.5000  -45.0000  -22.5000 1844.8125   40.1178
    0.0000  -45.0000  -22.5000 1843.8374   40.4312
    7.5000  -45.0000  -22.5000 1834.4009   40.9304
   -7.5000  -37.5000  -22.5000 2003.0941   34.5613
    0.0000  -37.5000  -22.5000 2001.7843   34.6002
    7.5000  -37.5000  -22.5000 1992.1647   35.0173
   -7.5000  -30.0000  -22.5000 2152.2153   30.7330
    0.0000  -30.0000  -22.5000 2153.0540   30.6520
    7.5000  -30.0000  -22.5000 2140.3650   30.9469
   -7.5000  -22.5000  -22.5000 2276.8577   27.9615
    0.0000  -22.5000  -22.5000 2274.6082   27.8201
    7.5000  -22.5000  -22.5000 2256.0920   28.0797
   -7.5000  -15.0000  -22.5000 2374.8606   25.7004
    0.0000  -15.0000  -22.5000 2370.8318   25.6751
    7.5000  -15.0000  -22.5000 2347.1624   25.9270
   -7.5000   -7.5000  -22.5000 2463.3503   23.8948
    0.0000   -7.5000  -22.5000 2453.8262   23.8904
    7.5000   -7.5000  -22.5000 2432.5132   24.2181
   -7.5000    0.0000  -22.5000 2512.0911   22.5770
    0.0000    0.0000  -22.5000 2509.9475   22.5696
    7.5000    0.0000  -22.5000 2498.5388   22.9334
   -7.5000    7.5000  -22.5000 2556.0811   21.7970
    0.0000    7.5000  -22.5000 2561.4424   21.7617
    7.5000    7.5000  -22.5000 2548.1326   22.1377
   -7.5000   15.0000  -22.5000 2566.7344   21.6180
    0.0000   15.0000  -22.5000 2577.0188   21.5904
    7.5000   15.0000  -22.5000 2565.0520   21.8994
   -7.5000   22.5000  -22.5000 2550.4507   22.0119
    0.0000   22.5000  -22.5000 2559.8030   21.9132
    7.5000   22.5000  -22.5000 2547.9790   22.2100
   -7.5000   30.0000  -22.5000 2508.9197   22.6624
    0.0000   30.0000  -22.5000 2522.4585   22.6241
    7.5000   30.0000  -22.5000 2502.6609   22.8840
   -7.5000   37.5000  -22.5000 2453.6675   23.8552
    0.0000   37.5000  -22.5000 2467.2986   23.8598
    7.5000   37.5000  -22.5000 2446.2520   24.0655
   -7.5000   45.0000  -22.5000 2372.7510   25.5854
    0.0000   45.0000  -22.5000 2384.1150   25.6048
    7.5000   45.0000  -22.5000 2360.4438   25.7771
   -7.5000  -45.0000  -15.0000 1887.7343   38.4168
    0.0000  -45.0000  -15.0000 1887.6313   38.5983
    7.5000  -45.0000  -15.0000 1879.9761   39.2450
   -7.5000  -37.5000  -15.0000 2055.1575   33.1202
    0.0000  -37.5000  -15.0000 2054.9492   33.0881
    7.5000  -37.5000  -15.0000 2041.2571   33.5490
   -7.5000  -30.0000  -15.0000 2212.8101   29.3631
    0.0000  -30.0000  -15.0000 2211.0286   29.2009
    7.5000  -30.0000  -15.0000 2192.6292   29.5484
   -7.5000  -22.5000  -15.0000 2342.9441   26.6425
    0.0000  -22.5000  -15.0000 2340.1453   26.4582
    7.5000  -22.5000  -15.0000 2317.0974   26.7760
   -7.5000  -15.0000  -15.0000 2444.7915   24.4572
    0.0000  -15.0000  -15.0000 2443.5754   24.3449
    7.5000  -15.0000  -15.0000 2420.5168   24.6604
   -7.5000   -7.5000  -15.0000 2544.5312   22.6095
    0.0000   -7.5000  -15.0000 2538.2366   22.5814
    7.5000   -7.5000  -15.0000 2521.7122   22.9475
   -7.5000    0.0000  -15.0000 2602.8301   21.3547
    0.0000    0.0000  -15.0000 2599.5642   21.3279
    7.5000    0.0000  -15.0000 2593.6997   21.7079
   -7.5000    7.5000  -15.0000 2643.4705   20.6181
    0.0000    7.5000  -15.0000 2653.7097   20.5941
    7.5000    7.5000  -15.0000 2650.2856   20.9290
   -7.5000   15.0000  -15.0000 2665.7563   20.4466
    0.0000   15.0000  -15.0000 2675.4448   20.3715
    7.5000   15.0000  -15.0000 2669.5359   20.6972
   -7.5000   22.5000  -15.0000 2656.5864   20.7552
    0.0000   22.5000  -15.0000 2667.4854   20.6362
    7.5000   22.5000  -15.0000 2656.4475   20.9597
   -7.5000   30.0000  -15.0000 2615.6877   21.4164
    0.0000   30.0000  -15.0000 2625.1414   21.3581
    7.5000   30.0000  -15.0000 2614.6309   21.6929
   -7.5000   37.5000  -15.0000 2555.0803   22.6261
    0.0000   37.5000  -15.0000 2566.2986   22.5423
    7.5000   37.5000  -15.0000 2549.0435   22.8607
   -7.5000   45.0000  -15.0000 2465.0684   24.2558
    0.0000   45.0000  -15.0000 2477.5574   24.1778
    7.5000   45.0000  -15.0000 2456.5901   24.4596
   -7.5000  -45.0000   -7.5000 1919.8422   37.0023
    0.0000  -45.0000   -7.5000 1921.3306   37.2271
    7.5000  -45.0000   -7.5000 1902.2197   37.7465
   -7.5000  -37.5000   -7.5000 2097.0144   31.8731
    0.0000  -37.5000   -7.5000 2100.0017   31.9289
    7.5000  -37.5000   -7.5000 2081.9756   32.2939
   -7.5000  -30.0000   -7.5000 2256.3306   28.1750
    0.0000  -30.0000   -7.5000 2263.5017   28.1278
    7.5000  -30.0000   -7.5000 2244.4133   28.4685
   -7.5000  -22.5000   -7.5000 2382.4958   25.4272
    0.0000  -22.5000   -7.5000 2392.7146   25.4000
    7.5000  -22.5000   -7.5000 2373.6560   25.7325
   -7.5000  -15.0000   -7.5000 2493.8181   23.3192
    0.0000  -15.0000   -7.5000 2499.4495   23.2543
    7.5000  -15.0000   -7.5000 2481.3833   23.6276
   -7.5000   -7.5000   -7.5000 2604.4194   21.5502
    0.0000   -7.5000   -7.5000 2602.9998   21.5160
    7.5000   -7.5000   -7.5000 2586.4324   21.8659
   -7.5000    0.0000   -7.5000 2674.8584   20.2635
    0.0000    0.0000   -7.5000 2678.6675   20.2188
    7.5000    0.0000   -7.5000 2671.0552   20.5969
   -7.5000    7.5000   -7.5000 2723.5552   19.5339
    0.0000    7.5000   -7.5000 2738.9973   19.5234
    7.5000    7.5000   -7.5000 2736.5281   19.8394
   -7.5000   15.0000   -7.5000 2747.8555   19.3507
    0.0000   15.0000   -7.5000 2758.5679   19.3102
    7.5000   15.0000   -7.5000 2760.0295   19.6326
   -7.5000   22.5000   -7.5000 2741.4502   19.5875
    0.0000   22.5000   -7.5000 2749.7549   19.5076
    7.5000   22.5000   -7.5000 2746.3936   19.8727
   -7.5000   30.0000   -7.5000 2701.8792   20.2598
    0.0000   30.0000   -7.5000 2711.2583   20.1691
    7.5000   30.0000   -7.5000 2702.2847   20.5306
   -7.5000   37.5000   -7.5000 2640.4272   21.5024
    0.0000   37.5000   -7.5000 2649.7219   21.3535
    7.5000   37.5000   -7.5000 2637.9431   21.6794
   -7.5000   45.0000   -7.5000 2538.8306   23.0825
    0.0000   45.0000   -7.5000 2547.8809   22.9395
    7.5000   45.0000   -7.5000 2535.1255   23.2363
   -7.5000  -45.0000    0.0000 1939.1655   36.1183
    0.0000  -45.0000    0.0000 1943.7610   36.4074
    7.5000  -45.0000    0.0000 1920.9624   36.8416
   -7.5000  -37.5000    0.0000 2121.5117   30.9409
    0.0000  -37.5000    0.0000 2128.0171   31.1190
    7.5000  -37.5000    0.0000 2104.2917   31.3957
   -7.5000  -30.0000    0.0000 2279.7695   27.2127
    0.0000  -30.0000    0.0000 2290.1731   27.3548
    7.5000  -30.0000    0.0000 2268.2693   27.5859
   -7.5000  -22.5000    0.0000 2409.8467   24.5392
    0.0000  -22.5000    0.0000 2420.8889   24.6105
    7.5000  -22.5000    0.0000 2405.5352   24.9246
   -7.5000  -15.0000    0.0000 2522.5681   22.4120
    0.0000  -15.0000    0.0000 2532.2485   22.4695
    7.5000  -15.0000    0.0000 2516.4280   22.8354
   -7.5000   -7.5000    0.0000 2631.5300   20.7345
    0.0000   -7.5000    0.0000 2644.3806   20.7586
    7.5000   -7.5000    0.0000 2628.4788   21.1212
   -7.5000    0.0000    0.0000 2717.5562   19.4278
    0.0000    0.0000    0.0000 2739.0862   19.4165
    7.5000    0.0000    0.0000 2726.8560   19.8480
   -7.5000    7.5000    0.0000 2785.7805   18.6096
    0.0000    7.5000    0.0000 2809.1299   18.6741
    7.5000    7.5000    0.0000 2805.2251   19.0400
   -7.5000   15.0000    0.0000 2817.9163   18.3394
    0.0000   15.0000    0.0000 2831.4709   18.4387
    7.5000   15.0000    0.0000 2831.5718   18.7986
   -7.5000   22.5000    0.0000 2809.0828   18.6438
    0.0000   22.5000    0.0000 2818.8164   18.6610
    7.5000   22.5000    0.0000 2818.9915   19.0181
   -7.5000   30.0000    0.0000 2765.4150   19.3793
    0.0000   30.0000    0.0000 2778.1794   19.3162
    7.5000   30.0000    0.0000 2775.2354   19.6941
   -7.5000   37.5000    0.0000 2693.4504   20.5738
    0.0000   37.5000    0.0000 2705.6135   20.4613
    7.5000   37.5000    0.0000 2701.9460   20.8234
   -7.5000   45.0000    0.0000 2587.9080   22.1051
    0.0000   45.0000    0.0000 2599.3091   22.0193
    7.5000   45.0000    0.0000 2589.6204   22.4196
   -7.5000  -45.0000    7.5000 1940.1908   35.6537
    0.0000  -45.0000    7.5000 1949.5786   36.0082
    7.5000  -45.0000    7.5000 1932.2826   36.6156
   -7.5000  -37.5000    7.5000 2123.0601   30.3856
    0.0000  -37.5000    7.5000 2139.2168   30.5793
    7.5000  -37.5000    7.5000 2119.9871   31.1841
   -7.5000  -30.0000    7.5000 2284.3386   26.6031
    0.0000  -30.0000    7.5000 2296.6208   26.7517
    7.5000  -30.0000    7.5000 2284.4702   27.3012
   -7.5000  -22.5000    7.5000 2419.0698   23.9264
    0.0000  -22.5000    7.5000 2437.4084   24.0526
    7.5000  -22.5000    7.5000 2423.5620   24.5205
   -7.5000  -15.0000    7.5000 2534.1272   21.8840
    0.0000  -15.0000    7.5000 2552.5298   22.0411
    7.5000  -15.0000    7.5000 2540.0710   22.4077
   -7.5000   -7.5000    7.5000 2642.1921   20.2294
    0.0000   -7.5000    7.5000 2668.3105   20.3904
    7.5000   -7.5000    7.5000 2660.2795   20.7552
   -7.5000    0.0000    7.5000 2740.5828   18.9145
    0.0000    0.0000    7.5000 2775.2957   19.0509
    7.5000    0.0000    7.5000 2761.7932   19.4023
   -7.5000    7.5000    7.5000 2812.9189   17.7943
    0.0000    7.5000    7.5000 2858.5840   18.0447
    7.5000    7.5000    7.5000 2851.5847   18.4870
   -7.5000   15.0000    7.5000 2861.0261   17.5119
    0.0000   15.0000    7.5000 2892.7029   17.6939
    7.5000   15.0000    7.5000 2885.8450   18.1730
   -7.5000   22.5000    7.5000 2857.3899   18.0283
    0.0000   22.5000    7.5000 2883.3879   18.0655
    7.5000   22.5000    7.5000 2870.6516   18.4379
   -7.5000   30.0000    7.5000 2810.9768   18.8601
    0.0000   30.0000    7.5000 2830.8506   18.8145
    7.5000   30.0000    7.5000 2823.7341   19.1867
   -7.5000   37.5000    7.5000 2731.3274   19.9920
    0.0000   37.5000    7.5000 2748.2173   19.9257
    7.5000   37.5000    7.5000 2748.9209   20.3533
   -7.5000   45.0000    7.5000 2619.4036   21.4986
    0.0000   45.0000    7.5000 2633.7388   21.4454
    7.5000   45.0000    7.5000 2630.8284   21.8882
   -7.5000  -45.0000   15.0000 1924.3752   35.8154
    0.0000  -45.0000   15.0000 1938.1791   36.1014
    7.5000  -45.0000   15.0000 1918.9788   36.8180
   -7.5000  -37.5000   15.0000 2117.3059   30.4103
    0.0000  -37.5000   15.0000 2130.7839   30.4760
    7.5000  -37.5000   15.0000 2110.5776   31.0745
   -7.5000  -30.0000   15.0000 2274.2295   26.5094
    0.0000  -30.0000   15.0000 2286.9009   26.5845
    7.5000  -30.0000   15.0000 2274.6985   27.1549
   -7.5000  -22.5000   15.0000 2413.6863   23.8260
    0.0000  -22.5000   15.0000 2428.4375   23.9399
    7.5000  -22.5000   15.0000 2421.5527   24.3287
   -7.5000  -15.0000   15.0000 2525.6538   21.7450
    0.0000  -15.0000   15.0000 2546.3496   21.9090
    7.5000  -15.0000   15.0000 2543.6814   22.2712
   -7.5000   -7.5000   15.0000 2631.7095   20.1312
    0.0000   -7.5000   15.0000 2662.1172   20.3457
    7.5000   -7.5000   15.0000 2663.8674   20.6549
   -7.5000    0.0000   15.0000 2727.7778   18.7946
    0.0000    0.0000   15.0000 2772.1792   19.1314
    7.5000    0.0000   15.0000 2770.1609   19.3446
   -7.5000    7.5000   15.0000 2808.8518   17.6426
    0.0000    7.5000   15.0000 2864.7405   17.8916
    7.5000    7.5000   15.0000 2852.2295   18.2481
   -7.5000   15.0000   15.0000 2875.7751   17.3517
    0.0000   15.0000   15.0000 2906.3384   17.3789
    7.5000   15.0000   15.0000 2898.9719   17.8720
   -7.5000   22.5000   15.0000 2888.2290   17.9220
    0.0000   22.5000   15.0000 2905.8733   17.8221
    7.5000   22.5000   15.0000 2889.0510   18.2240
   -7.5000   30.0000   15.0000 2842.2727   18.8426
    0.0000   30.0000   15.0000 2858.5103   18.7188
    7.5000   30.0000   15.0000 2838.9922   19.0463
   -7.5000   37.5000   15.0000 2755.3652   19.8987
    0.0000   37.5000   15.0000 2767.8315   19.7927
    7.5000   37.5000   15.0000 2754.1550   20.1367
   -7.5000   45.0000   15.0000 2632.3191   21.3939
    0.0000   45.0000   15.0000 2641.8416   21.2748
    7.5000   45.0000   15.0000 2638.4453   21.6218
   -7.5000  -45.0000   22.5000 1899.8250   36.6607
    0.0000  -45.0000   22.5000 1911.1862   36.8569
    7.5000  -45.0000   22.5000 1904.3052   37.4370
   -7.5000  -37.5000   22.5000 2093.5537   30.9775
    0.0000  -37.5000   22.5000 2104.5115   31.0230
    7.5000  -37.5000   22.5000 2092.6384   31.5590
   -7.5000  -30.0000   22.5000 2256.2512   27.0413
    0.0000  -30.0000   22.5000 2271.7722   26.9949
    7.5000  -30.0000   22.5000 2269.6521   27.4678
   -7.5000  -22.5000   22.5000 2393.9697   24.3040
    0.0000  -22.5000   22.5000 2412.5938   24.3189
    7.5000  -22.5000   22.5000 2416.0500   24.6229
   -7.5000  -15.0000   22.5000 2505.0388   22.2697
    0.0000  -15.0000   22.5000 2529.9626   22.3643
    7.5000  -15.0000   22.5000 2538.0522   22.5185
   -7.5000   -7.5000   22.5000 2622.8228   20.6878
    0.0000   -7.5000   22.5000 2651.8647   20.8906
    7.5000   -7.5000   22.5000 2651.3826   20.8731
   -7.5000    0.0000   22.5000 2727.5430   19.3683
    0.0000    0.0000   22.5000 2762.8259   19.6408
    7.5000    0.0000   22.5000 2749.5959   19.4992
   -7.5000    7.5000   22.5000 2819.5159   18.4206
    0.0000    7.5000   22.5000 2861.6028   18.5212
    7.5000    7.5000   22.5000 2827.6157   18.4512
   -7.5000   15.0000   22.5000 2873.1418   18.0106
    0.0000   15.0000   22.5000 2899.8752   17.9500
    7.5000   15.0000   22.5000 2877.1189   18.1155
   -7.5000   22.5000   22.5000 2884.5117   18.3336
    0.0000   22.5000   22.5000 2903.3081   18.2212
    7.5000   22.5000   22.5000 2875.8582   18.4279
   -7.5000   30.0000   22.5000 2835.0881   19.0855
    0.0000   30.0000   22.5000 2851.7764   18.9732
    7.5000   30.0000   22.5000 2827.4731   19.1633
   -7.5000   37.5000   22.5000 2742.7522   20.1004
    0.0000   37.5000   22.5000 2753.2642   19.9955
    7.5000   37.5000   22.5000 2742.3501   20.2155
   -7.5000   45.0000   22.5000 2619.4343   21.5012
    0.0000   45.0000   22.5000 2633.4744   21.4127
    7.5000   45.0000   22.5000 2626.3611   21.7035
   -7.5000  -45.0000   30.0000 1873.1106   38.1378
    0.0000  -45.0000   30.0000 1878.5868   37.8762
    7.5000  -45.0000   30.0000 1881.0674   38.3623
   -7.5000  -37.5000   30.0000 2068.9521   32.3402
    0.0000  -37.5000   30.0000 2068.3291   31.9384
    7.5000  -37.5000   30.0000 2073.4407   32.4000
   -7.5000  -30.0000   30.0000 2238.9651   28.3068
    0.0000  -30.0000   30.0000 2237.2048   27.9329
    7.5000  -30.0000   30.0000 2250.3938   28.3011
   -7.5000  -22.5000   30.0000 2378.5049   25.5195
    0.0000  -22.5000   30.0000 2376.6592   25.2326
    7.5000  -22.5000   30.0000 2388.5852   25.4288
   -7.5000  -15.0000   30.0000 2489.2788   23.3713
    0.0000  -15.0000   30.0000 2497.6711   23.2851
    7.5000  -15.0000   30.0000 2505.9951   23.2894
   -7.5000   -7.5000   30.0000 2609.8240   21.7090
    0.0000   -7.5000   30.0000 2618.7466   21.7342
    7.5000   -7.5000   30.0000 2616.5571   21.5832
   -7.5000    0.0000   30.0000 2711.5154   20.3191
    0.0000    0.0000   30.0000 2731.3850   20.3696
    7.5000    0.0000   30.0000 2708.0488   20.1141
   -7.5000    7.5000   30.0000 2789.9707   19.3162
    0.0000    7.5000   30.0000 2819.0051   19.3101
    7.5000    7.5000   30.0000 2785.4062   19.1688
   -7.5000   15.0000   30.0000 2833.8794   18.9218
    0.0000   15.0000   30.0000 2866.6218   18.8859
    7.5000   15.0000   30.0000 2836.6130   18.8395
   -7.5000   22.5000   30.0000 2824.7427   19.0635
    0.0000   22.5000   30.0000 2864.1147   19.0454
    7.5000   22.5000   30.0000 2828.6760   19.0405
   -7.5000   30.0000   30.0000 2775.9861   19.6644
    0.0000   30.0000   30.0000 2803.6965   19.6480
    7.5000   30.0000   30.0000 2778.8318   19.6831
   -7.5000   37.5000   30.0000 2691.7896   20.6097
    0.0000   37.5000   30.0000 2706.2637   20.5517
    7.5000   37.5000   30.0000 2698.1167   20.7461
   -7.5000   45.0000   30.0000 2582.9546   22.0439
    0.0000   45.0000   30.0000 2593.0967   21.9328
    7.5000   45.0000   30.0000 2593.7927   22.2310
   -7.5000  -45.0000   37.5000 1850.1193   39.8803
    0.0000  -45.0000   37.5000 1845.6052   39.3136
    7.5000  -45.0000   37.5000 1852.9401   39.7426
   -7.5000  -37.5000   37.5000 2039.5544   33.9428
    0.0000  -37.5000   37.5000 2033.4072   33.3291
    7.5000  -37.5000   37.5000 2042.2009   33.6436
   -7.5000  -30.0000   37.5000 2203.6125   29.8469
    0.0000  -30.0000   37.5000 2196.5579   29.2577
    7.5000  -30.0000   37.5000 2215.2229   29.4630
   -7.5000  -22.5000   37.5000 2345.6152   26.8779
    0.0000  -22.5000   37.5000 2336.2996   26.3901
    7.5000  -22.5000   37.5000 2350.1299   26.5189
   -7.5000  -15.0000   37.5000 2464.2761   24.5926
    0.0000  -15.0000   37.5000 2453.0229   24.2412
    7.5000  -15.0000   37.5000 2466.8970   24.3221
   -7.5000   -7.5000   37.5000 2571.9092   22.7504
    0.0000   -7.5000   37.5000 2566.6877   22.4845
    7.5000   -7.5000   37.5000 2570.1240   22.4559
   -7.5000    0.0000   37.5000 2667.9155   21.2712
    0.0000    0.0000   37.5000 2669.5845   21.0033
    7.5000    0.0000   37.5000 2665.4111   21.0611
   -7.5000    7.5000   37.5000 2743.6016   20.2282
    0.0000    7.5000   37.5000 2756.9666   20.0733
    7.5000    7.5000   37.5000 2742.1001   20.1746
   -7.5000   15.0000   37.5000 2776.8767   19.8121
    0.0000   15.0000   37.5000 2803.2903   19.7710
    7.5000   15.0000   37.5000 2783.8652   19.8411
   -7.5000   22.5000   37.5000 2757.4001   19.9448
    0.0000   22.5000   37.5000 2789.0164   19.9094
    7.5000   22.5000   37.5000 2767.1421   19.9832
   -7.5000   30.0000   37.5000 2703.3672   20.4778
    0.0000   30.0000   37.5000 2731.5876   20.4767
    7.5000   30.0000   37.5000 2718.2190   20.5631
   -7.5000   37.5000   37.5000 2627.0242   21.4423
    0.0000   37.5000   37.5000 2641.8616   21.4271
    7.5000   37.5000   37.5000 2635.7974   21.6341
   -7.5000   45.0000   37.5000 2526.6602   22.8963
    0.0000   45.0000   37.5000 2533.3867   22.8406
    7.5000   45.0000   37.5000 2531.8342   23.0894
   -7.5000  -45.0000   45.0000 1819.5233   41.6957
    0.0000  -45.0000   45.0000 1806.8040   40.9501
    7.5000  -45.0000   45.0000 1814.9382   41.3365
   -7.5000  -37.5000   45.0000 2002.2966   35.5627
    0.0000  -37.5000   45.0000 1990.5531   34.8189
    7.5000  -37.5000   45.0000 1997.6553   35.1444
   -7.5000  -30.0000   45.0000 2159.8933   31.3115
    0.0000  -30.0000   45.0000 2148.0786   30.5973
    7.5000  -30.0000   45.0000 2163.6025   30.8502
   -7.5000  -22.5000   45.0000 2297.9473   28.1684
    0.0000  -22.5000   45.0000 2281.9272   27.5469
    7.5000  -22.5000   45.0000 2295.6777   27.7870
   -7.5000  -15.0000   45.0000 2412.8933   25.8426
    0.0000  -15.0000   45.0000 2397.0847   25.2762
    7.5000  -15.0000   45.0000 2406.5183   25.3944
   -7.5000   -7.5000   45.0000 2513.0623   23.9063
    0.0000   -7.5000   45.0000 2497.2180   23.4087
    7.5000   -7.5000   45.0000 2510.5337   23.5540
   -7.5000    0.0000   45.0000 2599.1636   22.3731
    0.0000    0.0000   45.0000 2597.6572   21.9526
    7.5000    0.0000   45.0000 2601.3223   22.1802
   -7.5000    7.5000   45.0000 2672.2434   21.3114
    0.0000    7.5000   45.0000 2676.9978   21.0840
    7.5000    7.5000   45.0000 2669.1577   21.2834
   -7.5000   15.0000   45.0000 2698.4893   20.9345
    0.0000   15.0000   45.0000 2718.6887   20.8181
    7.5000   15.0000   45.0000 2701.0295   20.9439
   -7.5000   22.5000   45.0000 2677.5327   21.0890
    0.0000   22.5000   45.0000 2701.0579   20.9608
    7.5000   22.5000   45.0000 2689.2686   21.0684
   -7.5000   30.0000   45.0000 2623.9504   21.5630
    0.0000   30.0000   45.0000 2646.2544   21.4704
    7.5000   30.0000   45.0000 2638.5168   21.6650
   -7.5000   37.5000   45.0000 2550.0303   22.4977
    0.0000   37.5000   45.0000 2567.9019   22.4193
    7.5000   37.5000   45.0000 2559.9055   22.7107
   -7.5000   45.0000   45.0000 2454.0842   24.0020
    0.0000   45.0000   45.0000 2466.2622   23.9202
    7.5000   45.0000   45.0000 2461.4998   24.2348
   -7.5000  -45.0000   52.5000 1777.2720   44.0912
    0.0000  -45.0000   52.5000 1764.1444   43.1998
    7.5000  -45.0000   52.5000 1768.4579   43.3719
   -7.5000  -37.5000   52.5000 1956.3577   37.5711
    0.0000  -37.5000   52.5000 1941.6547   36.7114
    7.5000  -37.5000   52.5000 1947.1300   36.8982
   -7.5000  -30.0000   52.5000 2111.8044   33.0633
    0.0000  -30.0000   52.5000 2096.3335   32.2361
    7.5000  -30.0000   52.5000 2105.6794   32.3737
   -7.5000  -22.5000   52.5000 2242.8042   29.7845
    0.0000  -22.5000   52.5000 2226.5740   29.0794
    7.5000  -22.5000   52.5000 2233.5105   29.1984
   -7.5000  -15.0000   52.5000 2348.4646   27.3197
    0.0000  -15.0000   52.5000 2331.2756   26.5935
    7.5000  -15.0000   52.5000 2339.4575   26.7642
   -7.5000   -7.5000   52.5000 2439.2219   25.2924
    0.0000   -7.5000   52.5000 2426.9331   24.6678
    7.5000   -7.5000   52.5000 2438.9995   24.9079
   -7.5000    0.0000   52.5000 2519.3782   23.7673
    0.0000    0.0000   52.5000 2514.2402   23.2708
    7.5000    0.0000   52.5000 2517.9438   23.5174
   -7.5000    7.5000   52.5000 2583.8335   22.7543
    0.0000    7.5000   52.5000 2583.5247   22.4615
    7.5000    7.5000   52.5000 2575.6262   22.6314
   -7.5000   15.0000   52.5000 2604.1375   22.3671
    0.0000   15.0000   52.5000 2614.5063   22.1591
    7.5000   15.0000   52.5000 2600.4045   22.2478
   -7.5000   22.5000   52.5000 2585.5872   22.4654
    0.0000   22.5000   52.5000 2602.7236   22.2568
    7.5000   22.5000   52.5000 2595.3938   22.3785
   -7.5000   30.0000   52.5000 2534.8735   22.9455
    0.0000   30.0000   52.5000 2554.6653   22.7644
    7.5000   30.0000   52.5000 2550.1506   22.9621
   -7.5000   37.5000   52.5000 2466.5066   23.8971
    0.0000   37.5000   52.5000 2487.2522   23.7539
    7.5000   37.5000   52.5000 2482.4849   24.0291
   -7.5000   45.0000   52.5000 2377.0447   25.4509
    0.0000   45.0000   52.5000 2390.2683   25.2867
    7.5000   45.0000   52.5000 2386.8079   25.5947

---------------------------------------------------------------------
imgreg_4dfp /opt/freesurfer/average/711-2C_as_mni_average_305 /opt/freesurfer/average/711-2B_as_mni_average_305_mask talsrcimg_g11 none talsrcimg_to_711-2C_as_mni_average_305_t4 1283
---------------------------------------------------------------------

freesurfer imgreg_4dfp.c
/opt/freesurfer/average/711-2C_as_mni_average_305.4dfp.img
       256       256       256         1
  1.000000  1.000000  1.000000
orientation T byte_order littleendian
Reading image: /opt/freesurfer/average/711-2C_as_mni_average_305.4dfp.img
dimensions:      256       256       256
mmppix:       1.0000   -1.0000   -1.0000
center:     128.0000 -129.0000 -129.0000
/opt/freesurfer/average/711-2B_as_mni_average_305_mask.4dfp.img
       256       256       256         1
  1.000000  1.000000  1.000000
orientation T byte_order littleendian
Reading mask: /opt/freesurfer/average/711-2B_as_mni_average_305_mask.4dfp.img (2306576 pixels)
talsrcimg_g11.4dfp.img
       256       256       256         1
  1.000000  1.000000  1.000000
orientation T byte_order littleendian
Reading image: talsrcimg_g11.4dfp.img
dimensions:      256       256       256
mmppix:       1.0000   -1.0000   -1.0000
center:     128.0000 -129.0000 -129.0000
rotation matrix determinant  1.000000
fimgreg.f
image alignment mode   1283 decimal      503 hex
parameters
    0.0000   15.0000   15.0000    0.0000    0.0000    0.0000
eta,q 0.91100 17.43876
niter,ni,del,rscale     5    3   12.0000    1.2000
parameter  1 -3.821459 -> -0.500000 qaram    1.1500
parameter  2 -1.399712 -> -0.500000 qaram    1.1500
parameter  4 -1.379789 -> -0.500000 qaram    1.1500
parameter  5 -2.882379 ->  0.500000 qaram    1.1500
parameter  6  0.698869 ->  0.500000 qaram    1.1500
parameters
    3.4500   18.4500   13.6380    3.4500   -3.4500   -3.4500
eta,q 0.92205 17.32487
  0.1029  0.0980  0.0906  0.0936  0.0746  0.0784
  0.1023  0.0942  0.0900  0.0934  0.0777  0.0781
  0.0998  0.0936  0.0888  0.0915  0.0822  0.0780
  0.0958  0.0921  0.0887  0.0880  0.0862  0.0789
  0.0938  0.0899  0.0896  0.0864  0.0899  0.0806
  0.0923  0.0890  0.0918  0.0862  0.0922  0.0824
  0.0915  0.0887  0.0948  0.0865  0.0943  0.0837
niter,ni,del,rscale     7    3   12.0000    1.2000
parameter  5  2.187227 ->  0.500000 qaram    1.3225
parameters
    1.7174   18.2411   16.3822    5.3434   -7.4175   -2.9718
eta,q 0.93163 17.40946
  0.0836  0.0893  0.0859  0.0887  0.0670  0.0754
  0.0792  0.0819  0.0823  0.0834  0.0678  0.0717
  0.0774  0.0770  0.0787  0.0775  0.0705  0.0695
  0.0780  0.0768  0.0766  0.0743  0.0742  0.0684
  0.0820  0.0802  0.0748  0.0744  0.0793  0.0691
  0.0861  0.0839  0.0743  0.0763  0.0834  0.0709
  0.0929  0.0892  0.0774  0.0789  0.0867  0.0735
niter,ni,del,rscale     7    3   12.0000    1.2000
parameters
    2.2022   18.0018   17.3573    5.3428   -9.9113   -2.7129
eta,q 0.93368 17.47770
  0.0866  0.0873  0.0790  0.0792  0.0715  0.0736
  0.0774  0.0790  0.0756  0.0742  0.0682  0.0693
  0.0689  0.0703  0.0719  0.0692  0.0664  0.0671
  0.0684  0.0683  0.0681  0.0673  0.0673  0.0664
  0.0681  0.0729  0.0676  0.0695  0.0712  0.0669
  0.0741  0.0809  0.0708  0.0741  0.0770  0.0689
  0.0817  0.0893  0.0750  0.0792  0.0828  0.0723
niter,ni,del,rscale     6    3   12.0000    1.2000
parameters
    2.5589   17.9420   17.4488    5.4332  -10.0743   -2.8415
eta,q 0.93374 17.48762
  0.0844  0.0862  0.0768  0.0788  0.0764  0.0725
  0.0755  0.0787  0.0734  0.0733  0.0711  0.0686
  0.0679  0.0696  0.0687  0.0680  0.0680  0.0668
  0.0663  0.0662  0.0662  0.0662  0.0663  0.0662
  0.0664  0.0695  0.0682  0.0689  0.0675  0.0670
  0.0726  0.0782  0.0723  0.0731  0.0716  0.0691
  0.0813  0.0876  0.0769  0.0777  0.0776  0.0729
niter,ni,del,rscale     5    3   12.0000    1.2000
parameters
    2.6438   17.8916   17.4704    5.4898  -10.0714   -2.8929
eta,q 0.93374 17.48854
  0.0831  0.0863  0.0767  0.0789  0.0768  0.0726
  0.0740  0.0786  0.0733  0.0731  0.0714  0.0687
  0.0675  0.0696  0.0686  0.0680  0.0683  0.0668
  0.0663  0.0662  0.0662  0.0662  0.0663  0.0663
  0.0667  0.0694  0.0684  0.0690  0.0673  0.0669
  0.0737  0.0781  0.0725  0.0733  0.0713  0.0691
  0.0823  0.0875  0.0770  0.0778  0.0772  0.0727
niter,ni,del,rscale     4    3   12.0000    1.2000
parameters
    2.6580   17.8627   17.4821    5.5158  -10.0632   -2.9085
eta,q 0.93374 17.48793
  0.0828  0.0864  0.0767  0.0788  0.0768  0.0727
  0.0736  0.0787  0.0732  0.0730  0.0715  0.0688
  0.0675  0.0697  0.0685  0.0679  0.0683  0.0669
  0.0663  0.0663  0.0663  0.0663  0.0663  0.0663
  0.0669  0.0694  0.0684  0.0690  0.0673  0.0669
  0.0740  0.0780  0.0726  0.0734  0.0713  0.0690
  0.0825  0.0875  0.0770  0.0779  0.0772  0.0726
registration optimization eta report
parameter search radius
    6.9000    6.9000    6.0000    6.9000    7.9350    6.9000
100000*second partial in parameter space
       36.       42.       28.       24.       17.       14.
  0.0828  0.0864  0.0767  0.0788  0.0768  0.0727
  0.0736  0.0787  0.0732  0.0730  0.0715  0.0688
  0.0675  0.0697  0.0685  0.0679  0.0683  0.0669
  0.0663  0.0663  0.0663  0.0663  0.0663  0.0663
  0.0669  0.0694  0.0684  0.0690  0.0673  0.0669
  0.0740  0.0780  0.0726  0.0734  0.0713  0.0690
  0.0825  0.0875  0.0770  0.0779  0.0772  0.0726
    2.6580   17.8627   17.4821    5.5158  -10.0632   -2.9085
eta,q 0.93374 17.48793

---------------------------------------------------------------------
imgreg_4dfp /opt/freesurfer/average/711-2C_as_mni_average_305 /opt/freesurfer/average/711-2B_as_mni_average_305_mask talsrcimg_g11 none talsrcimg_to_711-2C_as_mni_average_305_t4 3335
---------------------------------------------------------------------

freesurfer imgreg_4dfp.c
/opt/freesurfer/average/711-2C_as_mni_average_305.4dfp.img
       256       256       256         1
  1.000000  1.000000  1.000000
orientation T byte_order littleendian
Reading image: /opt/freesurfer/average/711-2C_as_mni_average_305.4dfp.img
dimensions:      256       256       256
mmppix:       1.0000   -1.0000   -1.0000
center:     128.0000 -129.0000 -129.0000
/opt/freesurfer/average/711-2B_as_mni_average_305_mask.4dfp.img
       256       256       256         1
  1.000000  1.000000  1.000000
orientation T byte_order littleendian
Reading mask: /opt/freesurfer/average/711-2B_as_mni_average_305_mask.4dfp.img (2306576 pixels)
talsrcimg_g11.4dfp.img
       256       256       256         1
  1.000000  1.000000  1.000000
orientation T byte_order littleendian
Reading image: talsrcimg_g11.4dfp.img
dimensions:      256       256       256
mmppix:       1.0000   -1.0000   -1.0000
center:     128.0000 -129.0000 -129.0000
fimgreg.f
image alignment mode   3335 decimal      D07 hex
parameters
    2.6580   17.8627   17.4821   -1.6653   -0.6765   -1.9943
    6.7280   16.8825   -4.9960  -10.4821  -17.4735    9.4641
eta,q 0.93197 17.54683
niter,ni,del,rscale     5    3    5.0000    1.2000
parameter  3 -0.607831 -> -0.500000 qaram    1.1500
parameter  4  1.947856 ->  0.500000 qaram    1.1500
parameter  5  1.331986 ->  0.500000 qaram    1.1500
parameter  6  1.305786 ->  0.500000 qaram    1.1500
parameter 10 -0.839427 -> -0.500000 qaram    1.1500
parameter 12 -0.559078 -> -0.500000 qaram    1.1500
parameters
    2.6388   17.6365   18.8621   -5.8053   -4.8165   -6.1343
    6.7224   15.6115   -3.7995   -6.3421  -15.5883   13.6041
eta,q 0.94882 17.44998
  0.0708  0.0701  0.0712  0.0583  0.0553  0.0505  0.0541  0.0561  0.0545  0.0565  0.0543  0.0536
  0.0693  0.0689  0.0699  0.0600  0.0566  0.0522  0.0534  0.0538  0.0536  0.0550  0.0528  0.0528
  0.0683  0.0682  0.0689  0.0628  0.0582  0.0542  0.0529  0.0527  0.0529  0.0537  0.0519  0.0521
  0.0680  0.0680  0.0680  0.0674  0.0606  0.0570  0.0527  0.0527  0.0526  0.0526  0.0516  0.0516
  0.0684  0.0685  0.0675  0.0731  0.0639  0.0612  0.0529  0.0538  0.0526  0.0519  0.0516  0.0513
  0.0694  0.0695  0.0674  0.0787  0.0679  0.0663  0.0534  0.0563  0.0530  0.0516  0.0518  0.0512
  0.0709  0.0710  0.0678  0.0835  0.0725  0.0720  0.0542  0.0600  0.0535  0.0516  0.0523  0.0515
niter,ni,del,rscale     7    3    5.0000    1.2000
parameter  2  0.981351 ->  0.500000 qaram    1.1500
parameter  3  0.580421 ->  0.500000 qaram    1.3225
parameter  4  0.686111 ->  0.500000 qaram    1.3225
parameter  5  2.104159 ->  0.500000 qaram    1.3225
parameter  6  0.626706 ->  0.500000 qaram    1.3225
parameter 12  1.279022 ->  0.500000 qaram    1.3225
parameters
    2.4857   16.2565   17.2751  -10.5663   -9.5775  -10.8953
    6.7211   16.1205   -3.7390   -8.7270  -15.8173    8.8431
eta,q 0.96333 16.81442
  0.0540  0.0496  0.0494  0.0458  0.0379  0.0385  0.0409  0.0430  0.0405  0.0408  0.0392  0.0364
  0.0524  0.0496  0.0489  0.0459  0.0401  0.0386  0.0397  0.0409  0.0395  0.0387  0.0386  0.0365
  0.0514  0.0502  0.0490  0.0468  0.0428  0.0395  0.0390  0.0395  0.0389  0.0381  0.0383  0.0372
  0.0512  0.0512  0.0497  0.0488  0.0460  0.0408  0.0388  0.0388  0.0387  0.0388  0.0381  0.0382
  0.0517  0.0526  0.0509  0.0527  0.0499  0.0437  0.0390  0.0390  0.0389  0.0403  0.0383  0.0394
  0.0529  0.0542  0.0525  0.0594  0.0543  0.0498  0.0397  0.0400  0.0395  0.0424  0.0387  0.0409
  0.0548  0.0562  0.0545  0.0670  0.0592  0.0572  0.0408  0.0422  0.0404  0.0448  0.0393  0.0423
niter,ni,del,rscale     7    3    5.0000    1.2000
parameter  2  0.610146 ->  0.500000 qaram    1.3225
parameter  3  0.573522 ->  0.500000 qaram    1.5209
parameter  5  1.041459 ->  0.500000 qaram    1.5209
parameter 12  0.567825 ->  0.500000 qaram    1.5209
parameters
    2.6844   14.6695   15.4500  -12.2025  -15.0527  -13.2178
    6.6777   16.5931   -3.4399  -11.0898  -17.4687    3.3679
eta,q 0.97214 16.43997
  0.0404  0.0361  0.0349  0.0373  0.0298  0.0318  0.0324  0.0332  0.0318  0.0319  0.0296  0.0288
  0.0385  0.0354  0.0345  0.0357  0.0296  0.0304  0.0310  0.0313  0.0307  0.0296  0.0291  0.0279
  0.0372  0.0356  0.0347  0.0348  0.0311  0.0297  0.0301  0.0301  0.0300  0.0290  0.0290  0.0280
  0.0367  0.0366  0.0354  0.0345  0.0345  0.0298  0.0297  0.0297  0.0297  0.0297  0.0290  0.0289
  0.0369  0.0382  0.0368  0.0350  0.0393  0.0303  0.0300  0.0300  0.0299  0.0314  0.0293  0.0305
  0.0378  0.0403  0.0390  0.0370  0.0442  0.0327  0.0309  0.0309  0.0305  0.0336  0.0298  0.0324
  0.0394  0.0428  0.0418  0.0422  0.0492  0.0391  0.0326  0.0323  0.0315  0.0364  0.0304  0.0345
niter,ni,del,rscale     7    3    5.0000    1.2000
parameters
    2.5607   14.9085   15.6471  -11.1588  -18.8405  -12.9971
    6.0732   16.8303   -3.8369  -10.1318  -17.5404    2.7961
eta,q 0.97263 16.32061
  0.0307  0.0345  0.0328  0.0328  0.0308  0.0318  0.0296  0.0312  0.0291  0.0340  0.0286  0.0308
  0.0291  0.0313  0.0301  0.0306  0.0288  0.0297  0.0283  0.0291  0.0281  0.0299  0.0279  0.0287
  0.0281  0.0290  0.0284  0.0288  0.0273  0.0282  0.0275  0.0277  0.0275  0.0278  0.0275  0.0276
  0.0279  0.0278  0.0278  0.0278  0.0276  0.0273  0.0273  0.0273  0.0273  0.0273  0.0274  0.0274
  0.0283  0.0281  0.0282  0.0277  0.0314  0.0274  0.0278  0.0277  0.0276  0.0278  0.0276  0.0281
  0.0295  0.0299  0.0296  0.0287  0.0370  0.0285  0.0289  0.0287  0.0284  0.0290  0.0280  0.0295
  0.0313  0.0330  0.0317  0.0314  0.0427  0.0322  0.0306  0.0307  0.0295  0.0309  0.0286  0.0313
niter,ni,del,rscale     6    3    5.0000    1.2000
parameters
    2.7526   15.5631   15.5703  -10.1451  -20.0195  -13.0929
    5.8476   16.9605   -3.7846   -8.6861  -17.1551    2.1720
eta,q 0.97267 16.28818
  0.0307  0.0334  0.0310  0.0320  0.0326  0.0315  0.0299  0.0311  0.0291  0.0334  0.0287  0.0304
  0.0290  0.0305  0.0289  0.0299  0.0303  0.0295  0.0284  0.0290  0.0281  0.0296  0.0280  0.0286
  0.0279  0.0284  0.0275  0.0283  0.0284  0.0280  0.0276  0.0278  0.0275  0.0279  0.0275  0.0276
  0.0274  0.0274  0.0272  0.0272  0.0270  0.0273  0.0273  0.0273  0.0273  0.0273  0.0274  0.0273
  0.0275  0.0272  0.0278  0.0269  0.0274  0.0274  0.0277  0.0277  0.0275  0.0275  0.0275  0.0280
  0.0284  0.0281  0.0292  0.0278  0.0317  0.0286  0.0287  0.0287  0.0281  0.0283  0.0279  0.0293
  0.0298  0.0299  0.0313  0.0310  0.0373  0.0326  0.0302  0.0310  0.0290  0.0297  0.0284  0.0309
niter,ni,del,rscale     5    3    5.0000    1.2000
parameters
    2.7702   16.1136   15.3252  -10.0923  -20.6522  -13.2545
    5.7161   16.9946   -3.6254   -7.1957  -17.2168    1.6032
eta,q 0.97268 16.22992
  0.0302  0.0323  0.0305  0.0315  0.0326  0.0312  0.0298  0.0309  0.0290  0.0324  0.0286  0.0302
  0.0286  0.0298  0.0287  0.0296  0.0303  0.0294  0.0285  0.0289  0.0281  0.0293  0.0279  0.0285
  0.0277  0.0281  0.0275  0.0281  0.0285  0.0280  0.0277  0.0278  0.0276  0.0280  0.0274  0.0276
  0.0273  0.0273  0.0272  0.0272  0.0272  0.0274  0.0274  0.0274  0.0274  0.0274  0.0273  0.0273
  0.0276  0.0273  0.0279  0.0271  0.0270  0.0275  0.0277  0.0277  0.0275  0.0274  0.0275  0.0279
  0.0286  0.0281  0.0294  0.0284  0.0302  0.0285  0.0286  0.0287  0.0280  0.0281  0.0279  0.0291
  0.0301  0.0297  0.0315  0.0325  0.0358  0.0324  0.0300  0.0309  0.0289  0.0294  0.0285  0.0307
niter,ni,del,rscale     4    3    5.0000    1.2000
parameters
    2.7504   16.7388   14.9900  -10.1360  -21.3991  -13.6788
    5.4818   17.0165   -3.4188   -5.4373  -17.4333    1.0591
eta,q 0.97281 16.13825
  0.0300  0.0321  0.0302  0.0313  0.0320  0.0308  0.0295  0.0306  0.0291  0.0319  0.0284  0.0299
  0.0285  0.0298  0.0285  0.0295  0.0299  0.0290  0.0283  0.0288  0.0281  0.0294  0.0277  0.0284
  0.0276  0.0282  0.0274  0.0280  0.0283  0.0278  0.0276  0.0277  0.0276  0.0281  0.0273  0.0275
  0.0273  0.0273  0.0272  0.0272  0.0272  0.0274  0.0274  0.0274  0.0274  0.0274  0.0272  0.0272
  0.0277  0.0273  0.0279  0.0271  0.0269  0.0276  0.0277  0.0277  0.0275  0.0272  0.0274  0.0277
  0.0286  0.0279  0.0294  0.0284  0.0298  0.0285  0.0285  0.0287  0.0280  0.0278  0.0278  0.0289
  0.0301  0.0294  0.0315  0.0325  0.0354  0.0324  0.0298  0.0306  0.0289  0.0291  0.0285  0.0305
niter,ni,del,rscale     3    3    5.0000    1.2000
parameters
    2.7330   17.4517   14.5591  -10.2000  -22.2300  -14.1953
    5.1770   17.0694   -3.3029   -3.6351  -17.5634    0.4717
eta,q 0.97305 16.02971
  0.0298  0.0321  0.0298  0.0310  0.0314  0.0303  0.0290  0.0302  0.0290  0.0315  0.0282  0.0295
  0.0283  0.0298  0.0281  0.0293  0.0294  0.0286  0.0279  0.0285  0.0279  0.0294  0.0275  0.0281
  0.0275  0.0281  0.0272  0.0278  0.0279  0.0275  0.0273  0.0274  0.0273  0.0280  0.0271  0.0272
  0.0272  0.0272  0.0270  0.0270  0.0270  0.0271  0.0271  0.0271  0.0271  0.0271  0.0270  0.0270
  0.0275  0.0271  0.0278  0.0269  0.0268  0.0275  0.0274  0.0275  0.0273  0.0270  0.0271  0.0274
  0.0284  0.0277  0.0293  0.0282  0.0293  0.0283  0.0281  0.0284  0.0279  0.0276  0.0276  0.0285
  0.0298  0.0291  0.0314  0.0322  0.0349  0.0318  0.0294  0.0301  0.0288  0.0289  0.0282  0.0301
niter,ni,del,rscale     2    3    5.0000    1.2000
parameters
    2.7203   18.0973   14.1328  -10.2110  -22.9342  -14.5965
    4.9172   17.1333   -3.1941   -2.2373  -17.5872   -0.0388
eta,q 0.97325 15.94103
  0.0294  0.0318  0.0295  0.0307  0.0311  0.0299  0.0286  0.0298  0.0288  0.0311  0.0280  0.0292
  0.0281  0.0294  0.0279  0.0290  0.0291  0.0282  0.0276  0.0282  0.0277  0.0290  0.0273  0.0279
  0.0272  0.0278  0.0269  0.0276  0.0276  0.0272  0.0270  0.0272  0.0271  0.0276  0.0269  0.0270
  0.0270  0.0269  0.0268  0.0268  0.0268  0.0269  0.0269  0.0269  0.0269  0.0269  0.0268  0.0268
  0.0273  0.0269  0.0275  0.0267  0.0267  0.0273  0.0271  0.0272  0.0271  0.0268  0.0269  0.0272
  0.0281  0.0276  0.0290  0.0279  0.0287  0.0279  0.0278  0.0281  0.0277  0.0276  0.0273  0.0281
  0.0294  0.0290  0.0310  0.0318  0.0340  0.0309  0.0289  0.0297  0.0287  0.0290  0.0279  0.0297
niter,ni,del,rscale     1    3    5.0000    1.2000
parameters
    2.6951   18.5772   13.7932  -10.2004  -23.4540  -14.8939
    4.7776   17.1624   -3.1250   -1.2662  -17.5434   -0.3910
eta,q 0.97333 15.87739
  0.0291  0.0312  0.0294  0.0305  0.0309  0.0296  0.0285  0.0296  0.0287  0.0306  0.0279  0.0290
  0.0278  0.0290  0.0278  0.0289  0.0289  0.0280  0.0275  0.0280  0.0276  0.0286  0.0272  0.0278
  0.0270  0.0275  0.0269  0.0275  0.0275  0.0270  0.0269  0.0270  0.0269  0.0273  0.0268  0.0269
  0.0267  0.0267  0.0267  0.0266  0.0266  0.0267  0.0267  0.0267  0.0267  0.0267  0.0267  0.0267
  0.0271  0.0268  0.0273  0.0266  0.0266  0.0271  0.0269  0.0271  0.0269  0.0268  0.0268  0.0270
  0.0279  0.0276  0.0286  0.0278  0.0283  0.0277  0.0276  0.0279  0.0276  0.0277  0.0272  0.0279
  0.0292  0.0291  0.0306  0.0315  0.0332  0.0304  0.0287  0.0296  0.0286  0.0291  0.0278  0.0294
registration optimization eta report
parameter search radius
    2.4000    3.1740    3.6501    9.5220   10.9503    9.5220
    7.2000    7.2000    7.2000    8.2800    7.2000   10.9503
100000*second partial in parameter space
       42.       34.       25.        5.        5.        4.
        4.        6.        4.        5.        2.        2.
  0.0291  0.0312  0.0294  0.0305  0.0309  0.0296  0.0285  0.0296  0.0287  0.0306  0.0279  0.0290
  0.0278  0.0290  0.0278  0.0289  0.0289  0.0280  0.0275  0.0280  0.0276  0.0286  0.0272  0.0278
  0.0270  0.0275  0.0269  0.0275  0.0275  0.0270  0.0269  0.0270  0.0269  0.0273  0.0268  0.0269
  0.0267  0.0267  0.0267  0.0266  0.0266  0.0267  0.0267  0.0267  0.0267  0.0267  0.0267  0.0267
  0.0271  0.0268  0.0273  0.0266  0.0266  0.0271  0.0269  0.0271  0.0269  0.0268  0.0268  0.0270
  0.0279  0.0276  0.0286  0.0278  0.0283  0.0277  0.0276  0.0279  0.0276  0.0277  0.0272  0.0279
  0.0292  0.0291  0.0306  0.0315  0.0332  0.0304  0.0287  0.0296  0.0286  0.0291  0.0278  0.0294
    2.6951   18.5772   13.7932  -10.2004  -23.4540  -14.8939
    4.7776   17.1624   -3.1250   -1.2662  -17.5434   -0.3910
eta,q 0.97333 15.87739

---------------------------------------------------------------------
imgreg_4dfp /opt/freesurfer/average/711-2C_as_mni_average_305 /opt/freesurfer/average/711-2B_as_mni_average_305_mask talsrcimg_g11 none talsrcimg_to_711-2C_as_mni_average_305_t4 2311
---------------------------------------------------------------------

freesurfer imgreg_4dfp.c
/opt/freesurfer/average/711-2C_as_mni_average_305.4dfp.img
       256       256       256         1
  1.000000  1.000000  1.000000
orientation T byte_order littleendian
Reading image: /opt/freesurfer/average/711-2C_as_mni_average_305.4dfp.img
dimensions:      256       256       256
mmppix:       1.0000   -1.0000   -1.0000
center:     128.0000 -129.0000 -129.0000
/opt/freesurfer/average/711-2B_as_mni_average_305_mask.4dfp.img
       256       256       256         1
  1.000000  1.000000  1.000000
orientation T byte_order littleendian
Reading mask: /opt/freesurfer/average/711-2B_as_mni_average_305_mask.4dfp.img (2306576 pixels)
talsrcimg_g11.4dfp.img
       256       256       256         1
  1.000000  1.000000  1.000000
orientation T byte_order littleendian
Reading image: talsrcimg_g11.4dfp.img
dimensions:      256       256       256
mmppix:       1.0000   -1.0000   -1.0000
center:     128.0000 -129.0000 -129.0000
fimgreg.f
image alignment mode   2311 decimal      907 hex
parameters
    2.6951   18.5772   13.7932  -10.2005  -23.4540  -14.8939
    4.7776   17.1624   -3.1250   -1.2662  -17.5434   -0.3910
eta,q 0.97333 15.87739
niter,ni,del,rscale     5    3    5.0000    0.8000
parameters
    2.6442   18.8752   13.5566   -8.4632  -21.7686  -15.1931
    4.4301   17.3421   -3.4203   -0.8168  -16.7370   -0.5634
eta,q 0.97369 16.06899
  0.0277  0.0279  0.0271  0.0281  0.0277  0.0270  0.0272  0.0279  0.0272  0.0278  0.0271  0.0269
  0.0271  0.0273  0.0268  0.0275  0.0271  0.0266  0.0267  0.0271  0.0267  0.0270  0.0267  0.0266
  0.0268  0.0269  0.0266  0.0270  0.0268  0.0264  0.0264  0.0265  0.0264  0.0265  0.0265  0.0264
  0.0267  0.0267  0.0266  0.0266  0.0265  0.0264  0.0263  0.0263  0.0263  0.0263  0.0263  0.0263
  0.0268  0.0267  0.0268  0.0265  0.0264  0.0266  0.0265  0.0265  0.0265  0.0264  0.0263  0.0264
  0.0272  0.0269  0.0271  0.0266  0.0264  0.0268  0.0269  0.0269  0.0269  0.0267  0.0265  0.0266
  0.0278  0.0272  0.0275  0.0269  0.0267  0.0271  0.0276  0.0277  0.0275  0.0273  0.0267  0.0269
niter,ni,del,rscale     4    3    5.0000    0.7000
parameters
    2.6198   18.8263   13.4686   -8.4480  -21.8054  -14.9695
    4.7230   17.2821   -3.6790   -0.8535  -16.4321   -0.6198
eta,q 0.97369 16.07398
  0.0272  0.0270  0.0268  0.0272  0.0269  0.0270  0.0272  0.0274  0.0270  0.0272  0.0268  0.0267
  0.0267  0.0266  0.0265  0.0267  0.0266  0.0266  0.0267  0.0268  0.0266  0.0267  0.0265  0.0265
  0.0264  0.0264  0.0263  0.0265  0.0264  0.0264  0.0264  0.0264  0.0264  0.0264  0.0264  0.0264
  0.0263  0.0263  0.0263  0.0263  0.0263  0.0263  0.0263  0.0263  0.0263  0.0263  0.0263  0.0263
  0.0264  0.0264  0.0264  0.0263  0.0263  0.0264  0.0264  0.0264  0.0264  0.0264  0.0263  0.0264
  0.0267  0.0267  0.0266  0.0266  0.0265  0.0266  0.0266  0.0268  0.0267  0.0267  0.0265  0.0265
  0.0272  0.0271  0.0269  0.0273  0.0271  0.0268  0.0270  0.0274  0.0272  0.0272  0.0267  0.0268
niter,ni,del,rscale     3    3    5.0000    0.6000
parameters
    2.5698   18.8397   13.4905   -8.2851  -21.7279  -15.0023
    4.9091   17.1735   -3.7960   -0.8235  -16.2541   -0.5628
eta,q 0.97370 16.08491
  0.0269  0.0268  0.0267  0.0270  0.0268  0.0267  0.0270  0.0270  0.0268  0.0270  0.0267  0.0266
  0.0266  0.0265  0.0265  0.0267  0.0265  0.0265  0.0266  0.0266  0.0265  0.0266  0.0265  0.0265
  0.0264  0.0264  0.0263  0.0264  0.0264  0.0263  0.0264  0.0264  0.0263  0.0264  0.0263  0.0263
  0.0263  0.0263  0.0263  0.0263  0.0263  0.0263  0.0263  0.0263  0.0263  0.0263  0.0263  0.0263
  0.0264  0.0264  0.0263  0.0263  0.0263  0.0264  0.0264  0.0264  0.0264  0.0264  0.0263  0.0263
  0.0266  0.0265  0.0265  0.0265  0.0265  0.0265  0.0265  0.0267  0.0266  0.0266  0.0264  0.0264
  0.0270  0.0268  0.0267  0.0269  0.0268  0.0267  0.0268  0.0271  0.0269  0.0270  0.0266  0.0266
niter,ni,del,rscale     2    3    5.0000    0.5000
parameters
    2.5364   18.8283   13.4809   -8.1382  -21.6338  -15.1676
    5.0057   17.1004   -3.8804   -0.8200  -16.1864   -0.4714
eta,q 0.97372 16.08980
  0.0267  0.0266  0.0266  0.0268  0.0266  0.0266  0.0267  0.0268  0.0267  0.0268  0.0265  0.0265
  0.0265  0.0265  0.0264  0.0265  0.0265  0.0264  0.0265  0.0265  0.0264  0.0265  0.0264  0.0264
  0.0263  0.0263  0.0263  0.0264  0.0263  0.0263  0.0263  0.0263  0.0263  0.0263  0.0263  0.0263
  0.0263  0.0263  0.0263  0.0263  0.0263  0.0263  0.0263  0.0263  0.0263  0.0263  0.0263  0.0263
  0.0264  0.0263  0.0263  0.0263  0.0263  0.0264  0.0263  0.0264  0.0263  0.0263  0.0263  0.0263
  0.0265  0.0265  0.0264  0.0264  0.0264  0.0265  0.0265  0.0265  0.0265  0.0265  0.0264  0.0264
  0.0268  0.0267  0.0266  0.0267  0.0266  0.0266  0.0267  0.0268  0.0267  0.0268  0.0265  0.0265
niter,ni,del,rscale     1    3    5.0000    0.4000
parameters
    2.5152   18.8215   13.4549   -8.0345  -21.5729  -15.3050
    5.0564   17.0417   -3.9047   -0.8212  -16.1538   -0.4109
eta,q 0.97372 16.09083
  0.0266  0.0265  0.0265  0.0266  0.0265  0.0265  0.0266  0.0266  0.0265  0.0266  0.0264  0.0264
  0.0264  0.0264  0.0264  0.0264  0.0264  0.0264  0.0264  0.0264  0.0264  0.0264  0.0263  0.0264
  0.0263  0.0263  0.0263  0.0263  0.0263  0.0263  0.0263  0.0263  0.0263  0.0263  0.0263  0.0263
  0.0263  0.0263  0.0263  0.0263  0.0263  0.0263  0.0263  0.0263  0.0263  0.0263  0.0263  0.0263
  0.0263  0.0263  0.0263  0.0263  0.0263  0.0263  0.0263  0.0263  0.0263  0.0263  0.0263  0.0263
  0.0264  0.0264  0.0264  0.0264  0.0264  0.0264  0.0264  0.0264  0.0264  0.0264  0.0263  0.0263
  0.0266  0.0265  0.0265  0.0265  0.0265  0.0265  0.0265  0.0266  0.0265  0.0266  0.0264  0.0264
registration optimization eta report
parameter search radius
    0.8000    0.8000    0.8000    2.4000    2.4000    2.4000
    2.4000    2.4000    2.4000    2.4000    2.4000    2.4000
100000*second partial in parameter space
       47.       36.       28.        5.        4.        4.
        5.        6.        4.        5.        3.        3.
  0.0266  0.0265  0.0265  0.0266  0.0265  0.0265  0.0266  0.0266  0.0265  0.0266  0.0264  0.0264
  0.0264  0.0264  0.0264  0.0264  0.0264  0.0264  0.0264  0.0264  0.0264  0.0264  0.0263  0.0264
  0.0263  0.0263  0.0263  0.0263  0.0263  0.0263  0.0263  0.0263  0.0263  0.0263  0.0263  0.0263
  0.0263  0.0263  0.0263  0.0263  0.0263  0.0263  0.0263  0.0263  0.0263  0.0263  0.0263  0.0263
  0.0263  0.0263  0.0263  0.0263  0.0263  0.0263  0.0263  0.0263  0.0263  0.0263  0.0263  0.0263
  0.0264  0.0264  0.0264  0.0264  0.0264  0.0264  0.0264  0.0264  0.0264  0.0264  0.0263  0.0263
  0.0266  0.0265  0.0265  0.0265  0.0265  0.0265  0.0265  0.0266  0.0265  0.0266  0.0264  0.0264
    2.5152   18.8215   13.4549   -8.0345  -21.5729  -15.3050
    5.0564   17.0417   -3.9047   -0.8212  -16.1538   -0.4109
eta,q 0.97372 16.09083

---------------------------------------------------------------------
imgreg_4dfp /opt/freesurfer/average/711-2C_as_mni_average_305 /opt/freesurfer/average/711-2B_as_mni_average_305_mask talsrcimg_g11 none talsrcimg_to_711-2C_as_mni_average_305_t4 2311
---------------------------------------------------------------------

freesurfer imgreg_4dfp.c
/opt/freesurfer/average/711-2C_as_mni_average_305.4dfp.img
       256       256       256         1
  1.000000  1.000000  1.000000
orientation T byte_order littleendian
Reading image: /opt/freesurfer/average/711-2C_as_mni_average_305.4dfp.img
dimensions:      256       256       256
mmppix:       1.0000   -1.0000   -1.0000
center:     128.0000 -129.0000 -129.0000
/opt/freesurfer/average/711-2B_as_mni_average_305_mask.4dfp.img
       256       256       256         1
  1.000000  1.000000  1.000000
orientation T byte_order littleendian
Reading mask: /opt/freesurfer/average/711-2B_as_mni_average_305_mask.4dfp.img (2306576 pixels)
talsrcimg_g11.4dfp.img
       256       256       256         1
  1.000000  1.000000  1.000000
orientation T byte_order littleendian
Reading image: talsrcimg_g11.4dfp.img
dimensions:      256       256       256
mmppix:       1.0000   -1.0000   -1.0000
center:     128.0000 -129.0000 -129.0000
fimgreg.f
image alignment mode   2311 decimal      907 hex
parameters
    2.5152   18.8215   13.4549   -8.0345  -21.5729  -15.3050
    5.0564   17.0417   -3.9047   -0.8212  -16.1538   -0.4109
eta,q 0.97372 16.09083
niter,ni,del,rscale     5    3    5.0000    0.8000
parameters
    2.5237   18.8104   13.4620   -8.4888  -21.9567  -14.8261
    5.0755   17.0320   -3.8516   -0.8849  -16.1413   -0.6311
eta,q 0.97369 16.06338
  0.0275  0.0272  0.0270  0.0273  0.0270  0.0272  0.0273  0.0277  0.0273  0.0275  0.0269  0.0268
  0.0268  0.0267  0.0266  0.0267  0.0266  0.0267  0.0268  0.0269  0.0267  0.0268  0.0266  0.0266
  0.0264  0.0264  0.0264  0.0264  0.0264  0.0264  0.0264  0.0265  0.0264  0.0264  0.0264  0.0264
  0.0263  0.0263  0.0263  0.0263  0.0263  0.0263  0.0263  0.0263  0.0263  0.0263  0.0263  0.0263
  0.0264  0.0264  0.0264  0.0264  0.0264  0.0264  0.0264  0.0265  0.0264  0.0265  0.0264  0.0264
  0.0268  0.0267  0.0266  0.0269  0.0267  0.0266  0.0268  0.0269  0.0267  0.0269  0.0266  0.0266
  0.0275  0.0273  0.0270  0.0280  0.0275  0.0268  0.0273  0.0278  0.0273  0.0275  0.0269  0.0270
niter,ni,del,rscale     4    3    5.0000    0.7000
parameters
    2.4924   18.8459   13.4983   -8.3761  -21.8477  -14.8525
    5.0739   17.0267   -3.8606   -0.8102  -16.0933   -0.6269
eta,q 0.97370 16.07688
  0.0272  0.0271  0.0269  0.0272  0.0270  0.0269  0.0271  0.0274  0.0271  0.0273  0.0268  0.0267
  0.0267  0.0267  0.0266  0.0268  0.0266  0.0265  0.0266  0.0268  0.0266  0.0267  0.0265  0.0265
  0.0264  0.0264  0.0264  0.0265  0.0264  0.0263  0.0264  0.0264  0.0264  0.0264  0.0264  0.0264
  0.0263  0.0263  0.0263  0.0263  0.0263  0.0263  0.0263  0.0263  0.0263  0.0263  0.0263  0.0263
  0.0264  0.0264  0.0264  0.0263  0.0263  0.0264  0.0264  0.0264  0.0264  0.0264  0.0264  0.0264
  0.0267  0.0266  0.0265  0.0266  0.0265  0.0266  0.0267  0.0267  0.0266  0.0267  0.0265  0.0265
  0.0273  0.0270  0.0268  0.0272  0.0270  0.0268  0.0271  0.0274  0.0271  0.0272  0.0267  0.0268
niter,ni,del,rscale     3    3    5.0000    0.6000
parameters
    2.4944   18.8392   13.4952   -8.2486  -21.7656  -14.9939
    5.0785   17.0366   -3.8931   -0.8068  -16.1021   -0.5495
eta,q 0.97371 16.08282
  0.0270  0.0268  0.0267  0.0270  0.0268  0.0267  0.0269  0.0271  0.0268  0.0270  0.0266  0.0266
  0.0266  0.0265  0.0265  0.0266  0.0265  0.0264  0.0265  0.0266  0.0265  0.0266  0.0264  0.0265
  0.0264  0.0264  0.0263  0.0264  0.0264  0.0263  0.0263  0.0264  0.0264  0.0264  0.0263  0.0263
  0.0263  0.0263  0.0263  0.0263  0.0263  0.0263  0.0263  0.0263  0.0263  0.0263  0.0263  0.0263
  0.0264  0.0264  0.0263  0.0263  0.0263  0.0264  0.0264  0.0264  0.0264  0.0264  0.0263  0.0263
  0.0266  0.0265  0.0265  0.0265  0.0265  0.0266  0.0266  0.0266  0.0265  0.0266  0.0264  0.0264
  0.0270  0.0268  0.0267  0.0269  0.0268  0.0267  0.0269  0.0271  0.0269  0.0270  0.0266  0.0266
niter,ni,del,rscale     2    3    5.0000    0.5000
parameters
    2.4994   18.8355   13.4822   -8.1243  -21.6669  -15.1846
    5.0851   17.0340   -3.9193   -0.8071  -16.1533   -0.4559
eta,q 0.97372 16.08673
  0.0268  0.0267  0.0266  0.0268  0.0266  0.0266  0.0267  0.0268  0.0267  0.0268  0.0265  0.0265
  0.0265  0.0265  0.0264  0.0265  0.0265  0.0264  0.0265  0.0265  0.0264  0.0265  0.0264  0.0264
  0.0263  0.0263  0.0263  0.0264  0.0263  0.0263  0.0263  0.0263  0.0263  0.0263  0.0263  0.0263
  0.0263  0.0263  0.0263  0.0263  0.0263  0.0263  0.0263  0.0263  0.0263  0.0263  0.0263  0.0263
  0.0263  0.0263  0.0263  0.0263  0.0263  0.0264  0.0263  0.0263  0.0263  0.0263  0.0263  0.0263
  0.0265  0.0265  0.0264  0.0264  0.0264  0.0265  0.0265  0.0265  0.0265  0.0265  0.0264  0.0264
  0.0268  0.0267  0.0266  0.0267  0.0266  0.0266  0.0267  0.0268  0.0267  0.0268  0.0265  0.0265
niter,ni,del,rscale     1    3    5.0000    0.4000
parameters
    2.5016   18.8292   13.4528   -8.0294  -21.6087  -15.3286
    5.0752   17.0076   -3.9013   -0.7963  -16.1626   -0.4014
eta,q 0.97372 16.08726
  0.0266  0.0265  0.0265  0.0266  0.0265  0.0265  0.0265  0.0266  0.0265  0.0266  0.0264  0.0264
  0.0264  0.0264  0.0264  0.0264  0.0264  0.0264  0.0264  0.0264  0.0264  0.0264  0.0263  0.0264
  0.0263  0.0263  0.0263  0.0263  0.0263  0.0263  0.0263  0.0263  0.0263  0.0263  0.0263  0.0263
  0.0263  0.0263  0.0263  0.0263  0.0263  0.0263  0.0263  0.0263  0.0263  0.0263  0.0263  0.0263
  0.0263  0.0263  0.0263  0.0263  0.0263  0.0263  0.0263  0.0263  0.0263  0.0263  0.0263  0.0263
  0.0264  0.0264  0.0264  0.0264  0.0264  0.0264  0.0264  0.0264  0.0264  0.0264  0.0264  0.0263
  0.0266  0.0265  0.0265  0.0265  0.0265  0.0265  0.0265  0.0266  0.0265  0.0266  0.0264  0.0264
registration optimization eta report
parameter search radius
    0.8000    0.8000    0.8000    2.4000    2.4000    2.4000
    2.4000    2.4000    2.4000    2.4000    2.4000    2.4000
100000*second partial in parameter space
       48.       37.       28.        5.        4.        4.
        5.        6.        4.        5.        3.        3.
  0.0266  0.0265  0.0265  0.0266  0.0265  0.0265  0.0265  0.0266  0.0265  0.0266  0.0264  0.0264
  0.0264  0.0264  0.0264  0.0264  0.0264  0.0264  0.0264  0.0264  0.0264  0.0264  0.0263  0.0264
  0.0263  0.0263  0.0263  0.0263  0.0263  0.0263  0.0263  0.0263  0.0263  0.0263  0.0263  0.0263
  0.0263  0.0263  0.0263  0.0263  0.0263  0.0263  0.0263  0.0263  0.0263  0.0263  0.0263  0.0263
  0.0263  0.0263  0.0263  0.0263  0.0263  0.0263  0.0263  0.0263  0.0263  0.0263  0.0263  0.0263
  0.0264  0.0264  0.0264  0.0264  0.0264  0.0264  0.0264  0.0264  0.0264  0.0264  0.0264  0.0263
  0.0266  0.0265  0.0265  0.0265  0.0265  0.0265  0.0265  0.0266  0.0265  0.0266  0.0264  0.0264
    2.5016   18.8292   13.4528   -8.0294  -21.6087  -15.3286
    5.0752   17.0076   -3.9013   -0.7963  -16.1626   -0.4014
eta,q 0.97372 16.08726

---------------------------------------------------------------------
compute_vox2vox talsrcimg talsrcimg_to_711-2C_as_mni_average_305_t4 /opt/freesurfer/average/711-2C_as_mni_average_305
---------------------------------------------------------------------

freesurfer compute_vox2vox.c
Reading: talsrcimg.4dfp.ifh
Reading: talsrcimg_to_711-2C_as_mni_average_305_t4
Reading: /opt/freesurfer/average/711-2C_as_mni_average_305.4dfp.ifh
Writing: talsrcimg_to_711-2C_as_mni_average_305_t4_vox2vox.txt

start time Mon Mar 9 00:40:24 CET 2026
end		time Mon Mar 9 00:41:51 CET 2026

mpr2mni305 success

avi2talxfm orig_nu.mgz /opt/freesurfer/average/mni305.cor.mgz talsrcimg_to_711-2C_as_mni_average_305_t4_vox2vox.txt transforms/talairach.auto.xfm
avi2talxfm done
mv -f /out/sourcedata/freesurfer/sub-v1s16x0051196_ses-1/mri/talsrcimg_to_711-2C_as_mni_average_305_t4_vox2vox.txt /out/sourcedata/freesurfer/sub-v1s16x0051196_ses-1/mri/transforms/talsrcimg_to_711-2C_as_mni_average_305_t4_vox2vox.txt
lta_convert --src orig_nu.mgz --trg /opt/freesurfer/average/mni305.cor.mgz --inxfm transforms/talairach.auto.xfm --outlta transforms/talairach.auto.xfm.lta --subject fsaverage
7.3.2

--src: orig_nu.mgz src image (geometry).
--trg: /opt/freesurfer/average/mni305.cor.mgz trg image (geometry).
--inmni: transforms/talairach.auto.xfm input MNI/XFM transform.
--outlta: transforms/talairach.auto.xfm.lta output LTA.
--s: fsaverage subject name
 LTA read, type : 1
 1.04730  -0.21102  -0.06888   3.15036;
 0.20017   1.14076  -0.00712  -21.00703;
 0.05415   0.00109   1.27215  -24.61984;
 0.00000   0.00000   0.00000   1.00000;
setting subject to fsaverage
Writing  LTA to file transforms/talairach.auto.xfm.lta...
lta_convert successful.
 
 
Started at Mon Mar 9 00:40:23 CET 2026
Ended   at Mon Mar  9 00:41:51 CET 2026
talairach_avi done
