status file for recon-all
Mon Mar  9 01:25:07 CET 2026
#@# Tessellate rh Mon Mar  9 01:25:07 CET 2026
#@# Smooth1 rh Mon Mar  9 01:25:09 CET 2026
#@# Inflation1 rh Mon Mar  9 01:25:10 CET 2026
#@# QSphere rh Mon Mar  9 01:25:19 CET 2026
#@# Fix Topology rh Mon Mar  9 01:26:00 CET 2026
#@# Smooth2 rh Mon Mar  9 01:30:57 CET 2026
#@# Inflation2 rh Mon Mar  9 01:30:58 CET 2026
#@# Curv .H and .K rh Mon Mar  9 01:31:06 CET 2026
#@# Sphere rh Mon Mar  9 01:31:31 CET 2026
#@# Surf Reg rh Mon Mar  9 01:33:59 CET 2026
#@# Jacobian white rh Mon Mar  9 01:36:32 CET 2026
#@# AvgCurv rh Mon Mar  9 01:36:33 CET 2026
#@# Cortical Parc rh Mon Mar  9 01:36:33 CET 2026
#@# white curv rh Mon Mar  9 01:40:32 CET 2026
#@# white area rh Mon Mar  9 01:40:33 CET 2026
#@# pial curv rh Mon Mar  9 01:40:33 CET 2026
#@# pial area rh Mon Mar  9 01:40:34 CET 2026
#@# thickness rh Mon Mar  9 01:40:35 CET 2026
#@# area and vertex vol rh Mon Mar  9 01:40:48 CET 2026
#@# Curvature Stats rh Mon Mar  9 01:40:48 CET 2026
#@# Cortical Parc 2 rh Mon Mar  9 01:40:50 CET 2026
#@# Cortical Parc 3 rh Mon Mar  9 01:40:57 CET 2026
#@# WM/GM Contrast rh Mon Mar  9 01:41:02 CET 2026
recon-all -s sub-v1s16x0051186_ses-1 finished without error at Mon Mar  9 01:41:04 CET 2026



#New# invocation of recon-all 



status file for recon-all
Mon Mar  9 01:45:44 CET 2026
#@# white curv rh Mon Mar  9 01:45:44 CET 2026
#@# white area rh Mon Mar  9 01:45:44 CET 2026
#@# pial curv rh Mon Mar  9 01:45:44 CET 2026
#@# pial area rh Mon Mar  9 01:45:44 CET 2026
#@# thickness rh Mon Mar  9 01:45:44 CET 2026
#@# area and vertex vol rh Mon Mar  9 01:45:44 CET 2026
#@# Parcellation Stats rh Mon Mar  9 01:45:44 CET 2026
#@# Parcellation Stats 2 rh Mon Mar  9 01:45:51 CET 2026
#@# Parcellation Stats 3 rh Mon Mar  9 01:45:55 CET 2026
#@# BA_exvivo Labels rh Mon Mar  9 01:45:59 CET 2026
recon-all -s sub-v1s16x0051186_ses-1 finished without error at Mon Mar  9 01:47:29 CET 2026
