status file for recon-all
Mon Mar  9 01:06:41 CET 2026
#@# Tessellate lh Mon Mar  9 01:06:41 CET 2026
#@# Smooth1 lh Mon Mar  9 01:06:44 CET 2026
#@# Inflation1 lh Mon Mar  9 01:06:46 CET 2026
#@# QSphere lh Mon Mar  9 01:06:56 CET 2026
#@# Fix Topology lh Mon Mar  9 01:07:48 CET 2026
#@# Smooth2 lh Mon Mar  9 01:11:53 CET 2026
#@# Inflation2 lh Mon Mar  9 01:11:55 CET 2026
#@# Curv .H and .K lh Mon Mar  9 01:12:05 CET 2026
#@# Sphere lh Mon Mar  9 01:12:34 CET 2026
#@# Surf Reg lh Mon Mar  9 01:15:53 CET 2026
#@# Jacobian white lh Mon Mar  9 01:19:43 CET 2026
#@# AvgCurv lh Mon Mar  9 01:19:43 CET 2026
#@# Cortical Parc lh Mon Mar  9 01:19:44 CET 2026
#@# white curv lh Mon Mar  9 01:24:28 CET 2026
#@# white area lh Mon Mar  9 01:24:29 CET 2026
#@# pial curv lh Mon Mar  9 01:24:29 CET 2026
#@# pial area lh Mon Mar  9 01:24:30 CET 2026
#@# thickness lh Mon Mar  9 01:24:30 CET 2026
#@# area and vertex vol lh Mon Mar  9 01:24:46 CET 2026
#@# Curvature Stats lh Mon Mar  9 01:24:47 CET 2026
#@# Cortical Parc 2 lh Mon Mar  9 01:24:48 CET 2026
#@# Cortical Parc 3 lh Mon Mar  9 01:24:57 CET 2026
#@# WM/GM Contrast lh Mon Mar  9 01:25:03 CET 2026
recon-all -s sub-v1s16x0051186_ses-1 finished without error at Mon Mar  9 01:25:04 CET 2026



#New# invocation of recon-all 



status file for recon-all
Mon Mar  9 01:43:44 CET 2026
#@# white curv lh Mon Mar  9 01:43:44 CET 2026
#@# white area lh Mon Mar  9 01:43:44 CET 2026
#@# pial curv lh Mon Mar  9 01:43:44 CET 2026
#@# pial area lh Mon Mar  9 01:43:44 CET 2026
#@# thickness lh Mon Mar  9 01:43:44 CET 2026
#@# area and vertex vol lh Mon Mar  9 01:43:44 CET 2026
#@# Parcellation Stats lh Mon Mar  9 01:43:44 CET 2026
#@# Parcellation Stats 2 lh Mon Mar  9 01:43:53 CET 2026
#@# Parcellation Stats 3 lh Mon Mar  9 01:43:58 CET 2026
#@# BA_exvivo Labels lh Mon Mar  9 01:44:03 CET 2026
recon-all -s sub-v1s16x0051186_ses-1 finished without error at Mon Mar  9 01:45:42 CET 2026
