status file for recon-all
Sun Mar  8 23:46:15 CET 2026
#@# MotionCor Sun Mar  8 23:46:16 CET 2026
#@# Talairach Sun Mar  8 23:46:21 CET 2026
#@# Talairach Failure Detection Sun Mar  8 23:49:11 CET 2026
#@# Nu Intensity Correction Sun Mar  8 23:49:11 CET 2026
#@# Intensity Normalization Sun Mar  8 23:51:56 CET 2026
recon-all -s sub-v1s16x0051186_ses-1 finished without error at Sun Mar  8 23:52:53 CET 2026



#New# invocation of recon-all 



status file for recon-all
Sun Mar  8 23:58:42 CET 2026
#@# EM Registration Sun Mar  8 23:58:42 CET 2026
recon-all -s sub-v1s16x0051186_ses-1 finished without error at Mon Mar  9 00:00:17 CET 2026



#New# invocation of recon-all 



status file for recon-all
Mon Mar  9 00:00:20 CET 2026
#@# CA Normalize Mon Mar  9 00:00:20 CET 2026
#@# CA Reg Mon Mar  9 00:01:13 CET 2026
#@# SubCort Seg Mon Mar  9 00:43:31 CET 2026
#@# CC Seg Mon Mar  9 01:02:46 CET 2026
#@# Merge ASeg Mon Mar  9 01:03:10 CET 2026
#@# Intensity Normalization2 Mon Mar  9 01:03:10 CET 2026
#@# Mask BFS Mon Mar  9 01:04:30 CET 2026
#@# WM Segmentation Mon Mar  9 01:04:31 CET 2026
#@# Fill Mon Mar  9 01:06:00 CET 2026
recon-all -s sub-v1s16x0051186_ses-1 finished without error at Mon Mar  9 01:06:37 CET 2026



#New# invocation of recon-all 



status file for recon-all
Mon Mar  9 01:41:09 CET 2026
#@# white curv lh Mon Mar  9 01:41:09 CET 2026
#@# white area lh Mon Mar  9 01:41:09 CET 2026
#@# pial curv lh Mon Mar  9 01:41:09 CET 2026
#@# pial area lh Mon Mar  9 01:41:09 CET 2026
#@# thickness lh Mon Mar  9 01:41:09 CET 2026
#@# area and vertex vol lh Mon Mar  9 01:41:09 CET 2026
#@# white curv rh Mon Mar  9 01:41:09 CET 2026
#@# white area rh Mon Mar  9 01:41:09 CET 2026
#@# pial curv rh Mon Mar  9 01:41:09 CET 2026
#@# pial area rh Mon Mar  9 01:41:09 CET 2026
#@# thickness rh Mon Mar  9 01:41:09 CET 2026
#@# area and vertex vol rh Mon Mar  9 01:41:09 CET 2026
#@# Cortical ribbon mask Mon Mar  9 01:41:09 CET 2026
recon-all -s sub-v1s16x0051186_ses-1 finished without error at Mon Mar  9 01:43:39 CET 2026



#New# invocation of recon-all 



status file for recon-all
Mon Mar  9 01:47:32 CET 2026
#@# white curv lh Mon Mar  9 01:47:32 CET 2026
#@# white area lh Mon Mar  9 01:47:32 CET 2026
#@# pial curv lh Mon Mar  9 01:47:32 CET 2026
#@# pial area lh Mon Mar  9 01:47:32 CET 2026
#@# thickness lh Mon Mar  9 01:47:32 CET 2026
#@# area and vertex vol lh Mon Mar  9 01:47:32 CET 2026
#@# white curv rh Mon Mar  9 01:47:32 CET 2026
#@# white area rh Mon Mar  9 01:47:32 CET 2026
#@# pial curv rh Mon Mar  9 01:47:32 CET 2026
#@# pial area rh Mon Mar  9 01:47:32 CET 2026
#@# thickness rh Mon Mar  9 01:47:32 CET 2026
#@# area and vertex vol rh Mon Mar  9 01:47:32 CET 2026
#@# Curvature Stats lh Mon Mar  9 01:47:32 CET 2026
#@# Curvature Stats rh Mon Mar  9 01:47:33 CET 2026
#@# Relabel Hypointensities Mon Mar  9 01:47:34 CET 2026
#@# APas-to-ASeg Mon Mar  9 01:47:43 CET 2026
#@# AParc-to-ASeg aparc Mon Mar  9 01:47:48 CET 2026
#@# AParc-to-ASeg aparc.a2009s Mon Mar  9 01:48:05 CET 2026
#@# AParc-to-ASeg aparc.DKTatlas Mon Mar  9 01:48:22 CET 2026
#@# WMParc Mon Mar  9 01:48:39 CET 2026
#@# ASeg Stats Mon Mar  9 01:50:22 CET 2026
recon-all -s sub-v1s16x0051186_ses-1 finished without error at Mon Mar  9 01:50:45 CET 2026
