/out/sourcedata/freesurfer/sub-v1s16x0051187_ses-1/mri
/opt/freesurfer/bin/talairach_avi
--i orig_nu.mgz --xfm transforms/talairach.auto.xfm
talairach_avi 7.3.2
Linux dna071 5.14.0-427.37.1.el9_4.x86_64 #1 SMP PREEMPT_DYNAMIC Fri Sep 13 12:41:50 EDT 2024 x86_64 x86_64 x86_64 GNU/Linux
Sun Mar  8 23:52:00 CET 2026
mri_convert orig_nu.mgz talsrcimg.img 
reading from orig_nu.mgz...
TR=0.00, TE=0.00, TI=0.00, flip angle=0.00
i_ras = (-1, 0, 0)
j_ras = (0, 0, -1)
k_ras = (0, 1, 0)
writing to talsrcimg.img...
Analyze Output Matrix
-1.00000   0.00000   0.00000   129.42622;
 0.00000   0.00000   1.00000  -137.61594;
 0.00000  -1.00000   0.00000   128.84122;
 0.00000   0.00000   0.00000   1.00000;
--------------------
INFO: set hdr.hist.orient to -1
mpr2mni305 talsrcimg
Sun Mar  8 23:52:01 CET 2026
/opt/freesurfer/bin/mpr2mni305 talsrcimg
mpr2mni305 7.3.2
target=711-2C_as_mni_average_305

---------------------------------------------------------------------
analyzeto4dfp talsrcimg -O0 -y
---------------------------------------------------------------------

freesurfer ifh2hdr.c
Sun Mar  8 23:52:01 2026
Writing: talsrcimg.4dfp.hdr
freesurfer analyzeto4dfp.c
Reading: talsrcimg.hdr
header size 348 bytes
hdr.dime.datatype	offset=70	value=2
hdr.dime.bitpix		offset=72	value=8
hdr.hist.orient		offset=252	value=-1
dimensionality     4
dimensions       256       256       256         1
Reading: talsrcimg.img
Writing: talsrcimg.4dfp.img
Writing: talsrcimg.4dfp.ifh
ifh2hdr talsrcimg -r0to225
ori=2

---------------------------------------------------------------------
gauss_4dfp talsrcimg 1.1
---------------------------------------------------------------------

freesurfer gauss_4dfp.c
Reading: talsrcimg.4dfp.img
Writing: talsrcimg_g11.4dfp.img
image dimensions 256 256 256 padded to 288 288 288
processing volume 1freesurfer ifh2hdr.c
Sun Mar  8 23:52:02 2026
Writing: talsrcimg_g11.4dfp.hdr

Writing: talsrcimg_g11.4dfp.ifh
including: talsrcimg.4dfp.img.rec in talsrcimg_g11.4dfp.img.rec

---------------------------------------------------------------------
imgreg_4dfp /opt/freesurfer/average/711-2C_as_mni_average_305 none talsrcimg_g11 none talsrcimg_to_711-2C_as_mni_average_305_t4 4355
---------------------------------------------------------------------

freesurfer imgreg_4dfp.c
/opt/freesurfer/average/711-2C_as_mni_average_305.4dfp.img
       256       256       256         1
  1.000000  1.000000  1.000000
orientation T byte_order littleendian
Reading image: /opt/freesurfer/average/711-2C_as_mni_average_305.4dfp.img
dimensions:      256       256       256
mmppix:       1.0000   -1.0000   -1.0000
center:     128.0000 -129.0000 -129.0000
talsrcimg_g11.4dfp.img
       256       256       256         1
  1.000000  1.000000  1.000000
orientation T byte_order littleendian
Reading image: talsrcimg_g11.4dfp.img
dimensions:      256       256       256
mmppix:       1.0000   -1.0000   -1.0000
center:     128.0000 -129.0000 -129.0000
t4_read: open error in t4_sub.f l:  41 t4_file(1:l)talsrcimg_to_711-2C_as_mni_average_305_t4 
t4_read: transform initialized to I4
rotation matrix determinant  1.000000
image alignment mode   4355 decimal     1103 hex
   -7.5000  -45.0000  -45.0000 4869.8784   31.5427
    0.0000  -45.0000  -45.0000 5057.1206   31.5369
    7.5000  -45.0000  -45.0000 4787.3208   31.4950
   -7.5000  -37.5000  -45.0000 5339.4336   30.7377
    0.0000  -37.5000  -45.0000 5532.8413   30.7352
    7.5000  -37.5000  -45.0000 5272.7021   30.7116
   -7.5000  -30.0000  -45.0000 6087.0547   30.2645
    0.0000  -30.0000  -45.0000 6279.4351   30.2478
    7.5000  -30.0000  -45.0000 6026.7642   30.2308
   -7.5000  -22.5000  -45.0000 6929.2939   30.0624
    0.0000  -22.5000  -45.0000 7163.8262   30.0300
    7.5000  -22.5000  -45.0000 6858.8599   30.0075
   -7.5000  -15.0000  -45.0000 7757.9019   30.0135
    0.0000  -15.0000  -45.0000 8042.4512   29.9796
    7.5000  -15.0000  -45.0000 7683.2798   29.9462
   -7.5000   -7.5000  -45.0000 8653.9463   30.0652
    0.0000   -7.5000  -45.0000 8986.5928   30.0460
    7.5000   -7.5000  -45.0000 8556.0088   30.0033
   -7.5000    0.0000  -45.0000 9391.0479   30.1478
    0.0000    0.0000  -45.0000 9749.3057   30.1447
    7.5000    0.0000  -45.0000 9267.0137   30.1065
   -7.5000    7.5000  -45.0000 9349.3486   30.1802
    0.0000    7.5000  -45.0000 9712.3770   30.1788
    7.5000    7.5000  -45.0000 9194.9678   30.1551
   -7.5000   15.0000  -45.0000 9226.8467   30.1445
    0.0000   15.0000  -45.0000 9574.2236   30.1284
    7.5000   15.0000  -45.0000 9089.1582   30.1110
   -7.5000   22.5000  -45.0000 9123.0635   30.0560
    0.0000   22.5000  -45.0000 9452.5010   30.0236
    7.5000   22.5000  -45.0000 8951.0713   30.0011
   -7.5000   30.0000  -45.0000 8907.0059   29.6135
    0.0000   30.0000  -45.0000 9227.0020   29.5801
    7.5000   30.0000  -45.0000 8736.5596   29.5471
   -7.5000   37.5000  -45.0000 8985.9619   29.6646
    0.0000   37.5000  -45.0000 9310.3320   29.6456
    7.5000   37.5000  -45.0000 8842.4902   29.6035
   -7.5000   45.0000  -45.0000 8665.8799   28.9907
    0.0000   45.0000  -45.0000 8973.5088   28.9877
    7.5000   45.0000  -45.0000 8533.5820   28.9510
   -7.5000  -45.0000  -37.5000 5211.0806   31.0324
    0.0000  -45.0000  -37.5000 5397.4351   31.0304
    7.5000  -45.0000  -37.5000 5145.9580   30.9869
   -7.5000  -37.5000  -37.5000 5699.4048   30.2398
    0.0000  -37.5000  -37.5000 5894.7944   30.2526
    7.5000  -37.5000  -37.5000 5645.1118   30.2358
   -7.5000  -30.0000  -37.5000 6495.0674   29.7376
    0.0000  -30.0000  -37.5000 6710.6895   29.7479
    7.5000  -30.0000  -37.5000 6417.7983   29.7517
   -7.5000  -22.5000  -37.5000 7414.7104   29.5081
    0.0000  -22.5000  -37.5000 7667.9834   29.5023
    7.5000  -22.5000  -37.5000 7308.9854   29.5066
   -7.5000  -15.0000  -37.5000 8325.9805   29.4615
    0.0000  -15.0000  -37.5000 8624.1660   29.4440
    7.5000  -15.0000  -37.5000 8211.3369   29.4325
   -7.5000   -7.5000  -37.5000 9297.0752   29.5543
    0.0000   -7.5000  -37.5000 9615.8359   29.5401
    7.5000   -7.5000  -37.5000 9140.8643   29.5045
   -7.5000    0.0000  -37.500010060.4980   29.6726
    0.0000    0.0000  -37.500010417.6006   29.6733
    7.5000    0.0000  -37.5000 9913.1924   29.6337
   -7.5000    7.5000  -37.500010025.2441   29.6955
    0.0000    7.5000  -37.500010382.3174   29.7093
    7.5000    7.5000  -37.5000 9825.3271   29.6927
   -7.5000   15.0000  -37.5000 9847.1416   29.6218
    0.0000   15.0000  -37.500010192.1807   29.6324
    7.5000   15.0000  -37.5000 9643.0449   29.6357
   -7.5000   22.5000  -37.5000 9660.6006   29.5018
    0.0000   22.5000  -37.5000 9985.8008   29.4961
    7.5000   22.5000  -37.5000 9457.0312   29.5004
   -7.5000   30.0000  -37.5000 9411.8555   29.0689
    0.0000   30.0000  -37.5000 9723.7842   29.0516
    7.5000   30.0000  -37.5000 9202.9023   29.0402
   -7.5000   37.5000  -37.5000 9494.3604   29.1605
    0.0000   37.5000  -37.5000 9817.6045   29.1464
    7.5000   37.5000  -37.5000 9323.4600   29.1113
   -7.5000   45.0000  -37.5000 9166.8701   28.5338
    0.0000   45.0000  -37.5000 9469.7754   28.5344
    7.5000   45.0000  -37.5000 8995.7422   28.4963
   -7.5000  -45.0000  -30.0000 5734.3330   32.3460
    0.0000  -45.0000  -30.0000 5925.5347   32.3229
    7.5000  -45.0000  -30.0000 5646.1636   32.2871
   -7.5000  -37.5000  -30.0000 6260.6611   31.5235
    0.0000  -37.5000  -30.0000 6459.8799   31.5267
    7.5000  -37.5000  -30.0000 6177.7139   31.5272
   -7.5000  -30.0000  -30.0000 7130.3242   30.9839
    0.0000  -30.0000  -30.0000 7378.4106   30.9979
    7.5000  -30.0000  -30.0000 7044.8013   31.0251
   -7.5000  -22.5000  -30.0000 8149.8809   30.7213
    0.0000  -22.5000  -30.0000 8416.3320   30.7209
    7.5000  -22.5000  -30.0000 8037.9604   30.7446
   -7.5000  -15.0000  -30.0000 9168.1279   30.6630
    0.0000  -15.0000  -30.0000 9476.3633   30.6405
    7.5000  -15.0000  -30.0000 9010.5391   30.6394
   -7.5000   -7.5000  -30.000010205.0977   30.7759
    0.0000   -7.5000  -30.000010530.1846   30.7443
    7.5000   -7.5000  -30.0000 9970.4658   30.7131
   -7.5000    0.0000  -30.000011025.0596   30.9229
    0.0000    0.0000  -30.000011394.2852   30.9042
    7.5000    0.0000  -30.000010817.5146   30.8718
   -7.5000    7.5000  -30.000010973.0264   30.9540
    0.0000    7.5000  -30.000011350.4268   30.9591
    7.5000    7.5000  -30.000010758.2891   30.9597
   -7.5000   15.0000  -30.000010795.7832   30.8633
    0.0000   15.0000  -30.000011171.4697   30.8776
    7.5000   15.0000  -30.000010546.2793   30.9043
   -7.5000   22.5000  -30.000010557.2949   30.7116
    0.0000   22.5000  -30.000010891.4990   30.7112
    7.5000   22.5000  -30.000010300.0312   30.7348
   -7.5000   30.0000  -30.000010263.9863   30.2572
    0.0000   30.0000  -30.000010567.9092   30.2351
    7.5000   30.0000  -30.000010015.4805   30.2339
   -7.5000   37.5000  -30.000010348.9668   30.3686
    0.0000   37.5000  -30.000010653.0078   30.3375
    7.5000   37.5000  -30.000010081.9023   30.3067
   -7.5000   45.0000  -30.0000 9963.4805   29.7579
    0.0000   45.0000  -30.000010258.5098   29.7399
    7.5000   45.0000  -30.0000 9743.7129   29.7087
   -7.5000  -45.0000  -22.5000 6287.1021   33.4983
    0.0000  -45.0000  -22.5000 6483.4810   33.4446
    7.5000  -45.0000  -22.5000 6177.0059   33.4222
   -7.5000  -37.5000  -22.5000 6889.7007   32.6692
    0.0000  -37.5000  -22.5000 7094.8018   32.6411
    7.5000  -37.5000  -22.5000 6763.2065   32.6557
   -7.5000  -30.0000  -22.5000 7837.4004   32.1463
    0.0000  -30.0000  -22.5000 8109.3774   32.1320
    7.5000  -30.0000  -22.5000 7720.2280   32.1630
   -7.5000  -22.5000  -22.5000 8946.7676   31.8886
    0.0000  -22.5000  -22.5000 9261.9951   31.8634
    7.5000  -22.5000  -22.5000 8785.7988   31.8779
   -7.5000  -15.0000  -22.500010041.7822   31.8124
    0.0000  -15.0000  -22.500010380.1816   31.7653
    7.5000  -15.0000  -22.5000 9806.4248   31.7501
   -7.5000   -7.5000  -22.500011153.8291   31.8912
    0.0000   -7.5000  -22.500011522.8750   31.8337
    7.5000   -7.5000  -22.500010863.9404   31.8007
   -7.5000    0.0000  -22.500012036.8750   32.0234
    0.0000    0.0000  -22.500012449.9092   31.9764
    7.5000    0.0000  -22.500011784.1133   31.9566
   -7.5000    7.5000  -22.500012027.6318   32.0788
    0.0000    7.5000  -22.500012446.3281   32.0539
    7.5000    7.5000  -22.500011756.7051   32.0680
   -7.5000   15.0000  -22.500011864.2129   32.0207
    0.0000   15.0000  -22.500012252.1270   32.0071
    7.5000   15.0000  -22.500011502.5566   32.0375
   -7.5000   22.5000  -22.500011561.4463   31.8763
    0.0000   22.5000  -22.500011911.4346   31.8512
    7.5000   22.5000  -22.500011192.0830   31.8656
   -7.5000   30.0000  -22.500011174.4795   31.3963
    0.0000   30.0000  -22.500011519.1973   31.3498
    7.5000   30.0000  -22.500010838.6826   31.3348
   -7.5000   37.5000  -22.500011223.2500   31.4741
    0.0000   37.5000  -22.500011564.5488   31.4173
    7.5000   37.5000  -22.500010908.9375   31.3847
   -7.5000   45.0000  -22.500010773.2715   30.8401
    0.0000   45.0000  -22.500011089.3145   30.7949
    7.5000   45.0000  -22.500010479.7207   30.7758
   -7.5000  -45.0000  -15.0000 6788.1567   34.2745
    0.0000  -45.0000  -15.0000 7012.1675   34.2106
    7.5000  -45.0000  -15.0000 6665.7856   34.1935
   -7.5000  -37.5000  -15.0000 7452.0625   33.4412
    0.0000  -37.5000  -15.0000 7711.5889   33.3903
    7.5000  -37.5000  -15.0000 7315.9575   33.4018
   -7.5000  -30.0000  -15.0000 8521.8477   32.9563
    0.0000  -30.0000  -15.0000 8827.4316   32.9089
    7.5000  -30.0000  -15.0000 8358.7891   32.9208
   -7.5000  -22.5000  -15.0000 9713.8701   32.7322
    0.0000  -22.5000  -15.000010068.3799   32.6758
    7.5000  -22.5000  -15.0000 9488.0254   32.6624
   -7.5000  -15.0000  -15.000010891.7012   32.6511
    0.0000  -15.0000  -15.000011281.2002   32.5828
    7.5000  -15.0000  -15.000010606.3613   32.5440
   -7.5000   -7.5000  -15.000012055.9971   32.6786
    0.0000   -7.5000  -15.000012470.5742   32.6109
    7.5000   -7.5000  -15.000011722.5469   32.5712
   -7.5000    0.0000  -15.000013019.6836   32.7683
    0.0000    0.0000  -15.000013464.9707   32.7116
    7.5000    0.0000  -15.000012689.2549   32.6964
   -7.5000    7.5000  -15.000013102.4961   32.8381
    0.0000    7.5000  -15.000013543.5312   32.7909
    7.5000    7.5000  -15.000012683.2627   32.8013
   -7.5000   15.0000  -15.000012855.8906   32.8273
    0.0000   15.0000  -15.000013264.1895   32.7810
    7.5000   15.0000  -15.000012379.8496   32.7922
   -7.5000   22.5000  -15.000012522.8408   32.7181
    0.0000   22.5000  -15.000012915.4785   32.6618
    7.5000   22.5000  -15.000012062.4395   32.6484
   -7.5000   30.0000  -15.000012087.3584   32.2285
    0.0000   30.0000  -15.000012488.6025   32.1611
    7.5000   30.0000  -15.000011674.2441   32.1228
   -7.5000   37.5000  -15.000012129.9209   32.2557
    0.0000   37.5000  -15.000012511.7822   32.1889
    7.5000   37.5000  -15.000011737.5264   32.1497
   -7.5000   45.0000  -15.000011611.5293   31.5765
    0.0000   45.0000  -15.000011957.1729   31.5219
    7.5000   45.0000  -15.000011236.5039   31.5073
   -7.5000  -45.0000   -7.5000 7287.1772   34.5995
    0.0000  -45.0000   -7.5000 7550.2275   34.5595
    7.5000  -45.0000   -7.5000 7172.8672   34.5307
   -7.5000  -37.5000   -7.5000 8046.7554   33.7465
    0.0000  -37.5000   -7.5000 8331.7686   33.7099
    7.5000  -37.5000   -7.5000 7909.8984   33.7008
   -7.5000  -30.0000   -7.5000 9241.1875   33.2642
    0.0000  -30.0000   -7.5000 9564.3994   33.2162
    7.5000  -30.0000   -7.5000 9045.7168   33.2032
   -7.5000  -22.5000   -7.500010520.8955   33.0596
    0.0000  -22.5000   -7.500010907.7949   32.9979
    7.5000  -22.5000   -7.500010287.4961   32.9656
   -7.5000  -15.0000   -7.500011744.5840   32.9924
    0.0000  -15.0000   -7.500012184.1328   32.9285
    7.5000  -15.0000   -7.500011464.3252   32.8798
   -7.5000   -7.5000   -7.500012973.8418   33.0129
    0.0000   -7.5000   -7.500013433.4561   32.9631
    7.5000   -7.5000   -7.500012664.3291   32.9169
   -7.5000    0.0000   -7.500014071.1924   33.0832
    0.0000    0.0000   -7.500014582.0918   33.0484
    7.5000    0.0000   -7.500013727.5527   33.0222
   -7.5000    7.5000   -7.500014209.7783   33.1396
    0.0000    7.5000   -7.500014691.2510   33.1056
    7.5000    7.5000   -7.500013665.1191   33.0957
   -7.5000   15.0000   -7.500013852.3340   33.1343
    0.0000   15.0000   -7.500014266.5615   33.0872
    7.5000   15.0000   -7.500013275.6465   33.0738
   -7.5000   22.5000   -7.500013452.3945   33.0419
    0.0000   22.5000   -7.500013869.2754   32.9802
    7.5000   22.5000   -7.500012873.5645   32.9479
   -7.5000   30.0000   -7.500013057.4590   32.5645
    0.0000   30.0000   -7.500013469.7148   32.5015
    7.5000   30.0000   -7.500012491.7051   32.4534
   -7.5000   37.5000   -7.500013106.3828   32.5848
    0.0000   37.5000   -7.500013507.6240   32.5356
    7.5000   37.5000   -7.500012590.4834   32.4900
   -7.5000   45.0000   -7.500012495.7178   31.8859
    0.0000   45.0000   -7.500012857.5811   31.8524
    7.5000   45.0000   -7.500012037.8682   31.8272
   -7.5000  -45.0000    0.0000 7803.5840   34.6277
    0.0000  -45.0000    0.0000 8105.4399   34.6187
    7.5000  -45.0000    0.0000 7670.0713   34.5732
   -7.5000  -37.5000    0.0000 8646.9268   33.7527
    0.0000  -37.5000    0.0000 8962.6738   33.7484
    7.5000  -37.5000    0.0000 8452.8721   33.7228
   -7.5000  -30.0000    0.0000 9918.2109   33.2353
    0.0000  -30.0000    0.000010272.1133   33.2163
    7.5000  -30.0000    0.0000 9693.8867   33.1976
   -7.5000  -22.5000    0.000011304.1650   33.0163
    0.0000  -22.5000    0.000011676.8877   32.9792
    7.5000  -22.5000    0.000011033.8545   32.9540
   -7.5000  -15.0000    0.000012598.2188   32.9637
    0.0000  -15.0000    0.000013024.6416   32.9239
    7.5000  -15.0000    0.000012284.3867   32.8865
   -7.5000   -7.5000    0.000013914.7871   33.0212
    0.0000   -7.5000    0.000014384.8848   32.9971
    7.5000   -7.5000    0.000013633.8828   32.9499
   -7.5000    0.0000    0.000015183.9258   33.1113
    0.0000    0.0000    0.000015739.8242   33.1056
    7.5000    0.0000    0.000014742.5898   33.0639
   -7.5000    7.5000    0.000015257.7998   33.1459
    0.0000    7.5000    0.000015736.6016   33.1429
    7.5000    7.5000    0.000014588.0566   33.1172
   -7.5000   15.0000    0.000014751.2500   33.1060
    0.0000   15.0000    0.000015148.1025   33.0876
    7.5000   15.0000    0.000014133.5293   33.0684
   -7.5000   22.5000    0.000014343.3262   32.9986
    0.0000   22.5000    0.000014691.0811   32.9616
    7.5000   22.5000    0.000013707.8652   32.9363
   -7.5000   30.0000    0.000013940.2568   32.5371
    0.0000   30.0000    0.000014294.2744   32.4978
    7.5000   30.0000    0.000013300.4756   32.4609
   -7.5000   37.5000    0.000013999.5527   32.5938
    0.0000   37.5000    0.000014369.9766   32.5701
    7.5000   37.5000    0.000013431.4902   32.5235
   -7.5000   45.0000    0.000013292.1572   31.9155
    0.0000   45.0000    0.000013675.9248   31.9100
    7.5000   45.0000    0.000012828.4785   31.8698
   -7.5000  -45.0000    7.5000 7749.4639   34.6637
    0.0000  -45.0000    7.5000 8006.1455   34.6608
    7.5000  -45.0000    7.5000 7574.9609   34.6114
   -7.5000  -37.5000    7.5000 8574.6680   33.7760
    0.0000  -37.5000    7.5000 8878.0928   33.7896
    7.5000  -37.5000    7.5000 8398.2158   33.7700
   -7.5000  -30.0000    7.5000 9836.7998   33.2135
    0.0000  -30.0000    7.500010165.3711   33.2245
    7.5000  -30.0000    7.5000 9598.6211   33.2281
   -7.5000  -22.5000    7.500011221.5928   32.9580
    0.0000  -22.5000    7.500011574.3604   32.9511
    7.5000  -22.5000    7.500010904.1807   32.9553
   -7.5000  -15.0000    7.500012564.5732   32.9070
    0.0000  -15.0000    7.500012934.1025   32.8869
    7.5000  -15.0000    7.500012194.3496   32.8734
   -7.5000   -7.5000    7.500014032.6416   33.0111
    0.0000   -7.5000    7.500014436.5361   32.9945
    7.5000   -7.5000    7.500013570.8311   32.9540
   -7.5000    0.0000    7.500015476.3574   33.1428
    0.0000    0.0000    7.500015925.5049   33.1428
    7.5000    0.0000    7.500014706.3242   33.0977
   -7.5000    7.5000    7.500015282.4004   33.1673
    0.0000    7.5000    7.500015639.6445   33.1821
    7.5000    7.5000    7.500014472.9180   33.1628
   -7.5000   15.0000    7.500014643.2939   33.0844
    0.0000   15.0000    7.500014966.2324   33.0957
    7.5000   15.0000    7.500014043.7549   33.0988
   -7.5000   22.5000    7.500014297.8691   32.9403
    0.0000   22.5000    7.500014602.4492   32.9335
    7.5000   22.5000    7.500013720.8838   32.9377
   -7.5000   30.0000    7.500013876.4824   32.4811
    0.0000   30.0000    7.500014208.0420   32.4612
    7.5000   30.0000    7.500013345.1650   32.4479
   -7.5000   37.5000    7.500013886.9365   32.5839
    0.0000   37.5000    7.500014275.1025   32.5675
    7.5000   37.5000    7.500013418.1299   32.5275
   -7.5000   45.0000    7.500013156.9053   31.9458
    0.0000   45.0000    7.500013572.7969   31.9459
    7.5000   45.0000    7.500012705.5664   31.9024
   -7.5000  -45.0000   15.0000 7552.2866   34.7343
    0.0000  -45.0000   15.0000 7823.3125   34.7094
    7.5000  -45.0000   15.0000 7388.8804   34.6710
   -7.5000  -37.5000   15.0000 8398.0645   33.8511
    0.0000  -37.5000   15.0000 8682.0186   33.8545
    7.5000  -37.5000   15.0000 8180.5952   33.8550
   -7.5000  -30.0000   15.0000 9601.3750   33.2717
    0.0000  -30.0000   15.0000 9870.5859   33.2867
    7.5000  -30.0000   15.0000 9322.6396   33.3159
   -7.5000  -22.5000   15.000010883.0840   32.9897
    0.0000  -22.5000   15.000011159.7764   32.9892
    7.5000  -22.5000   15.000010598.9404   33.0146
   -7.5000  -15.0000   15.000012155.0020   32.9270
    0.0000  -15.0000   15.000012446.3896   32.9029
    7.5000  -15.0000   15.000011843.0654   32.9016
   -7.5000   -7.5000   15.000013703.6465   33.0482
    0.0000   -7.5000   15.000014044.4688   33.0144
    7.5000   -7.5000   15.000013190.1523   32.9808
   -7.5000    0.0000   15.000015033.9326   33.2061
    0.0000    0.0000   15.000015463.4707   33.1860
    7.5000    0.0000   15.000014259.2344   33.1512
   -7.5000    7.5000   15.000014533.6758   33.2395
    0.0000    7.5000   15.000015007.9482   33.2450
    7.5000    7.5000   15.000014088.3955   33.2457
   -7.5000   15.0000   15.000013836.7197   33.1421
    0.0000   15.0000   15.000014345.8877   33.1575
    7.5000   15.0000   15.000013675.1836   33.1861
   -7.5000   22.5000   15.000013725.4307   32.9720
    0.0000   22.5000   15.000014178.5811   32.9715
    7.5000   22.5000   15.000013393.9541   32.9969
   -7.5000   30.0000   15.000013477.2891   32.5008
    0.0000   30.0000   15.000013875.9082   32.4771
    7.5000   30.0000   15.000013025.9736   32.4758
   -7.5000   37.5000   15.000013586.1338   32.6205
    0.0000   37.5000   15.000013946.9512   32.5871
    7.5000   37.5000   15.000013061.6318   32.5540
   -7.5000   45.0000   15.000012866.8496   32.0068
    0.0000   45.0000   15.000013189.5957   31.9875
    7.5000   45.0000   15.000012340.1660   31.9540
   -7.5000  -45.0000   22.5000 7250.8979   34.7739
    0.0000  -45.0000   22.5000 7500.3540   34.7181
    7.5000  -45.0000   22.5000 7059.6909   34.6949
   -7.5000  -37.5000   22.5000 8064.8472   33.9132
    0.0000  -37.5000   22.5000 8320.0684   33.8840
    7.5000  -37.5000   22.5000 7841.8198   33.8992
   -7.5000  -30.0000   22.5000 9201.7627   33.3704
    0.0000  -30.0000   22.5000 9498.2549   33.3556
    7.5000  -30.0000   22.5000 8981.5957   33.3878
   -7.5000  -22.5000   22.500010410.5244   33.1029
    0.0000  -22.5000   22.500010755.6338   33.0768
    7.5000  -22.5000   22.500010227.9434   33.0918
   -7.5000  -15.0000   22.500011639.9697   33.0238
    0.0000  -15.0000   22.500011985.7461   32.9749
    7.5000  -15.0000   22.500011415.4834   32.9592
   -7.5000   -7.5000   22.500013005.7354   33.1056
    0.0000   -7.5000   22.500013391.5801   33.0459
    7.5000   -7.5000   22.500012683.3535   33.0116
   -7.5000    0.0000   22.500014157.5312   33.2428
    0.0000    0.0000   22.500014576.2725   33.1941
    7.5000    0.0000   22.500013655.2988   33.1735
   -7.5000    7.5000   22.500014011.2588   33.3003
    0.0000    7.5000   22.500014402.7793   33.2745
    7.5000    7.5000   22.500013547.9834   33.2891
   -7.5000   15.0000   22.500013670.3008   33.2400
    0.0000   15.0000   22.500014053.6221   33.2260
    7.5000   15.0000   22.500013228.0674   33.2575
   -7.5000   22.5000   22.500013521.3008   33.0851
    0.0000   22.5000   22.500013847.3652   33.0590
    7.5000   22.5000   22.500012891.5352   33.0740
   -7.5000   30.0000   22.500013215.5840   32.5964
    0.0000   30.0000   22.500013496.2744   32.5481
    7.5000   30.0000   22.500012468.8848   32.5326
   -7.5000   37.5000   22.500013221.4736   32.6772
    0.0000   37.5000   22.500013501.4619   32.6183
    7.5000   37.5000   22.500012499.8721   32.5844
   -7.5000   45.0000   22.500012398.3545   32.0422
    0.0000   45.0000   22.500012713.2344   31.9953
    7.5000   45.0000   22.500011818.2695   31.9754
   -7.5000  -45.0000   30.0000 6854.9189   34.7448
    0.0000  -45.0000   30.0000 7096.2549   34.6801
    7.5000  -45.0000   30.0000 6678.8379   34.6627
   -7.5000  -37.5000   30.0000 7586.8218   33.9001
    0.0000  -37.5000   30.0000 7851.7065   33.8485
    7.5000  -37.5000   30.0000 7432.9365   33.8602
   -7.5000  -30.0000   30.0000 8659.2900   33.4086
    0.0000  -30.0000   30.0000 8965.6484   33.3605
    7.5000  -30.0000   30.0000 8544.2002   33.3726
   -7.5000  -22.5000   30.0000 9839.9873   33.1814
    0.0000  -22.5000   30.000010165.8418   33.1242
    7.5000  -22.5000   30.0000 9715.5713   33.1107
   -7.5000  -15.0000   30.000011002.5928   33.0991
    0.0000  -15.0000   30.000011372.5537   33.0299
    7.5000  -15.0000   30.000010826.5547   32.9906
   -7.5000   -7.5000   30.000012213.4531   33.1271
    0.0000   -7.5000   30.000012650.6318   33.0585
    7.5000   -7.5000   30.000011905.6611   33.0182
   -7.5000    0.0000   30.000013203.4199   33.2179
    0.0000    0.0000   30.000013673.6016   33.1605
    7.5000    0.0000   30.000012810.7197   33.1451
   -7.5000    7.5000   30.000013265.6719   33.2888
    0.0000    7.5000   30.000013659.1514   33.2410
    7.5000    7.5000   30.000012790.0479   33.2514
   -7.5000   15.0000   30.000013120.1270   33.2778
    0.0000   15.0000   30.000013476.1699   33.2309
    7.5000   15.0000   30.000012559.1064   33.2423
   -7.5000   22.5000   30.000012837.7461   33.1636
    0.0000   22.5000   30.000013161.5967   33.1064
    7.5000   22.5000   30.000012232.3965   33.0929
   -7.5000   30.0000   30.000012430.8857   32.6708
    0.0000   30.0000   30.000012714.4043   32.6025
    7.5000   30.0000   30.000011803.4346   32.5637
   -7.5000   37.5000   30.000012420.9355   32.6983
    0.0000   37.5000   30.000012696.2441   32.6306
    7.5000   37.5000   30.000011808.3213   32.5909
   -7.5000   45.0000   30.000011647.8594   32.0183
    0.0000   45.0000   30.000011950.1270   31.9629
    7.5000   45.0000   30.000011182.4561   31.9481
   -7.5000  -45.0000   37.5000 6621.4619   34.7251
    0.0000  -45.0000   37.5000 6861.3716   34.6844
    7.5000  -45.0000   37.5000 6492.5132   34.6546
   -7.5000  -37.5000   37.5000 7332.9028   33.8677
    0.0000  -37.5000   37.5000 7608.2822   33.8303
    7.5000  -37.5000   37.5000 7194.8979   33.8201
   -7.5000  -30.0000   37.5000 8381.2471   33.3825
    0.0000  -30.0000   37.5000 8687.0088   33.3333
    7.5000  -30.0000   37.5000 8229.8066   33.3190
   -7.5000  -22.5000   37.5000 9540.9727   33.1762
    0.0000  -22.5000   37.5000 9886.4961   33.1131
    7.5000  -22.5000   37.5000 9374.2471   33.0794
   -7.5000  -15.0000   37.500010676.2041   33.1085
    0.0000  -15.0000   37.500011067.8984   33.0433
    7.5000  -15.0000   37.500010470.8750   32.9933
   -7.5000   -7.5000   37.500011789.4688   33.1298
    0.0000   -7.5000   37.500012217.2705   33.0789
    7.5000   -7.5000   37.500011504.5039   33.0317
   -7.5000    0.0000   37.500012657.1152   33.2009
    0.0000    0.0000   37.500013116.7881   33.1655
    7.5000    0.0000   37.500012390.8555   33.1385
   -7.5000    7.5000   37.500012643.1670   33.2577
    0.0000    7.5000   37.500013068.0527   33.2229
    7.5000    7.5000   37.500012373.2666   33.2120
   -7.5000   15.0000   37.500012491.9189   33.2519
    0.0000   15.0000   37.500012896.4170   33.2037
    7.5000   15.0000   37.500012176.7178   33.1890
   -7.5000   22.5000   37.500012251.6240   33.1584
    0.0000   22.5000   37.500012639.0635   33.0953
    7.5000   22.5000   37.500011883.9023   33.0617
   -7.5000   30.0000   37.500011883.4121   32.6801
    0.0000   30.0000   37.500012206.1816   32.6157
    7.5000   30.0000   37.500011465.5488   32.5663
   -7.5000   37.5000   37.500011928.2305   32.7010
    0.0000   37.5000   37.500012231.5557   32.6508
    7.5000   37.5000   37.500011468.4453   32.6042
   -7.5000   45.0000   37.500011245.8398   32.0019
    0.0000   45.0000   37.500011581.4326   31.9677
    7.5000   45.0000   37.500010882.6494   31.9417
   -7.5000  -45.0000   45.0000 6124.6284   34.8058
    0.0000  -45.0000   45.0000 6359.5503   34.7959
    7.5000  -45.0000   45.0000 6024.2158   34.7490
   -7.5000  -37.5000   45.0000 6776.5835   33.9207
    0.0000  -37.5000   45.0000 7018.6616   33.9147
    7.5000  -37.5000   45.0000 6661.6333   33.8871
   -7.5000  -30.0000   45.0000 7720.0620   33.3965
    0.0000  -30.0000   45.0000 7994.7295   33.3749
    7.5000  -30.0000   45.0000 7579.2935   33.3536
   -7.5000  -22.5000   45.0000 8778.0137   33.1723
    0.0000  -22.5000   45.0000 9084.3545   33.1328
    7.5000  -22.5000   45.0000 8622.7295   33.1052
   -7.5000  -15.0000   45.0000 9792.2637   33.1161
    0.0000  -15.0000   45.000010150.2793   33.0747
    7.5000  -15.0000   45.0000 9644.7510   33.0356
   -7.5000   -7.5000   45.000010806.5088   33.1731
    0.0000   -7.5000   45.000011176.7256   33.1483
    7.5000   -7.5000   45.000010595.6533   33.0999
   -7.5000    0.0000   45.000011578.0635   33.2660
    0.0000    0.0000   45.000011988.3525   33.2595
    7.5000    0.0000   45.000011424.1660   33.2166
   -7.5000    7.5000   45.000011484.5645   33.3041
    0.0000    7.5000   45.000011900.3018   33.2994
    7.5000    7.5000   45.000011384.3271   33.2718
   -7.5000   15.0000   45.000011296.7490   33.2650
    0.0000   15.0000   45.000011698.2754   33.2441
    7.5000   15.0000   45.000011192.0674   33.2224
   -7.5000   22.5000   45.000011071.6357   33.1544
    0.0000   22.5000   45.000011468.2969   33.1149
    7.5000   22.5000   45.000010942.6250   33.0873
   -7.5000   30.0000   45.000010793.6016   32.6847
    0.0000   30.0000   45.000011149.3203   32.6438
    7.5000   30.0000   45.000010607.3447   32.6052
   -7.5000   37.5000   45.000010861.3691   32.7410
    0.0000   37.5000   45.000011218.7012   32.7164
    7.5000   37.5000   45.000010628.7930   32.6686
   -7.5000   45.0000   45.000010293.2568   32.0791
    0.0000   45.0000   45.000010622.9385   32.0729
    7.5000   45.0000   45.000010059.0498   32.0315

---------------------------------------------------------------------
imgreg_4dfp /opt/freesurfer/average/711-2C_as_mni_average_305 /opt/freesurfer/average/711-2B_as_mni_average_305_mask talsrcimg_g11 none talsrcimg_to_711-2C_as_mni_average_305_t4 4355
---------------------------------------------------------------------

freesurfer imgreg_4dfp.c
/opt/freesurfer/average/711-2C_as_mni_average_305.4dfp.img
       256       256       256         1
  1.000000  1.000000  1.000000
orientation T byte_order littleendian
Reading image: /opt/freesurfer/average/711-2C_as_mni_average_305.4dfp.img
dimensions:      256       256       256
mmppix:       1.0000   -1.0000   -1.0000
center:     128.0000 -129.0000 -129.0000
/opt/freesurfer/average/711-2B_as_mni_average_305_mask.4dfp.img
       256       256       256         1
  1.000000  1.000000  1.000000
orientation T byte_order littleendian
Reading mask: /opt/freesurfer/average/711-2B_as_mni_average_305_mask.4dfp.img (2306576 pixels)
talsrcimg_g11.4dfp.img
       256       256       256         1
  1.000000  1.000000  1.000000
orientation T byte_order littleendian
Reading image: talsrcimg_g11.4dfp.img
dimensions:      256       256       256
mmppix:       1.0000   -1.0000   -1.0000
center:     128.0000 -129.0000 -129.0000
rotation matrix determinant  1.000000
image alignment mode   4355 decimal     1103 hex
   -7.5000  -45.0000  -37.5000 1537.6803   57.1569
    0.0000  -45.0000  -37.5000 1533.2041   57.7806
    7.5000  -45.0000  -37.5000 1511.8300   59.1705
   -7.5000  -37.5000  -37.5000 1657.4609   48.9353
    0.0000  -37.5000  -37.5000 1647.8138   49.2496
    7.5000  -37.5000  -37.5000 1637.7910   50.6406
   -7.5000  -30.0000  -37.5000 1778.3268   42.6719
    0.0000  -30.0000  -37.5000 1766.1224   42.7522
    7.5000  -30.0000  -37.5000 1757.6213   43.9606
   -7.5000  -22.5000  -37.5000 1911.9548   37.5885
    0.0000  -22.5000  -37.5000 1904.5303   37.7037
    7.5000  -22.5000  -37.5000 1889.1235   38.6042
   -7.5000  -15.0000  -37.5000 2025.4303   34.0658
    0.0000  -15.0000  -37.5000 2020.9293   34.1568
    7.5000  -15.0000  -37.5000 2003.8983   34.8007
   -7.5000   -7.5000  -37.5000 2125.8601   31.6316
    0.0000   -7.5000  -37.5000 2119.5466   31.7897
    7.5000   -7.5000  -37.5000 2101.9790   32.3539
   -7.5000    0.0000  -37.5000 2180.0632   29.9205
    0.0000    0.0000  -37.5000 2172.4612   30.0632
    7.5000    0.0000  -37.5000 2157.1895   30.5866
   -7.5000    7.5000  -37.5000 2209.4534   28.5734
    0.0000    7.5000  -37.5000 2203.1951   28.6637
    7.5000    7.5000  -37.5000 2177.7046   29.2261
   -7.5000   15.0000  -37.5000 2214.8516   27.7123
    0.0000   15.0000  -37.5000 2210.8777   27.7749
    7.5000   15.0000  -37.5000 2181.9155   28.2757
   -7.5000   22.5000  -37.5000 2206.6687   27.2698
    0.0000   22.5000  -37.5000 2196.9397   27.3631
    7.5000   22.5000  -37.5000 2178.2725   27.8807
   -7.5000   30.0000  -37.5000 2192.6399   27.6363
    0.0000   30.0000  -37.5000 2180.7957   27.6419
    7.5000   30.0000  -37.5000 2154.2000   28.2583
   -7.5000   37.5000  -37.5000 2165.8904   28.5520
    0.0000   37.5000  -37.5000 2156.6182   28.6036
    7.5000   37.5000  -37.5000 2129.5962   29.2079
   -7.5000   45.0000  -37.5000 2117.7380   29.9539
    0.0000   45.0000  -37.5000 2106.7678   30.0772
    7.5000   45.0000  -37.5000 2077.7771   30.8755
   -7.5000  -45.0000  -30.0000 1628.5162   54.7973
    0.0000  -45.0000  -30.0000 1629.4207   55.1750
    7.5000  -45.0000  -30.0000 1607.2507   56.4361
   -7.5000  -37.5000  -30.0000 1754.6244   47.1188
    0.0000  -37.5000  -30.0000 1748.5389   47.3393
    7.5000  -37.5000  -30.0000 1731.3695   48.3038
   -7.5000  -30.0000  -30.0000 1885.3146   40.8050
    0.0000  -30.0000  -30.0000 1881.7329   41.0126
    7.5000  -30.0000  -30.0000 1861.7659   41.7851
   -7.5000  -22.5000  -30.0000 2029.6278   35.8175
    0.0000  -22.5000  -30.0000 2021.5936   36.0304
    7.5000  -22.5000  -30.0000 2006.4597   36.7050
   -7.5000  -15.0000  -30.0000 2153.9324   32.2553
    0.0000  -15.0000  -30.0000 2149.1182   32.5259
    7.5000  -15.0000  -30.0000 2128.9402   33.0453
   -7.5000   -7.5000  -30.0000 2259.8501   30.0662
    0.0000   -7.5000  -30.0000 2253.5513   30.2225
    7.5000   -7.5000  -30.0000 2221.5090   30.7172
   -7.5000    0.0000  -30.0000 2317.1584   28.3918
    0.0000    0.0000  -30.0000 2310.4983   28.5517
    7.5000    0.0000  -30.0000 2282.2778   29.0094
   -7.5000    7.5000  -30.0000 2357.9128   27.1704
    0.0000    7.5000  -30.0000 2347.4575   27.2841
    7.5000    7.5000  -30.0000 2310.4846   27.7258
   -7.5000   15.0000  -30.0000 2367.5999   26.3636
    0.0000   15.0000  -30.0000 2358.0454   26.4275
    7.5000   15.0000  -30.0000 2326.8352   26.9436
   -7.5000   22.5000  -30.0000 2358.3137   25.8565
    0.0000   22.5000  -30.0000 2347.9724   25.9920
    7.5000   22.5000  -30.0000 2319.8110   26.4421
   -7.5000   30.0000  -30.0000 2348.4810   26.1466
    0.0000   30.0000  -30.0000 2329.1196   26.1470
    7.5000   30.0000  -30.0000 2305.1099   26.7368
   -7.5000   37.5000  -30.0000 2320.8215   26.9743
    0.0000   37.5000  -30.0000 2303.3076   26.9681
    7.5000   37.5000  -30.0000 2271.3906   27.6405
   -7.5000   45.0000  -30.0000 2263.8521   28.4406
    0.0000   45.0000  -30.0000 2251.9229   28.4818
    7.5000   45.0000  -30.0000 2217.6604   29.2144
   -7.5000  -45.0000  -22.5000 1701.0720   52.3301
    0.0000  -45.0000  -22.5000 1698.6897   52.4833
    7.5000  -45.0000  -22.5000 1680.1694   53.6394
   -7.5000  -37.5000  -22.5000 1839.3099   44.7835
    0.0000  -37.5000  -22.5000 1830.0035   44.9073
    7.5000  -37.5000  -22.5000 1805.0209   45.6812
   -7.5000  -30.0000  -22.5000 1975.9781   38.8612
    0.0000  -30.0000  -22.5000 1971.8302   38.9798
    7.5000  -30.0000  -22.5000 1950.4731   39.5241
   -7.5000  -22.5000  -22.5000 2126.8699   34.1296
    0.0000  -22.5000  -22.5000 2123.8130   34.3423
    7.5000  -22.5000  -22.5000 2100.5095   34.6709
   -7.5000  -15.0000  -22.5000 2257.6665   30.5850
    0.0000  -15.0000  -22.5000 2254.3369   30.7590
    7.5000  -15.0000  -22.5000 2219.4509   31.0729
   -7.5000   -7.5000  -22.5000 2366.4329   28.2521
    0.0000   -7.5000  -22.5000 2362.9592   28.4327
    7.5000   -7.5000  -22.5000 2319.7256   28.7460
   -7.5000    0.0000  -22.5000 2424.8210   26.7849
    0.0000    0.0000  -22.5000 2420.5710   26.8993
    7.5000    0.0000  -22.5000 2389.0005   27.2540
   -7.5000    7.5000  -22.5000 2475.1965   25.6857
    0.0000    7.5000  -22.5000 2463.1345   25.7859
    7.5000    7.5000  -22.5000 2423.7798   26.0819
   -7.5000   15.0000  -22.5000 2505.4504   24.9010
    0.0000   15.0000  -22.5000 2491.8877   24.9147
    7.5000   15.0000  -22.5000 2453.3701   25.3047
   -7.5000   22.5000  -22.5000 2503.0896   24.3679
    0.0000   22.5000  -22.5000 2488.2771   24.4020
    7.5000   22.5000  -22.5000 2456.0005   24.8444
   -7.5000   30.0000  -22.5000 2485.8611   24.5048
    0.0000   30.0000  -22.5000 2470.3867   24.5221
    7.5000   30.0000  -22.5000 2433.6711   25.0244
   -7.5000   37.5000  -22.5000 2452.3401   25.4612
    0.0000   37.5000  -22.5000 2436.6948   25.4082
    7.5000   37.5000  -22.5000 2390.7644   25.9744
   -7.5000   45.0000  -22.5000 2393.2803   26.8860
    0.0000   45.0000  -22.5000 2376.8665   26.9001
    7.5000   45.0000  -22.5000 2331.5154   27.4569
   -7.5000  -45.0000  -15.0000 1736.7928   49.9502
    0.0000  -45.0000  -15.0000 1728.6781   49.7823
    7.5000  -45.0000  -15.0000 1710.4756   50.8543
   -7.5000  -37.5000  -15.0000 1874.5448   42.4174
    0.0000  -37.5000  -15.0000 1868.8776   42.5225
    7.5000  -37.5000  -15.0000 1851.2511   43.2220
   -7.5000  -30.0000  -15.0000 2024.0050   36.7004
    0.0000  -30.0000  -15.0000 2025.7092   36.8408
    7.5000  -30.0000  -15.0000 1999.1819   37.3638
   -7.5000  -22.5000  -15.0000 2188.1704   32.3501
    0.0000  -22.5000  -15.0000 2191.3835   32.3716
    7.5000  -22.5000  -15.0000 2153.1846   32.7062
   -7.5000  -15.0000  -15.0000 2330.2949   29.0968
    0.0000  -15.0000  -15.0000 2330.9133   29.0806
    7.5000  -15.0000  -15.0000 2286.0212   29.3231
   -7.5000   -7.5000  -15.0000 2440.5718   26.7146
    0.0000   -7.5000  -15.0000 2435.5083   26.6714
    7.5000   -7.5000  -15.0000 2387.6714   26.9485
   -7.5000    0.0000  -15.0000 2506.0405   25.1292
    0.0000    0.0000  -15.0000 2498.1863   25.1984
    7.5000    0.0000  -15.0000 2454.1084   25.4145
   -7.5000    7.5000  -15.0000 2562.2766   24.0725
    0.0000    7.5000  -15.0000 2549.4475   24.1579
    7.5000    7.5000  -15.0000 2508.9016   24.3946
   -7.5000   15.0000  -15.0000 2600.8025   23.3409
    0.0000   15.0000  -15.0000 2583.6150   23.3067
    7.5000   15.0000  -15.0000 2544.2737   23.6658
   -7.5000   22.5000  -15.0000 2610.8169   22.8673
    0.0000   22.5000  -15.0000 2596.2039   22.8356
    7.5000   22.5000  -15.0000 2554.6807   23.1896
   -7.5000   30.0000  -15.0000 2598.1765   23.0724
    0.0000   30.0000  -15.0000 2583.6121   23.0702
    7.5000   30.0000  -15.0000 2538.5527   23.4327
   -7.5000   37.5000  -15.0000 2560.7173   23.9427
    0.0000   37.5000  -15.0000 2546.7749   23.9482
    7.5000   37.5000  -15.0000 2495.7056   24.3740
   -7.5000   45.0000  -15.0000 2490.6125   25.3434
    0.0000   45.0000  -15.0000 2474.2551   25.3427
    7.5000   45.0000  -15.0000 2421.8853   25.8553
   -7.5000  -45.0000   -7.5000 1752.0740   47.3627
    0.0000  -45.0000   -7.5000 1746.9152   47.4216
    7.5000  -45.0000   -7.5000 1728.1821   48.0530
   -7.5000  -37.5000   -7.5000 1901.1292   40.1924
    0.0000  -37.5000   -7.5000 1897.1846   40.3023
    7.5000  -37.5000   -7.5000 1881.2996   41.0827
   -7.5000  -30.0000   -7.5000 2069.5415   34.9030
    0.0000  -30.0000   -7.5000 2060.9292   34.9071
    7.5000  -30.0000   -7.5000 2042.4768   35.4634
   -7.5000  -22.5000   -7.5000 2232.7627   30.6663
    0.0000  -22.5000   -7.5000 2232.9265   30.6869
    7.5000  -22.5000   -7.5000 2203.9858   31.1358
   -7.5000  -15.0000   -7.5000 2374.7852   27.5107
    0.0000  -15.0000   -7.5000 2377.9067   27.5126
    7.5000  -15.0000   -7.5000 2343.5168   27.7940
   -7.5000   -7.5000   -7.5000 2496.7444   25.2460
    0.0000   -7.5000   -7.5000 2490.9253   25.1739
    7.5000   -7.5000   -7.5000 2454.2759   25.5351
   -7.5000    0.0000   -7.5000 2570.4854   23.5929
    0.0000    0.0000   -7.5000 2564.2368   23.5639
    7.5000    0.0000   -7.5000 2525.6814   23.8740
   -7.5000    7.5000   -7.5000 2641.3796   22.5594
    0.0000    7.5000   -7.5000 2625.8049   22.5951
    7.5000    7.5000   -7.5000 2588.1077   22.8000
   -7.5000   15.0000   -7.5000 2679.6855   21.7693
    0.0000   15.0000   -7.5000 2657.7192   21.7844
    7.5000   15.0000   -7.5000 2617.7256   22.0474
   -7.5000   22.5000   -7.5000 2698.0710   21.3764
    0.0000   22.5000   -7.5000 2679.2998   21.3868
    7.5000   22.5000   -7.5000 2631.4834   21.6708
   -7.5000   30.0000   -7.5000 2694.5530   21.6907
    0.0000   30.0000   -7.5000 2677.1304   21.6826
    7.5000   30.0000   -7.5000 2626.6653   22.0196
   -7.5000   37.5000   -7.5000 2650.9565   22.5614
    0.0000   37.5000   -7.5000 2631.8535   22.5489
    7.5000   37.5000   -7.5000 2589.0032   22.9917
   -7.5000   45.0000   -7.5000 2566.6045   23.9473
    0.0000   45.0000   -7.5000 2549.1294   23.9710
    7.5000   45.0000   -7.5000 2508.5435   24.5079
   -7.5000  -45.0000    0.0000 1761.8108   45.2761
    0.0000  -45.0000    0.0000 1761.4619   45.7635
    7.5000  -45.0000    0.0000 1748.2579   46.6210
   -7.5000  -37.5000    0.0000 1924.2828   38.6746
    0.0000  -37.5000    0.0000 1920.7903   38.8644
    7.5000  -37.5000    0.0000 1906.1029   39.5135
   -7.5000  -30.0000    0.0000 2094.7087   33.5588
    0.0000  -30.0000    0.0000 2091.7720   33.5718
    7.5000  -30.0000    0.0000 2070.9951   34.0342
   -7.5000  -22.5000    0.0000 2267.0474   29.4353
    0.0000  -22.5000    0.0000 2261.6526   29.4366
    7.5000  -22.5000    0.0000 2236.4307   29.9010
   -7.5000  -15.0000    0.0000 2409.1182   26.3499
    0.0000  -15.0000    0.0000 2409.1167   26.3643
    7.5000  -15.0000    0.0000 2377.1587   26.7718
   -7.5000   -7.5000    0.0000 2539.8081   24.1030
    0.0000   -7.5000    0.0000 2527.6277   24.1156
    7.5000   -7.5000    0.0000 2494.1323   24.5465
   -7.5000    0.0000    0.0000 2630.9512   22.4730
    0.0000    0.0000    0.0000 2620.2646   22.4841
    7.5000    0.0000    0.0000 2580.9453   22.9385
   -7.5000    7.5000    0.0000 2710.4741   21.3879
    0.0000    7.5000    0.0000 2694.9653   21.3148
    7.5000    7.5000    0.0000 2644.5925   21.6523
   -7.5000   15.0000    0.0000 2742.7898   20.4769
    0.0000   15.0000    0.0000 2721.3359   20.4944
    7.5000   15.0000    0.0000 2682.0908   20.8994
   -7.5000   22.5000    0.0000 2772.6853   20.2253
    0.0000   22.5000    0.0000 2749.3064   20.1860
    7.5000   22.5000    0.0000 2704.0938   20.6204
   -7.5000   30.0000    0.0000 2765.0610   20.5602
    0.0000   30.0000    0.0000 2745.7151   20.5039
    7.5000   30.0000    0.0000 2704.5166   20.9747
   -7.5000   37.5000    0.0000 2715.0215   21.4543
    0.0000   37.5000    0.0000 2700.8684   21.4463
    7.5000   37.5000    0.0000 2665.4683   22.0416
   -7.5000   45.0000    0.0000 2622.8184   22.9903
    0.0000   45.0000    0.0000 2612.4854   23.0449
    7.5000   45.0000    0.0000 2580.3540   23.6786
   -7.5000  -45.0000    7.5000 1781.3960   44.4514
    0.0000  -45.0000    7.5000 1773.9116   44.6656
    7.5000  -45.0000    7.5000 1759.5823   45.6172
   -7.5000  -37.5000    7.5000 1945.4357   37.9894
    0.0000  -37.5000    7.5000 1938.2606   38.0301
    7.5000  -37.5000    7.5000 1916.0901   38.8412
   -7.5000  -30.0000    7.5000 2116.3914   32.8148
    0.0000  -30.0000    7.5000 2108.2227   32.7575
    7.5000  -30.0000    7.5000 2084.2644   33.5378
   -7.5000  -22.5000    7.5000 2290.4817   28.6535
    0.0000  -22.5000    7.5000 2283.0347   28.5911
    7.5000  -22.5000    7.5000 2257.2852   29.2929
   -7.5000  -15.0000    7.5000 2433.3345   25.5778
    0.0000  -15.0000    7.5000 2432.1987   25.5632
    7.5000  -15.0000    7.5000 2400.4817   26.1667
   -7.5000   -7.5000    7.5000 2561.7329   23.4060
    0.0000   -7.5000    7.5000 2554.3843   23.4377
    7.5000   -7.5000    7.5000 2519.1733   23.9259
   -7.5000    0.0000    7.5000 2667.8940   21.8498
    0.0000    0.0000    7.5000 2658.1851   21.8367
    7.5000    0.0000    7.5000 2609.5879   22.2664
   -7.5000    7.5000    7.5000 2765.2708   20.5564
    0.0000    7.5000    7.5000 2744.7720   20.5028
    7.5000    7.5000    7.5000 2673.5081   20.9391
   -7.5000   15.0000    7.5000 2800.8669   19.4037
    0.0000   15.0000    7.5000 2773.2280   19.4302
    7.5000   15.0000    7.5000 2720.3538   20.0978
   -7.5000   22.5000    7.5000 2837.7434   19.2335
    0.0000   22.5000    7.5000 2809.2751   19.2202
    7.5000   22.5000    7.5000 2767.1626   20.0211
   -7.5000   30.0000    7.5000 2816.9819   19.8034
    0.0000   30.0000    7.5000 2801.7966   19.8485
    7.5000   30.0000    7.5000 2765.6318   20.5751
   -7.5000   37.5000    7.5000 2760.9802   20.8446
    0.0000   37.5000    7.5000 2751.0095   20.9578
    7.5000   37.5000    7.5000 2717.1672   21.6050
   -7.5000   45.0000    7.5000 2667.9692   22.4145
    0.0000   45.0000    7.5000 2662.1084   22.5507
    7.5000   45.0000    7.5000 2621.5740   23.1466
   -7.5000  -45.0000   15.0000 1783.8276   44.3651
    0.0000  -45.0000   15.0000 1779.4818   44.3893
    7.5000  -45.0000   15.0000 1757.8376   45.6297
   -7.5000  -37.5000   15.0000 1962.0024   37.7110
    0.0000  -37.5000   15.0000 1954.5618   37.4630
    7.5000  -37.5000   15.0000 1920.7688   38.6500
   -7.5000  -30.0000   15.0000 2124.3894   32.4452
    0.0000  -30.0000   15.0000 2113.5078   32.1632
    7.5000  -30.0000   15.0000 2087.6357   33.1798
   -7.5000  -22.5000   15.0000 2290.0671   28.2512
    0.0000  -22.5000   15.0000 2276.7285   28.0120
    7.5000  -22.5000   15.0000 2261.0203   28.9973
   -7.5000  -15.0000   15.0000 2430.7478   25.2008
    0.0000  -15.0000   15.0000 2420.1663   24.9790
    7.5000  -15.0000   15.0000 2397.5356   25.9198
   -7.5000   -7.5000   15.0000 2556.1677   22.9948
    0.0000   -7.5000   15.0000 2547.7566   22.9166
    7.5000   -7.5000   15.0000 2516.0474   23.7019
   -7.5000    0.0000   15.0000 2662.9807   21.4692
    0.0000    0.0000   15.0000 2654.1450   21.4419
    7.5000    0.0000   15.0000 2610.7551   22.0083
   -7.5000    7.5000   15.0000 2758.9182   19.9881
    0.0000    7.5000   15.0000 2744.4639   20.0048
    7.5000    7.5000   15.0000 2688.4019   20.6261
   -7.5000   15.0000   15.0000 2794.9690   18.4933
    0.0000   15.0000   15.0000 2781.6038   18.7616
    7.5000   15.0000   15.0000 2740.7358   19.8049
   -7.5000   22.5000   15.0000 2873.3110   18.6522
    0.0000   22.5000   15.0000 2851.7979   18.8111
    7.5000   22.5000   15.0000 2785.8596   19.7622
   -7.5000   30.0000   15.0000 2846.4028   19.6623
    0.0000   30.0000   15.0000 2838.0725   19.7216
    7.5000   30.0000   15.0000 2782.1973   20.3101
   -7.5000   37.5000   15.0000 2785.9226   20.8074
    0.0000   37.5000   15.0000 2776.2166   20.8366
    7.5000   37.5000   15.0000 2729.6936   21.3389
   -7.5000   45.0000   15.0000 2683.0127   22.2627
    0.0000   45.0000   15.0000 2674.1482   22.2951
    7.5000   45.0000   15.0000 2636.2185   22.8017
   -7.5000  -45.0000   22.5000 1777.8225   44.7169
    0.0000  -45.0000   22.5000 1770.3837   44.4268
    7.5000  -45.0000   22.5000 1752.9602   45.7976
   -7.5000  -37.5000   22.5000 1950.3765   37.7760
    0.0000  -37.5000   22.5000 1941.5616   37.6387
    7.5000  -37.5000   22.5000 1917.5697   38.8709
   -7.5000  -30.0000   22.5000 2115.0234   32.4158
    0.0000  -30.0000   22.5000 2109.2754   32.2823
    7.5000  -30.0000   22.5000 2086.1995   33.4497
   -7.5000  -22.5000   22.5000 2277.4561   28.1954
    0.0000  -22.5000   22.5000 2272.4238   28.0823
    7.5000  -22.5000   22.5000 2257.3379   29.2961
   -7.5000  -15.0000   22.5000 2422.4128   25.1451
    0.0000  -15.0000   22.5000 2412.3564   25.0009
    7.5000  -15.0000   22.5000 2396.8889   26.1306
   -7.5000   -7.5000   22.5000 2557.8613   23.0525
    0.0000   -7.5000   22.5000 2545.9841   22.9027
    7.5000   -7.5000   22.5000 2527.0396   23.8932
   -7.5000    0.0000   22.5000 2664.9998   21.5504
    0.0000    0.0000   22.5000 2651.8960   21.4344
    7.5000    0.0000   22.5000 2616.6960   22.1461
   -7.5000    7.5000   22.5000 2744.0942   20.2001
    0.0000    7.5000   22.5000 2728.6340   20.1042
    7.5000    7.5000   22.5000 2696.1873   20.8796
   -7.5000   15.0000   22.5000 2812.1221   19.3181
    0.0000   15.0000   22.5000 2798.7949   19.2774
    7.5000   15.0000   22.5000 2754.0408   20.0150
   -7.5000   22.5000   22.5000 2885.2144   19.2026
    0.0000   22.5000   22.5000 2859.1953   19.2178
    7.5000   22.5000   22.5000 2786.2307   19.8295
   -7.5000   30.0000   22.5000 2854.9365   19.9149
    0.0000   30.0000   22.5000 2837.9045   19.9173
    7.5000   30.0000   22.5000 2767.0623   20.3095
   -7.5000   37.5000   22.5000 2788.6138   20.9626
    0.0000   37.5000   22.5000 2776.7627   20.9776
    7.5000   37.5000   22.5000 2720.9329   21.3645
   -7.5000   45.0000   22.5000 2680.9241   22.3412
    0.0000   45.0000   22.5000 2672.3403   22.3831
    7.5000   45.0000   22.5000 2626.8372   22.7762
   -7.5000  -45.0000   30.0000 1765.0461   45.7119
    0.0000  -45.0000   30.0000 1754.8682   45.7297
    7.5000  -45.0000   30.0000 1742.7131   47.1547
   -7.5000  -37.5000   30.0000 1935.8385   38.4691
    0.0000  -37.5000   30.0000 1926.3530   38.4184
    7.5000  -37.5000   30.0000 1912.5094   39.9079
   -7.5000  -30.0000   30.0000 2089.0098   32.7837
    0.0000  -30.0000   30.0000 2089.3262   32.7775
    7.5000  -30.0000   30.0000 2085.1580   34.2419
   -7.5000  -22.5000   30.0000 2258.5178   28.6526
    0.0000  -22.5000   30.0000 2252.8098   28.5617
    7.5000  -22.5000   30.0000 2247.2598   29.9091
   -7.5000  -15.0000   30.0000 2404.5588   25.6655
    0.0000  -15.0000   30.0000 2398.9814   25.5782
    7.5000  -15.0000   30.0000 2385.5754   26.6630
   -7.5000   -7.5000   30.0000 2539.9797   23.6261
    0.0000   -7.5000   30.0000 2533.7012   23.6200
    7.5000   -7.5000   30.0000 2504.5977   24.3664
   -7.5000    0.0000   30.0000 2639.1858   21.9769
    0.0000    0.0000   30.0000 2630.1333   21.9902
    7.5000    0.0000   30.0000 2592.2148   22.6277
   -7.5000    7.5000   30.0000 2733.7832   20.8321
    0.0000    7.5000   30.0000 2716.4597   20.8204
    7.5000    7.5000   30.0000 2675.8723   21.4718
   -7.5000   15.0000   30.0000 2806.6089   20.2147
    0.0000   15.0000   30.0000 2793.9443   20.2116
    7.5000   15.0000   30.0000 2738.2683   20.6166
   -7.5000   22.5000   30.0000 2841.7412   20.0758
    0.0000   22.5000   30.0000 2824.0906   20.0498
    7.5000   22.5000   30.0000 2757.7766   20.3844
   -7.5000   30.0000   30.0000 2812.9402   20.5140
    0.0000   30.0000   30.0000 2793.7737   20.4262
    7.5000   30.0000   30.0000 2731.5786   20.7229
   -7.5000   37.5000   30.0000 2745.2754   21.4427
    0.0000   37.5000   30.0000 2731.7712   21.3620
    7.5000   37.5000   30.0000 2680.3013   21.6753
   -7.5000   45.0000   30.0000 2641.6592   22.6887
    0.0000   45.0000   30.0000 2631.7942   22.6911
    7.5000   45.0000   30.0000 2592.5120   23.0964
   -7.5000  -45.0000   37.5000 1737.3188   46.2103
    0.0000  -45.0000   37.5000 1724.7135   46.3630
    7.5000  -45.0000   37.5000 1712.5060   48.0595
   -7.5000  -37.5000   37.5000 1901.1182   39.0913
    0.0000  -37.5000   37.5000 1894.3307   39.2048
    7.5000  -37.5000   37.5000 1882.3159   40.6696
   -7.5000  -30.0000   37.5000 2060.7053   33.6665
    0.0000  -30.0000   37.5000 2059.7988   33.7326
    7.5000  -30.0000   37.5000 2050.1169   35.0016
   -7.5000  -22.5000   37.5000 2230.2439   29.5832
    0.0000  -22.5000   37.5000 2227.1240   29.6415
    7.5000  -22.5000   37.5000 2211.1956   30.7545
   -7.5000  -15.0000   37.5000 2375.1448   26.5980
    0.0000  -15.0000   37.5000 2372.1792   26.6794
    7.5000  -15.0000   37.5000 2346.6514   27.5571
   -7.5000   -7.5000   37.5000 2499.9355   24.3773
    0.0000   -7.5000   37.5000 2495.5403   24.4831
    7.5000   -7.5000   37.5000 2461.3928   25.2022
   -7.5000    0.0000   37.5000 2598.5305   22.6613
    0.0000    0.0000   37.5000 2589.9304   22.7379
    7.5000    0.0000   37.5000 2552.7747   23.5334
   -7.5000    7.5000   37.5000 2693.8384   21.6157
    0.0000    7.5000   37.5000 2679.3652   21.6971
    7.5000    7.5000   37.5000 2631.8132   22.3184
   -7.5000   15.0000   37.5000 2754.0784   21.0370
    0.0000   15.0000   37.5000 2738.9109   21.0921
    7.5000   15.0000   37.5000 2691.0647   21.5532
   -7.5000   22.5000   37.5000 2771.9241   20.8701
    0.0000   22.5000   37.5000 2760.5623   20.9115
    7.5000   22.5000   37.5000 2706.3564   21.2229
   -7.5000   30.0000   37.5000 2735.1335   21.2172
    0.0000   30.0000   37.5000 2719.4468   21.1602
    7.5000   30.0000   37.5000 2674.1050   21.4572
   -7.5000   37.5000   37.5000 2672.3042   22.0308
    0.0000   37.5000   37.5000 2661.3403   21.9710
    7.5000   37.5000   37.5000 2613.4080   22.2682
   -7.5000   45.0000   37.5000 2581.6641   23.3388
    0.0000   45.0000   37.5000 2581.0237   23.3091
    7.5000   45.0000   37.5000 2537.2944   23.7128
   -7.5000  -45.0000   45.0000 1701.3949   47.1842
    0.0000  -45.0000   45.0000 1695.4839   47.5138
    7.5000  -45.0000   45.0000 1683.5845   49.1105
   -7.5000  -37.5000   45.0000 1869.6221   40.1183
    0.0000  -37.5000   45.0000 1860.3767   40.2952
    7.5000  -37.5000   45.0000 1851.4855   41.7874
   -7.5000  -30.0000   45.0000 2029.4584   34.9333
    0.0000  -30.0000   45.0000 2025.7634   35.0408
    7.5000  -30.0000   45.0000 2007.8176   36.1905
   -7.5000  -22.5000   45.0000 2193.7512   30.8024
    0.0000  -22.5000   45.0000 2187.6619   30.8915
    7.5000  -22.5000   45.0000 2161.9612   31.9185
   -7.5000  -15.0000   45.0000 2327.9272   27.5843
    0.0000  -15.0000   45.0000 2322.8108   27.7200
    7.5000  -15.0000   45.0000 2299.6318   28.6740
   -7.5000   -7.5000   45.0000 2448.3391   25.2599
    0.0000   -7.5000   45.0000 2441.1829   25.3610
    7.5000   -7.5000   45.0000 2406.3660   26.2547
   -7.5000    0.0000   45.0000 2548.7419   23.6321
    0.0000    0.0000   45.0000 2536.0295   23.7444
    7.5000    0.0000   45.0000 2492.5281   24.5904
   -7.5000    7.5000   45.0000 2623.5493   22.5886
    0.0000    7.5000   45.0000 2608.9248   22.7394
    7.5000    7.5000   45.0000 2574.5701   23.4741
   -7.5000   15.0000   45.0000 2669.4768   22.0475
    0.0000   15.0000   45.0000 2657.1597   22.1267
    7.5000   15.0000   45.0000 2626.7585   22.7913
   -7.5000   22.5000   45.0000 2680.9590   21.7835
    0.0000   22.5000   45.0000 2674.0464   21.8680
    7.5000   22.5000   45.0000 2633.4827   22.3897
   -7.5000   30.0000   45.0000 2646.6831   22.0415
    0.0000   30.0000   45.0000 2632.8318   22.0718
    7.5000   30.0000   45.0000 2596.4570   22.5337
   -7.5000   37.5000   45.0000 2585.5962   22.8414
    0.0000   37.5000   45.0000 2572.1460   22.8616
    7.5000   37.5000   45.0000 2532.0740   23.2494
   -7.5000   45.0000   45.0000 2499.4041   24.1946
    0.0000   45.0000   45.0000 2494.1313   24.2348
    7.5000   45.0000   45.0000 2456.1348   24.6454
   -7.5000  -45.0000   52.5000 1673.7346   48.7090
    0.0000  -45.0000   52.5000 1667.8445   48.9550
    7.5000  -45.0000   52.5000 1653.2883   50.7747
   -7.5000  -37.5000   52.5000 1839.8534   41.6941
    0.0000  -37.5000   52.5000 1830.7626   41.9039
    7.5000  -37.5000   52.5000 1810.7682   43.4599
   -7.5000  -30.0000   52.5000 1999.7091   36.3526
    0.0000  -30.0000   52.5000 1989.3660   36.5034
    7.5000  -30.0000   52.5000 1963.2415   37.8643
   -7.5000  -22.5000   52.5000 2162.3264   32.1821
    0.0000  -22.5000   52.5000 2152.5122   32.3004
    7.5000  -22.5000   52.5000 2119.0278   33.4165
   -7.5000  -15.0000   52.5000 2290.8032   28.8607
    0.0000  -15.0000   52.5000 2284.5347   29.0642
    7.5000  -15.0000   52.5000 2248.6348   29.9642
   -7.5000   -7.5000   52.5000 2400.7441   26.5429
    0.0000   -7.5000   52.5000 2395.6357   26.7119
    7.5000   -7.5000   52.5000 2353.2559   27.6086
   -7.5000    0.0000   52.5000 2491.0852   24.9435
    0.0000    0.0000   52.5000 2478.3103   25.0878
    7.5000    0.0000   52.5000 2433.1484   25.9358
   -7.5000    7.5000   52.5000 2554.6240   23.9238
    0.0000    7.5000   52.5000 2540.1428   24.0813
    7.5000    7.5000   52.5000 2501.0007   24.8437
   -7.5000   15.0000   52.5000 2583.1387   23.3760
    0.0000   15.0000   52.5000 2572.3838   23.4571
    7.5000   15.0000   52.5000 2538.9111   24.2314
   -7.5000   22.5000   52.5000 2583.9841   23.0618
    0.0000   22.5000   52.5000 2577.5234   23.1242
    7.5000   22.5000   52.5000 2543.3433   23.7277
   -7.5000   30.0000   52.5000 2566.5452   23.2315
    0.0000   30.0000   52.5000 2555.2368   23.2551
    7.5000   30.0000   52.5000 2511.8835   23.8278
   -7.5000   37.5000   52.5000 2501.0205   24.0814
    0.0000   37.5000   52.5000 2494.6929   24.0758
    7.5000   37.5000   52.5000 2457.3135   24.5637
   -7.5000   45.0000   52.5000 2417.5684   25.4239
    0.0000   45.0000   52.5000 2414.0378   25.4496
    7.5000   45.0000   52.5000 2378.3372   25.9151

---------------------------------------------------------------------
imgreg_4dfp /opt/freesurfer/average/711-2C_as_mni_average_305 /opt/freesurfer/average/711-2B_as_mni_average_305_mask talsrcimg_g11 none talsrcimg_to_711-2C_as_mni_average_305_t4 1283
---------------------------------------------------------------------

freesurfer imgreg_4dfp.c
/opt/freesurfer/average/711-2C_as_mni_average_305.4dfp.img
       256       256       256         1
  1.000000  1.000000  1.000000
orientation T byte_order littleendian
Reading image: /opt/freesurfer/average/711-2C_as_mni_average_305.4dfp.img
dimensions:      256       256       256
mmppix:       1.0000   -1.0000   -1.0000
center:     128.0000 -129.0000 -129.0000
/opt/freesurfer/average/711-2B_as_mni_average_305_mask.4dfp.img
       256       256       256         1
  1.000000  1.000000  1.000000
orientation T byte_order littleendian
Reading mask: /opt/freesurfer/average/711-2B_as_mni_average_305_mask.4dfp.img (2306576 pixels)
talsrcimg_g11.4dfp.img
       256       256       256         1
  1.000000  1.000000  1.000000
orientation T byte_order littleendian
Reading image: talsrcimg_g11.4dfp.img
dimensions:      256       256       256
mmppix:       1.0000   -1.0000   -1.0000
center:     128.0000 -129.0000 -129.0000
rotation matrix determinant  1.000000
fimgreg.f
image alignment mode   1283 decimal      503 hex
parameters
   -7.5000   22.5000   22.5000    0.0000    0.0000    0.0000
eta,q 0.90455 19.17280
niter,ni,del,rscale     5    3   12.0000    1.2000
parameters
   -4.5918   25.3301   20.4192    1.0628    2.6885    0.5821
eta,q 0.90509 19.20154
  0.1124  0.1065  0.0941  0.1065  0.1032  0.0995
  0.1097  0.1021  0.0960  0.1031  0.1011  0.0963
  0.1025  0.0991  0.0951  0.0981  0.0983  0.0947
  0.0963  0.0966  0.0926  0.0952  0.0960  0.0947
  0.0963  0.0931  0.0942  0.0969  0.0950  0.0953
  0.0965  0.0937  0.0987  0.0992  0.0948  0.0958
  0.0990  0.0970  0.1000  0.1010  0.0972  0.0973
niter,ni,del,rscale     4    3   12.0000    1.2000
parameters
   -7.0265   25.1293   20.3732    0.8674    2.5979    0.8127
eta,q 0.90739 19.12283
  0.0964  0.1073  0.0949  0.1033  0.1000  0.0983
  0.0918  0.1008  0.0936  0.0984  0.0962  0.0953
  0.0934  0.0955  0.0947  0.0938  0.0935  0.0934
  0.0949  0.0928  0.0926  0.0927  0.0926  0.0926
  0.0963  0.0976  0.0904  0.0953  0.0939  0.0933
  0.1007  0.1030  0.0927  0.0996  0.0964  0.0950
  0.1039  0.1079  0.0971  0.1042  0.1005  0.0973
niter,ni,del,rscale     3    3   12.0000    1.2000
parameters
   -6.3524   25.2051   20.3236    0.8536    2.5838    0.6692
eta,q 0.90636 19.12603
  0.1074  0.1077  0.0947  0.1041  0.1007  0.0980
  0.0985  0.1012  0.0931  0.0988  0.0966  0.0953
  0.0922  0.0962  0.0952  0.0943  0.0944  0.0937
  0.0926  0.0935  0.0936  0.0937  0.0937  0.0937
  0.0946  0.0969  0.0900  0.0962  0.0941  0.0945
  0.0960  0.1013  0.0918  0.0994  0.0964  0.0957
  0.1002  0.1064  0.0975  0.1033  0.1011  0.0982
niter,ni,del,rscale     2    3   12.0000    1.2000
parameters
   -6.2543   25.2382   20.3101    0.8830    2.5450    0.6066
eta,q 0.90614 19.12829
  0.1047  0.1076  0.0949  0.1042  0.1008  0.0981
  0.0957  0.1011  0.0930  0.0989  0.0967  0.0955
  0.0918  0.0962  0.0952  0.0944  0.0945  0.0939
  0.0936  0.0938  0.0938  0.0938  0.0939  0.0939
  0.0951  0.0971  0.0901  0.0962  0.0943  0.0946
  0.0972  0.1015  0.0917  0.0993  0.0966  0.0957
  0.1016  0.1066  0.0975  0.1031  0.1012  0.0980
niter,ni,del,rscale     1    3   12.0000    1.2000
parameters
   -6.2306   25.2330   20.3054    0.9112    2.5285    0.6016
eta,q 0.90607 19.12740
  0.1043  0.1075  0.0949  0.1043  0.1008  0.0982
  0.0954  0.1010  0.0930  0.0989  0.0968  0.0956
  0.0918  0.0962  0.0951  0.0944  0.0945  0.0939
  0.0939  0.0939  0.0939  0.0939  0.0939  0.0939
  0.0952  0.0972  0.0902  0.0963  0.0943  0.0946
  0.0973  0.1016  0.0917  0.0993  0.0966  0.0957
  0.1017  0.1067  0.0974  0.1031  0.1011  0.0979
registration optimization eta report
parameter search radius
    6.0000    6.0000    6.0000    6.0000    6.0000    6.0000
100000*second partial in parameter space
       28.       34.        9.       27.       20.       12.
  0.1043  0.1075  0.0949  0.1043  0.1008  0.0982
  0.0954  0.1010  0.0930  0.0989  0.0968  0.0956
  0.0918  0.0962  0.0951  0.0944  0.0945  0.0939
  0.0939  0.0939  0.0939  0.0939  0.0939  0.0939
  0.0952  0.0972  0.0902  0.0963  0.0943  0.0946
  0.0973  0.1016  0.0917  0.0993  0.0966  0.0957
  0.1017  0.1067  0.0974  0.1031  0.1011  0.0979
   -6.2306   25.2330   20.3054    0.9112    2.5285    0.6016
eta,q 0.90607 19.12740

---------------------------------------------------------------------
imgreg_4dfp /opt/freesurfer/average/711-2C_as_mni_average_305 /opt/freesurfer/average/711-2B_as_mni_average_305_mask talsrcimg_g11 none talsrcimg_to_711-2C_as_mni_average_305_t4 3335
---------------------------------------------------------------------

freesurfer imgreg_4dfp.c
/opt/freesurfer/average/711-2C_as_mni_average_305.4dfp.img
       256       256       256         1
  1.000000  1.000000  1.000000
orientation T byte_order littleendian
Reading image: /opt/freesurfer/average/711-2C_as_mni_average_305.4dfp.img
dimensions:      256       256       256
mmppix:       1.0000   -1.0000   -1.0000
center:     128.0000 -129.0000 -129.0000
/opt/freesurfer/average/711-2B_as_mni_average_305_mask.4dfp.img
       256       256       256         1
  1.000000  1.000000  1.000000
orientation T byte_order littleendian
Reading mask: /opt/freesurfer/average/711-2B_as_mni_average_305_mask.4dfp.img (2306576 pixels)
talsrcimg_g11.4dfp.img
       256       256       256         1
  1.000000  1.000000  1.000000
orientation T byte_order littleendian
Reading image: talsrcimg_g11.4dfp.img
dimensions:      256       256       256
mmppix:       1.0000   -1.0000   -1.0000
center:     128.0000 -129.0000 -129.0000
fimgreg.f
image alignment mode   3335 decimal      D07 hex
parameters
   -6.2306   25.2330   20.3054   -0.1029   -0.0189   -0.1100
   -1.1199   -4.3941    1.0489   -1.6366    4.4116    1.5888
eta,q 0.90838 19.14586
niter,ni,del,rscale     5    3    5.0000    1.2000
parameter  4419.439880 ->  0.500000 qaram    1.1500
parameter  5  1.236257 ->  0.500000 qaram    1.1500
parameter  6  2.216808 ->  0.500000 qaram    1.1500
parameters
   -5.3255   24.7504   19.1527   -4.2429   -4.1589   -4.2500
   -2.5366   -2.1581    0.4671    0.2836    3.2579    3.9579
eta,q 0.92773 18.55188
  0.0945  0.0927  0.0915  0.0773  0.0770  0.0694  0.0748  0.0820  0.0737  0.0755  0.0740  0.0747
  0.0932  0.0918  0.0909  0.0812  0.0781  0.0724  0.0738  0.0790  0.0729  0.0740  0.0731  0.0737
  0.0923  0.0913  0.0909  0.0860  0.0797  0.0752  0.0732  0.0756  0.0727  0.0730  0.0725  0.0729
  0.0916  0.0914  0.0913  0.0908  0.0825  0.0785  0.0733  0.0732  0.0726  0.0726  0.0726  0.0725
  0.0913  0.0919  0.0918  0.0954  0.0862  0.0837  0.0739  0.0726  0.0728  0.0726  0.0731  0.0723
  0.0915  0.0930  0.0922  0.0999  0.0906  0.0889  0.0751  0.0738  0.0733  0.0729  0.0740  0.0724
  0.0921  0.0944  0.0926  0.1043  0.0955  0.0940  0.0766  0.0758  0.0740  0.0734  0.0751  0.0729
niter,ni,del,rscale     7    3    5.0000    1.2000
parameter  2  0.956504 ->  0.500000 qaram    1.1500
parameter  4  1.328539 ->  0.500000 qaram    1.3225
parameter  5  2.508731 ->  0.500000 qaram    1.3225
parameter  6  1.090494 ->  0.500000 qaram    1.3225
parameter 12 -0.500064 -> -0.500000 qaram    1.1500
parameters
   -5.3986   23.3704   19.2171   -9.0039   -8.9199   -9.0110
   -1.4732   -2.6518    1.7542   -1.0066    1.5891    8.0979
eta,q 0.94338 17.92775
  0.0758  0.0711  0.0725  0.0637  0.0584  0.0557  0.0596  0.0604  0.0591  0.0587  0.0573  0.0595
  0.0739  0.0711  0.0717  0.0653  0.0613  0.0568  0.0585  0.0584  0.0581  0.0573  0.0570  0.0583
  0.0727  0.0715  0.0712  0.0674  0.0630  0.0589  0.0577  0.0574  0.0575  0.0569  0.0569  0.0575
  0.0723  0.0723  0.0711  0.0711  0.0658  0.0618  0.0572  0.0572  0.0572  0.0572  0.0569  0.0569
  0.0728  0.0734  0.0712  0.0766  0.0690  0.0643  0.0572  0.0577  0.0572  0.0577  0.0571  0.0566
  0.0742  0.0747  0.0715  0.0829  0.0726  0.0691  0.0577  0.0590  0.0575  0.0587  0.0575  0.0567
  0.0763  0.0763  0.0723  0.0886  0.0768  0.0761  0.0586  0.0616  0.0580  0.0598  0.0580  0.0569
niter,ni,del,rscale     7    3    5.0000    1.2000
parameter  2  0.623548 ->  0.500000 qaram    1.3225
parameter  3  1.039179 ->  0.500000 qaram    1.1500
parameter  4  0.730140 ->  0.500000 qaram    1.5209
parameter  5 -8.780951 ->  0.500000 qaram    1.5209
parameter  6  0.633566 ->  0.500000 qaram    1.5209
parameter 10  0.728061 ->  0.500000 qaram    1.1500
parameter 11 -0.722985 -> -0.500000 qaram    1.1500
parameter 12 -7.224658 ->  0.500000 qaram    1.3225
parameters
   -5.4803   21.7834   17.8371  -14.4791  -14.3951  -14.4862
   -1.7507   -1.8622    1.0671   -5.1466    5.7291    3.3369
eta,q 0.95936 17.08064
  0.0590  0.0561  0.0544  0.0516  0.0421  0.0454  0.0467  0.0494  0.0462  0.0444  0.0450  0.0386
  0.0576  0.0558  0.0546  0.0520  0.0454  0.0452  0.0459  0.0473  0.0456  0.0438  0.0446  0.0402
  0.0568  0.0561  0.0551  0.0530  0.0489  0.0454  0.0454  0.0458  0.0453  0.0441  0.0442  0.0419
  0.0566  0.0566  0.0559  0.0547  0.0522  0.0463  0.0452  0.0452  0.0452  0.0452  0.0439  0.0435
  0.0570  0.0574  0.0570  0.0569  0.0541  0.0488  0.0455  0.0454  0.0454  0.0468  0.0436  0.0450
  0.0579  0.0588  0.0584  0.0611  0.0572  0.0522  0.0461  0.0463  0.0460  0.0486  0.0435  0.0465
  0.0593  0.0606  0.0601  0.0676  0.0605  0.0561  0.0470  0.0479  0.0467  0.0505  0.0437  0.0478
niter,ni,del,rscale     7    3    5.0000    1.2000
parameter  2  1.279179 ->  0.500000 qaram    1.5209
parameter  3  0.977833 ->  0.500000 qaram    1.3225
parameter  5  0.956260 ->  0.500000 qaram    1.7490
parameter 12  0.522238 ->  0.500000 qaram    1.5209
parameters
   -5.2355   19.9584   16.2501  -16.7898  -20.6915  -13.5949
   -1.8514   -2.0576    0.9219   -6.8547    5.2677   -2.1382
eta,q 0.97182 16.86071
  0.0444  0.0365  0.0353  0.0383  0.0310  0.0342  0.0314  0.0326  0.0311  0.0318  0.0297  0.0287
  0.0425  0.0367  0.0355  0.0365  0.0295  0.0321  0.0301  0.0306  0.0300  0.0299  0.0292  0.0282
  0.0412  0.0382  0.0361  0.0355  0.0301  0.0304  0.0293  0.0294  0.0292  0.0289  0.0290  0.0283
  0.0406  0.0406  0.0370  0.0356  0.0354  0.0293  0.0291  0.0290  0.0290  0.0290  0.0288  0.0288
  0.0408  0.0437  0.0384  0.0369  0.0439  0.0285  0.0293  0.0296  0.0294  0.0303  0.0289  0.0299
  0.0416  0.0472  0.0401  0.0390  0.0512  0.0297  0.0302  0.0309  0.0301  0.0325  0.0293  0.0315
  0.0431  0.0506  0.0424  0.0423  0.0553  0.0340  0.0316  0.0329  0.0312  0.0356  0.0300  0.0338
niter,ni,del,rscale     7    3    5.0000    1.2000
parameters
   -5.2129   21.0856   16.7298  -13.9584  -23.5908  -12.9264
   -1.8400   -2.2693    0.9222   -4.6165    5.7853   -1.1937
eta,q 0.97193 16.90583
  0.0313  0.0380  0.0305  0.0338  0.0349  0.0342  0.0305  0.0320  0.0297  0.0338  0.0295  0.0311
  0.0296  0.0335  0.0291  0.0311  0.0318  0.0319  0.0293  0.0299  0.0289  0.0309  0.0288  0.0295
  0.0285  0.0302  0.0281  0.0289  0.0291  0.0300  0.0285  0.0286  0.0284  0.0291  0.0283  0.0285
  0.0282  0.0282  0.0277  0.0276  0.0273  0.0285  0.0283  0.0283  0.0283  0.0283  0.0281  0.0281
  0.0285  0.0277  0.0276  0.0273  0.0295  0.0277  0.0285  0.0289  0.0284  0.0281  0.0282  0.0282
  0.0295  0.0284  0.0281  0.0282  0.0409  0.0290  0.0293  0.0303  0.0289  0.0287  0.0286  0.0288
  0.0312  0.0306  0.0292  0.0297  0.0505  0.0346  0.0305  0.0324  0.0297  0.0297  0.0292  0.0302
niter,ni,del,rscale     6    3    5.0000    1.2000
parameters
   -5.3424   21.6268   16.6399  -13.7222  -24.9718  -13.2096
   -1.4306   -2.4282   -0.0636   -3.5359    6.9861   -0.7450
eta,q 0.97139 16.79697
  0.0307  0.0343  0.0299  0.0320  0.0362  0.0336  0.0310  0.0320  0.0296  0.0320  0.0301  0.0311
  0.0292  0.0310  0.0288  0.0299  0.0331  0.0316  0.0298  0.0301  0.0290  0.0302  0.0294  0.0297
  0.0283  0.0290  0.0282  0.0285  0.0303  0.0299  0.0290  0.0290  0.0287  0.0291  0.0289  0.0289
  0.0281  0.0281  0.0280  0.0280  0.0280  0.0286  0.0287  0.0287  0.0287  0.0286  0.0286  0.0286
  0.0285  0.0281  0.0282  0.0285  0.0275  0.0281  0.0288  0.0292  0.0290  0.0288  0.0287  0.0287
  0.0296  0.0291  0.0289  0.0297  0.0341  0.0300  0.0294  0.0304  0.0295  0.0294  0.0290  0.0294
  0.0314  0.0314  0.0302  0.0316  0.0455  0.0362  0.0305  0.0322  0.0302  0.0305  0.0294  0.0308
niter,ni,del,rscale     5    3    5.0000    1.2000
parameters
   -5.4413   22.1033   16.3527  -14.0320  -25.8436  -13.5077
   -0.9411   -2.6529   -0.4348   -2.6049    7.3528   -0.8339
eta,q 0.97103 16.67904
  0.0312  0.0339  0.0301  0.0321  0.0365  0.0335  0.0312  0.0320  0.0301  0.0319  0.0301  0.0310
  0.0297  0.0311  0.0292  0.0302  0.0335  0.0316  0.0301  0.0303  0.0294  0.0303  0.0295  0.0299
  0.0288  0.0294  0.0286  0.0289  0.0308  0.0301  0.0293  0.0292  0.0290  0.0293  0.0291  0.0292
  0.0286  0.0286  0.0285  0.0285  0.0285  0.0289  0.0290  0.0290  0.0290  0.0290  0.0290  0.0290
  0.0290  0.0287  0.0288  0.0292  0.0276  0.0284  0.0291  0.0295  0.0292  0.0291  0.0291  0.0291
  0.0300  0.0297  0.0295  0.0304  0.0326  0.0303  0.0297  0.0307  0.0296  0.0296  0.0294  0.0298
  0.0316  0.0317  0.0309  0.0326  0.0433  0.0359  0.0307  0.0322  0.0303  0.0308  0.0299  0.0312
niter,ni,del,rscale     4    3    5.0000    1.2000
parameters
   -5.5329   22.5868   16.0760  -14.3406  -26.5344  -13.7168
   -0.5773   -2.8391   -0.0234   -1.4792    6.7240   -1.1711
eta,q 0.97083 16.58093
  0.0314  0.0337  0.0303  0.0323  0.0365  0.0334  0.0313  0.0321  0.0305  0.0319  0.0299  0.0310
  0.0300  0.0312  0.0294  0.0305  0.0337  0.0317  0.0302  0.0305  0.0298  0.0305  0.0295  0.0300
  0.0292  0.0297  0.0290  0.0293  0.0311  0.0302  0.0296  0.0295  0.0294  0.0296  0.0292  0.0294
  0.0290  0.0290  0.0289  0.0289  0.0289  0.0292  0.0293  0.0293  0.0292  0.0292  0.0292  0.0292
  0.0293  0.0290  0.0292  0.0295  0.0279  0.0287  0.0294  0.0297  0.0293  0.0292  0.0293  0.0293
  0.0303  0.0299  0.0298  0.0307  0.0322  0.0304  0.0300  0.0308  0.0297  0.0296  0.0297  0.0300
  0.0318  0.0317  0.0309  0.0327  0.0422  0.0355  0.0309  0.0322  0.0302  0.0308  0.0302  0.0315
niter,ni,del,rscale     3    3    5.0000    1.2000
parameters
   -5.6285   23.1185   15.6931  -14.7136  -27.2746  -13.9928
   -0.2917   -3.0167    1.0535   -0.2654    5.5901   -1.5560
eta,q 0.97081 16.46399
  0.0315  0.0337  0.0302  0.0323  0.0362  0.0331  0.0312  0.0320  0.0308  0.0321  0.0299  0.0310
  0.0302  0.0314  0.0295  0.0305  0.0335  0.0314  0.0303  0.0305  0.0301  0.0308  0.0294  0.0300
  0.0294  0.0299  0.0291  0.0294  0.0310  0.0301  0.0297  0.0296  0.0296  0.0299  0.0292  0.0294
  0.0292  0.0292  0.0291  0.0291  0.0290  0.0293  0.0294  0.0294  0.0294  0.0293  0.0292  0.0292
  0.0295  0.0291  0.0293  0.0296  0.0282  0.0288  0.0295  0.0298  0.0294  0.0292  0.0294  0.0294
  0.0304  0.0299  0.0299  0.0309  0.0322  0.0304  0.0301  0.0308  0.0296  0.0297  0.0298  0.0300
  0.0319  0.0317  0.0310  0.0327  0.0417  0.0350  0.0310  0.0322  0.0302  0.0310  0.0303  0.0315
niter,ni,del,rscale     2    3    5.0000    1.2000
parameters
   -5.7471   23.6617   15.2967  -15.0157  -27.9686  -14.2771
   -0.1591   -3.0719    1.6975    0.5720    5.2997   -1.8406
eta,q 0.97079 16.35500
  0.0313  0.0339  0.0301  0.0322  0.0361  0.0328  0.0310  0.0320  0.0309  0.0323  0.0301  0.0309
  0.0301  0.0317  0.0294  0.0305  0.0334  0.0312  0.0301  0.0305  0.0301  0.0310  0.0295  0.0300
  0.0294  0.0300  0.0291  0.0293  0.0309  0.0299  0.0295  0.0295  0.0296  0.0299  0.0292  0.0294
  0.0292  0.0292  0.0291  0.0290  0.0290  0.0293  0.0293  0.0293  0.0293  0.0293  0.0292  0.0292
  0.0295  0.0291  0.0293  0.0297  0.0283  0.0290  0.0294  0.0297  0.0293  0.0293  0.0294  0.0294
  0.0304  0.0300  0.0299  0.0309  0.0322  0.0303  0.0300  0.0306  0.0297  0.0300  0.0297  0.0299
  0.0318  0.0319  0.0308  0.0324  0.0411  0.0344  0.0309  0.0320  0.0305  0.0315  0.0301  0.0313
niter,ni,del,rscale     1    3    5.0000    1.2000
parameters
   -5.7997   24.0435   15.0960  -15.2062  -28.4306  -14.4247
   -0.1596   -3.0160    1.7865    1.0473    5.3259   -2.0324
eta,q 0.97068 16.28891
  0.0314  0.0337  0.0304  0.0324  0.0362  0.0328  0.0309  0.0321  0.0308  0.0324  0.0302  0.0310
  0.0302  0.0315  0.0296  0.0307  0.0335  0.0312  0.0301  0.0305  0.0300  0.0309  0.0297  0.0301
  0.0294  0.0299  0.0292  0.0295  0.0311  0.0299  0.0295  0.0296  0.0295  0.0298  0.0294  0.0296
  0.0292  0.0292  0.0292  0.0291  0.0291  0.0293  0.0293  0.0293  0.0293  0.0293  0.0293  0.0293
  0.0295  0.0293  0.0294  0.0298  0.0284  0.0291  0.0295  0.0297  0.0295  0.0295  0.0295  0.0294
  0.0303  0.0303  0.0299  0.0310  0.0320  0.0303  0.0300  0.0306  0.0299  0.0303  0.0297  0.0300
  0.0316  0.0322  0.0307  0.0324  0.0403  0.0341  0.0309  0.0319  0.0308  0.0319  0.0301  0.0313
registration optimization eta report
parameter search radius
    2.4000    3.6501    3.1740   10.9503   12.5928   10.9503
    7.2000    7.2000    7.2000    8.2800    8.2800   10.9503
100000*second partial in parameter space
       40.       28.       14.        3.        6.        4.
        3.        5.        3.        4.        1.        2.
  0.0314  0.0337  0.0304  0.0324  0.0362  0.0328  0.0309  0.0321  0.0308  0.0324  0.0302  0.0310
  0.0302  0.0315  0.0296  0.0307  0.0335  0.0312  0.0301  0.0305  0.0300  0.0309  0.0297  0.0301
  0.0294  0.0299  0.0292  0.0295  0.0311  0.0299  0.0295  0.0296  0.0295  0.0298  0.0294  0.0296
  0.0292  0.0292  0.0292  0.0291  0.0291  0.0293  0.0293  0.0293  0.0293  0.0293  0.0293  0.0293
  0.0295  0.0293  0.0294  0.0298  0.0284  0.0291  0.0295  0.0297  0.0295  0.0295  0.0295  0.0294
  0.0303  0.0303  0.0299  0.0310  0.0320  0.0303  0.0300  0.0306  0.0299  0.0303  0.0297  0.0300
  0.0316  0.0322  0.0307  0.0324  0.0403  0.0341  0.0309  0.0319  0.0308  0.0319  0.0301  0.0313
   -5.7997   24.0435   15.0960  -15.2062  -28.4306  -14.4247
   -0.1596   -3.0160    1.7865    1.0473    5.3259   -2.0324
eta,q 0.97068 16.28891

---------------------------------------------------------------------
imgreg_4dfp /opt/freesurfer/average/711-2C_as_mni_average_305 /opt/freesurfer/average/711-2B_as_mni_average_305_mask talsrcimg_g11 none talsrcimg_to_711-2C_as_mni_average_305_t4 2311
---------------------------------------------------------------------

freesurfer imgreg_4dfp.c
/opt/freesurfer/average/711-2C_as_mni_average_305.4dfp.img
       256       256       256         1
  1.000000  1.000000  1.000000
orientation T byte_order littleendian
Reading image: /opt/freesurfer/average/711-2C_as_mni_average_305.4dfp.img
dimensions:      256       256       256
mmppix:       1.0000   -1.0000   -1.0000
center:     128.0000 -129.0000 -129.0000
/opt/freesurfer/average/711-2B_as_mni_average_305_mask.4dfp.img
       256       256       256         1
  1.000000  1.000000  1.000000
orientation T byte_order littleendian
Reading mask: /opt/freesurfer/average/711-2B_as_mni_average_305_mask.4dfp.img (2306576 pixels)
talsrcimg_g11.4dfp.img
       256       256       256         1
  1.000000  1.000000  1.000000
orientation T byte_order littleendian
Reading image: talsrcimg_g11.4dfp.img
dimensions:      256       256       256
mmppix:       1.0000   -1.0000   -1.0000
center:     128.0000 -129.0000 -129.0000
fimgreg.f
image alignment mode   2311 decimal      907 hex
parameters
   -5.7997   24.0435   15.0960  -15.2062  -28.4306  -14.4247
   -0.1596   -3.0160    1.7865    1.0473    5.3259   -2.0324
eta,q 0.97068 16.28892
niter,ni,del,rscale     5    3    5.0000    0.8000
parameter  5 -1.067850 -> -0.500000 qaram    1.1500
parameters
   -5.7999   24.2489   14.9303  -15.6861  -25.6706  -13.3310
   -0.1944   -3.1981    1.7051    0.8903    4.9814   -3.5084
eta,q 0.97158 16.51365
  0.0303  0.0302  0.0296  0.0300  0.0316  0.0293  0.0293  0.0297  0.0292  0.0296  0.0288  0.0286
  0.0298  0.0298  0.0294  0.0296  0.0307  0.0288  0.0288  0.0289  0.0288  0.0290  0.0286  0.0285
  0.0294  0.0295  0.0293  0.0293  0.0300  0.0286  0.0286  0.0285  0.0285  0.0286  0.0285  0.0284
  0.0293  0.0293  0.0293  0.0293  0.0293  0.0285  0.0285  0.0285  0.0285  0.0285  0.0285  0.0285
  0.0294  0.0293  0.0294  0.0294  0.0288  0.0285  0.0285  0.0287  0.0286  0.0286  0.0285  0.0286
  0.0298  0.0295  0.0295  0.0298  0.0284  0.0285  0.0289  0.0291  0.0288  0.0290  0.0287  0.0289
  0.0303  0.0299  0.0297  0.0303  0.0285  0.0288  0.0294  0.0298  0.0293  0.0299  0.0288  0.0294
niter,ni,del,rscale     5    3    5.0000    0.8000
parameters
   -5.7880   23.8132   15.2989  -15.3987  -24.9159  -12.5705
   -0.2836   -3.1768    1.8478    0.7835    5.3634   -4.0897
eta,q 0.97188 16.65955
  0.0295  0.0288  0.0289  0.0292  0.0307  0.0289  0.0290  0.0295  0.0290  0.0293  0.0285  0.0285
  0.0289  0.0285  0.0286  0.0288  0.0297  0.0285  0.0285  0.0287  0.0285  0.0287  0.0283  0.0283
  0.0285  0.0283  0.0285  0.0285  0.0289  0.0283  0.0282  0.0282  0.0282  0.0283  0.0282  0.0282
  0.0284  0.0284  0.0283  0.0283  0.0283  0.0282  0.0281  0.0281  0.0281  0.0281  0.0281  0.0281
  0.0285  0.0287  0.0283  0.0284  0.0281  0.0281  0.0282  0.0283  0.0282  0.0282  0.0281  0.0282
  0.0289  0.0291  0.0284  0.0286  0.0285  0.0281  0.0285  0.0287  0.0285  0.0287  0.0282  0.0284
  0.0295  0.0298  0.0286  0.0290  0.0300  0.0286  0.0291  0.0294  0.0289  0.0296  0.0284  0.0289
niter,ni,del,rscale     4    3    5.0000    0.7000
parameters
   -5.7228   23.6067   15.5966  -15.2112  -24.5308  -11.9231
   -0.4421   -3.0799    1.7463    0.5991    5.8448   -4.4213
eta,q 0.97204 16.75213
  0.0290  0.0286  0.0286  0.0288  0.0299  0.0287  0.0286  0.0291  0.0285  0.0288  0.0282  0.0283
  0.0286  0.0283  0.0283  0.0284  0.0292  0.0284  0.0282  0.0285  0.0282  0.0284  0.0281  0.0281
  0.0282  0.0281  0.0282  0.0282  0.0285  0.0282  0.0280  0.0281  0.0280  0.0281  0.0280  0.0280
  0.0281  0.0281  0.0281  0.0281  0.0281  0.0280  0.0280  0.0280  0.0280  0.0280  0.0280  0.0280
  0.0282  0.0283  0.0281  0.0281  0.0280  0.0279  0.0280  0.0281  0.0280  0.0280  0.0280  0.0280
  0.0284  0.0286  0.0282  0.0283  0.0284  0.0280  0.0283  0.0284  0.0282  0.0284  0.0280  0.0282
  0.0289  0.0291  0.0283  0.0287  0.0297  0.0285  0.0287  0.0290  0.0286  0.0291  0.0281  0.0285
niter,ni,del,rscale     3    3    5.0000    0.6000
parameters
   -5.6367   23.4276   15.8346  -15.0718  -24.1066  -11.5162
   -0.5941   -3.0476    1.4239    0.2472    6.1116   -4.6079
eta,q 0.97219 16.82395
  0.0287  0.0283  0.0283  0.0284  0.0294  0.0285  0.0283  0.0287  0.0282  0.0284  0.0281  0.0281
  0.0283  0.0281  0.0281  0.0282  0.0288  0.0283  0.0280  0.0282  0.0280  0.0281  0.0279  0.0280
  0.0281  0.0280  0.0280  0.0280  0.0283  0.0281  0.0279  0.0279  0.0278  0.0279  0.0279  0.0278
  0.0280  0.0280  0.0279  0.0279  0.0279  0.0279  0.0278  0.0278  0.0278  0.0278  0.0278  0.0278
  0.0280  0.0281  0.0279  0.0280  0.0278  0.0277  0.0279  0.0279  0.0279  0.0279  0.0278  0.0279
  0.0282  0.0283  0.0280  0.0281  0.0282  0.0279  0.0281  0.0282  0.0281  0.0282  0.0279  0.0280
  0.0285  0.0287  0.0281  0.0284  0.0291  0.0284  0.0284  0.0286  0.0283  0.0288  0.0280  0.0282
niter,ni,del,rscale     2    3    5.0000    0.5000
parameters
   -5.5888   23.2095   15.9649  -14.9525  -23.4473  -11.1644
   -0.7086   -3.0498    0.8280   -0.4102    6.5277   -4.7394
eta,q 0.97236 16.90613
  0.0283  0.0280  0.0281  0.0282  0.0289  0.0283  0.0280  0.0283  0.0278  0.0279  0.0279  0.0279
  0.0281  0.0279  0.0279  0.0280  0.0285  0.0281  0.0278  0.0279  0.0277  0.0278  0.0278  0.0277
  0.0279  0.0278  0.0278  0.0278  0.0281  0.0279  0.0277  0.0277  0.0276  0.0277  0.0277  0.0277
  0.0278  0.0278  0.0278  0.0278  0.0278  0.0277  0.0277  0.0277  0.0277  0.0276  0.0276  0.0276
  0.0278  0.0279  0.0278  0.0278  0.0277  0.0276  0.0277  0.0277  0.0277  0.0278  0.0276  0.0277
  0.0280  0.0281  0.0279  0.0279  0.0278  0.0278  0.0278  0.0280  0.0279  0.0280  0.0277  0.0278
  0.0282  0.0284  0.0280  0.0281  0.0284  0.0282  0.0281  0.0283  0.0281  0.0284  0.0278  0.0279
niter,ni,del,rscale     1    3    5.0000    0.4000
parameters
   -5.5397   22.8409   16.1513  -14.7506  -22.3835  -10.8496
   -0.8655   -3.0948   -0.2843   -1.4982    7.0609   -4.8622
eta,q 0.97271 17.02160
  0.0280  0.0276  0.0278  0.0278  0.0285  0.0279  0.0276  0.0278  0.0274  0.0274  0.0275  0.0275
  0.0278  0.0276  0.0277  0.0277  0.0281  0.0277  0.0275  0.0276  0.0274  0.0273  0.0274  0.0274
  0.0277  0.0276  0.0276  0.0276  0.0278  0.0276  0.0274  0.0274  0.0274  0.0273  0.0273  0.0273
  0.0276  0.0276  0.0276  0.0276  0.0276  0.0274  0.0274  0.0274  0.0274  0.0274  0.0273  0.0273
  0.0277  0.0277  0.0276  0.0276  0.0274  0.0274  0.0274  0.0275  0.0275  0.0275  0.0273  0.0273
  0.0277  0.0279  0.0276  0.0276  0.0275  0.0275  0.0275  0.0276  0.0276  0.0278  0.0273  0.0274
  0.0279  0.0281  0.0277  0.0278  0.0277  0.0278  0.0277  0.0278  0.0277  0.0281  0.0274  0.0275
registration optimization eta report
parameter search radius
    0.8000    0.8000    0.8000    2.4000    2.7600    2.4000
    2.4000    2.4000    2.4000    2.4000    2.4000    2.4000
100000*second partial in parameter space
       49.       41.       26.        4.        7.        7.
        5.        8.        3.        7.        2.        3.
  0.0280  0.0276  0.0278  0.0278  0.0285  0.0279  0.0276  0.0278  0.0274  0.0274  0.0275  0.0275
  0.0278  0.0276  0.0277  0.0277  0.0281  0.0277  0.0275  0.0276  0.0274  0.0273  0.0274  0.0274
  0.0277  0.0276  0.0276  0.0276  0.0278  0.0276  0.0274  0.0274  0.0274  0.0273  0.0273  0.0273
  0.0276  0.0276  0.0276  0.0276  0.0276  0.0274  0.0274  0.0274  0.0274  0.0274  0.0273  0.0273
  0.0277  0.0277  0.0276  0.0276  0.0274  0.0274  0.0274  0.0275  0.0275  0.0275  0.0273  0.0273
  0.0277  0.0279  0.0276  0.0276  0.0275  0.0275  0.0275  0.0276  0.0276  0.0278  0.0273  0.0274
  0.0279  0.0281  0.0277  0.0278  0.0277  0.0278  0.0277  0.0278  0.0277  0.0281  0.0274  0.0275
   -5.5397   22.8409   16.1513  -14.7506  -22.3835  -10.8496
   -0.8655   -3.0948   -0.2843   -1.4982    7.0609   -4.8622
eta,q 0.97271 17.02160

---------------------------------------------------------------------
imgreg_4dfp /opt/freesurfer/average/711-2C_as_mni_average_305 /opt/freesurfer/average/711-2B_as_mni_average_305_mask talsrcimg_g11 none talsrcimg_to_711-2C_as_mni_average_305_t4 2311
---------------------------------------------------------------------

freesurfer imgreg_4dfp.c
/opt/freesurfer/average/711-2C_as_mni_average_305.4dfp.img
       256       256       256         1
  1.000000  1.000000  1.000000
orientation T byte_order littleendian
Reading image: /opt/freesurfer/average/711-2C_as_mni_average_305.4dfp.img
dimensions:      256       256       256
mmppix:       1.0000   -1.0000   -1.0000
center:     128.0000 -129.0000 -129.0000
/opt/freesurfer/average/711-2B_as_mni_average_305_mask.4dfp.img
       256       256       256         1
  1.000000  1.000000  1.000000
orientation T byte_order littleendian
Reading mask: /opt/freesurfer/average/711-2B_as_mni_average_305_mask.4dfp.img (2306576 pixels)
talsrcimg_g11.4dfp.img
       256       256       256         1
  1.000000  1.000000  1.000000
orientation T byte_order littleendian
Reading image: talsrcimg_g11.4dfp.img
dimensions:      256       256       256
mmppix:       1.0000   -1.0000   -1.0000
center:     128.0000 -129.0000 -129.0000
fimgreg.f
image alignment mode   2311 decimal      907 hex
parameters
   -5.5397   22.8409   16.1513  -14.7506  -22.3835  -10.8496
   -0.8655   -3.0948   -0.2843   -1.4982    7.0609   -4.8622
eta,q 0.97271 17.02160
niter,ni,del,rscale     5    3    5.0000    0.8000
parameters
   -5.4693   22.2515   16.2380  -14.2133  -22.1260  -11.2304
   -1.0020   -2.8520   -0.7415   -2.4652    6.9363   -3.7947
eta,q 0.97295 17.07250
  0.0287  0.0276  0.0280  0.0283  0.0293  0.0283  0.0282  0.0290  0.0278  0.0278  0.0276  0.0282
  0.0280  0.0273  0.0276  0.0277  0.0284  0.0278  0.0276  0.0280  0.0274  0.0273  0.0273  0.0276
  0.0275  0.0272  0.0273  0.0273  0.0277  0.0274  0.0272  0.0273  0.0272  0.0271  0.0271  0.0273
  0.0273  0.0273  0.0272  0.0272  0.0272  0.0271  0.0271  0.0271  0.0271  0.0271  0.0271  0.0271
  0.0274  0.0277  0.0272  0.0272  0.0270  0.0271  0.0273  0.0273  0.0273  0.0274  0.0272  0.0271
  0.0278  0.0283  0.0274  0.0275  0.0275  0.0278  0.0277  0.0278  0.0276  0.0280  0.0273  0.0272
  0.0285  0.0293  0.0279  0.0278  0.0294  0.0293  0.0283  0.0286  0.0281  0.0289  0.0276  0.0275
niter,ni,del,rscale     4    3    5.0000    0.7000
parameters
   -5.4067   21.9085   16.4218  -14.0364  -21.5137  -11.1122
   -1.1169   -2.7823   -0.7859   -3.4419    6.4957   -3.5479
eta,q 0.97323 17.13727
  0.0282  0.0275  0.0277  0.0278  0.0289  0.0280  0.0277  0.0283  0.0275  0.0274  0.0271  0.0275
  0.0276  0.0271  0.0274  0.0273  0.0282  0.0275  0.0272  0.0274  0.0271  0.0270  0.0269  0.0271
  0.0272  0.0270  0.0271  0.0271  0.0275  0.0271  0.0269  0.0270  0.0269  0.0268  0.0268  0.0269
  0.0271  0.0270  0.0270  0.0270  0.0270  0.0268  0.0268  0.0268  0.0268  0.0268  0.0268  0.0268
  0.0271  0.0273  0.0270  0.0271  0.0268  0.0268  0.0270  0.0270  0.0269  0.0271  0.0269  0.0268
  0.0275  0.0277  0.0271  0.0273  0.0271  0.0272  0.0273  0.0274  0.0272  0.0276  0.0270  0.0270
  0.0280  0.0283  0.0274  0.0276  0.0284  0.0281  0.0278  0.0281  0.0275  0.0284  0.0273  0.0273
niter,ni,del,rscale     3    3    5.0000    0.6000
parameters
   -5.3573   21.5994   16.5363  -13.9847  -20.9456  -10.7937
   -1.2708   -2.7635   -0.3483   -4.0541    5.5394   -3.4944
eta,q 0.97351 17.20542
  0.0277  0.0271  0.0272  0.0273  0.0283  0.0275  0.0272  0.0277  0.0273  0.0271  0.0267  0.0270
  0.0272  0.0268  0.0270  0.0270  0.0277  0.0271  0.0268  0.0270  0.0269  0.0267  0.0265  0.0267
  0.0269  0.0267  0.0268  0.0268  0.0271  0.0268  0.0266  0.0267  0.0266  0.0265  0.0265  0.0266
  0.0268  0.0268  0.0267  0.0267  0.0267  0.0266  0.0265  0.0265  0.0265  0.0265  0.0265  0.0265
  0.0268  0.0269  0.0267  0.0268  0.0265  0.0265  0.0267  0.0267  0.0266  0.0267  0.0266  0.0265
  0.0271  0.0273  0.0268  0.0270  0.0268  0.0268  0.0269  0.0270  0.0267  0.0271  0.0268  0.0267
  0.0275  0.0278  0.0271  0.0272  0.0278  0.0274  0.0274  0.0276  0.0270  0.0278  0.0270  0.0270
niter,ni,del,rscale     2    3    5.0000    0.5000
parameters
   -5.3294   21.3522   16.6952  -14.0025  -20.4811  -10.3849
   -1.4114   -2.7749    0.4054   -4.5962    4.3158   -3.5766
eta,q 0.97375 17.26376
  0.0271  0.0268  0.0269  0.0269  0.0277  0.0272  0.0268  0.0272  0.0270  0.0268  0.0263  0.0266
  0.0268  0.0266  0.0267  0.0266  0.0272  0.0269  0.0265  0.0267  0.0267  0.0265  0.0263  0.0264
  0.0266  0.0265  0.0265  0.0265  0.0268  0.0266  0.0264  0.0264  0.0264  0.0263  0.0263  0.0263
  0.0265  0.0265  0.0265  0.0264  0.0264  0.0264  0.0263  0.0263  0.0263  0.0263  0.0263  0.0262
  0.0266  0.0266  0.0265  0.0265  0.0263  0.0263  0.0264  0.0264  0.0263  0.0265  0.0264  0.0263
  0.0267  0.0269  0.0265  0.0267  0.0266  0.0265  0.0266  0.0267  0.0264  0.0268  0.0265  0.0264
  0.0271  0.0273  0.0267  0.0269  0.0272  0.0269  0.0269  0.0271  0.0265  0.0273  0.0267  0.0267
niter,ni,del,rscale     1    3    5.0000    0.4000
parameters
   -5.3298   21.1091   16.8723  -13.9688  -19.9999  -10.0148
   -1.5633   -2.7665    1.2609   -5.0328    3.1911   -3.6106
eta,q 0.97399 17.32244
  0.0267  0.0264  0.0266  0.0265  0.0271  0.0268  0.0264  0.0267  0.0266  0.0264  0.0261  0.0263
  0.0264  0.0263  0.0264  0.0263  0.0267  0.0265  0.0262  0.0263  0.0264  0.0262  0.0260  0.0261
  0.0263  0.0262  0.0263  0.0262  0.0264  0.0263  0.0261  0.0262  0.0262  0.0261  0.0260  0.0260
  0.0262  0.0262  0.0262  0.0262  0.0262  0.0261  0.0261  0.0261  0.0261  0.0261  0.0260  0.0260
  0.0263  0.0264  0.0262  0.0262  0.0261  0.0261  0.0262  0.0262  0.0261  0.0262  0.0261  0.0260
  0.0264  0.0266  0.0262  0.0263  0.0263  0.0262  0.0263  0.0264  0.0261  0.0264  0.0262  0.0261
  0.0267  0.0268  0.0264  0.0265  0.0267  0.0265  0.0265  0.0267  0.0262  0.0268  0.0264  0.0263
registration optimization eta report
parameter search radius
    0.8000    0.8000    0.8000    2.4000    2.4000    2.4000
    2.4000    2.4000    2.4000    2.4000    2.4000    2.4000
100000*second partial in parameter space
       63.       56.       36.        5.       12.        9.
        7.       10.        5.        9.        3.        5.
  0.0267  0.0264  0.0266  0.0265  0.0271  0.0268  0.0264  0.0267  0.0266  0.0264  0.0261  0.0263
  0.0264  0.0263  0.0264  0.0263  0.0267  0.0265  0.0262  0.0263  0.0264  0.0262  0.0260  0.0261
  0.0263  0.0262  0.0263  0.0262  0.0264  0.0263  0.0261  0.0262  0.0262  0.0261  0.0260  0.0260
  0.0262  0.0262  0.0262  0.0262  0.0262  0.0261  0.0261  0.0261  0.0261  0.0261  0.0260  0.0260
  0.0263  0.0264  0.0262  0.0262  0.0261  0.0261  0.0262  0.0262  0.0261  0.0262  0.0261  0.0260
  0.0264  0.0266  0.0262  0.0263  0.0263  0.0262  0.0263  0.0264  0.0261  0.0264  0.0262  0.0261
  0.0267  0.0268  0.0264  0.0265  0.0267  0.0265  0.0265  0.0267  0.0262  0.0268  0.0264  0.0263
   -5.3298   21.1091   16.8723  -13.9688  -19.9999  -10.0148
   -1.5633   -2.7665    1.2609   -5.0328    3.1911   -3.6106
eta,q 0.97399 17.32244

---------------------------------------------------------------------
compute_vox2vox talsrcimg talsrcimg_to_711-2C_as_mni_average_305_t4 /opt/freesurfer/average/711-2C_as_mni_average_305
---------------------------------------------------------------------

freesurfer compute_vox2vox.c
Reading: talsrcimg.4dfp.ifh
Reading: talsrcimg_to_711-2C_as_mni_average_305_t4
Reading: /opt/freesurfer/average/711-2C_as_mni_average_305.4dfp.ifh
Writing: talsrcimg_to_711-2C_as_mni_average_305_t4_vox2vox.txt

start time Sun Mar 8 23:52:01 CET 2026
end		time Sun Mar 8 23:52:15 CET 2026

mpr2mni305 success

avi2talxfm orig_nu.mgz /opt/freesurfer/average/mni305.cor.mgz talsrcimg_to_711-2C_as_mni_average_305_t4_vox2vox.txt transforms/talairach.auto.xfm
avi2talxfm done
mv -f /out/sourcedata/freesurfer/sub-v1s16x0051187_ses-1/mri/talsrcimg_to_711-2C_as_mni_average_305_t4_vox2vox.txt /out/sourcedata/freesurfer/sub-v1s16x0051187_ses-1/mri/transforms/talsrcimg_to_711-2C_as_mni_average_305_t4_vox2vox.txt
lta_convert --src orig_nu.mgz --trg /opt/freesurfer/average/mni305.cor.mgz --inxfm transforms/talairach.auto.xfm --outlta transforms/talairach.auto.xfm.lta --subject fsaverage
7.3.2

--src: orig_nu.mgz src image (geometry).
--trg: /opt/freesurfer/average/mni305.cor.mgz trg image (geometry).
--inmni: transforms/talairach.auto.xfm input MNI/XFM transform.
--outlta: transforms/talairach.auto.xfm.lta output LTA.
--s: fsaverage subject name
 LTA read, type : 1
 1.16064   0.03704   0.02435   4.91225;
-0.04200   1.11277   0.04940  -10.31549;
-0.02094   0.06942   1.25272  -26.85129;
 0.00000   0.00000   0.00000   1.00000;
setting subject to fsaverage
Writing  LTA to file transforms/talairach.auto.xfm.lta...
lta_convert successful.
 
 
Started at Sun Mar 8 23:52:00 CET 2026
Ended   at Sun Mar  8 23:52:15 CET 2026
talairach_avi done
