status file for recon-all
Thu Mar 12 13:45:54 CET 2026
#@# Tessellate rh Thu Mar 12 13:45:54 CET 2026
#@# Smooth1 rh Thu Mar 12 13:45:58 CET 2026
#@# Inflation1 rh Thu Mar 12 13:46:00 CET 2026
#@# QSphere rh Thu Mar 12 13:46:11 CET 2026
#@# Fix Topology rh Thu Mar 12 13:47:03 CET 2026
#@# Smooth2 rh Thu Mar 12 13:52:09 CET 2026
#@# Inflation2 rh Thu Mar 12 13:52:12 CET 2026
#@# Curv .H and .K rh Thu Mar 12 13:52:21 CET 2026
#@# Sphere rh Thu Mar 12 13:52:56 CET 2026
#@# Surf Reg rh Thu Mar 12 13:55:30 CET 2026
#@# Jacobian white rh Thu Mar 12 13:58:53 CET 2026
#@# AvgCurv rh Thu Mar 12 13:58:54 CET 2026
#@# Cortical Parc rh Thu Mar 12 13:58:55 CET 2026
#@# white curv rh Thu Mar 12 14:03:29 CET 2026
#@# white area rh Thu Mar 12 14:03:31 CET 2026
#@# pial curv rh Thu Mar 12 14:03:31 CET 2026
#@# pial area rh Thu Mar 12 14:03:33 CET 2026
#@# thickness rh Thu Mar 12 14:03:33 CET 2026
#@# area and vertex vol rh Thu Mar 12 14:03:54 CET 2026
#@# Curvature Stats rh Thu Mar 12 14:03:56 CET 2026
#@# Cortical Parc 2 rh Thu Mar 12 14:03:58 CET 2026
#@# Cortical Parc 3 rh Thu Mar 12 14:04:08 CET 2026
#@# WM/GM Contrast rh Thu Mar 12 14:04:16 CET 2026
recon-all -s sub-v1s16x0051160_ses-1 finished without error at Thu Mar 12 14:04:18 CET 2026



#New# invocation of recon-all 



status file for recon-all
Thu Mar 12 14:09:18 CET 2026
#@# white curv rh Thu Mar 12 14:09:18 CET 2026
#@# white area rh Thu Mar 12 14:09:18 CET 2026
#@# pial curv rh Thu Mar 12 14:09:18 CET 2026
#@# pial area rh Thu Mar 12 14:09:18 CET 2026
#@# thickness rh Thu Mar 12 14:09:18 CET 2026
#@# area and vertex vol rh Thu Mar 12 14:09:18 CET 2026
#@# Parcellation Stats rh Thu Mar 12 14:09:18 CET 2026
#@# Parcellation Stats 2 rh Thu Mar 12 14:09:31 CET 2026
#@# Parcellation Stats 3 rh Thu Mar 12 14:09:36 CET 2026
#@# BA_exvivo Labels rh Thu Mar 12 14:09:42 CET 2026
recon-all -s sub-v1s16x0051160_ses-1 finished without error at Thu Mar 12 14:11:48 CET 2026
