status file for recon-all
Thu Mar 12 11:38:53 CET 2026
#@# MotionCor Thu Mar 12 11:38:55 CET 2026
#@# Talairach Thu Mar 12 11:39:04 CET 2026
#@# Talairach Failure Detection Thu Mar 12 11:43:30 CET 2026
#@# Nu Intensity Correction Thu Mar 12 11:43:30 CET 2026
#@# Intensity Normalization Thu Mar 12 11:46:45 CET 2026
recon-all -s sub-v1s16x0051160_ses-1 finished without error at Thu Mar 12 11:48:12 CET 2026



#New# invocation of recon-all 



status file for recon-all
Thu Mar 12 11:55:09 CET 2026
#@# EM Registration Thu Mar 12 11:55:09 CET 2026
recon-all -s sub-v1s16x0051160_ses-1 finished without error at Thu Mar 12 11:57:39 CET 2026



#New# invocation of recon-all 



status file for recon-all
Thu Mar 12 11:57:43 CET 2026
#@# CA Normalize Thu Mar 12 11:57:43 CET 2026
#@# CA Reg Thu Mar 12 11:59:06 CET 2026
#@# SubCort Seg Thu Mar 12 12:54:39 CET 2026
#@# CC Seg Thu Mar 12 13:20:31 CET 2026
#@# Merge ASeg Thu Mar 12 13:21:18 CET 2026
#@# Intensity Normalization2 Thu Mar 12 13:21:18 CET 2026
#@# Mask BFS Thu Mar 12 13:23:37 CET 2026
#@# WM Segmentation Thu Mar 12 13:23:38 CET 2026
#@# Fill Thu Mar 12 13:25:28 CET 2026
recon-all -s sub-v1s16x0051160_ses-1 finished without error at Thu Mar 12 13:26:30 CET 2026



#New# invocation of recon-all 



status file for recon-all
Thu Mar 12 14:04:24 CET 2026
#@# white curv lh Thu Mar 12 14:04:24 CET 2026
#@# white area lh Thu Mar 12 14:04:24 CET 2026
#@# pial curv lh Thu Mar 12 14:04:24 CET 2026
#@# pial area lh Thu Mar 12 14:04:24 CET 2026
#@# thickness lh Thu Mar 12 14:04:24 CET 2026
#@# area and vertex vol lh Thu Mar 12 14:04:24 CET 2026
#@# white curv rh Thu Mar 12 14:04:24 CET 2026
#@# white area rh Thu Mar 12 14:04:24 CET 2026
#@# pial curv rh Thu Mar 12 14:04:24 CET 2026
#@# pial area rh Thu Mar 12 14:04:24 CET 2026
#@# thickness rh Thu Mar 12 14:04:24 CET 2026
#@# area and vertex vol rh Thu Mar 12 14:04:24 CET 2026
#@# Cortical ribbon mask Thu Mar 12 14:04:24 CET 2026
recon-all -s sub-v1s16x0051160_ses-1 finished without error at Thu Mar 12 14:06:40 CET 2026



#New# invocation of recon-all 



status file for recon-all
Thu Mar 12 14:11:52 CET 2026
#@# white curv lh Thu Mar 12 14:11:53 CET 2026
#@# white area lh Thu Mar 12 14:11:53 CET 2026
#@# pial curv lh Thu Mar 12 14:11:53 CET 2026
#@# pial area lh Thu Mar 12 14:11:53 CET 2026
#@# thickness lh Thu Mar 12 14:11:53 CET 2026
#@# area and vertex vol lh Thu Mar 12 14:11:53 CET 2026
#@# white curv rh Thu Mar 12 14:11:53 CET 2026
#@# white area rh Thu Mar 12 14:11:53 CET 2026
#@# pial curv rh Thu Mar 12 14:11:53 CET 2026
#@# pial area rh Thu Mar 12 14:11:53 CET 2026
#@# thickness rh Thu Mar 12 14:11:53 CET 2026
#@# area and vertex vol rh Thu Mar 12 14:11:53 CET 2026
#@# Curvature Stats lh Thu Mar 12 14:11:53 CET 2026
#@# Curvature Stats rh Thu Mar 12 14:11:54 CET 2026
#@# Relabel Hypointensities Thu Mar 12 14:11:56 CET 2026
#@# APas-to-ASeg Thu Mar 12 14:12:09 CET 2026
#@# AParc-to-ASeg aparc Thu Mar 12 14:12:16 CET 2026
#@# AParc-to-ASeg aparc.a2009s Thu Mar 12 14:12:33 CET 2026
#@# AParc-to-ASeg aparc.DKTatlas Thu Mar 12 14:12:53 CET 2026
#@# WMParc Thu Mar 12 14:13:12 CET 2026
#@# ASeg Stats Thu Mar 12 14:17:00 CET 2026
recon-all -s sub-v1s16x0051160_ses-1 finished without error at Thu Mar 12 14:17:41 CET 2026
