status file for recon-all
Thu Mar 12 13:26:34 CET 2026
#@# Tessellate lh Thu Mar 12 13:26:34 CET 2026
#@# Smooth1 lh Thu Mar 12 13:26:37 CET 2026
#@# Inflation1 lh Thu Mar 12 13:26:39 CET 2026
#@# QSphere lh Thu Mar 12 13:26:49 CET 2026
#@# Fix Topology lh Thu Mar 12 13:27:41 CET 2026
#@# Smooth2 lh Thu Mar 12 13:33:23 CET 2026
#@# Inflation2 lh Thu Mar 12 13:33:25 CET 2026
#@# Curv .H and .K lh Thu Mar 12 13:33:36 CET 2026
#@# Sphere lh Thu Mar 12 13:34:10 CET 2026
#@# Surf Reg lh Thu Mar 12 13:37:20 CET 2026
#@# Jacobian white lh Thu Mar 12 13:40:19 CET 2026
#@# AvgCurv lh Thu Mar 12 13:40:20 CET 2026
#@# Cortical Parc lh Thu Mar 12 13:40:21 CET 2026
#@# white curv lh Thu Mar 12 13:44:59 CET 2026
#@# white area lh Thu Mar 12 13:45:01 CET 2026
#@# pial curv lh Thu Mar 12 13:45:01 CET 2026
#@# pial area lh Thu Mar 12 13:45:03 CET 2026
#@# thickness lh Thu Mar 12 13:45:03 CET 2026
#@# area and vertex vol lh Thu Mar 12 13:45:24 CET 2026
#@# Curvature Stats lh Thu Mar 12 13:45:25 CET 2026
#@# Cortical Parc 2 lh Thu Mar 12 13:45:27 CET 2026
#@# Cortical Parc 3 lh Thu Mar 12 13:45:39 CET 2026
#@# WM/GM Contrast lh Thu Mar 12 13:45:48 CET 2026
recon-all -s sub-v1s16x0051160_ses-1 finished without error at Thu Mar 12 13:45:50 CET 2026



#New# invocation of recon-all 



status file for recon-all
Thu Mar 12 14:06:45 CET 2026
#@# white curv lh Thu Mar 12 14:06:45 CET 2026
#@# white area lh Thu Mar 12 14:06:45 CET 2026
#@# pial curv lh Thu Mar 12 14:06:45 CET 2026
#@# pial area lh Thu Mar 12 14:06:45 CET 2026
#@# thickness lh Thu Mar 12 14:06:45 CET 2026
#@# area and vertex vol lh Thu Mar 12 14:06:45 CET 2026
#@# Parcellation Stats lh Thu Mar 12 14:06:45 CET 2026
#@# Parcellation Stats 2 lh Thu Mar 12 14:06:56 CET 2026
#@# Parcellation Stats 3 lh Thu Mar 12 14:07:02 CET 2026
#@# BA_exvivo Labels lh Thu Mar 12 14:07:08 CET 2026
recon-all -s sub-v1s16x0051160_ses-1 finished without error at Thu Mar 12 14:09:13 CET 2026
