/out/sourcedata/freesurfer/sub-v1s16x0051175_ses-1/mri
/opt/freesurfer/bin/talairach_avi
--i orig_nu.mgz --xfm transforms/talairach.auto.xfm
talairach_avi 7.3.2
Linux dna079 5.14.0-427.37.1.el9_4.x86_64 #1 SMP PREEMPT_DYNAMIC Fri Sep 13 12:41:50 EDT 2024 x86_64 x86_64 x86_64 GNU/Linux
Sun Mar  8 22:50:27 CET 2026
mri_convert orig_nu.mgz talsrcimg.img 
reading from orig_nu.mgz...
TR=0.00, TE=0.00, TI=0.00, flip angle=0.00
i_ras = (-1, 0, 0)
j_ras = (0, 0, -1)
k_ras = (0, 1, 0)
writing to talsrcimg.img...
Analyze Output Matrix
-1.00000   0.00000   0.00000   135.28021;
 0.00000   0.00000   1.00000  -120.05495;
 0.00000  -1.00000   0.00000   127.08517;
 0.00000   0.00000   0.00000   1.00000;
--------------------
INFO: set hdr.hist.orient to -1
mpr2mni305 talsrcimg
Sun Mar  8 22:50:27 CET 2026
/opt/freesurfer/bin/mpr2mni305 talsrcimg
mpr2mni305 7.3.2
target=711-2C_as_mni_average_305

---------------------------------------------------------------------
analyzeto4dfp talsrcimg -O0 -y
---------------------------------------------------------------------

freesurfer ifh2hdr.c
Sun Mar  8 22:50:27 2026
Writing: talsrcimg.4dfp.hdr
freesurfer analyzeto4dfp.c
Reading: talsrcimg.hdr
header size 348 bytes
hdr.dime.datatype	offset=70	value=2
hdr.dime.bitpix		offset=72	value=8
hdr.hist.orient		offset=252	value=-1
dimensionality     4
dimensions       256       256       256         1
Reading: talsrcimg.img
Writing: talsrcimg.4dfp.img
Writing: talsrcimg.4dfp.ifh
ifh2hdr talsrcimg -r0to221
ori=2

---------------------------------------------------------------------
gauss_4dfp talsrcimg 1.1
---------------------------------------------------------------------

freesurfer gauss_4dfp.c
Reading: talsrcimg.4dfp.img
Writing: talsrcimg_g11.4dfp.img
image dimensions 256 256 256 padded to 288 288 288
processing volume 1freesurfer ifh2hdr.c
Sun Mar  8 22:50:28 2026
Writing: talsrcimg_g11.4dfp.hdr

Writing: talsrcimg_g11.4dfp.ifh
including: talsrcimg.4dfp.img.rec in talsrcimg_g11.4dfp.img.rec

---------------------------------------------------------------------
imgreg_4dfp /opt/freesurfer/average/711-2C_as_mni_average_305 none talsrcimg_g11 none talsrcimg_to_711-2C_as_mni_average_305_t4 4355
---------------------------------------------------------------------

freesurfer imgreg_4dfp.c
/opt/freesurfer/average/711-2C_as_mni_average_305.4dfp.img
       256       256       256         1
  1.000000  1.000000  1.000000
orientation T byte_order littleendian
Reading image: /opt/freesurfer/average/711-2C_as_mni_average_305.4dfp.img
dimensions:      256       256       256
mmppix:       1.0000   -1.0000   -1.0000
center:     128.0000 -129.0000 -129.0000
talsrcimg_g11.4dfp.img
       256       256       256         1
  1.000000  1.000000  1.000000
orientation T byte_order littleendian
Reading image: talsrcimg_g11.4dfp.img
dimensions:      256       256       256
mmppix:       1.0000   -1.0000   -1.0000
center:     128.0000 -129.0000 -129.0000
t4_read: open error in t4_sub.f l:  41 t4_file(1:l)talsrcimg_to_711-2C_as_mni_average_305_t4 
t4_read: transform initialized to I4
rotation matrix determinant  1.000000
image alignment mode   4355 decimal     1103 hex
   -7.5000  -45.0000  -45.0000 6106.0386   23.2598
    0.0000  -45.0000  -45.0000 6390.4062   23.2900
    7.5000  -45.0000  -45.0000 6092.3325   23.3313
   -7.5000  -37.5000  -45.0000 6687.9561   23.0816
    0.0000  -37.5000  -45.0000 6983.2651   23.1137
    7.5000  -37.5000  -45.0000 6657.9336   23.1591
   -7.5000  -30.0000  -45.0000 7535.3833   23.0594
    0.0000  -30.0000  -45.0000 7863.2832   23.1009
    7.5000  -30.0000  -45.0000 7501.6953   23.1578
   -7.5000  -22.5000  -45.0000 8421.3545   23.0692
    0.0000  -22.5000  -45.0000 8780.5137   23.1185
    7.5000  -22.5000  -45.0000 8382.2539   23.1829
   -7.5000  -15.0000  -45.0000 9247.5762   23.0788
    0.0000  -15.0000  -45.0000 9647.0146   23.1271
    7.5000  -15.0000  -45.0000 9196.7725   23.1889
   -7.5000   -7.5000  -45.0000 9981.9912   23.0679
    0.0000   -7.5000  -45.000010433.8359   23.1052
    7.5000   -7.5000  -45.0000 9940.3213   23.1547
   -7.5000    0.0000  -45.000010618.5527   23.0490
    0.0000    0.0000  -45.000011085.8447   23.0779
    7.5000    0.0000  -45.000010586.5381   23.1183
   -7.5000    7.5000  -45.000010493.4219   23.0468
    0.0000    7.5000  -45.000010969.8037   23.0788
    7.5000    7.5000  -45.000010481.7803   23.1239
   -7.5000   15.0000  -45.000010252.6768   23.0561
    0.0000   15.0000  -45.000010742.2021   23.0976
    7.5000   15.0000  -45.000010280.5322   23.1546
   -7.5000   22.5000  -45.0000 9952.8643   23.0660
    0.0000   22.5000  -45.000010461.2734   23.1154
    7.5000   22.5000  -45.000010019.6377   23.1797
   -7.5000   30.0000  -45.0000 9673.4824   22.7713
    0.0000   30.0000  -45.000010156.6074   22.8189
    7.5000   30.0000  -45.0000 9716.6260   22.8799
   -7.5000   37.5000  -45.0000 9428.5195   22.7605
    0.0000   37.5000  -45.0000 9887.4912   22.7973
    7.5000   37.5000  -45.0000 9469.5537   22.8461
   -7.5000   45.0000  -45.0000 8805.8096   22.1644
    0.0000   45.0000  -45.0000 9259.2754   22.1922
    7.5000   45.0000  -45.0000 8856.0439   22.2310
   -7.5000  -45.0000  -37.5000 6542.4434   22.9998
    0.0000  -45.0000  -37.5000 6873.5977   23.0359
    7.5000  -45.0000  -37.5000 6543.5229   23.0820
   -7.5000  -37.5000  -37.5000 7170.1792   22.8274
    0.0000  -37.5000  -37.5000 7529.3423   22.8630
    7.5000  -37.5000  -37.5000 7179.4023   22.9081
   -7.5000  -30.0000  -37.5000 8102.1162   22.8027
    0.0000  -30.0000  -37.5000 8483.2891   22.8405
    7.5000  -30.0000  -37.5000 8105.9375   22.8931
   -7.5000  -22.5000  -37.5000 9043.8105   22.8048
    0.0000  -22.5000  -37.5000 9460.4033   22.8458
    7.5000  -22.5000  -37.5000 9043.3867   22.9072
   -7.5000  -15.0000  -37.5000 9925.6943   22.8098
    0.0000  -15.0000  -37.500010364.5811   22.8509
    7.5000  -15.0000  -37.5000 9898.4043   22.9148
   -7.5000   -7.5000  -37.500010691.4248   22.8044
    0.0000   -7.5000  -37.500011176.8389   22.8417
    7.5000   -7.5000  -37.500010654.1016   22.8970
   -7.5000    0.0000  -37.500011336.2324   22.7936
    0.0000    0.0000  -37.500011865.6416   22.8283
    7.5000    0.0000  -37.500011325.7646   22.8733
   -7.5000    7.5000  -37.500011178.7471   22.7934
    0.0000    7.5000  -37.500011670.7461   22.8287
    7.5000    7.5000  -37.500011195.0225   22.8736
   -7.5000   15.0000  -37.500010913.7158   22.7992
    0.0000   15.0000  -37.500011405.4336   22.8371
    7.5000   15.0000  -37.500010954.7764   22.8897
   -7.5000   22.5000  -37.500010604.7168   22.8017
    0.0000   22.5000  -37.500011109.9756   22.8426
    7.5000   22.5000  -37.500010667.5557   22.9040
   -7.5000   30.0000  -37.500010273.4365   22.5058
    0.0000   30.0000  -37.500010756.6836   22.5464
    7.5000   30.0000  -37.500010332.9004   22.6094
   -7.5000   37.5000  -37.5000 9968.0469   22.5005
    0.0000   37.5000  -37.500010441.6484   22.5373
    7.5000   37.5000  -37.500010015.2637   22.5919
   -7.5000   45.0000  -37.5000 9259.5723   21.9188
    0.0000   45.0000  -37.5000 9742.7529   21.9521
    7.5000   45.0000  -37.5000 9343.0469   21.9954
   -7.5000  -45.0000  -30.0000 7158.8330   23.8707
    0.0000  -45.0000  -30.0000 7503.6396   23.8960
    7.5000  -45.0000  -30.0000 7186.2612   23.9444
   -7.5000  -37.5000  -30.0000 7849.2881   23.6965
    0.0000  -37.5000  -30.0000 8218.8594   23.7184
    7.5000  -37.5000  -30.0000 7863.1313   23.7613
   -7.5000  -30.0000  -30.0000 8865.1758   23.6711
    0.0000  -30.0000  -30.0000 9254.4863   23.6892
    7.5000  -30.0000  -30.0000 8853.3242   23.7314
   -7.5000  -22.5000  -30.0000 9881.2070   23.6686
    0.0000  -22.5000  -30.000010297.5508   23.6867
    7.5000  -22.5000  -30.0000 9858.5615   23.7343
   -7.5000  -15.0000  -30.000010802.9219   23.6674
    0.0000  -15.0000  -30.000011238.3604   23.6869
    7.5000  -15.0000  -30.000010763.0371   23.7409
   -7.5000   -7.5000  -30.000011620.6885   23.6624
    0.0000   -7.5000  -30.000012097.3076   23.6846
    7.5000   -7.5000  -30.000011583.0088   23.7380
   -7.5000    0.0000  -30.000012334.1943   23.6572
    0.0000    0.0000  -30.000012875.5029   23.6815
    7.5000    0.0000  -30.000012342.0596   23.7288
   -7.5000    7.5000  -30.000012115.5801   23.6610
    0.0000    7.5000  -30.000012651.1738   23.6827
    7.5000    7.5000  -30.000012135.3398   23.7253
   -7.5000   15.0000  -30.000011802.7529   23.6674
    0.0000   15.0000  -30.000012314.5723   23.6856
    7.5000   15.0000  -30.000011829.5674   23.7279
   -7.5000   22.5000  -30.000011467.4551   23.6630
    0.0000   22.5000  -30.000011967.0918   23.6810
    7.5000   22.5000  -30.000011509.2480   23.7286
   -7.5000   30.0000  -30.000011043.3262   23.3543
    0.0000   30.0000  -30.000011537.8711   23.3735
    7.5000   30.0000  -30.000011091.0000   23.4267
   -7.5000   37.5000  -30.000010673.2568   23.3493
    0.0000   37.5000  -30.000011167.7998   23.3712
    7.5000   37.5000  -30.000010730.3447   23.4239
   -7.5000   45.0000  -30.0000 9901.3896   22.7660
    0.0000   45.0000  -30.000010372.2393   22.7893
    7.5000   45.0000  -30.0000 9970.9229   22.8349
   -7.5000  -45.0000  -22.5000 7826.6714   24.7312
    0.0000  -45.0000  -22.5000 8192.6904   24.7389
    7.5000  -45.0000  -22.5000 7839.2876   24.7835
   -7.5000  -37.5000  -22.5000 8568.9209   24.5534
    0.0000  -37.5000  -22.5000 8954.1602   24.5561
    7.5000  -37.5000  -22.5000 8558.5303   24.5942
   -7.5000  -30.0000  -22.5000 9669.7715   24.5328
    0.0000  -30.0000  -22.500010084.9902   24.5316
    7.5000  -30.0000  -22.5000 9637.8477   24.5633
   -7.5000  -22.5000  -22.500010728.6172   24.5355
    0.0000  -22.5000  -22.500011176.4785   24.5346
    7.5000  -22.5000  -22.500010700.4668   24.5665
   -7.5000  -15.0000  -22.500011680.1543   24.5317
    0.0000  -15.0000  -22.500012159.9766   24.5332
    7.5000  -15.0000  -22.500011650.7646   24.5717
   -7.5000   -7.5000  -22.500012587.8965   24.5183
    0.0000   -7.5000  -22.500013089.9951   24.5240
    7.5000   -7.5000  -22.500012550.2949   24.5682
   -7.5000    0.0000  -22.500013388.8516   24.5094
    0.0000    0.0000  -22.500013985.8447   24.5164
    7.5000    0.0000  -22.500013404.8057   24.5601
   -7.5000    7.5000  -22.500013117.7451   24.5162
    0.0000    7.5000  -22.500013698.9053   24.5189
    7.5000    7.5000  -22.500013145.2920   24.5568
   -7.5000   15.0000  -22.500012723.4434   24.5291
    0.0000   15.0000  -22.500013296.6875   24.5280
    7.5000   15.0000  -22.500012775.9014   24.5597
   -7.5000   22.5000  -22.500012324.3389   24.5279
    0.0000   22.5000  -22.500012871.4980   24.5270
    7.5000   22.5000  -22.500012405.6680   24.5589
   -7.5000   30.0000  -22.500011858.8564   24.2108
    0.0000   30.0000  -22.500012346.9053   24.2123
    7.5000   30.0000  -22.500011891.3574   24.2503
   -7.5000   37.5000  -22.500011460.7568   24.1976
    0.0000   37.5000  -22.500011917.5420   24.2032
    7.5000   37.5000  -22.500011503.5537   24.2469
   -7.5000   45.0000  -22.500010595.4766   23.6037
    0.0000   45.0000  -22.500011017.8428   23.6105
    7.5000   45.0000  -22.500010630.6123   23.6526
   -7.5000  -45.0000  -15.0000 8495.6611   25.3253
    0.0000  -45.0000  -15.0000 8903.0391   25.3260
    7.5000  -45.0000  -15.0000 8474.1719   25.3671
   -7.5000  -37.5000  -15.0000 9283.2715   25.1416
    0.0000  -37.5000  -15.0000 9732.2666   25.1396
    7.5000  -37.5000  -15.0000 9266.2148   25.1785
   -7.5000  -30.0000  -15.000010454.5811   25.1262
    0.0000  -30.0000  -15.000010940.7930   25.1259
    7.5000  -30.0000  -15.000010418.3613   25.1602
   -7.5000  -22.5000  -15.000011562.5537   25.1386
    0.0000  -22.5000  -15.000012087.0791   25.1421
    7.5000  -22.5000  -15.000011556.7666   25.1743
   -7.5000  -15.0000  -15.000012589.8525   25.1388
    0.0000  -15.0000  -15.000013148.6016   25.1438
    7.5000  -15.0000  -15.000012580.0225   25.1784
   -7.5000   -7.5000  -15.000013588.4697   25.1173
    0.0000   -7.5000  -15.000014191.2285   25.1207
    7.5000   -7.5000  -15.000013572.4717   25.1592
   -7.5000    0.0000  -15.000014430.7393   25.0980
    0.0000    0.0000  -15.000015147.2686   25.0983
    7.5000    0.0000  -15.000014476.8711   25.1386
   -7.5000    7.5000  -15.000014100.3184   25.1036
    0.0000    7.5000  -15.000014787.8086   25.1016
    7.5000    7.5000  -15.000014154.6719   25.1402
   -7.5000   15.0000  -15.000013695.1006   25.1226
    0.0000   15.0000  -15.000014316.2471   25.1224
    7.5000   15.0000  -15.000013756.0010   25.1568
   -7.5000   22.5000  -15.000013246.1035   25.1297
    0.0000   22.5000  -15.000013825.5781   25.1332
    7.5000   22.5000  -15.000013330.1787   25.1654
   -7.5000   30.0000  -15.000012685.1211   24.8134
    0.0000   30.0000  -15.000013198.3994   24.8184
    7.5000   30.0000  -15.000012744.4395   24.8526
   -7.5000   37.5000  -15.000012246.0908   24.7922
    0.0000   37.5000  -15.000012725.5312   24.7956
    7.5000   37.5000  -15.000012328.7363   24.8336
   -7.5000   45.0000  -15.000011293.5654   24.1852
    0.0000   45.0000  -15.000011733.8369   24.1855
    7.5000   45.0000  -15.000011355.4824   24.2243
   -7.5000  -45.0000   -7.5000 9194.7119   25.5789
    0.0000  -45.0000   -7.5000 9662.7324   25.5924
    7.5000  -45.0000   -7.5000 9185.8730   25.6340
   -7.5000  -37.5000   -7.500010019.0039   25.3886
    0.0000  -37.5000   -7.500010530.7910   25.4034
    7.5000  -37.5000   -7.500010028.5430   25.4489
   -7.5000  -30.0000   -7.500011257.7568   25.3709
    0.0000  -30.0000   -7.500011823.7793   25.3945
    7.5000  -30.0000   -7.500011254.6445   25.4455
   -7.5000  -22.5000   -7.500012471.2363   25.3868
    0.0000  -22.5000   -7.500013089.8770   25.4181
    7.5000  -22.5000   -7.500012473.4043   25.4705
   -7.5000  -15.0000   -7.500013614.9355   25.3941
    0.0000  -15.0000   -7.500014265.5742   25.4249
    7.5000  -15.0000   -7.500013596.8232   25.4742
   -7.5000   -7.5000   -7.500014678.7236   25.3742
    0.0000   -7.5000   -7.500015466.6191   25.3953
    7.5000   -7.5000   -7.500014720.6328   25.4388
   -7.5000    0.0000   -7.500015521.4844   25.3501
    0.0000    0.0000   -7.500016419.6777   25.3628
    7.5000    0.0000   -7.500015650.7852   25.4035
   -7.5000    7.5000   -7.500015108.1855   25.3508
    0.0000    7.5000   -7.500015928.9570   25.3654
    7.5000    7.5000   -7.500015232.6611   25.4106
   -7.5000   15.0000   -7.500014659.7168   25.3674
    0.0000   15.0000   -7.500015417.3848   25.3911
    7.5000   15.0000   -7.500014763.9004   25.4421
   -7.5000   22.5000   -7.500014196.1221   25.3750
    0.0000   22.5000   -7.500014902.0713   25.4064
    7.5000   22.5000   -7.500014308.1660   25.4588
   -7.5000   30.0000   -7.500013566.7666   25.0648
    0.0000   30.0000   -7.500014161.0186   25.0952
    7.5000   30.0000   -7.500013624.4072   25.1439
   -7.5000   37.5000   -7.500013091.0576   25.0452
    0.0000   37.5000   -7.500013641.2578   25.0660
    7.5000   37.5000   -7.500013206.5615   25.1089
   -7.5000   45.0000   -7.500012054.9316   24.4327
    0.0000   45.0000   -7.500012560.2568   24.4450
    7.5000   45.0000   -7.500012196.5898   24.4842
   -7.5000  -45.0000    0.0000 9835.5469   25.5914
    0.0000  -45.0000    0.000010372.4990   25.6247
    7.5000  -45.0000    0.0000 9869.8486   25.6711
   -7.5000  -37.5000    0.000010719.5596   25.3978
    0.0000  -37.5000    0.000011264.9258   25.4332
    7.5000  -37.5000    0.000010734.5947   25.4842
   -7.5000  -30.0000    0.000012019.6133   25.3735
    0.0000  -30.0000    0.000012626.6719   25.4186
    7.5000  -30.0000    0.000012028.1377   25.4820
   -7.5000  -22.5000    0.000013315.2881   25.3845
    0.0000  -22.5000    0.000014005.4248   25.4377
    7.5000  -22.5000    0.000013314.6709   25.5088
   -7.5000  -15.0000    0.000014617.8994   25.3955
    0.0000  -15.0000    0.000015417.3984   25.4475
    7.5000  -15.0000    0.000014621.2197   25.5156
   -7.5000   -7.5000    0.000015694.1201   25.3838
    0.0000   -7.5000    0.000016823.1934   25.4245
    7.5000   -7.5000    0.000015925.7832   25.4795
   -7.5000    0.0000    0.000016461.9688   25.3632
    0.0000    0.0000    0.000017674.2070   25.3952
    7.5000    0.0000    0.000016824.3984   25.4405
   -7.5000    7.5000    0.000015978.6504   25.3602
    0.0000    7.5000    0.000017008.4570   25.3955
    7.5000    7.5000    0.000016259.7549   25.4461
   -7.5000   15.0000    0.000015529.3496   25.3699
    0.0000   15.0000    0.000016432.8906   25.4151
    7.5000   15.0000    0.000015720.7246   25.4784
   -7.5000   22.5000    0.000015062.4912   25.3728
    0.0000   22.5000    0.000015921.8379   25.4260
    7.5000   22.5000    0.000015230.3311   25.4971
   -7.5000   30.0000    0.000014292.8584   25.0668
    0.0000   30.0000    0.000015058.9795   25.1182
    7.5000   30.0000    0.000014455.1729   25.1854
   -7.5000   37.5000    0.000013803.7969   25.0553
    0.0000   37.5000    0.000014514.5596   25.0955
    7.5000   37.5000    0.000014016.5127   25.1497
   -7.5000   45.0000    0.000012747.1299   24.4472
    0.0000   45.0000    0.000013382.7080   24.4780
    7.5000   45.0000    0.000012950.2803   24.5217
   -7.5000  -45.0000    7.5000 9710.1191   25.5940
    0.0000  -45.0000    7.500010234.8643   25.6338
    7.5000  -45.0000    7.5000 9755.4473   25.6858
   -7.5000  -37.5000    7.500010592.8545   25.4023
    0.0000  -37.5000    7.500011135.0059   25.4416
    7.5000  -37.5000    7.500010592.9668   25.4927
   -7.5000  -30.0000    7.500011845.7012   25.3741
    0.0000  -30.0000    7.500012438.3965   25.4160
    7.5000  -30.0000    7.500011824.8369   25.4756
   -7.5000  -22.5000    7.500013164.1191   25.3767
    0.0000  -22.5000    7.500013833.3115   25.4221
    7.5000  -22.5000    7.500013086.6680   25.4913
   -7.5000  -15.0000    7.500014495.6221   25.3831
    0.0000  -15.0000    7.500015467.4746   25.4286
    7.5000  -15.0000    7.500014593.2490   25.5002
   -7.5000   -7.5000    7.500015553.2637   25.3779
    0.0000   -7.5000    7.500016970.0684   25.4190
    7.5000   -7.5000    7.500016032.6074   25.4810
   -7.5000    0.0000    7.500016169.7197   25.3658
    0.0000    0.0000    7.500017628.1895   25.4041
    7.5000    0.0000    7.500016741.8594   25.4548
   -7.5000    7.5000    7.500015668.5713   25.3646
    0.0000    7.5000    7.500016835.0273   25.4037
    7.5000    7.5000    7.500016055.4902   25.4545
   -7.5000   15.0000    7.500015251.2285   25.3703
    0.0000   15.0000    7.500016260.1055   25.4123
    7.5000   15.0000    7.500015518.1104   25.4718
   -7.5000   22.5000    7.500014799.9443   25.3650
    0.0000   22.5000    7.500015764.1172   25.4104
    7.5000   22.5000    7.500015011.9717   25.4796
   -7.5000   30.0000    7.500014009.1572   25.0546
    0.0000   30.0000    7.500014879.3145   25.0995
    7.5000   30.0000    7.500014200.9316   25.1702
   -7.5000   37.5000    7.500013536.7598   25.0494
    0.0000   37.5000    7.500014359.8184   25.0900
    7.5000   37.5000    7.500013758.5615   25.1512
   -7.5000   45.0000    7.500012536.1309   24.4497
    0.0000   45.0000    7.500013243.7656   24.4866
    7.5000   45.0000    7.500012715.1973   24.5355
   -7.5000  -45.0000   15.0000 9419.0645   25.6332
    0.0000  -45.0000   15.0000 9882.4688   25.6604
    7.5000  -45.0000   15.0000 9450.1006   25.7124
   -7.5000  -37.5000   15.000010278.2480   25.4462
    0.0000  -37.5000   15.000010768.8086   25.4697
    7.5000  -37.5000   15.000010278.9785   25.5157
   -7.5000  -30.0000   15.000011535.3232   25.4188
    0.0000  -30.0000   15.000012065.5273   25.4383
    7.5000  -30.0000   15.000011498.3057   25.4836
   -7.5000  -22.5000   15.000012781.6445   25.4162
    0.0000  -22.5000   15.000013497.7158   25.4356
    7.5000  -22.5000   15.000012850.1367   25.4867
   -7.5000  -15.0000   15.000014020.1895   25.4149
    0.0000  -15.0000   15.000015174.6289   25.4359
    7.5000  -15.0000   15.000014402.3047   25.4938
   -7.5000   -7.5000   15.000015157.8604   25.4095
    0.0000   -7.5000   15.000016710.1582   25.4334
    7.5000   -7.5000   15.000015707.0342   25.4907
   -7.5000    0.0000   15.000015901.6973   25.4040
    0.0000    0.0000   15.000017414.4199   25.4300
    7.5000    0.0000   15.000016388.7852   25.4809
   -7.5000    7.5000   15.000015408.3555   25.4080
    0.0000    7.5000   15.000016683.7559   25.4313
    7.5000    7.5000   15.000015720.2822   25.4771
   -7.5000   15.0000   15.000014983.2373   25.4149
    0.0000   15.0000   15.000016047.2539   25.4344
    7.5000   15.0000   15.000015157.3408   25.4798
   -7.5000   22.5000   15.000014521.3340   25.4045
    0.0000   22.5000   15.000015469.3301   25.4239
    7.5000   22.5000   15.000014624.1484   25.4750
   -7.5000   30.0000   15.000013736.1543   25.0860
    0.0000   30.0000   15.000014551.3184   25.1067
    7.5000   30.0000   15.000013781.8301   25.1639
   -7.5000   37.5000   15.000013265.5244   25.0806
    0.0000   37.5000   15.000014033.0908   25.1042
    7.5000   37.5000   15.000013352.0996   25.1608
   -7.5000   45.0000   15.000012257.0645   24.4865
    0.0000   45.0000   15.000012916.8877   24.5116
    7.5000   45.0000   15.000012357.0303   24.5606
   -7.5000  -45.0000   22.5000 9035.7002   25.6730
    0.0000  -45.0000   22.5000 9482.0332   25.6809
    7.5000  -45.0000   22.5000 9041.7744   25.7273
   -7.5000  -37.5000   22.5000 9895.7100   25.4884
    0.0000  -37.5000   22.500010368.3213   25.4912
    7.5000  -37.5000   22.5000 9866.1973   25.5308
   -7.5000  -30.0000   22.500011090.0283   25.4670
    0.0000  -30.0000   22.500011661.9209   25.4657
    7.5000  -30.0000   22.500011080.6484   25.4986
   -7.5000  -22.5000   22.500012267.4043   25.4698
    0.0000  -22.5000   22.500013040.2832   25.4689
    7.5000  -22.5000   22.500012359.4512   25.5020
   -7.5000  -15.0000   22.500013405.9014   25.4658
    0.0000  -15.0000   22.500014445.8105   25.4674
    7.5000  -15.0000   22.500013620.6357   25.5074
   -7.5000   -7.5000   22.500014554.5254   25.4520
    0.0000   -7.5000   22.500015768.2930   25.4579
    7.5000   -7.5000   22.500014668.4775   25.5038
   -7.5000    0.0000   22.500015583.2500   25.4427
    0.0000    0.0000   22.500016681.7324   25.4499
    7.5000    0.0000   22.500015417.5664   25.4954
   -7.5000    7.5000   22.500015215.2275   25.4498
    0.0000    7.5000   22.500016145.0225   25.4526
    7.5000    7.5000   22.500014968.4629   25.4919
   -7.5000   15.0000   22.500014680.1475   25.4632
    0.0000   15.0000   22.500015546.0947   25.4620
    7.5000   15.0000   22.500014495.1582   25.4949
   -7.5000   22.5000   22.500014084.1846   25.4580
    0.0000   22.5000   22.500014922.7402   25.4571
    7.5000   22.5000   22.500013975.1484   25.4903
   -7.5000   30.0000   22.500013206.2080   25.1363
    0.0000   30.0000   22.500013980.6631   25.1379
    7.5000   30.0000   22.500013171.6572   25.1773
   -7.5000   37.5000   22.500012730.5840   25.1226
    0.0000   37.5000   22.500013506.5098   25.1284
    7.5000   37.5000   22.500012796.3887   25.1737
   -7.5000   45.0000   22.500011757.0713   24.5238
    0.0000   45.0000   22.500012470.8926   24.5308
    7.5000   45.0000   22.500011853.6895   24.5746
   -7.5000  -45.0000   30.0000 8483.1787   25.6729
    0.0000  -45.0000   30.0000 8839.2754   25.6736
    7.5000  -45.0000   30.0000 8509.0312   25.7152
   -7.5000  -37.5000   30.0000 9332.8711   25.4866
    0.0000  -37.5000   30.0000 9713.5801   25.4846
    7.5000  -37.5000   30.0000 9336.8574   25.5240
   -7.5000  -30.0000   30.000010482.8057   25.4710
    0.0000  -30.0000   30.000010956.4736   25.4707
    7.5000  -30.0000   30.000010514.2139   25.5055
   -7.5000  -22.5000   30.000011611.7207   25.4836
    0.0000  -22.5000   30.000012207.9385   25.4871
    7.5000  -22.5000   30.000011664.0508   25.5198
   -7.5000  -15.0000   30.000012689.3691   25.4838
    0.0000  -15.0000   30.000013440.6660   25.4889
    7.5000  -15.0000   30.000012741.6035   25.5240
   -7.5000   -7.5000   30.000013715.9482   25.4620
    0.0000   -7.5000   30.000014604.7197   25.4655
    7.5000   -7.5000   30.000013690.9756   25.5045
   -7.5000    0.0000   30.000014630.6172   25.4425
    0.0000    0.0000   30.000015567.8428   25.4427
    7.5000    0.0000   30.000014480.9609   25.4836
   -7.5000    7.5000   30.000014332.0469   25.4481
    0.0000    7.5000   30.000015246.6826   25.4460
    7.5000    7.5000   30.000014189.2842   25.4852
   -7.5000   15.0000   30.000013882.4219   25.4674
    0.0000   15.0000   30.000014731.1680   25.4672
    7.5000   15.0000   30.000013772.5820   25.5020
   -7.5000   22.5000   30.000013323.7539   25.4719
    0.0000   22.5000   30.000014108.9902   25.4754
    7.5000   22.5000   30.000013258.7705   25.5080
   -7.5000   30.0000   30.000012501.7998   25.1540
    0.0000   30.0000   30.000013187.5684   25.1590
    7.5000   30.0000   30.000012463.2412   25.1936
   -7.5000   37.5000   30.000012065.5693   25.1324
    0.0000   37.5000   30.000012746.6250   25.1359
    7.5000   37.5000   30.000012102.9883   25.1744
   -7.5000   45.0000   30.000011154.9229   24.5236
    0.0000   45.0000   30.000011779.6387   24.5239
    7.5000   45.0000   30.000011209.8242   24.5632
   -7.5000  -45.0000   37.5000 8169.0752   25.6897
    0.0000  -45.0000   37.5000 8532.8047   25.7032
    7.5000  -45.0000   37.5000 8260.6953   25.7456
   -7.5000  -37.5000   37.5000 8962.4414   25.4979
    0.0000  -37.5000   37.5000 9363.3145   25.5127
    7.5000  -37.5000   37.5000 9093.5342   25.5589
   -7.5000  -30.0000   37.500010079.8428   25.4798
    0.0000  -30.0000   37.500010555.2900   25.5035
    7.5000  -30.0000   37.500010231.0557   25.5553
   -7.5000  -22.5000   37.500011152.8750   25.4957
    0.0000  -22.5000   37.500011675.8193   25.5273
    7.5000  -22.5000   37.500011319.9629   25.5804
   -7.5000  -15.0000   37.500012159.9023   25.5033
    0.0000  -15.0000   37.500012771.2412   25.5344
    7.5000  -15.0000   37.500012315.8574   25.5844
   -7.5000   -7.5000   37.500013148.1396   25.4836
    0.0000   -7.5000   37.500013822.4131   25.5048
    7.5000   -7.5000   37.500013252.6406   25.5490
   -7.5000    0.0000   37.500014021.0947   25.4594
    0.0000    0.0000   37.500014758.7871   25.4721
    7.5000    0.0000   37.500014065.9365   25.5135
   -7.5000    7.5000   37.500013782.5752   25.4598
    0.0000    7.5000   37.500014564.7812   25.4745
    7.5000    7.5000   37.500013827.8379   25.5204
   -7.5000   15.0000   37.500013400.6895   25.4762
    0.0000   15.0000   37.500014168.0791   25.5001
    7.5000   15.0000   37.500013453.0146   25.5519
   -7.5000   22.5000   37.500012904.0615   25.4840
    0.0000   22.5000   37.500013641.7158   25.5156
    7.5000   22.5000   37.500012928.1104   25.5687
   -7.5000   30.0000   37.500012129.9707   25.1733
    0.0000   30.0000   37.500012789.0059   25.2040
    7.5000   30.0000   37.500012128.3105   25.2533
   -7.5000   37.5000   37.500011719.1729   25.1538
    0.0000   37.5000   37.500012367.5859   25.1748
    7.5000   37.5000   37.500011730.7012   25.2183
   -7.5000   45.0000   37.500010813.6279   24.5399
    0.0000   45.0000   37.500011401.1152   24.5522
    7.5000   45.0000   37.500010829.5342   24.5921
   -7.5000  -45.0000   45.0000 7500.6128   25.7157
    0.0000  -45.0000   45.0000 7859.3154   25.7485
    7.5000  -45.0000   45.0000 7644.6626   25.7951
   -7.5000  -37.5000   45.0000 8198.6924   25.5193
    0.0000  -37.5000   45.0000 8586.6387   25.5543
    7.5000  -37.5000   45.0000 8376.7402   25.6055
   -7.5000  -30.0000   45.0000 9199.3330   25.4948
    0.0000  -30.0000   45.0000 9615.4248   25.5397
    7.5000  -30.0000   45.0000 9379.6436   25.6036
   -7.5000  -22.5000   45.000010171.0869   25.5058
    0.0000  -22.5000   45.000010628.3174   25.5589
    7.5000  -22.5000   45.000010375.2676   25.6307
   -7.5000  -15.0000   45.000011100.9775   25.5168
    0.0000  -15.0000   45.000011598.4727   25.5685
    7.5000  -15.0000   45.000011290.5166   25.6371
   -7.5000   -7.5000   45.000012019.1416   25.5046
    0.0000   -7.5000   45.000012525.6631   25.5448
    7.5000   -7.5000   45.000012155.4561   25.6001
   -7.5000    0.0000   45.000012798.4043   25.4837
    0.0000    0.0000   45.000013355.3779   25.5151
    7.5000    0.0000   45.000012897.8486   25.5607
   -7.5000    7.5000   45.000012599.5361   25.4811
    0.0000    7.5000   45.000013214.0703   25.5159
    7.5000    7.5000   45.000012717.8281   25.5668
   -7.5000   15.0000   45.000012294.3818   25.4911
    0.0000   15.0000   45.000012905.8740   25.5361
    7.5000   15.0000   45.000012403.2500   25.6000
   -7.5000   22.5000   45.000011880.1611   25.4940
    0.0000   22.5000   45.000012476.7373   25.5471
    7.5000   22.5000   45.000011949.6914   25.6188
   -7.5000   30.0000   45.000011176.0957   25.1844
    0.0000   30.0000   45.000011744.7568   25.2354
    7.5000   30.0000   45.000011198.8281   25.3031
   -7.5000   37.5000   45.000010798.3994   25.1724
    0.0000   37.5000   45.000011366.8672   25.2120
    7.5000   37.5000   45.000010828.2324   25.2666
   -7.5000   45.0000   45.0000 9944.6963   24.5745
    0.0000   45.0000   45.000010486.9385   24.6048
    7.5000   45.0000   45.0000 9982.1211   24.6487

---------------------------------------------------------------------
imgreg_4dfp /opt/freesurfer/average/711-2C_as_mni_average_305 /opt/freesurfer/average/711-2B_as_mni_average_305_mask talsrcimg_g11 none talsrcimg_to_711-2C_as_mni_average_305_t4 4355
---------------------------------------------------------------------

freesurfer imgreg_4dfp.c
/opt/freesurfer/average/711-2C_as_mni_average_305.4dfp.img
       256       256       256         1
  1.000000  1.000000  1.000000
orientation T byte_order littleendian
Reading image: /opt/freesurfer/average/711-2C_as_mni_average_305.4dfp.img
dimensions:      256       256       256
mmppix:       1.0000   -1.0000   -1.0000
center:     128.0000 -129.0000 -129.0000
/opt/freesurfer/average/711-2B_as_mni_average_305_mask.4dfp.img
       256       256       256         1
  1.000000  1.000000  1.000000
orientation T byte_order littleendian
Reading mask: /opt/freesurfer/average/711-2B_as_mni_average_305_mask.4dfp.img (2306576 pixels)
talsrcimg_g11.4dfp.img
       256       256       256         1
  1.000000  1.000000  1.000000
orientation T byte_order littleendian
Reading image: talsrcimg_g11.4dfp.img
dimensions:      256       256       256
mmppix:       1.0000   -1.0000   -1.0000
center:     128.0000 -129.0000 -129.0000
rotation matrix determinant  1.000000
image alignment mode   4355 decimal     1103 hex
   -7.5000  -45.0000  -45.0000 1735.5190   38.7554
    0.0000  -45.0000  -45.0000 1747.3429   38.9869
    7.5000  -45.0000  -45.0000 1734.3220   39.4572
   -7.5000  -37.5000  -45.0000 1846.8840   34.1236
    0.0000  -37.5000  -45.0000 1850.7687   34.3771
    7.5000  -37.5000  -45.0000 1836.6128   34.6466
   -7.5000  -30.0000  -45.0000 1942.6720   30.7408
    0.0000  -30.0000  -45.0000 1941.7782   30.9133
    7.5000  -30.0000  -45.0000 1925.8563   31.1603
   -7.5000  -22.5000  -45.0000 2045.8652   28.1327
    0.0000  -22.5000  -45.0000 2043.3657   28.2364
    7.5000  -22.5000  -45.0000 2023.7963   28.4458
   -7.5000  -15.0000  -45.0000 2116.5608   26.3734
    0.0000  -15.0000  -45.0000 2119.3335   26.4395
    7.5000  -15.0000  -45.0000 2094.7949   26.5965
   -7.5000   -7.5000  -45.0000 2155.5513   25.0479
    0.0000   -7.5000  -45.0000 2166.3022   25.1023
    7.5000   -7.5000  -45.0000 2141.6228   25.2915
   -7.5000    0.0000  -45.0000 2173.7712   24.1391
    0.0000    0.0000  -45.0000 2182.6008   24.1034
    7.5000    0.0000  -45.0000 2164.0659   24.2898
   -7.5000    7.5000  -45.0000 2175.6521   23.6591
    0.0000    7.5000  -45.0000 2185.9424   23.6038
    7.5000    7.5000  -45.0000 2170.8401   23.7661
   -7.5000   15.0000  -45.0000 2161.6182   23.7271
    0.0000   15.0000  -45.0000 2169.9170   23.6842
    7.5000   15.0000  -45.0000 2159.1074   23.8411
   -7.5000   22.5000  -45.0000 2125.5344   24.3235
    0.0000   22.5000  -45.0000 2140.5049   24.2644
    7.5000   22.5000  -45.0000 2125.7473   24.4291
   -7.5000   30.0000  -45.0000 2080.3196   25.4519
    0.0000   30.0000  -45.0000 2091.9167   25.3714
    7.5000   30.0000  -45.0000 2077.8955   25.6106
   -7.5000   37.5000  -45.0000 2016.2748   27.2079
    0.0000   37.5000  -45.0000 2028.3774   27.1208
    7.5000   37.5000  -45.0000 2017.0377   27.3707
   -7.5000   45.0000  -45.0000 1932.3345   29.6368
    0.0000   45.0000  -45.0000 1948.7993   29.5316
    7.5000   45.0000  -45.0000 1937.8407   29.8757
   -7.5000  -45.0000  -37.5000 1811.8289   35.3541
    0.0000  -45.0000  -37.5000 1826.5129   35.5657
    7.5000  -45.0000  -37.5000 1810.8472   35.7918
   -7.5000  -37.5000  -37.5000 1934.8398   31.1945
    0.0000  -37.5000  -37.5000 1946.5160   31.4414
    7.5000  -37.5000  -37.5000 1928.1730   31.6343
   -7.5000  -30.0000  -37.5000 2035.3418   28.1720
    0.0000  -30.0000  -37.5000 2041.5762   28.3726
    7.5000  -30.0000  -37.5000 2022.1647   28.6007
   -7.5000  -22.5000  -37.5000 2134.9668   25.8873
    0.0000  -22.5000  -37.5000 2143.6274   26.0341
    7.5000  -22.5000  -37.5000 2120.6040   26.1851
   -7.5000  -15.0000  -37.5000 2213.5259   24.1799
    0.0000  -15.0000  -37.5000 2225.6860   24.2278
    7.5000  -15.0000  -37.5000 2200.8154   24.4125
   -7.5000   -7.5000  -37.5000 2263.0442   22.9025
    0.0000   -7.5000  -37.5000 2281.0256   22.9274
    7.5000   -7.5000  -37.5000 2249.9402   23.1035
   -7.5000    0.0000  -37.5000 2275.9902   22.1306
    0.0000    0.0000  -37.5000 2292.1067   22.1073
    7.5000    0.0000  -37.5000 2270.8975   22.2619
   -7.5000    7.5000  -37.5000 2280.2043   21.7796
    0.0000    7.5000  -37.5000 2288.0066   21.7314
    7.5000    7.5000  -37.5000 2276.5688   21.8080
   -7.5000   15.0000  -37.5000 2263.1562   21.8134
    0.0000   15.0000  -37.5000 2274.0903   21.7690
    7.5000   15.0000  -37.5000 2263.5200   21.8894
   -7.5000   22.5000  -37.5000 2238.9148   22.2492
    0.0000   22.5000  -37.5000 2253.2632   22.2044
    7.5000   22.5000  -37.5000 2239.5005   22.3538
   -7.5000   30.0000  -37.5000 2187.5425   23.2368
    0.0000   30.0000  -37.5000 2200.1467   23.1737
    7.5000   30.0000  -37.5000 2191.4888   23.3244
   -7.5000   37.5000  -37.5000 2114.3618   24.8709
    0.0000   37.5000  -37.5000 2129.3884   24.7321
    7.5000   37.5000  -37.5000 2120.1313   24.9774
   -7.5000   45.0000  -37.5000 2024.1748   27.0725
    0.0000   45.0000  -37.5000 2045.4841   26.9312
    7.5000   45.0000  -37.5000 2034.2771   27.2557
   -7.5000  -45.0000  -30.0000 1924.7651   33.7645
    0.0000  -45.0000  -30.0000 1929.4845   33.9045
    7.5000  -45.0000  -30.0000 1918.9774   34.0911
   -7.5000  -37.5000  -30.0000 2052.7910   29.8552
    0.0000  -37.5000  -30.0000 2058.1692   29.9492
    7.5000  -37.5000  -30.0000 2041.6532   30.1233
   -7.5000  -30.0000  -30.0000 2165.5720   26.9324
    0.0000  -30.0000  -30.0000 2167.4883   26.8854
    7.5000  -30.0000  -30.0000 2145.4744   27.1549
   -7.5000  -22.5000  -30.0000 2271.6396   24.7408
    0.0000  -22.5000  -30.0000 2274.0630   24.7027
    7.5000  -22.5000  -30.0000 2251.5232   24.9194
   -7.5000  -15.0000  -30.0000 2350.3931   23.1551
    0.0000  -15.0000  -30.0000 2358.7959   23.0756
    7.5000  -15.0000  -30.0000 2331.4519   23.2536
   -7.5000   -7.5000  -30.0000 2402.8608   21.9239
    0.0000   -7.5000  -30.0000 2417.2590   21.8160
    7.5000   -7.5000  -30.0000 2389.7849   21.9941
   -7.5000    0.0000  -30.0000 2430.5598   21.1214
    0.0000    0.0000  -30.0000 2443.8462   21.0584
    7.5000    0.0000  -30.0000 2420.4663   21.1972
   -7.5000    7.5000  -30.0000 2436.0962   20.7923
    0.0000    7.5000  -30.0000 2446.0630   20.6968
    7.5000    7.5000  -30.0000 2433.6963   20.8532
   -7.5000   15.0000  -30.0000 2415.3215   20.8482
    0.0000   15.0000  -30.0000 2430.3970   20.7681
    7.5000   15.0000  -30.0000 2418.9397   20.8850
   -7.5000   22.5000  -30.0000 2389.0317   21.2677
    0.0000   22.5000  -30.0000 2402.2671   21.1411
    7.5000   22.5000  -30.0000 2391.1475   21.2673
   -7.5000   30.0000  -30.0000 2332.6445   22.2133
    0.0000   30.0000  -30.0000 2345.2637   22.0802
    7.5000   30.0000  -30.0000 2339.9146   22.1618
   -7.5000   37.5000  -30.0000 2253.8325   23.7313
    0.0000   37.5000  -30.0000 2271.9136   23.5892
    7.5000   37.5000  -30.0000 2264.2205   23.7374
   -7.5000   45.0000  -30.0000 2159.1348   25.8554
    0.0000   45.0000  -30.0000 2173.5127   25.7317
    7.5000   45.0000  -30.0000 2165.3127   25.9046
   -7.5000  -45.0000  -22.5000 2010.7531   32.1491
    0.0000  -45.0000  -22.5000 2011.2175   32.0799
    7.5000  -45.0000  -22.5000 2004.5951   32.2427
   -7.5000  -37.5000  -22.5000 2147.3062   28.3518
    0.0000  -37.5000  -22.5000 2144.9829   28.2419
    7.5000  -37.5000  -22.5000 2133.2305   28.4441
   -7.5000  -30.0000  -22.5000 2272.9338   25.5676
    0.0000  -30.0000  -22.5000 2271.6318   25.4303
    7.5000  -30.0000  -22.5000 2253.7590   25.6229
   -7.5000  -22.5000  -22.5000 2382.3735   23.4390
    0.0000  -22.5000  -22.5000 2381.3862   23.3237
    7.5000  -22.5000  -22.5000 2360.9116   23.5174
   -7.5000  -15.0000  -22.5000 2464.1531   21.8909
    0.0000  -15.0000  -22.5000 2465.2778   21.7447
    7.5000  -15.0000  -22.5000 2443.4541   21.9819
   -7.5000   -7.5000  -22.5000 2525.8232   20.7862
    0.0000   -7.5000  -22.5000 2530.5073   20.5957
    7.5000   -7.5000  -22.5000 2509.2122   20.8393
   -7.5000    0.0000  -22.5000 2561.9438   19.9998
    0.0000    0.0000  -22.5000 2573.4878   19.8611
    7.5000    0.0000  -22.5000 2551.7786   20.0730
   -7.5000    7.5000  -22.5000 2575.4993   19.7434
    0.0000    7.5000  -22.5000 2584.9473   19.5859
    7.5000    7.5000  -22.5000 2572.1826   19.7285
   -7.5000   15.0000  -22.5000 2554.0825   19.8327
    0.0000   15.0000  -22.5000 2573.0471   19.6700
    7.5000   15.0000  -22.5000 2556.8105   19.7905
   -7.5000   22.5000  -22.5000 2523.6047   20.2133
    0.0000   22.5000  -22.5000 2541.1223   20.0530
    7.5000   22.5000  -22.5000 2523.6455   20.1791
   -7.5000   30.0000  -22.5000 2462.4102   21.1044
    0.0000   30.0000  -22.5000 2482.2854   20.9531
    7.5000   30.0000  -22.5000 2463.5454   21.0281
   -7.5000   37.5000  -22.5000 2377.0193   22.4983
    0.0000   37.5000  -22.5000 2396.7581   22.3607
    7.5000   37.5000  -22.5000 2383.0996   22.4724
   -7.5000   45.0000  -22.5000 2273.7490   24.5306
    0.0000   45.0000  -22.5000 2287.9561   24.4067
    7.5000   45.0000  -22.5000 2275.9028   24.5135
   -7.5000  -45.0000  -15.0000 2066.9785   30.4482
    0.0000  -45.0000  -15.0000 2072.4268   30.3832
    7.5000  -45.0000  -15.0000 2058.9253   30.6327
   -7.5000  -37.5000  -15.0000 2209.7959   26.7084
    0.0000  -37.5000  -15.0000 2214.2229   26.7094
    7.5000  -37.5000  -15.0000 2193.8394   26.8273
   -7.5000  -30.0000  -15.0000 2343.9351   24.0695
    0.0000  -30.0000  -15.0000 2344.4341   23.9794
    7.5000  -30.0000  -15.0000 2324.4507   24.1159
   -7.5000  -22.5000  -15.0000 2460.0845   22.0972
    0.0000  -22.5000  -15.0000 2462.7039   22.0049
    7.5000  -22.5000  -15.0000 2445.5295   22.2032
   -7.5000  -15.0000  -15.0000 2549.4114   20.6450
    0.0000  -15.0000  -15.0000 2551.7908   20.4981
    7.5000  -15.0000  -15.0000 2536.7268   20.7371
   -7.5000   -7.5000  -15.0000 2620.5181   19.6409
    0.0000   -7.5000  -15.0000 2625.2407   19.4809
    7.5000   -7.5000  -15.0000 2605.4778   19.6793
   -7.5000    0.0000  -15.0000 2658.7820   18.9006
    0.0000    0.0000  -15.0000 2672.3489   18.7833
    7.5000    0.0000  -15.0000 2652.5359   18.9392
   -7.5000    7.5000  -15.0000 2675.4612   18.5871
    0.0000    7.5000  -15.0000 2690.0266   18.4550
    7.5000    7.5000  -15.0000 2678.9094   18.6314
   -7.5000   15.0000  -15.0000 2666.4490   18.6995
    0.0000   15.0000  -15.0000 2687.1382   18.5104
    7.5000   15.0000  -15.0000 2674.1216   18.6843
   -7.5000   22.5000  -15.0000 2632.8359   19.1967
    0.0000   22.5000  -15.0000 2652.0969   18.9594
    7.5000   22.5000  -15.0000 2638.3567   19.1276
   -7.5000   30.0000  -15.0000 2562.2458   20.0481
    0.0000   30.0000  -15.0000 2584.0625   19.8321
    7.5000   30.0000  -15.0000 2568.2478   19.9813
   -7.5000   37.5000  -15.0000 2469.6465   21.3784
    0.0000   37.5000  -15.0000 2491.7827   21.1848
    7.5000   37.5000  -15.0000 2480.0801   21.3164
   -7.5000   45.0000  -15.0000 2356.5828   23.2511
    0.0000   45.0000  -15.0000 2375.4871   23.0956
    7.5000   45.0000  -15.0000 2362.3018   23.2600
   -7.5000  -45.0000   -7.5000 2107.4302   28.9455
    0.0000  -45.0000   -7.5000 2120.7263   28.9004
    7.5000  -45.0000   -7.5000 2106.2588   29.1333
   -7.5000  -37.5000   -7.5000 2247.5813   25.3167
    0.0000  -37.5000   -7.5000 2262.4785   25.3323
    7.5000  -37.5000   -7.5000 2243.7319   25.4859
   -7.5000  -30.0000   -7.5000 2391.5371   22.6727
    0.0000  -30.0000   -7.5000 2401.0327   22.6916
    7.5000  -30.0000   -7.5000 2383.8374   22.8514
   -7.5000  -22.5000   -7.5000 2518.3906   20.7907
    0.0000  -22.5000   -7.5000 2527.0857   20.7793
    7.5000  -22.5000   -7.5000 2511.0322   20.9507
   -7.5000  -15.0000   -7.5000 2620.7551   19.4811
    0.0000  -15.0000   -7.5000 2629.1411   19.4077
    7.5000  -15.0000   -7.5000 2611.2710   19.6025
   -7.5000   -7.5000   -7.5000 2692.3174   18.5280
    0.0000   -7.5000   -7.5000 2709.6252   18.4459
    7.5000   -7.5000   -7.5000 2689.9387   18.6288
   -7.5000    0.0000   -7.5000 2735.4451   17.8464
    0.0000    0.0000   -7.5000 2751.8167   17.7785
    7.5000    0.0000   -7.5000 2739.8464   17.9593
   -7.5000    7.5000   -7.5000 2757.6123   17.4881
    0.0000    7.5000   -7.5000 2772.7190   17.3766
    7.5000    7.5000   -7.5000 2764.8865   17.5840
   -7.5000   15.0000   -7.5000 2753.4478   17.6156
    0.0000   15.0000   -7.5000 2775.2668   17.4334
    7.5000   15.0000   -7.5000 2764.2852   17.6637
   -7.5000   22.5000   -7.5000 2720.3975   18.1293
    0.0000   22.5000   -7.5000 2745.8020   17.9228
    7.5000   22.5000   -7.5000 2732.1912   18.1003
   -7.5000   30.0000   -7.5000 2644.9438   19.0009
    0.0000   30.0000   -7.5000 2665.5142   18.7851
    7.5000   30.0000   -7.5000 2650.4075   18.9727
   -7.5000   37.5000   -7.5000 2541.4097   20.3048
    0.0000   37.5000   -7.5000 2560.0527   20.0864
    7.5000   37.5000   -7.5000 2551.5308   20.2682
   -7.5000   45.0000   -7.5000 2418.6233   22.0923
    0.0000   45.0000   -7.5000 2441.0049   21.9155
    7.5000   45.0000   -7.5000 2430.3628   22.0879
   -7.5000  -45.0000    0.0000 2131.4062   27.9221
    0.0000  -45.0000    0.0000 2155.5437   27.9662
    7.5000  -45.0000    0.0000 2141.1616   28.0457
   -7.5000  -37.5000    0.0000 2278.6418   24.3465
    0.0000  -37.5000    0.0000 2295.4741   24.3778
    7.5000  -37.5000    0.0000 2283.2405   24.4907
   -7.5000  -30.0000    0.0000 2425.8784   21.7644
    0.0000  -30.0000    0.0000 2437.2207   21.7667
    7.5000  -30.0000    0.0000 2425.7866   21.8792
   -7.5000  -22.5000    0.0000 2556.2646   19.8942
    0.0000  -22.5000    0.0000 2573.8853   19.9430
    7.5000  -22.5000    0.0000 2559.2764   20.0754
   -7.5000  -15.0000    0.0000 2668.7046   18.5743
    0.0000  -15.0000    0.0000 2690.1902   18.6173
    7.5000  -15.0000    0.0000 2667.9089   18.8261
   -7.5000   -7.5000    0.0000 2750.7795   17.7028
    0.0000   -7.5000    0.0000 2781.2073   17.7302
    7.5000   -7.5000    0.0000 2759.5691   17.9736
   -7.5000    0.0000    0.0000 2798.7566   16.9626
    0.0000    0.0000    0.0000 2823.1035   17.0089
    7.5000    0.0000    0.0000 2809.3967   17.2532
   -7.5000    7.5000    0.0000 2824.8628   16.5817
    0.0000    7.5000    0.0000 2844.2109   16.5210
    7.5000    7.5000    0.0000 2836.9456   16.8277
   -7.5000   15.0000    0.0000 2821.9167   16.7300
    0.0000   15.0000    0.0000 2842.5056   16.5696
    7.5000   15.0000    0.0000 2836.7605   16.8389
   -7.5000   22.5000    0.0000 2783.0776   17.3206
    0.0000   22.5000    0.0000 2812.0449   17.1139
    7.5000   22.5000    0.0000 2801.2959   17.3474
   -7.5000   30.0000    0.0000 2695.8926   18.2222
    0.0000   30.0000    0.0000 2720.0662   18.0344
    7.5000   30.0000    0.0000 2715.6858   18.2744
   -7.5000   37.5000    0.0000 2586.5469   19.4902
    0.0000   37.5000    0.0000 2607.3618   19.3084
    7.5000   37.5000    0.0000 2601.0535   19.5731
   -7.5000   45.0000    0.0000 2457.9790   21.2366
    0.0000   45.0000    0.0000 2485.6008   21.0451
    7.5000   45.0000    0.0000 2473.7927   21.3194
   -7.5000  -45.0000    7.5000 2152.0615   27.3716
    0.0000  -45.0000    7.5000 2172.5762   27.3115
    7.5000  -45.0000    7.5000 2161.5791   27.4471
   -7.5000  -37.5000    7.5000 2306.0854   23.8971
    0.0000  -37.5000    7.5000 2320.3945   23.8299
    7.5000  -37.5000    7.5000 2312.0510   23.9561
   -7.5000  -30.0000    7.5000 2446.3501   21.2739
    0.0000  -30.0000    7.5000 2466.0918   21.2789
    7.5000  -30.0000    7.5000 2453.8940   21.3868
   -7.5000  -22.5000    7.5000 2578.7205   19.3815
    0.0000  -22.5000    7.5000 2605.0312   19.4555
    7.5000  -22.5000    7.5000 2586.7358   19.5610
   -7.5000  -15.0000    7.5000 2697.1707   18.1085
    0.0000  -15.0000    7.5000 2729.1042   18.2133
    7.5000  -15.0000    7.5000 2708.2778   18.3703
   -7.5000   -7.5000    7.5000 2793.4116   17.2164
    0.0000   -7.5000    7.5000 2833.7334   17.4030
    7.5000   -7.5000    7.5000 2813.3640   17.5528
   -7.5000    0.0000    7.5000 2842.0950   16.3406
    0.0000    0.0000    7.5000 2888.5298   16.4863
    7.5000    0.0000    7.5000 2864.4436   16.8316
   -7.5000    7.5000    7.5000 2872.6111   16.0005
    0.0000    7.5000    7.5000 2903.7253   15.9217
    7.5000    7.5000    7.5000 2883.5676   16.3282
   -7.5000   15.0000    7.5000 2869.4785   16.2482
    0.0000   15.0000    7.5000 2899.3442   16.0868
    7.5000   15.0000    7.5000 2881.9558   16.3744
   -7.5000   22.5000    7.5000 2825.4111   16.8559
    0.0000   22.5000    7.5000 2855.6394   16.6947
    7.5000   22.5000    7.5000 2840.3425   16.9004
   -7.5000   30.0000    7.5000 2730.4177   17.7625
    0.0000   30.0000    7.5000 2757.3484   17.5994
    7.5000   30.0000    7.5000 2748.0173   17.8329
   -7.5000   37.5000    7.5000 2615.0193   19.0407
    0.0000   37.5000    7.5000 2641.3672   18.8618
    7.5000   37.5000    7.5000 2630.5154   19.0916
   -7.5000   45.0000    7.5000 2485.2087   20.7527
    0.0000   45.0000    7.5000 2511.2446   20.5641
    7.5000   45.0000    7.5000 2498.3276   20.8413
   -7.5000  -45.0000   15.0000 2159.2820   27.3353
    0.0000  -45.0000   15.0000 2170.8918   27.0358
    7.5000  -45.0000   15.0000 2166.5046   27.2415
   -7.5000  -37.5000   15.0000 2312.0957   23.8428
    0.0000  -37.5000   15.0000 2324.1111   23.5629
    7.5000  -37.5000   15.0000 2321.4521   23.7659
   -7.5000  -30.0000   15.0000 2454.7117   21.1897
    0.0000  -30.0000   15.0000 2475.3323   21.0496
    7.5000  -30.0000   15.0000 2468.9077   21.2009
   -7.5000  -22.5000   15.0000 2586.5364   19.3083
    0.0000  -22.5000   15.0000 2614.8801   19.2788
    7.5000  -22.5000   15.0000 2606.0166   19.3825
   -7.5000  -15.0000   15.0000 2702.1685   17.9655
    0.0000  -15.0000   15.0000 2740.9417   18.1333
    7.5000  -15.0000   15.0000 2730.4912   18.2049
   -7.5000   -7.5000   15.0000 2793.9272   17.0061
    0.0000   -7.5000   15.0000 2854.5798   17.3603
    7.5000   -7.5000   15.0000 2840.8657   17.3968
   -7.5000    0.0000   15.0000 2860.0049   16.2717
    0.0000    0.0000   15.0000 2927.5137   16.4291
    7.5000    0.0000   15.0000 2895.6152   16.5756
   -7.5000    7.5000   15.0000 2897.2517   15.9322
    0.0000    7.5000   15.0000 2949.3284   15.8076
    7.5000    7.5000   15.0000 2908.3020   16.0971
   -7.5000   15.0000   15.0000 2896.0369   16.2125
    0.0000   15.0000   15.0000 2924.4226   15.9924
    7.5000   15.0000   15.0000 2895.0161   16.2305
   -7.5000   22.5000   15.0000 2844.3918   16.8376
    0.0000   22.5000   15.0000 2867.2793   16.5770
    7.5000   22.5000   15.0000 2848.7122   16.7621
   -7.5000   30.0000   15.0000 2747.1565   17.7306
    0.0000   30.0000   15.0000 2766.7578   17.4326
    7.5000   30.0000   15.0000 2755.3296   17.6181
   -7.5000   37.5000   15.0000 2629.3784   18.9806
    0.0000   37.5000   15.0000 2644.3823   18.6492
    7.5000   37.5000   15.0000 2636.8975   18.9058
   -7.5000   45.0000   15.0000 2489.5337   20.6839
    0.0000   45.0000   15.0000 2508.6980   20.3193
    7.5000   45.0000   15.0000 2501.3735   20.5856
   -7.5000  -45.0000   22.5000 2154.4253   27.8045
    0.0000  -45.0000   22.5000 2168.5974   27.4392
    7.5000  -45.0000   22.5000 2166.1799   27.6116
   -7.5000  -37.5000   22.5000 2315.3357   24.1883
    0.0000  -37.5000   22.5000 2329.6628   23.9446
    7.5000  -37.5000   22.5000 2329.8730   24.0023
   -7.5000  -30.0000   22.5000 2458.2917   21.4910
    0.0000  -30.0000   22.5000 2480.7690   21.3345
    7.5000  -30.0000   22.5000 2477.6843   21.3764
   -7.5000  -22.5000   22.5000 2594.8367   19.5530
    0.0000  -22.5000   22.5000 2623.2668   19.5515
    7.5000  -22.5000   22.5000 2617.3301   19.4992
   -7.5000  -15.0000   22.5000 2700.1313   18.1278
    0.0000  -15.0000   22.5000 2739.8040   18.3204
    7.5000  -15.0000   22.5000 2732.2317   18.1932
   -7.5000   -7.5000   22.5000 2787.7395   17.2051
    0.0000   -7.5000   22.5000 2841.9041   17.3806
    7.5000   -7.5000   22.5000 2825.5244   17.1544
   -7.5000    0.0000   22.5000 2855.6650   16.6560
    0.0000    0.0000   22.5000 2911.8228   16.6210
    7.5000    0.0000   22.5000 2877.7065   16.3856
   -7.5000    7.5000   22.5000 2887.8438   16.4314
    0.0000    7.5000   22.5000 2937.0415   16.2394
    7.5000    7.5000   22.5000 2897.5396   16.1808
   -7.5000   15.0000   22.5000 2880.1575   16.5239
    0.0000   15.0000   22.5000 2919.0598   16.2837
    7.5000   15.0000   22.5000 2885.1394   16.3688
   -7.5000   22.5000   22.5000 2826.9202   17.0024
    0.0000   22.5000   22.5000 2853.9487   16.8060
    7.5000   22.5000   22.5000 2829.5786   16.9173
   -7.5000   30.0000   22.5000 2731.3103   17.8598
    0.0000   30.0000   22.5000 2751.7544   17.6163
    7.5000   30.0000   22.5000 2739.7754   17.7247
   -7.5000   37.5000   22.5000 2613.0955   19.0320
    0.0000   37.5000   22.5000 2633.1321   18.7733
    7.5000   37.5000   22.5000 2628.5273   18.9024
   -7.5000   45.0000   22.5000 2475.9106   20.6733
    0.0000   45.0000   22.5000 2500.1414   20.3842
    7.5000   45.0000   22.5000 2493.1738   20.5673
   -7.5000  -45.0000   30.0000 2142.3862   28.4589
    0.0000  -45.0000   30.0000 2150.0491   27.8453
    7.5000  -45.0000   30.0000 2159.2874   28.1280
   -7.5000  -37.5000   30.0000 2310.4331   24.9227
    0.0000  -37.5000   30.0000 2317.8000   24.4314
    7.5000  -37.5000   30.0000 2323.3706   24.5708
   -7.5000  -30.0000   30.0000 2455.4961   22.3453
    0.0000  -30.0000   30.0000 2467.3225   21.9456
    7.5000  -30.0000   30.0000 2473.4973   21.9480
   -7.5000  -22.5000   30.0000 2584.4729   20.3056
    0.0000  -22.5000   30.0000 2600.1516   20.1392
    7.5000  -22.5000   30.0000 2608.8435   20.0821
   -7.5000  -15.0000   30.0000 2686.1528   18.8556
    0.0000  -15.0000   30.0000 2706.3975   18.8298
    7.5000  -15.0000   30.0000 2710.7039   18.6164
   -7.5000   -7.5000   30.0000 2768.1448   17.8351
    0.0000   -7.5000   30.0000 2802.2227   17.7836
    7.5000   -7.5000   30.0000 2786.8857   17.4535
   -7.5000    0.0000   30.0000 2820.9580   17.1606
    0.0000    0.0000   30.0000 2861.9116   17.0768
    7.5000    0.0000   30.0000 2836.9292   16.7860
   -7.5000    7.5000   30.0000 2841.5679   16.9783
    0.0000    7.5000   30.0000 2888.0518   16.8361
    7.5000    7.5000   30.0000 2858.5764   16.6616
   -7.5000   15.0000   30.0000 2828.5308   17.0430
    0.0000   15.0000   30.0000 2872.1235   16.8442
    7.5000   15.0000   30.0000 2847.4863   16.8328
   -7.5000   22.5000   30.0000 2773.0061   17.5030
    0.0000   22.5000   30.0000 2806.0010   17.3068
    7.5000   22.5000   30.0000 2790.6006   17.3751
   -7.5000   30.0000   30.0000 2683.3711   18.3003
    0.0000   30.0000   30.0000 2705.3970   18.0616
    7.5000   30.0000   30.0000 2701.7258   18.1708
   -7.5000   37.5000   30.0000 2573.8655   19.3998
    0.0000   37.5000   30.0000 2598.8643   19.1158
    7.5000   37.5000   30.0000 2595.7249   19.2802
   -7.5000   45.0000   30.0000 2443.6025   20.9767
    0.0000   45.0000   30.0000 2464.8052   20.6792
    7.5000   45.0000   30.0000 2462.3396   20.8671
   -7.5000  -45.0000   37.5000 2115.6780   29.5091
    0.0000  -45.0000   37.5000 2130.2490   28.7785
    7.5000  -45.0000   37.5000 2145.4897   29.0624
   -7.5000  -37.5000   37.5000 2283.0024   25.8733
    0.0000  -37.5000   37.5000 2292.6489   25.3181
    7.5000  -37.5000   37.5000 2307.8286   25.6046
   -7.5000  -30.0000   37.5000 2427.9446   23.1915
    0.0000  -30.0000   37.5000 2444.2729   22.7431
    7.5000  -30.0000   37.5000 2453.7993   22.9606
   -7.5000  -22.5000   37.5000 2552.7959   21.1845
    0.0000  -22.5000   37.5000 2562.9087   20.7838
    7.5000  -22.5000   37.5000 2578.2815   20.9273
   -7.5000  -15.0000   37.5000 2651.5566   19.6624
    0.0000  -15.0000   37.5000 2669.6138   19.3186
    7.5000  -15.0000   37.5000 2679.5938   19.3102
   -7.5000   -7.5000   37.5000 2731.8201   18.5962
    0.0000   -7.5000   37.5000 2763.7571   18.2782
    7.5000   -7.5000   37.5000 2764.0327   18.2103
   -7.5000    0.0000   37.5000 2774.5344   17.9051
    0.0000    0.0000   37.5000 2814.9348   17.6784
    7.5000    0.0000   37.5000 2804.0830   17.6114
   -7.5000    7.5000   37.5000 2779.5747   17.7081
    0.0000    7.5000   37.5000 2825.9915   17.5233
    7.5000    7.5000   37.5000 2813.7961   17.4687
   -7.5000   15.0000   37.5000 2759.4092   17.7927
    0.0000   15.0000   37.5000 2800.2144   17.5827
    7.5000   15.0000   37.5000 2793.2800   17.5967
   -7.5000   22.5000   37.5000 2705.1582   18.2629
    0.0000   22.5000   37.5000 2737.3594   18.0460
    7.5000   22.5000   37.5000 2733.4058   18.1345
   -7.5000   30.0000   37.5000 2621.9949   19.0661
    0.0000   30.0000   37.5000 2647.1592   18.8163
    7.5000   30.0000   37.5000 2647.4644   18.9191
   -7.5000   37.5000   37.5000 2518.8533   20.1549
    0.0000   37.5000   37.5000 2538.3105   19.8817
    7.5000   37.5000   37.5000 2540.5039   19.9629
   -7.5000   45.0000   37.5000 2388.6965   21.6843
    0.0000   45.0000   37.5000 2406.1016   21.3575
    7.5000   45.0000   37.5000 2408.2998   21.4641
   -7.5000  -45.0000   45.0000 2089.5461   30.7181
    0.0000  -45.0000   45.0000 2114.1792   29.9820
    7.5000  -45.0000   45.0000 2125.2322   30.2044
   -7.5000  -37.5000   45.0000 2246.6694   26.9874
    0.0000  -37.5000   45.0000 2264.3098   26.3798
    7.5000  -37.5000   45.0000 2278.5728   26.6500
   -7.5000  -30.0000   45.0000 2382.7947   24.2492
    0.0000  -30.0000   45.0000 2398.5276   23.6836
    7.5000  -30.0000   45.0000 2410.8640   23.8892
   -7.5000  -22.5000   45.0000 2500.2395   22.1953
    0.0000  -22.5000   45.0000 2515.8286   21.6330
    7.5000  -22.5000   45.0000 2527.8730   21.7971
   -7.5000  -15.0000   45.0000 2598.4910   20.6683
    0.0000  -15.0000   45.0000 2616.0759   20.1063
    7.5000  -15.0000   45.0000 2630.5979   20.2157
   -7.5000   -7.5000   45.0000 2679.3816   19.5766
    0.0000   -7.5000   45.0000 2708.2075   19.0676
    7.5000   -7.5000   45.0000 2713.2527   19.1499
   -7.5000    0.0000   45.0000 2711.6553   18.8966
    0.0000    0.0000   45.0000 2747.8096   18.5151
    7.5000    0.0000   45.0000 2742.0134   18.5847
   -7.5000    7.5000   45.0000 2710.0745   18.6600
    0.0000    7.5000   45.0000 2753.8064   18.3637
    7.5000    7.5000   45.0000 2749.8953   18.4045
   -7.5000   15.0000   45.0000 2680.3840   18.7453
    0.0000   15.0000   45.0000 2715.1067   18.5204
    7.5000   15.0000   45.0000 2718.3962   18.5397
   -7.5000   22.5000   45.0000 2624.9399   19.2822
    0.0000   22.5000   45.0000 2651.7180   19.0358
    7.5000   22.5000   45.0000 2654.5232   19.1025
   -7.5000   30.0000   45.0000 2544.2166   20.1222
    0.0000   30.0000   45.0000 2568.7339   19.8140
    7.5000   30.0000   45.0000 2571.6318   19.9297
   -7.5000   37.5000   45.0000 2442.5859   21.1982
    0.0000   37.5000   45.0000 2465.1919   20.9010
    7.5000   37.5000   45.0000 2467.1978   20.9984
   -7.5000   45.0000   45.0000 2317.8113   22.6964
    0.0000   45.0000   45.0000 2340.4644   22.3669
    7.5000   45.0000   45.0000 2344.8472   22.4894

---------------------------------------------------------------------
imgreg_4dfp /opt/freesurfer/average/711-2C_as_mni_average_305 /opt/freesurfer/average/711-2B_as_mni_average_305_mask talsrcimg_g11 none talsrcimg_to_711-2C_as_mni_average_305_t4 1283
---------------------------------------------------------------------

freesurfer imgreg_4dfp.c
/opt/freesurfer/average/711-2C_as_mni_average_305.4dfp.img
       256       256       256         1
  1.000000  1.000000  1.000000
orientation T byte_order littleendian
Reading image: /opt/freesurfer/average/711-2C_as_mni_average_305.4dfp.img
dimensions:      256       256       256
mmppix:       1.0000   -1.0000   -1.0000
center:     128.0000 -129.0000 -129.0000
/opt/freesurfer/average/711-2B_as_mni_average_305_mask.4dfp.img
       256       256       256         1
  1.000000  1.000000  1.000000
orientation T byte_order littleendian
Reading mask: /opt/freesurfer/average/711-2B_as_mni_average_305_mask.4dfp.img (2306576 pixels)
talsrcimg_g11.4dfp.img
       256       256       256         1
  1.000000  1.000000  1.000000
orientation T byte_order littleendian
Reading image: talsrcimg_g11.4dfp.img
dimensions:      256       256       256
mmppix:       1.0000   -1.0000   -1.0000
center:     128.0000 -129.0000 -129.0000
rotation matrix determinant  1.000000
fimgreg.f
image alignment mode   1283 decimal      503 hex
parameters
    0.0000    7.5000   15.0000    0.0000    0.0000    0.0000
eta,q 0.92461 15.85817
niter,ni,del,rscale     5    3   12.0000    1.2000
parameter  2 -0.931764 -> -0.500000 qaram    1.1500
parameters
    1.1572   10.9500   16.2316    1.5760   -1.2234   -0.8331
eta,q 0.93140 15.61972
  0.0944  0.0793  0.0850  0.0797  0.0746  0.0719
  0.0861  0.0769  0.0806  0.0760  0.0708  0.0705
  0.0783  0.0755  0.0762  0.0726  0.0687  0.0690
  0.0748  0.0746  0.0716  0.0702  0.0696  0.0687
  0.0758  0.0722  0.0706  0.0697  0.0724  0.0695
  0.0798  0.0713  0.0739  0.0711  0.0759  0.0716
  0.0832  0.0728  0.0788  0.0736  0.0793  0.0752
niter,ni,del,rscale     5    3   12.0000    1.2000
parameters
    1.4435    9.3282   16.7758    2.6306   -1.2103   -1.7974
eta,q 0.93096 15.68359
  0.0822  0.0720  0.0812  0.0751  0.0780  0.0718
  0.0771  0.0713  0.0757  0.0724  0.0742  0.0702
  0.0725  0.0694  0.0714  0.0701  0.0705  0.0692
  0.0686  0.0683  0.0690  0.0690  0.0691  0.0691
  0.0696  0.0700  0.0704  0.0695  0.0709  0.0700
  0.0755  0.0748  0.0742  0.0708  0.0742  0.0717
  0.0806  0.0810  0.0771  0.0718  0.0778  0.0746
niter,ni,del,rscale     4    3   12.0000    1.2000
parameters
    1.6046    7.8901   17.1763    5.6258   -1.6669   -2.6107
eta,q 0.93089 15.71997
  0.0825  0.0710  0.0799  0.0735  0.0772  0.0723
  0.0772  0.0708  0.0737  0.0719  0.0735  0.0704
  0.0725  0.0697  0.0703  0.0705  0.0701  0.0692
  0.0690  0.0689  0.0693  0.0694  0.0694  0.0692
  0.0707  0.0688  0.0711  0.0692  0.0717  0.0703
  0.0763  0.0722  0.0743  0.0695  0.0755  0.0720
  0.0816  0.0775  0.0758  0.0694  0.0793  0.0742
niter,ni,del,rscale     3    3   12.0000    1.2000
parameter  2  0.509165 ->  0.500000 qaram    1.3225
parameter  4 -2.091930 -> -0.500000 qaram    1.1500
parameters
    1.5855    3.9226   17.5978    9.0758   -1.9011   -3.0324
eta,q 0.93746 15.75268
  0.0836  0.0684  0.0755  0.0725  0.0717  0.0678
  0.0770  0.0672  0.0705  0.0713  0.0680  0.0645
  0.0718  0.0672  0.0679  0.0703  0.0644  0.0625
  0.0691  0.0691  0.0670  0.0672  0.0627  0.0627
  0.0719  0.0707  0.0687  0.0637  0.0646  0.0642
  0.0780  0.0735  0.0709  0.0627  0.0689  0.0660
  0.0831  0.0789  0.0722  0.0640  0.0733  0.0686
niter,ni,del,rscale     4    3   12.0000    1.2000
parameters
    0.9918    3.6260   18.1849    9.3481   -1.7835   -3.1977
eta,q 0.93753 15.73703
  0.0760  0.0776  0.0724  0.0723  0.0719  0.0683
  0.0694  0.0693  0.0666  0.0699  0.0682  0.0647
  0.0647  0.0633  0.0639  0.0652  0.0649  0.0626
  0.0625  0.0628  0.0626  0.0626  0.0626  0.0625
  0.0661  0.0667  0.0638  0.0638  0.0633  0.0640
  0.0745  0.0727  0.0661  0.0674  0.0671  0.0657
  0.0818  0.0776  0.0682  0.0722  0.0720  0.0680
niter,ni,del,rscale     3    3   12.0000    1.2000
parameters
    0.8594    3.5363   18.2528    9.4668   -1.7477   -3.2868
eta,q 0.93752 15.73242
  0.0774  0.0792  0.0706  0.0722  0.0717  0.0684
  0.0703  0.0707  0.0655  0.0695  0.0680  0.0648
  0.0654  0.0638  0.0633  0.0648  0.0647  0.0626
  0.0625  0.0626  0.0625  0.0625  0.0625  0.0625
  0.0638  0.0665  0.0644  0.0641  0.0634  0.0640
  0.0708  0.0729  0.0666  0.0678  0.0672  0.0657
  0.0797  0.0779  0.0690  0.0725  0.0723  0.0679
niter,ni,del,rscale     2    3   12.0000    1.2000
parameters
    0.8246    3.4776   18.2635    9.5201   -1.7429   -3.3342
eta,q 0.93754 15.73164
  0.0777  0.0795  0.0704  0.0721  0.0716  0.0685
  0.0704  0.0710  0.0654  0.0692  0.0679  0.0649
  0.0654  0.0638  0.0632  0.0646  0.0646  0.0627
  0.0625  0.0625  0.0625  0.0625  0.0625  0.0625
  0.0634  0.0664  0.0644  0.0642  0.0634  0.0640
  0.0701  0.0729  0.0666  0.0680  0.0673  0.0657
  0.0792  0.0780  0.0691  0.0726  0.0724  0.0678
registration optimization eta report
parameter search radius
    6.0000    7.9350    6.0000    6.9000    6.0000    6.0000
100000*second partial in parameter space
       44.       25.       19.       20.       26.       15.
  0.0777  0.0795  0.0704  0.0721  0.0716  0.0685
  0.0704  0.0710  0.0654  0.0692  0.0679  0.0649
  0.0654  0.0638  0.0632  0.0646  0.0646  0.0627
  0.0625  0.0625  0.0625  0.0625  0.0625  0.0625
  0.0634  0.0664  0.0644  0.0642  0.0634  0.0640
  0.0701  0.0729  0.0666  0.0680  0.0673  0.0657
  0.0792  0.0780  0.0691  0.0726  0.0724  0.0678
    0.8246    3.4776   18.2635    9.5201   -1.7429   -3.3342
eta,q 0.93754 15.73164

---------------------------------------------------------------------
imgreg_4dfp /opt/freesurfer/average/711-2C_as_mni_average_305 /opt/freesurfer/average/711-2B_as_mni_average_305_mask talsrcimg_g11 none talsrcimg_to_711-2C_as_mni_average_305_t4 3335
---------------------------------------------------------------------

freesurfer imgreg_4dfp.c
/opt/freesurfer/average/711-2C_as_mni_average_305.4dfp.img
       256       256       256         1
  1.000000  1.000000  1.000000
orientation T byte_order littleendian
Reading image: /opt/freesurfer/average/711-2C_as_mni_average_305.4dfp.img
dimensions:      256       256       256
mmppix:       1.0000   -1.0000   -1.0000
center:     128.0000 -129.0000 -129.0000
/opt/freesurfer/average/711-2B_as_mni_average_305_mask.4dfp.img
       256       256       256         1
  1.000000  1.000000  1.000000
orientation T byte_order littleendian
Reading mask: /opt/freesurfer/average/711-2B_as_mni_average_305_mask.4dfp.img (2306576 pixels)
talsrcimg_g11.4dfp.img
       256       256       256         1
  1.000000  1.000000  1.000000
orientation T byte_order littleendian
Reading image: talsrcimg_g11.4dfp.img
dimensions:      256       256       256
mmppix:       1.0000   -1.0000   -1.0000
center:     128.0000 -129.0000 -129.0000
fimgreg.f
image alignment mode   3335 decimal      D07 hex
parameters
    0.8246    3.4776   18.2635   -0.2155   -1.5734   -1.4229
    6.2381    2.0325   -5.8133  -16.6858   -3.0414   16.5317
eta,q 0.93665 15.87991
niter,ni,del,rscale     5    3    5.0000    1.2000
parameter  2  0.504011 ->  0.500000 qaram    1.1500
parameter  4  1.001446 ->  0.500000 qaram    1.1500
parameter  5  6.833546 ->  0.500000 qaram    1.1500
parameter  6  1.172617 ->  0.500000 qaram    1.1500
parameter 11 -0.673952 -> -0.500000 qaram    1.1500
parameter 12  2.117529 ->  0.500000 qaram    1.1500
parameters
    0.8329    2.0976   18.1200   -4.3555   -5.7134   -5.5629
    7.2765    5.2667   -5.3824  -18.1116    1.0986   12.3917
eta,q 0.95131 15.70249
  0.0660  0.0634  0.0641  0.0601  0.0517  0.0515  0.0549  0.0601  0.0537  0.0540  0.0550  0.0480
  0.0646  0.0629  0.0634  0.0607  0.0544  0.0520  0.0536  0.0569  0.0525  0.0520  0.0533  0.0485
  0.0636  0.0629  0.0630  0.0617  0.0576  0.0534  0.0528  0.0542  0.0516  0.0511  0.0520  0.0493
  0.0634  0.0634  0.0629  0.0629  0.0610  0.0553  0.0523  0.0523  0.0513  0.0513  0.0510  0.0504
  0.0637  0.0642  0.0631  0.0648  0.0645  0.0577  0.0524  0.0513  0.0515  0.0526  0.0505  0.0516
  0.0646  0.0655  0.0636  0.0677  0.0682  0.0608  0.0529  0.0516  0.0521  0.0545  0.0503  0.0529
  0.0660  0.0671  0.0644  0.0711  0.0717  0.0646  0.0538  0.0529  0.0532  0.0570  0.0504  0.0543
niter,ni,del,rscale     7    3    5.0000    1.2000
parameter  3  0.751320 ->  0.500000 qaram    1.1500
parameter  5  2.143219 ->  0.500000 qaram    1.3225
parameter 12  0.965893 ->  0.500000 qaram    1.3225
parameters
    1.6886    1.3955   16.7400   -6.5747  -10.4744   -7.4838
    7.4055    4.4952   -6.5059  -19.0880    2.2974    7.6307
eta,q 0.96103 15.38813
  0.0539  0.0501  0.0471  0.0487  0.0386  0.0430  0.0442  0.0445  0.0426  0.0443  0.0432  0.0391
  0.0516  0.0486  0.0469  0.0475  0.0402  0.0420  0.0426  0.0422  0.0415  0.0419  0.0418  0.0389
  0.0498  0.0480  0.0472  0.0469  0.0430  0.0413  0.0415  0.0410  0.0409  0.0408  0.0410  0.0395
  0.0487  0.0483  0.0480  0.0469  0.0469  0.0409  0.0412  0.0412  0.0410  0.0409  0.0408  0.0408
  0.0483  0.0494  0.0491  0.0478  0.0515  0.0414  0.0415  0.0421  0.0416  0.0419  0.0409  0.0426
  0.0486  0.0511  0.0506  0.0502  0.0561  0.0442  0.0425  0.0436  0.0426  0.0439  0.0413  0.0446
  0.0496  0.0532  0.0523  0.0543  0.0605  0.0488  0.0440  0.0458  0.0440  0.0464  0.0419  0.0466
niter,ni,del,rscale     7    3    5.0000    1.2000
parameter  5  0.584227 ->  0.500000 qaram    1.5209
parameters
    1.8218    1.8150   16.3343   -5.5304  -15.9496   -7.6422
    7.4613    4.6778   -6.9695  -18.5390    3.1141    5.8847
eta,q 0.96342 15.12191
  0.0427  0.0452  0.0408  0.0431  0.0380  0.0400  0.0396  0.0412  0.0384  0.0413  0.0389  0.0384
  0.0408  0.0422  0.0396  0.0411  0.0369  0.0384  0.0380  0.0387  0.0374  0.0387  0.0376  0.0372
  0.0395  0.0401  0.0388  0.0396  0.0366  0.0373  0.0370  0.0371  0.0368  0.0372  0.0369  0.0366
  0.0390  0.0389  0.0388  0.0387  0.0386  0.0367  0.0367  0.0367  0.0367  0.0367  0.0367  0.0367
  0.0392  0.0389  0.0395  0.0387  0.0430  0.0366  0.0370  0.0372  0.0370  0.0370  0.0369  0.0374
  0.0402  0.0401  0.0407  0.0394  0.0484  0.0381  0.0379  0.0385  0.0378  0.0381  0.0373  0.0385
  0.0421  0.0424  0.0424  0.0417  0.0537  0.0410  0.0396  0.0407  0.0389  0.0399  0.0380  0.0400
niter,ni,del,rscale     7    3    5.0000    1.2000
parameters
    1.8532    2.7168   16.2561   -4.4724  -17.8723   -7.7364
    7.4434    4.7573   -7.5020  -16.8147    4.1250    5.2260
eta,q 0.96368 15.03063
  0.0398  0.0429  0.0385  0.0403  0.0406  0.0398  0.0391  0.0409  0.0377  0.0413  0.0384  0.0382
  0.0381  0.0399  0.0372  0.0385  0.0385  0.0382  0.0376  0.0385  0.0369  0.0388  0.0373  0.0371
  0.0370  0.0378  0.0364  0.0371  0.0369  0.0371  0.0367  0.0370  0.0365  0.0371  0.0366  0.0364
  0.0366  0.0366  0.0362  0.0362  0.0360  0.0364  0.0364  0.0364  0.0364  0.0364  0.0363  0.0363
  0.0369  0.0362  0.0366  0.0360  0.0369  0.0364  0.0367  0.0369  0.0367  0.0364  0.0365  0.0367
  0.0379  0.0367  0.0374  0.0367  0.0414  0.0379  0.0376  0.0383  0.0373  0.0369  0.0369  0.0375
  0.0397  0.0379  0.0387  0.0391  0.0474  0.0405  0.0392  0.0407  0.0381  0.0380  0.0375  0.0387
niter,ni,del,rscale     6    3    5.0000    1.2000
parameters
    1.9554    3.4560   15.8775   -4.5497  -18.8664   -8.1565
    7.3443    4.8353   -8.0609  -14.8815    4.5552    4.5875
eta,q 0.96383 14.91512
  0.0397  0.0409  0.0377  0.0393  0.0405  0.0393  0.0387  0.0405  0.0374  0.0405  0.0377  0.0378
  0.0379  0.0387  0.0367  0.0378  0.0386  0.0378  0.0373  0.0382  0.0367  0.0383  0.0368  0.0368
  0.0367  0.0372  0.0361  0.0367  0.0371  0.0369  0.0366  0.0368  0.0363  0.0369  0.0363  0.0363
  0.0363  0.0363  0.0361  0.0360  0.0360  0.0363  0.0363  0.0363  0.0363  0.0363  0.0362  0.0362
  0.0366  0.0361  0.0366  0.0360  0.0361  0.0362  0.0366  0.0367  0.0366  0.0362  0.0363  0.0365
  0.0375  0.0365  0.0375  0.0372  0.0388  0.0379  0.0374  0.0381  0.0370  0.0366  0.0367  0.0372
  0.0392  0.0377  0.0389  0.0402  0.0444  0.0406  0.0389  0.0403  0.0378  0.0374  0.0373  0.0382
niter,ni,del,rscale     5    3    5.0000    1.2000
parameters
    2.0535    4.3220   15.3304   -4.7612  -20.1013   -8.8488
    7.1938    5.0211   -7.8586  -12.2610    3.9014    3.8199
eta,q 0.96423 14.74582
  0.0393  0.0407  0.0371  0.0388  0.0394  0.0386  0.0382  0.0400  0.0375  0.0401  0.0368  0.0369
  0.0376  0.0386  0.0363  0.0375  0.0378  0.0373  0.0370  0.0378  0.0367  0.0382  0.0361  0.0363
  0.0366  0.0371  0.0358  0.0364  0.0366  0.0365  0.0363  0.0365  0.0363  0.0369  0.0358  0.0359
  0.0362  0.0362  0.0359  0.0358  0.0358  0.0360  0.0361  0.0361  0.0361  0.0361  0.0358  0.0358
  0.0364  0.0359  0.0364  0.0358  0.0359  0.0360  0.0364  0.0364  0.0363  0.0358  0.0360  0.0360
  0.0373  0.0362  0.0374  0.0370  0.0382  0.0376  0.0371  0.0376  0.0366  0.0360  0.0364  0.0366
  0.0389  0.0372  0.0387  0.0399  0.0434  0.0405  0.0384  0.0396  0.0373  0.0367  0.0370  0.0374
niter,ni,del,rscale     4    3    5.0000    1.2000
parameters
    2.0927    5.4166   14.6070   -5.1356  -21.8738   -9.8971
    6.9196    5.2254   -6.8396   -9.3575    2.3310    3.4967
eta,q 0.96501 14.49245
  0.0386  0.0408  0.0362  0.0379  0.0378  0.0376  0.0372  0.0391  0.0372  0.0395  0.0358  0.0359
  0.0370  0.0385  0.0355  0.0367  0.0365  0.0364  0.0362  0.0370  0.0363  0.0377  0.0351  0.0355
  0.0361  0.0368  0.0352  0.0357  0.0357  0.0357  0.0356  0.0358  0.0358  0.0364  0.0350  0.0351
  0.0358  0.0358  0.0354  0.0352  0.0353  0.0354  0.0355  0.0355  0.0355  0.0355  0.0351  0.0350
  0.0360  0.0354  0.0359  0.0353  0.0355  0.0355  0.0358  0.0358  0.0356  0.0351  0.0354  0.0351
  0.0369  0.0356  0.0368  0.0364  0.0374  0.0370  0.0364  0.0368  0.0359  0.0353  0.0358  0.0355
  0.0384  0.0364  0.0380  0.0392  0.0422  0.0399  0.0374  0.0386  0.0365  0.0360  0.0363  0.0361
niter,ni,del,rscale     3    3    5.0000    1.2000
parameters
    2.1241    6.5887   13.8795   -5.5233  -24.0879  -11.2671
    6.3567    5.4269   -5.7173   -7.2108    1.0429    4.7313
eta,q 0.96587 14.20425
  0.0376  0.0401  0.0354  0.0370  0.0362  0.0362  0.0358  0.0379  0.0363  0.0382  0.0350  0.0350
  0.0362  0.0377  0.0347  0.0358  0.0351  0.0351  0.0349  0.0358  0.0354  0.0365  0.0344  0.0346
  0.0353  0.0360  0.0345  0.0349  0.0346  0.0346  0.0345  0.0347  0.0348  0.0352  0.0341  0.0344
  0.0350  0.0350  0.0346  0.0345  0.0345  0.0345  0.0345  0.0345  0.0345  0.0345  0.0342  0.0341
  0.0352  0.0346  0.0351  0.0345  0.0347  0.0347  0.0348  0.0348  0.0345  0.0342  0.0345  0.0342
  0.0360  0.0347  0.0359  0.0356  0.0362  0.0361  0.0353  0.0357  0.0348  0.0345  0.0349  0.0343
  0.0375  0.0353  0.0370  0.0381  0.0403  0.0386  0.0362  0.0373  0.0354  0.0354  0.0354  0.0347
niter,ni,del,rscale     2    3    5.0000    1.2000
parameters
    2.2990    7.6155   13.1664   -5.8354  -26.6783  -12.7254
    5.6210    5.6464   -5.3476   -5.5966    0.5751    5.5406
eta,q 0.96662 13.90396
  0.0368  0.0386  0.0345  0.0361  0.0351  0.0353  0.0347  0.0369  0.0351  0.0370  0.0344  0.0342
  0.0355  0.0365  0.0339  0.0350  0.0341  0.0342  0.0339  0.0349  0.0343  0.0353  0.0337  0.0338
  0.0345  0.0350  0.0337  0.0341  0.0337  0.0336  0.0335  0.0338  0.0338  0.0342  0.0334  0.0335
  0.0341  0.0341  0.0338  0.0337  0.0337  0.0336  0.0336  0.0335  0.0335  0.0335  0.0334  0.0334
  0.0342  0.0338  0.0342  0.0338  0.0343  0.0340  0.0339  0.0339  0.0336  0.0334  0.0336  0.0334
  0.0349  0.0340  0.0349  0.0348  0.0355  0.0353  0.0344  0.0349  0.0341  0.0339  0.0340  0.0336
  0.0362  0.0347  0.0360  0.0371  0.0386  0.0375  0.0352  0.0363  0.0348  0.0349  0.0345  0.0340
niter,ni,del,rscale     1    3    5.0000    1.2000
parameters
    2.4651    8.5114   12.5097   -6.0398  -28.5707  -13.9770
    5.3779    5.6885   -5.2426   -4.2161    0.5343    5.4643
eta,q 0.96713 13.68152
  0.0360  0.0375  0.0339  0.0354  0.0348  0.0347  0.0343  0.0361  0.0344  0.0362  0.0339  0.0335
  0.0347  0.0355  0.0333  0.0343  0.0336  0.0336  0.0335  0.0342  0.0336  0.0346  0.0332  0.0332
  0.0338  0.0341  0.0331  0.0335  0.0331  0.0330  0.0330  0.0332  0.0331  0.0335  0.0329  0.0330
  0.0334  0.0334  0.0332  0.0331  0.0331  0.0330  0.0330  0.0330  0.0330  0.0330  0.0329  0.0329
  0.0335  0.0332  0.0335  0.0331  0.0336  0.0334  0.0332  0.0334  0.0331  0.0329  0.0330  0.0329
  0.0342  0.0335  0.0342  0.0340  0.0347  0.0345  0.0337  0.0344  0.0336  0.0334  0.0333  0.0332
  0.0354  0.0342  0.0351  0.0361  0.0368  0.0364  0.0344  0.0358  0.0343  0.0344  0.0338  0.0336
registration optimization eta report
parameter search radius
    2.4000    2.7600    2.7600    8.2800   10.9503    8.2800
    7.2000    7.2000    7.2000    7.2000    8.2800    9.5220
100000*second partial in parameter space
       40.       33.       17.        4.        2.        4.
        3.        6.        3.        5.        1.        1.
  0.0360  0.0375  0.0339  0.0354  0.0348  0.0347  0.0343  0.0361  0.0344  0.0362  0.0339  0.0335
  0.0347  0.0355  0.0333  0.0343  0.0336  0.0336  0.0335  0.0342  0.0336  0.0346  0.0332  0.0332
  0.0338  0.0341  0.0331  0.0335  0.0331  0.0330  0.0330  0.0332  0.0331  0.0335  0.0329  0.0330
  0.0334  0.0334  0.0332  0.0331  0.0331  0.0330  0.0330  0.0330  0.0330  0.0330  0.0329  0.0329
  0.0335  0.0332  0.0335  0.0331  0.0336  0.0334  0.0332  0.0334  0.0331  0.0329  0.0330  0.0329
  0.0342  0.0335  0.0342  0.0340  0.0347  0.0345  0.0337  0.0344  0.0336  0.0334  0.0333  0.0332
  0.0354  0.0342  0.0351  0.0361  0.0368  0.0364  0.0344  0.0358  0.0343  0.0344  0.0338  0.0336
    2.4651    8.5114   12.5097   -6.0398  -28.5707  -13.9770
    5.3779    5.6885   -5.2426   -4.2161    0.5343    5.4643
eta,q 0.96713 13.68152

---------------------------------------------------------------------
imgreg_4dfp /opt/freesurfer/average/711-2C_as_mni_average_305 /opt/freesurfer/average/711-2B_as_mni_average_305_mask talsrcimg_g11 none talsrcimg_to_711-2C_as_mni_average_305_t4 2311
---------------------------------------------------------------------

freesurfer imgreg_4dfp.c
/opt/freesurfer/average/711-2C_as_mni_average_305.4dfp.img
       256       256       256         1
  1.000000  1.000000  1.000000
orientation T byte_order littleendian
Reading image: /opt/freesurfer/average/711-2C_as_mni_average_305.4dfp.img
dimensions:      256       256       256
mmppix:       1.0000   -1.0000   -1.0000
center:     128.0000 -129.0000 -129.0000
/opt/freesurfer/average/711-2B_as_mni_average_305_mask.4dfp.img
       256       256       256         1
  1.000000  1.000000  1.000000
orientation T byte_order littleendian
Reading mask: /opt/freesurfer/average/711-2B_as_mni_average_305_mask.4dfp.img (2306576 pixels)
talsrcimg_g11.4dfp.img
       256       256       256         1
  1.000000  1.000000  1.000000
orientation T byte_order littleendian
Reading image: talsrcimg_g11.4dfp.img
dimensions:      256       256       256
mmppix:       1.0000   -1.0000   -1.0000
center:     128.0000 -129.0000 -129.0000
fimgreg.f
image alignment mode   2311 decimal      907 hex
parameters
    2.4651    8.5114   12.5097   -6.0398  -28.5707  -13.9770
    5.3779    5.6885   -5.2426   -4.2161    0.5343    5.4643
eta,q 0.96713 13.68152
niter,ni,del,rscale     5    3    5.0000    0.8000
parameters
    2.4599    9.1735   12.0801   -5.0234  -29.4825  -14.6366
    5.4654    5.5511   -5.2929   -3.1281    0.6124    5.2207
eta,q 0.96743 13.63137
  0.0339  0.0344  0.0329  0.0337  0.0330  0.0332  0.0333  0.0339  0.0333  0.0342  0.0329  0.0327
  0.0333  0.0337  0.0328  0.0332  0.0328  0.0328  0.0329  0.0331  0.0329  0.0334  0.0327  0.0326
  0.0330  0.0332  0.0327  0.0329  0.0327  0.0326  0.0327  0.0327  0.0327  0.0329  0.0326  0.0326
  0.0329  0.0329  0.0327  0.0327  0.0327  0.0326  0.0326  0.0326  0.0326  0.0326  0.0326  0.0326
  0.0330  0.0327  0.0329  0.0327  0.0328  0.0328  0.0327  0.0328  0.0327  0.0326  0.0326  0.0326
  0.0333  0.0328  0.0331  0.0328  0.0330  0.0331  0.0329  0.0333  0.0329  0.0328  0.0327  0.0327
  0.0339  0.0330  0.0334  0.0331  0.0333  0.0336  0.0332  0.0340  0.0333  0.0332  0.0329  0.0328
niter,ni,del,rscale     4    3    5.0000    0.7000
parameters
    2.3140    9.5703   11.7197   -4.8680  -29.9113  -15.2113
    5.7513    5.3925   -5.3109   -2.5043    0.7621    4.7693
eta,q 0.96754 13.57417
  0.0331  0.0336  0.0327  0.0330  0.0328  0.0329  0.0330  0.0334  0.0330  0.0335  0.0327  0.0326
  0.0328  0.0331  0.0326  0.0328  0.0326  0.0326  0.0327  0.0328  0.0327  0.0330  0.0325  0.0325
  0.0326  0.0328  0.0325  0.0326  0.0325  0.0325  0.0325  0.0325  0.0325  0.0326  0.0325  0.0325
  0.0326  0.0326  0.0325  0.0325  0.0325  0.0325  0.0325  0.0325  0.0325  0.0325  0.0325  0.0325
  0.0327  0.0325  0.0326  0.0325  0.0326  0.0326  0.0325  0.0326  0.0325  0.0325  0.0325  0.0325
  0.0330  0.0326  0.0328  0.0326  0.0327  0.0328  0.0326  0.0330  0.0327  0.0327  0.0325  0.0325
  0.0334  0.0328  0.0330  0.0330  0.0329  0.0332  0.0329  0.0335  0.0330  0.0331  0.0326  0.0326
niter,ni,del,rscale     3    3    5.0000    0.6000
parameters
    2.2124    9.8149   11.5188   -4.6444  -30.0804  -15.5204
    5.8281    5.3250   -5.3650   -2.0833    0.9619    4.2231
eta,q 0.96759 13.55165
  0.0329  0.0331  0.0326  0.0328  0.0327  0.0328  0.0327  0.0331  0.0328  0.0332  0.0326  0.0325
  0.0326  0.0328  0.0325  0.0326  0.0325  0.0325  0.0325  0.0327  0.0326  0.0328  0.0325  0.0324
  0.0325  0.0326  0.0324  0.0325  0.0324  0.0324  0.0324  0.0325  0.0325  0.0325  0.0324  0.0324
  0.0325  0.0325  0.0324  0.0324  0.0324  0.0324  0.0324  0.0324  0.0324  0.0324  0.0324  0.0324
  0.0325  0.0324  0.0325  0.0324  0.0325  0.0325  0.0325  0.0325  0.0325  0.0324  0.0324  0.0324
  0.0327  0.0325  0.0326  0.0325  0.0326  0.0326  0.0325  0.0327  0.0326  0.0326  0.0325  0.0325
  0.0331  0.0327  0.0327  0.0328  0.0327  0.0329  0.0327  0.0331  0.0328  0.0329  0.0325  0.0325
niter,ni,del,rscale     2    3    5.0000    0.5000
parameters
    2.1609    9.9482   11.3870   -4.4584  -30.1190  -15.7339
    5.8255    5.2943   -5.4096   -1.7986    1.0935    3.7656
eta,q 0.96761 13.54307
  0.0327  0.0328  0.0325  0.0326  0.0326  0.0326  0.0326  0.0329  0.0326  0.0329  0.0325  0.0324
  0.0325  0.0326  0.0324  0.0325  0.0325  0.0325  0.0325  0.0326  0.0325  0.0326  0.0324  0.0324
  0.0324  0.0325  0.0324  0.0324  0.0324  0.0324  0.0324  0.0324  0.0324  0.0325  0.0324  0.0324
  0.0324  0.0324  0.0324  0.0324  0.0324  0.0324  0.0324  0.0324  0.0324  0.0324  0.0324  0.0324
  0.0325  0.0324  0.0324  0.0324  0.0324  0.0324  0.0324  0.0324  0.0324  0.0324  0.0324  0.0324
  0.0326  0.0325  0.0325  0.0325  0.0325  0.0326  0.0325  0.0326  0.0325  0.0325  0.0324  0.0324
  0.0328  0.0327  0.0326  0.0326  0.0326  0.0327  0.0326  0.0329  0.0327  0.0327  0.0325  0.0325
niter,ni,del,rscale     1    3    5.0000    0.4000
parameters
    2.1363   10.0289   11.2640   -4.2904  -30.0583  -15.9199
    5.7683    5.3033   -5.4261   -1.5998    1.1059    3.5070
eta,q 0.96762 13.54303
  0.0326  0.0326  0.0325  0.0325  0.0325  0.0325  0.0325  0.0327  0.0325  0.0327  0.0324  0.0324
  0.0325  0.0325  0.0324  0.0325  0.0324  0.0324  0.0324  0.0325  0.0325  0.0325  0.0324  0.0324
  0.0324  0.0324  0.0324  0.0324  0.0324  0.0324  0.0324  0.0324  0.0324  0.0324  0.0324  0.0324
  0.0324  0.0324  0.0324  0.0324  0.0324  0.0324  0.0324  0.0324  0.0324  0.0324  0.0324  0.0324
  0.0324  0.0324  0.0324  0.0324  0.0324  0.0324  0.0324  0.0324  0.0324  0.0324  0.0324  0.0324
  0.0325  0.0325  0.0325  0.0324  0.0324  0.0325  0.0324  0.0325  0.0325  0.0325  0.0324  0.0324
  0.0326  0.0326  0.0325  0.0325  0.0325  0.0326  0.0325  0.0327  0.0325  0.0326  0.0324  0.0324
registration optimization eta report
parameter search radius
    0.8000    0.8000    0.8000    2.4000    2.4000    2.4000
    2.4000    2.4000    2.4000    2.4000    2.4000    2.4000
100000*second partial in parameter space
       35.       34.       17.        2.        2.        3.
        2.        5.        3.        5.        1.        1.
  0.0326  0.0326  0.0325  0.0325  0.0325  0.0325  0.0325  0.0327  0.0325  0.0327  0.0324  0.0324
  0.0325  0.0325  0.0324  0.0325  0.0324  0.0324  0.0324  0.0325  0.0325  0.0325  0.0324  0.0324
  0.0324  0.0324  0.0324  0.0324  0.0324  0.0324  0.0324  0.0324  0.0324  0.0324  0.0324  0.0324
  0.0324  0.0324  0.0324  0.0324  0.0324  0.0324  0.0324  0.0324  0.0324  0.0324  0.0324  0.0324
  0.0324  0.0324  0.0324  0.0324  0.0324  0.0324  0.0324  0.0324  0.0324  0.0324  0.0324  0.0324
  0.0325  0.0325  0.0325  0.0324  0.0324  0.0325  0.0324  0.0325  0.0325  0.0325  0.0324  0.0324
  0.0326  0.0326  0.0325  0.0325  0.0325  0.0326  0.0325  0.0327  0.0325  0.0326  0.0324  0.0324
    2.1363   10.0289   11.2640   -4.2904  -30.0583  -15.9199
    5.7683    5.3033   -5.4261   -1.5998    1.1059    3.5070
eta,q 0.96762 13.54303

---------------------------------------------------------------------
imgreg_4dfp /opt/freesurfer/average/711-2C_as_mni_average_305 /opt/freesurfer/average/711-2B_as_mni_average_305_mask talsrcimg_g11 none talsrcimg_to_711-2C_as_mni_average_305_t4 2311
---------------------------------------------------------------------

freesurfer imgreg_4dfp.c
/opt/freesurfer/average/711-2C_as_mni_average_305.4dfp.img
       256       256       256         1
  1.000000  1.000000  1.000000
orientation T byte_order littleendian
Reading image: /opt/freesurfer/average/711-2C_as_mni_average_305.4dfp.img
dimensions:      256       256       256
mmppix:       1.0000   -1.0000   -1.0000
center:     128.0000 -129.0000 -129.0000
/opt/freesurfer/average/711-2B_as_mni_average_305_mask.4dfp.img
       256       256       256         1
  1.000000  1.000000  1.000000
orientation T byte_order littleendian
Reading mask: /opt/freesurfer/average/711-2B_as_mni_average_305_mask.4dfp.img (2306576 pixels)
talsrcimg_g11.4dfp.img
       256       256       256         1
  1.000000  1.000000  1.000000
orientation T byte_order littleendian
Reading image: talsrcimg_g11.4dfp.img
dimensions:      256       256       256
mmppix:       1.0000   -1.0000   -1.0000
center:     128.0000 -129.0000 -129.0000
fimgreg.f
image alignment mode   2311 decimal      907 hex
parameters
    2.1363   10.0289   11.2640   -4.2904  -30.0583  -15.9199
    5.7683    5.3033   -5.4261   -1.5998    1.1059    3.5070
eta,q 0.96762 13.54303
niter,ni,del,rscale     5    3    5.0000    0.8000
parameters
    2.1498   10.1088   11.1700   -4.8071  -30.0391  -15.9074
    5.8678    5.3798   -5.5009   -1.5061    1.3190    3.1019
eta,q 0.96762 13.51342
  0.0333  0.0333  0.0327  0.0329  0.0329  0.0331  0.0330  0.0337  0.0330  0.0335  0.0327  0.0325
  0.0328  0.0328  0.0325  0.0326  0.0326  0.0327  0.0326  0.0329  0.0327  0.0329  0.0325  0.0324
  0.0325  0.0325  0.0324  0.0324  0.0324  0.0324  0.0324  0.0325  0.0325  0.0325  0.0324  0.0324
  0.0324  0.0324  0.0324  0.0324  0.0324  0.0324  0.0324  0.0324  0.0324  0.0324  0.0324  0.0324
  0.0325  0.0325  0.0324  0.0324  0.0324  0.0325  0.0324  0.0325  0.0325  0.0325  0.0324  0.0324
  0.0328  0.0327  0.0326  0.0327  0.0326  0.0327  0.0326  0.0329  0.0327  0.0329  0.0325  0.0325
  0.0333  0.0331  0.0328  0.0334  0.0329  0.0331  0.0329  0.0336  0.0331  0.0334  0.0326  0.0326
niter,ni,del,rscale     4    3    5.0000    0.7000
parameters
    2.1468   10.1650   11.1639   -4.5793  -30.0746  -15.8786
    5.8242    5.3675   -5.5663   -1.3801    1.3897    2.8340
eta,q 0.96762 13.52183
  0.0331  0.0331  0.0327  0.0329  0.0328  0.0329  0.0328  0.0333  0.0329  0.0333  0.0326  0.0325
  0.0327  0.0327  0.0325  0.0326  0.0326  0.0326  0.0325  0.0328  0.0326  0.0328  0.0324  0.0324
  0.0325  0.0325  0.0324  0.0325  0.0324  0.0324  0.0324  0.0325  0.0324  0.0325  0.0324  0.0324
  0.0324  0.0324  0.0324  0.0324  0.0324  0.0324  0.0324  0.0324  0.0324  0.0324  0.0324  0.0324
  0.0325  0.0324  0.0324  0.0324  0.0324  0.0325  0.0324  0.0325  0.0324  0.0325  0.0324  0.0324
  0.0327  0.0327  0.0325  0.0325  0.0326  0.0326  0.0326  0.0328  0.0326  0.0327  0.0325  0.0324
  0.0331  0.0330  0.0327  0.0329  0.0328  0.0329  0.0328  0.0333  0.0329  0.0332  0.0325  0.0325
niter,ni,del,rscale     3    3    5.0000    0.6000
parameters
    2.1334   10.1772   11.1372   -4.4470  -30.0833  -15.9233
    5.7987    5.3434   -5.5773   -1.2998    1.3926    2.8162
eta,q 0.96763 13.52590
  0.0329  0.0329  0.0326  0.0328  0.0327  0.0328  0.0327  0.0331  0.0327  0.0330  0.0325  0.0325
  0.0326  0.0326  0.0325  0.0326  0.0325  0.0325  0.0325  0.0327  0.0325  0.0327  0.0324  0.0324
  0.0324  0.0324  0.0324  0.0324  0.0324  0.0324  0.0324  0.0324  0.0324  0.0325  0.0324  0.0324
  0.0324  0.0324  0.0324  0.0324  0.0324  0.0324  0.0324  0.0324  0.0324  0.0324  0.0324  0.0324
  0.0324  0.0324  0.0324  0.0324  0.0324  0.0324  0.0324  0.0324  0.0324  0.0324  0.0324  0.0324
  0.0326  0.0326  0.0325  0.0325  0.0325  0.0326  0.0325  0.0327  0.0325  0.0326  0.0324  0.0324
  0.0329  0.0328  0.0326  0.0327  0.0327  0.0328  0.0327  0.0331  0.0328  0.0330  0.0325  0.0325
niter,ni,del,rscale     2    3    5.0000    0.5000
parameters
    2.1245   10.1850   11.1144   -4.3318  -30.0836  -16.0078
    5.7465    5.3302   -5.5637   -1.2633    1.3292    2.9184
eta,q 0.96763 13.52863
  0.0327  0.0327  0.0325  0.0326  0.0326  0.0327  0.0326  0.0328  0.0326  0.0328  0.0325  0.0325
  0.0325  0.0325  0.0324  0.0325  0.0325  0.0325  0.0324  0.0326  0.0325  0.0326  0.0324  0.0324
  0.0324  0.0324  0.0324  0.0324  0.0324  0.0324  0.0324  0.0324  0.0324  0.0324  0.0324  0.0324
  0.0324  0.0324  0.0324  0.0324  0.0324  0.0324  0.0324  0.0324  0.0324  0.0324  0.0324  0.0324
  0.0324  0.0324  0.0324  0.0324  0.0324  0.0324  0.0324  0.0324  0.0324  0.0324  0.0324  0.0324
  0.0325  0.0325  0.0325  0.0324  0.0325  0.0325  0.0325  0.0326  0.0325  0.0326  0.0324  0.0324
  0.0327  0.0327  0.0325  0.0326  0.0326  0.0327  0.0326  0.0328  0.0326  0.0328  0.0325  0.0324
niter,ni,del,rscale     1    3    5.0000    0.4000
parameters
    2.1256   10.1780   11.0923   -4.2428  -30.0485  -16.0929
    5.7266    5.3339   -5.5196   -1.2676    1.2104    2.9802
eta,q 0.96763 13.53160
  0.0326  0.0326  0.0325  0.0325  0.0325  0.0326  0.0325  0.0327  0.0325  0.0327  0.0324  0.0324
  0.0325  0.0325  0.0324  0.0324  0.0324  0.0325  0.0324  0.0325  0.0324  0.0325  0.0324  0.0324
  0.0324  0.0324  0.0324  0.0324  0.0324  0.0324  0.0324  0.0324  0.0324  0.0324  0.0324  0.0324
  0.0324  0.0324  0.0324  0.0324  0.0324  0.0324  0.0324  0.0324  0.0324  0.0324  0.0324  0.0324
  0.0324  0.0324  0.0324  0.0324  0.0324  0.0324  0.0324  0.0324  0.0324  0.0324  0.0324  0.0324
  0.0325  0.0325  0.0324  0.0324  0.0324  0.0325  0.0324  0.0325  0.0324  0.0325  0.0324  0.0324
  0.0326  0.0326  0.0325  0.0325  0.0325  0.0326  0.0325  0.0327  0.0325  0.0326  0.0324  0.0324
registration optimization eta report
parameter search radius
    0.8000    0.8000    0.8000    2.4000    2.4000    2.4000
    2.4000    2.4000    2.4000    2.4000    2.4000    2.4000
100000*second partial in parameter space
       35.       34.       16.        3.        2.        3.
        2.        5.        3.        5.        1.        1.
  0.0326  0.0326  0.0325  0.0325  0.0325  0.0326  0.0325  0.0327  0.0325  0.0327  0.0324  0.0324
  0.0325  0.0325  0.0324  0.0324  0.0324  0.0325  0.0324  0.0325  0.0324  0.0325  0.0324  0.0324
  0.0324  0.0324  0.0324  0.0324  0.0324  0.0324  0.0324  0.0324  0.0324  0.0324  0.0324  0.0324
  0.0324  0.0324  0.0324  0.0324  0.0324  0.0324  0.0324  0.0324  0.0324  0.0324  0.0324  0.0324
  0.0324  0.0324  0.0324  0.0324  0.0324  0.0324  0.0324  0.0324  0.0324  0.0324  0.0324  0.0324
  0.0325  0.0325  0.0324  0.0324  0.0324  0.0325  0.0324  0.0325  0.0324  0.0325  0.0324  0.0324
  0.0326  0.0326  0.0325  0.0325  0.0325  0.0326  0.0325  0.0327  0.0325  0.0326  0.0324  0.0324
    2.1256   10.1780   11.0923   -4.2428  -30.0485  -16.0929
    5.7266    5.3339   -5.5196   -1.2676    1.2104    2.9802
eta,q 0.96763 13.53160

---------------------------------------------------------------------
compute_vox2vox talsrcimg talsrcimg_to_711-2C_as_mni_average_305_t4 /opt/freesurfer/average/711-2C_as_mni_average_305
---------------------------------------------------------------------

freesurfer compute_vox2vox.c
Reading: talsrcimg.4dfp.ifh
Reading: talsrcimg_to_711-2C_as_mni_average_305_t4
Reading: /opt/freesurfer/average/711-2C_as_mni_average_305.4dfp.ifh
Writing: talsrcimg_to_711-2C_as_mni_average_305_t4_vox2vox.txt

start time Sun Mar 8 22:50:27 CET 2026
end		time Sun Mar 8 22:50:41 CET 2026

mpr2mni305 success

avi2talxfm orig_nu.mgz /opt/freesurfer/average/mni305.cor.mgz talsrcimg_to_711-2C_as_mni_average_305_t4_vox2vox.txt transforms/talairach.auto.xfm
avi2talxfm done
mv -f /out/sourcedata/freesurfer/sub-v1s16x0051175_ses-1/mri/talsrcimg_to_711-2C_as_mni_average_305_t4_vox2vox.txt /out/sourcedata/freesurfer/sub-v1s16x0051175_ses-1/mri/transforms/talsrcimg_to_711-2C_as_mni_average_305_t4_vox2vox.txt
lta_convert --src orig_nu.mgz --trg /opt/freesurfer/average/mni305.cor.mgz --inxfm transforms/talairach.auto.xfm --outlta transforms/talairach.auto.xfm.lta --subject fsaverage
7.3.2

--src: orig_nu.mgz src image (geometry).
--trg: /opt/freesurfer/average/mni305.cor.mgz trg image (geometry).
--inmni: transforms/talairach.auto.xfm input MNI/XFM transform.
--outlta: transforms/talairach.auto.xfm.lta output LTA.
--s: fsaverage subject name
 LTA read, type : 1
 1.04042  -0.06738  -0.08230  -6.78268;
-0.01791   1.19219  -0.04933  -23.13800;
 0.08177   0.01629   1.42217  -12.74910;
 0.00000   0.00000   0.00000   1.00000;
setting subject to fsaverage
Writing  LTA to file transforms/talairach.auto.xfm.lta...
lta_convert successful.
 
 
Started at Sun Mar 8 22:50:27 CET 2026
Ended   at Sun Mar  8 22:50:41 CET 2026
talairach_avi done
