status file for recon-all
Mon Mar  9 01:23:27 CET 2026
#@# Tessellate rh Mon Mar  9 01:23:27 CET 2026
#@# Smooth1 rh Mon Mar  9 01:23:29 CET 2026
#@# Inflation1 rh Mon Mar  9 01:23:31 CET 2026
#@# QSphere rh Mon Mar  9 01:23:41 CET 2026
#@# Fix Topology rh Mon Mar  9 01:24:34 CET 2026
#@# Smooth2 rh Mon Mar  9 01:34:15 CET 2026
#@# Inflation2 rh Mon Mar  9 01:34:17 CET 2026
#@# Curv .H and .K rh Mon Mar  9 01:34:28 CET 2026
#@# Sphere rh Mon Mar  9 01:34:58 CET 2026
#@# Surf Reg rh Mon Mar  9 01:38:21 CET 2026
#@# Jacobian white rh Mon Mar  9 01:42:30 CET 2026
#@# AvgCurv rh Mon Mar  9 01:42:30 CET 2026
#@# Cortical Parc rh Mon Mar  9 01:42:31 CET 2026
#@# white curv rh Mon Mar  9 01:47:09 CET 2026
#@# white area rh Mon Mar  9 01:47:10 CET 2026
#@# pial curv rh Mon Mar  9 01:47:11 CET 2026
#@# pial area rh Mon Mar  9 01:47:12 CET 2026
#@# thickness rh Mon Mar  9 01:47:12 CET 2026
#@# area and vertex vol rh Mon Mar  9 01:47:26 CET 2026
#@# Curvature Stats rh Mon Mar  9 01:47:28 CET 2026
#@# Cortical Parc 2 rh Mon Mar  9 01:47:29 CET 2026
#@# Cortical Parc 3 rh Mon Mar  9 01:47:37 CET 2026
#@# WM/GM Contrast rh Mon Mar  9 01:47:43 CET 2026
recon-all -s sub-v1s16x0051184_ses-1 finished without error at Mon Mar  9 01:47:45 CET 2026



#New# invocation of recon-all 



status file for recon-all
Mon Mar  9 01:52:13 CET 2026
#@# white curv rh Mon Mar  9 01:52:13 CET 2026
#@# white area rh Mon Mar  9 01:52:13 CET 2026
#@# pial curv rh Mon Mar  9 01:52:13 CET 2026
#@# pial area rh Mon Mar  9 01:52:13 CET 2026
#@# thickness rh Mon Mar  9 01:52:13 CET 2026
#@# area and vertex vol rh Mon Mar  9 01:52:13 CET 2026
#@# Parcellation Stats rh Mon Mar  9 01:52:13 CET 2026
#@# Parcellation Stats 2 rh Mon Mar  9 01:52:24 CET 2026
#@# Parcellation Stats 3 rh Mon Mar  9 01:52:29 CET 2026
#@# BA_exvivo Labels rh Mon Mar  9 01:52:35 CET 2026
recon-all -s sub-v1s16x0051184_ses-1 finished without error at Mon Mar  9 01:54:21 CET 2026
