status file for recon-all
Mon Mar  9 01:05:36 CET 2026
#@# Tessellate lh Mon Mar  9 01:05:37 CET 2026
#@# Smooth1 lh Mon Mar  9 01:05:39 CET 2026
#@# Inflation1 lh Mon Mar  9 01:05:41 CET 2026
#@# QSphere lh Mon Mar  9 01:05:52 CET 2026
#@# Fix Topology lh Mon Mar  9 01:06:46 CET 2026
#@# Smooth2 lh Mon Mar  9 01:11:05 CET 2026
#@# Inflation2 lh Mon Mar  9 01:11:06 CET 2026
#@# Curv .H and .K lh Mon Mar  9 01:11:18 CET 2026
#@# Sphere lh Mon Mar  9 01:11:48 CET 2026
#@# Surf Reg lh Mon Mar  9 01:14:30 CET 2026
#@# Jacobian white lh Mon Mar  9 01:17:50 CET 2026
#@# AvgCurv lh Mon Mar  9 01:17:51 CET 2026
#@# Cortical Parc lh Mon Mar  9 01:17:51 CET 2026
#@# white curv lh Mon Mar  9 01:22:45 CET 2026
#@# white area lh Mon Mar  9 01:22:46 CET 2026
#@# pial curv lh Mon Mar  9 01:22:47 CET 2026
#@# pial area lh Mon Mar  9 01:22:48 CET 2026
#@# thickness lh Mon Mar  9 01:22:49 CET 2026
#@# area and vertex vol lh Mon Mar  9 01:23:04 CET 2026
#@# Curvature Stats lh Mon Mar  9 01:23:05 CET 2026
#@# Cortical Parc 2 lh Mon Mar  9 01:23:06 CET 2026
#@# Cortical Parc 3 lh Mon Mar  9 01:23:15 CET 2026
#@# WM/GM Contrast lh Mon Mar  9 01:23:21 CET 2026
recon-all -s sub-v1s16x0051184_ses-1 finished without error at Mon Mar  9 01:23:23 CET 2026



#New# invocation of recon-all 



status file for recon-all
Mon Mar  9 01:50:03 CET 2026
#@# white curv lh Mon Mar  9 01:50:03 CET 2026
#@# white area lh Mon Mar  9 01:50:04 CET 2026
#@# pial curv lh Mon Mar  9 01:50:04 CET 2026
#@# pial area lh Mon Mar  9 01:50:04 CET 2026
#@# thickness lh Mon Mar  9 01:50:04 CET 2026
#@# area and vertex vol lh Mon Mar  9 01:50:04 CET 2026
#@# Parcellation Stats lh Mon Mar  9 01:50:04 CET 2026
#@# Parcellation Stats 2 lh Mon Mar  9 01:50:15 CET 2026
#@# Parcellation Stats 3 lh Mon Mar  9 01:50:20 CET 2026
#@# BA_exvivo Labels lh Mon Mar  9 01:50:26 CET 2026
recon-all -s sub-v1s16x0051184_ses-1 finished without error at Mon Mar  9 01:52:10 CET 2026
