status file for recon-all
Sun Mar  8 23:44:25 CET 2026
#@# MotionCor Sun Mar  8 23:44:26 CET 2026
#@# Talairach Sun Mar  8 23:44:32 CET 2026
#@# Talairach Failure Detection Sun Mar  8 23:47:22 CET 2026
#@# Nu Intensity Correction Sun Mar  8 23:47:22 CET 2026
#@# Intensity Normalization Sun Mar  8 23:50:08 CET 2026
recon-all -s sub-v1s16x0051184_ses-1 finished without error at Sun Mar  8 23:51:02 CET 2026



#New# invocation of recon-all 



status file for recon-all
Sun Mar  8 23:56:53 CET 2026
#@# EM Registration Sun Mar  8 23:56:53 CET 2026
recon-all -s sub-v1s16x0051184_ses-1 finished without error at Sun Mar  8 23:58:18 CET 2026



#New# invocation of recon-all 



status file for recon-all
Sun Mar  8 23:58:19 CET 2026
#@# CA Normalize Sun Mar  8 23:58:19 CET 2026
#@# CA Reg Sun Mar  8 23:59:12 CET 2026
#@# SubCort Seg Mon Mar  9 00:41:01 CET 2026
#@# CC Seg Mon Mar  9 01:00:51 CET 2026
#@# Merge ASeg Mon Mar  9 01:02:01 CET 2026
#@# Intensity Normalization2 Mon Mar  9 01:02:01 CET 2026
#@# Mask BFS Mon Mar  9 01:03:18 CET 2026
#@# WM Segmentation Mon Mar  9 01:03:19 CET 2026
#@# Fill Mon Mar  9 01:04:54 CET 2026
recon-all -s sub-v1s16x0051184_ses-1 finished without error at Mon Mar  9 01:05:31 CET 2026



#New# invocation of recon-all 



status file for recon-all
Mon Mar  9 01:47:51 CET 2026
#@# white curv lh Mon Mar  9 01:47:51 CET 2026
#@# white area lh Mon Mar  9 01:47:51 CET 2026
#@# pial curv lh Mon Mar  9 01:47:51 CET 2026
#@# pial area lh Mon Mar  9 01:47:51 CET 2026
#@# thickness lh Mon Mar  9 01:47:51 CET 2026
#@# area and vertex vol lh Mon Mar  9 01:47:51 CET 2026
#@# white curv rh Mon Mar  9 01:47:51 CET 2026
#@# white area rh Mon Mar  9 01:47:51 CET 2026
#@# pial curv rh Mon Mar  9 01:47:51 CET 2026
#@# pial area rh Mon Mar  9 01:47:51 CET 2026
#@# thickness rh Mon Mar  9 01:47:51 CET 2026
#@# area and vertex vol rh Mon Mar  9 01:47:51 CET 2026
#@# Cortical ribbon mask Mon Mar  9 01:47:51 CET 2026
recon-all -s sub-v1s16x0051184_ses-1 finished without error at Mon Mar  9 01:49:59 CET 2026



#New# invocation of recon-all 



status file for recon-all
Mon Mar  9 01:54:25 CET 2026
#@# white curv lh Mon Mar  9 01:54:25 CET 2026
#@# white area lh Mon Mar  9 01:54:26 CET 2026
#@# pial curv lh Mon Mar  9 01:54:26 CET 2026
#@# pial area lh Mon Mar  9 01:54:26 CET 2026
#@# thickness lh Mon Mar  9 01:54:26 CET 2026
#@# area and vertex vol lh Mon Mar  9 01:54:26 CET 2026
#@# white curv rh Mon Mar  9 01:54:26 CET 2026
#@# white area rh Mon Mar  9 01:54:26 CET 2026
#@# pial curv rh Mon Mar  9 01:54:26 CET 2026
#@# pial area rh Mon Mar  9 01:54:26 CET 2026
#@# thickness rh Mon Mar  9 01:54:26 CET 2026
#@# area and vertex vol rh Mon Mar  9 01:54:26 CET 2026
#@# Curvature Stats lh Mon Mar  9 01:54:26 CET 2026
#@# Curvature Stats rh Mon Mar  9 01:54:27 CET 2026
#@# Relabel Hypointensities Mon Mar  9 01:54:28 CET 2026
#@# APas-to-ASeg Mon Mar  9 01:54:38 CET 2026
#@# AParc-to-ASeg aparc Mon Mar  9 01:54:44 CET 2026
#@# AParc-to-ASeg aparc.a2009s Mon Mar  9 01:55:01 CET 2026
#@# AParc-to-ASeg aparc.DKTatlas Mon Mar  9 01:55:20 CET 2026
#@# WMParc Mon Mar  9 01:55:38 CET 2026
#@# ASeg Stats Mon Mar  9 01:57:43 CET 2026
recon-all -s sub-v1s16x0051184_ses-1 finished without error at Mon Mar  9 01:58:01 CET 2026
