/out/sourcedata/freesurfer/sub-v1s16x0051181_ses-1/mri
/opt/freesurfer/bin/talairach_avi
--i orig_nu.mgz --xfm transforms/talairach.auto.xfm
talairach_avi 7.3.2
Linux dna075 5.14.0-427.37.1.el9_4.x86_64 #1 SMP PREEMPT_DYNAMIC Fri Sep 13 12:41:50 EDT 2024 x86_64 x86_64 x86_64 GNU/Linux
Sun Mar  8 23:24:27 CET 2026
mri_convert orig_nu.mgz talsrcimg.img 
reading from orig_nu.mgz...
TR=0.00, TE=0.00, TI=0.00, flip angle=0.00
i_ras = (-1, 0, 0)
j_ras = (0, 0, -1)
k_ras = (0, 1, 0)
writing to talsrcimg.img...
Analyze Output Matrix
-1.00000   0.00000   0.00000   129.42622;
 0.00000   0.00000   1.00000  -132.34792;
 0.00000  -1.00000   0.00000   127.08522;
 0.00000   0.00000   0.00000   1.00000;
--------------------
INFO: set hdr.hist.orient to -1
mpr2mni305 talsrcimg
Sun Mar  8 23:24:28 CET 2026
/opt/freesurfer/bin/mpr2mni305 talsrcimg
mpr2mni305 7.3.2
target=711-2C_as_mni_average_305

---------------------------------------------------------------------
analyzeto4dfp talsrcimg -O0 -y
---------------------------------------------------------------------

freesurfer ifh2hdr.c
Sun Mar  8 23:24:28 2026
Writing: talsrcimg.4dfp.hdr
freesurfer analyzeto4dfp.c
Reading: talsrcimg.hdr
header size 348 bytes
hdr.dime.datatype	offset=70	value=2
hdr.dime.bitpix		offset=72	value=8
hdr.hist.orient		offset=252	value=-1
dimensionality     4
dimensions       256       256       256         1
Reading: talsrcimg.img
Writing: talsrcimg.4dfp.img
Writing: talsrcimg.4dfp.ifh
ifh2hdr talsrcimg -r0to228
ori=2

---------------------------------------------------------------------
gauss_4dfp talsrcimg 1.1
---------------------------------------------------------------------

freesurfer gauss_4dfp.c
Reading: talsrcimg.4dfp.img
Writing: talsrcimg_g11.4dfp.img
image dimensions 256 256 256 padded to 288 288 288
processing volume 1freesurfer ifh2hdr.c
Sun Mar  8 23:24:29 2026
Writing: talsrcimg_g11.4dfp.hdr

Writing: talsrcimg_g11.4dfp.ifh
including: talsrcimg.4dfp.img.rec in talsrcimg_g11.4dfp.img.rec

---------------------------------------------------------------------
imgreg_4dfp /opt/freesurfer/average/711-2C_as_mni_average_305 none talsrcimg_g11 none talsrcimg_to_711-2C_as_mni_average_305_t4 4355
---------------------------------------------------------------------

freesurfer imgreg_4dfp.c
/opt/freesurfer/average/711-2C_as_mni_average_305.4dfp.img
       256       256       256         1
  1.000000  1.000000  1.000000
orientation T byte_order littleendian
Reading image: /opt/freesurfer/average/711-2C_as_mni_average_305.4dfp.img
dimensions:      256       256       256
mmppix:       1.0000   -1.0000   -1.0000
center:     128.0000 -129.0000 -129.0000
talsrcimg_g11.4dfp.img
       256       256       256         1
  1.000000  1.000000  1.000000
orientation T byte_order littleendian
Reading image: talsrcimg_g11.4dfp.img
dimensions:      256       256       256
mmppix:       1.0000   -1.0000   -1.0000
center:     128.0000 -129.0000 -129.0000
t4_read: open error in t4_sub.f l:  41 t4_file(1:l)talsrcimg_to_711-2C_as_mni_average_305_t4 
t4_read: transform initialized to I4
rotation matrix determinant  1.000000
image alignment mode   4355 decimal     1103 hex
   -7.5000  -45.0000  -45.0000 4897.2280   32.6041
    0.0000  -45.0000  -45.0000 5065.7930   32.6820
    7.5000  -45.0000  -45.0000 4793.5684   32.6377
   -7.5000  -37.5000  -45.0000 5381.1914   31.5724
    0.0000  -37.5000  -45.0000 5574.7456   31.6527
    7.5000  -37.5000  -45.0000 5296.1816   31.6183
   -7.5000  -30.0000  -45.0000 6066.6313   30.8721
    0.0000  -30.0000  -45.0000 6277.7363   30.9350
    7.5000  -30.0000  -45.0000 5969.5029   30.8995
   -7.5000  -22.5000  -45.0000 6834.6294   30.4935
    0.0000  -22.5000  -45.0000 7075.3760   30.5446
    7.5000  -22.5000  -45.0000 6736.8579   30.5036
   -7.5000  -15.0000  -45.0000 7653.7451   30.4400
    0.0000  -15.0000  -45.0000 7913.1348   30.4869
    7.5000  -15.0000  -45.0000 7525.9790   30.4345
   -7.5000   -7.5000  -45.0000 8585.8594   30.4083
    0.0000   -7.5000  -45.0000 8868.1250   30.4683
    7.5000   -7.5000  -45.0000 8392.8076   30.4162
   -7.5000    0.0000  -45.0000 9405.9150   30.4181
    0.0000    0.0000  -45.0000 9731.9346   30.4951
    7.5000    0.0000  -45.0000 9191.1514   30.4541
   -7.5000    7.5000  -45.0000 9443.3477   30.4731
    0.0000    7.5000  -45.0000 9761.5947   30.5490
    7.5000    7.5000  -45.0000 9198.1348   30.5137
   -7.5000   15.0000  -45.0000 9332.1055   30.5128
    0.0000   15.0000  -45.0000 9633.3037   30.5758
    7.5000   15.0000  -45.0000 9106.2314   30.5409
   -7.5000   22.5000  -45.0000 9197.6514   30.4852
    0.0000   22.5000  -45.0000 9510.1113   30.5363
    7.5000   22.5000  -45.0000 9005.4551   30.4953
   -7.5000   30.0000  -45.0000 8977.6582   30.0343
    0.0000   30.0000  -45.0000 9252.1338   30.0806
    7.5000   30.0000  -45.0000 8751.7266   30.0290
   -7.5000   37.5000  -45.0000 9089.4727   30.0030
    0.0000   37.5000  -45.0000 9361.8955   30.0622
    7.5000   37.5000  -45.0000 8847.2266   30.0108
   -7.5000   45.0000  -45.0000 8888.9561   29.2507
    0.0000   45.0000  -45.0000 9151.8926   29.3247
    7.5000   45.0000  -45.0000 8684.2568   29.2852
   -7.5000  -45.0000  -37.5000 5247.9766   31.9690
    0.0000  -45.0000  -37.5000 5436.4790   31.9929
    7.5000  -45.0000  -37.5000 5152.3994   31.9423
   -7.5000  -37.5000  -37.5000 5783.1914   31.0105
    0.0000  -37.5000  -37.5000 5988.0303   31.0239
    7.5000  -37.5000  -37.5000 5685.0166   30.9708
   -7.5000  -30.0000  -37.5000 6537.6353   30.3704
    0.0000  -30.0000  -37.5000 6753.6938   30.3709
    7.5000  -30.0000  -37.5000 6422.4395   30.3153
   -7.5000  -22.5000  -37.5000 7375.5195   30.0092
    0.0000  -22.5000  -37.5000 7627.8291   30.0163
    7.5000  -22.5000  -37.5000 7239.2808   29.9625
   -7.5000  -15.0000  -37.5000 8272.9883   29.9232
    0.0000  -15.0000  -37.5000 8547.6865   29.9434
    7.5000  -15.0000  -37.5000 8084.6919   29.8903
   -7.5000   -7.5000  -37.5000 9228.5762   29.8540
    0.0000   -7.5000  -37.5000 9503.6250   29.8846
    7.5000   -7.5000  -37.5000 8990.5664   29.8345
   -7.5000    0.0000  -37.500010111.1787   29.8573
    0.0000    0.0000  -37.500010419.0986   29.8864
    7.5000    0.0000  -37.5000 9837.8027   29.8380
   -7.5000    7.5000  -37.500010145.3525   29.9412
    0.0000    7.5000  -37.500010445.0166   29.9545
    7.5000    7.5000  -37.5000 9858.8359   29.9027
   -7.5000   15.0000  -37.5000 9997.3154   30.0201
    0.0000   15.0000  -37.500010288.3076   30.0219
    7.5000   15.0000  -37.5000 9709.1973   29.9675
   -7.5000   22.5000  -37.5000 9825.1426   30.0011
    0.0000   22.5000  -37.500010089.8145   30.0082
    7.5000   22.5000  -37.5000 9541.8027   29.9544
   -7.5000   30.0000  -37.5000 9554.9014   29.5244
    0.0000   30.0000  -37.5000 9781.3096   29.5444
    7.5000   30.0000  -37.5000 9242.6768   29.4920
   -7.5000   37.5000  -37.5000 9691.3232   29.4562
    0.0000   37.5000  -37.5000 9901.5850   29.4864
    7.5000   37.5000  -37.5000 9345.1748   29.4369
   -7.5000   45.0000  -37.5000 9468.1582   28.7114
    0.0000   45.0000  -37.5000 9680.8965   28.7394
    7.5000   45.0000  -37.5000 9173.4844   28.6928
   -7.5000  -45.0000  -30.0000 5775.9980   33.1770
    0.0000  -45.0000  -30.0000 5960.7310   33.1359
    7.5000  -45.0000  -30.0000 5643.9653   33.0652
   -7.5000  -37.5000  -30.0000 6330.7134   32.1937
    0.0000  -37.5000  -30.0000 6538.9619   32.1404
    7.5000  -37.5000  -30.0000 6204.5581   32.0543
   -7.5000  -30.0000  -30.0000 7211.4360   31.5534
    0.0000  -30.0000  -30.0000 7430.9209   31.4919
    7.5000  -30.0000  -30.0000 7037.4253   31.3958
   -7.5000  -22.5000  -30.0000 8156.6602   31.1984
    0.0000  -22.5000  -30.0000 8414.8389   31.1531
    7.5000  -22.5000  -30.0000 7926.3965   31.0647
   -7.5000  -15.0000  -30.0000 9161.0381   31.1041
    0.0000  -15.0000  -30.0000 9410.4287   31.0793
    7.5000  -15.0000  -30.0000 8845.1719   31.0069
   -7.5000   -7.5000  -30.000010172.4639   31.0088
    0.0000   -7.5000  -30.000010438.0215   30.9916
    7.5000   -7.5000  -30.0000 9805.7012   30.9295
   -7.5000    0.0000  -30.000011075.3564   30.9927
    0.0000    0.0000  -30.000011366.4531   30.9654
    7.5000    0.0000  -30.000010703.0547   30.8995
   -7.5000    7.5000  -30.000011137.4502   31.0845
    0.0000    7.5000  -30.000011422.0605   31.0358
    7.5000    7.5000  -30.000010755.1465   30.9540
   -7.5000   15.0000  -30.000011006.2695   31.1910
    0.0000   15.0000  -30.000011283.6348   31.1319
    7.5000   15.0000  -30.000010620.5410   31.0377
   -7.5000   22.5000  -30.000010792.7070   31.1868
    0.0000   22.5000  -30.000011046.4580   31.1416
    7.5000   22.5000  -30.000010390.0713   31.0531
   -7.5000   30.0000  -30.000010445.9805   30.6925
    0.0000   30.0000  -30.000010662.4980   30.6681
    7.5000   30.0000  -30.000010046.1982   30.5966
   -7.5000   37.5000  -30.000010566.7119   30.5984
    0.0000   37.5000  -30.000010755.4375   30.5815
    7.5000   37.5000  -30.000010135.1475   30.5203
   -7.5000   45.0000  -30.000010295.3564   29.8251
    0.0000   45.0000  -30.000010477.0996   29.7988
    7.5000   45.0000  -30.0000 9892.3936   29.7354
   -7.5000  -45.0000  -22.5000 6282.6616   34.2739
    0.0000  -45.0000  -22.5000 6485.0405   34.2261
    7.5000  -45.0000  -22.5000 6147.1196   34.1441
   -7.5000  -37.5000  -22.5000 6904.0205   33.2263
    0.0000  -37.5000  -22.5000 7112.8047   33.1801
    7.5000  -37.5000  -22.5000 6740.7744   33.0826
   -7.5000  -30.0000  -22.5000 7874.0605   32.5474
    0.0000  -30.0000  -22.5000 8096.2993   32.4921
    7.5000  -30.0000  -22.5000 7639.0737   32.3774
   -7.5000  -22.5000  -22.5000 8917.8301   32.1951
    0.0000  -22.5000  -22.5000 9155.4873   32.1421
    7.5000  -22.5000  -22.5000 8621.1660   32.0325
   -7.5000  -15.0000  -22.500010000.1543   32.1336
    0.0000  -15.0000  -22.500010239.0625   32.0883
    7.5000  -15.0000  -22.5000 9610.0264   31.9975
   -7.5000   -7.5000  -22.500011077.8213   32.0561
    0.0000   -7.5000  -22.500011350.7637   32.0197
    7.5000   -7.5000  -22.500010643.3486   31.9449
   -7.5000    0.0000  -22.500012049.1367   32.0260
    0.0000    0.0000  -22.500012346.0254   31.9934
    7.5000    0.0000  -22.500011601.5244   31.9200
   -7.5000    7.5000  -22.500012126.6777   32.0884
    0.0000    7.5000  -22.500012432.8066   32.0467
    7.5000    7.5000  -22.500011654.1094   31.9541
   -7.5000   15.0000  -22.500012061.9150   32.1759
    0.0000   15.0000  -22.500012363.8301   32.1228
    7.5000   15.0000  -22.500011514.6582   32.0098
   -7.5000   22.5000  -22.500011825.7070   32.1809
    0.0000   22.5000  -22.500012061.4346   32.1280
    7.5000   22.5000  -22.500011238.3740   32.0184
   -7.5000   30.0000  -22.500011396.2842   31.7133
    0.0000   30.0000  -22.500011603.2285   31.6685
    7.5000   30.0000  -22.500010878.1768   31.5790
   -7.5000   37.5000  -22.500011479.8809   31.6368
    0.0000   37.5000  -22.500011673.1387   31.6009
    7.5000   37.5000  -22.500010938.0918   31.5271
   -7.5000   45.0000  -22.500011135.3105   30.8426
    0.0000   45.0000  -22.500011327.7734   30.8112
    7.5000   45.0000  -22.500010641.4307   30.7405
   -7.5000  -45.0000  -15.0000 6798.6890   35.0527
    0.0000  -45.0000  -15.0000 7019.9038   35.0578
    7.5000  -45.0000  -15.0000 6639.9526   34.9823
   -7.5000  -37.5000  -15.0000 7475.8799   33.9393
    0.0000  -37.5000  -15.0000 7712.8965   33.9614
    7.5000  -37.5000  -15.0000 7308.6855   33.8834
   -7.5000  -30.0000  -15.0000 8510.2852   33.2022
    0.0000  -30.0000  -15.0000 8766.3887   33.2097
    7.5000  -30.0000  -15.0000 8254.2383   33.1155
   -7.5000  -22.5000  -15.0000 9679.0039   32.8348
    0.0000  -22.5000  -15.0000 9926.9336   32.8216
    7.5000  -22.5000  -15.0000 9325.0293   32.7240
   -7.5000  -15.0000  -15.000010818.3809   32.8109
    0.0000  -15.0000  -15.000011091.8818   32.7853
    7.5000  -15.0000  -15.000010385.4033   32.6936
   -7.5000   -7.5000  -15.000011993.4043   32.7773
    0.0000   -7.5000  -15.000012279.1045   32.7652
    7.5000   -7.5000  -15.000011517.1250   32.6873
   -7.5000    0.0000  -15.000013087.0859   32.7554
    0.0000    0.0000  -15.000013395.6650   32.7697
    7.5000    0.0000  -15.000012562.3887   32.7039
   -7.5000    7.5000  -15.000013163.7686   32.7831
    0.0000    7.5000  -15.000013479.0684   32.8055
    7.5000    7.5000  -15.000012580.7461   32.7304
   -7.5000   15.0000  -15.000013100.8613   32.8246
    0.0000   15.0000  -15.000013398.8691   32.8332
    7.5000   15.0000  -15.000012385.8174   32.7399
   -7.5000   22.5000  -15.000012752.7207   32.8189
    0.0000   22.5000  -15.000013004.0322   32.8058
    7.5000   22.5000  -15.000012055.8848   32.7082
   -7.5000   30.0000  -15.000012324.1240   32.3863
    0.0000   30.0000  -15.000012542.4629   32.3610
    7.5000   30.0000  -15.000011679.1562   32.2705
   -7.5000   37.5000  -15.000012393.7646   32.3531
    0.0000   37.5000  -15.000012621.1562   32.3411
    7.5000   37.5000  -15.000011755.3555   32.2643
   -7.5000   45.0000  -15.000011972.6689   31.5641
    0.0000   45.0000  -15.000012194.0566   31.5779
    7.5000   45.0000  -15.000011411.7979   31.5145
   -7.5000  -45.0000   -7.5000 7393.9688   35.4617
    0.0000  -45.0000   -7.5000 7655.0254   35.5309
    7.5000  -45.0000   -7.5000 7210.1353   35.4746
   -7.5000  -37.5000   -7.5000 8147.1470   34.3305
    0.0000  -37.5000   -7.5000 8414.5303   34.4167
    7.5000  -37.5000   -7.5000 7953.9907   34.3704
   -7.5000  -30.0000   -7.5000 9284.4873   33.5620
    0.0000  -30.0000   -7.5000 9536.0801   33.6290
    7.5000  -30.0000   -7.5000 8994.0137   33.5743
   -7.5000  -22.5000   -7.500010487.6309   33.1652
    0.0000  -22.5000   -7.500010783.9326   33.2046
    7.5000  -22.5000   -7.500010150.7363   33.1415
   -7.5000  -15.0000   -7.500011747.5605   33.1386
    0.0000  -15.0000   -7.500012086.2227   33.1604
    7.5000  -15.0000   -7.500011357.1602   33.0885
   -7.5000   -7.5000   -7.500013016.7246   33.1267
    0.0000   -7.5000   -7.500013369.1436   33.1646
    7.5000   -7.5000   -7.500012536.2598   33.0984
   -7.5000    0.0000   -7.500014238.6562   33.1294
    0.0000    0.0000   -7.500014614.9238   33.1999
    7.5000    0.0000   -7.500013703.3037   33.1504
   -7.5000    7.5000   -7.500014349.0400   33.1596
    0.0000    7.5000   -7.500014712.8643   33.2416
    7.5000    7.5000   -7.500013720.4570   33.1951
   -7.5000   15.0000   -7.500014262.5605   33.1791
    0.0000   15.0000   -7.500014506.1191   33.2462
    7.5000   15.0000   -7.500013406.7666   33.1919
   -7.5000   22.5000   -7.500013758.1143   33.1456
    0.0000   22.5000   -7.500014015.5000   33.1850
    7.5000   22.5000   -7.500013014.7031   33.1219
   -7.5000   30.0000   -7.500013284.5674   32.7088
    0.0000   30.0000   -7.500013534.3984   32.7304
    7.5000   30.0000   -7.500012591.2227   32.6594
   -7.5000   37.5000   -7.500013382.2959   32.6971
    0.0000   37.5000   -7.500013629.0039   32.7346
    7.5000   37.5000   -7.500012682.2061   32.6692
   -7.5000   45.0000   -7.500012863.0195   31.9305
    0.0000   45.0000   -7.500013117.7363   31.9985
    7.5000   45.0000   -7.500012230.6250   31.9507
   -7.5000  -45.0000    0.0000 7973.8984   35.5700
    0.0000  -45.0000    0.0000 8247.2959   35.6548
    7.5000  -45.0000    0.0000 7789.9468   35.6093
   -7.5000  -37.5000    0.0000 8812.9492   34.4655
    0.0000  -37.5000    0.0000 9106.0654   34.5528
    7.5000  -37.5000    0.0000 8593.4561   34.5173
   -7.5000  -30.0000    0.000010007.7051   33.7118
    0.0000  -30.0000    0.000010309.0498   33.7795
    7.5000  -30.0000    0.0000 9716.9492   33.7421
   -7.5000  -22.5000    0.000011253.9014   33.2999
    0.0000  -22.5000    0.000011642.0645   33.3538
    7.5000  -22.5000    0.000010963.3799   33.3103
   -7.5000  -15.0000    0.000012577.6406   33.2393
    0.0000  -15.0000    0.000012981.2129   33.2886
    7.5000  -15.0000    0.000012232.5566   33.2333
   -7.5000   -7.5000    0.000013956.3115   33.2067
    0.0000   -7.5000    0.000014382.5410   33.2712
    7.5000   -7.5000    0.000013531.7002   33.2165
   -7.5000    0.0000    0.000015264.5850   33.2214
    0.0000    0.0000    0.000015730.6055   33.3052
    7.5000    0.0000    0.000014772.1631   33.2626
   -7.5000    7.5000    0.000015548.4346   33.2831
    0.0000    7.5000    0.000015873.2646   33.3658
    7.5000    7.5000    0.000014796.4219   33.3292
   -7.5000   15.0000    0.000015353.5488   33.3248
    0.0000   15.0000    0.000015571.7354   33.3927
    7.5000   15.0000    0.000014445.9434   33.3559
   -7.5000   22.5000    0.000014694.8223   33.2802
    0.0000   22.5000    0.000014956.5244   33.3340
    7.5000   22.5000    0.000013992.6260   33.2906
   -7.5000   30.0000    0.000014118.9580   32.8091
    0.0000   30.0000    0.000014397.7754   32.8578
    7.5000   30.0000    0.000013523.6816   32.8032
   -7.5000   37.5000    0.000014206.4980   32.7769
    0.0000   37.5000    0.000014462.5625   32.8406
    7.5000   37.5000    0.000013556.2080   32.7866
   -7.5000   45.0000    0.000013617.8242   32.0216
    0.0000   45.0000    0.000013893.2715   32.1024
    7.5000   45.0000    0.000013029.5957   32.0613
   -7.5000  -45.0000    7.5000 7882.4834   35.6182
    0.0000  -45.0000    7.5000 8142.3159   35.6441
    7.5000  -45.0000    7.5000 7701.6426   35.5876
   -7.5000  -37.5000    7.5000 8784.4082   34.5500
    0.0000  -37.5000    7.5000 9031.1855   34.5640
    7.5000  -37.5000    7.5000 8536.2510   34.5049
   -7.5000  -30.0000    7.5000 9965.3955   33.8361
    0.0000  -30.0000    7.500010246.8379   33.8359
    7.5000  -30.0000    7.5000 9723.3496   33.7737
   -7.5000  -22.5000    7.500011196.0830   33.4340
    0.0000  -22.5000    7.500011547.4258   33.4412
    7.5000  -22.5000    7.500010964.9297   33.3809
   -7.5000  -15.0000    7.500012455.3574   33.3383
    0.0000  -15.0000    7.500012847.9639   33.3602
    7.5000  -15.0000    7.500012177.3799   33.3008
   -7.5000   -7.5000    7.500013822.1104   33.2618
    0.0000   -7.5000    7.500014253.0254   33.2953
    7.5000   -7.5000    7.500013445.8428   33.2392
   -7.5000    0.0000    7.500015297.2129   33.2658
    0.0000    0.0000    7.500015740.1162   33.2976
    7.5000    0.0000    7.500014731.4902   33.2434
   -7.5000    7.5000    7.500015681.8213   33.3590
    0.0000    7.5000    7.500015904.2051   33.3731
    7.5000    7.5000    7.500014731.0635   33.3153
   -7.5000   15.0000    7.500015244.5947   33.4464
    0.0000   15.0000    7.500015532.5850   33.4477
    7.5000   15.0000    7.500014384.1592   33.3869
   -7.5000   22.5000    7.500014515.9443   33.4142
    0.0000   22.5000    7.500014879.5791   33.4214
    7.5000   22.5000    7.500013960.2617   33.3612
   -7.5000   30.0000    7.500013940.1992   32.9069
    0.0000   30.0000    7.500014317.2324   32.9285
    7.5000   30.0000    7.500013458.3447   32.8698
   -7.5000   37.5000    7.500013998.8086   32.8314
    0.0000   37.5000    7.500014351.1387   32.8644
    7.5000   37.5000    7.500013492.2598   32.8090
   -7.5000   45.0000    7.500013449.2695   32.0644
    0.0000   45.0000    7.500013731.8604   32.0950
    7.5000   45.0000    7.500012876.6748   32.0428
   -7.5000  -45.0000   15.0000 7708.9263   35.6266
    0.0000  -45.0000   15.0000 7944.0493   35.5825
    7.5000  -45.0000   15.0000 7499.2085   35.5066
   -7.5000  -37.5000   15.0000 8557.3096   34.5708
    0.0000  -37.5000   15.0000 8779.8330   34.5135
    7.5000  -37.5000   15.0000 8278.0674   34.4211
   -7.5000  -30.0000   15.0000 9690.5107   33.8832
    0.0000  -30.0000   15.0000 9943.4375   33.8172
    7.5000  -30.0000   15.0000 9402.9336   33.7139
   -7.5000  -22.5000   15.000010887.4775   33.5020
    0.0000  -22.5000   15.000011199.1289   33.4533
    7.5000  -22.5000   15.000010618.2109   33.3584
   -7.5000  -15.0000   15.000012083.1680   33.4006
    0.0000  -15.0000   15.000012442.6318   33.3741
    7.5000  -15.0000   15.000011819.8574   33.2963
   -7.5000   -7.5000   15.000013390.4883   33.2983
    0.0000   -7.5000   15.000013789.4160   33.2798
    7.5000   -7.5000   15.000013077.8350   33.2132
   -7.5000    0.0000   15.000014886.7178   33.2810
    0.0000    0.0000   15.000015230.4512   33.2517
    7.5000    0.0000   15.000014324.2871   33.1810
   -7.5000    7.5000   15.000015072.6934   33.3796
    0.0000    7.5000   15.000015444.0127   33.3274
    7.5000    7.5000   15.000014362.8535   33.2395
   -7.5000   15.0000   15.000014473.9648   33.4940
    0.0000   15.0000   15.000015032.1689   33.4305
    7.5000   15.0000   15.000014087.0293   33.3294
   -7.5000   22.5000   15.000013925.3672   33.4821
    0.0000   22.5000   15.000014501.5664   33.4335
    7.5000   22.5000   15.000013659.3184   33.3386
   -7.5000   30.0000   15.000013549.0869   32.9684
    0.0000   30.0000   15.000014045.0117   32.9421
    7.5000   30.0000   15.000013160.8740   32.8654
   -7.5000   37.5000   15.000013700.0850   32.8674
    0.0000   37.5000   15.000014113.4326   32.8491
    7.5000   37.5000   15.000013182.8057   32.7834
   -7.5000   45.0000   15.000013122.9629   32.0791
    0.0000   45.0000   15.000013414.2451   32.0508
    7.5000   45.0000   15.000012503.2393   31.9826
   -7.5000  -45.0000   22.5000 7391.0630   35.5791
    0.0000  -45.0000   22.5000 7597.1567   35.5294
    7.5000  -45.0000   22.5000 7176.0596   35.4443
   -7.5000  -37.5000   22.5000 8202.1250   34.4916
    0.0000  -37.5000   22.5000 8438.7715   34.4436
    7.5000  -37.5000   22.5000 7985.4600   34.3423
   -7.5000  -30.0000   22.5000 9322.9668   33.7868
    0.0000  -30.0000   22.5000 9609.6211   33.7294
    7.5000  -30.0000   22.5000 9076.7812   33.6103
   -7.5000  -22.5000   22.500010495.4805   33.4211
    0.0000  -22.5000   22.500010831.2510   33.3661
    7.5000  -22.5000   22.500010226.1611   33.2523
   -7.5000  -15.0000   22.500011682.0908   33.3572
    0.0000  -15.0000   22.500012029.5752   33.3102
    7.5000  -15.0000   22.500011375.9795   33.2160
   -7.5000   -7.5000   22.500012892.7871   33.2768
    0.0000   -7.5000   22.500013283.2734   33.2390
    7.5000   -7.5000   22.500012555.0605   33.1614
   -7.5000    0.0000   22.500013994.8232   33.2455
    0.0000    0.0000   22.500014472.2646   33.2117
    7.5000    0.0000   22.500013656.4668   33.1355
   -7.5000    7.5000   22.500014155.9600   33.3103
    0.0000    7.5000   22.500014561.4307   33.2671
    7.5000    7.5000   22.500013686.4658   33.1710
   -7.5000   15.0000   22.500014039.7803   33.4011
    0.0000   15.0000   22.500014450.0986   33.3460
    7.5000   15.0000   22.500013489.9150   33.2288
   -7.5000   22.5000   22.500013628.2227   33.4013
    0.0000   22.5000   22.500013979.5381   33.3464
    7.5000   22.5000   22.500013096.9277   33.2326
   -7.5000   30.0000   22.500013202.1592   32.9255
    0.0000   30.0000   22.500013488.8232   32.8791
    7.5000   30.0000   22.500012626.0322   32.7861
   -7.5000   37.5000   22.500013224.1885   32.8462
    0.0000   37.5000   22.500013513.2100   32.8089
    7.5000   37.5000   22.500012618.1123   32.7322
   -7.5000   45.0000   22.500012517.3584   32.0448
    0.0000   45.0000   22.500012800.4756   32.0123
    7.5000   45.0000   22.500011957.7764   31.9388
   -7.5000  -45.0000   30.0000 7035.2412   35.5338
    0.0000  -45.0000   30.0000 7267.7427   35.5389
    7.5000  -45.0000   30.0000 6808.5493   35.4624
   -7.5000  -37.5000   30.0000 7753.8896   34.4050
    0.0000  -37.5000   30.0000 8004.3291   34.4274
    7.5000  -37.5000   30.0000 7567.6763   34.3484
   -7.5000  -30.0000   30.0000 8774.3193   33.6578
    0.0000  -30.0000   30.0000 9045.6084   33.6655
    7.5000  -30.0000   30.0000 8562.9404   33.5700
   -7.5000  -22.5000   30.0000 9925.1738   33.2854
    0.0000  -22.5000   30.000010183.5459   33.2721
    7.5000  -22.5000   30.0000 9624.2168   33.1731
   -7.5000  -15.0000   30.000011112.9170   33.2612
    0.0000  -15.0000   30.000011385.5156   33.2352
    7.5000  -15.0000   30.000010715.6035   33.1423
   -7.5000   -7.5000   30.000012250.6709   33.2271
    0.0000   -7.5000   30.000012567.3213   33.2148
    7.5000   -7.5000   30.000011816.8604   33.1359
   -7.5000    0.0000   30.000013282.2607   33.2050
    0.0000    0.0000   30.000013653.4834   33.2194
    7.5000    0.0000   30.000012893.8789   33.1527
   -7.5000    7.5000   30.000013314.6895   33.2330
    0.0000    7.5000   30.000013673.2217   33.2558
    7.5000    7.5000   30.000012876.4326   33.1796
   -7.5000   15.0000   30.000013311.9902   33.2751
    0.0000   15.0000   30.000013586.1943   33.2838
    7.5000   15.0000   30.000012725.0059   33.1892
   -7.5000   22.5000   30.000012974.0156   33.2657
    0.0000   22.5000   30.000013236.2012   33.2524
    7.5000   22.5000   30.000012434.5332   33.1535
   -7.5000   30.0000   30.000012482.4746   32.8308
    0.0000   30.0000   30.000012737.7783   32.8051
    7.5000   30.0000   30.000011992.8389   32.7134
   -7.5000   37.5000   30.000012459.1709   32.7971
    0.0000   37.5000   30.000012717.3203   32.7850
    7.5000   37.5000   30.000011978.1426   32.7071
   -7.5000   45.0000   30.000011747.7021   32.0057
    0.0000   45.0000   30.000011988.3613   32.0197
    7.5000   45.0000   30.000011316.1035   31.9554
   -7.5000  -45.0000   37.5000 6814.7686   35.6026
    0.0000  -45.0000   37.5000 7034.1279   35.6727
    7.5000  -45.0000   37.5000 6660.4902   35.6161
   -7.5000  -37.5000   37.5000 7526.4546   34.4650
    0.0000  -37.5000   37.5000 7756.5161   34.5520
    7.5000  -37.5000   37.5000 7337.6079   34.5056
   -7.5000  -30.0000   37.5000 8531.9863   33.6925
    0.0000  -30.0000   37.5000 8784.2314   33.7601
    7.5000  -30.0000   37.5000 8295.8301   33.7056
   -7.5000  -22.5000   37.5000 9649.3818   33.2936
    0.0000  -22.5000   37.5000 9930.3398   33.3334
    7.5000  -22.5000   37.5000 9364.6445   33.2705
   -7.5000  -15.0000   37.500010780.6445   33.2667
    0.0000  -15.0000   37.500011086.8232   33.2888
    7.5000  -15.0000   37.500010415.0820   33.2169
   -7.5000   -7.5000   37.500011849.1846   33.2544
    0.0000   -7.5000   37.500012205.5781   33.2929
    7.5000   -7.5000   37.500011504.3711   33.2264
   -7.5000    0.0000   37.500012794.5166   33.2568
    0.0000    0.0000   37.500013218.0547   33.3281
    7.5000    0.0000   37.500012519.8232   33.2784
   -7.5000    7.5000   37.500012770.4619   33.2873
    0.0000    7.5000   37.500013181.9473   33.3701
    7.5000    7.5000   37.500012511.7500   33.3236
   -7.5000   15.0000   37.500012676.6396   33.3075
    0.0000   15.0000   37.500013084.7676   33.3751
    7.5000   15.0000   37.500012339.6836   33.3209
   -7.5000   22.5000   37.500012456.6074   33.2739
    0.0000   22.5000   37.500012806.7119   33.3137
    7.5000   22.5000   37.500012093.8164   33.2508
   -7.5000   30.0000   37.500012105.5342   32.8361
    0.0000   30.0000   37.500012431.8809   32.8580
    7.5000   30.0000   37.500011708.5732   32.7870
   -7.5000   37.5000   37.500012130.0928   32.8240
    0.0000   37.5000   37.500012432.8135   32.8620
    7.5000   37.5000   37.500011694.3838   32.7964
   -7.5000   45.0000   37.500011425.1689   32.0557
    0.0000   45.0000   37.500011694.1240   32.1244
    7.5000   45.0000   37.500011047.6270   32.0765
   -7.5000  -45.0000   45.0000 6312.4805   35.6674
    0.0000  -45.0000   45.0000 6520.7188   35.7542
    7.5000  -45.0000   45.0000 6187.2451   35.7093
   -7.5000  -37.5000   45.0000 6990.2705   34.5524
    0.0000  -37.5000   45.0000 7216.2725   34.6416
    7.5000  -37.5000   45.0000 6811.4619   34.6066
   -7.5000  -30.0000   45.0000 7925.4795   33.7899
    0.0000  -30.0000   45.0000 8156.7954   33.8593
    7.5000  -30.0000   45.0000 7716.1826   33.8225
   -7.5000  -22.5000   45.0000 8924.6738   33.3733
    0.0000  -22.5000   45.0000 9180.2920   33.4283
    7.5000  -22.5000   45.0000 8689.8750   33.3859
   -7.5000  -15.0000   45.0000 9891.6846   33.3127
    0.0000  -15.0000   45.000010184.1387   33.3630
    7.5000  -15.0000   45.0000 9666.1982   33.3088
   -7.5000   -7.5000   45.000010873.2412   33.2805
    0.0000   -7.5000   45.000011195.5840   33.3464
    7.5000   -7.5000   45.000010636.3818   33.2927
   -7.5000    0.0000   45.000011750.1377   33.2955
    0.0000    0.0000   45.000012130.6025   33.3811
    7.5000    0.0000   45.000011516.8125   33.3392
   -7.5000    7.5000   45.000011736.6055   33.3572
    0.0000    7.5000   45.000012100.6377   33.4417
    7.5000    7.5000   45.000011539.5918   33.4055
   -7.5000   15.0000   45.000011573.7305   33.3986
    0.0000   15.0000   45.000011941.2744   33.4681
    7.5000   15.0000   45.000011377.8271   33.4319
   -7.5000   22.5000   45.000011368.4170   33.3534
    0.0000   22.5000   45.000011728.8516   33.4084
    7.5000   22.5000   45.000011150.3457   33.3659
   -7.5000   30.0000   45.000011070.0254   32.8787
    0.0000   30.0000   45.000011392.2646   32.9283
    7.5000   30.0000   45.000010826.8408   32.8749
   -7.5000   37.5000   45.000011154.9902   32.8470
    0.0000   37.5000   45.000011467.2031   32.9120
    7.5000   37.5000   45.000010871.4912   32.8590
   -7.5000   45.0000   45.000010525.7031   32.1075
    0.0000   45.0000   45.000010809.6895   32.1901
    7.5000   45.0000   45.000010240.9199   32.1497

---------------------------------------------------------------------
imgreg_4dfp /opt/freesurfer/average/711-2C_as_mni_average_305 /opt/freesurfer/average/711-2B_as_mni_average_305_mask talsrcimg_g11 none talsrcimg_to_711-2C_as_mni_average_305_t4 4355
---------------------------------------------------------------------

freesurfer imgreg_4dfp.c
/opt/freesurfer/average/711-2C_as_mni_average_305.4dfp.img
       256       256       256         1
  1.000000  1.000000  1.000000
orientation T byte_order littleendian
Reading image: /opt/freesurfer/average/711-2C_as_mni_average_305.4dfp.img
dimensions:      256       256       256
mmppix:       1.0000   -1.0000   -1.0000
center:     128.0000 -129.0000 -129.0000
/opt/freesurfer/average/711-2B_as_mni_average_305_mask.4dfp.img
       256       256       256         1
  1.000000  1.000000  1.000000
orientation T byte_order littleendian
Reading mask: /opt/freesurfer/average/711-2B_as_mni_average_305_mask.4dfp.img (2306576 pixels)
talsrcimg_g11.4dfp.img
       256       256       256         1
  1.000000  1.000000  1.000000
orientation T byte_order littleendian
Reading image: talsrcimg_g11.4dfp.img
dimensions:      256       256       256
mmppix:       1.0000   -1.0000   -1.0000
center:     128.0000 -129.0000 -129.0000
rotation matrix determinant  1.000000
image alignment mode   4355 decimal     1103 hex
   -7.5000  -37.5000  -37.5000 1689.1230   51.8458
    0.0000  -37.5000  -37.5000 1682.0609   52.2589
    7.5000  -37.5000  -37.5000 1661.9803   52.9952
   -7.5000  -30.0000  -37.5000 1811.8024   45.1177
    0.0000  -30.0000  -37.5000 1802.7997   45.2523
    7.5000  -30.0000  -37.5000 1786.3397   46.1018
   -7.5000  -22.5000  -37.5000 1925.8013   40.3616
    0.0000  -22.5000  -37.5000 1918.7571   40.5104
    7.5000  -22.5000  -37.5000 1891.9365   41.1965
   -7.5000  -15.0000  -37.5000 2025.3453   36.8333
    0.0000  -15.0000  -37.5000 2016.4094   36.9441
    7.5000  -15.0000  -37.5000 1985.3798   37.4214
   -7.5000   -7.5000  -37.5000 2115.2957   33.9840
    0.0000   -7.5000  -37.5000 2103.4380   34.1743
    7.5000   -7.5000  -37.5000 2078.2817   34.6045
   -7.5000    0.0000  -37.5000 2180.6033   31.8783
    0.0000    0.0000  -37.5000 2168.0969   32.0443
    7.5000    0.0000  -37.5000 2142.8250   32.4827
   -7.5000    7.5000  -37.5000 2220.7590   30.3205
    0.0000    7.5000  -37.5000 2204.0063   30.4809
    7.5000    7.5000  -37.5000 2172.2976   31.0221
   -7.5000   15.0000  -37.5000 2223.3975   29.2748
    0.0000   15.0000  -37.5000 2214.3655   29.4167
    7.5000   15.0000  -37.5000 2189.9287   30.1444
   -7.5000   22.5000  -37.5000 2228.0923   28.8508
    0.0000   22.5000  -37.5000 2211.2534   28.9729
    7.5000   22.5000  -37.5000 2189.1042   29.6181
   -7.5000   30.0000  -37.5000 2203.3889   28.7002
    0.0000   30.0000  -37.5000 2187.3247   28.9111
    7.5000   30.0000  -37.5000 2159.3000   29.6049
   -7.5000   37.5000  -37.5000 2190.1821   29.3043
    0.0000   37.5000  -37.5000 2167.6624   29.4658
    7.5000   37.5000  -37.5000 2131.7056   30.2338
   -7.5000   45.0000  -37.5000 2147.0261   30.5216
    0.0000   45.0000  -37.5000 2130.2979   30.7351
    7.5000   45.0000  -37.5000 2097.8037   31.5049
   -7.5000   52.5000  -37.5000 2070.6934   32.3536
    0.0000   52.5000  -37.5000 2053.1367   32.5808
    7.5000   52.5000  -37.5000 2022.0779   33.4806
   -7.5000  -37.5000  -30.0000 1782.1995   49.0106
    0.0000  -37.5000  -30.0000 1777.6091   49.0196
    7.5000  -37.5000  -30.0000 1761.7822   49.6769
   -7.5000  -30.0000  -30.0000 1926.7587   42.7218
    0.0000  -30.0000  -30.0000 1917.3600   42.8116
    7.5000  -30.0000  -30.0000 1891.7716   43.2219
   -7.5000  -22.5000  -30.0000 2051.9844   38.0861
    0.0000  -22.5000  -30.0000 2041.9548   38.1883
    7.5000  -22.5000  -30.0000 2008.5974   38.5278
   -7.5000  -15.0000  -30.0000 2161.7148   34.7985
    0.0000  -15.0000  -30.0000 2145.2122   34.8622
    7.5000  -15.0000  -30.0000 2103.7957   35.1701
   -7.5000   -7.5000  -30.0000 2250.1775   32.1668
    0.0000   -7.5000  -30.0000 2234.2808   32.2104
    7.5000   -7.5000  -30.0000 2195.3691   32.5599
   -7.5000    0.0000  -30.0000 2311.7236   30.1893
    0.0000    0.0000  -30.0000 2297.1296   30.2051
    7.5000    0.0000  -30.0000 2261.0793   30.5750
   -7.5000    7.5000  -30.0000 2362.5693   28.5776
    0.0000    7.5000  -30.0000 2339.2749   28.6406
    7.5000    7.5000  -30.0000 2305.3420   29.1741
   -7.5000   15.0000  -30.0000 2378.6731   27.7148
    0.0000   15.0000  -30.0000 2361.4238   27.7409
    7.5000   15.0000  -30.0000 2326.8127   28.3379
   -7.5000   22.5000  -30.0000 2385.8701   27.3255
    0.0000   22.5000  -30.0000 2362.0676   27.3398
    7.5000   22.5000  -30.0000 2337.9443   27.9758
   -7.5000   30.0000  -30.0000 2358.2744   27.2716
    0.0000   30.0000  -30.0000 2336.2844   27.2880
    7.5000   30.0000  -30.0000 2303.7864   27.9533
   -7.5000   37.5000  -30.0000 2342.3013   27.6709
    0.0000   37.5000  -30.0000 2312.3130   27.6825
    7.5000   37.5000  -30.0000 2272.4714   28.4653
   -7.5000   45.0000  -30.0000 2298.2629   28.8517
    0.0000   45.0000  -30.0000 2275.4919   28.9044
    7.5000   45.0000  -30.0000 2234.4749   29.7438
   -7.5000   52.5000  -30.0000 2210.7434   30.6827
    0.0000   52.5000  -30.0000 2187.5884   30.7748
    7.5000   52.5000  -30.0000 2151.8599   31.6359
   -7.5000  -37.5000  -22.5000 1863.2588   45.8914
    0.0000  -37.5000  -22.5000 1854.0398   45.8732
    7.5000  -37.5000  -22.5000 1835.5083   46.4666
   -7.5000  -30.0000  -22.5000 2017.4657   40.2316
    0.0000  -30.0000  -22.5000 2007.0310   40.1966
    7.5000  -30.0000  -22.5000 1971.9438   40.6104
   -7.5000  -22.5000  -22.5000 2153.9187   36.0164
    0.0000  -22.5000  -22.5000 2138.5762   35.9019
    7.5000  -22.5000  -22.5000 2100.7590   36.2064
   -7.5000  -15.0000  -22.5000 2265.9998   32.7353
    0.0000  -15.0000  -22.5000 2243.7271   32.5860
    7.5000  -15.0000  -22.5000 2201.0029   32.7521
   -7.5000   -7.5000  -22.5000 2358.8784   30.1173
    0.0000   -7.5000  -22.5000 2341.0007   30.0459
    7.5000   -7.5000  -22.5000 2297.1111   30.3119
   -7.5000    0.0000  -22.5000 2417.7205   28.2077
    0.0000    0.0000  -22.5000 2402.2888   28.2874
    7.5000    0.0000  -22.5000 2365.2415   28.5370
   -7.5000    7.5000  -22.5000 2473.0110   26.7848
    0.0000    7.5000  -22.5000 2455.5317   26.8980
    7.5000    7.5000  -22.5000 2417.5076   27.3315
   -7.5000   15.0000  -22.5000 2508.4531   25.9660
    0.0000   15.0000  -22.5000 2488.5676   25.9506
    7.5000   15.0000  -22.5000 2447.7097   26.4479
   -7.5000   22.5000  -22.5000 2526.6790   25.6278
    0.0000   22.5000  -22.5000 2502.7312   25.5947
    7.5000   22.5000  -22.5000 2464.8782   26.0768
   -7.5000   30.0000  -22.5000 2502.3679   25.5798
    0.0000   30.0000  -22.5000 2476.1282   25.5949
    7.5000   30.0000  -22.5000 2431.3545   26.1531
   -7.5000   37.5000  -22.5000 2480.3044   26.0360
    0.0000   37.5000  -22.5000 2455.5718   26.0836
    7.5000   37.5000  -22.5000 2396.7620   26.7114
   -7.5000   45.0000  -22.5000 2433.0203   27.2429
    0.0000   45.0000  -22.5000 2408.6143   27.3452
    7.5000   45.0000  -22.5000 2351.3977   28.0406
   -7.5000   52.5000  -22.5000 2338.2871   28.8537
    0.0000   52.5000  -22.5000 2318.2009   28.9836
    7.5000   52.5000  -22.5000 2264.4631   29.7394
   -7.5000  -37.5000  -15.0000 1917.9744   43.1475
    0.0000  -37.5000  -15.0000 1904.4575   43.1241
    7.5000  -37.5000  -15.0000 1880.6501   44.0957
   -7.5000  -30.0000  -15.0000 2075.6296   37.8836
    0.0000  -30.0000  -15.0000 2067.4570   37.8909
    7.5000  -30.0000  -15.0000 2025.4474   38.6635
   -7.5000  -22.5000  -15.0000 2222.3835   33.8957
    0.0000  -22.5000  -15.0000 2206.8098   33.7916
    7.5000  -22.5000  -15.0000 2164.2151   34.2234
   -7.5000  -15.0000  -15.0000 2341.2629   30.7816
    0.0000  -15.0000  -15.0000 2319.4983   30.6230
    7.5000  -15.0000  -15.0000 2274.6292   30.8952
   -7.5000   -7.5000  -15.0000 2443.8728   28.2716
    0.0000   -7.5000  -15.0000 2420.9153   28.1798
    7.5000   -7.5000  -15.0000 2375.0454   28.4256
   -7.5000    0.0000  -15.0000 2516.2605   26.3438
    0.0000    0.0000  -15.0000 2492.1052   26.3639
    7.5000    0.0000  -15.0000 2456.8157   26.7295
   -7.5000    7.5000  -15.0000 2564.2815   25.1362
    0.0000    7.5000  -15.0000 2547.0439   25.2419
    7.5000    7.5000  -15.0000 2504.6567   25.5876
   -7.5000   15.0000  -15.0000 2601.7026   24.2981
    0.0000   15.0000  -15.0000 2582.6541   24.4126
    7.5000   15.0000  -15.0000 2539.1790   24.7768
   -7.5000   22.5000  -15.0000 2620.0681   23.8759
    0.0000   22.5000  -15.0000 2603.9822   23.9325
    7.5000   22.5000  -15.0000 2556.0410   24.3089
   -7.5000   30.0000  -15.0000 2610.1885   23.8789
    0.0000   30.0000  -15.0000 2585.6926   23.9433
    7.5000   30.0000  -15.0000 2529.5859   24.4388
   -7.5000   37.5000  -15.0000 2599.1338   24.4885
    0.0000   37.5000  -15.0000 2573.5388   24.5748
    7.5000   37.5000  -15.0000 2507.7305   25.1779
   -7.5000   45.0000  -15.0000 2541.6145   25.7702
    0.0000   45.0000  -15.0000 2519.0205   25.8535
    7.5000   45.0000  -15.0000 2456.7415   26.5652
   -7.5000   52.5000  -15.0000 2438.9753   27.4084
    0.0000   52.5000  -15.0000 2417.8350   27.4553
    7.5000   52.5000  -15.0000 2361.6765   28.2224
   -7.5000  -37.5000   -7.5000 1964.0056   41.0103
    0.0000  -37.5000   -7.5000 1952.9755   41.0703
    7.5000  -37.5000   -7.5000 1924.6350   42.0894
   -7.5000  -30.0000   -7.5000 2128.8911   36.0236
    0.0000  -30.0000   -7.5000 2112.5876   36.0362
    7.5000  -30.0000   -7.5000 2079.4915   36.8973
   -7.5000  -22.5000   -7.5000 2273.9478   32.0612
    0.0000  -22.5000   -7.5000 2264.2468   32.0167
    7.5000  -22.5000   -7.5000 2224.0127   32.6577
   -7.5000  -15.0000   -7.5000 2397.4951   28.9107
    0.0000  -15.0000   -7.5000 2386.8040   28.8435
    7.5000  -15.0000   -7.5000 2345.4712   29.3866
   -7.5000   -7.5000   -7.5000 2511.6562   26.4179
    0.0000   -7.5000   -7.5000 2493.4736   26.3898
    7.5000   -7.5000   -7.5000 2449.0405   26.8974
   -7.5000    0.0000   -7.5000 2601.0588   24.7835
    0.0000    0.0000   -7.5000 2577.7883   24.7495
    7.5000    0.0000   -7.5000 2533.4761   25.1738
   -7.5000    7.5000   -7.5000 2656.5298   23.5936
    0.0000    7.5000   -7.5000 2637.7214   23.6785
    7.5000    7.5000   -7.5000 2593.8018   24.0528
   -7.5000   15.0000   -7.5000 2695.6641   22.8206
    0.0000   15.0000   -7.5000 2675.9153   22.9811
    7.5000   15.0000   -7.5000 2624.1973   23.2669
   -7.5000   22.5000   -7.5000 2704.5376   22.3208
    0.0000   22.5000   -7.5000 2686.9553   22.3705
    7.5000   22.5000   -7.5000 2640.5015   22.8198
   -7.5000   30.0000   -7.5000 2705.3506   22.3142
    0.0000   30.0000   -7.5000 2680.2048   22.4159
    7.5000   30.0000   -7.5000 2624.9609   22.9790
   -7.5000   37.5000   -7.5000 2693.9175   23.0488
    0.0000   37.5000   -7.5000 2665.6328   23.1522
    7.5000   37.5000   -7.5000 2601.7683   23.7615
   -7.5000   45.0000   -7.5000 2631.4541   24.4015
    0.0000   45.0000   -7.5000 2608.8040   24.5096
    7.5000   45.0000   -7.5000 2548.7488   25.1721
   -7.5000   52.5000   -7.5000 2514.5002   26.0636
    0.0000   52.5000   -7.5000 2497.3630   26.1882
    7.5000   52.5000   -7.5000 2442.9900   26.8623
   -7.5000  -37.5000    0.0000 1990.9227   39.4350
    0.0000  -37.5000    0.0000 1988.1638   39.5873
    7.5000  -37.5000    0.0000 1961.1738   40.8860
   -7.5000  -30.0000    0.0000 2153.1492   34.5348
    0.0000  -30.0000    0.0000 2145.4370   34.5902
    7.5000  -30.0000    0.0000 2119.6406   35.4988
   -7.5000  -22.5000    0.0000 2297.0859   30.5234
    0.0000  -22.5000    0.0000 2297.2529   30.6155
    7.5000  -22.5000    0.0000 2267.0613   31.3999
   -7.5000  -15.0000    0.0000 2432.0234   27.3998
    0.0000  -15.0000    0.0000 2427.0376   27.5122
    7.5000  -15.0000    0.0000 2393.3665   28.2357
   -7.5000   -7.5000    0.0000 2554.6499   25.0653
    0.0000   -7.5000    0.0000 2540.5725   25.1491
    7.5000   -7.5000    0.0000 2500.9934   25.8686
   -7.5000    0.0000    0.0000 2659.4626   23.3217
    0.0000    0.0000    0.0000 2636.6558   23.3824
    7.5000    0.0000    0.0000 2583.2625   24.0171
   -7.5000    7.5000    0.0000 2740.0176   22.3027
    0.0000    7.5000    0.0000 2716.2815   22.3203
    7.5000    7.5000    0.0000 2662.9783   22.9038
   -7.5000   15.0000    0.0000 2784.7273   21.6021
    0.0000   15.0000    0.0000 2757.5706   21.6124
    7.5000   15.0000    0.0000 2700.3892   22.1265
   -7.5000   22.5000    0.0000 2786.6086   21.0144
    0.0000   22.5000    0.0000 2765.1328   21.0788
    7.5000   22.5000    0.0000 2718.4722   21.7407
   -7.5000   30.0000    0.0000 2781.7917   21.1336
    0.0000   30.0000    0.0000 2760.3003   21.2291
    7.5000   30.0000    0.0000 2707.7866   21.9554
   -7.5000   37.5000    0.0000 2762.3894   21.8952
    0.0000   37.5000    0.0000 2737.2236   22.0069
    7.5000   37.5000    0.0000 2678.7102   22.7042
   -7.5000   45.0000    0.0000 2684.0796   23.3703
    0.0000   45.0000    0.0000 2672.7119   23.5291
    7.5000   45.0000    0.0000 2615.3743   24.1816
   -7.5000   52.5000    0.0000 2561.9321   25.0745
    0.0000   52.5000    0.0000 2549.6379   25.2642
    7.5000   52.5000    0.0000 2501.1565   25.9420
   -7.5000  -37.5000    7.5000 2017.4614   38.4575
    0.0000  -37.5000    7.5000 2009.8857   38.5691
    7.5000  -37.5000    7.5000 1985.2169   40.1023
   -7.5000  -30.0000    7.5000 2167.0596   33.5099
    0.0000  -30.0000    7.5000 2160.4097   33.5319
    7.5000  -30.0000    7.5000 2148.1125   34.8377
   -7.5000  -22.5000    7.5000 2310.9465   29.4332
    0.0000  -22.5000    7.5000 2309.6196   29.6192
    7.5000  -22.5000    7.5000 2294.6892   30.7879
   -7.5000  -15.0000    7.5000 2447.3533   26.3526
    0.0000  -15.0000    7.5000 2446.3198   26.5243
    7.5000  -15.0000    7.5000 2424.8662   27.5851
   -7.5000   -7.5000    7.5000 2579.7976   24.0382
    0.0000   -7.5000    7.5000 2575.4236   24.2228
    7.5000   -7.5000    7.5000 2532.6594   25.0587
   -7.5000    0.0000    7.5000 2695.8013   22.3879
    0.0000    0.0000    7.5000 2680.3882   22.5042
    7.5000    0.0000    7.5000 2624.4451   23.2489
   -7.5000    7.5000    7.5000 2805.8679   21.3013
    0.0000    7.5000    7.5000 2778.8584   21.4144
    7.5000    7.5000    7.5000 2711.1018   21.9976
   -7.5000   15.0000    7.5000 2872.3870   20.5512
    0.0000   15.0000    7.5000 2831.1301   20.5837
    7.5000   15.0000    7.5000 2752.1707   21.2120
   -7.5000   22.5000    7.5000 2865.3489   19.9294
    0.0000   22.5000    7.5000 2839.8113   20.1581
    7.5000   22.5000    7.5000 2778.1501   20.9658
   -7.5000   30.0000    7.5000 2848.7896   20.1783
    0.0000   30.0000    7.5000 2829.1003   20.4260
    7.5000   30.0000    7.5000 2766.9529   21.3011
   -7.5000   37.5000    7.5000 2809.7678   21.1297
    0.0000   37.5000    7.5000 2791.5654   21.3738
    7.5000   37.5000    7.5000 2730.6963   22.0962
   -7.5000   45.0000    7.5000 2728.9006   22.6123
    0.0000   45.0000    7.5000 2712.0842   22.8523
    7.5000   45.0000    7.5000 2659.9358   23.4818
   -7.5000   52.5000    7.5000 2599.7686   24.3212
    0.0000   52.5000    7.5000 2587.2644   24.5373
    7.5000   52.5000    7.5000 2536.0154   25.2064
   -7.5000  -37.5000   15.0000 2021.9991   38.0490
    0.0000  -37.5000   15.0000 2013.6749   38.0667
    7.5000  -37.5000   15.0000 1983.6659   39.4143
   -7.5000  -30.0000   15.0000 2168.9890   32.9354
    0.0000  -30.0000   15.0000 2163.2947   32.9904
    7.5000  -30.0000   15.0000 2142.0100   34.2000
   -7.5000  -22.5000   15.0000 2308.7649   28.9347
    0.0000  -22.5000   15.0000 2308.6113   29.0432
    7.5000  -22.5000   15.0000 2284.9282   30.2739
   -7.5000  -15.0000   15.0000 2447.1829   25.7865
    0.0000  -15.0000   15.0000 2441.3225   25.9437
    7.5000  -15.0000   15.0000 2412.6277   27.1255
   -7.5000   -7.5000   15.0000 2577.9983   23.4330
    0.0000   -7.5000   15.0000 2568.8730   23.5895
    7.5000   -7.5000   15.0000 2532.7183   24.6372
   -7.5000    0.0000   15.0000 2690.1177   21.6898
    0.0000    0.0000   15.0000 2677.1111   21.8688
    7.5000    0.0000   15.0000 2641.0254   22.8607
   -7.5000    7.5000   15.0000 2807.3413   20.6921
    0.0000    7.5000   15.0000 2788.8496   20.8462
    7.5000    7.5000   15.0000 2732.3965   21.5074
   -7.5000   15.0000   15.0000 2895.8960   19.7513
    0.0000   15.0000   15.0000 2857.1943   20.0081
    7.5000   15.0000   15.0000 2771.8318   20.7598
   -7.5000   22.5000   15.0000 2910.0259   19.1828
    0.0000   22.5000   15.0000 2874.2522   19.7453
    7.5000   22.5000   15.0000 2797.8140   20.5846
   -7.5000   30.0000   15.0000 2890.2690   19.9297
    0.0000   30.0000   15.0000 2869.6702   20.2608
    7.5000   30.0000   15.0000 2785.4287   20.9356
   -7.5000   37.5000   15.0000 2838.1042   20.9967
    0.0000   37.5000   15.0000 2818.9631   21.1735
    7.5000   37.5000   15.0000 2747.2119   21.7564
   -7.5000   45.0000   15.0000 2750.7769   22.3570
    0.0000   45.0000   15.0000 2724.7415   22.4578
    7.5000   45.0000   15.0000 2665.3660   23.0612
   -7.5000   52.5000   15.0000 2618.8430   24.0351
    0.0000   52.5000   15.0000 2593.4402   24.0963
    7.5000   52.5000   15.0000 2540.2424   24.6848
   -7.5000  -37.5000   22.5000 2010.1615   38.0660
    0.0000  -37.5000   22.5000 2003.8536   38.2232
    7.5000  -37.5000   22.5000 1983.0533   39.5815
   -7.5000  -30.0000   22.5000 2163.9094   32.8852
    0.0000  -30.0000   22.5000 2164.7212   33.1126
    7.5000  -30.0000   22.5000 2140.1838   34.4028
   -7.5000  -22.5000   22.5000 2308.8809   28.8400
    0.0000  -22.5000   22.5000 2312.8547   29.0812
    7.5000  -22.5000   22.5000 2282.1147   30.3017
   -7.5000  -15.0000   22.5000 2443.7043   25.6748
    0.0000  -15.0000   22.5000 2440.0598   25.8444
    7.5000  -15.0000   22.5000 2408.9485   26.9876
   -7.5000   -7.5000   22.5000 2570.8784   23.2944
    0.0000   -7.5000   22.5000 2564.6279   23.4439
    7.5000   -7.5000   22.5000 2530.7266   24.5075
   -7.5000    0.0000   22.5000 2680.8711   21.6451
    0.0000    0.0000   22.5000 2664.1243   21.7644
    7.5000    0.0000   22.5000 2634.9231   22.6690
   -7.5000    7.5000   22.5000 2776.7119   20.5254
    0.0000    7.5000   22.5000 2756.2271   20.6705
    7.5000    7.5000   22.5000 2725.0576   21.4419
   -7.5000   15.0000   22.5000 2868.2473   19.8466
    0.0000   15.0000   22.5000 2835.9800   20.0716
    7.5000   15.0000   22.5000 2772.2385   20.7222
   -7.5000   22.5000   22.5000 2904.8201   19.6776
    0.0000   22.5000   22.5000 2861.1277   19.8238
    7.5000   22.5000   22.5000 2788.3167   20.4869
   -7.5000   30.0000   22.5000 2887.9282   20.1695
    0.0000   30.0000   22.5000 2847.8535   20.2479
    7.5000   30.0000   22.5000 2778.1118   20.8748
   -7.5000   37.5000   22.5000 2834.6384   21.0898
    0.0000   37.5000   22.5000 2808.9946   21.2043
    7.5000   37.5000   22.5000 2736.8618   21.7060
   -7.5000   45.0000   22.5000 2741.5583   22.4103
    0.0000   45.0000   22.5000 2721.1216   22.5597
    7.5000   45.0000   22.5000 2660.3044   23.0191
   -7.5000   52.5000   22.5000 2611.2302   23.9329
    0.0000   52.5000   22.5000 2593.8613   24.0928
    7.5000   52.5000   22.5000 2533.0652   24.5411
   -7.5000  -37.5000   30.0000 1988.3423   38.4215
    0.0000  -37.5000   30.0000 1979.3987   38.6154
    7.5000  -37.5000   30.0000 1964.8121   40.2326
   -7.5000  -30.0000   30.0000 2140.3428   33.0336
    0.0000  -30.0000   30.0000 2130.2876   33.1973
    7.5000  -30.0000   30.0000 2118.3330   34.6612
   -7.5000  -22.5000   30.0000 2295.1069   29.0716
    0.0000  -22.5000   30.0000 2280.3215   29.2182
    7.5000  -22.5000   30.0000 2262.9036   30.4561
   -7.5000  -15.0000   30.0000 2436.3906   26.0686
    0.0000  -15.0000   30.0000 2419.6233   26.1779
    7.5000  -15.0000   30.0000 2390.9075   27.1805
   -7.5000   -7.5000   30.0000 2565.5083   23.7713
    0.0000   -7.5000   30.0000 2548.1047   23.9473
    7.5000   -7.5000   30.0000 2509.8340   24.7780
   -7.5000    0.0000   30.0000 2671.7886   22.1553
    0.0000    0.0000   30.0000 2653.3403   22.3517
    7.5000    0.0000   30.0000 2613.1536   23.1081
   -7.5000    7.5000   30.0000 2764.2683   20.9028
    0.0000    7.5000   30.0000 2744.4565   21.1741
    7.5000    7.5000   30.0000 2695.6099   21.9444
   -7.5000   15.0000   30.0000 2845.1831   20.3818
    0.0000   15.0000   30.0000 2815.2981   20.6158
    7.5000   15.0000   30.0000 2745.1680   21.2000
   -7.5000   22.5000   30.0000 2868.7681   20.3488
    0.0000   22.5000   30.0000 2831.6497   20.4624
    7.5000   22.5000   30.0000 2766.5955   20.9493
   -7.5000   30.0000   30.0000 2834.1448   20.6391
    0.0000   30.0000   30.0000 2802.0112   20.6654
    7.5000   30.0000   30.0000 2739.6936   21.1605
   -7.5000   37.5000   30.0000 2789.0430   21.4778
    0.0000   37.5000   30.0000 2757.9185   21.4953
    7.5000   37.5000   30.0000 2695.4968   22.0013
   -7.5000   45.0000   30.0000 2697.0203   22.7729
    0.0000   45.0000   30.0000 2677.2759   22.8180
    7.5000   45.0000   30.0000 2622.2141   23.3419
   -7.5000   52.5000   30.0000 2575.6055   24.2485
    0.0000   52.5000   30.0000 2553.1938   24.2924
    7.5000   52.5000   30.0000 2505.2766   24.8719
   -7.5000  -37.5000   37.5000 1963.3912   39.0210
    0.0000  -37.5000   37.5000 1952.7732   39.2443
    7.5000  -37.5000   37.5000 1930.0292   40.7409
   -7.5000  -30.0000   37.5000 2124.6851   33.8858
    0.0000  -30.0000   37.5000 2114.1721   34.0839
    7.5000  -30.0000   37.5000 2086.3679   35.3325
   -7.5000  -22.5000   37.5000 2285.5400   29.9729
    0.0000  -22.5000   37.5000 2273.2949   30.1663
    7.5000  -22.5000   37.5000 2244.7944   31.2579
   -7.5000  -15.0000   37.5000 2429.9507   26.9330
    0.0000  -15.0000   37.5000 2412.0364   27.1679
    7.5000  -15.0000   37.5000 2374.0361   28.1400
   -7.5000   -7.5000   37.5000 2552.1692   24.5605
    0.0000   -7.5000   37.5000 2532.2847   24.8231
    7.5000   -7.5000   37.5000 2491.0159   25.7571
   -7.5000    0.0000   37.5000 2649.9192   22.7886
    0.0000    0.0000   37.5000 2632.8582   23.1032
    7.5000    0.0000   37.5000 2590.0007   24.0026
   -7.5000    7.5000   37.5000 2737.9417   21.6450
    0.0000    7.5000   37.5000 2718.3381   21.9704
    7.5000    7.5000   37.5000 2663.7886   22.7908
   -7.5000   15.0000   37.5000 2803.1931   21.1005
    0.0000   15.0000   37.5000 2783.8242   21.4011
    7.5000   15.0000   37.5000 2713.4304   22.0816
   -7.5000   22.5000   37.5000 2818.0212   21.0857
    0.0000   22.5000   37.5000 2793.9456   21.3130
    7.5000   22.5000   37.5000 2729.5588   21.8613
   -7.5000   30.0000   37.5000 2791.3535   21.3566
    0.0000   30.0000   37.5000 2765.7834   21.4524
    7.5000   30.0000   37.5000 2701.9548   21.9891
   -7.5000   37.5000   37.5000 2733.1426   22.1324
    0.0000   37.5000   37.5000 2711.5771   22.2162
    7.5000   37.5000   37.5000 2650.8081   22.7320
   -7.5000   45.0000   37.5000 2651.4321   23.4975
    0.0000   45.0000   37.5000 2630.8247   23.5780
    7.5000   45.0000   37.5000 2576.9316   24.0830
   -7.5000   52.5000   37.5000 2528.3931   24.9046
    0.0000   52.5000   37.5000 2509.1584   24.9361
    7.5000   52.5000   37.5000 2462.7991   25.5345
   -7.5000  -37.5000   45.0000 1946.4298   40.0371
    0.0000  -37.5000   45.0000 1941.1100   40.3427
    7.5000  -37.5000   45.0000 1905.7083   41.8743
   -7.5000  -30.0000   45.0000 2107.9028   34.9181
    0.0000  -30.0000   45.0000 2099.4985   35.2015
    7.5000  -30.0000   45.0000 2061.5703   36.5141
   -7.5000  -22.5000   45.0000 2265.5894   31.0074
    0.0000  -22.5000   45.0000 2251.6648   31.2415
    7.5000  -22.5000   45.0000 2213.9998   32.3665
   -7.5000  -15.0000   45.0000 2396.6799   27.9343
    0.0000  -15.0000   45.0000 2383.7388   28.1382
    7.5000  -15.0000   45.0000 2341.9331   29.2695
   -7.5000   -7.5000   45.0000 2512.9028   25.5226
    0.0000   -7.5000   45.0000 2496.2996   25.8413
    7.5000   -7.5000   45.0000 2454.0117   26.8684
   -7.5000    0.0000   45.0000 2606.1709   23.7786
    0.0000    0.0000   45.0000 2589.3433   24.1127
    7.5000    0.0000   45.0000 2536.0325   25.0846
   -7.5000    7.5000   45.0000 2686.7229   22.7363
    0.0000    7.5000   45.0000 2664.5251   23.0646
    7.5000    7.5000   45.0000 2611.5544   23.9049
   -7.5000   15.0000   45.0000 2725.7605   22.2239
    0.0000   15.0000   45.0000 2708.6709   22.4631
    7.5000   15.0000   45.0000 2653.3250   23.2436
   -7.5000   22.5000   45.0000 2748.5708   22.1465
    0.0000   22.5000   45.0000 2728.9973   22.3411
    7.5000   22.5000   45.0000 2665.1404   23.0146
   -7.5000   30.0000   45.0000 2718.4038   22.3366
    0.0000   30.0000   45.0000 2698.4502   22.5119
    7.5000   30.0000   45.0000 2636.2751   23.1379
   -7.5000   37.5000   45.0000 2657.2734   23.1657
    0.0000   37.5000   45.0000 2640.3252   23.3865
    7.5000   37.5000   45.0000 2584.9856   23.9185
   -7.5000   45.0000   45.0000 2580.2209   24.4016
    0.0000   45.0000   45.0000 2562.2095   24.6657
    7.5000   45.0000   45.0000 2512.2122   25.1895
   -7.5000   52.5000   45.0000 2457.7771   25.9200
    0.0000   52.5000   45.0000 2443.3906   26.0861
    7.5000   52.5000   45.0000 2401.6687   26.6915
   -7.5000  -37.5000   52.5000 1923.0583   41.7277
    0.0000  -37.5000   52.5000 1919.1399   41.7855
    7.5000  -37.5000   52.5000 1880.3958   43.3490
   -7.5000  -30.0000   52.5000 2086.8430   36.4461
    0.0000  -30.0000   52.5000 2075.8477   36.5063
    7.5000  -30.0000   52.5000 2032.8586   37.9416
   -7.5000  -22.5000   52.5000 2242.6060   32.3756
    0.0000  -22.5000   52.5000 2223.7212   32.4981
    7.5000  -22.5000   52.5000 2178.2095   33.6903
   -7.5000  -15.0000   52.5000 2368.8674   29.2544
    0.0000  -15.0000   52.5000 2354.0630   29.4167
    7.5000  -15.0000   52.5000 2305.5259   30.5002
   -7.5000   -7.5000   52.5000 2466.8115   26.8845
    0.0000   -7.5000   52.5000 2449.8723   27.0628
    7.5000   -7.5000   52.5000 2403.2812   28.0690
   -7.5000    0.0000   52.5000 2550.4780   25.1707
    0.0000    0.0000   52.5000 2531.8745   25.3907
    7.5000    0.0000   52.5000 2480.9294   26.3432
   -7.5000    7.5000   52.5000 2611.0654   24.1187
    0.0000    7.5000   52.5000 2593.4080   24.3528
    7.5000    7.5000   52.5000 2545.1409   25.2168
   -7.5000   15.0000   52.5000 2641.3882   23.6438
    0.0000   15.0000   52.5000 2624.4692   23.8163
    7.5000   15.0000   52.5000 2582.4697   24.5404
   -7.5000   22.5000   52.5000 2660.6270   23.5655
    0.0000   22.5000   52.5000 2645.3818   23.6924
    7.5000   22.5000   52.5000 2591.7063   24.3164
   -7.5000   30.0000   52.5000 2635.4338   23.7096
    0.0000   30.0000   52.5000 2619.2881   23.8311
    7.5000   30.0000   52.5000 2569.0920   24.4596
   -7.5000   37.5000   52.5000 2585.0454   24.5001
    0.0000   37.5000   52.5000 2565.7942   24.6365
    7.5000   37.5000   52.5000 2518.0261   25.2942
   -7.5000   45.0000   52.5000 2508.8264   25.7042
    0.0000   45.0000   52.5000 2494.5325   25.8676
    7.5000   45.0000   52.5000 2442.4827   26.5526
   -7.5000   52.5000   52.5000 2378.8945   27.1793
    0.0000   52.5000   52.5000 2369.7327   27.2869
    7.5000   52.5000   52.5000 2333.2874   27.9801

---------------------------------------------------------------------
imgreg_4dfp /opt/freesurfer/average/711-2C_as_mni_average_305 /opt/freesurfer/average/711-2B_as_mni_average_305_mask talsrcimg_g11 none talsrcimg_to_711-2C_as_mni_average_305_t4 1283
---------------------------------------------------------------------

freesurfer imgreg_4dfp.c
/opt/freesurfer/average/711-2C_as_mni_average_305.4dfp.img
       256       256       256         1
  1.000000  1.000000  1.000000
orientation T byte_order littleendian
Reading image: /opt/freesurfer/average/711-2C_as_mni_average_305.4dfp.img
dimensions:      256       256       256
mmppix:       1.0000   -1.0000   -1.0000
center:     128.0000 -129.0000 -129.0000
/opt/freesurfer/average/711-2B_as_mni_average_305_mask.4dfp.img
       256       256       256         1
  1.000000  1.000000  1.000000
orientation T byte_order littleendian
Reading mask: /opt/freesurfer/average/711-2B_as_mni_average_305_mask.4dfp.img (2306576 pixels)
talsrcimg_g11.4dfp.img
       256       256       256         1
  1.000000  1.000000  1.000000
orientation T byte_order littleendian
Reading image: talsrcimg_g11.4dfp.img
dimensions:      256       256       256
mmppix:       1.0000   -1.0000   -1.0000
center:     128.0000 -129.0000 -129.0000
rotation matrix determinant  1.000000
fimgreg.f
image alignment mode   1283 decimal      503 hex
parameters
   -7.5000   22.5000   15.0000    0.0000    0.0000    0.0000
eta,q 0.91036 19.10147
niter,ni,del,rscale     5    3   12.0000    1.2000
parameter  2  0.485859 -> -0.500000 qaram    1.1500
parameter  4 -0.624658 -> -0.500000 qaram    1.1500
parameters
   -5.0172   25.9500   14.7334    3.4500    1.5898   -0.0879
eta,q 0.91459 19.32911
  0.1027  0.0923  0.1022  0.0976  0.0919  0.0906
  0.0990  0.0952  0.0953  0.0935  0.0906  0.0877
  0.0984  0.0976  0.0900  0.0899  0.0878  0.0861
  0.0960  0.0949  0.0881  0.0874  0.0862  0.0854
  0.0941  0.0892  0.0935  0.0861  0.0854  0.0861
  0.0950  0.0873  0.0979  0.0863  0.0862  0.0882
  0.0968  0.0880  0.1029  0.0863  0.0888  0.0907
niter,ni,del,rscale     6    3   12.0000    1.2000
parameters
   -5.1922   25.1470   15.1630    5.8011    1.0304    0.5278
eta,q 0.91581 19.20800
  0.0965  0.0918  0.1025  0.0937  0.0900  0.0918
  0.0953  0.0897  0.0973  0.0902  0.0874  0.0887
  0.0885  0.0868  0.0909  0.0875  0.0848  0.0861
  0.0854  0.0854  0.0860  0.0854  0.0845  0.0843
  0.0868  0.0859  0.0867  0.0845  0.0861  0.0844
  0.0925  0.0920  0.0937  0.0848  0.0891  0.0861
  0.1013  0.0972  0.0998  0.0874  0.0922  0.0900
niter,ni,del,rscale     5    3   12.0000    1.2000
parameters
   -5.0802   24.0866   15.3764    6.8054    1.0099    0.6512
eta,q 0.91728 19.06296
  0.0948  0.0911  0.0998  0.0920  0.0896  0.0910
  0.0944  0.0882  0.0936  0.0895  0.0866  0.0875
  0.0881  0.0833  0.0878  0.0857  0.0836  0.0843
  0.0842  0.0841  0.0834  0.0832  0.0828  0.0828
  0.0860  0.0857  0.0843  0.0828  0.0841  0.0836
  0.0901  0.0916  0.0914  0.0853  0.0865  0.0866
  0.0971  0.0990  0.0990  0.0892  0.0897  0.0909
niter,ni,del,rscale     4    3   12.0000    1.2000
parameters
   -5.0306   23.6491   15.4921    7.0903    1.0807    0.6352
eta,q 0.91737 19.00906
  0.0929  0.0924  0.0980  0.0923  0.0893  0.0906
  0.0920  0.0903  0.0911  0.0890  0.0862  0.0871
  0.0859  0.0843  0.0855  0.0842  0.0832  0.0839
  0.0827  0.0827  0.0827  0.0827  0.0826  0.0826
  0.0847  0.0847  0.0840  0.0835  0.0839  0.0837
  0.0882  0.0894  0.0899  0.0867  0.0858  0.0867
  0.0953  0.0976  0.0975  0.0917  0.0889  0.0910
niter,ni,del,rscale     3    3   12.0000    1.2000
parameters
   -5.0513   23.4949   15.5453    7.1930    1.0980    0.6422
eta,q 0.91731 18.98540
  0.0923  0.0928  0.0972  0.0924  0.0892  0.0908
  0.0913  0.0910  0.0902  0.0888  0.0860  0.0871
  0.0853  0.0853  0.0847  0.0839  0.0831  0.0839
  0.0826  0.0826  0.0827  0.0827  0.0827  0.0827
  0.0846  0.0842  0.0843  0.0840  0.0839  0.0837
  0.0877  0.0885  0.0895  0.0872  0.0859  0.0867
  0.0951  0.0964  0.0971  0.0926  0.0889  0.0910
niter,ni,del,rscale     2    3   12.0000    1.2000
parameters
   -5.0696   23.4479   15.5699    7.2303    1.0964    0.6489
eta,q 0.91729 18.97701
  0.0921  0.0929  0.0970  0.0925  0.0892  0.0908
  0.0912  0.0912  0.0899  0.0887  0.0860  0.0871
  0.0852  0.0856  0.0845  0.0839  0.0830  0.0839
  0.0827  0.0827  0.0827  0.0827  0.0827  0.0827
  0.0846  0.0839  0.0844  0.0841  0.0840  0.0838
  0.0875  0.0882  0.0895  0.0874  0.0859  0.0867
  0.0949  0.0960  0.0970  0.0929  0.0889  0.0910
registration optimization eta report
parameter search radius
    6.0000    6.9000    6.0000    6.9000    6.0000    6.0000
100000*second partial in parameter space
       28.       24.       39.       21.       17.       22.
  0.0921  0.0929  0.0970  0.0925  0.0892  0.0908
  0.0912  0.0912  0.0899  0.0887  0.0860  0.0871
  0.0852  0.0856  0.0845  0.0839  0.0830  0.0839
  0.0827  0.0827  0.0827  0.0827  0.0827  0.0827
  0.0846  0.0839  0.0844  0.0841  0.0840  0.0838
  0.0875  0.0882  0.0895  0.0874  0.0859  0.0867
  0.0949  0.0960  0.0970  0.0929  0.0889  0.0910
   -5.0696   23.4479   15.5699    7.2303    1.0964    0.6489
eta,q 0.91729 18.97701

---------------------------------------------------------------------
imgreg_4dfp /opt/freesurfer/average/711-2C_as_mni_average_305 /opt/freesurfer/average/711-2B_as_mni_average_305_mask talsrcimg_g11 none talsrcimg_to_711-2C_as_mni_average_305_t4 3335
---------------------------------------------------------------------

freesurfer imgreg_4dfp.c
/opt/freesurfer/average/711-2C_as_mni_average_305.4dfp.img
       256       256       256         1
  1.000000  1.000000  1.000000
orientation T byte_order littleendian
Reading image: /opt/freesurfer/average/711-2C_as_mni_average_305.4dfp.img
dimensions:      256       256       256
mmppix:       1.0000   -1.0000   -1.0000
center:     128.0000 -129.0000 -129.0000
/opt/freesurfer/average/711-2B_as_mni_average_305_mask.4dfp.img
       256       256       256         1
  1.000000  1.000000  1.000000
orientation T byte_order littleendian
Reading mask: /opt/freesurfer/average/711-2B_as_mni_average_305_mask.4dfp.img (2306576 pixels)
talsrcimg_g11.4dfp.img
       256       256       256         1
  1.000000  1.000000  1.000000
orientation T byte_order littleendian
Reading image: talsrcimg_g11.4dfp.img
dimensions:      256       256       256
mmppix:       1.0000   -1.0000   -1.0000
center:     128.0000 -129.0000 -129.0000
fimgreg.f
image alignment mode   3335 decimal      D07 hex
parameters
   -5.0696   23.4479   15.5699   -0.0247   -0.8043   -0.8133
   -1.3644   -1.7557    1.1323  -12.6065    1.9135   12.5835
eta,q 0.91585 19.11835
niter,ni,del,rscale     5    3    5.0000    1.2000
parameter  2  0.969326 ->  0.500000 qaram    1.1500
parameter  3 -0.670285 -> -0.500000 qaram    1.1500
parameter  4115.204086 ->  0.500000 qaram    1.1500
parameter  5 -3.340277 ->  0.500000 qaram    1.1500
parameter  6  9.485279 ->  0.500000 qaram    1.1500
parameter 10 -5.049077 -> -0.500000 qaram    1.1500
parameters
   -5.9711   22.0679   16.9499   -4.1647   -4.9443   -4.9533
   -0.8354   -0.5747    0.3941   -8.4665    1.5250   12.2919
eta,q 0.94679 19.02871
  0.0845  0.0833  0.0857  0.0678  0.0655  0.0521  0.0608  0.0680  0.0586  0.0633  0.0568  0.0561
  0.0842  0.0831  0.0847  0.0721  0.0702  0.0564  0.0592  0.0641  0.0580  0.0618  0.0547  0.0546
  0.0840  0.0835  0.0839  0.0773  0.0722  0.0624  0.0582  0.0602  0.0576  0.0602  0.0535  0.0536
  0.0841  0.0840  0.0832  0.0828  0.0735  0.0710  0.0578  0.0578  0.0576  0.0575  0.0533  0.0532
  0.0847  0.0845  0.0828  0.0883  0.0758  0.0798  0.0580  0.0580  0.0578  0.0547  0.0541  0.0537
  0.0858  0.0852  0.0828  0.0935  0.0776  0.0860  0.0588  0.0602  0.0583  0.0529  0.0555  0.0548
  0.0872  0.0862  0.0829  0.0980  0.0802  0.0920  0.0600  0.0635  0.0592  0.0528  0.0574  0.0567
niter,ni,del,rscale     7    3    5.0000    1.2000
parameter  2  1.456643 ->  0.500000 qaram    1.3225
parameter  4  0.912751 ->  0.500000 qaram    1.3225
parameter  5  2.191392 ->  0.500000 qaram    1.3225
parameter  6  0.544426 ->  0.500000 qaram    1.3225
parameter 10  0.745546 ->  0.500000 qaram    1.3225
parameter 12  3.200807 ->  0.500000 qaram    1.1500
parameters
   -6.1151   20.4809   16.5129   -8.9257   -9.7053   -9.7143
   -1.4560   -0.2599   -0.4521  -13.2275    3.2323    8.1519
eta,q 0.96685 18.63931
  0.0574  0.0495  0.0534  0.0446  0.0379  0.0386  0.0403  0.0428  0.0396  0.0369  0.0368  0.0323
  0.0550  0.0498  0.0510  0.0453  0.0399  0.0385  0.0393  0.0403  0.0389  0.0359  0.0364  0.0328
  0.0536  0.0511  0.0500  0.0466  0.0421  0.0390  0.0386  0.0390  0.0386  0.0366  0.0361  0.0342
  0.0532  0.0532  0.0501  0.0499  0.0456  0.0404  0.0386  0.0385  0.0385  0.0385  0.0359  0.0359
  0.0539  0.0557  0.0512  0.0558  0.0507  0.0438  0.0389  0.0387  0.0388  0.0411  0.0359  0.0376
  0.0558  0.0584  0.0533  0.0628  0.0548  0.0536  0.0398  0.0398  0.0394  0.0442  0.0360  0.0393
  0.0585  0.0611  0.0561  0.0700  0.0589  0.0637  0.0411  0.0421  0.0402  0.0477  0.0363  0.0408
niter,ni,del,rscale     7    3    5.0000    1.2000
parameters
   -6.0598   19.1505   15.8707  -12.5884  -13.4875  -11.1448
   -1.7633   -0.1532   -0.1175  -14.0552    2.7160    7.6086
eta,q 0.96890 18.11786
  0.0364  0.0344  0.0332  0.0321  0.0338  0.0342  0.0333  0.0351  0.0326  0.0365  0.0318  0.0326
  0.0346  0.0323  0.0322  0.0312  0.0321  0.0327  0.0321  0.0331  0.0319  0.0325  0.0314  0.0318
  0.0335  0.0318  0.0317  0.0311  0.0309  0.0316  0.0314  0.0317  0.0315  0.0312  0.0312  0.0313
  0.0331  0.0331  0.0318  0.0316  0.0310  0.0311  0.0312  0.0312  0.0312  0.0312  0.0311  0.0311
  0.0334  0.0361  0.0325  0.0327  0.0355  0.0315  0.0316  0.0317  0.0312  0.0323  0.0312  0.0313
  0.0344  0.0405  0.0339  0.0350  0.0442  0.0332  0.0324  0.0330  0.0317  0.0347  0.0316  0.0319
  0.0361  0.0461  0.0357  0.0402  0.0513  0.0394  0.0337  0.0348  0.0325  0.0380  0.0321  0.0332
niter,ni,del,rscale     6    3    5.0000    1.2000
parameters
   -5.8963   20.5055   16.4865  -12.8119  -15.2018  -11.4842
   -1.7493   -0.0245   -0.6183  -13.1341    3.0286    7.0754
eta,q 0.96918 17.92440
  0.0344  0.0379  0.0329  0.0327  0.0355  0.0346  0.0329  0.0344  0.0318  0.0380  0.0317  0.0323
  0.0327  0.0349  0.0316  0.0313  0.0333  0.0328  0.0318  0.0325  0.0312  0.0330  0.0313  0.0315
  0.0316  0.0326  0.0307  0.0303  0.0314  0.0315  0.0310  0.0312  0.0309  0.0311  0.0310  0.0310
  0.0311  0.0311  0.0302  0.0301  0.0301  0.0307  0.0307  0.0307  0.0307  0.0307  0.0308  0.0308
  0.0313  0.0303  0.0301  0.0306  0.0309  0.0307  0.0310  0.0312  0.0309  0.0313  0.0308  0.0309
  0.0321  0.0304  0.0305  0.0314  0.0366  0.0320  0.0317  0.0324  0.0314  0.0327  0.0311  0.0316
  0.0337  0.0317  0.0312  0.0329  0.0445  0.0365  0.0329  0.0341  0.0322  0.0347  0.0316  0.0330
niter,ni,del,rscale     5    3    5.0000    1.2000
parameters
   -5.8659   20.7892   16.5580  -12.9030  -15.5754  -11.3177
   -1.7013    0.0357   -1.5285  -12.6645    3.4352    6.9670
eta,q 0.96907 17.89448
  0.0336  0.0347  0.0324  0.0334  0.0367  0.0350  0.0331  0.0344  0.0318  0.0367  0.0319  0.0325
  0.0321  0.0328  0.0315  0.0320  0.0345  0.0332  0.0319  0.0326  0.0312  0.0325  0.0315  0.0317
  0.0312  0.0314  0.0310  0.0311  0.0325  0.0319  0.0312  0.0314  0.0309  0.0311  0.0311  0.0312
  0.0308  0.0308  0.0308  0.0308  0.0308  0.0310  0.0309  0.0309  0.0309  0.0309  0.0309  0.0309
  0.0311  0.0310  0.0309  0.0313  0.0302  0.0308  0.0312  0.0314  0.0312  0.0315  0.0310  0.0310
  0.0320  0.0319  0.0314  0.0321  0.0332  0.0319  0.0319  0.0326  0.0317  0.0328  0.0313  0.0316
  0.0335  0.0336  0.0323  0.0334  0.0402  0.0358  0.0330  0.0342  0.0323  0.0349  0.0318  0.0329
niter,ni,del,rscale     4    3    5.0000    1.2000
parameters
   -5.8411   20.9644   16.5447  -13.0029  -15.7663  -11.3933
   -1.6200    0.0568   -2.2535  -12.4061    3.8623    6.9527
eta,q 0.96898 17.86264
  0.0337  0.0344  0.0325  0.0335  0.0367  0.0349  0.0331  0.0344  0.0319  0.0362  0.0320  0.0327
  0.0322  0.0326  0.0316  0.0321  0.0346  0.0332  0.0320  0.0326  0.0314  0.0324  0.0316  0.0319
  0.0313  0.0314  0.0311  0.0312  0.0327  0.0319  0.0313  0.0314  0.0310  0.0312  0.0312  0.0313
  0.0309  0.0309  0.0309  0.0309  0.0309  0.0310  0.0310  0.0310  0.0310  0.0310  0.0310  0.0310
  0.0312  0.0312  0.0311  0.0314  0.0302  0.0309  0.0313  0.0315  0.0313  0.0317  0.0311  0.0311
  0.0321  0.0321  0.0316  0.0323  0.0329  0.0321  0.0319  0.0327  0.0317  0.0329  0.0314  0.0316
  0.0336  0.0337  0.0325  0.0336  0.0396  0.0362  0.0331  0.0343  0.0323  0.0349  0.0318  0.0329
niter,ni,del,rscale     3    3    5.0000    1.2000
parameters
   -5.8316   21.1091   16.4874  -13.0582  -15.9340  -11.4683
   -1.5526    0.0544   -2.8822  -12.1475    4.2763    6.9504
eta,q 0.96889 17.83753
  0.0337  0.0344  0.0325  0.0337  0.0367  0.0349  0.0332  0.0344  0.0320  0.0360  0.0321  0.0327
  0.0323  0.0326  0.0317  0.0323  0.0347  0.0333  0.0321  0.0327  0.0314  0.0325  0.0316  0.0320
  0.0314  0.0314  0.0312  0.0313  0.0327  0.0320  0.0314  0.0315  0.0311  0.0313  0.0313  0.0314
  0.0310  0.0310  0.0310  0.0310  0.0310  0.0311  0.0311  0.0311  0.0311  0.0311  0.0311  0.0311
  0.0313  0.0313  0.0312  0.0315  0.0303  0.0310  0.0313  0.0316  0.0313  0.0317  0.0312  0.0312
  0.0322  0.0322  0.0317  0.0323  0.0329  0.0322  0.0320  0.0328  0.0318  0.0328  0.0315  0.0317
  0.0337  0.0338  0.0326  0.0337  0.0395  0.0362  0.0331  0.0344  0.0323  0.0349  0.0319  0.0330
niter,ni,del,rscale     2    3    5.0000    1.2000
parameters
   -5.8247   21.2534   16.4229  -13.1067  -16.1095  -11.5487
   -1.4945    0.0466   -3.4948  -11.8695    4.6848    6.9475
eta,q 0.96879 17.81242
  0.0337  0.0344  0.0326  0.0338  0.0366  0.0349  0.0332  0.0345  0.0321  0.0359  0.0322  0.0328
  0.0323  0.0327  0.0318  0.0324  0.0347  0.0333  0.0322  0.0327  0.0315  0.0326  0.0317  0.0321
  0.0314  0.0315  0.0313  0.0314  0.0328  0.0320  0.0315  0.0316  0.0312  0.0314  0.0314  0.0315
  0.0311  0.0311  0.0311  0.0311  0.0311  0.0312  0.0312  0.0312  0.0312  0.0312  0.0312  0.0312
  0.0314  0.0314  0.0313  0.0315  0.0304  0.0311  0.0314  0.0317  0.0314  0.0317  0.0313  0.0312
  0.0323  0.0323  0.0318  0.0324  0.0329  0.0323  0.0321  0.0328  0.0318  0.0328  0.0316  0.0318
  0.0337  0.0339  0.0327  0.0338  0.0394  0.0361  0.0332  0.0344  0.0323  0.0348  0.0320  0.0331
niter,ni,del,rscale     1    3    5.0000    1.2000
parameters
   -5.8153   21.4028   16.3573  -13.1655  -16.3025  -11.6273
   -1.4408    0.0434   -4.0992  -11.5722    5.0765    6.9588
eta,q 0.96870 17.78525
  0.0338  0.0344  0.0327  0.0339  0.0365  0.0350  0.0333  0.0346  0.0322  0.0359  0.0323  0.0329
  0.0324  0.0327  0.0319  0.0325  0.0347  0.0334  0.0322  0.0328  0.0316  0.0326  0.0318  0.0322
  0.0315  0.0316  0.0314  0.0315  0.0328  0.0321  0.0316  0.0317  0.0313  0.0315  0.0315  0.0316
  0.0312  0.0312  0.0312  0.0312  0.0312  0.0313  0.0313  0.0313  0.0313  0.0313  0.0313  0.0313
  0.0315  0.0315  0.0314  0.0316  0.0305  0.0312  0.0315  0.0318  0.0315  0.0318  0.0314  0.0313
  0.0323  0.0323  0.0319  0.0325  0.0330  0.0324  0.0322  0.0329  0.0319  0.0328  0.0317  0.0319
  0.0338  0.0339  0.0328  0.0339  0.0393  0.0361  0.0333  0.0345  0.0324  0.0348  0.0321  0.0332
registration optimization eta report
parameter search radius
    2.4000    3.1740    2.7600    9.5220    9.5220    9.5220
    7.2000    7.2000    7.2000    9.5220    7.2000    8.2800
100000*second partial in parameter space
       45.       29.       20.        3.        8.        5.
        4.        6.        2.        5.        2.        3.
  0.0338  0.0344  0.0327  0.0339  0.0365  0.0350  0.0333  0.0346  0.0322  0.0359  0.0323  0.0329
  0.0324  0.0327  0.0319  0.0325  0.0347  0.0334  0.0322  0.0328  0.0316  0.0326  0.0318  0.0322
  0.0315  0.0316  0.0314  0.0315  0.0328  0.0321  0.0316  0.0317  0.0313  0.0315  0.0315  0.0316
  0.0312  0.0312  0.0312  0.0312  0.0312  0.0313  0.0313  0.0313  0.0313  0.0313  0.0313  0.0313
  0.0315  0.0315  0.0314  0.0316  0.0305  0.0312  0.0315  0.0318  0.0315  0.0318  0.0314  0.0313
  0.0323  0.0323  0.0319  0.0325  0.0330  0.0324  0.0322  0.0329  0.0319  0.0328  0.0317  0.0319
  0.0338  0.0339  0.0328  0.0339  0.0393  0.0361  0.0333  0.0345  0.0324  0.0348  0.0321  0.0332
   -5.8153   21.4028   16.3573  -13.1655  -16.3025  -11.6273
   -1.4408    0.0434   -4.0992  -11.5722    5.0765    6.9588
eta,q 0.96870 17.78525

---------------------------------------------------------------------
imgreg_4dfp /opt/freesurfer/average/711-2C_as_mni_average_305 /opt/freesurfer/average/711-2B_as_mni_average_305_mask talsrcimg_g11 none talsrcimg_to_711-2C_as_mni_average_305_t4 2311
---------------------------------------------------------------------

freesurfer imgreg_4dfp.c
/opt/freesurfer/average/711-2C_as_mni_average_305.4dfp.img
       256       256       256         1
  1.000000  1.000000  1.000000
orientation T byte_order littleendian
Reading image: /opt/freesurfer/average/711-2C_as_mni_average_305.4dfp.img
dimensions:      256       256       256
mmppix:       1.0000   -1.0000   -1.0000
center:     128.0000 -129.0000 -129.0000
/opt/freesurfer/average/711-2B_as_mni_average_305_mask.4dfp.img
       256       256       256         1
  1.000000  1.000000  1.000000
orientation T byte_order littleendian
Reading mask: /opt/freesurfer/average/711-2B_as_mni_average_305_mask.4dfp.img (2306576 pixels)
talsrcimg_g11.4dfp.img
       256       256       256         1
  1.000000  1.000000  1.000000
orientation T byte_order littleendian
Reading image: talsrcimg_g11.4dfp.img
dimensions:      256       256       256
mmppix:       1.0000   -1.0000   -1.0000
center:     128.0000 -129.0000 -129.0000
fimgreg.f
image alignment mode   2311 decimal      907 hex
parameters
   -5.8153   21.4028   16.3573  -13.1655  -16.3025  -11.6273
   -1.4408    0.0434   -4.0992  -11.5722    5.0765    6.9588
eta,q 0.96870 17.78525
niter,ni,del,rscale     5    3    5.0000    0.8000
parameter  5 -0.541342 -> -0.500000 qaram    1.1500
parameters
   -5.7946   21.5542   16.3064  -13.2948  -13.5425  -11.0223
   -1.5877   -0.0999   -3.9742  -12.4702    4.5872    5.5374
eta,q 0.96972 17.97257
  0.0325  0.0321  0.0318  0.0320  0.0338  0.0318  0.0317  0.0321  0.0314  0.0315  0.0308  0.0308
  0.0318  0.0317  0.0315  0.0316  0.0329  0.0313  0.0310  0.0312  0.0309  0.0306  0.0306  0.0305
  0.0314  0.0314  0.0314  0.0314  0.0321  0.0308  0.0306  0.0306  0.0306  0.0303  0.0304  0.0303
  0.0313  0.0313  0.0313  0.0313  0.0313  0.0306  0.0305  0.0305  0.0305  0.0305  0.0304  0.0304
  0.0314  0.0313  0.0314  0.0314  0.0307  0.0305  0.0307  0.0308  0.0306  0.0309  0.0305  0.0307
  0.0318  0.0315  0.0315  0.0317  0.0306  0.0307  0.0311  0.0314  0.0308  0.0316  0.0307  0.0314
  0.0324  0.0319  0.0318  0.0321  0.0314  0.0315  0.0318  0.0322  0.0312  0.0324  0.0310  0.0323
niter,ni,del,rscale     5    3    5.0000    0.8000
parameters
   -5.7962   21.1374   16.3412  -13.0950  -14.1788  -10.6220
   -1.4693   -0.0373   -2.8932  -12.4444    3.7489    6.1335
eta,q 0.96970 18.00131
  0.0316  0.0309  0.0309  0.0311  0.0328  0.0318  0.0315  0.0321  0.0314  0.0319  0.0307  0.0313
  0.0309  0.0305  0.0305  0.0306  0.0318  0.0312  0.0308  0.0312  0.0309  0.0309  0.0305  0.0308
  0.0304  0.0302  0.0303  0.0303  0.0309  0.0307  0.0305  0.0305  0.0305  0.0304  0.0303  0.0305
  0.0303  0.0303  0.0302  0.0302  0.0302  0.0304  0.0304  0.0304  0.0304  0.0303  0.0303  0.0303
  0.0304  0.0306  0.0303  0.0303  0.0304  0.0303  0.0305  0.0306  0.0303  0.0306  0.0305  0.0303
  0.0309  0.0313  0.0305  0.0306  0.0320  0.0307  0.0308  0.0311  0.0305  0.0310  0.0307  0.0305
  0.0316  0.0324  0.0309  0.0310  0.0357  0.0316  0.0313  0.0319  0.0307  0.0317  0.0310  0.0310
niter,ni,del,rscale     4    3    5.0000    0.7000
parameters
   -5.8208   21.0498   16.5069  -13.2275  -13.8520  -10.2083
   -1.6831   -0.0415   -2.4115  -12.9947    3.4881    6.1217
eta,q 0.96991 18.03560
  0.0312  0.0310  0.0309  0.0309  0.0327  0.0313  0.0309  0.0315  0.0308  0.0310  0.0304  0.0308
  0.0307  0.0306  0.0306  0.0305  0.0318  0.0308  0.0305  0.0308  0.0305  0.0304  0.0303  0.0304
  0.0304  0.0304  0.0304  0.0303  0.0309  0.0305  0.0302  0.0303  0.0302  0.0301  0.0301  0.0302
  0.0303  0.0303  0.0303  0.0303  0.0303  0.0302  0.0301  0.0301  0.0301  0.0301  0.0301  0.0301
  0.0304  0.0304  0.0303  0.0304  0.0301  0.0301  0.0303  0.0303  0.0302  0.0304  0.0301  0.0302
  0.0307  0.0307  0.0304  0.0306  0.0307  0.0304  0.0306  0.0308  0.0303  0.0309  0.0303  0.0304
  0.0313  0.0313  0.0307  0.0309  0.0327  0.0311  0.0311  0.0315  0.0306  0.0315  0.0306  0.0309
niter,ni,del,rscale     3    3    5.0000    0.6000
parameters
   -5.8269   20.8972   16.6565  -13.3627  -13.5542  -10.0648
   -1.7803   -0.0912   -1.7896  -13.3611    3.1463    6.1058
eta,q 0.97005 18.05355
  0.0308  0.0306  0.0306  0.0306  0.0320  0.0309  0.0306  0.0310  0.0306  0.0307  0.0302  0.0305
  0.0304  0.0303  0.0303  0.0303  0.0313  0.0305  0.0302  0.0304  0.0303  0.0302  0.0301  0.0302
  0.0302  0.0301  0.0302  0.0301  0.0306  0.0302  0.0300  0.0301  0.0301  0.0300  0.0300  0.0300
  0.0301  0.0301  0.0301  0.0301  0.0301  0.0300  0.0300  0.0300  0.0300  0.0300  0.0300  0.0300
  0.0302  0.0302  0.0301  0.0302  0.0299  0.0300  0.0301  0.0301  0.0300  0.0302  0.0300  0.0300
  0.0304  0.0305  0.0302  0.0304  0.0304  0.0303  0.0303  0.0305  0.0301  0.0305  0.0301  0.0302
  0.0308  0.0310  0.0304  0.0306  0.0319  0.0309  0.0307  0.0311  0.0303  0.0310  0.0303  0.0305
niter,ni,del,rscale     2    3    5.0000    0.5000
parameters
   -5.8495   20.7686   16.7290  -13.4105  -13.2020   -9.9319
   -1.8903   -0.1348   -1.2496  -13.6102    2.8461    6.0100
eta,q 0.97015 18.08070
  0.0305  0.0303  0.0303  0.0303  0.0315  0.0306  0.0303  0.0306  0.0303  0.0305  0.0300  0.0302
  0.0302  0.0301  0.0301  0.0301  0.0308  0.0303  0.0300  0.0302  0.0301  0.0300  0.0299  0.0300
  0.0300  0.0300  0.0300  0.0300  0.0303  0.0300  0.0299  0.0299  0.0299  0.0299  0.0299  0.0299
  0.0299  0.0300  0.0300  0.0299  0.0299  0.0299  0.0299  0.0299  0.0299  0.0298  0.0298  0.0298
  0.0300  0.0300  0.0300  0.0300  0.0298  0.0299  0.0299  0.0300  0.0299  0.0300  0.0299  0.0299
  0.0302  0.0302  0.0300  0.0301  0.0302  0.0301  0.0301  0.0302  0.0299  0.0303  0.0300  0.0300
  0.0305  0.0306  0.0302  0.0303  0.0312  0.0305  0.0304  0.0307  0.0301  0.0306  0.0301  0.0303
niter,ni,del,rscale     1    3    5.0000    0.4000
parameters
   -5.8661   20.6654   16.7719  -13.4227  -12.9094   -9.8438
   -1.9748   -0.1520   -0.8029  -13.7644    2.6435    5.9492
eta,q 0.97023 18.10386
  0.0302  0.0301  0.0300  0.0301  0.0309  0.0303  0.0301  0.0303  0.0301  0.0302  0.0299  0.0300
  0.0300  0.0299  0.0299  0.0299  0.0305  0.0301  0.0299  0.0300  0.0299  0.0299  0.0298  0.0299
  0.0299  0.0299  0.0299  0.0299  0.0301  0.0299  0.0298  0.0299  0.0298  0.0298  0.0298  0.0298
  0.0298  0.0298  0.0298  0.0298  0.0298  0.0298  0.0298  0.0298  0.0298  0.0298  0.0298  0.0298
  0.0299  0.0299  0.0298  0.0299  0.0298  0.0298  0.0298  0.0299  0.0298  0.0299  0.0298  0.0298
  0.0300  0.0300  0.0299  0.0300  0.0300  0.0300  0.0300  0.0300  0.0298  0.0300  0.0299  0.0299
  0.0302  0.0303  0.0300  0.0301  0.0307  0.0302  0.0301  0.0303  0.0299  0.0303  0.0299  0.0301
registration optimization eta report
parameter search radius
    0.8000    0.8000    0.8000    2.4000    2.7600    2.4000
    2.4000    2.4000    2.4000    2.4000    2.4000    2.4000
100000*second partial in parameter space
       54.       52.       30.        4.       12.        8.
        5.        9.        4.        8.        2.        5.
  0.0302  0.0301  0.0300  0.0301  0.0309  0.0303  0.0301  0.0303  0.0301  0.0302  0.0299  0.0300
  0.0300  0.0299  0.0299  0.0299  0.0305  0.0301  0.0299  0.0300  0.0299  0.0299  0.0298  0.0299
  0.0299  0.0299  0.0299  0.0299  0.0301  0.0299  0.0298  0.0299  0.0298  0.0298  0.0298  0.0298
  0.0298  0.0298  0.0298  0.0298  0.0298  0.0298  0.0298  0.0298  0.0298  0.0298  0.0298  0.0298
  0.0299  0.0299  0.0298  0.0299  0.0298  0.0298  0.0298  0.0299  0.0298  0.0299  0.0298  0.0298
  0.0300  0.0300  0.0299  0.0300  0.0300  0.0300  0.0300  0.0300  0.0298  0.0300  0.0299  0.0299
  0.0302  0.0303  0.0300  0.0301  0.0307  0.0302  0.0301  0.0303  0.0299  0.0303  0.0299  0.0301
   -5.8661   20.6654   16.7719  -13.4227  -12.9094   -9.8438
   -1.9748   -0.1520   -0.8029  -13.7644    2.6435    5.9492
eta,q 0.97023 18.10386

---------------------------------------------------------------------
imgreg_4dfp /opt/freesurfer/average/711-2C_as_mni_average_305 /opt/freesurfer/average/711-2B_as_mni_average_305_mask talsrcimg_g11 none talsrcimg_to_711-2C_as_mni_average_305_t4 2311
---------------------------------------------------------------------

freesurfer imgreg_4dfp.c
/opt/freesurfer/average/711-2C_as_mni_average_305.4dfp.img
       256       256       256         1
  1.000000  1.000000  1.000000
orientation T byte_order littleendian
Reading image: /opt/freesurfer/average/711-2C_as_mni_average_305.4dfp.img
dimensions:      256       256       256
mmppix:       1.0000   -1.0000   -1.0000
center:     128.0000 -129.0000 -129.0000
/opt/freesurfer/average/711-2B_as_mni_average_305_mask.4dfp.img
       256       256       256         1
  1.000000  1.000000  1.000000
orientation T byte_order littleendian
Reading mask: /opt/freesurfer/average/711-2B_as_mni_average_305_mask.4dfp.img (2306576 pixels)
talsrcimg_g11.4dfp.img
       256       256       256         1
  1.000000  1.000000  1.000000
orientation T byte_order littleendian
Reading image: talsrcimg_g11.4dfp.img
dimensions:      256       256       256
mmppix:       1.0000   -1.0000   -1.0000
center:     128.0000 -129.0000 -129.0000
fimgreg.f
image alignment mode   2311 decimal      907 hex
parameters
   -5.8661   20.6654   16.7719  -13.4227  -12.9094   -9.8438
   -1.9748   -0.1520   -0.8029  -13.7644    2.6435    5.9492
eta,q 0.97023 18.10384
niter,ni,del,rscale     5    3    5.0000    0.8000
parameters
   -5.8949   20.4642   16.7919  -13.1542  -13.4844  -10.0517
   -1.8356   -0.1148   -0.4448  -13.5964    2.4353    6.2747
eta,q 0.97008 18.09153
  0.0311  0.0308  0.0305  0.0308  0.0319  0.0312  0.0311  0.0318  0.0307  0.0319  0.0304  0.0309
  0.0304  0.0302  0.0301  0.0302  0.0310  0.0307  0.0305  0.0308  0.0303  0.0306  0.0301  0.0304
  0.0299  0.0299  0.0299  0.0299  0.0302  0.0302  0.0301  0.0302  0.0300  0.0300  0.0300  0.0301
  0.0298  0.0298  0.0298  0.0298  0.0298  0.0299  0.0299  0.0299  0.0299  0.0299  0.0299  0.0299
  0.0299  0.0300  0.0298  0.0299  0.0299  0.0300  0.0300  0.0301  0.0299  0.0301  0.0300  0.0300
  0.0304  0.0306  0.0301  0.0302  0.0313  0.0306  0.0304  0.0308  0.0301  0.0307  0.0302  0.0302
  0.0312  0.0316  0.0305  0.0305  0.0343  0.0317  0.0310  0.0317  0.0305  0.0314  0.0305  0.0307
niter,ni,del,rscale     4    3    5.0000    0.7000
parameters
   -5.8916   20.5305   16.7836  -13.1910  -13.2849   -9.9143
   -1.9548   -0.1239   -0.5550  -13.7177    2.4574    6.1897
eta,q 0.97015 18.10550
  0.0309  0.0309  0.0304  0.0306  0.0319  0.0310  0.0307  0.0313  0.0304  0.0312  0.0302  0.0306
  0.0304  0.0304  0.0301  0.0302  0.0311  0.0305  0.0302  0.0305  0.0301  0.0303  0.0300  0.0302
  0.0300  0.0301  0.0300  0.0300  0.0304  0.0301  0.0299  0.0300  0.0299  0.0299  0.0299  0.0299
  0.0299  0.0299  0.0299  0.0299  0.0299  0.0299  0.0299  0.0298  0.0298  0.0299  0.0298  0.0298
  0.0300  0.0300  0.0300  0.0300  0.0298  0.0299  0.0300  0.0300  0.0299  0.0301  0.0299  0.0299
  0.0304  0.0302  0.0301  0.0303  0.0303  0.0303  0.0303  0.0305  0.0301  0.0305  0.0300  0.0302
  0.0309  0.0308  0.0304  0.0306  0.0320  0.0310  0.0308  0.0313  0.0305  0.0312  0.0302  0.0306
niter,ni,del,rscale     3    3    5.0000    0.6000
parameters
   -5.8864   20.5309   16.8019  -13.2614  -13.0953   -9.8782
   -1.9768   -0.1317   -0.4640  -13.7983    2.4232    6.1185
eta,q 0.97020 18.11164
  0.0306  0.0305  0.0303  0.0303  0.0314  0.0307  0.0305  0.0309  0.0303  0.0308  0.0301  0.0304
  0.0302  0.0302  0.0300  0.0301  0.0308  0.0303  0.0301  0.0303  0.0300  0.0301  0.0299  0.0300
  0.0299  0.0299  0.0299  0.0299  0.0302  0.0300  0.0299  0.0299  0.0299  0.0298  0.0298  0.0299
  0.0298  0.0298  0.0298  0.0298  0.0298  0.0298  0.0298  0.0298  0.0298  0.0298  0.0298  0.0298
  0.0299  0.0299  0.0299  0.0299  0.0298  0.0299  0.0299  0.0299  0.0298  0.0300  0.0298  0.0299
  0.0302  0.0301  0.0300  0.0301  0.0302  0.0302  0.0301  0.0303  0.0300  0.0303  0.0299  0.0301
  0.0306  0.0306  0.0302  0.0304  0.0314  0.0308  0.0305  0.0309  0.0302  0.0308  0.0301  0.0304
niter,ni,del,rscale     2    3    5.0000    0.5000
parameters
   -5.8917   20.5148   16.8040  -13.3111  -12.8775   -9.8340
   -2.0192   -0.1400   -0.3498  -13.8735    2.3742    6.0281
eta,q 0.97024 18.12162
  0.0303  0.0303  0.0301  0.0302  0.0310  0.0304  0.0302  0.0306  0.0301  0.0305  0.0299  0.0302
  0.0300  0.0300  0.0299  0.0300  0.0305  0.0301  0.0300  0.0301  0.0299  0.0300  0.0299  0.0299
  0.0299  0.0299  0.0298  0.0298  0.0301  0.0299  0.0298  0.0299  0.0298  0.0298  0.0298  0.0298
  0.0298  0.0298  0.0298  0.0298  0.0298  0.0298  0.0298  0.0298  0.0298  0.0298  0.0298  0.0298
  0.0299  0.0298  0.0298  0.0299  0.0297  0.0298  0.0298  0.0299  0.0298  0.0299  0.0298  0.0298
  0.0300  0.0300  0.0299  0.0300  0.0300  0.0300  0.0300  0.0301  0.0299  0.0301  0.0299  0.0300
  0.0303  0.0303  0.0301  0.0302  0.0309  0.0305  0.0303  0.0306  0.0300  0.0305  0.0300  0.0302
niter,ni,del,rscale     1    3    5.0000    0.4000
parameters
   -5.8919   20.4900   16.8050  -13.3341  -12.6749   -9.7990
   -2.0887   -0.1476   -0.2208  -13.9361    2.2756    5.9456
eta,q 0.97027 18.13261
  0.0301  0.0301  0.0300  0.0300  0.0306  0.0302  0.0300  0.0303  0.0300  0.0302  0.0299  0.0300
  0.0299  0.0299  0.0298  0.0299  0.0302  0.0300  0.0299  0.0300  0.0298  0.0299  0.0298  0.0298
  0.0298  0.0298  0.0298  0.0298  0.0299  0.0298  0.0298  0.0298  0.0298  0.0298  0.0297  0.0298
  0.0298  0.0298  0.0298  0.0298  0.0298  0.0297  0.0297  0.0297  0.0297  0.0297  0.0297  0.0297
  0.0298  0.0298  0.0298  0.0298  0.0297  0.0298  0.0298  0.0298  0.0297  0.0298  0.0297  0.0298
  0.0299  0.0299  0.0298  0.0299  0.0299  0.0299  0.0299  0.0300  0.0298  0.0300  0.0298  0.0299
  0.0301  0.0301  0.0300  0.0300  0.0304  0.0302  0.0301  0.0303  0.0299  0.0302  0.0299  0.0300
registration optimization eta report
parameter search radius
    0.8000    0.8000    0.8000    2.4000    2.4000    2.4000
    2.4000    2.4000    2.4000    2.4000    2.4000    2.4000
100000*second partial in parameter space
       54.       52.       30.        4.       13.        8.
        6.        9.        4.        9.        2.        5.
  0.0301  0.0301  0.0300  0.0300  0.0306  0.0302  0.0300  0.0303  0.0300  0.0302  0.0299  0.0300
  0.0299  0.0299  0.0298  0.0299  0.0302  0.0300  0.0299  0.0300  0.0298  0.0299  0.0298  0.0298
  0.0298  0.0298  0.0298  0.0298  0.0299  0.0298  0.0298  0.0298  0.0298  0.0298  0.0297  0.0298
  0.0298  0.0298  0.0298  0.0298  0.0298  0.0297  0.0297  0.0297  0.0297  0.0297  0.0297  0.0297
  0.0298  0.0298  0.0298  0.0298  0.0297  0.0298  0.0298  0.0298  0.0297  0.0298  0.0297  0.0298
  0.0299  0.0299  0.0298  0.0299  0.0299  0.0299  0.0299  0.0300  0.0298  0.0300  0.0298  0.0299
  0.0301  0.0301  0.0300  0.0300  0.0304  0.0302  0.0301  0.0303  0.0299  0.0302  0.0299  0.0300
   -5.8919   20.4900   16.8050  -13.3341  -12.6749   -9.7990
   -2.0887   -0.1476   -0.2208  -13.9361    2.2756    5.9456
eta,q 0.97027 18.13261

---------------------------------------------------------------------
compute_vox2vox talsrcimg talsrcimg_to_711-2C_as_mni_average_305_t4 /opt/freesurfer/average/711-2C_as_mni_average_305
---------------------------------------------------------------------

freesurfer compute_vox2vox.c
Reading: talsrcimg.4dfp.ifh
Reading: talsrcimg_to_711-2C_as_mni_average_305_t4
Reading: /opt/freesurfer/average/711-2C_as_mni_average_305.4dfp.ifh
Writing: talsrcimg_to_711-2C_as_mni_average_305_t4_vox2vox.txt

start time Sun Mar 8 23:24:28 CET 2026
end		time Sun Mar 8 23:24:41 CET 2026

mpr2mni305 success

avi2talxfm orig_nu.mgz /opt/freesurfer/average/mni305.cor.mgz talsrcimg_to_711-2C_as_mni_average_305_t4_vox2vox.txt transforms/talairach.auto.xfm
avi2talxfm done
mv -f /out/sourcedata/freesurfer/sub-v1s16x0051181_ses-1/mri/talsrcimg_to_711-2C_as_mni_average_305_t4_vox2vox.txt /out/sourcedata/freesurfer/sub-v1s16x0051181_ses-1/mri/transforms/talsrcimg_to_711-2C_as_mni_average_305_t4_vox2vox.txt
lta_convert --src orig_nu.mgz --trg /opt/freesurfer/average/mni305.cor.mgz --inxfm transforms/talairach.auto.xfm --outlta transforms/talairach.auto.xfm.lta --subject fsaverage
7.3.2

--src: orig_nu.mgz src image (geometry).
--trg: /opt/freesurfer/average/mni305.cor.mgz trg image (geometry).
--inmni: transforms/talairach.auto.xfm input MNI/XFM transform.
--outlta: transforms/talairach.auto.xfm.lta output LTA.
--s: fsaverage subject name
 LTA read, type : 1
 1.15377   0.00609   0.02718   5.72533;
-0.02899   1.09694  -0.07538  -13.42290;
-0.00171   0.17507   1.13319  -23.23949;
 0.00000   0.00000   0.00000   1.00000;
setting subject to fsaverage
Writing  LTA to file transforms/talairach.auto.xfm.lta...
lta_convert successful.
 
 
Started at Sun Mar 8 23:24:27 CET 2026
Ended   at Sun Mar  8 23:24:42 CET 2026
talairach_avi done
