/out/sourcedata/freesurfer/sub-v1s16x0051162_ses-1/mri
/opt/freesurfer/bin/talairach_avi
--i orig_nu.mgz --xfm transforms/talairach.auto.xfm
talairach_avi 7.3.2
Linux dna018 5.14.0-427.37.1.el9_4.x86_64 #1 SMP PREEMPT_DYNAMIC Fri Sep 13 12:41:50 EDT 2024 x86_64 x86_64 x86_64 GNU/Linux
Sun Mar  8 22:07:47 CET 2026
mri_convert orig_nu.mgz talsrcimg.img 
reading from orig_nu.mgz...
TR=0.00, TE=0.00, TI=0.00, flip angle=0.00
i_ras = (-1, 0, 0)
j_ras = (0, 0, -1)
k_ras = (0, 1, 0)
writing to talsrcimg.img...
Analyze Output Matrix
-1.00000   0.00000   0.00000   125.91417;
 0.00000   0.00000   1.00000  -128.24998;
 0.00000  -1.00000   0.00000   145.81616;
 0.00000   0.00000   0.00000   1.00000;
--------------------
INFO: set hdr.hist.orient to -1
mpr2mni305 talsrcimg
Sun Mar  8 22:07:48 CET 2026
/opt/freesurfer/bin/mpr2mni305 talsrcimg
mpr2mni305 7.3.2
target=711-2C_as_mni_average_305

---------------------------------------------------------------------
analyzeto4dfp talsrcimg -O0 -y
---------------------------------------------------------------------

freesurfer ifh2hdr.c
Sun Mar  8 22:07:48 2026
Writing: talsrcimg.4dfp.hdr
freesurfer analyzeto4dfp.c
Reading: talsrcimg.hdr
header size 348 bytes
hdr.dime.datatype	offset=70	value=2
hdr.dime.bitpix		offset=72	value=8
hdr.hist.orient		offset=252	value=-1
dimensionality     4
dimensions       256       256       256         1
Reading: talsrcimg.img
Writing: talsrcimg.4dfp.img
Writing: talsrcimg.4dfp.ifh
ifh2hdr talsrcimg -r0to219
ori=2

---------------------------------------------------------------------
gauss_4dfp talsrcimg 1.1
---------------------------------------------------------------------

freesurfer gauss_4dfp.c
Reading: talsrcimg.4dfp.img
Writing: talsrcimg_g11.4dfp.img
image dimensions 256 256 256 padded to 288 288 288
processing volume 1freesurfer ifh2hdr.c
Sun Mar  8 22:07:50 2026
Writing: talsrcimg_g11.4dfp.hdr

Writing: talsrcimg_g11.4dfp.ifh
including: talsrcimg.4dfp.img.rec in talsrcimg_g11.4dfp.img.rec

---------------------------------------------------------------------
imgreg_4dfp /opt/freesurfer/average/711-2C_as_mni_average_305 none talsrcimg_g11 none talsrcimg_to_711-2C_as_mni_average_305_t4 4355
---------------------------------------------------------------------

freesurfer imgreg_4dfp.c
/opt/freesurfer/average/711-2C_as_mni_average_305.4dfp.img
       256       256       256         1
  1.000000  1.000000  1.000000
orientation T byte_order littleendian
Reading image: /opt/freesurfer/average/711-2C_as_mni_average_305.4dfp.img
dimensions:      256       256       256
mmppix:       1.0000   -1.0000   -1.0000
center:     128.0000 -129.0000 -129.0000
talsrcimg_g11.4dfp.img
       256       256       256         1
  1.000000  1.000000  1.000000
orientation T byte_order littleendian
Reading image: talsrcimg_g11.4dfp.img
dimensions:      256       256       256
mmppix:       1.0000   -1.0000   -1.0000
center:     128.0000 -129.0000 -129.0000
t4_read: open error in t4_sub.f l:  41 t4_file(1:l)talsrcimg_to_711-2C_as_mni_average_305_t4 
t4_read: transform initialized to I4
rotation matrix determinant  1.000000
image alignment mode   4355 decimal     1103 hex
   -7.5000  -45.0000  -45.0000 6672.2046   26.0967
    0.0000  -45.0000  -45.0000 6915.8467   26.0499
    7.5000  -45.0000  -45.0000 6623.7207   26.0188
   -7.5000  -37.5000  -45.0000 7245.1812   26.0676
    0.0000  -37.5000  -45.0000 7490.8052   26.0297
    7.5000  -37.5000  -45.0000 7150.3369   25.9874
   -7.5000  -30.0000  -45.0000 8114.6284   26.0941
    0.0000  -30.0000  -45.0000 8388.2344   26.0546
    7.5000  -30.0000  -45.0000 7960.6543   26.0101
   -7.5000  -22.5000  -45.0000 8895.1660   26.1265
    0.0000  -22.5000  -45.0000 9222.8311   26.0752
    7.5000  -22.5000  -45.0000 8720.6787   26.0391
   -7.5000  -15.0000  -45.0000 9523.3223   26.1359
    0.0000  -15.0000  -45.0000 9908.6504   26.0753
    7.5000  -15.0000  -45.0000 9340.4668   26.0476
   -7.5000   -7.5000  -45.000010166.2607   26.1065
    0.0000   -7.5000  -45.000010553.5078   26.0490
    7.5000   -7.5000  -45.0000 9955.2686   26.0246
   -7.5000    0.0000  -45.000010716.9805   26.0699
    0.0000    0.0000  -45.000011084.5811   26.0233
    7.5000    0.0000  -45.000010495.8281   25.9925
   -7.5000    7.5000  -45.000010505.9287   26.0669
    0.0000    7.5000  -45.000010857.1670   26.0290
    7.5000    7.5000  -45.000010267.4404   25.9867
   -7.5000   15.0000  -45.000010223.8262   26.0941
    0.0000   15.0000  -45.000010575.7891   26.0546
    7.5000   15.0000  -45.000010016.1553   26.0101
   -7.5000   22.5000  -45.0000 9918.7676   26.1229
    0.0000   22.5000  -45.000010295.0518   26.0716
    7.5000   22.5000  -45.0000 9747.6143   26.0356
   -7.5000   30.0000  -45.0000 9400.5635   25.7876
    0.0000   30.0000  -45.0000 9721.4717   25.7278
    7.5000   30.0000  -45.0000 9204.8037   25.7005
   -7.5000   37.5000  -45.0000 8875.4521   25.7586
    0.0000   37.5000  -45.0000 9182.2871   25.7018
    7.5000   37.5000  -45.0000 8693.1943   25.6778
   -7.5000   45.0000  -45.0000 8075.8701   25.0693
    0.0000   45.0000  -45.0000 8339.1104   25.0246
    7.5000   45.0000  -45.0000 7910.8784   24.9949
   -7.5000  -45.0000  -37.5000 7236.2173   26.0229
    0.0000  -45.0000  -37.5000 7489.2681   25.9791
    7.5000  -45.0000  -37.5000 7104.6763   25.9454
   -7.5000  -37.5000  -37.5000 7847.4570   25.9968
    0.0000  -37.5000  -37.5000 8103.0161   25.9646
    7.5000  -37.5000  -37.5000 7652.9131   25.9234
   -7.5000  -30.0000  -37.5000 8766.3164   26.0433
    0.0000  -30.0000  -37.5000 9040.5918   26.0112
    7.5000  -30.0000  -37.5000 8527.9590   25.9653
   -7.5000  -22.5000  -37.5000 9580.6133   26.0942
    0.0000  -22.5000  -37.5000 9896.5273   26.0483
    7.5000  -22.5000  -37.5000 9351.1123   26.0049
   -7.5000  -15.0000  -37.500010247.1641   26.1031
    0.0000  -15.0000  -37.500010644.2197   26.0448
    7.5000  -15.0000  -37.500010039.7012   26.0065
   -7.5000   -7.5000  -37.500010950.8135   26.0523
    0.0000   -7.5000  -37.500011383.2588   25.9963
    7.5000   -7.5000  -37.500010705.2119   25.9634
   -7.5000    0.0000  -37.500011537.4736   25.9963
    0.0000    0.0000  -37.500011949.1484   25.9527
    7.5000    0.0000  -37.500011276.4219   25.9192
   -7.5000    7.5000  -37.500011212.6064   25.9961
    0.0000    7.5000  -37.500011602.4531   25.9639
    7.5000    7.5000  -37.500010951.8281   25.9227
   -7.5000   15.0000  -37.500010843.4160   26.0433
    0.0000   15.0000  -37.500011243.3711   26.0112
    7.5000   15.0000  -37.500010629.1338   25.9653
   -7.5000   22.5000  -37.500010523.7793   26.0907
    0.0000   22.5000  -37.500010946.6953   26.0447
    7.5000   22.5000  -37.500010343.0674   26.0014
   -7.5000   30.0000  -37.5000 9949.0742   25.7552
    0.0000   30.0000  -37.500010307.3379   25.6977
    7.5000   30.0000  -37.5000 9752.2725   25.6599
   -7.5000   37.5000  -37.5000 9408.8076   25.7051
    0.0000   37.5000  -37.5000 9731.1260   25.6498
    7.5000   37.5000  -37.5000 9205.5986   25.6174
   -7.5000   45.0000  -37.5000 8527.1445   24.9985
    0.0000   45.0000  -37.5000 8808.0576   24.9567
    7.5000   45.0000  -37.5000 8337.8506   24.9244
   -7.5000  -45.0000  -30.0000 7860.1123   27.0415
    0.0000  -45.0000  -30.0000 8156.5703   27.0028
    7.5000  -45.0000  -30.0000 7698.6782   26.9591
   -7.5000  -37.5000  -30.0000 8517.6475   26.9951
    0.0000  -37.5000  -30.0000 8816.6055   26.9706
    7.5000  -37.5000  -30.0000 8290.1543   26.9313
   -7.5000  -30.0000  -30.0000 9522.1768   27.0491
    0.0000  -30.0000  -30.0000 9837.9512   27.0284
    7.5000  -30.0000  -30.0000 9230.4766   26.9924
   -7.5000  -22.5000  -30.000010406.6543   27.1302
    0.0000  -22.5000  -30.000010756.3672   27.0974
    7.5000  -22.5000  -30.000010123.2354   27.0595
   -7.5000  -15.0000  -30.000011175.9170   27.1603
    0.0000  -15.0000  -30.000011600.6211   27.1132
    7.5000  -15.0000  -30.000010902.3857   27.0704
   -7.5000   -7.5000  -30.000011950.3301   27.0988
    0.0000   -7.5000  -30.000012429.5713   27.0499
    7.5000   -7.5000  -30.000011612.2480   27.0047
   -7.5000    0.0000  -30.000012549.2422   27.0140
    0.0000    0.0000  -30.000013026.6904   26.9756
    7.5000    0.0000  -30.000012219.8584   26.9321
   -7.5000    7.5000  -30.000012129.5742   26.9945
    0.0000    7.5000  -30.000012584.7578   26.9699
    7.5000    7.5000  -30.000011845.6143   26.9306
   -7.5000   15.0000  -30.000011707.8584   27.0491
    0.0000   15.0000  -30.000012150.1289   27.0284
    7.5000   15.0000  -30.000011442.4766   26.9924
   -7.5000   22.5000  -30.000011349.4541   27.1237
    0.0000   22.5000  -30.000011800.1201   27.0909
    7.5000   22.5000  -30.000011113.6025   27.0530
   -7.5000   30.0000  -30.000010670.1270   26.8009
    0.0000   30.0000  -30.000011086.3398   26.7545
    7.5000   30.0000  -30.000010444.7598   26.7122
   -7.5000   37.5000  -30.000010072.5830   26.7402
    0.0000   37.5000  -30.000010459.2334   26.6919
    7.5000   37.5000  -30.0000 9873.5352   26.6473
   -7.5000   45.0000  -30.0000 9098.7500   25.9963
    0.0000   45.0000  -30.0000 9422.2939   25.9593
    7.5000   45.0000  -30.0000 8906.3818   25.9174
   -7.5000  -45.0000  -22.5000 8533.1641   27.9524
    0.0000  -45.0000  -22.5000 8851.7471   27.9184
    7.5000  -45.0000  -22.5000 8346.8281   27.8656
   -7.5000  -37.5000  -22.5000 9226.8115   27.8803
    0.0000  -37.5000  -22.5000 9582.5830   27.8590
    7.5000  -37.5000  -22.5000 9004.4609   27.8193
   -7.5000  -30.0000  -22.500010282.0508   27.9201
    0.0000  -30.0000  -22.500010681.7500   27.9039
    7.5000  -30.0000  -22.500010012.9180   27.8783
   -7.5000  -22.5000  -22.500011273.4854   28.0143
    0.0000  -22.5000  -22.500011681.4199   27.9898
    7.5000  -22.5000  -22.500010970.9541   27.9641
   -7.5000  -15.0000  -22.500012185.4404   28.0687
    0.0000  -15.0000  -22.500012639.5371   28.0327
    7.5000  -15.0000  -22.500011837.6748   27.9949
   -7.5000   -7.5000  -22.500012961.7705   28.0189
    0.0000   -7.5000  -22.500013465.5137   27.9788
    7.5000   -7.5000  -22.500012544.4717   27.9283
   -7.5000    0.0000  -22.500013531.4551   27.9241
    0.0000    0.0000  -22.500014058.1475   27.8904
    7.5000    0.0000  -22.500013150.2510   27.8378
   -7.5000    7.5000  -22.500013075.2852   27.8797
    0.0000    7.5000  -22.500013599.6807   27.8583
    7.5000    7.5000  -22.500012734.0732   27.8186
   -7.5000   15.0000  -22.500012623.2861   27.9201
    0.0000   15.0000  -22.500013119.7471   27.9039
    7.5000   15.0000  -22.500012295.1357   27.8783
   -7.5000   22.5000  -22.500012217.6846   28.0057
    0.0000   22.5000  -22.500012716.6494   27.9812
    7.5000   22.5000  -22.500011908.5430   27.9554
   -7.5000   30.0000  -22.500011406.7871   27.7016
    0.0000   30.0000  -22.500011849.9307   27.6660
    7.5000   30.0000  -22.500011117.5654   27.6287
   -7.5000   37.5000  -22.500010771.9561   27.6524
    0.0000   37.5000  -22.500011222.3066   27.6128
    7.5000   37.5000  -22.500010562.3623   27.5630
   -7.5000   45.0000  -22.5000 9662.9863   26.8923
    0.0000   45.0000  -22.500010078.6738   26.8598
    7.5000   45.0000  -22.5000 9509.5166   26.8092
   -7.5000  -45.0000  -15.0000 9258.2725   28.6598
    0.0000  -45.0000  -15.0000 9630.5947   28.6249
    7.5000  -45.0000  -15.0000 9091.5381   28.5706
   -7.5000  -37.5000  -15.0000 9965.5459   28.5791
    0.0000  -37.5000  -15.000010392.3545   28.5548
    7.5000  -37.5000  -15.0000 9785.6641   28.5111
   -7.5000  -30.0000  -15.000011055.6133   28.5974
    0.0000  -30.0000  -15.000011513.5908   28.5763
    7.5000  -30.0000  -15.000010851.1504   28.5499
   -7.5000  -22.5000  -15.000012150.2324   28.6771
    0.0000  -22.5000  -15.000012651.7754   28.6477
    7.5000  -22.5000  -15.000011904.5078   28.6268
   -7.5000  -15.0000  -15.000013238.7764   28.7368
    0.0000  -15.0000  -15.000013771.9951   28.6977
    7.5000  -15.0000  -15.000012827.9297   28.6670
   -7.5000   -7.5000  -15.000013966.9658   28.7095
    0.0000   -7.5000  -15.000014524.1641   28.6682
    7.5000   -7.5000  -15.000013522.9375   28.6218
   -7.5000    0.0000  -15.000014437.7539   28.6308
    0.0000    0.0000  -15.000015089.6836   28.5961
    7.5000    0.0000  -15.000014089.4453   28.5421
   -7.5000    7.5000  -15.000013992.2285   28.5784
    0.0000    7.5000  -15.000014625.7295   28.5541
    7.5000    7.5000  -15.000013674.1680   28.5104
   -7.5000   15.0000  -15.000013548.8574   28.5974
    0.0000   15.0000  -15.000014135.4639   28.5763
    7.5000   15.0000  -15.000013183.1084   28.5499
   -7.5000   22.5000  -15.000013092.5010   28.6669
    0.0000   22.5000  -15.000013667.4941   28.6375
    7.5000   22.5000  -15.000012712.8535   28.6167
   -7.5000   30.0000  -15.000012133.4414   28.3649
    0.0000   30.0000  -15.000012687.1836   28.3263
    7.5000   30.0000  -15.000011798.2090   28.2960
   -7.5000   37.5000  -15.000011479.2979   28.3380
    0.0000   37.5000  -15.000012027.4287   28.2971
    7.5000   37.5000  -15.000011232.6133   28.2513
   -7.5000   45.0000  -15.000010296.8057   27.5895
    0.0000   45.0000  -15.000010771.3369   27.5561
    7.5000   45.0000  -15.000010154.2656   27.5040
   -7.5000  -45.0000   -7.5000 9978.4316   29.0535
    0.0000  -45.0000   -7.500010392.6465   29.0080
    7.5000  -45.0000   -7.5000 9881.7539   28.9637
   -7.5000  -37.5000   -7.500010725.7764   28.9937
    0.0000  -37.5000   -7.500011185.7666   28.9582
    7.5000  -37.5000   -7.500010632.1348   28.9116
   -7.5000  -30.0000   -7.500011859.6045   29.0067
    0.0000  -30.0000   -7.500012349.8721   28.9716
    7.5000  -30.0000   -7.500011762.1523   28.9338
   -7.5000  -22.5000   -7.500013113.6387   29.0557
    0.0000  -22.5000   -7.500013669.5996   29.0099
    7.5000  -22.5000   -7.500012925.0889   28.9824
   -7.5000  -15.0000   -7.500014317.8281   29.0923
    0.0000  -15.0000   -7.500014967.1553   29.0367
    7.5000  -15.0000   -7.500013897.2588   29.0102
   -7.5000   -7.5000   -7.500014927.1094   29.0743
    0.0000   -7.5000   -7.500015663.1934   29.0196
    7.5000   -7.5000   -7.500014587.8262   28.9854
   -7.5000    0.0000   -7.500015391.7158   29.0239
    0.0000    0.0000   -7.500016189.4102   28.9787
    7.5000    0.0000   -7.500015173.5146   28.9347
   -7.5000    7.5000   -7.500014961.5049   28.9929
    0.0000    7.5000   -7.500015710.1904   28.9575
    7.5000    7.5000   -7.500014701.2080   28.9108
   -7.5000   15.0000   -7.500014458.7031   29.0067
    0.0000   15.0000   -7.500015166.5693   28.9716
    7.5000   15.0000   -7.500014172.8682   28.9338
   -7.5000   22.5000   -7.500013912.7959   29.0423
    0.0000   22.5000   -7.500014604.6777   28.9965
    7.5000   22.5000   -7.500013599.0244   28.9690
   -7.5000   30.0000   -7.500012862.9873   28.7150
    0.0000   30.0000   -7.500013481.1934   28.6601
    7.5000   30.0000   -7.500012536.2979   28.6340
   -7.5000   37.5000   -7.500012215.9883   28.6972
    0.0000   37.5000   -7.500012798.6426   28.6432
    7.5000   37.5000   -7.500011942.0234   28.6096
   -7.5000   45.0000   -7.500010964.0791   27.9736
    0.0000   45.0000   -7.500011482.4053   27.9300
    7.5000   45.0000   -7.500010795.0000   27.8876
   -7.5000  -45.0000    0.000010596.7529   29.1388
    0.0000  -45.0000    0.000011018.7910   29.0856
    7.5000  -45.0000    0.000010529.4492   29.0506
   -7.5000  -37.5000    0.000011358.3770   29.1065
    0.0000  -37.5000    0.000011853.8115   29.0634
    7.5000  -37.5000    0.000011327.4375   29.0158
   -7.5000  -30.0000    0.000012623.9277   29.1363
    0.0000  -30.0000    0.000013181.4551   29.0913
    7.5000  -30.0000    0.000012608.8174   29.0413
   -7.5000  -22.5000    0.000013991.9932   29.1723
    0.0000  -22.5000    0.000014611.1338   29.1142
    7.5000  -22.5000    0.000013766.8076   29.0734
   -7.5000  -15.0000    0.000014958.7705   29.1827
    0.0000  -15.0000    0.000015586.7725   29.1141
    7.5000  -15.0000    0.000014607.3252   29.0827
   -7.5000   -7.5000    0.000015404.9805   29.1498
    0.0000   -7.5000    0.000016121.1191   29.0846
    7.5000   -7.5000    0.000015360.1396   29.0569
   -7.5000    0.0000    0.000016029.8594   29.1090
    0.0000    0.0000    0.000016788.4473   29.0561
    7.5000    0.0000    0.000016034.1172   29.0212
   -7.5000    7.5000    0.000015705.7852   29.1057
    0.0000    7.5000    0.000016443.3438   29.0626
    7.5000    7.5000    0.000015572.7900   29.0150
   -7.5000   15.0000    0.000015180.4648   29.1363
    0.0000   15.0000    0.000015913.4482   29.0913
    7.5000   15.0000    0.000014996.9951   29.0413
   -7.5000   22.5000    0.000014531.7363   29.1589
    0.0000   22.5000    0.000015299.7070   29.1007
    7.5000   22.5000    0.000014310.4043   29.0600
   -7.5000   30.0000    0.000013390.6875   28.8050
    0.0000   30.0000    0.000014078.7949   28.7373
    7.5000   30.0000    0.000013139.0176   28.7063
   -7.5000   37.5000    0.000012764.4521   28.7725
    0.0000   37.5000    0.000013411.3838   28.7082
    7.5000   37.5000    0.000012498.3408   28.6808
   -7.5000   45.0000    0.000011485.5332   28.0577
    0.0000   45.0000    0.000012070.5596   28.0067
    7.5000   45.0000    0.000011321.4316   27.9731
   -7.5000  -45.0000    7.500010400.7627   29.1011
    0.0000  -45.0000    7.500010796.4395   29.0517
    7.5000  -45.0000    7.500010331.3828   29.0139
   -7.5000  -37.5000    7.500011206.6729   29.0718
    0.0000  -37.5000    7.500011628.5576   29.0355
    7.5000  -37.5000    7.500011148.1973   28.9893
   -7.5000  -30.0000    7.500012490.2588   29.1238
    0.0000  -30.0000    7.500012939.4355   29.0875
    7.5000  -30.0000    7.500012381.2686   29.0363
   -7.5000  -22.5000    7.500013703.1680   29.1809
    0.0000  -22.5000    7.500014142.0225   29.1291
    7.5000  -22.5000    7.500013425.3809   29.0806
   -7.5000  -15.0000    7.500014377.9453   29.1908
    0.0000  -15.0000    7.500014780.6201   29.1252
    7.5000  -15.0000    7.500014162.0664   29.0824
   -7.5000   -7.5000    7.500014758.9805   29.1340
    0.0000   -7.5000    7.500015234.8125   29.0709
    7.5000   -7.5000    7.500014894.1660   29.0342
   -7.5000    0.0000    7.500015488.5146   29.0713
    0.0000    0.0000    7.500016076.7930   29.0222
    7.5000    0.0000    7.500015637.5225   28.9847
   -7.5000    7.5000    7.500015226.9502   29.0711
    0.0000    7.5000    7.500015853.3428   29.0347
    7.5000    7.5000    7.500015213.2910   28.9885
   -7.5000   15.0000    7.500014773.0020   29.1238
    0.0000   15.0000    7.500015446.5107   29.0875
    7.5000   15.0000    7.500014684.2246   29.0363
   -7.5000   22.5000    7.500014122.5342   29.1674
    0.0000   22.5000    7.500014825.8066   29.1157
    7.5000   22.5000    7.500013955.3008   29.0672
   -7.5000   30.0000    7.500013038.0586   28.8130
    0.0000   30.0000    7.500013675.2920   28.7482
    7.5000   30.0000    7.500012815.5508   28.7060
   -7.5000   37.5000    7.500012443.3779   28.7570
    0.0000   37.5000    7.500013045.7070   28.6947
    7.5000   37.5000    7.500012176.7402   28.6584
   -7.5000   45.0000    7.500011179.7529   28.0214
    0.0000   45.0000    7.500011744.4199   27.9740
    7.5000   45.0000    7.500010990.7881   27.9379
   -7.5000  -45.0000   15.000010009.6504   29.0382
    0.0000  -45.0000   15.000010386.8770   28.9966
    7.5000  -45.0000   15.0000 9940.7197   28.9496
   -7.5000  -37.5000   15.000010796.2236   28.9883
    0.0000  -37.5000   15.000011179.7158   28.9620
    7.5000  -37.5000   15.000010723.0166   28.9198
   -7.5000  -30.0000   15.000011994.4531   29.0463
    0.0000  -30.0000   15.000012405.3301   29.0241
    7.5000  -30.0000   15.000011870.3193   28.9854
   -7.5000  -22.5000   15.000013217.2441   29.1333
    0.0000  -22.5000   15.000013600.3037   29.0982
    7.5000  -22.5000   15.000012898.6572   29.0574
   -7.5000  -15.0000   15.000013937.9854   29.1656
    0.0000  -15.0000   15.000014333.8301   29.1151
    7.5000  -15.0000   15.000013704.0977   29.0691
   -7.5000   -7.5000   15.000014261.4414   29.0997
    0.0000   -7.5000   15.000014743.9277   29.0471
    7.5000   -7.5000   15.000014364.1973   28.9986
   -7.5000    0.0000   15.000014885.1689   29.0086
    0.0000    0.0000   15.000015481.1270   28.9673
    7.5000    0.0000   15.000015027.0283   28.9206
   -7.5000    7.5000   15.000014669.5898   28.9876
    0.0000    7.5000   15.000015278.2871   28.9613
    7.5000    7.5000   15.000014637.7891   28.9190
   -7.5000   15.0000   15.000014324.2930   29.0463
    0.0000   15.0000   15.000014908.1846   29.0241
    7.5000   15.0000   15.000014167.8867   28.9854
   -7.5000   22.5000   15.000013692.0781   29.1199
    0.0000   22.5000   15.000014242.9180   29.0847
    7.5000   22.5000   15.000013457.5205   29.0440
   -7.5000   30.0000   15.000012587.8623   28.7882
    0.0000   30.0000   15.000013079.2500   28.7383
    7.5000   30.0000   15.000012336.1953   28.6929
   -7.5000   37.5000   15.000011943.9141   28.7231
    0.0000   37.5000   15.000012402.7646   28.6712
    7.5000   37.5000   15.000011696.2412   28.6233
   -7.5000   45.0000   15.000010715.0146   27.9610
    0.0000   45.0000   15.000011149.5361   27.9211
    7.5000   45.0000   15.000010519.5098   27.8761
   -7.5000  -45.0000   22.5000 9548.2090   29.0168
    0.0000  -45.0000   22.5000 9954.5391   28.9816
    7.5000  -45.0000   22.5000 9504.0791   28.9267
   -7.5000  -37.5000   22.500010264.5645   28.9420
    0.0000  -37.5000   22.500010722.5723   28.9198
    7.5000  -37.5000   22.500010213.0840   28.8786
   -7.5000  -30.0000   22.500011377.2715   28.9833
    0.0000  -30.0000   22.500011862.0635   28.9665
    7.5000  -30.0000   22.500011291.2822   28.9399
   -7.5000  -22.5000   22.500012549.3145   29.0811
    0.0000  -22.5000   22.500012978.3467   29.0557
    7.5000  -22.5000   22.500012275.8760   29.0289
   -7.5000  -15.0000   22.500013467.1006   29.1376
    0.0000  -15.0000   22.500013877.0518   29.1002
    7.5000  -15.0000   22.500013090.4209   29.0610
   -7.5000   -7.5000   22.500014032.6064   29.0859
    0.0000   -7.5000   22.500014433.2822   29.0442
    7.5000   -7.5000   22.500013768.3506   28.9918
   -7.5000    0.0000   22.500014596.1387   28.9874
    0.0000    0.0000   22.500015001.9053   28.9525
    7.5000    0.0000   22.500014348.8311   28.8979
   -7.5000    7.5000   22.500014266.3447   28.9413
    0.0000    7.5000   22.500014659.0957   28.9191
    7.5000    7.5000   22.500013979.9551   28.8779
   -7.5000   15.0000   22.500013852.2803   28.9833
    0.0000   15.0000   22.500014280.0908   28.9665
    7.5000   15.0000   22.500013543.4014   28.9399
   -7.5000   22.5000   22.500013152.7510   29.0677
    0.0000   22.5000   22.500013605.5596   29.0423
    7.5000   22.5000   22.500012863.3623   29.0155
   -7.5000   30.0000   22.500011987.7930   28.7605
    0.0000   30.0000   22.500012441.4795   28.7235
    7.5000   30.0000   22.500011775.1738   28.6849
   -7.5000   37.5000   22.500011302.8721   28.7095
    0.0000   37.5000   22.500011727.8945   28.6683
    7.5000   37.5000   22.500011110.8916   28.6166
   -7.5000   45.0000   22.500010142.2363   27.9405
    0.0000   45.0000   22.500010522.1641   27.9068
    7.5000   45.0000   22.500010001.0967   27.8542
   -7.5000  -45.0000   30.0000 8961.9287   29.0531
    0.0000  -45.0000   30.0000 9361.9502   29.0177
    7.5000  -45.0000   30.0000 8925.1895   28.9627
   -7.5000  -37.5000   30.0000 9661.8066   28.9713
    0.0000  -37.5000   30.000010068.3330   28.9467
    7.5000  -37.5000   30.0000 9580.3633   28.9024
   -7.5000  -30.0000   30.000010722.2705   28.9899
    0.0000  -30.0000   30.000011138.1543   28.9685
    7.5000  -30.0000   30.000010597.2002   28.9418
   -7.5000  -22.5000   30.000011741.6074   29.0707
    0.0000  -22.5000   30.000012131.1113   29.0408
    7.5000  -22.5000   30.000011519.2178   29.0197
   -7.5000  -15.0000   30.000012656.1885   29.1311
    0.0000  -15.0000   30.000013042.4150   29.0915
    7.5000  -15.0000   30.000012319.1143   29.0604
   -7.5000   -7.5000   30.000013346.6924   29.1035
    0.0000   -7.5000   30.000013731.7715   29.0616
    7.5000   -7.5000   30.000013005.6387   29.0145
   -7.5000    0.0000   30.000013888.7236   29.0237
    0.0000    0.0000   30.000014284.9180   28.9886
    7.5000    0.0000   30.000013593.0508   28.9338
   -7.5000    7.5000   30.000013455.0205   28.9706
    0.0000    7.5000   30.000013841.0742   28.9460
    7.5000    7.5000   30.000013172.7549   28.9017
   -7.5000   15.0000   30.000013005.9189   28.9899
    0.0000   15.0000   30.000013415.2686   28.9685
    7.5000   15.0000   30.000012741.8311   28.9418
   -7.5000   22.5000   30.000012339.6729   29.0573
    0.0000   22.5000   30.000012752.9639   29.0274
    7.5000   22.5000   30.000012093.6143   29.0063
   -7.5000   30.0000   30.000011237.7139   28.7541
    0.0000   30.0000   30.000011634.1211   28.7150
    7.5000   30.0000   30.000011067.1924   28.6843
   -7.5000   37.5000   30.000010569.2119   28.7269
    0.0000   37.5000   30.000010968.4053   28.6855
    7.5000   37.5000   30.000010425.1846   28.6390
   -7.5000   45.0000   30.0000 9524.3418   27.9755
    0.0000   45.0000   30.0000 9907.0791   27.9416
    7.5000   45.0000   30.0000 9399.1484   27.8888
   -7.5000  -45.0000   37.5000 8671.3359   29.1495
    0.0000  -45.0000   37.5000 9036.8359   29.1042
    7.5000  -45.0000   37.5000 8614.8506   29.0606
   -7.5000  -37.5000   37.5000 9350.8584   29.0889
    0.0000  -37.5000   37.5000 9716.2764   29.0538
    7.5000  -37.5000   37.5000 9254.2246   29.0076
   -7.5000  -30.0000   37.500010338.4756   29.1016
    0.0000  -30.0000   37.500010720.3916   29.0669
    7.5000  -30.0000   37.500010225.6221   29.0298
   -7.5000  -22.5000   37.500011229.5146   29.1509
    0.0000  -22.5000   37.500011607.8770   29.1055
    7.5000  -22.5000   37.500011098.8389   29.0790
   -7.5000  -15.0000   37.500012025.0928   29.1880
    0.0000  -15.0000   37.500012424.2021   29.1329
    7.5000  -15.0000   37.500011879.9238   29.1074
   -7.5000   -7.5000   37.500012734.4736   29.1703
    0.0000   -7.5000   37.500013167.9062   29.1159
    7.5000   -7.5000   37.500012580.4453   29.0827
   -7.5000    0.0000   37.500013317.6064   29.1198
    0.0000    0.0000   37.500013766.2666   29.0748
    7.5000    0.0000   37.500013170.8447   29.0313
   -7.5000    7.5000   37.500012939.4082   29.0882
    0.0000    7.5000   37.500013395.3740   29.0530
    7.5000    7.5000   37.500012805.4160   29.0069
   -7.5000   15.0000   37.500012515.9053   29.1016
    0.0000   15.0000   37.500012984.4326   29.0669
    7.5000   15.0000   37.500012351.4248   29.0298
   -7.5000   22.5000   37.500011887.4824   29.1374
    0.0000   22.5000   37.500012320.5127   29.0921
    7.5000   22.5000   37.500011692.7178   29.0656
   -7.5000   30.0000   37.500010854.5967   28.8103
    0.0000   30.0000   37.500011244.6641   28.7558
    7.5000   30.0000   37.500010705.3213   28.7307
   -7.5000   37.5000   37.500010231.2383   28.7928
    0.0000   37.5000   37.500010614.3896   28.7391
    7.5000   37.5000   37.500010094.8643   28.7063
   -7.5000   45.0000   37.5000 9244.2559   28.0681
    0.0000   45.0000   37.5000 9576.3135   28.0247
    7.5000   45.0000   37.5000 9117.2188   27.9829
   -7.5000  -45.0000   45.0000 7961.3677   29.2037
    0.0000  -45.0000   45.0000 8327.5283   29.1515
    7.5000  -45.0000   45.0000 7928.7358   29.1186
   -7.5000  -37.5000   45.0000 8561.6143   29.1719
    0.0000  -37.5000   45.0000 8932.8457   29.1302
    7.5000  -37.5000   45.0000 8501.6543   29.0846
   -7.5000  -30.0000   45.0000 9447.2764   29.2030
    0.0000  -30.0000   45.0000 9814.6592   29.1595
    7.5000  -30.0000   45.0000 9349.3809   29.1110
   -7.5000  -22.5000   45.000010234.7080   29.2395
    0.0000  -22.5000   45.000010594.8818   29.1822
    7.5000  -22.5000   45.000010121.6348   29.1428
   -7.5000  -15.0000   45.000010935.9883   29.2492
    0.0000  -15.0000   45.000011334.4365   29.1809
    7.5000  -15.0000   45.000010825.0273   29.1510
   -7.5000   -7.5000   45.000011556.7246   29.2150
    0.0000   -7.5000   45.000011996.3086   29.1501
    7.5000   -7.5000   45.000011445.8584   29.1244
   -7.5000    0.0000   45.000012096.5547   29.1735
    0.0000    0.0000   45.000012559.7197   29.1215
    7.5000    0.0000   45.000012005.0049   29.0890
   -7.5000    7.5000   45.000011801.9268   29.1711
    0.0000    7.5000   45.000012299.3721   29.1294
    7.5000    7.5000   45.000011741.1426   29.0838
   -7.5000   15.0000   45.000011478.9658   29.2030
    0.0000   15.0000   45.000011976.7812   29.1595
    7.5000   15.0000   45.000011398.5312   29.1110
   -7.5000   22.5000   45.000010910.0674   29.2259
    0.0000   22.5000   45.000011348.2607   29.1687
    7.5000   22.5000   45.000010836.4961   29.1293
   -7.5000   30.0000   45.0000 9979.7461   28.8682
    0.0000   30.0000   45.000010388.7383   28.8007
    7.5000   30.0000   45.0000 9920.9863   28.7712
   -7.5000   37.5000   45.0000 9424.6738   28.8344
    0.0000   37.5000   45.0000 9812.3145   28.7704
    7.5000   37.5000   45.0000 9350.3477   28.7450
   -7.5000   45.0000   45.0000 8508.4453   28.1327
    0.0000   45.0000   45.0000 8844.4990   28.0825
    7.5000   45.0000   45.0000 8426.3955   28.0511

---------------------------------------------------------------------
imgreg_4dfp /opt/freesurfer/average/711-2C_as_mni_average_305 /opt/freesurfer/average/711-2B_as_mni_average_305_mask talsrcimg_g11 none talsrcimg_to_711-2C_as_mni_average_305_t4 4355
---------------------------------------------------------------------

freesurfer imgreg_4dfp.c
/opt/freesurfer/average/711-2C_as_mni_average_305.4dfp.img
       256       256       256         1
  1.000000  1.000000  1.000000
orientation T byte_order littleendian
Reading image: /opt/freesurfer/average/711-2C_as_mni_average_305.4dfp.img
dimensions:      256       256       256
mmppix:       1.0000   -1.0000   -1.0000
center:     128.0000 -129.0000 -129.0000
/opt/freesurfer/average/711-2B_as_mni_average_305_mask.4dfp.img
       256       256       256         1
  1.000000  1.000000  1.000000
orientation T byte_order littleendian
Reading mask: /opt/freesurfer/average/711-2B_as_mni_average_305_mask.4dfp.img (2306576 pixels)
talsrcimg_g11.4dfp.img
       256       256       256         1
  1.000000  1.000000  1.000000
orientation T byte_order littleendian
Reading image: talsrcimg_g11.4dfp.img
dimensions:      256       256       256
mmppix:       1.0000   -1.0000   -1.0000
center:     128.0000 -129.0000 -129.0000
rotation matrix determinant  1.000000
image alignment mode   4355 decimal     1103 hex
   -7.5000  -45.0000  -45.0000 1855.6643   34.4052
    0.0000  -45.0000  -45.0000 1849.1996   34.4156
    7.5000  -45.0000  -45.0000 1832.5823   34.9180
   -7.5000  -37.5000  -45.0000 1962.0421   31.0683
    0.0000  -37.5000  -45.0000 1951.6598   31.0614
    7.5000  -37.5000  -45.0000 1925.2839   31.4765
   -7.5000  -30.0000  -45.0000 2051.5273   28.8994
    0.0000  -30.0000  -45.0000 2041.6737   28.8636
    7.5000  -30.0000  -45.0000 2007.6071   29.1905
   -7.5000  -22.5000  -45.0000 2113.6711   27.4601
    0.0000  -22.5000  -45.0000 2110.6877   27.4579
    7.5000  -22.5000  -45.0000 2074.4829   27.7873
   -7.5000  -15.0000  -45.0000 2149.5630   26.4145
    0.0000  -15.0000  -45.0000 2147.8689   26.4065
    7.5000  -15.0000  -45.0000 2108.5303   26.8377
   -7.5000   -7.5000  -45.0000 2160.5667   25.6951
    0.0000   -7.5000  -45.0000 2158.8772   25.6728
    7.5000   -7.5000  -45.0000 2128.7202   26.1121
   -7.5000    0.0000  -45.0000 2139.0269   25.3375
    0.0000    0.0000  -45.0000 2141.4282   25.3760
    7.5000    0.0000  -45.0000 2119.9783   25.8513
   -7.5000    7.5000  -45.0000 2128.0334   25.5564
    0.0000    7.5000  -45.0000 2123.1487   25.5803
    7.5000    7.5000  -45.0000 2092.0278   26.1529
   -7.5000   15.0000  -45.0000 2092.0203   26.2832
    0.0000   15.0000  -45.0000 2087.2852   26.2687
    7.5000   15.0000  -45.0000 2055.4031   26.8187
   -7.5000   22.5000  -45.0000 2041.9795   27.4132
    0.0000   22.5000  -45.0000 2037.2820   27.4027
    7.5000   22.5000  -45.0000 2007.2666   28.0862
   -7.5000   30.0000  -45.0000 1971.6361   29.1983
    0.0000   30.0000  -45.0000 1964.4421   29.2368
    7.5000   30.0000  -45.0000 1936.1865   30.0850
   -7.5000   37.5000  -45.0000 1893.3419   31.8014
    0.0000   37.5000  -45.0000 1890.4662   31.8012
    7.5000   37.5000  -45.0000 1856.7654   32.7558
   -7.5000   45.0000  -45.0000 1800.7101   35.3418
    0.0000   45.0000  -45.0000 1796.7012   35.3922
    7.5000   45.0000  -45.0000 1763.9694   36.3612
   -7.5000  -45.0000  -37.5000 1944.2087   31.3562
    0.0000  -45.0000  -37.5000 1933.7106   31.3936
    7.5000  -45.0000  -37.5000 1905.4016   31.6741
   -7.5000  -37.5000  -37.5000 2056.0842   28.4110
    0.0000  -37.5000  -37.5000 2046.3634   28.4581
    7.5000  -37.5000  -37.5000 2009.7140   28.6623
   -7.5000  -30.0000  -37.5000 2156.7595   26.4951
    0.0000  -30.0000  -37.5000 2147.4355   26.4836
    7.5000  -30.0000  -37.5000 2103.4209   26.6113
   -7.5000  -22.5000  -37.5000 2217.8916   25.0906
    0.0000  -22.5000  -37.5000 2214.8501   25.1535
    7.5000  -22.5000  -37.5000 2176.4707   25.3676
   -7.5000  -15.0000  -37.5000 2244.3906   24.0499
    0.0000  -15.0000  -37.5000 2251.0923   24.0817
    7.5000  -15.0000  -37.5000 2213.3755   24.4492
   -7.5000   -7.5000  -37.5000 2266.9065   23.3947
    0.0000   -7.5000  -37.5000 2269.2336   23.3833
    7.5000   -7.5000  -37.5000 2233.4905   23.7126
   -7.5000    0.0000  -37.5000 2254.5481   23.1030
    0.0000    0.0000  -37.5000 2253.5200   23.1479
    7.5000    0.0000  -37.5000 2225.6074   23.4989
   -7.5000    7.5000  -37.5000 2232.5220   23.3106
    0.0000    7.5000  -37.5000 2231.4309   23.3434
    7.5000    7.5000  -37.5000 2200.2717   23.7651
   -7.5000   15.0000  -37.5000 2190.6829   23.9201
    0.0000   15.0000  -37.5000 2192.1484   23.9687
    7.5000   15.0000  -37.5000 2160.2021   24.3878
   -7.5000   22.5000  -37.5000 2142.5676   24.9392
    0.0000   22.5000  -37.5000 2141.5737   24.9733
    7.5000   22.5000  -37.5000 2114.4680   25.5338
   -7.5000   30.0000  -37.5000 2070.8550   26.5393
    0.0000   30.0000  -37.5000 2065.8770   26.5881
    7.5000   30.0000  -37.5000 2039.4824   27.2553
   -7.5000   37.5000  -37.5000 1987.4882   28.9820
    0.0000   37.5000  -37.5000 1985.6279   28.9563
    7.5000   37.5000  -37.5000 1953.4507   29.7283
   -7.5000   45.0000  -37.5000 1890.2201   32.2695
    0.0000   45.0000  -37.5000 1887.6172   32.1919
    7.5000   45.0000  -37.5000 1852.5773   33.1133
   -7.5000  -45.0000  -30.0000 2050.6335   29.5815
    0.0000  -45.0000  -30.0000 2047.3206   29.7103
    7.5000  -45.0000  -30.0000 2014.9355   29.9261
   -7.5000  -37.5000  -30.0000 2179.6609   26.8514
    0.0000  -37.5000  -30.0000 2171.3838   26.9333
    7.5000  -37.5000  -30.0000 2127.6775   27.0243
   -7.5000  -30.0000  -30.0000 2293.9001   25.0290
    0.0000  -30.0000  -30.0000 2284.3735   25.0961
    7.5000  -30.0000  -30.0000 2233.5713   25.2518
   -7.5000  -22.5000  -30.0000 2361.7786   23.7672
    0.0000  -22.5000  -30.0000 2355.8557   23.8414
    7.5000  -22.5000  -30.0000 2313.5305   24.0686
   -7.5000  -15.0000  -30.0000 2389.1699   22.8105
    0.0000  -15.0000  -30.0000 2392.5337   22.8634
    7.5000  -15.0000  -30.0000 2359.7996   23.1697
   -7.5000   -7.5000  -30.0000 2410.1758   22.1564
    0.0000   -7.5000  -30.0000 2414.4590   22.1164
    7.5000   -7.5000  -30.0000 2375.7969   22.4359
   -7.5000    0.0000  -30.0000 2405.2944   21.8148
    0.0000    0.0000  -30.0000 2409.6499   21.8783
    7.5000    0.0000  -30.0000 2376.1763   22.2177
   -7.5000    7.5000  -30.0000 2386.4399   21.9903
    0.0000    7.5000  -30.0000 2387.0254   22.0122
    7.5000    7.5000  -30.0000 2356.6560   22.4217
   -7.5000   15.0000  -30.0000 2347.3745   22.6106
    0.0000   15.0000  -30.0000 2347.5115   22.6383
    7.5000   15.0000  -30.0000 2318.1372   23.0729
   -7.5000   22.5000  -30.0000 2297.7847   23.6749
    0.0000   22.5000  -30.0000 2292.6506   23.6555
    7.5000   22.5000  -30.0000 2260.3760   24.1337
   -7.5000   30.0000  -30.0000 2215.2861   25.2579
    0.0000   30.0000  -30.0000 2211.0906   25.2761
    7.5000   30.0000  -30.0000 2182.7712   25.7817
   -7.5000   37.5000  -30.0000 2117.4478   27.5981
    0.0000   37.5000  -30.0000 2117.0303   27.6251
    7.5000   37.5000  -30.0000 2086.4939   28.2349
   -7.5000   45.0000  -30.0000 2007.8649   30.6711
    0.0000   45.0000  -30.0000 2002.9489   30.6999
    7.5000   45.0000  -30.0000 1965.2979   31.4072
   -7.5000  -45.0000  -22.5000 2142.3779   28.0158
    0.0000  -45.0000  -22.5000 2137.6499   28.0896
    7.5000  -45.0000  -22.5000 2104.4111   28.2978
   -7.5000  -37.5000  -22.5000 2282.2051   25.2771
    0.0000  -37.5000  -22.5000 2275.5310   25.3539
    7.5000  -37.5000  -22.5000 2230.3840   25.4983
   -7.5000  -30.0000  -22.5000 2398.3518   23.3713
    0.0000  -30.0000  -22.5000 2393.0371   23.5413
    7.5000  -30.0000  -22.5000 2344.9326   23.6726
   -7.5000  -22.5000  -22.5000 2477.6528   22.2502
    0.0000  -22.5000  -22.5000 2470.1289   22.3042
    7.5000  -22.5000  -22.5000 2427.6511   22.5318
   -7.5000  -15.0000  -22.5000 2512.3799   21.4450
    0.0000  -15.0000  -22.5000 2512.6714   21.4343
    7.5000  -15.0000  -22.5000 2476.7144   21.6756
   -7.5000   -7.5000  -22.5000 2528.5320   20.8509
    0.0000   -7.5000  -22.5000 2533.9673   20.7965
    7.5000   -7.5000  -22.5000 2502.1084   21.0880
   -7.5000    0.0000  -22.5000 2531.7195   20.4769
    0.0000    0.0000  -22.5000 2537.1147   20.5090
    7.5000    0.0000  -22.5000 2505.9639   20.8418
   -7.5000    7.5000  -22.5000 2516.8765   20.5835
    0.0000    7.5000  -22.5000 2522.4419   20.6169
    7.5000    7.5000  -22.5000 2487.4016   20.9934
   -7.5000   15.0000  -22.5000 2488.8491   21.2032
    0.0000   15.0000  -22.5000 2488.9294   21.2068
    7.5000   15.0000  -22.5000 2450.3901   21.6244
   -7.5000   22.5000  -22.5000 2432.4763   22.3350
    0.0000   22.5000  -22.5000 2428.8013   22.3509
    7.5000   22.5000  -22.5000 2391.3999   22.7750
   -7.5000   30.0000  -22.5000 2335.5505   23.9947
    0.0000   30.0000  -22.5000 2334.5237   24.0070
    7.5000   30.0000  -22.5000 2302.5127   24.4399
   -7.5000   37.5000  -22.5000 2223.3757   26.1749
    0.0000   37.5000  -22.5000 2227.2529   26.2536
    7.5000   37.5000  -22.5000 2192.9680   26.7362
   -7.5000   45.0000  -22.5000 2094.7180   29.0867
    0.0000   45.0000  -22.5000 2097.8911   29.1601
    7.5000   45.0000  -22.5000 2057.1902   29.7207
   -7.5000  -45.0000  -15.0000 2207.7581   26.4918
    0.0000  -45.0000  -15.0000 2207.4656   26.5621
    7.5000  -45.0000  -15.0000 2176.5920   26.8263
   -7.5000  -37.5000  -15.0000 2347.2620   23.8648
    0.0000  -37.5000  -15.0000 2353.9822   23.9844
    7.5000  -37.5000  -15.0000 2313.3157   24.2157
   -7.5000  -30.0000  -15.0000 2464.6448   21.9879
    0.0000  -30.0000  -15.0000 2468.9932   22.0779
    7.5000  -30.0000  -15.0000 2429.0869   22.2499
   -7.5000  -22.5000  -15.0000 2557.3350   20.7876
    0.0000  -22.5000  -15.0000 2557.9631   20.8551
    7.5000  -22.5000  -15.0000 2522.4888   21.0276
   -7.5000  -15.0000  -15.0000 2611.7351   20.0468
    0.0000  -15.0000  -15.0000 2611.0713   20.0245
    7.5000  -15.0000  -15.0000 2574.6689   20.2215
   -7.5000   -7.5000  -15.0000 2627.6143   19.5734
    0.0000   -7.5000  -15.0000 2636.5249   19.5278
    7.5000   -7.5000  -15.0000 2606.9451   19.7100
   -7.5000    0.0000  -15.0000 2624.7097   19.1773
    0.0000    0.0000  -15.0000 2637.6616   19.2058
    7.5000    0.0000  -15.0000 2610.4529   19.4893
   -7.5000    7.5000  -15.0000 2621.5125   19.2906
    0.0000    7.5000  -15.0000 2627.8032   19.3237
    7.5000    7.5000  -15.0000 2596.3660   19.6777
   -7.5000   15.0000  -15.0000 2598.8318   19.9482
    0.0000   15.0000  -15.0000 2601.1450   19.9550
    7.5000   15.0000  -15.0000 2562.2786   20.3698
   -7.5000   22.5000  -15.0000 2532.6643   21.1694
    0.0000   22.5000  -15.0000 2533.7971   21.1826
    7.5000   22.5000  -15.0000 2493.5737   21.6064
   -7.5000   30.0000  -15.0000 2421.6638   22.8298
    0.0000   30.0000  -15.0000 2426.3193   22.8404
    7.5000   30.0000  -15.0000 2389.4885   23.2840
   -7.5000   37.5000  -15.0000 2302.4761   24.9392
    0.0000   37.5000  -15.0000 2306.4199   24.9799
    7.5000   37.5000  -15.0000 2269.4758   25.4597
   -7.5000   45.0000  -15.0000 2165.5627   27.7030
    0.0000   45.0000  -15.0000 2164.2007   27.7415
    7.5000   45.0000  -15.0000 2133.7385   28.2520
   -7.5000  -45.0000   -7.5000 2252.0063   25.1020
    0.0000  -45.0000   -7.5000 2258.0928   25.1129
    7.5000  -45.0000   -7.5000 2240.9404   25.6179
   -7.5000  -37.5000   -7.5000 2398.3479   22.5798
    0.0000  -37.5000   -7.5000 2409.4683   22.6531
    7.5000  -37.5000   -7.5000 2382.0264   23.0282
   -7.5000  -30.0000   -7.5000 2517.2803   20.8015
    0.0000  -30.0000   -7.5000 2530.0627   20.8272
    7.5000  -30.0000   -7.5000 2494.5847   21.1214
   -7.5000  -22.5000   -7.5000 2618.8899   19.6020
    0.0000  -22.5000   -7.5000 2633.1919   19.6001
    7.5000  -22.5000   -7.5000 2594.0581   19.8131
   -7.5000  -15.0000   -7.5000 2686.8989   18.8393
    0.0000  -15.0000   -7.5000 2706.2041   18.8457
    7.5000  -15.0000   -7.5000 2665.9539   18.9694
   -7.5000   -7.5000   -7.5000 2715.7358   18.2667
    0.0000   -7.5000   -7.5000 2722.6648   18.2603
    7.5000   -7.5000   -7.5000 2699.4084   18.3955
   -7.5000    0.0000   -7.5000 2714.0234   17.8997
    0.0000    0.0000   -7.5000 2726.0715   18.0162
    7.5000    0.0000   -7.5000 2702.3848   18.2565
   -7.5000    7.5000   -7.5000 2717.8826   18.2323
    0.0000    7.5000   -7.5000 2721.4392   18.2591
    7.5000    7.5000   -7.5000 2689.4614   18.6135
   -7.5000   15.0000   -7.5000 2680.9753   18.9484
    0.0000   15.0000   -7.5000 2690.1892   18.9536
    7.5000   15.0000   -7.5000 2650.8757   19.3942
   -7.5000   22.5000   -7.5000 2602.1157   20.1930
    0.0000   22.5000   -7.5000 2608.8535   20.1582
    7.5000   22.5000   -7.5000 2573.1628   20.5919
   -7.5000   30.0000   -7.5000 2485.1895   21.7907
    0.0000   30.0000   -7.5000 2492.9048   21.7300
    7.5000   30.0000   -7.5000 2456.2229   22.1893
   -7.5000   37.5000   -7.5000 2366.3491   23.8303
    0.0000   37.5000   -7.5000 2369.0688   23.8418
    7.5000   37.5000   -7.5000 2333.2471   24.2946
   -7.5000   45.0000   -7.5000 2214.5369   26.5668
    0.0000   45.0000   -7.5000 2217.1340   26.5599
    7.5000   45.0000   -7.5000 2187.4673   27.0561
   -7.5000  -45.0000    0.0000 2283.1636   24.2210
    0.0000  -45.0000    0.0000 2284.5645   24.1253
    7.5000  -45.0000    0.0000 2276.3765   24.7625
   -7.5000  -37.5000    0.0000 2427.7024   21.7763
    0.0000  -37.5000    0.0000 2436.6934   21.7184
    7.5000  -37.5000    0.0000 2421.1799   22.2832
   -7.5000  -30.0000    0.0000 2555.5046   20.0534
    0.0000  -30.0000    0.0000 2565.3096   19.9927
    7.5000  -30.0000    0.0000 2538.7434   20.4530
   -7.5000  -22.5000    0.0000 2673.3660   18.7692
    0.0000  -22.5000    0.0000 2685.4004   18.7453
    7.5000  -22.5000    0.0000 2650.0908   19.1246
   -7.5000  -15.0000    0.0000 2748.3540   17.8746
    0.0000  -15.0000    0.0000 2768.5540   17.8368
    7.5000  -15.0000    0.0000 2717.8630   18.0593
   -7.5000   -7.5000    0.0000 2760.3530   16.9925
    0.0000   -7.5000    0.0000 2789.0859   17.0467
    7.5000   -7.5000    0.0000 2757.1206   17.4072
   -7.5000    0.0000    0.0000 2783.0591   16.9046
    0.0000    0.0000    0.0000 2794.0063   16.9415
    7.5000    0.0000    0.0000 2766.9402   17.3997
   -7.5000    7.5000    0.0000 2792.7271   17.5106
    0.0000    7.5000    0.0000 2799.2073   17.4832
    7.5000    7.5000    0.0000 2762.3076   17.8679
   -7.5000   15.0000    0.0000 2742.4695   18.3012
    0.0000   15.0000    0.0000 2750.3000   18.2767
    7.5000   15.0000    0.0000 2717.4338   18.7141
   -7.5000   22.5000    0.0000 2648.9478   19.4564
    0.0000   22.5000    0.0000 2659.8579   19.4300
    7.5000   22.5000    0.0000 2627.8232   19.9062
   -7.5000   30.0000    0.0000 2521.7231   21.0115
    0.0000   30.0000    0.0000 2532.9773   21.0077
    7.5000   30.0000    0.0000 2499.7546   21.4878
   -7.5000   37.5000    0.0000 2401.8389   23.0618
    0.0000   37.5000    0.0000 2407.3765   23.0374
    7.5000   37.5000    0.0000 2367.7786   23.5651
   -7.5000   45.0000    0.0000 2249.0342   25.6974
    0.0000   45.0000    0.0000 2252.5012   25.7351
    7.5000   45.0000    0.0000 2222.2710   26.2189
   -7.5000  -45.0000    7.5000 2303.6526   23.8042
    0.0000  -45.0000    7.5000 2303.9836   23.5345
    7.5000  -45.0000    7.5000 2293.3770   24.3892
   -7.5000  -37.5000    7.5000 2452.3889   21.4717
    0.0000  -37.5000    7.5000 2454.4827   21.1826
    7.5000  -37.5000    7.5000 2443.9575   21.8944
   -7.5000  -30.0000    7.5000 2580.1309   19.7478
    0.0000  -30.0000    7.5000 2579.7405   19.4555
    7.5000  -30.0000    7.5000 2571.6345   20.1119
   -7.5000  -22.5000    7.5000 2693.3687   18.4448
    0.0000  -22.5000    7.5000 2695.4934   18.2074
    7.5000  -22.5000    7.5000 2677.2034   18.7377
   -7.5000  -15.0000    7.5000 2765.5986   17.2513
    0.0000  -15.0000    7.5000 2776.4507   17.0602
    7.5000  -15.0000    7.5000 2734.2437   17.5170
   -7.5000   -7.5000    7.5000 2791.2092   16.1986
    0.0000   -7.5000    7.5000 2805.0308   16.1377
    7.5000   -7.5000    7.5000 2780.4832   16.8246
   -7.5000    0.0000    7.5000 2835.5117   16.2421
    0.0000    0.0000    7.5000 2849.5120   16.2555
    7.5000    0.0000    7.5000 2814.6995   16.8978
   -7.5000    7.5000    7.5000 2845.1929   16.9732
    0.0000    7.5000    7.5000 2850.5256   16.9846
    7.5000    7.5000    7.5000 2805.7095   17.4566
   -7.5000   15.0000    7.5000 2785.8208   17.9500
    0.0000   15.0000    7.5000 2792.7678   17.9579
    7.5000   15.0000    7.5000 2752.5281   18.3693
   -7.5000   22.5000    7.5000 2679.6489   19.1323
    0.0000   22.5000    7.5000 2689.8091   19.1508
    7.5000   22.5000    7.5000 2656.8101   19.5808
   -7.5000   30.0000    7.5000 2548.8616   20.6227
    0.0000   30.0000    7.5000 2561.5044   20.6469
    7.5000   30.0000    7.5000 2529.0603   21.0882
   -7.5000   37.5000    7.5000 2425.3662   22.5603
    0.0000   37.5000    7.5000 2431.9680   22.6192
    7.5000   37.5000    7.5000 2391.4668   23.0755
   -7.5000   45.0000    7.5000 2257.8350   25.0973
    0.0000   45.0000    7.5000 2263.8228   25.1443
    7.5000   45.0000    7.5000 2235.5386   25.6144
   -7.5000  -45.0000   15.0000 2301.9546   23.6508
    0.0000  -45.0000   15.0000 2299.0176   23.3026
    7.5000  -45.0000   15.0000 2288.7148   24.1496
   -7.5000  -37.5000   15.0000 2447.4375   21.3061
    0.0000  -37.5000   15.0000 2450.1160   20.9627
    7.5000  -37.5000   15.0000 2438.5291   21.7532
   -7.5000  -30.0000   15.0000 2570.4966   19.6481
    0.0000  -30.0000   15.0000 2574.1074   19.2785
    7.5000  -30.0000   15.0000 2567.7690   19.9845
   -7.5000  -22.5000   15.0000 2682.3706   18.3576
    0.0000  -22.5000   15.0000 2685.8906   17.9879
    7.5000  -22.5000   15.0000 2670.7156   18.5600
   -7.5000  -15.0000   15.0000 2762.3018   17.2269
    0.0000  -15.0000   15.0000 2770.9844   16.8709
    7.5000  -15.0000   15.0000 2740.8481   17.5085
   -7.5000   -7.5000   15.0000 2793.2510   16.1328
    0.0000   -7.5000   15.0000 2819.4897   16.0467
    7.5000   -7.5000   15.0000 2784.5640   16.7582
   -7.5000    0.0000   15.0000 2834.7083   15.9992
    0.0000    0.0000   15.0000 2862.4709   16.0559
    7.5000    0.0000   15.0000 2818.9255   16.6790
   -7.5000    7.5000   15.0000 2841.4846   16.7546
    0.0000    7.5000   15.0000 2857.3193   16.8258
    7.5000    7.5000   15.0000 2803.9509   17.2667
   -7.5000   15.0000   15.0000 2785.7471   17.8697
    0.0000   15.0000   15.0000 2792.6838   17.8520
    7.5000   15.0000   15.0000 2753.9065   18.1944
   -7.5000   22.5000   15.0000 2683.0486   19.0939
    0.0000   22.5000   15.0000 2686.7747   19.0578
    7.5000   22.5000   15.0000 2657.6558   19.4108
   -7.5000   30.0000   15.0000 2554.4834   20.5641
    0.0000   30.0000   15.0000 2559.1011   20.5178
    7.5000   30.0000   15.0000 2528.8274   20.9279
   -7.5000   37.5000   15.0000 2418.5974   22.4129
    0.0000   37.5000   15.0000 2424.1072   22.3832
    7.5000   37.5000   15.0000 2390.8110   22.8370
   -7.5000   45.0000   15.0000 2243.2163   24.8537
    0.0000   45.0000   15.0000 2252.8071   24.7980
    7.5000   45.0000   15.0000 2227.4006   25.2547
   -7.5000  -45.0000   22.5000 2288.1658   23.8792
    0.0000  -45.0000   22.5000 2296.6226   23.6557
    7.5000  -45.0000   22.5000 2284.5999   24.3759
   -7.5000  -37.5000   22.5000 2434.6062   21.5524
    0.0000  -37.5000   22.5000 2449.7595   21.3098
    7.5000  -37.5000   22.5000 2429.0103   21.9539
   -7.5000  -30.0000   22.5000 2551.0676   19.8458
    0.0000  -30.0000   22.5000 2567.2109   19.5371
    7.5000  -30.0000   22.5000 2552.4272   20.0788
   -7.5000  -22.5000   22.5000 2661.4087   18.5692
    0.0000  -22.5000   22.5000 2672.8655   18.1613
    7.5000  -22.5000   22.5000 2661.9983   18.7359
   -7.5000  -15.0000   22.5000 2742.4548   17.5868
    0.0000  -15.0000   22.5000 2758.0515   17.2049
    7.5000  -15.0000   22.5000 2731.9595   17.7713
   -7.5000   -7.5000   22.5000 2788.2944   16.7895
    0.0000   -7.5000   22.5000 2803.9399   16.5631
    7.5000   -7.5000   22.5000 2774.8982   17.1113
   -7.5000    0.0000   22.5000 2815.2268   16.4967
    0.0000    0.0000   22.5000 2831.9941   16.3901
    7.5000    0.0000   22.5000 2791.6216   16.9229
   -7.5000    7.5000   22.5000 2809.3389   17.0031
    0.0000    7.5000   22.5000 2824.9470   16.9282
    7.5000    7.5000   22.5000 2781.1506   17.3176
   -7.5000   15.0000   22.5000 2758.9851   17.9579
    0.0000   15.0000   22.5000 2767.7585   17.8841
    7.5000   15.0000   22.5000 2731.8181   18.1889
   -7.5000   22.5000   22.5000 2665.9875   19.2525
    0.0000   22.5000   22.5000 2672.1038   19.1422
    7.5000   22.5000   22.5000 2646.3167   19.4466
   -7.5000   30.0000   22.5000 2536.2651   20.7106
    0.0000   30.0000   22.5000 2541.0701   20.6465
    7.5000   30.0000   22.5000 2517.3105   20.9481
   -7.5000   37.5000   22.5000 2390.6858   22.4735
    0.0000   37.5000   22.5000 2396.5588   22.4256
    7.5000   37.5000   22.5000 2370.2061   22.7409
   -7.5000   45.0000   22.5000 2226.1870   24.7523
    0.0000   45.0000   22.5000 2231.5203   24.7148
    7.5000   45.0000   22.5000 2209.8313   25.1009
   -7.5000  -45.0000   30.0000 2253.2710   24.6093
    0.0000  -45.0000   30.0000 2273.2896   24.3585
    7.5000  -45.0000   30.0000 2261.3406   24.9432
   -7.5000  -37.5000   30.0000 2400.2412   22.1774
    0.0000  -37.5000   30.0000 2419.6863   21.9399
    7.5000  -37.5000   30.0000 2400.3081   22.4150
   -7.5000  -30.0000   30.0000 2527.0962   20.4523
    0.0000  -30.0000   30.0000 2534.8850   20.1572
    7.5000  -30.0000   30.0000 2523.3206   20.6113
   -7.5000  -22.5000   30.0000 2621.8479   19.2280
    0.0000  -22.5000   30.0000 2629.5962   18.8340
    7.5000  -22.5000   30.0000 2620.2493   19.3112
   -7.5000  -15.0000   30.0000 2702.0916   18.3390
    0.0000  -15.0000   30.0000 2706.2988   17.9639
    7.5000  -15.0000   30.0000 2687.2900   18.4266
   -7.5000   -7.5000   30.0000 2744.5435   17.6463
    0.0000   -7.5000   30.0000 2750.2322   17.3760
    7.5000   -7.5000   30.0000 2725.6091   17.7949
   -7.5000    0.0000   30.0000 2761.0146   17.3352
    0.0000    0.0000   30.0000 2772.2495   17.1137
    7.5000    0.0000   30.0000 2741.9280   17.5644
   -7.5000    7.5000   30.0000 2746.7710   17.5637
    0.0000    7.5000   30.0000 2757.6238   17.4149
    7.5000    7.5000   30.0000 2720.3262   17.7916
   -7.5000   15.0000   30.0000 2691.9204   18.3330
    0.0000   15.0000   30.0000 2705.1223   18.2564
    7.5000   15.0000   30.0000 2670.5024   18.5622
   -7.5000   22.5000   30.0000 2614.0095   19.5498
    0.0000   22.5000   30.0000 2619.2151   19.4347
    7.5000   22.5000   30.0000 2588.1689   19.8203
   -7.5000   30.0000   30.0000 2491.7820   21.0268
    0.0000   30.0000   30.0000 2494.1941   20.9440
    7.5000   30.0000   30.0000 2471.1240   21.3327
   -7.5000   37.5000   30.0000 2346.5796   22.7899
    0.0000   37.5000   30.0000 2351.6213   22.7149
    7.5000   37.5000   30.0000 2329.4490   23.1177
   -7.5000   45.0000   30.0000 2203.3474   25.0612
    0.0000   45.0000   30.0000 2211.5457   25.0007
    7.5000   45.0000   30.0000 2185.8262   25.4437
   -7.5000  -45.0000   37.5000 2210.5869   25.7162
    0.0000  -45.0000   37.5000 2232.0911   25.4184
    7.5000  -45.0000   37.5000 2220.9907   25.8159
   -7.5000  -37.5000   37.5000 2354.2100   23.2686
    0.0000  -37.5000   37.5000 2368.4751   22.9391
    7.5000  -37.5000   37.5000 2355.6890   23.3283
   -7.5000  -30.0000   37.5000 2467.8298   21.4597
    0.0000  -30.0000   37.5000 2480.6472   21.1308
    7.5000  -30.0000   37.5000 2466.5503   21.5101
   -7.5000  -22.5000   37.5000 2559.4495   20.1643
    0.0000  -22.5000   37.5000 2569.2732   19.7909
    7.5000  -22.5000   37.5000 2554.8298   20.2739
   -7.5000  -15.0000   37.5000 2629.9041   19.2441
    0.0000  -15.0000   37.5000 2634.2100   18.9165
    7.5000  -15.0000   37.5000 2618.7419   19.3627
   -7.5000   -7.5000   37.5000 2673.7700   18.5880
    0.0000   -7.5000   37.5000 2676.6541   18.3174
    7.5000   -7.5000   37.5000 2659.9358   18.7271
   -7.5000    0.0000   37.5000 2685.0435   18.2802
    0.0000    0.0000   37.5000 2689.4746   18.0686
    7.5000    0.0000   37.5000 2670.3362   18.4283
   -7.5000    7.5000   37.5000 2668.0820   18.4326
    0.0000    7.5000   37.5000 2678.3801   18.2570
    7.5000    7.5000   37.5000 2654.1902   18.5491
   -7.5000   15.0000   37.5000 2613.5259   19.0807
    0.0000   15.0000   37.5000 2625.8857   18.9590
    7.5000   15.0000   37.5000 2588.6411   19.2740
   -7.5000   22.5000   37.5000 2534.2051   20.2077
    0.0000   22.5000   37.5000 2547.6414   20.1116
    7.5000   22.5000   37.5000 2509.2192   20.4640
   -7.5000   30.0000   37.5000 2422.0706   21.6928
    0.0000   30.0000   37.5000 2428.5696   21.5963
    7.5000   30.0000   37.5000 2402.0942   21.9120
   -7.5000   37.5000   37.5000 2296.8542   23.4428
    0.0000   37.5000   37.5000 2303.7349   23.3637
    7.5000   37.5000   37.5000 2280.9792   23.7090
   -7.5000   45.0000   37.5000 2162.0203   25.7815
    0.0000   45.0000   37.5000 2167.5991   25.7190
    7.5000   45.0000   37.5000 2146.7522   26.1084
   -7.5000  -45.0000   45.0000 2156.6614   27.0299
    0.0000  -45.0000   45.0000 2178.9985   26.6881
    7.5000  -45.0000   45.0000 2167.2625   27.0486
   -7.5000  -37.5000   45.0000 2287.4924   24.5080
    0.0000  -37.5000   45.0000 2309.3184   24.2170
    7.5000  -37.5000   45.0000 2293.2126   24.5546
   -7.5000  -30.0000   45.0000 2394.2852   22.6796
    0.0000  -30.0000   45.0000 2408.7002   22.3384
    7.5000  -30.0000   45.0000 2391.5869   22.7145
   -7.5000  -22.5000   45.0000 2478.2463   21.3184
    0.0000  -22.5000   45.0000 2488.6265   21.0032
    7.5000  -22.5000   45.0000 2467.4797   21.4096
   -7.5000  -15.0000   45.0000 2540.8574   20.3327
    0.0000  -15.0000   45.0000 2550.1348   20.0557
    7.5000  -15.0000   45.0000 2528.8809   20.4486
   -7.5000   -7.5000   45.0000 2576.8506   19.6892
    0.0000   -7.5000   45.0000 2587.7700   19.4559
    7.5000   -7.5000   45.0000 2563.3198   19.7968
   -7.5000    0.0000   45.0000 2580.7119   19.3482
    0.0000    0.0000   45.0000 2586.8704   19.1710
    7.5000    0.0000   45.0000 2568.0068   19.4764
   -7.5000    7.5000   45.0000 2567.4248   19.4929
    0.0000    7.5000   45.0000 2582.5720   19.3256
    7.5000    7.5000   45.0000 2557.5903   19.5918
   -7.5000   15.0000   45.0000 2520.1919   20.1462
    0.0000   15.0000   45.0000 2534.3823   20.0390
    7.5000   15.0000   45.0000 2495.6257   20.3217
   -7.5000   22.5000   45.0000 2442.1948   21.2330
    0.0000   22.5000   45.0000 2451.2954   21.1235
    7.5000   22.5000   45.0000 2425.0508   21.4533
   -7.5000   30.0000   45.0000 2336.0427   22.6936
    0.0000   30.0000   45.0000 2349.2148   22.5576
    7.5000   30.0000   45.0000 2326.1326   22.9423
   -7.5000   37.5000   45.0000 2223.8328   24.4776
    0.0000   37.5000   45.0000 2234.8672   24.3292
    7.5000   37.5000   45.0000 2214.1511   24.6750
   -7.5000   45.0000   45.0000 2097.8372   26.8332
    0.0000   45.0000   45.0000 2108.8408   26.7557
    7.5000   45.0000   45.0000 2088.6057   27.0465

---------------------------------------------------------------------
imgreg_4dfp /opt/freesurfer/average/711-2C_as_mni_average_305 /opt/freesurfer/average/711-2B_as_mni_average_305_mask talsrcimg_g11 none talsrcimg_to_711-2C_as_mni_average_305_t4 1283
---------------------------------------------------------------------

freesurfer imgreg_4dfp.c
/opt/freesurfer/average/711-2C_as_mni_average_305.4dfp.img
       256       256       256         1
  1.000000  1.000000  1.000000
orientation T byte_order littleendian
Reading image: /opt/freesurfer/average/711-2C_as_mni_average_305.4dfp.img
dimensions:      256       256       256
mmppix:       1.0000   -1.0000   -1.0000
center:     128.0000 -129.0000 -129.0000
/opt/freesurfer/average/711-2B_as_mni_average_305_mask.4dfp.img
       256       256       256         1
  1.000000  1.000000  1.000000
orientation T byte_order littleendian
Reading mask: /opt/freesurfer/average/711-2B_as_mni_average_305_mask.4dfp.img (2306576 pixels)
talsrcimg_g11.4dfp.img
       256       256       256         1
  1.000000  1.000000  1.000000
orientation T byte_order littleendian
Reading image: talsrcimg_g11.4dfp.img
dimensions:      256       256       256
mmppix:       1.0000   -1.0000   -1.0000
center:     128.0000 -129.0000 -129.0000
rotation matrix determinant  1.000000
fimgreg.f
image alignment mode   1283 decimal      503 hex
parameters
    0.0000    0.0000   15.0000    0.0000    0.0000    0.0000
eta,q 0.89966 16.11175
niter,ni,del,rscale     5    3   12.0000    1.2000
parameter  2 -4.455097 -> -0.500000 qaram    1.1500
parameter  4  1.935695 -> -0.500000 qaram    1.1500
parameter  5  2.260291 ->  0.500000 qaram    1.1500
parameters
   -0.5252    3.4500   12.9039    3.4500   -3.4500   -0.3269
eta,q 0.91096 16.17700
  0.1119  0.1096  0.1023  0.1053  0.0881  0.0930
  0.1085  0.1065  0.1007  0.1047  0.0887  0.0911
  0.1044  0.1037  0.1001  0.1028  0.0900  0.0895
  0.1034  0.1027  0.0999  0.0999  0.0923  0.0890
  0.1062  0.1027  0.1029  0.0955  0.0957  0.0901
  0.1113  0.0997  0.1059  0.0913  0.0980  0.0918
  0.1145  0.0975  0.1092  0.0893  0.0999  0.0937
niter,ni,del,rscale     7    3   12.0000    1.2000
parameter  4 -0.501332 -> -0.500000 qaram    1.3225
parameters
   -0.3008    3.3682   12.7468    7.4175   -5.8245   -0.5689
eta,q 0.91355 16.31455
  0.1004  0.1018  0.0971  0.1029  0.0881  0.0899
  0.0954  0.0991  0.0926  0.0994  0.0871  0.0879
  0.0908  0.0943  0.0903  0.0943  0.0865  0.0866
  0.0890  0.0889  0.0890  0.0889  0.0867  0.0865
  0.0894  0.0907  0.0910  0.0864  0.0884  0.0873
  0.0931  0.0967  0.0930  0.0873  0.0908  0.0884
  0.0998  0.1055  0.0979  0.0905  0.0944  0.0902
niter,ni,del,rscale     7    3   12.0000    1.2000
parameters
    0.1333    1.9605   12.7963    7.8893   -6.7088   -1.6132
eta,q 0.91587 16.12610
  0.0958  0.0987  0.0899  0.0999  0.0880  0.0878
  0.0911  0.0912  0.0854  0.0957  0.0861  0.0861
  0.0880  0.0849  0.0845  0.0879  0.0845  0.0845
  0.0865  0.0863  0.0843  0.0843  0.0844  0.0843
  0.0864  0.0934  0.0838  0.0870  0.0854  0.0859
  0.0887  0.1022  0.0855  0.0916  0.0875  0.0884
  0.0941  0.1125  0.0898  0.0979  0.0907  0.0912
niter,ni,del,rscale     6    3   12.0000    1.2000
parameters
    0.1957    1.4448   12.6995    8.2224   -7.3598   -2.0878
eta,q 0.91582 16.05470
  0.0944  0.1017  0.0886  0.1002  0.0880  0.0885
  0.0885  0.0943  0.0843  0.0959  0.0859  0.0867
  0.0850  0.0863  0.0835  0.0874  0.0844  0.0850
  0.0841  0.0841  0.0839  0.0840  0.0841  0.0841
  0.0852  0.0895  0.0831  0.0868  0.0849  0.0850
  0.0883  0.0975  0.0847  0.0921  0.0868  0.0876
  0.0938  0.1076  0.0890  0.0990  0.0901  0.0905
niter,ni,del,rscale     5    3   12.0000    1.2000
parameters
    0.3601    1.1730   12.7212    8.4199   -7.6681   -2.2429
eta,q 0.91572 16.02239
  0.0948  0.1023  0.0887  0.1002  0.0886  0.0891
  0.0887  0.0954  0.0847  0.0955  0.0862  0.0870
  0.0850  0.0865  0.0835  0.0871  0.0847  0.0853
  0.0842  0.0842  0.0841  0.0841  0.0842  0.0842
  0.0852  0.0883  0.0831  0.0869  0.0849  0.0846
  0.0882  0.0960  0.0845  0.0927  0.0866  0.0871
  0.0934  0.1061  0.0889  0.0998  0.0897  0.0901
niter,ni,del,rscale     4    3   12.0000    1.2000
parameters
    0.4733    1.0461   12.7681    8.5351   -7.8230   -2.2912
eta,q 0.91574 16.01174
  0.0947  0.1026  0.0886  0.1002  0.0890  0.0893
  0.0887  0.0961  0.0849  0.0952  0.0864  0.0871
  0.0850  0.0868  0.0838  0.0867  0.0848  0.0854
  0.0843  0.0843  0.0843  0.0842  0.0843  0.0842
  0.0853  0.0877  0.0830  0.0871  0.0849  0.0845
  0.0883  0.0952  0.0843  0.0929  0.0865  0.0869
  0.0936  0.1051  0.0890  0.1002  0.0895  0.0900
niter,ni,del,rscale     3    3   12.0000    1.2000
parameters
    0.5359    0.9795   12.7946    8.6119   -7.8919   -2.3077
eta,q 0.91572 16.00657
  0.0945  0.1027  0.0885  0.1002  0.0892  0.0894
  0.0886  0.0964  0.0850  0.0951  0.0865  0.0871
  0.0849  0.0870  0.0839  0.0865  0.0849  0.0854
  0.0843  0.0843  0.0843  0.0843  0.0843  0.0843
  0.0854  0.0874  0.0830  0.0872  0.0849  0.0845
  0.0884  0.0949  0.0843  0.0931  0.0866  0.0869
  0.0938  0.1047  0.0891  0.1003  0.0895  0.0900
niter,ni,del,rscale     2    3   12.0000    1.2000
parameters
    0.5735    0.9385   12.8189    8.6631   -7.9247   -2.3163
eta,q 0.91570 16.00347
  0.0944  0.1027  0.0885  0.1002  0.0893  0.0894
  0.0886  0.0965  0.0850  0.0950  0.0866  0.0871
  0.0850  0.0870  0.0840  0.0864  0.0850  0.0854
  0.0843  0.0843  0.0843  0.0843  0.0843  0.0843
  0.0854  0.0873  0.0830  0.0873  0.0850  0.0845
  0.0885  0.0948  0.0843  0.0933  0.0866  0.0869
  0.0939  0.1045  0.0892  0.1005  0.0895  0.0900
registration optimization eta report
parameter search radius
    6.0000    6.9000    6.0000    7.9350    6.9000    6.0000
100000*second partial in parameter space
       28.       40.       15.       25.       11.       15.
  0.0944  0.1027  0.0885  0.1002  0.0893  0.0894
  0.0886  0.0965  0.0850  0.0950  0.0866  0.0871
  0.0850  0.0870  0.0840  0.0864  0.0850  0.0854
  0.0843  0.0843  0.0843  0.0843  0.0843  0.0843
  0.0854  0.0873  0.0830  0.0873  0.0850  0.0845
  0.0885  0.0948  0.0843  0.0933  0.0866  0.0869
  0.0939  0.1045  0.0892  0.1005  0.0895  0.0900
    0.5735    0.9385   12.8189    8.6631   -7.9247   -2.3163
eta,q 0.91570 16.00347

---------------------------------------------------------------------
imgreg_4dfp /opt/freesurfer/average/711-2C_as_mni_average_305 /opt/freesurfer/average/711-2B_as_mni_average_305_mask talsrcimg_g11 none talsrcimg_to_711-2C_as_mni_average_305_t4 3335
---------------------------------------------------------------------

freesurfer imgreg_4dfp.c
/opt/freesurfer/average/711-2C_as_mni_average_305.4dfp.img
       256       256       256         1
  1.000000  1.000000  1.000000
orientation T byte_order littleendian
Reading image: /opt/freesurfer/average/711-2C_as_mni_average_305.4dfp.img
dimensions:      256       256       256
mmppix:       1.0000   -1.0000   -1.0000
center:     128.0000 -129.0000 -129.0000
/opt/freesurfer/average/711-2B_as_mni_average_305_mask.4dfp.img
       256       256       256         1
  1.000000  1.000000  1.000000
orientation T byte_order littleendian
Reading mask: /opt/freesurfer/average/711-2B_as_mni_average_305_mask.4dfp.img (2306576 pixels)
talsrcimg_g11.4dfp.img
       256       256       256         1
  1.000000  1.000000  1.000000
orientation T byte_order littleendian
Reading image: talsrcimg_g11.4dfp.img
dimensions:      256       256       256
mmppix:       1.0000   -1.0000   -1.0000
center:     128.0000 -129.0000 -129.0000
fimgreg.f
image alignment mode   3335 decimal      D07 hex
parameters
    0.5735    0.9385   12.8189   -1.0359   -1.3056   -2.0850
    6.0705   13.0099   -4.0031  -15.6009  -13.7871   14.9185
eta,q 0.91472 16.05911
niter,ni,del,rscale     5    3    5.0000    1.2000
parameter  4  3.133314 ->  0.500000 qaram    1.1500
parameter  5  1.366793 ->  0.500000 qaram    1.1500
parameter  6  1.839541 ->  0.500000 qaram    1.1500
parameters
    0.9898    0.5403   12.9092   -5.1759   -5.4456   -6.2250
    4.2283   13.2076   -3.9289  -14.4794  -10.4816   12.3621
eta,q 0.93045 15.03577
  0.0877  0.0862  0.0864  0.0769  0.0744  0.0684  0.0714  0.0740  0.0715  0.0751  0.0718  0.0707
  0.0866  0.0855  0.0856  0.0795  0.0754  0.0698  0.0706  0.0723  0.0708  0.0726  0.0711  0.0698
  0.0857  0.0852  0.0852  0.0822  0.0775  0.0722  0.0702  0.0708  0.0704  0.0709  0.0706  0.0696
  0.0853  0.0852  0.0852  0.0852  0.0802  0.0758  0.0703  0.0701  0.0701  0.0701  0.0702  0.0699
  0.0852  0.0854  0.0854  0.0886  0.0833  0.0798  0.0710  0.0706  0.0703  0.0705  0.0700  0.0708
  0.0856  0.0861  0.0857  0.0927  0.0874  0.0838  0.0722  0.0719  0.0708  0.0715  0.0700  0.0719
  0.0865  0.0874  0.0861  0.0967  0.0923  0.0887  0.0737  0.0737  0.0715  0.0725  0.0703  0.0733
niter,ni,del,rscale     7    3    5.0000    1.2000
parameter  4  1.430440 ->  0.500000 qaram    1.3225
parameter  5  0.619572 ->  0.500000 qaram    1.3225
parameter  6  0.961479 ->  0.500000 qaram    1.3225
parameter  9 -1.235204 -> -0.500000 qaram    1.1500
parameter 10 -1.614366 -> -0.500000 qaram    1.1500
parameter 11 -0.739227 -> -0.500000 qaram    1.1500
parameter 12 -1.525060 -> -0.500000 qaram    1.1500
parameters
    0.8297    0.9042   13.1678   -9.9369  -10.2066  -10.9860
    5.5064   13.1455    0.2111  -10.3394   -6.3416   16.5021
eta,q 0.94033 14.70456
  0.0717  0.0725  0.0714  0.0639  0.0647  0.0616  0.0651  0.0660  0.0641  0.0672  0.0624  0.0647
  0.0705  0.0713  0.0705  0.0652  0.0650  0.0631  0.0643  0.0647  0.0638  0.0656  0.0620  0.0635
  0.0698  0.0703  0.0698  0.0670  0.0650  0.0643  0.0638  0.0638  0.0636  0.0643  0.0617  0.0623
  0.0695  0.0695  0.0694  0.0694  0.0656  0.0650  0.0634  0.0634  0.0634  0.0631  0.0614  0.0612
  0.0699  0.0695  0.0695  0.0725  0.0678  0.0670  0.0634  0.0636  0.0632  0.0621  0.0612  0.0602
  0.0709  0.0701  0.0699  0.0762  0.0705  0.0708  0.0637  0.0645  0.0631  0.0613  0.0612  0.0595
  0.0724  0.0714  0.0708  0.0807  0.0742  0.0752  0.0643  0.0663  0.0631  0.0610  0.0613  0.0594
niter,ni,del,rscale     7    3    5.0000    1.2000
parameter  2  0.819641 ->  0.500000 qaram    1.1500
parameter  4  0.909372 ->  0.500000 qaram    1.5209
parameter  5  5.058005 ->  0.500000 qaram    1.5209
parameter  6  1.023523 ->  0.500000 qaram    1.5209
parameter 11  0.783180 ->  0.500000 qaram    1.3225
parameter 12 -3.257380 ->  0.500000 qaram    1.3225
parameters
    0.5410   -0.4758   12.0002  -15.4120  -15.6817  -16.4612
    5.2663   12.1735   -2.5430   -9.9956  -11.1026   11.7411
eta,q 0.95365 14.09021
  0.0617  0.0586  0.0586  0.0553  0.0477  0.0477  0.0502  0.0508  0.0488  0.0519  0.0481  0.0450
  0.0604  0.0585  0.0584  0.0557  0.0497  0.0483  0.0494  0.0494  0.0485  0.0498  0.0480  0.0461
  0.0597  0.0588  0.0583  0.0566  0.0527  0.0495  0.0488  0.0486  0.0484  0.0486  0.0482  0.0471
  0.0597  0.0596  0.0585  0.0583  0.0558  0.0504  0.0486  0.0486  0.0485  0.0484  0.0484  0.0481
  0.0602  0.0610  0.0590  0.0612  0.0588  0.0515  0.0488  0.0493  0.0488  0.0488  0.0489  0.0489
  0.0613  0.0626  0.0598  0.0651  0.0621  0.0542  0.0494  0.0506  0.0495  0.0497  0.0494  0.0497
  0.0628  0.0644  0.0606  0.0692  0.0655  0.0574  0.0505  0.0524  0.0505  0.0511  0.0501  0.0503
niter,ni,del,rscale     7    3    5.0000    1.2000
parameter  2  1.942864 ->  0.500000 qaram    1.3225
parameter  3  3.651984 ->  0.500000 qaram    1.1500
parameter  5  1.677713 ->  0.500000 qaram    1.7490
parameter 10  0.648492 ->  0.500000 qaram    1.3225
parameters
   -0.1042   -2.0628   10.6202  -17.6904  -21.9782  -20.6135
    3.7165   11.5049   -3.4856  -14.7566  -13.5932    7.5358
eta,q 0.97068 13.91805
  0.0475  0.0421  0.0382  0.0424  0.0313  0.0343  0.0331  0.0342  0.0331  0.0306  0.0305  0.0302
  0.0465  0.0428  0.0395  0.0408  0.0318  0.0327  0.0321  0.0326  0.0321  0.0300  0.0300  0.0295
  0.0461  0.0443  0.0412  0.0399  0.0347  0.0315  0.0316  0.0316  0.0315  0.0302  0.0299  0.0293
  0.0463  0.0461  0.0432  0.0400  0.0398  0.0323  0.0316  0.0315  0.0315  0.0314  0.0300  0.0299
  0.0471  0.0482  0.0453  0.0410  0.0469  0.0355  0.0322  0.0321  0.0319  0.0335  0.0303  0.0313
  0.0484  0.0505  0.0476  0.0429  0.0534  0.0389  0.0336  0.0334  0.0327  0.0361  0.0309  0.0337
  0.0501  0.0530  0.0499  0.0460  0.0575  0.0427  0.0354  0.0354  0.0340  0.0391  0.0317  0.0368
niter,ni,del,rscale     7    3    5.0000    1.2000
parameter  3  0.544095 ->  0.500000 qaram    1.3225
parameters
    0.2168   -2.8648    9.0332  -13.1265  -24.5240  -16.9305
    3.8052   12.6279   -3.8684  -13.4186  -14.6324    6.2746
eta,q 0.97293 14.22099
  0.0327  0.0315  0.0288  0.0343  0.0350  0.0354  0.0296  0.0326  0.0293  0.0347  0.0284  0.0289
  0.0310  0.0298  0.0286  0.0318  0.0319  0.0329  0.0284  0.0301  0.0281  0.0307  0.0276  0.0278
  0.0299  0.0290  0.0286  0.0298  0.0294  0.0305  0.0276  0.0282  0.0274  0.0282  0.0272  0.0272
  0.0293  0.0293  0.0290  0.0286  0.0280  0.0286  0.0273  0.0273  0.0272  0.0272  0.0271  0.0271
  0.0294  0.0306  0.0296  0.0280  0.0290  0.0273  0.0275  0.0273  0.0275  0.0274  0.0274  0.0275
  0.0301  0.0327  0.0305  0.0282  0.0375  0.0275  0.0282  0.0284  0.0284  0.0288  0.0281  0.0285
  0.0313  0.0358  0.0318  0.0291  0.0502  0.0306  0.0296  0.0301  0.0297  0.0312  0.0291  0.0302
niter,ni,del,rscale     7    3    5.0000    1.2000
parameters
    0.2036   -2.8963    9.1357  -13.1092  -25.0245  -17.3052
    3.9314   12.6634   -3.6063  -13.1768  -14.7017    6.5835
eta,q 0.97263 14.18797
  0.0300  0.0314  0.0299  0.0307  0.0359  0.0333  0.0297  0.0314  0.0298  0.0331  0.0290  0.0297
  0.0284  0.0289  0.0285  0.0288  0.0324  0.0308  0.0285  0.0292  0.0285  0.0297  0.0280  0.0285
  0.0274  0.0274  0.0275  0.0275  0.0294  0.0288  0.0277  0.0278  0.0277  0.0278  0.0275  0.0277
  0.0271  0.0271  0.0271  0.0271  0.0271  0.0273  0.0274  0.0274  0.0274  0.0274  0.0274  0.0274
  0.0274  0.0278  0.0272  0.0274  0.0265  0.0273  0.0275  0.0279  0.0276  0.0281  0.0276  0.0275
  0.0284  0.0293  0.0280  0.0286  0.0297  0.0303  0.0283  0.0292  0.0283  0.0297  0.0281  0.0282
  0.0301  0.0313  0.0298  0.0308  0.0416  0.0356  0.0296  0.0312  0.0295  0.0321  0.0290  0.0295
niter,ni,del,rscale     6    3    5.0000    1.2000
parameters
    0.2091   -2.8964    9.1858  -13.0884  -25.0165  -17.3868
    3.9664   12.6675   -3.5555  -13.2318  -14.7610    6.6714
eta,q 0.97262 14.18732
  0.0303  0.0317  0.0300  0.0309  0.0363  0.0335  0.0296  0.0313  0.0297  0.0327  0.0290  0.0296
  0.0287  0.0291  0.0286  0.0290  0.0329  0.0310  0.0285  0.0292  0.0285  0.0295  0.0280  0.0284
  0.0277  0.0277  0.0278  0.0278  0.0298  0.0290  0.0277  0.0278  0.0277  0.0278  0.0275  0.0277
  0.0274  0.0274  0.0274  0.0274  0.0274  0.0274  0.0274  0.0274  0.0274  0.0274  0.0274  0.0274
  0.0277  0.0281  0.0275  0.0277  0.0266  0.0272  0.0276  0.0279  0.0277  0.0282  0.0276  0.0276
  0.0287  0.0295  0.0284  0.0288  0.0291  0.0301  0.0284  0.0293  0.0284  0.0299  0.0281  0.0283
  0.0303  0.0313  0.0300  0.0310  0.0399  0.0350  0.0297  0.0312  0.0296  0.0324  0.0290  0.0296
niter,ni,del,rscale     5    3    5.0000    1.2000
parameters
    0.2145   -2.9086    9.2000  -13.1022  -25.0266  -17.4010
    3.9752   12.6748   -3.5331  -13.2601  -14.7864    6.7074
eta,q 0.97262 14.18581
  0.0303  0.0316  0.0299  0.0309  0.0363  0.0335  0.0296  0.0313  0.0296  0.0327  0.0290  0.0296
  0.0287  0.0291  0.0286  0.0290  0.0329  0.0311  0.0285  0.0292  0.0285  0.0295  0.0280  0.0284
  0.0277  0.0277  0.0278  0.0278  0.0298  0.0290  0.0277  0.0278  0.0277  0.0278  0.0275  0.0277
  0.0274  0.0274  0.0274  0.0274  0.0274  0.0274  0.0274  0.0274  0.0274  0.0274  0.0274  0.0274
  0.0277  0.0281  0.0276  0.0277  0.0266  0.0272  0.0276  0.0279  0.0277  0.0282  0.0276  0.0276
  0.0287  0.0295  0.0284  0.0289  0.0291  0.0300  0.0284  0.0293  0.0284  0.0299  0.0281  0.0283
  0.0303  0.0314  0.0301  0.0310  0.0400  0.0349  0.0297  0.0312  0.0296  0.0324  0.0290  0.0296
registration optimization eta report
parameter search radius
    2.4000    3.1740    3.1740   10.9503   12.5928   10.9503
    7.2000    7.2000    8.2800    9.5220    9.5220    9.5220
100000*second partial in parameter space
       50.       41.       26.        3.        7.        6.
        4.        7.        3.        6.        2.        2.
  0.0303  0.0316  0.0299  0.0309  0.0363  0.0335  0.0296  0.0313  0.0296  0.0327  0.0290  0.0296
  0.0287  0.0291  0.0286  0.0290  0.0329  0.0311  0.0285  0.0292  0.0285  0.0295  0.0280  0.0284
  0.0277  0.0277  0.0278  0.0278  0.0298  0.0290  0.0277  0.0278  0.0277  0.0278  0.0275  0.0277
  0.0274  0.0274  0.0274  0.0274  0.0274  0.0274  0.0274  0.0274  0.0274  0.0274  0.0274  0.0274
  0.0277  0.0281  0.0276  0.0277  0.0266  0.0272  0.0276  0.0279  0.0277  0.0282  0.0276  0.0276
  0.0287  0.0295  0.0284  0.0289  0.0291  0.0300  0.0284  0.0293  0.0284  0.0299  0.0281  0.0283
  0.0303  0.0314  0.0301  0.0310  0.0400  0.0349  0.0297  0.0312  0.0296  0.0324  0.0290  0.0296
    0.2145   -2.9086    9.2000  -13.1022  -25.0266  -17.4010
    3.9752   12.6748   -3.5331  -13.2601  -14.7864    6.7074
eta,q 0.97262 14.18581

---------------------------------------------------------------------
imgreg_4dfp /opt/freesurfer/average/711-2C_as_mni_average_305 /opt/freesurfer/average/711-2B_as_mni_average_305_mask talsrcimg_g11 none talsrcimg_to_711-2C_as_mni_average_305_t4 2311
---------------------------------------------------------------------

freesurfer imgreg_4dfp.c
/opt/freesurfer/average/711-2C_as_mni_average_305.4dfp.img
       256       256       256         1
  1.000000  1.000000  1.000000
orientation T byte_order littleendian
Reading image: /opt/freesurfer/average/711-2C_as_mni_average_305.4dfp.img
dimensions:      256       256       256
mmppix:       1.0000   -1.0000   -1.0000
center:     128.0000 -129.0000 -129.0000
/opt/freesurfer/average/711-2B_as_mni_average_305_mask.4dfp.img
       256       256       256         1
  1.000000  1.000000  1.000000
orientation T byte_order littleendian
Reading mask: /opt/freesurfer/average/711-2B_as_mni_average_305_mask.4dfp.img (2306576 pixels)
talsrcimg_g11.4dfp.img
       256       256       256         1
  1.000000  1.000000  1.000000
orientation T byte_order littleendian
Reading image: talsrcimg_g11.4dfp.img
dimensions:      256       256       256
mmppix:       1.0000   -1.0000   -1.0000
center:     128.0000 -129.0000 -129.0000
fimgreg.f
image alignment mode   2311 decimal      907 hex
parameters
    0.2145   -2.9086    9.2000  -13.1022  -25.0266  -17.4010
    3.9752   12.6748   -3.5331  -13.2601  -14.7864    6.7074
eta,q 0.97262 14.18582
niter,ni,del,rscale     5    3    5.0000    0.8000
parameter  5 -0.805470 -> -0.500000 qaram    1.1500
parameters
    0.2199   -3.0758    9.3935  -12.9054  -22.2666  -15.9023
    3.8027   12.6771   -3.5198  -14.1418  -14.5524    6.2976
eta,q 0.97378 14.36031
  0.0287  0.0283  0.0281  0.0281  0.0302  0.0291  0.0274  0.0284  0.0272  0.0275  0.0269  0.0270
  0.0280  0.0277  0.0278  0.0277  0.0291  0.0282  0.0268  0.0273  0.0267  0.0266  0.0265  0.0265
  0.0275  0.0274  0.0275  0.0275  0.0281  0.0273  0.0264  0.0265  0.0264  0.0263  0.0263  0.0263
  0.0274  0.0274  0.0274  0.0273  0.0273  0.0266  0.0263  0.0263  0.0263  0.0263  0.0262  0.0262
  0.0275  0.0276  0.0274  0.0274  0.0268  0.0263  0.0264  0.0266  0.0264  0.0268  0.0263  0.0264
  0.0280  0.0281  0.0275  0.0276  0.0266  0.0265  0.0269  0.0273  0.0267  0.0276  0.0265  0.0267
  0.0287  0.0287  0.0279  0.0280  0.0267  0.0274  0.0276  0.0284  0.0272  0.0288  0.0267  0.0273
niter,ni,del,rscale     5    3    5.0000    0.8000
parameters
    0.2342   -2.9875    9.1396  -12.8652  -22.1509  -15.9785
    3.7484   12.7902   -3.6325  -13.9291  -14.5348    6.0750
eta,q 0.97380 14.37001
  0.0277  0.0277  0.0269  0.0270  0.0285  0.0281  0.0273  0.0285  0.0271  0.0283  0.0268  0.0270
  0.0269  0.0269  0.0265  0.0266  0.0275  0.0272  0.0267  0.0272  0.0266  0.0271  0.0264  0.0266
  0.0264  0.0264  0.0262  0.0263  0.0266  0.0266  0.0263  0.0265  0.0263  0.0264  0.0263  0.0263
  0.0262  0.0262  0.0262  0.0262  0.0262  0.0262  0.0262  0.0262  0.0262  0.0262  0.0262  0.0262
  0.0264  0.0263  0.0264  0.0263  0.0262  0.0263  0.0263  0.0265  0.0263  0.0264  0.0263  0.0263
  0.0269  0.0267  0.0269  0.0266  0.0269  0.0270  0.0267  0.0271  0.0267  0.0270  0.0265  0.0266
  0.0277  0.0274  0.0276  0.0270  0.0288  0.0285  0.0274  0.0282  0.0272  0.0279  0.0267  0.0271
niter,ni,del,rscale     4    3    5.0000    0.7000
parameters
    0.2198   -2.9285    9.1092  -12.7514  -21.8979  -15.8483
    3.7440   12.7902   -3.6605  -13.8822  -14.4882    5.9511
eta,q 0.97384 14.39002
  0.0273  0.0273  0.0269  0.0268  0.0281  0.0278  0.0271  0.0279  0.0269  0.0277  0.0266  0.0268
  0.0267  0.0267  0.0265  0.0265  0.0272  0.0271  0.0266  0.0269  0.0265  0.0268  0.0264  0.0265
  0.0263  0.0264  0.0263  0.0263  0.0266  0.0265  0.0263  0.0263  0.0262  0.0263  0.0262  0.0262
  0.0262  0.0262  0.0262  0.0262  0.0262  0.0262  0.0262  0.0262  0.0262  0.0262  0.0262  0.0262
  0.0263  0.0263  0.0263  0.0262  0.0262  0.0262  0.0262  0.0264  0.0262  0.0263  0.0262  0.0262
  0.0267  0.0266  0.0265  0.0265  0.0267  0.0267  0.0266  0.0269  0.0265  0.0268  0.0264  0.0265
  0.0273  0.0272  0.0270  0.0268  0.0280  0.0278  0.0271  0.0278  0.0269  0.0276  0.0266  0.0269
niter,ni,del,rscale     3    3    5.0000    0.6000
parameters
    0.2054   -2.9065    9.0802  -12.7049  -21.7379  -15.7169
    3.7437   12.7840   -3.7051  -13.8618  -14.4584    5.8833
eta,q 0.97386 14.40259
  0.0270  0.0270  0.0267  0.0266  0.0275  0.0274  0.0268  0.0274  0.0267  0.0273  0.0265  0.0266
  0.0265  0.0265  0.0264  0.0264  0.0269  0.0268  0.0265  0.0267  0.0264  0.0266  0.0263  0.0264
  0.0262  0.0263  0.0262  0.0262  0.0264  0.0264  0.0262  0.0263  0.0262  0.0262  0.0262  0.0262
  0.0262  0.0262  0.0262  0.0262  0.0262  0.0261  0.0261  0.0261  0.0261  0.0261  0.0261  0.0261
  0.0263  0.0262  0.0262  0.0262  0.0262  0.0262  0.0262  0.0263  0.0262  0.0263  0.0262  0.0262
  0.0265  0.0265  0.0264  0.0264  0.0266  0.0265  0.0264  0.0267  0.0264  0.0266  0.0263  0.0264
  0.0270  0.0269  0.0267  0.0266  0.0275  0.0273  0.0268  0.0274  0.0267  0.0272  0.0265  0.0267
niter,ni,del,rscale     2    3    5.0000    0.5000
parameters
    0.1932   -2.8954    9.0640  -12.6921  -21.6107  -15.5984
    3.7278   12.7766   -3.7182  -13.8691  -14.4518    5.8512
eta,q 0.97388 14.41117
  0.0267  0.0267  0.0265  0.0265  0.0271  0.0270  0.0266  0.0270  0.0265  0.0269  0.0264  0.0265
  0.0264  0.0264  0.0263  0.0263  0.0266  0.0266  0.0263  0.0265  0.0263  0.0265  0.0262  0.0263
  0.0262  0.0262  0.0262  0.0262  0.0263  0.0263  0.0262  0.0262  0.0262  0.0262  0.0261  0.0262
  0.0261  0.0261  0.0261  0.0261  0.0261  0.0261  0.0261  0.0261  0.0261  0.0261  0.0261  0.0261
  0.0262  0.0262  0.0262  0.0262  0.0262  0.0261  0.0262  0.0262  0.0262  0.0262  0.0262  0.0262
  0.0264  0.0264  0.0263  0.0263  0.0264  0.0264  0.0263  0.0265  0.0263  0.0265  0.0262  0.0263
  0.0267  0.0267  0.0265  0.0265  0.0270  0.0270  0.0266  0.0270  0.0265  0.0269  0.0264  0.0265
niter,ni,del,rscale     1    3    5.0000    0.4000
parameters
    0.1852   -2.8924    9.0521  -12.6931  -21.5124  -15.4879
    3.7175   12.7664   -3.7334  -13.8824  -14.4718    5.8490
eta,q 0.97389 14.41788
  0.0265  0.0265  0.0264  0.0263  0.0267  0.0267  0.0264  0.0267  0.0264  0.0266  0.0263  0.0264
  0.0263  0.0263  0.0262  0.0262  0.0264  0.0264  0.0263  0.0264  0.0262  0.0263  0.0262  0.0262
  0.0262  0.0262  0.0262  0.0262  0.0262  0.0262  0.0262  0.0262  0.0261  0.0262  0.0261  0.0261
  0.0261  0.0261  0.0261  0.0261  0.0261  0.0261  0.0261  0.0261  0.0261  0.0261  0.0261  0.0261
  0.0262  0.0262  0.0262  0.0261  0.0262  0.0261  0.0261  0.0262  0.0261  0.0262  0.0261  0.0261
  0.0263  0.0263  0.0262  0.0262  0.0263  0.0263  0.0263  0.0264  0.0262  0.0264  0.0262  0.0262
  0.0265  0.0265  0.0264  0.0263  0.0267  0.0267  0.0264  0.0267  0.0264  0.0266  0.0263  0.0264
registration optimization eta report
parameter search radius
    0.8000    0.8000    0.8000    2.4000    2.7600    2.4000
    2.4000    2.4000    2.4000    2.4000    2.4000    2.4000
100000*second partial in parameter space
       59.       55.       40.        4.        8.       10.
        6.       10.        4.        9.        3.        4.
  0.0265  0.0265  0.0264  0.0263  0.0267  0.0267  0.0264  0.0267  0.0264  0.0266  0.0263  0.0264
  0.0263  0.0263  0.0262  0.0262  0.0264  0.0264  0.0263  0.0264  0.0262  0.0263  0.0262  0.0262
  0.0262  0.0262  0.0262  0.0262  0.0262  0.0262  0.0262  0.0262  0.0261  0.0262  0.0261  0.0261
  0.0261  0.0261  0.0261  0.0261  0.0261  0.0261  0.0261  0.0261  0.0261  0.0261  0.0261  0.0261
  0.0262  0.0262  0.0262  0.0261  0.0262  0.0261  0.0261  0.0262  0.0261  0.0262  0.0261  0.0261
  0.0263  0.0263  0.0262  0.0262  0.0263  0.0263  0.0263  0.0264  0.0262  0.0264  0.0262  0.0262
  0.0265  0.0265  0.0264  0.0263  0.0267  0.0267  0.0264  0.0267  0.0264  0.0266  0.0263  0.0264
    0.1852   -2.8924    9.0521  -12.6931  -21.5124  -15.4879
    3.7175   12.7664   -3.7334  -13.8824  -14.4718    5.8490
eta,q 0.97389 14.41788

---------------------------------------------------------------------
imgreg_4dfp /opt/freesurfer/average/711-2C_as_mni_average_305 /opt/freesurfer/average/711-2B_as_mni_average_305_mask talsrcimg_g11 none talsrcimg_to_711-2C_as_mni_average_305_t4 2311
---------------------------------------------------------------------

freesurfer imgreg_4dfp.c
/opt/freesurfer/average/711-2C_as_mni_average_305.4dfp.img
       256       256       256         1
  1.000000  1.000000  1.000000
orientation T byte_order littleendian
Reading image: /opt/freesurfer/average/711-2C_as_mni_average_305.4dfp.img
dimensions:      256       256       256
mmppix:       1.0000   -1.0000   -1.0000
center:     128.0000 -129.0000 -129.0000
/opt/freesurfer/average/711-2B_as_mni_average_305_mask.4dfp.img
       256       256       256         1
  1.000000  1.000000  1.000000
orientation T byte_order littleendian
Reading mask: /opt/freesurfer/average/711-2B_as_mni_average_305_mask.4dfp.img (2306576 pixels)
talsrcimg_g11.4dfp.img
       256       256       256         1
  1.000000  1.000000  1.000000
orientation T byte_order littleendian
Reading image: talsrcimg_g11.4dfp.img
dimensions:      256       256       256
mmppix:       1.0000   -1.0000   -1.0000
center:     128.0000 -129.0000 -129.0000
fimgreg.f
image alignment mode   2311 decimal      907 hex
parameters
    0.1852   -2.8924    9.0521  -12.6931  -21.5124  -15.4879
    3.7175   12.7664   -3.7334  -13.8824  -14.4718    5.8490
eta,q 0.97389 14.41788
niter,ni,del,rscale     5    3    5.0000    0.8000
parameters
    0.1775   -2.9063    8.9617  -12.7965  -21.9375  -15.8572
    3.6869   12.8128   -3.6945  -13.7268  -14.4324    5.8045
eta,q 0.97382 14.38772
  0.0276  0.0275  0.0270  0.0269  0.0277  0.0278  0.0273  0.0284  0.0272  0.0283  0.0268  0.0270
  0.0268  0.0267  0.0265  0.0265  0.0269  0.0270  0.0267  0.0272  0.0266  0.0271  0.0264  0.0266
  0.0263  0.0263  0.0262  0.0262  0.0263  0.0264  0.0263  0.0264  0.0263  0.0264  0.0262  0.0263
  0.0261  0.0261  0.0261  0.0261  0.0261  0.0261  0.0262  0.0262  0.0262  0.0262  0.0262  0.0262
  0.0263  0.0263  0.0262  0.0262  0.0263  0.0263  0.0263  0.0264  0.0263  0.0264  0.0263  0.0263
  0.0268  0.0267  0.0266  0.0265  0.0270  0.0272  0.0267  0.0271  0.0266  0.0270  0.0264  0.0266
  0.0276  0.0276  0.0273  0.0270  0.0288  0.0288  0.0274  0.0283  0.0271  0.0279  0.0267  0.0271
niter,ni,del,rscale     4    3    5.0000    0.7000
parameters
    0.1929   -2.8766    9.0423  -12.6918  -21.7207  -15.8073
    3.7007   12.7927   -3.7021  -13.7793  -14.4111    5.8034
eta,q 0.97385 14.40193
  0.0273  0.0273  0.0269  0.0268  0.0276  0.0277  0.0271  0.0278  0.0269  0.0276  0.0266  0.0268
  0.0267  0.0267  0.0266  0.0265  0.0269  0.0270  0.0266  0.0269  0.0265  0.0268  0.0264  0.0265
  0.0263  0.0263  0.0263  0.0263  0.0264  0.0265  0.0263  0.0263  0.0262  0.0263  0.0262  0.0262
  0.0262  0.0262  0.0262  0.0262  0.0262  0.0262  0.0261  0.0261  0.0261  0.0261  0.0261  0.0261
  0.0263  0.0263  0.0262  0.0262  0.0262  0.0262  0.0262  0.0264  0.0262  0.0264  0.0262  0.0262
  0.0267  0.0266  0.0264  0.0264  0.0266  0.0267  0.0265  0.0269  0.0265  0.0269  0.0264  0.0265
  0.0273  0.0272  0.0268  0.0268  0.0275  0.0279  0.0271  0.0278  0.0269  0.0277  0.0266  0.0269
niter,ni,del,rscale     3    3    5.0000    0.6000
parameters
    0.1908   -2.8768    9.0414  -12.6738  -21.6148  -15.6960
    3.7069   12.7823   -3.7284  -13.8092  -14.4174    5.8061
eta,q 0.97387 14.40981
  0.0270  0.0269  0.0267  0.0266  0.0272  0.0273  0.0268  0.0274  0.0267  0.0273  0.0265  0.0267
  0.0265  0.0265  0.0264  0.0264  0.0267  0.0268  0.0265  0.0267  0.0264  0.0266  0.0263  0.0264
  0.0262  0.0262  0.0262  0.0262  0.0263  0.0264  0.0262  0.0263  0.0262  0.0262  0.0262  0.0262
  0.0261  0.0261  0.0261  0.0261  0.0261  0.0261  0.0261  0.0261  0.0261  0.0261  0.0261  0.0261
  0.0262  0.0262  0.0262  0.0262  0.0262  0.0262  0.0262  0.0263  0.0262  0.0263  0.0262  0.0262
  0.0265  0.0265  0.0264  0.0264  0.0265  0.0265  0.0264  0.0267  0.0264  0.0267  0.0263  0.0264
  0.0270  0.0269  0.0267  0.0266  0.0272  0.0274  0.0268  0.0274  0.0267  0.0273  0.0265  0.0267
niter,ni,del,rscale     2    3    5.0000    0.5000
parameters
    0.1866   -2.8769    9.0425  -12.6519  -21.5248  -15.5872
    3.7104   12.7784   -3.7440  -13.8390  -14.4083    5.8123
eta,q 0.97388 14.41707
  0.0267  0.0267  0.0265  0.0265  0.0268  0.0270  0.0266  0.0270  0.0265  0.0269  0.0264  0.0265
  0.0264  0.0264  0.0263  0.0263  0.0265  0.0266  0.0263  0.0265  0.0263  0.0264  0.0262  0.0263
  0.0262  0.0262  0.0262  0.0262  0.0262  0.0263  0.0262  0.0262  0.0262  0.0262  0.0261  0.0262
  0.0261  0.0261  0.0261  0.0261  0.0261  0.0261  0.0261  0.0261  0.0261  0.0261  0.0261  0.0261
  0.0262  0.0262  0.0262  0.0262  0.0262  0.0261  0.0262  0.0262  0.0262  0.0262  0.0261  0.0262
  0.0264  0.0264  0.0263  0.0263  0.0264  0.0264  0.0263  0.0265  0.0263  0.0265  0.0262  0.0263
  0.0267  0.0267  0.0265  0.0265  0.0268  0.0270  0.0266  0.0270  0.0265  0.0269  0.0264  0.0265
niter,ni,del,rscale     1    3    5.0000    0.4000
parameters
    0.1761   -2.8813    9.0371  -12.6633  -21.4613  -15.4810
    3.7065   12.7680   -3.7516  -13.8616  -14.4516    5.8270
eta,q 0.97389 14.42187
  0.0265  0.0265  0.0264  0.0263  0.0266  0.0267  0.0264  0.0267  0.0264  0.0266  0.0263  0.0264
  0.0263  0.0263  0.0262  0.0262  0.0263  0.0264  0.0263  0.0264  0.0262  0.0263  0.0262  0.0262
  0.0262  0.0262  0.0261  0.0261  0.0262  0.0262  0.0261  0.0262  0.0261  0.0262  0.0261  0.0261
  0.0261  0.0261  0.0261  0.0261  0.0261  0.0261  0.0261  0.0261  0.0261  0.0261  0.0261  0.0261
  0.0262  0.0262  0.0261  0.0261  0.0261  0.0261  0.0261  0.0262  0.0261  0.0262  0.0261  0.0261
  0.0263  0.0263  0.0262  0.0262  0.0263  0.0263  0.0263  0.0264  0.0262  0.0264  0.0262  0.0262
  0.0265  0.0265  0.0264  0.0263  0.0266  0.0267  0.0264  0.0267  0.0264  0.0266  0.0263  0.0264
registration optimization eta report
parameter search radius
    0.8000    0.8000    0.8000    2.4000    2.4000    2.4000
    2.4000    2.4000    2.4000    2.4000    2.4000    2.4000
100000*second partial in parameter space
       59.       55.       40.        4.        8.       10.
        6.       10.        4.        9.        3.        4.
  0.0265  0.0265  0.0264  0.0263  0.0266  0.0267  0.0264  0.0267  0.0264  0.0266  0.0263  0.0264
  0.0263  0.0263  0.0262  0.0262  0.0263  0.0264  0.0263  0.0264  0.0262  0.0263  0.0262  0.0262
  0.0262  0.0262  0.0261  0.0261  0.0262  0.0262  0.0261  0.0262  0.0261  0.0262  0.0261  0.0261
  0.0261  0.0261  0.0261  0.0261  0.0261  0.0261  0.0261  0.0261  0.0261  0.0261  0.0261  0.0261
  0.0262  0.0262  0.0261  0.0261  0.0261  0.0261  0.0261  0.0262  0.0261  0.0262  0.0261  0.0261
  0.0263  0.0263  0.0262  0.0262  0.0263  0.0263  0.0263  0.0264  0.0262  0.0264  0.0262  0.0262
  0.0265  0.0265  0.0264  0.0263  0.0266  0.0267  0.0264  0.0267  0.0264  0.0266  0.0263  0.0264
    0.1761   -2.8813    9.0371  -12.6633  -21.4613  -15.4810
    3.7065   12.7680   -3.7516  -13.8616  -14.4516    5.8270
eta,q 0.97389 14.42187

---------------------------------------------------------------------
compute_vox2vox talsrcimg talsrcimg_to_711-2C_as_mni_average_305_t4 /opt/freesurfer/average/711-2C_as_mni_average_305
---------------------------------------------------------------------

freesurfer compute_vox2vox.c
Reading: talsrcimg.4dfp.ifh
Reading: talsrcimg_to_711-2C_as_mni_average_305_t4
Reading: /opt/freesurfer/average/711-2C_as_mni_average_305.4dfp.ifh
Writing: talsrcimg_to_711-2C_as_mni_average_305_t4_vox2vox.txt

start time Sun Mar 8 22:07:48 CET 2026
end		time Sun Mar 8 22:09:18 CET 2026

mpr2mni305 success

avi2talxfm orig_nu.mgz /opt/freesurfer/average/mni305.cor.mgz talsrcimg_to_711-2C_as_mni_average_305_t4_vox2vox.txt transforms/talairach.auto.xfm
avi2talxfm done
mv -f /out/sourcedata/freesurfer/sub-v1s16x0051162_ses-1/mri/talsrcimg_to_711-2C_as_mni_average_305_t4_vox2vox.txt /out/sourcedata/freesurfer/sub-v1s16x0051162_ses-1/mri/transforms/talsrcimg_to_711-2C_as_mni_average_305_t4_vox2vox.txt
lta_convert --src orig_nu.mgz --trg /opt/freesurfer/average/mni305.cor.mgz --inxfm transforms/talairach.auto.xfm --outlta transforms/talairach.auto.xfm.lta --subject fsaverage
7.3.2

--src: orig_nu.mgz src image (geometry).
--trg: /opt/freesurfer/average/mni305.cor.mgz trg image (geometry).
--inmni: transforms/talairach.auto.xfm input MNI/XFM transform.
--outlta: transforms/talairach.auto.xfm.lta output LTA.
--s: fsaverage subject name
 LTA read, type : 1
 1.11436  -0.17484  -0.03962   5.33096;
 0.18462   1.13997  -0.09329  -9.17990;
 0.08581   0.19285   1.25490  -18.93172;
 0.00000   0.00000   0.00000   1.00000;
setting subject to fsaverage
Writing  LTA to file transforms/talairach.auto.xfm.lta...
lta_convert successful.
 
 
Started at Sun Mar 8 22:07:47 CET 2026
Ended   at Sun Mar  8 22:09:18 CET 2026
talairach_avi done
