status file for recon-all
Mon Mar  9 00:27:07 CET 2026
#@# Tessellate rh Mon Mar  9 00:27:07 CET 2026
#@# Smooth1 rh Mon Mar  9 00:27:11 CET 2026
#@# Inflation1 rh Mon Mar  9 00:27:14 CET 2026
#@# QSphere rh Mon Mar  9 00:27:27 CET 2026
#@# Fix Topology rh Mon Mar  9 00:28:32 CET 2026
#@# Smooth2 rh Mon Mar  9 00:34:39 CET 2026
#@# Inflation2 rh Mon Mar  9 00:34:42 CET 2026
#@# Curv .H and .K rh Mon Mar  9 00:35:02 CET 2026
#@# Sphere rh Mon Mar  9 00:35:51 CET 2026
#@# Surf Reg rh Mon Mar  9 00:39:46 CET 2026
#@# Jacobian white rh Mon Mar  9 00:43:48 CET 2026
#@# AvgCurv rh Mon Mar  9 00:43:49 CET 2026
#@# Cortical Parc rh Mon Mar  9 00:43:50 CET 2026
#@# white curv rh Mon Mar  9 00:50:37 CET 2026
#@# white area rh Mon Mar  9 00:50:39 CET 2026
#@# pial curv rh Mon Mar  9 00:50:39 CET 2026
#@# pial area rh Mon Mar  9 00:50:41 CET 2026
#@# thickness rh Mon Mar  9 00:50:42 CET 2026
#@# area and vertex vol rh Mon Mar  9 00:51:11 CET 2026
#@# Curvature Stats rh Mon Mar  9 00:51:13 CET 2026
#@# Cortical Parc 2 rh Mon Mar  9 00:51:15 CET 2026
#@# Cortical Parc 3 rh Mon Mar  9 00:51:27 CET 2026
#@# WM/GM Contrast rh Mon Mar  9 00:51:36 CET 2026
recon-all -s sub-v1s16x0051161_ses-1 finished without error at Mon Mar  9 00:51:39 CET 2026



#New# invocation of recon-all 



status file for recon-all
Mon Mar  9 00:59:58 CET 2026
#@# white curv rh Mon Mar  9 00:59:58 CET 2026
#@# white area rh Mon Mar  9 00:59:58 CET 2026
#@# pial curv rh Mon Mar  9 00:59:58 CET 2026
#@# pial area rh Mon Mar  9 00:59:58 CET 2026
#@# thickness rh Mon Mar  9 00:59:58 CET 2026
#@# area and vertex vol rh Mon Mar  9 00:59:58 CET 2026
#@# Parcellation Stats rh Mon Mar  9 00:59:58 CET 2026
#@# Parcellation Stats 2 rh Mon Mar  9 01:00:15 CET 2026
#@# Parcellation Stats 3 rh Mon Mar  9 01:00:23 CET 2026
#@# BA_exvivo Labels rh Mon Mar  9 01:00:32 CET 2026
recon-all -s sub-v1s16x0051161_ses-1 finished without error at Mon Mar  9 01:03:15 CET 2026
