status file for recon-all
Sun Mar  8 22:03:22 CET 2026
#@# MotionCor Sun Mar  8 22:03:24 CET 2026
#@# Talairach Sun Mar  8 22:03:34 CET 2026
#@# Talairach Failure Detection Sun Mar  8 22:08:02 CET 2026
#@# Nu Intensity Correction Sun Mar  8 22:08:02 CET 2026
#@# Intensity Normalization Sun Mar  8 22:11:19 CET 2026
recon-all -s sub-v1s16x0051161_ses-1 finished without error at Sun Mar  8 22:12:43 CET 2026



#New# invocation of recon-all 



status file for recon-all
Sun Mar  8 22:19:55 CET 2026
#@# EM Registration Sun Mar  8 22:19:55 CET 2026
recon-all -s sub-v1s16x0051161_ses-1 finished without error at Sun Mar  8 22:22:01 CET 2026



#New# invocation of recon-all 



status file for recon-all
Sun Mar  8 22:22:05 CET 2026
#@# CA Normalize Sun Mar  8 22:22:05 CET 2026
#@# CA Reg Sun Mar  8 22:23:29 CET 2026
#@# SubCort Seg Sun Mar  8 23:17:50 CET 2026
#@# CC Seg Sun Mar  8 23:53:44 CET 2026
#@# Merge ASeg Sun Mar  8 23:54:28 CET 2026
#@# Intensity Normalization2 Sun Mar  8 23:54:28 CET 2026
#@# Mask BFS Sun Mar  8 23:56:39 CET 2026
#@# WM Segmentation Sun Mar  8 23:56:40 CET 2026
#@# Fill Sun Mar  8 23:58:35 CET 2026
recon-all -s sub-v1s16x0051161_ses-1 finished without error at Sun Mar  8 23:59:43 CET 2026



#New# invocation of recon-all 



status file for recon-all
Mon Mar  9 00:51:45 CET 2026
#@# white curv lh Mon Mar  9 00:51:45 CET 2026
#@# white area lh Mon Mar  9 00:51:45 CET 2026
#@# pial curv lh Mon Mar  9 00:51:45 CET 2026
#@# pial area lh Mon Mar  9 00:51:45 CET 2026
#@# thickness lh Mon Mar  9 00:51:45 CET 2026
#@# area and vertex vol lh Mon Mar  9 00:51:45 CET 2026
#@# white curv rh Mon Mar  9 00:51:45 CET 2026
#@# white area rh Mon Mar  9 00:51:45 CET 2026
#@# pial curv rh Mon Mar  9 00:51:45 CET 2026
#@# pial area rh Mon Mar  9 00:51:45 CET 2026
#@# thickness rh Mon Mar  9 00:51:45 CET 2026
#@# area and vertex vol rh Mon Mar  9 00:51:45 CET 2026
#@# Cortical ribbon mask Mon Mar  9 00:51:45 CET 2026
recon-all -s sub-v1s16x0051161_ses-1 finished without error at Mon Mar  9 00:56:25 CET 2026



#New# invocation of recon-all 



status file for recon-all
Mon Mar  9 01:03:21 CET 2026
#@# white curv lh Mon Mar  9 01:03:21 CET 2026
#@# white area lh Mon Mar  9 01:03:22 CET 2026
#@# pial curv lh Mon Mar  9 01:03:22 CET 2026
#@# pial area lh Mon Mar  9 01:03:22 CET 2026
#@# thickness lh Mon Mar  9 01:03:22 CET 2026
#@# area and vertex vol lh Mon Mar  9 01:03:22 CET 2026
#@# white curv rh Mon Mar  9 01:03:22 CET 2026
#@# white area rh Mon Mar  9 01:03:22 CET 2026
#@# pial curv rh Mon Mar  9 01:03:22 CET 2026
#@# pial area rh Mon Mar  9 01:03:22 CET 2026
#@# thickness rh Mon Mar  9 01:03:22 CET 2026
#@# area and vertex vol rh Mon Mar  9 01:03:22 CET 2026
#@# Curvature Stats lh Mon Mar  9 01:03:22 CET 2026
#@# Curvature Stats rh Mon Mar  9 01:03:24 CET 2026
#@# Relabel Hypointensities Mon Mar  9 01:03:27 CET 2026
#@# APas-to-ASeg Mon Mar  9 01:03:43 CET 2026
#@# AParc-to-ASeg aparc Mon Mar  9 01:03:52 CET 2026
#@# AParc-to-ASeg aparc.a2009s Mon Mar  9 01:04:36 CET 2026
#@# AParc-to-ASeg aparc.DKTatlas Mon Mar  9 01:05:16 CET 2026
#@# WMParc Mon Mar  9 01:05:54 CET 2026
#@# ASeg Stats Mon Mar  9 01:09:58 CET 2026
recon-all -s sub-v1s16x0051161_ses-1 finished without error at Mon Mar  9 01:10:40 CET 2026
