status file for recon-all
Sun Mar  8 23:19:06 CET 2026
#@# MotionCor Sun Mar  8 23:19:07 CET 2026
#@# Talairach Sun Mar  8 23:19:17 CET 2026
#@# Talairach Failure Detection Sun Mar  8 23:23:44 CET 2026
#@# Nu Intensity Correction Sun Mar  8 23:23:44 CET 2026
#@# Intensity Normalization Sun Mar  8 23:27:01 CET 2026
recon-all -s sub-v1s16x0051180_ses-1 finished without error at Sun Mar  8 23:28:29 CET 2026



#New# invocation of recon-all 



status file for recon-all
Sun Mar  8 23:35:39 CET 2026
#@# EM Registration Sun Mar  8 23:35:39 CET 2026
recon-all -s sub-v1s16x0051180_ses-1 finished without error at Sun Mar  8 23:37:55 CET 2026



#New# invocation of recon-all 



status file for recon-all
Sun Mar  8 23:37:58 CET 2026
#@# CA Normalize Sun Mar  8 23:37:58 CET 2026
#@# CA Reg Sun Mar  8 23:39:20 CET 2026
#@# SubCort Seg Mon Mar  9 00:32:16 CET 2026
#@# CC Seg Mon Mar  9 01:02:24 CET 2026
#@# Merge ASeg Mon Mar  9 01:03:19 CET 2026
#@# Intensity Normalization2 Mon Mar  9 01:03:19 CET 2026
#@# Mask BFS Mon Mar  9 01:05:32 CET 2026
#@# WM Segmentation Mon Mar  9 01:05:32 CET 2026
#@# Fill Mon Mar  9 01:07:27 CET 2026
recon-all -s sub-v1s16x0051180_ses-1 finished without error at Mon Mar  9 01:08:29 CET 2026



#New# invocation of recon-all 



status file for recon-all
Mon Mar  9 01:54:01 CET 2026
#@# white curv lh Mon Mar  9 01:54:01 CET 2026
#@# white area lh Mon Mar  9 01:54:01 CET 2026
#@# pial curv lh Mon Mar  9 01:54:01 CET 2026
#@# pial area lh Mon Mar  9 01:54:01 CET 2026
#@# thickness lh Mon Mar  9 01:54:01 CET 2026
#@# area and vertex vol lh Mon Mar  9 01:54:01 CET 2026
#@# white curv rh Mon Mar  9 01:54:01 CET 2026
#@# white area rh Mon Mar  9 01:54:01 CET 2026
#@# pial curv rh Mon Mar  9 01:54:01 CET 2026
#@# pial area rh Mon Mar  9 01:54:01 CET 2026
#@# thickness rh Mon Mar  9 01:54:01 CET 2026
#@# area and vertex vol rh Mon Mar  9 01:54:01 CET 2026
#@# Cortical ribbon mask Mon Mar  9 01:54:01 CET 2026
recon-all -s sub-v1s16x0051180_ses-1 finished without error at Mon Mar  9 01:57:53 CET 2026



#New# invocation of recon-all 



status file for recon-all
Mon Mar  9 02:03:49 CET 2026
#@# white curv lh Mon Mar  9 02:03:49 CET 2026
#@# white area lh Mon Mar  9 02:03:49 CET 2026
#@# pial curv lh Mon Mar  9 02:03:49 CET 2026
#@# pial area lh Mon Mar  9 02:03:49 CET 2026
#@# thickness lh Mon Mar  9 02:03:49 CET 2026
#@# area and vertex vol lh Mon Mar  9 02:03:49 CET 2026
#@# white curv rh Mon Mar  9 02:03:49 CET 2026
#@# white area rh Mon Mar  9 02:03:49 CET 2026
#@# pial curv rh Mon Mar  9 02:03:49 CET 2026
#@# pial area rh Mon Mar  9 02:03:49 CET 2026
#@# thickness rh Mon Mar  9 02:03:49 CET 2026
#@# area and vertex vol rh Mon Mar  9 02:03:49 CET 2026
#@# Curvature Stats lh Mon Mar  9 02:03:49 CET 2026
#@# Curvature Stats rh Mon Mar  9 02:03:51 CET 2026
#@# Relabel Hypointensities Mon Mar  9 02:03:54 CET 2026
#@# APas-to-ASeg Mon Mar  9 02:04:09 CET 2026
#@# AParc-to-ASeg aparc Mon Mar  9 02:04:16 CET 2026
#@# AParc-to-ASeg aparc.a2009s Mon Mar  9 02:04:45 CET 2026
#@# AParc-to-ASeg aparc.DKTatlas Mon Mar  9 02:05:16 CET 2026
#@# WMParc Mon Mar  9 02:05:46 CET 2026
#@# ASeg Stats Mon Mar  9 02:09:48 CET 2026
recon-all -s sub-v1s16x0051180_ses-1 finished without error at Mon Mar  9 02:10:30 CET 2026
