status file for recon-all
Mon Mar  9 01:08:33 CET 2026
#@# Tessellate lh Mon Mar  9 01:08:33 CET 2026
#@# Smooth1 lh Mon Mar  9 01:08:37 CET 2026
#@# Inflation1 lh Mon Mar  9 01:08:39 CET 2026
#@# QSphere lh Mon Mar  9 01:08:51 CET 2026
#@# Fix Topology lh Mon Mar  9 01:09:57 CET 2026
#@# Smooth2 lh Mon Mar  9 01:16:13 CET 2026
#@# Inflation2 lh Mon Mar  9 01:16:15 CET 2026
#@# Curv .H and .K lh Mon Mar  9 01:16:28 CET 2026
#@# Sphere lh Mon Mar  9 01:17:08 CET 2026
#@# Surf Reg lh Mon Mar  9 01:21:23 CET 2026
#@# Jacobian white lh Mon Mar  9 01:25:07 CET 2026
#@# AvgCurv lh Mon Mar  9 01:25:08 CET 2026
#@# Cortical Parc lh Mon Mar  9 01:25:09 CET 2026
#@# white curv lh Mon Mar  9 01:31:12 CET 2026
#@# white area lh Mon Mar  9 01:31:14 CET 2026
#@# pial curv lh Mon Mar  9 01:31:14 CET 2026
#@# pial area lh Mon Mar  9 01:31:16 CET 2026
#@# thickness lh Mon Mar  9 01:31:17 CET 2026
#@# area and vertex vol lh Mon Mar  9 01:31:40 CET 2026
#@# Curvature Stats lh Mon Mar  9 01:31:42 CET 2026
#@# Cortical Parc 2 lh Mon Mar  9 01:31:44 CET 2026
#@# Cortical Parc 3 lh Mon Mar  9 01:31:55 CET 2026
#@# WM/GM Contrast lh Mon Mar  9 01:32:04 CET 2026
recon-all -s sub-v1s16x0051180_ses-1 finished without error at Mon Mar  9 01:32:06 CET 2026



#New# invocation of recon-all 



status file for recon-all
Mon Mar  9 01:57:57 CET 2026
#@# white curv lh Mon Mar  9 01:57:58 CET 2026
#@# white area lh Mon Mar  9 01:57:58 CET 2026
#@# pial curv lh Mon Mar  9 01:57:58 CET 2026
#@# pial area lh Mon Mar  9 01:57:58 CET 2026
#@# thickness lh Mon Mar  9 01:57:58 CET 2026
#@# area and vertex vol lh Mon Mar  9 01:57:58 CET 2026
#@# Parcellation Stats lh Mon Mar  9 01:57:58 CET 2026
#@# Parcellation Stats 2 lh Mon Mar  9 01:58:12 CET 2026
#@# Parcellation Stats 3 lh Mon Mar  9 01:58:19 CET 2026
#@# BA_exvivo Labels lh Mon Mar  9 01:58:27 CET 2026
recon-all -s sub-v1s16x0051180_ses-1 finished without error at Mon Mar  9 02:00:50 CET 2026
