status file for recon-all
Mon Mar  9 01:32:07 CET 2026
#@# Tessellate rh Mon Mar  9 01:32:07 CET 2026
#@# Smooth1 rh Mon Mar  9 01:32:11 CET 2026
#@# Inflation1 rh Mon Mar  9 01:32:13 CET 2026
#@# QSphere rh Mon Mar  9 01:32:25 CET 2026
#@# Fix Topology rh Mon Mar  9 01:33:34 CET 2026
#@# Smooth2 rh Mon Mar  9 01:39:11 CET 2026
#@# Inflation2 rh Mon Mar  9 01:39:14 CET 2026
#@# Curv .H and .K rh Mon Mar  9 01:39:27 CET 2026
#@# Sphere rh Mon Mar  9 01:40:05 CET 2026
#@# Surf Reg rh Mon Mar  9 01:43:35 CET 2026
#@# Jacobian white rh Mon Mar  9 01:46:46 CET 2026
#@# AvgCurv rh Mon Mar  9 01:46:47 CET 2026
#@# Cortical Parc rh Mon Mar  9 01:46:47 CET 2026
#@# white curv rh Mon Mar  9 01:52:58 CET 2026
#@# white area rh Mon Mar  9 01:53:00 CET 2026
#@# pial curv rh Mon Mar  9 01:53:00 CET 2026
#@# pial area rh Mon Mar  9 01:53:02 CET 2026
#@# thickness rh Mon Mar  9 01:53:03 CET 2026
#@# area and vertex vol rh Mon Mar  9 01:53:26 CET 2026
#@# Curvature Stats rh Mon Mar  9 01:53:28 CET 2026
#@# Cortical Parc 2 rh Mon Mar  9 01:53:30 CET 2026
#@# Cortical Parc 3 rh Mon Mar  9 01:53:41 CET 2026
#@# WM/GM Contrast rh Mon Mar  9 01:53:50 CET 2026
recon-all -s sub-v1s16x0051180_ses-1 finished without error at Mon Mar  9 01:53:53 CET 2026



#New# invocation of recon-all 



status file for recon-all
Mon Mar  9 02:00:52 CET 2026
#@# white curv rh Mon Mar  9 02:00:52 CET 2026
#@# white area rh Mon Mar  9 02:00:52 CET 2026
#@# pial curv rh Mon Mar  9 02:00:52 CET 2026
#@# pial area rh Mon Mar  9 02:00:52 CET 2026
#@# thickness rh Mon Mar  9 02:00:52 CET 2026
#@# area and vertex vol rh Mon Mar  9 02:00:52 CET 2026
#@# Parcellation Stats rh Mon Mar  9 02:00:52 CET 2026
#@# Parcellation Stats 2 rh Mon Mar  9 02:01:05 CET 2026
#@# Parcellation Stats 3 rh Mon Mar  9 02:01:12 CET 2026
#@# BA_exvivo Labels rh Mon Mar  9 02:01:20 CET 2026
recon-all -s sub-v1s16x0051180_ses-1 finished without error at Mon Mar  9 02:03:44 CET 2026
