/out/sourcedata/freesurfer/sub-v1s16x0051173_ses-1/mri
/opt/freesurfer/bin/talairach_avi
--i orig_nu.mgz --xfm transforms/talairach.auto.xfm
talairach_avi 7.3.2
Linux dna019 5.14.0-427.37.1.el9_4.x86_64 #1 SMP PREEMPT_DYNAMIC Fri Sep 13 12:41:50 EDT 2024 x86_64 x86_64 x86_64 GNU/Linux
Sun Mar  8 22:42:37 CET 2026
mri_convert orig_nu.mgz talsrcimg.img 
reading from orig_nu.mgz...
TR=0.00, TE=0.00, TI=0.00, flip angle=0.00
i_ras = (-1, 0, 0)
j_ras = (0, 0, -1)
k_ras = (0, 1, 0)
writing to talsrcimg.img...
Analyze Output Matrix
-1.00000   0.00000   0.00000   130.59521;
 0.00000   0.00000   1.00000  -124.68792;
 0.00000  -1.00000   0.00000   120.65322;
 0.00000   0.00000   0.00000   1.00000;
--------------------
INFO: set hdr.hist.orient to -1
mpr2mni305 talsrcimg
Sun Mar  8 22:42:38 CET 2026
/opt/freesurfer/bin/mpr2mni305 talsrcimg
mpr2mni305 7.3.2
target=711-2C_as_mni_average_305

---------------------------------------------------------------------
analyzeto4dfp talsrcimg -O0 -y
---------------------------------------------------------------------

freesurfer ifh2hdr.c
Sun Mar  8 22:42:38 2026
Writing: talsrcimg.4dfp.hdr
freesurfer analyzeto4dfp.c
Reading: talsrcimg.hdr
header size 348 bytes
hdr.dime.datatype	offset=70	value=2
hdr.dime.bitpix		offset=72	value=8
hdr.hist.orient		offset=252	value=-1
dimensionality     4
dimensions       256       256       256         1
Reading: talsrcimg.img
Writing: talsrcimg.4dfp.img
Writing: talsrcimg.4dfp.ifh
ifh2hdr talsrcimg -r0to215
ori=2

---------------------------------------------------------------------
gauss_4dfp talsrcimg 1.1
---------------------------------------------------------------------

freesurfer gauss_4dfp.c
Reading: talsrcimg.4dfp.img
Writing: talsrcimg_g11.4dfp.img
image dimensions 256 256 256 padded to 288 288 288
processing volume 1freesurfer ifh2hdr.c
Sun Mar  8 22:42:40 2026
Writing: talsrcimg_g11.4dfp.hdr

Writing: talsrcimg_g11.4dfp.ifh
including: talsrcimg.4dfp.img.rec in talsrcimg_g11.4dfp.img.rec

---------------------------------------------------------------------
imgreg_4dfp /opt/freesurfer/average/711-2C_as_mni_average_305 none talsrcimg_g11 none talsrcimg_to_711-2C_as_mni_average_305_t4 4355
---------------------------------------------------------------------

freesurfer imgreg_4dfp.c
/opt/freesurfer/average/711-2C_as_mni_average_305.4dfp.img
       256       256       256         1
  1.000000  1.000000  1.000000
orientation T byte_order littleendian
Reading image: /opt/freesurfer/average/711-2C_as_mni_average_305.4dfp.img
dimensions:      256       256       256
mmppix:       1.0000   -1.0000   -1.0000
center:     128.0000 -129.0000 -129.0000
talsrcimg_g11.4dfp.img
       256       256       256         1
  1.000000  1.000000  1.000000
orientation T byte_order littleendian
Reading image: talsrcimg_g11.4dfp.img
dimensions:      256       256       256
mmppix:       1.0000   -1.0000   -1.0000
center:     128.0000 -129.0000 -129.0000
t4_read: open error in t4_sub.f l:  41 t4_file(1:l)talsrcimg_to_711-2C_as_mni_average_305_t4 
t4_read: transform initialized to I4
rotation matrix determinant  1.000000
image alignment mode   4355 decimal     1103 hex
   -7.5000  -45.0000  -45.0000 5217.9653   28.7454
    0.0000  -45.0000  -45.0000 5386.4253   28.7973
    7.5000  -45.0000  -45.0000 5121.5840   28.8952
   -7.5000  -37.5000  -45.0000 5825.7617   28.0969
    0.0000  -37.5000  -45.0000 6019.5229   28.1328
    7.5000  -37.5000  -45.0000 5726.3774   28.2208
   -7.5000  -30.0000  -45.0000 6702.6987   27.7721
    0.0000  -30.0000  -45.0000 6937.5381   27.8054
    7.5000  -30.0000  -45.0000 6585.9243   27.8796
   -7.5000  -22.5000  -45.0000 7577.0732   27.6817
    0.0000  -22.5000  -45.0000 7845.2964   27.7240
    7.5000  -22.5000  -45.0000 7438.3843   27.7884
   -7.5000  -15.0000  -45.0000 8464.7031   27.7012
    0.0000  -15.0000  -45.0000 8746.1484   27.7537
    7.5000  -15.0000  -45.0000 8301.6807   27.8202
   -7.5000   -7.5000  -45.0000 9378.7393   27.6704
    0.0000   -7.5000  -45.0000 9680.6855   27.7257
    7.5000   -7.5000  -45.0000 9184.1904   27.8061
   -7.5000    0.0000  -45.000010240.2432   27.6254
    0.0000    0.0000  -45.000010589.0615   27.6723
    7.5000    0.0000  -45.0000 9992.7422   27.7618
   -7.5000    7.5000  -45.000010215.7188   27.6125
    0.0000    7.5000  -45.000010570.6553   27.6475
    7.5000    7.5000  -45.0000 9943.9346   27.7317
   -7.5000   15.0000  -45.000010054.1729   27.6356
    0.0000   15.0000  -45.000010395.2852   27.6687
    7.5000   15.0000  -45.0000 9804.4170   27.7418
   -7.5000   22.5000  -45.0000 9871.9131   27.6754
    0.0000   22.5000  -45.000010203.4297   27.7177
    7.5000   22.5000  -45.0000 9611.0391   27.7821
   -7.5000   30.0000  -45.0000 9594.1924   27.3320
    0.0000   30.0000  -45.0000 9926.4443   27.3838
    7.5000   30.0000  -45.0000 9354.5391   27.4495
   -7.5000   37.5000  -45.0000 9612.0576   27.3017
    0.0000   37.5000  -45.0000 9943.4443   27.3562
    7.5000   37.5000  -45.0000 9416.5938   27.4356
   -7.5000   45.0000  -45.0000 9248.7773   26.5651
    0.0000   45.0000  -45.0000 9567.9912   26.6103
    7.5000   45.0000  -45.0000 9054.4229   26.6963
   -7.5000  -45.0000  -37.5000 5591.2456   28.5314
    0.0000  -45.0000  -37.5000 5780.7031   28.5927
    7.5000  -45.0000  -37.5000 5520.3794   28.7019
   -7.5000  -37.5000  -37.5000 6251.7021   27.8833
    0.0000  -37.5000  -37.5000 6453.0356   27.9284
    7.5000  -37.5000  -37.5000 6150.9121   28.0303
   -7.5000  -30.0000  -37.5000 7170.0967   27.5650
    0.0000  -30.0000  -37.5000 7404.7388   27.6035
    7.5000  -30.0000  -37.5000 7049.7358   27.6920
   -7.5000  -22.5000  -37.5000 8131.6172   27.4841
    0.0000  -22.5000  -37.5000 8395.0498   27.5287
    7.5000  -22.5000  -37.5000 7966.8979   27.6048
   -7.5000  -15.0000  -37.5000 9104.9033   27.5078
    0.0000  -15.0000  -37.5000 9405.4668   27.5636
    7.5000  -15.0000  -37.5000 8904.5625   27.6399
   -7.5000   -7.5000  -37.500010075.2227   27.4760
    0.0000   -7.5000  -37.500010406.2822   27.5378
    7.5000   -7.5000  -37.5000 9851.6367   27.6277
   -7.5000    0.0000  -37.500010990.1406   27.4262
    0.0000    0.0000  -37.500011346.9678   27.4824
    7.5000    0.0000  -37.500010707.0352   27.5825
   -7.5000    7.5000  -37.500010972.4912   27.4072
    0.0000    7.5000  -37.500011312.8105   27.4512
    7.5000    7.5000  -37.500010644.8174   27.5489
   -7.5000   15.0000  -37.500010757.7949   27.4309
    0.0000   15.0000  -37.500011115.1436   27.4692
    7.5000   15.0000  -37.500010448.5059   27.5564
   -7.5000   22.5000  -37.500010493.2314   27.4778
    0.0000   22.5000  -37.500010868.5723   27.5224
    7.5000   22.5000  -37.500010213.0801   27.5985
   -7.5000   30.0000  -37.500010184.7188   27.1413
    0.0000   30.0000  -37.500010554.6357   27.1963
    7.5000   30.0000  -37.5000 9927.3506   27.2716
   -7.5000   37.5000  -37.500010223.4102   27.1099
    0.0000   37.5000  -37.500010582.2480   27.1708
    7.5000   37.5000  -37.5000 9998.5371   27.2595
   -7.5000   45.0000  -37.5000 9851.2686   26.3736
    0.0000   45.0000  -37.500010190.1729   26.4276
    7.5000   45.0000  -37.5000 9622.7188   26.5238
   -7.5000  -45.0000  -30.0000 6109.4995   29.7111
    0.0000  -45.0000  -30.0000 6319.2559   29.7838
    7.5000  -45.0000  -30.0000 6026.7959   29.9156
   -7.5000  -37.5000  -30.0000 6808.3911   29.0428
    0.0000  -37.5000  -30.0000 7035.6011   29.0977
    7.5000  -37.5000  -30.0000 6687.6782   29.2189
   -7.5000  -30.0000  -30.0000 7795.4321   28.7187
    0.0000  -30.0000  -30.0000 8068.0273   28.7657
    7.5000  -30.0000  -30.0000 7667.7129   28.8693
   -7.5000  -22.5000  -30.0000 8861.7578   28.6334
    0.0000  -22.5000  -30.0000 9166.6787   28.6876
    7.5000  -22.5000  -30.0000 8692.1885   28.7788
   -7.5000  -15.0000  -30.0000 9927.4375   28.6483
    0.0000  -15.0000  -30.000010275.0225   28.7160
    7.5000  -15.0000  -30.0000 9713.4648   28.8102
   -7.5000   -7.5000  -30.000010985.6553   28.6097
    0.0000   -7.5000  -30.000011354.4209   28.6838
    7.5000   -7.5000  -30.000010710.8486   28.7942
   -7.5000    0.0000  -30.000011955.1641   28.5597
    0.0000    0.0000  -30.000012320.3047   28.6276
    7.5000    0.0000  -30.000011612.9268   28.7487
   -7.5000    7.5000  -30.000011923.7002   28.5465
    0.0000    7.5000  -30.000012276.2598   28.6003
    7.5000    7.5000  -30.000011563.8350   28.7167
   -7.5000   15.0000  -30.000011692.5195   28.5792
    0.0000   15.0000  -30.000012067.3408   28.6259
    7.5000   15.0000  -30.000011331.4668   28.7282
   -7.5000   22.5000  -30.000011370.3867   28.6240
    0.0000   22.5000  -30.000011747.4297   28.6782
    7.5000   22.5000  -30.000011035.7354   28.7693
   -7.5000   30.0000  -30.000011017.8994   28.2692
    0.0000   30.0000  -30.000011400.9434   28.3360
    7.5000   30.0000  -30.000010711.3643   28.4290
   -7.5000   37.5000  -30.000011030.8359   28.2312
    0.0000   37.5000  -30.000011451.0674   28.3042
    7.5000   37.5000  -30.000010766.5381   28.4132
   -7.5000   45.0000  -30.000010619.5967   27.4837
    0.0000   45.0000  -30.000010989.8379   27.5491
    7.5000   45.0000  -30.000010328.8926   27.6657
   -7.5000  -45.0000  -22.5000 6646.0933   30.7399
    0.0000  -45.0000  -22.5000 6859.4888   30.8124
    7.5000  -45.0000  -22.5000 6526.8008   30.9555
   -7.5000  -37.5000  -22.5000 7382.6294   30.0665
    0.0000  -37.5000  -22.5000 7615.9678   30.1189
    7.5000  -37.5000  -22.5000 7234.9170   30.2425
   -7.5000  -30.0000  -22.5000 8432.0732   29.7358
    0.0000  -30.0000  -22.5000 8717.5547   29.7816
    7.5000  -30.0000  -22.5000 8280.1172   29.8811
   -7.5000  -22.5000  -22.5000 9590.7217   29.6342
    0.0000  -22.5000  -22.5000 9915.1494   29.6922
    7.5000  -22.5000  -22.5000 9404.9365   29.7819
   -7.5000  -15.0000  -22.500010752.1279   29.6329
    0.0000  -15.0000  -22.500011115.2012   29.7071
    7.5000  -15.0000  -22.500010480.1377   29.8063
   -7.5000   -7.5000  -22.500011836.6953   29.5900
    0.0000   -7.5000  -22.500012231.8262   29.6692
    7.5000   -7.5000  -22.500011510.2412   29.7898
   -7.5000    0.0000  -22.500012836.1064   29.5486
    0.0000    0.0000  -22.500013244.8975   29.6172
    7.5000    0.0000  -22.500012468.7676   29.7488
   -7.5000    7.5000  -22.500012801.8994   29.5507
    0.0000    7.5000  -22.500013220.2363   29.6021
    7.5000    7.5000  -22.500012423.8574   29.7211
   -7.5000   15.0000  -22.500012599.6729   29.5911
    0.0000   15.0000  -22.500013004.9297   29.6366
    7.5000   15.0000  -22.500012189.3350   29.7348
   -7.5000   22.5000  -22.500012280.3760   29.6224
    0.0000   22.5000  -22.500012662.7480   29.6804
    7.5000   22.5000  -22.500011881.8135   29.7701
   -7.5000   30.0000  -22.500011875.1533   29.2453
    0.0000   30.0000  -22.500012254.0137   29.3186
    7.5000   30.0000  -22.500011498.5117   29.4164
   -7.5000   37.5000  -22.500011860.6064   29.2030
    0.0000   37.5000  -22.500012272.2764   29.2811
    7.5000   37.5000  -22.500011507.0801   29.4001
   -7.5000   45.0000  -22.500011387.3828   28.4568
    0.0000   45.0000  -22.500011755.7500   28.5229
    7.5000   45.0000  -22.500011025.7822   28.6496
   -7.5000  -45.0000  -15.0000 7137.9229   31.4993
    0.0000  -45.0000  -15.0000 7375.6538   31.5626
    7.5000  -45.0000  -15.0000 6993.6396   31.6965
   -7.5000  -37.5000  -15.0000 7913.0391   30.8188
    0.0000  -37.5000  -15.0000 8194.7812   30.8606
    7.5000  -37.5000  -15.0000 7765.8745   30.9712
   -7.5000  -30.0000  -15.0000 9097.2822   30.4738
    0.0000  -30.0000  -15.0000 9413.2354   30.5124
    7.5000  -30.0000  -15.0000 8938.3750   30.5982
   -7.5000  -22.5000  -15.000010373.5312   30.3558
    0.0000  -22.5000  -15.000010707.3643   30.4112
    7.5000  -22.5000  -15.000010145.6016   30.4900
   -7.5000  -15.0000  -15.000011569.7051   30.3483
    0.0000  -15.0000  -15.000011939.5488   30.4212
    7.5000  -15.0000  -15.000011253.9375   30.5119
   -7.5000   -7.5000  -15.000012692.7461   30.3106
    0.0000   -7.5000  -15.000013079.0889   30.3856
    7.5000   -7.5000  -15.000012333.7344   30.4987
   -7.5000    0.0000  -15.000013711.1914   30.2791
    0.0000    0.0000  -15.000014156.7461   30.3390
    7.5000    0.0000  -15.000013346.8682   30.4620
   -7.5000    7.5000  -15.000013673.3467   30.2884
    0.0000    7.5000  -15.000014144.0605   30.3294
    7.5000    7.5000  -15.000013301.9961   30.4360
   -7.5000   15.0000  -15.000013440.6016   30.3250
    0.0000   15.0000  -15.000013887.8740   30.3634
    7.5000   15.0000  -15.000013041.8496   30.4481
   -7.5000   22.5000  -15.000013135.3818   30.3424
    0.0000   22.5000  -15.000013549.5508   30.3977
    7.5000   22.5000  -15.000012678.3906   30.4765
   -7.5000   30.0000  -15.000012730.1787   29.9555
    0.0000   30.0000  -15.000013122.0801   30.0275
    7.5000   30.0000  -15.000012272.7490   30.1170
   -7.5000   37.5000  -15.000012711.5703   29.9184
    0.0000   37.5000  -15.000013114.8633   29.9923
    7.5000   37.5000  -15.000012252.4688   30.1040
   -7.5000   45.0000  -15.000012155.1602   29.1779
    0.0000   45.0000  -15.000012502.9033   29.2356
    7.5000   45.0000  -15.000011665.4746   29.3541
   -7.5000  -45.0000   -7.5000 7640.7915   31.8782
    0.0000  -45.0000   -7.5000 7906.4663   31.9333
    7.5000  -45.0000   -7.5000 7488.7412   32.0473
   -7.5000  -37.5000   -7.5000 8484.3633   31.1826
    0.0000  -37.5000   -7.5000 8805.6318   31.2177
    7.5000  -37.5000   -7.5000 8361.7676   31.3135
   -7.5000  -30.0000   -7.5000 9822.7334   30.8249
    0.0000  -30.0000   -7.500010156.9951   30.8589
    7.5000  -30.0000   -7.5000 9620.5625   30.9354
   -7.5000  -22.5000   -7.500011181.9043   30.7061
    0.0000  -22.5000   -7.500011553.9717   30.7558
    7.5000  -22.5000   -7.500010904.0664   30.8251
   -7.5000  -15.0000   -7.500012419.2549   30.7082
    0.0000  -15.0000   -7.500012827.1611   30.7727
    7.5000  -15.0000   -7.500012085.1230   30.8499
   -7.5000   -7.5000   -7.500013596.3467   30.6770
    0.0000   -7.5000   -7.500014039.4111   30.7422
    7.5000   -7.5000   -7.500013234.5537   30.8377
   -7.5000    0.0000   -7.500014647.5762   30.6443
    0.0000    0.0000   -7.500015150.1572   30.6953
    7.5000    0.0000   -7.500014304.4160   30.7996
   -7.5000    7.5000   -7.500014589.3623   30.6464
    0.0000    7.5000   -7.500015111.4326   30.6808
    7.5000    7.5000   -7.500014244.4980   30.7728
   -7.5000   15.0000   -7.500014305.1846   30.6742
    0.0000   15.0000   -7.500014819.3330   30.7080
    7.5000   15.0000   -7.500013922.3135   30.7834
   -7.5000   22.5000   -7.500013957.7246   30.6892
    0.0000   22.5000   -7.500014455.0039   30.7389
    7.5000   22.5000   -7.500013548.8848   30.8081
   -7.5000   30.0000   -7.500013559.7754   30.3099
    0.0000   30.0000   -7.500014022.1553   30.3736
    7.5000   30.0000   -7.500013101.6455   30.4498
   -7.5000   37.5000   -7.500013555.9414   30.2791
    0.0000   37.5000   -7.500013989.4229   30.3435
    7.5000   37.5000   -7.500013049.1406   30.4378
   -7.5000   45.0000   -7.500012923.1426   29.5353
    0.0000   45.0000   -7.500013302.7930   29.5845
    7.5000   45.0000   -7.500012414.8750   29.6851
   -7.5000  -45.0000    0.0000 8084.3501   31.9370
    0.0000  -45.0000    0.0000 8382.6914   31.9940
    7.5000  -45.0000    0.0000 7961.8721   32.1015
   -7.5000  -37.5000    0.0000 9056.9746   31.2236
    0.0000  -37.5000    0.0000 9379.4873   31.2621
    7.5000  -37.5000    0.0000 8914.2354   31.3584
   -7.5000  -30.0000    0.000010475.8428   30.8631
    0.0000  -30.0000    0.000010835.6611   30.8985
    7.5000  -30.0000    0.000010232.9707   30.9790
   -7.5000  -22.5000    0.000011873.8477   30.7590
    0.0000  -22.5000    0.000012303.8506   30.8047
    7.5000  -22.5000    0.000011581.1602   30.8744
   -7.5000  -15.0000    0.000013167.9385   30.7780
    0.0000  -15.0000    0.000013653.0518   30.8357
    7.5000  -15.0000    0.000012877.0215   30.9080
   -7.5000   -7.5000    0.000014389.6973   30.7464
    0.0000   -7.5000    0.000014929.4668   30.8075
    7.5000   -7.5000    0.000014111.0234   30.8958
   -7.5000    0.0000    0.000015520.0205   30.7011
    0.0000    0.0000    0.000016112.8721   30.7527
    7.5000    0.0000    0.000015225.3301   30.8510
   -7.5000    7.5000    0.000015406.8584   30.6889
    0.0000    7.5000    0.000015999.5322   30.7265
    7.5000    7.5000    0.000015119.5947   30.8187
   -7.5000   15.0000    0.000015058.4121   30.7125
    0.0000   15.0000    0.000015638.7119   30.7476
    7.5000   15.0000    0.000014747.5596   30.8270
   -7.5000   22.5000    0.000014682.5215   30.7421
    0.0000   22.5000    0.000015249.4688   30.7878
    7.5000   22.5000    0.000014340.7900   30.8574
   -7.5000   30.0000    0.000014260.6748   30.3797
    0.0000   30.0000    0.000014791.5703   30.4366
    7.5000   30.0000    0.000013872.6348   30.5080
   -7.5000   37.5000    0.000014218.5527   30.3485
    0.0000   37.5000    0.000014720.8145   30.4088
    7.5000   37.5000    0.000013838.8203   30.4959
   -7.5000   45.0000    0.000013512.0957   29.5923
    0.0000   45.0000    0.000013983.1660   29.6421
    7.5000   45.0000    0.000013142.6846   29.7368
   -7.5000  -45.0000    7.5000 7927.5796   31.9204
    0.0000  -45.0000    7.5000 8222.4082   31.9890
    7.5000  -45.0000    7.5000 7811.6616   32.1111
   -7.5000  -37.5000    7.5000 8937.0176   31.1955
    0.0000  -37.5000    7.5000 9243.2500   31.2460
    7.5000  -37.5000    7.5000 8761.1660   31.3599
   -7.5000  -30.0000    7.500010271.6162   30.8391
    0.0000  -30.0000    7.500010625.3799   30.8823
    7.5000  -30.0000    7.500010061.6699   30.9811
   -7.5000  -22.5000    7.500011617.3711   30.7483
    0.0000  -22.5000    7.500012025.8418   30.7983
    7.5000  -22.5000    7.500011377.3691   30.8833
   -7.5000  -15.0000    7.500012862.9131   30.7748
    0.0000  -15.0000    7.500013364.7520   30.8373
    7.5000  -15.0000    7.500012681.0762   30.9227
   -7.5000   -7.5000    7.500014088.5791   30.7396
    0.0000   -7.5000    7.500014664.5107   30.8088
    7.5000   -7.5000    7.500013927.1025   30.9093
   -7.5000    0.0000    7.500015272.5312   30.6842
    0.0000    0.0000    7.500015875.3770   30.7471
    7.5000    0.0000    7.500015075.3281   30.8590
   -7.5000    7.5000    7.500015121.8857   30.6629
    0.0000    7.5000    7.500015716.3203   30.7122
    7.5000    7.5000    7.500014929.5137   30.8214
   -7.5000   15.0000    7.500014643.3096   30.6891
    0.0000   15.0000    7.500015220.7549   30.7320
    7.5000   15.0000    7.500014510.4814   30.8295
   -7.5000   22.5000    7.500014278.4004   30.7314
    0.0000   22.5000    7.500014834.9941   30.7813
    7.5000   22.5000    7.500014122.2197   30.8663
   -7.5000   30.0000    7.500013839.8857   30.3766
    0.0000   30.0000    7.500014397.1104   30.4382
    7.5000   30.0000    7.500013669.7773   30.5225
   -7.5000   37.5000    7.500013758.4326   30.3418
    0.0000   37.5000    7.500014330.7803   30.4101
    7.5000   37.5000    7.500013618.2168   30.5092
   -7.5000   45.0000    7.500013052.2686   29.5761
    0.0000   45.0000    7.500013611.0557   29.6367
    7.5000   45.0000    7.500012928.4766   29.7445
   -7.5000  -45.0000   15.0000 7694.6670   31.9048
    0.0000  -45.0000   15.0000 7957.7114   31.9829
    7.5000  -45.0000   15.0000 7541.4771   32.1244
   -7.5000  -37.5000   15.0000 8675.4541   31.1871
    0.0000  -37.5000   15.0000 8969.4170   31.2462
    7.5000  -37.5000   15.0000 8470.0527   31.3763
   -7.5000  -30.0000   15.0000 9941.7988   30.8392
    0.0000  -30.0000   15.000010291.8936   30.8896
    7.5000  -30.0000   15.0000 9713.6455   31.0009
   -7.5000  -22.5000   15.000011193.5166   30.7476
    0.0000  -22.5000   15.000011591.3564   30.8058
    7.5000  -22.5000   15.000011009.4336   30.9037
   -7.5000  -15.0000   15.000012395.4434   30.7636
    0.0000  -15.0000   15.000012856.7822   30.8362
    7.5000  -15.0000   15.000012252.7549   30.9374
   -7.5000   -7.5000   15.000013610.8730   30.7221
    0.0000   -7.5000   15.000014129.4199   30.8017
    7.5000   -7.5000   15.000013479.3896   30.9203
   -7.5000    0.0000   15.000014813.9277   30.6684
    0.0000    0.0000   15.000015389.1523   30.7414
    7.5000    0.0000   15.000014614.5381   30.8714
   -7.5000    7.5000   15.000014620.0488   30.6543
    0.0000    7.5000   15.000015164.8613   30.7121
    7.5000    7.5000   15.000014518.5059   30.8370
   -7.5000   15.0000   15.000014060.7207   30.6894
    0.0000   15.0000   15.000014584.3359   30.7395
    7.5000   15.0000   15.000014225.4346   30.8493
   -7.5000   22.5000   15.000013671.7949   30.7307
    0.0000   22.5000   15.000014192.5664   30.7889
    7.5000   22.5000   15.000013807.5439   30.8867
   -7.5000   30.0000   15.000013267.2803   30.3654
    0.0000   30.0000   15.000013820.6543   30.4371
    7.5000   30.0000   15.000013335.9600   30.5370
   -7.5000   37.5000   15.000013224.0762   30.3245
    0.0000   37.5000   15.000013822.3047   30.4030
    7.5000   37.5000   15.000013256.9414   30.5201
   -7.5000   45.0000   15.000012596.0469   29.5608
    0.0000   45.0000   15.000013157.4443   29.6311
    7.5000   45.0000   15.000012555.3262   29.7565
   -7.5000  -45.0000   22.5000 7346.6357   31.9104
    0.0000  -45.0000   22.5000 7590.4834   31.9857
    7.5000  -45.0000   22.5000 7176.2397   32.1343
   -7.5000  -37.5000   22.5000 8306.9941   31.2114
    0.0000  -37.5000   22.5000 8554.6963   31.2658
    7.5000  -37.5000   22.5000 8062.2104   31.3942
   -7.5000  -30.0000   22.5000 9516.7334   30.8682
    0.0000  -30.0000   22.5000 9812.6045   30.9157
    7.5000  -30.0000   22.5000 9261.7109   31.0190
   -7.5000  -22.5000   22.500010687.9707   30.7627
    0.0000  -22.5000   22.500011037.5996   30.8228
    7.5000  -22.5000   22.500010485.9395   30.9160
   -7.5000  -15.0000   22.500011832.3281   30.7613
    0.0000  -15.0000   22.500012252.5420   30.8384
    7.5000  -15.0000   22.500011665.0127   30.9413
   -7.5000   -7.5000   22.500013018.2725   30.7168
    0.0000   -7.5000   22.500013521.7744   30.7990
    7.5000   -7.5000   22.500012873.8799   30.9241
   -7.5000    0.0000   22.500014069.4805   30.6738
    0.0000    0.0000   22.500014639.6748   30.7451
    7.5000    0.0000   22.500013926.3262   30.8816
   -7.5000    7.5000   22.500013906.0674   30.6760
    0.0000    7.5000   22.500014459.0527   30.7293
    7.5000    7.5000   22.500013846.5898   30.8529
   -7.5000   15.0000   22.500013556.2090   30.7179
    0.0000   15.0000   22.500014098.2451   30.7651
    7.5000   15.0000   22.500013596.8555   30.8671
   -7.5000   22.5000   22.500013229.3506   30.7457
    0.0000   22.5000   22.500013733.0791   30.8059
    7.5000   22.5000   22.500013236.7881   30.8990
   -7.5000   30.0000   22.500012828.4600   30.3632
    0.0000   30.0000   22.500013281.3271   30.4393
    7.5000   30.0000   22.500012775.8438   30.5409
   -7.5000   37.5000   22.500012774.5352   30.3193
    0.0000   37.5000   22.500013249.4570   30.4004
    7.5000   37.5000   22.500012736.9102   30.5239
   -7.5000   45.0000   22.500012137.2695   29.5661
    0.0000   45.0000   22.500012611.4287   29.6347
    7.5000   45.0000   22.500012065.7979   29.7663
   -7.5000  -45.0000   30.0000 6900.8447   31.9316
    0.0000  -45.0000   30.0000 7099.7407   31.9957
    7.5000  -45.0000   30.0000 6715.7520   32.1315
   -7.5000  -37.5000   30.0000 7767.5581   31.2418
    0.0000  -37.5000   30.0000 7999.4751   31.2841
    7.5000  -37.5000   30.0000 7537.0396   31.3963
   -7.5000  -30.0000   30.0000 8920.4688   30.8921
    0.0000  -30.0000   30.0000 9224.4053   30.9312
    7.5000  -30.0000   30.0000 8678.4639   31.0182
   -7.5000  -22.5000   30.000010069.2012   30.7724
    0.0000  -22.5000   30.000010414.8008   30.8286
    7.5000  -22.5000   30.0000 9816.2715   30.9085
   -7.5000  -15.0000   30.000011210.6045   30.7648
    0.0000  -15.0000   30.000011588.3525   30.8387
    7.5000  -15.0000   30.000010945.5156   30.9307
   -7.5000   -7.5000   30.000012296.0068   30.7266
    0.0000   -7.5000   30.000012724.9014   30.8026
    7.5000   -7.5000   30.000012063.7969   30.9173
   -7.5000    0.0000   30.000013255.7773   30.6947
    0.0000    0.0000   30.000013724.4980   30.7554
    7.5000    0.0000   30.000013033.5830   30.8801
   -7.5000    7.5000   30.000013144.1006   30.7041
    0.0000    7.5000   30.000013600.1904   30.7457
    7.5000    7.5000   30.000012979.6152   30.8537
   -7.5000   15.0000   30.000012885.2764   30.7412
    0.0000   15.0000   30.000013358.4834   30.7801
    7.5000   15.0000   30.000012747.1348   30.8660
   -7.5000   22.5000   30.000012560.0908   30.7555
    0.0000   22.5000   30.000013010.7783   30.8116
    7.5000   22.5000   30.000012433.0928   30.8914
   -7.5000   30.0000   30.000012197.3252   30.3666
    0.0000   30.0000   30.000012602.2031   30.4396
    7.5000   30.0000   30.000012048.6709   30.5304
   -7.5000   37.5000   30.000012162.0225   30.3290
    0.0000   37.5000   30.000012554.8789   30.4039
    7.5000   37.5000   30.000012025.5088   30.5172
   -7.5000   45.0000   30.000011546.3525   29.5861
    0.0000   45.0000   30.000011932.6699   29.6447
    7.5000   45.0000   30.000011418.9766   29.7648
   -7.5000  -45.0000   37.5000 6642.0850   32.0421
    0.0000  -45.0000   37.5000 6857.6172   32.0982
    7.5000  -45.0000   37.5000 6485.6943   32.2125
   -7.5000  -37.5000   37.5000 7451.4033   31.3451
    0.0000  -37.5000   37.5000 7709.8062   31.3809
    7.5000  -37.5000   37.5000 7274.0708   31.4772
   -7.5000  -30.0000   37.5000 8591.3408   30.9878
    0.0000  -30.0000   37.5000 8905.3721   31.0225
    7.5000  -30.0000   37.5000 8374.2471   31.0994
   -7.5000  -22.5000   37.5000 9780.9570   30.8683
    0.0000  -22.5000   37.500010102.8096   30.9187
    7.5000  -22.5000   37.5000 9497.5947   30.9883
   -7.5000  -15.0000   37.500010923.5107   30.8704
    0.0000  -15.0000   37.500011279.1279   30.9358
    7.5000  -15.0000   37.500010582.4375   31.0132
   -7.5000   -7.5000   37.500011960.5439   30.8397
    0.0000   -7.5000   37.500012337.5752   30.9059
    7.5000   -7.5000   37.500011610.6895   31.0018
   -7.5000    0.0000   37.500012871.8271   30.8075
    0.0000    0.0000   37.500013280.5000   30.8594
    7.5000    0.0000   37.500012540.1104   30.9641
   -7.5000    7.5000   37.500012778.9434   30.8094
    0.0000    7.5000   37.500013188.6943   30.8445
    7.5000    7.5000   37.500012486.1279   30.9370
   -7.5000   15.0000   37.500012541.5752   30.8367
    0.0000   15.0000   37.500012964.0654   30.8712
    7.5000   15.0000   37.500012273.3564   30.9470
   -7.5000   22.5000   37.500012204.1484   30.8513
    0.0000   22.5000   37.500012624.8408   30.9017
    7.5000   22.5000   37.500011964.1211   30.9712
   -7.5000   30.0000   37.500011827.2441   30.4709
    0.0000   30.0000   37.500012225.7275   30.5354
    7.5000   30.0000   37.500011605.2803   30.6119
   -7.5000   37.5000   37.500011831.1533   30.4406
    0.0000   37.5000   37.500012240.2305   30.5059
    7.5000   37.5000   37.500011615.2656   30.6006
   -7.5000   45.0000   37.500011273.8604   29.6948
    0.0000   45.0000   37.500011670.7666   29.7449
    7.5000   45.0000   37.500011077.4717   29.8458
   -7.5000  -45.0000   45.0000 6089.4297   32.1581
    0.0000  -45.0000   45.0000 6298.5913   32.2149
    7.5000  -45.0000   45.0000 5978.2598   32.3244
   -7.5000  -37.5000   45.0000 6843.8931   31.4378
    0.0000  -37.5000   45.0000 7076.8569   31.4754
    7.5000  -37.5000   45.0000 6710.1196   31.5732
   -7.5000  -30.0000   45.0000 7903.2427   31.0750
    0.0000  -30.0000   45.0000 8170.1685   31.1093
    7.5000  -30.0000   45.0000 7707.8550   31.1915
   -7.5000  -22.5000   45.0000 9004.2822   30.9692
    0.0000  -22.5000   45.0000 9293.4248   31.0144
    7.5000  -22.5000   45.0000 8714.7402   31.0863
   -7.5000  -15.0000   45.000010061.4805   30.9893
    0.0000  -15.0000   45.000010385.9893   31.0474
    7.5000  -15.0000   45.0000 9732.8164   31.1223
   -7.5000   -7.5000   45.000010992.4717   30.9599
    0.0000   -7.5000   45.000011349.3076   31.0214
    7.5000   -7.5000   45.000010644.2344   31.1120
   -7.5000    0.0000   45.000011827.0596   30.9157
    0.0000    0.0000   45.000012221.5654   30.9671
    7.5000    0.0000   45.000011482.8086   31.0672
   -7.5000    7.5000   45.000011772.7480   30.9022
    0.0000    7.5000   45.000012150.5137   30.9389
    7.5000    7.5000   45.000011442.7227   31.0327
   -7.5000   15.0000   45.000011565.6191   30.9234
    0.0000   15.0000   45.000011946.4531   30.9575
    7.5000   15.0000   45.000011273.7578   31.0386
   -7.5000   22.5000   45.000011219.0400   30.9520
    0.0000   22.5000   45.000011616.4570   30.9972
    7.5000   22.5000   45.000010980.7793   31.0690
   -7.5000   30.0000   45.000010865.3467   30.5856
    0.0000   30.0000   45.000011254.3379   30.6429
    7.5000   30.0000   45.000010656.6201   30.7169
   -7.5000   37.5000   45.000010902.0244   30.5565
    0.0000   37.5000   45.000011289.3721   30.6173
    7.5000   37.5000   45.000010718.5723   30.7067
   -7.5000   45.0000   45.000010405.3047   29.8127
    0.0000   45.0000   45.000010796.7295   29.8623
    7.5000   45.0000   45.000010254.0205   29.9588

---------------------------------------------------------------------
imgreg_4dfp /opt/freesurfer/average/711-2C_as_mni_average_305 /opt/freesurfer/average/711-2B_as_mni_average_305_mask talsrcimg_g11 none talsrcimg_to_711-2C_as_mni_average_305_t4 4355
---------------------------------------------------------------------

freesurfer imgreg_4dfp.c
/opt/freesurfer/average/711-2C_as_mni_average_305.4dfp.img
       256       256       256         1
  1.000000  1.000000  1.000000
orientation T byte_order littleendian
Reading image: /opt/freesurfer/average/711-2C_as_mni_average_305.4dfp.img
dimensions:      256       256       256
mmppix:       1.0000   -1.0000   -1.0000
center:     128.0000 -129.0000 -129.0000
/opt/freesurfer/average/711-2B_as_mni_average_305_mask.4dfp.img
       256       256       256         1
  1.000000  1.000000  1.000000
orientation T byte_order littleendian
Reading mask: /opt/freesurfer/average/711-2B_as_mni_average_305_mask.4dfp.img (2306576 pixels)
talsrcimg_g11.4dfp.img
       256       256       256         1
  1.000000  1.000000  1.000000
orientation T byte_order littleendian
Reading image: talsrcimg_g11.4dfp.img
dimensions:      256       256       256
mmppix:       1.0000   -1.0000   -1.0000
center:     128.0000 -129.0000 -129.0000
rotation matrix determinant  1.000000
image alignment mode   4355 decimal     1103 hex
   -7.5000  -45.0000  -45.0000 1469.1495   53.4307
    0.0000  -45.0000  -45.0000 1468.0034   53.8260
    7.5000  -45.0000  -45.0000 1453.0331   55.0399
   -7.5000  -37.5000  -45.0000 1608.8441   45.4074
    0.0000  -37.5000  -45.0000 1607.4706   45.5455
    7.5000  -37.5000  -45.0000 1589.9841   46.4998
   -7.5000  -30.0000  -45.0000 1744.2361   39.3492
    0.0000  -30.0000  -45.0000 1743.9897   39.4159
    7.5000  -30.0000  -45.0000 1722.4225   40.2262
   -7.5000  -22.5000  -45.0000 1857.5804   34.7889
    0.0000  -22.5000  -45.0000 1861.2100   34.9205
    7.5000  -22.5000  -45.0000 1836.9851   35.6837
   -7.5000  -15.0000  -45.0000 1957.2328   31.4495
    0.0000  -15.0000  -45.0000 1956.2512   31.5058
    7.5000  -15.0000  -45.0000 1935.8796   32.1532
   -7.5000   -7.5000  -45.0000 2050.2910   29.0586
    0.0000   -7.5000  -45.0000 2047.2484   29.1492
    7.5000   -7.5000  -45.0000 2024.7810   29.6343
   -7.5000    0.0000  -45.0000 2115.2292   27.3116
    0.0000    0.0000  -45.0000 2115.2932   27.3548
    7.5000    0.0000  -45.0000 2089.9978   27.8288
   -7.5000    7.5000  -45.0000 2158.8713   26.0962
    0.0000    7.5000  -45.0000 2158.5488   26.1069
    7.5000    7.5000  -45.0000 2124.0986   26.6122
   -7.5000   15.0000  -45.0000 2171.8474   25.4694
    0.0000   15.0000  -45.0000 2179.3828   25.4991
    7.5000   15.0000  -45.0000 2144.2927   26.0167
   -7.5000   22.5000  -45.0000 2176.6882   25.2687
    0.0000   22.5000  -45.0000 2183.1133   25.3595
    7.5000   22.5000  -45.0000 2150.4290   25.9983
   -7.5000   30.0000  -45.0000 2161.2283   25.7797
    0.0000   30.0000  -45.0000 2167.6189   25.8974
    7.5000   30.0000  -45.0000 2130.5171   26.4996
   -7.5000   37.5000  -45.0000 2120.4822   26.8029
    0.0000   37.5000  -45.0000 2126.9443   26.8638
    7.5000   37.5000  -45.0000 2093.9023   27.5187
   -7.5000   45.0000  -45.0000 2065.1201   28.3167
    0.0000   45.0000  -45.0000 2071.0925   28.3776
    7.5000   45.0000  -45.0000 2035.3427   29.0565
   -7.5000  -45.0000  -37.5000 1531.9341   48.7095
    0.0000  -45.0000  -37.5000 1531.7931   48.9709
    7.5000  -45.0000  -37.5000 1520.5812   50.3156
   -7.5000  -37.5000  -37.5000 1680.5226   41.2313
    0.0000  -37.5000  -37.5000 1676.0494   41.5060
    7.5000  -37.5000  -37.5000 1663.8711   42.5002
   -7.5000  -30.0000  -37.5000 1817.5807   35.8188
    0.0000  -30.0000  -37.5000 1813.2610   35.9258
    7.5000  -30.0000  -37.5000 1797.3090   36.8248
   -7.5000  -22.5000  -37.5000 1941.6238   31.8738
    0.0000  -22.5000  -37.5000 1942.6918   31.8959
    7.5000  -22.5000  -37.5000 1917.6979   32.6494
   -7.5000  -15.0000  -37.5000 2053.3740   28.9826
    0.0000  -15.0000  -37.5000 2052.8267   28.9659
    7.5000  -15.0000  -37.5000 2026.0422   29.5700
   -7.5000   -7.5000  -37.5000 2149.8406   26.7479
    0.0000   -7.5000  -37.5000 2149.7471   26.7718
    7.5000   -7.5000  -37.5000 2125.3596   27.2502
   -7.5000    0.0000  -37.5000 2221.1001   25.0577
    0.0000    0.0000  -37.5000 2222.9011   25.1072
    7.5000    0.0000  -37.5000 2193.0591   25.5163
   -7.5000    7.5000  -37.5000 2260.0149   23.9852
    0.0000    7.5000  -37.5000 2262.6934   24.0611
    7.5000    7.5000  -37.5000 2231.4858   24.4457
   -7.5000   15.0000  -37.5000 2274.6956   23.4403
    0.0000   15.0000  -37.5000 2280.4597   23.4589
    7.5000   15.0000  -37.5000 2251.2422   23.9236
   -7.5000   22.5000  -37.5000 2276.5378   23.2119
    0.0000   22.5000  -37.5000 2288.4500   23.3226
    7.5000   22.5000  -37.5000 2257.1626   23.8485
   -7.5000   30.0000  -37.5000 2262.2842   23.6730
    0.0000   30.0000  -37.5000 2272.9377   23.7222
    7.5000   30.0000  -37.5000 2239.8496   24.3233
   -7.5000   37.5000  -37.5000 2228.4646   24.5579
    0.0000   37.5000  -37.5000 2233.2285   24.5686
    7.5000   37.5000  -37.5000 2199.2722   25.1764
   -7.5000   45.0000  -37.5000 2171.2908   25.9412
    0.0000   45.0000  -37.5000 2175.1130   26.0008
    7.5000   45.0000  -37.5000 2138.3228   26.5891
   -7.5000  -45.0000  -30.0000 1624.1772   46.1954
    0.0000  -45.0000  -30.0000 1622.7047   46.5261
    7.5000  -45.0000  -30.0000 1615.5883   47.9042
   -7.5000  -37.5000  -30.0000 1778.5171   39.2750
    0.0000  -37.5000  -30.0000 1771.2339   39.4404
    7.5000  -37.5000  -30.0000 1759.9232   40.4843
   -7.5000  -30.0000  -30.0000 1920.9761   34.1669
    0.0000  -30.0000  -30.0000 1919.2147   34.2814
    7.5000  -30.0000  -30.0000 1900.6479   35.1217
   -7.5000  -22.5000  -30.0000 2057.0156   30.4287
    0.0000  -22.5000  -30.0000 2056.6699   30.4301
    7.5000  -22.5000  -30.0000 2030.7356   31.1542
   -7.5000  -15.0000  -30.0000 2179.5154   27.5965
    0.0000  -15.0000  -30.0000 2185.7563   27.6090
    7.5000  -15.0000  -30.0000 2152.2632   28.2487
   -7.5000   -7.5000  -30.0000 2282.6575   25.4096
    0.0000   -7.5000  -30.0000 2291.3083   25.4331
    7.5000   -7.5000  -30.0000 2255.4500   25.9651
   -7.5000    0.0000  -30.0000 2360.5667   23.8387
    0.0000    0.0000  -30.0000 2364.4309   23.8633
    7.5000    0.0000  -30.0000 2327.7886   24.2754
   -7.5000    7.5000  -30.0000 2406.4954   22.7977
    0.0000    7.5000  -30.0000 2408.6167   22.8233
    7.5000    7.5000  -30.0000 2379.9424   23.2438
   -7.5000   15.0000  -30.0000 2422.9280   22.3361
    0.0000   15.0000  -30.0000 2435.0476   22.3882
    7.5000   15.0000  -30.0000 2403.3879   22.7997
   -7.5000   22.5000  -30.0000 2428.8440   22.2055
    0.0000   22.5000  -30.0000 2441.8425   22.2889
    7.5000   22.5000  -30.0000 2409.5752   22.7071
   -7.5000   30.0000  -30.0000 2415.4236   22.5651
    0.0000   30.0000  -30.0000 2425.1553   22.6216
    7.5000   30.0000  -30.0000 2389.8679   23.1239
   -7.5000   37.5000  -30.0000 2380.3828   23.3637
    0.0000   37.5000  -30.0000 2388.6008   23.4370
    7.5000   37.5000  -30.0000 2350.7402   23.9580
   -7.5000   45.0000  -30.0000 2312.7739   24.6806
    0.0000   45.0000  -30.0000 2319.4104   24.6864
    7.5000   45.0000  -30.0000 2280.4128   25.2552
   -7.5000  -45.0000  -22.5000 1697.4778   43.8329
    0.0000  -45.0000  -22.5000 1694.0100   44.3171
    7.5000  -45.0000  -22.5000 1684.2817   45.4515
   -7.5000  -37.5000  -22.5000 1855.2540   37.3189
    0.0000  -37.5000  -22.5000 1847.7871   37.4341
    7.5000  -37.5000  -22.5000 1833.9594   38.4066
   -7.5000  -30.0000  -22.5000 2002.5164   32.4935
    0.0000  -30.0000  -22.5000 1995.7966   32.5413
    7.5000  -30.0000  -22.5000 1977.3073   33.3416
   -7.5000  -22.5000  -22.5000 2151.7112   28.9037
    0.0000  -22.5000  -22.5000 2144.2205   28.9186
    7.5000  -22.5000  -22.5000 2120.6360   29.6209
   -7.5000  -15.0000  -22.5000 2285.1365   26.1027
    0.0000  -15.0000  -22.5000 2283.8523   26.1472
    7.5000  -15.0000  -22.5000 2245.4060   26.8162
   -7.5000   -7.5000  -22.5000 2388.4978   23.8780
    0.0000   -7.5000  -22.5000 2394.6697   23.9394
    7.5000   -7.5000  -22.5000 2354.6533   24.5164
   -7.5000    0.0000  -22.5000 2471.5093   22.4084
    0.0000    0.0000  -22.5000 2475.2854   22.4149
    7.5000    0.0000  -22.5000 2434.3816   22.8913
   -7.5000    7.5000  -22.5000 2527.8359   21.5383
    0.0000    7.5000  -22.5000 2531.3645   21.5657
    7.5000    7.5000  -22.5000 2492.8057   21.9406
   -7.5000   15.0000  -22.5000 2566.0698   21.1441
    0.0000   15.0000  -22.5000 2571.5576   21.1908
    7.5000   15.0000  -22.5000 2528.1741   21.5154
   -7.5000   22.5000  -22.5000 2572.9189   21.0830
    0.0000   22.5000  -22.5000 2584.8179   21.1579
    7.5000   22.5000  -22.5000 2545.5562   21.5304
   -7.5000   30.0000  -22.5000 2551.1848   21.4256
    0.0000   30.0000  -22.5000 2559.0681   21.4823
    7.5000   30.0000  -22.5000 2523.3994   21.8969
   -7.5000   37.5000  -22.5000 2513.7451   22.2122
    0.0000   37.5000  -22.5000 2516.6545   22.2054
    7.5000   37.5000  -22.5000 2473.5024   22.6728
   -7.5000   45.0000  -22.5000 2440.7559   23.4652
    0.0000   45.0000  -22.5000 2443.3193   23.4237
    7.5000   45.0000  -22.5000 2399.2485   23.9165
   -7.5000  -45.0000  -15.0000 1739.0470   41.8777
    0.0000  -45.0000  -15.0000 1732.0022   42.1918
    7.5000  -45.0000  -15.0000 1717.4320   43.5692
   -7.5000  -37.5000  -15.0000 1899.1611   35.5306
    0.0000  -37.5000  -15.0000 1895.3212   35.6756
    7.5000  -37.5000  -15.0000 1873.5040   36.7756
   -7.5000  -30.0000  -15.0000 2056.7188   30.9393
    0.0000  -30.0000  -15.0000 2053.7903   31.0824
    7.5000  -30.0000  -15.0000 2027.4070   31.9581
   -7.5000  -22.5000  -15.0000 2218.1165   27.4953
    0.0000  -22.5000  -15.0000 2207.9744   27.5944
    7.5000  -22.5000  -15.0000 2177.2629   28.3588
   -7.5000  -15.0000  -15.0000 2353.7236   24.7575
    0.0000  -15.0000  -15.0000 2346.9495   24.8401
    7.5000  -15.0000  -15.0000 2303.1365   25.5204
   -7.5000   -7.5000  -15.0000 2467.1621   22.6422
    0.0000   -7.5000  -15.0000 2460.5295   22.6632
    7.5000   -7.5000  -15.0000 2420.4790   23.2617
   -7.5000    0.0000  -15.0000 2556.0337   21.1628
    0.0000    0.0000  -15.0000 2553.1201   21.1342
    7.5000    0.0000  -15.0000 2514.8381   21.6873
   -7.5000    7.5000  -15.0000 2623.5840   20.3314
    0.0000    7.5000  -15.0000 2627.2610   20.3440
    7.5000    7.5000  -15.0000 2582.6006   20.7406
   -7.5000   15.0000  -15.0000 2669.3271   19.9265
    0.0000   15.0000  -15.0000 2672.6445   19.9621
    7.5000   15.0000  -15.0000 2628.4036   20.3389
   -7.5000   22.5000  -15.0000 2688.5613   19.9303
    0.0000   22.5000  -15.0000 2694.4348   19.9728
    7.5000   22.5000  -15.0000 2645.2917   20.3297
   -7.5000   30.0000  -15.0000 2667.2700   20.3432
    0.0000   30.0000  -15.0000 2673.2820   20.3618
    7.5000   30.0000  -15.0000 2627.2766   20.7093
   -7.5000   37.5000  -15.0000 2625.8669   21.1335
    0.0000   37.5000  -15.0000 2625.2085   21.1333
    7.5000   37.5000  -15.0000 2578.6060   21.5058
   -7.5000   45.0000  -15.0000 2543.7156   22.2780
    0.0000   45.0000  -15.0000 2542.7913   22.2649
    7.5000   45.0000  -15.0000 2490.0894   22.6697
   -7.5000  -45.0000   -7.5000 1770.7073   40.3659
    0.0000  -45.0000   -7.5000 1763.9573   40.7122
    7.5000  -45.0000   -7.5000 1747.7616   41.9912
   -7.5000  -37.5000   -7.5000 1925.8121   34.1718
    0.0000  -37.5000   -7.5000 1927.5847   34.3770
    7.5000  -37.5000   -7.5000 1907.0059   35.4825
   -7.5000  -30.0000   -7.5000 2098.9438   29.7472
    0.0000  -30.0000   -7.5000 2093.0120   29.8870
    7.5000  -30.0000   -7.5000 2062.9653   30.8150
   -7.5000  -22.5000   -7.5000 2264.1770   26.3510
    0.0000  -22.5000   -7.5000 2255.7715   26.4445
    7.5000  -22.5000   -7.5000 2212.9331   27.2234
   -7.5000  -15.0000   -7.5000 2395.5081   23.5650
    0.0000  -15.0000   -7.5000 2390.3408   23.7259
    7.5000  -15.0000   -7.5000 2343.1743   24.4716
   -7.5000   -7.5000   -7.5000 2519.5698   21.5280
    0.0000   -7.5000   -7.5000 2514.7273   21.6354
    7.5000   -7.5000   -7.5000 2467.4043   22.2740
   -7.5000    0.0000   -7.5000 2622.6599   20.0964
    0.0000    0.0000   -7.5000 2618.9822   20.1653
    7.5000    0.0000   -7.5000 2577.0305   20.7493
   -7.5000    7.5000   -7.5000 2705.8098   19.2107
    0.0000    7.5000   -7.5000 2706.3188   19.2359
    7.5000    7.5000   -7.5000 2660.7429   19.7244
   -7.5000   15.0000   -7.5000 2758.3176   18.7835
    0.0000   15.0000   -7.5000 2756.7312   18.8314
    7.5000   15.0000   -7.5000 2702.2498   19.2307
   -7.5000   22.5000   -7.5000 2780.0920   18.8117
    0.0000   22.5000   -7.5000 2785.8196   18.8817
    7.5000   22.5000   -7.5000 2726.2922   19.2348
   -7.5000   30.0000   -7.5000 2764.4624   19.2626
    0.0000   30.0000   -7.5000 2770.7410   19.2913
    7.5000   30.0000   -7.5000 2711.5095   19.6238
   -7.5000   37.5000   -7.5000 2712.8728   20.0738
    0.0000   37.5000   -7.5000 2714.9792   20.0928
    7.5000   37.5000   -7.5000 2656.5938   20.4390
   -7.5000   45.0000   -7.5000 2625.0347   21.1254
    0.0000   45.0000   -7.5000 2622.5425   21.1492
    7.5000   45.0000   -7.5000 2569.2302   21.5589
   -7.5000  -45.0000    0.0000 1783.1252   39.3626
    0.0000  -45.0000    0.0000 1788.7792   39.6170
    7.5000  -45.0000    0.0000 1773.2341   41.1280
   -7.5000  -37.5000    0.0000 1948.5306   33.3545
    0.0000  -37.5000    0.0000 1948.5890   33.5052
    7.5000  -37.5000    0.0000 1932.5596   34.7666
   -7.5000  -30.0000    0.0000 2120.2432   28.9490
    0.0000  -30.0000    0.0000 2118.3809   29.0862
    7.5000  -30.0000    0.0000 2084.0872   30.0591
   -7.5000  -22.5000    0.0000 2279.6150   25.5040
    0.0000  -22.5000    0.0000 2277.7957   25.6395
    7.5000  -22.5000    0.0000 2233.7305   26.5084
   -7.5000  -15.0000    0.0000 2416.2861   22.7612
    0.0000  -15.0000    0.0000 2417.7524   22.9812
    7.5000  -15.0000    0.0000 2373.7671   23.7427
   -7.5000   -7.5000    0.0000 2543.1858   20.7143
    0.0000   -7.5000    0.0000 2549.3132   20.9058
    7.5000   -7.5000    0.0000 2503.5278   21.6423
   -7.5000    0.0000    0.0000 2663.7847   19.2604
    0.0000    0.0000    0.0000 2668.2646   19.3889
    7.5000    0.0000    0.0000 2617.6636   20.0717
   -7.5000    7.5000    0.0000 2765.1758   18.3199
    0.0000    7.5000    0.0000 2768.3901   18.3953
    7.5000    7.5000    0.0000 2712.1045   18.9797
   -7.5000   15.0000    0.0000 2830.2290   17.8247
    0.0000   15.0000    0.0000 2830.5735   17.8800
    7.5000   15.0000    0.0000 2766.7803   18.4162
   -7.5000   22.5000    0.0000 2860.4487   17.8959
    0.0000   22.5000    0.0000 2865.6260   17.9378
    7.5000   22.5000    0.0000 2793.6453   18.3642
   -7.5000   30.0000    0.0000 2840.9148   18.3560
    0.0000   30.0000    0.0000 2847.3711   18.3998
    7.5000   30.0000    0.0000 2778.5562   18.7914
   -7.5000   37.5000    0.0000 2777.4565   19.1391
    0.0000   37.5000    0.0000 2782.5520   19.1653
    7.5000   37.5000    0.0000 2725.8364   19.5619
   -7.5000   45.0000    0.0000 2674.9973   20.2501
    0.0000   45.0000    0.0000 2682.6101   20.2824
    7.5000   45.0000    0.0000 2624.2419   20.7487
   -7.5000  -45.0000    7.5000 1788.7679   39.0118
    0.0000  -45.0000    7.5000 1799.5699   39.3279
    7.5000  -45.0000    7.5000 1787.7976   40.8560
   -7.5000  -37.5000    7.5000 1966.0452   32.9833
    0.0000  -37.5000    7.5000 1966.3529   33.2102
    7.5000  -37.5000    7.5000 1944.6536   34.5911
   -7.5000  -30.0000    7.5000 2129.4861   28.4867
    0.0000  -30.0000    7.5000 2126.0728   28.6710
    7.5000  -30.0000    7.5000 2098.8579   29.8017
   -7.5000  -22.5000    7.5000 2278.8713   24.9921
    0.0000  -22.5000    7.5000 2279.9028   25.1887
    7.5000  -22.5000    7.5000 2245.0789   26.2322
   -7.5000  -15.0000    7.5000 2418.3408   22.3128
    0.0000  -15.0000    7.5000 2424.8750   22.5150
    7.5000  -15.0000    7.5000 2391.7034   23.4675
   -7.5000   -7.5000    7.5000 2553.7329   20.2179
    0.0000   -7.5000    7.5000 2562.0898   20.4527
    7.5000   -7.5000    7.5000 2524.9377   21.3283
   -7.5000    0.0000    7.5000 2684.3022   18.7492
    0.0000    0.0000    7.5000 2690.0396   18.9352
    7.5000    0.0000    7.5000 2645.7490   19.7214
   -7.5000    7.5000    7.5000 2804.5781   17.7347
    0.0000    7.5000    7.5000 2806.6860   17.8569
    7.5000    7.5000    7.5000 2744.5718   18.5887
   -7.5000   15.0000    7.5000 2889.0964   17.0569
    0.0000   15.0000    7.5000 2884.7178   17.1703
    7.5000   15.0000    7.5000 2812.5789   17.8975
   -7.5000   22.5000    7.5000 2935.0652   17.1226
    0.0000   22.5000    7.5000 2929.2910   17.1663
    7.5000   22.5000    7.5000 2855.1743   17.8013
   -7.5000   30.0000    7.5000 2907.0579   17.6845
    0.0000   30.0000    7.5000 2908.3857   17.7253
    7.5000   30.0000    7.5000 2832.9766   18.2854
   -7.5000   37.5000    7.5000 2817.6516   18.5431
    0.0000   37.5000    7.5000 2824.9011   18.5819
    7.5000   37.5000    7.5000 2764.6074   19.1294
   -7.5000   45.0000    7.5000 2706.8140   19.6684
    0.0000   45.0000    7.5000 2715.0493   19.7369
    7.5000   45.0000    7.5000 2663.9578   20.2425
   -7.5000  -45.0000   15.0000 1791.3752   39.1987
    0.0000  -45.0000   15.0000 1794.6619   39.4601
    7.5000  -45.0000   15.0000 1787.6870   41.2283
   -7.5000  -37.5000   15.0000 1970.9440   33.1378
    0.0000  -37.5000   15.0000 1967.6620   33.3832
    7.5000  -37.5000   15.0000 1947.4105   34.8295
   -7.5000  -30.0000   15.0000 2123.9014   28.4617
    0.0000  -30.0000   15.0000 2119.5164   28.6642
    7.5000  -30.0000   15.0000 2090.8777   29.8760
   -7.5000  -22.5000   15.0000 2267.4116   24.9354
    0.0000  -22.5000   15.0000 2265.3748   25.1199
    7.5000  -22.5000   15.0000 2240.9771   26.2783
   -7.5000  -15.0000   15.0000 2411.6689   22.1971
    0.0000  -15.0000   15.0000 2415.6296   22.3829
    7.5000  -15.0000   15.0000 2384.5505   23.4502
   -7.5000   -7.5000   15.0000 2553.5891   20.1111
    0.0000   -7.5000   15.0000 2554.2766   20.2893
    7.5000   -7.5000   15.0000 2519.1787   21.2996
   -7.5000    0.0000   15.0000 2685.9077   18.6015
    0.0000    0.0000   15.0000 2685.8975   18.7428
    7.5000    0.0000   15.0000 2646.7048   19.6937
   -7.5000    7.5000   15.0000 2808.5508   17.5331
    0.0000    7.5000   15.0000 2807.6316   17.6510
    7.5000    7.5000   15.0000 2751.1621   18.5202
   -7.5000   15.0000   15.0000 2905.9126   16.7249
    0.0000   15.0000   15.0000 2902.6863   16.8690
    7.5000   15.0000   15.0000 2831.0686   17.7852
   -7.5000   22.5000   15.0000 2965.1130   16.6169
    0.0000   22.5000   15.0000 2959.0935   16.6846
    7.5000   22.5000   15.0000 2873.2397   17.6800
   -7.5000   30.0000   15.0000 2933.5532   17.2828
    0.0000   30.0000   15.0000 2932.6011   17.3027
    7.5000   30.0000   15.0000 2851.3313   18.0591
   -7.5000   37.5000   15.0000 2834.6836   18.2799
    0.0000   37.5000   15.0000 2838.5330   18.2961
    7.5000   37.5000   15.0000 2778.4358   18.8871
   -7.5000   45.0000   15.0000 2721.3801   19.4792
    0.0000   45.0000   15.0000 2725.8481   19.4900
    7.5000   45.0000   15.0000 2675.5266   20.0378
   -7.5000  -45.0000   22.5000 1779.4471   39.8347
    0.0000  -45.0000   22.5000 1781.7448   40.1489
    7.5000  -45.0000   22.5000 1772.7131   41.9634
   -7.5000  -37.5000   22.5000 1963.2001   33.8029
    0.0000  -37.5000   22.5000 1959.5645   33.9433
    7.5000  -37.5000   22.5000 1932.7117   35.3667
   -7.5000  -30.0000   22.5000 2114.7146   28.9727
    0.0000  -30.0000   22.5000 2108.2622   29.0732
    7.5000  -30.0000   22.5000 2074.7927   30.3792
   -7.5000  -22.5000   22.5000 2259.6438   25.3027
    0.0000  -22.5000   22.5000 2253.6841   25.4028
    7.5000  -22.5000   22.5000 2223.2695   26.6640
   -7.5000  -15.0000   22.5000 2401.3174   22.4835
    0.0000  -15.0000   22.5000 2397.9519   22.6458
    7.5000  -15.0000   22.5000 2362.2368   23.7933
   -7.5000   -7.5000   22.5000 2541.1558   20.4208
    0.0000   -7.5000   22.5000 2540.8896   20.5602
    7.5000   -7.5000   22.5000 2502.5347   21.6380
   -7.5000    0.0000   22.5000 2667.2122   18.8795
    0.0000    0.0000   22.5000 2669.4583   19.0216
    7.5000    0.0000   22.5000 2628.7593   20.0191
   -7.5000    7.5000   22.5000 2780.9705   17.7533
    0.0000    7.5000   22.5000 2787.0901   17.8945
    7.5000    7.5000   22.5000 2733.5205   18.8365
   -7.5000   15.0000   22.5000 2870.0730   17.0455
    0.0000   15.0000   22.5000 2877.9902   17.1619
    7.5000   15.0000   22.5000 2812.7209   18.1159
   -7.5000   22.5000   22.5000 2928.6206   16.9350
    0.0000   22.5000   22.5000 2928.4431   17.0295
    7.5000   22.5000   22.5000 2854.1633   17.9304
   -7.5000   30.0000   22.5000 2915.6221   17.3676
    0.0000   30.0000   22.5000 2908.2073   17.4421
    7.5000   30.0000   22.5000 2837.9763   18.1523
   -7.5000   37.5000   22.5000 2821.2017   18.3761
    0.0000   37.5000   22.5000 2820.4087   18.3980
    7.5000   37.5000   22.5000 2767.4287   18.9976
   -7.5000   45.0000   22.5000 2706.8694   19.5984
    0.0000   45.0000   22.5000 2715.4604   19.5913
    7.5000   45.0000   22.5000 2663.2495   20.1336
   -7.5000  -45.0000   30.0000 1749.6575   41.0813
    0.0000  -45.0000   30.0000 1746.6199   41.2714
    7.5000  -45.0000   30.0000 1737.8607   43.1364
   -7.5000  -37.5000   30.0000 1933.3789   34.7623
    0.0000  -37.5000   30.0000 1925.0881   34.8254
    7.5000  -37.5000   30.0000 1899.0725   36.3132
   -7.5000  -30.0000   30.0000 2094.8281   29.7660
    0.0000  -30.0000   30.0000 2089.7852   29.8341
    7.5000  -30.0000   30.0000 2053.9641   31.1588
   -7.5000  -22.5000   30.0000 2242.3552   26.0435
    0.0000  -22.5000   30.0000 2236.7292   26.1286
    7.5000  -22.5000   30.0000 2195.3176   27.3650
   -7.5000  -15.0000   30.0000 2382.8335   23.2300
    0.0000  -15.0000   30.0000 2377.2576   23.3275
    7.5000  -15.0000   30.0000 2329.7378   24.4854
   -7.5000   -7.5000   30.0000 2513.8977   21.1795
    0.0000   -7.5000   30.0000 2508.0598   21.2626
    7.5000   -7.5000   30.0000 2467.5947   22.3036
   -7.5000    0.0000   30.0000 2632.7175   19.6467
    0.0000    0.0000   30.0000 2634.1414   19.7155
    7.5000    0.0000   30.0000 2588.4050   20.6407
   -7.5000    7.5000   30.0000 2735.3074   18.4690
    0.0000    7.5000   30.0000 2742.0244   18.4991
    7.5000    7.5000   30.0000 2694.9121   19.4729
   -7.5000   15.0000   30.0000 2812.7527   17.8074
    0.0000   15.0000   30.0000 2823.9714   17.8743
    7.5000   15.0000   30.0000 2764.0562   18.8034
   -7.5000   22.5000   30.0000 2851.6467   17.6627
    0.0000   22.5000   30.0000 2861.1375   17.7517
    7.5000   22.5000   30.0000 2802.1226   18.5460
   -7.5000   30.0000   30.0000 2840.3933   17.9373
    0.0000   30.0000   30.0000 2845.2327   18.0397
    7.5000   30.0000   30.0000 2788.4082   18.7316
   -7.5000   37.5000   30.0000 2766.9717   18.8156
    0.0000   37.5000   30.0000 2767.2024   18.8621
    7.5000   37.5000   30.0000 2722.1606   19.4907
   -7.5000   45.0000   30.0000 2660.8257   20.0058
    0.0000   45.0000   30.0000 2666.5415   20.0015
    7.5000   45.0000   30.0000 2621.8318   20.6145
   -7.5000  -45.0000   37.5000 1713.5344   42.7352
    0.0000  -45.0000   37.5000 1710.2379   42.9758
    7.5000  -45.0000   37.5000 1696.8812   44.4732
   -7.5000  -37.5000   37.5000 1886.6263   36.0024
    0.0000  -37.5000   37.5000 1882.6324   35.9892
    7.5000  -37.5000   37.5000 1865.8826   37.4398
   -7.5000  -30.0000   37.5000 2052.7295   31.0001
    0.0000  -30.0000   37.5000 2052.4714   30.9952
    7.5000  -30.0000   37.5000 2020.2894   32.1924
   -7.5000  -22.5000   37.5000 2215.2881   27.2349
    0.0000  -22.5000   37.5000 2208.1641   27.2842
    7.5000  -22.5000   37.5000 2167.7466   28.3496
   -7.5000  -15.0000   37.5000 2358.4797   24.4301
    0.0000  -15.0000   37.5000 2352.2937   24.4591
    7.5000  -15.0000   37.5000 2302.2861   25.4321
   -7.5000   -7.5000   37.5000 2477.7605   22.3268
    0.0000   -7.5000   37.5000 2468.0813   22.3291
    7.5000   -7.5000   37.5000 2424.1812   23.1949
   -7.5000    0.0000   37.5000 2591.8035   20.6447
    0.0000    0.0000   37.5000 2586.0508   20.6022
    7.5000    0.0000   37.5000 2542.5608   21.5067
   -7.5000    7.5000   37.5000 2688.6790   19.4551
    0.0000    7.5000   37.5000 2688.4729   19.4199
    7.5000    7.5000   37.5000 2633.7627   20.3099
   -7.5000   15.0000   37.5000 2752.4941   18.8162
    0.0000   15.0000   37.5000 2753.8667   18.8228
    7.5000   15.0000   37.5000 2700.5601   19.6434
   -7.5000   22.5000   37.5000 2773.0825   18.6136
    0.0000   22.5000   37.5000 2779.2820   18.6540
    7.5000   22.5000   37.5000 2726.3777   19.3982
   -7.5000   30.0000   37.5000 2759.0688   18.7965
    0.0000   30.0000   37.5000 2762.3762   18.8859
    7.5000   30.0000   37.5000 2713.7295   19.5863
   -7.5000   37.5000   37.5000 2689.3997   19.5552
    0.0000   37.5000   37.5000 2693.0938   19.6490
    7.5000   37.5000   37.5000 2647.6125   20.2786
   -7.5000   45.0000   37.5000 2592.0188   20.7275
    0.0000   45.0000   37.5000 2599.0461   20.8035
    7.5000   45.0000   37.5000 2562.1729   21.3931
   -7.5000  -45.0000   45.0000 1673.1885   44.8711
    0.0000  -45.0000   45.0000 1667.7322   44.8589
    7.5000  -45.0000   45.0000 1661.7410   46.4216
   -7.5000  -37.5000   45.0000 1841.2158   37.9050
    0.0000  -37.5000   45.0000 1837.5303   37.8348
    7.5000  -37.5000   45.0000 1828.5664   39.0592
   -7.5000  -30.0000   45.0000 2003.8293   32.6420
    0.0000  -30.0000   45.0000 2001.5892   32.6057
    7.5000  -30.0000   45.0000 1981.4294   33.5851
   -7.5000  -22.5000   45.0000 2166.5552   28.8532
    0.0000  -22.5000   45.0000 2160.2390   28.8079
    7.5000  -22.5000   45.0000 2122.6860   29.6463
   -7.5000  -15.0000   45.0000 2310.0476   25.9368
    0.0000  -15.0000   45.0000 2304.4456   25.9611
    7.5000  -15.0000   45.0000 2257.7092   26.7099
   -7.5000   -7.5000   45.0000 2427.6409   23.6320
    0.0000   -7.5000   45.0000 2419.3542   23.6124
    7.5000   -7.5000   45.0000 2369.5781   24.4003
   -7.5000    0.0000   45.0000 2530.4912   21.8665
    0.0000    0.0000   45.0000 2527.8157   21.8329
    7.5000    0.0000   45.0000 2475.5283   22.6350
   -7.5000    7.5000   45.0000 2621.9126   20.7144
    0.0000    7.5000   45.0000 2618.8535   20.6811
    7.5000    7.5000   45.0000 2561.3699   21.4212
   -7.5000   15.0000   45.0000 2676.4148   20.0724
    0.0000   15.0000   45.0000 2674.6458   20.0584
    7.5000   15.0000   45.0000 2625.6589   20.7654
   -7.5000   22.5000   45.0000 2683.1157   19.7965
    0.0000   22.5000   45.0000 2691.1389   19.8423
    7.5000   22.5000   45.0000 2643.3684   20.4925
   -7.5000   30.0000   45.0000 2664.4470   19.9579
    0.0000   30.0000   45.0000 2670.8423   20.0538
    7.5000   30.0000   45.0000 2626.5366   20.6755
   -7.5000   37.5000   45.0000 2597.1445   20.6212
    0.0000   37.5000   45.0000 2599.3623   20.7072
    7.5000   37.5000   45.0000 2563.0017   21.3539
   -7.5000   45.0000   45.0000 2503.5181   21.7010
    0.0000   45.0000   45.0000 2512.0957   21.7904
    7.5000   45.0000   45.0000 2478.9956   22.4115

---------------------------------------------------------------------
imgreg_4dfp /opt/freesurfer/average/711-2C_as_mni_average_305 /opt/freesurfer/average/711-2B_as_mni_average_305_mask talsrcimg_g11 none talsrcimg_to_711-2C_as_mni_average_305_t4 1283
---------------------------------------------------------------------

freesurfer imgreg_4dfp.c
/opt/freesurfer/average/711-2C_as_mni_average_305.4dfp.img
       256       256       256         1
  1.000000  1.000000  1.000000
orientation T byte_order littleendian
Reading image: /opt/freesurfer/average/711-2C_as_mni_average_305.4dfp.img
dimensions:      256       256       256
mmppix:       1.0000   -1.0000   -1.0000
center:     128.0000 -129.0000 -129.0000
/opt/freesurfer/average/711-2B_as_mni_average_305_mask.4dfp.img
       256       256       256         1
  1.000000  1.000000  1.000000
orientation T byte_order littleendian
Reading mask: /opt/freesurfer/average/711-2B_as_mni_average_305_mask.4dfp.img (2306576 pixels)
talsrcimg_g11.4dfp.img
       256       256       256         1
  1.000000  1.000000  1.000000
orientation T byte_order littleendian
Reading image: talsrcimg_g11.4dfp.img
dimensions:      256       256       256
mmppix:       1.0000   -1.0000   -1.0000
center:     128.0000 -129.0000 -129.0000
rotation matrix determinant  1.000000
fimgreg.f
image alignment mode   1283 decimal      503 hex
parameters
   -7.5000   22.5000   15.0000    0.0000    0.0000    0.0000
eta,q 0.93066 16.61002
niter,ni,del,rscale     5    3   12.0000    1.2000
parameter  1 -0.530217 -> -0.500000 qaram    1.1500
parameter  4  0.518685 ->  0.500000 qaram    1.1500
parameters
   -4.0500   25.0190   13.5033   -3.4500    1.2547   -2.8987
eta,q 0.93714 16.70985
  0.0949  0.0862  0.0695  0.0661  0.0709  0.0633
  0.0841  0.0791  0.0673  0.0645  0.0668  0.0628
  0.0750  0.0739  0.0661  0.0640  0.0648  0.0629
  0.0723  0.0699  0.0672  0.0657  0.0642  0.0634
  0.0703  0.0671  0.0691  0.0690  0.0632  0.0643
  0.0693  0.0680  0.0699  0.0723  0.0640  0.0656
  0.0704  0.0716  0.0735  0.0759  0.0667  0.0682
niter,ni,del,rscale     6    3   12.0000    1.2000
parameters
   -3.8939   25.5629   13.8911   -3.7399    1.3390   -2.1511
eta,q 0.93801 16.72343
  0.0747  0.0768  0.0706  0.0689  0.0664  0.0661
  0.0673  0.0716  0.0657  0.0675  0.0638  0.0636
  0.0654  0.0670  0.0626  0.0641  0.0631  0.0623
  0.0629  0.0627  0.0619  0.0620  0.0620  0.0620
  0.0634  0.0620  0.0625  0.0631  0.0618  0.0621
  0.0671  0.0673  0.0645  0.0668  0.0635  0.0630
  0.0740  0.0742  0.0683  0.0718  0.0666  0.0641
niter,ni,del,rscale     5    3   12.0000    1.2000
parameters
   -3.8774   25.7457   13.9345   -3.9919    1.2828   -2.0747
eta,q 0.93814 16.72500
  0.0732  0.0756  0.0693  0.0687  0.0663  0.0652
  0.0666  0.0700  0.0648  0.0675  0.0636  0.0630
  0.0646  0.0660  0.0624  0.0644  0.0629  0.0621
  0.0620  0.0620  0.0618  0.0618  0.0618  0.0618
  0.0621  0.0628  0.0626  0.0628  0.0617  0.0623
  0.0659  0.0690  0.0650  0.0665  0.0636  0.0633
  0.0743  0.0750  0.0688  0.0716  0.0670  0.0647
niter,ni,del,rscale     4    3   12.0000    1.2000
parameters
   -3.8867   25.8219   13.9360   -4.0564    1.2973   -2.0500
eta,q 0.93820 16.72748
  0.0731  0.0753  0.0691  0.0689  0.0664  0.0652
  0.0664  0.0696  0.0648  0.0678  0.0637  0.0630
  0.0643  0.0658  0.0625  0.0649  0.0629  0.0620
  0.0619  0.0619  0.0618  0.0618  0.0618  0.0618
  0.0619  0.0632  0.0627  0.0626  0.0616  0.0623
  0.0658  0.0696  0.0651  0.0661  0.0635  0.0634
  0.0744  0.0752  0.0689  0.0712  0.0669  0.0647
niter,ni,del,rscale     3    3   12.0000    1.2000
parameters
   -3.8974   25.8441   13.9359   -4.0776    1.3029   -2.0490
eta,q 0.93820 16.72759
  0.0731  0.0751  0.0691  0.0689  0.0664  0.0652
  0.0664  0.0694  0.0649  0.0679  0.0637  0.0630
  0.0642  0.0657  0.0625  0.0650  0.0628  0.0620
  0.0618  0.0618  0.0618  0.0618  0.0618  0.0618
  0.0619  0.0634  0.0627  0.0625  0.0616  0.0624
  0.0658  0.0698  0.0652  0.0660  0.0635  0.0634
  0.0744  0.0753  0.0689  0.0711  0.0669  0.0648
registration optimization eta report
parameter search radius
    6.9000    6.0000    6.0000    6.9000    6.0000    6.0000
100000*second partial in parameter space
       25.       35.       20.       16.       14.        9.
  0.0731  0.0751  0.0691  0.0689  0.0664  0.0652
  0.0664  0.0694  0.0649  0.0679  0.0637  0.0630
  0.0642  0.0657  0.0625  0.0650  0.0628  0.0620
  0.0618  0.0618  0.0618  0.0618  0.0618  0.0618
  0.0619  0.0634  0.0627  0.0625  0.0616  0.0624
  0.0658  0.0698  0.0652  0.0660  0.0635  0.0634
  0.0744  0.0753  0.0689  0.0711  0.0669  0.0648
   -3.8974   25.8441   13.9359   -4.0776    1.3029   -2.0490
eta,q 0.93820 16.72759

---------------------------------------------------------------------
imgreg_4dfp /opt/freesurfer/average/711-2C_as_mni_average_305 /opt/freesurfer/average/711-2B_as_mni_average_305_mask talsrcimg_g11 none talsrcimg_to_711-2C_as_mni_average_305_t4 3335
---------------------------------------------------------------------

freesurfer imgreg_4dfp.c
/opt/freesurfer/average/711-2C_as_mni_average_305.4dfp.img
       256       256       256         1
  1.000000  1.000000  1.000000
orientation T byte_order littleendian
Reading image: /opt/freesurfer/average/711-2C_as_mni_average_305.4dfp.img
dimensions:      256       256       256
mmppix:       1.0000   -1.0000   -1.0000
center:     128.0000 -129.0000 -129.0000
/opt/freesurfer/average/711-2B_as_mni_average_305_mask.4dfp.img
       256       256       256         1
  1.000000  1.000000  1.000000
orientation T byte_order littleendian
Reading mask: /opt/freesurfer/average/711-2B_as_mni_average_305_mask.4dfp.img (2306576 pixels)
talsrcimg_g11.4dfp.img
       256       256       256         1
  1.000000  1.000000  1.000000
orientation T byte_order littleendian
Reading image: talsrcimg_g11.4dfp.img
dimensions:      256       256       256
mmppix:       1.0000   -1.0000   -1.0000
center:     128.0000 -129.0000 -129.0000
fimgreg.f
image alignment mode   3335 decimal      D07 hex
parameters
   -3.8974   25.8441   13.9359   -0.0898   -0.3227   -0.2789
    3.7280   -2.0123   -3.5746    7.1873    2.2738   -7.1089
eta,q 0.94012 16.71694
niter,ni,del,rscale     5    3    5.0000    1.2000
parameter  4 13.999039 ->  0.500000 qaram    1.1500
parameter  5  1.839162 ->  0.500000 qaram    1.1500
parameter  6  1.363116 ->  0.500000 qaram    1.1500
parameters
   -4.2079   25.3495   14.6631   -4.2298   -4.4627   -4.4189
    3.6828   -1.6830   -2.6945    4.6043    2.6714  -10.6987
eta,q 0.95825 15.70686
  0.0615  0.0615  0.0623  0.0469  0.0438  0.0411  0.0453  0.0474  0.0449  0.0434  0.0441  0.0423
  0.0606  0.0603  0.0612  0.0505  0.0460  0.0421  0.0438  0.0449  0.0437  0.0425  0.0431  0.0418
  0.0600  0.0598  0.0603  0.0551  0.0485  0.0440  0.0428  0.0432  0.0429  0.0422  0.0425  0.0418
  0.0599  0.0599  0.0597  0.0595  0.0517  0.0467  0.0426  0.0426  0.0426  0.0425  0.0422  0.0422
  0.0603  0.0606  0.0595  0.0641  0.0558  0.0504  0.0430  0.0429  0.0426  0.0436  0.0423  0.0428
  0.0613  0.0619  0.0598  0.0688  0.0605  0.0546  0.0439  0.0445  0.0431  0.0454  0.0428  0.0437
  0.0628  0.0635  0.0604  0.0731  0.0657  0.0592  0.0452  0.0466  0.0439  0.0478  0.0437  0.0447
niter,ni,del,rscale     7    3    5.0000    1.2000
parameter  4  1.488935 ->  0.500000 qaram    1.3225
parameter  5  1.152809 ->  0.500000 qaram    1.3225
parameter  6  0.521152 ->  0.500000 qaram    1.3225
parameters
   -4.4563   25.3874   14.7858   -8.9908   -9.2237   -9.1799
    4.7811   -1.7930   -3.4069    3.9770    2.4093  -12.2288
eta,q 0.96972 15.15702
  0.0446  0.0444  0.0441  0.0337  0.0304  0.0311  0.0349  0.0351  0.0325  0.0332  0.0317  0.0313
  0.0430  0.0429  0.0429  0.0347  0.0313  0.0305  0.0328  0.0325  0.0312  0.0316  0.0309  0.0307
  0.0420  0.0421  0.0421  0.0374  0.0329  0.0307  0.0313  0.0309  0.0305  0.0306  0.0305  0.0303
  0.0417  0.0417  0.0417  0.0417  0.0353  0.0316  0.0305  0.0304  0.0304  0.0304  0.0303  0.0303
  0.0424  0.0419  0.0419  0.0470  0.0383  0.0335  0.0305  0.0311  0.0309  0.0311  0.0306  0.0308
  0.0440  0.0428  0.0425  0.0526  0.0423  0.0369  0.0314  0.0328  0.0319  0.0324  0.0311  0.0316
  0.0462  0.0443  0.0437  0.0583  0.0474  0.0419  0.0329  0.0353  0.0334  0.0342  0.0319  0.0327
niter,ni,del,rscale     7    3    5.0000    1.2000
parameter  4  0.508297 ->  0.500000 qaram    1.5209
parameters
   -4.4685   25.1598   14.6602  -14.4660  -13.7167   -8.5722
    5.6551   -1.6510   -2.9658    3.8169    2.5138  -14.2033
eta,q 0.97157 14.74949
  0.0345  0.0329  0.0320  0.0302  0.0297  0.0324  0.0320  0.0325  0.0305  0.0315  0.0294  0.0293
  0.0322  0.0313  0.0310  0.0294  0.0288  0.0305  0.0304  0.0302  0.0295  0.0298  0.0290  0.0287
  0.0307  0.0304  0.0304  0.0292  0.0287  0.0292  0.0292  0.0290  0.0288  0.0288  0.0287  0.0284
  0.0303  0.0303  0.0302  0.0302  0.0293  0.0286  0.0286  0.0286  0.0286  0.0286  0.0286  0.0286
  0.0308  0.0310  0.0305  0.0333  0.0314  0.0288  0.0287  0.0289  0.0287  0.0290  0.0287  0.0290
  0.0323  0.0322  0.0312  0.0381  0.0343  0.0297  0.0294  0.0301  0.0292  0.0300  0.0289  0.0299
  0.0345  0.0339  0.0324  0.0437  0.0381  0.0317  0.0308  0.0321  0.0300  0.0317  0.0294  0.0309
niter,ni,del,rscale     7    3    5.0000    1.2000
parameters
   -4.4575   24.8809   14.5620  -14.8456  -14.1848   -8.6031
    5.6524   -1.6452   -2.8844    3.9394    2.7985  -14.4628
eta,q 0.97162 14.71582
  0.0319  0.0303  0.0299  0.0333  0.0323  0.0319  0.0312  0.0322  0.0302  0.0317  0.0294  0.0299
  0.0300  0.0289  0.0290  0.0307  0.0301  0.0300  0.0297  0.0300  0.0292  0.0299  0.0288  0.0291
  0.0288  0.0284  0.0285  0.0291  0.0287  0.0288  0.0287  0.0288  0.0286  0.0287  0.0285  0.0285
  0.0284  0.0284  0.0283  0.0283  0.0284  0.0284  0.0284  0.0284  0.0284  0.0284  0.0284  0.0284
  0.0288  0.0289  0.0286  0.0283  0.0288  0.0288  0.0287  0.0288  0.0286  0.0288  0.0285  0.0286
  0.0300  0.0298  0.0292  0.0304  0.0306  0.0298  0.0297  0.0300  0.0292  0.0298  0.0287  0.0292
  0.0318  0.0312  0.0302  0.0351  0.0333  0.0321  0.0312  0.0321  0.0301  0.0314  0.0292  0.0301
niter,ni,del,rscale     6    3    5.0000    1.2000
parameters
   -4.4600   24.9267   14.5331  -14.7980  -14.2277   -8.6063
    5.6498   -1.6461   -2.9138    4.0496    2.8412  -14.5478
eta,q 0.97162 14.71789
  0.0318  0.0309  0.0301  0.0336  0.0326  0.0319  0.0312  0.0322  0.0301  0.0316  0.0293  0.0299
  0.0299  0.0294  0.0291  0.0309  0.0304  0.0300  0.0297  0.0300  0.0291  0.0299  0.0288  0.0291
  0.0288  0.0286  0.0286  0.0292  0.0288  0.0288  0.0287  0.0288  0.0285  0.0287  0.0285  0.0286
  0.0284  0.0284  0.0284  0.0284  0.0284  0.0284  0.0284  0.0284  0.0284  0.0284  0.0284  0.0284
  0.0288  0.0287  0.0286  0.0282  0.0287  0.0288  0.0287  0.0288  0.0286  0.0288  0.0285  0.0286
  0.0299  0.0294  0.0292  0.0300  0.0302  0.0298  0.0297  0.0300  0.0292  0.0297  0.0288  0.0291
  0.0318  0.0306  0.0301  0.0344  0.0328  0.0321  0.0312  0.0321  0.0301  0.0314  0.0293  0.0300
niter,ni,del,rscale     5    3    5.0000    1.2000
parameters
   -4.4583   24.9431   14.5177  -14.7946  -14.2348   -8.6079
    5.6492   -1.6476   -2.9135    4.0871    2.8585  -14.5851
eta,q 0.97161 14.71797
  0.0318  0.0308  0.0301  0.0335  0.0326  0.0319  0.0312  0.0322  0.0301  0.0315  0.0293  0.0299
  0.0300  0.0293  0.0291  0.0309  0.0304  0.0300  0.0297  0.0300  0.0291  0.0298  0.0288  0.0291
  0.0288  0.0285  0.0286  0.0292  0.0288  0.0288  0.0287  0.0288  0.0285  0.0287  0.0285  0.0286
  0.0284  0.0284  0.0284  0.0284  0.0284  0.0284  0.0284  0.0284  0.0284  0.0284  0.0284  0.0284
  0.0288  0.0287  0.0286  0.0282  0.0287  0.0288  0.0287  0.0288  0.0286  0.0288  0.0285  0.0286
  0.0299  0.0294  0.0292  0.0300  0.0302  0.0298  0.0297  0.0300  0.0292  0.0298  0.0288  0.0291
  0.0318  0.0306  0.0301  0.0344  0.0328  0.0321  0.0312  0.0321  0.0301  0.0314  0.0293  0.0300
registration optimization eta report
parameter search radius
    2.4000    2.4000    2.4000   10.9503    9.5220    9.5220
    7.2000    7.2000    7.2000    7.2000    7.2000    7.2000
100000*second partial in parameter space
       59.       41.       30.        5.        5.        4.
        5.        7.        3.        6.        2.        3.
  0.0318  0.0308  0.0301  0.0335  0.0326  0.0319  0.0312  0.0322  0.0301  0.0315  0.0293  0.0299
  0.0300  0.0293  0.0291  0.0309  0.0304  0.0300  0.0297  0.0300  0.0291  0.0298  0.0288  0.0291
  0.0288  0.0285  0.0286  0.0292  0.0288  0.0288  0.0287  0.0288  0.0285  0.0287  0.0285  0.0286
  0.0284  0.0284  0.0284  0.0284  0.0284  0.0284  0.0284  0.0284  0.0284  0.0284  0.0284  0.0284
  0.0288  0.0287  0.0286  0.0282  0.0287  0.0288  0.0287  0.0288  0.0286  0.0288  0.0285  0.0286
  0.0299  0.0294  0.0292  0.0300  0.0302  0.0298  0.0297  0.0300  0.0292  0.0298  0.0288  0.0291
  0.0318  0.0306  0.0301  0.0344  0.0328  0.0321  0.0312  0.0321  0.0301  0.0314  0.0293  0.0300
   -4.4583   24.9431   14.5177  -14.7946  -14.2348   -8.6079
    5.6492   -1.6476   -2.9135    4.0871    2.8585  -14.5851
eta,q 0.97161 14.71797

---------------------------------------------------------------------
imgreg_4dfp /opt/freesurfer/average/711-2C_as_mni_average_305 /opt/freesurfer/average/711-2B_as_mni_average_305_mask talsrcimg_g11 none talsrcimg_to_711-2C_as_mni_average_305_t4 2311
---------------------------------------------------------------------

freesurfer imgreg_4dfp.c
/opt/freesurfer/average/711-2C_as_mni_average_305.4dfp.img
       256       256       256         1
  1.000000  1.000000  1.000000
orientation T byte_order littleendian
Reading image: /opt/freesurfer/average/711-2C_as_mni_average_305.4dfp.img
dimensions:      256       256       256
mmppix:       1.0000   -1.0000   -1.0000
center:     128.0000 -129.0000 -129.0000
/opt/freesurfer/average/711-2B_as_mni_average_305_mask.4dfp.img
       256       256       256         1
  1.000000  1.000000  1.000000
orientation T byte_order littleendian
Reading mask: /opt/freesurfer/average/711-2B_as_mni_average_305_mask.4dfp.img (2306576 pixels)
talsrcimg_g11.4dfp.img
       256       256       256         1
  1.000000  1.000000  1.000000
orientation T byte_order littleendian
Reading image: talsrcimg_g11.4dfp.img
dimensions:      256       256       256
mmppix:       1.0000   -1.0000   -1.0000
center:     128.0000 -129.0000 -129.0000
fimgreg.f
image alignment mode   2311 decimal      907 hex
parameters
   -4.4583   24.9431   14.5177  -14.7946  -14.2348   -8.6079
    5.6492   -1.6476   -2.9135    4.0871    2.8585  -14.5851
eta,q 0.97161 14.71797
niter,ni,del,rscale     5    3    5.0000    0.8000
parameters
   -4.4520   24.8493   14.5090  -12.7956  -14.1364   -8.2330
    5.4884   -1.6701   -3.1764    4.2284    3.1981  -14.3132
eta,q 0.97186 14.85154
  0.0299  0.0293  0.0291  0.0296  0.0293  0.0293  0.0295  0.0300  0.0289  0.0297  0.0287  0.0290
  0.0291  0.0287  0.0287  0.0290  0.0286  0.0287  0.0287  0.0290  0.0284  0.0288  0.0284  0.0286
  0.0286  0.0284  0.0285  0.0286  0.0282  0.0283  0.0283  0.0284  0.0282  0.0283  0.0282  0.0283
  0.0284  0.0284  0.0284  0.0284  0.0282  0.0282  0.0281  0.0282  0.0281  0.0281  0.0281  0.0281
  0.0286  0.0286  0.0285  0.0282  0.0282  0.0282  0.0284  0.0284  0.0283  0.0283  0.0282  0.0282
  0.0291  0.0289  0.0287  0.0282  0.0285  0.0285  0.0289  0.0290  0.0286  0.0288  0.0283  0.0285
  0.0299  0.0294  0.0292  0.0285  0.0292  0.0290  0.0297  0.0300  0.0291  0.0295  0.0285  0.0288
niter,ni,del,rscale     4    3    5.0000    0.7000
parameters
   -4.4255   24.7743   14.5541  -13.0032  -14.1017   -8.0950
    5.5873   -1.6542   -3.2545    4.0742    3.2350  -14.2146
eta,q 0.97186 14.84685
  0.0295  0.0289  0.0288  0.0288  0.0290  0.0290  0.0293  0.0296  0.0288  0.0293  0.0285  0.0288
  0.0288  0.0284  0.0284  0.0285  0.0285  0.0285  0.0287  0.0288  0.0284  0.0286  0.0283  0.0284
  0.0283  0.0282  0.0282  0.0283  0.0282  0.0283  0.0283  0.0283  0.0282  0.0282  0.0282  0.0282
  0.0281  0.0281  0.0281  0.0281  0.0281  0.0281  0.0282  0.0281  0.0281  0.0281  0.0281  0.0281
  0.0283  0.0283  0.0282  0.0281  0.0282  0.0282  0.0283  0.0283  0.0282  0.0283  0.0282  0.0282
  0.0287  0.0286  0.0284  0.0285  0.0285  0.0285  0.0286  0.0288  0.0285  0.0287  0.0283  0.0284
  0.0294  0.0290  0.0287  0.0291  0.0290  0.0289  0.0292  0.0295  0.0288  0.0294  0.0285  0.0287
niter,ni,del,rscale     3    3    5.0000    0.6000
parameters
   -4.4232   24.7305   14.5842  -12.8196  -14.1506   -8.0511
    5.6081   -1.6691   -3.3090    4.0118    3.2653  -14.1465
eta,q 0.97188 14.85592
  0.0291  0.0287  0.0286  0.0287  0.0287  0.0287  0.0289  0.0292  0.0286  0.0290  0.0284  0.0286
  0.0286  0.0284  0.0284  0.0285  0.0283  0.0284  0.0285  0.0286  0.0283  0.0285  0.0282  0.0283
  0.0283  0.0282  0.0282  0.0283  0.0282  0.0282  0.0282  0.0282  0.0282  0.0282  0.0281  0.0282
  0.0281  0.0281  0.0281  0.0281  0.0281  0.0281  0.0281  0.0281  0.0281  0.0281  0.0281  0.0281
  0.0282  0.0282  0.0282  0.0281  0.0282  0.0282  0.0282  0.0282  0.0282  0.0282  0.0281  0.0282
  0.0286  0.0284  0.0283  0.0283  0.0284  0.0284  0.0285  0.0286  0.0284  0.0286  0.0282  0.0283
  0.0291  0.0288  0.0286  0.0287  0.0287  0.0287  0.0289  0.0292  0.0286  0.0290  0.0284  0.0286
niter,ni,del,rscale     2    3    5.0000    0.5000
parameters
   -4.4178   24.7072   14.5999  -12.6236  -14.1698   -7.9990
    5.6129   -1.6679   -3.3782    3.9790    3.2844  -14.0871
eta,q 0.97190 14.86694
  0.0288  0.0285  0.0284  0.0285  0.0285  0.0285  0.0287  0.0288  0.0285  0.0287  0.0283  0.0284
  0.0284  0.0283  0.0283  0.0284  0.0283  0.0283  0.0284  0.0284  0.0282  0.0284  0.0282  0.0282
  0.0282  0.0281  0.0282  0.0282  0.0281  0.0282  0.0282  0.0282  0.0281  0.0282  0.0281  0.0281
  0.0281  0.0281  0.0281  0.0281  0.0281  0.0281  0.0281  0.0281  0.0281  0.0281  0.0281  0.0281
  0.0282  0.0282  0.0282  0.0281  0.0281  0.0281  0.0282  0.0282  0.0282  0.0282  0.0281  0.0281
  0.0284  0.0283  0.0283  0.0282  0.0283  0.0283  0.0284  0.0284  0.0283  0.0284  0.0282  0.0282
  0.0288  0.0286  0.0284  0.0285  0.0285  0.0285  0.0287  0.0288  0.0285  0.0287  0.0283  0.0284
niter,ni,del,rscale     1    3    5.0000    0.4000
parameters
   -4.4152   24.6858   14.6162  -12.4428  -14.1998   -7.9520
    5.6195   -1.6633   -3.4325    3.9454    3.2683  -14.0444
eta,q 0.97191 14.87601
  0.0285  0.0284  0.0283  0.0284  0.0283  0.0284  0.0285  0.0286  0.0283  0.0285  0.0282  0.0283
  0.0283  0.0282  0.0282  0.0283  0.0282  0.0282  0.0283  0.0283  0.0282  0.0283  0.0281  0.0282
  0.0282  0.0281  0.0281  0.0282  0.0281  0.0281  0.0281  0.0281  0.0281  0.0281  0.0281  0.0281
  0.0281  0.0281  0.0281  0.0281  0.0281  0.0281  0.0281  0.0281  0.0281  0.0281  0.0281  0.0281
  0.0282  0.0281  0.0281  0.0281  0.0281  0.0281  0.0281  0.0282  0.0281  0.0281  0.0281  0.0281
  0.0283  0.0282  0.0282  0.0282  0.0282  0.0282  0.0283  0.0283  0.0282  0.0283  0.0282  0.0282
  0.0285  0.0284  0.0283  0.0284  0.0283  0.0284  0.0285  0.0286  0.0283  0.0285  0.0282  0.0283
registration optimization eta report
parameter search radius
    0.8000    0.8000    0.8000    2.4000    2.4000    2.4000
    2.4000    2.4000    2.4000    2.4000    2.4000    2.4000
100000*second partial in parameter space
       67.       43.       32.        5.        4.        5.
        6.        8.        4.        7.        2.        4.
  0.0285  0.0284  0.0283  0.0284  0.0283  0.0284  0.0285  0.0286  0.0283  0.0285  0.0282  0.0283
  0.0283  0.0282  0.0282  0.0283  0.0282  0.0282  0.0283  0.0283  0.0282  0.0283  0.0281  0.0282
  0.0282  0.0281  0.0281  0.0282  0.0281  0.0281  0.0281  0.0281  0.0281  0.0281  0.0281  0.0281
  0.0281  0.0281  0.0281  0.0281  0.0281  0.0281  0.0281  0.0281  0.0281  0.0281  0.0281  0.0281
  0.0282  0.0281  0.0281  0.0281  0.0281  0.0281  0.0281  0.0282  0.0281  0.0281  0.0281  0.0281
  0.0283  0.0282  0.0282  0.0282  0.0282  0.0282  0.0283  0.0283  0.0282  0.0283  0.0282  0.0282
  0.0285  0.0284  0.0283  0.0284  0.0283  0.0284  0.0285  0.0286  0.0283  0.0285  0.0282  0.0283
   -4.4152   24.6858   14.6162  -12.4428  -14.1998   -7.9520
    5.6195   -1.6633   -3.4325    3.9454    3.2683  -14.0444
eta,q 0.97191 14.87601

---------------------------------------------------------------------
imgreg_4dfp /opt/freesurfer/average/711-2C_as_mni_average_305 /opt/freesurfer/average/711-2B_as_mni_average_305_mask talsrcimg_g11 none talsrcimg_to_711-2C_as_mni_average_305_t4 2311
---------------------------------------------------------------------

freesurfer imgreg_4dfp.c
/opt/freesurfer/average/711-2C_as_mni_average_305.4dfp.img
       256       256       256         1
  1.000000  1.000000  1.000000
orientation T byte_order littleendian
Reading image: /opt/freesurfer/average/711-2C_as_mni_average_305.4dfp.img
dimensions:      256       256       256
mmppix:       1.0000   -1.0000   -1.0000
center:     128.0000 -129.0000 -129.0000
/opt/freesurfer/average/711-2B_as_mni_average_305_mask.4dfp.img
       256       256       256         1
  1.000000  1.000000  1.000000
orientation T byte_order littleendian
Reading mask: /opt/freesurfer/average/711-2B_as_mni_average_305_mask.4dfp.img (2306576 pixels)
talsrcimg_g11.4dfp.img
       256       256       256         1
  1.000000  1.000000  1.000000
orientation T byte_order littleendian
Reading image: talsrcimg_g11.4dfp.img
dimensions:      256       256       256
mmppix:       1.0000   -1.0000   -1.0000
center:     128.0000 -129.0000 -129.0000
fimgreg.f
image alignment mode   2311 decimal      907 hex
parameters
   -4.4152   24.6858   14.6162  -12.4428  -14.1998   -7.9520
    5.6195   -1.6633   -3.4325    3.9454    3.2683  -14.0444
eta,q 0.97191 14.87600
niter,ni,del,rscale     5    3    5.0000    0.8000
parameters
   -4.4378   24.7537   14.6422  -13.1284  -14.1633   -8.0259
    5.6479   -1.6716   -3.2636    3.9726    3.1793  -14.0847
eta,q 0.97185 14.84095
  0.0297  0.0294  0.0289  0.0289  0.0293  0.0291  0.0296  0.0300  0.0291  0.0297  0.0286  0.0289
  0.0288  0.0286  0.0285  0.0285  0.0286  0.0286  0.0288  0.0289  0.0286  0.0288  0.0283  0.0285
  0.0283  0.0282  0.0282  0.0283  0.0282  0.0283  0.0283  0.0283  0.0283  0.0283  0.0282  0.0282
  0.0281  0.0281  0.0281  0.0281  0.0281  0.0282  0.0281  0.0282  0.0282  0.0282  0.0282  0.0282
  0.0283  0.0282  0.0282  0.0282  0.0282  0.0283  0.0283  0.0283  0.0283  0.0283  0.0282  0.0283
  0.0289  0.0286  0.0284  0.0288  0.0286  0.0286  0.0288  0.0290  0.0285  0.0289  0.0284  0.0285
  0.0299  0.0291  0.0289  0.0298  0.0293  0.0291  0.0295  0.0300  0.0290  0.0297  0.0286  0.0289
niter,ni,del,rscale     4    3    5.0000    0.7000
parameters
   -4.4341   24.7505   14.6139  -12.9938  -14.1526   -8.0552
    5.6064   -1.6655   -3.2837    3.9870    3.2081  -14.1172
eta,q 0.97186 14.84682
  0.0294  0.0290  0.0287  0.0289  0.0290  0.0289  0.0292  0.0295  0.0288  0.0294  0.0285  0.0287
  0.0287  0.0285  0.0284  0.0286  0.0285  0.0285  0.0286  0.0287  0.0284  0.0287  0.0283  0.0284
  0.0283  0.0282  0.0282  0.0283  0.0282  0.0282  0.0283  0.0283  0.0282  0.0283  0.0282  0.0282
  0.0282  0.0282  0.0282  0.0282  0.0281  0.0281  0.0281  0.0281  0.0281  0.0281  0.0281  0.0281
  0.0283  0.0283  0.0282  0.0281  0.0282  0.0282  0.0283  0.0283  0.0282  0.0283  0.0282  0.0282
  0.0287  0.0285  0.0284  0.0283  0.0285  0.0285  0.0286  0.0287  0.0285  0.0287  0.0283  0.0284
  0.0294  0.0290  0.0288  0.0289  0.0290  0.0289  0.0293  0.0295  0.0288  0.0293  0.0285  0.0287
niter,ni,del,rscale     3    3    5.0000    0.6000
parameters
   -4.4250   24.7290   14.6031  -12.8049  -14.1493   -8.0448
    5.6083   -1.6699   -3.3280    3.9819    3.2320  -14.1039
eta,q 0.97188 14.85682
  0.0291  0.0287  0.0286  0.0287  0.0287  0.0287  0.0289  0.0292  0.0286  0.0290  0.0284  0.0286
  0.0286  0.0284  0.0283  0.0285  0.0283  0.0284  0.0285  0.0286  0.0283  0.0285  0.0282  0.0283
  0.0283  0.0282  0.0282  0.0283  0.0282  0.0282  0.0282  0.0282  0.0282  0.0282  0.0281  0.0282
  0.0281  0.0281  0.0281  0.0281  0.0281  0.0281  0.0281  0.0281  0.0281  0.0281  0.0281  0.0281
  0.0282  0.0282  0.0282  0.0281  0.0282  0.0282  0.0282  0.0282  0.0282  0.0282  0.0281  0.0282
  0.0285  0.0284  0.0283  0.0283  0.0283  0.0284  0.0285  0.0286  0.0284  0.0285  0.0282  0.0283
  0.0291  0.0288  0.0286  0.0287  0.0287  0.0287  0.0289  0.0292  0.0286  0.0290  0.0284  0.0286
niter,ni,del,rscale     2    3    5.0000    0.5000
parameters
   -4.4207   24.7043   14.6060  -12.6144  -14.1632   -8.0037
    5.6117   -1.6719   -3.3841    3.9555    3.2621  -14.0688
eta,q 0.97189 14.86711
  0.0288  0.0285  0.0284  0.0285  0.0285  0.0285  0.0287  0.0288  0.0285  0.0287  0.0283  0.0284
  0.0284  0.0283  0.0283  0.0284  0.0283  0.0283  0.0284  0.0284  0.0282  0.0284  0.0282  0.0282
  0.0282  0.0281  0.0281  0.0282  0.0281  0.0282  0.0282  0.0282  0.0281  0.0282  0.0281  0.0281
  0.0281  0.0281  0.0281  0.0281  0.0281  0.0281  0.0281  0.0281  0.0281  0.0281  0.0281  0.0281
  0.0282  0.0282  0.0282  0.0281  0.0281  0.0281  0.0282  0.0282  0.0282  0.0282  0.0281  0.0281
  0.0284  0.0283  0.0283  0.0282  0.0283  0.0283  0.0284  0.0284  0.0283  0.0284  0.0282  0.0282
  0.0288  0.0286  0.0284  0.0285  0.0285  0.0285  0.0287  0.0288  0.0285  0.0287  0.0283  0.0284
niter,ni,del,rscale     1    3    5.0000    0.4000
parameters
   -4.4180   24.6830   14.6237  -12.4501  -14.1952   -7.9467
    5.6183   -1.6698   -3.4419    3.9380    3.2719  -14.0175
eta,q 0.97190 14.87639
  0.0285  0.0284  0.0283  0.0284  0.0283  0.0284  0.0285  0.0286  0.0283  0.0285  0.0282  0.0283
  0.0283  0.0282  0.0282  0.0283  0.0282  0.0282  0.0283  0.0283  0.0282  0.0283  0.0281  0.0282
  0.0282  0.0281  0.0281  0.0282  0.0281  0.0281  0.0281  0.0282  0.0281  0.0281  0.0281  0.0281
  0.0281  0.0281  0.0281  0.0281  0.0281  0.0281  0.0281  0.0281  0.0281  0.0281  0.0281  0.0281
  0.0282  0.0281  0.0281  0.0281  0.0281  0.0281  0.0281  0.0282  0.0281  0.0281  0.0281  0.0281
  0.0283  0.0282  0.0282  0.0282  0.0282  0.0282  0.0283  0.0283  0.0282  0.0283  0.0281  0.0282
  0.0285  0.0284  0.0283  0.0284  0.0283  0.0284  0.0285  0.0286  0.0283  0.0285  0.0282  0.0283
registration optimization eta report
parameter search radius
    0.8000    0.8000    0.8000    2.4000    2.4000    2.4000
    2.4000    2.4000    2.4000    2.4000    2.4000    2.4000
100000*second partial in parameter space
       67.       43.       32.        5.        4.        5.
        6.        8.        4.        7.        2.        4.
  0.0285  0.0284  0.0283  0.0284  0.0283  0.0284  0.0285  0.0286  0.0283  0.0285  0.0282  0.0283
  0.0283  0.0282  0.0282  0.0283  0.0282  0.0282  0.0283  0.0283  0.0282  0.0283  0.0281  0.0282
  0.0282  0.0281  0.0281  0.0282  0.0281  0.0281  0.0281  0.0282  0.0281  0.0281  0.0281  0.0281
  0.0281  0.0281  0.0281  0.0281  0.0281  0.0281  0.0281  0.0281  0.0281  0.0281  0.0281  0.0281
  0.0282  0.0281  0.0281  0.0281  0.0281  0.0281  0.0281  0.0282  0.0281  0.0281  0.0281  0.0281
  0.0283  0.0282  0.0282  0.0282  0.0282  0.0282  0.0283  0.0283  0.0282  0.0283  0.0281  0.0282
  0.0285  0.0284  0.0283  0.0284  0.0283  0.0284  0.0285  0.0286  0.0283  0.0285  0.0282  0.0283
   -4.4180   24.6830   14.6237  -12.4501  -14.1952   -7.9467
    5.6183   -1.6698   -3.4419    3.9380    3.2719  -14.0175
eta,q 0.97190 14.87639

---------------------------------------------------------------------
compute_vox2vox talsrcimg talsrcimg_to_711-2C_as_mni_average_305_t4 /opt/freesurfer/average/711-2C_as_mni_average_305
---------------------------------------------------------------------

freesurfer compute_vox2vox.c
Reading: talsrcimg.4dfp.ifh
Reading: talsrcimg_to_711-2C_as_mni_average_305_t4
Reading: /opt/freesurfer/average/711-2C_as_mni_average_305.4dfp.ifh
Writing: talsrcimg_to_711-2C_as_mni_average_305_t4_vox2vox.txt

start time Sun Mar 8 22:42:38 CET 2026
end		time Sun Mar 8 22:44:08 CET 2026

mpr2mni305 success

avi2talxfm orig_nu.mgz /opt/freesurfer/average/mni305.cor.mgz talsrcimg_to_711-2C_as_mni_average_305_t4_vox2vox.txt transforms/talairach.auto.xfm
avi2talxfm done
mv -f /out/sourcedata/freesurfer/sub-v1s16x0051173_ses-1/mri/talsrcimg_to_711-2C_as_mni_average_305_t4_vox2vox.txt /out/sourcedata/freesurfer/sub-v1s16x0051173_ses-1/mri/transforms/talsrcimg_to_711-2C_as_mni_average_305_t4_vox2vox.txt
lta_convert --src orig_nu.mgz --trg /opt/freesurfer/average/mni305.cor.mgz --inxfm transforms/talairach.auto.xfm --outlta transforms/talairach.auto.xfm.lta --subject fsaverage
7.3.2

--src: orig_nu.mgz src image (geometry).
--trg: /opt/freesurfer/average/mni305.cor.mgz trg image (geometry).
--inmni: transforms/talairach.auto.xfm input MNI/XFM transform.
--outlta: transforms/talairach.auto.xfm.lta output LTA.
--s: fsaverage subject name
 LTA read, type : 1
 1.13854   0.02368  -0.07068   3.94392;
-0.03328   1.07810   0.17830  -23.34319;
 0.04720  -0.04853   1.15442  -17.85522;
 0.00000   0.00000   0.00000   1.00000;
setting subject to fsaverage
Writing  LTA to file transforms/talairach.auto.xfm.lta...
lta_convert successful.
 
 
Started at Sun Mar 8 22:42:37 CET 2026
Ended   at Sun Mar  8 22:44:08 CET 2026
talairach_avi done
