status file for recon-all
Mon Mar  9 00:04:45 CET 2026
#@# Tessellate rh Mon Mar  9 00:04:45 CET 2026
#@# Smooth1 rh Mon Mar  9 00:04:49 CET 2026
#@# Inflation1 rh Mon Mar  9 00:04:51 CET 2026
#@# QSphere rh Mon Mar  9 00:05:00 CET 2026
#@# Fix Topology rh Mon Mar  9 00:05:48 CET 2026
#@# Smooth2 rh Mon Mar  9 00:11:14 CET 2026
#@# Inflation2 rh Mon Mar  9 00:11:17 CET 2026
#@# Curv .H and .K rh Mon Mar  9 00:11:33 CET 2026
#@# Sphere rh Mon Mar  9 00:12:07 CET 2026
#@# Surf Reg rh Mon Mar  9 00:15:07 CET 2026
#@# Jacobian white rh Mon Mar  9 00:17:39 CET 2026
#@# AvgCurv rh Mon Mar  9 00:17:40 CET 2026
#@# Cortical Parc rh Mon Mar  9 00:17:41 CET 2026
#@# white curv rh Mon Mar  9 00:22:39 CET 2026
#@# white area rh Mon Mar  9 00:22:40 CET 2026
#@# pial curv rh Mon Mar  9 00:22:41 CET 2026
#@# pial area rh Mon Mar  9 00:22:42 CET 2026
#@# thickness rh Mon Mar  9 00:22:43 CET 2026
#@# area and vertex vol rh Mon Mar  9 00:23:03 CET 2026
#@# Curvature Stats rh Mon Mar  9 00:23:05 CET 2026
#@# Cortical Parc 2 rh Mon Mar  9 00:23:06 CET 2026
#@# Cortical Parc 3 rh Mon Mar  9 00:23:16 CET 2026
#@# WM/GM Contrast rh Mon Mar  9 00:23:24 CET 2026
recon-all -s sub-v1s16x0051164_ses-1 finished without error at Mon Mar  9 00:23:26 CET 2026



#New# invocation of recon-all 



status file for recon-all
Mon Mar  9 00:29:33 CET 2026
#@# white curv rh Mon Mar  9 00:29:34 CET 2026
#@# white area rh Mon Mar  9 00:29:34 CET 2026
#@# pial curv rh Mon Mar  9 00:29:34 CET 2026
#@# pial area rh Mon Mar  9 00:29:34 CET 2026
#@# thickness rh Mon Mar  9 00:29:34 CET 2026
#@# area and vertex vol rh Mon Mar  9 00:29:34 CET 2026
#@# Parcellation Stats rh Mon Mar  9 00:29:34 CET 2026
#@# Parcellation Stats 2 rh Mon Mar  9 00:29:45 CET 2026
#@# Parcellation Stats 3 rh Mon Mar  9 00:29:51 CET 2026
#@# BA_exvivo Labels rh Mon Mar  9 00:29:56 CET 2026
recon-all -s sub-v1s16x0051164_ses-1 finished without error at Mon Mar  9 00:32:00 CET 2026
