status file for recon-all
Sun Mar  8 23:46:19 CET 2026
#@# Tessellate lh Sun Mar  8 23:46:19 CET 2026
#@# Smooth1 lh Sun Mar  8 23:46:22 CET 2026
#@# Inflation1 lh Sun Mar  8 23:46:25 CET 2026
#@# QSphere lh Sun Mar  8 23:46:36 CET 2026
#@# Fix Topology lh Sun Mar  8 23:47:41 CET 2026
#@# Smooth2 lh Sun Mar  8 23:52:31 CET 2026
#@# Inflation2 lh Sun Mar  8 23:52:34 CET 2026
#@# Curv .H and .K lh Sun Mar  8 23:52:45 CET 2026
#@# Sphere lh Sun Mar  8 23:53:21 CET 2026
#@# Surf Reg lh Sun Mar  8 23:55:50 CET 2026
#@# Jacobian white lh Sun Mar  8 23:58:37 CET 2026
#@# AvgCurv lh Sun Mar  8 23:58:38 CET 2026
#@# Cortical Parc lh Sun Mar  8 23:58:38 CET 2026
#@# white curv lh Mon Mar  9 00:03:50 CET 2026
#@# white area lh Mon Mar  9 00:03:51 CET 2026
#@# pial curv lh Mon Mar  9 00:03:52 CET 2026
#@# pial area lh Mon Mar  9 00:03:53 CET 2026
#@# thickness lh Mon Mar  9 00:03:53 CET 2026
#@# area and vertex vol lh Mon Mar  9 00:04:16 CET 2026
#@# Curvature Stats lh Mon Mar  9 00:04:17 CET 2026
#@# Cortical Parc 2 lh Mon Mar  9 00:04:19 CET 2026
#@# Cortical Parc 3 lh Mon Mar  9 00:04:30 CET 2026
#@# WM/GM Contrast lh Mon Mar  9 00:04:38 CET 2026
recon-all -s sub-v1s16x0051164_ses-1 finished without error at Mon Mar  9 00:04:40 CET 2026



#New# invocation of recon-all 



status file for recon-all
Mon Mar  9 00:26:56 CET 2026
#@# white curv lh Mon Mar  9 00:26:56 CET 2026
#@# white area lh Mon Mar  9 00:26:56 CET 2026
#@# pial curv lh Mon Mar  9 00:26:56 CET 2026
#@# pial area lh Mon Mar  9 00:26:56 CET 2026
#@# thickness lh Mon Mar  9 00:26:56 CET 2026
#@# area and vertex vol lh Mon Mar  9 00:26:56 CET 2026
#@# Parcellation Stats lh Mon Mar  9 00:26:56 CET 2026
#@# Parcellation Stats 2 lh Mon Mar  9 00:27:08 CET 2026
#@# Parcellation Stats 3 lh Mon Mar  9 00:27:15 CET 2026
#@# BA_exvivo Labels lh Mon Mar  9 00:27:21 CET 2026
recon-all -s sub-v1s16x0051164_ses-1 finished without error at Mon Mar  9 00:29:31 CET 2026
