/out/sourcedata/freesurfer/sub-v1s16x0051167_ses-1/mri
/opt/freesurfer/bin/talairach_avi
--i orig_nu.mgz --xfm transforms/talairach.auto.xfm
talairach_avi 7.3.2
Linux dna003 5.14.0-427.37.1.el9_4.x86_64 #1 SMP PREEMPT_DYNAMIC Fri Sep 13 12:41:50 EDT 2024 x86_64 x86_64 x86_64 GNU/Linux
Sun Mar  8 22:14:20 CET 2026
mri_convert orig_nu.mgz talsrcimg.img 
reading from orig_nu.mgz...
TR=0.00, TE=0.00, TI=0.00, flip angle=0.00
i_ras = (-1, 0, 0)
j_ras = (0, 0, -1)
k_ras = (0, 1, 0)
writing to talsrcimg.img...
Analyze Output Matrix
-1.00000   0.00000   0.00000   129.42622;
 0.00000   0.00000   1.00000  -136.44519;
 0.00000  -1.00000   0.00000   110.10920;
 0.00000   0.00000   0.00000   1.00000;
--------------------
INFO: set hdr.hist.orient to -1
mpr2mni305 talsrcimg
Sun Mar  8 22:14:20 CET 2026
/opt/freesurfer/bin/mpr2mni305 talsrcimg
mpr2mni305 7.3.2
target=711-2C_as_mni_average_305

---------------------------------------------------------------------
analyzeto4dfp talsrcimg -O0 -y
---------------------------------------------------------------------

freesurfer ifh2hdr.c
Sun Mar  8 22:14:21 2026
Writing: talsrcimg.4dfp.hdr
freesurfer analyzeto4dfp.c
Reading: talsrcimg.hdr
header size 348 bytes
hdr.dime.datatype	offset=70	value=2
hdr.dime.bitpix		offset=72	value=8
hdr.hist.orient		offset=252	value=-1
dimensionality     4
dimensions       256       256       256         1
Reading: talsrcimg.img
Writing: talsrcimg.4dfp.img
Writing: talsrcimg.4dfp.ifh
ifh2hdr talsrcimg -r0to218
ori=2

---------------------------------------------------------------------
gauss_4dfp talsrcimg 1.1
---------------------------------------------------------------------

freesurfer gauss_4dfp.c
Reading: talsrcimg.4dfp.img
Writing: talsrcimg_g11.4dfp.img
image dimensions 256 256 256 padded to 288 288 288
processing volume 1freesurfer ifh2hdr.c
Sun Mar  8 22:14:22 2026
Writing: talsrcimg_g11.4dfp.hdr

Writing: talsrcimg_g11.4dfp.ifh
including: talsrcimg.4dfp.img.rec in talsrcimg_g11.4dfp.img.rec

---------------------------------------------------------------------
imgreg_4dfp /opt/freesurfer/average/711-2C_as_mni_average_305 none talsrcimg_g11 none talsrcimg_to_711-2C_as_mni_average_305_t4 4355
---------------------------------------------------------------------

freesurfer imgreg_4dfp.c
/opt/freesurfer/average/711-2C_as_mni_average_305.4dfp.img
       256       256       256         1
  1.000000  1.000000  1.000000
orientation T byte_order littleendian
Reading image: /opt/freesurfer/average/711-2C_as_mni_average_305.4dfp.img
dimensions:      256       256       256
mmppix:       1.0000   -1.0000   -1.0000
center:     128.0000 -129.0000 -129.0000
talsrcimg_g11.4dfp.img
       256       256       256         1
  1.000000  1.000000  1.000000
orientation T byte_order littleendian
Reading image: talsrcimg_g11.4dfp.img
dimensions:      256       256       256
mmppix:       1.0000   -1.0000   -1.0000
center:     128.0000 -129.0000 -129.0000
t4_read: open error in t4_sub.f l:  41 t4_file(1:l)talsrcimg_to_711-2C_as_mni_average_305_t4 
t4_read: transform initialized to I4
rotation matrix determinant  1.000000
image alignment mode   4355 decimal     1103 hex
   -7.5000  -45.0000  -45.0000 6968.3423   22.3652
    0.0000  -45.0000  -45.0000 7205.2642   22.3984
    7.5000  -45.0000  -45.0000 6864.1973   22.3932
   -7.5000  -37.5000  -45.0000 7468.6738   22.3668
    0.0000  -37.5000  -45.0000 7735.5693   22.3975
    7.5000  -37.5000  -45.0000 7379.2163   22.3901
   -7.5000  -30.0000  -45.0000 8227.9434   22.3568
    0.0000  -30.0000  -45.0000 8529.9902   22.3824
    7.5000  -30.0000  -45.0000 8129.1831   22.3742
   -7.5000  -22.5000  -45.0000 8935.0449   22.3195
    0.0000  -22.5000  -45.0000 9281.5889   22.3431
    7.5000  -22.5000  -45.0000 8834.2979   22.3354
   -7.5000  -15.0000  -45.0000 9556.3164   22.2762
    0.0000  -15.0000  -45.0000 9930.1299   22.3019
    7.5000  -15.0000  -45.0000 9411.4668   22.2947
   -7.5000   -7.5000  -45.000010148.7822   22.2465
    0.0000   -7.5000  -45.000010567.6953   22.2762
    7.5000   -7.5000  -45.000010040.8770   22.2708
   -7.5000    0.0000  -45.000010629.7031   22.2591
    0.0000    0.0000  -45.000011061.2510   22.2918
    7.5000    0.0000  -45.000010509.8584   22.2869
   -7.5000    7.5000  -45.000010278.2725   22.3051
    0.0000    7.5000  -45.000010694.1719   22.3357
    7.5000    7.5000  -45.000010166.8076   22.3286
   -7.5000   15.0000  -45.0000 9809.9482   22.3354
    0.0000   15.0000  -45.000010185.1631   22.3610
    7.5000   15.0000  -45.0000 9698.6973   22.3528
   -7.5000   22.5000  -45.0000 9284.2266   22.3161
    0.0000   22.5000  -45.0000 9623.4961   22.3396
    7.5000   22.5000  -45.0000 9176.3760   22.3319
   -7.5000   30.0000  -45.0000 8663.6445   21.9793
    0.0000   30.0000  -45.0000 8970.2783   22.0047
    7.5000   30.0000  -45.0000 8531.7109   21.9976
   -7.5000   37.5000  -45.0000 8259.2246   21.9502
    0.0000   37.5000  -45.0000 8567.7734   21.9795
    7.5000   37.5000  -45.0000 8135.1172   21.9742
   -7.5000   45.0000  -45.0000 7582.7031   21.4106
    0.0000   45.0000  -45.0000 7872.3462   21.4421
    7.5000   45.0000  -45.0000 7454.3809   21.4374
   -7.5000  -45.0000  -37.5000 7428.3477   22.2083
    0.0000  -45.0000  -37.5000 7682.8921   22.2451
    7.5000  -45.0000  -37.5000 7338.2354   22.2499
   -7.5000  -37.5000  -37.5000 7950.7549   22.1968
    0.0000  -37.5000  -37.5000 8241.6631   22.2278
    7.5000  -37.5000  -37.5000 7872.6519   22.2310
   -7.5000  -30.0000  -37.5000 8750.7139   22.1841
    0.0000  -30.0000  -37.5000 9062.5654   22.2069
    7.5000  -30.0000  -37.5000 8639.2803   22.2042
   -7.5000  -22.5000  -37.5000 9500.0635   22.1574
    0.0000  -22.5000  -37.5000 9849.5518   22.1783
    7.5000  -22.5000  -37.5000 9385.5205   22.1709
   -7.5000  -15.0000  -37.500010161.4023   22.1289
    0.0000  -15.0000  -37.500010534.4971   22.1545
    7.5000  -15.0000  -37.500010009.6250   22.1469
   -7.5000   -7.5000  -37.500010781.2812   22.1022
    0.0000   -7.5000  -37.500011194.4688   22.1352
    7.5000   -7.5000  -37.500010683.5977   22.1339
   -7.5000    0.0000  -37.500011256.4131   22.1034
    0.0000    0.0000  -37.500011690.1641   22.1398
    7.5000    0.0000  -37.500011145.8555   22.1448
   -7.5000    7.5000  -37.500010895.0010   22.1361
    0.0000    7.5000  -37.500011291.8018   22.1669
    7.5000    7.5000  -37.500010774.7998   22.1703
   -7.5000   15.0000  -37.500010414.6338   22.1630
    0.0000   15.0000  -37.500010777.8359   22.1857
    7.5000   15.0000  -37.500010270.7197   22.1831
   -7.5000   22.5000  -37.5000 9870.3174   22.1539
    0.0000   22.5000  -37.500010196.9502   22.1749
    7.5000   22.5000  -37.5000 9701.9131   22.1674
   -7.5000   30.0000  -37.5000 9199.1650   21.8340
    0.0000   30.0000  -37.5000 9528.2246   21.8593
    7.5000   30.0000  -37.5000 9061.9600   21.8517
   -7.5000   37.5000  -37.5000 8764.0674   21.8078
    0.0000   37.5000  -37.5000 9089.3545   21.8404
    7.5000   37.5000  -37.5000 8624.1865   21.8391
   -7.5000   45.0000  -37.5000 8010.5439   21.2610
    0.0000   45.0000  -37.5000 8319.6299   21.2961
    7.5000   45.0000  -37.5000 7887.3101   21.3009
   -7.5000  -45.0000  -30.0000 8080.1772   23.0675
    0.0000  -45.0000  -30.0000 8365.9502   23.1117
    7.5000  -45.0000  -30.0000 8005.1421   23.1171
   -7.5000  -37.5000  -30.0000 8632.3955   23.0417
    0.0000  -37.5000  -30.0000 8926.9287   23.0783
    7.5000  -37.5000  -30.0000 8538.4346   23.0844
   -7.5000  -30.0000  -30.0000 9483.1572   23.0180
    0.0000  -30.0000  -30.0000 9818.5205   23.0443
    7.5000  -30.0000  -30.0000 9363.4736   23.0435
   -7.5000  -22.5000  -30.000010274.4619   22.9950
    0.0000  -22.5000  -30.000010656.4141   23.0179
    7.5000  -22.5000  -30.000010164.4766   23.0082
   -7.5000  -15.0000  -30.000011000.7598   22.9802
    0.0000  -15.0000  -30.000011420.2090   23.0086
    7.5000  -15.0000  -30.000010881.5713   22.9962
   -7.5000   -7.5000  -30.000011657.8496   22.9618
    0.0000   -7.5000  -30.000012106.3818   23.0009
    7.5000   -7.5000  -30.000011579.8838   22.9966
   -7.5000    0.0000  -30.000012193.6768   22.9590
    0.0000    0.0000  -30.000012627.9990   23.0027
    7.5000    0.0000  -30.000012084.1123   23.0083
   -7.5000    7.5000  -30.000011820.0498   22.9790
    0.0000    7.5000  -30.000012185.1533   23.0154
    7.5000    7.5000  -30.000011640.8320   23.0218
   -7.5000   15.0000  -30.000011283.3271   22.9962
    0.0000   15.0000  -30.000011617.5186   23.0224
    7.5000   15.0000  -30.000011083.8682   23.0217
   -7.5000   22.5000  -30.000010671.9766   22.9890
    0.0000   22.5000  -30.000011010.7764   23.0119
    7.5000   22.5000  -30.000010491.9746   23.0023
   -7.5000   30.0000  -30.0000 9931.2061   22.6761
    0.0000   30.0000  -30.000010298.0908   22.7042
    7.5000   30.0000  -30.0000 9819.8311   22.6920
   -7.5000   37.5000  -30.0000 9434.7998   22.6581
    0.0000   37.5000  -30.0000 9812.7842   22.6968
    7.5000   37.5000  -30.0000 9341.4639   22.6925
   -7.5000   45.0000  -30.0000 8610.6553   22.1008
    0.0000   45.0000  -30.0000 8966.6875   22.1429
    7.5000   45.0000  -30.0000 8521.3525   22.1484
   -7.5000  -45.0000  -22.5000 8804.7510   23.8459
    0.0000  -45.0000  -22.5000 9089.7568   23.8913
    7.5000  -45.0000  -22.5000 8680.0342   23.8874
   -7.5000  -37.5000  -22.5000 9396.8701   23.8201
    0.0000  -37.5000  -22.5000 9701.7891   23.8603
    7.5000  -37.5000  -22.5000 9242.1543   23.8594
   -7.5000  -30.0000  -22.500010303.1465   23.7896
    0.0000  -30.0000  -22.500010678.7461   23.8219
    7.5000  -30.0000  -22.500010150.4824   23.8190
   -7.5000  -22.5000  -22.500011163.8740   23.7589
    0.0000  -22.5000  -22.500011573.6895   23.7868
    7.5000  -22.5000  -22.500011023.5439   23.7777
   -7.5000  -15.0000  -22.500011961.2617   23.7423
    0.0000  -15.0000  -22.500012411.6514   23.7734
    7.5000  -15.0000  -22.500011856.2920   23.7597
   -7.5000   -7.5000  -22.500012682.5557   23.7292
    0.0000   -7.5000  -22.500013147.3818   23.7693
    7.5000   -7.5000  -22.500012593.5400   23.7593
   -7.5000    0.0000  -22.500013276.2734   23.7338
    0.0000    0.0000  -22.500013732.1406   23.7786
    7.5000    0.0000  -22.500013156.9854   23.7750
   -7.5000    7.5000  -22.500012821.5566   23.7555
    0.0000    7.5000  -22.500013227.7090   23.7954
    7.5000    7.5000  -22.500012659.1094   23.7947
   -7.5000   15.0000  -22.500012204.4453   23.7671
    0.0000   15.0000  -22.500012586.4609   23.7993
    7.5000   15.0000  -22.500012042.5361   23.7965
   -7.5000   22.5000  -22.500011499.1318   23.7511
    0.0000   22.5000  -22.500011892.8779   23.7790
    7.5000   22.5000  -22.500011404.4238   23.7699
   -7.5000   30.0000  -22.500010713.1162   23.4317
    0.0000   30.0000  -22.500011118.4307   23.4624
    7.5000   30.0000  -22.500010683.1865   23.4489
   -7.5000   37.5000  -22.500010173.6699   23.4191
    0.0000   37.5000  -22.500010567.2803   23.4586
    7.5000   37.5000  -22.500010150.3145   23.4487
   -7.5000   45.0000  -22.5000 9238.6855   22.8643
    0.0000   45.0000  -22.5000 9638.4971   22.9075
    7.5000   45.0000  -22.5000 9235.4521   22.9041
   -7.5000  -45.0000  -15.0000 9524.5039   24.3873
    0.0000  -45.0000  -15.0000 9854.7500   24.4294
    7.5000  -45.0000  -15.0000 9408.1455   24.4160
   -7.5000  -37.5000  -15.000010168.8926   24.3734
    0.0000  -37.5000  -15.000010529.1436   24.4143
    7.5000  -37.5000  -15.000010038.9814   24.4043
   -7.5000  -30.0000  -15.000011144.3945   24.3462
    0.0000  -30.0000  -15.000011573.6602   24.3827
    7.5000  -30.0000  -15.000011023.2852   24.3769
   -7.5000  -22.5000  -15.000012060.5645   24.3058
    0.0000  -22.5000  -15.000012538.5342   24.3385
    7.5000  -22.5000  -15.000011985.0752   24.3318
   -7.5000  -15.0000  -15.000012915.1064   24.2751
    0.0000  -15.0000  -15.000013431.3096   24.3079
    7.5000  -15.0000  -15.000012852.4561   24.2970
   -7.5000   -7.5000  -15.000013702.6836   24.2584
    0.0000   -7.5000  -15.000014255.5732   24.2958
    7.5000   -7.5000  -15.000013651.4229   24.2827
   -7.5000    0.0000  -15.000014385.4727   24.2727
    0.0000    0.0000  -15.000014914.7070   24.3143
    7.5000    0.0000  -15.000014259.9824   24.3013
   -7.5000    7.5000  -15.000013903.0488   24.3073
    0.0000    7.5000  -15.000014386.5654   24.3480
    7.5000    7.5000  -15.000013756.5811   24.3382
   -7.5000   15.0000  -15.000013192.0488   24.3233
    0.0000   15.0000  -15.000013675.9453   24.3597
    7.5000   15.0000  -15.000013085.4561   24.3539
   -7.5000   22.5000  -15.000012396.1367   24.2968
    0.0000   22.5000  -15.000012852.4736   24.3294
    7.5000   22.5000  -15.000012346.3564   24.3227
   -7.5000   30.0000  -15.000011541.5664   23.9610
    0.0000   30.0000  -15.000011991.1953   23.9933
    7.5000   30.0000  -15.000011533.7158   23.9826
   -7.5000   37.5000  -15.000010981.6621   23.9447
    0.0000   37.5000  -15.000011413.8330   23.9816
    7.5000   37.5000  -15.000010975.5889   23.9687
   -7.5000   45.0000  -15.0000 9970.5322   23.3973
    0.0000   45.0000  -15.000010389.5459   23.4375
    7.5000   45.0000  -15.0000 9975.9824   23.4251
   -7.5000  -45.0000   -7.500010284.8770   24.6603
    0.0000  -45.0000   -7.500010627.4492   24.6985
    7.5000  -45.0000   -7.500010122.8613   24.6853
   -7.5000  -37.5000   -7.500011003.8203   24.6583
    0.0000  -37.5000   -7.500011401.7314   24.6969
    7.5000  -37.5000   -7.500010847.6934   24.6844
   -7.5000  -30.0000   -7.500012071.1924   24.6415
    0.0000  -30.0000   -7.500012543.6943   24.6769
    7.5000  -30.0000   -7.500011942.9014   24.6693
   -7.5000  -22.5000   -7.500013040.2852   24.5988
    0.0000  -22.5000   -7.500013573.2578   24.6313
    7.5000  -22.5000   -7.500012948.2139   24.6263
   -7.5000  -15.0000   -7.500013907.9160   24.5548
    0.0000  -15.0000   -7.500014491.4482   24.5868
    7.5000  -15.0000   -7.500013848.7949   24.5801
   -7.5000   -7.5000   -7.500014776.1172   24.5277
    0.0000   -7.5000   -7.500015437.8516   24.5620
    7.5000   -7.5000   -7.500014691.7783   24.5519
   -7.5000    0.0000   -7.500015548.9238   24.5444
    0.0000    0.0000   -7.500016239.9893   24.5821
    7.5000    0.0000   -7.500015445.0352   24.5693
   -7.5000    7.5000   -7.500015002.0752   24.5913
    0.0000    7.5000   -7.500015666.0830   24.6297
    7.5000    7.5000   -7.500014946.6104   24.6175
   -7.5000   15.0000   -7.500014219.1719   24.6182
    0.0000   15.0000   -7.500014865.9570   24.6536
    7.5000   15.0000   -7.500014234.9912   24.6460
   -7.5000   22.5000   -7.500013333.0879   24.5870
    0.0000   22.5000   -7.500013944.4609   24.6195
    7.5000   22.5000   -7.500013398.3955   24.6145
   -7.5000   30.0000   -7.500012410.0654   24.2364
    0.0000   30.0000   -7.500012981.2842   24.2680
    7.5000   30.0000   -7.500012465.4160   24.2613
   -7.5000   37.5000   -7.500011875.2891   24.2098
    0.0000   37.5000   -7.500012418.5586   24.2436
    7.5000   37.5000   -7.500011898.4697   24.2338
   -7.5000   45.0000   -7.500010797.3740   23.6629
    0.0000   45.0000   -7.500011275.0889   23.6994
    7.5000   45.0000   -7.500010815.1885   23.6871
   -7.5000  -45.0000    0.000010948.9590   24.7253
    0.0000  -45.0000    0.000011348.6221   24.7627
    7.5000  -45.0000    0.000010775.1436   24.7585
   -7.5000  -37.5000    0.000011732.2119   24.7249
    0.0000  -37.5000    0.000012201.5771   24.7601
    7.5000  -37.5000    0.000011526.0342   24.7535
   -7.5000  -30.0000    0.000012920.6406   24.7150
    0.0000  -30.0000    0.000013487.0625   24.7450
    7.5000  -30.0000    0.000012755.7393   24.7381
   -7.5000  -22.5000    0.000013959.1426   24.6771
    0.0000  -22.5000    0.000014645.2910   24.7050
    7.5000  -22.5000    0.000013871.2949   24.6994
   -7.5000  -15.0000    0.000014814.6777   24.6314
    0.0000  -15.0000    0.000015576.0098   24.6614
    7.5000  -15.0000    0.000014825.5117   24.6566
   -7.5000   -7.5000    0.000015684.9463   24.5979
    0.0000   -7.5000    0.000016574.4629   24.6318
    7.5000   -7.5000    0.000015748.7510   24.6282
   -7.5000    0.0000    0.000016510.6543   24.6090
    0.0000    0.0000    0.000017422.8496   24.6460
    7.5000    0.0000    0.000016594.3555   24.6422
   -7.5000    7.5000    0.000015936.3955   24.6575
    0.0000    7.5000    0.000016833.4902   24.6926
    7.5000    7.5000    0.000016049.4336   24.6863
   -7.5000   15.0000    0.000015100.9619   24.6916
    0.0000   15.0000    0.000015969.5762   24.7216
    7.5000   15.0000    0.000015270.5195   24.7148
   -7.5000   22.5000    0.000014187.4111   24.6653
    0.0000   22.5000    0.000015002.5977   24.6932
    7.5000   22.5000    0.000014364.2441   24.6876
   -7.5000   30.0000    0.000013261.2471   24.3126
    0.0000   30.0000    0.000013979.5234   24.3423
    7.5000   30.0000    0.000013378.7510   24.3375
   -7.5000   37.5000    0.000012735.2031   24.2797
    0.0000   37.5000    0.000013377.0605   24.3131
    7.5000   37.5000    0.000012768.2803   24.3097
   -7.5000   45.0000    0.000011627.1172   23.7265
    0.0000   45.0000    0.000012193.3682   23.7622
    7.5000   45.0000    0.000011619.7354   23.7586
   -7.5000  -45.0000    7.500010720.6924   24.7538
    0.0000  -45.0000    7.500011156.1426   24.7961
    7.5000  -45.0000    7.500010581.4902   24.8014
   -7.5000  -37.5000    7.500011491.8096   24.7405
    0.0000  -37.5000    7.500011967.3936   24.7761
    7.5000  -37.5000    7.500011336.3242   24.7795
   -7.5000  -30.0000    7.500012709.1230   24.7263
    0.0000  -30.0000    7.500013285.7490   24.7526
    7.5000  -30.0000    7.500012542.5840   24.7494
   -7.5000  -22.5000    7.500013840.1250   24.6971
    0.0000  -22.5000    7.500014581.0352   24.7212
    7.5000  -22.5000    7.500013717.3164   24.7130
   -7.5000  -15.0000    7.500014692.0127   24.6659
    0.0000  -15.0000    7.500015618.8125   24.6953
    7.5000  -15.0000    7.500014780.2451   24.6871
   -7.5000   -7.5000    7.500015452.1797   24.6363
    0.0000   -7.5000    7.500016534.1152   24.6742
    7.5000   -7.5000    7.500015742.6289   24.6732
   -7.5000    0.0000    7.500016201.7969   24.6374
    0.0000    0.0000    7.500017298.1895   24.6791
    7.5000    0.0000    7.500016504.9180   24.6848
   -7.5000    7.5000    7.500015702.9219   24.6731
    0.0000    7.5000    7.500016691.1133   24.7085
    7.5000    7.5000    7.500015890.3711   24.7122
   -7.5000   15.0000    7.500014994.8066   24.7029
    0.0000   15.0000    7.500015892.2129   24.7291
    7.5000   15.0000    7.500015116.5469   24.7260
   -7.5000   22.5000    7.500014165.2617   24.6853
    0.0000   22.5000    7.500014943.9326   24.7094
    7.5000   22.5000    7.500014230.2363   24.7012
   -7.5000   30.0000    7.500013209.1660   24.3467
    0.0000   30.0000    7.500013911.2539   24.3757
    7.5000   30.0000    7.500013260.3145   24.3677
   -7.5000   37.5000    7.500012674.2539   24.3176
    0.0000   37.5000    7.500013373.7832   24.3551
    7.5000   37.5000    7.500012707.5791   24.3540
   -7.5000   45.0000    7.500011565.7871   23.7542
    0.0000   45.0000    7.500012205.1025   23.7945
    7.5000   45.0000    7.500011536.0879   23.7999
   -7.5000  -45.0000   15.000010400.1396   24.7706
    0.0000  -45.0000   15.000010866.0957   24.8181
    7.5000  -45.0000   15.000010314.3721   24.8239
   -7.5000  -37.5000   15.000011123.6689   24.7429
    0.0000  -37.5000   15.000011648.6289   24.7822
    7.5000  -37.5000   15.000011090.8135   24.7889
   -7.5000  -30.0000   15.000012263.2324   24.7175
    0.0000  -30.0000   15.000012882.1768   24.7458
    7.5000  -30.0000   15.000012235.8105   24.7449
   -7.5000  -22.5000   15.000013439.0752   24.6928
    0.0000  -22.5000   15.000014253.5859   24.7174
    7.5000  -22.5000   15.000013352.2656   24.7070
   -7.5000  -15.0000   15.000014496.6924   24.6770
    0.0000  -15.0000   15.000015547.6982   24.7075
    7.5000  -15.0000   15.000014543.5791   24.6942
   -7.5000   -7.5000   15.000015325.9268   24.6571
    0.0000   -7.5000   15.000016453.8730   24.6992
    7.5000   -7.5000   15.000015539.1357   24.6945
   -7.5000    0.0000   15.000016035.3096   24.6541
    0.0000    0.0000   15.000017012.3555   24.7010
    7.5000    0.0000   15.000016103.9814   24.7071
   -7.5000    7.5000   15.000015555.8164   24.6757
    0.0000    7.5000   15.000016338.1045   24.7147
    7.5000    7.5000   15.000015419.0703   24.7216
   -7.5000   15.0000   15.000014827.6582   24.6941
    0.0000   15.0000   15.000015570.3926   24.7223
    7.5000   15.0000   15.000014689.0508   24.7215
   -7.5000   22.5000   15.000013978.0469   24.6809
    0.0000   22.5000   15.000014689.8027   24.7056
    7.5000   22.5000   15.000013882.6807   24.6952
   -7.5000   30.0000   15.000012969.6904   24.3576
    0.0000   30.0000   15.000013687.6699   24.3877
    7.5000   30.0000   15.000012954.6650   24.3746
   -7.5000   37.5000   15.000012410.3350   24.3382
    0.0000   37.5000   15.000013136.6641   24.3797
    7.5000   37.5000   15.000012434.0449   24.3752
   -7.5000   45.0000   15.000011299.1221   23.7710
    0.0000   45.0000   15.000011975.0654   23.8163
    7.5000   45.0000   15.000011293.3008   23.8222
   -7.5000  -45.0000   22.5000 9975.3994   24.7540
    0.0000  -45.0000   22.500010463.4932   24.8011
    7.5000  -45.0000   22.5000 9980.8242   24.7970
   -7.5000  -37.5000   22.500010694.0156   24.7272
    0.0000  -37.5000   22.500011208.4785   24.7689
    7.5000  -37.5000   22.500010718.6025   24.7679
   -7.5000  -30.0000   22.500011792.2754   24.6955
    0.0000  -30.0000   22.500012345.9688   24.7290
    7.5000  -30.0000   22.500011810.1377   24.7260
   -7.5000  -22.5000   22.500012978.4512   24.6636
    0.0000  -22.5000   22.500013646.6074   24.6926
    7.5000  -22.5000   22.500012926.6553   24.6832
   -7.5000  -15.0000   22.500014169.2500   24.6464
    0.0000  -15.0000   22.500014981.2021   24.6786
    7.5000  -15.0000   22.500014134.3740   24.6645
   -7.5000   -7.5000   22.500015132.9941   24.6329
    0.0000   -7.5000   22.500015875.3438   24.6744
    7.5000   -7.5000   22.500014918.3320   24.6640
   -7.5000    0.0000   22.500015786.1387   24.6376
    0.0000    0.0000   22.500016370.8145   24.6841
    7.5000    0.0000   22.500015358.4502   24.6804
   -7.5000    7.5000   22.500015148.1895   24.6601
    0.0000    7.5000   22.500015740.7090   24.7015
    7.5000    7.5000   22.500014759.4922   24.7008
   -7.5000   15.0000   22.500014324.7812   24.6722
    0.0000   15.0000   22.500015037.6826   24.7055
    7.5000   15.0000   22.500014133.6934   24.7026
   -7.5000   22.5000   22.500013423.8398   24.6518
    0.0000   22.5000   22.500014191.4473   24.6808
    7.5000   22.5000   22.500013382.5977   24.6713
   -7.5000   30.0000   22.500012457.2129   24.3274
    0.0000   30.0000   22.500013214.7412   24.3593
    7.5000   30.0000   22.500012482.9150   24.3453
   -7.5000   37.5000   22.500011906.1826   24.3143
    0.0000   37.5000   22.500012621.6152   24.3553
    7.5000   37.5000   22.500011941.1201   24.3451
   -7.5000   45.0000   22.500010848.6543   23.7555
    0.0000   45.0000   22.500011497.7002   23.8005
    7.5000   45.0000   22.500010881.0830   23.7969
   -7.5000  -45.0000   30.0000 9475.4619   24.7220
    0.0000  -45.0000   30.0000 9906.4355   24.7647
    7.5000  -45.0000   30.0000 9495.5791   24.7511
   -7.5000  -37.5000   30.000010172.9717   24.7079
    0.0000  -37.5000   30.000010602.6416   24.7494
    7.5000  -37.5000   30.000010168.7959   24.7392
   -7.5000  -30.0000   30.000011289.4189   24.6804
    0.0000  -30.0000   30.000011722.8018   24.7174
    7.5000  -30.0000   30.000011230.9414   24.7115
   -7.5000  -22.5000   30.000012439.7734   24.6394
    0.0000  -22.5000   30.000012989.9893   24.6725
    7.5000  -22.5000   30.000012394.0361   24.6657
   -7.5000  -15.0000   30.000013491.3281   24.6083
    0.0000  -15.0000   30.000014148.8379   24.6415
    7.5000  -15.0000   30.000013404.5732   24.6305
   -7.5000   -7.5000   30.000014387.0420   24.5914
    0.0000   -7.5000   30.000014884.4277   24.6292
    7.5000   -7.5000   30.000014009.3936   24.6159
   -7.5000    0.0000   30.000014970.4629   24.6058
    0.0000    0.0000   30.000015441.4238   24.6479
    7.5000    0.0000   30.000014525.4365   24.6348
   -7.5000    7.5000   30.000014356.1230   24.6409
    0.0000    7.5000   30.000014935.1543   24.6822
    7.5000    7.5000   30.000014112.3848   24.6722
   -7.5000   15.0000   30.000013629.5703   24.6571
    0.0000   15.0000   30.000014279.0684   24.6940
    7.5000   15.0000   30.000013540.2656   24.6881
   -7.5000   22.5000   30.000012803.4648   24.6276
    0.0000   22.5000   30.000013460.1914   24.6607
    7.5000   22.5000   30.000012787.4219   24.6539
   -7.5000   30.0000   30.000011867.7900   24.2898
    0.0000   30.0000   30.000012517.8564   24.3226
    7.5000   30.0000   30.000011897.8506   24.3117
   -7.5000   37.5000   30.000011287.2822   24.2733
    0.0000   37.5000   30.000011932.0947   24.3107
    7.5000   37.5000   30.000011324.9365   24.2976
   -7.5000   45.0000   30.000010267.7412   23.7247
    0.0000   45.0000   30.000010849.3652   23.7654
    7.5000   45.0000   30.000010287.3730   23.7528
   -7.5000  -45.0000   37.5000 9291.4141   24.7789
    0.0000  -45.0000   37.5000 9677.3525   24.8176
    7.5000  -45.0000   37.5000 9266.5820   24.8047
   -7.5000  -37.5000   37.500010012.2178   24.7766
    0.0000  -37.5000   37.500010385.6084   24.8158
    7.5000  -37.5000   37.5000 9966.8193   24.8036
   -7.5000  -30.0000   37.500011115.4541   24.7592
    0.0000  -30.0000   37.500011482.9678   24.7951
    7.5000  -30.0000   37.500011018.1396   24.7877
   -7.5000  -22.5000   37.500012167.5654   24.7163
    0.0000  -22.5000   37.500012634.9980   24.7489
    7.5000  -22.5000   37.500012149.3135   24.7441
   -7.5000  -15.0000   37.500013135.1211   24.6723
    0.0000  -15.0000   37.500013640.8281   24.7043
    7.5000  -15.0000   37.500013036.0791   24.6978
   -7.5000   -7.5000   37.500013942.6582   24.6453
    0.0000   -7.5000   37.500014287.0469   24.6797
    7.5000   -7.5000   37.500013574.9043   24.6699
   -7.5000    0.0000   37.500014488.0273   24.6621
    0.0000    0.0000   37.500014849.7734   24.7003
    7.5000    0.0000   37.500014156.6533   24.6879
   -7.5000    7.5000   37.500013921.3623   24.7091
    0.0000    7.5000   37.500014435.6006   24.7481
    7.5000    7.5000   37.500013801.7666   24.7361
   -7.5000   15.0000   37.500013283.0713   24.7358
    0.0000   15.0000   37.500013862.8633   24.7716
    7.5000   15.0000   37.500013258.8320   24.7642
   -7.5000   22.5000   37.500012508.8975   24.7045
    0.0000   22.5000   37.500013108.4482   24.7370
    7.5000   22.5000   37.500012524.0713   24.7322
   -7.5000   30.0000   37.500011604.4580   24.3530
    0.0000   30.0000   37.500012207.1445   24.3846
    7.5000   30.0000   37.500011659.1123   24.3781
   -7.5000   37.5000   37.500011030.6172   24.3265
    0.0000   37.5000   37.500011636.1377   24.3605
    7.5000   37.5000   37.500011113.7910   24.3509
   -7.5000   45.0000   37.500010032.1729   23.7782
    0.0000   45.0000   37.500010531.6299   23.8152
    7.5000   45.0000   37.500010049.0420   23.8032
   -7.5000  -45.0000   45.0000 8657.9141   24.8124
    0.0000  -45.0000   45.0000 8997.2197   24.8502
    7.5000  -45.0000   45.0000 8620.5586   24.8465
   -7.5000  -37.5000   45.0000 9309.6338   24.8122
    0.0000  -37.5000   45.0000 9628.5029   24.8476
    7.5000  -37.5000   45.0000 9243.9805   24.8412
   -7.5000  -30.0000   45.000010252.1533   24.8011
    0.0000  -30.0000   45.000010582.3828   24.8309
    7.5000  -30.0000   45.000010196.6025   24.8240
   -7.5000  -22.5000   45.000011164.3418   24.7615
    0.0000  -22.5000   45.000011590.1611   24.7888
    7.5000  -22.5000   45.000011201.6406   24.7833
   -7.5000  -15.0000   45.000012022.6963   24.7150
    0.0000  -15.0000   45.000012460.6055   24.7445
    7.5000  -15.0000   45.000011951.3340   24.7400
   -7.5000   -7.5000   45.000012772.8330   24.6820
    0.0000   -7.5000   45.000013090.1094   24.7158
    7.5000   -7.5000   45.000012502.3066   24.7129
   -7.5000    0.0000   45.000013295.5469   24.6945
    0.0000    0.0000   45.000013646.7285   24.7318
    7.5000    0.0000   45.000013071.3369   24.7286
   -7.5000    7.5000   45.000012806.6904   24.7439
    0.0000    7.5000   45.000013238.5234   24.7792
    7.5000    7.5000   45.000012688.6230   24.7731
   -7.5000   15.0000   45.000012270.8340   24.7774
    0.0000   15.0000   45.000012747.2812   24.8071
    7.5000   15.0000   45.000012199.0938   24.8003
   -7.5000   22.5000   45.000011581.1758   24.7496
    0.0000   22.5000   45.000012084.4463   24.7769
    7.5000   22.5000   45.000011554.7344   24.7713
   -7.5000   30.0000   45.000010753.0078   24.3930
    0.0000   30.0000   45.000011266.5156   24.4221
    7.5000   30.0000   45.000010788.8398   24.4177
   -7.5000   37.5000   45.000010254.0459   24.3606
    0.0000   37.5000   45.000010770.7939   24.3940
    7.5000   37.5000   45.000010335.8457   24.3912
   -7.5000   45.0000   45.0000 9302.4502   23.8198
    0.0000   45.0000   45.0000 9745.6279   23.8559
    7.5000   45.0000   45.0000 9334.4824   23.8528

---------------------------------------------------------------------
imgreg_4dfp /opt/freesurfer/average/711-2C_as_mni_average_305 /opt/freesurfer/average/711-2B_as_mni_average_305_mask talsrcimg_g11 none talsrcimg_to_711-2C_as_mni_average_305_t4 4355
---------------------------------------------------------------------

freesurfer imgreg_4dfp.c
/opt/freesurfer/average/711-2C_as_mni_average_305.4dfp.img
       256       256       256         1
  1.000000  1.000000  1.000000
orientation T byte_order littleendian
Reading image: /opt/freesurfer/average/711-2C_as_mni_average_305.4dfp.img
dimensions:      256       256       256
mmppix:       1.0000   -1.0000   -1.0000
center:     128.0000 -129.0000 -129.0000
/opt/freesurfer/average/711-2B_as_mni_average_305_mask.4dfp.img
       256       256       256         1
  1.000000  1.000000  1.000000
orientation T byte_order littleendian
Reading mask: /opt/freesurfer/average/711-2B_as_mni_average_305_mask.4dfp.img (2306576 pixels)
talsrcimg_g11.4dfp.img
       256       256       256         1
  1.000000  1.000000  1.000000
orientation T byte_order littleendian
Reading image: talsrcimg_g11.4dfp.img
dimensions:      256       256       256
mmppix:       1.0000   -1.0000   -1.0000
center:     128.0000 -129.0000 -129.0000
rotation matrix determinant  1.000000
image alignment mode   4355 decimal     1103 hex
   -7.5000  -45.0000  -45.0000 2023.6985   29.7649
    0.0000  -45.0000  -45.0000 2016.1926   29.9624
    7.5000  -45.0000  -45.0000 1997.0071   30.4740
   -7.5000  -37.5000  -45.0000 2107.9414   27.4061
    0.0000  -37.5000  -45.0000 2102.1743   27.6196
    7.5000  -37.5000  -45.0000 2076.5713   28.1690
   -7.5000  -30.0000  -45.0000 2162.6602   25.8088
    0.0000  -30.0000  -45.0000 2159.4207   25.9839
    7.5000  -30.0000  -45.0000 2127.9333   26.4925
   -7.5000  -22.5000  -45.0000 2191.7830   24.8360
    0.0000  -22.5000  -45.0000 2191.6223   24.9775
    7.5000  -22.5000  -45.0000 2161.2449   25.4802
   -7.5000  -15.0000  -45.0000 2206.9824   24.4986
    0.0000  -15.0000  -45.0000 2203.7571   24.6236
    7.5000  -15.0000  -45.0000 2170.2739   25.2210
   -7.5000   -7.5000  -45.0000 2207.1409   24.5447
    0.0000   -7.5000  -45.0000 2210.2434   24.7141
    7.5000   -7.5000  -45.0000 2177.5281   25.2097
   -7.5000    0.0000  -45.0000 2193.8237   24.8346
    0.0000    0.0000  -45.0000 2198.3274   24.9568
    7.5000    0.0000  -45.0000 2168.4675   25.4146
   -7.5000    7.5000  -45.0000 2171.5303   25.4755
    0.0000    7.5000  -45.0000 2174.6228   25.5849
    7.5000    7.5000  -45.0000 2145.9119   25.9678
   -7.5000   15.0000  -45.0000 2130.9939   26.5664
    0.0000   15.0000  -45.0000 2131.3606   26.6372
    7.5000   15.0000  -45.0000 2104.2681   27.0554
   -7.5000   22.5000  -45.0000 2068.6753   28.0283
    0.0000   22.5000  -45.0000 2067.0486   28.1327
    7.5000   22.5000  -45.0000 2045.2354   28.5581
   -7.5000   30.0000  -45.0000 1988.8542   30.1831
    0.0000   30.0000  -45.0000 1987.8032   30.2473
    7.5000   30.0000  -45.0000 1968.1898   30.6770
   -7.5000   37.5000  -45.0000 1892.2750   32.9653
    0.0000   37.5000  -45.0000 1897.0367   32.9443
    7.5000   37.5000  -45.0000 1886.0160   33.6390
   -7.5000   45.0000  -45.0000 1794.3026   36.7998
    0.0000   45.0000  -45.0000 1802.5256   36.7699
    7.5000   45.0000  -45.0000 1792.9218   37.5664
   -7.5000  -45.0000  -37.5000 2108.8149   27.5293
    0.0000  -45.0000  -37.5000 2105.5874   27.7374
    7.5000  -45.0000  -37.5000 2085.3171   28.2115
   -7.5000  -37.5000  -37.5000 2195.5415   25.3236
    0.0000  -37.5000  -37.5000 2193.8323   25.4981
    7.5000  -37.5000  -37.5000 2169.4475   25.9714
   -7.5000  -30.0000  -37.5000 2253.2605   23.8559
    0.0000  -30.0000  -37.5000 2245.7622   23.9670
    7.5000  -30.0000  -37.5000 2218.6321   24.4287
   -7.5000  -22.5000  -37.5000 2290.9294   22.8921
    0.0000  -22.5000  -37.5000 2286.9595   23.0561
    7.5000  -22.5000  -37.5000 2253.3403   23.5029
   -7.5000  -15.0000  -37.5000 2310.1384   22.5095
    0.0000  -15.0000  -37.5000 2302.5142   22.6277
    7.5000  -15.0000  -37.5000 2269.4714   23.1685
   -7.5000   -7.5000  -37.5000 2313.1008   22.4601
    0.0000   -7.5000  -37.5000 2309.6807   22.5452
    7.5000   -7.5000  -37.5000 2282.1301   23.0771
   -7.5000    0.0000  -37.5000 2298.0857   22.6237
    0.0000    0.0000  -37.5000 2300.0198   22.6859
    7.5000    0.0000  -37.5000 2270.5383   23.1614
   -7.5000    7.5000  -37.5000 2279.7708   23.2477
    0.0000    7.5000  -37.5000 2283.2542   23.2521
    7.5000    7.5000  -37.5000 2254.4592   23.6485
   -7.5000   15.0000  -37.5000 2236.6365   24.2029
    0.0000   15.0000  -37.5000 2236.7915   24.2333
    7.5000   15.0000  -37.5000 2208.4419   24.5785
   -7.5000   22.5000  -37.5000 2170.1904   25.5473
    0.0000   22.5000  -37.5000 2168.3047   25.5319
    7.5000   22.5000  -37.5000 2142.7842   25.8822
   -7.5000   30.0000  -37.5000 2085.2385   27.4195
    0.0000   30.0000  -37.5000 2084.8665   27.3876
    7.5000   30.0000  -37.5000 2065.3486   27.7016
   -7.5000   37.5000  -37.5000 1985.3198   29.9266
    0.0000   37.5000  -37.5000 1992.6799   29.8692
    7.5000   37.5000  -37.5000 1977.5679   30.3088
   -7.5000   45.0000  -37.5000 1879.4978   33.3706
    0.0000   45.0000  -37.5000 1891.8064   33.3124
    7.5000   45.0000  -37.5000 1881.0909   33.9066
   -7.5000  -45.0000  -30.0000 2234.0483   26.6258
    0.0000  -45.0000  -30.0000 2229.1338   26.7372
    7.5000  -45.0000  -30.0000 2205.6890   27.1749
   -7.5000  -37.5000  -30.0000 2325.3896   24.4062
    0.0000  -37.5000  -30.0000 2317.1963   24.4588
    7.5000  -37.5000  -30.0000 2289.5566   24.8720
   -7.5000  -30.0000  -30.0000 2393.0544   22.8364
    0.0000  -30.0000  -30.0000 2382.2090   22.9273
    7.5000  -30.0000  -30.0000 2351.3428   23.3550
   -7.5000  -22.5000  -30.0000 2429.7178   21.9143
    0.0000  -22.5000  -30.0000 2426.2598   22.0595
    7.5000  -22.5000  -30.0000 2391.5337   22.4834
   -7.5000  -15.0000  -30.0000 2453.2600   21.4408
    0.0000  -15.0000  -30.0000 2450.3406   21.5134
    7.5000  -15.0000  -30.0000 2411.3960   21.9679
   -7.5000   -7.5000  -30.0000 2459.4160   21.2776
    0.0000   -7.5000  -30.0000 2461.9421   21.2875
    7.5000   -7.5000  -30.0000 2431.3083   21.8045
   -7.5000    0.0000  -30.0000 2450.7366   21.3741
    0.0000    0.0000  -30.0000 2449.5056   21.4206
    7.5000    0.0000  -30.0000 2426.0830   21.9032
   -7.5000    7.5000  -30.0000 2435.4194   21.9917
    0.0000    7.5000  -30.0000 2436.4680   21.9667
    7.5000    7.5000  -30.0000 2408.1887   22.3656
   -7.5000   15.0000  -30.0000 2383.7542   22.8949
    0.0000   15.0000  -30.0000 2384.2817   22.8330
    7.5000   15.0000  -30.0000 2354.6438   23.1367
   -7.5000   22.5000  -30.0000 2312.8289   24.1312
    0.0000   22.5000  -30.0000 2315.9744   24.0621
    7.5000   22.5000  -30.0000 2287.1748   24.3162
   -7.5000   30.0000  -30.0000 2222.3989   25.8561
    0.0000   30.0000  -30.0000 2230.1145   25.7546
    7.5000   30.0000  -30.0000 2206.9797   25.9412
   -7.5000   37.5000  -30.0000 2116.9497   28.1151
    0.0000   37.5000  -30.0000 2128.9631   28.0611
    7.5000   37.5000  -30.0000 2110.0720   28.2610
   -7.5000   45.0000  -30.0000 2008.1608   31.2802
    0.0000   45.0000  -30.0000 2024.5867   31.2755
    7.5000   45.0000  -30.0000 2006.8629   31.5464
   -7.5000  -45.0000  -22.5000 2340.7507   25.4969
    0.0000  -45.0000  -22.5000 2330.0632   25.4765
    7.5000  -45.0000  -22.5000 2296.3525   25.8219
   -7.5000  -37.5000  -22.5000 2431.5857   23.3670
    0.0000  -37.5000  -22.5000 2423.8909   23.3525
    7.5000  -37.5000  -22.5000 2383.4099   23.6305
   -7.5000  -30.0000  -22.5000 2501.6655   21.6588
    0.0000  -30.0000  -22.5000 2495.9448   21.6945
    7.5000  -30.0000  -22.5000 2457.6921   22.0278
   -7.5000  -22.5000  -22.5000 2546.2290   20.6445
    0.0000  -22.5000  -22.5000 2541.8933   20.7012
    7.5000  -22.5000  -22.5000 2506.0759   21.0722
   -7.5000  -15.0000  -22.5000 2577.4495   20.1537
    0.0000  -15.0000  -22.5000 2576.2195   20.1706
    7.5000  -15.0000  -22.5000 2545.0559   20.5546
   -7.5000   -7.5000  -22.5000 2586.3708   20.0182
    0.0000   -7.5000  -22.5000 2591.7847   20.0096
    7.5000   -7.5000  -22.5000 2571.8052   20.4533
   -7.5000    0.0000  -22.5000 2583.2949   20.1568
    0.0000    0.0000  -22.5000 2588.5405   20.1534
    7.5000    0.0000  -22.5000 2566.5798   20.5378
   -7.5000    7.5000  -22.5000 2562.3032   20.6937
    0.0000    7.5000  -22.5000 2565.7900   20.6250
    7.5000    7.5000  -22.5000 2542.3774   20.9813
   -7.5000   15.0000  -22.5000 2508.5183   21.4707
    0.0000   15.0000  -22.5000 2514.1260   21.3646
    7.5000   15.0000  -22.5000 2489.2712   21.7049
   -7.5000   22.5000  -22.5000 2431.8457   22.5226
    0.0000   22.5000  -22.5000 2441.3462   22.4308
    7.5000   22.5000  -22.5000 2422.5522   22.7072
   -7.5000   30.0000  -22.5000 2338.4434   24.0402
    0.0000   30.0000  -22.5000 2352.9836   23.9585
    7.5000   30.0000  -22.5000 2334.9346   24.1929
   -7.5000   37.5000  -22.5000 2230.1870   26.2098
    0.0000   37.5000  -22.5000 2243.5222   26.0462
    7.5000   37.5000  -22.5000 2231.6042   26.3432
   -7.5000   45.0000  -22.5000 2109.8237   29.1457
    0.0000   45.0000  -22.5000 2129.6724   28.9987
    7.5000   45.0000  -22.5000 2119.9722   29.2639
   -7.5000  -45.0000  -15.0000 2403.0227   24.3205
    0.0000  -45.0000  -15.0000 2399.6357   24.3456
    7.5000  -45.0000  -15.0000 2361.4451   24.6803
   -7.5000  -37.5000  -15.0000 2494.9141   22.1761
    0.0000  -37.5000  -15.0000 2491.3059   22.2216
    7.5000  -37.5000  -15.0000 2455.8425   22.5373
   -7.5000  -30.0000  -15.0000 2574.4004   20.5497
    0.0000  -30.0000  -15.0000 2574.3137   20.5505
    7.5000  -30.0000  -15.0000 2538.8486   20.8736
   -7.5000  -22.5000  -15.0000 2627.4370   19.4075
    0.0000  -22.5000  -15.0000 2632.9995   19.4329
    7.5000  -22.5000  -15.0000 2607.5559   19.7655
   -7.5000  -15.0000  -15.0000 2665.0439   18.8463
    0.0000  -15.0000  -15.0000 2674.9871   18.8639
    7.5000  -15.0000  -15.0000 2645.9900   19.1498
   -7.5000   -7.5000  -15.0000 2679.0959   18.7399
    0.0000   -7.5000  -15.0000 2690.7195   18.7120
    7.5000   -7.5000  -15.0000 2667.6426   18.9809
   -7.5000    0.0000  -15.0000 2680.7134   18.9233
    0.0000    0.0000  -15.0000 2687.3806   18.9268
    7.5000    0.0000  -15.0000 2667.4368   19.2423
   -7.5000    7.5000  -15.0000 2666.3215   19.4568
    0.0000    7.5000  -15.0000 2670.0330   19.3753
    7.5000    7.5000  -15.0000 2652.7776   19.7130
   -7.5000   15.0000  -15.0000 2610.4019   20.1346
    0.0000   15.0000  -15.0000 2622.6946   20.0544
    7.5000   15.0000  -15.0000 2601.4304   20.3713
   -7.5000   22.5000  -15.0000 2529.3835   21.0411
    0.0000   22.5000  -15.0000 2545.9221   20.9735
    7.5000   22.5000  -15.0000 2531.7964   21.2215
   -7.5000   30.0000  -15.0000 2433.9636   22.4709
    0.0000   30.0000  -15.0000 2451.7827   22.3272
    7.5000   30.0000  -15.0000 2439.5925   22.5756
   -7.5000   37.5000  -15.0000 2322.8943   24.4480
    0.0000   37.5000  -15.0000 2339.4270   24.2537
    7.5000   37.5000  -15.0000 2330.8281   24.5427
   -7.5000   45.0000  -15.0000 2190.9331   27.2008
    0.0000   45.0000  -15.0000 2211.6150   27.0187
    7.5000   45.0000  -15.0000 2205.9768   27.2318
   -7.5000  -45.0000   -7.5000 2439.2141   23.3039
    0.0000  -45.0000   -7.5000 2436.4194   23.3467
    7.5000  -45.0000   -7.5000 2396.4167   23.5860
   -7.5000  -37.5000   -7.5000 2541.4775   21.2024
    0.0000  -37.5000   -7.5000 2537.7886   21.2862
    7.5000  -37.5000   -7.5000 2504.0684   21.5279
   -7.5000  -30.0000   -7.5000 2625.2139   19.5688
    0.0000  -30.0000   -7.5000 2627.1794   19.6229
    7.5000  -30.0000   -7.5000 2595.8000   19.8842
   -7.5000  -22.5000   -7.5000 2691.9604   18.3597
    0.0000  -22.5000   -7.5000 2703.4331   18.4075
    7.5000  -22.5000   -7.5000 2674.5957   18.6615
   -7.5000  -15.0000   -7.5000 2727.5642   17.6312
    0.0000  -15.0000   -7.5000 2742.1719   17.6514
    7.5000  -15.0000   -7.5000 2713.5574   17.9396
   -7.5000   -7.5000   -7.5000 2750.6111   17.4218
    0.0000   -7.5000   -7.5000 2764.0659   17.4493
    7.5000   -7.5000   -7.5000 2739.5227   17.7138
   -7.5000    0.0000   -7.5000 2755.3098   17.6812
    0.0000    0.0000   -7.5000 2767.4824   17.6894
    7.5000    0.0000   -7.5000 2748.1562   17.9662
   -7.5000    7.5000   -7.5000 2742.1609   18.1795
    0.0000    7.5000   -7.5000 2755.9775   18.1646
    7.5000    7.5000   -7.5000 2742.6936   18.4658
   -7.5000   15.0000   -7.5000 2685.9861   18.8759
    0.0000   15.0000   -7.5000 2708.1089   18.8044
    7.5000   15.0000   -7.5000 2697.6943   19.1609
   -7.5000   22.5000   -7.5000 2613.5591   19.8121
    0.0000   22.5000   -7.5000 2630.9626   19.7005
    7.5000   22.5000   -7.5000 2623.4802   19.9594
   -7.5000   30.0000   -7.5000 2512.9399   21.1492
    0.0000   30.0000   -7.5000 2531.5334   20.9611
    7.5000   30.0000   -7.5000 2517.4543   21.2458
   -7.5000   37.5000   -7.5000 2397.3723   22.9529
    0.0000   37.5000   -7.5000 2419.1140   22.7944
    7.5000   37.5000   -7.5000 2406.2942   23.0027
   -7.5000   45.0000   -7.5000 2255.5344   25.4445
    0.0000   45.0000   -7.5000 2274.5020   25.3135
    7.5000   45.0000   -7.5000 2272.6680   25.4860
   -7.5000  -45.0000    0.0000 2451.4641   22.4980
    0.0000  -45.0000    0.0000 2444.5356   22.5203
    7.5000  -45.0000    0.0000 2413.3206   22.7950
   -7.5000  -37.5000    0.0000 2560.7322   20.4020
    0.0000  -37.5000    0.0000 2559.8723   20.4742
    7.5000  -37.5000    0.0000 2523.1025   20.7226
   -7.5000  -30.0000    0.0000 2650.5369   18.7864
    0.0000  -30.0000    0.0000 2662.6074   18.9084
    7.5000  -30.0000    0.0000 2625.3677   19.1675
   -7.5000  -22.5000    0.0000 2728.6562   17.5712
    0.0000  -22.5000    0.0000 2754.2986   17.7122
    7.5000  -22.5000    0.0000 2718.7500   17.9446
   -7.5000  -15.0000    0.0000 2772.0259   16.6721
    0.0000  -15.0000    0.0000 2801.5256   16.7955
    7.5000  -15.0000    0.0000 2768.6792   17.1705
   -7.5000   -7.5000    0.0000 2798.1177   16.3425
    0.0000   -7.5000    0.0000 2827.6531   16.4546
    7.5000   -7.5000    0.0000 2798.7893   16.8320
   -7.5000    0.0000    0.0000 2809.7273   16.5962
    0.0000    0.0000    0.0000 2836.5161   16.6465
    7.5000    0.0000    0.0000 2822.3740   17.0285
   -7.5000    7.5000    0.0000 2797.7083   17.1330
    0.0000    7.5000    0.0000 2822.6414   17.1174
    7.5000    7.5000    0.0000 2812.6514   17.4598
   -7.5000   15.0000    0.0000 2744.5095   17.8391
    0.0000   15.0000    0.0000 2772.4324   17.8202
    7.5000   15.0000    0.0000 2765.2437   18.1439
   -7.5000   22.5000    0.0000 2676.2883   18.8359
    0.0000   22.5000    0.0000 2696.7915   18.7477
    7.5000   22.5000    0.0000 2692.0945   19.0222
   -7.5000   30.0000    0.0000 2582.8237   20.1152
    0.0000   30.0000    0.0000 2599.6978   19.9487
    7.5000   30.0000    0.0000 2589.2432   20.2094
   -7.5000   37.5000    0.0000 2458.5396   21.8286
    0.0000   37.5000    0.0000 2480.0525   21.6616
    7.5000   37.5000    0.0000 2469.6677   21.9311
   -7.5000   45.0000    0.0000 2317.8264   24.1553
    0.0000   45.0000    0.0000 2335.2031   24.0218
    7.5000   45.0000    0.0000 2327.5820   24.2967
   -7.5000  -45.0000    7.5000 2438.9971   21.8949
    0.0000  -45.0000    7.5000 2438.2126   21.9319
    7.5000  -45.0000    7.5000 2402.4182   22.2808
   -7.5000  -37.5000    7.5000 2553.8625   19.8500
    0.0000  -37.5000    7.5000 2559.7539   19.8972
    7.5000  -37.5000    7.5000 2528.9175   20.2105
   -7.5000  -30.0000    7.5000 2654.7029   18.3260
    0.0000  -30.0000    7.5000 2666.9502   18.3940
    7.5000  -30.0000    7.5000 2642.7051   18.6630
   -7.5000  -22.5000    7.5000 2742.3911   17.1339
    0.0000  -22.5000    7.5000 2763.4285   17.2734
    7.5000  -22.5000    7.5000 2743.1155   17.4569
   -7.5000  -15.0000    7.5000 2804.9819   16.2166
    0.0000  -15.0000    7.5000 2841.8755   16.4184
    7.5000  -15.0000    7.5000 2818.4724   16.6917
   -7.5000   -7.5000    7.5000 2840.7976   15.6674
    0.0000   -7.5000    7.5000 2880.9248   15.8703
    7.5000   -7.5000    7.5000 2859.9189   16.2808
   -7.5000    0.0000    7.5000 2853.0547   15.8477
    0.0000    0.0000    7.5000 2889.1704   15.9780
    7.5000    0.0000    7.5000 2877.7844   16.3775
   -7.5000    7.5000    7.5000 2837.3779   16.3949
    0.0000    7.5000    7.5000 2870.6340   16.4430
    7.5000    7.5000    7.5000 2857.4355   16.7232
   -7.5000   15.0000    7.5000 2796.1887   17.1774
    0.0000   15.0000    7.5000 2824.0469   17.0821
    7.5000   15.0000    7.5000 2814.1436   17.3220
   -7.5000   22.5000    7.5000 2731.1702   18.1703
    0.0000   22.5000    7.5000 2751.9922   17.9936
    7.5000   22.5000    7.5000 2749.0952   18.2329
   -7.5000   30.0000    7.5000 2633.1394   19.4440
    0.0000   30.0000    7.5000 2649.3855   19.2440
    7.5000   30.0000    7.5000 2644.3198   19.5080
   -7.5000   37.5000    7.5000 2511.2847   21.1616
    0.0000   37.5000    7.5000 2533.5151   20.9458
    7.5000   37.5000    7.5000 2524.8970   21.2272
   -7.5000   45.0000    7.5000 2364.7415   23.4095
    0.0000   45.0000    7.5000 2385.3147   23.2295
    7.5000   45.0000    7.5000 2375.4189   23.5339
   -7.5000  -45.0000   15.0000 2416.8811   21.6427
    0.0000  -45.0000   15.0000 2416.7639   21.6844
    7.5000  -45.0000   15.0000 2384.7539   22.0883
   -7.5000  -37.5000   15.0000 2539.7688   19.5956
    0.0000  -37.5000   15.0000 2542.3926   19.6523
    7.5000  -37.5000   15.0000 2521.8508   20.0215
   -7.5000  -30.0000   15.0000 2645.3103   18.0411
    0.0000  -30.0000   15.0000 2654.5088   18.1161
    7.5000  -30.0000   15.0000 2647.8762   18.4232
   -7.5000  -22.5000   15.0000 2738.2659   16.8569
    0.0000  -22.5000   15.0000 2755.9568   17.0074
    7.5000  -22.5000   15.0000 2750.7168   17.2128
   -7.5000  -15.0000   15.0000 2819.2637   16.1387
    0.0000  -15.0000   15.0000 2850.4822   16.3004
    7.5000  -15.0000   15.0000 2840.2581   16.4027
   -7.5000   -7.5000   15.0000 2865.2234   15.6572
    0.0000   -7.5000   15.0000 2905.7485   15.7773
    7.5000   -7.5000   15.0000 2891.0088   16.0136
   -7.5000    0.0000   15.0000 2885.2417   15.6383
    0.0000    0.0000   15.0000 2915.3630   15.6674
    7.5000    0.0000   15.0000 2907.0073   15.9335
   -7.5000    7.5000   15.0000 2874.3152   16.0692
    0.0000    7.5000   15.0000 2895.5005   15.9412
    7.5000    7.5000   15.0000 2890.4907   16.1822
   -7.5000   15.0000   15.0000 2825.2605   16.7694
    0.0000   15.0000   15.0000 2855.4092   16.5760
    7.5000   15.0000   15.0000 2848.7678   16.7611
   -7.5000   22.5000   15.0000 2759.7605   17.7650
    0.0000   22.5000   15.0000 2785.8704   17.5984
    7.5000   22.5000   15.0000 2786.8979   17.7832
   -7.5000   30.0000   15.0000 2657.2366   19.0388
    0.0000   30.0000   15.0000 2679.5701   18.8828
    7.5000   30.0000   15.0000 2677.4819   19.1107
   -7.5000   37.5000   15.0000 2538.0955   20.7656
    0.0000   37.5000   15.0000 2564.3811   20.5857
    7.5000   37.5000   15.0000 2554.8220   20.8137
   -7.5000   45.0000   15.0000 2393.8789   22.9839
    0.0000   45.0000   15.0000 2417.8169   22.8178
    7.5000   45.0000   15.0000 2407.1997   23.0319
   -7.5000  -45.0000   22.5000 2380.8979   21.6341
    0.0000  -45.0000   22.5000 2382.5581   21.7058
    7.5000  -45.0000   22.5000 2372.9771   22.1690
   -7.5000  -37.5000   22.5000 2508.6155   19.6330
    0.0000  -37.5000   22.5000 2511.2175   19.6535
    7.5000  -37.5000   22.5000 2512.3450   20.0890
   -7.5000  -30.0000   22.5000 2621.3818   18.1265
    0.0000  -30.0000   22.5000 2630.3748   18.1260
    7.5000  -30.0000   22.5000 2630.7024   18.4342
   -7.5000  -22.5000   22.5000 2728.0378   17.0538
    0.0000  -22.5000   22.5000 2733.2485   17.0315
    7.5000  -22.5000   22.5000 2728.2554   17.2395
   -7.5000  -15.0000   22.5000 2824.2324   16.4096
    0.0000  -15.0000   22.5000 2832.7095   16.4021
    7.5000  -15.0000   22.5000 2828.2559   16.4440
   -7.5000   -7.5000   22.5000 2876.5496   15.9465
    0.0000   -7.5000   22.5000 2899.3499   15.8623
    7.5000   -7.5000   22.5000 2886.8247   15.9123
   -7.5000    0.0000   22.5000 2893.3779   15.7519
    0.0000    0.0000   22.5000 2919.9568   15.5331
    7.5000    0.0000   22.5000 2902.9062   15.6432
   -7.5000    7.5000   22.5000 2880.1250   16.0124
    0.0000    7.5000   22.5000 2914.2302   15.7823
    7.5000    7.5000   22.5000 2898.7751   15.8373
   -7.5000   15.0000   22.5000 2830.8494   16.6341
    0.0000   15.0000   22.5000 2873.0911   16.4429
    7.5000   15.0000   22.5000 2866.3110   16.5524
   -7.5000   22.5000   22.5000 2761.4045   17.5720
    0.0000   22.5000   22.5000 2797.8064   17.4429
    7.5000   22.5000   22.5000 2803.9053   17.6239
   -7.5000   30.0000   22.5000 2660.0669   18.8833
    0.0000   30.0000   22.5000 2686.8323   18.7682
    7.5000   30.0000   22.5000 2691.0601   18.9902
   -7.5000   37.5000   22.5000 2546.3098   20.5784
    0.0000   37.5000   22.5000 2573.0925   20.4669
    7.5000   37.5000   22.5000 2566.2422   20.6962
   -7.5000   45.0000   22.5000 2402.7070   22.8211
    0.0000   45.0000   22.5000 2426.5322   22.6757
    7.5000   45.0000   22.5000 2420.6042   22.8662
   -7.5000  -45.0000   30.0000 2325.7676   22.0803
    0.0000  -45.0000   30.0000 2330.0107   22.0272
    7.5000  -45.0000   30.0000 2340.1643   22.5635
   -7.5000  -37.5000   30.0000 2461.7532   20.1419
    0.0000  -37.5000   30.0000 2462.5664   20.0028
    7.5000  -37.5000   30.0000 2470.2439   20.3936
   -7.5000  -30.0000   30.0000 2583.8953   18.7066
    0.0000  -30.0000   30.0000 2585.4441   18.5164
    7.5000  -30.0000   30.0000 2586.0586   18.8076
   -7.5000  -22.5000   30.0000 2697.4893   17.6376
    0.0000  -22.5000   30.0000 2699.1807   17.4285
    7.5000  -22.5000   30.0000 2695.2534   17.6123
   -7.5000  -15.0000   30.0000 2792.5178   16.7929
    0.0000  -15.0000   30.0000 2797.9873   16.6714
    7.5000  -15.0000   30.0000 2788.1367   16.7105
   -7.5000   -7.5000   30.0000 2851.7742   16.2330
    0.0000   -7.5000   30.0000 2865.4849   15.9860
    7.5000   -7.5000   30.0000 2845.7788   16.0096
   -7.5000    0.0000   30.0000 2873.9683   15.9657
    0.0000    0.0000   30.0000 2899.1501   15.6297
    7.5000    0.0000   30.0000 2875.3784   15.6593
   -7.5000    7.5000   30.0000 2868.4219   16.1744
    0.0000    7.5000   30.0000 2903.3179   15.9055
    7.5000    7.5000   30.0000 2892.0474   15.9818
   -7.5000   15.0000   30.0000 2814.4885   16.7880
    0.0000   15.0000   30.0000 2855.5769   16.6121
    7.5000   15.0000   30.0000 2853.0952   16.7398
   -7.5000   22.5000   30.0000 2738.2263   17.6835
    0.0000   22.5000   30.0000 2778.9951   17.5631
    7.5000   22.5000   30.0000 2784.6804   17.7500
   -7.5000   30.0000   30.0000 2637.8997   19.0046
    0.0000   30.0000   30.0000 2668.2202   18.8894
    7.5000   30.0000   30.0000 2677.9404   19.1191
   -7.5000   37.5000   30.0000 2525.2329   20.6878
    0.0000   37.5000   30.0000 2553.2026   20.5692
    7.5000   37.5000   30.0000 2547.3738   20.8539
   -7.5000   45.0000   30.0000 2385.6848   22.8748
    0.0000   45.0000   30.0000 2409.3162   22.7410
    7.5000   45.0000   30.0000 2406.0095   22.9416
   -7.5000  -45.0000   37.5000 2277.7703   23.1637
    0.0000  -45.0000   37.5000 2284.2090   22.8142
    7.5000  -45.0000   37.5000 2290.3479   23.2737
   -7.5000  -37.5000   37.5000 2409.2266   21.1393
    0.0000  -37.5000   37.5000 2416.3469   20.7813
    7.5000  -37.5000   37.5000 2422.4519   21.1524
   -7.5000  -30.0000   37.5000 2534.2756   19.6164
    0.0000  -30.0000   37.5000 2536.2119   19.2188
    7.5000  -30.0000   37.5000 2537.6445   19.4968
   -7.5000  -22.5000   37.5000 2645.7229   18.3170
    0.0000  -22.5000   37.5000 2648.5710   17.9664
    7.5000  -22.5000   37.5000 2646.1006   18.1712
   -7.5000  -15.0000   37.5000 2739.4478   17.4191
    0.0000  -15.0000   37.5000 2740.8757   17.1003
    7.5000  -15.0000   37.5000 2740.5547   17.2258
   -7.5000   -7.5000   37.5000 2796.9768   16.7315
    0.0000   -7.5000   37.5000 2804.8184   16.3082
    7.5000   -7.5000   37.5000 2789.3643   16.3113
   -7.5000    0.0000   37.5000 2824.6204   16.4586
    0.0000    0.0000   37.5000 2840.6152   16.0136
    7.5000    0.0000   37.5000 2831.7451   16.1334
   -7.5000    7.5000   37.5000 2818.1921   16.6169
    0.0000    7.5000   37.5000 2854.8340   16.3214
    7.5000    7.5000   37.5000 2855.0828   16.4776
   -7.5000   15.0000   37.5000 2769.0774   17.1751
    0.0000   15.0000   37.5000 2810.3416   16.9790
    7.5000   15.0000   37.5000 2812.9583   17.1614
   -7.5000   22.5000   37.5000 2693.1272   18.0688
    0.0000   22.5000   37.5000 2735.0410   17.9138
    7.5000   22.5000   37.5000 2740.6191   18.1125
   -7.5000   30.0000   37.5000 2600.5081   19.4268
    0.0000   30.0000   37.5000 2637.2334   19.2495
    7.5000   30.0000   37.5000 2643.1323   19.4186
   -7.5000   37.5000   37.5000 2485.3132   21.0562
    0.0000   37.5000   37.5000 2519.2925   20.9034
    7.5000   37.5000   37.5000 2517.8640   21.1658
   -7.5000   45.0000   37.5000 2351.9614   23.1454
    0.0000   45.0000   37.5000 2370.4360   23.0233
    7.5000   45.0000   37.5000 2368.8867   23.2582
   -7.5000  -45.0000   45.0000 2223.5605   24.6116
    0.0000  -45.0000   45.0000 2230.7678   24.0684
    7.5000  -45.0000   45.0000 2237.1355   24.4608
   -7.5000  -37.5000   45.0000 2349.5825   22.3536
    0.0000  -37.5000   45.0000 2361.3691   21.8023
    7.5000  -37.5000   45.0000 2364.2490   22.0974
   -7.5000  -30.0000   45.0000 2461.5742   20.5824
    0.0000  -30.0000   45.0000 2472.6270   20.0577
    7.5000  -30.0000   45.0000 2478.6514   20.3273
   -7.5000  -22.5000   45.0000 2570.0088   19.2259
    0.0000  -22.5000   45.0000 2574.7524   18.7276
    7.5000  -22.5000   45.0000 2585.1565   18.9606
   -7.5000  -15.0000   45.0000 2654.9148   18.2419
    0.0000  -15.0000   45.0000 2667.0054   17.7084
    7.5000  -15.0000   45.0000 2672.4631   17.8269
   -7.5000   -7.5000   45.0000 2717.5732   17.5062
    0.0000   -7.5000   45.0000 2736.9841   16.8737
    7.5000   -7.5000   45.0000 2729.2415   16.9604
   -7.5000    0.0000   45.0000 2749.6462   17.1652
    0.0000    0.0000   45.0000 2772.7405   16.6490
    7.5000    0.0000   45.0000 2768.5559   16.8148
   -7.5000    7.5000   45.0000 2738.6670   17.3006
    0.0000    7.5000   45.0000 2771.1707   16.9794
    7.5000    7.5000   45.0000 2771.5361   17.1361
   -7.5000   15.0000   45.0000 2703.5615   17.8219
    0.0000   15.0000   45.0000 2738.6050   17.5723
    7.5000   15.0000   45.0000 2737.8298   17.7544
   -7.5000   22.5000   45.0000 2630.4866   18.6937
    0.0000   22.5000   45.0000 2665.2505   18.4810
    7.5000   22.5000   45.0000 2671.4856   18.6569
   -7.5000   30.0000   45.0000 2542.3152   19.9997
    0.0000   30.0000   45.0000 2574.7083   19.7630
    7.5000   30.0000   45.0000 2584.3533   19.8842
   -7.5000   37.5000   45.0000 2434.6709   21.6650
    0.0000   37.5000   45.0000 2471.4185   21.4414
    7.5000   37.5000   45.0000 2477.3774   21.6263
   -7.5000   45.0000   45.0000 2298.4197   23.7142
    0.0000   45.0000   45.0000 2320.0327   23.5896
    7.5000   45.0000   45.0000 2320.7563   23.7788

---------------------------------------------------------------------
imgreg_4dfp /opt/freesurfer/average/711-2C_as_mni_average_305 /opt/freesurfer/average/711-2B_as_mni_average_305_mask talsrcimg_g11 none talsrcimg_to_711-2C_as_mni_average_305_t4 1283
---------------------------------------------------------------------

freesurfer imgreg_4dfp.c
/opt/freesurfer/average/711-2C_as_mni_average_305.4dfp.img
       256       256       256         1
  1.000000  1.000000  1.000000
orientation T byte_order littleendian
Reading image: /opt/freesurfer/average/711-2C_as_mni_average_305.4dfp.img
dimensions:      256       256       256
mmppix:       1.0000   -1.0000   -1.0000
center:     128.0000 -129.0000 -129.0000
/opt/freesurfer/average/711-2B_as_mni_average_305_mask.4dfp.img
       256       256       256         1
  1.000000  1.000000  1.000000
orientation T byte_order littleendian
Reading mask: /opt/freesurfer/average/711-2B_as_mni_average_305_mask.4dfp.img (2306576 pixels)
talsrcimg_g11.4dfp.img
       256       256       256         1
  1.000000  1.000000  1.000000
orientation T byte_order littleendian
Reading image: talsrcimg_g11.4dfp.img
dimensions:      256       256       256
mmppix:       1.0000   -1.0000   -1.0000
center:     128.0000 -129.0000 -129.0000
rotation matrix determinant  1.000000
fimgreg.f
image alignment mode   1283 decimal      503 hex
parameters
    0.0000    0.0000   22.5000    0.0000    0.0000    0.0000
eta,q 0.91716 15.52304
niter,ni,del,rscale     5    3   12.0000    1.2000
parameter  4  1.552983 ->  0.500000 qaram    1.1500
parameter  6  5.884470 ->  0.500000 qaram    1.1500
parameters
   -0.6594   -0.2764   23.4497   -3.4500   -1.4694   -3.4500
eta,q 0.92830 15.35464
  0.0919  0.0842  0.0905  0.0752  0.0813  0.0706
  0.0861  0.0822  0.0891  0.0769  0.0789  0.0713
  0.0820  0.0824  0.0853  0.0787  0.0772  0.0735
  0.0832  0.0818  0.0815  0.0804  0.0773  0.0771
  0.0878  0.0825  0.0803  0.0832  0.0795  0.0805
  0.0911  0.0834  0.0827  0.0867  0.0839  0.0828
  0.0926  0.0840  0.0887  0.0909  0.0885  0.0848
niter,ni,del,rscale     6    3   12.0000    1.2000
parameter  4  1.326717 ->  0.500000 qaram    1.3225
parameter  5  0.520958 ->  0.500000 qaram    1.1500
parameter  6  0.713017 ->  0.500000 qaram    1.3225
parameters
    0.4343    0.1731   22.5711   -7.4175   -4.9194   -7.4175
eta,q 0.93517 15.25080
  0.0875  0.0824  0.0772  0.0653  0.0679  0.0657
  0.0807  0.0768  0.0743  0.0669  0.0676  0.0647
  0.0753  0.0731  0.0721  0.0693  0.0672  0.0656
  0.0717  0.0715  0.0716  0.0716  0.0676  0.0676
  0.0724  0.0730  0.0730  0.0752  0.0710  0.0710
  0.0757  0.0759  0.0773  0.0808  0.0751  0.0758
  0.0792  0.0789  0.0823  0.0859  0.0791  0.0804
niter,ni,del,rscale     7    3   12.0000    1.2000
parameters
    1.2288   -0.6663   21.1480  -11.2752   -7.1813   -6.5270
eta,q 0.94207 15.50527
  0.0843  0.0712  0.0672  0.0626  0.0630  0.0705
  0.0721  0.0641  0.0648  0.0598  0.0590  0.0653
  0.0668  0.0616  0.0622  0.0601  0.0581  0.0601
  0.0648  0.0641  0.0628  0.0619  0.0596  0.0581
  0.0642  0.0670  0.0655  0.0651  0.0634  0.0583
  0.0685  0.0696  0.0694  0.0700  0.0664  0.0615
  0.0749  0.0732  0.0757  0.0748  0.0715  0.0664
niter,ni,del,rscale     6    3   12.0000    1.2000
parameters
    1.9191    0.1462   19.1960  -13.5800   -7.6314   -6.3328
eta,q 0.94423 15.64348
  0.0771  0.0720  0.0608  0.0595  0.0636  0.0662
  0.0695  0.0638  0.0568  0.0567  0.0599  0.0599
  0.0626  0.0586  0.0562  0.0555  0.0571  0.0563
  0.0579  0.0569  0.0577  0.0562  0.0555  0.0557
  0.0569  0.0595  0.0601  0.0591  0.0574  0.0569
  0.0621  0.0615  0.0658  0.0623  0.0618  0.0596
  0.0720  0.0643  0.0728  0.0642  0.0658  0.0647
niter,ni,del,rscale     5    3   12.0000    1.2000
parameters
    2.1122    0.0588   18.0731  -15.2002   -7.7925   -6.4220
eta,q 0.94523 15.73476
  0.0745  0.0669  0.0609  0.0572  0.0629  0.0647
  0.0658  0.0591  0.0558  0.0587  0.0595  0.0588
  0.0585  0.0557  0.0539  0.0554  0.0567  0.0556
  0.0558  0.0557  0.0556  0.0544  0.0547  0.0548
  0.0573  0.0585  0.0573  0.0560  0.0553  0.0558
  0.0635  0.0612  0.0607  0.0601  0.0598  0.0590
  0.0728  0.0654  0.0669  0.0625  0.0644  0.0652
niter,ni,del,rscale     4    3   12.0000    1.2000
parameters
    2.0488    0.4780   17.5634  -17.9613   -6.9276   -6.6020
eta,q 0.94315 15.79188
  0.0735  0.0668  0.0629  0.0552  0.0676  0.0637
  0.0645  0.0606  0.0564  0.0567  0.0638  0.0593
  0.0569  0.0569  0.0532  0.0568  0.0591  0.0572
  0.0548  0.0548  0.0548  0.0542  0.0570  0.0569
  0.0574  0.0571  0.0566  0.0554  0.0571  0.0569
  0.0645  0.0607  0.0594  0.0587  0.0600  0.0592
  0.0746  0.0626  0.0650  0.0628  0.0640  0.0650
niter,ni,del,rscale     3    3   12.0000    1.2000
parameters
    1.5323    2.4338   16.9148  -21.9229   -7.0864   -6.7029
eta,q 0.94624 15.90617
  0.0726  0.0678  0.0620  0.0550  0.0658  0.0623
  0.0649  0.0624  0.0567  0.0534  0.0597  0.0579
  0.0584  0.0587  0.0551  0.0543  0.0544  0.0553
  0.0568  0.0566  0.0553  0.0551  0.0538  0.0537
  0.0603  0.0553  0.0567  0.0567  0.0567  0.0546
  0.0684  0.0563  0.0595  0.0592  0.0606  0.0582
  0.0798  0.0589  0.0655  0.0638  0.0661  0.0630
niter,ni,del,rscale     2    3   12.0000    1.2000
parameters
    1.9634    3.9157   16.1559  -21.7371   -7.4478   -6.1891
eta,q 0.94799 15.79201
  0.0772  0.0678  0.0637  0.0631  0.0650  0.0630
  0.0695  0.0611  0.0574  0.0566  0.0582  0.0575
  0.0608  0.0549  0.0528  0.0527  0.0529  0.0543
  0.0538  0.0529  0.0532  0.0525  0.0525  0.0522
  0.0534  0.0535  0.0572  0.0534  0.0558  0.0521
  0.0616  0.0552  0.0625  0.0577  0.0609  0.0553
  0.0751  0.0575  0.0691  0.0608  0.0664  0.0612
niter,ni,del,rscale     1    3   12.0000    1.2000
parameters
    1.9833    4.1123   16.1264  -21.6582   -7.6323   -6.0934
eta,q 0.94807 15.77262
  0.0742  0.0629  0.0659  0.0632  0.0656  0.0621
  0.0660  0.0562  0.0596  0.0566  0.0591  0.0570
  0.0575  0.0525  0.0541  0.0525  0.0533  0.0539
  0.0520  0.0520  0.0521  0.0521  0.0521  0.0520
  0.0541  0.0541  0.0551  0.0534  0.0552  0.0524
  0.0638  0.0568  0.0600  0.0581  0.0606  0.0563
  0.0763  0.0600  0.0656  0.0613  0.0662  0.0623
registration optimization eta report
parameter search radius
    6.0000    6.0000    6.0000    7.9350    6.9000    7.9350
100000*second partial in parameter space
       62.       26.       36.       16.       28.       16.
  0.0742  0.0629  0.0659  0.0632  0.0656  0.0621
  0.0660  0.0562  0.0596  0.0566  0.0591  0.0570
  0.0575  0.0525  0.0541  0.0525  0.0533  0.0539
  0.0520  0.0520  0.0521  0.0521  0.0521  0.0520
  0.0541  0.0541  0.0551  0.0534  0.0552  0.0524
  0.0638  0.0568  0.0600  0.0581  0.0606  0.0563
  0.0763  0.0600  0.0656  0.0613  0.0662  0.0623
    1.9833    4.1123   16.1264  -21.6582   -7.6323   -6.0934
eta,q 0.94807 15.77262

---------------------------------------------------------------------
imgreg_4dfp /opt/freesurfer/average/711-2C_as_mni_average_305 /opt/freesurfer/average/711-2B_as_mni_average_305_mask talsrcimg_g11 none talsrcimg_to_711-2C_as_mni_average_305_t4 3335
---------------------------------------------------------------------

freesurfer imgreg_4dfp.c
/opt/freesurfer/average/711-2C_as_mni_average_305.4dfp.img
       256       256       256         1
  1.000000  1.000000  1.000000
orientation T byte_order littleendian
Reading image: /opt/freesurfer/average/711-2C_as_mni_average_305.4dfp.img
dimensions:      256       256       256
mmppix:       1.0000   -1.0000   -1.0000
center:     128.0000 -129.0000 -129.0000
/opt/freesurfer/average/711-2B_as_mni_average_305_mask.4dfp.img
       256       256       256         1
  1.000000  1.000000  1.000000
orientation T byte_order littleendian
Reading mask: /opt/freesurfer/average/711-2B_as_mni_average_305_mask.4dfp.img (2306576 pixels)
talsrcimg_g11.4dfp.img
       256       256       256         1
  1.000000  1.000000  1.000000
orientation T byte_order littleendian
Reading image: talsrcimg_g11.4dfp.img
dimensions:      256       256       256
mmppix:       1.0000   -1.0000   -1.0000
center:     128.0000 -129.0000 -129.0000
fimgreg.f
image alignment mode   3335 decimal      D07 hex
parameters
    1.9833    4.1123   16.1264   -1.4459   -7.0645   -7.8831
    4.9915   16.1918  -10.5209   35.3880  -13.2815  -36.5798
eta,q 0.94683 15.80999
niter,ni,del,rscale     5    3    5.0000    1.2000
parameter  4  1.254929 ->  0.500000 qaram    1.1500
parameter  5 -3.073666 ->  0.500000 qaram    1.1500
parameter  6  0.762168 ->  0.500000 qaram    1.1500
parameter 10  0.689789 ->  0.500000 qaram    1.1500
parameter 11 -0.723463 -> -0.500000 qaram    1.1500
parameter 12 -0.542519 -> -0.500000 qaram    1.1500
parameters
    2.2248    4.5981   16.1483   -5.5859  -11.2045  -12.0231
    3.0856   17.1877   -7.9402   31.2480   -9.1415  -32.4398
eta,q 0.96349 15.31115
  0.0582  0.0545  0.0552  0.0462  0.0359  0.0393  0.0412  0.0444  0.0434  0.0378  0.0401  0.0405
  0.0557  0.0539  0.0540  0.0477  0.0404  0.0396  0.0400  0.0420  0.0416  0.0375  0.0390  0.0391
  0.0540  0.0535  0.0533  0.0497  0.0447  0.0403  0.0395  0.0404  0.0402  0.0379  0.0382  0.0379
  0.0532  0.0531  0.0530  0.0530  0.0482  0.0416  0.0398  0.0395  0.0394  0.0391  0.0376  0.0370
  0.0534  0.0530  0.0532  0.0581  0.0514  0.0439  0.0407  0.0394  0.0391  0.0411  0.0371  0.0366
  0.0545  0.0532  0.0540  0.0642  0.0544  0.0473  0.0421  0.0403  0.0393  0.0439  0.0370  0.0365
  0.0565  0.0538  0.0552  0.0698  0.0570  0.0520  0.0440  0.0425  0.0401  0.0474  0.0371  0.0369
niter,ni,del,rscale     7    3    5.0000    1.2000
parameter  2  0.535677 ->  0.500000 qaram    1.1500
parameter  4  0.895509 ->  0.500000 qaram    1.3225
parameter  5  1.183528 ->  0.500000 qaram    1.3225
parameters
    2.2031    3.2181   16.8348  -10.3469  -15.9655  -13.2744
    4.2805   17.0178   -7.5737   29.5192   -9.4143  -33.8809
eta,q 0.97205 14.76154
  0.0398  0.0364  0.0383  0.0320  0.0281  0.0308  0.0322  0.0324  0.0310  0.0306  0.0293  0.0297
  0.0379  0.0358  0.0371  0.0327  0.0283  0.0292  0.0305  0.0301  0.0296  0.0291  0.0286  0.0284
  0.0368  0.0358  0.0362  0.0339  0.0298  0.0284  0.0292  0.0286  0.0286  0.0282  0.0282  0.0279
  0.0365  0.0365  0.0357  0.0356  0.0330  0.0285  0.0284  0.0283  0.0283  0.0282  0.0281  0.0281
  0.0369  0.0379  0.0356  0.0377  0.0374  0.0292  0.0283  0.0290  0.0285  0.0292  0.0283  0.0288
  0.0381  0.0397  0.0358  0.0411  0.0422  0.0305  0.0291  0.0305  0.0292  0.0311  0.0287  0.0297
  0.0398  0.0418  0.0364  0.0466  0.0462  0.0327  0.0305  0.0326  0.0305  0.0343  0.0294  0.0309
niter,ni,del,rscale     7    3    5.0000    1.2000
parameters
    2.4864    4.1612   17.1855  -14.9587  -20.2904  -14.1455
    3.7870   16.7018   -8.4170   29.9953  -10.3317  -36.2721
eta,q 0.97440 14.23191
  0.0325  0.0348  0.0298  0.0275  0.0272  0.0290  0.0282  0.0303  0.0275  0.0302  0.0267  0.0266
  0.0303  0.0319  0.0286  0.0266  0.0262  0.0272  0.0269  0.0279  0.0265  0.0281  0.0262  0.0259
  0.0287  0.0295  0.0278  0.0265  0.0259  0.0261  0.0261  0.0263  0.0259  0.0265  0.0259  0.0256
  0.0279  0.0279  0.0274  0.0273  0.0264  0.0260  0.0259  0.0259  0.0259  0.0258  0.0258  0.0258
  0.0281  0.0274  0.0274  0.0289  0.0291  0.0268  0.0263  0.0267  0.0263  0.0261  0.0260  0.0264
  0.0291  0.0279  0.0278  0.0310  0.0336  0.0283  0.0274  0.0285  0.0272  0.0274  0.0265  0.0273
  0.0308  0.0293  0.0287  0.0340  0.0382  0.0305  0.0290  0.0311  0.0284  0.0294  0.0273  0.0284
niter,ni,del,rscale     6    3    5.0000    1.2000
parameters
    2.5527    4.6215   16.5925  -14.8808  -21.4125  -14.5359
    3.4902   16.7478   -8.6358   30.4456  -10.1975  -37.6481
eta,q 0.97457 14.20644
  0.0294  0.0300  0.0264  0.0290  0.0289  0.0292  0.0280  0.0304  0.0275  0.0300  0.0268  0.0268
  0.0274  0.0277  0.0257  0.0271  0.0272  0.0273  0.0266  0.0279  0.0263  0.0278  0.0261  0.0259
  0.0261  0.0262  0.0254  0.0259  0.0260  0.0260  0.0258  0.0262  0.0257  0.0262  0.0257  0.0255
  0.0256  0.0256  0.0255  0.0254  0.0254  0.0255  0.0255  0.0255  0.0255  0.0255  0.0255  0.0255
  0.0260  0.0256  0.0261  0.0258  0.0257  0.0262  0.0259  0.0262  0.0259  0.0259  0.0257  0.0260
  0.0271  0.0263  0.0269  0.0271  0.0280  0.0278  0.0269  0.0278  0.0266  0.0272  0.0260  0.0268
  0.0290  0.0277  0.0281  0.0289  0.0322  0.0299  0.0284  0.0303  0.0277  0.0292  0.0267  0.0278
niter,ni,del,rscale     5    3    5.0000    1.2000
parameters
    2.5172    4.5668   16.3667  -14.8605  -21.7353  -14.6448
    3.3498   16.7593   -8.6989   30.5441  -10.3664  -38.0354
eta,q 0.97456 14.20150
  0.0289  0.0285  0.0269  0.0290  0.0293  0.0294  0.0280  0.0303  0.0276  0.0297  0.0267  0.0273
  0.0270  0.0267  0.0260  0.0271  0.0275  0.0274  0.0266  0.0278  0.0263  0.0275  0.0260  0.0261
  0.0258  0.0257  0.0255  0.0259  0.0262  0.0260  0.0257  0.0261  0.0256  0.0260  0.0256  0.0255
  0.0254  0.0254  0.0254  0.0254  0.0254  0.0255  0.0255  0.0255  0.0255  0.0255  0.0255  0.0255
  0.0259  0.0258  0.0258  0.0258  0.0254  0.0260  0.0258  0.0261  0.0258  0.0259  0.0256  0.0258
  0.0271  0.0269  0.0265  0.0271  0.0271  0.0275  0.0268  0.0278  0.0265  0.0274  0.0261  0.0265
  0.0291  0.0286  0.0275  0.0289  0.0309  0.0296  0.0282  0.0303  0.0276  0.0295  0.0268  0.0275
niter,ni,del,rscale     4    3    5.0000    1.2000
parameters
    2.4869    4.5408   16.3036  -14.8863  -21.8122  -14.6930
    3.3127   16.7593   -8.7017   30.5551  -10.4219  -38.1423
eta,q 0.97456 14.19736
  0.0289  0.0285  0.0272  0.0290  0.0295  0.0295  0.0281  0.0303  0.0276  0.0297  0.0267  0.0274
  0.0270  0.0267  0.0262  0.0271  0.0277  0.0275  0.0267  0.0278  0.0264  0.0274  0.0260  0.0262
  0.0258  0.0257  0.0256  0.0259  0.0262  0.0260  0.0258  0.0260  0.0256  0.0260  0.0256  0.0256
  0.0254  0.0254  0.0254  0.0254  0.0254  0.0254  0.0254  0.0254  0.0254  0.0254  0.0254  0.0254
  0.0259  0.0258  0.0257  0.0259  0.0254  0.0260  0.0258  0.0261  0.0257  0.0260  0.0256  0.0257
  0.0271  0.0269  0.0263  0.0272  0.0269  0.0275  0.0267  0.0278  0.0265  0.0274  0.0261  0.0264
  0.0291  0.0286  0.0273  0.0290  0.0306  0.0296  0.0282  0.0303  0.0275  0.0296  0.0267  0.0274
niter,ni,del,rscale     3    3    5.0000    1.2000
parameters
    2.4773    4.5340   16.2826  -14.8950  -21.8301  -14.7112
    3.3008   16.7579   -8.7000   30.5538  -10.4404  -38.1727
eta,q 0.97456 14.19610
  0.0290  0.0286  0.0272  0.0290  0.0296  0.0295  0.0281  0.0303  0.0276  0.0297  0.0267  0.0275
  0.0271  0.0268  0.0263  0.0271  0.0277  0.0275  0.0267  0.0278  0.0264  0.0274  0.0260  0.0262
  0.0259  0.0258  0.0256  0.0259  0.0263  0.0261  0.0258  0.0260  0.0256  0.0260  0.0256  0.0256
  0.0254  0.0254  0.0254  0.0254  0.0254  0.0254  0.0254  0.0254  0.0254  0.0254  0.0254  0.0254
  0.0259  0.0258  0.0257  0.0259  0.0254  0.0260  0.0257  0.0261  0.0257  0.0260  0.0256  0.0257
  0.0271  0.0269  0.0263  0.0272  0.0269  0.0275  0.0267  0.0278  0.0265  0.0275  0.0261  0.0264
  0.0291  0.0285  0.0273  0.0290  0.0305  0.0296  0.0281  0.0303  0.0275  0.0297  0.0267  0.0274
registration optimization eta report
parameter search radius
    2.4000    2.7600    2.4000    9.5220    9.5220    8.2800
    7.2000    7.2000    7.2000    8.2800    8.2800    8.2800
100000*second partial in parameter space
       62.       41.       32.        4.        5.        6.
        5.        9.        4.        6.        2.        3.
  0.0290  0.0286  0.0272  0.0290  0.0296  0.0295  0.0281  0.0303  0.0276  0.0297  0.0267  0.0275
  0.0271  0.0268  0.0263  0.0271  0.0277  0.0275  0.0267  0.0278  0.0264  0.0274  0.0260  0.0262
  0.0259  0.0258  0.0256  0.0259  0.0263  0.0261  0.0258  0.0260  0.0256  0.0260  0.0256  0.0256
  0.0254  0.0254  0.0254  0.0254  0.0254  0.0254  0.0254  0.0254  0.0254  0.0254  0.0254  0.0254
  0.0259  0.0258  0.0257  0.0259  0.0254  0.0260  0.0257  0.0261  0.0257  0.0260  0.0256  0.0257
  0.0271  0.0269  0.0263  0.0272  0.0269  0.0275  0.0267  0.0278  0.0265  0.0275  0.0261  0.0264
  0.0291  0.0285  0.0273  0.0290  0.0305  0.0296  0.0281  0.0303  0.0275  0.0297  0.0267  0.0274
    2.4773    4.5340   16.2826  -14.8950  -21.8301  -14.7112
    3.3008   16.7579   -8.7000   30.5538  -10.4404  -38.1727
eta,q 0.97456 14.19610

---------------------------------------------------------------------
imgreg_4dfp /opt/freesurfer/average/711-2C_as_mni_average_305 /opt/freesurfer/average/711-2B_as_mni_average_305_mask talsrcimg_g11 none talsrcimg_to_711-2C_as_mni_average_305_t4 2311
---------------------------------------------------------------------

freesurfer imgreg_4dfp.c
/opt/freesurfer/average/711-2C_as_mni_average_305.4dfp.img
       256       256       256         1
  1.000000  1.000000  1.000000
orientation T byte_order littleendian
Reading image: /opt/freesurfer/average/711-2C_as_mni_average_305.4dfp.img
dimensions:      256       256       256
mmppix:       1.0000   -1.0000   -1.0000
center:     128.0000 -129.0000 -129.0000
/opt/freesurfer/average/711-2B_as_mni_average_305_mask.4dfp.img
       256       256       256         1
  1.000000  1.000000  1.000000
orientation T byte_order littleendian
Reading mask: /opt/freesurfer/average/711-2B_as_mni_average_305_mask.4dfp.img (2306576 pixels)
talsrcimg_g11.4dfp.img
       256       256       256         1
  1.000000  1.000000  1.000000
orientation T byte_order littleendian
Reading image: talsrcimg_g11.4dfp.img
dimensions:      256       256       256
mmppix:       1.0000   -1.0000   -1.0000
center:     128.0000 -129.0000 -129.0000
fimgreg.f
image alignment mode   2311 decimal      907 hex
parameters
    2.4773    4.5340   16.2826  -14.8950  -21.8301  -14.7112
    3.3008   16.7579   -8.7000   30.5538  -10.4404  -38.1727
eta,q 0.97456 14.19611
niter,ni,del,rscale     5    3    5.0000    0.8000
parameters
    2.4749    4.5004   16.2612  -14.8977  -20.2861  -14.6927
    3.4628   16.7471   -8.6972   30.4891  -10.6129  -38.0867
eta,q 0.97472 14.27451
  0.0271  0.0264  0.0263  0.0264  0.0269  0.0269  0.0267  0.0277  0.0263  0.0268  0.0257  0.0261
  0.0262  0.0259  0.0258  0.0259  0.0263  0.0261  0.0259  0.0264  0.0257  0.0259  0.0255  0.0256
  0.0256  0.0255  0.0255  0.0256  0.0258  0.0255  0.0255  0.0255  0.0254  0.0254  0.0253  0.0253
  0.0254  0.0254  0.0254  0.0254  0.0254  0.0253  0.0253  0.0253  0.0253  0.0253  0.0253  0.0253
  0.0256  0.0256  0.0256  0.0255  0.0253  0.0255  0.0254  0.0256  0.0254  0.0255  0.0253  0.0254
  0.0262  0.0259  0.0258  0.0259  0.0253  0.0260  0.0258  0.0264  0.0258  0.0260  0.0255  0.0256
  0.0271  0.0265  0.0263  0.0265  0.0258  0.0269  0.0265  0.0277  0.0263  0.0269  0.0258  0.0260
niter,ni,del,rscale     4    3    5.0000    0.7000
parameters
    2.4773    4.4985   16.2304  -14.8259  -20.3990  -14.7080
    3.4748   16.7438   -8.7385   30.4753  -10.5839  -38.2196
eta,q 0.97472 14.27494
  0.0266  0.0261  0.0259  0.0261  0.0261  0.0265  0.0263  0.0272  0.0261  0.0265  0.0257  0.0258
  0.0259  0.0256  0.0256  0.0256  0.0257  0.0259  0.0257  0.0261  0.0256  0.0258  0.0255  0.0255
  0.0254  0.0254  0.0253  0.0254  0.0254  0.0255  0.0254  0.0255  0.0254  0.0254  0.0253  0.0253
  0.0253  0.0253  0.0253  0.0253  0.0253  0.0253  0.0253  0.0253  0.0253  0.0253  0.0253  0.0253
  0.0254  0.0254  0.0254  0.0253  0.0253  0.0254  0.0254  0.0255  0.0254  0.0254  0.0253  0.0254
  0.0259  0.0256  0.0256  0.0256  0.0256  0.0259  0.0257  0.0262  0.0257  0.0258  0.0255  0.0256
  0.0266  0.0261  0.0260  0.0260  0.0263  0.0266  0.0263  0.0272  0.0261  0.0265  0.0256  0.0259
niter,ni,del,rscale     3    3    5.0000    0.6000
parameters
    2.4764    4.4909   16.2066  -14.8130  -20.2684  -14.7276
    3.4895   16.7294   -8.7617   30.4827  -10.6121  -38.2399
eta,q 0.97473 14.28282
  0.0262  0.0259  0.0258  0.0259  0.0259  0.0262  0.0260  0.0267  0.0259  0.0261  0.0255  0.0257
  0.0257  0.0255  0.0255  0.0255  0.0256  0.0257  0.0256  0.0259  0.0255  0.0257  0.0254  0.0254
  0.0254  0.0253  0.0253  0.0254  0.0254  0.0254  0.0254  0.0254  0.0253  0.0254  0.0253  0.0253
  0.0253  0.0253  0.0253  0.0253  0.0253  0.0253  0.0253  0.0253  0.0253  0.0253  0.0253  0.0253
  0.0254  0.0254  0.0253  0.0253  0.0253  0.0254  0.0254  0.0255  0.0254  0.0254  0.0253  0.0253
  0.0257  0.0256  0.0255  0.0255  0.0255  0.0257  0.0256  0.0259  0.0256  0.0256  0.0254  0.0255
  0.0262  0.0259  0.0258  0.0259  0.0259  0.0263  0.0260  0.0267  0.0259  0.0261  0.0256  0.0257
niter,ni,del,rscale     2    3    5.0000    0.5000
parameters
    2.4728    4.4789   16.1968  -14.7900  -20.1289  -14.7269
    3.5108   16.7148   -8.7716   30.4854  -10.6056  -38.2564
eta,q 0.97473 14.29159
  0.0259  0.0257  0.0256  0.0257  0.0257  0.0260  0.0258  0.0263  0.0257  0.0259  0.0255  0.0256
  0.0256  0.0255  0.0254  0.0255  0.0255  0.0256  0.0255  0.0257  0.0254  0.0255  0.0254  0.0254
  0.0253  0.0253  0.0253  0.0253  0.0254  0.0254  0.0253  0.0254  0.0253  0.0253  0.0253  0.0253
  0.0253  0.0253  0.0253  0.0253  0.0253  0.0253  0.0253  0.0253  0.0253  0.0253  0.0253  0.0253
  0.0254  0.0253  0.0253  0.0253  0.0253  0.0253  0.0253  0.0254  0.0253  0.0253  0.0253  0.0253
  0.0256  0.0255  0.0254  0.0254  0.0254  0.0256  0.0255  0.0257  0.0255  0.0255  0.0254  0.0254
  0.0260  0.0257  0.0256  0.0257  0.0257  0.0260  0.0258  0.0263  0.0257  0.0259  0.0255  0.0256
niter,ni,del,rscale     1    3    5.0000    0.4000
parameters
    2.4710    4.4720   16.1955  -14.7715  -19.9998  -14.7264
    3.5226   16.7017   -8.7969   30.4968  -10.6344  -38.2403
eta,q 0.97474 14.29965
  0.0257  0.0255  0.0255  0.0255  0.0256  0.0257  0.0256  0.0259  0.0255  0.0257  0.0254  0.0255
  0.0255  0.0254  0.0254  0.0254  0.0254  0.0255  0.0254  0.0255  0.0254  0.0254  0.0253  0.0253
  0.0253  0.0253  0.0253  0.0253  0.0253  0.0253  0.0253  0.0253  0.0253  0.0253  0.0253  0.0253
  0.0253  0.0253  0.0253  0.0253  0.0253  0.0253  0.0253  0.0253  0.0253  0.0253  0.0253  0.0253
  0.0253  0.0253  0.0253  0.0253  0.0253  0.0253  0.0253  0.0253  0.0253  0.0253  0.0253  0.0253
  0.0255  0.0254  0.0254  0.0254  0.0254  0.0255  0.0254  0.0256  0.0254  0.0254  0.0253  0.0254
  0.0257  0.0255  0.0255  0.0255  0.0255  0.0257  0.0256  0.0259  0.0255  0.0256  0.0254  0.0254
registration optimization eta report
parameter search radius
    0.8000    0.8000    0.8000    2.4000    2.4000    2.4000
    2.4000    2.4000    2.4000    2.4000    2.4000    2.4000
100000*second partial in parameter space
       69.       43.       35.        4.        5.        8.
        6.       11.        5.        7.        2.        3.
  0.0257  0.0255  0.0255  0.0255  0.0256  0.0257  0.0256  0.0259  0.0255  0.0257  0.0254  0.0255
  0.0255  0.0254  0.0254  0.0254  0.0254  0.0255  0.0254  0.0255  0.0254  0.0254  0.0253  0.0253
  0.0253  0.0253  0.0253  0.0253  0.0253  0.0253  0.0253  0.0253  0.0253  0.0253  0.0253  0.0253
  0.0253  0.0253  0.0253  0.0253  0.0253  0.0253  0.0253  0.0253  0.0253  0.0253  0.0253  0.0253
  0.0253  0.0253  0.0253  0.0253  0.0253  0.0253  0.0253  0.0253  0.0253  0.0253  0.0253  0.0253
  0.0255  0.0254  0.0254  0.0254  0.0254  0.0255  0.0254  0.0256  0.0254  0.0254  0.0253  0.0254
  0.0257  0.0255  0.0255  0.0255  0.0255  0.0257  0.0256  0.0259  0.0255  0.0256  0.0254  0.0254
    2.4710    4.4720   16.1955  -14.7715  -19.9998  -14.7264
    3.5226   16.7017   -8.7969   30.4968  -10.6344  -38.2403
eta,q 0.97474 14.29965

---------------------------------------------------------------------
imgreg_4dfp /opt/freesurfer/average/711-2C_as_mni_average_305 /opt/freesurfer/average/711-2B_as_mni_average_305_mask talsrcimg_g11 none talsrcimg_to_711-2C_as_mni_average_305_t4 2311
---------------------------------------------------------------------

freesurfer imgreg_4dfp.c
/opt/freesurfer/average/711-2C_as_mni_average_305.4dfp.img
       256       256       256         1
  1.000000  1.000000  1.000000
orientation T byte_order littleendian
Reading image: /opt/freesurfer/average/711-2C_as_mni_average_305.4dfp.img
dimensions:      256       256       256
mmppix:       1.0000   -1.0000   -1.0000
center:     128.0000 -129.0000 -129.0000
/opt/freesurfer/average/711-2B_as_mni_average_305_mask.4dfp.img
       256       256       256         1
  1.000000  1.000000  1.000000
orientation T byte_order littleendian
Reading mask: /opt/freesurfer/average/711-2B_as_mni_average_305_mask.4dfp.img (2306576 pixels)
talsrcimg_g11.4dfp.img
       256       256       256         1
  1.000000  1.000000  1.000000
orientation T byte_order littleendian
Reading image: talsrcimg_g11.4dfp.img
dimensions:      256       256       256
mmppix:       1.0000   -1.0000   -1.0000
center:     128.0000 -129.0000 -129.0000
fimgreg.f
image alignment mode   2311 decimal      907 hex
parameters
    2.4710    4.4720   16.1955  -14.7715  -19.9998  -14.7264
    3.5226   16.7017   -8.7969   30.4968  -10.6344  -38.2403
eta,q 0.97474 14.29965
niter,ni,del,rscale     5    3    5.0000    0.8000
parameters
    2.4699    4.4819   16.1998  -14.8434  -20.5717  -14.7558
    3.4233   16.7423   -8.7273   30.4720  -10.5872  -38.2584
eta,q 0.97471 14.26416
  0.0270  0.0264  0.0262  0.0263  0.0262  0.0269  0.0265  0.0278  0.0264  0.0268  0.0258  0.0260
  0.0260  0.0258  0.0257  0.0257  0.0257  0.0261  0.0259  0.0264  0.0258  0.0260  0.0255  0.0256
  0.0255  0.0254  0.0254  0.0254  0.0254  0.0255  0.0254  0.0256  0.0254  0.0255  0.0254  0.0254
  0.0253  0.0253  0.0253  0.0253  0.0253  0.0253  0.0253  0.0253  0.0253  0.0253  0.0253  0.0253
  0.0255  0.0254  0.0254  0.0254  0.0254  0.0255  0.0255  0.0256  0.0254  0.0255  0.0253  0.0254
  0.0260  0.0258  0.0257  0.0257  0.0259  0.0261  0.0259  0.0264  0.0258  0.0260  0.0255  0.0256
  0.0270  0.0264  0.0261  0.0263  0.0271  0.0270  0.0267  0.0277  0.0263  0.0269  0.0258  0.0260
niter,ni,del,rscale     4    3    5.0000    0.7000
parameters
    2.4699    4.4955   16.2014  -14.8263  -20.4153  -14.7408
    3.4591   16.7370   -8.7369   30.4869  -10.5965  -38.2524
eta,q 0.97472 14.27417
  0.0266  0.0261  0.0260  0.0261  0.0262  0.0266  0.0263  0.0272  0.0261  0.0265  0.0257  0.0259
  0.0259  0.0257  0.0256  0.0257  0.0258  0.0259  0.0258  0.0261  0.0256  0.0258  0.0254  0.0255
  0.0254  0.0254  0.0254  0.0254  0.0255  0.0255  0.0254  0.0255  0.0254  0.0254  0.0253  0.0253
  0.0253  0.0253  0.0253  0.0253  0.0253  0.0253  0.0253  0.0253  0.0253  0.0253  0.0253  0.0253
  0.0254  0.0254  0.0254  0.0254  0.0253  0.0254  0.0254  0.0255  0.0254  0.0254  0.0253  0.0254
  0.0259  0.0256  0.0256  0.0256  0.0255  0.0259  0.0257  0.0262  0.0257  0.0258  0.0255  0.0255
  0.0266  0.0261  0.0260  0.0261  0.0262  0.0266  0.0263  0.0272  0.0261  0.0265  0.0257  0.0258
niter,ni,del,rscale     3    3    5.0000    0.6000
parameters
    2.4718    4.4890   16.1999  -14.8136  -20.2651  -14.7332
    3.4807   16.7309   -8.7555   30.4829  -10.6076  -38.2592
eta,q 0.97473 14.28299
  0.0262  0.0259  0.0258  0.0259  0.0259  0.0262  0.0260  0.0267  0.0259  0.0261  0.0255  0.0257
  0.0257  0.0255  0.0255  0.0255  0.0256  0.0257  0.0256  0.0259  0.0255  0.0257  0.0254  0.0254
  0.0254  0.0253  0.0253  0.0253  0.0254  0.0254  0.0254  0.0254  0.0253  0.0254  0.0253  0.0253
  0.0253  0.0253  0.0253  0.0253  0.0253  0.0253  0.0253  0.0253  0.0253  0.0253  0.0253  0.0253
  0.0254  0.0254  0.0253  0.0253  0.0253  0.0254  0.0253  0.0255  0.0254  0.0254  0.0253  0.0253
  0.0257  0.0256  0.0255  0.0255  0.0255  0.0257  0.0256  0.0259  0.0256  0.0257  0.0254  0.0255
  0.0262  0.0259  0.0258  0.0259  0.0259  0.0262  0.0260  0.0267  0.0259  0.0261  0.0255  0.0257
niter,ni,del,rscale     2    3    5.0000    0.5000
parameters
    2.4707    4.4802   16.1925  -14.7936  -20.1269  -14.7282
    3.5069   16.7162   -8.7629   30.4908  -10.6181  -38.2632
eta,q 0.97473 14.29182
  0.0259  0.0257  0.0256  0.0257  0.0257  0.0260  0.0258  0.0263  0.0257  0.0259  0.0255  0.0256
  0.0256  0.0255  0.0254  0.0255  0.0255  0.0256  0.0255  0.0257  0.0254  0.0255  0.0254  0.0254
  0.0253  0.0253  0.0253  0.0253  0.0254  0.0254  0.0253  0.0254  0.0253  0.0253  0.0253  0.0253
  0.0253  0.0253  0.0253  0.0253  0.0253  0.0253  0.0253  0.0253  0.0253  0.0253  0.0253  0.0253
  0.0253  0.0253  0.0253  0.0253  0.0253  0.0253  0.0253  0.0254  0.0253  0.0253  0.0253  0.0253
  0.0256  0.0255  0.0254  0.0254  0.0254  0.0256  0.0255  0.0257  0.0255  0.0255  0.0254  0.0254
  0.0260  0.0257  0.0256  0.0257  0.0257  0.0260  0.0258  0.0263  0.0257  0.0259  0.0255  0.0256
niter,ni,del,rscale     1    3    5.0000    0.4000
parameters
    2.4695    4.4693   16.1933  -14.7709  -19.9942  -14.7241
    3.5194   16.7017   -8.7938   30.4982  -10.6420  -38.2479
eta,q 0.97474 14.30033
  0.0257  0.0255  0.0255  0.0255  0.0256  0.0257  0.0256  0.0259  0.0255  0.0257  0.0254  0.0255
  0.0255  0.0254  0.0254  0.0254  0.0254  0.0255  0.0254  0.0255  0.0254  0.0254  0.0253  0.0253
  0.0253  0.0253  0.0253  0.0253  0.0253  0.0253  0.0253  0.0253  0.0253  0.0253  0.0253  0.0253
  0.0253  0.0253  0.0253  0.0253  0.0253  0.0253  0.0253  0.0253  0.0253  0.0253  0.0253  0.0253
  0.0253  0.0253  0.0253  0.0253  0.0253  0.0253  0.0253  0.0253  0.0253  0.0253  0.0253  0.0253
  0.0255  0.0254  0.0254  0.0254  0.0254  0.0255  0.0254  0.0256  0.0254  0.0254  0.0253  0.0253
  0.0257  0.0255  0.0255  0.0255  0.0255  0.0257  0.0256  0.0259  0.0255  0.0256  0.0254  0.0254
registration optimization eta report
parameter search radius
    0.8000    0.8000    0.8000    2.4000    2.4000    2.4000
    2.4000    2.4000    2.4000    2.4000    2.4000    2.4000
100000*second partial in parameter space
       69.       43.       35.        4.        5.        8.
        6.       11.        5.        7.        2.        3.
  0.0257  0.0255  0.0255  0.0255  0.0256  0.0257  0.0256  0.0259  0.0255  0.0257  0.0254  0.0255
  0.0255  0.0254  0.0254  0.0254  0.0254  0.0255  0.0254  0.0255  0.0254  0.0254  0.0253  0.0253
  0.0253  0.0253  0.0253  0.0253  0.0253  0.0253  0.0253  0.0253  0.0253  0.0253  0.0253  0.0253
  0.0253  0.0253  0.0253  0.0253  0.0253  0.0253  0.0253  0.0253  0.0253  0.0253  0.0253  0.0253
  0.0253  0.0253  0.0253  0.0253  0.0253  0.0253  0.0253  0.0253  0.0253  0.0253  0.0253  0.0253
  0.0255  0.0254  0.0254  0.0254  0.0254  0.0255  0.0254  0.0256  0.0254  0.0254  0.0253  0.0253
  0.0257  0.0255  0.0255  0.0255  0.0255  0.0257  0.0256  0.0259  0.0255  0.0256  0.0254  0.0254
    2.4695    4.4693   16.1933  -14.7709  -19.9942  -14.7241
    3.5194   16.7017   -8.7938   30.4982  -10.6420  -38.2479
eta,q 0.97474 14.30033

---------------------------------------------------------------------
compute_vox2vox talsrcimg talsrcimg_to_711-2C_as_mni_average_305_t4 /opt/freesurfer/average/711-2C_as_mni_average_305
---------------------------------------------------------------------

freesurfer compute_vox2vox.c
Reading: talsrcimg.4dfp.ifh
Reading: talsrcimg_to_711-2C_as_mni_average_305_t4
Reading: /opt/freesurfer/average/711-2C_as_mni_average_305.4dfp.ifh
Writing: talsrcimg_to_711-2C_as_mni_average_305_t4_vox2vox.txt

start time Sun Mar 8 22:14:20 CET 2026
end		time Sun Mar 8 22:16:01 CET 2026

mpr2mni305 success

avi2talxfm orig_nu.mgz /opt/freesurfer/average/mni305.cor.mgz talsrcimg_to_711-2C_as_mni_average_305_t4_vox2vox.txt transforms/talairach.auto.xfm
avi2talxfm done
mv -f /out/sourcedata/freesurfer/sub-v1s16x0051167_ses-1/mri/talsrcimg_to_711-2C_as_mni_average_305_t4_vox2vox.txt /out/sourcedata/freesurfer/sub-v1s16x0051167_ses-1/mri/transforms/talsrcimg_to_711-2C_as_mni_average_305_t4_vox2vox.txt
lta_convert --src orig_nu.mgz --trg /opt/freesurfer/average/mni305.cor.mgz --inxfm transforms/talairach.auto.xfm --outlta transforms/talairach.auto.xfm.lta --subject fsaverage
7.3.2

--src: orig_nu.mgz src image (geometry).
--trg: /opt/freesurfer/average/mni305.cor.mgz trg image (geometry).
--inmni: transforms/talairach.auto.xfm input MNI/XFM transform.
--outlta: transforms/talairach.auto.xfm.lta output LTA.
--s: fsaverage subject name
 LTA read, type : 1
 1.13766  -0.17500  -0.13371  -3.86670;
 0.16914   0.97543   0.45888  -2.42974;
 0.06057  -0.39107   1.06029   18.14563;
 0.00000   0.00000   0.00000   1.00000;
setting subject to fsaverage
Writing  LTA to file transforms/talairach.auto.xfm.lta...
lta_convert successful.
 
 
Started at Sun Mar 8 22:14:20 CET 2026
Ended   at Sun Mar  8 22:16:01 CET 2026
talairach_avi done
