/out/sourcedata/freesurfer/sub-v1s16x0051176_ses-1/mri
/opt/freesurfer/bin/talairach_avi
--i orig_nu.mgz --xfm transforms/talairach.auto.xfm
talairach_avi 7.3.2
Linux dna029 5.14.0-427.37.1.el9_4.x86_64 #1 SMP PREEMPT_DYNAMIC Fri Sep 13 12:41:50 EDT 2024 x86_64 x86_64 x86_64 GNU/Linux
Sun Mar  8 22:51:41 CET 2026
mri_convert orig_nu.mgz talsrcimg.img 
reading from orig_nu.mgz...
TR=0.00, TE=0.00, TI=0.00, flip angle=0.00
i_ras = (-1, 0, 0)
j_ras = (0, 0, -1)
k_ras = (0, 1, 0)
writing to talsrcimg.img...
Analyze Output Matrix
-1.00000   0.00000   0.00000   129.42618;
 0.00000   0.00000   1.00000  -115.90714;
 0.00000  -1.00000   0.00000   130.01917;
 0.00000   0.00000   0.00000   1.00000;
--------------------
INFO: set hdr.hist.orient to -1
mpr2mni305 talsrcimg
Sun Mar  8 22:51:42 CET 2026
/opt/freesurfer/bin/mpr2mni305 talsrcimg
mpr2mni305 7.3.2
target=711-2C_as_mni_average_305

---------------------------------------------------------------------
analyzeto4dfp talsrcimg -O0 -y
---------------------------------------------------------------------

freesurfer ifh2hdr.c
Sun Mar  8 22:51:42 2026
Writing: talsrcimg.4dfp.hdr
freesurfer analyzeto4dfp.c
Reading: talsrcimg.hdr
header size 348 bytes
hdr.dime.datatype	offset=70	value=2
hdr.dime.bitpix		offset=72	value=8
hdr.hist.orient		offset=252	value=-1
dimensionality     4
dimensions       256       256       256         1
Reading: talsrcimg.img
Writing: talsrcimg.4dfp.img
Writing: talsrcimg.4dfp.ifh
ifh2hdr talsrcimg -r0to218
ori=2

---------------------------------------------------------------------
gauss_4dfp talsrcimg 1.1
---------------------------------------------------------------------

freesurfer gauss_4dfp.c
Reading: talsrcimg.4dfp.img
Writing: talsrcimg_g11.4dfp.img
image dimensions 256 256 256 padded to 288 288 288
processing volume 1freesurfer ifh2hdr.c
Sun Mar  8 22:51:44 2026
Writing: talsrcimg_g11.4dfp.hdr

Writing: talsrcimg_g11.4dfp.ifh
including: talsrcimg.4dfp.img.rec in talsrcimg_g11.4dfp.img.rec

---------------------------------------------------------------------
imgreg_4dfp /opt/freesurfer/average/711-2C_as_mni_average_305 none talsrcimg_g11 none talsrcimg_to_711-2C_as_mni_average_305_t4 4355
---------------------------------------------------------------------

freesurfer imgreg_4dfp.c
/opt/freesurfer/average/711-2C_as_mni_average_305.4dfp.img
       256       256       256         1
  1.000000  1.000000  1.000000
orientation T byte_order littleendian
Reading image: /opt/freesurfer/average/711-2C_as_mni_average_305.4dfp.img
dimensions:      256       256       256
mmppix:       1.0000   -1.0000   -1.0000
center:     128.0000 -129.0000 -129.0000
talsrcimg_g11.4dfp.img
       256       256       256         1
  1.000000  1.000000  1.000000
orientation T byte_order littleendian
Reading image: talsrcimg_g11.4dfp.img
dimensions:      256       256       256
mmppix:       1.0000   -1.0000   -1.0000
center:     128.0000 -129.0000 -129.0000
t4_read: open error in t4_sub.f l:  41 t4_file(1:l)talsrcimg_to_711-2C_as_mni_average_305_t4 
t4_read: transform initialized to I4
rotation matrix determinant  1.000000
image alignment mode   4355 decimal     1103 hex
   -7.5000  -45.0000  -45.0000 5128.5469   28.8859
    0.0000  -45.0000  -45.0000 5318.6675   28.8965
    7.5000  -45.0000  -45.0000 5110.8447   28.9115
   -7.5000  -37.5000  -45.0000 5722.5195   28.0923
    0.0000  -37.5000  -45.0000 5919.1167   28.1050
    7.5000  -37.5000  -45.0000 5695.1660   28.1302
   -7.5000  -30.0000  -45.0000 6528.2656   27.5003
    0.0000  -30.0000  -45.0000 6761.2231   27.5156
    7.5000  -30.0000  -45.0000 6514.7827   27.5511
   -7.5000  -22.5000  -45.0000 7348.8423   27.2881
    0.0000  -22.5000  -45.0000 7643.7217   27.3082
    7.5000  -22.5000  -45.0000 7343.1089   27.3445
   -7.5000  -15.0000  -45.0000 8150.6494   27.3113
    0.0000  -15.0000  -45.0000 8513.5391   27.3316
    7.5000  -15.0000  -45.0000 8139.0684   27.3588
   -7.5000   -7.5000  -45.0000 8993.1338   27.3512
    0.0000   -7.5000  -45.0000 9394.8926   27.3661
    7.5000   -7.5000  -45.0000 8970.1650   27.3822
   -7.5000    0.0000  -45.0000 9911.6387   27.3700
    0.0000    0.0000  -45.000010335.7197   27.3790
    7.5000    0.0000  -45.0000 9831.6172   27.3931
   -7.5000    7.5000  -45.0000 9917.7764   27.3349
    0.0000    7.5000  -45.000010372.7227   27.3438
    7.5000    7.5000  -45.0000 9865.5557   27.3683
   -7.5000   15.0000  -45.0000 9732.6279   27.2908
    0.0000   15.0000  -45.000010235.1260   27.3053
    7.5000   15.0000  -45.0000 9726.3115   27.3409
   -7.5000   22.5000  -45.0000 9515.3262   27.2820
    0.0000   22.5000  -45.000010020.8496   27.3021
    7.5000   22.5000  -45.0000 9497.3301   27.3384
   -7.5000   30.0000  -45.0000 9321.7500   26.9473
    0.0000   30.0000  -45.0000 9787.1846   26.9674
    7.5000   30.0000  -45.0000 9264.1484   26.9943
   -7.5000   37.5000  -45.0000 9417.7188   26.9868
    0.0000   37.5000  -45.0000 9894.8047   27.0014
    7.5000   37.5000  -45.0000 9346.2744   27.0173
   -7.5000   45.0000  -45.0000 9167.9248   26.3195
    0.0000   45.0000  -45.0000 9641.2432   26.3282
    7.5000   45.0000  -45.0000 9119.3262   26.3417
   -7.5000  -45.0000  -37.5000 5558.7646   28.9407
    0.0000  -45.0000  -37.5000 5751.1733   28.9653
    7.5000  -45.0000  -37.5000 5540.8408   28.9567
   -7.5000  -37.5000  -37.5000 6157.6821   28.1208
    0.0000  -37.5000  -37.5000 6370.3657   28.1500
    7.5000  -37.5000  -37.5000 6125.4839   28.1433
   -7.5000  -30.0000  -37.5000 7008.4194   27.5248
    0.0000  -30.0000  -37.5000 7281.0610   27.5559
    7.5000  -30.0000  -37.5000 6974.1919   27.5555
   -7.5000  -22.5000  -37.5000 7892.3438   27.3318
    0.0000  -22.5000  -37.5000 8254.8760   27.3645
    7.5000  -22.5000  -37.5000 7868.0190   27.3717
   -7.5000  -15.0000  -37.5000 8764.6494   27.3764
    0.0000  -15.0000  -37.5000 9199.7100   27.4061
    7.5000  -15.0000  -37.5000 8753.7832   27.4147
   -7.5000   -7.5000  -37.5000 9696.4326   27.4173
    0.0000   -7.5000  -37.500010163.5205   27.4419
    7.5000   -7.5000  -37.5000 9666.6328   27.4437
   -7.5000    0.0000  -37.500010641.0879   27.4185
    0.0000    0.0000  -37.500011126.0361   27.4409
    7.5000    0.0000  -37.500010563.3623   27.4352
   -7.5000    7.5000  -37.500010688.9688   27.3628
    0.0000    7.5000  -37.500011161.9678   27.3875
    7.5000    7.5000  -37.500010593.4580   27.3818
   -7.5000   15.0000  -37.500010500.6992   27.3147
    0.0000   15.0000  -37.500011035.5947   27.3447
    7.5000   15.0000  -37.500010437.7363   27.3451
   -7.5000   22.5000  -37.500010258.5977   27.3257
    0.0000   22.5000  -37.500010779.7959   27.3584
    7.5000   22.5000  -37.500010182.4697   27.3656
   -7.5000   30.0000  -37.5000 9977.1953   27.0116
    0.0000   30.0000  -37.500010452.1357   27.0408
    7.5000   30.0000  -37.5000 9876.5039   27.0493
   -7.5000   37.5000  -37.500010028.7969   27.0520
    0.0000   37.5000  -37.500010531.0820   27.0762
    7.5000   37.5000  -37.5000 9943.7793   27.0779
   -7.5000   45.0000  -37.5000 9766.9746   26.3662
    0.0000   45.0000  -37.500010282.3262   26.3878
    7.5000   45.0000  -37.5000 9697.9609   26.3823
   -7.5000  -45.0000  -30.0000 6070.0942   30.0890
    0.0000  -45.0000  -30.0000 6306.5659   30.1171
    7.5000  -45.0000  -30.0000 6055.9966   30.0974
   -7.5000  -37.5000  -30.0000 6712.0859   29.2292
    0.0000  -37.5000  -30.0000 6980.4761   29.2585
    7.5000  -37.5000  -30.0000 6674.8896   29.2325
   -7.5000  -30.0000  -30.0000 7629.0732   28.6281
    0.0000  -30.0000  -30.0000 7960.5112   28.6518
    7.5000  -30.0000  -30.0000 7581.4038   28.6213
   -7.5000  -22.5000  -30.0000 8613.9941   28.4553
    0.0000  -22.5000  -30.0000 9029.8438   28.4775
    7.5000  -22.5000  -30.0000 8583.5488   28.4527
   -7.5000  -15.0000  -30.0000 9625.6875   28.5169
    0.0000  -15.0000  -30.000010073.6631   28.5386
    7.5000  -15.0000  -30.0000 9580.7100   28.5227
   -7.5000   -7.5000  -30.000010636.0693   28.5437
    0.0000   -7.5000  -30.000011119.8691   28.5678
    7.5000   -7.5000  -30.000010556.4648   28.5566
   -7.5000    0.0000  -30.000011596.1191   28.5154
    0.0000    0.0000  -30.000012112.1084   28.5420
    7.5000    0.0000  -30.000011469.2686   28.5272
   -7.5000    7.5000  -30.000011603.8330   28.4454
    0.0000    7.5000  -30.000012118.9512   28.4700
    7.5000    7.5000  -30.000011478.4463   28.4461
   -7.5000   15.0000  -30.000011433.2656   28.4099
    0.0000   15.0000  -30.000011985.4473   28.4326
    7.5000   15.0000  -30.000011295.2910   28.4033
   -7.5000   22.5000  -30.000011205.5107   28.4461
    0.0000   22.5000  -30.000011735.7861   28.4682
    7.5000   22.5000  -30.000011039.0684   28.4435
   -7.5000   30.0000  -30.000010835.1143   28.1396
    0.0000   30.0000  -30.000011332.8398   28.1610
    7.5000   30.0000  -30.000010685.3926   28.1452
   -7.5000   37.5000  -30.000010864.0469   28.1660
    0.0000   37.5000  -30.000011393.2393   28.1898
    7.5000   37.5000  -30.000010729.5537   28.1788
   -7.5000   45.0000  -30.000010544.2871   27.4411
    0.0000   45.0000  -30.000011104.9600   27.4667
    7.5000   45.0000  -30.000010443.5303   27.4525
   -7.5000  -45.0000  -22.5000 6618.8218   30.9680
    0.0000  -45.0000  -22.5000 6880.6396   30.9853
    7.5000  -45.0000  -22.5000 6574.5957   30.9823
   -7.5000  -37.5000  -22.5000 7296.2485   30.1068
    0.0000  -37.5000  -22.5000 7594.2866   30.1175
    7.5000  -37.5000  -22.5000 7224.4053   30.1071
   -7.5000  -30.0000  -22.5000 8293.7725   29.5134
    0.0000  -30.0000  -22.5000 8654.4805   29.5101
    7.5000  -30.0000  -22.5000 8208.2725   29.4857
   -7.5000  -22.5000  -22.5000 9400.3564   29.3426
    0.0000  -22.5000  -22.5000 9827.6562   29.3370
    7.5000  -22.5000  -22.5000 9318.8262   29.3086
   -7.5000  -15.0000  -22.500010469.1270   29.3957
    0.0000  -15.0000  -22.500010939.2490   29.3962
    7.5000  -15.0000  -22.500010353.3604   29.3751
   -7.5000   -7.5000  -22.500011525.4600   29.4038
    0.0000   -7.5000  -22.500012031.8545   29.4163
    7.5000   -7.5000  -22.500011372.0088   29.4092
   -7.5000    0.0000  -22.500012515.3682   29.3632
    0.0000    0.0000  -22.500013074.3779   29.3801
    7.5000    0.0000  -22.500012332.3438   29.3796
   -7.5000    7.5000  -22.500012534.0088   29.3040
    0.0000    7.5000  -22.500013071.9609   29.3105
    7.5000    7.5000  -22.500012349.2295   29.3013
   -7.5000   15.0000  -22.500012383.0078   29.2893
    0.0000   15.0000  -22.500012951.1357   29.2852
    7.5000   15.0000  -22.500012174.6338   29.2620
   -7.5000   22.5000  -22.500012173.5801   29.3311
    0.0000   22.5000  -22.500012718.1582   29.3254
    7.5000   22.5000  -22.500011906.2842   29.2971
   -7.5000   30.0000  -22.500011756.5811   29.0112
    0.0000   30.0000  -22.500012296.3809   29.0117
    7.5000   30.0000  -22.500011518.9629   28.9908
   -7.5000   37.5000  -22.500011745.8730   29.0192
    0.0000   37.5000  -22.500012332.9434   29.0316
    7.5000   37.5000  -22.500011544.0908   29.0245
   -7.5000   45.0000  -22.500011331.2041   28.2782
    0.0000   45.0000  -22.500011920.7021   28.2945
    7.5000   45.0000  -22.500011150.0879   28.2940
   -7.5000  -45.0000  -15.0000 7129.5278   31.6288
    0.0000  -45.0000  -15.0000 7407.5732   31.6317
    7.5000  -45.0000  -15.0000 7051.9502   31.6554
   -7.5000  -37.5000  -15.0000 7851.3716   30.7777
    0.0000  -37.5000  -15.0000 8183.2793   30.7699
    7.5000  -37.5000  -15.0000 7770.1450   30.7943
   -7.5000  -30.0000  -15.0000 8944.9326   30.1762
    0.0000  -30.0000  -15.0000 9358.0986   30.1535
    7.5000  -30.0000  -15.0000 8864.9844   30.1661
   -7.5000  -22.5000  -15.000010148.8877   29.9815
    0.0000  -22.5000  -15.000010632.1914   29.9588
    7.5000  -22.5000  -15.000010028.8311   29.9590
   -7.5000  -15.0000  -15.000011276.1299   30.0121
    0.0000  -15.0000  -15.000011786.7441   30.0000
    7.5000  -15.0000  -15.000011118.6650   29.9971
   -7.5000   -7.5000  -15.000012368.8213   30.0187
    0.0000   -7.5000  -15.000012887.5762   30.0206
    7.5000   -7.5000  -15.000012179.4492   30.0287
   -7.5000    0.0000  -15.000013429.7676   29.9956
    0.0000    0.0000  -15.000014023.1260   29.9989
    7.5000    0.0000  -15.000013216.2354   30.0208
   -7.5000    7.5000  -15.000013438.7285   29.9575
    0.0000    7.5000  -15.000014039.7832   29.9464
    7.5000    7.5000  -15.000013235.1133   29.9701
   -7.5000   15.0000  -15.000013303.1885   29.9476
    0.0000   15.0000  -15.000013908.1318   29.9244
    7.5000   15.0000  -15.000013016.1982   29.9375
   -7.5000   22.5000  -15.000013045.8389   29.9683
    0.0000   22.5000  -15.000013617.7549   29.9457
    7.5000   22.5000  -15.000012713.1553   29.9458
   -7.5000   30.0000  -15.000012623.2139   29.6237
    0.0000   30.0000  -15.000013194.8281   29.6117
    7.5000   30.0000  -15.000012298.4160   29.6089
   -7.5000   37.5000  -15.000012620.4414   29.6302
    0.0000   37.5000  -15.000013218.9766   29.6320
    7.5000   37.5000  -15.000012313.0771   29.6401
   -7.5000   45.0000  -15.000012140.6172   28.9047
    0.0000   45.0000  -15.000012761.4297   28.9078
    7.5000   45.0000  -15.000011883.9873   28.9290
   -7.5000  -45.0000   -7.5000 7644.9399   32.0918
    0.0000  -45.0000   -7.5000 7984.2031   32.0914
    7.5000  -45.0000   -7.5000 7565.3560   32.1238
   -7.5000  -37.5000   -7.5000 8445.8711   31.2308
    0.0000  -37.5000   -7.5000 8839.3174   31.2249
    7.5000  -37.5000   -7.5000 8376.8525   31.2684
   -7.5000  -30.0000   -7.5000 9657.5801   30.5974
    0.0000  -30.0000   -7.500010115.7480   30.5857
    7.5000  -30.0000   -7.5000 9567.3613   30.6309
   -7.5000  -22.5000   -7.500010929.3076   30.3709
    0.0000  -22.5000   -7.500011435.1572   30.3636
    7.5000  -22.5000   -7.500010803.1611   30.3989
   -7.5000  -15.0000   -7.500012111.9941   30.3894
    0.0000  -15.0000   -7.500012646.7666   30.3892
    7.5000  -15.0000   -7.500011963.3711   30.4119
   -7.5000   -7.5000   -7.500013244.7686   30.4158
    0.0000   -7.5000   -7.500013806.9717   30.4194
    7.5000   -7.5000   -7.500013087.2461   30.4393
   -7.5000    0.0000   -7.500014405.3477   30.4235
    0.0000    0.0000   -7.500015049.9932   30.4230
    7.5000    0.0000   -7.500014218.6768   30.4519
   -7.5000    7.5000   -7.500014477.8467   30.3939
    0.0000    7.5000   -7.500015150.3994   30.3846
    7.5000    7.5000   -7.500014237.2002   30.4265
   -7.5000   15.0000   -7.500014336.3545   30.3652
    0.0000   15.0000   -7.500014976.9463   30.3529
    7.5000   15.0000   -7.500013981.3301   30.3982
   -7.5000   22.5000   -7.500013989.9131   30.3543
    0.0000   22.5000   -7.500014607.4170   30.3470
    7.5000   22.5000   -7.500013592.5000   30.3822
   -7.5000   30.0000   -7.500013504.3438   29.9953
    0.0000   30.0000   -7.500014116.3223   29.9951
    7.5000   30.0000   -7.500013085.6211   30.0175
   -7.5000   37.5000   -7.500013521.6982   30.0214
    0.0000   37.5000   -7.500014164.5947   30.0250
    7.5000   37.5000   -7.500013118.5020   30.0446
   -7.5000   45.0000   -7.500013008.3018   29.3226
    0.0000   45.0000   -7.500013638.8281   29.3220
    7.5000   45.0000   -7.500012641.9609   29.3499
   -7.5000  -45.0000    0.0000 8102.7822   32.3161
    0.0000  -45.0000    0.0000 8473.9873   32.3279
    7.5000  -45.0000    0.0000 8004.4800   32.3448
   -7.5000  -37.5000    0.0000 9004.3047   31.4279
    0.0000  -37.5000    0.0000 9428.0371   31.4420
    7.5000  -37.5000    0.0000 8924.0088   31.4704
   -7.5000  -30.0000    0.000010315.7051   30.7653
    0.0000  -30.0000    0.000010812.4697   30.7825
    7.5000  -30.0000    0.000010217.8057   30.8222
   -7.5000  -22.5000    0.000011617.0576   30.5281
    0.0000  -22.5000    0.000012153.9873   30.5505
    7.5000  -22.5000    0.000011512.8389   30.5911
   -7.5000  -15.0000    0.000012814.5859   30.5544
    0.0000  -15.0000    0.000013404.5791   30.5771
    7.5000  -15.0000    0.000012722.6748   30.6076
   -7.5000   -7.5000    0.000014021.2598   30.5996
    0.0000   -7.5000    0.000014663.0010   30.6161
    7.5000   -7.5000    0.000013916.0615   30.6343
   -7.5000    0.0000    0.000015247.2031   30.6205
    0.0000    0.0000    0.000015947.6396   30.6306
    7.5000    0.0000    0.000015118.4551   30.6465
   -7.5000    7.5000    0.000015430.0645   30.5808
    0.0000    7.5000    0.000016192.5830   30.5907
    7.5000    7.5000    0.000015128.1162   30.6183
   -7.5000   15.0000    0.000015326.2988   30.5310
    0.0000   15.0000    0.000015950.3291   30.5472
    7.5000   15.0000    0.000014812.5889   30.5872
   -7.5000   22.5000    0.000014878.2139   30.5114
    0.0000   22.5000    0.000015459.7617   30.5339
    7.5000   22.5000    0.000014390.8135   30.5745
   -7.5000   30.0000    0.000014346.4473   30.1590
    0.0000   30.0000    0.000014933.2295   30.1814
    7.5000   30.0000    0.000013883.2236   30.2115
   -7.5000   37.5000    0.000014342.4053   30.2036
    0.0000   37.5000    0.000014970.5635   30.2199
    7.5000   37.5000    0.000013902.7812   30.2378
   -7.5000   45.0000    0.000013799.5527   29.5146
    0.0000   45.0000    0.000014408.8447   29.5244
    7.5000   45.0000    0.000013384.4170   29.5397
   -7.5000  -45.0000    7.5000 7966.1450   32.3855
    0.0000  -45.0000    7.5000 8299.8643   32.4130
    7.5000  -45.0000    7.5000 7867.3008   32.4033
   -7.5000  -37.5000    7.5000 8865.3223   31.4679
    0.0000  -37.5000    7.5000 9284.8477   31.5006
    7.5000  -37.5000    7.5000 8778.2852   31.4931
   -7.5000  -30.0000    7.500010135.3672   30.8010
    0.0000  -30.0000    7.500010648.5830   30.8358
    7.5000  -30.0000    7.500010053.4385   30.8353
   -7.5000  -22.5000    7.500011383.3535   30.5850
    0.0000  -22.5000    7.500011939.5352   30.6216
    7.5000  -22.5000    7.500011326.4404   30.6297
   -7.5000  -15.0000    7.500012568.1553   30.6349
    0.0000  -15.0000    7.500013154.2188   30.6681
    7.5000  -15.0000    7.500012536.5684   30.6777
   -7.5000   -7.5000    7.500013780.2383   30.6807
    0.0000   -7.5000    7.500014412.8477   30.7082
    7.5000   -7.5000    7.500013730.4678   30.7102
   -7.5000    0.0000    7.500015058.3984   30.6821
    0.0000    0.0000    7.500015774.9297   30.7072
    7.5000    0.0000    7.500014929.9766   30.7008
   -7.5000    7.5000    7.500015160.5859   30.6197
    0.0000    7.5000    7.500015854.0059   30.6474
    7.5000    7.5000    7.500014852.3066   30.6410
   -7.5000   15.0000    7.500014856.3066   30.5659
    0.0000   15.0000    7.500015319.0234   30.5995
    7.5000   15.0000    7.500014459.1777   30.5999
   -7.5000   22.5000    7.500014440.4854   30.5683
    0.0000   22.5000    7.500014884.4463   30.6049
    7.5000   22.5000    7.500014106.1494   30.6130
   -7.5000   30.0000    7.500014010.4082   30.2384
    0.0000   30.0000    7.500014495.5371   30.2712
    7.5000   30.0000    7.500013691.1816   30.2807
   -7.5000   37.5000    7.500014002.0586   30.2837
    0.0000   37.5000    7.500014523.9580   30.3108
    7.5000   37.5000    7.500013682.3379   30.3127
   -7.5000   45.0000    7.500013455.9473   29.5740
    0.0000   45.0000    7.500013942.1650   29.5982
    7.5000   45.0000    7.500013122.7793   29.5920
   -7.5000  -45.0000   15.0000 7688.7705   32.3106
    0.0000  -45.0000   15.0000 8020.9233   32.3409
    7.5000  -45.0000   15.0000 7581.2456   32.3197
   -7.5000  -37.5000   15.0000 8620.0215   31.3874
    0.0000  -37.5000   15.0000 9009.2588   31.4189
    7.5000  -37.5000   15.0000 8526.1582   31.3910
   -7.5000  -30.0000   15.0000 9861.9951   30.7419
    0.0000  -30.0000   15.000010321.5957   30.7674
    7.5000  -30.0000   15.0000 9766.2607   30.7346
   -7.5000  -22.5000   15.000011030.1475   30.5564
    0.0000  -22.5000   15.000011567.1465   30.5801
    7.5000  -22.5000   15.000010989.7393   30.5536
   -7.5000  -15.0000   15.000012147.1035   30.6225
    0.0000  -15.0000   15.000012754.2461   30.6458
    7.5000  -15.0000   15.000012146.2754   30.6286
   -7.5000   -7.5000   15.000013299.7451   30.6512
    0.0000   -7.5000   15.000014005.8311   30.6771
    7.5000   -7.5000   15.000013320.1104   30.6651
   -7.5000    0.0000   15.000014481.1914   30.6209
    0.0000    0.0000   15.000015282.0410   30.6494
    7.5000    0.0000   15.000014495.5752   30.6335
   -7.5000    7.5000   15.000014499.7314   30.5457
    0.0000    7.5000   15.000015157.9219   30.5721
    7.5000    7.5000   15.000014415.7236   30.5464
   -7.5000   15.0000   15.000014132.1377   30.5075
    0.0000   15.0000   15.000014478.9258   30.5319
    7.5000   15.0000   15.000014018.4785   30.5005
   -7.5000   22.5000   15.000013849.8037   30.5397
    0.0000   22.5000   15.000014115.1631   30.5634
    7.5000   22.5000   15.000013674.6230   30.5369
   -7.5000   30.0000   15.000013568.8682   30.2262
    0.0000   30.0000   15.000013903.3984   30.2492
    7.5000   30.0000   15.000013309.6895   30.2322
   -7.5000   37.5000   15.000013618.3545   30.2546
    0.0000   37.5000   15.000014024.9170   30.2801
    7.5000   37.5000   15.000013329.0137   30.2683
   -7.5000   45.0000   15.000013108.1084   29.5150
    0.0000   45.0000   15.000013558.8145   29.5425
    7.5000   45.0000   15.000012784.5732   29.5272
   -7.5000  -45.0000   22.5000 7319.0532   32.1473
    0.0000  -45.0000   22.5000 7636.7988   32.1652
    7.5000  -45.0000   22.5000 7217.0825   32.1621
   -7.5000  -37.5000   22.5000 8165.5005   31.2533
    0.0000  -37.5000   22.5000 8596.9385   31.2643
    7.5000  -37.5000   22.5000 8083.7310   31.2535
   -7.5000  -30.0000   22.5000 9359.8672   30.6373
    0.0000  -30.0000   22.5000 9876.8506   30.6338
    7.5000  -30.0000   22.5000 9285.8760   30.6085
   -7.5000  -22.5000   22.500010529.8955   30.4600
    0.0000  -22.5000   22.500011106.2158   30.4541
    7.5000  -22.5000   22.500010512.1064   30.4247
   -7.5000  -15.0000   22.500011619.5957   30.5151
    0.0000  -15.0000   22.500012243.0586   30.5156
    7.5000  -15.0000   22.500011653.6826   30.4937
   -7.5000   -7.5000   22.500012704.7969   30.5235
    0.0000   -7.5000   22.500013379.1553   30.5365
    7.5000   -7.5000   22.500012789.4932   30.5291
   -7.5000    0.0000   22.500013783.5713   30.4813
    0.0000    0.0000   22.500014489.0469   30.4989
    7.5000    0.0000   22.500013855.1572   30.4984
   -7.5000    7.5000   22.500013764.6152   30.4198
    0.0000    7.5000   22.500014428.3984   30.4267
    7.5000    7.5000   22.500013825.7900   30.4171
   -7.5000   15.0000   22.500013550.3311   30.4046
    0.0000   15.0000   22.500014072.5420   30.4004
    7.5000   15.0000   22.500013600.7002   30.3762
   -7.5000   22.5000   22.500013292.6777   30.4433
    0.0000   22.5000   22.500013781.6885   30.4375
    7.5000   22.5000   22.500013242.5889   30.4081
   -7.5000   30.0000   22.500013014.8955   30.1201
    0.0000   30.0000   22.500013523.7197   30.1207
    7.5000   30.0000   22.500012846.7119   30.0990
   -7.5000   37.5000   22.500013100.6299   30.1284
    0.0000   37.5000   22.500013644.9131   30.1413
    7.5000   37.5000   22.500012866.5264   30.1340
   -7.5000   45.0000   22.500012601.2646   29.3805
    0.0000   45.0000   22.500013128.1816   29.3975
    7.5000   45.0000   22.500012325.6338   29.3969
   -7.5000  -45.0000   30.0000 6858.6802   32.0629
    0.0000  -45.0000   30.0000 7139.4121   32.0658
    7.5000  -45.0000   30.0000 6779.2324   32.0898
   -7.5000  -37.5000   30.0000 7684.7090   31.2001
    0.0000  -37.5000   30.0000 8035.2397   31.1922
    7.5000  -37.5000   30.0000 7631.8105   31.2169
   -7.5000  -30.0000   30.0000 8805.2148   30.5904
    0.0000  -30.0000   30.0000 9237.1758   30.5674
    7.5000  -30.0000   30.0000 8786.3477   30.5801
   -7.5000  -22.5000   30.0000 9917.3633   30.3930
    0.0000  -22.5000   30.000010418.5361   30.3700
    7.5000  -22.5000   30.0000 9921.9736   30.3701
   -7.5000  -15.0000   30.000010951.4854   30.4240
    0.0000  -15.0000   30.000011554.0137   30.4117
    7.5000  -15.0000   30.000010956.1230   30.4088
   -7.5000   -7.5000   30.000011953.2725   30.4307
    0.0000   -7.5000   30.000012668.1533   30.4326
    7.5000   -7.5000   30.000011978.4561   30.4408
   -7.5000    0.0000   30.000012932.4521   30.4073
    0.0000    0.0000   30.000013736.1748   30.4106
    7.5000    0.0000   30.000012975.2432   30.4328
   -7.5000    7.5000   30.000012906.9463   30.3686
    0.0000    7.5000   30.000013742.1035   30.3574
    7.5000    7.5000   30.000012992.7754   30.3814
   -7.5000   15.0000   30.000012771.8057   30.3586
    0.0000   15.0000   30.000013618.9004   30.3351
    7.5000   15.0000   30.000012828.8613   30.3484
   -7.5000   22.5000   30.000012535.2168   30.3764
    0.0000   22.5000   30.000013378.3721   30.3534
    7.5000   22.5000   30.000012574.8965   30.3536
   -7.5000   30.0000   30.000012166.4785   30.0302
    0.0000   30.0000   30.000012910.4980   30.0181
    7.5000   30.0000   30.000012128.0420   30.0152
   -7.5000   37.5000   30.000012209.4834   30.0369
    0.0000   37.5000   30.000012885.3477   30.0387
    7.5000   37.5000   30.000012114.1689   30.0469
   -7.5000   45.0000   30.000011759.7959   29.3091
    0.0000   45.0000   30.000012340.4482   29.3123
    7.5000   45.0000   30.000011608.7637   29.3337
   -7.5000  -45.0000   37.5000 6621.9741   32.2463
    0.0000  -45.0000   37.5000 6880.9380   32.2459
    7.5000  -45.0000   37.5000 6550.8779   32.2780
   -7.5000  -37.5000   37.5000 7387.9600   31.3788
    0.0000  -37.5000   37.5000 7734.7759   31.3727
    7.5000  -37.5000   37.5000 7352.3286   31.4160
   -7.5000  -30.0000   37.5000 8467.2793   30.7410
    0.0000  -30.0000   37.5000 8901.9600   30.7290
    7.5000  -30.0000   37.5000 8460.6807   30.7740
   -7.5000  -22.5000   37.5000 9556.6748   30.5135
    0.0000  -22.5000   37.500010056.3311   30.5059
    7.5000  -22.5000   37.5000 9550.2363   30.5411
   -7.5000  -15.0000   37.500010622.8018   30.5326
    0.0000  -15.0000   37.500011180.3525   30.5323
    7.5000  -15.0000   37.500010577.8848   30.5548
   -7.5000   -7.5000   37.500011633.5762   30.5588
    0.0000   -7.5000   37.500012270.8760   30.5625
    7.5000   -7.5000   37.500011592.6377   30.5821
   -7.5000    0.0000   37.500012609.0322   30.5659
    0.0000    0.0000   37.500013241.5312   30.5653
    7.5000    0.0000   37.500012562.6523   30.5940
   -7.5000    7.5000   37.500012565.6885   30.5357
    0.0000    7.5000   37.500013172.4561   30.5262
    7.5000    7.5000   37.500012570.3486   30.5679
   -7.5000   15.0000   37.500012330.1641   30.5071
    0.0000   15.0000   37.500012939.0625   30.4945
    7.5000   15.0000   37.500012369.1016   30.5396
   -7.5000   22.5000   37.500012050.8438   30.4969
    0.0000   22.5000   37.500012670.8662   30.4892
    7.5000   22.5000   37.500012101.8945   30.5244
   -7.5000   30.0000   37.500011684.4736   30.1375
    0.0000   30.0000   37.500012272.0176   30.1371
    7.5000   30.0000   37.500011732.9131   30.1594
   -7.5000   37.5000   37.500011727.1875   30.1634
    0.0000   37.5000   37.500012324.5498   30.1670
    7.5000   37.5000   37.500011769.4609   30.1863
   -7.5000   45.0000   37.500011335.8926   29.4620
    0.0000   45.0000   37.500011873.6533   29.4614
    7.5000   45.0000   37.500011306.0107   29.4891
   -7.5000  -45.0000   45.0000 6001.0688   32.3467
    0.0000  -45.0000   45.0000 6248.7432   32.3584
    7.5000  -45.0000   45.0000 5940.5386   32.3755
   -7.5000  -37.5000   45.0000 6712.7686   31.4556
    0.0000  -37.5000   45.0000 7019.7578   31.4696
    7.5000  -37.5000   45.0000 6656.6147   31.4982
   -7.5000  -30.0000   45.0000 7721.0298   30.7921
    0.0000  -30.0000   45.0000 8098.6978   30.8092
    7.5000  -30.0000   45.0000 7682.7148   30.8496
   -7.5000  -22.5000   45.0000 8759.2949   30.5570
    0.0000  -22.5000   45.0000 9163.4365   30.5799
    7.5000  -22.5000   45.0000 8717.9326   30.6214
   -7.5000  -15.0000   45.0000 9712.2197   30.5851
    0.0000  -15.0000   45.000010165.4727   30.6085
    7.5000  -15.0000   45.0000 9670.5645   30.6399
   -7.5000   -7.5000   45.000010634.9297   30.6297
    0.0000   -7.5000   45.000011129.8037   30.6466
    7.5000   -7.5000   45.000010578.8428   30.6653
   -7.5000    0.0000   45.000011461.6758   30.6485
    0.0000    0.0000   45.000011974.0830   30.6585
    7.5000    0.0000   45.000011385.9971   30.6745
   -7.5000    7.5000   45.000011407.5176   30.6073
    0.0000    7.5000   45.000011880.6689   30.6169
    7.5000    7.5000   45.000011370.7314   30.6448
   -7.5000   15.0000   45.000011177.1670   30.5578
    0.0000   15.0000   45.000011667.4756   30.5739
    7.5000   15.0000   45.000011204.4307   30.6146
   -7.5000   22.5000   45.000010890.8037   30.5402
    0.0000   22.5000   45.000011401.1172   30.5631
    7.5000   22.5000   45.000010961.9209   30.6046
   -7.5000   30.0000   45.000010579.9453   30.1867
    0.0000   30.0000   45.000011076.8887   30.2097
    7.5000   30.0000   45.000010633.8916   30.2407
   -7.5000   37.5000   45.000010683.3350   30.2307
    0.0000   37.5000   45.000011205.2275   30.2473
    7.5000   37.5000   45.000010731.1396   30.2658
   -7.5000   45.0000   45.000010364.7207   29.5550
    0.0000   45.0000   45.000010843.1758   29.5646
    7.5000   45.0000   45.000010352.6377   29.5801

---------------------------------------------------------------------
imgreg_4dfp /opt/freesurfer/average/711-2C_as_mni_average_305 /opt/freesurfer/average/711-2B_as_mni_average_305_mask talsrcimg_g11 none talsrcimg_to_711-2C_as_mni_average_305_t4 4355
---------------------------------------------------------------------

freesurfer imgreg_4dfp.c
/opt/freesurfer/average/711-2C_as_mni_average_305.4dfp.img
       256       256       256         1
  1.000000  1.000000  1.000000
orientation T byte_order littleendian
Reading image: /opt/freesurfer/average/711-2C_as_mni_average_305.4dfp.img
dimensions:      256       256       256
mmppix:       1.0000   -1.0000   -1.0000
center:     128.0000 -129.0000 -129.0000
/opt/freesurfer/average/711-2B_as_mni_average_305_mask.4dfp.img
       256       256       256         1
  1.000000  1.000000  1.000000
orientation T byte_order littleendian
Reading mask: /opt/freesurfer/average/711-2B_as_mni_average_305_mask.4dfp.img (2306576 pixels)
talsrcimg_g11.4dfp.img
       256       256       256         1
  1.000000  1.000000  1.000000
orientation T byte_order littleendian
Reading image: talsrcimg_g11.4dfp.img
dimensions:      256       256       256
mmppix:       1.0000   -1.0000   -1.0000
center:     128.0000 -129.0000 -129.0000
rotation matrix determinant  1.000000
image alignment mode   4355 decimal     1103 hex
   -7.5000  -37.5000  -45.0000 1580.6926   48.5965
    0.0000  -37.5000  -45.0000 1586.4224   48.0547
    7.5000  -37.5000  -45.0000 1583.9109   48.3425
   -7.5000  -30.0000  -45.0000 1713.2343   42.1905
    0.0000  -30.0000  -45.0000 1714.4069   41.7340
    7.5000  -30.0000  -45.0000 1717.0521   41.8762
   -7.5000  -22.5000  -45.0000 1830.3010   37.5606
    0.0000  -22.5000  -45.0000 1836.4875   37.1906
    7.5000  -22.5000  -45.0000 1835.3032   37.1711
   -7.5000  -15.0000  -45.0000 1919.1503   34.2053
    0.0000  -15.0000  -45.0000 1932.1091   34.0554
    7.5000  -15.0000  -45.0000 1926.9398   33.8710
   -7.5000   -7.5000  -45.0000 1994.0607   31.7365
    0.0000   -7.5000  -45.0000 2005.6326   31.6702
    7.5000   -7.5000  -45.0000 2006.8280   31.5986
   -7.5000    0.0000  -45.0000 2070.5803   29.8952
    0.0000    0.0000  -45.0000 2079.9561   29.8985
    7.5000    0.0000  -45.0000 2075.2959   29.9191
   -7.5000    7.5000  -45.0000 2107.1438   28.6159
    0.0000    7.5000  -45.0000 2119.2808   28.5935
    7.5000    7.5000  -45.0000 2113.5684   28.7023
   -7.5000   15.0000  -45.0000 2119.6526   27.9629
    0.0000   15.0000  -45.0000 2133.4148   27.8477
    7.5000   15.0000  -45.0000 2122.7510   28.0449
   -7.5000   22.5000  -45.0000 2115.9207   27.9179
    0.0000   22.5000  -45.0000 2131.9238   27.7819
    7.5000   22.5000  -45.0000 2121.1216   27.9991
   -7.5000   30.0000  -45.0000 2108.9028   28.5671
    0.0000   30.0000  -45.0000 2121.1082   28.3669
    7.5000   30.0000  -45.0000 2116.3223   28.6708
   -7.5000   37.5000  -45.0000 2074.7014   29.8175
    0.0000   37.5000  -45.0000 2098.5146   29.6363
    7.5000   37.5000  -45.0000 2085.7227   29.8180
   -7.5000   45.0000  -45.0000 2028.5980   31.5383
    0.0000   45.0000  -45.0000 2045.7903   31.3141
    7.5000   45.0000  -45.0000 2037.3534   31.4964
   -7.5000   52.5000  -45.0000 1949.7040   33.8118
    0.0000   52.5000  -45.0000 1964.8947   33.4006
    7.5000   52.5000  -45.0000 1960.0906   33.7071
   -7.5000  -37.5000  -37.5000 1663.5239   44.3265
    0.0000  -37.5000  -37.5000 1664.9702   44.0359
    7.5000  -37.5000  -37.5000 1658.2179   44.1104
   -7.5000  -30.0000  -37.5000 1799.8164   38.4477
    0.0000  -30.0000  -37.5000 1802.4586   38.3034
    7.5000  -30.0000  -37.5000 1793.4275   38.2538
   -7.5000  -22.5000  -37.5000 1917.7000   34.2768
    0.0000  -22.5000  -37.5000 1929.8229   34.1119
    7.5000  -22.5000  -37.5000 1914.2000   33.9551
   -7.5000  -15.0000  -37.5000 2008.7633   31.3884
    0.0000  -15.0000  -37.5000 2031.1840   31.3002
    7.5000  -15.0000  -37.5000 2015.7865   31.0688
   -7.5000   -7.5000  -37.5000 2093.9395   29.1395
    0.0000   -7.5000  -37.5000 2114.8030   29.1538
    7.5000   -7.5000  -37.5000 2102.3147   28.9824
   -7.5000    0.0000  -37.5000 2169.9705   27.3289
    0.0000    0.0000  -37.5000 2184.5420   27.4437
    7.5000    0.0000  -37.5000 2172.6648   27.3323
   -7.5000    7.5000  -37.5000 2212.9868   26.1925
    0.0000    7.5000  -37.5000 2227.1406   26.3207
    7.5000    7.5000  -37.5000 2213.8882   26.1967
   -7.5000   15.0000  -37.5000 2228.2432   25.5775
    0.0000   15.0000  -37.5000 2250.2156   25.6500
    7.5000   15.0000  -37.5000 2237.8835   25.6321
   -7.5000   22.5000  -37.5000 2221.6248   25.6315
    0.0000   22.5000  -37.5000 2245.3647   25.6704
    7.5000   22.5000  -37.5000 2235.9282   25.6989
   -7.5000   30.0000  -37.5000 2204.0669   26.1717
    0.0000   30.0000  -37.5000 2219.3367   26.1233
    7.5000   30.0000  -37.5000 2212.9363   26.1185
   -7.5000   37.5000  -37.5000 2169.2866   27.1050
    0.0000   37.5000  -37.5000 2192.1292   27.0281
    7.5000   37.5000  -37.5000 2174.6128   27.0264
   -7.5000   45.0000  -37.5000 2123.7766   28.5084
    0.0000   45.0000  -37.5000 2145.2903   28.4217
    7.5000   45.0000  -37.5000 2133.2227   28.5050
   -7.5000   52.5000  -37.5000 2044.4928   30.5905
    0.0000   52.5000  -37.5000 2065.2625   30.4429
    7.5000   52.5000  -37.5000 2056.0791   30.6292
   -7.5000  -37.5000  -30.0000 1766.8170   42.0735
    0.0000  -37.5000  -30.0000 1772.3330   41.7976
    7.5000  -37.5000  -30.0000 1761.4333   41.7123
   -7.5000  -30.0000  -30.0000 1904.7529   36.4016
    0.0000  -30.0000  -30.0000 1915.7054   36.3936
    7.5000  -30.0000  -30.0000 1899.3209   36.1178
   -7.5000  -22.5000  -30.0000 2031.7344   32.5520
    0.0000  -22.5000  -30.0000 2051.4070   32.5254
    7.5000  -22.5000  -30.0000 2031.0763   32.1132
   -7.5000  -15.0000  -30.0000 2138.1711   29.7656
    0.0000  -15.0000  -30.0000 2153.7542   29.7124
    7.5000  -15.0000  -30.0000 2139.4036   29.3912
   -7.5000   -7.5000  -30.0000 2231.8721   27.6015
    0.0000   -7.5000  -30.0000 2250.1902   27.6262
    7.5000   -7.5000  -30.0000 2232.8704   27.4242
   -7.5000    0.0000  -30.0000 2308.2261   25.9322
    0.0000    0.0000  -30.0000 2324.6099   25.9848
    7.5000    0.0000  -30.0000 2308.6411   25.8750
   -7.5000    7.5000  -30.0000 2351.7749   24.7377
    0.0000    7.5000  -30.0000 2371.7595   24.7737
    7.5000    7.5000  -30.0000 2353.3325   24.6834
   -7.5000   15.0000  -30.0000 2374.7175   24.1174
    0.0000   15.0000  -30.0000 2400.3848   24.1977
    7.5000   15.0000  -30.0000 2385.3435   24.1611
   -7.5000   22.5000  -30.0000 2382.7336   24.2382
    0.0000   22.5000  -30.0000 2402.9280   24.3005
    7.5000   22.5000  -30.0000 2391.6960   24.2735
   -7.5000   30.0000  -30.0000 2358.8735   24.7401
    0.0000   30.0000  -30.0000 2378.1938   24.8024
    7.5000   30.0000  -30.0000 2374.0278   24.7205
   -7.5000   37.5000  -30.0000 2323.7241   25.6403
    0.0000   37.5000  -30.0000 2347.9385   25.6483
    7.5000   37.5000  -30.0000 2333.4019   25.5813
   -7.5000   45.0000  -30.0000 2273.3425   27.0384
    0.0000   45.0000  -30.0000 2297.1013   26.9729
    7.5000   45.0000  -30.0000 2286.2119   26.9514
   -7.5000   52.5000  -30.0000 2183.8696   28.9647
    0.0000   52.5000  -30.0000 2210.0435   28.9042
    7.5000   52.5000  -30.0000 2194.4185   28.8801
   -7.5000  -37.5000  -22.5000 1844.1512   39.4204
    0.0000  -37.5000  -22.5000 1853.8765   39.4845
    7.5000  -37.5000  -22.5000 1838.3574   39.2417
   -7.5000  -30.0000  -22.5000 1991.1443   34.2771
    0.0000  -30.0000  -22.5000 2004.6174   34.2402
    7.5000  -30.0000  -22.5000 1983.5529   33.9934
   -7.5000  -22.5000  -22.5000 2128.2688   30.8406
    0.0000  -22.5000  -22.5000 2140.7395   30.6711
    7.5000  -22.5000  -22.5000 2122.2500   30.3528
   -7.5000  -15.0000  -22.5000 2236.7439   28.0675
    0.0000  -15.0000  -22.5000 2254.7178   27.8918
    7.5000  -15.0000  -22.5000 2234.5591   27.6312
   -7.5000   -7.5000  -22.5000 2338.1245   25.9195
    0.0000   -7.5000  -22.5000 2357.0881   25.8138
    7.5000   -7.5000  -22.5000 2336.0796   25.6143
   -7.5000    0.0000  -22.5000 2419.3384   24.3220
    0.0000    0.0000  -22.5000 2438.6858   24.2645
    7.5000    0.0000  -22.5000 2418.1694   24.1759
   -7.5000    7.5000  -22.5000 2472.0874   23.2886
    0.0000    7.5000  -22.5000 2490.7554   23.1774
    7.5000    7.5000  -22.5000 2476.2761   23.1805
   -7.5000   15.0000  -22.5000 2503.9744   22.6969
    0.0000   15.0000  -22.5000 2520.1431   22.6491
    7.5000   15.0000  -22.5000 2510.5874   22.6910
   -7.5000   22.5000  -22.5000 2529.1243   22.7749
    0.0000   22.5000  -22.5000 2542.3979   22.6881
    7.5000   22.5000  -22.5000 2531.9702   22.7479
   -7.5000   30.0000  -22.5000 2506.5198   23.2628
    0.0000   30.0000  -22.5000 2527.3340   23.2205
    7.5000   30.0000  -22.5000 2515.0254   23.2283
   -7.5000   37.5000  -22.5000 2469.9736   24.1251
    0.0000   37.5000  -22.5000 2496.9094   24.0650
    7.5000   37.5000  -22.5000 2474.9221   24.1135
   -7.5000   45.0000  -22.5000 2403.5186   25.4682
    0.0000   45.0000  -22.5000 2435.8442   25.3971
    7.5000   45.0000  -22.5000 2412.7373   25.4588
   -7.5000   52.5000  -22.5000 2303.5188   27.2885
    0.0000   52.5000  -22.5000 2332.8567   27.2197
    7.5000   52.5000  -22.5000 2313.4370   27.2922
   -7.5000  -37.5000  -15.0000 1891.3378   37.3528
    0.0000  -37.5000  -15.0000 1896.5873   37.3156
    7.5000  -37.5000  -15.0000 1878.4923   37.2849
   -7.5000  -30.0000  -15.0000 2040.9530   32.5536
    0.0000  -30.0000  -15.0000 2053.5293   32.3986
    7.5000  -30.0000  -15.0000 2033.0973   32.3785
   -7.5000  -22.5000  -15.0000 2184.5337   29.1402
    0.0000  -22.5000  -15.0000 2204.4294   28.9405
    7.5000  -22.5000  -15.0000 2180.9724   28.9317
   -7.5000  -15.0000  -15.0000 2305.2339   26.5189
    0.0000  -15.0000  -15.0000 2326.7764   26.3269
    7.5000  -15.0000  -15.0000 2303.4014   26.2546
   -7.5000   -7.5000  -15.0000 2409.9973   24.4565
    0.0000   -7.5000  -15.0000 2427.2644   24.3026
    7.5000   -7.5000  -15.0000 2411.4580   24.2157
   -7.5000    0.0000  -15.0000 2506.1682   22.9414
    0.0000    0.0000  -15.0000 2526.6733   22.7982
    7.5000    0.0000  -15.0000 2504.9917   22.7784
   -7.5000    7.5000  -15.0000 2568.6633   21.9443
    0.0000    7.5000  -15.0000 2587.6907   21.8025
    7.5000    7.5000  -15.0000 2575.3740   21.8662
   -7.5000   15.0000  -15.0000 2607.4685   21.4365
    0.0000   15.0000  -15.0000 2620.7021   21.3015
    7.5000   15.0000  -15.0000 2607.4949   21.3925
   -7.5000   22.5000  -15.0000 2633.8801   21.4263
    0.0000   22.5000  -15.0000 2641.1064   21.2512
    7.5000   22.5000  -15.0000 2634.1016   21.3728
   -7.5000   30.0000  -15.0000 2608.2019   21.8484
    0.0000   30.0000  -15.0000 2629.1379   21.7304
    7.5000   30.0000  -15.0000 2618.3354   21.8131
   -7.5000   37.5000  -15.0000 2566.3477   22.7093
    0.0000   37.5000  -15.0000 2598.8997   22.6203
    7.5000   37.5000  -15.0000 2577.5347   22.7146
   -7.5000   45.0000  -15.0000 2500.1797   24.0481
    0.0000   45.0000  -15.0000 2534.3391   23.9601
    7.5000   45.0000  -15.0000 2513.8567   24.0798
   -7.5000   52.5000  -15.0000 2387.4207   25.7721
    0.0000   52.5000  -15.0000 2421.2910   25.6581
    7.5000   52.5000  -15.0000 2404.4070   25.8212
   -7.5000  -37.5000   -7.5000 1924.1248   35.9185
    0.0000  -37.5000   -7.5000 1934.7192   35.9284
    7.5000  -37.5000   -7.5000 1915.0199   36.0792
   -7.5000  -30.0000   -7.5000 2081.8540   31.3172
    0.0000  -30.0000   -7.5000 2092.3293   31.1442
    7.5000  -30.0000   -7.5000 2077.3535   31.3201
   -7.5000  -22.5000   -7.5000 2227.6521   27.9768
    0.0000  -22.5000   -7.5000 2244.4421   27.6949
    7.5000  -22.5000   -7.5000 2227.5920   27.8362
   -7.5000  -15.0000   -7.5000 2346.7292   25.3224
    0.0000  -15.0000   -7.5000 2366.1824   24.9915
    7.5000  -15.0000   -7.5000 2352.3882   25.1524
   -7.5000   -7.5000   -7.5000 2460.2808   23.2868
    0.0000   -7.5000   -7.5000 2479.4231   23.0504
    7.5000   -7.5000   -7.5000 2467.7944   23.1749
   -7.5000    0.0000   -7.5000 2569.4382   21.8038
    0.0000    0.0000   -7.5000 2593.3955   21.6630
    7.5000    0.0000   -7.5000 2574.6870   21.7151
   -7.5000    7.5000   -7.5000 2649.5369   20.8640
    0.0000    7.5000   -7.5000 2665.4036   20.6919
    7.5000    7.5000   -7.5000 2652.6123   20.7161
   -7.5000   15.0000   -7.5000 2695.6287   20.3014
    0.0000   15.0000   -7.5000 2705.8906   20.2013
    7.5000   15.0000   -7.5000 2689.8857   20.1957
   -7.5000   22.5000   -7.5000 2714.9163   20.2293
    0.0000   22.5000   -7.5000 2729.7117   20.1410
    7.5000   22.5000   -7.5000 2711.7834   20.1595
   -7.5000   30.0000   -7.5000 2690.3479   20.6342
    0.0000   30.0000   -7.5000 2714.7312   20.4966
    7.5000   30.0000   -7.5000 2696.4194   20.5651
   -7.5000   37.5000   -7.5000 2648.2419   21.4015
    0.0000   37.5000   -7.5000 2676.4485   21.2874
    7.5000   37.5000   -7.5000 2660.1035   21.4532
   -7.5000   45.0000   -7.5000 2578.4099   22.8000
    0.0000   45.0000   -7.5000 2600.4592   22.5916
    7.5000   45.0000   -7.5000 2589.2295   22.8283
   -7.5000   52.5000   -7.5000 2460.2659   24.5121
    0.0000   52.5000   -7.5000 2482.7644   24.2979
    7.5000   52.5000   -7.5000 2472.4504   24.5744
   -7.5000  -37.5000    0.0000 1945.4554   35.0309
    0.0000  -37.5000    0.0000 1958.1779   34.9972
    7.5000  -37.5000    0.0000 1945.3345   35.3222
   -7.5000  -30.0000    0.0000 2108.3853   30.5948
    0.0000  -30.0000    0.0000 2124.0166   30.4259
    7.5000  -30.0000    0.0000 2110.0354   30.7036
   -7.5000  -22.5000    0.0000 2254.8718   27.1344
    0.0000  -22.5000    0.0000 2266.1768   26.8078
    7.5000  -22.5000    0.0000 2257.6438   27.1460
   -7.5000  -15.0000    0.0000 2374.4639   24.4485
    0.0000  -15.0000    0.0000 2388.5615   24.1276
    7.5000  -15.0000    0.0000 2384.5278   24.4860
   -7.5000   -7.5000    0.0000 2494.1677   22.4680
    0.0000   -7.5000    0.0000 2513.8794   22.2095
    7.5000   -7.5000    0.0000 2508.4133   22.5013
   -7.5000    0.0000    0.0000 2603.5576   20.9964
    0.0000    0.0000    0.0000 2627.9048   20.7745
    7.5000    0.0000    0.0000 2614.0134   20.9935
   -7.5000    7.5000    0.0000 2695.0562   19.9918
    0.0000    7.5000    0.0000 2720.8992   19.8423
    7.5000    7.5000    0.0000 2697.7329   19.9038
   -7.5000   15.0000    0.0000 2763.1021   19.4129
    0.0000   15.0000    0.0000 2781.1594   19.2518
    7.5000   15.0000    0.0000 2751.5142   19.2617
   -7.5000   22.5000    0.0000 2788.3159   19.2816
    0.0000   22.5000    0.0000 2810.8999   19.0930
    7.5000   22.5000    0.0000 2785.3149   19.1833
   -7.5000   30.0000    0.0000 2767.4636   19.6716
    0.0000   30.0000    0.0000 2794.5610   19.4735
    7.5000   30.0000    0.0000 2771.8572   19.5941
   -7.5000   37.5000    0.0000 2717.6570   20.4827
    0.0000   37.5000    0.0000 2738.4192   20.2775
    7.5000   37.5000    0.0000 2726.7827   20.5184
   -7.5000   45.0000    0.0000 2636.7891   21.8334
    0.0000   45.0000    0.0000 2653.6277   21.5996
    7.5000   45.0000    0.0000 2643.9368   21.8412
   -7.5000   52.5000    0.0000 2508.8218   23.6012
    0.0000   52.5000    0.0000 2528.0056   23.3110
    7.5000   52.5000    0.0000 2523.7981   23.6152
   -7.5000  -37.5000    7.5000 1959.7490   34.3915
    0.0000  -37.5000    7.5000 1973.0795   34.3788
    7.5000  -37.5000    7.5000 1960.3357   34.9192
   -7.5000  -30.0000    7.5000 2120.4553   29.9115
    0.0000  -30.0000    7.5000 2142.0776   29.8395
    7.5000  -30.0000    7.5000 2129.4541   30.2799
   -7.5000  -22.5000    7.5000 2261.6199   26.4094
    0.0000  -22.5000    7.5000 2281.0586   26.1977
    7.5000  -22.5000    7.5000 2278.0659   26.6767
   -7.5000  -15.0000    7.5000 2392.2332   23.8460
    0.0000  -15.0000    7.5000 2405.7778   23.5375
    7.5000  -15.0000    7.5000 2412.5376   24.0333
   -7.5000   -7.5000    7.5000 2519.5623   21.9734
    0.0000   -7.5000    7.5000 2531.4973   21.6398
    7.5000   -7.5000    7.5000 2537.3003   22.0686
   -7.5000    0.0000    7.5000 2628.8635   20.5532
    0.0000    0.0000    7.5000 2641.0505   20.2262
    7.5000    0.0000    7.5000 2638.7507   20.6214
   -7.5000    7.5000    7.5000 2723.2112   19.4797
    0.0000    7.5000    7.5000 2738.2983   19.1924
    7.5000    7.5000    7.5000 2726.8484   19.4432
   -7.5000   15.0000    7.5000 2801.3599   18.6682
    0.0000   15.0000    7.5000 2821.2949   18.3616
    7.5000   15.0000    7.5000 2789.4055   18.5823
   -7.5000   22.5000    7.5000 2846.5020   18.4296
    0.0000   22.5000    7.5000 2873.3416   18.0795
    7.5000   22.5000    7.5000 2840.3120   18.4453
   -7.5000   30.0000    7.5000 2837.9722   18.9910
    0.0000   30.0000    7.5000 2867.4275   18.6595
    7.5000   30.0000    7.5000 2845.7419   18.9959
   -7.5000   37.5000    7.5000 2768.1360   19.9213
    0.0000   37.5000    7.5000 2792.4602   19.6588
    7.5000   37.5000    7.5000 2785.2917   19.9537
   -7.5000   45.0000    7.5000 2678.1821   21.3083
    0.0000   45.0000    7.5000 2691.2319   21.0236
    7.5000   45.0000    7.5000 2691.5444   21.3515
   -7.5000   52.5000    7.5000 2547.0303   23.0207
    0.0000   52.5000    7.5000 2560.4761   22.7195
    7.5000   52.5000    7.5000 2561.6345   23.0609
   -7.5000  -37.5000   15.0000 1956.5168   34.4740
    0.0000  -37.5000   15.0000 1970.2808   34.4413
    7.5000  -37.5000   15.0000 1959.7008   35.1017
   -7.5000  -30.0000   15.0000 2124.6416   29.8514
    0.0000  -30.0000   15.0000 2143.7939   29.7280
    7.5000  -30.0000   15.0000 2134.9724   30.3179
   -7.5000  -22.5000   15.0000 2265.0559   26.2250
    0.0000  -22.5000   15.0000 2282.4844   25.9782
    7.5000  -22.5000   15.0000 2285.2905   26.5967
   -7.5000  -15.0000   15.0000 2390.2041   23.6241
    0.0000  -15.0000   15.0000 2405.2881   23.3642
    7.5000  -15.0000   15.0000 2411.6758   23.9312
   -7.5000   -7.5000   15.0000 2515.5869   21.7611
    0.0000   -7.5000   15.0000 2527.6907   21.4468
    7.5000   -7.5000   15.0000 2531.2908   21.9709
   -7.5000    0.0000   15.0000 2619.6458   20.3460
    0.0000    0.0000   15.0000 2631.0291   20.0169
    7.5000    0.0000   15.0000 2633.6912   20.5314
   -7.5000    7.5000   15.0000 2716.0662   19.2399
    0.0000    7.5000   15.0000 2725.4807   18.8688
    7.5000    7.5000   15.0000 2722.8772   19.3133
   -7.5000   15.0000   15.0000 2788.8621   18.2706
    0.0000   15.0000   15.0000 2806.7915   17.7642
    7.5000   15.0000   15.0000 2790.8291   18.3348
   -7.5000   22.5000   15.0000 2865.2449   18.1378
    0.0000   22.5000   15.0000 2876.6106   17.4795
    7.5000   22.5000   15.0000 2849.2720   18.2113
   -7.5000   30.0000   15.0000 2865.3938   18.8081
    0.0000   30.0000   15.0000 2891.3054   18.3231
    7.5000   30.0000   15.0000 2859.4111   18.8055
   -7.5000   37.5000   15.0000 2798.7876   19.9309
    0.0000   37.5000   15.0000 2827.8201   19.6271
    7.5000   37.5000   15.0000 2812.0132   19.9126
   -7.5000   45.0000   15.0000 2701.0178   21.2639
    0.0000   45.0000   15.0000 2724.8628   21.0079
    7.5000   45.0000   15.0000 2712.9407   21.2224
   -7.5000   52.5000   15.0000 2555.1216   22.8577
    0.0000   52.5000   15.0000 2577.1938   22.6088
    7.5000   52.5000   15.0000 2567.5525   22.7849
   -7.5000  -37.5000   22.5000 1938.0592   34.7875
    0.0000  -37.5000   22.5000 1952.6040   34.9383
    7.5000  -37.5000   22.5000 1944.8519   35.4450
   -7.5000  -30.0000   22.5000 2106.6191   30.0802
    0.0000  -30.0000   22.5000 2129.7778   30.1803
    7.5000  -30.0000   22.5000 2118.5579   30.6382
   -7.5000  -22.5000   22.5000 2249.8987   26.4954
    0.0000  -22.5000   22.5000 2270.8655   26.4279
    7.5000  -22.5000   22.5000 2265.3293   27.0246
   -7.5000  -15.0000   22.5000 2371.7913   23.8773
    0.0000  -15.0000   22.5000 2393.8875   23.7014
    7.5000  -15.0000   22.5000 2391.2090   24.3424
   -7.5000   -7.5000   22.5000 2493.5671   21.9822
    0.0000   -7.5000   22.5000 2508.4602   21.6585
    7.5000   -7.5000   22.5000 2516.4512   22.3004
   -7.5000    0.0000   22.5000 2605.1287   20.5392
    0.0000    0.0000   22.5000 2608.3796   20.1472
    7.5000    0.0000   22.5000 2622.1226   20.7801
   -7.5000    7.5000   22.5000 2693.0264   19.3666
    0.0000    7.5000   22.5000 2690.4202   18.9445
    7.5000    7.5000   22.5000 2706.6689   19.5372
   -7.5000   15.0000   22.5000 2771.5034   18.6259
    0.0000   15.0000   22.5000 2784.8250   18.1941
    7.5000   15.0000   22.5000 2780.4583   18.7816
   -7.5000   22.5000   22.5000 2841.7810   18.4830
    0.0000   22.5000   22.5000 2878.4094   18.1495
    7.5000   22.5000   22.5000 2836.0457   18.5520
   -7.5000   30.0000   22.5000 2844.2742   18.9868
    0.0000   30.0000   22.5000 2891.0823   18.7505
    7.5000   30.0000   22.5000 2838.3020   18.9718
   -7.5000   37.5000   22.5000 2787.9084   20.0635
    0.0000   37.5000   22.5000 2825.6270   19.9001
    7.5000   37.5000   22.5000 2791.3071   19.9987
   -7.5000   45.0000   22.5000 2694.6167   21.3936
    0.0000   45.0000   22.5000 2721.8154   21.2038
    7.5000   45.0000   22.5000 2700.7881   21.3103
   -7.5000   52.5000   22.5000 2549.4482   22.9919
    0.0000   52.5000   22.5000 2570.0913   22.7785
    7.5000   52.5000   22.5000 2555.2283   22.8971
   -7.5000  -37.5000   30.0000 1913.2085   35.9458
    0.0000  -37.5000   30.0000 1925.5471   36.0738
    7.5000  -37.5000   30.0000 1926.1272   36.8246
   -7.5000  -30.0000   30.0000 2080.9590   31.0766
    0.0000  -30.0000   30.0000 2097.5630   31.0594
    7.5000  -30.0000   30.0000 2099.3635   31.7638
   -7.5000  -22.5000   30.0000 2228.4619   27.3018
    0.0000  -22.5000   30.0000 2244.3896   27.1914
    7.5000  -22.5000   30.0000 2247.3884   27.8605
   -7.5000  -15.0000   30.0000 2353.8977   24.6171
    0.0000  -15.0000   30.0000 2369.4436   24.4297
    7.5000  -15.0000   30.0000 2366.6050   25.0454
   -7.5000   -7.5000   30.0000 2464.5916   22.6926
    0.0000   -7.5000   30.0000 2481.9351   22.4586
    7.5000   -7.5000   30.0000 2481.2744   22.9629
   -7.5000    0.0000   30.0000 2567.0476   21.1155
    0.0000    0.0000   30.0000 2584.5000   20.9685
    7.5000    0.0000   30.0000 2585.1172   21.4484
   -7.5000    7.5000   30.0000 2661.3572   19.9890
    0.0000    7.5000   30.0000 2680.4395   19.7848
    7.5000    7.5000   30.0000 2677.3479   20.3296
   -7.5000   15.0000   30.0000 2741.4741   19.3478
    0.0000   15.0000   30.0000 2756.3860   19.1381
    7.5000   15.0000   30.0000 2745.1414   19.6247
   -7.5000   22.5000   30.0000 2782.1599   19.2693
    0.0000   22.5000   30.0000 2810.3252   19.1156
    7.5000   22.5000   30.0000 2788.4785   19.4223
   -7.5000   30.0000   30.0000 2773.0242   19.6791
    0.0000   30.0000   30.0000 2804.0864   19.5336
    7.5000   30.0000   30.0000 2773.3076   19.7263
   -7.5000   37.5000   30.0000 2728.1458   20.4778
    0.0000   37.5000   30.0000 2761.2808   20.3918
    7.5000   37.5000   30.0000 2728.6575   20.4948
   -7.5000   45.0000   30.0000 2645.5603   21.7536
    0.0000   45.0000   30.0000 2674.3687   21.6072
    7.5000   45.0000   30.0000 2651.2715   21.7110
   -7.5000   52.5000   30.0000 2515.9600   23.4438
    0.0000   52.5000   30.0000 2536.0095   23.2091
    7.5000   52.5000   30.0000 2515.9385   23.3048
   -7.5000  -37.5000   37.5000 1880.5952   37.4446
    0.0000  -37.5000   37.5000 1897.8351   37.5917
    7.5000  -37.5000   37.5000 1898.4720   38.4519
   -7.5000  -30.0000   37.5000 2042.7036   32.3702
    0.0000  -30.0000   37.5000 2063.1580   32.4895
    7.5000  -30.0000   37.5000 2062.1526   33.2306
   -7.5000  -22.5000   37.5000 2194.5950   28.6436
    0.0000  -22.5000   37.5000 2211.9087   28.6376
    7.5000  -22.5000   37.5000 2209.7800   29.2428
   -7.5000  -15.0000   37.5000 2321.9761   25.9553
    0.0000  -15.0000   37.5000 2339.9573   25.8684
    7.5000  -15.0000   37.5000 2326.3999   26.3714
   -7.5000   -7.5000   37.5000 2432.7842   23.9143
    0.0000   -7.5000   37.5000 2453.5747   23.7817
    7.5000   -7.5000   37.5000 2443.2478   24.3165
   -7.5000    0.0000   37.5000 2533.7107   22.3603
    0.0000    0.0000   37.5000 2548.0486   22.1780
    7.5000    0.0000   37.5000 2541.8342   22.7831
   -7.5000    7.5000   37.5000 2624.8875   21.1931
    0.0000    7.5000   37.5000 2636.2556   20.9034
    7.5000    7.5000   37.5000 2633.0347   21.5778
   -7.5000   15.0000   37.5000 2688.0610   20.4367
    0.0000   15.0000   37.5000 2698.7034   20.2044
    7.5000   15.0000   37.5000 2695.6628   20.7718
   -7.5000   22.5000   37.5000 2721.1089   20.3286
    0.0000   22.5000   37.5000 2735.4036   20.0836
    7.5000   22.5000   37.5000 2730.6357   20.5659
   -7.5000   30.0000   37.5000 2700.1592   20.6914
    0.0000   30.0000   37.5000 2718.1746   20.4386
    7.5000   30.0000   37.5000 2709.7441   20.8927
   -7.5000   37.5000   37.5000 2651.0300   21.3945
    0.0000   37.5000   37.5000 2675.1621   21.1817
    7.5000   37.5000   37.5000 2660.6482   21.5519
   -7.5000   45.0000   37.5000 2579.8767   22.6565
    0.0000   45.0000   37.5000 2600.3420   22.4336
    7.5000   45.0000   37.5000 2585.0588   22.7196
   -7.5000   52.5000   37.5000 2460.0757   24.2738
    0.0000   52.5000   37.5000 2474.5334   24.0710
    7.5000   52.5000   37.5000 2461.4578   24.2899
   -7.5000  -37.5000   45.0000 1839.9390   39.5297
    0.0000  -37.5000   45.0000 1860.2402   39.8131
    7.5000  -37.5000   45.0000 1847.8354   40.5684
   -7.5000  -30.0000   45.0000 2008.0242   34.3589
    0.0000  -30.0000   45.0000 2028.5333   34.6175
    7.5000  -30.0000   45.0000 2013.7856   35.2044
   -7.5000  -22.5000   45.0000 2157.0210   30.5635
    0.0000  -22.5000   45.0000 2175.6641   30.5909
    7.5000  -22.5000   45.0000 2159.3945   31.1139
   -7.5000  -15.0000   45.0000 2275.9270   27.7070
    0.0000  -15.0000   45.0000 2296.0549   27.5740
    7.5000  -15.0000   45.0000 2278.0334   28.1074
   -7.5000   -7.5000   45.0000 2380.6064   25.4906
    0.0000   -7.5000   45.0000 2400.4458   25.3034
    7.5000   -7.5000   45.0000 2382.1318   25.8298
   -7.5000    0.0000   45.0000 2469.4404   23.8178
    0.0000    0.0000   45.0000 2486.2646   23.5667
    7.5000    0.0000   45.0000 2471.1279   24.2071
   -7.5000    7.5000   45.0000 2549.3059   22.5555
    0.0000    7.5000   45.0000 2563.5901   22.2837
    7.5000    7.5000   45.0000 2552.5757   22.9626
   -7.5000   15.0000   45.0000 2600.3301   21.7161
    0.0000   15.0000   45.0000 2613.0374   21.5264
    7.5000   15.0000   45.0000 2610.5090   22.0919
   -7.5000   22.5000   45.0000 2615.9155   21.5587
    0.0000   22.5000   45.0000 2635.6426   21.3483
    7.5000   22.5000   45.0000 2634.0730   21.8388
   -7.5000   30.0000   45.0000 2606.0833   21.8640
    0.0000   30.0000   45.0000 2623.2358   21.6591
    7.5000   30.0000   45.0000 2620.5408   22.1077
   -7.5000   37.5000   45.0000 2566.5500   22.5545
    0.0000   37.5000   45.0000 2594.2683   22.3995
    7.5000   37.5000   45.0000 2581.9231   22.8251
   -7.5000   45.0000   45.0000 2499.7285   23.8472
    0.0000   45.0000   45.0000 2520.3660   23.6345
    7.5000   45.0000   45.0000 2510.7905   24.0383
   -7.5000   52.5000   45.0000 2383.0637   25.4455
    0.0000   52.5000   45.0000 2400.6108   25.3037
    7.5000   52.5000   45.0000 2389.4175   25.6303

---------------------------------------------------------------------
imgreg_4dfp /opt/freesurfer/average/711-2C_as_mni_average_305 /opt/freesurfer/average/711-2B_as_mni_average_305_mask talsrcimg_g11 none talsrcimg_to_711-2C_as_mni_average_305_t4 1283
---------------------------------------------------------------------

freesurfer imgreg_4dfp.c
/opt/freesurfer/average/711-2C_as_mni_average_305.4dfp.img
       256       256       256         1
  1.000000  1.000000  1.000000
orientation T byte_order littleendian
Reading image: /opt/freesurfer/average/711-2C_as_mni_average_305.4dfp.img
dimensions:      256       256       256
mmppix:       1.0000   -1.0000   -1.0000
center:     128.0000 -129.0000 -129.0000
/opt/freesurfer/average/711-2B_as_mni_average_305_mask.4dfp.img
       256       256       256         1
  1.000000  1.000000  1.000000
orientation T byte_order littleendian
Reading mask: /opt/freesurfer/average/711-2B_as_mni_average_305_mask.4dfp.img (2306576 pixels)
talsrcimg_g11.4dfp.img
       256       256       256         1
  1.000000  1.000000  1.000000
orientation T byte_order littleendian
Reading image: talsrcimg_g11.4dfp.img
dimensions:      256       256       256
mmppix:       1.0000   -1.0000   -1.0000
center:     128.0000 -129.0000 -129.0000
rotation matrix determinant  1.000000
fimgreg.f
image alignment mode   1283 decimal      503 hex
parameters
    0.0000   30.0000   15.0000    0.0000    0.0000    0.0000
eta,q 0.90889 18.23817
niter,ni,del,rscale     5    3   12.0000    1.2000
parameter  6  0.776491 ->  0.500000 qaram    1.1500
parameters
    0.2564   28.7757   14.1417    2.0477    0.8674   -3.4500
eta,q 0.91672 17.99615
  0.0977  0.0970  0.0921  0.0989  0.0931  0.0828
  0.0952  0.0911  0.0877  0.0935  0.0896  0.0832
  0.0912  0.0872  0.0849  0.0879  0.0869  0.0839
  0.0894  0.0890  0.0869  0.0851  0.0852  0.0850
  0.0927  0.0938  0.0902  0.0852  0.0847  0.0873
  0.0943  0.0986  0.0910  0.0864  0.0865  0.0907
  0.0961  0.1044  0.0933  0.0878  0.0900  0.0950
niter,ni,del,rscale     5    3   12.0000    1.2000
parameters
   -0.4402   27.6069   14.7365    3.5284    2.5498   -3.9267
eta,q 0.91964 17.80679
  0.0904  0.0929  0.0929  0.0961  0.0931  0.0879
  0.0903  0.0850  0.0877  0.0895  0.0888  0.0829
  0.0856  0.0811  0.0835  0.0837  0.0848  0.0805
  0.0833  0.0832  0.0813  0.0820  0.0820  0.0805
  0.0877  0.0881  0.0853  0.0823  0.0803  0.0816
  0.0905  0.0943  0.0880  0.0840  0.0814  0.0850
  0.0953  0.1012  0.0875  0.0861  0.0861  0.0898
niter,ni,del,rscale     4    3   12.0000    1.2000
parameters
   -0.7905   27.3333   14.5152    4.1527    2.8219   -3.7974
eta,q 0.91969 17.77674
  0.0885  0.0972  0.0907  0.0906  0.0906  0.0892
  0.0887  0.0896  0.0851  0.0843  0.0862  0.0840
  0.0844  0.0828  0.0808  0.0810  0.0826  0.0806
  0.0804  0.0806  0.0805  0.0802  0.0805  0.0803
  0.0834  0.0842  0.0854  0.0816  0.0804  0.0810
  0.0875  0.0918  0.0887  0.0836  0.0844  0.0836
  0.0929  0.1003  0.0886  0.0858  0.0898  0.0883
niter,ni,del,rscale     3    3   12.0000    1.2000
parameters
   -0.7730   27.1148   14.4640    4.3263    2.8455   -3.8215
eta,q 0.91965 17.75249
  0.0890  0.0964  0.0920  0.0887  0.0900  0.0888
  0.0896  0.0893  0.0857  0.0828  0.0857  0.0836
  0.0857  0.0827  0.0811  0.0802  0.0823  0.0806
  0.0803  0.0803  0.0803  0.0803  0.0804  0.0804
  0.0828  0.0831  0.0847  0.0819  0.0809  0.0812
  0.0869  0.0903  0.0888  0.0839  0.0854  0.0839
  0.0917  0.0996  0.0892  0.0861  0.0904  0.0887
niter,ni,del,rscale     2    3   12.0000    1.2000
parameters
   -0.7059   27.0371   14.4540    4.3827    2.8155   -3.8751
eta,q 0.91965 17.74547
  0.0889  0.0967  0.0924  0.0882  0.0898  0.0888
  0.0898  0.0899  0.0859  0.0824  0.0855  0.0836
  0.0858  0.0832  0.0812  0.0801  0.0822  0.0805
  0.0803  0.0803  0.0803  0.0803  0.0803  0.0804
  0.0828  0.0825  0.0846  0.0820  0.0810  0.0812
  0.0866  0.0893  0.0889  0.0839  0.0856  0.0840
  0.0915  0.0987  0.0893  0.0861  0.0905  0.0887
niter,ni,del,rscale     1    3   12.0000    1.2000
parameters
   -0.6792   27.0116   14.4595    4.4116    2.7982   -3.9008
eta,q 0.91964 17.74402
  0.0887  0.0968  0.0925  0.0881  0.0899  0.0888
  0.0899  0.0901  0.0860  0.0824  0.0855  0.0836
  0.0856  0.0834  0.0812  0.0801  0.0822  0.0806
  0.0803  0.0803  0.0803  0.0803  0.0804  0.0804
  0.0830  0.0823  0.0846  0.0820  0.0810  0.0812
  0.0866  0.0890  0.0889  0.0839  0.0855  0.0840
  0.0915  0.0984  0.0894  0.0862  0.0905  0.0886
registration optimization eta report
parameter search radius
    6.0000    6.0000    6.0000    6.0000    6.0000    6.9000
100000*second partial in parameter space
       22.       47.       27.       19.       27.       18.
  0.0887  0.0968  0.0925  0.0881  0.0899  0.0888
  0.0899  0.0901  0.0860  0.0824  0.0855  0.0836
  0.0856  0.0834  0.0812  0.0801  0.0822  0.0806
  0.0803  0.0803  0.0803  0.0803  0.0804  0.0804
  0.0830  0.0823  0.0846  0.0820  0.0810  0.0812
  0.0866  0.0890  0.0889  0.0839  0.0855  0.0840
  0.0915  0.0984  0.0894  0.0862  0.0905  0.0886
   -0.6792   27.0116   14.4595    4.4116    2.7982   -3.9008
eta,q 0.91964 17.74402

---------------------------------------------------------------------
imgreg_4dfp /opt/freesurfer/average/711-2C_as_mni_average_305 /opt/freesurfer/average/711-2B_as_mni_average_305_mask talsrcimg_g11 none talsrcimg_to_711-2C_as_mni_average_305_t4 3335
---------------------------------------------------------------------

freesurfer imgreg_4dfp.c
/opt/freesurfer/average/711-2C_as_mni_average_305.4dfp.img
       256       256       256         1
  1.000000  1.000000  1.000000
orientation T byte_order littleendian
Reading image: /opt/freesurfer/average/711-2C_as_mni_average_305.4dfp.img
dimensions:      256       256       256
mmppix:       1.0000   -1.0000   -1.0000
center:     128.0000 -129.0000 -129.0000
/opt/freesurfer/average/711-2B_as_mni_average_305_mask.4dfp.img
       256       256       256         1
  1.000000  1.000000  1.000000
orientation T byte_order littleendian
Reading mask: /opt/freesurfer/average/711-2B_as_mni_average_305_mask.4dfp.img (2306576 pixels)
talsrcimg_g11.4dfp.img
       256       256       256         1
  1.000000  1.000000  1.000000
orientation T byte_order littleendian
Reading image: talsrcimg_g11.4dfp.img
dimensions:      256       256       256
mmppix:       1.0000   -1.0000   -1.0000
center:     128.0000 -129.0000 -129.0000
fimgreg.f
image alignment mode   3335 decimal      D07 hex
parameters
   -0.6792   27.0116   14.4595   -0.3506   -0.5017   -0.4152
    6.4081   -5.3795   -6.7948   -7.3432    4.8819    7.6830
eta,q 0.91485 17.91687
niter,ni,del,rscale     5    3    5.0000    1.2000
parameter  3 11.361887 -> -0.500000 qaram    1.1500
parameter  4-21.147707 ->  0.500000 qaram    1.1500
parameter  5  1.851171 ->  0.500000 qaram    1.1500
parameter  6 -5.324684 ->  0.500000 qaram    1.1500
parameter 12  0.973052 ->  0.500000 qaram    1.1500
parameters
   -0.5624   26.8302   15.8395   -4.4906   -4.6417   -4.5552
    7.1447   -2.8851   -4.1765   -7.1088    1.5200    3.5430
eta,q 0.94616 17.41121
  0.0871  0.0870  0.0856  0.0698  0.0674  0.0514  0.0614  0.0684  0.0607  0.0607  0.0569  0.0536
  0.0862  0.0859  0.0853  0.0741  0.0695  0.0559  0.0596  0.0645  0.0589  0.0585  0.0560  0.0537
  0.0856  0.0853  0.0852  0.0795  0.0720  0.0632  0.0584  0.0607  0.0576  0.0571  0.0559  0.0544
  0.0852  0.0851  0.0851  0.0848  0.0755  0.0701  0.0578  0.0577  0.0569  0.0566  0.0565  0.0559
  0.0852  0.0854  0.0850  0.0903  0.0798  0.0754  0.0579  0.0568  0.0566  0.0570  0.0577  0.0580
  0.0858  0.0863  0.0848  0.0955  0.0846  0.0802  0.0587  0.0580  0.0568  0.0583  0.0591  0.0606
  0.0870  0.0878  0.0846  0.0993  0.0898  0.0848  0.0602  0.0602  0.0575  0.0601  0.0607  0.0633
niter,ni,del,rscale     7    3    5.0000    1.2000
parameter  4  0.811479 ->  0.500000 qaram    1.3225
parameter  5  1.163404 ->  0.500000 qaram    1.3225
parameter  6  1.024785 ->  0.500000 qaram    1.3225
parameters
   -0.8468   26.2787   15.7527   -9.2516   -9.4027   -9.3162
    4.4565   -3.3868   -4.7591   -5.1239    0.1132    2.6146
eta,q 0.95946 17.13733
  0.0578  0.0553  0.0568  0.0486  0.0444  0.0396  0.0422  0.0457  0.0430  0.0446  0.0416  0.0416
  0.0554  0.0542  0.0550  0.0487  0.0458  0.0410  0.0413  0.0425  0.0418  0.0431  0.0408  0.0411
  0.0540  0.0537  0.0539  0.0499  0.0472  0.0430  0.0411  0.0411  0.0411  0.0419  0.0405  0.0407
  0.0538  0.0538  0.0537  0.0537  0.0489  0.0462  0.0415  0.0411  0.0410  0.0410  0.0406  0.0405
  0.0549  0.0545  0.0542  0.0606  0.0513  0.0515  0.0424  0.0420  0.0415  0.0406  0.0410  0.0407
  0.0571  0.0559  0.0554  0.0688  0.0551  0.0591  0.0438  0.0438  0.0424  0.0410  0.0417  0.0414
  0.0601  0.0580  0.0570  0.0776  0.0597  0.0662  0.0454  0.0468  0.0435  0.0422  0.0426  0.0425
niter,ni,del,rscale     7    3    5.0000    1.2000
parameter  2  0.735831 ->  0.500000 qaram    1.1500
parameter  3  1.430332 ->  0.500000 qaram    1.3225
parameter  5  1.138414 ->  0.500000 qaram    1.5209
parameters
   -1.0286   24.8987   14.1657  -11.3964  -14.8778  -12.6715
    5.1073   -4.1440   -4.4011   -7.7930    0.0435   -0.6677
eta,q 0.96884 16.85566
  0.0434  0.0396  0.0354  0.0403  0.0328  0.0349  0.0355  0.0354  0.0347  0.0337  0.0327  0.0325
  0.0418  0.0394  0.0359  0.0384  0.0323  0.0335  0.0342  0.0333  0.0336  0.0321  0.0322  0.0314
  0.0408  0.0397  0.0373  0.0369  0.0338  0.0326  0.0332  0.0326  0.0328  0.0318  0.0318  0.0312
  0.0405  0.0405  0.0394  0.0362  0.0366  0.0325  0.0327  0.0326  0.0325  0.0325  0.0317  0.0317
  0.0410  0.0418  0.0419  0.0370  0.0398  0.0352  0.0327  0.0334  0.0327  0.0341  0.0319  0.0330
  0.0424  0.0435  0.0448  0.0423  0.0432  0.0421  0.0335  0.0347  0.0333  0.0361  0.0322  0.0348
  0.0446  0.0457  0.0479  0.0516  0.0468  0.0520  0.0348  0.0363  0.0343  0.0385  0.0328  0.0368
niter,ni,del,rscale     7    3    5.0000    1.2000
parameters
   -0.8294   24.6792   12.8331  -10.6783  -16.3924  -13.5956
    5.0380   -3.6354   -4.2123   -6.4876    1.1397   -1.8689
eta,q 0.96958 16.78151
  0.0346  0.0349  0.0316  0.0364  0.0366  0.0352  0.0333  0.0358  0.0328  0.0361  0.0318  0.0325
  0.0329  0.0329  0.0308  0.0340  0.0336  0.0327  0.0319  0.0325  0.0316  0.0335  0.0311  0.0311
  0.0317  0.0315  0.0306  0.0320  0.0312  0.0311  0.0309  0.0309  0.0309  0.0314  0.0308  0.0305
  0.0312  0.0311  0.0311  0.0306  0.0303  0.0303  0.0305  0.0305  0.0306  0.0306  0.0306  0.0306
  0.0313  0.0319  0.0323  0.0300  0.0331  0.0307  0.0308  0.0311  0.0308  0.0308  0.0306  0.0312
  0.0322  0.0337  0.0342  0.0314  0.0368  0.0335  0.0318  0.0323  0.0314  0.0317  0.0308  0.0323
  0.0337  0.0364  0.0368  0.0361  0.0404  0.0390  0.0336  0.0340  0.0326  0.0330  0.0312  0.0337
niter,ni,del,rscale     6    3    5.0000    1.2000
parameters
   -0.6298   25.0319   12.3474  -10.1902  -16.4829  -13.7022
    4.8950   -3.3003   -4.4680   -5.4499    1.4828   -2.5964
eta,q 0.96989 16.80400
  0.0336  0.0348  0.0323  0.0358  0.0377  0.0357  0.0328  0.0351  0.0320  0.0351  0.0313  0.0325
  0.0321  0.0327  0.0309  0.0334  0.0346  0.0329  0.0315  0.0320  0.0310  0.0327  0.0306  0.0311
  0.0310  0.0312  0.0303  0.0316  0.0319  0.0310  0.0305  0.0304  0.0304  0.0309  0.0303  0.0302
  0.0304  0.0304  0.0303  0.0302  0.0301  0.0301  0.0301  0.0301  0.0302  0.0301  0.0302  0.0302
  0.0305  0.0305  0.0310  0.0297  0.0311  0.0301  0.0304  0.0307  0.0304  0.0304  0.0303  0.0308
  0.0313  0.0314  0.0321  0.0312  0.0348  0.0321  0.0315  0.0319  0.0311  0.0314  0.0306  0.0319
  0.0328  0.0331  0.0338  0.0360  0.0382  0.0370  0.0333  0.0338  0.0323  0.0327  0.0310  0.0333
niter,ni,del,rscale     5    3    5.0000    1.2000
parameters
   -0.5832   25.2609   12.1424  -10.0961  -16.5216  -13.6957
    4.9838   -3.1886   -4.6210   -4.7468    1.6000   -3.0187
eta,q 0.96996 16.81537
  0.0330  0.0340  0.0326  0.0354  0.0376  0.0357  0.0329  0.0346  0.0318  0.0344  0.0311  0.0327
  0.0315  0.0321  0.0310  0.0331  0.0345  0.0329  0.0315  0.0316  0.0309  0.0322  0.0305  0.0312
  0.0306  0.0307  0.0302  0.0314  0.0319  0.0310  0.0305  0.0302  0.0303  0.0306  0.0302  0.0302
  0.0301  0.0301  0.0301  0.0301  0.0300  0.0300  0.0300  0.0300  0.0300  0.0300  0.0301  0.0301
  0.0303  0.0303  0.0306  0.0295  0.0310  0.0299  0.0303  0.0306  0.0303  0.0304  0.0302  0.0306
  0.0312  0.0313  0.0316  0.0315  0.0346  0.0318  0.0312  0.0318  0.0309  0.0314  0.0305  0.0317
  0.0329  0.0330  0.0332  0.0367  0.0380  0.0368  0.0329  0.0339  0.0320  0.0328  0.0310  0.0331
niter,ni,del,rscale     4    3    5.0000    1.2000
parameters
   -0.5495   25.4229   12.0330  -10.0864  -16.6148  -13.7159
    5.0322   -3.1190   -4.7031   -4.2857    1.6393   -3.3082
eta,q 0.96995 16.81516
  0.0329  0.0337  0.0327  0.0353  0.0374  0.0357  0.0328  0.0345  0.0318  0.0340  0.0311  0.0328
  0.0314  0.0319  0.0311  0.0331  0.0344  0.0330  0.0315  0.0315  0.0309  0.0319  0.0305  0.0312
  0.0305  0.0306  0.0302  0.0313  0.0319  0.0310  0.0305  0.0302  0.0303  0.0305  0.0302  0.0302
  0.0300  0.0300  0.0300  0.0300  0.0300  0.0300  0.0300  0.0300  0.0300  0.0300  0.0301  0.0301
  0.0303  0.0303  0.0305  0.0295  0.0309  0.0298  0.0303  0.0306  0.0302  0.0305  0.0302  0.0306
  0.0312  0.0313  0.0315  0.0315  0.0345  0.0318  0.0312  0.0318  0.0308  0.0315  0.0305  0.0317
  0.0329  0.0330  0.0330  0.0369  0.0380  0.0370  0.0329  0.0339  0.0319  0.0329  0.0311  0.0330
niter,ni,del,rscale     3    3    5.0000    1.2000
parameters
   -0.5198   25.5582   11.9499  -10.0857  -16.7081  -13.7576
    5.0402   -3.0662   -4.7670   -3.9307    1.6536   -3.5416
eta,q 0.96992 16.81237
  0.0328  0.0336  0.0328  0.0353  0.0373  0.0358  0.0328  0.0344  0.0317  0.0338  0.0311  0.0329
  0.0314  0.0318  0.0311  0.0331  0.0344  0.0330  0.0315  0.0315  0.0309  0.0318  0.0305  0.0313
  0.0305  0.0306  0.0302  0.0313  0.0319  0.0310  0.0305  0.0302  0.0303  0.0305  0.0302  0.0303
  0.0300  0.0300  0.0300  0.0300  0.0300  0.0301  0.0301  0.0301  0.0301  0.0301  0.0301  0.0301
  0.0303  0.0303  0.0305  0.0295  0.0309  0.0298  0.0303  0.0306  0.0302  0.0306  0.0302  0.0306
  0.0312  0.0313  0.0314  0.0315  0.0345  0.0318  0.0313  0.0318  0.0308  0.0316  0.0305  0.0317
  0.0329  0.0330  0.0330  0.0369  0.0380  0.0371  0.0329  0.0339  0.0319  0.0329  0.0311  0.0330
niter,ni,del,rscale     2    3    5.0000    1.2000
parameters
   -0.4907   25.6778   11.8863  -10.0867  -16.7956  -13.7933
    5.0367   -3.0117   -4.8121   -3.6145    1.6590   -3.7345
eta,q 0.96990 16.81018
  0.0328  0.0335  0.0329  0.0353  0.0373  0.0358  0.0328  0.0344  0.0317  0.0337  0.0311  0.0329
  0.0315  0.0318  0.0312  0.0331  0.0344  0.0330  0.0315  0.0315  0.0309  0.0318  0.0305  0.0313
  0.0305  0.0306  0.0303  0.0313  0.0319  0.0311  0.0305  0.0302  0.0303  0.0305  0.0302  0.0303
  0.0301  0.0301  0.0301  0.0301  0.0301  0.0301  0.0301  0.0301  0.0301  0.0301  0.0301  0.0301
  0.0303  0.0303  0.0305  0.0295  0.0309  0.0298  0.0303  0.0307  0.0303  0.0306  0.0302  0.0306
  0.0312  0.0313  0.0314  0.0316  0.0344  0.0318  0.0313  0.0318  0.0308  0.0316  0.0305  0.0317
  0.0329  0.0330  0.0330  0.0369  0.0379  0.0372  0.0330  0.0339  0.0318  0.0329  0.0311  0.0330
niter,ni,del,rscale     1    3    5.0000    1.2000
parameters
   -0.4627   25.7873   11.8273  -10.0950  -16.8800  -13.8336
    5.0337   -2.9641   -4.8478   -3.3297    1.6607   -3.9107
eta,q 0.96988 16.80675
  0.0329  0.0334  0.0329  0.0353  0.0372  0.0358  0.0328  0.0344  0.0317  0.0336  0.0312  0.0329
  0.0315  0.0317  0.0312  0.0331  0.0344  0.0330  0.0315  0.0315  0.0309  0.0318  0.0306  0.0314
  0.0305  0.0306  0.0303  0.0314  0.0319  0.0311  0.0305  0.0302  0.0303  0.0305  0.0302  0.0303
  0.0301  0.0301  0.0301  0.0301  0.0301  0.0301  0.0301  0.0301  0.0301  0.0301  0.0301  0.0301
  0.0303  0.0303  0.0305  0.0296  0.0309  0.0298  0.0303  0.0307  0.0303  0.0306  0.0303  0.0307
  0.0312  0.0313  0.0314  0.0316  0.0344  0.0318  0.0313  0.0318  0.0308  0.0316  0.0306  0.0317
  0.0329  0.0331  0.0330  0.0369  0.0379  0.0372  0.0330  0.0339  0.0318  0.0329  0.0311  0.0330
registration optimization eta report
parameter search radius
    2.4000    2.7600    3.1740    9.5220   10.9503    9.5220
    7.2000    7.2000    7.2000    7.2000    7.2000    8.2800
100000*second partial in parameter space
       48.       41.       29.        7.        6.        7.
        5.        8.        3.        6.        2.        4.
  0.0329  0.0334  0.0329  0.0353  0.0372  0.0358  0.0328  0.0344  0.0317  0.0336  0.0312  0.0329
  0.0315  0.0317  0.0312  0.0331  0.0344  0.0330  0.0315  0.0315  0.0309  0.0318  0.0306  0.0314
  0.0305  0.0306  0.0303  0.0314  0.0319  0.0311  0.0305  0.0302  0.0303  0.0305  0.0302  0.0303
  0.0301  0.0301  0.0301  0.0301  0.0301  0.0301  0.0301  0.0301  0.0301  0.0301  0.0301  0.0301
  0.0303  0.0303  0.0305  0.0296  0.0309  0.0298  0.0303  0.0307  0.0303  0.0306  0.0303  0.0307
  0.0312  0.0313  0.0314  0.0316  0.0344  0.0318  0.0313  0.0318  0.0308  0.0316  0.0306  0.0317
  0.0329  0.0331  0.0330  0.0369  0.0379  0.0372  0.0330  0.0339  0.0318  0.0329  0.0311  0.0330
   -0.4627   25.7873   11.8273  -10.0950  -16.8800  -13.8336
    5.0337   -2.9641   -4.8478   -3.3297    1.6607   -3.9107
eta,q 0.96988 16.80675

---------------------------------------------------------------------
imgreg_4dfp /opt/freesurfer/average/711-2C_as_mni_average_305 /opt/freesurfer/average/711-2B_as_mni_average_305_mask talsrcimg_g11 none talsrcimg_to_711-2C_as_mni_average_305_t4 2311
---------------------------------------------------------------------

freesurfer imgreg_4dfp.c
/opt/freesurfer/average/711-2C_as_mni_average_305.4dfp.img
       256       256       256         1
  1.000000  1.000000  1.000000
orientation T byte_order littleendian
Reading image: /opt/freesurfer/average/711-2C_as_mni_average_305.4dfp.img
dimensions:      256       256       256
mmppix:       1.0000   -1.0000   -1.0000
center:     128.0000 -129.0000 -129.0000
/opt/freesurfer/average/711-2B_as_mni_average_305_mask.4dfp.img
       256       256       256         1
  1.000000  1.000000  1.000000
orientation T byte_order littleendian
Reading mask: /opt/freesurfer/average/711-2B_as_mni_average_305_mask.4dfp.img (2306576 pixels)
talsrcimg_g11.4dfp.img
       256       256       256         1
  1.000000  1.000000  1.000000
orientation T byte_order littleendian
Reading image: talsrcimg_g11.4dfp.img
dimensions:      256       256       256
mmppix:       1.0000   -1.0000   -1.0000
center:     128.0000 -129.0000 -129.0000
fimgreg.f
image alignment mode   2311 decimal      907 hex
parameters
   -0.4627   25.7873   11.8273  -10.0950  -16.8800  -13.8336
    5.0337   -2.9641   -4.8478   -3.3297    1.6607   -3.9107
eta,q 0.96988 16.80674
niter,ni,del,rscale     5    3    5.0000    0.8000
parameters
   -0.3671   25.9481   11.6898   -7.8121  -16.6813  -13.0225
    4.2914   -2.5067   -5.0408   -2.3055    1.9930   -3.8412
eta,q 0.97066 16.98982
  0.0315  0.0314  0.0307  0.0322  0.0319  0.0314  0.0305  0.0326  0.0302  0.0318  0.0301  0.0306
  0.0308  0.0308  0.0303  0.0314  0.0310  0.0306  0.0298  0.0308  0.0298  0.0307  0.0297  0.0299
  0.0303  0.0303  0.0301  0.0307  0.0302  0.0300  0.0294  0.0297  0.0295  0.0298  0.0294  0.0295
  0.0301  0.0301  0.0301  0.0301  0.0296  0.0296  0.0294  0.0294  0.0294  0.0294  0.0293  0.0293
  0.0302  0.0302  0.0302  0.0297  0.0296  0.0293  0.0297  0.0296  0.0295  0.0294  0.0294  0.0295
  0.0306  0.0304  0.0305  0.0296  0.0304  0.0297  0.0304  0.0302  0.0299  0.0298  0.0296  0.0299
  0.0312  0.0310  0.0309  0.0303  0.0319  0.0307  0.0314  0.0315  0.0304  0.0304  0.0299  0.0305
niter,ni,del,rscale     4    3    5.0000    0.7000
parameters
   -0.5619   26.0752   11.6416   -7.9147  -16.5081  -12.3797
    4.7730   -2.6836   -5.2843   -1.6036    2.2411   -3.8092
eta,q 0.97092 17.03849
  0.0302  0.0304  0.0300  0.0308  0.0312  0.0308  0.0305  0.0310  0.0297  0.0309  0.0297  0.0301
  0.0297  0.0298  0.0296  0.0302  0.0304  0.0303  0.0298  0.0298  0.0294  0.0301  0.0294  0.0295
  0.0294  0.0295  0.0294  0.0297  0.0298  0.0298  0.0294  0.0292  0.0292  0.0294  0.0292  0.0292
  0.0293  0.0293  0.0293  0.0293  0.0293  0.0293  0.0291  0.0291  0.0291  0.0291  0.0291  0.0291
  0.0296  0.0294  0.0294  0.0293  0.0294  0.0291  0.0292  0.0294  0.0292  0.0291  0.0291  0.0292
  0.0301  0.0296  0.0297  0.0299  0.0300  0.0294  0.0295  0.0301  0.0295  0.0295  0.0293  0.0295
  0.0309  0.0301  0.0300  0.0315  0.0312  0.0304  0.0300  0.0313  0.0299  0.0300  0.0296  0.0300
niter,ni,del,rscale     3    3    5.0000    0.6000
parameters
   -0.6112   26.1074   11.6655   -7.7821  -16.5667  -12.0021
    4.8810   -2.7777   -5.4038   -1.3158    2.3188   -3.7615
eta,q 0.97103 17.06247
  0.0299  0.0298  0.0297  0.0304  0.0304  0.0304  0.0299  0.0305  0.0294  0.0302  0.0295  0.0297
  0.0294  0.0294  0.0294  0.0299  0.0298  0.0300  0.0294  0.0296  0.0292  0.0295  0.0292  0.0293
  0.0292  0.0292  0.0291  0.0294  0.0293  0.0295  0.0291  0.0291  0.0290  0.0291  0.0290  0.0291
  0.0291  0.0291  0.0291  0.0291  0.0291  0.0291  0.0290  0.0290  0.0290  0.0290  0.0290  0.0290
  0.0292  0.0291  0.0291  0.0290  0.0292  0.0289  0.0290  0.0292  0.0290  0.0291  0.0290  0.0291
  0.0295  0.0294  0.0293  0.0294  0.0297  0.0293  0.0293  0.0297  0.0292  0.0293  0.0292  0.0293
  0.0301  0.0298  0.0297  0.0305  0.0307  0.0303  0.0298  0.0306  0.0295  0.0298  0.0294  0.0297
niter,ni,del,rscale     2    3    5.0000    0.5000
parameters
   -0.6479   26.1155   11.7104   -7.5944  -16.5715  -11.7299
    4.8930   -2.8372   -5.4270   -1.1750    2.3095   -3.7137
eta,q 0.97112 17.08162
  0.0296  0.0295  0.0295  0.0300  0.0299  0.0301  0.0295  0.0301  0.0292  0.0297  0.0293  0.0294
  0.0292  0.0292  0.0292  0.0296  0.0295  0.0297  0.0292  0.0294  0.0290  0.0293  0.0290  0.0291
  0.0290  0.0290  0.0290  0.0292  0.0291  0.0293  0.0290  0.0290  0.0289  0.0290  0.0289  0.0290
  0.0290  0.0290  0.0290  0.0290  0.0289  0.0289  0.0289  0.0289  0.0289  0.0289  0.0289  0.0289
  0.0290  0.0290  0.0290  0.0289  0.0290  0.0289  0.0289  0.0291  0.0289  0.0289  0.0289  0.0289
  0.0293  0.0292  0.0291  0.0292  0.0294  0.0292  0.0292  0.0295  0.0290  0.0292  0.0290  0.0291
  0.0297  0.0295  0.0294  0.0299  0.0301  0.0300  0.0295  0.0301  0.0292  0.0296  0.0293  0.0294
niter,ni,del,rscale     1    3    5.0000    0.4000
parameters
   -0.6921   26.0880   11.7726   -7.4153  -16.5227  -11.5037
    4.8750   -2.8890   -5.3839   -1.1483    2.2510   -3.6300
eta,q 0.97118 17.09888
  0.0293  0.0292  0.0293  0.0296  0.0295  0.0298  0.0292  0.0296  0.0291  0.0293  0.0291  0.0292
  0.0291  0.0290  0.0291  0.0293  0.0292  0.0295  0.0290  0.0292  0.0289  0.0291  0.0289  0.0290
  0.0289  0.0289  0.0289  0.0290  0.0290  0.0291  0.0289  0.0289  0.0288  0.0289  0.0288  0.0289
  0.0289  0.0289  0.0289  0.0289  0.0289  0.0289  0.0288  0.0288  0.0288  0.0288  0.0288  0.0288
  0.0289  0.0289  0.0289  0.0289  0.0289  0.0288  0.0289  0.0289  0.0288  0.0289  0.0289  0.0289
  0.0291  0.0290  0.0290  0.0291  0.0291  0.0291  0.0290  0.0292  0.0289  0.0290  0.0289  0.0290
  0.0294  0.0292  0.0292  0.0295  0.0296  0.0296  0.0292  0.0297  0.0290  0.0293  0.0291  0.0292
registration optimization eta report
parameter search radius
    0.8000    0.8000    0.8000    2.4000    2.4000    2.4000
    2.4000    2.4000    2.4000    2.4000    2.4000    2.4000
100000*second partial in parameter space
       69.       50.       50.       12.       12.       15.
        7.       14.        4.        9.        5.        6.
  0.0293  0.0292  0.0293  0.0296  0.0295  0.0298  0.0292  0.0296  0.0291  0.0293  0.0291  0.0292
  0.0291  0.0290  0.0291  0.0293  0.0292  0.0295  0.0290  0.0292  0.0289  0.0291  0.0289  0.0290
  0.0289  0.0289  0.0289  0.0290  0.0290  0.0291  0.0289  0.0289  0.0288  0.0289  0.0288  0.0289
  0.0289  0.0289  0.0289  0.0289  0.0289  0.0289  0.0288  0.0288  0.0288  0.0288  0.0288  0.0288
  0.0289  0.0289  0.0289  0.0289  0.0289  0.0288  0.0289  0.0289  0.0288  0.0289  0.0289  0.0289
  0.0291  0.0290  0.0290  0.0291  0.0291  0.0291  0.0290  0.0292  0.0289  0.0290  0.0289  0.0290
  0.0294  0.0292  0.0292  0.0295  0.0296  0.0296  0.0292  0.0297  0.0290  0.0293  0.0291  0.0292
   -0.6921   26.0880   11.7726   -7.4153  -16.5227  -11.5037
    4.8750   -2.8890   -5.3839   -1.1483    2.2510   -3.6300
eta,q 0.97118 17.09888

---------------------------------------------------------------------
imgreg_4dfp /opt/freesurfer/average/711-2C_as_mni_average_305 /opt/freesurfer/average/711-2B_as_mni_average_305_mask talsrcimg_g11 none talsrcimg_to_711-2C_as_mni_average_305_t4 2311
---------------------------------------------------------------------

freesurfer imgreg_4dfp.c
/opt/freesurfer/average/711-2C_as_mni_average_305.4dfp.img
       256       256       256         1
  1.000000  1.000000  1.000000
orientation T byte_order littleendian
Reading image: /opt/freesurfer/average/711-2C_as_mni_average_305.4dfp.img
dimensions:      256       256       256
mmppix:       1.0000   -1.0000   -1.0000
center:     128.0000 -129.0000 -129.0000
/opt/freesurfer/average/711-2B_as_mni_average_305_mask.4dfp.img
       256       256       256         1
  1.000000  1.000000  1.000000
orientation T byte_order littleendian
Reading mask: /opt/freesurfer/average/711-2B_as_mni_average_305_mask.4dfp.img (2306576 pixels)
talsrcimg_g11.4dfp.img
       256       256       256         1
  1.000000  1.000000  1.000000
orientation T byte_order littleendian
Reading image: talsrcimg_g11.4dfp.img
dimensions:      256       256       256
mmppix:       1.0000   -1.0000   -1.0000
center:     128.0000 -129.0000 -129.0000
fimgreg.f
image alignment mode   2311 decimal      907 hex
parameters
   -0.6921   26.0880   11.7726   -7.4153  -16.5227  -11.5037
    4.8750   -2.8890   -5.3839   -1.1483    2.2510   -3.6300
eta,q 0.97118 17.09887
niter,ni,del,rscale     5    3    5.0000    0.8000
parameters
   -0.7795   25.9711   11.8564   -8.1105  -16.7876  -11.9791
    5.1957   -2.9701   -5.3867   -1.8737    2.3123   -3.6038
eta,q 0.97094 17.04102
  0.0305  0.0299  0.0303  0.0307  0.0309  0.0310  0.0306  0.0316  0.0299  0.0303  0.0298  0.0303
  0.0295  0.0293  0.0295  0.0299  0.0301  0.0304  0.0299  0.0300  0.0294  0.0295  0.0294  0.0296
  0.0290  0.0289  0.0290  0.0292  0.0294  0.0297  0.0293  0.0293  0.0292  0.0291  0.0292  0.0292
  0.0288  0.0288  0.0288  0.0288  0.0290  0.0290  0.0291  0.0291  0.0291  0.0291  0.0291  0.0291
  0.0291  0.0290  0.0289  0.0291  0.0291  0.0292  0.0292  0.0294  0.0292  0.0295  0.0291  0.0292
  0.0298  0.0295  0.0293  0.0305  0.0301  0.0304  0.0296  0.0302  0.0294  0.0302  0.0294  0.0296
  0.0309  0.0303  0.0300  0.0331  0.0317  0.0331  0.0303  0.0316  0.0299  0.0312  0.0298  0.0303
niter,ni,del,rscale     4    3    5.0000    0.7000
parameters
   -0.6875   25.9993   11.8279   -8.0138  -16.7117  -12.0073
    4.9931   -2.9413   -5.3639   -1.8240    2.3300   -3.6153
eta,q 0.97098 17.04501
  0.0304  0.0300  0.0299  0.0307  0.0308  0.0306  0.0300  0.0311  0.0297  0.0304  0.0296  0.0300
  0.0297  0.0295  0.0294  0.0300  0.0301  0.0301  0.0294  0.0298  0.0293  0.0296  0.0293  0.0294
  0.0292  0.0292  0.0291  0.0295  0.0294  0.0295  0.0291  0.0292  0.0291  0.0292  0.0291  0.0291
  0.0291  0.0290  0.0290  0.0290  0.0290  0.0290  0.0290  0.0290  0.0290  0.0290  0.0290  0.0290
  0.0291  0.0291  0.0292  0.0289  0.0291  0.0290  0.0292  0.0292  0.0291  0.0292  0.0291  0.0291
  0.0294  0.0294  0.0295  0.0295  0.0297  0.0297  0.0296  0.0299  0.0293  0.0296  0.0293  0.0295
  0.0301  0.0299  0.0299  0.0310  0.0309  0.0312  0.0302  0.0309  0.0296  0.0303  0.0296  0.0300
niter,ni,del,rscale     3    3    5.0000    0.6000
parameters
   -0.6723   26.0194   11.8085   -7.7888  -16.6098  -11.8588
    4.9027   -2.9152   -5.3772   -1.6317    2.3254   -3.5855
eta,q 0.97107 17.06598
  0.0299  0.0297  0.0296  0.0304  0.0304  0.0304  0.0297  0.0306  0.0294  0.0301  0.0294  0.0297
  0.0294  0.0293  0.0293  0.0298  0.0298  0.0299  0.0293  0.0296  0.0291  0.0295  0.0291  0.0293
  0.0291  0.0291  0.0291  0.0294  0.0293  0.0294  0.0290  0.0291  0.0290  0.0291  0.0290  0.0290
  0.0290  0.0290  0.0290  0.0290  0.0290  0.0290  0.0289  0.0289  0.0289  0.0289  0.0289  0.0289
  0.0291  0.0291  0.0291  0.0289  0.0290  0.0289  0.0290  0.0291  0.0290  0.0290  0.0290  0.0290
  0.0294  0.0293  0.0293  0.0293  0.0295  0.0294  0.0293  0.0296  0.0291  0.0293  0.0291  0.0293
  0.0299  0.0297  0.0297  0.0303  0.0304  0.0305  0.0298  0.0305  0.0294  0.0299  0.0294  0.0297
niter,ni,del,rscale     2    3    5.0000    0.5000
parameters
   -0.6909   26.0116   11.8163   -7.5748  -16.5271  -11.6468
    4.8695   -2.9189   -5.3571   -1.4985    2.2917   -3.5186
eta,q 0.97115 17.08654
  0.0296  0.0294  0.0294  0.0300  0.0299  0.0301  0.0294  0.0301  0.0292  0.0297  0.0292  0.0294
  0.0292  0.0292  0.0291  0.0295  0.0295  0.0297  0.0291  0.0294  0.0290  0.0292  0.0290  0.0291
  0.0290  0.0290  0.0290  0.0292  0.0291  0.0292  0.0289  0.0290  0.0289  0.0290  0.0289  0.0289
  0.0289  0.0289  0.0289  0.0289  0.0289  0.0289  0.0288  0.0288  0.0289  0.0288  0.0288  0.0288
  0.0290  0.0290  0.0290  0.0289  0.0289  0.0289  0.0289  0.0290  0.0289  0.0289  0.0289  0.0289
  0.0292  0.0291  0.0291  0.0291  0.0293  0.0292  0.0291  0.0294  0.0290  0.0291  0.0290  0.0291
  0.0296  0.0294  0.0294  0.0299  0.0299  0.0300  0.0295  0.0300  0.0292  0.0295  0.0292  0.0294
niter,ni,del,rscale     1    3    5.0000    0.4000
parameters
   -0.7302   25.9734   11.8530   -7.3875  -16.4478  -11.4384
    4.8639   -2.9408   -5.2875   -1.4716    2.2031   -3.4270
eta,q 0.97121 17.10376
  0.0292  0.0291  0.0292  0.0296  0.0295  0.0298  0.0292  0.0296  0.0290  0.0293  0.0290  0.0292
  0.0290  0.0290  0.0290  0.0293  0.0292  0.0294  0.0290  0.0291  0.0289  0.0290  0.0289  0.0290
  0.0289  0.0289  0.0289  0.0290  0.0290  0.0291  0.0288  0.0289  0.0288  0.0289  0.0288  0.0288
  0.0288  0.0289  0.0288  0.0288  0.0288  0.0288  0.0288  0.0288  0.0288  0.0288  0.0288  0.0288
  0.0289  0.0289  0.0289  0.0288  0.0288  0.0288  0.0288  0.0289  0.0288  0.0289  0.0288  0.0288
  0.0291  0.0290  0.0290  0.0290  0.0291  0.0291  0.0290  0.0292  0.0289  0.0290  0.0289  0.0289
  0.0293  0.0292  0.0291  0.0295  0.0295  0.0296  0.0292  0.0296  0.0290  0.0293  0.0291  0.0291
registration optimization eta report
parameter search radius
    0.8000    0.8000    0.8000    2.4000    2.4000    2.4000
    2.4000    2.4000    2.4000    2.4000    2.4000    2.4000
100000*second partial in parameter space
       69.       49.       50.       12.       12.       15.
        7.       15.        4.        9.        4.        6.
  0.0292  0.0291  0.0292  0.0296  0.0295  0.0298  0.0292  0.0296  0.0290  0.0293  0.0290  0.0292
  0.0290  0.0290  0.0290  0.0293  0.0292  0.0294  0.0290  0.0291  0.0289  0.0290  0.0289  0.0290
  0.0289  0.0289  0.0289  0.0290  0.0290  0.0291  0.0288  0.0289  0.0288  0.0289  0.0288  0.0288
  0.0288  0.0289  0.0288  0.0288  0.0288  0.0288  0.0288  0.0288  0.0288  0.0288  0.0288  0.0288
  0.0289  0.0289  0.0289  0.0288  0.0288  0.0288  0.0288  0.0289  0.0288  0.0289  0.0288  0.0288
  0.0291  0.0290  0.0290  0.0290  0.0291  0.0291  0.0290  0.0292  0.0289  0.0290  0.0289  0.0289
  0.0293  0.0292  0.0291  0.0295  0.0295  0.0296  0.0292  0.0296  0.0290  0.0293  0.0291  0.0291
   -0.7302   25.9734   11.8530   -7.3875  -16.4478  -11.4384
    4.8639   -2.9408   -5.2875   -1.4716    2.2031   -3.4270
eta,q 0.97121 17.10376

---------------------------------------------------------------------
compute_vox2vox talsrcimg talsrcimg_to_711-2C_as_mni_average_305_t4 /opt/freesurfer/average/711-2C_as_mni_average_305
---------------------------------------------------------------------

freesurfer compute_vox2vox.c
Reading: talsrcimg.4dfp.ifh
Reading: talsrcimg_to_711-2C_as_mni_average_305_t4
Reading: /opt/freesurfer/average/711-2C_as_mni_average_305.4dfp.ifh
Writing: talsrcimg_to_711-2C_as_mni_average_305_t4_vox2vox.txt

start time Sun Mar 8 22:51:42 CET 2026
end		time Sun Mar 8 22:53:09 CET 2026

mpr2mni305 success

avi2talxfm orig_nu.mgz /opt/freesurfer/average/mni305.cor.mgz talsrcimg_to_711-2C_as_mni_average_305_t4_vox2vox.txt transforms/talairach.auto.xfm
avi2talxfm done
mv -f /out/sourcedata/freesurfer/sub-v1s16x0051176_ses-1/mri/talsrcimg_to_711-2C_as_mni_average_305_t4_vox2vox.txt /out/sourcedata/freesurfer/sub-v1s16x0051176_ses-1/mri/transforms/talsrcimg_to_711-2C_as_mni_average_305_t4_vox2vox.txt
lta_convert --src orig_nu.mgz --trg /opt/freesurfer/average/mni305.cor.mgz --inxfm transforms/talairach.auto.xfm --outlta transforms/talairach.auto.xfm.lta --subject fsaverage
7.3.2

--src: orig_nu.mgz src image (geometry).
--trg: /opt/freesurfer/average/mni305.cor.mgz trg image (geometry).
--inmni: transforms/talairach.auto.xfm input MNI/XFM transform.
--outlta: transforms/talairach.auto.xfm.lta output LTA.
--s: fsaverage subject name
 LTA read, type : 1
 1.07545   0.03469  -0.06118   1.14764;
-0.02414   1.12915   0.04772  -29.33385;
 0.06763   0.02208   1.19383  -32.73259;
 0.00000   0.00000   0.00000   1.00000;
setting subject to fsaverage
Writing  LTA to file transforms/talairach.auto.xfm.lta...
lta_convert successful.
 
 
Started at Sun Mar 8 22:51:41 CET 2026
Ended   at Sun Mar  8 22:53:09 CET 2026
talairach_avi done
