status file for recon-all
Mon Mar  9 02:02:55 CET 2026
#@# Tessellate rh Mon Mar  9 02:02:55 CET 2026
#@# Smooth1 rh Mon Mar  9 02:02:58 CET 2026
#@# Inflation1 rh Mon Mar  9 02:03:00 CET 2026
#@# QSphere rh Mon Mar  9 02:03:07 CET 2026
#@# Fix Topology rh Mon Mar  9 02:03:50 CET 2026
#@# Smooth2 rh Mon Mar  9 02:08:59 CET 2026
#@# Inflation2 rh Mon Mar  9 02:09:01 CET 2026
#@# Curv .H and .K rh Mon Mar  9 02:09:09 CET 2026
#@# Sphere rh Mon Mar  9 02:09:45 CET 2026
#@# Surf Reg rh Mon Mar  9 02:11:55 CET 2026
#@# Jacobian white rh Mon Mar  9 02:14:14 CET 2026
#@# AvgCurv rh Mon Mar  9 02:14:14 CET 2026
#@# Cortical Parc rh Mon Mar  9 02:14:15 CET 2026
#@# white curv rh Mon Mar  9 02:18:59 CET 2026
#@# white area rh Mon Mar  9 02:19:00 CET 2026
#@# pial curv rh Mon Mar  9 02:19:00 CET 2026
#@# pial area rh Mon Mar  9 02:19:01 CET 2026
#@# thickness rh Mon Mar  9 02:19:02 CET 2026
#@# area and vertex vol rh Mon Mar  9 02:19:24 CET 2026
#@# Curvature Stats rh Mon Mar  9 02:19:25 CET 2026
#@# Cortical Parc 2 rh Mon Mar  9 02:19:27 CET 2026
#@# Cortical Parc 3 rh Mon Mar  9 02:19:36 CET 2026
#@# WM/GM Contrast rh Mon Mar  9 02:19:44 CET 2026
recon-all -s sub-v1s16x0051192_ses-1 finished without error at Mon Mar  9 02:19:46 CET 2026



#New# invocation of recon-all 



status file for recon-all
Mon Mar  9 02:25:00 CET 2026
#@# white curv rh Mon Mar  9 02:25:00 CET 2026
#@# white area rh Mon Mar  9 02:25:00 CET 2026
#@# pial curv rh Mon Mar  9 02:25:00 CET 2026
#@# pial area rh Mon Mar  9 02:25:00 CET 2026
#@# thickness rh Mon Mar  9 02:25:00 CET 2026
#@# area and vertex vol rh Mon Mar  9 02:25:00 CET 2026
#@# Parcellation Stats rh Mon Mar  9 02:25:00 CET 2026
#@# Parcellation Stats 2 rh Mon Mar  9 02:25:11 CET 2026
#@# Parcellation Stats 3 rh Mon Mar  9 02:25:17 CET 2026
#@# BA_exvivo Labels rh Mon Mar  9 02:25:23 CET 2026
recon-all -s sub-v1s16x0051192_ses-1 finished without error at Mon Mar  9 02:27:14 CET 2026
