status file for recon-all
Mon Mar  9 00:15:46 CET 2026
#@# MotionCor Mon Mar  9 00:15:48 CET 2026
#@# Talairach Mon Mar  9 00:15:56 CET 2026
#@# Talairach Failure Detection Mon Mar  9 00:20:23 CET 2026
#@# Nu Intensity Correction Mon Mar  9 00:20:23 CET 2026
#@# Intensity Normalization Mon Mar  9 00:23:38 CET 2026
recon-all -s sub-v1s16x0051192_ses-1 finished without error at Mon Mar  9 00:25:05 CET 2026



#New# invocation of recon-all 



status file for recon-all
Mon Mar  9 00:31:44 CET 2026
#@# EM Registration Mon Mar  9 00:31:44 CET 2026
recon-all -s sub-v1s16x0051192_ses-1 finished without error at Mon Mar  9 00:33:44 CET 2026



#New# invocation of recon-all 



status file for recon-all
Mon Mar  9 00:33:48 CET 2026
#@# CA Normalize Mon Mar  9 00:33:48 CET 2026
#@# CA Reg Mon Mar  9 00:35:09 CET 2026
#@# SubCort Seg Mon Mar  9 01:14:34 CET 2026
#@# CC Seg Mon Mar  9 01:40:17 CET 2026
#@# Merge ASeg Mon Mar  9 01:40:59 CET 2026
#@# Intensity Normalization2 Mon Mar  9 01:40:59 CET 2026
#@# Mask BFS Mon Mar  9 01:43:07 CET 2026
#@# WM Segmentation Mon Mar  9 01:43:08 CET 2026
#@# Fill Mon Mar  9 01:44:58 CET 2026
recon-all -s sub-v1s16x0051192_ses-1 finished without error at Mon Mar  9 01:45:58 CET 2026



#New# invocation of recon-all 



status file for recon-all
Mon Mar  9 02:19:53 CET 2026
#@# white curv lh Mon Mar  9 02:19:53 CET 2026
#@# white area lh Mon Mar  9 02:19:53 CET 2026
#@# pial curv lh Mon Mar  9 02:19:53 CET 2026
#@# pial area lh Mon Mar  9 02:19:53 CET 2026
#@# thickness lh Mon Mar  9 02:19:53 CET 2026
#@# area and vertex vol lh Mon Mar  9 02:19:53 CET 2026
#@# white curv rh Mon Mar  9 02:19:53 CET 2026
#@# white area rh Mon Mar  9 02:19:53 CET 2026
#@# pial curv rh Mon Mar  9 02:19:53 CET 2026
#@# pial area rh Mon Mar  9 02:19:53 CET 2026
#@# thickness rh Mon Mar  9 02:19:53 CET 2026
#@# area and vertex vol rh Mon Mar  9 02:19:53 CET 2026
#@# Cortical ribbon mask Mon Mar  9 02:19:53 CET 2026
recon-all -s sub-v1s16x0051192_ses-1 finished without error at Mon Mar  9 02:22:34 CET 2026



#New# invocation of recon-all 



status file for recon-all
Mon Mar  9 02:27:19 CET 2026
#@# white curv lh Mon Mar  9 02:27:19 CET 2026
#@# white area lh Mon Mar  9 02:27:19 CET 2026
#@# pial curv lh Mon Mar  9 02:27:19 CET 2026
#@# pial area lh Mon Mar  9 02:27:19 CET 2026
#@# thickness lh Mon Mar  9 02:27:19 CET 2026
#@# area and vertex vol lh Mon Mar  9 02:27:19 CET 2026
#@# white curv rh Mon Mar  9 02:27:19 CET 2026
#@# white area rh Mon Mar  9 02:27:19 CET 2026
#@# pial curv rh Mon Mar  9 02:27:19 CET 2026
#@# pial area rh Mon Mar  9 02:27:19 CET 2026
#@# thickness rh Mon Mar  9 02:27:19 CET 2026
#@# area and vertex vol rh Mon Mar  9 02:27:19 CET 2026
#@# Curvature Stats lh Mon Mar  9 02:27:19 CET 2026
#@# Curvature Stats rh Mon Mar  9 02:27:21 CET 2026
#@# Relabel Hypointensities Mon Mar  9 02:27:22 CET 2026
#@# APas-to-ASeg Mon Mar  9 02:27:35 CET 2026
#@# AParc-to-ASeg aparc Mon Mar  9 02:27:41 CET 2026
#@# AParc-to-ASeg aparc.a2009s Mon Mar  9 02:28:01 CET 2026
#@# AParc-to-ASeg aparc.DKTatlas Mon Mar  9 02:28:20 CET 2026
#@# WMParc Mon Mar  9 02:28:39 CET 2026
#@# ASeg Stats Mon Mar  9 02:32:01 CET 2026
recon-all -s sub-v1s16x0051192_ses-1 finished without error at Mon Mar  9 02:32:32 CET 2026
