status file for recon-all
Mon Mar  9 01:52:20 CET 2026
#@# Tessellate lh Mon Mar  9 01:52:20 CET 2026
#@# Smooth1 lh Mon Mar  9 01:52:23 CET 2026
#@# Inflation1 lh Mon Mar  9 01:52:25 CET 2026
#@# QSphere lh Mon Mar  9 01:52:33 CET 2026
#@# Fix Topology lh Mon Mar  9 01:53:20 CET 2026
#@# Smooth2 lh Mon Mar  9 01:57:59 CET 2026
#@# Inflation2 lh Mon Mar  9 01:58:02 CET 2026
#@# Curv .H and .K lh Mon Mar  9 01:58:11 CET 2026
#@# Sphere lh Mon Mar  9 01:58:49 CET 2026
#@# Surf Reg lh Mon Mar  9 02:01:46 CET 2026
#@# Jacobian white lh Mon Mar  9 02:04:31 CET 2026
#@# AvgCurv lh Mon Mar  9 02:04:31 CET 2026
#@# Cortical Parc lh Mon Mar  9 02:04:32 CET 2026
#@# white curv lh Mon Mar  9 02:09:06 CET 2026
#@# white area lh Mon Mar  9 02:09:07 CET 2026
#@# pial curv lh Mon Mar  9 02:09:07 CET 2026
#@# pial area lh Mon Mar  9 02:09:09 CET 2026
#@# thickness lh Mon Mar  9 02:09:09 CET 2026
#@# area and vertex vol lh Mon Mar  9 02:09:33 CET 2026
#@# Curvature Stats lh Mon Mar  9 02:09:34 CET 2026
#@# Cortical Parc 2 lh Mon Mar  9 02:09:36 CET 2026
#@# Cortical Parc 3 lh Mon Mar  9 02:09:47 CET 2026
#@# WM/GM Contrast lh Mon Mar  9 02:09:55 CET 2026
recon-all -s sub-v1s16x0051193_ses-1 finished without error at Mon Mar  9 02:09:57 CET 2026



#New# invocation of recon-all 



status file for recon-all
Mon Mar  9 02:33:26 CET 2026
#@# white curv lh Mon Mar  9 02:33:26 CET 2026
#@# white area lh Mon Mar  9 02:33:26 CET 2026
#@# pial curv lh Mon Mar  9 02:33:26 CET 2026
#@# pial area lh Mon Mar  9 02:33:26 CET 2026
#@# thickness lh Mon Mar  9 02:33:26 CET 2026
#@# area and vertex vol lh Mon Mar  9 02:33:26 CET 2026
#@# Parcellation Stats lh Mon Mar  9 02:33:26 CET 2026
#@# Parcellation Stats 2 lh Mon Mar  9 02:33:39 CET 2026
#@# Parcellation Stats 3 lh Mon Mar  9 02:33:46 CET 2026
#@# BA_exvivo Labels lh Mon Mar  9 02:33:52 CET 2026
recon-all -s sub-v1s16x0051193_ses-1 finished without error at Mon Mar  9 02:35:52 CET 2026
