status file for recon-all
Mon Mar  9 00:31:17 CET 2026
#@# Tessellate lh Mon Mar  9 00:31:17 CET 2026
#@# Smooth1 lh Mon Mar  9 00:31:21 CET 2026
#@# Inflation1 lh Mon Mar  9 00:31:23 CET 2026
#@# QSphere lh Mon Mar  9 00:31:32 CET 2026
#@# Fix Topology lh Mon Mar  9 00:32:27 CET 2026
#@# Smooth2 lh Mon Mar  9 00:37:33 CET 2026
#@# Inflation2 lh Mon Mar  9 00:37:35 CET 2026
#@# Curv .H and .K lh Mon Mar  9 00:37:44 CET 2026
#@# Sphere lh Mon Mar  9 00:38:14 CET 2026
#@# Surf Reg lh Mon Mar  9 00:41:25 CET 2026
#@# Jacobian white lh Mon Mar  9 00:44:37 CET 2026
#@# AvgCurv lh Mon Mar  9 00:44:37 CET 2026
#@# Cortical Parc lh Mon Mar  9 00:44:38 CET 2026
#@# white curv lh Mon Mar  9 00:49:18 CET 2026
#@# white area lh Mon Mar  9 00:49:19 CET 2026
#@# pial curv lh Mon Mar  9 00:49:20 CET 2026
#@# pial area lh Mon Mar  9 00:49:21 CET 2026
#@# thickness lh Mon Mar  9 00:49:22 CET 2026
#@# area and vertex vol lh Mon Mar  9 00:49:40 CET 2026
#@# Curvature Stats lh Mon Mar  9 00:49:41 CET 2026
#@# Cortical Parc 2 lh Mon Mar  9 00:49:42 CET 2026
#@# Cortical Parc 3 lh Mon Mar  9 00:49:52 CET 2026
#@# WM/GM Contrast lh Mon Mar  9 00:49:59 CET 2026
recon-all -s sub-v1s16x0051176_ses-1 finished without error at Mon Mar  9 00:50:02 CET 2026



#New# invocation of recon-all 



status file for recon-all
Mon Mar  9 01:09:50 CET 2026
#@# white curv lh Mon Mar  9 01:09:50 CET 2026
#@# white area lh Mon Mar  9 01:09:50 CET 2026
#@# pial curv lh Mon Mar  9 01:09:50 CET 2026
#@# pial area lh Mon Mar  9 01:09:50 CET 2026
#@# thickness lh Mon Mar  9 01:09:50 CET 2026
#@# area and vertex vol lh Mon Mar  9 01:09:50 CET 2026
#@# Parcellation Stats lh Mon Mar  9 01:09:50 CET 2026
#@# Parcellation Stats 2 lh Mon Mar  9 01:09:59 CET 2026
#@# Parcellation Stats 3 lh Mon Mar  9 01:10:04 CET 2026
#@# BA_exvivo Labels lh Mon Mar  9 01:10:09 CET 2026
recon-all -s sub-v1s16x0051176_ses-1 finished without error at Mon Mar  9 01:12:08 CET 2026
