status file for recon-all
Sun Mar  8 22:48:34 CET 2026
#@# MotionCor Sun Mar  8 22:48:36 CET 2026
#@# Talairach Sun Mar  8 22:48:45 CET 2026
#@# Talairach Failure Detection Sun Mar  8 22:53:11 CET 2026
#@# Nu Intensity Correction Sun Mar  8 22:53:11 CET 2026
#@# Intensity Normalization Sun Mar  8 22:56:26 CET 2026
recon-all -s sub-v1s16x0051176_ses-1 finished without error at Sun Mar  8 22:57:56 CET 2026



#New# invocation of recon-all 



status file for recon-all
Sun Mar  8 23:04:47 CET 2026
#@# EM Registration Sun Mar  8 23:04:47 CET 2026
recon-all -s sub-v1s16x0051176_ses-1 finished without error at Sun Mar  8 23:06:26 CET 2026



#New# invocation of recon-all 



status file for recon-all
Sun Mar  8 23:06:28 CET 2026
#@# CA Normalize Sun Mar  8 23:06:28 CET 2026
#@# CA Reg Sun Mar  8 23:07:51 CET 2026
#@# SubCort Seg Sun Mar  8 23:57:36 CET 2026
#@# CC Seg Mon Mar  9 00:25:18 CET 2026
#@# Merge ASeg Mon Mar  9 00:25:54 CET 2026
#@# Intensity Normalization2 Mon Mar  9 00:25:54 CET 2026
#@# Mask BFS Mon Mar  9 00:28:14 CET 2026
#@# WM Segmentation Mon Mar  9 00:28:15 CET 2026
#@# Fill Mon Mar  9 00:30:11 CET 2026
recon-all -s sub-v1s16x0051176_ses-1 finished without error at Mon Mar  9 00:31:12 CET 2026



#New# invocation of recon-all 



status file for recon-all
Mon Mar  9 01:07:43 CET 2026
#@# white curv lh Mon Mar  9 01:07:43 CET 2026
#@# white area lh Mon Mar  9 01:07:43 CET 2026
#@# pial curv lh Mon Mar  9 01:07:43 CET 2026
#@# pial area lh Mon Mar  9 01:07:43 CET 2026
#@# thickness lh Mon Mar  9 01:07:43 CET 2026
#@# area and vertex vol lh Mon Mar  9 01:07:43 CET 2026
#@# white curv rh Mon Mar  9 01:07:43 CET 2026
#@# white area rh Mon Mar  9 01:07:43 CET 2026
#@# pial curv rh Mon Mar  9 01:07:43 CET 2026
#@# pial area rh Mon Mar  9 01:07:43 CET 2026
#@# thickness rh Mon Mar  9 01:07:43 CET 2026
#@# area and vertex vol rh Mon Mar  9 01:07:43 CET 2026
#@# Cortical ribbon mask Mon Mar  9 01:07:43 CET 2026
recon-all -s sub-v1s16x0051176_ses-1 finished without error at Mon Mar  9 01:09:46 CET 2026



#New# invocation of recon-all 



status file for recon-all
Mon Mar  9 01:14:16 CET 2026
#@# white curv lh Mon Mar  9 01:14:16 CET 2026
#@# white area lh Mon Mar  9 01:14:16 CET 2026
#@# pial curv lh Mon Mar  9 01:14:16 CET 2026
#@# pial area lh Mon Mar  9 01:14:16 CET 2026
#@# thickness lh Mon Mar  9 01:14:16 CET 2026
#@# area and vertex vol lh Mon Mar  9 01:14:16 CET 2026
#@# white curv rh Mon Mar  9 01:14:16 CET 2026
#@# white area rh Mon Mar  9 01:14:16 CET 2026
#@# pial curv rh Mon Mar  9 01:14:16 CET 2026
#@# pial area rh Mon Mar  9 01:14:16 CET 2026
#@# thickness rh Mon Mar  9 01:14:16 CET 2026
#@# area and vertex vol rh Mon Mar  9 01:14:16 CET 2026
#@# Curvature Stats lh Mon Mar  9 01:14:16 CET 2026
#@# Curvature Stats rh Mon Mar  9 01:14:17 CET 2026
#@# Relabel Hypointensities Mon Mar  9 01:14:19 CET 2026
#@# APas-to-ASeg Mon Mar  9 01:14:32 CET 2026
#@# AParc-to-ASeg aparc Mon Mar  9 01:14:37 CET 2026
#@# AParc-to-ASeg aparc.a2009s Mon Mar  9 01:14:51 CET 2026
#@# AParc-to-ASeg aparc.DKTatlas Mon Mar  9 01:15:06 CET 2026
#@# WMParc Mon Mar  9 01:15:17 CET 2026
#@# ASeg Stats Mon Mar  9 01:19:17 CET 2026
recon-all -s sub-v1s16x0051176_ses-1 finished without error at Mon Mar  9 01:19:59 CET 2026
