status file for recon-all
Mon Mar  9 00:38:54 CET 2026
#@# MotionCor Mon Mar  9 00:38:56 CET 2026
#@# Talairach Mon Mar  9 00:39:04 CET 2026
#@# Talairach Failure Detection Mon Mar  9 00:43:31 CET 2026
#@# Nu Intensity Correction Mon Mar  9 00:43:31 CET 2026
#@# Intensity Normalization Mon Mar  9 00:46:45 CET 2026
recon-all -s sub-v1s16x0051197_ses-1 finished without error at Mon Mar  9 00:48:12 CET 2026



#New# invocation of recon-all 



status file for recon-all
Mon Mar  9 00:54:44 CET 2026
#@# EM Registration Mon Mar  9 00:54:44 CET 2026
recon-all -s sub-v1s16x0051197_ses-1 finished without error at Mon Mar  9 00:56:39 CET 2026



#New# invocation of recon-all 



status file for recon-all
Mon Mar  9 00:56:42 CET 2026
#@# CA Normalize Mon Mar  9 00:56:42 CET 2026
#@# CA Reg Mon Mar  9 00:58:01 CET 2026
#@# SubCort Seg Mon Mar  9 01:38:20 CET 2026
#@# CC Seg Mon Mar  9 02:04:27 CET 2026
#@# Merge ASeg Mon Mar  9 02:05:18 CET 2026
#@# Intensity Normalization2 Mon Mar  9 02:05:18 CET 2026
#@# Mask BFS Mon Mar  9 02:07:28 CET 2026
#@# WM Segmentation Mon Mar  9 02:07:28 CET 2026
#@# Fill Mon Mar  9 02:09:21 CET 2026
recon-all -s sub-v1s16x0051197_ses-1 finished without error at Mon Mar  9 02:10:21 CET 2026



#New# invocation of recon-all 



status file for recon-all
Mon Mar  9 02:50:55 CET 2026
#@# white curv lh Mon Mar  9 02:50:55 CET 2026
#@# white area lh Mon Mar  9 02:50:55 CET 2026
#@# pial curv lh Mon Mar  9 02:50:55 CET 2026
#@# pial area lh Mon Mar  9 02:50:55 CET 2026
#@# thickness lh Mon Mar  9 02:50:55 CET 2026
#@# area and vertex vol lh Mon Mar  9 02:50:55 CET 2026
#@# white curv rh Mon Mar  9 02:50:55 CET 2026
#@# white area rh Mon Mar  9 02:50:55 CET 2026
#@# pial curv rh Mon Mar  9 02:50:55 CET 2026
#@# pial area rh Mon Mar  9 02:50:55 CET 2026
#@# thickness rh Mon Mar  9 02:50:55 CET 2026
#@# area and vertex vol rh Mon Mar  9 02:50:55 CET 2026
#@# Cortical ribbon mask Mon Mar  9 02:50:55 CET 2026
recon-all -s sub-v1s16x0051197_ses-1 finished without error at Mon Mar  9 02:54:44 CET 2026



#New# invocation of recon-all 



status file for recon-all
Mon Mar  9 02:59:35 CET 2026
#@# white curv lh Mon Mar  9 02:59:35 CET 2026
#@# white area lh Mon Mar  9 02:59:36 CET 2026
#@# pial curv lh Mon Mar  9 02:59:36 CET 2026
#@# pial area lh Mon Mar  9 02:59:36 CET 2026
#@# thickness lh Mon Mar  9 02:59:36 CET 2026
#@# area and vertex vol lh Mon Mar  9 02:59:36 CET 2026
#@# white curv rh Mon Mar  9 02:59:36 CET 2026
#@# white area rh Mon Mar  9 02:59:36 CET 2026
#@# pial curv rh Mon Mar  9 02:59:36 CET 2026
#@# pial area rh Mon Mar  9 02:59:36 CET 2026
#@# thickness rh Mon Mar  9 02:59:36 CET 2026
#@# area and vertex vol rh Mon Mar  9 02:59:36 CET 2026
#@# Curvature Stats lh Mon Mar  9 02:59:36 CET 2026
#@# Curvature Stats rh Mon Mar  9 02:59:37 CET 2026
#@# Relabel Hypointensities Mon Mar  9 02:59:39 CET 2026
#@# APas-to-ASeg Mon Mar  9 02:59:52 CET 2026
#@# AParc-to-ASeg aparc Mon Mar  9 02:59:58 CET 2026
#@# AParc-to-ASeg aparc.a2009s Mon Mar  9 03:00:18 CET 2026
#@# AParc-to-ASeg aparc.DKTatlas Mon Mar  9 03:00:38 CET 2026
#@# WMParc Mon Mar  9 03:00:57 CET 2026
#@# ASeg Stats Mon Mar  9 03:04:28 CET 2026
recon-all -s sub-v1s16x0051197_ses-1 finished without error at Mon Mar  9 03:04:59 CET 2026
