status file for recon-all
Mon Mar  9 02:10:25 CET 2026
#@# Tessellate lh Mon Mar  9 02:10:25 CET 2026
#@# Smooth1 lh Mon Mar  9 02:10:28 CET 2026
#@# Inflation1 lh Mon Mar  9 02:10:30 CET 2026
#@# QSphere lh Mon Mar  9 02:10:38 CET 2026
#@# Fix Topology lh Mon Mar  9 02:11:25 CET 2026
#@# Smooth2 lh Mon Mar  9 02:17:21 CET 2026
#@# Inflation2 lh Mon Mar  9 02:17:23 CET 2026
#@# Curv .H and .K lh Mon Mar  9 02:17:31 CET 2026
#@# Sphere lh Mon Mar  9 02:18:07 CET 2026
#@# Surf Reg lh Mon Mar  9 02:22:37 CET 2026
#@# Jacobian white lh Mon Mar  9 02:26:33 CET 2026
#@# AvgCurv lh Mon Mar  9 02:26:34 CET 2026
#@# Cortical Parc lh Mon Mar  9 02:26:34 CET 2026
#@# white curv lh Mon Mar  9 02:32:55 CET 2026
#@# white area lh Mon Mar  9 02:32:56 CET 2026
#@# pial curv lh Mon Mar  9 02:32:56 CET 2026
#@# pial area lh Mon Mar  9 02:32:58 CET 2026
#@# thickness lh Mon Mar  9 02:32:58 CET 2026
#@# area and vertex vol lh Mon Mar  9 02:33:21 CET 2026
#@# Curvature Stats lh Mon Mar  9 02:33:22 CET 2026
#@# Cortical Parc 2 lh Mon Mar  9 02:33:24 CET 2026
#@# Cortical Parc 3 lh Mon Mar  9 02:33:34 CET 2026
#@# WM/GM Contrast lh Mon Mar  9 02:33:42 CET 2026
recon-all -s sub-v1s16x0051197_ses-1 finished without error at Mon Mar  9 02:33:44 CET 2026



#New# invocation of recon-all 



status file for recon-all
Mon Mar  9 02:54:51 CET 2026
#@# white curv lh Mon Mar  9 02:54:51 CET 2026
#@# white area lh Mon Mar  9 02:54:51 CET 2026
#@# pial curv lh Mon Mar  9 02:54:51 CET 2026
#@# pial area lh Mon Mar  9 02:54:51 CET 2026
#@# thickness lh Mon Mar  9 02:54:51 CET 2026
#@# area and vertex vol lh Mon Mar  9 02:54:51 CET 2026
#@# Parcellation Stats lh Mon Mar  9 02:54:51 CET 2026
#@# Parcellation Stats 2 lh Mon Mar  9 02:55:03 CET 2026
#@# Parcellation Stats 3 lh Mon Mar  9 02:55:10 CET 2026
#@# BA_exvivo Labels lh Mon Mar  9 02:55:16 CET 2026
recon-all -s sub-v1s16x0051197_ses-1 finished without error at Mon Mar  9 02:57:11 CET 2026
