/out/sourcedata/freesurfer/sub-v1s16x0051178_ses-1/mri
/opt/freesurfer/bin/talairach_avi
--i orig_nu.mgz --xfm transforms/talairach.auto.xfm
talairach_avi 7.3.2
Linux dna070 5.14.0-427.37.1.el9_4.x86_64 #1 SMP PREEMPT_DYNAMIC Fri Sep 13 12:41:50 EDT 2024 x86_64 x86_64 x86_64 GNU/Linux
Sun Mar  8 23:07:02 CET 2026
mri_convert orig_nu.mgz talsrcimg.img 
reading from orig_nu.mgz...
TR=0.00, TE=0.00, TI=0.00, flip angle=0.00
i_ras = (-1, 0, 0)
j_ras = (0, 0, -1)
k_ras = (0, 1, 0)
writing to talsrcimg.img...
Analyze Output Matrix
-1.00000   0.00000   0.00000   128.83817;
 0.00000   0.00000   1.00000  -120.00495;
 0.00000  -1.00000   0.00000   135.28717;
 0.00000   0.00000   0.00000   1.00000;
--------------------
INFO: set hdr.hist.orient to -1
mpr2mni305 talsrcimg
Sun Mar  8 23:07:03 CET 2026
/opt/freesurfer/bin/mpr2mni305 talsrcimg
mpr2mni305 7.3.2
target=711-2C_as_mni_average_305

---------------------------------------------------------------------
analyzeto4dfp talsrcimg -O0 -y
---------------------------------------------------------------------

freesurfer ifh2hdr.c
Sun Mar  8 23:07:03 2026
Writing: talsrcimg.4dfp.hdr
freesurfer analyzeto4dfp.c
Reading: talsrcimg.hdr
header size 348 bytes
hdr.dime.datatype	offset=70	value=2
hdr.dime.bitpix		offset=72	value=8
hdr.hist.orient		offset=252	value=-1
dimensionality     4
dimensions       256       256       256         1
Reading: talsrcimg.img
Writing: talsrcimg.4dfp.img
Writing: talsrcimg.4dfp.ifh
ifh2hdr talsrcimg -r0to221
ori=2

---------------------------------------------------------------------
gauss_4dfp talsrcimg 1.1
---------------------------------------------------------------------

freesurfer gauss_4dfp.c
Reading: talsrcimg.4dfp.img
Writing: talsrcimg_g11.4dfp.img
image dimensions 256 256 256 padded to 288 288 288
processing volume 1freesurfer ifh2hdr.c
Sun Mar  8 23:07:04 2026
Writing: talsrcimg_g11.4dfp.hdr

Writing: talsrcimg_g11.4dfp.ifh
including: talsrcimg.4dfp.img.rec in talsrcimg_g11.4dfp.img.rec

---------------------------------------------------------------------
imgreg_4dfp /opt/freesurfer/average/711-2C_as_mni_average_305 none talsrcimg_g11 none talsrcimg_to_711-2C_as_mni_average_305_t4 4355
---------------------------------------------------------------------

freesurfer imgreg_4dfp.c
/opt/freesurfer/average/711-2C_as_mni_average_305.4dfp.img
       256       256       256         1
  1.000000  1.000000  1.000000
orientation T byte_order littleendian
Reading image: /opt/freesurfer/average/711-2C_as_mni_average_305.4dfp.img
dimensions:      256       256       256
mmppix:       1.0000   -1.0000   -1.0000
center:     128.0000 -129.0000 -129.0000
talsrcimg_g11.4dfp.img
       256       256       256         1
  1.000000  1.000000  1.000000
orientation T byte_order littleendian
Reading image: talsrcimg_g11.4dfp.img
dimensions:      256       256       256
mmppix:       1.0000   -1.0000   -1.0000
center:     128.0000 -129.0000 -129.0000
t4_read: open error in t4_sub.f l:  41 t4_file(1:l)talsrcimg_to_711-2C_as_mni_average_305_t4 
t4_read: transform initialized to I4
rotation matrix determinant  1.000000
image alignment mode   4355 decimal     1103 hex
   -7.5000  -45.0000  -45.0000 5832.8452   23.4683
    0.0000  -45.0000  -45.0000 6126.8081   23.4508
    7.5000  -45.0000  -45.0000 5958.3804   23.4465
   -7.5000  -37.5000  -45.0000 6280.4844   23.1059
    0.0000  -37.5000  -45.0000 6608.4878   23.1069
    7.5000  -37.5000  -45.0000 6408.9932   23.1227
   -7.5000  -30.0000  -45.0000 6995.2979   23.1384
    0.0000  -30.0000  -45.0000 7361.0654   23.1467
    7.5000  -30.0000  -45.0000 7123.8281   23.1632
   -7.5000  -22.5000  -45.0000 7791.4385   23.1295
    0.0000  -22.5000  -45.0000 8183.4917   23.1256
    7.5000  -22.5000  -45.0000 7894.1313   23.1214
   -7.5000  -15.0000  -45.0000 8673.8896   22.9904
    0.0000  -15.0000  -45.0000 9088.9180   22.9684
    7.5000  -15.0000  -45.0000 8769.4639   22.9461
   -7.5000   -7.5000  -45.0000 9463.9180   22.8178
    0.0000   -7.5000  -45.0000 9927.4150   22.7902
    7.5000   -7.5000  -45.0000 9620.9736   22.7695
   -7.5000    0.0000  -45.000010089.0039   22.7573
    0.0000    0.0000  -45.000010607.0674   22.7407
    7.5000    0.0000  -45.000010277.4941   22.7375
   -7.5000    7.5000  -45.0000 9933.7666   22.8979
    0.0000    7.5000  -45.000010432.1455   22.8991
    7.5000    7.5000  -45.000010158.3779   22.9151
   -7.5000   15.0000  -45.0000 9734.4502   23.0982
    0.0000   15.0000  -45.000010233.2227   23.1066
    7.5000   15.0000  -45.0000 9943.8535   23.1231
   -7.5000   22.5000  -45.0000 9516.0957   23.1263
    0.0000   22.5000  -45.0000 9965.4717   23.1225
    7.5000   22.5000  -45.0000 9729.1719   23.1183
   -7.5000   30.0000  -45.0000 9287.3350   22.6840
    0.0000   30.0000  -45.0000 9727.2510   22.6623
    7.5000   30.0000  -45.0000 9487.8057   22.6403
   -7.5000   37.5000  -45.0000 9270.4355   22.5137
    0.0000   37.5000  -45.0000 9697.1670   22.4865
    7.5000   37.5000  -45.0000 9421.7402   22.4660
   -7.5000   45.0000  -45.0000 8566.9658   21.8839
    0.0000   45.0000  -45.0000 8960.6670   21.8679
    7.5000   45.0000  -45.0000 8684.8232   21.8648
   -7.5000  -45.0000  -37.5000 6224.0205   23.1403
    0.0000  -45.0000  -37.5000 6529.5469   23.1217
    7.5000  -45.0000  -37.5000 6318.8198   23.1216
   -7.5000  -37.5000  -37.5000 6696.0474   22.7930
    0.0000  -37.5000  -37.5000 7047.3643   22.7954
    7.5000  -37.5000  -37.5000 6809.5718   22.8084
   -7.5000  -30.0000  -37.5000 7444.0620   22.8208
    0.0000  -30.0000  -37.5000 7841.4980   22.8300
    7.5000  -30.0000  -37.5000 7576.1504   22.8386
   -7.5000  -22.5000  -37.5000 8307.9854   22.7997
    0.0000  -22.5000  -37.5000 8733.2373   22.7939
    7.5000  -22.5000  -37.5000 8416.8672   22.7840
   -7.5000  -15.0000  -37.5000 9204.9209   22.6540
    0.0000  -15.0000  -37.5000 9678.7549   22.6271
    7.5000  -15.0000  -37.5000 9323.4365   22.6051
   -7.5000   -7.5000  -37.500010040.1982   22.4899
    0.0000   -7.5000  -37.500010565.6172   22.4578
    7.5000   -7.5000  -37.500010212.5303   22.4419
   -7.5000    0.0000  -37.500010682.1895   22.4434
    0.0000    0.0000  -37.500011295.1543   22.4256
    7.5000    0.0000  -37.500010938.1182   22.4263
   -7.5000    7.5000  -37.500010508.5830   22.5884
    0.0000    7.5000  -37.500011122.1816   22.5908
    7.5000    7.5000  -37.500010784.9365   22.6039
   -7.5000   15.0000  -37.500010278.4971   22.7810
    0.0000   15.0000  -37.500010854.8525   22.7903
    7.5000   15.0000  -37.500010518.5830   22.7991
   -7.5000   22.5000  -37.500010029.6807   22.7966
    0.0000   22.5000  -37.500010548.5215   22.7908
    7.5000   22.5000  -37.500010232.1104   22.7809
   -7.5000   30.0000  -37.5000 9778.9600   22.3521
    0.0000   30.0000  -37.500010295.6650   22.3256
    7.5000   30.0000  -37.5000 9981.5303   22.3039
   -7.5000   37.5000  -37.5000 9737.3018   22.1902
    0.0000   37.5000  -37.500010253.9824   22.1585
    7.5000   37.5000  -37.5000 9925.3340   22.1428
   -7.5000   45.0000  -37.5000 8972.8135   21.5820
    0.0000   45.0000  -37.5000 9445.7666   21.5649
    7.5000   45.0000  -37.5000 9158.2275   21.5656
   -7.5000  -45.0000  -30.0000 6715.6245   24.0440
    0.0000  -45.0000  -30.0000 7077.4404   24.0346
    7.5000  -45.0000  -30.0000 6844.3130   24.0500
   -7.5000  -37.5000  -30.0000 7252.1606   23.6805
    0.0000  -37.5000  -30.0000 7657.2031   23.6937
    7.5000  -37.5000  -30.0000 7394.6890   23.7189
   -7.5000  -30.0000  -30.0000 8109.1387   23.7055
    0.0000  -30.0000  -30.0000 8569.7549   23.7269
    7.5000  -30.0000  -30.0000 8267.9590   23.7488
   -7.5000  -22.5000  -30.0000 9053.5068   23.6811
    0.0000  -22.5000  -30.0000 9565.4492   23.6863
    7.5000  -22.5000  -30.0000 9176.2246   23.6929
   -7.5000  -15.0000  -30.0000 9996.2432   23.5302
    0.0000  -15.0000  -30.000010572.5107   23.5117
    7.5000  -15.0000  -30.000010131.1943   23.5078
   -7.5000   -7.5000  -30.000010879.2129   23.3631
    0.0000   -7.5000  -30.000011503.0996   23.3385
    7.5000   -7.5000  -30.000011050.3428   23.3398
   -7.5000    0.0000  -30.000011595.7549   23.3172
    0.0000    0.0000  -30.000012275.7012   23.3081
    7.5000    0.0000  -30.000011875.2393   23.3230
   -7.5000    7.5000  -30.000011394.0547   23.4667
    0.0000    7.5000  -30.000012123.4805   23.4799
    7.5000    7.5000  -30.000011703.4912   23.5050
   -7.5000   15.0000  -30.000011120.4443   23.6641
    0.0000   15.0000  -30.000011794.9492   23.6855
    7.5000   15.0000  -30.000011392.3018   23.7075
   -7.5000   22.5000  -30.000010800.6846   23.6754
    0.0000   22.5000  -30.000011420.7148   23.6807
    7.5000   22.5000  -30.000011049.2754   23.6872
   -7.5000   30.0000  -30.000010500.7402   23.2188
    0.0000   30.0000  -30.000011129.4053   23.2006
    7.5000   30.0000  -30.000010755.8721   23.1968
   -7.5000   37.5000  -30.000010422.4463   23.0539
    0.0000   37.5000  -30.000011017.5693   23.0297
    7.5000   37.5000  -30.000010686.3184   23.0310
   -7.5000   45.0000  -30.0000 9624.9570   22.4388
    0.0000   45.0000  -30.000010129.6309   22.4300
    7.5000   45.0000  -30.0000 9833.4209   22.4444
   -7.5000  -45.0000  -22.5000 7257.2046   24.8103
    0.0000  -45.0000  -22.5000 7672.3857   24.8129
    7.5000  -45.0000  -22.5000 7413.6631   24.8419
   -7.5000  -37.5000  -22.5000 7834.5952   24.4270
    0.0000  -37.5000  -22.5000 8302.1650   24.4513
    7.5000  -37.5000  -22.5000 8021.3354   24.4933
   -7.5000  -30.0000  -22.5000 8792.0713   24.4550
    0.0000  -30.0000  -22.5000 9337.3008   24.4888
    7.5000  -30.0000  -22.5000 9003.0635   24.5341
   -7.5000  -22.5000  -22.5000 9777.9014   24.4416
    0.0000  -22.5000  -22.500010419.3877   24.4603
    7.5000  -22.5000  -22.500010000.9268   24.4926
   -7.5000  -15.0000  -22.500010793.1230   24.2967
    0.0000  -15.0000  -22.500011493.6084   24.2923
    7.5000  -15.0000  -22.500011027.2998   24.3100
   -7.5000   -7.5000  -22.500011740.5781   24.1219
    0.0000   -7.5000  -22.500012474.7734   24.1107
    7.5000   -7.5000  -22.500011968.3281   24.1269
   -7.5000    0.0000  -22.500012540.2070   24.0621
    0.0000    0.0000  -22.500013302.4883   24.0646
    7.5000    0.0000  -22.500012839.9893   24.0918
   -7.5000    7.5000  -22.500012331.4648   24.2072
    0.0000    7.5000  -22.500013190.1221   24.2314
    7.5000    7.5000  -22.500012688.4619   24.2730
   -7.5000   15.0000  -22.500011982.5020   24.4125
    0.0000   15.0000  -22.500012820.6348   24.4463
    7.5000   15.0000  -22.500012370.1885   24.4915
   -7.5000   22.5000  -22.500011581.8838   24.4341
    0.0000   22.5000  -22.500012354.0781   24.4527
    7.5000   22.5000  -22.500011957.0518   24.4850
   -7.5000   30.0000  -22.500011254.9580   23.9789
    0.0000   30.0000  -22.500012015.3018   23.9745
    7.5000   30.0000  -22.500011613.9053   23.9920
   -7.5000   37.5000  -22.500011131.3633   23.8064
    0.0000   37.5000  -22.500011860.1689   23.7954
    7.5000   37.5000  -22.500011498.3252   23.8113
   -7.5000   45.0000  -22.500010276.0488   23.1730
    0.0000   45.0000  -22.500010896.6963   23.1754
    7.5000   45.0000  -22.500010578.9492   23.2016
   -7.5000  -45.0000  -15.0000 7780.4590   25.3602
    0.0000  -45.0000  -15.0000 8251.1582   25.3651
    7.5000  -45.0000  -15.0000 7971.3354   25.3933
   -7.5000  -37.5000  -15.0000 8409.1562   24.9606
    0.0000  -37.5000  -15.0000 8938.7578   24.9852
    7.5000  -37.5000  -15.0000 8641.8555   25.0326
   -7.5000  -30.0000  -15.0000 9415.3047   24.9919
    0.0000  -30.0000  -15.000010042.9756   25.0265
    7.5000  -30.0000  -15.0000 9706.6982   25.0828
   -7.5000  -22.5000  -15.000010443.7852   24.9912
    0.0000  -22.5000  -15.000011167.2031   25.0128
    7.5000  -22.5000  -15.000010780.5869   25.0555
   -7.5000  -15.0000  -15.000011519.8164   24.8547
    0.0000  -15.0000  -15.000012330.8877   24.8553
    7.5000  -15.0000  -15.000011879.4707   24.8779
   -7.5000   -7.5000  -15.000012527.8125   24.6724
    0.0000   -7.5000  -15.000013428.9443   24.6660
    7.5000   -7.5000  -15.000012895.9189   24.6815
   -7.5000    0.0000  -15.000013384.7402   24.5974
    0.0000    0.0000  -15.000014323.4717   24.6021
    7.5000    0.0000  -15.000013806.8984   24.6286
   -7.5000    7.5000  -15.000013135.6641   24.7365
    0.0000    7.5000  -15.000014176.1211   24.7611
    7.5000    7.5000  -15.000013652.2646   24.8081
   -7.5000   15.0000  -15.000012756.2549   24.9486
    0.0000   15.0000  -15.000013754.3008   24.9832
    7.5000   15.0000  -15.000013320.1797   25.0393
   -7.5000   22.5000  -15.000012326.4277   24.9824
    0.0000   22.5000  -15.000013289.1143   25.0040
    7.5000   22.5000  -15.000012878.8926   25.0466
   -7.5000   30.0000  -15.000011979.2441   24.5330
    0.0000   30.0000  -15.000012892.4141   24.5337
    7.5000   30.0000  -15.000012494.1650   24.5560
   -7.5000   37.5000  -15.000011821.9199   24.3531
    0.0000   37.5000  -15.000012656.5010   24.3468
    7.5000   37.5000  -15.000012260.1475   24.3620
   -7.5000   45.0000  -15.000010913.7529   23.7028
    0.0000   45.0000  -15.000011627.5674   23.7073
    7.5000   45.0000  -15.000011287.1318   23.7329
   -7.5000  -45.0000   -7.5000 8391.1240   25.6752
    0.0000  -45.0000   -7.5000 8886.0723   25.6686
    7.5000  -45.0000   -7.5000 8603.8330   25.6797
   -7.5000  -37.5000   -7.5000 9051.9873   25.2705
    0.0000  -37.5000   -7.5000 9645.5918   25.2824
    7.5000  -37.5000   -7.5000 9339.3750   25.3172
   -7.5000  -30.0000   -7.500010101.6143   25.3033
    0.0000  -30.0000   -7.500010783.6826   25.3245
    7.5000  -30.0000   -7.500010462.2480   25.3669
   -7.5000  -22.5000   -7.500011190.6533   25.3051
    0.0000  -22.5000   -7.500011989.9404   25.3148
    7.5000  -22.5000   -7.500011586.7705   25.3387
   -7.5000  -15.0000   -7.500012320.4072   25.1680
    0.0000  -15.0000   -7.500013208.2627   25.1590
    7.5000  -15.0000   -7.500012758.2725   25.1601
   -7.5000   -7.5000   -7.500013418.9238   24.9812
    0.0000   -7.5000   -7.500014420.3564   24.9653
    7.5000   -7.5000   -7.500013910.0693   24.9610
   -7.5000    0.0000   -7.500014296.7178   24.9030
    0.0000    0.0000   -7.500015484.3096   24.8968
    7.5000    0.0000   -7.500014933.5264   24.9077
   -7.5000    7.5000   -7.500013999.5781   25.0436
    0.0000    7.5000   -7.500015218.6650   25.0556
    7.5000    7.5000   -7.500014739.0244   25.0904
   -7.5000   15.0000   -7.500013560.8828   25.2594
    0.0000   15.0000   -7.500014734.7549   25.2806
    7.5000   15.0000   -7.500014371.7461   25.3229
   -7.5000   22.5000   -7.500013149.9102   25.2934
    0.0000   22.5000   -7.500014222.6016   25.3031
    7.5000   22.5000   -7.500013889.6924   25.3270
   -7.5000   30.0000   -7.500012798.3467   24.8416
    0.0000   30.0000   -7.500013826.7920   24.8327
    7.5000   30.0000   -7.500013457.3535   24.8338
   -7.5000   37.5000   -7.500012564.1562   24.6572
    0.0000   37.5000   -7.500013509.2881   24.6416
    7.5000   37.5000   -7.500013130.5264   24.6373
   -7.5000   45.0000   -7.500011603.9453   24.0018
    0.0000   45.0000   -7.500012398.1855   23.9958
    7.5000   45.0000   -7.500012081.3008   24.0064
   -7.5000  -45.0000    0.0000 8962.0371   25.7872
    0.0000  -45.0000    0.0000 9492.5938   25.7684
    7.5000  -45.0000    0.0000 9219.4980   25.7649
   -7.5000  -37.5000    0.0000 9668.1025   25.3905
    0.0000  -37.5000    0.000010278.8135   25.3918
    7.5000  -37.5000    0.0000 9978.1689   25.4102
   -7.5000  -30.0000    0.000010758.0391   25.4237
    0.0000  -30.0000    0.000011478.3096   25.4327
    7.5000  -30.0000    0.000011110.9092   25.4519
   -7.5000  -22.5000    0.000011885.0078   25.4146
    0.0000  -22.5000    0.000012701.3262   25.4102
    7.5000  -22.5000    0.000012288.4678   25.4068
   -7.5000  -15.0000    0.000013083.2715   25.2646
    0.0000  -15.0000    0.000013996.6250   25.2405
    7.5000  -15.0000    0.000013542.5723   25.2172
   -7.5000   -7.5000    0.000014269.1758   25.0769
    0.0000   -7.5000    0.000015395.0947   25.0471
    7.5000   -7.5000    0.000014895.1240   25.0253
   -7.5000    0.0000    0.000015225.1191   25.0102
    0.0000    0.0000    0.000016627.6562   24.9925
    7.5000    0.0000    0.000016153.2793   24.9900
   -7.5000    7.5000    0.000014882.2520   25.1619
    0.0000    7.5000    0.000016243.0176   25.1634
    7.5000    7.5000    0.000015999.3066   25.1820
   -7.5000   15.0000    0.000014356.3818   25.3794
    0.0000   15.0000    0.000015596.6309   25.3885
    7.5000   15.0000    0.000015451.9062   25.4077
   -7.5000   22.5000    0.000013902.1318   25.4029
    0.0000   22.5000    0.000015066.5732   25.3985
    7.5000   22.5000    0.000014870.1406   25.3951
   -7.5000   30.0000    0.000013543.0508   24.9376
    0.0000   30.0000    0.000014647.2334   24.9138
    7.5000   30.0000    0.000014379.2148   24.8908
   -7.5000   37.5000    0.000013214.0107   24.7524
    0.0000   37.5000    0.000014257.9424   24.7229
    7.5000   37.5000    0.000013982.0596   24.7015
   -7.5000   45.0000    0.000012221.8027   24.1070
    0.0000   45.0000    0.000013116.8662   24.0899
    7.5000   45.0000    0.000012867.4219   24.0875
   -7.5000  -45.0000    7.5000 8792.6514   25.8326
    0.0000  -45.0000    7.5000 9310.2510   25.8125
    7.5000  -45.0000    7.5000 9105.7480   25.8130
   -7.5000  -37.5000    7.5000 9540.0400   25.4438
    0.0000  -37.5000    7.500010083.9629   25.4471
    7.5000  -37.5000    7.5000 9851.5371   25.4623
   -7.5000  -30.0000    7.500010632.8145   25.4737
    0.0000  -30.0000    7.500011252.4766   25.4845
    7.5000  -30.0000    7.500010951.3994   25.4947
   -7.5000  -22.5000    7.500011753.4102   25.4498
    0.0000  -22.5000    7.500012440.3223   25.4438
    7.5000  -22.5000    7.500012092.7490   25.4332
   -7.5000  -15.0000    7.500012913.7764   25.2871
    0.0000  -15.0000    7.500013719.7246   25.2576
    7.5000  -15.0000    7.500013321.4492   25.2334
   -7.5000   -7.5000    7.500014130.7598   25.1040
    0.0000   -7.5000    7.500015222.1914   25.0688
    7.5000   -7.5000    7.500014879.0928   25.0516
   -7.5000    0.0000    7.500015107.6436   25.0523
    0.0000    0.0000    7.500016507.1973   25.0332
    7.5000    0.0000    7.500016444.5801   25.0345
   -7.5000    7.5000    7.500014717.7998   25.2142
    0.0000    7.5000    7.500015970.5723   25.2176
    7.5000    7.5000    7.500016129.2012   25.2329
   -7.5000   15.0000    7.500014249.7441   25.4292
    0.0000   15.0000    7.500015302.1445   25.4401
    7.5000   15.0000    7.500015491.0508   25.4504
   -7.5000   22.5000    7.500013801.0791   25.4381
    0.0000   22.5000    7.500014867.3281   25.4321
    7.5000   22.5000    7.500014872.3809   25.4215
   -7.5000   30.0000    7.500013422.9355   24.9598
    0.0000   30.0000    7.500014504.8525   24.9307
    7.5000   30.0000    7.500014348.5986   24.9068
   -7.5000   37.5000    7.500013012.2383   24.7792
    0.0000   37.5000    7.500014076.3242   24.7444
    7.5000   37.5000    7.500013913.0723   24.7273
   -7.5000   45.0000    7.500012010.4756   24.1475
    0.0000   45.0000    7.500012964.3262   24.1291
    7.5000   45.0000    7.500012772.2236   24.1304
   -7.5000  -45.0000   15.0000 8504.2236   25.8193
    0.0000  -45.0000   15.0000 8998.6904   25.8092
    7.5000  -45.0000   15.0000 8820.8711   25.8257
   -7.5000  -37.5000   15.0000 9189.1914   25.4289
    0.0000  -37.5000   15.0000 9759.2676   25.4431
    7.5000  -37.5000   15.0000 9517.2979   25.4702
   -7.5000  -30.0000   15.000010236.4873   25.4558
    0.0000  -30.0000   15.000010869.5195   25.4788
    7.5000  -30.0000   15.000010561.8262   25.5023
   -7.5000  -22.5000   15.000011315.6406   25.4296
    0.0000  -22.5000   15.000011982.5664   25.4352
    7.5000  -22.5000   15.000011636.3018   25.4423
   -7.5000  -15.0000   15.000012449.0459   25.2676
    0.0000  -15.0000   15.000013207.6572   25.2477
    7.5000  -15.0000   15.000012849.6104   25.2435
   -7.5000   -7.5000   15.000013657.3467   25.0881
    0.0000   -7.5000   15.000014765.4268   25.0618
    7.5000   -7.5000   15.000014549.9697   25.0631
   -7.5000    0.0000   15.000014751.3438   25.0389
    0.0000    0.0000   15.000016096.9033   25.0291
    7.5000    0.0000   15.000016053.3965   25.0451
   -7.5000    7.5000   15.000014468.2178   25.1994
    0.0000    7.5000   15.000015566.3311   25.2135
    7.5000    7.5000   15.000015563.5547   25.2405
   -7.5000   15.0000   15.000013991.8242   25.4114
    0.0000   15.0000   15.000015020.5127   25.4344
    7.5000   15.0000   15.000014931.9004   25.4580
   -7.5000   22.5000   15.000013539.8984   25.4179
    0.0000   22.5000   15.000014664.6719   25.4235
    7.5000   22.5000   15.000014397.0068   25.4305
   -7.5000   30.0000   15.000013155.9336   24.9406
    0.0000   30.0000   15.000014306.4033   24.9209
    7.5000   30.0000   15.000013939.0830   24.9168
   -7.5000   37.5000   15.000012662.1162   24.7634
    0.0000   37.5000   15.000013806.4033   24.7374
    7.5000   37.5000   15.000013445.1846   24.7387
   -7.5000   45.0000   15.000011613.0176   24.1346
    0.0000   45.0000   15.000012641.8643   24.1252
    7.5000   45.0000   15.000012315.0166   24.1406
   -7.5000  -45.0000   22.5000 8048.6743   25.7551
    0.0000  -45.0000   22.5000 8531.3633   25.7578
    7.5000  -45.0000   22.5000 8400.0371   25.7879
   -7.5000  -37.5000   22.5000 8749.6865   25.3572
    0.0000  -37.5000   22.5000 9273.8926   25.3824
    7.5000  -37.5000   22.5000 9118.2275   25.4260
   -7.5000  -30.0000   22.5000 9793.0869   25.3863
    0.0000  -30.0000   22.500010357.0479   25.4213
    7.5000  -30.0000   22.500010147.4795   25.4683
   -7.5000  -22.5000   22.500010853.4961   25.3724
    0.0000  -22.5000   22.500011494.5801   25.3917
    7.5000  -22.5000   22.500011194.1152   25.4253
   -7.5000  -15.0000   22.500011900.3027   25.2219
    0.0000  -15.0000   22.500012707.5615   25.2173
    7.5000  -15.0000   22.500012348.8516   25.2357
   -7.5000   -7.5000   22.500013023.0469   25.0405
    0.0000   -7.5000   22.500014233.3047   25.0289
    7.5000   -7.5000   22.500013758.3203   25.0456
   -7.5000    0.0000   22.500014211.9873   24.9784
    0.0000    0.0000   22.500015797.8555   24.9809
    7.5000    0.0000   22.500014902.6279   25.0092
   -7.5000    7.5000   22.500014207.4053   25.1290
    0.0000    7.5000   22.500015656.3027   25.1541
    7.5000    7.5000   22.500014602.3486   25.1973
   -7.5000   15.0000   22.500013767.9424   25.3421
    0.0000   15.0000   22.500015079.2383   25.3772
    7.5000   15.0000   22.500014193.5918   25.4241
   -7.5000   22.5000   22.500013216.0635   25.3607
    0.0000   22.5000   22.500014417.5010   25.3800
    7.5000   22.5000   22.500013712.0771   25.4136
   -7.5000   30.0000   22.500012701.6553   24.8955
    0.0000   30.0000   22.500013799.4756   24.8910
    7.5000   30.0000   22.500013261.8955   24.9091
   -7.5000   37.5000   22.500012157.6338   24.7164
    0.0000   37.5000   22.500013178.0928   24.7050
    7.5000   37.5000   22.500012774.7422   24.7215
   -7.5000   45.0000   22.500011108.2793   24.0763
    0.0000   45.0000   22.500012042.5752   24.0787
    7.5000   45.0000   22.500011729.8779   24.1060
   -7.5000  -45.0000   30.0000 7558.7441   25.7082
    0.0000  -45.0000   30.0000 7997.4092   25.7132
    7.5000  -45.0000   30.0000 7820.8071   25.7418
   -7.5000  -37.5000   30.0000 8193.6973   25.3031
    0.0000  -37.5000   30.0000 8706.7607   25.3281
    7.5000  -37.5000   30.0000 8463.2344   25.3761
   -7.5000  -30.0000   30.0000 9157.3057   25.3349
    0.0000  -30.0000   30.0000 9750.4121   25.3700
    7.5000  -30.0000   30.0000 9432.2529   25.4271
   -7.5000  -22.5000   30.000010174.9893   25.3342
    0.0000  -22.5000   30.000010855.2285   25.3561
    7.5000  -22.5000   30.000010459.4229   25.3994
   -7.5000  -15.0000   30.000011180.8301   25.1958
    0.0000  -15.0000   30.000012000.2666   25.1964
    7.5000  -15.0000   30.000011564.7490   25.2193
   -7.5000   -7.5000   30.000012224.9375   25.0110
    0.0000   -7.5000   30.000013281.1807   25.0045
    7.5000   -7.5000   30.000012792.0840   25.0202
   -7.5000    0.0000   30.000013189.2695   24.9349
    0.0000    0.0000   30.000014476.4775   24.9397
    7.5000    0.0000   30.000013736.7188   24.9666
   -7.5000    7.5000   30.000013166.7764   25.0760
    0.0000    7.5000   30.000014456.4121   25.1009
    7.5000    7.5000   30.000013574.8252   25.1486
   -7.5000   15.0000   30.000012883.4570   25.2910
    0.0000   15.0000   30.000014108.7461   25.3260
    7.5000   15.0000   30.000013335.5488   25.3830
   -7.5000   22.5000   30.000012416.3877   25.3226
    0.0000   22.5000   30.000013556.7783   25.3444
    7.5000   22.5000   30.000012891.7686   25.3877
   -7.5000   30.0000   30.000011899.9307   24.8697
    0.0000   30.0000   30.000012950.7598   24.8703
    7.5000   30.0000   30.000012389.6875   24.8930
   -7.5000   37.5000   30.000011366.7979   24.6873
    0.0000   37.5000   30.000012324.1787   24.6809
    7.5000   37.5000   30.000011851.1338   24.6964
   -7.5000   45.0000   30.000010400.6367   24.0344
    0.0000   45.0000   30.000011268.8965   24.0390
    7.5000   45.0000   30.000010884.6777   24.0649
   -7.5000  -45.0000   37.5000 7238.6284   25.7767
    0.0000  -45.0000   37.5000 7675.6772   25.7700
    7.5000  -45.0000   37.5000 7441.6025   25.7817
   -7.5000  -37.5000   37.5000 7883.9551   25.3696
    0.0000  -37.5000   37.5000 8352.1719   25.3815
    7.5000  -37.5000   37.5000 8067.0439   25.4168
   -7.5000  -30.0000   37.5000 8850.8574   25.4022
    0.0000  -30.0000   37.5000 9350.3330   25.4234
    7.5000  -30.0000   37.5000 9049.1895   25.4664
   -7.5000  -22.5000   37.5000 9811.7305   25.4037
    0.0000  -22.5000   37.500010380.0332   25.4134
    7.5000  -22.5000   37.500010027.9980   25.4378
   -7.5000  -15.0000   37.500010759.6406   25.2659
    0.0000  -15.0000   37.500011403.3848   25.2569
    7.5000  -15.0000   37.500011048.6221   25.2585
   -7.5000   -7.5000   37.500011709.9854   25.0784
    0.0000   -7.5000   37.500012522.5850   25.0624
    7.5000   -7.5000   37.500012111.1602   25.0586
   -7.5000    0.0000   37.500012572.1025   25.0000
    0.0000    0.0000   37.500013501.2432   24.9937
    7.5000    0.0000   37.500012971.8701   25.0051
   -7.5000    7.5000   37.500012489.6113   25.1413
    0.0000    7.5000   37.500013394.7539   25.1533
    7.5000    7.5000   37.500012828.5234   25.1886
   -7.5000   15.0000   37.500012236.7529   25.3580
    0.0000   15.0000   37.500013147.3301   25.3793
    7.5000   15.0000   37.500012639.0908   25.4221
   -7.5000   22.5000   37.500011888.8008   25.3920
    0.0000   22.5000   37.500012803.7734   25.4017
    7.5000   22.5000   37.500012329.7969   25.4261
   -7.5000   30.0000   37.500011510.4443   24.9389
    0.0000   30.0000   37.500012407.8096   24.9300
    7.5000   30.0000   37.500011931.0039   24.9316
   -7.5000   37.5000   37.500011050.3486   24.7538
    0.0000   37.5000   37.500011891.2314   24.7381
    7.5000   37.5000   37.500011453.9531   24.7343
   -7.5000   45.0000   37.500010156.9990   24.0972
    0.0000   45.0000   37.500010909.0107   24.0911
    7.5000   45.0000   37.500010535.3906   24.1021
   -7.5000  -45.0000   45.0000 6644.3389   25.8708
    0.0000  -45.0000   45.0000 6999.4014   25.8532
    7.5000  -45.0000   45.0000 6798.9233   25.8514
   -7.5000  -37.5000   45.0000 7236.4609   25.4683
    0.0000  -37.5000   45.0000 7606.8770   25.4708
    7.5000  -37.5000   45.0000 7384.8843   25.4910
   -7.5000  -30.0000   45.0000 8106.4644   25.4996
    0.0000  -30.0000   45.0000 8513.4023   25.5099
    7.5000  -30.0000   45.0000 8251.8867   25.5310
   -7.5000  -22.5000   45.0000 8991.1113   25.4897
    0.0000  -22.5000   45.0000 9447.4893   25.4867
    7.5000  -22.5000   45.0000 9103.1523   25.4848
   -7.5000  -15.0000   45.0000 9861.4219   25.3395
    0.0000  -15.0000   45.000010387.5547   25.3168
    7.5000  -15.0000   45.0000 9990.5029   25.2948
   -7.5000   -7.5000   45.000010733.6660   25.1519
    0.0000   -7.5000   45.000011337.7686   25.1232
    7.5000   -7.5000   45.000010886.2715   25.1029
   -7.5000    0.0000   45.000011501.3564   25.0851
    0.0000    0.0000   45.000012169.7061   25.0684
    7.5000    0.0000   45.000011649.2549   25.0676
   -7.5000    7.5000   45.000011389.7012   25.2371
    0.0000    7.5000   45.000012028.1973   25.2398
    7.5000    7.5000   45.000011500.5439   25.2602
   -7.5000   15.0000   45.000011136.2539   25.4547
    0.0000   15.0000   45.000011808.3340   25.4651
    7.5000   15.0000   45.000011297.2061   25.4863
   -7.5000   22.5000   45.000010843.0928   25.4779
    0.0000   22.5000   45.000011536.4189   25.4749
    7.5000   22.5000   45.000011057.9170   25.4730
   -7.5000   30.0000   45.000010560.1475   25.0094
    0.0000   30.0000   45.000011256.5420   24.9870
    7.5000   30.0000   45.000010784.0986   24.9653
   -7.5000   37.5000   45.000010166.1445   24.8242
    0.0000   37.5000   45.000010838.8584   24.7959
    7.5000   37.5000   45.000010421.3105   24.7758
   -7.5000   45.0000   45.0000 9361.9102   24.1901
    0.0000   45.0000   45.0000 9981.6230   24.1741
    7.5000   45.0000   45.0000 9611.5879   24.1733

---------------------------------------------------------------------
imgreg_4dfp /opt/freesurfer/average/711-2C_as_mni_average_305 /opt/freesurfer/average/711-2B_as_mni_average_305_mask talsrcimg_g11 none talsrcimg_to_711-2C_as_mni_average_305_t4 4355
---------------------------------------------------------------------

freesurfer imgreg_4dfp.c
/opt/freesurfer/average/711-2C_as_mni_average_305.4dfp.img
       256       256       256         1
  1.000000  1.000000  1.000000
orientation T byte_order littleendian
Reading image: /opt/freesurfer/average/711-2C_as_mni_average_305.4dfp.img
dimensions:      256       256       256
mmppix:       1.0000   -1.0000   -1.0000
center:     128.0000 -129.0000 -129.0000
/opt/freesurfer/average/711-2B_as_mni_average_305_mask.4dfp.img
       256       256       256         1
  1.000000  1.000000  1.000000
orientation T byte_order littleendian
Reading mask: /opt/freesurfer/average/711-2B_as_mni_average_305_mask.4dfp.img (2306576 pixels)
talsrcimg_g11.4dfp.img
       256       256       256         1
  1.000000  1.000000  1.000000
orientation T byte_order littleendian
Reading image: talsrcimg_g11.4dfp.img
dimensions:      256       256       256
mmppix:       1.0000   -1.0000   -1.0000
center:     128.0000 -129.0000 -129.0000
rotation matrix determinant  1.000000
image alignment mode   4355 decimal     1103 hex
   -7.5000  -45.0000  -45.0000 1702.2006   38.5284
    0.0000  -45.0000  -45.0000 1703.3524   37.9074
    7.5000  -45.0000  -45.0000 1699.7800   37.9518
   -7.5000  -37.5000  -45.0000 1813.2126   34.7240
    0.0000  -37.5000  -45.0000 1816.3953   34.1611
    7.5000  -37.5000  -45.0000 1806.2269   34.1979
   -7.5000  -30.0000  -45.0000 1891.0051   31.6871
    0.0000  -30.0000  -45.0000 1899.7179   31.3207
    7.5000  -30.0000  -45.0000 1887.6003   31.3630
   -7.5000  -22.5000  -45.0000 1969.6776   28.8002
    0.0000  -22.5000  -45.0000 1976.3153   28.6241
    7.5000  -22.5000  -45.0000 1961.7793   28.6688
   -7.5000  -15.0000  -45.0000 2057.1494   26.5355
    0.0000  -15.0000  -45.0000 2062.1228   26.3681
    7.5000  -15.0000  -45.0000 2049.3735   26.4360
   -7.5000   -7.5000  -45.0000 2108.6477   25.0345
    0.0000   -7.5000  -45.0000 2113.5601   24.8331
    7.5000   -7.5000  -45.0000 2106.8750   24.9243
   -7.5000    0.0000  -45.0000 2125.6072   24.1503
    0.0000    0.0000  -45.0000 2136.5857   23.9282
    7.5000    0.0000  -45.0000 2123.4873   24.0943
   -7.5000    7.5000  -45.0000 2126.3413   23.9177
    0.0000    7.5000  -45.0000 2134.1733   23.7165
    7.5000    7.5000  -45.0000 2126.5503   23.8922
   -7.5000   15.0000  -45.0000 2112.0500   23.9735
    0.0000   15.0000  -45.0000 2124.3384   23.8326
    7.5000   15.0000  -45.0000 2117.3408   23.9956
   -7.5000   22.5000  -45.0000 2097.6096   24.5469
    0.0000   22.5000  -45.0000 2106.3093   24.2875
    7.5000   22.5000  -45.0000 2102.6428   24.5310
   -7.5000   30.0000  -45.0000 2062.7036   25.5758
    0.0000   30.0000  -45.0000 2069.7861   25.2770
    7.5000   30.0000  -45.0000 2062.6724   25.4390
   -7.5000   37.5000  -45.0000 2014.7095   27.1215
    0.0000   37.5000  -45.0000 2021.5265   26.6932
    7.5000   37.5000  -45.0000 2007.8645   26.8899
   -7.5000   45.0000  -45.0000 1947.3969   29.2789
    0.0000   45.0000  -45.0000 1954.9208   28.7875
    7.5000   45.0000  -45.0000 1940.5664   28.9873
   -7.5000  -45.0000  -37.5000 1780.5620   35.4578
    0.0000  -45.0000  -37.5000 1781.3207   35.1815
    7.5000  -45.0000  -37.5000 1774.3174   35.1702
   -7.5000  -37.5000  -37.5000 1898.5624   31.9271
    0.0000  -37.5000  -37.5000 1897.4293   31.6265
    7.5000  -37.5000  -37.5000 1890.6267   31.6327
   -7.5000  -30.0000  -37.5000 1976.0640   29.1002
    0.0000  -30.0000  -37.5000 1981.8208   28.9099
    7.5000  -30.0000  -37.5000 1979.4044   28.9181
   -7.5000  -22.5000  -37.5000 2065.2009   26.6101
    0.0000  -22.5000  -37.5000 2073.6709   26.5468
    7.5000  -22.5000  -37.5000 2066.6345   26.4939
   -7.5000  -15.0000  -37.5000 2148.7646   24.5334
    0.0000  -15.0000  -37.5000 2155.6829   24.4712
    7.5000  -15.0000  -37.5000 2149.4209   24.4667
   -7.5000   -7.5000  -37.5000 2201.2610   23.0503
    0.0000   -7.5000  -37.5000 2213.0840   22.9425
    7.5000   -7.5000  -37.5000 2207.7175   22.9453
   -7.5000    0.0000  -37.5000 2222.7139   22.2692
    0.0000    0.0000  -37.5000 2238.7039   22.1589
    7.5000    0.0000  -37.5000 2229.7683   22.1703
   -7.5000    7.5000  -37.5000 2223.8450   22.0290
    0.0000    7.5000  -37.5000 2239.6094   21.8451
    7.5000    7.5000  -37.5000 2234.3074   21.9380
   -7.5000   15.0000  -37.5000 2212.8489   22.0423
    0.0000   15.0000  -37.5000 2230.8152   21.9545
    7.5000   15.0000  -37.5000 2220.3604   22.0543
   -7.5000   22.5000  -37.5000 2196.7351   22.4374
    0.0000   22.5000  -37.5000 2207.8469   22.3177
    7.5000   22.5000  -37.5000 2202.3538   22.5074
   -7.5000   30.0000  -37.5000 2158.9656   23.2809
    0.0000   30.0000  -37.5000 2172.8311   23.1406
    7.5000   30.0000  -37.5000 2168.2310   23.2475
   -7.5000   37.5000  -37.5000 2116.1538   24.7551
    0.0000   37.5000  -37.5000 2126.4458   24.5242
    7.5000   37.5000  -37.5000 2120.8533   24.5745
   -7.5000   45.0000  -37.5000 2043.6421   26.8819
    0.0000   45.0000  -37.5000 2050.6543   26.4321
    7.5000   45.0000  -37.5000 2047.6239   26.5792
   -7.5000  -45.0000  -30.0000 1866.8882   33.9239
    0.0000  -45.0000  -30.0000 1879.5109   33.7461
    7.5000  -45.0000  -30.0000 1881.1428   33.7719
   -7.5000  -37.5000  -30.0000 1991.7396   30.4866
    0.0000  -37.5000  -30.0000 2005.7170   30.3640
    7.5000  -37.5000  -30.0000 2006.0448   30.1461
   -7.5000  -30.0000  -30.0000 2092.9241   27.7564
    0.0000  -30.0000  -30.0000 2109.6672   27.7766
    7.5000  -30.0000  -30.0000 2108.3306   27.6387
   -7.5000  -22.5000  -30.0000 2192.6172   25.4480
    0.0000  -22.5000  -30.0000 2208.8083   25.4238
    7.5000  -22.5000  -30.0000 2198.7896   25.3917
   -7.5000  -15.0000  -30.0000 2278.2339   23.4560
    0.0000  -15.0000  -30.0000 2297.2812   23.4497
    7.5000  -15.0000  -30.0000 2283.4512   23.3989
   -7.5000   -7.5000  -30.0000 2329.2585   21.9553
    0.0000   -7.5000  -30.0000 2353.3545   21.9207
    7.5000   -7.5000  -30.0000 2341.1304   21.9252
   -7.5000    0.0000  -30.0000 2358.0974   21.1762
    0.0000    0.0000  -30.0000 2385.2722   21.0797
    7.5000    0.0000  -30.0000 2376.5938   21.0757
   -7.5000    7.5000  -30.0000 2372.6926   20.9716
    0.0000    7.5000  -30.0000 2396.7190   20.8031
    7.5000    7.5000  -30.0000 2388.3525   20.8246
   -7.5000   15.0000  -30.0000 2364.7112   21.0637
    0.0000   15.0000  -30.0000 2385.1260   20.9113
    7.5000   15.0000  -30.0000 2375.6475   20.9797
   -7.5000   22.5000  -30.0000 2341.9985   21.3623
    0.0000   22.5000  -30.0000 2360.4319   21.1766
    7.5000   22.5000  -30.0000 2356.5808   21.3129
   -7.5000   30.0000  -30.0000 2301.9575   22.1257
    0.0000   30.0000  -30.0000 2325.5154   21.9266
    7.5000   30.0000  -30.0000 2315.8159   22.0153
   -7.5000   37.5000  -30.0000 2254.5483   23.4465
    0.0000   37.5000  -30.0000 2275.2053   23.2469
    7.5000   37.5000  -30.0000 2269.0845   23.3053
   -7.5000   45.0000  -30.0000 2175.4529   25.4467
    0.0000   45.0000  -30.0000 2191.1606   25.1348
    7.5000   45.0000  -30.0000 2189.7375   25.2800
   -7.5000  -45.0000  -22.5000 1939.4565   32.2562
    0.0000  -45.0000  -22.5000 1961.6494   32.1070
    7.5000  -45.0000  -22.5000 1961.0518   31.8705
   -7.5000  -37.5000  -22.5000 2070.5706   28.8776
    0.0000  -37.5000  -22.5000 2099.0237   28.9341
    7.5000  -37.5000  -22.5000 2098.9834   28.6365
   -7.5000  -30.0000  -22.5000 2184.2871   26.4366
    0.0000  -30.0000  -22.5000 2213.2681   26.5163
    7.5000  -30.0000  -22.5000 2213.8030   26.2904
   -7.5000  -22.5000  -22.5000 2284.8733   24.1513
    0.0000  -22.5000  -22.5000 2321.6372   24.2044
    7.5000  -22.5000  -22.5000 2309.8489   24.0555
   -7.5000  -15.0000  -22.5000 2381.1943   22.1645
    0.0000  -15.0000  -22.5000 2416.2046   22.1799
    7.5000  -15.0000  -22.5000 2401.9695   22.1257
   -7.5000   -7.5000  -22.5000 2446.8684   20.7361
    0.0000   -7.5000  -22.5000 2470.4258   20.7265
    7.5000   -7.5000  -22.5000 2462.6189   20.7208
   -7.5000    0.0000  -22.5000 2480.6794   20.0240
    0.0000    0.0000  -22.5000 2502.5271   19.9240
    7.5000    0.0000  -22.5000 2500.0420   19.9418
   -7.5000    7.5000  -22.5000 2504.4722   19.7267
    0.0000    7.5000  -22.5000 2532.5806   19.6298
    7.5000    7.5000  -22.5000 2524.3728   19.6226
   -7.5000   15.0000  -22.5000 2498.6738   19.8291
    0.0000   15.0000  -22.5000 2529.8506   19.7197
    7.5000   15.0000  -22.5000 2528.7021   19.7571
   -7.5000   22.5000  -22.5000 2468.9045   20.1226
    0.0000   22.5000  -22.5000 2501.3406   19.9876
    7.5000   22.5000  -22.5000 2500.0510   20.0580
   -7.5000   30.0000  -22.5000 2425.5728   20.8753
    0.0000   30.0000  -22.5000 2464.1794   20.7001
    7.5000   30.0000  -22.5000 2456.7881   20.7612
   -7.5000   37.5000  -22.5000 2370.0640   22.1234
    0.0000   37.5000  -22.5000 2407.7192   21.9271
    7.5000   37.5000  -22.5000 2401.4512   21.9705
   -7.5000   45.0000  -22.5000 2286.4697   23.8638
    0.0000   45.0000  -22.5000 2319.4460   23.6037
    7.5000   45.0000  -22.5000 2317.2627   23.7724
   -7.5000  -45.0000  -15.0000 1982.4445   30.6991
    0.0000  -45.0000  -15.0000 2013.8397   30.6670
    7.5000  -45.0000  -15.0000 2008.8983   30.4274
   -7.5000  -37.5000  -15.0000 2120.1084   27.5072
    0.0000  -37.5000  -15.0000 2157.2227   27.4938
    7.5000  -37.5000  -15.0000 2154.2261   27.3021
   -7.5000  -30.0000  -15.0000 2240.5688   25.0574
    0.0000  -30.0000  -15.0000 2275.3167   25.1245
    7.5000  -30.0000  -15.0000 2274.6274   24.9539
   -7.5000  -22.5000  -15.0000 2344.0181   22.7940
    0.0000  -22.5000  -15.0000 2386.1919   22.9407
    7.5000  -22.5000  -15.0000 2381.1492   22.8225
   -7.5000  -15.0000  -15.0000 2450.1592   20.9754
    0.0000  -15.0000  -15.0000 2488.6892   21.0185
    7.5000  -15.0000  -15.0000 2479.6804   20.9492
   -7.5000   -7.5000  -15.0000 2521.5005   19.6416
    0.0000   -7.5000  -15.0000 2556.3218   19.6308
    7.5000   -7.5000  -15.0000 2545.6436   19.5946
   -7.5000    0.0000  -15.0000 2561.9458   18.9020
    0.0000    0.0000  -15.0000 2589.8621   18.8809
    7.5000    0.0000  -15.0000 2591.3503   18.8695
   -7.5000    7.5000  -15.0000 2587.6694   18.5470
    0.0000    7.5000  -15.0000 2623.6338   18.5779
    7.5000    7.5000  -15.0000 2616.6106   18.5339
   -7.5000   15.0000  -15.0000 2588.0229   18.5938
    0.0000   15.0000  -15.0000 2624.7351   18.5535
    7.5000   15.0000  -15.0000 2627.3452   18.6206
   -7.5000   22.5000  -15.0000 2561.8623   18.9165
    0.0000   22.5000  -15.0000 2603.7881   18.8135
    7.5000   22.5000  -15.0000 2603.1963   18.8777
   -7.5000   30.0000  -15.0000 2517.9402   19.6864
    0.0000   30.0000  -15.0000 2565.7043   19.5291
    7.5000   30.0000  -15.0000 2560.6699   19.5896
   -7.5000   37.5000  -15.0000 2460.4602   20.9338
    0.0000   37.5000  -15.0000 2501.3804   20.6871
    7.5000   37.5000  -15.0000 2500.4297   20.7535
   -7.5000   45.0000  -15.0000 2376.1594   22.5639
    0.0000   45.0000  -15.0000 2413.6277   22.3039
    7.5000   45.0000  -15.0000 2411.1414   22.3478
   -7.5000  -45.0000   -7.5000 2028.7864   29.6705
    0.0000  -45.0000   -7.5000 2054.2434   29.4694
    7.5000  -45.0000   -7.5000 2044.9404   29.2064
   -7.5000  -37.5000   -7.5000 2168.4614   26.5396
    0.0000  -37.5000   -7.5000 2199.6099   26.4206
    7.5000  -37.5000   -7.5000 2194.6211   26.2263
   -7.5000  -30.0000   -7.5000 2284.7322   24.0119
    0.0000  -30.0000   -7.5000 2315.9915   24.0496
    7.5000  -30.0000   -7.5000 2317.2095   23.9660
   -7.5000  -22.5000   -7.5000 2391.5486   21.8297
    0.0000  -22.5000   -7.5000 2426.9673   21.8555
    7.5000  -22.5000   -7.5000 2424.0305   21.8213
   -7.5000  -15.0000   -7.5000 2502.5146   19.9940
    0.0000  -15.0000   -7.5000 2537.0320   20.0433
    7.5000  -15.0000   -7.5000 2531.1260   20.0059
   -7.5000   -7.5000   -7.5000 2587.4722   18.7487
    0.0000   -7.5000   -7.5000 2624.1697   18.7369
    7.5000   -7.5000   -7.5000 2618.5208   18.7002
   -7.5000    0.0000   -7.5000 2631.1536   17.9884
    0.0000    0.0000   -7.5000 2667.6526   17.9264
    7.5000    0.0000   -7.5000 2669.3748   17.9040
   -7.5000    7.5000   -7.5000 2652.3242   17.5745
    0.0000    7.5000   -7.5000 2692.5227   17.5997
    7.5000    7.5000   -7.5000 2688.5784   17.5944
   -7.5000   15.0000   -7.5000 2655.1702   17.6179
    0.0000   15.0000   -7.5000 2686.8840   17.5141
    7.5000   15.0000   -7.5000 2693.0615   17.6200
   -7.5000   22.5000   -7.5000 2643.4709   17.9118
    0.0000   22.5000   -7.5000 2671.8042   17.7604
    7.5000   22.5000   -7.5000 2680.2151   17.8467
   -7.5000   30.0000   -7.5000 2604.3591   18.7425
    0.0000   30.0000   -7.5000 2636.8970   18.4863
    7.5000   30.0000   -7.5000 2637.6790   18.5277
   -7.5000   37.5000   -7.5000 2538.8625   19.9706
    0.0000   37.5000   -7.5000 2573.5701   19.6154
    7.5000   37.5000   -7.5000 2568.2319   19.6224
   -7.5000   45.0000   -7.5000 2444.4019   21.4962
    0.0000   45.0000   -7.5000 2472.9431   21.1567
    7.5000   45.0000   -7.5000 2472.5107   21.1772
   -7.5000  -45.0000    0.0000 2058.2021   29.1291
    0.0000  -45.0000    0.0000 2072.9685   28.7376
    7.5000  -45.0000    0.0000 2074.7522   28.6787
   -7.5000  -37.5000    0.0000 2203.4019   25.9463
    0.0000  -37.5000    0.0000 2220.6750   25.6905
    7.5000  -37.5000    0.0000 2216.9497   25.5287
   -7.5000  -30.0000    0.0000 2313.9031   23.4650
    0.0000  -30.0000    0.0000 2336.6282   23.2440
    7.5000  -30.0000    0.0000 2331.7241   23.1612
   -7.5000  -22.5000    0.0000 2419.2854   21.2467
    0.0000  -22.5000    0.0000 2447.8474   21.1393
    7.5000  -22.5000    0.0000 2444.4995   21.1074
   -7.5000  -15.0000    0.0000 2532.7273   19.4696
    0.0000  -15.0000    0.0000 2561.4702   19.3842
    7.5000  -15.0000    0.0000 2562.7693   19.3967
   -7.5000   -7.5000    0.0000 2622.7991   18.1577
    0.0000   -7.5000    0.0000 2658.3354   18.0619
    7.5000   -7.5000    0.0000 2665.2397   18.1304
   -7.5000    0.0000    0.0000 2677.6257   17.3511
    0.0000    0.0000    0.0000 2721.0940   17.2750
    7.5000    0.0000    0.0000 2728.1877   17.3253
   -7.5000    7.5000    0.0000 2704.6821   16.9315
    0.0000    7.5000    0.0000 2740.5557   16.8087
    7.5000    7.5000    0.0000 2750.6831   16.9491
   -7.5000   15.0000    0.0000 2713.9705   16.8872
    0.0000   15.0000    0.0000 2732.0649   16.6922
    7.5000   15.0000    0.0000 2751.3486   16.9330
   -7.5000   22.5000    0.0000 2697.6821   17.2232
    0.0000   22.5000    0.0000 2720.2791   16.9561
    7.5000   22.5000    0.0000 2733.2673   17.1325
   -7.5000   30.0000    0.0000 2657.8811   18.1053
    0.0000   30.0000    0.0000 2683.1289   17.7196
    7.5000   30.0000    0.0000 2687.9482   17.7676
   -7.5000   37.5000    0.0000 2592.9937   19.3024
    0.0000   37.5000    0.0000 2618.1025   18.8857
    7.5000   37.5000    0.0000 2616.1738   18.8926
   -7.5000   45.0000    0.0000 2497.1274   20.8324
    0.0000   45.0000    0.0000 2515.5820   20.4681
    7.5000   45.0000    0.0000 2515.8000   20.4703
   -7.5000  -45.0000    7.5000 2065.6562   28.9815
    0.0000  -45.0000    7.5000 2081.4106   28.3910
    7.5000  -45.0000    7.5000 2084.1230   28.3812
   -7.5000  -37.5000    7.5000 2220.2778   25.8011
    0.0000  -37.5000    7.5000 2230.3687   25.2093
    7.5000  -37.5000    7.5000 2234.5332   25.2196
   -7.5000  -30.0000    7.5000 2335.1609   23.3043
    0.0000  -30.0000    7.5000 2347.2627   22.7302
    7.5000  -30.0000    7.5000 2349.1931   22.7796
   -7.5000  -22.5000    7.5000 2449.1089   21.1335
    0.0000  -22.5000    7.5000 2459.7322   20.5987
    7.5000  -22.5000    7.5000 2464.2793   20.7018
   -7.5000  -15.0000    7.5000 2559.1484   19.2794
    0.0000  -15.0000    7.5000 2571.3804   18.8827
    7.5000  -15.0000    7.5000 2578.6377   18.9722
   -7.5000   -7.5000    7.5000 2647.7280   17.9096
    0.0000   -7.5000    7.5000 2671.6289   17.6033
    7.5000   -7.5000    7.5000 2692.0144   17.7858
   -7.5000    0.0000    7.5000 2709.2642   17.0519
    0.0000    0.0000    7.5000 2744.8628   16.8002
    7.5000    0.0000    7.5000 2780.4150   17.0581
   -7.5000    7.5000    7.5000 2741.4883   16.5169
    0.0000    7.5000    7.5000 2771.9841   16.1192
    7.5000    7.5000    7.5000 2814.2981   16.6431
   -7.5000   15.0000    7.5000 2757.8657   16.4481
    0.0000   15.0000    7.5000 2763.6855   15.9257
    7.5000   15.0000    7.5000 2814.5103   16.5184
   -7.5000   22.5000    7.5000 2743.8481   16.9577
    0.0000   22.5000    7.5000 2764.4407   16.4456
    7.5000   22.5000    7.5000 2792.1064   16.7314
   -7.5000   30.0000    7.5000 2699.0239   17.7872
    0.0000   30.0000    7.5000 2722.7061   17.2530
    7.5000   30.0000    7.5000 2740.3623   17.3893
   -7.5000   37.5000    7.5000 2631.0205   18.9478
    0.0000   37.5000    7.5000 2653.1572   18.4212
    7.5000   37.5000    7.5000 2665.4216   18.5320
   -7.5000   45.0000    7.5000 2529.1316   20.4569
    0.0000   45.0000    7.5000 2551.4136   19.9955
    7.5000   45.0000    7.5000 2558.9631   20.1031
   -7.5000  -45.0000   15.0000 2062.8096   29.3771
    0.0000  -45.0000   15.0000 2069.0474   28.4987
    7.5000  -45.0000   15.0000 2077.3535   28.4272
   -7.5000  -37.5000   15.0000 2208.4199   25.8852
    0.0000  -37.5000   15.0000 2224.2258   25.1518
    7.5000  -37.5000   15.0000 2222.1357   25.0043
   -7.5000  -30.0000   15.0000 2327.6521   23.3299
    0.0000  -30.0000   15.0000 2345.4612   22.6928
    7.5000  -30.0000   15.0000 2338.1199   22.5715
   -7.5000  -22.5000   15.0000 2443.3523   21.1514
    0.0000  -22.5000   15.0000 2455.8401   20.5482
    7.5000  -22.5000   15.0000 2452.6560   20.4978
   -7.5000  -15.0000   15.0000 2548.9492   19.3085
    0.0000  -15.0000   15.0000 2561.8025   18.7925
    7.5000  -15.0000   15.0000 2565.5930   18.8195
   -7.5000   -7.5000   15.0000 2640.3220   17.9325
    0.0000   -7.5000   15.0000 2660.8164   17.5071
    7.5000   -7.5000   15.0000 2686.2585   17.5968
   -7.5000    0.0000   15.0000 2716.1670   17.0640
    0.0000    0.0000   15.0000 2740.2126   16.7655
    7.5000    0.0000   15.0000 2790.3247   16.8842
   -7.5000    7.5000   15.0000 2760.1785   16.5288
    0.0000    7.5000   15.0000 2795.6729   16.0230
    7.5000    7.5000   15.0000 2856.9670   16.4622
   -7.5000   15.0000   15.0000 2776.1804   16.4397
    0.0000   15.0000   15.0000 2813.1741   15.8764
    7.5000   15.0000   15.0000 2857.1521   16.1459
   -7.5000   22.5000   15.0000 2761.4026   16.8829
    0.0000   22.5000   15.0000 2814.2354   16.4809
    7.5000   22.5000   15.0000 2822.3452   16.4967
   -7.5000   30.0000   15.0000 2713.8794   17.6839
    0.0000   30.0000   15.0000 2758.8037   17.2922
    7.5000   30.0000   15.0000 2759.2693   17.2065
   -7.5000   37.5000   15.0000 2638.0356   18.7403
    0.0000   37.5000   15.0000 2681.4839   18.3501
    7.5000   37.5000   15.0000 2680.2292   18.2772
   -7.5000   45.0000   15.0000 2531.2241   20.2078
    0.0000   45.0000   15.0000 2570.3547   19.8547
    7.5000   45.0000   15.0000 2574.2285   19.8036
   -7.5000  -45.0000   22.5000 2041.4536   29.9898
    0.0000  -45.0000   22.5000 2042.6324   29.0311
    7.5000  -45.0000   22.5000 2048.9944   28.8417
   -7.5000  -37.5000   22.5000 2191.0159   26.5470
    0.0000  -37.5000   22.5000 2200.3633   25.6007
    7.5000  -37.5000   22.5000 2201.3174   25.3833
   -7.5000  -30.0000   22.5000 2315.1897   23.9692
    0.0000  -30.0000   22.5000 2321.8098   23.0546
    7.5000  -30.0000   22.5000 2323.2766   22.8815
   -7.5000  -22.5000   22.5000 2432.1069   21.6964
    0.0000  -22.5000   22.5000 2434.8945   20.9211
    7.5000  -22.5000   22.5000 2440.6746   20.7218
   -7.5000  -15.0000   22.5000 2541.7085   19.8376
    0.0000  -15.0000   22.5000 2552.3169   19.2828
    7.5000  -15.0000   22.5000 2553.2483   19.0432
   -7.5000   -7.5000   22.5000 2643.9868   18.3824
    0.0000   -7.5000   22.5000 2681.2378   18.0707
    7.5000   -7.5000   22.5000 2669.8342   17.7998
   -7.5000    0.0000   22.5000 2728.4585   17.5019
    0.0000    0.0000   22.5000 2783.5479   17.3600
    7.5000    0.0000   22.5000 2770.0527   17.0573
   -7.5000    7.5000   22.5000 2783.4712   17.1361
    0.0000    7.5000   22.5000 2855.1907   16.8554
    7.5000    7.5000   22.5000 2827.3140   16.3772
   -7.5000   15.0000   22.5000 2796.4778   16.9522
    0.0000   15.0000   22.5000 2862.9976   16.5735
    7.5000   15.0000   22.5000 2862.5066   16.3003
   -7.5000   22.5000   22.5000 2771.3000   17.0990
    0.0000   22.5000   22.5000 2826.2620   16.7543
    7.5000   22.5000   22.5000 2829.0601   16.6595
   -7.5000   30.0000   22.5000 2714.5042   17.7519
    0.0000   30.0000   22.5000 2756.0647   17.3895
    7.5000   30.0000   22.5000 2768.4314   17.3673
   -7.5000   37.5000   22.5000 2634.8677   18.8215
    0.0000   37.5000   22.5000 2674.5098   18.4505
    7.5000   37.5000   22.5000 2681.6047   18.4590
   -7.5000   45.0000   22.5000 2520.4216   20.2899
    0.0000   45.0000   22.5000 2564.5906   19.9328
    7.5000   45.0000   22.5000 2573.4861   19.9358
   -7.5000  -45.0000   30.0000 2017.6438   31.2466
    0.0000  -45.0000   30.0000 2013.4388   30.0521
    7.5000  -45.0000   30.0000 2019.7887   29.7301
   -7.5000  -37.5000   30.0000 2168.6577   27.5533
    0.0000  -37.5000   30.0000 2177.0547   26.4155
    7.5000  -37.5000   30.0000 2167.8357   26.0002
   -7.5000  -30.0000   30.0000 2288.4836   24.7771
    0.0000  -30.0000   30.0000 2299.2048   23.8749
    7.5000  -30.0000   30.0000 2286.3186   23.3825
   -7.5000  -22.5000   30.0000 2409.8472   22.4310
    0.0000  -22.5000   30.0000 2419.7844   21.7638
    7.5000  -22.5000   30.0000 2403.4231   21.2613
   -7.5000  -15.0000   30.0000 2517.8843   20.6142
    0.0000  -15.0000   30.0000 2542.7300   20.1643
    7.5000  -15.0000   30.0000 2523.2354   19.6869
   -7.5000   -7.5000   30.0000 2625.4832   19.2312
    0.0000   -7.5000   30.0000 2660.1240   18.8771
    7.5000   -7.5000   30.0000 2640.3315   18.4990
   -7.5000    0.0000   30.0000 2700.6685   18.2964
    0.0000    0.0000   30.0000 2747.5632   17.9862
    7.5000    0.0000   30.0000 2736.6243   17.5916
   -7.5000    7.5000   30.0000 2749.0256   17.7972
    0.0000    7.5000   30.0000 2811.4412   17.4833
    7.5000    7.5000   30.0000 2799.6936   17.0217
   -7.5000   15.0000   30.0000 2763.8889   17.7074
    0.0000   15.0000   30.0000 2827.9358   17.3566
    7.5000   15.0000   30.0000 2837.9077   17.0567
   -7.5000   22.5000   30.0000 2737.7461   17.8372
    0.0000   22.5000   30.0000 2796.5381   17.5342
    7.5000   22.5000   30.0000 2807.4375   17.3554
   -7.5000   30.0000   30.0000 2670.9685   18.3540
    0.0000   30.0000   30.0000 2726.8379   18.0965
    7.5000   30.0000   30.0000 2730.6843   17.9477
   -7.5000   37.5000   30.0000 2593.0247   19.3257
    0.0000   37.5000   30.0000 2634.8655   19.0319
    7.5000   37.5000   30.0000 2637.3696   18.9515
   -7.5000   45.0000   30.0000 2487.5088   20.7075
    0.0000   45.0000   30.0000 2533.0420   20.3678
    7.5000   45.0000   30.0000 2535.5771   20.3230
   -7.5000  -45.0000   37.5000 1985.8318   32.7434
    0.0000  -45.0000   37.5000 1980.7415   31.5374
    7.5000  -45.0000   37.5000 1986.2314   30.9907
   -7.5000  -37.5000   37.5000 2138.4829   29.0323
    0.0000  -37.5000   37.5000 2140.3591   27.8948
    7.5000  -37.5000   37.5000 2132.9177   27.3380
   -7.5000  -30.0000   37.5000 2254.0217   26.1685
    0.0000  -30.0000   37.5000 2264.1060   25.2119
    7.5000  -30.0000   37.5000 2258.7568   24.6567
   -7.5000  -22.5000   37.5000 2373.5310   23.6532
    0.0000  -22.5000   37.5000 2386.8613   22.8626
    7.5000  -22.5000   37.5000 2379.5215   22.3826
   -7.5000  -15.0000   37.5000 2483.0820   21.6455
    0.0000  -15.0000   37.5000 2504.5630   21.0543
    7.5000  -15.0000   37.5000 2494.8057   20.5988
   -7.5000   -7.5000   37.5000 2581.5356   20.1748
    0.0000   -7.5000   37.5000 2615.2786   19.6463
    7.5000   -7.5000   37.5000 2596.1436   19.1757
   -7.5000    0.0000   37.5000 2646.2861   19.1290
    0.0000    0.0000   37.5000 2697.2781   18.6657
    7.5000    0.0000   37.5000 2682.5962   18.1355
   -7.5000    7.5000   37.5000 2695.2688   18.5738
    0.0000    7.5000   37.5000 2755.7893   18.1414
    7.5000    7.5000   37.5000 2743.1123   17.7092
   -7.5000   15.0000   37.5000 2706.4819   18.4749
    0.0000   15.0000   37.5000 2769.6599   18.0989
    7.5000   15.0000   37.5000 2776.4858   17.8221
   -7.5000   22.5000   37.5000 2679.6484   18.6732
    0.0000   22.5000   37.5000 2745.0491   18.3470
    7.5000   22.5000   37.5000 2753.9011   18.1771
   -7.5000   30.0000   37.5000 2620.4763   19.2842
    0.0000   30.0000   37.5000 2675.7129   19.0200
    7.5000   30.0000   37.5000 2681.3118   18.8873
   -7.5000   37.5000   37.5000 2544.2981   20.3255
    0.0000   37.5000   37.5000 2596.8857   20.0942
    7.5000   37.5000   37.5000 2595.8506   19.9297
   -7.5000   45.0000   37.5000 2446.8147   21.6556
    0.0000   45.0000   37.5000 2486.9482   21.3997
    7.5000   45.0000   37.5000 2494.4172   21.2850
   -7.5000  -45.0000   45.0000 1949.7211   34.4187
    0.0000  -45.0000   45.0000 1934.7908   32.9495
    7.5000  -45.0000   45.0000 1949.7408   32.3937
   -7.5000  -37.5000   45.0000 2094.5327   30.6209
    0.0000  -37.5000   45.0000 2089.9419   29.3014
    7.5000  -37.5000   45.0000 2097.7703   28.6693
   -7.5000  -30.0000   45.0000 2209.5789   27.5819
    0.0000  -30.0000   45.0000 2214.5776   26.4658
    7.5000  -30.0000   45.0000 2219.0972   25.9123
   -7.5000  -22.5000   45.0000 2324.1294   24.8872
    0.0000  -22.5000   45.0000 2332.7915   23.9903
    7.5000  -22.5000   45.0000 2330.5012   23.4868
   -7.5000  -15.0000   45.0000 2433.7107   22.8331
    0.0000  -15.0000   45.0000 2452.0132   22.0593
    7.5000  -15.0000   45.0000 2436.7419   21.4980
   -7.5000   -7.5000   45.0000 2526.7161   21.2347
    0.0000   -7.5000   45.0000 2551.1597   20.5259
    7.5000   -7.5000   45.0000 2536.6741   19.9310
   -7.5000    0.0000   45.0000 2589.2683   20.1383
    0.0000    0.0000   45.0000 2628.2019   19.5297
    7.5000    0.0000   45.0000 2622.3049   18.9470
   -7.5000    7.5000   45.0000 2634.7122   19.6281
    0.0000    7.5000   45.0000 2679.3032   19.0628
    7.5000    7.5000   45.0000 2671.2791   18.6201
   -7.5000   15.0000   45.0000 2637.4438   19.5345
    0.0000   15.0000   45.0000 2695.9617   19.0859
    7.5000   15.0000   45.0000 2692.8601   18.7509
   -7.5000   22.5000   45.0000 2608.9546   19.7016
    0.0000   22.5000   45.0000 2669.3164   19.3875
    7.5000   22.5000   45.0000 2674.8804   19.0981
   -7.5000   30.0000   45.0000 2553.9846   20.3600
    0.0000   30.0000   45.0000 2608.4580   20.0824
    7.5000   30.0000   45.0000 2609.7751   19.8246
   -7.5000   37.5000   45.0000 2482.9985   21.4838
    0.0000   37.5000   45.0000 2530.7371   21.1300
    7.5000   37.5000   45.0000 2537.7910   20.9332
   -7.5000   45.0000   45.0000 2385.7747   22.9466
    0.0000   45.0000   45.0000 2430.4529   22.6348
    7.5000   45.0000   45.0000 2438.8635   22.4825

---------------------------------------------------------------------
imgreg_4dfp /opt/freesurfer/average/711-2C_as_mni_average_305 /opt/freesurfer/average/711-2B_as_mni_average_305_mask talsrcimg_g11 none talsrcimg_to_711-2C_as_mni_average_305_t4 1283
---------------------------------------------------------------------

freesurfer imgreg_4dfp.c
/opt/freesurfer/average/711-2C_as_mni_average_305.4dfp.img
       256       256       256         1
  1.000000  1.000000  1.000000
orientation T byte_order littleendian
Reading image: /opt/freesurfer/average/711-2C_as_mni_average_305.4dfp.img
dimensions:      256       256       256
mmppix:       1.0000   -1.0000   -1.0000
center:     128.0000 -129.0000 -129.0000
/opt/freesurfer/average/711-2B_as_mni_average_305_mask.4dfp.img
       256       256       256         1
  1.000000  1.000000  1.000000
orientation T byte_order littleendian
Reading mask: /opt/freesurfer/average/711-2B_as_mni_average_305_mask.4dfp.img (2306576 pixels)
talsrcimg_g11.4dfp.img
       256       256       256         1
  1.000000  1.000000  1.000000
orientation T byte_order littleendian
Reading image: talsrcimg_g11.4dfp.img
dimensions:      256       256       256
mmppix:       1.0000   -1.0000   -1.0000
center:     128.0000 -129.0000 -129.0000
rotation matrix determinant  1.000000
fimgreg.f
image alignment mode   1283 decimal      503 hex
parameters
    0.0000   15.0000   22.5000    0.0000    0.0000    0.0000
eta,q 0.89529 16.49729
niter,ni,del,rscale     5    3   12.0000    1.2000
parameter  5  0.745379 ->  0.500000 qaram    1.1500
parameters
    2.4320   13.9704   23.5574    1.0286   -3.4500   -0.8499
eta,q 0.90668 16.58809
  0.1193  0.1045  0.1115  0.1040  0.0946  0.0967
  0.1110  0.1014  0.1079  0.1019  0.0929  0.0959
  0.1047  0.0975  0.1026  0.0991  0.0947  0.0941
  0.1022  0.0989  0.0976  0.0974  0.0970  0.0931
  0.1001  0.1023  0.0988  0.0972  0.1008  0.0938
  0.1006  0.1049  0.1026  0.0990  0.1056  0.0969
  0.1034  0.1088  0.1056  0.1012  0.1113  0.1011
niter,ni,del,rscale     5    3   12.0000    1.2000
parameters
    4.3034   13.7808   23.3320    1.0153   -5.5124   -0.9101
eta,q 0.90853 16.42295
  0.1165  0.1025  0.1029  0.0985  0.0970  0.0959
  0.1100  0.0995  0.1019  0.0959  0.0925  0.0951
  0.1005  0.0945  0.0961  0.0931  0.0914  0.0932
  0.0933  0.0932  0.0931  0.0931  0.0930  0.0914
  0.0933  0.0956  0.0962  0.0947  0.0959  0.0917
  0.0970  0.0990  0.1007  0.0965  0.1010  0.0938
  0.1005  0.1044  0.1061  0.0976  0.1075  0.0976
niter,ni,del,rscale     4    3   12.0000    1.2000
parameters
    5.3697   14.1367   23.2379    0.5765   -6.5129   -0.7720
eta,q 0.90869 16.33717
  0.1134  0.1027  0.1008  0.0972  0.0996  0.0969
  0.1040  0.1007  0.1001  0.0946  0.0941  0.0955
  0.0943  0.0957  0.0959  0.0924  0.0910  0.0932
  0.0915  0.0925  0.0924  0.0925  0.0923  0.0914
  0.0937  0.0936  0.0943  0.0947  0.0950  0.0913
  0.0955  0.0967  0.0979  0.0962  0.0988  0.0936
  0.1019  0.1026  0.1037  0.0975  0.1039  0.0980
niter,ni,del,rscale     3    3   12.0000    1.2000
parameters
    5.8792   14.3354   23.3918    0.8322   -7.0552   -0.7410
eta,q 0.90860 16.31642
  0.1101  0.1030  0.1006  0.0984  0.1011  0.0971
  0.1005  0.1009  0.0995  0.0953  0.0954  0.0953
  0.0924  0.0954  0.0954  0.0926  0.0914  0.0929
  0.0913  0.0919  0.0918  0.0917  0.0919  0.0914
  0.0933  0.0937  0.0931  0.0933  0.0947  0.0916
  0.0958  0.0974  0.0962  0.0952  0.0984  0.0940
  0.1044  0.1038  0.1021  0.0968  0.1030  0.0982
niter,ni,del,rscale     2    3   12.0000    1.2000
parameters
    6.1749   14.3981   23.6099    1.2102   -7.4824   -0.7317
eta,q 0.90851 16.33015
  0.1090  0.1033  0.1008  0.0985  0.1015  0.0971
  0.0995  0.1004  0.0995  0.0954  0.0960  0.0952
  0.0919  0.0944  0.0951  0.0923  0.0917  0.0928
  0.0914  0.0917  0.0917  0.0917  0.0918  0.0915
  0.0931  0.0936  0.0931  0.0930  0.0945  0.0919
  0.0963  0.0974  0.0958  0.0947  0.0984  0.0941
  0.1057  0.1049  0.1020  0.0965  0.1030  0.0981
niter,ni,del,rscale     1    3   12.0000    1.2000
parameters
    6.4218   14.4140   23.8095    1.5483   -7.8143   -0.7002
eta,q 0.90829 16.34809
  0.1087  0.1035  0.1013  0.0986  0.1020  0.0974
  0.0996  0.0998  0.0995  0.0953  0.0965  0.0952
  0.0920  0.0940  0.0947  0.0921  0.0920  0.0928
  0.0915  0.0918  0.0918  0.0917  0.0919  0.0917
  0.0930  0.0933  0.0934  0.0930  0.0944  0.0920
  0.0966  0.0970  0.0958  0.0945  0.0984  0.0942
  0.1062  0.1054  0.1022  0.0968  0.1031  0.0981
registration optimization eta report
parameter search radius
    6.0000    6.0000    6.0000    6.0000    6.9000    6.0000
100000*second partial in parameter space
       46.       34.       26.       16.       22.       17.
  0.1087  0.1035  0.1013  0.0986  0.1020  0.0974
  0.0996  0.0998  0.0995  0.0953  0.0965  0.0952
  0.0920  0.0940  0.0947  0.0921  0.0920  0.0928
  0.0915  0.0918  0.0918  0.0917  0.0919  0.0917
  0.0930  0.0933  0.0934  0.0930  0.0944  0.0920
  0.0966  0.0970  0.0958  0.0945  0.0984  0.0942
  0.1062  0.1054  0.1022  0.0968  0.1031  0.0981
    6.4218   14.4140   23.8095    1.5483   -7.8143   -0.7002
eta,q 0.90829 16.34809

---------------------------------------------------------------------
imgreg_4dfp /opt/freesurfer/average/711-2C_as_mni_average_305 /opt/freesurfer/average/711-2B_as_mni_average_305_mask talsrcimg_g11 none talsrcimg_to_711-2C_as_mni_average_305_t4 3335
---------------------------------------------------------------------

freesurfer imgreg_4dfp.c
/opt/freesurfer/average/711-2C_as_mni_average_305.4dfp.img
       256       256       256         1
  1.000000  1.000000  1.000000
orientation T byte_order littleendian
Reading image: /opt/freesurfer/average/711-2C_as_mni_average_305.4dfp.img
dimensions:      256       256       256
mmppix:       1.0000   -1.0000   -1.0000
center:     128.0000 -129.0000 -129.0000
/opt/freesurfer/average/711-2B_as_mni_average_305_mask.4dfp.img
       256       256       256         1
  1.000000  1.000000  1.000000
orientation T byte_order littleendian
Reading mask: /opt/freesurfer/average/711-2B_as_mni_average_305_mask.4dfp.img (2306576 pixels)
talsrcimg_g11.4dfp.img
       256       256       256         1
  1.000000  1.000000  1.000000
orientation T byte_order littleendian
Reading image: talsrcimg_g11.4dfp.img
dimensions:      256       256       256
mmppix:       1.0000   -1.0000   -1.0000
center:     128.0000 -129.0000 -129.0000
fimgreg.f
image alignment mode   3335 decimal      D07 hex
parameters
    6.4218   14.4140   23.8095   -0.9360   -0.0485   -0.9648
    1.5889   13.5572   -1.2106   -2.8678  -13.5962    2.6768
eta,q 0.90620 16.45249
niter,ni,del,rscale     5    3    5.0000    1.2000
parameter  3  1.064784 ->  0.500000 qaram    1.1500
parameter  4  2.575917 ->  0.500000 qaram    1.1500
parameter  5-38.398029 ->  0.500000 qaram    1.1500
parameter  6  1.059293 ->  0.500000 qaram    1.1500
parameter 12 -3.353183 -> -0.500000 qaram    1.1500
parameters
    7.0265   13.9097   22.4295   -5.0760   -4.1885   -5.1048
   -0.4938   12.9684   -4.5892   -0.6964  -11.6392    6.8168
eta,q 0.93097 16.50598
  0.0987  0.0944  0.0925  0.0783  0.0692  0.0691  0.0717  0.0767  0.0708  0.0764  0.0738  0.0720
  0.0967  0.0937  0.0926  0.0818  0.0739  0.0705  0.0712  0.0727  0.0702  0.0733  0.0715  0.0714
  0.0950  0.0934  0.0929  0.0866  0.0787  0.0722  0.0709  0.0707  0.0702  0.0711  0.0704  0.0708
  0.0938  0.0935  0.0934  0.0927  0.0830  0.0752  0.0709  0.0709  0.0707  0.0702  0.0700  0.0701
  0.0935  0.0939  0.0940  0.1006  0.0871  0.0791  0.0715  0.0723  0.0716  0.0701  0.0701  0.0694
  0.0941  0.0946  0.0948  0.1085  0.0916  0.0844  0.0727  0.0746  0.0732  0.0705  0.0704  0.0689
  0.0957  0.0957  0.0959  0.1150  0.0964  0.0915  0.0743  0.0783  0.0751  0.0715  0.0708  0.0687
niter,ni,del,rscale     7    3    5.0000    1.2000
parameter  3  6.108582 ->  0.500000 qaram    1.3225
parameter  4  0.683997 ->  0.500000 qaram    1.3225
parameter  5  8.158932 ->  0.500000 qaram    1.3225
parameter  6  0.753954 ->  0.500000 qaram    1.3225
parameter  7 -0.566145 -> -0.500000 qaram    1.1500
parameter 10  1.162575 ->  0.500000 qaram    1.1500
parameter 12  3.382936 ->  0.500000 qaram    1.3225
parameters
    7.3503   13.6554   20.8425   -9.8370   -8.9495   -9.8658
    3.6462   12.3036   -1.4401   -4.8364   -9.3169    2.0558
eta,q 0.95525 16.29312
  0.0731  0.0703  0.0613  0.0600  0.0502  0.0509  0.0566  0.0541  0.0551  0.0469  0.0506  0.0436
  0.0711  0.0694  0.0636  0.0604  0.0535  0.0513  0.0545  0.0522  0.0534  0.0472  0.0492  0.0444
  0.0697  0.0690  0.0662  0.0616  0.0569  0.0528  0.0528  0.0510  0.0519  0.0483  0.0481  0.0457
  0.0690  0.0689  0.0689  0.0642  0.0607  0.0544  0.0517  0.0507  0.0507  0.0502  0.0474  0.0472
  0.0690  0.0693  0.0718  0.0690  0.0645  0.0559  0.0509  0.0515  0.0502  0.0525  0.0472  0.0488
  0.0698  0.0700  0.0749  0.0772  0.0679  0.0601  0.0508  0.0531  0.0503  0.0555  0.0475  0.0505
  0.0715  0.0710  0.0779  0.0880  0.0724  0.0670  0.0514  0.0555  0.0512  0.0586  0.0481  0.0521
niter,ni,del,rscale     7    3    5.0000    1.2000
parameter  2  0.682321 ->  0.500000 qaram    1.1500
parameter  3  1.718819 ->  0.500000 qaram    1.5209
parameter  5  0.711297 ->  0.500000 qaram    1.5209
parameters
    6.8070   12.2754   19.0175  -11.2185  -14.4247  -10.4131
    2.4767   12.5796   -0.9348   -7.3207   -9.9884    3.3095
eta,q 0.96630 16.16523
  0.0468  0.0434  0.0346  0.0413  0.0346  0.0394  0.0365  0.0381  0.0365  0.0360  0.0347  0.0359
  0.0452  0.0429  0.0364  0.0393  0.0340  0.0375  0.0351  0.0361  0.0354  0.0344  0.0342  0.0348
  0.0446  0.0433  0.0392  0.0379  0.0346  0.0357  0.0344  0.0348  0.0346  0.0338  0.0338  0.0342
  0.0447  0.0445  0.0429  0.0371  0.0373  0.0340  0.0342  0.0342  0.0342  0.0342  0.0338  0.0338
  0.0457  0.0466  0.0476  0.0374  0.0431  0.0343  0.0348  0.0345  0.0343  0.0356  0.0340  0.0337
  0.0475  0.0493  0.0529  0.0402  0.0511  0.0370  0.0362  0.0357  0.0349  0.0380  0.0345  0.0340
  0.0500  0.0525  0.0583  0.0475  0.0576  0.0426  0.0385  0.0376  0.0360  0.0412  0.0351  0.0352
niter,ni,del,rscale     7    3    5.0000    1.2000
parameter  3  0.749231 ->  0.500000 qaram    1.7490
parameters
    7.2883   13.2706   16.9186  -10.2528  -16.8155  -11.7369
    1.7647   13.1161   -0.9567   -5.9717   -8.2201    0.5756
eta,q 0.96881 15.93612
  0.0378  0.0401  0.0308  0.0365  0.0361  0.0355  0.0343  0.0363  0.0333  0.0366  0.0323  0.0319
  0.0359  0.0372  0.0307  0.0342  0.0333  0.0336  0.0327  0.0333  0.0323  0.0338  0.0318  0.0314
  0.0345  0.0350  0.0315  0.0323  0.0313  0.0322  0.0317  0.0318  0.0316  0.0322  0.0315  0.0312
  0.0337  0.0336  0.0329  0.0309  0.0305  0.0309  0.0314  0.0314  0.0314  0.0314  0.0313  0.0313
  0.0336  0.0329  0.0352  0.0302  0.0323  0.0306  0.0319  0.0317  0.0315  0.0315  0.0313  0.0317
  0.0342  0.0333  0.0387  0.0313  0.0386  0.0345  0.0333  0.0329  0.0322  0.0324  0.0314  0.0325
  0.0355  0.0347  0.0432  0.0358  0.0478  0.0429  0.0357  0.0347  0.0335  0.0339  0.0317  0.0338
niter,ni,del,rscale     7    3    5.0000    1.2000
parameters
    7.1969   13.7901   15.1668   -9.6307  -17.1680  -12.7783
    1.3987   13.1494   -1.6872   -3.9171   -7.0575   -0.4439
eta,q 0.96981 15.84752
  0.0340  0.0357  0.0318  0.0358  0.0370  0.0349  0.0337  0.0350  0.0318  0.0359  0.0314  0.0316
  0.0324  0.0335  0.0304  0.0336  0.0341  0.0328  0.0318  0.0320  0.0309  0.0329  0.0307  0.0307
  0.0315  0.0320  0.0302  0.0317  0.0317  0.0311  0.0307  0.0306  0.0305  0.0312  0.0304  0.0303
  0.0312  0.0312  0.0311  0.0302  0.0299  0.0301  0.0303  0.0303  0.0303  0.0303  0.0302  0.0302
  0.0316  0.0312  0.0327  0.0294  0.0297  0.0299  0.0308  0.0309  0.0306  0.0302  0.0302  0.0305
  0.0327  0.0318  0.0349  0.0308  0.0326  0.0329  0.0321  0.0322  0.0314  0.0308  0.0304  0.0313
  0.0345  0.0332  0.0379  0.0360  0.0405  0.0407  0.0345  0.0347  0.0326  0.0320  0.0308  0.0323
niter,ni,del,rscale     6    3    5.0000    1.2000
parameters
    6.9997   14.6002   14.4816   -9.3633  -17.6810  -13.3748
    1.8100   12.6177   -2.5632   -1.4316   -6.4457   -0.3210
eta,q 0.97040 15.79095
  0.0327  0.0348  0.0329  0.0354  0.0357  0.0345  0.0338  0.0336  0.0311  0.0349  0.0307  0.0315
  0.0312  0.0326  0.0307  0.0331  0.0332  0.0324  0.0317  0.0311  0.0303  0.0323  0.0300  0.0304
  0.0303  0.0311  0.0298  0.0312  0.0311  0.0307  0.0304  0.0300  0.0299  0.0307  0.0297  0.0298
  0.0302  0.0302  0.0299  0.0297  0.0296  0.0298  0.0299  0.0299  0.0299  0.0298  0.0296  0.0296
  0.0307  0.0299  0.0310  0.0291  0.0293  0.0294  0.0301  0.0305  0.0302  0.0296  0.0297  0.0297
  0.0319  0.0303  0.0329  0.0310  0.0318  0.0313  0.0312  0.0319  0.0308  0.0300  0.0299  0.0304
  0.0337  0.0314  0.0353  0.0364  0.0395  0.0384  0.0332  0.0350  0.0320  0.0310  0.0303  0.0314
niter,ni,del,rscale     5    3    5.0000    1.2000
parameters
    6.7827   15.5425   13.8490   -9.1458  -18.8062  -14.1850
    2.3559   12.0997   -2.6382    1.4513   -6.6308   -0.4626
eta,q 0.97119 15.66847
  0.0320  0.0343  0.0324  0.0347  0.0340  0.0333  0.0330  0.0326  0.0310  0.0343  0.0298  0.0307
  0.0305  0.0322  0.0303  0.0324  0.0317  0.0313  0.0310  0.0304  0.0301  0.0320  0.0292  0.0296
  0.0297  0.0306  0.0292  0.0306  0.0300  0.0299  0.0298  0.0294  0.0295  0.0304  0.0289  0.0290
  0.0296  0.0296  0.0292  0.0291  0.0290  0.0292  0.0293  0.0293  0.0292  0.0292  0.0288  0.0288
  0.0301  0.0292  0.0303  0.0285  0.0290  0.0291  0.0295  0.0297  0.0294  0.0288  0.0289  0.0290
  0.0313  0.0295  0.0323  0.0304  0.0317  0.0307  0.0304  0.0310  0.0301  0.0292  0.0293  0.0297
  0.0330  0.0305  0.0349  0.0359  0.0395  0.0375  0.0321  0.0339  0.0312  0.0302  0.0298  0.0308
niter,ni,del,rscale     4    3    5.0000    1.2000
parameters
    6.5659   16.4346   13.3487   -8.9375  -19.9616  -14.8223
    2.5999   11.9079   -2.2855    3.5111   -6.5896   -1.1950
eta,q 0.97177 15.54605
  0.0312  0.0339  0.0321  0.0339  0.0332  0.0325  0.0317  0.0319  0.0307  0.0334  0.0293  0.0300
  0.0297  0.0316  0.0299  0.0316  0.0308  0.0305  0.0300  0.0298  0.0296  0.0311  0.0287  0.0290
  0.0289  0.0299  0.0286  0.0298  0.0291  0.0290  0.0289  0.0288  0.0288  0.0295  0.0283  0.0284
  0.0288  0.0288  0.0284  0.0283  0.0283  0.0284  0.0285  0.0285  0.0285  0.0285  0.0283  0.0282
  0.0293  0.0284  0.0294  0.0278  0.0285  0.0285  0.0288  0.0288  0.0286  0.0283  0.0284  0.0286
  0.0304  0.0288  0.0314  0.0297  0.0311  0.0297  0.0297  0.0300  0.0292  0.0289  0.0287  0.0294
  0.0321  0.0300  0.0343  0.0350  0.0382  0.0356  0.0314  0.0324  0.0304  0.0302  0.0293  0.0306
niter,ni,del,rscale     3    3    5.0000    1.2000
parameters
    6.4491   17.0057   13.0295   -8.8265  -20.6931  -15.1377
    2.5754   11.8682   -2.2390    4.7124   -6.4693   -1.7783
eta,q 0.97190 15.47587
  0.0308  0.0329  0.0321  0.0334  0.0331  0.0322  0.0311  0.0317  0.0302  0.0325  0.0292  0.0299
  0.0293  0.0307  0.0299  0.0312  0.0307  0.0302  0.0295  0.0296  0.0291  0.0304  0.0286  0.0289
  0.0284  0.0291  0.0285  0.0294  0.0290  0.0288  0.0285  0.0285  0.0284  0.0289  0.0282  0.0283
  0.0282  0.0282  0.0281  0.0281  0.0280  0.0281  0.0282  0.0282  0.0282  0.0282  0.0281  0.0281
  0.0286  0.0281  0.0289  0.0276  0.0281  0.0283  0.0285  0.0285  0.0284  0.0283  0.0282  0.0285
  0.0297  0.0288  0.0308  0.0294  0.0303  0.0291  0.0295  0.0295  0.0290  0.0291  0.0286  0.0293
  0.0313  0.0302  0.0335  0.0348  0.0365  0.0343  0.0312  0.0319  0.0302  0.0305  0.0291  0.0304
niter,ni,del,rscale     2    3    5.0000    1.2000
parameters
    6.4119   17.3583   12.8365   -8.7878  -21.1066  -15.3159
    2.5435   11.8513   -2.2965    5.4484   -6.3849   -2.1413
eta,q 0.97191 15.43769
  0.0309  0.0322  0.0322  0.0333  0.0332  0.0322  0.0310  0.0316  0.0301  0.0320  0.0292  0.0300
  0.0293  0.0301  0.0300  0.0311  0.0308  0.0302  0.0294  0.0296  0.0290  0.0300  0.0286  0.0289
  0.0284  0.0287  0.0285  0.0294  0.0290  0.0287  0.0285  0.0285  0.0284  0.0287  0.0282  0.0283
  0.0281  0.0281  0.0280  0.0280  0.0280  0.0281  0.0281  0.0281  0.0281  0.0281  0.0281  0.0281
  0.0284  0.0282  0.0287  0.0276  0.0280  0.0282  0.0284  0.0284  0.0283  0.0284  0.0282  0.0284
  0.0294  0.0290  0.0305  0.0295  0.0300  0.0289  0.0295  0.0294  0.0290  0.0293  0.0286  0.0292
  0.0310  0.0305  0.0331  0.0348  0.0356  0.0338  0.0311  0.0318  0.0302  0.0308  0.0291  0.0303
niter,ni,del,rscale     1    3    5.0000    1.2000
parameters
    6.3945   17.5781   12.7158   -8.7718  -21.3666  -15.4378
    2.5226   11.8332   -2.3340    5.9030   -6.3350   -2.3543
eta,q 0.97188 15.41382
  0.0309  0.0318  0.0323  0.0332  0.0332  0.0322  0.0310  0.0316  0.0301  0.0318  0.0292  0.0301
  0.0293  0.0299  0.0301  0.0311  0.0309  0.0302  0.0294  0.0296  0.0290  0.0299  0.0286  0.0290
  0.0284  0.0286  0.0287  0.0294  0.0291  0.0287  0.0285  0.0285  0.0284  0.0286  0.0283  0.0283
  0.0281  0.0281  0.0281  0.0281  0.0281  0.0281  0.0281  0.0281  0.0281  0.0281  0.0281  0.0281
  0.0284  0.0283  0.0287  0.0276  0.0280  0.0283  0.0284  0.0284  0.0283  0.0285  0.0282  0.0284
  0.0294  0.0292  0.0304  0.0295  0.0298  0.0288  0.0294  0.0294  0.0290  0.0295  0.0286  0.0292
  0.0309  0.0308  0.0330  0.0348  0.0352  0.0336  0.0311  0.0317  0.0302  0.0310  0.0292  0.0302
registration optimization eta report
parameter search radius
    2.4000    2.7600    4.1976    9.5220   10.9503    9.5220
    8.2800    7.2000    7.2000    8.2800    7.2000    9.5220
100000*second partial in parameter space
       49.       42.       26.        7.        5.        5.
        4.        7.        4.        5.        2.        2.
  0.0309  0.0318  0.0323  0.0332  0.0332  0.0322  0.0310  0.0316  0.0301  0.0318  0.0292  0.0301
  0.0293  0.0299  0.0301  0.0311  0.0309  0.0302  0.0294  0.0296  0.0290  0.0299  0.0286  0.0290
  0.0284  0.0286  0.0287  0.0294  0.0291  0.0287  0.0285  0.0285  0.0284  0.0286  0.0283  0.0283
  0.0281  0.0281  0.0281  0.0281  0.0281  0.0281  0.0281  0.0281  0.0281  0.0281  0.0281  0.0281
  0.0284  0.0283  0.0287  0.0276  0.0280  0.0283  0.0284  0.0284  0.0283  0.0285  0.0282  0.0284
  0.0294  0.0292  0.0304  0.0295  0.0298  0.0288  0.0294  0.0294  0.0290  0.0295  0.0286  0.0292
  0.0309  0.0308  0.0330  0.0348  0.0352  0.0336  0.0311  0.0317  0.0302  0.0310  0.0292  0.0302
    6.3945   17.5781   12.7158   -8.7718  -21.3666  -15.4378
    2.5226   11.8332   -2.3340    5.9030   -6.3350   -2.3543
eta,q 0.97188 15.41382

---------------------------------------------------------------------
imgreg_4dfp /opt/freesurfer/average/711-2C_as_mni_average_305 /opt/freesurfer/average/711-2B_as_mni_average_305_mask talsrcimg_g11 none talsrcimg_to_711-2C_as_mni_average_305_t4 2311
---------------------------------------------------------------------

freesurfer imgreg_4dfp.c
/opt/freesurfer/average/711-2C_as_mni_average_305.4dfp.img
       256       256       256         1
  1.000000  1.000000  1.000000
orientation T byte_order littleendian
Reading image: /opt/freesurfer/average/711-2C_as_mni_average_305.4dfp.img
dimensions:      256       256       256
mmppix:       1.0000   -1.0000   -1.0000
center:     128.0000 -129.0000 -129.0000
/opt/freesurfer/average/711-2B_as_mni_average_305_mask.4dfp.img
       256       256       256         1
  1.000000  1.000000  1.000000
orientation T byte_order littleendian
Reading mask: /opt/freesurfer/average/711-2B_as_mni_average_305_mask.4dfp.img (2306576 pixels)
talsrcimg_g11.4dfp.img
       256       256       256         1
  1.000000  1.000000  1.000000
orientation T byte_order littleendian
Reading image: talsrcimg_g11.4dfp.img
dimensions:      256       256       256
mmppix:       1.0000   -1.0000   -1.0000
center:     128.0000 -129.0000 -129.0000
fimgreg.f
image alignment mode   2311 decimal      907 hex
parameters
    6.3945   17.5781   12.7158   -8.7718  -21.3666  -15.4378
    2.5226   11.8332   -2.3340    5.9030   -6.3350   -2.3543
eta,q 0.97188 15.41383
niter,ni,del,rscale     5    3    5.0000    0.8000
parameters
    6.3703   17.7097   12.7735   -6.4896  -20.0111  -14.0869
    2.5508   11.7604   -2.6810    6.4570   -5.8969   -2.0824
eta,q 0.97254 15.74411
  0.0293  0.0294  0.0289  0.0302  0.0291  0.0289  0.0290  0.0299  0.0285  0.0290  0.0282  0.0282
  0.0286  0.0287  0.0285  0.0294  0.0285  0.0282  0.0282  0.0285  0.0279  0.0282  0.0278  0.0278
  0.0282  0.0283  0.0282  0.0287  0.0279  0.0277  0.0277  0.0277  0.0276  0.0277  0.0275  0.0276
  0.0281  0.0281  0.0281  0.0281  0.0276  0.0275  0.0275  0.0275  0.0275  0.0275  0.0275  0.0275
  0.0283  0.0282  0.0282  0.0277  0.0275  0.0275  0.0277  0.0277  0.0277  0.0275  0.0275  0.0275
  0.0287  0.0285  0.0284  0.0277  0.0276  0.0276  0.0282  0.0285  0.0282  0.0279  0.0277  0.0277
  0.0294  0.0290  0.0288  0.0283  0.0281  0.0279  0.0290  0.0301  0.0289  0.0284  0.0280  0.0280
niter,ni,del,rscale     4    3    5.0000    0.7000
parameters
    6.4283   17.4201   12.8189   -6.7610  -19.5580  -12.9966
    2.5801   11.9013   -2.8528    6.0026   -5.8733   -1.8373
eta,q 0.97260 15.83012
  0.0289  0.0280  0.0280  0.0288  0.0284  0.0281  0.0286  0.0293  0.0283  0.0281  0.0279  0.0280
  0.0281  0.0276  0.0277  0.0282  0.0279  0.0277  0.0280  0.0282  0.0278  0.0277  0.0276  0.0277
  0.0276  0.0274  0.0275  0.0277  0.0276  0.0275  0.0276  0.0276  0.0275  0.0274  0.0274  0.0275
  0.0275  0.0275  0.0274  0.0274  0.0274  0.0274  0.0274  0.0274  0.0274  0.0274  0.0274  0.0274
  0.0276  0.0277  0.0275  0.0276  0.0274  0.0274  0.0276  0.0275  0.0276  0.0276  0.0275  0.0274
  0.0280  0.0281  0.0276  0.0282  0.0276  0.0274  0.0279  0.0280  0.0279  0.0279  0.0276  0.0276
  0.0287  0.0288  0.0280  0.0295  0.0281  0.0276  0.0286  0.0291  0.0284  0.0285  0.0279  0.0279
niter,ni,del,rscale     3    3    5.0000    0.6000
parameters
    6.4429   17.2199   12.9536   -6.6744  -19.1501  -12.6246
    2.6720   11.9157   -2.9273    5.6665   -5.8863   -1.5471
eta,q 0.97266 15.89186
  0.0284  0.0279  0.0279  0.0287  0.0281  0.0276  0.0283  0.0287  0.0280  0.0279  0.0277  0.0278
  0.0279  0.0276  0.0276  0.0281  0.0278  0.0274  0.0278  0.0279  0.0277  0.0275  0.0275  0.0276
  0.0275  0.0274  0.0275  0.0277  0.0275  0.0274  0.0275  0.0275  0.0274  0.0274  0.0274  0.0274
  0.0274  0.0274  0.0274  0.0274  0.0274  0.0273  0.0273  0.0273  0.0273  0.0273  0.0273  0.0273
  0.0275  0.0276  0.0274  0.0274  0.0274  0.0273  0.0274  0.0275  0.0274  0.0275  0.0274  0.0274
  0.0278  0.0279  0.0275  0.0279  0.0275  0.0273  0.0277  0.0279  0.0277  0.0277  0.0275  0.0275
  0.0284  0.0283  0.0277  0.0288  0.0279  0.0276  0.0282  0.0287  0.0281  0.0281  0.0277  0.0277
niter,ni,del,rscale     2    3    5.0000    0.5000
parameters
    6.4406   17.0631   12.9999   -6.5450  -18.8896  -12.2589
    2.7177   11.9407   -2.9462    5.5332   -5.8917   -1.2464
eta,q 0.97271 15.94449
  0.0280  0.0277  0.0276  0.0284  0.0278  0.0275  0.0280  0.0283  0.0278  0.0277  0.0276  0.0276
  0.0276  0.0275  0.0275  0.0279  0.0276  0.0274  0.0276  0.0277  0.0275  0.0275  0.0274  0.0275
  0.0274  0.0273  0.0274  0.0275  0.0274  0.0273  0.0274  0.0274  0.0274  0.0273  0.0273  0.0273
  0.0273  0.0273  0.0273  0.0273  0.0273  0.0273  0.0273  0.0273  0.0273  0.0273  0.0273  0.0273
  0.0274  0.0274  0.0273  0.0273  0.0273  0.0273  0.0274  0.0274  0.0274  0.0274  0.0273  0.0273
  0.0277  0.0277  0.0274  0.0277  0.0274  0.0273  0.0276  0.0277  0.0275  0.0275  0.0274  0.0274
  0.0280  0.0280  0.0276  0.0283  0.0277  0.0274  0.0279  0.0283  0.0278  0.0278  0.0276  0.0275
niter,ni,del,rscale     1    3    5.0000    0.4000
parameters
    6.4479   16.9579   13.0349   -6.4166  -18.7007  -11.5897
    2.6840   12.0506   -2.9612    5.6681   -5.7940   -0.9902
eta,q 0.97276 16.01015
  0.0278  0.0275  0.0275  0.0280  0.0276  0.0274  0.0277  0.0281  0.0276  0.0276  0.0275  0.0275
  0.0275  0.0274  0.0274  0.0277  0.0274  0.0273  0.0274  0.0276  0.0274  0.0274  0.0273  0.0273
  0.0273  0.0273  0.0273  0.0274  0.0273  0.0273  0.0273  0.0273  0.0273  0.0273  0.0273  0.0273
  0.0273  0.0273  0.0273  0.0273  0.0273  0.0273  0.0272  0.0272  0.0272  0.0272  0.0272  0.0272
  0.0273  0.0274  0.0273  0.0273  0.0273  0.0272  0.0273  0.0273  0.0273  0.0273  0.0273  0.0272
  0.0275  0.0275  0.0274  0.0275  0.0274  0.0272  0.0275  0.0275  0.0274  0.0274  0.0273  0.0273
  0.0278  0.0277  0.0275  0.0280  0.0275  0.0273  0.0277  0.0279  0.0276  0.0275  0.0274  0.0274
registration optimization eta report
parameter search radius
    0.8000    0.8000    0.8000    2.4000    2.4000    2.4000
    2.4000    2.4000    2.4000    2.4000    2.4000    2.4000
100000*second partial in parameter space
       75.       53.       30.       12.        5.        1.
        8.       13.        6.        5.        4.        3.
  0.0278  0.0275  0.0275  0.0280  0.0276  0.0274  0.0277  0.0281  0.0276  0.0276  0.0275  0.0275
  0.0275  0.0274  0.0274  0.0277  0.0274  0.0273  0.0274  0.0276  0.0274  0.0274  0.0273  0.0273
  0.0273  0.0273  0.0273  0.0274  0.0273  0.0273  0.0273  0.0273  0.0273  0.0273  0.0273  0.0273
  0.0273  0.0273  0.0273  0.0273  0.0273  0.0273  0.0272  0.0272  0.0272  0.0272  0.0272  0.0272
  0.0273  0.0274  0.0273  0.0273  0.0273  0.0272  0.0273  0.0273  0.0273  0.0273  0.0273  0.0272
  0.0275  0.0275  0.0274  0.0275  0.0274  0.0272  0.0275  0.0275  0.0274  0.0274  0.0273  0.0273
  0.0278  0.0277  0.0275  0.0280  0.0275  0.0273  0.0277  0.0279  0.0276  0.0275  0.0274  0.0274
    6.4479   16.9579   13.0349   -6.4166  -18.7007  -11.5897
    2.6840   12.0506   -2.9612    5.6681   -5.7940   -0.9902
eta,q 0.97276 16.01015

---------------------------------------------------------------------
imgreg_4dfp /opt/freesurfer/average/711-2C_as_mni_average_305 /opt/freesurfer/average/711-2B_as_mni_average_305_mask talsrcimg_g11 none talsrcimg_to_711-2C_as_mni_average_305_t4 2311
---------------------------------------------------------------------

freesurfer imgreg_4dfp.c
/opt/freesurfer/average/711-2C_as_mni_average_305.4dfp.img
       256       256       256         1
  1.000000  1.000000  1.000000
orientation T byte_order littleendian
Reading image: /opt/freesurfer/average/711-2C_as_mni_average_305.4dfp.img
dimensions:      256       256       256
mmppix:       1.0000   -1.0000   -1.0000
center:     128.0000 -129.0000 -129.0000
/opt/freesurfer/average/711-2B_as_mni_average_305_mask.4dfp.img
       256       256       256         1
  1.000000  1.000000  1.000000
orientation T byte_order littleendian
Reading mask: /opt/freesurfer/average/711-2B_as_mni_average_305_mask.4dfp.img (2306576 pixels)
talsrcimg_g11.4dfp.img
       256       256       256         1
  1.000000  1.000000  1.000000
orientation T byte_order littleendian
Reading image: talsrcimg_g11.4dfp.img
dimensions:      256       256       256
mmppix:       1.0000   -1.0000   -1.0000
center:     128.0000 -129.0000 -129.0000
fimgreg.f
image alignment mode   2311 decimal      907 hex
parameters
    6.4479   16.9579   13.0349   -6.4166  -18.7007  -11.5897
    2.6840   12.0506   -2.9612    5.6681   -5.7940   -0.9902
eta,q 0.97276 16.01015
niter,ni,del,rscale     5    3    5.0000    0.8000
parameters
    6.5043   16.8558   13.1349   -6.9724  -18.9498  -12.6496
    2.7450   11.9025   -2.9238    4.7557   -5.8279   -1.3202
eta,q 0.97265 15.88569
  0.0294  0.0284  0.0282  0.0292  0.0285  0.0278  0.0289  0.0295  0.0286  0.0281  0.0280  0.0279
  0.0282  0.0278  0.0276  0.0284  0.0279  0.0275  0.0281  0.0282  0.0280  0.0276  0.0276  0.0276
  0.0275  0.0274  0.0273  0.0277  0.0275  0.0274  0.0276  0.0276  0.0276  0.0274  0.0274  0.0274
  0.0272  0.0272  0.0272  0.0272  0.0273  0.0273  0.0274  0.0274  0.0274  0.0274  0.0274  0.0274
  0.0274  0.0274  0.0273  0.0275  0.0274  0.0272  0.0275  0.0276  0.0275  0.0277  0.0275  0.0275
  0.0280  0.0280  0.0275  0.0288  0.0279  0.0277  0.0280  0.0283  0.0279  0.0282  0.0277  0.0277
  0.0291  0.0288  0.0279  0.0311  0.0290  0.0300  0.0288  0.0299  0.0286  0.0290  0.0279  0.0281
niter,ni,del,rscale     4    3    5.0000    0.7000
parameters
    6.4440   16.9021   13.1014   -6.9132  -18.8484  -12.8478
    2.7636   11.8450   -2.8628    4.8500   -5.9740   -1.3426
eta,q 0.97267 15.88439
  0.0286  0.0284  0.0279  0.0290  0.0282  0.0278  0.0285  0.0290  0.0283  0.0283  0.0278  0.0278
  0.0278  0.0278  0.0276  0.0284  0.0278  0.0275  0.0279  0.0280  0.0278  0.0278  0.0275  0.0276
  0.0274  0.0275  0.0274  0.0277  0.0275  0.0274  0.0275  0.0275  0.0275  0.0274  0.0273  0.0274
  0.0273  0.0273  0.0273  0.0273  0.0273  0.0273  0.0273  0.0273  0.0273  0.0273  0.0273  0.0273
  0.0275  0.0274  0.0274  0.0274  0.0274  0.0273  0.0275  0.0275  0.0274  0.0274  0.0274  0.0274
  0.0280  0.0277  0.0276  0.0280  0.0276  0.0274  0.0278  0.0280  0.0278  0.0277  0.0276  0.0276
  0.0288  0.0283  0.0279  0.0293  0.0283  0.0280  0.0285  0.0292  0.0283  0.0282  0.0278  0.0278
niter,ni,del,rscale     3    3    5.0000    0.6000
parameters
    6.4175   16.9190   13.0646   -6.7568  -18.8103  -12.7204
    2.7423   11.8645   -2.8458    4.9842   -6.0154   -1.2930
eta,q 0.97270 15.90560
  0.0283  0.0281  0.0277  0.0287  0.0280  0.0276  0.0282  0.0287  0.0280  0.0280  0.0277  0.0277
  0.0277  0.0277  0.0275  0.0281  0.0276  0.0274  0.0277  0.0279  0.0276  0.0276  0.0274  0.0275
  0.0274  0.0274  0.0274  0.0276  0.0274  0.0273  0.0274  0.0274  0.0274  0.0274  0.0273  0.0273
  0.0273  0.0273  0.0273  0.0273  0.0273  0.0273  0.0273  0.0273  0.0273  0.0273  0.0273  0.0273
  0.0274  0.0274  0.0274  0.0273  0.0273  0.0273  0.0274  0.0274  0.0274  0.0274  0.0274  0.0273
  0.0278  0.0276  0.0275  0.0278  0.0275  0.0273  0.0277  0.0278  0.0276  0.0276  0.0275  0.0275
  0.0283  0.0281  0.0278  0.0287  0.0280  0.0276  0.0282  0.0286  0.0280  0.0279  0.0277  0.0277
niter,ni,del,rscale     2    3    5.0000    0.5000
parameters
    6.4221   16.9088   13.0663   -6.5994  -18.7306  -12.4597
    2.7190   11.9054   -2.8738    5.1169   -6.0118   -1.1786
eta,q 0.97272 15.94009
  0.0280  0.0278  0.0276  0.0283  0.0278  0.0275  0.0279  0.0283  0.0278  0.0278  0.0276  0.0276
  0.0276  0.0275  0.0274  0.0279  0.0275  0.0273  0.0276  0.0277  0.0275  0.0275  0.0274  0.0274
  0.0274  0.0274  0.0273  0.0275  0.0274  0.0273  0.0274  0.0274  0.0273  0.0273  0.0273  0.0273
  0.0273  0.0273  0.0273  0.0273  0.0273  0.0273  0.0273  0.0273  0.0273  0.0273  0.0273  0.0273
  0.0274  0.0274  0.0273  0.0273  0.0273  0.0273  0.0274  0.0274  0.0273  0.0273  0.0273  0.0273
  0.0276  0.0275  0.0274  0.0276  0.0274  0.0273  0.0276  0.0277  0.0275  0.0275  0.0274  0.0274
  0.0280  0.0278  0.0276  0.0283  0.0278  0.0274  0.0279  0.0282  0.0278  0.0277  0.0275  0.0275
niter,ni,del,rscale     1    3    5.0000    0.4000
parameters
    6.4390   16.8865   13.0687   -6.4579  -18.6243  -11.9802
    2.6841   11.9840   -2.9109    5.3097   -5.9678   -1.0041
eta,q 0.97275 15.98947
  0.0278  0.0276  0.0275  0.0280  0.0276  0.0274  0.0277  0.0280  0.0276  0.0276  0.0275  0.0275
  0.0275  0.0274  0.0274  0.0277  0.0274  0.0273  0.0274  0.0276  0.0274  0.0274  0.0273  0.0273
  0.0273  0.0273  0.0273  0.0274  0.0273  0.0273  0.0273  0.0273  0.0273  0.0273  0.0273  0.0273
  0.0273  0.0273  0.0273  0.0273  0.0273  0.0273  0.0273  0.0273  0.0273  0.0273  0.0272  0.0273
  0.0273  0.0273  0.0273  0.0273  0.0273  0.0273  0.0273  0.0273  0.0273  0.0273  0.0273  0.0273
  0.0275  0.0274  0.0274  0.0275  0.0274  0.0272  0.0275  0.0275  0.0274  0.0274  0.0273  0.0273
  0.0277  0.0276  0.0275  0.0279  0.0276  0.0273  0.0277  0.0279  0.0276  0.0275  0.0274  0.0274
registration optimization eta report
parameter search radius
    0.8000    0.8000    0.8000    2.4000    2.4000    2.4000
    2.4000    2.4000    2.4000    2.4000    2.4000    2.4000
100000*second partial in parameter space
       73.       53.       30.       12.        5.        1.
        7.       12.        6.        5.        4.        3.
  0.0278  0.0276  0.0275  0.0280  0.0276  0.0274  0.0277  0.0280  0.0276  0.0276  0.0275  0.0275
  0.0275  0.0274  0.0274  0.0277  0.0274  0.0273  0.0274  0.0276  0.0274  0.0274  0.0273  0.0273
  0.0273  0.0273  0.0273  0.0274  0.0273  0.0273  0.0273  0.0273  0.0273  0.0273  0.0273  0.0273
  0.0273  0.0273  0.0273  0.0273  0.0273  0.0273  0.0273  0.0273  0.0273  0.0273  0.0272  0.0273
  0.0273  0.0273  0.0273  0.0273  0.0273  0.0273  0.0273  0.0273  0.0273  0.0273  0.0273  0.0273
  0.0275  0.0274  0.0274  0.0275  0.0274  0.0272  0.0275  0.0275  0.0274  0.0274  0.0273  0.0273
  0.0277  0.0276  0.0275  0.0279  0.0276  0.0273  0.0277  0.0279  0.0276  0.0275  0.0274  0.0274
    6.4390   16.8865   13.0687   -6.4579  -18.6243  -11.9802
    2.6841   11.9840   -2.9109    5.3097   -5.9678   -1.0041
eta,q 0.97275 15.98947

---------------------------------------------------------------------
compute_vox2vox talsrcimg talsrcimg_to_711-2C_as_mni_average_305_t4 /opt/freesurfer/average/711-2C_as_mni_average_305
---------------------------------------------------------------------

freesurfer compute_vox2vox.c
Reading: talsrcimg.4dfp.ifh
Reading: talsrcimg_to_711-2C_as_mni_average_305_t4
Reading: /opt/freesurfer/average/711-2C_as_mni_average_305.4dfp.ifh
Writing: talsrcimg_to_711-2C_as_mni_average_305_t4_vox2vox.txt

start time Sun Mar 8 23:07:03 CET 2026
end		time Sun Mar 8 23:07:17 CET 2026

mpr2mni305 success

avi2talxfm orig_nu.mgz /opt/freesurfer/average/mni305.cor.mgz talsrcimg_to_711-2C_as_mni_average_305_t4_vox2vox.txt transforms/talairach.auto.xfm
avi2talxfm done
mv -f /out/sourcedata/freesurfer/sub-v1s16x0051178_ses-1/mri/talsrcimg_to_711-2C_as_mni_average_305_t4_vox2vox.txt /out/sourcedata/freesurfer/sub-v1s16x0051178_ses-1/mri/transforms/talsrcimg_to_711-2C_as_mni_average_305_t4_vox2vox.txt
lta_convert --src orig_nu.mgz --trg /opt/freesurfer/average/mni305.cor.mgz --inxfm transforms/talairach.auto.xfm --outlta transforms/talairach.auto.xfm.lta --subject fsaverage
7.3.2

--src: orig_nu.mgz src image (geometry).
--trg: /opt/freesurfer/average/mni305.cor.mgz trg image (geometry).
--inmni: transforms/talairach.auto.xfm input MNI/XFM transform.
--outlta: transforms/talairach.auto.xfm.lta output LTA.
--s: fsaverage subject name
 LTA read, type : 1
 1.05884  -0.14195  -0.03668  -2.80664;
 0.07217   1.12559   0.01151  -25.42879;
 0.03317  -0.07852   1.22680  -26.98378;
 0.00000   0.00000   0.00000   1.00000;
setting subject to fsaverage
Writing  LTA to file transforms/talairach.auto.xfm.lta...
lta_convert successful.
 
 
Started at Sun Mar 8 23:07:02 CET 2026
Ended   at Sun Mar  8 23:07:17 CET 2026
talairach_avi done
