/out/sourcedata/freesurfer/sub-v1s16x0051188_ses-1/mri
/opt/freesurfer/bin/talairach_avi
--i orig_nu.mgz --xfm transforms/talairach.auto.xfm
talairach_avi 7.3.2
Linux dna078 5.14.0-427.37.1.el9_4.x86_64 #1 SMP PREEMPT_DYNAMIC Fri Sep 13 12:41:50 EDT 2024 x86_64 x86_64 x86_64 GNU/Linux
Sun Mar  8 23:54:33 CET 2026
mri_convert orig_nu.mgz talsrcimg.img 
reading from orig_nu.mgz...
TR=0.00, TE=0.00, TI=0.00, flip angle=0.00
i_ras = (-1, 0, 0)
j_ras = (0, 0, -1)
k_ras = (0, 1, 0)
writing to talsrcimg.img...
Analyze Output Matrix
-1.00000   0.00000   0.00000   129.42621;
 0.00000   0.00000   1.00000  -137.61606;
 0.00000  -1.00000   0.00000   131.76816;
 0.00000   0.00000   0.00000   1.00000;
--------------------
INFO: set hdr.hist.orient to -1
mpr2mni305 talsrcimg
Sun Mar  8 23:54:33 CET 2026
/opt/freesurfer/bin/mpr2mni305 talsrcimg
mpr2mni305 7.3.2
target=711-2C_as_mni_average_305

---------------------------------------------------------------------
analyzeto4dfp talsrcimg -O0 -y
---------------------------------------------------------------------

freesurfer ifh2hdr.c
Sun Mar  8 23:54:34 2026
Writing: talsrcimg.4dfp.hdr
freesurfer analyzeto4dfp.c
Reading: talsrcimg.hdr
header size 348 bytes
hdr.dime.datatype	offset=70	value=2
hdr.dime.bitpix		offset=72	value=8
hdr.hist.orient		offset=252	value=-1
dimensionality     4
dimensions       256       256       256         1
Reading: talsrcimg.img
Writing: talsrcimg.4dfp.img
Writing: talsrcimg.4dfp.ifh
ifh2hdr talsrcimg -r0to233
ori=2

---------------------------------------------------------------------
gauss_4dfp talsrcimg 1.1
---------------------------------------------------------------------

freesurfer gauss_4dfp.c
Reading: talsrcimg.4dfp.img
Writing: talsrcimg_g11.4dfp.img
image dimensions 256 256 256 padded to 288 288 288
processing volume 1freesurfer ifh2hdr.c
Sun Mar  8 23:54:35 2026
Writing: talsrcimg_g11.4dfp.hdr

Writing: talsrcimg_g11.4dfp.ifh
including: talsrcimg.4dfp.img.rec in talsrcimg_g11.4dfp.img.rec

---------------------------------------------------------------------
imgreg_4dfp /opt/freesurfer/average/711-2C_as_mni_average_305 none talsrcimg_g11 none talsrcimg_to_711-2C_as_mni_average_305_t4 4355
---------------------------------------------------------------------

freesurfer imgreg_4dfp.c
/opt/freesurfer/average/711-2C_as_mni_average_305.4dfp.img
       256       256       256         1
  1.000000  1.000000  1.000000
orientation T byte_order littleendian
Reading image: /opt/freesurfer/average/711-2C_as_mni_average_305.4dfp.img
dimensions:      256       256       256
mmppix:       1.0000   -1.0000   -1.0000
center:     128.0000 -129.0000 -129.0000
talsrcimg_g11.4dfp.img
       256       256       256         1
  1.000000  1.000000  1.000000
orientation T byte_order littleendian
Reading image: talsrcimg_g11.4dfp.img
dimensions:      256       256       256
mmppix:       1.0000   -1.0000   -1.0000
center:     128.0000 -129.0000 -129.0000
t4_read: open error in t4_sub.f l:  41 t4_file(1:l)talsrcimg_to_711-2C_as_mni_average_305_t4 
t4_read: transform initialized to I4
rotation matrix determinant  1.000000
image alignment mode   4355 decimal     1103 hex
   -7.5000  -45.0000  -45.0000 4191.0049   29.0795
    0.0000  -45.0000  -45.0000 4349.8506   29.0718
    7.5000  -45.0000  -45.0000 4157.7754   28.9826
   -7.5000  -37.5000  -45.0000 4756.8696   28.0768
    0.0000  -37.5000  -45.0000 4929.6235   28.0832
    7.5000  -37.5000  -45.0000 4685.1211   28.0123
   -7.5000  -30.0000  -45.0000 5511.8354   27.4127
    0.0000  -30.0000  -45.0000 5729.7417   27.4202
    7.5000  -30.0000  -45.0000 5451.9360   27.3564
   -7.5000  -22.5000  -45.0000 6350.0107   27.1664
    0.0000  -22.5000  -45.0000 6593.8213   27.1686
    7.5000  -22.5000  -45.0000 6289.9165   27.0969
   -7.5000  -15.0000  -45.0000 7217.4438   27.1749
    0.0000  -15.0000  -45.0000 7489.2861   27.1677
    7.5000  -15.0000  -45.0000 7147.2183   27.0810
   -7.5000   -7.5000  -45.0000 8094.8613   27.1499
    0.0000   -7.5000  -45.0000 8398.7002   27.1395
    7.5000   -7.5000  -45.0000 8007.7065   27.0518
   -7.5000    0.0000  -45.0000 8939.0410   27.1152
    0.0000    0.0000  -45.0000 9279.7842   27.1106
    7.5000    0.0000  -45.0000 8833.5410   27.0335
   -7.5000    7.5000  -45.0000 9115.0635   27.1059
    0.0000    7.5000  -45.0000 9468.2100   27.1111
    7.5000    7.5000  -45.0000 9004.0596   27.0450
   -7.5000   15.0000  -45.0000 9117.9287   27.1296
    0.0000   15.0000  -45.0000 9492.7744   27.1382
    7.5000   15.0000  -45.0000 9001.1475   27.0763
   -7.5000   22.5000  -45.0000 8988.7314   27.1599
    0.0000   22.5000  -45.0000 9322.0625   27.1621
    7.5000   22.5000  -45.0000 8853.1406   27.0904
   -7.5000   30.0000  -45.0000 8810.9717   26.8128
    0.0000   30.0000  -45.0000 9143.0225   26.8057
    7.5000   30.0000  -45.0000 8664.7441   26.7201
   -7.5000   37.5000  -45.0000 8940.8506   26.7881
    0.0000   37.5000  -45.0000 9261.4805   26.7779
    7.5000   37.5000  -45.0000 8797.6660   26.6913
   -7.5000   45.0000  -45.0000 8660.4668   26.0745
    0.0000   45.0000  -45.0000 9004.0000   26.0701
    7.5000   45.0000  -45.0000 8578.4434   25.9960
   -7.5000  -45.0000  -37.5000 4520.7134   28.6945
    0.0000  -45.0000  -37.5000 4690.0303   28.7048
    7.5000  -45.0000  -37.5000 4451.9517   28.6432
   -7.5000  -37.5000  -37.5000 5109.9751   27.7358
    0.0000  -37.5000  -37.5000 5294.2124   27.7557
    7.5000  -37.5000  -37.5000 5046.4487   27.7051
   -7.5000  -30.0000  -37.5000 5897.6270   27.1133
    0.0000  -30.0000  -37.5000 6126.8340   27.1232
    7.5000  -30.0000  -37.5000 5858.6299   27.0679
   -7.5000  -22.5000  -37.5000 6790.5591   26.8779
    0.0000  -22.5000  -37.5000 7041.6143   26.8748
    7.5000  -22.5000  -37.5000 6725.7041   26.8043
   -7.5000  -15.0000  -37.5000 7726.3940   26.8723
    0.0000  -15.0000  -37.5000 8014.5273   26.8614
    7.5000  -15.0000  -37.5000 7633.1167   26.7802
   -7.5000   -7.5000  -37.5000 8691.5732   26.8203
    0.0000   -7.5000  -37.5000 9014.4492   26.8180
    7.5000   -7.5000  -37.5000 8560.1572   26.7473
   -7.5000    0.0000  -37.5000 9584.0332   26.7737
    0.0000    0.0000  -37.5000 9942.0303   26.7863
    7.5000    0.0000  -37.5000 9456.9316   26.7330
   -7.5000    7.5000  -37.5000 9767.5547   26.7834
    0.0000    7.5000  -37.500010153.1426   26.8014
    7.5000    7.5000  -37.5000 9652.7715   26.7543
   -7.5000   15.0000  -37.5000 9764.9766   26.8329
    0.0000   15.0000  -37.500010164.8418   26.8438
    7.5000   15.0000  -37.5000 9633.3945   26.7901
   -7.5000   22.5000  -37.5000 9590.3711   26.8715
    0.0000   22.5000  -37.5000 9977.2061   26.8683
    7.5000   22.5000  -37.5000 9459.1436   26.7978
   -7.5000   30.0000  -37.5000 9345.6006   26.5142
    0.0000   30.0000  -37.5000 9709.2715   26.5034
    7.5000   30.0000  -37.5000 9208.0615   26.4233
   -7.5000   37.5000  -37.5000 9450.0303   26.4629
    0.0000   37.5000  -37.5000 9811.2598   26.4607
    7.5000   37.5000  -37.5000 9298.2627   26.3909
   -7.5000   45.0000  -37.5000 9156.0127   25.7462
    0.0000   45.0000  -37.5000 9521.3213   25.7583
    7.5000   45.0000  -37.5000 9048.4463   25.7070
   -7.5000  -45.0000  -30.0000 4947.8721   29.8618
    0.0000  -45.0000  -30.0000 5124.2686   29.8940
    7.5000  -45.0000  -30.0000 4871.6929   29.8474
   -7.5000  -37.5000  -30.0000 5574.4443   28.8757
    0.0000  -37.5000  -30.0000 5785.3813   28.9101
    7.5000  -37.5000  -30.0000 5525.7188   28.8654
   -7.5000  -30.0000  -30.0000 6426.8472   28.2286
    0.0000  -30.0000  -30.0000 6680.9497   28.2469
    7.5000  -30.0000  -30.0000 6408.2139   28.1940
   -7.5000  -22.5000  -30.0000 7409.1489   27.9740
    0.0000  -22.5000  -30.0000 7703.6562   27.9814
    7.5000  -22.5000  -30.0000 7374.4990   27.9170
   -7.5000  -15.0000  -30.0000 8457.9980   27.9577
    0.0000  -15.0000  -30.0000 8778.8896   27.9637
    7.5000  -15.0000  -30.0000 8380.3242   27.8974
   -7.5000   -7.5000  -30.0000 9514.7637   27.9032
    0.0000   -7.5000  -30.0000 9855.3076   27.9217
    7.5000   -7.5000  -30.0000 9382.5977   27.8694
   -7.5000    0.0000  -30.000010488.5049   27.8653
    0.0000    0.0000  -30.000010882.2715   27.8973
    7.5000    0.0000  -30.000010346.7725   27.8571
   -7.5000    7.5000  -30.000010692.7275   27.8848
    0.0000    7.5000  -30.000011102.0439   27.9160
    7.5000    7.5000  -30.000010545.4111   27.8745
   -7.5000   15.0000  -30.000010670.2266   27.9362
    0.0000   15.0000  -30.000011103.1475   27.9552
    7.5000   15.0000  -30.000010495.8594   27.9036
   -7.5000   22.5000  -30.000010489.5088   27.9644
    0.0000   22.5000  -30.000010924.7305   27.9718
    7.5000   22.5000  -30.000010300.3838   27.9074
   -7.5000   30.0000  -30.000010207.9775   27.5878
    0.0000   30.0000  -30.000010607.7148   27.5937
    7.5000   30.0000  -30.000010009.8525   27.5282
   -7.5000   37.5000  -30.000010279.8105   27.5340
    0.0000   37.5000  -30.000010686.7021   27.5523
    7.5000   37.5000  -30.000010111.2188   27.5006
   -7.5000   45.0000  -30.0000 9940.3164   26.8155
    0.0000   45.0000  -30.000010338.4541   26.8463
    7.5000   45.0000  -30.0000 9807.4688   26.8077
   -7.5000  -45.0000  -22.5000 5382.6294   30.9193
    0.0000  -45.0000  -22.5000 5579.7432   30.9526
    7.5000  -45.0000  -22.5000 5315.0479   30.8881
   -7.5000  -37.5000  -22.5000 6053.3813   29.8875
    0.0000  -37.5000  -22.5000 6287.4956   29.9167
    7.5000  -37.5000  -22.5000 6027.8359   29.8513
   -7.5000  -30.0000  -22.5000 7013.6704   29.1850
    0.0000  -30.0000  -22.5000 7293.8647   29.2050
    7.5000  -30.0000  -22.5000 6980.4102   29.1418
   -7.5000  -22.5000  -22.5000 8099.3408   28.8993
    0.0000  -22.5000  -22.5000 8410.9082   28.9231
    7.5000  -22.5000  -22.5000 8018.9116   28.8628
   -7.5000  -15.0000  -22.5000 9242.5322   28.8839
    0.0000  -15.0000  -22.5000 9578.9346   28.9143
    7.5000  -15.0000  -22.5000 9118.6973   28.8576
   -7.5000   -7.5000  -22.500010362.4863   28.8588
    0.0000   -7.5000  -22.500010750.3516   28.8916
    7.5000   -7.5000  -22.500010207.6152   28.8384
   -7.5000    0.0000  -22.500011435.0986   28.8481
    0.0000    0.0000  -22.500011885.7764   28.8795
    7.5000    0.0000  -22.500011230.6084   28.8238
   -7.5000    7.5000  -22.500011632.4746   28.8593
    0.0000    7.5000  -22.500012108.0596   28.8854
    7.5000    7.5000  -22.500011421.8984   28.8246
   -7.5000   15.0000  -22.500011589.9316   28.8826
    0.0000   15.0000  -22.500012093.6357   28.9036
    7.5000   15.0000  -22.500011377.4893   28.8418
   -7.5000   22.5000  -22.500011387.3125   28.8874
    0.0000   22.5000  -22.500011875.2539   28.9112
    7.5000   22.5000  -22.500011156.3291   28.8509
   -7.5000   30.0000  -22.500011092.0352   28.5061
    0.0000   30.0000  -22.500011543.6123   28.5361
    7.5000   30.0000  -22.500010868.3320   28.4801
   -7.5000   37.5000  -22.500011160.1924   28.4814
    0.0000   37.5000  -22.500011612.8379   28.5137
    7.5000   37.5000  -22.500010936.9385   28.4612
   -7.5000   45.0000  -22.500010767.6895   27.7822
    0.0000   45.0000  -22.500011202.4395   27.8123
    7.5000   45.0000  -22.500010551.3936   27.7587
   -7.5000  -45.0000  -15.0000 5826.8315   31.6727
    0.0000  -45.0000  -15.0000 6043.9971   31.6887
    7.5000  -45.0000  -15.0000 5746.3613   31.5903
   -7.5000  -37.5000  -15.0000 6569.4653   30.5938
    0.0000  -37.5000  -15.0000 6828.7090   30.6062
    7.5000  -37.5000  -15.0000 6513.3184   30.5136
   -7.5000  -30.0000  -15.0000 7638.1299   29.8411
    0.0000  -30.0000  -15.0000 7919.2397   29.8555
    7.5000  -30.0000  -15.0000 7538.1372   29.7793
   -7.5000  -22.5000  -15.0000 8820.6035   29.5368
    0.0000  -22.5000  -15.0000 9151.6143   29.5668
    7.5000  -22.5000  -15.0000 8688.4912   29.5036
   -7.5000  -15.0000  -15.000010025.0322   29.5345
    0.0000  -15.0000  -15.000010397.2568   29.5729
    7.5000  -15.0000  -15.0000 9853.2783   29.5094
   -7.5000   -7.5000  -15.000011231.6992   29.5399
    0.0000   -7.5000  -15.000011642.6699   29.5682
    7.5000   -7.5000  -15.000011002.3018   29.4948
   -7.5000    0.0000  -15.000012364.0264   29.5460
    0.0000    0.0000  -15.000012841.9229   29.5606
    7.5000    0.0000  -15.000012103.3672   29.4755
   -7.5000    7.5000  -15.000012515.9502   29.5391
    0.0000    7.5000  -15.000013032.3398   29.5494
    7.5000    7.5000  -15.000012268.4424   29.4630
   -7.5000   15.0000  -15.000012424.1436   29.5326
    0.0000   15.0000  -15.000012970.7070   29.5482
    7.5000   15.0000  -15.000012201.7314   29.4737
   -7.5000   22.5000  -15.000012251.3652   29.5233
    0.0000   22.5000  -15.000012759.6855   29.5533
    7.5000   22.5000  -15.000011984.5957   29.4901
   -7.5000   30.0000  -15.000011946.2744   29.1522
    0.0000   30.0000  -15.000012456.8018   29.1901
    7.5000   30.0000  -15.000011670.8369   29.1275
   -7.5000   37.5000  -15.000012027.7373   29.1576
    0.0000   37.5000  -15.000012534.1455   29.1855
    7.5000   37.5000  -15.000011746.4121   29.1131
   -7.5000   45.0000  -15.000011572.0264   28.4714
    0.0000   45.0000  -15.000012040.8496   28.4855
    7.5000   45.0000  -15.000011296.5488   28.4036
   -7.5000  -45.0000   -7.5000 6297.3892   32.0203
    0.0000  -45.0000   -7.5000 6518.6621   32.0163
    7.5000  -45.0000   -7.5000 6172.1538   31.9036
   -7.5000  -37.5000   -7.5000 7097.4937   30.9188
    0.0000  -37.5000   -7.5000 7363.5771   30.9209
    7.5000  -37.5000   -7.5000 6993.9619   30.8245
   -7.5000  -30.0000   -7.5000 8234.3291   30.1607
    0.0000  -30.0000   -7.5000 8553.9785   30.1696
    7.5000  -30.0000   -7.5000 8146.7104   30.0921
   -7.5000  -22.5000   -7.5000 9485.7578   29.8654
    0.0000  -22.5000   -7.5000 9878.3555   29.8846
    7.5000  -22.5000   -7.5000 9408.2354   29.8136
   -7.5000  -15.0000   -7.500010792.9189   29.8741
    0.0000  -15.0000   -7.500011225.2207   29.8930
    7.5000  -15.0000   -7.500010673.1270   29.8115
   -7.5000   -7.5000   -7.500012078.7002   29.8770
    0.0000   -7.5000   -7.500012539.2852   29.8832
    7.5000   -7.5000   -7.500011890.4287   29.7898
   -7.5000    0.0000   -7.500013262.4863   29.8690
    0.0000    0.0000   -7.500013775.7285   29.8661
    7.5000    0.0000   -7.500013073.0586   29.7687
   -7.5000    7.5000   -7.500013394.9873   29.8531
    0.0000    7.5000   -7.500013924.7021   29.8540
    7.5000    7.5000   -7.500013193.9453   29.7639
   -7.5000   15.0000   -7.500013318.1768   29.8496
    0.0000   15.0000   -7.500013878.6113   29.8599
    7.5000   15.0000   -7.500013106.9570   29.7842
   -7.5000   22.5000   -7.500013107.2373   29.8486
    0.0000   22.5000   -7.500013642.2012   29.8678
    7.5000   22.5000   -7.500012849.1709   29.7967
   -7.5000   30.0000   -7.500012764.1855   29.4867
    0.0000   30.0000   -7.500013293.5000   29.5053
    7.5000   30.0000   -7.500012505.9570   29.4249
   -7.5000   37.5000   -7.500012866.6592   29.4895
    0.0000   37.5000   -7.500013405.3340   29.4957
    7.5000   37.5000   -7.500012561.7324   29.4035
   -7.5000   45.0000   -7.500012423.9014   28.7881
    0.0000   45.0000   -7.500012938.1885   28.7853
    7.5000   45.0000   -7.500012112.8203   28.6914
   -7.5000  -45.0000    0.0000 6686.1318   32.0566
    0.0000  -45.0000    0.0000 6902.4624   32.0482
    7.5000  -45.0000    0.0000 6547.2993   31.9490
   -7.5000  -37.5000    0.0000 7538.7593   30.9647
    0.0000  -37.5000    0.0000 7845.4604   30.9704
    7.5000  -37.5000    0.0000 7472.0381   30.8912
   -7.5000  -30.0000    0.0000 8793.8262   30.2394
    0.0000  -30.0000    0.0000 9187.0098   30.2462
    7.5000  -30.0000    0.0000 8755.8779   30.1752
   -7.5000  -22.5000    0.000010169.1064   29.9656
    0.0000  -22.5000    0.000010588.3955   29.9680
    7.5000  -22.5000    0.000010081.2598   29.8887
   -7.5000  -15.0000    0.000011601.0996   29.9712
    0.0000  -15.0000    0.000012054.6846   29.9643
    7.5000  -15.0000    0.000011466.7148   29.8687
   -7.5000   -7.5000    0.000012966.3340   29.9425
    0.0000   -7.5000    0.000013480.5205   29.9320
    7.5000   -7.5000    0.000012814.8457   29.8350
   -7.5000    0.0000    0.000014189.9062   29.9064
    0.0000    0.0000    0.000014743.4590   29.9012
    7.5000    0.0000    0.000014002.1875   29.8154
   -7.5000    7.5000    0.000014307.3525   29.8997
    0.0000    7.5000    0.000014878.5557   29.9040
    7.5000    7.5000    0.000014092.3848   29.8301
   -7.5000   15.0000    0.000014220.9385   29.9274
    0.0000   15.0000    0.000014816.2559   29.9356
    7.5000   15.0000    0.000013970.3008   29.8665
   -7.5000   22.5000    0.000013898.1611   29.9488
    0.0000   22.5000    0.000014444.5557   29.9511
    7.5000   22.5000    0.000013683.7217   29.8718
   -7.5000   30.0000    0.000013487.1602   29.5834
    0.0000   30.0000    0.000014036.7646   29.5765
    7.5000   30.0000    0.000013306.3223   29.4821
   -7.5000   37.5000    0.000013609.7051   29.5550
    0.0000   37.5000    0.000014145.1484   29.5447
    7.5000   37.5000    0.000013355.4404   29.4489
   -7.5000   45.0000    0.000013185.5146   28.8263
    0.0000   45.0000    0.000013692.7783   28.8213
    7.5000   45.0000    0.000012869.7764   28.7386
   -7.5000  -45.0000    7.5000 6511.4707   32.0488
    0.0000  -45.0000    7.5000 6762.9902   32.0607
    7.5000  -45.0000    7.5000 6429.6733   31.9920
   -7.5000  -37.5000    7.5000 7395.3223   30.9794
    0.0000  -37.5000    7.5000 7706.9868   31.0020
    7.5000  -37.5000    7.5000 7369.2378   30.9454
   -7.5000  -30.0000    7.5000 8701.1562   30.2851
    0.0000  -30.0000    7.5000 9073.2510   30.2964
    7.5000  -30.0000    7.5000 8641.8223   30.2345
   -7.5000  -22.5000    7.500010090.7910   30.0219
    0.0000  -22.5000    7.500010509.9531   30.0185
    7.5000  -22.5000    7.5000 9980.0117   29.9397
   -7.5000  -15.0000    7.500011507.3340   30.0147
    0.0000  -15.0000    7.500011977.0010   30.0028
    7.5000  -15.0000    7.500011383.2236   29.9121
   -7.5000   -7.5000    7.500012875.7686   29.9561
    0.0000   -7.5000    7.500013412.0615   29.9540
    7.5000   -7.5000    7.500012729.8604   29.8750
   -7.5000    0.0000    7.500014112.9170   29.9045
    0.0000    0.0000    7.500014698.9170   29.9189
    7.5000    0.0000    7.500013966.6299   29.8593
   -7.5000    7.5000    7.500014200.2236   29.9162
    0.0000    7.5000    7.500014797.3457   29.9365
    7.5000    7.5000    7.500014033.2227   29.8839
   -7.5000   15.0000    7.500014027.2598   29.9720
    0.0000   15.0000    7.500014582.6201   29.9843
    7.5000   15.0000    7.500013807.8018   29.9242
   -7.5000   22.5000    7.500013639.8779   30.0050
    0.0000   22.5000    7.500014184.3213   30.0016
    7.5000   22.5000    7.500013489.8936   29.9228
   -7.5000   30.0000    7.500013282.9736   29.6263
    0.0000   30.0000    7.500013821.2822   29.6145
    7.5000   30.0000    7.500013161.5449   29.5250
   -7.5000   37.5000    7.500013449.8887   29.5684
    0.0000   37.5000    7.500013979.6279   29.5663
    7.5000   37.5000    7.500013262.1895   29.4883
   -7.5000   45.0000    7.500012986.6055   28.8245
    0.0000   45.0000    7.500013504.9551   28.8384
    7.5000   45.0000    7.500012782.1426   28.7809
   -7.5000  -45.0000   15.0000 6276.9331   32.0667
    0.0000  -45.0000   15.0000 6553.0361   32.1012
    7.5000  -45.0000   15.0000 6235.1270   32.0512
   -7.5000  -37.5000   15.0000 7178.6143   31.0077
    0.0000  -37.5000   15.0000 7519.1494   31.0447
    7.5000  -37.5000   15.0000 7162.1582   30.9967
   -7.5000  -30.0000   15.0000 8502.6016   30.3129
    0.0000  -30.0000   15.0000 8856.0312   30.3326
    7.5000  -30.0000   15.0000 8408.3652   30.2757
   -7.5000  -22.5000   15.0000 9889.7383   30.0394
    0.0000  -22.5000   15.000010265.5527   30.0475
    7.5000  -22.5000   15.0000 9739.9414   29.9783
   -7.5000  -15.0000   15.000011220.0352   30.0220
    0.0000  -15.0000   15.000011637.5938   30.0284
    7.5000  -15.0000   15.000011071.4639   29.9572
   -7.5000   -7.5000   15.000012488.9277   29.9634
    0.0000   -7.5000   15.000013001.0234   29.9833
    7.5000   -7.5000   15.000012384.5225   29.9271
   -7.5000    0.0000   15.000013728.4043   29.9228
    0.0000    0.0000   15.000014356.1016   29.9571
    7.5000    0.0000   15.000013639.9492   29.9140
   -7.5000    7.5000   15.000013942.0176   29.9437
    0.0000    7.5000   15.000014548.4268   29.9772
    7.5000    7.5000   15.000013772.1875   29.9326
   -7.5000   15.0000   15.000013538.2969   29.9988
    0.0000   15.0000   15.000014054.0703   30.0193
    7.5000   15.0000   15.000013505.1279   29.9639
   -7.5000   22.5000   15.000013036.1914   30.0225
    0.0000   22.5000   15.000013523.2881   30.0305
    7.5000   22.5000   15.000013155.5410   29.9614
   -7.5000   30.0000   15.000012730.8643   29.6334
    0.0000   30.0000   15.000013189.6523   29.6398
    7.5000   30.0000   15.000012829.2207   29.5695
   -7.5000   37.5000   15.000012977.2471   29.5756
    0.0000   37.5000   15.000013421.8408   29.5953
    7.5000   37.5000   15.000012975.4844   29.5398
   -7.5000   45.0000   15.000012591.2959   28.8421
    0.0000   45.0000   15.000013058.6807   28.8752
    7.5000   45.0000   15.000012545.3975   28.8336
   -7.5000  -45.0000   22.5000 6034.1060   32.0967
    0.0000  -45.0000   22.5000 6291.4189   32.1313
    7.5000  -45.0000   22.5000 5980.5391   32.0643
   -7.5000  -37.5000   22.5000 6940.8296   31.0256
    0.0000  -37.5000   22.5000 7207.0405   31.0559
    7.5000  -37.5000   22.5000 6851.4634   30.9881
   -7.5000  -30.0000   22.5000 8193.5508   30.2963
    0.0000  -30.0000   22.5000 8516.2852   30.3172
    7.5000  -30.0000   22.5000 8047.3066   30.2515
   -7.5000  -22.5000   22.5000 9508.1846   29.9998
    0.0000  -22.5000   22.5000 9898.9717   30.0245
    7.5000  -22.5000   22.5000 9329.0859   29.9619
   -7.5000  -15.0000   22.500010768.2969   29.9838
    0.0000  -15.0000   22.500011215.2158   30.0153
    7.5000  -15.0000   22.500010623.4922   29.9565
   -7.5000   -7.5000   22.500011965.7744   29.9578
    0.0000   -7.5000   22.500012499.1094   29.9918
    7.5000   -7.5000   22.500011903.0420   29.9366
   -7.5000    0.0000   22.500013157.6240   29.9467
    0.0000    0.0000   22.500013769.3359   29.9792
    7.5000    0.0000   22.500013142.1709   29.9214
   -7.5000    7.5000   22.500013319.7441   29.9583
    0.0000    7.5000   22.500013915.2949   29.9854
    7.5000    7.5000   22.500013256.6426   29.9223
   -7.5000   15.0000   22.500012998.8047   29.9825
    0.0000   15.0000   22.500013511.8691   30.0042
    7.5000   15.0000   22.500013038.6318   29.9400
   -7.5000   22.5000   22.500012608.3701   29.9829
    0.0000   22.5000   22.500013076.4004   30.0076
    7.5000   22.5000   22.500012722.8057   29.9450
   -7.5000   30.0000   22.500012383.7891   29.5957
    0.0000   30.0000   22.500012813.4561   29.6269
    7.5000   30.0000   22.500012432.5820   29.5688
   -7.5000   37.5000   22.500012648.3301   29.5701
    0.0000   37.5000   22.500013080.8174   29.6036
    7.5000   37.5000   22.500012569.0801   29.5491
   -7.5000   45.0000   22.500012278.8350   28.8651
    0.0000   45.0000   22.500012706.8232   28.8965
    7.5000   45.0000   22.500012136.4121   28.8408
   -7.5000  -45.0000   30.0000 5701.1602   32.1073
    0.0000  -45.0000   30.0000 5935.6870   32.1236
    7.5000  -45.0000   30.0000 5614.0337   32.0238
   -7.5000  -37.5000   30.0000 6588.5933   31.0137
    0.0000  -37.5000   30.0000 6833.5811   31.0262
    7.5000  -37.5000   30.0000 6432.7695   30.9323
   -7.5000  -30.0000   30.0000 7770.0229   30.2506
    0.0000  -30.0000   30.0000 8067.4766   30.2652
    7.5000  -30.0000   30.0000 7604.9561   30.1880
   -7.5000  -22.5000   30.0000 8980.1406   29.9422
    0.0000  -22.5000   30.0000 9323.2041   29.9726
    7.5000  -22.5000   30.0000 8829.3018   29.9085
   -7.5000  -15.0000   30.000010168.4307   29.9398
    0.0000  -15.0000   30.000010579.7100   29.9787
    7.5000  -15.0000   30.000010057.9092   29.9144
   -7.5000   -7.5000   30.000011346.8604   29.9453
    0.0000   -7.5000   30.000011823.2061   29.9740
    7.5000   -7.5000   30.000011264.8447   29.8996
   -7.5000    0.0000   30.000012407.7441   29.9514
    0.0000    0.0000   30.000012991.0410   29.9662
    7.5000    0.0000   30.000012385.9258   29.8801
   -7.5000    7.5000   30.000012542.9170   29.9445
    0.0000    7.5000   30.000013148.2549   29.9549
    7.5000    7.5000   30.000012510.4043   29.8674
   -7.5000   15.0000   30.000012414.2266   29.9379
    0.0000   15.0000   30.000012997.7197   29.9537
    7.5000   15.0000   30.000012398.1436   29.8782
   -7.5000   22.5000   30.000012181.3008   29.9253
    0.0000   22.5000   30.000012746.4014   29.9557
    7.5000   22.5000   30.000012139.9395   29.8916
   -7.5000   30.0000   30.000011866.2021   29.5523
    0.0000   30.0000   30.000012399.3877   29.5907
    7.5000   30.0000   30.000011785.7031   29.5272
   -7.5000   37.5000   30.000011969.4287   29.5578
    0.0000   37.5000   30.000012487.9570   29.5860
    7.5000   37.5000   30.000011862.2627   29.5126
   -7.5000   45.0000   30.000011602.2783   28.8697
    0.0000   45.0000   30.000012063.2480   28.8840
    7.5000   45.0000   30.000011460.2109   28.8009
   -7.5000  -45.0000   37.5000 5582.0054   32.1516
    0.0000  -45.0000   37.5000 5778.0859   32.1479
    7.5000  -45.0000   37.5000 5459.4092   32.0345
   -7.5000  -37.5000   37.5000 6420.1294   31.0448
    0.0000  -37.5000   37.5000 6642.4004   31.0474
    7.5000  -37.5000   37.5000 6255.6382   30.9502
   -7.5000  -30.0000   37.5000 7518.1772   30.2819
    0.0000  -30.0000   37.5000 7817.2725   30.2913
    7.5000  -30.0000   37.5000 7374.5176   30.2131
   -7.5000  -22.5000   37.5000 8678.5391   29.9850
    0.0000  -22.5000   37.5000 9038.8135   30.0047
    7.5000  -22.5000   37.5000 8536.4648   29.9330
   -7.5000  -15.0000   37.5000 9880.6748   29.9944
    0.0000  -15.0000   37.500010327.6787   30.0138
    7.5000  -15.0000   37.5000 9751.4873   29.9318
   -7.5000   -7.5000   37.500011076.6152   29.9980
    0.0000   -7.5000   37.500011578.9980   30.0047
    7.5000   -7.5000   37.500010910.4199   29.9108
   -7.5000    0.0000   37.500012160.8779   29.9900
    0.0000    0.0000   37.500012735.3477   29.9875
    7.5000    0.0000   37.500011994.0879   29.8895
   -7.5000    7.5000   37.500012283.6338   29.9733
    0.0000    7.5000   37.500012834.5752   29.9745
    7.5000    7.5000   37.500012116.3545   29.8838
   -7.5000   15.0000   37.500012192.3604   29.9690
    0.0000   15.0000   37.500012719.5352   29.9798
    7.5000   15.0000   37.500012045.5137   29.9034
   -7.5000   22.5000   37.500011945.8770   29.9681
    0.0000   22.5000   37.500012449.1240   29.9878
    7.5000   22.5000   37.500011811.4971   29.9161
   -7.5000   30.0000   37.500011561.5918   29.6062
    0.0000   30.0000   37.500012031.6104   29.6254
    7.5000   30.0000   37.500011455.2275   29.5444
   -7.5000   37.5000   37.500011577.5410   29.6098
    0.0000   37.5000   37.500012056.8701   29.6164
    7.5000   37.5000   37.500011509.6689   29.5237
   -7.5000   45.0000   37.500011204.8994   28.9069
    0.0000   45.0000   37.500011670.9668   28.9045
    7.5000   45.0000   37.500011141.5479   28.8100
   -7.5000  -45.0000   45.0000 5095.5371   32.1503
    0.0000  -45.0000   45.0000 5259.9604   32.1432
    7.5000  -45.0000   45.0000 4993.0049   32.0429
   -7.5000  -37.5000   45.0000 5862.0737   31.0514
    0.0000  -37.5000   45.0000 6082.1206   31.0586
    7.5000  -37.5000   45.0000 5743.7822   30.9785
   -7.5000  -30.0000   45.0000 6888.1489   30.3208
    0.0000  -30.0000   45.0000 7172.4438   30.3290
    7.5000  -30.0000   45.0000 6759.3301   30.2574
   -7.5000  -22.5000   45.0000 7978.9248   30.0466
    0.0000  -22.5000   45.0000 8332.3154   30.0499
    7.5000  -22.5000   45.0000 7842.4609   29.9700
   -7.5000  -15.0000   45.0000 9105.1807   30.0522
    0.0000  -15.0000   45.0000 9501.3740   30.0460
    7.5000  -15.0000   45.0000 8961.4082   29.9495
   -7.5000   -7.5000   45.000010223.0312   30.0237
    0.0000   -7.5000   45.000010637.0684   30.0139
    7.5000   -7.5000   45.000010030.6641   29.9159
   -7.5000    0.0000   45.000011204.8740   29.9876
    0.0000    0.0000   45.000011677.5273   29.9835
    7.5000    0.0000   45.000011007.6953   29.8965
   -7.5000    7.5000   45.000011297.1035   29.9808
    0.0000    7.5000   45.000011760.2715   29.9865
    7.5000    7.5000   45.000011102.0869   29.9118
   -7.5000   15.0000   45.000011216.0186   30.0085
    0.0000   15.0000   45.000011692.9307   30.0180
    7.5000   15.0000   45.000011064.8096   29.9483
   -7.5000   22.5000   45.000010990.6748   30.0296
    0.0000   22.5000   45.000011449.0146   30.0328
    7.5000   22.5000   45.000010870.4932   29.9530
   -7.5000   30.0000   45.000010651.7354   29.6607
    0.0000   30.0000   45.000011096.7617   29.6545
    7.5000   30.0000   45.000010563.9707   29.5594
   -7.5000   37.5000   45.000010670.2080   29.6325
    0.0000   37.5000   45.000011133.7373   29.6229
    7.5000   37.5000   45.000010628.8164   29.5261
   -7.5000   45.0000   45.000010301.2480   28.9177
    0.0000   45.0000   45.000010751.3682   28.9137
    7.5000   45.0000   45.000010258.5576   28.8299

---------------------------------------------------------------------
imgreg_4dfp /opt/freesurfer/average/711-2C_as_mni_average_305 /opt/freesurfer/average/711-2B_as_mni_average_305_mask talsrcimg_g11 none talsrcimg_to_711-2C_as_mni_average_305_t4 4355
---------------------------------------------------------------------

freesurfer imgreg_4dfp.c
/opt/freesurfer/average/711-2C_as_mni_average_305.4dfp.img
       256       256       256         1
  1.000000  1.000000  1.000000
orientation T byte_order littleendian
Reading image: /opt/freesurfer/average/711-2C_as_mni_average_305.4dfp.img
dimensions:      256       256       256
mmppix:       1.0000   -1.0000   -1.0000
center:     128.0000 -129.0000 -129.0000
/opt/freesurfer/average/711-2B_as_mni_average_305_mask.4dfp.img
       256       256       256         1
  1.000000  1.000000  1.000000
orientation T byte_order littleendian
Reading mask: /opt/freesurfer/average/711-2B_as_mni_average_305_mask.4dfp.img (2306576 pixels)
talsrcimg_g11.4dfp.img
       256       256       256         1
  1.000000  1.000000  1.000000
orientation T byte_order littleendian
Reading image: talsrcimg_g11.4dfp.img
dimensions:      256       256       256
mmppix:       1.0000   -1.0000   -1.0000
center:     128.0000 -129.0000 -129.0000
rotation matrix determinant  1.000000
image alignment mode   4355 decimal     1103 hex
   -7.5000  -37.5000  -45.0000 1405.2899   55.1274
    0.0000  -37.5000  -45.0000 1403.3713   54.9317
    7.5000  -37.5000  -45.0000 1387.7455   55.5875
   -7.5000  -30.0000  -45.0000 1524.8123   46.8328
    0.0000  -30.0000  -45.0000 1530.3800   46.7373
    7.5000  -30.0000  -45.0000 1520.3636   47.1279
   -7.5000  -22.5000  -45.0000 1652.2274   40.4752
    0.0000  -22.5000  -45.0000 1656.6531   40.3186
    7.5000  -22.5000  -45.0000 1648.4010   40.8023
   -7.5000  -15.0000  -45.0000 1771.2222   35.5408
    0.0000  -15.0000  -45.0000 1773.7383   35.5616
    7.5000  -15.0000  -45.0000 1766.0129   36.0407
   -7.5000   -7.5000  -45.0000 1875.6216   31.9631
    0.0000   -7.5000  -45.0000 1880.2546   31.9889
    7.5000   -7.5000  -45.0000 1869.9839   32.4827
   -7.5000    0.0000  -45.0000 1965.5909   29.3609
    0.0000    0.0000  -45.0000 1971.9114   29.4117
    7.5000    0.0000  -45.0000 1957.7703   29.9179
   -7.5000    7.5000  -45.0000 2041.5463   27.4789
    0.0000    7.5000  -45.0000 2045.4415   27.5217
    7.5000    7.5000  -45.0000 2028.6449   27.9719
   -7.5000   15.0000  -45.0000 2078.7856   26.2350
    0.0000   15.0000  -45.0000 2090.2729   26.2051
    7.5000   15.0000  -45.0000 2062.7817   26.6217
   -7.5000   22.5000  -45.0000 2094.1211   25.3448
    0.0000   22.5000  -45.0000 2098.3450   25.2596
    7.5000   22.5000  -45.0000 2078.8918   25.7406
   -7.5000   30.0000  -45.0000 2096.4299   25.1244
    0.0000   30.0000  -45.0000 2105.2324   25.0089
    7.5000   30.0000  -45.0000 2081.7400   25.5388
   -7.5000   37.5000  -45.0000 2078.1760   25.4796
    0.0000   37.5000  -45.0000 2089.2537   25.4373
    7.5000   37.5000  -45.0000 2062.2732   26.0127
   -7.5000   45.0000  -45.0000 2040.0439   26.4421
    0.0000   45.0000  -45.0000 2052.4893   26.3915
    7.5000   45.0000  -45.0000 2026.4518   26.9459
   -7.5000   52.5000  -45.0000 1968.4772   27.7297
    0.0000   52.5000  -45.0000 1975.6959   27.5688
    7.5000   52.5000  -45.0000 1950.1527   28.2114
   -7.5000  -37.5000  -37.5000 1473.7660   50.6675
    0.0000  -37.5000  -37.5000 1469.4594   50.7494
    7.5000  -37.5000  -37.5000 1457.1787   51.2846
   -7.5000  -30.0000  -37.5000 1597.1384   42.8848
    0.0000  -30.0000  -37.5000 1598.9459   42.9542
    7.5000  -30.0000  -37.5000 1590.9928   43.5285
   -7.5000  -22.5000  -37.5000 1723.6113   37.0464
    0.0000  -22.5000  -37.5000 1724.0161   36.9876
    7.5000  -22.5000  -37.5000 1716.3918   37.6209
   -7.5000  -15.0000  -37.5000 1846.6188   32.6629
    0.0000  -15.0000  -37.5000 1850.4248   32.6784
    7.5000  -15.0000  -37.5000 1838.6854   33.1989
   -7.5000   -7.5000  -37.5000 1965.4700   29.4869
    0.0000   -7.5000  -37.5000 1972.5222   29.4577
    7.5000   -7.5000  -37.5000 1951.5646   29.8896
   -7.5000    0.0000  -37.5000 2061.9263   27.0248
    0.0000    0.0000  -37.5000 2068.8467   27.0516
    7.5000    0.0000  -37.5000 2050.0906   27.4328
   -7.5000    7.5000  -37.5000 2144.0093   25.2641
    0.0000    7.5000  -37.5000 2150.8894   25.3309
    7.5000    7.5000  -37.5000 2130.6052   25.6800
   -7.5000   15.0000  -37.5000 2187.1252   24.0644
    0.0000   15.0000  -37.5000 2194.7344   24.0929
    7.5000   15.0000  -37.5000 2170.1292   24.3826
   -7.5000   22.5000  -37.5000 2193.0181   23.2832
    0.0000   22.5000  -37.5000 2204.2441   23.3229
    7.5000   22.5000  -37.5000 2185.0969   23.6242
   -7.5000   30.0000  -37.5000 2188.9771   23.0644
    0.0000   30.0000  -37.5000 2203.1890   23.0221
    7.5000   30.0000  -37.5000 2183.4573   23.3862
   -7.5000   37.5000  -37.5000 2174.2810   23.1930
    0.0000   37.5000  -37.5000 2184.3435   23.1875
    7.5000   37.5000  -37.5000 2158.5691   23.6229
   -7.5000   45.0000  -37.5000 2135.5278   23.9168
    0.0000   45.0000  -37.5000 2149.5823   23.8537
    7.5000   45.0000  -37.5000 2120.0530   24.3161
   -7.5000   52.5000  -37.5000 2064.6201   25.0669
    0.0000   52.5000  -37.5000 2075.5984   24.9554
    7.5000   52.5000  -37.5000 2047.0089   25.4528
   -7.5000  -37.5000  -30.0000 1553.4705   48.5401
    0.0000  -37.5000  -30.0000 1553.8629   48.6267
    7.5000  -37.5000  -30.0000 1544.4032   49.3476
   -7.5000  -30.0000  -30.0000 1682.2524   41.0882
    0.0000  -30.0000  -30.0000 1690.7228   41.1971
    7.5000  -30.0000  -30.0000 1687.6113   41.7826
   -7.5000  -22.5000  -30.0000 1820.8354   35.4560
    0.0000  -22.5000  -30.0000 1826.5575   35.4109
    7.5000  -22.5000  -30.0000 1817.8589   35.8932
   -7.5000  -15.0000  -30.0000 1958.6462   31.2391
    0.0000  -15.0000  -30.0000 1965.4586   31.2644
    7.5000  -15.0000  -30.0000 1949.4277   31.6484
   -7.5000   -7.5000  -30.0000 2089.5801   28.1049
    0.0000   -7.5000  -30.0000 2094.8596   28.1010
    7.5000   -7.5000  -30.0000 2074.7776   28.4980
   -7.5000    0.0000  -30.0000 2197.1587   25.7200
    0.0000    0.0000  -30.0000 2201.4875   25.7602
    7.5000    0.0000  -30.0000 2179.0210   26.0889
   -7.5000    7.5000  -30.0000 2286.1567   24.0111
    0.0000    7.5000  -30.0000 2289.4465   24.1140
    7.5000    7.5000  -30.0000 2264.7229   24.3588
   -7.5000   15.0000  -30.0000 2324.8691   22.8877
    0.0000   15.0000  -30.0000 2331.4075   22.9694
    7.5000   15.0000  -30.0000 2306.5056   23.1681
   -7.5000   22.5000  -30.0000 2341.7986   22.1765
    0.0000   22.5000  -30.0000 2355.5837   22.2228
    7.5000   22.5000  -30.0000 2328.3562   22.4853
   -7.5000   30.0000  -30.0000 2339.6899   21.8951
    0.0000   30.0000  -30.0000 2349.8462   21.9659
    7.5000   30.0000  -30.0000 2325.0403   22.1839
   -7.5000   37.5000  -30.0000 2323.7300   21.9999
    0.0000   37.5000  -30.0000 2334.0520   22.0518
    7.5000   37.5000  -30.0000 2306.9541   22.3726
   -7.5000   45.0000  -30.0000 2283.3044   22.6114
    0.0000   45.0000  -30.0000 2297.5037   22.6292
    7.5000   45.0000  -30.0000 2271.5474   22.9806
   -7.5000   52.5000  -30.0000 2208.4446   23.6779
    0.0000   52.5000  -30.0000 2217.7920   23.6485
    7.5000   52.5000  -30.0000 2191.3220   24.0429
   -7.5000  -37.5000  -22.5000 1610.0948   46.1993
    0.0000  -37.5000  -22.5000 1615.5679   46.2657
    7.5000  -37.5000  -22.5000 1617.0262   46.9708
   -7.5000  -30.0000  -22.5000 1748.9971   39.0667
    0.0000  -30.0000  -22.5000 1759.8629   39.1242
    7.5000  -30.0000  -22.5000 1762.1838   39.5682
   -7.5000  -22.5000  -22.5000 1897.9958   33.7313
    0.0000  -22.5000  -22.5000 1906.6212   33.7057
    7.5000  -22.5000  -22.5000 1896.0352   33.9719
   -7.5000  -15.0000  -22.5000 2049.0200   29.6951
    0.0000  -15.0000  -22.5000 2055.0959   29.6257
    7.5000  -15.0000  -22.5000 2038.8413   29.9330
   -7.5000   -7.5000  -22.5000 2186.4043   26.5403
    0.0000   -7.5000  -22.5000 2194.8542   26.5381
    7.5000   -7.5000  -22.5000 2169.6228   26.8396
   -7.5000    0.0000  -22.5000 2301.7117   24.2236
    0.0000    0.0000  -22.5000 2310.2136   24.2946
    7.5000    0.0000  -22.5000 2276.5715   24.5355
   -7.5000    7.5000  -22.5000 2392.6775   22.5825
    0.0000    7.5000  -22.5000 2402.0854   22.6887
    7.5000    7.5000  -22.5000 2368.7834   22.8551
   -7.5000   15.0000  -22.5000 2439.5183   21.4692
    0.0000   15.0000  -22.5000 2456.2341   21.5753
    7.5000   15.0000  -22.5000 2426.4309   21.7304
   -7.5000   22.5000  -22.5000 2468.9634   20.8776
    0.0000   22.5000  -22.5000 2484.3826   20.9491
    7.5000   22.5000  -22.5000 2454.7395   21.1215
   -7.5000   30.0000  -22.5000 2479.6643   20.6013
    0.0000   30.0000  -22.5000 2486.0027   20.7278
    7.5000   30.0000  -22.5000 2456.8752   20.9055
   -7.5000   37.5000  -22.5000 2464.5852   20.7409
    0.0000   37.5000  -22.5000 2472.5359   20.8177
    7.5000   37.5000  -22.5000 2442.6992   21.0467
   -7.5000   45.0000  -22.5000 2421.0281   21.3592
    0.0000   45.0000  -22.5000 2430.9844   21.3506
    7.5000   45.0000  -22.5000 2397.3059   21.6174
   -7.5000   52.5000  -22.5000 2331.1775   22.3315
    0.0000   52.5000  -22.5000 2343.7344   22.3160
    7.5000   52.5000  -22.5000 2308.1111   22.6198
   -7.5000  -37.5000  -15.0000 1648.7133   44.1398
    0.0000  -37.5000  -15.0000 1656.9208   44.1496
    7.5000  -37.5000  -15.0000 1655.6071   44.6443
   -7.5000  -30.0000  -15.0000 1796.0991   37.1839
    0.0000  -30.0000  -15.0000 1802.8512   37.1720
    7.5000  -30.0000  -15.0000 1798.5071   37.6071
   -7.5000  -22.5000  -15.0000 1950.9865   32.0163
    0.0000  -22.5000  -15.0000 1958.2405   31.9388
    7.5000  -22.5000  -15.0000 1943.1335   32.3189
   -7.5000  -15.0000  -15.0000 2105.6729   28.0562
    0.0000  -15.0000  -15.0000 2113.2351   27.9822
    7.5000  -15.0000  -15.0000 2092.7903   28.3531
   -7.5000   -7.5000  -15.0000 2251.4893   25.0328
    0.0000   -7.5000  -15.0000 2259.0537   24.9918
    7.5000   -7.5000  -15.0000 2228.2153   25.3199
   -7.5000    0.0000  -15.0000 2374.0757   22.7917
    0.0000    0.0000  -15.0000 2380.4817   22.7773
    7.5000    0.0000  -15.0000 2345.1440   23.0587
   -7.5000    7.5000  -15.0000 2466.1802   21.1886
    0.0000    7.5000  -15.0000 2477.4016   21.2452
    7.5000    7.5000  -15.0000 2442.9072   21.4002
   -7.5000   15.0000  -15.0000 2517.2432   20.1244
    0.0000   15.0000  -15.0000 2538.6287   20.1899
    7.5000   15.0000  -15.0000 2509.2798   20.3183
   -7.5000   22.5000  -15.0000 2563.3354   19.5358
    0.0000   22.5000  -15.0000 2581.6394   19.5857
    7.5000   22.5000  -15.0000 2553.1760   19.7412
   -7.5000   30.0000  -15.0000 2593.8264   19.3262
    0.0000   30.0000  -15.0000 2601.8984   19.3872
    7.5000   30.0000  -15.0000 2565.2739   19.5798
   -7.5000   37.5000  -15.0000 2580.2595   19.5283
    0.0000   37.5000  -15.0000 2591.5295   19.6074
    7.5000   37.5000  -15.0000 2551.5200   19.7767
   -7.5000   45.0000  -15.0000 2533.8696   20.1995
    0.0000   45.0000  -15.0000 2542.5522   20.2177
    7.5000   45.0000  -15.0000 2499.3953   20.4224
   -7.5000   52.5000  -15.0000 2437.3242   21.0902
    0.0000   52.5000  -15.0000 2451.8135   21.0936
    7.5000   52.5000  -15.0000 2410.0085   21.3195
   -7.5000  -37.5000   -7.5000 1670.9252   42.2952
    0.0000  -37.5000   -7.5000 1678.9260   42.1653
    7.5000  -37.5000   -7.5000 1673.7726   42.7956
   -7.5000  -30.0000   -7.5000 1821.9181   35.3879
    0.0000  -30.0000   -7.5000 1829.0575   35.4068
    7.5000  -30.0000   -7.5000 1822.5754   35.9865
   -7.5000  -22.5000   -7.5000 1979.2887   30.3154
    0.0000  -22.5000   -7.5000 1985.3444   30.3097
    7.5000  -22.5000   -7.5000 1976.2659   30.8953
   -7.5000  -15.0000   -7.5000 2136.2366   26.5259
    0.0000  -15.0000   -7.5000 2141.9221   26.4876
    7.5000  -15.0000   -7.5000 2126.7024   27.0197
   -7.5000   -7.5000   -7.5000 2288.6670   23.6228
    0.0000   -7.5000   -7.5000 2295.2417   23.5996
    7.5000   -7.5000   -7.5000 2269.4172   24.0350
   -7.5000    0.0000   -7.5000 2416.8174   21.5226
    0.0000    0.0000   -7.5000 2426.2495   21.4388
    7.5000    0.0000   -7.5000 2398.9956   21.8074
   -7.5000    7.5000   -7.5000 2524.1174   19.9249
    0.0000    7.5000   -7.5000 2533.7373   19.9067
    7.5000    7.5000   -7.5000 2512.8381   20.1582
   -7.5000   15.0000   -7.5000 2592.5706   18.8624
    0.0000   15.0000   -7.5000 2608.7163   18.8929
    7.5000   15.0000   -7.5000 2585.1360   19.1148
   -7.5000   22.5000   -7.5000 2645.0737   18.2907
    0.0000   22.5000   -7.5000 2661.7776   18.3278
    7.5000   22.5000   -7.5000 2633.4326   18.5037
   -7.5000   30.0000   -7.5000 2677.9058   18.1125
    0.0000   30.0000   -7.5000 2694.0186   18.1857
    7.5000   30.0000   -7.5000 2655.8398   18.3640
   -7.5000   37.5000   -7.5000 2678.0645   18.3341
    0.0000   37.5000   -7.5000 2697.8474   18.3995
    7.5000   37.5000   -7.5000 2644.7556   18.5828
   -7.5000   45.0000   -7.5000 2628.3350   19.0790
    0.0000   45.0000   -7.5000 2643.8081   19.0856
    7.5000   45.0000   -7.5000 2593.3660   19.3035
   -7.5000   52.5000   -7.5000 2522.5339   20.0145
    0.0000   52.5000   -7.5000 2541.0701   19.9920
    7.5000   52.5000   -7.5000 2493.8052   20.2554
   -7.5000  -37.5000    0.0000 1677.3998   40.8216
    0.0000  -37.5000    0.0000 1688.9684   40.8768
    7.5000  -37.5000    0.0000 1683.8174   41.7444
   -7.5000  -30.0000    0.0000 1837.9458   34.0882
    0.0000  -30.0000    0.0000 1852.0725   34.2971
    7.5000  -30.0000    0.0000 1846.8839   35.1123
   -7.5000  -22.5000    0.0000 2000.3427   29.1788
    0.0000  -22.5000    0.0000 2009.1643   29.2520
    7.5000  -22.5000    0.0000 1998.3221   29.9162
   -7.5000  -15.0000    0.0000 2164.7629   25.5306
    0.0000  -15.0000    0.0000 2168.1526   25.5396
    7.5000  -15.0000    0.0000 2146.7490   26.0942
   -7.5000   -7.5000    0.0000 2319.5127   22.7071
    0.0000   -7.5000    0.0000 2325.1326   22.6797
    7.5000   -7.5000    0.0000 2299.0669   23.1700
   -7.5000    0.0000    0.0000 2452.8359   20.5651
    0.0000    0.0000    0.0000 2464.9895   20.4941
    7.5000    0.0000    0.0000 2433.8523   20.9405
   -7.5000    7.5000    0.0000 2575.5510   18.9850
    0.0000    7.5000    0.0000 2592.1042   18.9364
    7.5000    7.5000    0.0000 2555.1848   19.2937
   -7.5000   15.0000    0.0000 2662.7407   17.9042
    0.0000   15.0000    0.0000 2688.1169   17.9003
    7.5000   15.0000    0.0000 2648.3574   18.1824
   -7.5000   22.5000    0.0000 2727.8760   17.3020
    0.0000   22.5000    0.0000 2750.4790   17.3401
    7.5000   22.5000    0.0000 2708.5503   17.5901
   -7.5000   30.0000    0.0000 2762.1633   17.1250
    0.0000   30.0000    0.0000 2784.5200   17.1725
    7.5000   30.0000    0.0000 2733.6873   17.4422
   -7.5000   37.5000    0.0000 2765.4858   17.3890
    0.0000   37.5000    0.0000 2787.5332   17.4320
    7.5000   37.5000    0.0000 2727.7603   17.7174
   -7.5000   45.0000    0.0000 2707.9006   18.1311
    0.0000   45.0000    0.0000 2723.1541   18.1228
    7.5000   45.0000    0.0000 2672.1277   18.3983
   -7.5000   52.5000    0.0000 2586.8813   19.1051
    0.0000   52.5000    0.0000 2605.9382   19.0890
    7.5000   52.5000    0.0000 2562.3477   19.3174
   -7.5000  -37.5000    7.5000 1680.7914   40.0492
    0.0000  -37.5000    7.5000 1691.2388   40.1018
    7.5000  -37.5000    7.5000 1693.8558   41.3516
   -7.5000  -30.0000    7.5000 1853.8417   33.5312
    0.0000  -30.0000    7.5000 1869.2761   33.7020
    7.5000  -30.0000    7.5000 1860.3932   34.6100
   -7.5000  -22.5000    7.5000 2021.5452   28.5565
    0.0000  -22.5000    7.5000 2026.3821   28.7298
    7.5000  -22.5000    7.5000 2010.3384   29.4438
   -7.5000  -15.0000    7.5000 2182.5859   24.8694
    0.0000  -15.0000    7.5000 2190.2190   24.9745
    7.5000  -15.0000    7.5000 2165.3130   25.5570
   -7.5000   -7.5000    7.5000 2340.8005   22.0739
    0.0000   -7.5000    7.5000 2352.5676   22.0815
    7.5000   -7.5000    7.5000 2316.3586   22.6593
   -7.5000    0.0000    7.5000 2476.2664   19.9323
    0.0000    0.0000    7.5000 2489.5105   19.9134
    7.5000    0.0000    7.5000 2456.0381   20.4423
   -7.5000    7.5000    7.5000 2603.4658   18.3317
    0.0000    7.5000    7.5000 2626.7490   18.2973
    7.5000    7.5000    7.5000 2592.3064   18.7630
   -7.5000   15.0000    7.5000 2713.8726   17.1552
    0.0000   15.0000    7.5000 2741.7273   17.1181
    7.5000   15.0000    7.5000 2693.5330   17.5780
   -7.5000   22.5000    7.5000 2802.2097   16.5116
    0.0000   22.5000    7.5000 2827.5508   16.4881
    7.5000   22.5000    7.5000 2768.2090   16.8872
   -7.5000   30.0000    7.5000 2847.9485   16.4051
    0.0000   30.0000    7.5000 2871.6968   16.3878
    7.5000   30.0000    7.5000 2807.0742   16.7252
   -7.5000   37.5000    7.5000 2845.2356   16.7558
    0.0000   37.5000    7.5000 2861.6267   16.7461
    7.5000   37.5000    7.5000 2799.4270   17.0863
   -7.5000   45.0000    7.5000 2765.9177   17.5248
    0.0000   45.0000    7.5000 2781.1833   17.5551
    7.5000   45.0000    7.5000 2731.8533   17.8720
   -7.5000   52.5000    7.5000 2637.5769   18.5373
    0.0000   52.5000    7.5000 2654.2173   18.5105
    7.5000   52.5000    7.5000 2614.7200   18.8234
   -7.5000  -37.5000   15.0000 1676.2666   39.9261
    0.0000  -37.5000   15.0000 1690.9921   40.3288
    7.5000  -37.5000   15.0000 1686.6805   41.4758
   -7.5000  -30.0000   15.0000 1857.2091   33.4163
    0.0000  -30.0000   15.0000 1878.1471   33.6035
    7.5000  -30.0000   15.0000 1855.3910   34.5152
   -7.5000  -22.5000   15.0000 2028.5571   28.4210
    0.0000  -22.5000   15.0000 2034.9966   28.4224
    7.5000  -22.5000   15.0000 2006.2228   29.2109
   -7.5000  -15.0000   15.0000 2186.1318   24.6148
    0.0000  -15.0000   15.0000 2189.9763   24.5796
    7.5000  -15.0000   15.0000 2162.6726   25.3447
   -7.5000   -7.5000   15.0000 2337.9104   21.7169
    0.0000   -7.5000   15.0000 2350.1448   21.7031
    7.5000   -7.5000   15.0000 2318.3391   22.3911
   -7.5000    0.0000   15.0000 2472.8071   19.5785
    0.0000    0.0000   15.0000 2490.2463   19.5641
    7.5000    0.0000   15.0000 2455.7993   20.2256
   -7.5000    7.5000   15.0000 2608.6113   18.0273
    0.0000    7.5000   15.0000 2633.8145   18.0123
    7.5000    7.5000   15.0000 2600.8159   18.5670
   -7.5000   15.0000   15.0000 2735.1729   16.8227
    0.0000   15.0000   15.0000 2761.4846   16.7538
    7.5000   15.0000   15.0000 2710.4211   17.3174
   -7.5000   22.5000   15.0000 2839.5806   15.9234
    0.0000   22.5000   15.0000 2864.4800   15.8533
    7.5000   22.5000   15.0000 2795.4531   16.5333
   -7.5000   30.0000   15.0000 2889.9045   15.8414
    0.0000   30.0000   15.0000 2907.1140   15.7348
    7.5000   30.0000   15.0000 2841.4995   16.3872
   -7.5000   37.5000   15.0000 2890.0798   16.3800
    0.0000   37.5000   15.0000 2904.1692   16.2805
    7.5000   37.5000   15.0000 2841.0796   16.8225
   -7.5000   45.0000   15.0000 2800.6343   17.3155
    0.0000   45.0000   15.0000 2816.1321   17.2761
    7.5000   45.0000   15.0000 2768.6587   17.6661
   -7.5000   52.5000   15.0000 2659.6587   18.2810
    0.0000   52.5000   15.0000 2676.2222   18.2098
    7.5000   52.5000   15.0000 2634.8884   18.5489
   -7.5000  -37.5000   22.5000 1663.3608   40.5417
    0.0000  -37.5000   22.5000 1678.1140   40.7322
    7.5000  -37.5000   22.5000 1671.0142   42.1614
   -7.5000  -30.0000   22.5000 1846.1863   33.7677
    0.0000  -30.0000   22.5000 1861.1078   33.7641
    7.5000  -30.0000   22.5000 1838.0741   34.7488
   -7.5000  -22.5000   22.5000 2015.3993   28.5582
    0.0000  -22.5000   22.5000 2025.7438   28.5927
    7.5000  -22.5000   22.5000 1990.5554   29.3745
   -7.5000  -15.0000   22.5000 2172.3542   24.6028
    0.0000  -15.0000   22.5000 2183.6729   24.6619
    7.5000  -15.0000   22.5000 2149.8870   25.4717
   -7.5000   -7.5000   22.5000 2326.4739   21.6641
    0.0000   -7.5000   22.5000 2341.5046   21.7167
    7.5000   -7.5000   22.5000 2302.4346   22.4829
   -7.5000    0.0000   22.5000 2462.7019   19.5436
    0.0000    0.0000   22.5000 2483.3943   19.5576
    7.5000    0.0000   22.5000 2447.2864   20.2849
   -7.5000    7.5000   22.5000 2603.2100   18.0431
    0.0000    7.5000   22.5000 2625.6355   17.9893
    7.5000    7.5000   22.5000 2589.1152   18.6844
   -7.5000   15.0000   22.5000 2724.7878   16.8713
    0.0000   15.0000   22.5000 2749.2578   16.7635
    7.5000   15.0000   22.5000 2701.2207   17.4375
   -7.5000   22.5000   22.5000 2831.7644   16.0321
    0.0000   22.5000   22.5000 2852.4189   15.9226
    7.5000   22.5000   22.5000 2790.7217   16.6752
   -7.5000   30.0000   22.5000 2895.9688   15.9867
    0.0000   30.0000   22.5000 2911.5681   15.9179
    7.5000   30.0000   22.5000 2841.9829   16.5214
   -7.5000   37.5000   22.5000 2896.8389   16.4591
    0.0000   37.5000   22.5000 2908.9246   16.4075
    7.5000   37.5000   22.5000 2840.1741   16.8462
   -7.5000   45.0000   22.5000 2808.5674   17.3178
    0.0000   45.0000   22.5000 2825.9573   17.2912
    7.5000   45.0000   22.5000 2767.6965   17.6120
   -7.5000   52.5000   22.5000 2659.4407   18.2888
    0.0000   52.5000   22.5000 2671.3611   18.2256
    7.5000   52.5000   22.5000 2629.3315   18.5151
   -7.5000  -37.5000   30.0000 1636.9270   41.7674
    0.0000  -37.5000   30.0000 1644.4955   41.9483
    7.5000  -37.5000   30.0000 1629.9152   43.0123
   -7.5000  -30.0000   30.0000 1815.2659   34.5519
    0.0000  -30.0000   30.0000 1827.4764   34.6885
    7.5000  -30.0000   30.0000 1805.0675   35.6532
   -7.5000  -22.5000   30.0000 1988.4598   29.0311
    0.0000  -22.5000   30.0000 2000.8910   29.0988
    7.5000  -22.5000   30.0000 1962.2783   30.0423
   -7.5000  -15.0000   30.0000 2146.1086   24.9325
    0.0000  -15.0000   30.0000 2156.8687   24.9755
    7.5000  -15.0000   30.0000 2121.6882   25.8987
   -7.5000   -7.5000   30.0000 2302.8518   22.0162
    0.0000   -7.5000   30.0000 2317.7812   22.0794
    7.5000   -7.5000   30.0000 2278.0098   22.8864
   -7.5000    0.0000   30.0000 2435.6438   19.9631
    0.0000    0.0000   30.0000 2452.8679   19.9562
    7.5000    0.0000   30.0000 2419.0769   20.6699
   -7.5000    7.5000   30.0000 2575.5369   18.4903
    0.0000    7.5000   30.0000 2598.5667   18.5173
    7.5000    7.5000   30.0000 2555.9937   19.1105
   -7.5000   15.0000   30.0000 2694.5190   17.3443
    0.0000   15.0000   30.0000 2714.8494   17.3634
    7.5000   15.0000   30.0000 2664.5835   17.9948
   -7.5000   22.5000   30.0000 2796.1265   16.7123
    0.0000   22.5000   30.0000 2813.2522   16.7203
    7.5000   22.5000   30.0000 2753.8403   17.2552
   -7.5000   30.0000   30.0000 2839.0264   16.5503
    0.0000   30.0000   30.0000 2855.8625   16.5460
    7.5000   30.0000   30.0000 2797.2556   16.9726
   -7.5000   37.5000   30.0000 2830.0015   16.8437
    0.0000   37.5000   30.0000 2846.5291   16.8559
    7.5000   37.5000   30.0000 2788.7310   17.1670
   -7.5000   45.0000   30.0000 2769.5088   17.5045
    0.0000   45.0000   30.0000 2779.5876   17.5496
    7.5000   45.0000   30.0000 2726.0703   17.8240
   -7.5000   52.5000   30.0000 2626.4575   18.4470
    0.0000   52.5000   30.0000 2635.4844   18.4790
    7.5000   52.5000   30.0000 2592.4036   18.7957
   -7.5000  -37.5000   37.5000 1607.5479   43.4193
    0.0000  -37.5000   37.5000 1613.7961   43.5421
    7.5000  -37.5000   37.5000 1595.5521   44.6057
   -7.5000  -30.0000   37.5000 1775.1687   35.6255
    0.0000  -30.0000   37.5000 1788.3157   35.7320
    7.5000  -30.0000   37.5000 1764.9535   36.6962
   -7.5000  -22.5000   37.5000 1944.2510   29.8886
    0.0000  -22.5000   37.5000 1954.1349   29.9337
    7.5000  -22.5000   37.5000 1926.2488   30.8867
   -7.5000  -15.0000   37.5000 2110.8960   25.8076
    0.0000  -15.0000   37.5000 2127.9438   25.9271
    7.5000  -15.0000   37.5000 2092.5090   26.6844
   -7.5000   -7.5000   37.5000 2277.7327   22.9264
    0.0000   -7.5000   37.5000 2291.8032   23.0455
    7.5000   -7.5000   37.5000 2246.6404   23.6562
   -7.5000    0.0000   37.5000 2411.0273   20.9153
    0.0000    0.0000   37.5000 2429.1909   20.9755
    7.5000    0.0000   37.5000 2380.4070   21.4736
   -7.5000    7.5000   37.5000 2538.7461   19.3342
    0.0000    7.5000   37.5000 2556.4363   19.3902
    7.5000    7.5000   37.5000 2509.0278   19.9024
   -7.5000   15.0000   37.5000 2652.4944   18.2062
    0.0000   15.0000   37.5000 2670.3831   18.2823
    7.5000   15.0000   37.5000 2615.6907   18.7811
   -7.5000   22.5000   37.5000 2732.4116   17.6013
    0.0000   22.5000   37.5000 2747.9343   17.6305
    7.5000   22.5000   37.5000 2695.4897   18.0606
   -7.5000   30.0000   37.5000 2755.7375   17.3472
    0.0000   30.0000   37.5000 2769.7837   17.3389
    7.5000   30.0000   37.5000 2723.9465   17.7290
   -7.5000   37.5000   37.5000 2739.2290   17.4700
    0.0000   37.5000   37.5000 2753.3206   17.4483
    7.5000   37.5000   37.5000 2717.6025   17.8268
   -7.5000   45.0000   37.5000 2687.6685   18.0213
    0.0000   45.0000   37.5000 2701.1655   18.0837
    7.5000   45.0000   37.5000 2659.2366   18.4458
   -7.5000   52.5000   37.5000 2563.5759   18.8808
    0.0000   52.5000   37.5000 2578.3767   18.9928
    7.5000   52.5000   37.5000 2535.1121   19.3264
   -7.5000  -37.5000   45.0000 1565.4542   45.6284
    0.0000  -37.5000   45.0000 1575.7677   45.4945
    7.5000  -37.5000   45.0000 1552.7625   46.7307
   -7.5000  -30.0000   45.0000 1737.0752   37.3299
    0.0000  -30.0000   45.0000 1748.6016   37.4414
    7.5000  -30.0000   45.0000 1725.5844   38.5283
   -7.5000  -22.5000   45.0000 1905.4360   31.4781
    0.0000  -22.5000   45.0000 1919.2433   31.6329
    7.5000  -22.5000   45.0000 1883.2251   32.4249
   -7.5000  -15.0000   45.0000 2070.8235   27.3407
    0.0000  -15.0000   45.0000 2085.5056   27.4570
    7.5000  -15.0000   45.0000 2051.1934   28.0788
   -7.5000   -7.5000   45.0000 2235.3606   24.3567
    0.0000   -7.5000   45.0000 2243.1877   24.3743
    7.5000   -7.5000   45.0000 2201.3567   24.8605
   -7.5000    0.0000   45.0000 2365.2676   22.0886
    0.0000    0.0000   45.0000 2378.5564   22.1048
    7.5000    0.0000   45.0000 2331.5757   22.5572
   -7.5000    7.5000   45.0000 2484.2712   20.4513
    0.0000    7.5000   45.0000 2498.8767   20.4696
    7.5000    7.5000   45.0000 2447.0464   20.9216
   -7.5000   15.0000   45.0000 2589.4426   19.3197
    0.0000   15.0000   45.0000 2604.1570   19.3723
    7.5000   15.0000   45.0000 2550.6814   19.7972
   -7.5000   22.5000   45.0000 2652.9434   18.6981
    0.0000   22.5000   45.0000 2665.0508   18.7023
    7.5000   22.5000   45.0000 2617.6689   19.0837
   -7.5000   30.0000   45.0000 2667.9143   18.3893
    0.0000   30.0000   45.0000 2679.8022   18.3737
    7.5000   30.0000   45.0000 2638.0745   18.7091
   -7.5000   37.5000   45.0000 2647.4871   18.4143
    0.0000   37.5000   45.0000 2661.1831   18.4172
    7.5000   37.5000   45.0000 2628.0811   18.7732
   -7.5000   45.0000   45.0000 2592.0688   18.7638
    0.0000   45.0000   45.0000 2607.1833   18.8379
    7.5000   45.0000   45.0000 2566.7939   19.2776
   -7.5000   52.5000   45.0000 2485.4185   19.5782
    0.0000   52.5000   45.0000 2497.9072   19.6568
    7.5000   52.5000   45.0000 2457.4170   20.0612

---------------------------------------------------------------------
imgreg_4dfp /opt/freesurfer/average/711-2C_as_mni_average_305 /opt/freesurfer/average/711-2B_as_mni_average_305_mask talsrcimg_g11 none talsrcimg_to_711-2C_as_mni_average_305_t4 1283
---------------------------------------------------------------------

freesurfer imgreg_4dfp.c
/opt/freesurfer/average/711-2C_as_mni_average_305.4dfp.img
       256       256       256         1
  1.000000  1.000000  1.000000
orientation T byte_order littleendian
Reading image: /opt/freesurfer/average/711-2C_as_mni_average_305.4dfp.img
dimensions:      256       256       256
mmppix:       1.0000   -1.0000   -1.0000
center:     128.0000 -129.0000 -129.0000
/opt/freesurfer/average/711-2B_as_mni_average_305_mask.4dfp.img
       256       256       256         1
  1.000000  1.000000  1.000000
orientation T byte_order littleendian
Reading mask: /opt/freesurfer/average/711-2B_as_mni_average_305_mask.4dfp.img (2306576 pixels)
talsrcimg_g11.4dfp.img
       256       256       256         1
  1.000000  1.000000  1.000000
orientation T byte_order littleendian
Reading image: talsrcimg_g11.4dfp.img
dimensions:      256       256       256
mmppix:       1.0000   -1.0000   -1.0000
center:     128.0000 -129.0000 -129.0000
rotation matrix determinant  1.000000
fimgreg.f
image alignment mode   1283 decimal      503 hex
parameters
    0.0000   30.0000   22.5000    0.0000    0.0000    0.0000
eta,q 0.91425 15.83951
niter,ni,del,rscale     5    3   12.0000    1.2000
parameter  1  0.531204 ->  0.500000 qaram    1.1500
parameter  2 -0.583933 -> -0.500000 qaram    1.1500
parameter  3  0.560859 ->  0.500000 qaram    1.1500
parameter  4  0.658512 ->  0.500000 qaram    1.1500
parameter  6  1.823939 ->  0.500000 qaram    1.1500
parameters
   -3.4500   33.4500   19.0500   -3.4500    0.2122   -3.4500
eta,q 0.91850 15.72135
  0.0876  0.1049  0.0810  0.0820  0.0860  0.0794
  0.0861  0.0985  0.0824  0.0828  0.0846  0.0811
  0.0868  0.0912  0.0818  0.0830  0.0837  0.0822
  0.0883  0.0856  0.0810  0.0832  0.0829  0.0829
  0.0902  0.0819  0.0852  0.0838  0.0830  0.0839
  0.0928  0.0817  0.0905  0.0862  0.0841  0.0860
  0.0987  0.0850  0.0950  0.0889  0.0859  0.0887
niter,ni,del,rscale     7    3   12.0000    1.2000
parameter  6  0.503562 ->  0.500000 qaram    1.3225
parameters
   -2.7351   34.7370   15.8414   -5.5575    0.7772   -7.4175
eta,q 0.92410 15.90436
  0.0946  0.0957  0.0794  0.0803  0.0820  0.0775
  0.0885  0.0867  0.0779  0.0781  0.0808  0.0759
  0.0837  0.0832  0.0792  0.0777  0.0791  0.0761
  0.0815  0.0813  0.0809  0.0783  0.0777  0.0775
  0.0813  0.0811  0.0794  0.0798  0.0773  0.0788
  0.0845  0.0826  0.0817  0.0824  0.0786  0.0808
  0.0908  0.0871  0.0872  0.0855  0.0817  0.0834
niter,ni,del,rscale     7    3   12.0000    1.2000
parameters
   -2.9932   34.5579   17.0988   -5.5358    0.1968   -6.3394
eta,q 0.92346 15.84722
  0.0887  0.0901  0.0865  0.0824  0.0812  0.0846
  0.0827  0.0802  0.0787  0.0787  0.0790  0.0810
  0.0776  0.0756  0.0757  0.0765  0.0771  0.0780
  0.0759  0.0759  0.0757  0.0764  0.0764  0.0764
  0.0784  0.0784  0.0772  0.0776  0.0779  0.0775
  0.0832  0.0825  0.0769  0.0794  0.0805  0.0791
  0.0913  0.0899  0.0791  0.0815  0.0833  0.0809
niter,ni,del,rscale     6    3   12.0000    1.2000
parameters
   -2.8864   34.6026   16.8943   -5.1768    0.1440   -6.3440
eta,q 0.92355 15.87552
  0.0914  0.0907  0.0816  0.0829  0.0822  0.0827
  0.0845  0.0810  0.0764  0.0792  0.0799  0.0794
  0.0785  0.0773  0.0754  0.0767  0.0778  0.0768
  0.0765  0.0766  0.0766  0.0764  0.0764  0.0764
  0.0789  0.0791  0.0776  0.0771  0.0775  0.0782
  0.0834  0.0828  0.0771  0.0788  0.0799  0.0799
  0.0906  0.0884  0.0813  0.0813  0.0826  0.0820
niter,ni,del,rscale     5    3   12.0000    1.2000
parameters
   -2.8833   34.5133   16.8874   -5.0714    0.1034   -6.4070
eta,q 0.92359 15.86945
  0.0914  0.0895  0.0823  0.0824  0.0823  0.0827
  0.0846  0.0805  0.0765  0.0788  0.0800  0.0794
  0.0784  0.0770  0.0752  0.0766  0.0778  0.0768
  0.0764  0.0764  0.0764  0.0764  0.0764  0.0764
  0.0791  0.0790  0.0778  0.0772  0.0775  0.0783
  0.0842  0.0825  0.0772  0.0791  0.0799  0.0800
  0.0914  0.0885  0.0811  0.0815  0.0826  0.0821
niter,ni,del,rscale     4    3   12.0000    1.2000
parameters
   -2.8662   34.5004   16.8795   -5.0478    0.0841   -6.4361
eta,q 0.92359 15.86955
  0.0915  0.0898  0.0824  0.0822  0.0823  0.0827
  0.0847  0.0807  0.0765  0.0787  0.0800  0.0795
  0.0786  0.0771  0.0752  0.0765  0.0778  0.0769
  0.0764  0.0764  0.0764  0.0764  0.0764  0.0764
  0.0791  0.0789  0.0778  0.0772  0.0775  0.0782
  0.0842  0.0824  0.0772  0.0792  0.0799  0.0800
  0.0914  0.0883  0.0811  0.0816  0.0826  0.0821
registration optimization eta report
parameter search radius
    6.9000    6.9000    6.9000    6.9000    6.0000    7.9350
100000*second partial in parameter space
       31.       26.       12.       12.       16.        9.
  0.0915  0.0898  0.0824  0.0822  0.0823  0.0827
  0.0847  0.0807  0.0765  0.0787  0.0800  0.0795
  0.0786  0.0771  0.0752  0.0765  0.0778  0.0769
  0.0764  0.0764  0.0764  0.0764  0.0764  0.0764
  0.0791  0.0789  0.0778  0.0772  0.0775  0.0782
  0.0842  0.0824  0.0772  0.0792  0.0799  0.0800
  0.0914  0.0883  0.0811  0.0816  0.0826  0.0821
   -2.8662   34.5004   16.8795   -5.0478    0.0841   -6.4361
eta,q 0.92359 15.86955

---------------------------------------------------------------------
imgreg_4dfp /opt/freesurfer/average/711-2C_as_mni_average_305 /opt/freesurfer/average/711-2B_as_mni_average_305_mask talsrcimg_g11 none talsrcimg_to_711-2C_as_mni_average_305_t4 3335
---------------------------------------------------------------------

freesurfer imgreg_4dfp.c
/opt/freesurfer/average/711-2C_as_mni_average_305.4dfp.img
       256       256       256         1
  1.000000  1.000000  1.000000
orientation T byte_order littleendian
Reading image: /opt/freesurfer/average/711-2C_as_mni_average_305.4dfp.img
dimensions:      256       256       256
mmppix:       1.0000   -1.0000   -1.0000
center:     128.0000 -129.0000 -129.0000
/opt/freesurfer/average/711-2B_as_mni_average_305_mask.4dfp.img
       256       256       256         1
  1.000000  1.000000  1.000000
orientation T byte_order littleendian
Reading mask: /opt/freesurfer/average/711-2B_as_mni_average_305_mask.4dfp.img (2306576 pixels)
talsrcimg_g11.4dfp.img
       256       256       256         1
  1.000000  1.000000  1.000000
orientation T byte_order littleendian
Reading image: talsrcimg_g11.4dfp.img
dimensions:      256       256       256
mmppix:       1.0000   -1.0000   -1.0000
center:     128.0000 -129.0000 -129.0000
fimgreg.f
image alignment mode   3335 decimal      D07 hex
parameters
   -2.8662   34.5004   16.8795   -0.6304   -1.0171   -0.3879
   11.1789    0.8411  -11.2096    8.7595    0.1467   -8.7986
eta,q 0.92603 15.82429
niter,ni,del,rscale     5    3    5.0000    1.2000
parameter  4  4.873585 ->  0.500000 qaram    1.1500
parameter  5  2.998307 ->  0.500000 qaram    1.1500
parameter  6  2.454838 ->  0.500000 qaram    1.1500
parameter  7  0.622780 ->  0.500000 qaram    1.1500
parameters
   -2.2875   35.4376   17.2602   -4.7704   -5.1571   -4.5279
    7.0389    0.2231   -7.6783    7.0944   -1.1466   -8.3022
eta,q 0.95155 14.85602
  0.0765  0.0772  0.0749  0.0613  0.0524  0.0476  0.0499  0.0539  0.0540  0.0510  0.0498  0.0508
  0.0753  0.0758  0.0743  0.0647  0.0562  0.0496  0.0494  0.0513  0.0520  0.0494  0.0490  0.0496
  0.0745  0.0746  0.0739  0.0688  0.0606  0.0529  0.0495  0.0497  0.0504  0.0486  0.0485  0.0488
  0.0740  0.0739  0.0735  0.0734  0.0657  0.0573  0.0504  0.0494  0.0493  0.0487  0.0485  0.0484
  0.0739  0.0735  0.0734  0.0783  0.0716  0.0628  0.0518  0.0506  0.0488  0.0499  0.0490  0.0486
  0.0742  0.0737  0.0737  0.0833  0.0780  0.0683  0.0536  0.0528  0.0488  0.0520  0.0500  0.0492
  0.0749  0.0743  0.0744  0.0883  0.0846  0.0727  0.0558  0.0554  0.0494  0.0551  0.0513  0.0502
niter,ni,del,rscale     7    3    5.0000    1.2000
parameter  4  1.062546 ->  0.500000 qaram    1.3225
parameter  5  1.420690 ->  0.500000 qaram    1.3225
parameter  6  0.559099 ->  0.500000 qaram    1.3225
parameters
   -2.3742   35.2328   16.6629   -9.5314   -9.9181   -9.2889
    6.8887    1.1784   -7.8151    6.0737    0.0031   -9.2968
eta,q 0.96347 13.98753
  0.0519  0.0507  0.0496  0.0426  0.0359  0.0373  0.0397  0.0424  0.0390  0.0392  0.0381  0.0376
  0.0500  0.0493  0.0487  0.0434  0.0377  0.0368  0.0382  0.0397  0.0377  0.0376  0.0374  0.0369
  0.0488  0.0486  0.0483  0.0451  0.0403  0.0370  0.0371  0.0378  0.0369  0.0368  0.0369  0.0366
  0.0484  0.0484  0.0484  0.0483  0.0437  0.0384  0.0368  0.0368  0.0367  0.0367  0.0366  0.0366
  0.0490  0.0489  0.0491  0.0528  0.0482  0.0416  0.0372  0.0368  0.0370  0.0374  0.0366  0.0369
  0.0503  0.0500  0.0502  0.0586  0.0538  0.0469  0.0383  0.0379  0.0379  0.0390  0.0369  0.0375
  0.0524  0.0516  0.0517  0.0646  0.0602  0.0537  0.0400  0.0402  0.0391  0.0412  0.0374  0.0383
niter,ni,del,rscale     7    3    5.0000    1.2000
parameter  4  0.503403 ->  0.500000 qaram    1.5209
parameter  5  1.448604 ->  0.500000 qaram    1.5209
parameter 12  0.512303 ->  0.500000 qaram    1.1500
parameters
   -2.5324   34.9366   16.6489  -15.0066  -15.3932  -11.7337
    7.3190    1.4998   -7.3286    5.0192    0.8849  -13.4368
eta,q 0.96840 13.22348
  0.0395  0.0383  0.0382  0.0361  0.0293  0.0337  0.0351  0.0364  0.0345  0.0341  0.0329  0.0319
  0.0378  0.0372  0.0373  0.0356  0.0316  0.0326  0.0335  0.0341  0.0332  0.0327  0.0324  0.0316
  0.0367  0.0366  0.0367  0.0358  0.0333  0.0320  0.0324  0.0325  0.0323  0.0321  0.0321  0.0316
  0.0365  0.0365  0.0365  0.0365  0.0356  0.0321  0.0320  0.0320  0.0320  0.0319  0.0319  0.0319
  0.0371  0.0369  0.0367  0.0382  0.0385  0.0328  0.0322  0.0324  0.0321  0.0327  0.0319  0.0324
  0.0384  0.0379  0.0372  0.0416  0.0426  0.0348  0.0331  0.0337  0.0328  0.0340  0.0322  0.0330
  0.0403  0.0395  0.0383  0.0467  0.0480  0.0385  0.0345  0.0357  0.0339  0.0356  0.0326  0.0338
niter,ni,del,rscale     7    3    5.0000    1.2000
parameter  5  0.759599 ->  0.500000 qaram    1.7490
parameters
   -2.3764   34.0110   16.2061  -15.5089  -21.6897  -10.5891
    7.4880    1.4869   -7.6206    6.7833   -0.0221  -11.6051
eta,q 0.97282 13.09197
  0.0352  0.0322  0.0322  0.0350  0.0287  0.0317  0.0313  0.0319  0.0298  0.0331  0.0279  0.0300
  0.0333  0.0313  0.0314  0.0328  0.0277  0.0298  0.0293  0.0296  0.0286  0.0307  0.0275  0.0288
  0.0321  0.0311  0.0311  0.0314  0.0286  0.0285  0.0281  0.0281  0.0278  0.0289  0.0273  0.0279
  0.0316  0.0316  0.0311  0.0311  0.0311  0.0278  0.0277  0.0277  0.0277  0.0277  0.0273  0.0273
  0.0318  0.0325  0.0315  0.0317  0.0342  0.0277  0.0281  0.0282  0.0280  0.0273  0.0275  0.0272
  0.0327  0.0338  0.0323  0.0331  0.0378  0.0283  0.0292  0.0296  0.0289  0.0281  0.0278  0.0276
  0.0344  0.0355  0.0333  0.0359  0.0428  0.0305  0.0310  0.0318  0.0301  0.0297  0.0283  0.0284
niter,ni,del,rscale     7    3    5.0000    1.2000
parameter  3 -0.536586 -> -0.500000 qaram    1.1500
parameters
   -2.3193   33.9065   17.5861  -14.7647  -23.6797   -9.9840
    7.5293    1.3150   -7.5404    6.3383   -0.7379  -10.7874
eta,q 0.97355 13.06337
  0.0306  0.0301  0.0302  0.0314  0.0328  0.0315  0.0301  0.0306  0.0290  0.0303  0.0272  0.0291
  0.0288  0.0284  0.0290  0.0290  0.0299  0.0294  0.0282  0.0283  0.0276  0.0283  0.0268  0.0278
  0.0276  0.0274  0.0279  0.0274  0.0274  0.0278  0.0269  0.0269  0.0268  0.0269  0.0265  0.0269
  0.0272  0.0272  0.0272  0.0267  0.0267  0.0266  0.0265  0.0265  0.0265  0.0265  0.0265  0.0265
  0.0275  0.0277  0.0268  0.0270  0.0295  0.0265  0.0269  0.0271  0.0268  0.0273  0.0267  0.0266
  0.0285  0.0289  0.0267  0.0281  0.0336  0.0282  0.0282  0.0287  0.0276  0.0290  0.0270  0.0272
  0.0303  0.0306  0.0271  0.0304  0.0374  0.0309  0.0300  0.0309  0.0288  0.0313  0.0276  0.0282
niter,ni,del,rscale     7    3    5.0000    1.2000
parameters
   -2.3819   33.9193   17.7571  -14.5551  -24.1111   -9.9128
    7.5138    1.3088   -7.4341    6.1518   -0.7734  -10.6009
eta,q 0.97350 13.05132
  0.0295  0.0297  0.0288  0.0307  0.0340  0.0312  0.0300  0.0308  0.0290  0.0306  0.0274  0.0288
  0.0278  0.0279  0.0276  0.0284  0.0310  0.0292  0.0281  0.0285  0.0277  0.0284  0.0269  0.0276
  0.0268  0.0268  0.0268  0.0269  0.0283  0.0276  0.0269  0.0269  0.0268  0.0270  0.0266  0.0268
  0.0265  0.0265  0.0265  0.0264  0.0264  0.0265  0.0265  0.0265  0.0265  0.0265  0.0265  0.0265
  0.0269  0.0269  0.0266  0.0268  0.0277  0.0267  0.0269  0.0271  0.0268  0.0272  0.0266  0.0268
  0.0280  0.0280  0.0272  0.0280  0.0316  0.0288  0.0282  0.0285  0.0276  0.0288  0.0269  0.0275
  0.0299  0.0296  0.0284  0.0305  0.0354  0.0315  0.0300  0.0308  0.0288  0.0310  0.0274  0.0285
niter,ni,del,rscale     6    3    5.0000    1.2000
parameters
   -2.3969   33.9282   17.8190  -14.5551  -24.2038   -9.9117
    7.4925    1.2963   -7.4162    6.0960   -0.7907  -10.5409
eta,q 0.97348 13.04460
  0.0297  0.0297  0.0287  0.0306  0.0343  0.0311  0.0300  0.0309  0.0289  0.0307  0.0275  0.0287
  0.0279  0.0279  0.0276  0.0283  0.0313  0.0292  0.0281  0.0285  0.0276  0.0285  0.0269  0.0275
  0.0269  0.0268  0.0268  0.0269  0.0285  0.0275  0.0269  0.0270  0.0268  0.0271  0.0266  0.0268
  0.0265  0.0265  0.0265  0.0265  0.0265  0.0265  0.0265  0.0265  0.0265  0.0265  0.0265  0.0265
  0.0269  0.0269  0.0267  0.0269  0.0275  0.0267  0.0270  0.0271  0.0268  0.0271  0.0266  0.0268
  0.0280  0.0280  0.0273  0.0281  0.0312  0.0288  0.0282  0.0286  0.0277  0.0287  0.0269  0.0275
  0.0298  0.0296  0.0286  0.0307  0.0350  0.0316  0.0300  0.0308  0.0288  0.0308  0.0274  0.0286
niter,ni,del,rscale     5    3    5.0000    1.2000
parameters
   -2.4008   33.9310   17.8362  -14.5563  -24.2204   -9.9178
    7.4883    1.2934   -7.4090    6.0798   -0.7874  -10.5167
eta,q 0.97348 13.04287
  0.0297  0.0297  0.0287  0.0306  0.0344  0.0311  0.0301  0.0309  0.0289  0.0308  0.0275  0.0287
  0.0280  0.0279  0.0275  0.0284  0.0313  0.0292  0.0282  0.0285  0.0276  0.0286  0.0269  0.0275
  0.0269  0.0269  0.0268  0.0269  0.0286  0.0275  0.0269  0.0270  0.0268  0.0271  0.0266  0.0268
  0.0265  0.0265  0.0265  0.0265  0.0265  0.0265  0.0265  0.0265  0.0265  0.0265  0.0265  0.0265
  0.0269  0.0269  0.0267  0.0269  0.0274  0.0267  0.0270  0.0271  0.0268  0.0271  0.0266  0.0268
  0.0280  0.0280  0.0274  0.0281  0.0311  0.0289  0.0282  0.0286  0.0277  0.0286  0.0269  0.0276
  0.0298  0.0296  0.0287  0.0307  0.0349  0.0316  0.0300  0.0308  0.0289  0.0308  0.0274  0.0286
registration optimization eta report
parameter search radius
    2.4000    2.4000    2.7600   10.9503   12.5928    9.5220
    8.2800    7.2000    7.2000    7.2000    7.2000    8.2800
100000*second partial in parameter space
       56.       54.       28.        3.        5.        5.
        5.        8.        5.        8.        2.        3.
  0.0297  0.0297  0.0287  0.0306  0.0344  0.0311  0.0301  0.0309  0.0289  0.0308  0.0275  0.0287
  0.0280  0.0279  0.0275  0.0284  0.0313  0.0292  0.0282  0.0285  0.0276  0.0286  0.0269  0.0275
  0.0269  0.0269  0.0268  0.0269  0.0286  0.0275  0.0269  0.0270  0.0268  0.0271  0.0266  0.0268
  0.0265  0.0265  0.0265  0.0265  0.0265  0.0265  0.0265  0.0265  0.0265  0.0265  0.0265  0.0265
  0.0269  0.0269  0.0267  0.0269  0.0274  0.0267  0.0270  0.0271  0.0268  0.0271  0.0266  0.0268
  0.0280  0.0280  0.0274  0.0281  0.0311  0.0289  0.0282  0.0286  0.0277  0.0286  0.0269  0.0276
  0.0298  0.0296  0.0287  0.0307  0.0349  0.0316  0.0300  0.0308  0.0289  0.0308  0.0274  0.0286
   -2.4008   33.9310   17.8362  -14.5563  -24.2204   -9.9178
    7.4883    1.2934   -7.4090    6.0798   -0.7874  -10.5167
eta,q 0.97348 13.04287

---------------------------------------------------------------------
imgreg_4dfp /opt/freesurfer/average/711-2C_as_mni_average_305 /opt/freesurfer/average/711-2B_as_mni_average_305_mask talsrcimg_g11 none talsrcimg_to_711-2C_as_mni_average_305_t4 2311
---------------------------------------------------------------------

freesurfer imgreg_4dfp.c
/opt/freesurfer/average/711-2C_as_mni_average_305.4dfp.img
       256       256       256         1
  1.000000  1.000000  1.000000
orientation T byte_order littleendian
Reading image: /opt/freesurfer/average/711-2C_as_mni_average_305.4dfp.img
dimensions:      256       256       256
mmppix:       1.0000   -1.0000   -1.0000
center:     128.0000 -129.0000 -129.0000
/opt/freesurfer/average/711-2B_as_mni_average_305_mask.4dfp.img
       256       256       256         1
  1.000000  1.000000  1.000000
orientation T byte_order littleendian
Reading mask: /opt/freesurfer/average/711-2B_as_mni_average_305_mask.4dfp.img (2306576 pixels)
talsrcimg_g11.4dfp.img
       256       256       256         1
  1.000000  1.000000  1.000000
orientation T byte_order littleendian
Reading image: talsrcimg_g11.4dfp.img
dimensions:      256       256       256
mmppix:       1.0000   -1.0000   -1.0000
center:     128.0000 -129.0000 -129.0000
fimgreg.f
image alignment mode   2311 decimal      907 hex
parameters
   -2.4008   33.9310   17.8362  -14.5563  -24.2204   -9.9178
    7.4883    1.2934   -7.4090    6.0798   -0.7874  -10.5167
eta,q 0.97348 13.04287
niter,ni,del,rscale     5    3    5.0000    0.8000
parameters
   -2.3871   33.8971   17.9205  -14.5188  -23.3370   -9.4113
    7.3688    1.1791   -7.4736    6.0044   -0.8733  -10.6115
eta,q 0.97368 13.10251
  0.0280  0.0279  0.0273  0.0273  0.0290  0.0281  0.0276  0.0283  0.0275  0.0285  0.0268  0.0271
  0.0272  0.0271  0.0269  0.0268  0.0280  0.0274  0.0269  0.0272  0.0268  0.0273  0.0265  0.0267
  0.0267  0.0267  0.0266  0.0266  0.0271  0.0268  0.0264  0.0265  0.0264  0.0266  0.0264  0.0264
  0.0265  0.0265  0.0265  0.0265  0.0265  0.0264  0.0263  0.0263  0.0263  0.0263  0.0263  0.0263
  0.0267  0.0267  0.0266  0.0266  0.0264  0.0263  0.0265  0.0266  0.0265  0.0266  0.0264  0.0264
  0.0271  0.0272  0.0268  0.0269  0.0268  0.0267  0.0270  0.0273  0.0269  0.0274  0.0265  0.0267
  0.0279  0.0280  0.0272  0.0272  0.0278  0.0277  0.0277  0.0285  0.0276  0.0286  0.0268  0.0272
niter,ni,del,rscale     4    3    5.0000    0.7000
parameters
   -2.4083   33.8103   17.8832  -14.6582  -23.3069   -9.2638
    7.3585    1.1526   -7.4752    6.0064   -0.8929  -10.6170
eta,q 0.97370 13.10357
  0.0274  0.0274  0.0269  0.0269  0.0279  0.0276  0.0273  0.0279  0.0272  0.0281  0.0266  0.0270
  0.0268  0.0268  0.0266  0.0265  0.0272  0.0270  0.0267  0.0270  0.0267  0.0272  0.0265  0.0266
  0.0264  0.0264  0.0264  0.0264  0.0266  0.0265  0.0264  0.0265  0.0264  0.0265  0.0263  0.0264
  0.0263  0.0263  0.0263  0.0263  0.0263  0.0263  0.0263  0.0263  0.0263  0.0263  0.0263  0.0263
  0.0265  0.0265  0.0264  0.0264  0.0265  0.0263  0.0264  0.0265  0.0264  0.0265  0.0263  0.0264
  0.0269  0.0270  0.0266  0.0266  0.0270  0.0267  0.0268  0.0271  0.0267  0.0271  0.0265  0.0266
  0.0275  0.0277  0.0270  0.0269  0.0280  0.0276  0.0273  0.0279  0.0272  0.0281  0.0267  0.0270
niter,ni,del,rscale     3    3    5.0000    0.6000
parameters
   -2.4061   33.8005   17.9018  -14.7164  -23.2846   -9.1612
    7.3384    1.1215   -7.4852    6.0048   -0.8840  -10.6530
eta,q 0.97371 13.10417
  0.0271  0.0272  0.0268  0.0267  0.0275  0.0273  0.0270  0.0275  0.0270  0.0276  0.0266  0.0268
  0.0267  0.0267  0.0265  0.0265  0.0269  0.0268  0.0266  0.0268  0.0266  0.0269  0.0264  0.0265
  0.0264  0.0264  0.0264  0.0263  0.0265  0.0265  0.0264  0.0264  0.0264  0.0265  0.0263  0.0263
  0.0263  0.0263  0.0263  0.0263  0.0263  0.0263  0.0263  0.0263  0.0263  0.0263  0.0263  0.0263
  0.0264  0.0264  0.0263  0.0264  0.0264  0.0263  0.0264  0.0264  0.0264  0.0264  0.0263  0.0264
  0.0267  0.0267  0.0265  0.0265  0.0268  0.0266  0.0266  0.0269  0.0266  0.0269  0.0264  0.0265
  0.0271  0.0272  0.0267  0.0267  0.0276  0.0273  0.0270  0.0275  0.0270  0.0277  0.0265  0.0268
niter,ni,del,rscale     2    3    5.0000    0.5000
parameters
   -2.4066   33.7951   17.9151  -14.7732  -23.2576   -9.0593
    7.3305    1.0896   -7.4898    6.0099   -0.8994  -10.6748
eta,q 0.97372 13.10516
  0.0269  0.0269  0.0266  0.0266  0.0272  0.0270  0.0268  0.0271  0.0268  0.0273  0.0265  0.0266
  0.0266  0.0266  0.0264  0.0264  0.0267  0.0266  0.0265  0.0266  0.0265  0.0267  0.0264  0.0264
  0.0264  0.0264  0.0263  0.0263  0.0264  0.0264  0.0263  0.0264  0.0263  0.0264  0.0263  0.0263
  0.0263  0.0263  0.0263  0.0263  0.0263  0.0263  0.0263  0.0263  0.0263  0.0263  0.0263  0.0263
  0.0264  0.0264  0.0263  0.0263  0.0264  0.0263  0.0263  0.0264  0.0263  0.0264  0.0263  0.0263
  0.0266  0.0266  0.0264  0.0264  0.0267  0.0265  0.0265  0.0267  0.0265  0.0267  0.0264  0.0264
  0.0269  0.0269  0.0266  0.0266  0.0272  0.0270  0.0268  0.0271  0.0268  0.0273  0.0265  0.0266
niter,ni,del,rscale     1    3    5.0000    0.4000
parameters
   -2.4063   33.7896   17.9308  -14.8226  -23.2460   -8.9725
    7.3291    1.0653   -7.4971    6.0256   -0.8959  -10.7267
eta,q 0.97372 13.10562
  0.0267  0.0267  0.0265  0.0265  0.0269  0.0267  0.0266  0.0268  0.0266  0.0269  0.0264  0.0265
  0.0265  0.0265  0.0264  0.0264  0.0266  0.0265  0.0264  0.0265  0.0264  0.0266  0.0263  0.0264
  0.0263  0.0263  0.0263  0.0263  0.0264  0.0264  0.0263  0.0263  0.0263  0.0264  0.0263  0.0263
  0.0263  0.0263  0.0263  0.0263  0.0263  0.0263  0.0263  0.0263  0.0263  0.0263  0.0263  0.0263
  0.0263  0.0263  0.0263  0.0263  0.0263  0.0263  0.0263  0.0263  0.0263  0.0263  0.0263  0.0263
  0.0265  0.0265  0.0264  0.0264  0.0265  0.0264  0.0264  0.0265  0.0264  0.0266  0.0263  0.0264
  0.0267  0.0267  0.0265  0.0265  0.0269  0.0267  0.0266  0.0268  0.0266  0.0269  0.0264  0.0265
registration optimization eta report
parameter search radius
    0.8000    0.8000    0.8000    2.4000    2.4000    2.4000
    2.4000    2.4000    2.4000    2.4000    2.4000    2.4000
100000*second partial in parameter space
       59.       65.       33.        3.       10.        8.
        6.        9.        6.       11.        2.        4.
  0.0267  0.0267  0.0265  0.0265  0.0269  0.0267  0.0266  0.0268  0.0266  0.0269  0.0264  0.0265
  0.0265  0.0265  0.0264  0.0264  0.0266  0.0265  0.0264  0.0265  0.0264  0.0266  0.0263  0.0264
  0.0263  0.0263  0.0263  0.0263  0.0264  0.0264  0.0263  0.0263  0.0263  0.0264  0.0263  0.0263
  0.0263  0.0263  0.0263  0.0263  0.0263  0.0263  0.0263  0.0263  0.0263  0.0263  0.0263  0.0263
  0.0263  0.0263  0.0263  0.0263  0.0263  0.0263  0.0263  0.0263  0.0263  0.0263  0.0263  0.0263
  0.0265  0.0265  0.0264  0.0264  0.0265  0.0264  0.0264  0.0265  0.0264  0.0266  0.0263  0.0264
  0.0267  0.0267  0.0265  0.0265  0.0269  0.0267  0.0266  0.0268  0.0266  0.0269  0.0264  0.0265
   -2.4063   33.7896   17.9308  -14.8226  -23.2460   -8.9725
    7.3291    1.0653   -7.4971    6.0256   -0.8959  -10.7267
eta,q 0.97372 13.10562

---------------------------------------------------------------------
imgreg_4dfp /opt/freesurfer/average/711-2C_as_mni_average_305 /opt/freesurfer/average/711-2B_as_mni_average_305_mask talsrcimg_g11 none talsrcimg_to_711-2C_as_mni_average_305_t4 2311
---------------------------------------------------------------------

freesurfer imgreg_4dfp.c
/opt/freesurfer/average/711-2C_as_mni_average_305.4dfp.img
       256       256       256         1
  1.000000  1.000000  1.000000
orientation T byte_order littleendian
Reading image: /opt/freesurfer/average/711-2C_as_mni_average_305.4dfp.img
dimensions:      256       256       256
mmppix:       1.0000   -1.0000   -1.0000
center:     128.0000 -129.0000 -129.0000
/opt/freesurfer/average/711-2B_as_mni_average_305_mask.4dfp.img
       256       256       256         1
  1.000000  1.000000  1.000000
orientation T byte_order littleendian
Reading mask: /opt/freesurfer/average/711-2B_as_mni_average_305_mask.4dfp.img (2306576 pixels)
talsrcimg_g11.4dfp.img
       256       256       256         1
  1.000000  1.000000  1.000000
orientation T byte_order littleendian
Reading image: talsrcimg_g11.4dfp.img
dimensions:      256       256       256
mmppix:       1.0000   -1.0000   -1.0000
center:     128.0000 -129.0000 -129.0000
fimgreg.f
image alignment mode   2311 decimal      907 hex
parameters
   -2.4063   33.7896   17.9308  -14.8226  -23.2460   -8.9725
    7.3291    1.0653   -7.4971    6.0256   -0.8959  -10.7267
eta,q 0.97372 13.10562
niter,ni,del,rscale     5    3    5.0000    0.8000
parameters
   -2.4158   33.7946   17.8814  -14.6669  -23.4462   -9.2961
    7.3689    1.1728   -7.4645    6.0190   -0.8928  -10.6036
eta,q 0.97369 13.09658
  0.0278  0.0279  0.0271  0.0271  0.0281  0.0277  0.0276  0.0285  0.0275  0.0286  0.0268  0.0272
  0.0269  0.0270  0.0266  0.0266  0.0272  0.0270  0.0269  0.0273  0.0269  0.0274  0.0265  0.0267
  0.0264  0.0265  0.0264  0.0264  0.0266  0.0265  0.0265  0.0266  0.0264  0.0266  0.0264  0.0264
  0.0263  0.0263  0.0263  0.0263  0.0263  0.0263  0.0263  0.0263  0.0263  0.0263  0.0263  0.0263
  0.0265  0.0265  0.0264  0.0264  0.0265  0.0264  0.0265  0.0265  0.0265  0.0266  0.0264  0.0264
  0.0270  0.0270  0.0267  0.0266  0.0273  0.0272  0.0269  0.0272  0.0269  0.0274  0.0265  0.0267
  0.0278  0.0279  0.0272  0.0270  0.0286  0.0284  0.0276  0.0283  0.0275  0.0286  0.0268  0.0271
niter,ni,del,rscale     4    3    5.0000    0.7000
parameters
   -2.4050   33.8119   17.9005  -14.6639  -23.3467   -9.2556
    7.3596    1.1515   -7.4737    5.9990   -0.9058  -10.6106
eta,q 0.97370 13.10121
  0.0275  0.0276  0.0269  0.0269  0.0280  0.0276  0.0273  0.0279  0.0272  0.0281  0.0267  0.0270
  0.0268  0.0269  0.0266  0.0266  0.0272  0.0270  0.0267  0.0270  0.0267  0.0271  0.0265  0.0266
  0.0264  0.0265  0.0264  0.0264  0.0266  0.0265  0.0264  0.0265  0.0264  0.0265  0.0263  0.0264
  0.0263  0.0263  0.0263  0.0263  0.0263  0.0263  0.0263  0.0263  0.0263  0.0263  0.0263  0.0263
  0.0264  0.0264  0.0264  0.0264  0.0264  0.0263  0.0264  0.0265  0.0264  0.0265  0.0263  0.0264
  0.0268  0.0269  0.0266  0.0266  0.0270  0.0268  0.0268  0.0271  0.0267  0.0272  0.0265  0.0266
  0.0274  0.0275  0.0269  0.0269  0.0279  0.0277  0.0273  0.0279  0.0272  0.0281  0.0267  0.0270
niter,ni,del,rscale     3    3    5.0000    0.6000
parameters
   -2.4063   33.8024   17.9094  -14.7067  -23.2920   -9.1615
    7.3406    1.1196   -7.4798    6.0009   -0.9001  -10.6495
eta,q 0.97371 13.10412
  0.0271  0.0272  0.0267  0.0267  0.0275  0.0273  0.0270  0.0275  0.0270  0.0276  0.0266  0.0268
  0.0267  0.0267  0.0265  0.0265  0.0269  0.0268  0.0266  0.0268  0.0266  0.0269  0.0264  0.0265
  0.0264  0.0264  0.0264  0.0263  0.0265  0.0265  0.0264  0.0264  0.0264  0.0265  0.0263  0.0263
  0.0263  0.0263  0.0263  0.0263  0.0263  0.0263  0.0263  0.0263  0.0263  0.0263  0.0263  0.0263
  0.0264  0.0264  0.0263  0.0264  0.0264  0.0263  0.0264  0.0265  0.0264  0.0264  0.0263  0.0264
  0.0267  0.0267  0.0265  0.0265  0.0268  0.0266  0.0266  0.0269  0.0266  0.0269  0.0264  0.0265
  0.0271  0.0272  0.0267  0.0267  0.0275  0.0273  0.0270  0.0275  0.0270  0.0277  0.0266  0.0268
niter,ni,del,rscale     2    3    5.0000    0.5000
parameters
   -2.4051   33.7960   17.9140  -14.7671  -23.2597   -9.0631
    7.3267    1.0889   -7.4922    6.0117   -0.9062  -10.6932
eta,q 0.97372 13.10533
  0.0269  0.0269  0.0266  0.0266  0.0272  0.0270  0.0268  0.0271  0.0268  0.0273  0.0265  0.0266
  0.0266  0.0266  0.0264  0.0264  0.0267  0.0266  0.0265  0.0266  0.0265  0.0268  0.0264  0.0264
  0.0264  0.0264  0.0263  0.0263  0.0264  0.0264  0.0263  0.0264  0.0263  0.0264  0.0263  0.0263
  0.0263  0.0263  0.0263  0.0263  0.0263  0.0263  0.0263  0.0263  0.0263  0.0263  0.0263  0.0263
  0.0264  0.0264  0.0263  0.0263  0.0264  0.0263  0.0263  0.0264  0.0263  0.0264  0.0263  0.0263
  0.0266  0.0266  0.0264  0.0264  0.0267  0.0265  0.0265  0.0267  0.0265  0.0267  0.0264  0.0265
  0.0269  0.0269  0.0266  0.0266  0.0272  0.0270  0.0268  0.0271  0.0268  0.0273  0.0265  0.0266
niter,ni,del,rscale     1    3    5.0000    0.4000
parameters
   -2.4069   33.7908   17.9296  -14.8123  -23.2456   -8.9755
    7.3316    1.0671   -7.4984    6.0307   -0.9025  -10.7216
eta,q 0.97372 13.10630
  0.0267  0.0267  0.0265  0.0265  0.0269  0.0267  0.0266  0.0268  0.0266  0.0269  0.0264  0.0265
  0.0265  0.0265  0.0264  0.0264  0.0266  0.0265  0.0264  0.0265  0.0264  0.0266  0.0263  0.0264
  0.0263  0.0263  0.0263  0.0263  0.0264  0.0264  0.0263  0.0263  0.0263  0.0264  0.0263  0.0263
  0.0263  0.0263  0.0263  0.0263  0.0263  0.0263  0.0263  0.0263  0.0263  0.0263  0.0263  0.0263
  0.0263  0.0263  0.0263  0.0263  0.0263  0.0263  0.0263  0.0263  0.0263  0.0263  0.0263  0.0263
  0.0265  0.0265  0.0264  0.0264  0.0265  0.0264  0.0264  0.0265  0.0264  0.0266  0.0263  0.0264
  0.0267  0.0267  0.0265  0.0265  0.0269  0.0267  0.0266  0.0268  0.0266  0.0269  0.0264  0.0265
registration optimization eta report
parameter search radius
    0.8000    0.8000    0.8000    2.4000    2.4000    2.4000
    2.4000    2.4000    2.4000    2.4000    2.4000    2.4000
100000*second partial in parameter space
       59.       65.       32.        3.       10.        8.
        6.        9.        6.       11.        2.        4.
  0.0267  0.0267  0.0265  0.0265  0.0269  0.0267  0.0266  0.0268  0.0266  0.0269  0.0264  0.0265
  0.0265  0.0265  0.0264  0.0264  0.0266  0.0265  0.0264  0.0265  0.0264  0.0266  0.0263  0.0264
  0.0263  0.0263  0.0263  0.0263  0.0264  0.0264  0.0263  0.0263  0.0263  0.0264  0.0263  0.0263
  0.0263  0.0263  0.0263  0.0263  0.0263  0.0263  0.0263  0.0263  0.0263  0.0263  0.0263  0.0263
  0.0263  0.0263  0.0263  0.0263  0.0263  0.0263  0.0263  0.0263  0.0263  0.0263  0.0263  0.0263
  0.0265  0.0265  0.0264  0.0264  0.0265  0.0264  0.0264  0.0265  0.0264  0.0266  0.0263  0.0264
  0.0267  0.0267  0.0265  0.0265  0.0269  0.0267  0.0266  0.0268  0.0266  0.0269  0.0264  0.0265
   -2.4069   33.7908   17.9296  -14.8123  -23.2456   -8.9755
    7.3316    1.0671   -7.4984    6.0307   -0.9025  -10.7216
eta,q 0.97372 13.10630

---------------------------------------------------------------------
compute_vox2vox talsrcimg talsrcimg_to_711-2C_as_mni_average_305_t4 /opt/freesurfer/average/711-2C_as_mni_average_305
---------------------------------------------------------------------

freesurfer compute_vox2vox.c
Reading: talsrcimg.4dfp.ifh
Reading: talsrcimg_to_711-2C_as_mni_average_305_t4
Reading: /opt/freesurfer/average/711-2C_as_mni_average_305.4dfp.ifh
Writing: talsrcimg_to_711-2C_as_mni_average_305_t4_vox2vox.txt

start time Sun Mar 8 23:54:33 CET 2026
end		time Sun Mar 8 23:54:47 CET 2026

mpr2mni305 success

avi2talxfm orig_nu.mgz /opt/freesurfer/average/mni305.cor.mgz talsrcimg_to_711-2C_as_mni_average_305_t4_vox2vox.txt transforms/talairach.auto.xfm
avi2talxfm done
mv -f /out/sourcedata/freesurfer/sub-v1s16x0051188_ses-1/mri/talsrcimg_to_711-2C_as_mni_average_305_t4_vox2vox.txt /out/sourcedata/freesurfer/sub-v1s16x0051188_ses-1/mri/transforms/talsrcimg_to_711-2C_as_mni_average_305_t4_vox2vox.txt
lta_convert --src orig_nu.mgz --trg /opt/freesurfer/average/mni305.cor.mgz --inxfm transforms/talairach.auto.xfm --outlta transforms/talairach.auto.xfm.lta --subject fsaverage
7.3.2

--src: orig_nu.mgz src image (geometry).
--trg: /opt/freesurfer/average/mni305.cor.mgz trg image (geometry).
--inmni: transforms/talairach.auto.xfm input MNI/XFM transform.
--outlta: transforms/talairach.auto.xfm.lta output LTA.
--s: fsaverage subject name
 LTA read, type : 1
 1.16395  -0.00622  -0.11205   6.45358;
 0.02471   1.08840   0.14967  -15.47147;
 0.11177  -0.08613   1.28015  -45.86359;
 0.00000   0.00000   0.00000   1.00000;
setting subject to fsaverage
Writing  LTA to file transforms/talairach.auto.xfm.lta...
lta_convert successful.
 
 
Started at Sun Mar 8 23:54:33 CET 2026
Ended   at Sun Mar  8 23:54:47 CET 2026
talairach_avi done
