status file for recon-all
Sun Mar  8 22:44:20 CET 2026
#@# MotionCor Sun Mar  8 22:44:22 CET 2026
#@# Talairach Sun Mar  8 22:44:31 CET 2026
#@# Talairach Failure Detection Sun Mar  8 22:48:59 CET 2026
#@# Nu Intensity Correction Sun Mar  8 22:48:59 CET 2026
#@# Intensity Normalization Sun Mar  8 22:52:15 CET 2026
recon-all -s sub-v1s16x0051174_ses-1 finished without error at Sun Mar  8 22:53:50 CET 2026



#New# invocation of recon-all 



status file for recon-all
Sun Mar  8 23:00:27 CET 2026
#@# EM Registration Sun Mar  8 23:00:27 CET 2026
recon-all -s sub-v1s16x0051174_ses-1 finished without error at Sun Mar  8 23:03:41 CET 2026



#New# invocation of recon-all 



status file for recon-all
Sun Mar  8 23:03:43 CET 2026
#@# CA Normalize Sun Mar  8 23:03:43 CET 2026
#@# CA Reg Sun Mar  8 23:05:06 CET 2026
#@# SubCort Seg Mon Mar  9 00:00:40 CET 2026
#@# CC Seg Mon Mar  9 00:29:32 CET 2026
#@# Merge ASeg Mon Mar  9 00:30:12 CET 2026
#@# Intensity Normalization2 Mon Mar  9 00:30:12 CET 2026
#@# Mask BFS Mon Mar  9 00:32:31 CET 2026
#@# WM Segmentation Mon Mar  9 00:32:31 CET 2026
#@# Fill Mon Mar  9 00:34:27 CET 2026
recon-all -s sub-v1s16x0051174_ses-1 finished without error at Mon Mar  9 00:35:26 CET 2026



#New# invocation of recon-all 



status file for recon-all
Mon Mar  9 01:14:41 CET 2026
#@# white curv lh Mon Mar  9 01:14:41 CET 2026
#@# white area lh Mon Mar  9 01:14:41 CET 2026
#@# pial curv lh Mon Mar  9 01:14:41 CET 2026
#@# pial area lh Mon Mar  9 01:14:41 CET 2026
#@# thickness lh Mon Mar  9 01:14:41 CET 2026
#@# area and vertex vol lh Mon Mar  9 01:14:41 CET 2026
#@# white curv rh Mon Mar  9 01:14:41 CET 2026
#@# white area rh Mon Mar  9 01:14:41 CET 2026
#@# pial curv rh Mon Mar  9 01:14:41 CET 2026
#@# pial area rh Mon Mar  9 01:14:41 CET 2026
#@# thickness rh Mon Mar  9 01:14:41 CET 2026
#@# area and vertex vol rh Mon Mar  9 01:14:41 CET 2026
#@# Cortical ribbon mask Mon Mar  9 01:14:41 CET 2026
recon-all -s sub-v1s16x0051174_ses-1 finished without error at Mon Mar  9 01:17:25 CET 2026



#New# invocation of recon-all 



status file for recon-all
Mon Mar  9 01:22:18 CET 2026
#@# white curv lh Mon Mar  9 01:22:18 CET 2026
#@# white area lh Mon Mar  9 01:22:18 CET 2026
#@# pial curv lh Mon Mar  9 01:22:18 CET 2026
#@# pial area lh Mon Mar  9 01:22:18 CET 2026
#@# thickness lh Mon Mar  9 01:22:18 CET 2026
#@# area and vertex vol lh Mon Mar  9 01:22:18 CET 2026
#@# white curv rh Mon Mar  9 01:22:18 CET 2026
#@# white area rh Mon Mar  9 01:22:18 CET 2026
#@# pial curv rh Mon Mar  9 01:22:18 CET 2026
#@# pial area rh Mon Mar  9 01:22:18 CET 2026
#@# thickness rh Mon Mar  9 01:22:18 CET 2026
#@# area and vertex vol rh Mon Mar  9 01:22:18 CET 2026
#@# Curvature Stats lh Mon Mar  9 01:22:18 CET 2026
#@# Curvature Stats rh Mon Mar  9 01:22:19 CET 2026
#@# Relabel Hypointensities Mon Mar  9 01:22:21 CET 2026
#@# APas-to-ASeg Mon Mar  9 01:22:34 CET 2026
#@# AParc-to-ASeg aparc Mon Mar  9 01:22:41 CET 2026
#@# AParc-to-ASeg aparc.a2009s Mon Mar  9 01:22:53 CET 2026
#@# AParc-to-ASeg aparc.DKTatlas Mon Mar  9 01:23:05 CET 2026
#@# WMParc Mon Mar  9 01:23:19 CET 2026
#@# ASeg Stats Mon Mar  9 01:26:51 CET 2026
recon-all -s sub-v1s16x0051174_ses-1 finished without error at Mon Mar  9 01:27:33 CET 2026
