status file for recon-all
Mon Mar  9 00:35:29 CET 2026
#@# Tessellate lh Mon Mar  9 00:35:29 CET 2026
#@# Smooth1 lh Mon Mar  9 00:35:33 CET 2026
#@# Inflation1 lh Mon Mar  9 00:35:35 CET 2026
#@# QSphere lh Mon Mar  9 00:35:46 CET 2026
#@# Fix Topology lh Mon Mar  9 00:36:39 CET 2026
#@# Smooth2 lh Mon Mar  9 00:43:25 CET 2026
#@# Inflation2 lh Mon Mar  9 00:43:27 CET 2026
#@# Curv .H and .K lh Mon Mar  9 00:43:35 CET 2026
#@# Sphere lh Mon Mar  9 00:44:04 CET 2026
#@# Surf Reg lh Mon Mar  9 00:48:14 CET 2026
#@# Jacobian white lh Mon Mar  9 00:50:56 CET 2026
#@# AvgCurv lh Mon Mar  9 00:50:57 CET 2026
#@# Cortical Parc lh Mon Mar  9 00:50:57 CET 2026
#@# white curv lh Mon Mar  9 00:55:44 CET 2026
#@# white area lh Mon Mar  9 00:55:45 CET 2026
#@# pial curv lh Mon Mar  9 00:55:46 CET 2026
#@# pial area lh Mon Mar  9 00:55:47 CET 2026
#@# thickness lh Mon Mar  9 00:55:47 CET 2026
#@# area and vertex vol lh Mon Mar  9 00:56:06 CET 2026
#@# Curvature Stats lh Mon Mar  9 00:56:08 CET 2026
#@# Cortical Parc 2 lh Mon Mar  9 00:56:09 CET 2026
#@# Cortical Parc 3 lh Mon Mar  9 00:56:19 CET 2026
#@# WM/GM Contrast lh Mon Mar  9 00:56:26 CET 2026
recon-all -s sub-v1s16x0051174_ses-1 finished without error at Mon Mar  9 00:56:29 CET 2026



#New# invocation of recon-all 



status file for recon-all
Mon Mar  9 01:17:29 CET 2026
#@# white curv lh Mon Mar  9 01:17:29 CET 2026
#@# white area lh Mon Mar  9 01:17:30 CET 2026
#@# pial curv lh Mon Mar  9 01:17:30 CET 2026
#@# pial area lh Mon Mar  9 01:17:30 CET 2026
#@# thickness lh Mon Mar  9 01:17:30 CET 2026
#@# area and vertex vol lh Mon Mar  9 01:17:30 CET 2026
#@# Parcellation Stats lh Mon Mar  9 01:17:30 CET 2026
#@# Parcellation Stats 2 lh Mon Mar  9 01:17:39 CET 2026
#@# Parcellation Stats 3 lh Mon Mar  9 01:17:44 CET 2026
#@# BA_exvivo Labels lh Mon Mar  9 01:17:49 CET 2026
recon-all -s sub-v1s16x0051174_ses-1 finished without error at Mon Mar  9 01:19:54 CET 2026
