/out/sourcedata/freesurfer/sub-v1s16x0051183_ses-1/mri
/opt/freesurfer/bin/talairach_avi
--i orig_nu.mgz --xfm transforms/talairach.auto.xfm
talairach_avi 7.3.2
Linux dna080 5.14.0-427.37.1.el9_4.x86_64 #1 SMP PREEMPT_DYNAMIC Fri Sep 13 12:41:50 EDT 2024 x86_64 x86_64 x86_64 GNU/Linux
Sun Mar  8 23:44:12 CET 2026
mri_convert orig_nu.mgz talsrcimg.img 
reading from orig_nu.mgz...
TR=0.00, TE=0.00, TI=0.00, flip angle=0.00
i_ras = (-1, 0, 0)
j_ras = (0, 0, -1)
k_ras = (0, 1, 0)
writing to talsrcimg.img...
Analyze Output Matrix
-1.00000   0.00000   0.00000   129.42621;
 0.00000   0.00000   1.00000  -139.95779;
 0.00000  -1.00000   0.00000   127.67020;
 0.00000   0.00000   0.00000   1.00000;
--------------------
INFO: set hdr.hist.orient to -1
mpr2mni305 talsrcimg
Sun Mar  8 23:44:13 CET 2026
/opt/freesurfer/bin/mpr2mni305 talsrcimg
mpr2mni305 7.3.2
target=711-2C_as_mni_average_305

---------------------------------------------------------------------
analyzeto4dfp talsrcimg -O0 -y
---------------------------------------------------------------------

freesurfer ifh2hdr.c
Sun Mar  8 23:44:13 2026
Writing: talsrcimg.4dfp.hdr
freesurfer analyzeto4dfp.c
Reading: talsrcimg.hdr
header size 348 bytes
hdr.dime.datatype	offset=70	value=2
hdr.dime.bitpix		offset=72	value=8
hdr.hist.orient		offset=252	value=-1
dimensionality     4
dimensions       256       256       256         1
Reading: talsrcimg.img
Writing: talsrcimg.4dfp.img
Writing: talsrcimg.4dfp.ifh
ifh2hdr talsrcimg -r0to224
ori=2

---------------------------------------------------------------------
gauss_4dfp talsrcimg 1.1
---------------------------------------------------------------------

freesurfer gauss_4dfp.c
Reading: talsrcimg.4dfp.img
Writing: talsrcimg_g11.4dfp.img
image dimensions 256 256 256 padded to 288 288 288
processing volume 1freesurfer ifh2hdr.c
Sun Mar  8 23:44:14 2026
Writing: talsrcimg_g11.4dfp.hdr

Writing: talsrcimg_g11.4dfp.ifh
including: talsrcimg.4dfp.img.rec in talsrcimg_g11.4dfp.img.rec

---------------------------------------------------------------------
imgreg_4dfp /opt/freesurfer/average/711-2C_as_mni_average_305 none talsrcimg_g11 none talsrcimg_to_711-2C_as_mni_average_305_t4 4355
---------------------------------------------------------------------

freesurfer imgreg_4dfp.c
/opt/freesurfer/average/711-2C_as_mni_average_305.4dfp.img
       256       256       256         1
  1.000000  1.000000  1.000000
orientation T byte_order littleendian
Reading image: /opt/freesurfer/average/711-2C_as_mni_average_305.4dfp.img
dimensions:      256       256       256
mmppix:       1.0000   -1.0000   -1.0000
center:     128.0000 -129.0000 -129.0000
talsrcimg_g11.4dfp.img
       256       256       256         1
  1.000000  1.000000  1.000000
orientation T byte_order littleendian
Reading image: talsrcimg_g11.4dfp.img
dimensions:      256       256       256
mmppix:       1.0000   -1.0000   -1.0000
center:     128.0000 -129.0000 -129.0000
t4_read: open error in t4_sub.f l:  41 t4_file(1:l)talsrcimg_to_711-2C_as_mni_average_305_t4 
t4_read: transform initialized to I4
rotation matrix determinant  1.000000
image alignment mode   4355 decimal     1103 hex
   -7.5000  -45.0000  -45.0000 5543.0322   24.9999
    0.0000  -45.0000  -45.0000 5748.9937   24.9313
    7.5000  -45.0000  -45.0000 5491.2134   24.8945
   -7.5000  -37.5000  -45.0000 6125.1904   24.9196
    0.0000  -37.5000  -45.0000 6345.5459   24.8541
    7.5000  -37.5000  -45.0000 6068.4805   24.7953
   -7.5000  -30.0000  -45.0000 6952.1357   24.9078
    0.0000  -30.0000  -45.0000 7198.4907   24.8411
    7.5000  -30.0000  -45.0000 6890.2949   24.7623
   -7.5000  -22.5000  -45.0000 7805.8589   24.9179
    0.0000  -22.5000  -45.0000 8084.5635   24.8470
    7.5000  -22.5000  -45.0000 7723.5176   24.7690
   -7.5000  -15.0000  -45.0000 8616.6816   24.9151
    0.0000  -15.0000  -45.0000 8931.1729   24.8439
    7.5000  -15.0000  -45.0000 8506.2021   24.7871
   -7.5000   -7.5000  -45.0000 9343.0293   24.8877
    0.0000   -7.5000  -45.0000 9685.0264   24.8182
    7.5000   -7.5000  -45.0000 9186.6055   24.7827
   -7.5000    0.0000  -45.0000 9970.1016   24.8699
    0.0000    0.0000  -45.000010315.2109   24.8020
    7.5000    0.0000  -45.0000 9801.0312   24.7656
   -7.5000    7.5000  -45.0000 9827.1504   24.8769
    0.0000    7.5000  -45.000010167.3672   24.8118
    7.5000    7.5000  -45.0000 9662.4727   24.7533
   -7.5000   15.0000  -45.0000 9621.2031   24.8974
    0.0000   15.0000  -45.0000 9956.5186   24.8308
    7.5000   15.0000  -45.0000 9469.4531   24.7522
   -7.5000   22.5000  -45.0000 9335.4795   24.9144
    0.0000   22.5000  -45.0000 9677.5332   24.8435
    7.5000   22.5000  -45.0000 9211.0527   24.7656
   -7.5000   30.0000  -45.0000 9042.9307   24.5831
    0.0000   30.0000  -45.0000 9364.1436   24.5129
    7.5000   30.0000  -45.0000 8936.5781   24.4568
   -7.5000   37.5000  -45.0000 9035.9326   24.5560
    0.0000   37.5000  -45.0000 9352.5479   24.4875
    7.5000   37.5000  -45.0000 8931.9883   24.4524
   -7.5000   45.0000  -45.0000 8447.6826   23.9154
    0.0000   45.0000  -45.0000 8736.6367   23.8501
    7.5000   45.0000  -45.0000 8352.4639   23.8151
   -7.5000  -45.0000  -37.5000 5999.1802   24.7495
    0.0000  -45.0000  -37.5000 6220.5864   24.7023
    7.5000  -45.0000  -37.5000 5932.4097   24.6671
   -7.5000  -37.5000  -37.5000 6629.0615   24.6680
    0.0000  -37.5000  -37.5000 6878.3501   24.6198
    7.5000  -37.5000  -37.5000 6555.3535   24.5684
   -7.5000  -30.0000  -37.5000 7542.8750   24.6583
    0.0000  -30.0000  -37.5000 7810.8140   24.6055
    7.5000  -30.0000  -37.5000 7434.8032   24.5334
   -7.5000  -22.5000  -37.5000 8460.0879   24.6699
    0.0000  -22.5000  -37.5000 8781.9199   24.6133
    7.5000  -22.5000  -37.5000 8332.6348   24.5358
   -7.5000  -15.0000  -37.5000 9287.3662   24.6716
    0.0000  -15.0000  -37.5000 9672.3535   24.6180
    7.5000  -15.0000  -37.5000 9172.5850   24.5562
   -7.5000   -7.5000  -37.500010034.1318   24.6460
    0.0000   -7.5000  -37.500010450.3965   24.5975
    7.5000   -7.5000  -37.5000 9923.9727   24.5574
   -7.5000    0.0000  -37.500010692.1465   24.6223
    0.0000    0.0000  -37.500011144.8008   24.5755
    7.5000    0.0000  -37.500010546.3105   24.5406
   -7.5000    7.5000  -37.500010525.2510   24.6261
    0.0000    7.5000  -37.500010949.9990   24.5783
    7.5000    7.5000  -37.500010373.7695   24.5271
   -7.5000   15.0000  -37.500010257.0400   24.6481
    0.0000   15.0000  -37.500010656.0156   24.5954
    7.5000   15.0000  -37.500010118.7393   24.5235
   -7.5000   22.5000  -37.5000 9947.0195   24.6664
    0.0000   22.5000  -37.500010316.9463   24.6099
    7.5000   22.5000  -37.5000 9817.6270   24.5324
   -7.5000   30.0000  -37.5000 9614.9746   24.3428
    0.0000   30.0000  -37.5000 9982.0566   24.2899
    7.5000   30.0000  -37.5000 9495.8486   24.2289
   -7.5000   37.5000  -37.5000 9586.7178   24.3175
    0.0000   37.5000  -37.5000 9941.7217   24.2697
    7.5000   37.5000  -37.5000 9479.9746   24.2302
   -7.5000   45.0000  -37.5000 8969.1475   23.6773
    0.0000   45.0000  -37.5000 9275.1377   23.6323
    7.5000   45.0000  -37.5000 8832.0703   23.5987
   -7.5000  -45.0000  -30.0000 6612.7515   25.7225
    0.0000  -45.0000  -30.0000 6863.9575   25.6964
    7.5000  -45.0000  -30.0000 6544.9883   25.6793
   -7.5000  -37.5000  -30.0000 7309.4473   25.6395
    0.0000  -37.5000  -30.0000 7587.4097   25.6075
    7.5000  -37.5000  -30.0000 7223.6250   25.5777
   -7.5000  -30.0000  -30.0000 8293.1562   25.6315
    0.0000  -30.0000  -30.0000 8626.1738   25.5905
    7.5000  -30.0000  -30.0000 8194.3174   25.5378
   -7.5000  -22.5000  -30.0000 9261.5049   25.6419
    0.0000  -22.5000  -30.0000 9674.2881   25.5954
    7.5000  -22.5000  -30.0000 9166.6797   25.5313
   -7.5000  -15.0000  -30.000010135.8496   25.6417
    0.0000  -15.0000  -30.000010586.0957   25.6017
    7.5000  -15.0000  -30.000010039.7539   25.5495
   -7.5000   -7.5000  -30.000010968.5762   25.6157
    0.0000   -7.5000  -30.000011434.1865   25.5872
    7.5000   -7.5000  -30.000010863.4404   25.5589
   -7.5000    0.0000  -30.000011710.5430   25.5908
    0.0000    0.0000  -30.000012195.6592   25.5648
    7.5000    0.0000  -30.000011554.4482   25.5477
   -7.5000    7.5000  -30.000011518.0742   25.5962
    0.0000    7.5000  -30.000011985.4805   25.5644
    7.5000    7.5000  -30.000011350.4912   25.5347
   -7.5000   15.0000  -30.000011147.6211   25.6212
    0.0000   15.0000  -30.000011611.9404   25.5803
    7.5000   15.0000  -30.000011002.8564   25.5276
   -7.5000   22.5000  -30.000010792.2705   25.6357
    0.0000   22.5000  -30.000011218.8623   25.5892
    7.5000   22.5000  -30.000010655.4014   25.5251
   -7.5000   30.0000  -30.000010403.1699   25.3024
    0.0000   30.0000  -30.000010829.5576   25.2629
    7.5000   30.0000  -30.000010295.4346   25.2114
   -7.5000   37.5000  -30.000010354.3506   25.2767
    0.0000   37.5000  -30.000010782.2666   25.2487
    7.5000   37.5000  -30.000010262.5889   25.2207
   -7.5000   45.0000  -30.0000 9677.3965   24.6267
    0.0000   45.0000  -30.000010033.9844   24.6017
    7.5000   45.0000  -30.0000 9557.2383   24.5852
   -7.5000  -45.0000  -22.5000 7228.0737   26.6125
    0.0000  -45.0000  -22.5000 7539.2798   26.5859
    7.5000  -45.0000  -22.5000 7184.5405   26.5896
   -7.5000  -37.5000  -22.5000 7975.2666   26.5341
    0.0000  -37.5000  -22.5000 8319.1289   26.5017
    7.5000  -37.5000  -22.5000 7911.4785   26.4893
   -7.5000  -30.0000  -22.5000 9033.1006   26.5280
    0.0000  -30.0000  -22.5000 9446.9092   26.4867
    7.5000  -30.0000  -22.5000 8966.3291   26.4501
   -7.5000  -22.5000  -22.500010075.4443   26.5345
    0.0000  -22.5000  -22.500010555.0049   26.4852
    7.5000  -22.5000  -22.5000 9994.1816   26.4393
   -7.5000  -15.0000  -22.500011022.6143   26.5250
    0.0000  -15.0000  -22.500011528.4434   26.4816
    7.5000  -15.0000  -22.500010926.6318   26.4494
   -7.5000   -7.5000  -22.500011927.1094   26.4950
    0.0000   -7.5000  -22.500012471.4160   26.4653
    7.5000   -7.5000  -22.500011814.9551   26.4585
   -7.5000    0.0000  -22.500012754.9316   26.4762
    0.0000    0.0000  -22.500013337.5186   26.4498
    7.5000    0.0000  -22.500012590.2119   26.4532
   -7.5000    7.5000  -22.500012517.0830   26.4892
    0.0000    7.5000  -22.500013070.4297   26.4570
    7.5000    7.5000  -22.500012321.0596   26.4446
   -7.5000   15.0000  -22.500012088.7285   26.5174
    0.0000   15.0000  -22.500012627.7031   26.4762
    7.5000   15.0000  -22.500011930.1289   26.4395
   -7.5000   22.5000  -22.500011662.9736   26.5263
    0.0000   22.5000  -22.500012193.9482   26.4770
    7.5000   22.5000  -22.500011545.6621   26.4311
   -7.5000   30.0000  -22.500011243.9727   26.1780
    0.0000   30.0000  -22.500011742.5225   26.1352
    7.5000   30.0000  -22.500011134.4365   26.1035
   -7.5000   37.5000  -22.500011171.6289   26.1485
    0.0000   37.5000  -22.500011682.9805   26.1191
    7.5000   37.5000  -22.500011091.1504   26.1124
   -7.5000   45.0000  -22.500010389.5986   25.4979
    0.0000   45.0000  -22.500010833.7383   25.4725
    7.5000   45.0000  -22.500010322.3252   25.4757
   -7.5000  -45.0000  -15.0000 7904.4614   27.2825
    0.0000  -45.0000  -15.0000 8219.0518   27.2330
    7.5000  -45.0000  -15.0000 7833.7446   27.2357
   -7.5000  -37.5000  -15.0000 8700.4062   27.2080
    0.0000  -37.5000  -15.0000 9088.7695   27.1583
    7.5000  -37.5000  -15.0000 8630.2529   27.1387
   -7.5000  -30.0000  -15.0000 9812.5469   27.2016
    0.0000  -30.0000  -15.000010281.9854   27.1472
    7.5000  -30.0000  -15.0000 9744.0391   27.1046
   -7.5000  -22.5000  -15.000010957.5156   27.2057
    0.0000  -22.5000  -15.000011467.3525   27.1413
    7.5000  -22.5000  -15.000010860.3838   27.0968
   -7.5000  -15.0000  -15.000011957.2656   27.1888
    0.0000  -15.0000  -15.000012513.3506   27.1251
    7.5000  -15.0000  -15.000011862.2900   27.0999
   -7.5000   -7.5000  -15.000012924.7686   27.1545
    0.0000   -7.5000  -15.000013547.9336   27.1011
    7.5000   -7.5000  -15.000012822.2520   27.1000
   -7.5000    0.0000  -15.000013805.6426   27.1424
    0.0000    0.0000  -15.000014466.4082   27.0934
    7.5000    0.0000  -15.000013595.1357   27.0958
   -7.5000    7.5000  -15.000013495.4248   27.1618
    0.0000    7.5000  -15.000014125.8652   27.1124
    7.5000    7.5000  -15.000013274.6201   27.0928
   -7.5000   15.0000  -15.000013024.9453   27.1906
    0.0000   15.0000  -15.000013655.4697   27.1363
    7.5000   15.0000  -15.000012868.9854   27.0937
   -7.5000   22.5000  -15.000012597.6201   27.1960
    0.0000   22.5000  -15.000013226.7979   27.1317
    7.5000   22.5000  -15.000012448.5068   27.0872
   -7.5000   30.0000  -15.000012106.6396   26.8369
    0.0000   30.0000  -15.000012689.4561   26.7741
    7.5000   30.0000  -15.000011947.6016   26.7492
   -7.5000   37.5000  -15.000011986.4727   26.8031
    0.0000   37.5000  -15.000012542.4082   26.7504
    7.5000   37.5000  -15.000011850.9238   26.7493
   -7.5000   45.0000  -15.000011163.7715   26.1553
    0.0000   45.0000  -15.000011648.9395   26.1080
    7.5000   45.0000  -15.000011036.6006   26.1104
   -7.5000  -45.0000   -7.5000 8627.2490   27.6292
    0.0000  -45.0000   -7.5000 8976.2861   27.5559
    7.5000  -45.0000   -7.5000 8534.4424   27.5363
   -7.5000  -37.5000   -7.5000 9475.7832   27.5502
    0.0000  -37.5000   -7.5000 9901.7314   27.4809
    7.5000  -37.5000   -7.5000 9393.6055   27.4354
   -7.5000  -30.0000   -7.500010678.8555   27.5410
    0.0000  -30.0000   -7.500011170.5439   27.4700
    7.5000  -30.0000   -7.500010603.7627   27.4024
   -7.5000  -22.5000   -7.500011885.9863   27.5481
    0.0000  -22.5000   -7.500012428.8818   27.4686
    7.5000  -22.5000   -7.500011798.6523   27.4038
   -7.5000  -15.0000   -7.500012958.6201   27.5347
    0.0000  -15.0000   -7.500013545.5244   27.4535
    7.5000  -15.0000   -7.500012890.4209   27.4122
   -7.5000   -7.5000   -7.500014092.5176   27.5000
    0.0000   -7.5000   -7.500014711.7686   27.4237
    7.5000   -7.5000   -7.500013923.4355   27.4058
   -7.5000    0.0000   -7.500014908.0518   27.4870
    0.0000    0.0000   -7.500015602.6562   27.4145
    7.5000    0.0000   -7.500014654.6777   27.3950
   -7.5000    7.5000   -7.500014470.0703   27.5034
    0.0000    7.5000   -7.500015187.0947   27.4345
    7.5000    7.5000   -7.500014291.4004   27.3892
   -7.5000   15.0000   -7.500013987.9512   27.5296
    0.0000   15.0000   -7.500014687.5000   27.4588
    7.5000   15.0000   -7.500013824.9053   27.3913
   -7.5000   22.5000   -7.500013529.2080   27.5353
    0.0000   22.5000   -7.500014221.6338   27.4559
    7.5000   22.5000   -7.500013337.4346   27.3911
   -7.5000   30.0000   -7.500012980.6133   27.1776
    0.0000   30.0000   -7.500013598.1377   27.0974
    7.5000   30.0000   -7.500012783.4209   27.0568
   -7.5000   37.5000   -7.500012799.0596   27.1434
    0.0000   37.5000   -7.500013392.6826   27.0681
    7.5000   37.5000   -7.500012602.8203   27.0504
   -7.5000   45.0000   -7.500011906.4082   26.4923
    0.0000   45.0000   -7.500012459.3867   26.4224
    7.5000   45.0000   -7.500011749.6650   26.4036
   -7.5000  -45.0000    0.0000 9258.2656   27.6795
    0.0000  -45.0000    0.0000 9647.9834   27.6038
    7.5000  -45.0000    0.0000 9156.2783   27.5642
   -7.5000  -37.5000    0.000010194.1543   27.5924
    0.0000  -37.5000    0.000010638.7246   27.5200
    7.5000  -37.5000    0.000010131.1836   27.4562
   -7.5000  -30.0000    0.000011493.6084   27.5813
    0.0000  -30.0000    0.000011981.7080   27.5073
    7.5000  -30.0000    0.000011429.0273   27.4213
   -7.5000  -22.5000    0.000012721.7520   27.5930
    0.0000  -22.5000    0.000013251.0977   27.5143
    7.5000  -22.5000    0.000012655.5664   27.4290
   -7.5000  -15.0000    0.000013870.4893   27.5892
    0.0000  -15.0000    0.000014426.6523   27.5101
    7.5000  -15.0000    0.000013796.5068   27.4482
   -7.5000   -7.5000    0.000015045.1826   27.5575
    0.0000   -7.5000    0.000015709.8154   27.4805
    7.5000   -7.5000    0.000014870.8857   27.4422
   -7.5000    0.0000    0.000015827.7803   27.5371
    0.0000    0.0000    0.000016549.5332   27.4622
    7.5000    0.0000    0.000015624.6172   27.4230
   -7.5000    7.5000    0.000015326.4971   27.5456
    0.0000    7.5000    0.000016066.0557   27.4737
    7.5000    7.5000    0.000015204.8701   27.4102
   -7.5000   15.0000    0.000014882.6406   27.5698
    0.0000   15.0000    0.000015561.4688   27.4961
    7.5000   15.0000    0.000014696.4463   27.4101
   -7.5000   22.5000    0.000014357.4287   27.5802
    0.0000   22.5000    0.000014985.0029   27.5016
    7.5000   22.5000    0.000014150.2744   27.4163
   -7.5000   30.0000    0.000013726.7285   27.2321
    0.0000   30.0000    0.000014312.7979   27.1541
    7.5000   30.0000    0.000013508.7061   27.0930
   -7.5000   37.5000    0.000013463.1162   27.2009
    0.0000   37.5000    0.000014072.9463   27.1248
    7.5000   37.5000    0.000013263.5908   27.0870
   -7.5000   45.0000    0.000012507.9629   26.5426
    0.0000   45.0000    0.000013074.2451   26.4704
    7.5000   45.0000    0.000012335.0723   26.4326
   -7.5000  -45.0000    7.5000 9147.8574   27.6472
    0.0000  -45.0000    7.5000 9525.1641   27.5943
    7.5000  -45.0000    7.5000 9057.2422   27.5551
   -7.5000  -37.5000    7.500010084.6758   27.5560
    0.0000  -37.5000    7.500010475.3740   27.5021
    7.5000  -37.5000    7.5000 9982.5898   27.4448
   -7.5000  -30.0000    7.500011373.9707   27.5453
    0.0000  -30.0000    7.500011806.8057   27.4863
    7.5000  -30.0000    7.500011258.5645   27.4060
   -7.5000  -22.5000    7.500012614.4209   27.5586
    0.0000  -22.5000    7.500013047.2227   27.4954
    7.5000  -22.5000    7.500012476.3301   27.4089
   -7.5000  -15.0000    7.500013853.5146   27.5607
    0.0000  -15.0000    7.500014354.4775   27.5007
    7.5000  -15.0000    7.500013690.7910   27.4318
   -7.5000   -7.5000    7.500014872.0918   27.5320
    0.0000   -7.5000    7.500015493.4717   27.4777
    7.5000   -7.5000    7.500014684.5645   27.4331
   -7.5000    0.0000    7.500015471.9004   27.5053
    0.0000    0.0000    7.500016100.3369   27.4529
    7.5000    0.0000    7.500015370.6133   27.4140
   -7.5000    7.5000    7.500015085.4170   27.5093
    0.0000    7.5000    7.500015704.7471   27.4558
    7.5000    7.5000    7.500015016.4795   27.3988
   -7.5000   15.0000    7.500014695.7969   27.5340
    0.0000   15.0000    7.500015275.2910   27.4751
    7.5000   15.0000    7.500014560.2217   27.3949
   -7.5000   22.5000    7.500014132.4453   27.5458
    0.0000   22.5000    7.500014651.3848   27.4827
    7.5000   22.5000    7.500013957.1641   27.3963
   -7.5000   30.0000    7.500013452.0029   27.2040
    0.0000   30.0000    7.500013941.1689   27.1448
    7.5000   30.0000    7.500013286.5518   27.0767
   -7.5000   37.5000    7.500013172.3623   27.1757
    0.0000   37.5000    7.500013697.8701   27.1221
    7.5000   37.5000    7.500013006.5488   27.0781
   -7.5000   45.0000    7.500012192.2686   26.5120
    0.0000   45.0000    7.500012707.7490   26.4614
    7.5000   45.0000    7.500012053.8477   26.4239
   -7.5000  -45.0000   15.0000 8944.1367   27.6218
    0.0000  -45.0000   15.0000 9302.9561   27.5937
    7.5000  -45.0000   15.0000 8856.3535   27.5753
   -7.5000  -37.5000   15.0000 9844.4023   27.5326
    0.0000  -37.5000   15.000010202.3955   27.4983
    7.5000  -37.5000   15.0000 9735.9902   27.4662
   -7.5000  -30.0000   15.000011070.9072   27.5240
    0.0000  -30.0000   15.000011456.7695   27.4800
    7.5000  -30.0000   15.000010943.3691   27.4234
   -7.5000  -22.5000   15.000012270.1982   27.5352
    0.0000  -22.5000   15.000012704.5107   27.4852
    7.5000  -22.5000   15.000012125.6934   27.4164
   -7.5000  -15.0000   15.000013484.3672   27.5350
    0.0000  -15.0000   15.000013940.5918   27.4920
    7.5000  -15.0000   15.000013267.1162   27.4359
   -7.5000   -7.5000   15.000014357.6279   27.5070
    0.0000   -7.5000   15.000014812.6836   27.4765
    7.5000   -7.5000   15.000014102.9902   27.4461
   -7.5000    0.0000   15.000014809.4912   27.4803
    0.0000    0.0000   15.000015273.5547   27.4524
    7.5000    0.0000   15.000014746.9795   27.4340
   -7.5000    7.5000   15.000014475.5420   27.4861
    0.0000    7.5000   15.000014956.8535   27.4520
    7.5000    7.5000   15.000014511.4619   27.4200
   -7.5000   15.0000   15.000014120.4463   27.5129
    0.0000   15.0000   15.000014593.3799   27.4690
    7.5000   15.0000   15.000014129.5479   27.4124
   -7.5000   22.5000   15.000013624.5752   27.5224
    0.0000   22.5000   15.000014096.9170   27.4725
    7.5000   22.5000   15.000013601.9854   27.4038
   -7.5000   30.0000   15.000013010.5322   27.1786
    0.0000   30.0000   15.000013468.7627   27.1362
    7.5000   30.0000   15.000012949.8604   27.0809
   -7.5000   37.5000   15.000012762.9717   27.1510
    0.0000   37.5000   15.000013246.4980   27.1209
    7.5000   37.5000   15.000012644.6562   27.0909
   -7.5000   45.0000   15.000011868.0371   26.4879
    0.0000   45.0000   15.000012332.1357   26.4610
    7.5000   45.0000   15.000011688.4355   26.4433
   -7.5000  -45.0000   22.5000 8532.2627   27.6259
    0.0000  -45.0000   22.5000 8893.6826   27.5983
    7.5000  -45.0000   22.5000 8444.9072   27.6021
   -7.5000  -37.5000   22.5000 9430.2979   27.5445
    0.0000  -37.5000   22.5000 9807.4609   27.5109
    7.5000  -37.5000   22.5000 9328.9990   27.4980
   -7.5000  -30.0000   22.500010631.3896   27.5382
    0.0000  -30.0000   22.500011062.2021   27.4953
    7.5000  -30.0000   22.500010539.6768   27.4574
   -7.5000  -22.5000   22.500011797.5098   27.5449
    0.0000  -22.5000   22.500012235.0723   27.4938
    7.5000  -22.5000   22.500011727.4473   27.4461
   -7.5000  -15.0000   22.500012879.2490   27.5351
    0.0000  -15.0000   22.500013311.4551   27.4900
    7.5000  -15.0000   22.500012750.0273   27.4566
   -7.5000   -7.5000   22.500013805.5088   27.5040
    0.0000   -7.5000   22.500014169.4111   27.4731
    7.5000   -7.5000   22.500013568.5381   27.4660
   -7.5000    0.0000   22.500014399.9482   27.4844
    0.0000    0.0000   22.500014764.1865   27.4570
    7.5000    0.0000   22.500014267.6211   27.4605
   -7.5000    7.5000   22.500014011.7158   27.4979
    0.0000    7.5000   22.500014453.5820   27.4645
    7.5000    7.5000   22.500014022.5020   27.4516
   -7.5000   15.0000   22.500013617.0098   27.5272
    0.0000   15.0000   22.500014079.9268   27.4844
    7.5000   15.0000   22.500013637.7695   27.4464
   -7.5000   22.5000   22.500013180.0186   27.5322
    0.0000   22.5000   22.500013683.8047   27.4811
    7.5000   22.5000   22.500013133.2627   27.4334
   -7.5000   30.0000   22.500012596.4854   27.1787
    0.0000   30.0000   22.500013063.6143   27.1343
    7.5000   30.0000   22.500012464.3340   27.1013
   -7.5000   37.5000   22.500012304.9814   27.1480
    0.0000   37.5000   22.500012752.3711   27.1176
    7.5000   37.5000   22.500012118.8926   27.1106
   -7.5000   45.0000   22.500011406.5645   26.4918
    0.0000   45.0000   22.500011795.8174   26.4654
    7.5000   45.0000   22.500011192.1396   26.4687
   -7.5000  -45.0000   30.0000 8073.1367   27.6569
    0.0000  -45.0000   30.0000 8448.6738   27.6067
    7.5000  -45.0000   30.0000 8030.3320   27.6095
   -7.5000  -37.5000   30.0000 8921.3672   27.5814
    0.0000  -37.5000   30.0000 9334.4473   27.5311
    7.5000  -37.5000   30.0000 8864.2168   27.5111
   -7.5000  -30.0000   30.000010049.4258   27.5749
    0.0000  -30.0000   30.000010523.0117   27.5198
    7.5000  -30.0000   30.0000 9996.9893   27.4766
   -7.5000  -22.5000   30.000011122.4131   27.5791
    0.0000  -22.5000   30.000011608.2549   27.5138
    7.5000  -22.5000   30.000011076.1240   27.4687
   -7.5000  -15.0000   30.000012151.4736   27.5619
    0.0000  -15.0000   30.000012597.2051   27.4974
    7.5000  -15.0000   30.000012011.5654   27.4718
   -7.5000   -7.5000   30.000013114.5205   27.5272
    0.0000   -7.5000   30.000013515.4785   27.4731
    7.5000   -7.5000   30.000012846.7227   27.4719
   -7.5000    0.0000   30.000013913.4531   27.5149
    0.0000    0.0000   30.000014273.0703   27.4652
    7.5000    0.0000   30.000013575.6152   27.4677
   -7.5000    7.5000   30.000013626.1387   27.5345
    0.0000    7.5000   30.000013967.7549   27.4845
    7.5000    7.5000   30.000013314.5684   27.4646
   -7.5000   15.0000   30.000013151.0371   27.5638
    0.0000   15.0000   30.000013497.9463   27.5088
    7.5000   15.0000   30.000012874.6748   27.4655
   -7.5000   22.5000   30.000012629.4834   27.5663
    0.0000   22.5000   30.000012998.3916   27.5011
    7.5000   22.5000   30.000012403.5010   27.4560
   -7.5000   30.0000   30.000011999.1318   27.2052
    0.0000   30.0000   30.000012375.9941   27.1415
    7.5000   30.0000   30.000011814.2842   27.1163
   -7.5000   37.5000   30.000011639.5273   27.1709
    0.0000   37.5000   30.000012060.6641   27.1175
    7.5000   37.5000   30.000011469.7705   27.1164
   -7.5000   45.0000   30.000010715.1855   26.5212
    0.0000   45.0000   30.000011106.3926   26.4733
    7.5000   45.0000   30.000010540.4492   26.4757
   -7.5000  -45.0000   37.5000 7845.8862   27.7178
    0.0000  -45.0000   37.5000 8218.2012   27.6444
    7.5000  -45.0000   37.5000 7820.2563   27.6251
   -7.5000  -37.5000   37.5000 8659.4492   27.6385
    0.0000  -37.5000   37.5000 9086.1074   27.5694
    7.5000  -37.5000   37.5000 8635.0400   27.5239
   -7.5000  -30.0000   37.5000 9757.9932   27.6292
    0.0000  -30.0000   37.500010246.3125   27.5586
    7.5000  -30.0000   37.5000 9730.2773   27.4912
   -7.5000  -22.5000   37.500010842.9004   27.6363
    0.0000  -22.5000   37.500011364.3164   27.5571
    7.5000  -22.5000   37.500010758.2383   27.4927
   -7.5000  -15.0000   37.500011829.9072   27.6228
    0.0000  -15.0000   37.500012330.4170   27.5416
    7.5000  -15.0000   37.500011678.3945   27.5009
   -7.5000   -7.5000   37.500012762.1836   27.5880
    0.0000   -7.5000   37.500013252.1006   27.5116
    7.5000   -7.5000   37.500012554.5527   27.4940
   -7.5000    0.0000   37.500013536.2441   27.5750
    0.0000    0.0000   37.500014024.2822   27.5024
    7.5000    0.0000   37.500013275.0107   27.4831
   -7.5000    7.5000   37.500013232.1816   27.5914
    0.0000    7.5000   37.500013694.5420   27.5228
    7.5000    7.5000   37.500012977.1729   27.4775
   -7.5000   15.0000   37.500012770.1367   27.6179
    0.0000   15.0000   37.500013191.0234   27.5474
    7.5000   15.0000   37.500012535.8301   27.4801
   -7.5000   22.5000   37.500012271.9434   27.6236
    0.0000   22.5000   37.500012671.0547   27.5444
    7.5000   22.5000   37.500012059.0234   27.4800
   -7.5000   30.0000   37.500011694.8418   27.2653
    0.0000   30.0000   37.500012104.3164   27.1852
    7.5000   30.0000   37.500011527.3486   27.1450
   -7.5000   37.5000   37.500011361.7178   27.2310
    0.0000   37.5000   37.500011748.4043   27.1556
    7.5000   37.5000   37.500011185.7412   27.1382
   -7.5000   45.0000   37.500010466.8555   26.5791
    0.0000   45.0000   37.500010806.6816   26.5091
    7.5000   45.0000   37.500010297.7480   26.4905
   -7.5000  -45.0000   45.0000 7239.4639   27.6144
    0.0000  -45.0000   45.0000 7616.5942   27.5403
    7.5000  -45.0000   45.0000 7226.4692   27.5011
   -7.5000  -37.5000   45.0000 8000.6504   27.5275
    0.0000  -37.5000   45.0000 8425.5811   27.4567
    7.5000  -37.5000   45.0000 7982.1450   27.3932
   -7.5000  -30.0000   45.0000 9011.0322   27.5162
    0.0000  -30.0000   45.0000 9462.5576   27.4438
    7.5000  -30.0000   45.0000 8976.0371   27.3581
   -7.5000  -22.5000   45.000010001.3311   27.5274
    0.0000  -22.5000   45.000010493.8896   27.4502
    7.5000  -22.5000   45.0000 9935.8184   27.3654
   -7.5000  -15.0000   45.000010875.5254   27.5233
    0.0000  -15.0000   45.000011361.5088   27.4455
    7.5000  -15.0000   45.000010772.7871   27.3843
   -7.5000   -7.5000   45.000011708.2793   27.4918
    0.0000   -7.5000   45.000012191.5322   27.4161
    7.5000   -7.5000   45.000011589.1504   27.3784
   -7.5000    0.0000   45.000012395.7314   27.4717
    0.0000    0.0000   45.000012895.7920   27.3983
    7.5000    0.0000   45.000012261.8096   27.3596
   -7.5000    7.5000   45.000012146.9541   27.4806
    0.0000    7.5000   45.000012611.2695   27.4102
    7.5000    7.5000   45.000011997.1611   27.3471
   -7.5000   15.0000   45.000011770.5176   27.5047
    0.0000   15.0000   45.000012198.9453   27.4325
    7.5000   15.0000   45.000011632.5947   27.3470
   -7.5000   22.5000   45.000011346.5283   27.5146
    0.0000   22.5000   45.000011739.1543   27.4374
    7.5000   22.5000   45.000011203.9053   27.3527
   -7.5000   30.0000   45.000010834.8623   27.1647
    0.0000   30.0000   45.000011194.3848   27.0880
    7.5000   30.0000   45.000010696.5908   27.0275
   -7.5000   37.5000   45.000010523.5742   27.1336
    0.0000   37.5000   45.000010875.5830   27.0589
    7.5000   37.5000   45.000010372.4814   27.0218
   -7.5000   45.0000   45.0000 9698.5146   26.4916
    0.0000   45.0000   45.000010030.9482   26.4208
    7.5000   45.0000   45.0000 9554.5078   26.3835

---------------------------------------------------------------------
imgreg_4dfp /opt/freesurfer/average/711-2C_as_mni_average_305 /opt/freesurfer/average/711-2B_as_mni_average_305_mask talsrcimg_g11 none talsrcimg_to_711-2C_as_mni_average_305_t4 4355
---------------------------------------------------------------------

freesurfer imgreg_4dfp.c
/opt/freesurfer/average/711-2C_as_mni_average_305.4dfp.img
       256       256       256         1
  1.000000  1.000000  1.000000
orientation T byte_order littleendian
Reading image: /opt/freesurfer/average/711-2C_as_mni_average_305.4dfp.img
dimensions:      256       256       256
mmppix:       1.0000   -1.0000   -1.0000
center:     128.0000 -129.0000 -129.0000
/opt/freesurfer/average/711-2B_as_mni_average_305_mask.4dfp.img
       256       256       256         1
  1.000000  1.000000  1.000000
orientation T byte_order littleendian
Reading mask: /opt/freesurfer/average/711-2B_as_mni_average_305_mask.4dfp.img (2306576 pixels)
talsrcimg_g11.4dfp.img
       256       256       256         1
  1.000000  1.000000  1.000000
orientation T byte_order littleendian
Reading image: talsrcimg_g11.4dfp.img
dimensions:      256       256       256
mmppix:       1.0000   -1.0000   -1.0000
center:     128.0000 -129.0000 -129.0000
rotation matrix determinant  1.000000
image alignment mode   4355 decimal     1103 hex
   -7.5000  -45.0000  -45.0000 1566.1360   41.5688
    0.0000  -45.0000  -45.0000 1565.5846   41.6333
    7.5000  -45.0000  -45.0000 1551.6294   42.5169
   -7.5000  -37.5000  -45.0000 1691.5442   36.1385
    0.0000  -37.5000  -45.0000 1688.9047   36.1150
    7.5000  -37.5000  -45.0000 1677.2440   36.8609
   -7.5000  -30.0000  -45.0000 1803.5295   32.1795
    0.0000  -30.0000  -45.0000 1801.2004   32.1483
    7.5000  -30.0000  -45.0000 1784.3110   32.7597
   -7.5000  -22.5000  -45.0000 1899.4580   29.2690
    0.0000  -22.5000  -45.0000 1897.8937   29.2823
    7.5000  -22.5000  -45.0000 1876.1058   29.7736
   -7.5000  -15.0000  -45.0000 1986.2614   27.1697
    0.0000  -15.0000  -45.0000 1985.2080   27.1174
    7.5000  -15.0000  -45.0000 1960.8064   27.5675
   -7.5000   -7.5000  -45.0000 2055.2124   25.6515
    0.0000   -7.5000  -45.0000 2045.6975   25.6305
    7.5000   -7.5000  -45.0000 2015.5675   26.1090
   -7.5000    0.0000  -45.0000 2079.4966   24.5779
    0.0000    0.0000  -45.0000 2072.9333   24.5457
    7.5000    0.0000  -45.0000 2039.6250   25.0360
   -7.5000    7.5000  -45.0000 2087.0088   23.8833
    0.0000    7.5000  -45.0000 2080.3953   23.8984
    7.5000    7.5000  -45.0000 2051.9385   24.4128
   -7.5000   15.0000  -45.0000 2081.3081   23.8639
    0.0000   15.0000  -45.0000 2076.6782   23.8466
    7.5000   15.0000  -45.0000 2046.4799   24.3660
   -7.5000   22.5000  -45.0000 2054.8289   24.3720
    0.0000   22.5000  -45.0000 2052.0613   24.3581
    7.5000   22.5000  -45.0000 2022.8151   24.8842
   -7.5000   30.0000  -45.0000 2007.5720   25.3213
    0.0000   30.0000  -45.0000 2003.6128   25.3385
    7.5000   30.0000  -45.0000 1975.1846   25.9219
   -7.5000   37.5000  -45.0000 1947.2859   26.8953
    0.0000   37.5000  -45.0000 1938.8665   26.8469
    7.5000   37.5000  -45.0000 1912.0125   27.5167
   -7.5000   45.0000  -45.0000 1865.1139   29.1692
    0.0000   45.0000  -45.0000 1861.1088   29.2056
    7.5000   45.0000  -45.0000 1831.6000   29.9102
   -7.5000  -45.0000  -37.5000 1652.2351   37.6573
    0.0000  -45.0000  -37.5000 1646.7476   37.7118
    7.5000  -45.0000  -37.5000 1632.1863   38.4966
   -7.5000  -37.5000  -37.5000 1785.9006   32.8344
    0.0000  -37.5000  -37.5000 1779.0770   32.9182
    7.5000  -37.5000  -37.5000 1760.4180   33.4839
   -7.5000  -30.0000  -37.5000 1907.0502   29.3280
    0.0000  -30.0000  -37.5000 1899.7916   29.3590
    7.5000  -30.0000  -37.5000 1873.1333   29.7614
   -7.5000  -22.5000  -37.5000 2011.3621   26.7505
    0.0000  -22.5000  -37.5000 2009.1404   26.7403
    7.5000  -22.5000  -37.5000 1978.4756   27.0382
   -7.5000  -15.0000  -37.5000 2092.1873   24.8441
    0.0000  -15.0000  -37.5000 2093.6458   24.8466
    7.5000  -15.0000  -37.5000 2062.3010   25.0962
   -7.5000   -7.5000  -37.5000 2150.6458   23.4018
    0.0000   -7.5000  -37.5000 2149.4768   23.4227
    7.5000   -7.5000  -37.5000 2120.7761   23.7136
   -7.5000    0.0000  -37.5000 2185.7305   22.3938
    0.0000    0.0000  -37.5000 2181.6987   22.4081
    7.5000    0.0000  -37.5000 2147.2197   22.7643
   -7.5000    7.5000  -37.5000 2190.6318   21.8372
    0.0000    7.5000  -37.5000 2187.6489   21.8563
    7.5000    7.5000  -37.5000 2154.8196   22.2132
   -7.5000   15.0000  -37.5000 2179.5645   21.8223
    0.0000   15.0000  -37.5000 2175.5867   21.8229
    7.5000   15.0000  -37.5000 2146.4392   22.1888
   -7.5000   22.5000  -37.5000 2155.8503   22.1605
    0.0000   22.5000  -37.5000 2149.0181   22.1598
    7.5000   22.5000  -37.5000 2120.7307   22.5768
   -7.5000   30.0000  -37.5000 2110.8652   22.9342
    0.0000   30.0000  -37.5000 2104.9387   22.9506
    7.5000   30.0000  -37.5000 2074.6689   23.4374
   -7.5000   37.5000  -37.5000 2046.0306   24.3508
    0.0000   37.5000  -37.5000 2040.1865   24.3765
    7.5000   37.5000  -37.5000 2010.9646   24.9720
   -7.5000   45.0000  -37.5000 1967.0503   26.5228
    0.0000   45.0000  -37.5000 1959.3932   26.5962
    7.5000   45.0000  -37.5000 1922.6692   27.2458
   -7.5000  -45.0000  -30.0000 1761.7018   35.4480
    0.0000  -45.0000  -30.0000 1755.5582   35.6692
    7.5000  -45.0000  -30.0000 1739.8723   36.1439
   -7.5000  -37.5000  -30.0000 1902.5469   30.8604
    0.0000  -37.5000  -30.0000 1896.7899   30.9948
    7.5000  -37.5000  -30.0000 1877.0498   31.4105
   -7.5000  -30.0000  -30.0000 2031.6967   27.6191
    0.0000  -30.0000  -30.0000 2027.4788   27.7357
    7.5000  -30.0000  -30.0000 2004.1836   28.0358
   -7.5000  -22.5000  -30.0000 2140.6956   25.2494
    0.0000  -22.5000  -30.0000 2143.5435   25.3081
    7.5000  -22.5000  -30.0000 2115.4521   25.5207
   -7.5000  -15.0000  -30.0000 2225.5359   23.4036
    0.0000  -15.0000  -30.0000 2226.0103   23.5353
    7.5000  -15.0000  -30.0000 2199.6140   23.7141
   -7.5000   -7.5000  -30.0000 2293.7104   22.0484
    0.0000   -7.5000  -30.0000 2285.3789   22.1379
    7.5000   -7.5000  -30.0000 2263.5688   22.3451
   -7.5000    0.0000  -30.0000 2333.3320   21.1041
    0.0000    0.0000  -30.0000 2326.9287   21.1129
    7.5000    0.0000  -30.0000 2296.9602   21.3767
   -7.5000    7.5000  -30.0000 2346.9839   20.6579
    0.0000    7.5000  -30.0000 2340.9788   20.6254
    7.5000    7.5000  -30.0000 2308.7222   20.9197
   -7.5000   15.0000  -30.0000 2331.5857   20.6187
    0.0000   15.0000  -30.0000 2329.0410   20.6272
    7.5000   15.0000  -30.0000 2302.6338   20.9136
   -7.5000   22.5000  -30.0000 2308.3638   20.9224
    0.0000   22.5000  -30.0000 2301.1184   20.9287
    7.5000   22.5000  -30.0000 2271.8840   21.2944
   -7.5000   30.0000  -30.0000 2257.8196   21.6491
    0.0000   30.0000  -30.0000 2254.4880   21.6663
    7.5000   30.0000  -30.0000 2225.8000   22.1005
   -7.5000   37.5000  -30.0000 2189.2517   23.0041
    0.0000   37.5000  -30.0000 2188.3354   23.0517
    7.5000   37.5000  -30.0000 2156.8247   23.5588
   -7.5000   45.0000  -30.0000 2099.5496   25.1169
    0.0000   45.0000  -30.0000 2094.4163   25.1844
    7.5000   45.0000  -30.0000 2055.5420   25.7547
   -7.5000  -45.0000  -22.5000 1840.2673   33.0447
    0.0000  -45.0000  -22.5000 1842.2279   33.2866
    7.5000  -45.0000  -22.5000 1828.1208   33.7913
   -7.5000  -37.5000  -22.5000 1989.6281   28.8167
    0.0000  -37.5000  -22.5000 1991.3774   29.0019
    7.5000  -37.5000  -22.5000 1970.9888   29.3828
   -7.5000  -30.0000  -22.5000 2128.1543   25.7538
    0.0000  -30.0000  -22.5000 2127.1550   25.9507
    7.5000  -30.0000  -22.5000 2105.4285   26.1718
   -7.5000  -22.5000  -22.5000 2246.8081   23.4856
    0.0000  -22.5000  -22.5000 2248.9016   23.6810
    7.5000  -22.5000  -22.5000 2222.2180   23.8178
   -7.5000  -15.0000  -22.5000 2340.9294   21.7843
    0.0000  -15.0000  -22.5000 2336.1321   21.9191
    7.5000  -15.0000  -22.5000 2312.7761   22.0698
   -7.5000   -7.5000  -22.5000 2407.4189   20.5723
    0.0000   -7.5000  -22.5000 2402.7146   20.6317
    7.5000   -7.5000  -22.5000 2377.1057   20.8367
   -7.5000    0.0000  -22.5000 2459.1501   19.7226
    0.0000    0.0000  -22.5000 2454.7710   19.7214
    7.5000    0.0000  -22.5000 2422.2810   19.9624
   -7.5000    7.5000  -22.5000 2481.4451   19.3051
    0.0000    7.5000  -22.5000 2476.4224   19.2797
    7.5000    7.5000  -22.5000 2440.6975   19.5662
   -7.5000   15.0000  -22.5000 2470.3726   19.2796
    0.0000   15.0000  -22.5000 2469.2444   19.2866
    7.5000   15.0000  -22.5000 2438.2131   19.5526
   -7.5000   22.5000  -22.5000 2447.7480   19.6460
    0.0000   22.5000  -22.5000 2443.8833   19.6333
    7.5000   22.5000  -22.5000 2413.0073   19.9554
   -7.5000   30.0000  -22.5000 2394.6394   20.4138
    0.0000   30.0000  -22.5000 2391.1177   20.3664
    7.5000   30.0000  -22.5000 2355.9509   20.7565
   -7.5000   37.5000  -22.5000 2316.2332   21.6733
    0.0000   37.5000  -22.5000 2313.7097   21.6606
    7.5000   37.5000  -22.5000 2275.4658   22.0887
   -7.5000   45.0000  -22.5000 2210.9250   23.6900
    0.0000   45.0000  -22.5000 2205.9685   23.7006
    7.5000   45.0000  -22.5000 2171.1445   24.1920
   -7.5000  -45.0000  -15.0000 1904.9360   31.2084
    0.0000  -45.0000  -15.0000 1902.3563   31.2285
    7.5000  -45.0000  -15.0000 1887.4478   31.7978
   -7.5000  -37.5000  -15.0000 2056.9971   27.1786
    0.0000  -37.5000  -15.0000 2058.0544   27.2717
    7.5000  -37.5000  -15.0000 2035.4987   27.6372
   -7.5000  -30.0000  -15.0000 2198.0405   24.1667
    0.0000  -30.0000  -15.0000 2202.7693   24.2981
    7.5000  -30.0000  -15.0000 2172.8953   24.5539
   -7.5000  -22.5000  -15.0000 2331.2683   21.9673
    0.0000  -22.5000  -15.0000 2332.4109   22.1326
    7.5000  -22.5000  -15.0000 2300.3411   22.2761
   -7.5000  -15.0000  -15.0000 2432.9417   20.3266
    0.0000  -15.0000  -15.0000 2429.6384   20.4050
    7.5000  -15.0000  -15.0000 2403.0254   20.6030
   -7.5000   -7.5000  -15.0000 2503.9097   19.2176
    0.0000   -7.5000  -15.0000 2505.3066   19.2484
    7.5000   -7.5000  -15.0000 2474.6392   19.4248
   -7.5000    0.0000  -15.0000 2558.3494   18.4460
    0.0000    0.0000  -15.0000 2560.1562   18.4620
    7.5000    0.0000  -15.0000 2523.5146   18.6501
   -7.5000    7.5000  -15.0000 2589.3418   18.0761
    0.0000    7.5000  -15.0000 2586.5779   18.0610
    7.5000    7.5000  -15.0000 2548.6675   18.3055
   -7.5000   15.0000  -15.0000 2583.9180   18.0596
    0.0000   15.0000  -15.0000 2583.9460   18.0275
    7.5000   15.0000  -15.0000 2551.2861   18.2905
   -7.5000   22.5000  -15.0000 2564.7395   18.5087
    0.0000   22.5000  -15.0000 2567.2073   18.4723
    7.5000   22.5000  -15.0000 2522.9263   18.7383
   -7.5000   30.0000  -15.0000 2504.1047   19.2698
    0.0000   30.0000  -15.0000 2503.5813   19.2034
    7.5000   30.0000  -15.0000 2455.9158   19.4921
   -7.5000   37.5000  -15.0000 2410.5632   20.4605
    0.0000   37.5000  -15.0000 2408.7708   20.4229
    7.5000   37.5000  -15.0000 2367.7781   20.7689
   -7.5000   45.0000  -15.0000 2297.9739   22.3375
    0.0000   45.0000  -15.0000 2291.6873   22.3108
    7.5000   45.0000  -15.0000 2254.1670   22.7792
   -7.5000  -45.0000   -7.5000 1958.4691   29.7543
    0.0000  -45.0000   -7.5000 1957.5481   29.5701
    7.5000  -45.0000   -7.5000 1938.3365   30.2279
   -7.5000  -37.5000   -7.5000 2109.3477   25.7844
    0.0000  -37.5000   -7.5000 2116.9595   25.7677
    7.5000  -37.5000   -7.5000 2091.4731   26.2198
   -7.5000  -30.0000   -7.5000 2256.3494   22.8465
    0.0000  -30.0000   -7.5000 2263.5491   22.8882
    7.5000  -30.0000   -7.5000 2234.7446   23.1891
   -7.5000  -22.5000   -7.5000 2394.6824   20.7043
    0.0000  -22.5000   -7.5000 2400.5452   20.7177
    7.5000  -22.5000   -7.5000 2368.6638   20.9552
   -7.5000  -15.0000   -7.5000 2504.0696   19.1247
    0.0000  -15.0000   -7.5000 2506.5571   19.1354
    7.5000  -15.0000   -7.5000 2479.1345   19.3318
   -7.5000   -7.5000   -7.5000 2596.1084   18.0176
    0.0000   -7.5000   -7.5000 2597.9270   18.0259
    7.5000   -7.5000   -7.5000 2564.7888   18.1821
   -7.5000    0.0000   -7.5000 2653.6084   17.3400
    0.0000    0.0000   -7.5000 2653.8191   17.3116
    7.5000    0.0000   -7.5000 2616.9978   17.4598
   -7.5000    7.5000   -7.5000 2683.7405   16.9934
    0.0000    7.5000   -7.5000 2685.5388   16.9651
    7.5000    7.5000   -7.5000 2651.2712   17.1454
   -7.5000   15.0000   -7.5000 2685.3735   16.9868
    0.0000   15.0000   -7.5000 2686.3833   16.9579
    7.5000   15.0000   -7.5000 2649.2119   17.1705
   -7.5000   22.5000   -7.5000 2660.6362   17.4373
    0.0000   22.5000   -7.5000 2666.8398   17.3770
    7.5000   22.5000   -7.5000 2614.3167   17.6085
   -7.5000   30.0000   -7.5000 2590.5979   18.2307
    0.0000   30.0000   -7.5000 2593.0356   18.1546
    7.5000   30.0000   -7.5000 2544.5962   18.4235
   -7.5000   37.5000   -7.5000 2490.9258   19.4275
    0.0000   37.5000   -7.5000 2486.8313   19.3658
    7.5000   37.5000   -7.5000 2444.6699   19.7166
   -7.5000   45.0000   -7.5000 2363.1694   21.1956
    0.0000   45.0000   -7.5000 2361.3723   21.1002
    7.5000   45.0000   -7.5000 2323.2439   21.5358
   -7.5000  -45.0000    0.0000 1993.0752   28.5472
    0.0000  -45.0000    0.0000 1997.3059   28.3054
    7.5000  -45.0000    0.0000 1972.4086   28.8075
   -7.5000  -37.5000    0.0000 2155.5776   24.6878
    0.0000  -37.5000    0.0000 2163.1738   24.5397
    7.5000  -37.5000    0.0000 2138.2607   25.0267
   -7.5000  -30.0000    0.0000 2310.3428   21.8739
    0.0000  -30.0000    0.0000 2315.8044   21.7225
    7.5000  -30.0000    0.0000 2291.3838   22.1519
   -7.5000  -22.5000    0.0000 2446.6011   19.7615
    0.0000  -22.5000    0.0000 2452.4832   19.6384
    7.5000  -22.5000    0.0000 2421.9937   19.9802
   -7.5000  -15.0000    0.0000 2561.0625   18.1960
    0.0000  -15.0000    0.0000 2569.2385   18.1221
    7.5000  -15.0000    0.0000 2536.3738   18.3856
   -7.5000   -7.5000    0.0000 2665.3457   17.0998
    0.0000   -7.5000    0.0000 2676.9119   17.0352
    7.5000   -7.5000    0.0000 2638.0808   17.2893
   -7.5000    0.0000    0.0000 2739.2656   16.3971
    0.0000    0.0000    0.0000 2742.9548   16.3587
    7.5000    0.0000    0.0000 2698.6592   16.5188
   -7.5000    7.5000    0.0000 2769.7852   16.0394
    0.0000    7.5000    0.0000 2776.3508   16.0610
    7.5000    7.5000    0.0000 2737.1333   16.2271
   -7.5000   15.0000    0.0000 2779.7576   16.1340
    0.0000   15.0000    0.0000 2782.5576   16.1158
    7.5000   15.0000    0.0000 2738.5801   16.3076
   -7.5000   22.5000    0.0000 2745.8230   16.6204
    0.0000   22.5000    0.0000 2748.7922   16.5523
    7.5000   22.5000    0.0000 2698.3574   16.7729
   -7.5000   30.0000    0.0000 2664.6653   17.4510
    0.0000   30.0000    0.0000 2663.1006   17.3604
    7.5000   30.0000    0.0000 2619.2510   17.6119
   -7.5000   37.5000    0.0000 2549.3442   18.6798
    0.0000   37.5000    0.0000 2548.8071   18.5641
    7.5000   37.5000    0.0000 2503.6978   18.8846
   -7.5000   45.0000    0.0000 2413.2556   20.3909
    0.0000   45.0000    0.0000 2413.7046   20.2665
    7.5000   45.0000    0.0000 2372.9148   20.6181
   -7.5000  -45.0000    7.5000 2019.1084   27.6203
    0.0000  -45.0000    7.5000 2026.5083   27.3282
    7.5000  -45.0000    7.5000 2002.0140   27.8528
   -7.5000  -37.5000    7.5000 2187.2263   23.9292
    0.0000  -37.5000    7.5000 2190.3457   23.6307
    7.5000  -37.5000    7.5000 2165.1460   24.1091
   -7.5000  -30.0000    7.5000 2344.2554   21.1862
    0.0000  -30.0000    7.5000 2349.0217   20.9050
    7.5000  -30.0000    7.5000 2320.2922   21.3292
   -7.5000  -22.5000    7.5000 2482.2900   19.1199
    0.0000  -22.5000    7.5000 2488.3721   18.8651
    7.5000  -22.5000    7.5000 2459.6165   19.2546
   -7.5000  -15.0000    7.5000 2610.2593   17.5517
    0.0000  -15.0000    7.5000 2617.5547   17.3786
    7.5000  -15.0000    7.5000 2584.6128   17.7362
   -7.5000   -7.5000    7.5000 2731.6299   16.4552
    0.0000   -7.5000    7.5000 2742.4187   16.3601
    7.5000   -7.5000    7.5000 2698.5840   16.6530
   -7.5000    0.0000    7.5000 2810.8193   15.5230
    0.0000    0.0000    7.5000 2826.0813   15.5607
    7.5000    0.0000    7.5000 2768.5291   15.8497
   -7.5000    7.5000    7.5000 2852.2756   15.2993
    0.0000    7.5000    7.5000 2867.4084   15.3020
    7.5000    7.5000    7.5000 2809.7490   15.6099
   -7.5000   15.0000    7.5000 2864.2163   15.5782
    0.0000   15.0000    7.5000 2873.6855   15.5027
    7.5000   15.0000    7.5000 2813.8992   15.7835
   -7.5000   22.5000    7.5000 2812.3838   16.0597
    0.0000   22.5000    7.5000 2816.9099   16.0145
    7.5000   22.5000    7.5000 2766.5120   16.2493
   -7.5000   30.0000    7.5000 2713.2319   16.8932
    0.0000   30.0000    7.5000 2716.7114   16.8129
    7.5000   30.0000    7.5000 2676.4788   17.1018
   -7.5000   37.5000    7.5000 2591.2527   18.1180
    0.0000   37.5000    7.5000 2589.9136   18.0269
    7.5000   37.5000    7.5000 2548.3694   18.3579
   -7.5000   45.0000    7.5000 2449.5427   19.7660
    0.0000   45.0000    7.5000 2447.9993   19.7104
    7.5000   45.0000    7.5000 2406.1033   20.0954
   -7.5000  -45.0000   15.0000 2035.1475   27.2588
    0.0000  -45.0000   15.0000 2041.4094   26.8714
    7.5000  -45.0000   15.0000 2017.9878   27.5160
   -7.5000  -37.5000   15.0000 2200.0520   23.5315
    0.0000  -37.5000   15.0000 2208.8088   23.1339
    7.5000  -37.5000   15.0000 2184.3352   23.7079
   -7.5000  -30.0000   15.0000 2351.8794   20.8171
    0.0000  -30.0000   15.0000 2361.9722   20.4360
    7.5000  -30.0000   15.0000 2337.7136   20.9346
   -7.5000  -22.5000   15.0000 2495.3862   18.7961
    0.0000  -22.5000   15.0000 2504.8450   18.4468
    7.5000  -22.5000   15.0000 2477.5740   18.8926
   -7.5000  -15.0000   15.0000 2628.4343   17.2484
    0.0000  -15.0000   15.0000 2640.3389   16.9916
    7.5000  -15.0000   15.0000 2608.1748   17.4212
   -7.5000   -7.5000   15.0000 2752.4221   16.0824
    0.0000   -7.5000   15.0000 2765.5188   15.9134
    7.5000   -7.5000   15.0000 2721.6858   16.2640
   -7.5000    0.0000   15.0000 2830.5027   14.9957
    0.0000    0.0000   15.0000 2847.8770   14.8860
    7.5000    0.0000   15.0000 2787.4385   15.3765
   -7.5000    7.5000   15.0000 2895.6902   14.7970
    0.0000    7.5000   15.0000 2914.1296   14.7282
    7.5000    7.5000   15.0000 2847.6726   15.2200
   -7.5000   15.0000   15.0000 2903.9104   15.1888
    0.0000   15.0000   15.0000 2916.9192   15.0960
    7.5000   15.0000   15.0000 2853.8555   15.5137
   -7.5000   22.5000   15.0000 2844.3772   15.7792
    0.0000   22.5000   15.0000 2855.0259   15.7472
    7.5000   22.5000   15.0000 2802.2476   16.0749
   -7.5000   30.0000   15.0000 2738.2803   16.6124
    0.0000   30.0000   15.0000 2743.6238   16.6033
    7.5000   30.0000   15.0000 2701.8916   16.8858
   -7.5000   37.5000   15.0000 2606.1655   17.7916
    0.0000   37.5000   15.0000 2612.4702   17.7797
    7.5000   37.5000   15.0000 2570.1990   18.0779
   -7.5000   45.0000   15.0000 2465.3350   19.3776
    0.0000   45.0000   15.0000 2467.5698   19.3899
    7.5000   45.0000   15.0000 2422.3206   19.7336
   -7.5000  -45.0000   22.5000 2024.3024   27.1737
    0.0000  -45.0000   22.5000 2035.5953   26.7202
    7.5000  -45.0000   22.5000 2015.9727   27.2741
   -7.5000  -37.5000   22.5000 2194.1584   23.5207
    0.0000  -37.5000   22.5000 2208.9656   23.1487
    7.5000  -37.5000   22.5000 2187.6921   23.6675
   -7.5000  -30.0000   22.5000 2351.4004   20.8761
    0.0000  -30.0000   22.5000 2371.3186   20.5004
    7.5000  -30.0000   22.5000 2342.3416   21.0032
   -7.5000  -22.5000   22.5000 2495.0593   18.8719
    0.0000  -22.5000   22.5000 2518.1272   18.5196
    7.5000  -22.5000   22.5000 2493.2512   19.0290
   -7.5000  -15.0000   22.5000 2631.8140   17.3714
    0.0000  -15.0000   22.5000 2650.9075   17.0086
    7.5000  -15.0000   22.5000 2624.7935   17.5367
   -7.5000   -7.5000   22.5000 2742.8477   16.1305
    0.0000   -7.5000   22.5000 2757.7112   15.7927
    7.5000   -7.5000   22.5000 2725.4448   16.3536
   -7.5000    0.0000   22.5000 2831.9023   15.2520
    0.0000    0.0000   22.5000 2847.0625   14.9501
    7.5000    0.0000   22.5000 2801.3347   15.5274
   -7.5000    7.5000   22.5000 2894.0833   14.9495
    0.0000    7.5000   22.5000 2913.1853   14.8087
    7.5000    7.5000   22.5000 2859.9756   15.3199
   -7.5000   15.0000   22.5000 2900.3022   15.2863
    0.0000   15.0000   22.5000 2908.6924   15.1945
    7.5000   15.0000   22.5000 2853.0383   15.5552
   -7.5000   22.5000   22.5000 2841.8955   15.8950
    0.0000   22.5000   22.5000 2857.6418   15.8143
    7.5000   22.5000   22.5000 2801.8083   16.0725
   -7.5000   30.0000   22.5000 2735.5806   16.6928
    0.0000   30.0000   22.5000 2744.4814   16.6248
    7.5000   30.0000   22.5000 2699.6562   16.8744
   -7.5000   37.5000   22.5000 2606.3572   17.7814
    0.0000   37.5000   22.5000 2610.6953   17.7554
    7.5000   37.5000   22.5000 2570.3894   18.0445
   -7.5000   45.0000   22.5000 2461.2363   19.2689
    0.0000   45.0000   22.5000 2462.8845   19.2631
    7.5000   45.0000   22.5000 2422.0759   19.6143
   -7.5000  -45.0000   30.0000 2007.5188   27.7220
    0.0000  -45.0000   30.0000 2027.0353   27.3858
    7.5000  -45.0000   30.0000 2012.0645   27.9077
   -7.5000  -37.5000   30.0000 2180.6797   23.9827
    0.0000  -37.5000   30.0000 2203.1550   23.7115
    7.5000  -37.5000   30.0000 2180.8999   24.1744
   -7.5000  -30.0000   30.0000 2337.7810   21.2739
    0.0000  -30.0000   30.0000 2365.0940   20.9791
    7.5000  -30.0000   30.0000 2338.8323   21.4229
   -7.5000  -22.5000   30.0000 2477.2405   19.2614
    0.0000  -22.5000   30.0000 2507.1223   18.9629
    7.5000  -22.5000   30.0000 2488.1685   19.3985
   -7.5000  -15.0000   30.0000 2607.0364   17.7416
    0.0000  -15.0000   30.0000 2629.9771   17.4137
    7.5000  -15.0000   30.0000 2608.8037   17.8228
   -7.5000   -7.5000   30.0000 2722.6655   16.6289
    0.0000   -7.5000   30.0000 2736.2588   16.2640
    7.5000   -7.5000   30.0000 2703.8022   16.7315
   -7.5000    0.0000   30.0000 2810.0750   15.8856
    0.0000    0.0000   30.0000 2819.6243   15.6054
    7.5000    0.0000   30.0000 2779.9895   16.0158
   -7.5000    7.5000   30.0000 2854.0447   15.6278
    0.0000    7.5000   30.0000 2864.1265   15.3595
    7.5000    7.5000   30.0000 2824.2964   15.7498
   -7.5000   15.0000   30.0000 2836.8201   15.8002
    0.0000   15.0000   30.0000 2847.5686   15.5723
    7.5000   15.0000   30.0000 2803.3032   15.8873
   -7.5000   22.5000   30.0000 2786.0725   16.2961
    0.0000   22.5000   30.0000 2797.2612   16.1194
    7.5000   22.5000   30.0000 2753.1399   16.3302
   -7.5000   30.0000   30.0000 2691.4429   17.0302
    0.0000   30.0000   30.0000 2697.5991   16.8986
    7.5000   30.0000   30.0000 2661.8101   17.1418
   -7.5000   37.5000   30.0000 2572.0913   18.0720
    0.0000   37.5000   30.0000 2579.9756   17.9959
    7.5000   37.5000   30.0000 2544.8562   18.2557
   -7.5000   45.0000   30.0000 2430.5854   19.4700
    0.0000   45.0000   30.0000 2434.1421   19.4345
    7.5000   45.0000   30.0000 2397.1497   19.7579
   -7.5000  -45.0000   37.5000 1986.9106   28.4220
    0.0000  -45.0000   37.5000 2011.8833   28.2090
    7.5000  -45.0000   37.5000 1998.2343   28.7057
   -7.5000  -37.5000   37.5000 2159.2803   24.7399
    0.0000  -37.5000   37.5000 2184.1631   24.5897
    7.5000  -37.5000   37.5000 2167.4949   24.9584
   -7.5000  -30.0000   37.5000 2312.3828   22.0258
    0.0000  -30.0000   37.5000 2339.4893   21.8733
    7.5000  -30.0000   37.5000 2319.0215   22.1818
   -7.5000  -22.5000   37.5000 2453.8518   19.9851
    0.0000  -22.5000   37.5000 2483.9927   19.8071
    7.5000  -22.5000   37.5000 2456.6123   20.0755
   -7.5000  -15.0000   37.5000 2574.3777   18.4657
    0.0000  -15.0000   37.5000 2597.0566   18.2394
    7.5000  -15.0000   37.5000 2571.7078   18.4954
   -7.5000   -7.5000   37.5000 2678.6064   17.3668
    0.0000   -7.5000   37.5000 2697.4382   17.1471
    7.5000   -7.5000   37.5000 2664.2463   17.4453
   -7.5000    0.0000   37.5000 2752.7424   16.6192
    0.0000    0.0000   37.5000 2765.2104   16.4497
    7.5000    0.0000   37.5000 2729.2864   16.7262
   -7.5000    7.5000   37.5000 2784.6074   16.3236
    0.0000    7.5000   37.5000 2796.5024   16.1481
    7.5000    7.5000   37.5000 2758.4238   16.4061
   -7.5000   15.0000   37.5000 2762.2551   16.3801
    0.0000   15.0000   37.5000 2772.5662   16.2071
    7.5000   15.0000   37.5000 2734.0857   16.4639
   -7.5000   22.5000   37.5000 2709.4102   16.7938
    0.0000   22.5000   37.5000 2718.3860   16.6260
    7.5000   22.5000   37.5000 2685.7185   16.8251
   -7.5000   30.0000   37.5000 2622.6189   17.5240
    0.0000   30.0000   37.5000 2634.1187   17.4105
    7.5000   30.0000   37.5000 2602.6855   17.6279
   -7.5000   37.5000   37.5000 2514.4744   18.5888
    0.0000   37.5000   37.5000 2522.4050   18.4681
    7.5000   37.5000   37.5000 2488.5591   18.7476
   -7.5000   45.0000   37.5000 2379.5183   19.9569
    0.0000   45.0000   37.5000 2381.8650   19.8722
    7.5000   45.0000   37.5000 2351.8704   20.2152
   -7.5000  -45.0000   45.0000 1956.3595   29.4908
    0.0000  -45.0000   45.0000 1983.1372   29.4332
    7.5000  -45.0000   45.0000 1970.7985   29.7710
   -7.5000  -37.5000   45.0000 2125.1138   25.7435
    0.0000  -37.5000   45.0000 2155.4844   25.7439
    7.5000  -37.5000   45.0000 2136.5645   25.9782
   -7.5000  -30.0000   45.0000 2276.9326   22.9063
    0.0000  -30.0000   45.0000 2302.4954   22.8661
    7.5000  -30.0000   45.0000 2282.8984   23.1074
   -7.5000  -22.5000   45.0000 2410.9976   20.8691
    0.0000  -22.5000   45.0000 2438.6729   20.7914
    7.5000  -22.5000   45.0000 2412.3174   20.9885
   -7.5000  -15.0000   45.0000 2522.0376   19.3411
    0.0000  -15.0000   45.0000 2546.8994   19.2026
    7.5000  -15.0000   45.0000 2516.5737   19.4605
   -7.5000   -7.5000   45.0000 2613.4419   18.2489
    0.0000   -7.5000   45.0000 2632.2292   18.1175
    7.5000   -7.5000   45.0000 2599.6968   18.4184
   -7.5000    0.0000   45.0000 2671.1274   17.4942
    0.0000    0.0000   45.0000 2684.6436   17.3966
    7.5000    0.0000   45.0000 2651.0173   17.6657
   -7.5000    7.5000   45.0000 2696.9683   17.1713
    0.0000    7.5000   45.0000 2704.6328   17.0407
    7.5000    7.5000   45.0000 2674.0552   17.2702
   -7.5000   15.0000   45.0000 2678.2136   17.1639
    0.0000   15.0000   45.0000 2688.1062   17.0467
    7.5000   15.0000   45.0000 2661.0999   17.2259
   -7.5000   22.5000   45.0000 2628.1472   17.4860
    0.0000   22.5000   45.0000 2636.5168   17.3661
    7.5000   22.5000   45.0000 2609.4563   17.5511
   -7.5000   30.0000   45.0000 2542.8301   18.2038
    0.0000   30.0000   45.0000 2552.1694   18.1386
    7.5000   30.0000   45.0000 2525.4299   18.3258
   -7.5000   37.5000   45.0000 2438.2200   19.2844
    0.0000   37.5000   45.0000 2447.5952   19.1838
    7.5000   37.5000   45.0000 2418.1782   19.4162
   -7.5000   45.0000   45.0000 2309.3477   20.6661
    0.0000   45.0000   45.0000 2316.6787   20.5907
    7.5000   45.0000   45.0000 2287.4075   20.8924

---------------------------------------------------------------------
imgreg_4dfp /opt/freesurfer/average/711-2C_as_mni_average_305 /opt/freesurfer/average/711-2B_as_mni_average_305_mask talsrcimg_g11 none talsrcimg_to_711-2C_as_mni_average_305_t4 1283
---------------------------------------------------------------------

freesurfer imgreg_4dfp.c
/opt/freesurfer/average/711-2C_as_mni_average_305.4dfp.img
       256       256       256         1
  1.000000  1.000000  1.000000
orientation T byte_order littleendian
Reading image: /opt/freesurfer/average/711-2C_as_mni_average_305.4dfp.img
dimensions:      256       256       256
mmppix:       1.0000   -1.0000   -1.0000
center:     128.0000 -129.0000 -129.0000
/opt/freesurfer/average/711-2B_as_mni_average_305_mask.4dfp.img
       256       256       256         1
  1.000000  1.000000  1.000000
orientation T byte_order littleendian
Reading mask: /opt/freesurfer/average/711-2B_as_mni_average_305_mask.4dfp.img (2306576 pixels)
talsrcimg_g11.4dfp.img
       256       256       256         1
  1.000000  1.000000  1.000000
orientation T byte_order littleendian
Reading image: talsrcimg_g11.4dfp.img
dimensions:      256       256       256
mmppix:       1.0000   -1.0000   -1.0000
center:     128.0000 -129.0000 -129.0000
rotation matrix determinant  1.000000
fimgreg.f
image alignment mode   1283 decimal      503 hex
parameters
    0.0000   15.0000   15.0000    0.0000    0.0000    0.0000
eta,q 0.91640 15.05361
niter,ni,del,rscale     5    3   12.0000    1.2000
parameter  4 -0.627968 -> -0.500000 qaram    1.1500
parameters
   -2.6170   13.1705   16.1611    3.4500   -2.1292    2.4560
eta,q 0.92336 14.76564
  0.0850  0.0855  0.0888  0.0895  0.0794  0.0806
  0.0820  0.0811  0.0823  0.0857  0.0779  0.0788
  0.0811  0.0783  0.0772  0.0818  0.0775  0.0779
  0.0834  0.0805  0.0781  0.0795  0.0781  0.0775
  0.0878  0.0851  0.0806  0.0784  0.0797  0.0768
  0.0946  0.0911  0.0805  0.0781  0.0819  0.0766
  0.1021  0.0981  0.0808  0.0784  0.0855  0.0777
niter,ni,del,rscale     5    3   12.0000    1.2000
parameter  4 -0.954217 -> -0.500000 qaram    1.3225
parameters
   -1.9380   10.3201   17.6593    7.4175   -3.0416    2.3566
eta,q 0.93011 14.50207
  0.0907  0.0766  0.0848  0.0875  0.0764  0.0750
  0.0848  0.0767  0.0812  0.0824  0.0723  0.0727
  0.0795  0.0759  0.0786  0.0784  0.0699  0.0706
  0.0766  0.0767  0.0763  0.0759  0.0706  0.0699
  0.0779  0.0800  0.0757  0.0728  0.0732  0.0711
  0.0807  0.0851  0.0765  0.0700  0.0764  0.0731
  0.0861  0.0930  0.0798  0.0720  0.0794  0.0751
niter,ni,del,rscale     5    3   12.0000    1.2000
parameters
   -1.3269    9.6327   18.4932    7.8749   -3.1671    2.1377
eta,q 0.93094 14.43344
  0.0867  0.0802  0.0782  0.0829  0.0776  0.0743
  0.0810  0.0761  0.0743  0.0776  0.0737  0.0715
  0.0734  0.0716  0.0717  0.0725  0.0700  0.0696
  0.0699  0.0700  0.0699  0.0693  0.0691  0.0691
  0.0722  0.0731  0.0693  0.0703  0.0710  0.0705
  0.0764  0.0796  0.0722  0.0756  0.0743  0.0725
  0.0816  0.0866  0.0746  0.0807  0.0780  0.0745
niter,ni,del,rscale     4    3   12.0000    1.2000
parameters
   -1.1686    9.3220   18.7628    8.2603   -3.2049    2.0772
eta,q 0.93102 14.42635
  0.0838  0.0804  0.0764  0.0828  0.0775  0.0743
  0.0783  0.0768  0.0731  0.0767  0.0739  0.0716
  0.0715  0.0722  0.0711  0.0715  0.0702  0.0697
  0.0691  0.0691  0.0692  0.0690  0.0690  0.0690
  0.0721  0.0708  0.0699  0.0708  0.0706  0.0701
  0.0766  0.0771  0.0732  0.0756  0.0740  0.0721
  0.0825  0.0848  0.0750  0.0801  0.0777  0.0742
niter,ni,del,rscale     3    3   12.0000    1.2000
parameters
   -1.1466    9.1843   18.8718    8.4679   -3.1871    2.0522
eta,q 0.93092 14.42500
  0.0828  0.0807  0.0758  0.0822  0.0776  0.0743
  0.0775  0.0771  0.0727  0.0759  0.0741  0.0717
  0.0711  0.0727  0.0710  0.0710  0.0704  0.0699
  0.0690  0.0690  0.0691  0.0691  0.0691  0.0691
  0.0720  0.0699  0.0703  0.0713  0.0705  0.0701
  0.0767  0.0759  0.0734  0.0758  0.0738  0.0721
  0.0827  0.0843  0.0750  0.0802  0.0776  0.0741
niter,ni,del,rscale     2    3   12.0000    1.2000
parameters
   -1.1597    9.1262   18.9050    8.5522   -3.1645    2.0434
eta,q 0.93088 14.42434
  0.0824  0.0809  0.0755  0.0818  0.0776  0.0743
  0.0773  0.0773  0.0725  0.0754  0.0741  0.0717
  0.0712  0.0729  0.0710  0.0707  0.0704  0.0699
  0.0691  0.0691  0.0691  0.0691  0.0691  0.0691
  0.0720  0.0696  0.0705  0.0716  0.0705  0.0700
  0.0767  0.0754  0.0734  0.0760  0.0738  0.0720
  0.0827  0.0840  0.0749  0.0804  0.0776  0.0741
niter,ni,del,rscale     1    3   12.0000    1.2000
parameters
   -1.1726    9.0973   18.9147    8.5910   -3.1470    2.0433
eta,q 0.93086 14.42355
  0.0823  0.0809  0.0754  0.0817  0.0776  0.0743
  0.0773  0.0774  0.0725  0.0752  0.0741  0.0718
  0.0712  0.0730  0.0711  0.0706  0.0704  0.0700
  0.0691  0.0691  0.0691  0.0691  0.0691  0.0691
  0.0720  0.0695  0.0705  0.0717  0.0705  0.0700
  0.0767  0.0752  0.0734  0.0760  0.0738  0.0720
  0.0827  0.0840  0.0749  0.0804  0.0776  0.0741
registration optimization eta report
parameter search radius
    6.0000    6.0000    6.0000    7.9350    6.0000    6.0000
100000*second partial in parameter space
       35.       36.       15.       18.       23.       14.
  0.0823  0.0809  0.0754  0.0817  0.0776  0.0743
  0.0773  0.0774  0.0725  0.0752  0.0741  0.0718
  0.0712  0.0730  0.0711  0.0706  0.0704  0.0700
  0.0691  0.0691  0.0691  0.0691  0.0691  0.0691
  0.0720  0.0695  0.0705  0.0717  0.0705  0.0700
  0.0767  0.0752  0.0734  0.0760  0.0738  0.0720
  0.0827  0.0840  0.0749  0.0804  0.0776  0.0741
   -1.1726    9.0973   18.9147    8.5910   -3.1470    2.0433
eta,q 0.93086 14.42355

---------------------------------------------------------------------
imgreg_4dfp /opt/freesurfer/average/711-2C_as_mni_average_305 /opt/freesurfer/average/711-2B_as_mni_average_305_mask talsrcimg_g11 none talsrcimg_to_711-2C_as_mni_average_305_t4 3335
---------------------------------------------------------------------

freesurfer imgreg_4dfp.c
/opt/freesurfer/average/711-2C_as_mni_average_305.4dfp.img
       256       256       256         1
  1.000000  1.000000  1.000000
orientation T byte_order littleendian
Reading image: /opt/freesurfer/average/711-2C_as_mni_average_305.4dfp.img
dimensions:      256       256       256
mmppix:       1.0000   -1.0000   -1.0000
center:     128.0000 -129.0000 -129.0000
/opt/freesurfer/average/711-2B_as_mni_average_305_mask.4dfp.img
       256       256       256         1
  1.000000  1.000000  1.000000
orientation T byte_order littleendian
Reading mask: /opt/freesurfer/average/711-2B_as_mni_average_305_mask.4dfp.img (2306576 pixels)
talsrcimg_g11.4dfp.img
       256       256       256         1
  1.000000  1.000000  1.000000
orientation T byte_order littleendian
Reading image: talsrcimg_g11.4dfp.img
dimensions:      256       256       256
mmppix:       1.0000   -1.0000   -1.0000
center:     128.0000 -129.0000 -129.0000
fimgreg.f
image alignment mode   3335 decimal      D07 hex
parameters
   -1.1726    9.0973   18.9147   -0.2143   -1.1556   -1.2711
   -2.7060    5.9573    3.5601  -14.7349   -5.4897   14.9154
eta,q 0.92924 14.52060
niter,ni,del,rscale     5    3    5.0000    1.2000
parameter  3 -2.492689 ->  0.500000 qaram    1.1500
parameter  4  2.919842 ->  0.500000 qaram    1.1500
parameter  5  1.838082 ->  0.500000 qaram    1.1500
parameter  6 25.956795 ->  0.500000 qaram    1.1500
parameter  7  0.542019 ->  0.500000 qaram    1.1500
parameter 12  1.114240 ->  0.500000 qaram    1.1500
parameters
   -1.2685    8.8090   17.5347   -4.3543   -5.2956   -5.4111
   -6.8460    7.0100    3.7057  -14.8438   -2.2598   10.7754
eta,q 0.95004 13.49473
  0.0724  0.0722  0.0702  0.0617  0.0570  0.0477  0.0520  0.0563  0.0537  0.0550  0.0538  0.0497
  0.0714  0.0714  0.0701  0.0642  0.0591  0.0510  0.0516  0.0539  0.0527  0.0532  0.0528  0.0499
  0.0709  0.0709  0.0704  0.0670  0.0615  0.0550  0.0516  0.0522  0.0519  0.0521  0.0521  0.0504
  0.0708  0.0708  0.0708  0.0702  0.0650  0.0597  0.0520  0.0516  0.0516  0.0516  0.0516  0.0514
  0.0710  0.0711  0.0709  0.0740  0.0689  0.0638  0.0528  0.0519  0.0518  0.0522  0.0514  0.0528
  0.0717  0.0719  0.0709  0.0781  0.0734  0.0674  0.0538  0.0526  0.0525  0.0535  0.0514  0.0543
  0.0726  0.0733  0.0710  0.0823  0.0788  0.0717  0.0550  0.0540  0.0536  0.0551  0.0517  0.0560
niter,ni,del,rscale     7    3    5.0000    1.2000
parameter  4  1.229923 ->  0.500000 qaram    1.3225
parameter  5  1.149401 ->  0.500000 qaram    1.3225
parameter  6  0.705722 ->  0.500000 qaram    1.3225
parameters
   -1.2950    9.2104   18.0036   -9.1153  -10.0566  -10.1721
   -4.8595    6.8007    3.7893  -13.8687   -3.8340   10.2856
eta,q 0.95994 12.91631
  0.0525  0.0531  0.0531  0.0440  0.0406  0.0402  0.0430  0.0434  0.0415  0.0432  0.0406  0.0408
  0.0511  0.0516  0.0515  0.0448  0.0417  0.0402  0.0417  0.0414  0.0408  0.0416  0.0402  0.0404
  0.0502  0.0505  0.0505  0.0466  0.0433  0.0408  0.0408  0.0405  0.0404  0.0406  0.0401  0.0401
  0.0500  0.0500  0.0499  0.0498  0.0452  0.0421  0.0403  0.0401  0.0401  0.0401  0.0401  0.0401
  0.0503  0.0500  0.0498  0.0537  0.0480  0.0459  0.0401  0.0403  0.0403  0.0403  0.0403  0.0402
  0.0511  0.0505  0.0503  0.0583  0.0520  0.0521  0.0405  0.0416  0.0408  0.0409  0.0407  0.0405
  0.0526  0.0516  0.0516  0.0636  0.0568  0.0565  0.0413  0.0440  0.0415  0.0419  0.0414  0.0410
niter,ni,del,rscale     7    3    5.0000    1.2000
parameter  2  0.559434 ->  0.500000 qaram    1.1500
parameter  3  0.765288 ->  0.500000 qaram    1.3225
parameter  4  0.552355 ->  0.500000 qaram    1.5209
parameter  5 20.627777 ->  0.500000 qaram    1.5209
parameter 12  0.769719 ->  0.500000 qaram    1.3225
parameters
   -1.2398    7.8304   16.4166  -14.5905  -15.5318  -13.3534
   -4.5138    7.3438    3.5422  -14.4917   -2.0485    5.5246
eta,q 0.97068 12.35163
  0.0425  0.0399  0.0387  0.0378  0.0278  0.0318  0.0339  0.0342  0.0323  0.0337  0.0318  0.0297
  0.0412  0.0396  0.0385  0.0375  0.0296  0.0308  0.0322  0.0324  0.0313  0.0319  0.0312  0.0293
  0.0403  0.0396  0.0388  0.0378  0.0341  0.0306  0.0310  0.0311  0.0307  0.0308  0.0308  0.0296
  0.0401  0.0401  0.0396  0.0385  0.0376  0.0308  0.0306  0.0306  0.0306  0.0306  0.0305  0.0305
  0.0403  0.0410  0.0408  0.0401  0.0402  0.0313  0.0309  0.0308  0.0309  0.0313  0.0305  0.0318
  0.0410  0.0422  0.0424  0.0431  0.0435  0.0352  0.0319  0.0318  0.0315  0.0329  0.0306  0.0334
  0.0423  0.0436  0.0442  0.0474  0.0473  0.0413  0.0334  0.0333  0.0324  0.0348  0.0310  0.0348
niter,ni,del,rscale     7    3    5.0000    1.2000
parameters
   -1.0025    7.2261   16.2357  -14.8992  -20.0903  -10.8331
   -4.8542    7.3476    3.3721  -14.5736   -2.6808    8.7172
eta,q 0.97216 12.33606
  0.0328  0.0318  0.0313  0.0323  0.0314  0.0328  0.0307  0.0313  0.0293  0.0313  0.0287  0.0316
  0.0311  0.0298  0.0300  0.0306  0.0296  0.0308  0.0292  0.0296  0.0287  0.0294  0.0284  0.0301
  0.0299  0.0290  0.0292  0.0293  0.0282  0.0293  0.0284  0.0286  0.0283  0.0283  0.0282  0.0289
  0.0293  0.0293  0.0289  0.0289  0.0289  0.0285  0.0282  0.0282  0.0282  0.0282  0.0282  0.0282
  0.0294  0.0306  0.0293  0.0294  0.0338  0.0281  0.0286  0.0285  0.0284  0.0288  0.0283  0.0278
  0.0302  0.0327  0.0304  0.0307  0.0386  0.0278  0.0296  0.0295  0.0288  0.0298  0.0285  0.0280
  0.0317  0.0350  0.0320  0.0329  0.0430  0.0302  0.0310  0.0313  0.0294  0.0312  0.0290  0.0289
niter,ni,del,rscale     6    3    5.0000    1.2000
parameters
   -0.9801    8.0292   16.6785  -13.5200  -22.1083  -11.9714
   -4.6322    7.3733    2.9660  -13.8242   -0.5084    9.3186
eta,q 0.97199 12.22069
  0.0305  0.0327  0.0301  0.0313  0.0324  0.0306  0.0309  0.0310  0.0290  0.0308  0.0291  0.0303
  0.0291  0.0304  0.0289  0.0295  0.0304  0.0293  0.0294  0.0295  0.0284  0.0291  0.0287  0.0293
  0.0282  0.0288  0.0281  0.0281  0.0287  0.0284  0.0285  0.0285  0.0282  0.0284  0.0284  0.0285
  0.0278  0.0278  0.0275  0.0274  0.0274  0.0280  0.0281  0.0281  0.0281  0.0281  0.0281  0.0281
  0.0281  0.0275  0.0274  0.0276  0.0292  0.0276  0.0284  0.0285  0.0283  0.0282  0.0281  0.0281
  0.0290  0.0279  0.0279  0.0283  0.0344  0.0295  0.0293  0.0294  0.0286  0.0288  0.0282  0.0286
  0.0305  0.0291  0.0291  0.0299  0.0381  0.0343  0.0305  0.0310  0.0291  0.0297  0.0284  0.0300
niter,ni,del,rscale     5    3    5.0000    1.2000
parameters
   -1.1089    8.6762   16.3771  -13.7239  -23.4912  -12.4367
   -4.3209    7.0356    1.0650  -11.9803    1.4193    9.5644
eta,q 0.97196 12.07909
  0.0303  0.0313  0.0293  0.0309  0.0324  0.0310  0.0308  0.0308  0.0287  0.0308  0.0292  0.0300
  0.0290  0.0297  0.0285  0.0293  0.0307  0.0296  0.0295  0.0294  0.0284  0.0295  0.0287  0.0291
  0.0282  0.0286  0.0280  0.0282  0.0291  0.0287  0.0286  0.0285  0.0282  0.0287  0.0283  0.0284
  0.0280  0.0280  0.0278  0.0279  0.0279  0.0283  0.0283  0.0283  0.0283  0.0282  0.0281  0.0281
  0.0284  0.0279  0.0281  0.0282  0.0283  0.0279  0.0286  0.0287  0.0286  0.0281  0.0281  0.0281
  0.0293  0.0282  0.0288  0.0293  0.0326  0.0289  0.0293  0.0297  0.0290  0.0283  0.0282  0.0287
  0.0308  0.0292  0.0302  0.0313  0.0367  0.0330  0.0304  0.0314  0.0296  0.0290  0.0284  0.0300
niter,ni,del,rscale     4    3    5.0000    1.2000
parameters
   -1.2836    9.5536   15.9144  -13.9996  -25.0654  -13.0056
   -3.5455    6.4214    1.4101   -9.3828   -0.2903    9.1028
eta,q 0.97218 11.91530
  0.0300  0.0314  0.0290  0.0308  0.0318  0.0307  0.0306  0.0304  0.0293  0.0307  0.0282  0.0293
  0.0289  0.0298  0.0283  0.0293  0.0302  0.0293  0.0294  0.0291  0.0287  0.0297  0.0279  0.0286
  0.0282  0.0287  0.0279  0.0282  0.0288  0.0285  0.0286  0.0283  0.0284  0.0288  0.0278  0.0281
  0.0280  0.0280  0.0278  0.0278  0.0278  0.0282  0.0282  0.0282  0.0282  0.0282  0.0279  0.0278
  0.0284  0.0278  0.0281  0.0280  0.0282  0.0278  0.0284  0.0286  0.0283  0.0279  0.0280  0.0279
  0.0293  0.0280  0.0289  0.0292  0.0320  0.0286  0.0290  0.0296  0.0286  0.0280  0.0283  0.0286
  0.0307  0.0288  0.0302  0.0314  0.0364  0.0328  0.0299  0.0313  0.0291  0.0287  0.0287  0.0299
niter,ni,del,rscale     3    3    5.0000    1.2000
parameters
   -1.4795   10.7686   15.3002  -14.7500  -26.8484  -13.6905
   -3.2792    6.0271    3.0931   -7.5819   -2.4234    8.8687
eta,q 0.97275 11.70861
  0.0297  0.0318  0.0283  0.0299  0.0309  0.0297  0.0296  0.0298  0.0294  0.0305  0.0276  0.0287
  0.0286  0.0301  0.0277  0.0285  0.0293  0.0284  0.0286  0.0285  0.0286  0.0292  0.0273  0.0280
  0.0280  0.0287  0.0274  0.0275  0.0281  0.0277  0.0278  0.0277  0.0279  0.0281  0.0272  0.0276
  0.0278  0.0278  0.0273  0.0273  0.0273  0.0276  0.0276  0.0276  0.0276  0.0275  0.0273  0.0272
  0.0282  0.0274  0.0277  0.0277  0.0278  0.0274  0.0278  0.0280  0.0275  0.0273  0.0276  0.0273
  0.0291  0.0274  0.0285  0.0289  0.0312  0.0279  0.0284  0.0289  0.0277  0.0277  0.0279  0.0279
  0.0304  0.0281  0.0298  0.0309  0.0360  0.0316  0.0293  0.0302  0.0283  0.0286  0.0283  0.0291
niter,ni,del,rscale     2    3    5.0000    1.2000
parameters
   -1.5784   11.5341   15.1088  -15.2360  -27.8891  -14.1695
   -3.5818    6.1069    3.5356   -6.7404   -2.7793    8.5735
eta,q 0.97279 11.59023
  0.0293  0.0305  0.0285  0.0299  0.0310  0.0295  0.0290  0.0299  0.0286  0.0297  0.0279  0.0286
  0.0281  0.0290  0.0277  0.0284  0.0293  0.0282  0.0281  0.0285  0.0279  0.0285  0.0275  0.0280
  0.0274  0.0279  0.0272  0.0274  0.0280  0.0274  0.0274  0.0275  0.0274  0.0276  0.0273  0.0275
  0.0272  0.0272  0.0271  0.0271  0.0271  0.0273  0.0272  0.0272  0.0272  0.0272  0.0272  0.0272
  0.0276  0.0271  0.0273  0.0276  0.0272  0.0273  0.0275  0.0277  0.0273  0.0273  0.0273  0.0273
  0.0284  0.0274  0.0279  0.0288  0.0297  0.0278  0.0283  0.0285  0.0277  0.0278  0.0276  0.0279
  0.0296  0.0282  0.0290  0.0304  0.0343  0.0308  0.0293  0.0297  0.0283  0.0288  0.0280  0.0291
niter,ni,del,rscale     1    3    5.0000    1.2000
parameters
   -1.5546   11.9615   15.0226  -15.4585  -28.3866  -14.3972
   -3.7910    6.1537    3.5434   -6.1864   -2.8955    8.2425
eta,q 0.97275 11.53600
  0.0294  0.0297  0.0286  0.0301  0.0312  0.0296  0.0291  0.0299  0.0284  0.0295  0.0280  0.0286
  0.0282  0.0284  0.0279  0.0286  0.0295  0.0283  0.0281  0.0285  0.0277  0.0283  0.0275  0.0280
  0.0275  0.0276  0.0273  0.0275  0.0281  0.0274  0.0274  0.0275  0.0274  0.0276  0.0273  0.0275
  0.0272  0.0272  0.0272  0.0272  0.0272  0.0273  0.0272  0.0272  0.0272  0.0272  0.0272  0.0272
  0.0274  0.0272  0.0273  0.0277  0.0271  0.0274  0.0275  0.0277  0.0274  0.0273  0.0273  0.0273
  0.0282  0.0276  0.0279  0.0288  0.0292  0.0277  0.0282  0.0286  0.0277  0.0279  0.0276  0.0279
  0.0293  0.0285  0.0289  0.0304  0.0332  0.0304  0.0293  0.0297  0.0283  0.0290  0.0280  0.0291
registration optimization eta report
parameter search radius
    2.4000    2.7600    3.1740   10.9503   10.9503    9.5220
    8.2800    7.2000    7.2000    7.2000    7.2000    9.5220
100000*second partial in parameter space
       37.       25.       16.        3.        4.        3.
        3.        5.        2.        4.        1.        2.
  0.0294  0.0297  0.0286  0.0301  0.0312  0.0296  0.0291  0.0299  0.0284  0.0295  0.0280  0.0286
  0.0282  0.0284  0.0279  0.0286  0.0295  0.0283  0.0281  0.0285  0.0277  0.0283  0.0275  0.0280
  0.0275  0.0276  0.0273  0.0275  0.0281  0.0274  0.0274  0.0275  0.0274  0.0276  0.0273  0.0275
  0.0272  0.0272  0.0272  0.0272  0.0272  0.0273  0.0272  0.0272  0.0272  0.0272  0.0272  0.0272
  0.0274  0.0272  0.0273  0.0277  0.0271  0.0274  0.0275  0.0277  0.0274  0.0273  0.0273  0.0273
  0.0282  0.0276  0.0279  0.0288  0.0292  0.0277  0.0282  0.0286  0.0277  0.0279  0.0276  0.0279
  0.0293  0.0285  0.0289  0.0304  0.0332  0.0304  0.0293  0.0297  0.0283  0.0290  0.0280  0.0291
   -1.5546   11.9615   15.0226  -15.4585  -28.3866  -14.3972
   -3.7910    6.1537    3.5434   -6.1864   -2.8955    8.2425
eta,q 0.97275 11.53600

---------------------------------------------------------------------
imgreg_4dfp /opt/freesurfer/average/711-2C_as_mni_average_305 /opt/freesurfer/average/711-2B_as_mni_average_305_mask talsrcimg_g11 none talsrcimg_to_711-2C_as_mni_average_305_t4 2311
---------------------------------------------------------------------

freesurfer imgreg_4dfp.c
/opt/freesurfer/average/711-2C_as_mni_average_305.4dfp.img
       256       256       256         1
  1.000000  1.000000  1.000000
orientation T byte_order littleendian
Reading image: /opt/freesurfer/average/711-2C_as_mni_average_305.4dfp.img
dimensions:      256       256       256
mmppix:       1.0000   -1.0000   -1.0000
center:     128.0000 -129.0000 -129.0000
/opt/freesurfer/average/711-2B_as_mni_average_305_mask.4dfp.img
       256       256       256         1
  1.000000  1.000000  1.000000
orientation T byte_order littleendian
Reading mask: /opt/freesurfer/average/711-2B_as_mni_average_305_mask.4dfp.img (2306576 pixels)
talsrcimg_g11.4dfp.img
       256       256       256         1
  1.000000  1.000000  1.000000
orientation T byte_order littleendian
Reading image: talsrcimg_g11.4dfp.img
dimensions:      256       256       256
mmppix:       1.0000   -1.0000   -1.0000
center:     128.0000 -129.0000 -129.0000
fimgreg.f
image alignment mode   2311 decimal      907 hex
parameters
   -1.5546   11.9615   15.0226  -15.4585  -28.3866  -14.3972
   -3.7910    6.1537    3.5434   -6.1864   -2.8955    8.2425
eta,q 0.97275 11.53600
niter,ni,del,rscale     5    3    5.0000    0.8000
parameters
   -1.5326   12.2550   15.0394  -15.5867  -26.5849  -14.9598
   -3.9281    6.0498    3.4642   -6.0907   -2.9364    7.5643
eta,q 0.97303 11.59190
  0.0282  0.0280  0.0276  0.0279  0.0286  0.0275  0.0277  0.0283  0.0275  0.0280  0.0273  0.0274
  0.0277  0.0277  0.0274  0.0275  0.0281  0.0271  0.0273  0.0276  0.0272  0.0275  0.0271  0.0272
  0.0274  0.0274  0.0273  0.0273  0.0276  0.0270  0.0270  0.0271  0.0270  0.0271  0.0270  0.0270
  0.0272  0.0272  0.0272  0.0272  0.0272  0.0270  0.0270  0.0270  0.0270  0.0270  0.0270  0.0270
  0.0273  0.0272  0.0273  0.0273  0.0270  0.0272  0.0271  0.0272  0.0270  0.0270  0.0270  0.0270
  0.0277  0.0274  0.0274  0.0276  0.0271  0.0274  0.0274  0.0277  0.0272  0.0274  0.0271  0.0273
  0.0282  0.0276  0.0276  0.0280  0.0275  0.0276  0.0278  0.0284  0.0275  0.0280  0.0273  0.0278
niter,ni,del,rscale     4    3    5.0000    0.7000
parameters
   -1.5604   11.9403   14.8780  -15.4104  -25.6946  -15.1166
   -3.9379    5.9683    3.4890   -6.1897   -2.8462    7.4782
eta,q 0.97316 11.64685
  0.0277  0.0273  0.0272  0.0276  0.0280  0.0273  0.0275  0.0279  0.0273  0.0276  0.0272  0.0272
  0.0273  0.0271  0.0270  0.0272  0.0275  0.0270  0.0271  0.0273  0.0270  0.0272  0.0270  0.0271
  0.0270  0.0270  0.0270  0.0270  0.0272  0.0269  0.0269  0.0269  0.0269  0.0269  0.0269  0.0269
  0.0270  0.0270  0.0269  0.0269  0.0269  0.0268  0.0268  0.0268  0.0268  0.0268  0.0268  0.0268
  0.0271  0.0271  0.0270  0.0270  0.0268  0.0270  0.0269  0.0270  0.0269  0.0269  0.0269  0.0269
  0.0273  0.0274  0.0271  0.0272  0.0270  0.0271  0.0271  0.0274  0.0270  0.0272  0.0270  0.0270
  0.0278  0.0277  0.0273  0.0275  0.0274  0.0273  0.0275  0.0280  0.0273  0.0277  0.0271  0.0273
niter,ni,del,rscale     3    3    5.0000    0.6000
parameters
   -1.5804   11.7623   14.8149  -15.3277  -25.2154  -15.3582
   -3.9371    5.8972    3.5092   -6.3492   -2.8056    7.5946
eta,q 0.97321 11.67055
  0.0274  0.0271  0.0271  0.0273  0.0276  0.0271  0.0273  0.0276  0.0271  0.0273  0.0270  0.0271
  0.0271  0.0270  0.0269  0.0271  0.0273  0.0269  0.0270  0.0272  0.0269  0.0270  0.0269  0.0270
  0.0269  0.0269  0.0269  0.0269  0.0270  0.0268  0.0269  0.0269  0.0268  0.0268  0.0268  0.0269
  0.0268  0.0268  0.0268  0.0268  0.0268  0.0268  0.0268  0.0268  0.0268  0.0268  0.0268  0.0268
  0.0269  0.0269  0.0269  0.0269  0.0268  0.0269  0.0269  0.0269  0.0268  0.0269  0.0268  0.0268
  0.0271  0.0271  0.0270  0.0270  0.0269  0.0270  0.0270  0.0272  0.0269  0.0271  0.0269  0.0269
  0.0274  0.0274  0.0271  0.0273  0.0273  0.0272  0.0273  0.0277  0.0271  0.0274  0.0270  0.0271
niter,ni,del,rscale     2    3    5.0000    0.5000
parameters
   -1.5901   11.6449   14.7443  -15.2446  -24.8456  -15.6239
   -3.9421    5.8642    3.5168   -6.5042   -2.7303    7.7650
eta,q 0.97324 11.68637
  0.0272  0.0270  0.0269  0.0271  0.0273  0.0270  0.0271  0.0273  0.0270  0.0271  0.0269  0.0270
  0.0270  0.0269  0.0269  0.0269  0.0271  0.0269  0.0269  0.0270  0.0269  0.0269  0.0268  0.0269
  0.0268  0.0268  0.0268  0.0268  0.0269  0.0268  0.0268  0.0268  0.0268  0.0268  0.0268  0.0268
  0.0268  0.0268  0.0268  0.0268  0.0268  0.0268  0.0268  0.0268  0.0268  0.0268  0.0268  0.0268
  0.0268  0.0268  0.0268  0.0268  0.0268  0.0268  0.0268  0.0268  0.0268  0.0268  0.0268  0.0268
  0.0270  0.0270  0.0269  0.0269  0.0269  0.0270  0.0269  0.0270  0.0269  0.0270  0.0268  0.0268
  0.0272  0.0272  0.0270  0.0271  0.0272  0.0271  0.0271  0.0274  0.0270  0.0272  0.0269  0.0270
niter,ni,del,rscale     1    3    5.0000    0.4000
parameters
   -1.6008   11.5525   14.6784  -15.1644  -24.5281  -15.8445
   -3.9307    5.8343    3.5364   -6.6615   -2.6636    7.9061
eta,q 0.97327 11.70047
  0.0270  0.0269  0.0269  0.0270  0.0271  0.0269  0.0270  0.0271  0.0269  0.0270  0.0268  0.0269
  0.0269  0.0268  0.0268  0.0269  0.0270  0.0268  0.0268  0.0269  0.0268  0.0268  0.0268  0.0268
  0.0268  0.0268  0.0268  0.0268  0.0268  0.0267  0.0268  0.0268  0.0268  0.0268  0.0267  0.0268
  0.0268  0.0268  0.0268  0.0268  0.0268  0.0267  0.0267  0.0267  0.0267  0.0267  0.0267  0.0267
  0.0268  0.0268  0.0268  0.0268  0.0267  0.0268  0.0268  0.0268  0.0268  0.0268  0.0267  0.0267
  0.0269  0.0269  0.0268  0.0268  0.0268  0.0269  0.0268  0.0269  0.0268  0.0269  0.0268  0.0268
  0.0270  0.0270  0.0269  0.0269  0.0270  0.0270  0.0269  0.0271  0.0269  0.0270  0.0268  0.0269
registration optimization eta report
parameter search radius
    0.8000    0.8000    0.8000    2.4000    2.4000    2.4000
    2.4000    2.4000    2.4000    2.4000    2.4000    2.4000
100000*second partial in parameter space
       40.       30.       20.        4.        5.        4.
        4.        7.        3.        5.        2.        3.
  0.0270  0.0269  0.0269  0.0270  0.0271  0.0269  0.0270  0.0271  0.0269  0.0270  0.0268  0.0269
  0.0269  0.0268  0.0268  0.0269  0.0270  0.0268  0.0268  0.0269  0.0268  0.0268  0.0268  0.0268
  0.0268  0.0268  0.0268  0.0268  0.0268  0.0267  0.0268  0.0268  0.0268  0.0268  0.0267  0.0268
  0.0268  0.0268  0.0268  0.0268  0.0268  0.0267  0.0267  0.0267  0.0267  0.0267  0.0267  0.0267
  0.0268  0.0268  0.0268  0.0268  0.0267  0.0268  0.0268  0.0268  0.0268  0.0268  0.0267  0.0267
  0.0269  0.0269  0.0268  0.0268  0.0268  0.0269  0.0268  0.0269  0.0268  0.0269  0.0268  0.0268
  0.0270  0.0270  0.0269  0.0269  0.0270  0.0270  0.0269  0.0271  0.0269  0.0270  0.0268  0.0269
   -1.6008   11.5525   14.6784  -15.1644  -24.5281  -15.8445
   -3.9307    5.8343    3.5364   -6.6615   -2.6636    7.9061
eta,q 0.97327 11.70047

---------------------------------------------------------------------
imgreg_4dfp /opt/freesurfer/average/711-2C_as_mni_average_305 /opt/freesurfer/average/711-2B_as_mni_average_305_mask talsrcimg_g11 none talsrcimg_to_711-2C_as_mni_average_305_t4 2311
---------------------------------------------------------------------

freesurfer imgreg_4dfp.c
/opt/freesurfer/average/711-2C_as_mni_average_305.4dfp.img
       256       256       256         1
  1.000000  1.000000  1.000000
orientation T byte_order littleendian
Reading image: /opt/freesurfer/average/711-2C_as_mni_average_305.4dfp.img
dimensions:      256       256       256
mmppix:       1.0000   -1.0000   -1.0000
center:     128.0000 -129.0000 -129.0000
/opt/freesurfer/average/711-2B_as_mni_average_305_mask.4dfp.img
       256       256       256         1
  1.000000  1.000000  1.000000
orientation T byte_order littleendian
Reading mask: /opt/freesurfer/average/711-2B_as_mni_average_305_mask.4dfp.img (2306576 pixels)
talsrcimg_g11.4dfp.img
       256       256       256         1
  1.000000  1.000000  1.000000
orientation T byte_order littleendian
Reading image: talsrcimg_g11.4dfp.img
dimensions:      256       256       256
mmppix:       1.0000   -1.0000   -1.0000
center:     128.0000 -129.0000 -129.0000
fimgreg.f
image alignment mode   2311 decimal      907 hex
parameters
   -1.6008   11.5525   14.6784  -15.1644  -24.5281  -15.8445
   -3.9307    5.8343    3.5364   -6.6615   -2.6636    7.9061
eta,q 0.97327 11.70047
niter,ni,del,rscale     5    3    5.0000    0.8000
parameters
   -1.6021   11.4566   14.6425  -15.1298  -24.9895  -15.0769
   -3.8761    5.9140    3.5667   -6.8448   -2.7271    7.8949
eta,q 0.97322 11.71003
  0.0278  0.0274  0.0272  0.0275  0.0277  0.0277  0.0276  0.0282  0.0274  0.0278  0.0272  0.0273
  0.0272  0.0270  0.0269  0.0271  0.0273  0.0272  0.0272  0.0274  0.0271  0.0272  0.0269  0.0271
  0.0268  0.0268  0.0268  0.0268  0.0269  0.0269  0.0269  0.0269  0.0269  0.0269  0.0268  0.0269
  0.0267  0.0267  0.0267  0.0267  0.0267  0.0268  0.0268  0.0268  0.0268  0.0268  0.0268  0.0268
  0.0269  0.0268  0.0268  0.0268  0.0268  0.0268  0.0269  0.0270  0.0269  0.0269  0.0268  0.0268
  0.0272  0.0271  0.0270  0.0271  0.0274  0.0270  0.0271  0.0274  0.0271  0.0273  0.0270  0.0270
  0.0278  0.0276  0.0273  0.0275  0.0285  0.0272  0.0276  0.0281  0.0274  0.0280  0.0272  0.0274
niter,ni,del,rscale     4    3    5.0000    0.7000
parameters
   -1.5941   11.5205   14.8188  -15.2789  -25.0918  -14.9550
   -3.8955    5.9005    3.5998   -6.8122   -2.8011    7.8072
eta,q 0.97321 11.70084
  0.0276  0.0274  0.0273  0.0273  0.0276  0.0273  0.0274  0.0279  0.0273  0.0276  0.0271  0.0272
  0.0271  0.0271  0.0270  0.0270  0.0272  0.0270  0.0271  0.0273  0.0270  0.0272  0.0269  0.0270
  0.0269  0.0269  0.0269  0.0268  0.0269  0.0268  0.0268  0.0269  0.0268  0.0269  0.0268  0.0269
  0.0268  0.0268  0.0268  0.0268  0.0268  0.0268  0.0268  0.0268  0.0268  0.0268  0.0268  0.0268
  0.0269  0.0268  0.0268  0.0269  0.0268  0.0269  0.0269  0.0269  0.0268  0.0269  0.0268  0.0268
  0.0271  0.0270  0.0269  0.0271  0.0271  0.0271  0.0271  0.0273  0.0270  0.0271  0.0269  0.0270
  0.0276  0.0273  0.0271  0.0274  0.0279  0.0272  0.0274  0.0279  0.0273  0.0276  0.0271  0.0273
niter,ni,del,rscale     3    3    5.0000    0.6000
parameters
   -1.5884   11.5085   14.8749  -15.2961  -24.9388  -15.1772
   -3.9043    5.8848    3.6256   -6.7890   -2.8418    7.8315
eta,q 0.97323 11.70030
  0.0274  0.0272  0.0271  0.0272  0.0275  0.0271  0.0272  0.0276  0.0271  0.0274  0.0270  0.0271
  0.0270  0.0270  0.0269  0.0270  0.0272  0.0269  0.0270  0.0271  0.0269  0.0270  0.0269  0.0269
  0.0269  0.0268  0.0268  0.0268  0.0269  0.0268  0.0268  0.0269  0.0268  0.0268  0.0268  0.0268
  0.0268  0.0268  0.0268  0.0268  0.0268  0.0268  0.0268  0.0268  0.0268  0.0268  0.0268  0.0268
  0.0269  0.0268  0.0268  0.0268  0.0268  0.0269  0.0268  0.0269  0.0268  0.0268  0.0268  0.0268
  0.0270  0.0270  0.0269  0.0270  0.0270  0.0270  0.0270  0.0272  0.0269  0.0270  0.0269  0.0269
  0.0274  0.0272  0.0270  0.0272  0.0275  0.0271  0.0272  0.0276  0.0271  0.0274  0.0270  0.0271
niter,ni,del,rscale     2    3    5.0000    0.5000
parameters
   -1.5884   11.4679   14.8245  -15.2541  -24.6736  -15.4722
   -3.9204    5.8690    3.6333   -6.8467   -2.8049    7.9340
eta,q 0.97326 11.70577
  0.0272  0.0270  0.0269  0.0271  0.0273  0.0270  0.0271  0.0273  0.0270  0.0272  0.0269  0.0270
  0.0269  0.0269  0.0268  0.0269  0.0271  0.0268  0.0269  0.0270  0.0269  0.0269  0.0268  0.0269
  0.0268  0.0268  0.0268  0.0268  0.0269  0.0268  0.0268  0.0268  0.0268  0.0268  0.0268  0.0268
  0.0268  0.0268  0.0268  0.0268  0.0268  0.0268  0.0267  0.0267  0.0267  0.0267  0.0267  0.0267
  0.0268  0.0268  0.0268  0.0268  0.0268  0.0268  0.0268  0.0268  0.0268  0.0268  0.0268  0.0268
  0.0270  0.0269  0.0269  0.0269  0.0269  0.0269  0.0269  0.0270  0.0269  0.0269  0.0268  0.0268
  0.0272  0.0271  0.0270  0.0271  0.0272  0.0271  0.0271  0.0273  0.0270  0.0272  0.0269  0.0270
niter,ni,del,rscale     1    3    5.0000    0.4000
parameters
   -1.5951   11.4161   14.7478  -15.1801  -24.3977  -15.7157
   -3.9292    5.8457    3.6413   -6.9173   -2.7311    8.0381
eta,q 0.97327 11.71559
  0.0270  0.0269  0.0268  0.0270  0.0271  0.0269  0.0269  0.0271  0.0269  0.0270  0.0268  0.0269
  0.0269  0.0268  0.0268  0.0268  0.0269  0.0268  0.0268  0.0269  0.0268  0.0268  0.0268  0.0268
  0.0268  0.0268  0.0268  0.0268  0.0268  0.0267  0.0268  0.0268  0.0267  0.0268  0.0267  0.0268
  0.0267  0.0267  0.0267  0.0267  0.0267  0.0267  0.0267  0.0267  0.0267  0.0267  0.0267  0.0267
  0.0268  0.0268  0.0268  0.0268  0.0267  0.0268  0.0268  0.0268  0.0267  0.0268  0.0267  0.0267
  0.0269  0.0268  0.0268  0.0268  0.0268  0.0269  0.0268  0.0269  0.0268  0.0269  0.0268  0.0268
  0.0270  0.0270  0.0269  0.0269  0.0270  0.0270  0.0269  0.0271  0.0269  0.0270  0.0268  0.0269
registration optimization eta report
parameter search radius
    0.8000    0.8000    0.8000    2.4000    2.4000    2.4000
    2.4000    2.4000    2.4000    2.4000    2.4000    2.4000
100000*second partial in parameter space
       41.       31.       20.        4.        5.        4.
        4.        7.        3.        5.        2.        3.
  0.0270  0.0269  0.0268  0.0270  0.0271  0.0269  0.0269  0.0271  0.0269  0.0270  0.0268  0.0269
  0.0269  0.0268  0.0268  0.0268  0.0269  0.0268  0.0268  0.0269  0.0268  0.0268  0.0268  0.0268
  0.0268  0.0268  0.0268  0.0268  0.0268  0.0267  0.0268  0.0268  0.0267  0.0268  0.0267  0.0268
  0.0267  0.0267  0.0267  0.0267  0.0267  0.0267  0.0267  0.0267  0.0267  0.0267  0.0267  0.0267
  0.0268  0.0268  0.0268  0.0268  0.0267  0.0268  0.0268  0.0268  0.0267  0.0268  0.0267  0.0267
  0.0269  0.0268  0.0268  0.0268  0.0268  0.0269  0.0268  0.0269  0.0268  0.0269  0.0268  0.0268
  0.0270  0.0270  0.0269  0.0269  0.0270  0.0270  0.0269  0.0271  0.0269  0.0270  0.0268  0.0269
   -1.5951   11.4161   14.7478  -15.1801  -24.3977  -15.7157
   -3.9292    5.8457    3.6413   -6.9173   -2.7311    8.0381
eta,q 0.97327 11.71559

---------------------------------------------------------------------
compute_vox2vox talsrcimg talsrcimg_to_711-2C_as_mni_average_305_t4 /opt/freesurfer/average/711-2C_as_mni_average_305
---------------------------------------------------------------------

freesurfer compute_vox2vox.c
Reading: talsrcimg.4dfp.ifh
Reading: talsrcimg_to_711-2C_as_mni_average_305_t4
Reading: /opt/freesurfer/average/711-2C_as_mni_average_305.4dfp.ifh
Writing: talsrcimg_to_711-2C_as_mni_average_305_t4_vox2vox.txt

start time Sun Mar 8 23:44:13 CET 2026
end		time Sun Mar 8 23:44:28 CET 2026

mpr2mni305 success

avi2talxfm orig_nu.mgz /opt/freesurfer/average/mni305.cor.mgz talsrcimg_to_711-2C_as_mni_average_305_t4_vox2vox.txt transforms/talairach.auto.xfm
avi2talxfm done
mv -f /out/sourcedata/freesurfer/sub-v1s16x0051183_ses-1/mri/talsrcimg_to_711-2C_as_mni_average_305_t4_vox2vox.txt /out/sourcedata/freesurfer/sub-v1s16x0051183_ses-1/mri/transforms/talsrcimg_to_711-2C_as_mni_average_305_t4_vox2vox.txt
lta_convert --src orig_nu.mgz --trg /opt/freesurfer/average/mni305.cor.mgz --inxfm transforms/talairach.auto.xfm --outlta transforms/talairach.auto.xfm.lta --subject fsaverage
7.3.2

--src: orig_nu.mgz src image (geometry).
--trg: /opt/freesurfer/average/mni305.cor.mgz trg image (geometry).
--inmni: transforms/talairach.auto.xfm input MNI/XFM transform.
--outlta: transforms/talairach.auto.xfm.lta output LTA.
--s: fsaverage subject name
 LTA read, type : 1
 1.17357  -0.07573   0.06904   0.88660;
 0.04304   1.17342  -0.12252  -2.98775;
-0.05258   0.11101   1.30817  -13.56586;
 0.00000   0.00000   0.00000   1.00000;
setting subject to fsaverage
Writing  LTA to file transforms/talairach.auto.xfm.lta...
lta_convert successful.
 
 
Started at Sun Mar 8 23:44:12 CET 2026
Ended   at Sun Mar  8 23:44:28 CET 2026
talairach_avi done
