status file for recon-all
Mon Mar  9 02:02:04 CET 2026
#@# Tessellate lh Mon Mar  9 02:02:04 CET 2026
#@# Smooth1 lh Mon Mar  9 02:02:07 CET 2026
#@# Inflation1 lh Mon Mar  9 02:02:09 CET 2026
#@# QSphere lh Mon Mar  9 02:02:16 CET 2026
#@# Fix Topology lh Mon Mar  9 02:03:00 CET 2026
#@# Smooth2 lh Mon Mar  9 02:08:32 CET 2026
#@# Inflation2 lh Mon Mar  9 02:08:34 CET 2026
#@# Curv .H and .K lh Mon Mar  9 02:08:42 CET 2026
#@# Sphere lh Mon Mar  9 02:09:15 CET 2026
#@# Surf Reg lh Mon Mar  9 02:11:37 CET 2026
#@# Jacobian white lh Mon Mar  9 02:13:49 CET 2026
#@# AvgCurv lh Mon Mar  9 02:13:50 CET 2026
#@# Cortical Parc lh Mon Mar  9 02:13:50 CET 2026
#@# white curv lh Mon Mar  9 02:18:11 CET 2026
#@# white area lh Mon Mar  9 02:18:12 CET 2026
#@# pial curv lh Mon Mar  9 02:18:12 CET 2026
#@# pial area lh Mon Mar  9 02:18:13 CET 2026
#@# thickness lh Mon Mar  9 02:18:14 CET 2026
#@# area and vertex vol lh Mon Mar  9 02:18:35 CET 2026
#@# Curvature Stats lh Mon Mar  9 02:18:36 CET 2026
#@# Cortical Parc 2 lh Mon Mar  9 02:18:37 CET 2026
#@# Cortical Parc 3 lh Mon Mar  9 02:18:46 CET 2026
#@# WM/GM Contrast lh Mon Mar  9 02:18:54 CET 2026
recon-all -s sub-v1s16x0051195_ses-1 finished without error at Mon Mar  9 02:18:56 CET 2026



#New# invocation of recon-all 



status file for recon-all
Mon Mar  9 02:39:16 CET 2026
#@# white curv lh Mon Mar  9 02:39:16 CET 2026
#@# white area lh Mon Mar  9 02:39:16 CET 2026
#@# pial curv lh Mon Mar  9 02:39:16 CET 2026
#@# pial area lh Mon Mar  9 02:39:16 CET 2026
#@# thickness lh Mon Mar  9 02:39:16 CET 2026
#@# area and vertex vol lh Mon Mar  9 02:39:16 CET 2026
#@# Parcellation Stats lh Mon Mar  9 02:39:16 CET 2026
#@# Parcellation Stats 2 lh Mon Mar  9 02:39:27 CET 2026
#@# Parcellation Stats 3 lh Mon Mar  9 02:39:32 CET 2026
#@# BA_exvivo Labels lh Mon Mar  9 02:39:37 CET 2026
recon-all -s sub-v1s16x0051195_ses-1 finished without error at Mon Mar  9 02:41:27 CET 2026
