status file for recon-all
Mon Mar  9 02:19:00 CET 2026
#@# Tessellate rh Mon Mar  9 02:19:00 CET 2026
#@# Smooth1 rh Mon Mar  9 02:19:03 CET 2026
#@# Inflation1 rh Mon Mar  9 02:19:04 CET 2026
#@# QSphere rh Mon Mar  9 02:19:12 CET 2026
#@# Fix Topology rh Mon Mar  9 02:19:55 CET 2026
#@# Smooth2 rh Mon Mar  9 02:24:41 CET 2026
#@# Inflation2 rh Mon Mar  9 02:24:43 CET 2026
#@# Curv .H and .K rh Mon Mar  9 02:24:51 CET 2026
#@# Sphere rh Mon Mar  9 02:25:22 CET 2026
#@# Surf Reg rh Mon Mar  9 02:28:56 CET 2026
#@# Jacobian white rh Mon Mar  9 02:31:10 CET 2026
#@# AvgCurv rh Mon Mar  9 02:31:11 CET 2026
#@# Cortical Parc rh Mon Mar  9 02:31:11 CET 2026
#@# white curv rh Mon Mar  9 02:35:27 CET 2026
#@# white area rh Mon Mar  9 02:35:28 CET 2026
#@# pial curv rh Mon Mar  9 02:35:28 CET 2026
#@# pial area rh Mon Mar  9 02:35:29 CET 2026
#@# thickness rh Mon Mar  9 02:35:30 CET 2026
#@# area and vertex vol rh Mon Mar  9 02:35:49 CET 2026
#@# Curvature Stats rh Mon Mar  9 02:35:49 CET 2026
#@# Cortical Parc 2 rh Mon Mar  9 02:35:51 CET 2026
#@# Cortical Parc 3 rh Mon Mar  9 02:36:00 CET 2026
#@# WM/GM Contrast rh Mon Mar  9 02:36:07 CET 2026
recon-all -s sub-v1s16x0051195_ses-1 finished without error at Mon Mar  9 02:36:09 CET 2026



#New# invocation of recon-all 



status file for recon-all
Mon Mar  9 02:41:30 CET 2026
#@# white curv rh Mon Mar  9 02:41:30 CET 2026
#@# white area rh Mon Mar  9 02:41:30 CET 2026
#@# pial curv rh Mon Mar  9 02:41:30 CET 2026
#@# pial area rh Mon Mar  9 02:41:30 CET 2026
#@# thickness rh Mon Mar  9 02:41:30 CET 2026
#@# area and vertex vol rh Mon Mar  9 02:41:30 CET 2026
#@# Parcellation Stats rh Mon Mar  9 02:41:30 CET 2026
#@# Parcellation Stats 2 rh Mon Mar  9 02:41:40 CET 2026
#@# Parcellation Stats 3 rh Mon Mar  9 02:41:45 CET 2026
#@# BA_exvivo Labels rh Mon Mar  9 02:41:49 CET 2026
recon-all -s sub-v1s16x0051195_ses-1 finished without error at Mon Mar  9 02:43:35 CET 2026
