/out/sourcedata/freesurfer/sub-v1s16x0051189_ses-1/mri
/opt/freesurfer/bin/talairach_avi
--i orig_nu.mgz --xfm transforms/talairach.auto.xfm
talairach_avi 7.3.2
Linux dna073 5.14.0-427.37.1.el9_4.x86_64 #1 SMP PREEMPT_DYNAMIC Fri Sep 13 12:41:50 EDT 2024 x86_64 x86_64 x86_64 GNU/Linux
Mon Mar  9 00:11:30 CET 2026
mri_convert orig_nu.mgz talsrcimg.img 
reading from orig_nu.mgz...
TR=0.00, TE=0.00, TI=0.00, flip angle=0.00
i_ras = (-1, 0, 0)
j_ras = (0, 0, -1)
k_ras = (0, 1, 0)
writing to talsrcimg.img...
Analyze Output Matrix
-1.00000   0.00000   0.00000   129.42621;
 0.00000   0.00000   1.00000  -132.34781;
 0.00000  -1.00000   0.00000   133.52420;
 0.00000   0.00000   0.00000   1.00000;
--------------------
INFO: set hdr.hist.orient to -1
mpr2mni305 talsrcimg
Mon Mar  9 00:11:30 CET 2026
/opt/freesurfer/bin/mpr2mni305 talsrcimg
mpr2mni305 7.3.2
target=711-2C_as_mni_average_305

---------------------------------------------------------------------
analyzeto4dfp talsrcimg -O0 -y
---------------------------------------------------------------------

freesurfer ifh2hdr.c
Mon Mar  9 00:11:30 2026
Writing: talsrcimg.4dfp.hdr
freesurfer analyzeto4dfp.c
Reading: talsrcimg.hdr
header size 348 bytes
hdr.dime.datatype	offset=70	value=2
hdr.dime.bitpix		offset=72	value=8
hdr.hist.orient		offset=252	value=-1
dimensionality     4
dimensions       256       256       256         1
Reading: talsrcimg.img
Writing: talsrcimg.4dfp.img
Writing: talsrcimg.4dfp.ifh
ifh2hdr talsrcimg -r0to217
ori=2

---------------------------------------------------------------------
gauss_4dfp talsrcimg 1.1
---------------------------------------------------------------------

freesurfer gauss_4dfp.c
Reading: talsrcimg.4dfp.img
Writing: talsrcimg_g11.4dfp.img
image dimensions 256 256 256 padded to 288 288 288
processing volume 1freesurfer ifh2hdr.c
Mon Mar  9 00:11:32 2026
Writing: talsrcimg_g11.4dfp.hdr

Writing: talsrcimg_g11.4dfp.ifh
including: talsrcimg.4dfp.img.rec in talsrcimg_g11.4dfp.img.rec

---------------------------------------------------------------------
imgreg_4dfp /opt/freesurfer/average/711-2C_as_mni_average_305 none talsrcimg_g11 none talsrcimg_to_711-2C_as_mni_average_305_t4 4355
---------------------------------------------------------------------

freesurfer imgreg_4dfp.c
/opt/freesurfer/average/711-2C_as_mni_average_305.4dfp.img
       256       256       256         1
  1.000000  1.000000  1.000000
orientation T byte_order littleendian
Reading image: /opt/freesurfer/average/711-2C_as_mni_average_305.4dfp.img
dimensions:      256       256       256
mmppix:       1.0000   -1.0000   -1.0000
center:     128.0000 -129.0000 -129.0000
talsrcimg_g11.4dfp.img
       256       256       256         1
  1.000000  1.000000  1.000000
orientation T byte_order littleendian
Reading image: talsrcimg_g11.4dfp.img
dimensions:      256       256       256
mmppix:       1.0000   -1.0000   -1.0000
center:     128.0000 -129.0000 -129.0000
t4_read: open error in t4_sub.f l:  41 t4_file(1:l)talsrcimg_to_711-2C_as_mni_average_305_t4 
t4_read: transform initialized to I4
rotation matrix determinant  1.000000
image alignment mode   4355 decimal     1103 hex
   -7.5000  -45.0000  -45.0000 5449.8818   21.9751
    0.0000  -45.0000  -45.0000 5701.5610   21.9940
    7.5000  -45.0000  -45.0000 5438.4136   22.0342
   -7.5000  -37.5000  -45.0000 5990.9272   21.3369
    0.0000  -37.5000  -45.0000 6240.2754   21.3466
    7.5000  -37.5000  -45.0000 5960.1963   21.3818
   -7.5000  -30.0000  -45.0000 6790.4092   20.9212
    0.0000  -30.0000  -45.0000 7055.1694   20.9181
    7.5000  -30.0000  -45.0000 6748.1475   20.9514
   -7.5000  -22.5000  -45.0000 7639.0757   20.7104
    0.0000  -22.5000  -45.0000 7944.4116   20.7033
    7.5000  -22.5000  -45.0000 7587.7988   20.7365
   -7.5000  -15.0000  -45.0000 8514.2412   20.7327
    0.0000  -15.0000  -45.0000 8875.6846   20.7346
    7.5000  -15.0000  -45.0000 8471.4365   20.7695
   -7.5000   -7.5000  -45.0000 9433.0898   20.7276
    0.0000   -7.5000  -45.0000 9853.6240   20.7437
    7.5000   -7.5000  -45.0000 9385.3848   20.7818
   -7.5000    0.0000  -45.000010280.8047   20.6994
    0.0000    0.0000  -45.000010740.3594   20.7196
    7.5000    0.0000  -45.000010217.0264   20.7575
   -7.5000    7.5000  -45.000010281.4238   20.6797
    0.0000    7.5000  -45.000010730.0713   20.6893
    7.5000    7.5000  -45.000010206.7686   20.7230
   -7.5000   15.0000  -45.000010162.2783   20.6822
    0.0000   15.0000  -45.000010585.7852   20.6787
    7.5000   15.0000  -45.000010045.6475   20.7109
   -7.5000   22.5000  -45.0000 9955.5586   20.7042
    0.0000   22.5000  -45.000010364.8525   20.6971
    7.5000   22.5000  -45.0000 9826.7451   20.7302
   -7.5000   30.0000  -45.0000 9747.1201   20.4564
    0.0000   30.0000  -45.000010114.1006   20.4583
    7.5000   30.0000  -45.0000 9574.1748   20.4927
   -7.5000   37.5000  -45.0000 9851.0479   20.4514
    0.0000   37.5000  -45.000010213.6895   20.4673
    7.5000   37.5000  -45.0000 9697.4678   20.5049
   -7.5000   45.0000  -45.0000 9440.2080   19.9049
    0.0000   45.0000  -45.0000 9763.9531   19.9243
    7.5000   45.0000  -45.0000 9298.2617   19.9608
   -7.5000  -45.0000  -37.5000 5899.5835   21.8811
    0.0000  -45.0000  -37.5000 6172.4253   21.8909
    7.5000  -45.0000  -37.5000 5900.5742   21.9367
   -7.5000  -37.5000  -37.5000 6476.6025   21.2456
    0.0000  -37.5000  -37.5000 6751.8516   21.2508
    7.5000  -37.5000  -37.5000 6458.9131   21.2890
   -7.5000  -30.0000  -37.5000 7348.6460   20.8244
    0.0000  -30.0000  -37.5000 7650.5898   20.8208
    7.5000  -30.0000  -37.5000 7308.3999   20.8579
   -7.5000  -22.5000  -37.5000 8289.5391   20.6090
    0.0000  -22.5000  -37.5000 8639.1475   20.6002
    7.5000  -22.5000  -37.5000 8227.2363   20.6383
   -7.5000  -15.0000  -37.5000 9256.8936   20.6342
    0.0000  -15.0000  -37.5000 9663.2783   20.6306
    7.5000  -15.0000  -37.5000 9195.8008   20.6712
   -7.5000   -7.5000  -37.500010217.8730   20.6360
    0.0000   -7.5000  -37.500010712.4131   20.6429
    7.5000   -7.5000  -37.500010167.2441   20.6859
   -7.5000    0.0000  -37.500011080.1709   20.6119
    0.0000    0.0000  -37.500011620.7627   20.6231
    7.5000    0.0000  -37.500011032.1797   20.6646
   -7.5000    7.5000  -37.500011061.8262   20.5898
    0.0000    7.5000  -37.500011602.8535   20.5950
    7.5000    7.5000  -37.500010991.0273   20.6320
   -7.5000   15.0000  -37.500010929.4795   20.5854
    0.0000   15.0000  -37.500011437.6807   20.5811
    7.5000   15.0000  -37.500010802.1924   20.6170
   -7.5000   22.5000  -37.500010702.0508   20.6029
    0.0000   22.5000  -37.500011173.5713   20.5941
    7.5000   22.5000  -37.500010539.7598   20.6321
   -7.5000   30.0000  -37.500010455.5889   20.3592
    0.0000   30.0000  -37.500010878.9658   20.3556
    7.5000   30.0000  -37.500010256.4980   20.3958
   -7.5000   37.5000  -37.500010535.5186   20.3610
    0.0000   37.5000  -37.500010923.7129   20.3678
    7.5000   37.5000  -37.500010342.3525   20.4102
   -7.5000   45.0000  -37.500010061.6328   19.8208
    0.0000   45.0000  -37.500010429.0635   19.8315
    7.5000   45.0000  -37.5000 9884.2021   19.8715
   -7.5000  -45.0000  -30.0000 6480.2432   22.7615
    0.0000  -45.0000  -30.0000 6768.3784   22.7586
    7.5000  -45.0000  -30.0000 6465.5264   22.7943
   -7.5000  -37.5000  -30.0000 7102.5420   22.1094
    0.0000  -37.5000  -30.0000 7390.9580   22.1080
    7.5000  -37.5000  -30.0000 7066.0425   22.1354
   -7.5000  -30.0000  -30.0000 8050.0542   21.6687
    0.0000  -30.0000  -30.0000 8368.9277   21.6658
    7.5000  -30.0000  -30.0000 7987.5356   21.6939
   -7.5000  -22.5000  -30.0000 9066.9482   21.4351
    0.0000  -22.5000  -30.0000 9444.6230   21.4293
    7.5000  -22.5000  -30.0000 9002.4414   21.4612
   -7.5000  -15.0000  -30.000010124.6895   21.4521
    0.0000  -15.0000  -30.000010569.1602   21.4476
    7.5000  -15.0000  -30.000010041.0791   21.4835
   -7.5000   -7.5000  -30.000011166.4639   21.4542
    0.0000   -7.5000  -30.000011687.2119   21.4528
    7.5000   -7.5000  -30.000011099.8145   21.4891
   -7.5000    0.0000  -30.000012081.6191   21.4386
    0.0000    0.0000  -30.000012683.2500   21.4386
    7.5000    0.0000  -30.000012017.8037   21.4706
   -7.5000    7.5000  -30.000012070.8398   21.4243
    0.0000    7.5000  -30.000012656.8721   21.4233
    7.5000    7.5000  -30.000011969.3975   21.4500
   -7.5000   15.0000  -30.000011910.9971   21.4193
    0.0000   15.0000  -30.000012490.5781   21.4157
    7.5000   15.0000  -30.000011768.3096   21.4429
   -7.5000   22.5000  -30.000011664.9160   21.4265
    0.0000   22.5000  -30.000012192.8867   21.4207
    7.5000   22.5000  -30.000011468.0137   21.4526
   -7.5000   30.0000  -30.000011351.6543   21.1682
    0.0000   30.0000  -30.000011818.2568   21.1638
    7.5000   30.0000  -30.000011105.7910   21.1993
   -7.5000   37.5000  -30.000011377.3340   21.1703
    0.0000   37.5000  -30.000011836.1699   21.1690
    7.5000   37.5000  -30.000011138.7939   21.2048
   -7.5000   45.0000  -30.000010850.8643   20.6309
    0.0000   45.0000  -30.000011291.7822   20.6309
    7.5000   45.0000  -30.000010642.0918   20.6617
   -7.5000  -45.0000  -22.5000 7063.1875   23.5153
    0.0000  -45.0000  -22.5000 7352.7407   23.5078
    7.5000  -45.0000  -22.5000 7040.2852   23.5238
   -7.5000  -37.5000  -22.5000 7736.0830   22.8522
    0.0000  -37.5000  -22.5000 8030.0513   22.8478
    7.5000  -37.5000  -22.5000 7677.5757   22.8587
   -7.5000  -30.0000  -22.5000 8750.8896   22.4034
    0.0000  -30.0000  -22.5000 9108.9580   22.4017
    7.5000  -30.0000  -22.5000 8670.1797   22.4150
   -7.5000  -22.5000  -22.5000 9832.5498   22.1590
    0.0000  -22.5000  -22.500010263.1055   22.1587
    7.5000  -22.5000  -22.5000 9758.0527   22.1773
   -7.5000  -15.0000  -22.500010973.0684   22.1652
    0.0000  -15.0000  -22.500011472.6162   22.1662
    7.5000  -15.0000  -22.500010884.3838   22.1882
   -7.5000   -7.5000  -22.500012101.3330   22.1601
    0.0000   -7.5000  -22.500012677.6084   22.1601
    7.5000   -7.5000  -22.500012028.9346   22.1808
   -7.5000    0.0000  -22.500013125.7861   22.1489
    0.0000    0.0000  -22.500013769.4619   22.1458
    7.5000    0.0000  -22.500013017.7656   22.1612
   -7.5000    7.5000  -22.500013095.8037   22.1444
    0.0000    7.5000  -22.500013716.8877   22.1407
    7.5000    7.5000  -22.500012938.3271   22.1517
   -7.5000   15.0000  -22.500012912.6104   22.1460
    0.0000   15.0000  -22.500013542.6924   22.1438
    7.5000   15.0000  -22.500012704.6875   22.1567
   -7.5000   22.5000  -22.500012612.8828   22.1486
    0.0000   22.5000  -22.500013196.6006   22.1483
    7.5000   22.5000  -22.500012355.2891   22.1669
   -7.5000   30.0000  -22.500012245.9893   21.8753
    0.0000   30.0000  -22.500012774.4668   21.8762
    7.5000   30.0000  -22.500011969.8613   21.8980
   -7.5000   37.5000  -22.500012237.1113   21.8703
    0.0000   37.5000  -22.500012776.7480   21.8702
    7.5000   37.5000  -22.500011965.7021   21.8906
   -7.5000   45.0000  -22.500011679.4170   21.3305
    0.0000   45.0000  -22.500012208.2188   21.3275
    7.5000   45.0000  -22.500011424.2441   21.3423
   -7.5000  -45.0000  -15.0000 7678.5293   24.0607
    0.0000  -45.0000  -15.0000 7973.6294   24.0619
    7.5000  -45.0000  -15.0000 7621.4941   24.0697
   -7.5000  -37.5000  -15.0000 8412.3252   23.3831
    0.0000  -37.5000  -15.0000 8736.3145   23.3824
    7.5000  -37.5000  -15.0000 8336.8750   23.3879
   -7.5000  -30.0000  -15.0000 9507.2949   22.9328
    0.0000  -30.0000  -15.0000 9898.1553   22.9306
    7.5000  -30.0000  -15.0000 9427.9492   22.9376
   -7.5000  -22.5000  -15.000010645.7617   22.6892
    0.0000  -22.5000  -15.000011124.9785   22.6899
    7.5000  -22.5000  -15.000010583.4053   22.7007
   -7.5000  -15.0000  -15.000011873.6162   22.6922
    0.0000  -15.0000  -15.000012409.7480   22.6983
    7.5000  -15.0000  -15.000011800.5791   22.7117
   -7.5000   -7.5000  -15.000013101.7041   22.6784
    0.0000   -7.5000  -15.000013701.5918   22.6873
    7.5000   -7.5000  -15.000013003.1025   22.7007
   -7.5000    0.0000  -15.000014208.3018   22.6616
    0.0000    0.0000  -15.000014882.9248   22.6672
    7.5000    0.0000  -15.000014082.0479   22.6768
   -7.5000    7.5000  -15.000014154.0508   22.6599
    0.0000    7.5000  -15.000014809.1572   22.6597
    7.5000    7.5000  -15.000013939.6416   22.6653
   -7.5000   15.0000  -15.000013931.1836   22.6701
    0.0000   15.0000  -15.000014584.5938   22.6677
    7.5000   15.0000  -15.000013636.1846   22.6745
   -7.5000   22.5000  -15.000013533.8369   22.6775
    0.0000   22.5000  -15.000014164.1533   22.6782
    7.5000   22.5000  -15.000013248.5312   22.6890
   -7.5000   30.0000  -15.000013115.6191   22.3985
    0.0000   30.0000  -15.000013715.9062   22.4046
    7.5000   30.0000  -15.000012835.8574   22.4178
   -7.5000   37.5000  -15.000013096.0684   22.3849
    0.0000   37.5000  -15.000013711.2637   22.3937
    7.5000   37.5000  -15.000012814.3428   22.4069
   -7.5000   45.0000  -15.000012488.9395   21.8374
    0.0000   45.0000  -15.000013083.7588   21.8428
    7.5000   45.0000  -15.000012196.4219   21.8521
   -7.5000  -45.0000   -7.5000 8336.2051   24.3545
    0.0000  -45.0000   -7.5000 8652.8164   24.3705
    7.5000  -45.0000   -7.5000 8258.0371   24.3942
   -7.5000  -37.5000   -7.5000 9140.8223   23.6579
    0.0000  -37.5000   -7.5000 9507.2207   23.6654
    7.5000  -37.5000   -7.5000 9054.6543   23.6862
   -7.5000  -30.0000   -7.500010323.4189   23.2025
    0.0000  -30.0000   -7.500010750.2969   23.1999
    7.5000  -30.0000   -7.500010249.6318   23.2193
   -7.5000  -22.5000   -7.500011550.6104   22.9642
    0.0000  -22.5000   -7.500012024.5518   22.9611
    7.5000  -22.5000   -7.500011472.6523   22.9818
   -7.5000  -15.0000   -7.500012835.6709   22.9762
    0.0000  -15.0000   -7.500013364.7051   22.9826
    7.5000  -15.0000   -7.500012754.3359   23.0054
   -7.5000   -7.5000   -7.500014148.8896   22.9627
    0.0000   -7.5000   -7.500014723.7197   22.9807
    7.5000   -7.5000   -7.500014058.2207   23.0061
   -7.5000    0.0000   -7.500015333.0752   22.9369
    0.0000    0.0000   -7.500015996.9873   22.9557
    7.5000    0.0000   -7.500015215.2920   22.9800
   -7.5000    7.5000   -7.500015293.9727   22.9268
    0.0000    7.5000   -7.500015965.2490   22.9344
    7.5000    7.5000   -7.500015087.1016   22.9544
   -7.5000   15.0000   -7.500015041.1182   22.9370
    0.0000   15.0000   -7.500015685.8145   22.9341
    7.5000   15.0000   -7.500014716.3818   22.9530
   -7.5000   22.5000   -7.500014537.9717   22.9499
    0.0000   22.5000   -7.500015155.0703   22.9467
    7.5000   22.5000   -7.500014248.9336   22.9674
   -7.5000   30.0000   -7.500014022.7852   22.6782
    0.0000   30.0000   -7.500014642.5596   22.6846
    7.5000   30.0000   -7.500013758.1328   22.7071
   -7.5000   37.5000   -7.500013986.2959   22.6649
    0.0000   37.5000   -7.500014605.4160   22.6827
    7.5000   37.5000   -7.500013680.4717   22.7077
   -7.5000   45.0000   -7.500013299.1084   22.1069
    0.0000   45.0000   -7.500013885.7393   22.1250
    7.5000   45.0000   -7.500012984.2217   22.1484
   -7.5000  -45.0000    0.0000 8895.6494   24.4359
    0.0000  -45.0000    0.0000 9254.1621   24.4573
    7.5000  -45.0000    0.0000 8832.2676   24.5023
   -7.5000  -37.5000    0.0000 9760.6523   23.7242
    0.0000  -37.5000    0.000010168.1094   23.7354
    7.5000  -37.5000    0.0000 9700.1006   23.7751
   -7.5000  -30.0000    0.000011038.2646   23.2591
    0.0000  -30.0000    0.000011483.7344   23.2560
    7.5000  -30.0000    0.000010967.9473   23.2936
   -7.5000  -22.5000    0.000012361.8438   23.0234
    0.0000  -22.5000    0.000012822.9023   23.0157
    7.5000  -22.5000    0.000012235.9941   23.0530
   -7.5000  -15.0000    0.000013691.2080   23.0487
    0.0000  -15.0000    0.000014211.4570   23.0508
    7.5000  -15.0000    0.000013589.6357   23.0897
   -7.5000   -7.5000    0.000015036.3398   23.0439
    0.0000   -7.5000    0.000015600.8760   23.0619
    7.5000   -7.5000    0.000014955.1113   23.1043
   -7.5000    0.0000    0.000016368.8789   23.0130
    0.0000    0.0000    0.000016967.0273   23.0357
    7.5000    0.0000    0.000016233.1387   23.0783
   -7.5000    7.5000    0.000016418.6836   22.9907
    0.0000    7.5000    0.000017052.7031   23.0017
    7.5000    7.5000    0.000016145.6104   23.0398
   -7.5000   15.0000    0.000016120.0469   22.9925
    0.0000   15.0000    0.000016704.2598   22.9890
    7.5000   15.0000    0.000015714.6709   23.0254
   -7.5000   22.5000    0.000015507.4492   23.0090
    0.0000   22.5000    0.000016035.0498   23.0014
    7.5000   22.5000    0.000015166.3428   23.0386
   -7.5000   30.0000    0.000014912.3320   22.7504
    0.0000   30.0000    0.000015456.3594   22.7525
    7.5000   30.0000    0.000014617.6611   22.7909
   -7.5000   37.5000    0.000014834.8486   22.7457
    0.0000   37.5000    0.000015389.7422   22.7634
    7.5000   37.5000    0.000014500.9160   22.8053
   -7.5000   45.0000    0.000014041.4453   22.1819
    0.0000   45.0000    0.000014587.2383   22.2038
    7.5000   45.0000    0.000013703.0625   22.2448
   -7.5000  -45.0000    7.5000 8729.7256   24.4546
    0.0000  -45.0000    7.5000 9104.7119   24.4657
    7.5000  -45.0000    7.5000 8656.2061   24.5167
   -7.5000  -37.5000    7.5000 9598.5000   23.7420
    0.0000  -37.5000    7.500010009.9033   23.7479
    7.5000  -37.5000    7.5000 9524.0752   23.7906
   -7.5000  -30.0000    7.500010875.5107   23.2693
    0.0000  -30.0000    7.500011298.8291   23.2654
    7.5000  -30.0000    7.500010768.4990   23.3068
   -7.5000  -22.5000    7.500012172.4463   23.0282
    0.0000  -22.5000    7.500012590.2021   23.0185
    7.5000  -22.5000    7.500011993.3408   23.0611
   -7.5000  -15.0000    7.500013441.5332   23.0564
    0.0000  -15.0000    7.500013888.7256   23.0525
    7.5000  -15.0000    7.500013284.3252   23.0978
   -7.5000   -7.5000    7.500014726.1270   23.0586
    0.0000   -7.5000    7.500015207.5947   23.0663
    7.5000   -7.5000    7.500014594.4766   23.1143
   -7.5000    0.0000    7.500016072.8789   23.0317
    0.0000    0.0000    7.500016576.3242   23.0443
    7.5000    0.0000    7.500015863.9482   23.0906
   -7.5000    7.5000    7.500016112.8223   23.0069
    0.0000    7.5000    7.500016646.9707   23.0128
    7.5000    7.5000    7.500015841.1143   23.0541
   -7.5000   15.0000    7.500015677.4121   23.0019
    0.0000   15.0000    7.500016151.5938   22.9972
    7.5000   15.0000    7.500015452.0020   23.0373
   -7.5000   22.5000    7.500015061.6367   23.0139
    0.0000   22.5000    7.500015492.7207   23.0042
    7.5000   22.5000    7.500014931.4707   23.0467
   -7.5000   30.0000    7.500014551.4219   22.7580
    0.0000   30.0000    7.500015000.0674   22.7542
    7.5000   30.0000    7.500014411.3506   22.7989
   -7.5000   37.5000    7.500014514.0020   22.7601
    0.0000   37.5000    7.500014969.6123   22.7678
    7.5000   37.5000    7.500014289.3516   22.8152
   -7.5000   45.0000    7.500013715.2988   22.1999
    0.0000   45.0000    7.500014153.7588   22.2120
    7.5000   45.0000    7.500013433.0537   22.2567
   -7.5000  -45.0000   15.0000 8477.1533   24.4421
    0.0000  -45.0000   15.0000 8816.9961   24.4390
    7.5000  -45.0000   15.0000 8369.3301   24.4774
   -7.5000  -37.5000   15.0000 9310.5195   23.7419
    0.0000  -37.5000   15.0000 9718.3672   23.7404
    7.5000  -37.5000   15.0000 9213.3184   23.7697
   -7.5000  -30.0000   15.000010546.8955   23.2686
    0.0000  -30.0000   15.000010979.3203   23.2655
    7.5000  -30.0000   15.000010422.6191   23.2957
   -7.5000  -22.5000   15.000011799.8896   23.0177
    0.0000  -22.5000   15.000012252.1318   23.0115
    7.5000  -22.5000   15.000011616.3164   23.0458
   -7.5000  -15.0000   15.000013034.4766   23.0360
    0.0000  -15.0000   15.000013506.7227   23.0312
    7.5000  -15.0000   15.000012849.9375   23.0698
   -7.5000   -7.5000   15.000014263.6572   23.0382
    0.0000   -7.5000   15.000014732.5410   23.0368
    7.5000   -7.5000   15.000014096.4043   23.0758
   -7.5000    0.0000   15.000015468.4639   23.0215
    0.0000    0.0000   15.000015920.8047   23.0215
    7.5000    0.0000   15.000015280.2666   23.0559
   -7.5000    7.5000   15.000015424.0449   23.0061
    0.0000    7.5000   15.000015851.6924   23.0050
    7.5000    7.5000   15.000015268.6113   23.0338
   -7.5000   15.0000   15.000015055.1875   23.0008
    0.0000   15.0000   15.000015411.8164   22.9969
    7.5000   15.0000   15.000015006.1836   23.0262
   -7.5000   22.5000   15.000014519.9990   23.0034
    0.0000   22.5000   15.000014861.5586   22.9972
    7.5000   22.5000   15.000014509.3047   23.0314
   -7.5000   30.0000   15.000014080.5186   22.7379
    0.0000   30.0000   15.000014461.8252   22.7331
    7.5000   30.0000   15.000013976.6260   22.7712
   -7.5000   37.5000   15.000014011.3936   22.7401
    0.0000   37.5000   15.000014443.2285   22.7387
    7.5000   37.5000   15.000013811.5908   22.7772
   -7.5000   45.0000   15.000013196.8584   22.1901
    0.0000   45.0000   15.000013626.4072   22.1901
    7.5000   45.0000   15.000012931.5146   22.2232
   -7.5000  -45.0000   22.5000 8114.1201   24.4107
    0.0000  -45.0000   22.5000 8473.7168   24.4030
    7.5000  -45.0000   22.5000 8022.1201   24.4196
   -7.5000  -37.5000   22.5000 8904.8066   23.7224
    0.0000  -37.5000   22.5000 9302.7773   23.7179
    7.5000  -37.5000   22.5000 8828.3867   23.7292
   -7.5000  -30.0000   22.500010089.4043   23.2565
    0.0000  -30.0000   22.500010515.3545   23.2547
    7.5000  -30.0000   22.5000 9998.5078   23.2686
   -7.5000  -22.5000   22.500011296.2051   23.0028
    0.0000  -22.5000   22.500011760.7471   23.0025
    7.5000  -22.5000   22.500011181.5117   23.0218
   -7.5000  -15.0000   22.500012490.3281   23.0092
    0.0000  -15.0000   22.500012985.0273   23.0103
    7.5000  -15.0000   22.500012355.4746   23.0332
   -7.5000   -7.5000   22.500013678.5547   23.0040
    0.0000   -7.5000   22.500014179.0645   23.0039
    7.5000   -7.5000   22.500013524.2510   23.0254
   -7.5000    0.0000   22.500014776.2236   22.9923
    0.0000    0.0000   22.500015308.3643   22.9892
    7.5000    0.0000   22.500014614.8389   23.0051
   -7.5000    7.5000   22.500014671.2939   22.9876
    0.0000    7.5000   22.500015230.4062   22.9838
    7.5000    7.5000   22.500014555.1104   22.9952
   -7.5000   15.0000   22.500014434.7227   22.9893
    0.0000   15.0000   22.500014956.9980   22.9870
    7.5000   15.0000   22.500014315.1396   23.0005
   -7.5000   22.5000   22.500014055.6025   22.9885
    0.0000   22.5000   22.500014533.7324   22.9882
    7.5000   22.5000   22.500013908.1113   23.0075
   -7.5000   30.0000   22.500013551.5938   22.7114
    0.0000   30.0000   22.500014019.2773   22.7125
    7.5000   30.0000   22.500013374.9893   22.7351
   -7.5000   37.5000   22.500013403.0938   22.7063
    0.0000   37.5000   22.500013883.7139   22.7062
    7.5000   37.5000   22.500013208.3193   22.7274
   -7.5000   45.0000   22.500012547.0859   22.1619
    0.0000   45.0000   22.500012999.9160   22.1589
    7.5000   45.0000   22.500012350.7471   22.1743
   -7.5000  -45.0000   30.0000 7662.3384   24.3909
    0.0000  -45.0000   30.0000 8003.6465   24.3922
    7.5000  -45.0000   30.0000 7618.2202   24.4000
   -7.5000  -37.5000   30.0000 8393.5723   23.7040
    0.0000  -37.5000   30.0000 8786.2930   23.7033
    7.5000  -37.5000   30.0000 8354.2842   23.7089
   -7.5000  -30.0000   30.0000 9485.4463   23.2475
    0.0000  -30.0000   30.0000 9961.8008   23.2453
    7.5000  -30.0000   30.0000 9430.2725   23.2524
   -7.5000  -22.5000   30.000010611.7422   23.0006
    0.0000  -22.5000   30.000011161.3203   23.0013
    7.5000  -22.5000   30.000010545.3867   23.0123
   -7.5000  -15.0000   30.000011749.7246   23.0036
    0.0000  -15.0000   30.000012351.8184   23.0098
    7.5000  -15.0000   30.000011657.5498   23.0234
   -7.5000   -7.5000   30.000012897.8398   22.9896
    0.0000   -7.5000   30.000013502.3799   22.9986
    7.5000   -7.5000   30.000012765.2471   23.0122
   -7.5000    0.0000   30.000013935.4746   22.9726
    0.0000    0.0000   30.000014546.2178   22.9783
    7.5000    0.0000   30.000013802.0254   22.9880
   -7.5000    7.5000   30.000013850.3633   22.9709
    0.0000    7.5000   30.000014444.7598   22.9707
    7.5000    7.5000   30.000013758.7695   22.9764
   -7.5000   15.0000   30.000013626.2031   22.9812
    0.0000   15.0000   30.000014192.6748   22.9787
    7.5000   15.0000   30.000013522.7666   22.9857
   -7.5000   22.5000   30.000013301.5801   22.9862
    0.0000   22.5000   30.000013817.8701   22.9870
    7.5000   22.5000   30.000013165.6289   22.9979
   -7.5000   30.0000   30.000012854.8027   22.7059
    0.0000   30.0000   30.000013314.5801   22.7120
    7.5000   30.0000   30.000012693.7725   22.7254
   -7.5000   37.5000   30.000012722.5410   22.6921
    0.0000   37.5000   30.000013168.8467   22.7010
    7.5000   37.5000   30.000012526.5762   22.7144
   -7.5000   45.0000   30.000011860.1406   22.1430
    0.0000   45.0000   30.000012282.6641   22.1484
    7.5000   45.0000   30.000011681.6162   22.1578
   -7.5000  -45.0000   37.5000 7448.4707   24.4642
    0.0000  -45.0000   37.5000 7778.6436   24.4805
    7.5000  -45.0000   37.5000 7397.1958   24.5044
   -7.5000  -37.5000   37.5000 8162.2822   23.7628
    0.0000  -37.5000   37.5000 8561.4326   23.7705
    7.5000  -37.5000   37.5000 8114.9746   23.7915
   -7.5000  -30.0000   37.5000 9226.6973   23.3039
    0.0000  -30.0000   37.5000 9699.9199   23.3016
    7.5000  -30.0000   37.5000 9160.2363   23.3211
   -7.5000  -22.5000   37.500010311.0146   23.0638
    0.0000  -22.5000   37.500010845.0225   23.0609
    7.5000  -22.5000   37.500010248.2207   23.0818
   -7.5000  -15.0000   37.500011429.0869   23.0760
    0.0000  -15.0000   37.500011982.2939   23.0828
    7.5000  -15.0000   37.500011323.9365   23.1057
   -7.5000   -7.5000   37.500012530.2754   23.0627
    0.0000   -7.5000   37.500013091.9160   23.0811
    7.5000   -7.5000   37.500012383.9150   23.1066
   -7.5000    0.0000   37.500013523.4043   23.0370
    0.0000    0.0000   37.500014102.9023   23.0561
    7.5000    0.0000   37.500013366.8545   23.0806
   -7.5000    7.5000   37.500013431.8838   23.0267
    0.0000    7.5000   37.500013970.3467   23.0346
    7.5000    7.5000   37.500013310.8945   23.0547
   -7.5000   15.0000   37.500013213.5693   23.0367
    0.0000   15.0000   37.500013709.5928   23.0340
    7.5000   15.0000   37.500013106.4443   23.0530
   -7.5000   22.5000   37.500012898.0264   23.0494
    0.0000   22.5000   37.500013390.9941   23.0465
    7.5000   22.5000   37.500012764.5020   23.0673
   -7.5000   30.0000   37.500012482.6143   22.7773
    0.0000   30.0000   37.500012964.2305   22.7841
    7.5000   30.0000   37.500012348.1943   22.8067
   -7.5000   37.5000   37.500012384.2861   22.7642
    0.0000   37.5000   37.500012842.3809   22.7824
    7.5000   37.5000   37.500012218.2207   22.8076
   -7.5000   45.0000   37.500011536.2510   22.2050
    0.0000   45.0000   37.500011980.6631   22.2234
    7.5000   45.0000   37.500011385.9258   22.2470
   -7.5000  -45.0000   45.0000 6886.7412   24.5099
    0.0000  -45.0000   45.0000 7162.7241   24.5320
    7.5000  -45.0000   45.0000 6820.2197   24.5778
   -7.5000  -37.5000   45.0000 7564.3013   23.7923
    0.0000  -37.5000   45.0000 7894.7827   23.8042
    7.5000  -37.5000   45.0000 7482.4487   23.8447
   -7.5000  -30.0000   45.0000 8554.8271   23.3232
    0.0000  -30.0000   45.0000 8946.6641   23.3211
    7.5000  -30.0000   45.0000 8453.1816   23.3595
   -7.5000  -22.5000   45.0000 9559.1172   23.0855
    0.0000  -22.5000   45.0000 9994.3818   23.0788
    7.5000  -22.5000   45.0000 9446.4121   23.1169
   -7.5000  -15.0000   45.000010566.5645   23.1117
    0.0000  -15.0000   45.000011025.6875   23.1148
    7.5000  -15.0000   45.000010416.7451   23.1545
   -7.5000   -7.5000   45.000011560.2012   23.1066
    0.0000   -7.5000   45.000012039.5977   23.1253
    7.5000   -7.5000   45.000011384.4678   23.1685
   -7.5000    0.0000   45.000012439.7783   23.0744
    0.0000    0.0000   45.000012949.6299   23.0977
    7.5000    0.0000   45.000012282.7725   23.1409
   -7.5000    7.5000   45.000012334.1270   23.0513
    0.0000    7.5000   45.000012798.3906   23.0630
    7.5000    7.5000   45.000012202.2783   23.1018
   -7.5000   15.0000   45.000012119.4746   23.0535
    0.0000   15.0000   45.000012561.9404   23.0508
    7.5000   15.0000   45.000012006.1055   23.0881
   -7.5000   22.5000   45.000011864.1436   23.0710
    0.0000   22.5000   45.000012302.5547   23.0643
    7.5000   22.5000   45.000011734.1445   23.1024
   -7.5000   30.0000   45.000011517.9131   22.8106
    0.0000   30.0000   45.000011964.4463   22.8137
    7.5000   30.0000   45.000011403.9463   22.8528
   -7.5000   37.5000   45.000011436.4443   22.8056
    0.0000   37.5000   45.000011879.2178   22.8241
    7.5000   37.5000   45.000011309.7178   22.8667
   -7.5000   45.0000   45.000010672.8594   22.2511
    0.0000   45.0000   45.000011089.8291   22.2736
    7.5000   45.0000   45.000010550.5098   22.3153

---------------------------------------------------------------------
imgreg_4dfp /opt/freesurfer/average/711-2C_as_mni_average_305 /opt/freesurfer/average/711-2B_as_mni_average_305_mask talsrcimg_g11 none talsrcimg_to_711-2C_as_mni_average_305_t4 4355
---------------------------------------------------------------------

freesurfer imgreg_4dfp.c
/opt/freesurfer/average/711-2C_as_mni_average_305.4dfp.img
       256       256       256         1
  1.000000  1.000000  1.000000
orientation T byte_order littleendian
Reading image: /opt/freesurfer/average/711-2C_as_mni_average_305.4dfp.img
dimensions:      256       256       256
mmppix:       1.0000   -1.0000   -1.0000
center:     128.0000 -129.0000 -129.0000
/opt/freesurfer/average/711-2B_as_mni_average_305_mask.4dfp.img
       256       256       256         1
  1.000000  1.000000  1.000000
orientation T byte_order littleendian
Reading mask: /opt/freesurfer/average/711-2B_as_mni_average_305_mask.4dfp.img (2306576 pixels)
talsrcimg_g11.4dfp.img
       256       256       256         1
  1.000000  1.000000  1.000000
orientation T byte_order littleendian
Reading image: talsrcimg_g11.4dfp.img
dimensions:      256       256       256
mmppix:       1.0000   -1.0000   -1.0000
center:     128.0000 -129.0000 -129.0000
rotation matrix determinant  1.000000
image alignment mode   4355 decimal     1103 hex
   -7.5000  -37.5000  -45.0000 1736.3455   35.0448
    0.0000  -37.5000  -45.0000 1744.9977   35.2106
    7.5000  -37.5000  -45.0000 1726.1851   35.8266
   -7.5000  -30.0000  -45.0000 1846.5498   30.9820
    0.0000  -30.0000  -45.0000 1843.9744   30.9396
    7.5000  -30.0000  -45.0000 1825.8267   31.5267
   -7.5000  -22.5000  -45.0000 1941.0808   27.9729
    0.0000  -22.5000  -45.0000 1947.7693   27.9366
    7.5000  -22.5000  -45.0000 1926.3131   28.3730
   -7.5000  -15.0000  -45.0000 2023.5256   25.7297
    0.0000  -15.0000  -45.0000 2038.4724   25.7212
    7.5000  -15.0000  -45.0000 2015.1726   26.0996
   -7.5000   -7.5000  -45.0000 2104.7717   24.0431
    0.0000   -7.5000  -45.0000 2118.7231   24.0917
    7.5000   -7.5000  -45.0000 2095.2788   24.4240
   -7.5000    0.0000  -45.0000 2159.6738   22.8467
    0.0000    0.0000  -45.0000 2169.7896   22.8643
    7.5000    0.0000  -45.0000 2144.6682   23.1791
   -7.5000    7.5000  -45.0000 2188.2417   22.0049
    0.0000    7.5000  -45.0000 2193.6799   21.9893
    7.5000    7.5000  -45.0000 2173.8064   22.3314
   -7.5000   15.0000  -45.0000 2192.4253   21.5373
    0.0000   15.0000  -45.0000 2194.9414   21.4871
    7.5000   15.0000  -45.0000 2175.1892   21.8611
   -7.5000   22.5000  -45.0000 2178.2595   21.5474
    0.0000   22.5000  -45.0000 2182.2595   21.5258
    7.5000   22.5000  -45.0000 2160.6946   21.8515
   -7.5000   30.0000  -45.0000 2159.6277   21.8757
    0.0000   30.0000  -45.0000 2160.1531   21.7987
    7.5000   30.0000  -45.0000 2135.4121   22.1854
   -7.5000   37.5000  -45.0000 2133.7539   22.5464
    0.0000   37.5000  -45.0000 2134.8809   22.4529
    7.5000   37.5000  -45.0000 2106.5945   22.8725
   -7.5000   45.0000  -45.0000 2094.0610   23.5033
    0.0000   45.0000  -45.0000 2093.9956   23.4726
    7.5000   45.0000  -45.0000 2067.9348   23.9874
   -7.5000   52.5000  -45.0000 2020.1746   24.8754
    0.0000   52.5000  -45.0000 2017.4485   24.8508
    7.5000   52.5000  -45.0000 1990.6246   25.4685
   -7.5000  -37.5000  -37.5000 1820.7158   31.8293
    0.0000  -37.5000  -37.5000 1824.2389   31.9218
    7.5000  -37.5000  -37.5000 1805.5907   32.4597
   -7.5000  -30.0000  -37.5000 1933.7981   28.0745
    0.0000  -30.0000  -37.5000 1933.8441   28.1610
    7.5000  -30.0000  -37.5000 1913.7130   28.6018
   -7.5000  -22.5000  -37.5000 2035.6741   25.3762
    0.0000  -22.5000  -37.5000 2040.7323   25.4930
    7.5000  -22.5000  -37.5000 2017.7942   25.8124
   -7.5000  -15.0000  -37.5000 2125.5039   23.3817
    0.0000  -15.0000  -37.5000 2136.7483   23.5019
    7.5000  -15.0000  -37.5000 2113.7542   23.7968
   -7.5000   -7.5000  -37.5000 2203.5181   21.9097
    0.0000   -7.5000  -37.5000 2218.8147   22.0518
    7.5000   -7.5000  -37.5000 2194.8652   22.2543
   -7.5000    0.0000  -37.5000 2255.5212   20.8262
    0.0000    0.0000  -37.5000 2264.1990   20.9123
    7.5000    0.0000  -37.5000 2241.7847   21.1013
   -7.5000    7.5000  -37.5000 2288.9634   20.0132
    0.0000    7.5000  -37.5000 2295.8164   20.0777
    7.5000    7.5000  -37.5000 2270.7507   20.3093
   -7.5000   15.0000  -37.5000 2299.4390   19.5869
    0.0000   15.0000  -37.5000 2304.8821   19.5905
    7.5000   15.0000  -37.5000 2277.1338   19.8884
   -7.5000   22.5000  -37.5000 2287.4033   19.5598
    0.0000   22.5000  -37.5000 2293.1389   19.5556
    7.5000   22.5000  -37.5000 2263.6602   19.8240
   -7.5000   30.0000  -37.5000 2269.6438   19.8524
    0.0000   30.0000  -37.5000 2267.3069   19.8286
    7.5000   30.0000  -37.5000 2244.0237   20.1329
   -7.5000   37.5000  -37.5000 2242.2668   20.4542
    0.0000   37.5000  -37.5000 2239.7966   20.4233
    7.5000   37.5000  -37.5000 2217.9302   20.7801
   -7.5000   45.0000  -37.5000 2200.2854   21.3738
    0.0000   45.0000  -37.5000 2198.1438   21.3665
    7.5000   45.0000  -37.5000 2172.8713   21.8025
   -7.5000   52.5000  -37.5000 2121.3030   22.7123
    0.0000   52.5000  -37.5000 2117.8674   22.6893
    7.5000   52.5000  -37.5000 2090.2278   23.2166
   -7.5000  -37.5000  -30.0000 1927.0450   30.0245
    0.0000  -37.5000  -30.0000 1927.7112   30.0264
    7.5000  -37.5000  -30.0000 1909.6078   30.5423
   -7.5000  -30.0000  -30.0000 2048.7063   26.5458
    0.0000  -30.0000  -30.0000 2048.8223   26.5554
    7.5000  -30.0000  -30.0000 2024.9196   27.0223
   -7.5000  -22.5000  -30.0000 2157.8809   23.9361
    0.0000  -22.5000  -30.0000 2161.1584   24.0416
    7.5000  -22.5000  -30.0000 2136.3989   24.3952
   -7.5000  -15.0000  -30.0000 2257.7390   22.0399
    0.0000  -15.0000  -30.0000 2264.4038   22.1797
    7.5000  -15.0000  -30.0000 2238.0576   22.4267
   -7.5000   -7.5000  -30.0000 2339.7957   20.6547
    0.0000   -7.5000  -30.0000 2350.3835   20.8045
    7.5000   -7.5000  -30.0000 2326.3984   20.9916
   -7.5000    0.0000  -30.0000 2390.1956   19.6487
    0.0000    0.0000  -30.0000 2402.6023   19.7608
    7.5000    0.0000  -30.0000 2376.8079   19.9228
   -7.5000    7.5000  -30.0000 2430.2288   18.9017
    0.0000    7.5000  -30.0000 2435.3425   18.9816
    7.5000    7.5000  -30.0000 2406.1162   19.2078
   -7.5000   15.0000  -30.0000 2447.1379   18.4909
    0.0000   15.0000  -30.0000 2450.3372   18.5397
    7.5000   15.0000  -30.0000 2424.4202   18.7884
   -7.5000   22.5000  -30.0000 2449.8411   18.4286
    0.0000   22.5000  -30.0000 2451.1345   18.4685
    7.5000   22.5000  -30.0000 2417.8267   18.7105
   -7.5000   30.0000  -30.0000 2434.1887   18.7092
    0.0000   30.0000  -30.0000 2431.3267   18.7302
    7.5000   30.0000  -30.0000 2396.9695   18.9830
   -7.5000   37.5000  -30.0000 2407.0332   19.2952
    0.0000   37.5000  -30.0000 2403.1777   19.3166
    7.5000   37.5000  -30.0000 2371.6130   19.6027
   -7.5000   45.0000  -30.0000 2352.8120   20.2608
    0.0000   45.0000  -30.0000 2352.4478   20.3043
    7.5000   45.0000  -30.0000 2322.1038   20.6332
   -7.5000   52.5000  -30.0000 2263.4209   21.5509
    0.0000   52.5000  -30.0000 2261.1301   21.5860
    7.5000   52.5000  -30.0000 2230.3970   22.0075
   -7.5000  -37.5000  -22.5000 2006.8994   28.2949
    0.0000  -37.5000  -22.5000 2007.4130   28.2013
    7.5000  -37.5000  -22.5000 1988.9824   28.7141
   -7.5000  -30.0000  -22.5000 2135.0964   24.9886
    0.0000  -30.0000  -22.5000 2137.0540   24.9605
    7.5000  -30.0000  -22.5000 2111.9688   25.3942
   -7.5000  -22.5000  -22.5000 2253.6648   22.4844
    0.0000  -22.5000  -22.5000 2260.1265   22.6004
    7.5000  -22.5000  -22.5000 2233.9409   22.8670
   -7.5000  -15.0000  -22.5000 2358.3831   20.6445
    0.0000  -15.0000  -22.5000 2370.4861   20.8062
    7.5000  -15.0000  -22.5000 2339.8208   21.0265
   -7.5000   -7.5000  -22.5000 2449.2061   19.2645
    0.0000   -7.5000  -22.5000 2462.9204   19.4300
    7.5000   -7.5000  -22.5000 2433.0103   19.5705
   -7.5000    0.0000  -22.5000 2511.5894   18.3330
    0.0000    0.0000  -22.5000 2522.0100   18.4341
    7.5000    0.0000  -22.5000 2491.1387   18.5700
   -7.5000    7.5000  -22.5000 2553.3442   17.7037
    0.0000    7.5000  -22.5000 2556.4805   17.7712
    7.5000    7.5000  -22.5000 2524.1604   17.9565
   -7.5000   15.0000  -22.5000 2575.2815   17.3234
    0.0000   15.0000  -22.5000 2575.7896   17.3925
    7.5000   15.0000  -22.5000 2543.5486   17.5726
   -7.5000   22.5000  -22.5000 2589.8215   17.2510
    0.0000   22.5000  -22.5000 2585.4292   17.3011
    7.5000   22.5000  -22.5000 2546.6768   17.5404
   -7.5000   30.0000  -22.5000 2577.3235   17.4897
    0.0000   30.0000  -22.5000 2574.8784   17.5443
    7.5000   30.0000  -22.5000 2534.5271   17.7933
   -7.5000   37.5000  -22.5000 2547.2893   18.0850
    0.0000   37.5000  -22.5000 2551.1016   18.1542
    7.5000   37.5000  -22.5000 2510.7249   18.4332
   -7.5000   45.0000  -22.5000 2492.1118   19.1006
    0.0000   45.0000  -22.5000 2497.6648   19.1607
    7.5000   45.0000  -22.5000 2454.9204   19.4458
   -7.5000   52.5000  -22.5000 2389.0481   20.3605
    0.0000   52.5000  -22.5000 2391.1104   20.4079
    7.5000   52.5000  -22.5000 2353.9009   20.7437
   -7.5000  -37.5000  -15.0000 2070.7886   26.7432
    0.0000  -37.5000  -15.0000 2071.6199   26.5927
    7.5000  -37.5000  -15.0000 2047.5807   27.0300
   -7.5000  -30.0000  -15.0000 2203.1155   23.6199
    0.0000  -30.0000  -15.0000 2206.4678   23.5267
    7.5000  -30.0000  -15.0000 2183.0894   24.0252
   -7.5000  -22.5000  -15.0000 2321.6199   21.2279
    0.0000  -22.5000  -15.0000 2331.4331   21.2469
    7.5000  -22.5000  -15.0000 2307.7881   21.6315
   -7.5000  -15.0000  -15.0000 2438.1489   19.3888
    0.0000  -15.0000  -15.0000 2449.1091   19.4856
    7.5000  -15.0000  -15.0000 2420.7644   19.7279
   -7.5000   -7.5000  -15.0000 2538.4956   18.0437
    0.0000   -7.5000  -15.0000 2549.4836   18.1225
    7.5000   -7.5000  -15.0000 2518.9807   18.3163
   -7.5000    0.0000  -15.0000 2607.3743   17.1428
    0.0000    0.0000  -15.0000 2617.5098   17.1740
    7.5000    0.0000  -15.0000 2587.0647   17.3247
   -7.5000    7.5000  -15.0000 2660.8010   16.5399
    0.0000    7.5000  -15.0000 2658.9763   16.5659
    7.5000    7.5000  -15.0000 2625.2380   16.7539
   -7.5000   15.0000  -15.0000 2683.9929   16.2416
    0.0000   15.0000  -15.0000 2680.4553   16.2863
    7.5000   15.0000  -15.0000 2642.4602   16.4679
   -7.5000   22.5000  -15.0000 2700.5420   16.1632
    0.0000   22.5000  -15.0000 2693.5349   16.2179
    7.5000   22.5000  -15.0000 2656.2622   16.4289
   -7.5000   30.0000  -15.0000 2689.0996   16.3813
    0.0000   30.0000  -15.0000 2692.4998   16.4406
    7.5000   30.0000  -15.0000 2649.3650   16.6741
   -7.5000   37.5000  -15.0000 2662.0713   17.0092
    0.0000   37.5000  -15.0000 2669.2781   17.0709
    7.5000   37.5000  -15.0000 2623.2671   17.3410
   -7.5000   45.0000  -15.0000 2600.5349   18.0050
    0.0000   45.0000  -15.0000 2608.2078   18.0808
    7.5000   45.0000  -15.0000 2560.9456   18.3502
   -7.5000   52.5000  -15.0000 2489.2341   19.2220
    0.0000   52.5000  -15.0000 2492.7649   19.2960
    7.5000   52.5000  -15.0000 2449.3059   19.5892
   -7.5000  -37.5000   -7.5000 2126.8289   25.4928
    0.0000  -37.5000   -7.5000 2126.5366   25.2533
    7.5000  -37.5000   -7.5000 2104.2410   25.8048
   -7.5000  -30.0000   -7.5000 2263.1938   22.4472
    0.0000  -30.0000   -7.5000 2262.7935   22.2666
    7.5000  -30.0000   -7.5000 2242.9353   22.8237
   -7.5000  -22.5000   -7.5000 2386.1377   20.1058
    0.0000  -22.5000   -7.5000 2388.3079   20.0173
    7.5000  -22.5000   -7.5000 2368.6509   20.4551
   -7.5000  -15.0000   -7.5000 2502.9058   18.3380
    0.0000  -15.0000   -7.5000 2509.7102   18.2867
    7.5000  -15.0000   -7.5000 2483.0540   18.6630
   -7.5000   -7.5000   -7.5000 2609.6873   17.0059
    0.0000   -7.5000   -7.5000 2616.0498   16.9959
    7.5000   -7.5000   -7.5000 2587.4221   17.2700
   -7.5000    0.0000   -7.5000 2689.5022   16.0991
    0.0000    0.0000   -7.5000 2699.5437   16.0924
    7.5000    0.0000   -7.5000 2662.9001   16.3042
   -7.5000    7.5000   -7.5000 2748.7249   15.5174
    0.0000    7.5000   -7.5000 2755.7290   15.5442
    7.5000    7.5000   -7.5000 2711.3303   15.7422
   -7.5000   15.0000   -7.5000 2784.4602   15.2556
    0.0000   15.0000   -7.5000 2788.9548   15.2839
    7.5000   15.0000   -7.5000 2735.5283   15.4555
   -7.5000   22.5000   -7.5000 2801.2415   15.2001
    0.0000   22.5000   -7.5000 2799.9175   15.2283
    7.5000   22.5000   -7.5000 2753.6294   15.4337
   -7.5000   30.0000   -7.5000 2787.2188   15.4428
    0.0000   30.0000   -7.5000 2793.5305   15.4564
    7.5000   30.0000   -7.5000 2746.1814   15.7116
   -7.5000   37.5000   -7.5000 2755.1101   16.0591
    0.0000   37.5000   -7.5000 2760.3062   16.1073
    7.5000   37.5000   -7.5000 2712.8750   16.3378
   -7.5000   45.0000   -7.5000 2686.3572   17.0462
    0.0000   45.0000   -7.5000 2689.0654   17.0903
    7.5000   45.0000   -7.5000 2644.1624   17.3591
   -7.5000   52.5000   -7.5000 2560.2766   18.2613
    0.0000   52.5000   -7.5000 2560.4993   18.2938
    7.5000   52.5000   -7.5000 2520.2373   18.5654
   -7.5000  -37.5000    0.0000 2161.6028   24.6006
    0.0000  -37.5000    0.0000 2163.2920   24.3179
    7.5000  -37.5000    0.0000 2144.5564   24.9645
   -7.5000  -30.0000    0.0000 2301.7566   21.6312
    0.0000  -30.0000    0.0000 2299.2639   21.3690
    7.5000  -30.0000    0.0000 2283.1860   21.9589
   -7.5000  -22.5000    0.0000 2431.4409   19.3146
    0.0000  -22.5000    0.0000 2427.6973   19.0863
    7.5000  -22.5000    0.0000 2408.3699   19.6136
   -7.5000  -15.0000    0.0000 2546.9739   17.5527
    0.0000  -15.0000    0.0000 2550.2637   17.3691
    7.5000  -15.0000    0.0000 2526.6628   17.8466
   -7.5000   -7.5000    0.0000 2652.2722   16.2380
    0.0000   -7.5000    0.0000 2663.7756   16.0963
    7.5000   -7.5000    0.0000 2634.8118   16.4980
   -7.5000    0.0000    0.0000 2746.1436   15.3317
    0.0000    0.0000    0.0000 2758.9802   15.2280
    7.5000    0.0000    0.0000 2722.5999   15.5617
   -7.5000    7.5000    0.0000 2821.4412   14.7446
    0.0000    7.5000    0.0000 2837.2832   14.7011
    7.5000    7.5000    0.0000 2788.7400   14.9640
   -7.5000   15.0000    0.0000 2873.4768   14.4997
    0.0000   15.0000    0.0000 2884.4573   14.4525
    7.5000   15.0000    0.0000 2819.5728   14.6912
   -7.5000   22.5000    0.0000 2896.3271   14.4455
    0.0000   22.5000    0.0000 2896.5593   14.4272
    7.5000   22.5000    0.0000 2841.6716   14.6565
   -7.5000   30.0000    0.0000 2875.0872   14.7260
    0.0000   30.0000    0.0000 2879.9189   14.6959
    7.5000   30.0000    0.0000 2831.6814   14.9472
   -7.5000   37.5000    0.0000 2829.3220   15.3672
    0.0000   37.5000    0.0000 2833.2603   15.3705
    7.5000   37.5000    0.0000 2786.7815   15.6508
   -7.5000   45.0000    0.0000 2743.0249   16.3793
    0.0000   45.0000    0.0000 2743.5530   16.3845
    7.5000   45.0000    0.0000 2702.6418   16.6473
   -7.5000   52.5000    0.0000 2608.3535   17.5776
    0.0000   52.5000    0.0000 2609.3596   17.5795
    7.5000   52.5000    0.0000 2572.3357   17.8485
   -7.5000  -37.5000    7.5000 2176.2109   24.0604
    0.0000  -37.5000    7.5000 2187.9812   23.8068
    7.5000  -37.5000    7.5000 2160.0149   24.3893
   -7.5000  -30.0000    7.5000 2320.5137   21.1474
    0.0000  -30.0000    7.5000 2325.6343   20.8271
    7.5000  -30.0000    7.5000 2302.6538   21.4559
   -7.5000  -22.5000    7.5000 2453.2710   18.8751
    0.0000  -22.5000    7.5000 2453.5898   18.5426
    7.5000  -22.5000    7.5000 2429.8784   19.1464
   -7.5000  -15.0000    7.5000 2574.5544   17.0971
    0.0000  -15.0000    7.5000 2573.3145   16.8167
    7.5000  -15.0000    7.5000 2551.2351   17.4051
   -7.5000   -7.5000    7.5000 2687.0017   15.7399
    0.0000   -7.5000    7.5000 2688.9456   15.5029
    7.5000   -7.5000    7.5000 2662.4395   16.0442
   -7.5000    0.0000    7.5000 2784.1050   14.8106
    0.0000    0.0000    7.5000 2791.9431   14.6185
    7.5000    0.0000    7.5000 2757.7437   15.0612
   -7.5000    7.5000    7.5000 2869.9023   14.2364
    0.0000    7.5000    7.5000 2880.9163   14.0939
    7.5000    7.5000    7.5000 2834.7307   14.4839
   -7.5000   15.0000    7.5000 2943.4714   13.9304
    0.0000   15.0000    7.5000 2949.5688   13.8093
    7.5000   15.0000    7.5000 2877.9565   14.1893
   -7.5000   22.5000    7.5000 2967.7742   13.8330
    0.0000   22.5000    7.5000 2968.5010   13.7535
    7.5000   22.5000    7.5000 2905.9807   14.2015
   -7.5000   30.0000    7.5000 2941.7629   14.2965
    0.0000   30.0000    7.5000 2944.8208   14.2175
    7.5000   30.0000    7.5000 2894.5391   14.5991
   -7.5000   37.5000    7.5000 2879.9368   15.0458
    0.0000   37.5000    7.5000 2884.4832   14.9819
    7.5000   37.5000    7.5000 2840.1160   15.2944
   -7.5000   45.0000    7.5000 2782.3550   16.0107
    0.0000   45.0000    7.5000 2782.3647   15.9440
    7.5000   45.0000    7.5000 2743.8064   16.2588
   -7.5000   52.5000    7.5000 2638.0093   17.1731
    0.0000   52.5000    7.5000 2637.0457   17.1219
    7.5000   52.5000    7.5000 2597.6978   17.4148
   -7.5000  -37.5000   15.0000 2176.8540   23.8770
    0.0000  -37.5000   15.0000 2187.5808   23.6080
    7.5000  -37.5000   15.0000 2161.6958   24.1419
   -7.5000  -30.0000   15.0000 2324.4128   20.9350
    0.0000  -30.0000   15.0000 2332.3198   20.6692
    7.5000  -30.0000   15.0000 2306.5435   21.1855
   -7.5000  -22.5000   15.0000 2460.0891   18.6720
    0.0000  -22.5000   15.0000 2464.8838   18.4291
    7.5000  -22.5000   15.0000 2432.3088   18.9430
   -7.5000  -15.0000   15.0000 2582.7212   16.9081
    0.0000  -15.0000   15.0000 2580.8352   16.6677
    7.5000  -15.0000   15.0000 2552.6045   17.1997
   -7.5000   -7.5000   15.0000 2699.5942   15.5624
    0.0000   -7.5000   15.0000 2696.4653   15.3010
    7.5000   -7.5000   15.0000 2666.9644   15.8516
   -7.5000    0.0000   15.0000 2798.8997   14.5986
    0.0000    0.0000   15.0000 2792.3250   14.3124
    7.5000    0.0000   15.0000 2763.7102   14.8715
   -7.5000    7.5000   15.0000 2877.1575   13.9767
    0.0000    7.5000   15.0000 2873.2004   13.7311
    7.5000    7.5000   15.0000 2845.8828   14.2461
   -7.5000   15.0000   15.0000 2943.5127   13.6601
    0.0000   15.0000   15.0000 2949.9331   13.4704
    7.5000   15.0000   15.0000 2891.4465   13.9573
   -7.5000   22.5000   15.0000 2974.1370   13.6305
    0.0000   22.5000   15.0000 2980.3459   13.4516
    7.5000   22.5000   15.0000 2918.1475   14.0137
   -7.5000   30.0000   15.0000 2962.7634   14.1433
    0.0000   30.0000   15.0000 2966.0854   14.0349
    7.5000   30.0000   15.0000 2907.6155   14.4164
   -7.5000   37.5000   15.0000 2889.8545   14.9280
    0.0000   37.5000   15.0000 2897.9187   14.8801
    7.5000   37.5000   15.0000 2851.2485   15.1298
   -7.5000   45.0000   15.0000 2790.0266   15.8683
    0.0000   45.0000   15.0000 2791.9016   15.8547
    7.5000   45.0000   15.0000 2752.5151   16.0865
   -7.5000   52.5000   15.0000 2640.4634   16.9609
    0.0000   52.5000   15.0000 2642.1023   16.9698
    7.5000   52.5000   15.0000 2601.4067   17.1876
   -7.5000  -37.5000   22.5000 2160.1746   23.8606
    0.0000  -37.5000   22.5000 2172.0500   23.7175
    7.5000  -37.5000   22.5000 2147.9512   24.2223
   -7.5000  -30.0000   22.5000 2310.1130   20.9504
    0.0000  -30.0000   22.5000 2320.9585   20.7836
    7.5000  -30.0000   22.5000 2294.4629   21.2801
   -7.5000  -22.5000   22.5000 2452.2456   18.6902
    0.0000  -22.5000   22.5000 2457.5132   18.5217
    7.5000  -22.5000   22.5000 2429.2615   19.0097
   -7.5000  -15.0000   22.5000 2578.7266   16.9426
    0.0000  -15.0000   22.5000 2578.0452   16.7903
    7.5000  -15.0000   22.5000 2547.1631   17.2607
   -7.5000   -7.5000   22.5000 2696.7126   15.6349
    0.0000   -7.5000   22.5000 2691.8149   15.4375
    7.5000   -7.5000   22.5000 2659.1826   15.9291
   -7.5000    0.0000   22.5000 2798.0356   14.6528
    0.0000    0.0000   22.5000 2788.4194   14.4531
    7.5000    0.0000   22.5000 2756.3564   14.9458
   -7.5000    7.5000   22.5000 2873.1812   13.9987
    0.0000    7.5000   22.5000 2867.3611   13.8466
    7.5000    7.5000   22.5000 2831.6729   14.2795
   -7.5000   15.0000   22.5000 2932.8269   13.6710
    0.0000   15.0000   22.5000 2931.9285   13.5689
    7.5000   15.0000   22.5000 2872.5378   13.9925
   -7.5000   22.5000   22.5000 2955.5125   13.7631
    0.0000   22.5000   22.5000 2957.5061   13.6889
    7.5000   22.5000   22.5000 2893.7546   14.0337
   -7.5000   30.0000   22.5000 2933.4832   14.2111
    0.0000   30.0000   22.5000 2934.1116   14.1580
    7.5000   30.0000   22.5000 2877.5496   14.4463
   -7.5000   37.5000   22.5000 2867.9797   14.9131
    0.0000   37.5000   22.5000 2869.5505   14.9107
    7.5000   37.5000   22.5000 2822.2258   15.1305
   -7.5000   45.0000   22.5000 2771.6196   15.8875
    0.0000   45.0000   22.5000 2769.1992   15.8677
    7.5000   45.0000   22.5000 2730.5691   16.0914
   -7.5000   52.5000   22.5000 2624.1907   16.9574
    0.0000   52.5000   22.5000 2624.5745   16.9395
    7.5000   52.5000   22.5000 2585.8374   17.1857
   -7.5000  -37.5000   30.0000 2140.0071   24.1813
    0.0000  -37.5000   30.0000 2148.3242   24.1220
    7.5000  -37.5000   30.0000 2129.3911   24.6013
   -7.5000  -30.0000   30.0000 2287.2368   21.2638
    0.0000  -30.0000   30.0000 2298.3025   21.2036
    7.5000  -30.0000   30.0000 2268.3618   21.6471
   -7.5000  -22.5000   30.0000 2426.7080   19.0019
    0.0000  -22.5000   30.0000 2441.8721   18.9752
    7.5000  -22.5000   30.0000 2403.9270   19.3603
   -7.5000  -15.0000   30.0000 2554.0112   17.2742
    0.0000  -15.0000   30.0000 2563.3474   17.2518
    7.5000  -15.0000   30.0000 2520.8369   17.6265
   -7.5000   -7.5000   30.0000 2672.9543   15.9874
    0.0000   -7.5000   30.0000 2676.0671   15.9252
    7.5000   -7.5000   30.0000 2631.8293   16.2966
   -7.5000    0.0000   30.0000 2767.6001   15.0080
    0.0000    0.0000   30.0000 2766.4138   14.9057
    7.5000    0.0000   30.0000 2727.4829   15.3184
   -7.5000    7.5000   30.0000 2841.0801   14.3439
    0.0000    7.5000   30.0000 2843.7915   14.2346
    7.5000    7.5000   30.0000 2802.0227   14.6719
   -7.5000   15.0000   30.0000 2890.5852   14.0610
    0.0000   15.0000   30.0000 2892.2231   13.9623
    7.5000   15.0000   30.0000 2835.9702   14.3802
   -7.5000   22.5000   30.0000 2902.7356   14.1453
    0.0000   22.5000   30.0000 2907.5657   14.0486
    7.5000   22.5000   30.0000 2850.2598   14.3917
   -7.5000   30.0000   30.0000 2873.6404   14.5757
    0.0000   30.0000   30.0000 2875.0276   14.4716
    7.5000   30.0000   30.0000 2829.3198   14.7401
   -7.5000   37.5000   30.0000 2813.0837   15.2191
    0.0000   37.5000   30.0000 2817.6484   15.1734
    7.5000   37.5000   30.0000 2774.0103   15.3948
   -7.5000   45.0000   30.0000 2726.0281   16.1545
    0.0000   45.0000   30.0000 2723.7158   16.1341
    7.5000   45.0000   30.0000 2683.6230   16.3222
   -7.5000   52.5000   30.0000 2590.4314   17.1900
    0.0000   52.5000   30.0000 2588.6829   17.1681
    7.5000   52.5000   30.0000 2551.5332   17.3832
   -7.5000  -37.5000   37.5000 2120.3369   24.8780
    0.0000  -37.5000   37.5000 2134.1592   24.9348
    7.5000  -37.5000   37.5000 2107.8804   25.3737
   -7.5000  -30.0000   37.5000 2264.0559   21.9523
    0.0000  -30.0000   37.5000 2277.1082   22.0598
    7.5000  -30.0000   37.5000 2241.9995   22.4259
   -7.5000  -22.5000   37.5000 2394.4504   19.6765
    0.0000  -22.5000   37.5000 2410.1072   19.7525
    7.5000  -22.5000   37.5000 2374.7759   20.1075
   -7.5000  -15.0000   37.5000 2517.1775   17.9493
    0.0000  -15.0000   37.5000 2528.3435   17.9738
    7.5000  -15.0000   37.5000 2487.4265   18.3114
   -7.5000   -7.5000   37.5000 2632.4631   16.6141
    0.0000   -7.5000   37.5000 2637.6006   16.5878
    7.5000   -7.5000   37.5000 2593.5264   16.9502
   -7.5000    0.0000   37.5000 2725.0215   15.6151
    0.0000    0.0000   37.5000 2725.4895   15.5647
    7.5000    0.0000   37.5000 2684.7546   15.9520
   -7.5000    7.5000   37.5000 2791.9014   14.9567
    0.0000    7.5000   37.5000 2791.4539   14.8835
    7.5000    7.5000   37.5000 2751.1960   15.3094
   -7.5000   15.0000   37.5000 2832.7078   14.6670
    0.0000   15.0000   37.5000 2826.8965   14.5841
    7.5000   15.0000   37.5000 2784.2407   14.9930
   -7.5000   22.5000   37.5000 2833.6294   14.7395
    0.0000   22.5000   37.5000 2831.7192   14.6393
    7.5000   22.5000   37.5000 2784.0046   15.0302
   -7.5000   30.0000   37.5000 2798.0857   15.1547
    0.0000   30.0000   37.5000 2800.8062   15.0772
    7.5000   30.0000   37.5000 2753.6375   15.3672
   -7.5000   37.5000   37.5000 2742.3315   15.8040
    0.0000   37.5000   37.5000 2738.7893   15.7834
    7.5000   37.5000   37.5000 2697.3018   16.0225
   -7.5000   45.0000   37.5000 2655.5032   16.6952
    0.0000   45.0000   37.5000 2656.6692   16.6913
    7.5000   45.0000   37.5000 2615.4968   16.8972
   -7.5000   52.5000   37.5000 2526.3066   17.7073
    0.0000   52.5000   37.5000 2527.5376   17.7140
    7.5000   52.5000   37.5000 2489.8245   17.9446
   -7.5000  -37.5000   45.0000 2089.1289   26.0035
    0.0000  -37.5000   45.0000 2103.2900   26.0761
    7.5000  -37.5000   45.0000 2075.0005   26.5097
   -7.5000  -30.0000   45.0000 2230.9519   22.9941
    0.0000  -30.0000   45.0000 2244.8892   23.0860
    7.5000  -30.0000   45.0000 2207.5098   23.4927
   -7.5000  -22.5000   45.0000 2359.0657   20.6323
    0.0000  -22.5000   45.0000 2371.0095   20.7099
    7.5000  -22.5000   45.0000 2332.6145   21.0995
   -7.5000  -15.0000   45.0000 2473.0361   18.8384
    0.0000  -15.0000   45.0000 2479.4863   18.8727
    7.5000  -15.0000   45.0000 2439.1865   19.2619
   -7.5000   -7.5000   45.0000 2577.7715   17.4807
    0.0000   -7.5000   45.0000 2579.2107   17.4900
    7.5000   -7.5000   45.0000 2535.9419   17.8626
   -7.5000    0.0000   45.0000 2660.2424   16.4492
    0.0000    0.0000   45.0000 2660.1934   16.4316
    7.5000    0.0000   45.0000 2620.0688   16.8174
   -7.5000    7.5000   45.0000 2718.3457   15.7842
    0.0000    7.5000   45.0000 2712.0449   15.7483
    7.5000    7.5000   45.0000 2674.8955   16.1725
   -7.5000   15.0000   45.0000 2742.8591   15.4898
    0.0000   15.0000   45.0000 2734.8977   15.4462
    7.5000   15.0000   45.0000 2702.7161   15.8387
   -7.5000   22.5000   45.0000 2745.2461   15.5649
    0.0000   22.5000   45.0000 2744.2910   15.4808
    7.5000   22.5000   45.0000 2703.9761   15.8272
   -7.5000   30.0000   45.0000 2711.9956   15.9838
    0.0000   30.0000   45.0000 2714.5159   15.9178
    7.5000   30.0000   45.0000 2677.3333   16.2107
   -7.5000   37.5000   45.0000 2655.6201   16.6371
    0.0000   37.5000   45.0000 2655.4993   16.6208
    7.5000   37.5000   45.0000 2620.8386   16.8873
   -7.5000   45.0000   45.0000 2574.9792   17.5058
    0.0000   45.0000   45.0000 2575.7805   17.5002
    7.5000   45.0000   45.0000 2539.1208   17.7648
   -7.5000   52.5000   45.0000 2451.9453   18.4588
    0.0000   52.5000   45.0000 2450.4998   18.4786
    7.5000   52.5000   45.0000 2417.2458   18.7539

---------------------------------------------------------------------
imgreg_4dfp /opt/freesurfer/average/711-2C_as_mni_average_305 /opt/freesurfer/average/711-2B_as_mni_average_305_mask talsrcimg_g11 none talsrcimg_to_711-2C_as_mni_average_305_t4 1283
---------------------------------------------------------------------

freesurfer imgreg_4dfp.c
/opt/freesurfer/average/711-2C_as_mni_average_305.4dfp.img
       256       256       256         1
  1.000000  1.000000  1.000000
orientation T byte_order littleendian
Reading image: /opt/freesurfer/average/711-2C_as_mni_average_305.4dfp.img
dimensions:      256       256       256
mmppix:       1.0000   -1.0000   -1.0000
center:     128.0000 -129.0000 -129.0000
/opt/freesurfer/average/711-2B_as_mni_average_305_mask.4dfp.img
       256       256       256         1
  1.000000  1.000000  1.000000
orientation T byte_order littleendian
Reading mask: /opt/freesurfer/average/711-2B_as_mni_average_305_mask.4dfp.img (2306576 pixels)
talsrcimg_g11.4dfp.img
       256       256       256         1
  1.000000  1.000000  1.000000
orientation T byte_order littleendian
Reading image: talsrcimg_g11.4dfp.img
dimensions:      256       256       256
mmppix:       1.0000   -1.0000   -1.0000
center:     128.0000 -129.0000 -129.0000
rotation matrix determinant  1.000000
fimgreg.f
image alignment mode   1283 decimal      503 hex
parameters
    0.0000   22.5000   15.0000    0.0000    0.0000    0.0000
eta,q 0.93488 13.45368
niter,ni,del,rscale     5    3   12.0000    1.2000
parameter  1  0.659435 ->  0.500000 qaram    1.1500
parameter  4 -0.526727 -> -0.500000 qaram    1.1500
parameter  6 -2.932725 -> -0.500000 qaram    1.1500
parameters
   -3.4500   24.2016   15.0773    3.4500    2.5942    3.4500
eta,q 0.93940 13.34468
  0.0685  0.0731  0.0670  0.0715  0.0704  0.0692
  0.0658  0.0705  0.0675  0.0691  0.0675  0.0678
  0.0665  0.0675  0.0676  0.0661  0.0653  0.0660
  0.0691  0.0651  0.0647  0.0644  0.0643  0.0638
  0.0731  0.0646  0.0624  0.0639  0.0639  0.0617
  0.0780  0.0658  0.0653  0.0644  0.0638  0.0604
  0.0810  0.0680  0.0698  0.0643  0.0646  0.0601
niter,ni,del,rscale     7    3   12.0000    1.2000
parameter  4 -0.586150 -> -0.500000 qaram    1.3225
parameters
   -3.5302   22.2635   14.9469    7.4175    3.0419    4.8203
eta,q 0.94070 13.26826
  0.0708  0.0623  0.0636  0.0686  0.0650  0.0633
  0.0663  0.0607  0.0626  0.0657  0.0633  0.0621
  0.0630  0.0600  0.0622  0.0618  0.0612  0.0610
  0.0606  0.0606  0.0600  0.0602  0.0599  0.0599
  0.0618  0.0623  0.0577  0.0601  0.0605  0.0592
  0.0662  0.0648  0.0610  0.0599  0.0623  0.0600
  0.0720  0.0696  0.0669  0.0596  0.0639  0.0619
niter,ni,del,rscale     7    3   12.0000    1.2000
parameter  2  0.624078 ->  0.500000 qaram    1.1500
parameters
   -2.7056   18.8135   14.9915    9.3968    2.6216    4.8042
eta,q 0.94314 13.12325
  0.0717  0.0591  0.0601  0.0726  0.0607  0.0620
  0.0658  0.0563  0.0571  0.0663  0.0590  0.0595
  0.0612  0.0569  0.0564  0.0586  0.0574  0.0575
  0.0593  0.0597  0.0561  0.0561  0.0569  0.0569
  0.0606  0.0621  0.0550  0.0575  0.0578  0.0579
  0.0627  0.0635  0.0565  0.0599  0.0597  0.0593
  0.0668  0.0670  0.0607  0.0612  0.0620  0.0620
niter,ni,del,rscale     7    3   12.0000    1.2000
parameters
   -2.7841   19.4545   16.1081    9.6359    2.6942    4.9798
eta,q 0.94383 13.22410
  0.0675  0.0687  0.0610  0.0660  0.0606  0.0615
  0.0620  0.0617  0.0588  0.0591  0.0587  0.0592
  0.0574  0.0578  0.0580  0.0556  0.0568  0.0570
  0.0569  0.0568  0.0571  0.0559  0.0561  0.0561
  0.0584  0.0587  0.0551  0.0583  0.0567  0.0569
  0.0622  0.0610  0.0560  0.0604  0.0584  0.0584
  0.0678  0.0636  0.0595  0.0627  0.0605  0.0613
niter,ni,del,rscale     6    3   12.0000    1.2000
parameters
   -2.8803   19.5791   16.2736    9.5609    2.7554    5.0373
eta,q 0.94412 13.23872
  0.0673  0.0667  0.0601  0.0649  0.0604  0.0612
  0.0616  0.0606  0.0583  0.0584  0.0584  0.0589
  0.0566  0.0568  0.0580  0.0553  0.0565  0.0567
  0.0562  0.0561  0.0562  0.0559  0.0559  0.0559
  0.0576  0.0582  0.0550  0.0583  0.0565  0.0566
  0.0622  0.0610  0.0580  0.0606  0.0582  0.0583
  0.0675  0.0649  0.0605  0.0629  0.0603  0.0614
niter,ni,del,rscale     5    3   12.0000    1.2000
parameters
   -2.8890   19.6553   16.2741    9.4982    2.7616    5.0486
eta,q 0.94413 13.23921
  0.0675  0.0666  0.0599  0.0649  0.0604  0.0611
  0.0618  0.0605  0.0582  0.0585  0.0584  0.0589
  0.0565  0.0566  0.0579  0.0554  0.0565  0.0566
  0.0559  0.0559  0.0559  0.0559  0.0559  0.0559
  0.0573  0.0581  0.0551  0.0583  0.0566  0.0567
  0.0619  0.0610  0.0584  0.0606  0.0583  0.0583
  0.0672  0.0651  0.0607  0.0630  0.0604  0.0614
niter,ni,del,rscale     4    3   12.0000    1.2000
parameters
   -2.8773   19.6806   16.2536    9.4741    2.7548    5.0511
eta,q 0.94409 13.23757
  0.0676  0.0665  0.0599  0.0651  0.0604  0.0611
  0.0618  0.0604  0.0582  0.0586  0.0584  0.0589
  0.0565  0.0565  0.0579  0.0555  0.0565  0.0566
  0.0559  0.0559  0.0559  0.0559  0.0559  0.0559
  0.0573  0.0582  0.0551  0.0583  0.0566  0.0567
  0.0618  0.0611  0.0584  0.0606  0.0583  0.0584
  0.0671  0.0652  0.0608  0.0630  0.0604  0.0614
registration optimization eta report
parameter search radius
    6.9000    6.9000    6.0000    7.9350    6.0000    6.9000
100000*second partial in parameter space
       24.       20.       12.       13.       12.       11.
  0.0676  0.0665  0.0599  0.0651  0.0604  0.0611
  0.0618  0.0604  0.0582  0.0586  0.0584  0.0589
  0.0565  0.0565  0.0579  0.0555  0.0565  0.0566
  0.0559  0.0559  0.0559  0.0559  0.0559  0.0559
  0.0573  0.0582  0.0551  0.0583  0.0566  0.0567
  0.0618  0.0611  0.0584  0.0606  0.0583  0.0584
  0.0671  0.0652  0.0608  0.0630  0.0604  0.0614
   -2.8773   19.6806   16.2536    9.4741    2.7548    5.0511
eta,q 0.94409 13.23757

---------------------------------------------------------------------
imgreg_4dfp /opt/freesurfer/average/711-2C_as_mni_average_305 /opt/freesurfer/average/711-2B_as_mni_average_305_mask talsrcimg_g11 none talsrcimg_to_711-2C_as_mni_average_305_t4 3335
---------------------------------------------------------------------

freesurfer imgreg_4dfp.c
/opt/freesurfer/average/711-2C_as_mni_average_305.4dfp.img
       256       256       256         1
  1.000000  1.000000  1.000000
orientation T byte_order littleendian
Reading image: /opt/freesurfer/average/711-2C_as_mni_average_305.4dfp.img
dimensions:      256       256       256
mmppix:       1.0000   -1.0000   -1.0000
center:     128.0000 -129.0000 -129.0000
/opt/freesurfer/average/711-2B_as_mni_average_305_mask.4dfp.img
       256       256       256         1
  1.000000  1.000000  1.000000
orientation T byte_order littleendian
Reading mask: /opt/freesurfer/average/711-2B_as_mni_average_305_mask.4dfp.img (2306576 pixels)
talsrcimg_g11.4dfp.img
       256       256       256         1
  1.000000  1.000000  1.000000
orientation T byte_order littleendian
Reading image: talsrcimg_g11.4dfp.img
dimensions:      256       256       256
mmppix:       1.0000   -1.0000   -1.0000
center:     128.0000 -129.0000 -129.0000
fimgreg.f
image alignment mode   3335 decimal      D07 hex
parameters
   -2.8773   19.6806   16.2536   -0.5035   -1.8167   -1.4780
   -9.4724   -3.2730    8.7943  -16.8137    4.8062   16.4412
eta,q 0.94952 13.30826
niter,ni,del,rscale     5    3    5.0000    1.2000
parameter  4  6.563752 ->  0.500000 qaram    1.1500
parameter  5  1.671838 ->  0.500000 qaram    1.1500
parameter  6  1.907400 ->  0.500000 qaram    1.1500
parameter 12  1.196993 ->  0.500000 qaram    1.1500
parameters
   -3.0482   19.8225   15.2825   -4.6435   -5.9567   -5.6180
   -8.3678   -2.9814    8.2320  -16.1533    2.6776   12.3012
eta,q 0.96624 12.78959
  0.0520  0.0525  0.0506  0.0383  0.0382  0.0329  0.0387  0.0403  0.0367  0.0387  0.0357  0.0335
  0.0511  0.0514  0.0504  0.0416  0.0392  0.0346  0.0369  0.0379  0.0357  0.0369  0.0351  0.0337
  0.0506  0.0507  0.0503  0.0457  0.0408  0.0366  0.0356  0.0360  0.0352  0.0356  0.0349  0.0341
  0.0505  0.0505  0.0505  0.0503  0.0426  0.0396  0.0351  0.0350  0.0350  0.0350  0.0350  0.0348
  0.0508  0.0506  0.0507  0.0552  0.0448  0.0434  0.0351  0.0355  0.0353  0.0352  0.0355  0.0358
  0.0515  0.0511  0.0512  0.0598  0.0476  0.0471  0.0358  0.0372  0.0361  0.0361  0.0364  0.0370
  0.0525  0.0520  0.0518  0.0644  0.0507  0.0514  0.0370  0.0396  0.0373  0.0376  0.0377  0.0383
niter,ni,del,rscale     7    3    5.0000    1.2000
parameter  3  1.424631 ->  0.500000 qaram    1.1500
parameter  4  0.992854 ->  0.500000 qaram    1.3225
parameter  6  0.657136 ->  0.500000 qaram    1.3225
parameters
   -2.8349   19.2563   13.9025   -9.4045   -9.5893  -10.3790
   -8.0834   -2.7585   10.0575  -16.8699    2.2205   10.9102
eta,q 0.97549 12.46179
  0.0380  0.0350  0.0312  0.0267  0.0283  0.0251  0.0275  0.0291  0.0270  0.0268  0.0256  0.0258
  0.0359  0.0340  0.0315  0.0274  0.0272  0.0246  0.0260  0.0266  0.0260  0.0254  0.0250  0.0250
  0.0344  0.0336  0.0323  0.0288  0.0269  0.0254  0.0250  0.0251  0.0252  0.0247  0.0247  0.0245
  0.0338  0.0337  0.0336  0.0317  0.0277  0.0269  0.0247  0.0247  0.0247  0.0246  0.0246  0.0246
  0.0339  0.0344  0.0351  0.0362  0.0294  0.0292  0.0250  0.0251  0.0246  0.0250  0.0247  0.0250
  0.0349  0.0355  0.0368  0.0420  0.0316  0.0334  0.0258  0.0263  0.0249  0.0262  0.0252  0.0258
  0.0368  0.0370  0.0386  0.0478  0.0345  0.0386  0.0271  0.0285  0.0255  0.0279  0.0259  0.0269
niter,ni,del,rscale     7    3    5.0000    1.2000
parameter  4  0.550408 ->  0.500000 qaram    1.5209
parameters
   -2.5576   19.6973   13.0098  -14.8796   -8.5202  -12.4141
   -8.6637   -2.3951   10.2282  -16.7770    2.2127   11.2221
eta,q 0.97717 12.13100
  0.0283  0.0277  0.0252  0.0232  0.0266  0.0255  0.0251  0.0274  0.0242  0.0257  0.0239  0.0246
  0.0264  0.0261  0.0244  0.0229  0.0250  0.0240  0.0238  0.0252  0.0235  0.0241  0.0234  0.0237
  0.0252  0.0250  0.0241  0.0233  0.0237  0.0230  0.0230  0.0236  0.0230  0.0232  0.0230  0.0231
  0.0245  0.0244  0.0244  0.0241  0.0230  0.0229  0.0229  0.0229  0.0228  0.0228  0.0228  0.0228
  0.0246  0.0244  0.0252  0.0256  0.0230  0.0238  0.0233  0.0232  0.0230  0.0231  0.0229  0.0230
  0.0254  0.0249  0.0265  0.0287  0.0238  0.0264  0.0244  0.0246  0.0234  0.0240  0.0233  0.0235
  0.0270  0.0259  0.0284  0.0338  0.0253  0.0306  0.0258  0.0266  0.0241  0.0255  0.0240  0.0244
niter,ni,del,rscale     7    3    5.0000    1.2000
parameters
   -2.4727   19.9146   13.1089  -16.1756   -8.3717  -12.7509
   -8.7274   -2.3077   10.2057  -16.7304    2.2165   11.3282
eta,q 0.97727 12.04615
  0.0263  0.0254  0.0249  0.0258  0.0256  0.0266  0.0253  0.0271  0.0240  0.0255  0.0238  0.0244
  0.0245  0.0241  0.0238  0.0239  0.0242  0.0247  0.0239  0.0249  0.0233  0.0240  0.0232  0.0235
  0.0233  0.0232  0.0231  0.0229  0.0232  0.0234  0.0230  0.0233  0.0229  0.0231  0.0229  0.0229
  0.0228  0.0228  0.0228  0.0228  0.0227  0.0227  0.0227  0.0227  0.0227  0.0227  0.0227  0.0227
  0.0231  0.0229  0.0230  0.0235  0.0230  0.0230  0.0231  0.0232  0.0229  0.0230  0.0228  0.0229
  0.0242  0.0236  0.0236  0.0250  0.0240  0.0246  0.0240  0.0247  0.0233  0.0240  0.0232  0.0234
  0.0259  0.0246  0.0247  0.0278  0.0255  0.0277  0.0254  0.0269  0.0241  0.0254  0.0238  0.0243
niter,ni,del,rscale     6    3    5.0000    1.2000
parameters
   -2.4722   19.9366   13.0540  -16.1906   -8.3416  -12.8093
   -8.7249   -2.2955   10.2301  -16.7038    2.2005   11.2996
eta,q 0.97726 12.04409
  0.0260  0.0249  0.0245  0.0266  0.0256  0.0267  0.0254  0.0270  0.0240  0.0255  0.0238  0.0243
  0.0243  0.0237  0.0235  0.0245  0.0242  0.0248  0.0239  0.0249  0.0234  0.0240  0.0232  0.0235
  0.0231  0.0230  0.0229  0.0232  0.0232  0.0235  0.0230  0.0233  0.0229  0.0231  0.0229  0.0229
  0.0227  0.0227  0.0227  0.0227  0.0227  0.0227  0.0227  0.0227  0.0227  0.0227  0.0227  0.0227
  0.0231  0.0230  0.0230  0.0233  0.0231  0.0229  0.0231  0.0233  0.0229  0.0230  0.0228  0.0229
  0.0242  0.0237  0.0236  0.0244  0.0241  0.0244  0.0239  0.0248  0.0233  0.0240  0.0232  0.0235
  0.0260  0.0249  0.0247  0.0266  0.0256  0.0274  0.0253  0.0270  0.0241  0.0254  0.0238  0.0244
niter,ni,del,rscale     5    3    5.0000    1.2000
parameters
   -2.4703   19.9515   13.0359  -16.1948   -8.3305  -12.8171
   -8.7263   -2.2941   10.2403  -16.6776    2.2100   11.2793
eta,q 0.97726 12.04396
  0.0260  0.0249  0.0246  0.0266  0.0256  0.0268  0.0254  0.0270  0.0240  0.0255  0.0238  0.0243
  0.0243  0.0237  0.0236  0.0245  0.0241  0.0248  0.0239  0.0248  0.0234  0.0240  0.0232  0.0235
  0.0231  0.0230  0.0229  0.0232  0.0231  0.0235  0.0230  0.0233  0.0229  0.0231  0.0229  0.0229
  0.0227  0.0227  0.0227  0.0227  0.0227  0.0227  0.0227  0.0227  0.0227  0.0227  0.0227  0.0227
  0.0231  0.0230  0.0229  0.0233  0.0231  0.0229  0.0231  0.0233  0.0229  0.0230  0.0228  0.0229
  0.0242  0.0237  0.0236  0.0244  0.0241  0.0243  0.0240  0.0248  0.0233  0.0240  0.0232  0.0235
  0.0260  0.0249  0.0247  0.0267  0.0256  0.0273  0.0253  0.0270  0.0241  0.0254  0.0238  0.0244
registration optimization eta report
parameter search radius
    2.4000    2.4000    2.7600   10.9503    8.2800    9.5220
    7.2000    7.2000    7.2000    7.2000    7.2000    8.2800
100000*second partial in parameter space
       57.       37.       25.        3.        4.        5.
        5.        8.        2.        5.        2.        2.
  0.0260  0.0249  0.0246  0.0266  0.0256  0.0268  0.0254  0.0270  0.0240  0.0255  0.0238  0.0243
  0.0243  0.0237  0.0236  0.0245  0.0241  0.0248  0.0239  0.0248  0.0234  0.0240  0.0232  0.0235
  0.0231  0.0230  0.0229  0.0232  0.0231  0.0235  0.0230  0.0233  0.0229  0.0231  0.0229  0.0229
  0.0227  0.0227  0.0227  0.0227  0.0227  0.0227  0.0227  0.0227  0.0227  0.0227  0.0227  0.0227
  0.0231  0.0230  0.0229  0.0233  0.0231  0.0229  0.0231  0.0233  0.0229  0.0230  0.0228  0.0229
  0.0242  0.0237  0.0236  0.0244  0.0241  0.0243  0.0240  0.0248  0.0233  0.0240  0.0232  0.0235
  0.0260  0.0249  0.0247  0.0267  0.0256  0.0273  0.0253  0.0270  0.0241  0.0254  0.0238  0.0244
   -2.4703   19.9515   13.0359  -16.1948   -8.3305  -12.8171
   -8.7263   -2.2941   10.2403  -16.6776    2.2100   11.2793
eta,q 0.97726 12.04396

---------------------------------------------------------------------
imgreg_4dfp /opt/freesurfer/average/711-2C_as_mni_average_305 /opt/freesurfer/average/711-2B_as_mni_average_305_mask talsrcimg_g11 none talsrcimg_to_711-2C_as_mni_average_305_t4 2311
---------------------------------------------------------------------

freesurfer imgreg_4dfp.c
/opt/freesurfer/average/711-2C_as_mni_average_305.4dfp.img
       256       256       256         1
  1.000000  1.000000  1.000000
orientation T byte_order littleendian
Reading image: /opt/freesurfer/average/711-2C_as_mni_average_305.4dfp.img
dimensions:      256       256       256
mmppix:       1.0000   -1.0000   -1.0000
center:     128.0000 -129.0000 -129.0000
/opt/freesurfer/average/711-2B_as_mni_average_305_mask.4dfp.img
       256       256       256         1
  1.000000  1.000000  1.000000
orientation T byte_order littleendian
Reading mask: /opt/freesurfer/average/711-2B_as_mni_average_305_mask.4dfp.img (2306576 pixels)
talsrcimg_g11.4dfp.img
       256       256       256         1
  1.000000  1.000000  1.000000
orientation T byte_order littleendian
Reading image: talsrcimg_g11.4dfp.img
dimensions:      256       256       256
mmppix:       1.0000   -1.0000   -1.0000
center:     128.0000 -129.0000 -129.0000
fimgreg.f
image alignment mode   2311 decimal      907 hex
parameters
   -2.4703   19.9515   13.0359  -16.1948   -8.3305  -12.8171
   -8.7263   -2.2941   10.2403  -16.6776    2.2100   11.2793
eta,q 0.97726 12.04396
niter,ni,del,rscale     5    3    5.0000    0.8000
parameters
   -2.4623   19.9524   13.0447  -16.3182   -8.2356  -11.9007
   -8.7505   -2.3459   10.2691  -16.6444    2.1714   11.0090
eta,q 0.97731 12.07993
  0.0243  0.0237  0.0234  0.0235  0.0238  0.0241  0.0239  0.0247  0.0233  0.0239  0.0232  0.0232
  0.0234  0.0232  0.0230  0.0231  0.0233  0.0235  0.0232  0.0236  0.0230  0.0232  0.0229  0.0229
  0.0229  0.0229  0.0228  0.0228  0.0229  0.0230  0.0228  0.0229  0.0228  0.0228  0.0228  0.0227
  0.0227  0.0227  0.0227  0.0227  0.0227  0.0227  0.0227  0.0227  0.0227  0.0227  0.0227  0.0227
  0.0229  0.0229  0.0228  0.0229  0.0228  0.0227  0.0228  0.0229  0.0227  0.0228  0.0227  0.0228
  0.0234  0.0232  0.0230  0.0232  0.0232  0.0229  0.0232  0.0237  0.0230  0.0232  0.0229  0.0230
  0.0242  0.0237  0.0234  0.0236  0.0238  0.0234  0.0239  0.0248  0.0233  0.0239  0.0232  0.0233
niter,ni,del,rscale     4    3    5.0000    0.7000
parameters
   -2.4671   19.9243   13.1865  -16.2598   -8.2743  -11.7485
   -8.7385   -2.3518   10.2664  -16.6639    2.1891   11.0363
eta,q 0.97733 12.08650
  0.0238  0.0234  0.0233  0.0233  0.0235  0.0236  0.0236  0.0243  0.0232  0.0236  0.0231  0.0231
  0.0232  0.0230  0.0230  0.0230  0.0231  0.0231  0.0231  0.0234  0.0229  0.0231  0.0229  0.0229
  0.0228  0.0228  0.0228  0.0227  0.0228  0.0228  0.0228  0.0229  0.0227  0.0228  0.0227  0.0227
  0.0227  0.0227  0.0227  0.0227  0.0227  0.0227  0.0227  0.0227  0.0227  0.0227  0.0227  0.0227
  0.0228  0.0228  0.0227  0.0227  0.0228  0.0227  0.0228  0.0229  0.0227  0.0228  0.0227  0.0227
  0.0232  0.0230  0.0228  0.0230  0.0231  0.0230  0.0231  0.0234  0.0229  0.0231  0.0228  0.0229
  0.0239  0.0235  0.0231  0.0233  0.0236  0.0235  0.0236  0.0243  0.0232  0.0236  0.0231  0.0231
niter,ni,del,rscale     3    3    5.0000    0.6000
parameters
   -2.4704   19.8963   13.2151  -16.2869   -8.2793  -11.6585
   -8.7324   -2.3450   10.2677  -16.6786    2.2226   11.0405
eta,q 0.97733 12.08845
  0.0235  0.0232  0.0231  0.0231  0.0233  0.0234  0.0233  0.0239  0.0230  0.0233  0.0230  0.0230
  0.0231  0.0229  0.0229  0.0229  0.0230  0.0230  0.0230  0.0232  0.0228  0.0230  0.0228  0.0228
  0.0228  0.0227  0.0227  0.0227  0.0227  0.0228  0.0228  0.0228  0.0227  0.0228  0.0227  0.0227
  0.0227  0.0227  0.0227  0.0227  0.0227  0.0227  0.0227  0.0227  0.0227  0.0227  0.0227  0.0227
  0.0228  0.0227  0.0227  0.0227  0.0227  0.0227  0.0227  0.0228  0.0227  0.0227  0.0227  0.0227
  0.0231  0.0229  0.0228  0.0229  0.0230  0.0229  0.0230  0.0232  0.0228  0.0230  0.0228  0.0228
  0.0235  0.0233  0.0230  0.0231  0.0233  0.0233  0.0234  0.0239  0.0230  0.0234  0.0230  0.0230
niter,ni,del,rscale     2    3    5.0000    0.5000
parameters
   -2.4682   19.8871   13.2272  -16.3162   -8.2656  -11.6076
   -8.7343   -2.3497   10.2610  -16.6597    2.2566   11.0384
eta,q 0.97733 12.08948
  0.0233  0.0231  0.0229  0.0230  0.0231  0.0232  0.0231  0.0235  0.0229  0.0231  0.0229  0.0229
  0.0229  0.0228  0.0228  0.0228  0.0229  0.0229  0.0229  0.0231  0.0228  0.0229  0.0228  0.0228
  0.0227  0.0227  0.0227  0.0227  0.0227  0.0227  0.0227  0.0228  0.0227  0.0227  0.0227  0.0227
  0.0227  0.0227  0.0227  0.0227  0.0227  0.0227  0.0227  0.0227  0.0227  0.0227  0.0227  0.0227
  0.0227  0.0227  0.0227  0.0227  0.0227  0.0227  0.0227  0.0228  0.0227  0.0227  0.0227  0.0227
  0.0229  0.0229  0.0228  0.0228  0.0229  0.0229  0.0229  0.0230  0.0228  0.0229  0.0228  0.0228
  0.0233  0.0231  0.0229  0.0230  0.0231  0.0231  0.0231  0.0235  0.0229  0.0231  0.0229  0.0229
niter,ni,del,rscale     1    3    5.0000    0.4000
parameters
   -2.4681   19.8837   13.2271  -16.3330   -8.2574  -11.5660
   -8.7328   -2.3433   10.2887  -16.6403    2.2321   10.9912
eta,q 0.97733 12.09046
  0.0231  0.0229  0.0228  0.0229  0.0230  0.0230  0.0230  0.0232  0.0228  0.0230  0.0228  0.0228
  0.0228  0.0228  0.0227  0.0228  0.0228  0.0228  0.0228  0.0229  0.0227  0.0228  0.0227  0.0227
  0.0227  0.0227  0.0227  0.0227  0.0227  0.0227  0.0227  0.0227  0.0227  0.0227  0.0227  0.0227
  0.0227  0.0227  0.0227  0.0227  0.0227  0.0227  0.0227  0.0227  0.0227  0.0227  0.0227  0.0227
  0.0227  0.0227  0.0227  0.0227  0.0227  0.0227  0.0227  0.0227  0.0227  0.0227  0.0227  0.0227
  0.0228  0.0228  0.0227  0.0228  0.0228  0.0228  0.0228  0.0229  0.0227  0.0228  0.0227  0.0227
  0.0231  0.0229  0.0228  0.0229  0.0230  0.0230  0.0230  0.0232  0.0228  0.0230  0.0228  0.0228
registration optimization eta report
parameter search radius
    0.8000    0.8000    0.8000    2.4000    2.4000    2.4000
    2.4000    2.4000    2.4000    2.4000    2.4000    2.4000
100000*second partial in parameter space
       60.       40.       27.        4.        5.        5.
        5.        9.        3.        5.        2.        3.
  0.0231  0.0229  0.0228  0.0229  0.0230  0.0230  0.0230  0.0232  0.0228  0.0230  0.0228  0.0228
  0.0228  0.0228  0.0227  0.0228  0.0228  0.0228  0.0228  0.0229  0.0227  0.0228  0.0227  0.0227
  0.0227  0.0227  0.0227  0.0227  0.0227  0.0227  0.0227  0.0227  0.0227  0.0227  0.0227  0.0227
  0.0227  0.0227  0.0227  0.0227  0.0227  0.0227  0.0227  0.0227  0.0227  0.0227  0.0227  0.0227
  0.0227  0.0227  0.0227  0.0227  0.0227  0.0227  0.0227  0.0227  0.0227  0.0227  0.0227  0.0227
  0.0228  0.0228  0.0227  0.0228  0.0228  0.0228  0.0228  0.0229  0.0227  0.0228  0.0227  0.0227
  0.0231  0.0229  0.0228  0.0229  0.0230  0.0230  0.0230  0.0232  0.0228  0.0230  0.0228  0.0228
   -2.4681   19.8837   13.2271  -16.3330   -8.2574  -11.5660
   -8.7328   -2.3433   10.2887  -16.6403    2.2321   10.9912
eta,q 0.97733 12.09046

---------------------------------------------------------------------
imgreg_4dfp /opt/freesurfer/average/711-2C_as_mni_average_305 /opt/freesurfer/average/711-2B_as_mni_average_305_mask talsrcimg_g11 none talsrcimg_to_711-2C_as_mni_average_305_t4 2311
---------------------------------------------------------------------

freesurfer imgreg_4dfp.c
/opt/freesurfer/average/711-2C_as_mni_average_305.4dfp.img
       256       256       256         1
  1.000000  1.000000  1.000000
orientation T byte_order littleendian
Reading image: /opt/freesurfer/average/711-2C_as_mni_average_305.4dfp.img
dimensions:      256       256       256
mmppix:       1.0000   -1.0000   -1.0000
center:     128.0000 -129.0000 -129.0000
/opt/freesurfer/average/711-2B_as_mni_average_305_mask.4dfp.img
       256       256       256         1
  1.000000  1.000000  1.000000
orientation T byte_order littleendian
Reading mask: /opt/freesurfer/average/711-2B_as_mni_average_305_mask.4dfp.img (2306576 pixels)
talsrcimg_g11.4dfp.img
       256       256       256         1
  1.000000  1.000000  1.000000
orientation T byte_order littleendian
Reading image: talsrcimg_g11.4dfp.img
dimensions:      256       256       256
mmppix:       1.0000   -1.0000   -1.0000
center:     128.0000 -129.0000 -129.0000
fimgreg.f
image alignment mode   2311 decimal      907 hex
parameters
   -2.4681   19.8837   13.2271  -16.3329   -8.2574  -11.5660
   -8.7328   -2.3433   10.2887  -16.6403    2.2321   10.9912
eta,q 0.97733 12.09046
niter,ni,del,rscale     5    3    5.0000    0.8000
parameters
   -2.4715   19.8873   13.2100  -16.1896   -8.3091  -11.8115
   -8.7401   -2.3626   10.2270  -16.7164    2.1921   11.0892
eta,q 0.97733 12.08635
  0.0242  0.0237  0.0234  0.0235  0.0237  0.0237  0.0239  0.0247  0.0233  0.0238  0.0232  0.0233
  0.0233  0.0231  0.0230  0.0231  0.0232  0.0232  0.0232  0.0236  0.0230  0.0232  0.0229  0.0230
  0.0228  0.0228  0.0227  0.0228  0.0228  0.0228  0.0228  0.0229  0.0228  0.0228  0.0227  0.0228
  0.0227  0.0227  0.0227  0.0227  0.0227  0.0227  0.0227  0.0227  0.0227  0.0227  0.0227  0.0227
  0.0228  0.0228  0.0227  0.0228  0.0228  0.0228  0.0228  0.0229  0.0227  0.0228  0.0227  0.0227
  0.0233  0.0231  0.0230  0.0230  0.0232  0.0232  0.0232  0.0236  0.0230  0.0232  0.0229  0.0229
  0.0242  0.0237  0.0234  0.0234  0.0238  0.0241  0.0239  0.0248  0.0233  0.0239  0.0232  0.0233
niter,ni,del,rscale     4    3    5.0000    0.7000
parameters
   -2.4723   19.8832   13.2148  -16.2616   -8.2998  -11.7479
   -8.7368   -2.3473   10.2556  -16.7267    2.2138   11.0855
eta,q 0.97733 12.08541
  0.0238  0.0234  0.0232  0.0233  0.0235  0.0236  0.0236  0.0243  0.0232  0.0236  0.0231  0.0231
  0.0232  0.0230  0.0229  0.0229  0.0231  0.0231  0.0231  0.0234  0.0229  0.0231  0.0229  0.0229
  0.0228  0.0228  0.0227  0.0227  0.0228  0.0228  0.0228  0.0229  0.0227  0.0228  0.0227  0.0227
  0.0227  0.0227  0.0227  0.0227  0.0227  0.0227  0.0227  0.0227  0.0227  0.0227  0.0227  0.0227
  0.0228  0.0228  0.0227  0.0228  0.0228  0.0227  0.0228  0.0228  0.0227  0.0228  0.0227  0.0227
  0.0232  0.0230  0.0229  0.0230  0.0231  0.0230  0.0231  0.0234  0.0229  0.0231  0.0228  0.0229
  0.0238  0.0235  0.0232  0.0233  0.0235  0.0236  0.0236  0.0243  0.0232  0.0236  0.0231  0.0231
niter,ni,del,rscale     3    3    5.0000    0.6000
parameters
   -2.4705   19.8815   13.2219  -16.2954   -8.2851  -11.6591
   -8.7320   -2.3465   10.2574  -16.7037    2.2291   11.0522
eta,q 0.97733 12.08769
  0.0235  0.0232  0.0231  0.0231  0.0233  0.0234  0.0234  0.0239  0.0230  0.0233  0.0230  0.0230
  0.0231  0.0229  0.0229  0.0229  0.0230  0.0230  0.0230  0.0232  0.0228  0.0230  0.0228  0.0228
  0.0228  0.0227  0.0227  0.0227  0.0228  0.0228  0.0227  0.0228  0.0227  0.0228  0.0227  0.0227
  0.0227  0.0227  0.0227  0.0227  0.0227  0.0227  0.0227  0.0227  0.0227  0.0227  0.0227  0.0227
  0.0228  0.0227  0.0227  0.0227  0.0227  0.0227  0.0227  0.0228  0.0227  0.0227  0.0227  0.0227
  0.0230  0.0229  0.0228  0.0229  0.0230  0.0229  0.0230  0.0232  0.0228  0.0230  0.0228  0.0228
  0.0235  0.0232  0.0231  0.0231  0.0233  0.0233  0.0233  0.0239  0.0230  0.0233  0.0230  0.0230
niter,ni,del,rscale     2    3    5.0000    0.5000
parameters
   -2.4689   19.8824   13.2303  -16.3142   -8.2729  -11.6065
   -8.7376   -2.3435   10.2576  -16.6630    2.2638   11.0423
eta,q 0.97733 12.08943
  0.0233  0.0231  0.0229  0.0230  0.0231  0.0232  0.0231  0.0235  0.0229  0.0231  0.0229  0.0229
  0.0229  0.0228  0.0228  0.0228  0.0229  0.0229  0.0229  0.0231  0.0228  0.0229  0.0228  0.0228
  0.0227  0.0227  0.0227  0.0227  0.0227  0.0227  0.0227  0.0228  0.0227  0.0227  0.0227  0.0227
  0.0227  0.0227  0.0227  0.0227  0.0227  0.0227  0.0227  0.0227  0.0227  0.0227  0.0227  0.0227
  0.0227  0.0227  0.0227  0.0227  0.0227  0.0227  0.0227  0.0228  0.0227  0.0227  0.0227  0.0227
  0.0229  0.0228  0.0228  0.0228  0.0229  0.0229  0.0229  0.0230  0.0228  0.0229  0.0228  0.0228
  0.0233  0.0231  0.0229  0.0230  0.0231  0.0231  0.0232  0.0235  0.0229  0.0231  0.0229  0.0229
niter,ni,del,rscale     1    3    5.0000    0.4000
parameters
   -2.4667   19.8859   13.2336  -16.3464   -8.2515  -11.5731
   -8.7190   -2.3442   10.2715  -16.6397    2.2620   11.0125
eta,q 0.97733 12.08947
  0.0231  0.0229  0.0228  0.0229  0.0230  0.0230  0.0230  0.0232  0.0228  0.0230  0.0228  0.0228
  0.0228  0.0228  0.0227  0.0228  0.0228  0.0228  0.0228  0.0229  0.0227  0.0228  0.0227  0.0227
  0.0227  0.0227  0.0227  0.0227  0.0227  0.0227  0.0227  0.0227  0.0227  0.0227  0.0227  0.0227
  0.0227  0.0227  0.0227  0.0227  0.0227  0.0227  0.0227  0.0227  0.0227  0.0227  0.0227  0.0227
  0.0227  0.0227  0.0227  0.0227  0.0227  0.0227  0.0227  0.0227  0.0227  0.0227  0.0227  0.0227
  0.0228  0.0228  0.0227  0.0228  0.0228  0.0228  0.0228  0.0229  0.0227  0.0228  0.0227  0.0227
  0.0230  0.0229  0.0228  0.0229  0.0230  0.0230  0.0230  0.0232  0.0228  0.0230  0.0228  0.0228
registration optimization eta report
parameter search radius
    0.8000    0.8000    0.8000    2.4000    2.4000    2.4000
    2.4000    2.4000    2.4000    2.4000    2.4000    2.4000
100000*second partial in parameter space
       59.       40.       27.        4.        5.        5.
        5.        9.        3.        5.        2.        3.
  0.0231  0.0229  0.0228  0.0229  0.0230  0.0230  0.0230  0.0232  0.0228  0.0230  0.0228  0.0228
  0.0228  0.0228  0.0227  0.0228  0.0228  0.0228  0.0228  0.0229  0.0227  0.0228  0.0227  0.0227
  0.0227  0.0227  0.0227  0.0227  0.0227  0.0227  0.0227  0.0227  0.0227  0.0227  0.0227  0.0227
  0.0227  0.0227  0.0227  0.0227  0.0227  0.0227  0.0227  0.0227  0.0227  0.0227  0.0227  0.0227
  0.0227  0.0227  0.0227  0.0227  0.0227  0.0227  0.0227  0.0227  0.0227  0.0227  0.0227  0.0227
  0.0228  0.0228  0.0227  0.0228  0.0228  0.0228  0.0228  0.0229  0.0227  0.0228  0.0227  0.0227
  0.0230  0.0229  0.0228  0.0229  0.0230  0.0230  0.0230  0.0232  0.0228  0.0230  0.0228  0.0228
   -2.4667   19.8859   13.2336  -16.3464   -8.2515  -11.5731
   -8.7190   -2.3442   10.2715  -16.6397    2.2620   11.0125
eta,q 0.97733 12.08947

---------------------------------------------------------------------
compute_vox2vox talsrcimg talsrcimg_to_711-2C_as_mni_average_305_t4 /opt/freesurfer/average/711-2C_as_mni_average_305
---------------------------------------------------------------------

freesurfer compute_vox2vox.c
Reading: talsrcimg.4dfp.ifh
Reading: talsrcimg_to_711-2C_as_mni_average_305_t4
Reading: /opt/freesurfer/average/711-2C_as_mni_average_305.4dfp.ifh
Writing: talsrcimg_to_711-2C_as_mni_average_305_t4_vox2vox.txt

start time Mon Mar 9 00:11:30 CET 2026
end		time Mon Mar 9 00:11:44 CET 2026

mpr2mni305 success

avi2talxfm orig_nu.mgz /opt/freesurfer/average/mni305.cor.mgz talsrcimg_to_711-2C_as_mni_average_305_t4_vox2vox.txt transforms/talairach.auto.xfm
avi2talxfm done
mv -f /out/sourcedata/freesurfer/sub-v1s16x0051189_ses-1/mri/talsrcimg_to_711-2C_as_mni_average_305_t4_vox2vox.txt /out/sourcedata/freesurfer/sub-v1s16x0051189_ses-1/mri/transforms/talsrcimg_to_711-2C_as_mni_average_305_t4_vox2vox.txt
lta_convert --src orig_nu.mgz --trg /opt/freesurfer/average/mni305.cor.mgz --inxfm transforms/talairach.auto.xfm --outlta transforms/talairach.auto.xfm.lta --subject fsaverage
7.3.2

--src: orig_nu.mgz src image (geometry).
--trg: /opt/freesurfer/average/mni305.cor.mgz trg image (geometry).
--inmni: transforms/talairach.auto.xfm input MNI/XFM transform.
--outlta: transforms/talairach.auto.xfm.lta output LTA.
--s: fsaverage subject name
 LTA read, type : 1
 1.18099   0.05127   0.10608  -0.63513;
-0.01344   1.10532  -0.13395  -7.57936;
-0.13465   0.19472   1.05377  -27.72758;
 0.00000   0.00000   0.00000   1.00000;
setting subject to fsaverage
Writing  LTA to file transforms/talairach.auto.xfm.lta...
lta_convert successful.
 
 
Started at Mon Mar 9 00:11:30 CET 2026
Ended   at Mon Mar  9 00:11:44 CET 2026
talairach_avi done
