/out/sourcedata/freesurfer/sub-v1s16x0051194_ses-1/mri
/opt/freesurfer/bin/talairach_avi
--i orig_nu.mgz --xfm transforms/talairach.auto.xfm
talairach_avi 7.3.2
Linux dna007 5.14.0-427.37.1.el9_4.x86_64 #1 SMP PREEMPT_DYNAMIC Fri Sep 13 12:41:50 EDT 2024 x86_64 x86_64 x86_64 GNU/Linux
Mon Mar  9 00:27:21 CET 2026
mri_convert orig_nu.mgz talsrcimg.img 
reading from orig_nu.mgz...
TR=0.00, TE=0.00, TI=0.00, flip angle=0.00
i_ras = (-1, 0, 0)
j_ras = (0, 0, -1)
k_ras = (0, 1, 0)
writing to talsrcimg.img...
Analyze Output Matrix
-1.00000   0.00000   0.00000   129.42621;
 0.00000   0.00000   1.00000  -121.76099;
 0.00000  -1.00000   0.00000   131.77518;
 0.00000   0.00000   0.00000   1.00000;
--------------------
INFO: set hdr.hist.orient to -1
mpr2mni305 talsrcimg
Mon Mar  9 00:27:21 CET 2026
/opt/freesurfer/bin/mpr2mni305 talsrcimg
mpr2mni305 7.3.2
target=711-2C_as_mni_average_305

---------------------------------------------------------------------
analyzeto4dfp talsrcimg -O0 -y
---------------------------------------------------------------------

freesurfer ifh2hdr.c
Mon Mar  9 00:27:21 2026
Writing: talsrcimg.4dfp.hdr
freesurfer analyzeto4dfp.c
Reading: talsrcimg.hdr
header size 348 bytes
hdr.dime.datatype	offset=70	value=2
hdr.dime.bitpix		offset=72	value=8
hdr.hist.orient		offset=252	value=-1
dimensionality     4
dimensions       256       256       256         1
Reading: talsrcimg.img
Writing: talsrcimg.4dfp.img
Writing: talsrcimg.4dfp.ifh
ifh2hdr talsrcimg -r0to222
ori=2

---------------------------------------------------------------------
gauss_4dfp talsrcimg 1.1
---------------------------------------------------------------------

freesurfer gauss_4dfp.c
Reading: talsrcimg.4dfp.img
Writing: talsrcimg_g11.4dfp.img
image dimensions 256 256 256 padded to 288 288 288
processing volume 1freesurfer ifh2hdr.c
Mon Mar  9 00:27:23 2026
Writing: talsrcimg_g11.4dfp.hdr

Writing: talsrcimg_g11.4dfp.ifh
including: talsrcimg.4dfp.img.rec in talsrcimg_g11.4dfp.img.rec

---------------------------------------------------------------------
imgreg_4dfp /opt/freesurfer/average/711-2C_as_mni_average_305 none talsrcimg_g11 none talsrcimg_to_711-2C_as_mni_average_305_t4 4355
---------------------------------------------------------------------

freesurfer imgreg_4dfp.c
/opt/freesurfer/average/711-2C_as_mni_average_305.4dfp.img
       256       256       256         1
  1.000000  1.000000  1.000000
orientation T byte_order littleendian
Reading image: /opt/freesurfer/average/711-2C_as_mni_average_305.4dfp.img
dimensions:      256       256       256
mmppix:       1.0000   -1.0000   -1.0000
center:     128.0000 -129.0000 -129.0000
talsrcimg_g11.4dfp.img
       256       256       256         1
  1.000000  1.000000  1.000000
orientation T byte_order littleendian
Reading image: talsrcimg_g11.4dfp.img
dimensions:      256       256       256
mmppix:       1.0000   -1.0000   -1.0000
center:     128.0000 -129.0000 -129.0000
t4_read: open error in t4_sub.f l:  41 t4_file(1:l)talsrcimg_to_711-2C_as_mni_average_305_t4 
t4_read: transform initialized to I4
rotation matrix determinant  1.000000
image alignment mode   4355 decimal     1103 hex
   -7.5000  -45.0000  -45.0000 6153.7739   22.2094
    0.0000  -45.0000  -45.0000 6374.8423   22.1895
    7.5000  -45.0000  -45.0000 6127.5229   22.1539
   -7.5000  -37.5000  -45.0000 6659.7974   21.7516
    0.0000  -37.5000  -45.0000 6913.0146   21.7287
    7.5000  -37.5000  -45.0000 6650.2646   21.6956
   -7.5000  -30.0000  -45.0000 7431.7339   21.4598
    0.0000  -30.0000  -45.0000 7715.1567   21.4399
    7.5000  -30.0000  -45.0000 7420.5098   21.4191
   -7.5000  -22.5000  -45.0000 8236.3770   21.3430
    0.0000  -22.5000  -45.0000 8584.0244   21.3338
    7.5000  -22.5000  -45.0000 8248.0752   21.3248
   -7.5000  -15.0000  -45.0000 9060.6777   21.3910
    0.0000  -15.0000  -45.0000 9459.9541   21.3881
    7.5000  -15.0000  -45.0000 9071.4473   21.3813
   -7.5000   -7.5000  -45.0000 9839.2100   21.4282
    0.0000   -7.5000  -45.000010269.5029   21.4203
    7.5000   -7.5000  -45.0000 9831.6670   21.4018
   -7.5000    0.0000  -45.000010456.8691   21.4175
    0.0000    0.0000  -45.000010932.4268   21.4010
    7.5000    0.0000  -45.000010477.9980   21.3689
   -7.5000    7.5000  -45.000010299.9453   21.3661
    0.0000    7.5000  -45.000010779.9414   21.3439
    7.5000    7.5000  -45.000010326.0488   21.3118
   -7.5000   15.0000  -45.000010128.7197   21.3272
    0.0000   15.0000  -45.000010595.2969   21.3073
    7.5000   15.0000  -45.000010144.4834   21.2867
   -7.5000   22.5000  -45.0000 9920.5420   21.3384
    0.0000   22.5000  -45.000010394.1475   21.3292
    7.5000   22.5000  -45.0000 9938.3906   21.3202
   -7.5000   30.0000  -45.0000 9664.5137   21.1059
    0.0000   30.0000  -45.000010110.0361   21.1031
    7.5000   30.0000  -45.0000 9706.3838   21.0964
   -7.5000   37.5000  -45.0000 9604.9512   21.1426
    0.0000   37.5000  -45.000010019.9570   21.1349
    7.5000   37.5000  -45.0000 9617.0801   21.1166
   -7.5000   45.0000  -45.0000 8932.4238   20.5955
    0.0000   45.0000  -45.0000 9305.1602   20.5796
    7.5000   45.0000  -45.0000 8891.3672   20.5488
   -7.5000  -45.0000  -37.5000 6586.5278   21.9494
    0.0000  -45.0000  -37.5000 6833.6099   21.9403
    7.5000  -45.0000  -37.5000 6567.6426   21.9050
   -7.5000  -37.5000  -37.5000 7119.8115   21.4951
    0.0000  -37.5000  -37.5000 7403.9307   21.4759
    7.5000  -37.5000  -37.5000 7111.1660   21.4403
   -7.5000  -30.0000  -37.5000 7930.7954   21.2075
    0.0000  -30.0000  -37.5000 8266.2529   21.1844
    7.5000  -30.0000  -37.5000 7926.8276   21.1569
   -7.5000  -22.5000  -37.5000 8806.6172   21.0990
    0.0000  -22.5000  -37.5000 9188.2793   21.0851
    7.5000  -22.5000  -37.5000 8802.9844   21.0670
   -7.5000  -15.0000  -37.5000 9727.7217   21.1534
    0.0000  -15.0000  -37.500010170.7373   21.1502
    7.5000  -15.0000  -37.5000 9718.3232   21.1355
   -7.5000   -7.5000  -37.500010589.1309   21.1858
    0.0000   -7.5000  -37.500011067.9404   21.1850
    7.5000   -7.5000  -37.500010572.0879   21.1638
   -7.5000    0.0000  -37.500011279.2227   21.1668
    0.0000    0.0000  -37.500011790.4570   21.1598
    7.5000    0.0000  -37.500011257.4932   21.1280
   -7.5000    7.5000  -37.500011073.0029   21.1127
    0.0000    7.5000  -37.500011581.3271   21.0941
    7.5000    7.5000  -37.500011060.8789   21.0596
   -7.5000   15.0000  -37.500010807.7803   21.0758
    0.0000   15.0000  -37.500011309.6895   21.0528
    7.5000   15.0000  -37.500010801.4736   21.0253
   -7.5000   22.5000  -37.500010561.2354   21.0945
    0.0000   22.5000  -37.500011049.7295   21.0806
    7.5000   22.5000  -37.500010567.3496   21.0625
   -7.5000   30.0000  -37.500010293.8262   20.8715
    0.0000   30.0000  -37.500010773.9336   20.8683
    7.5000   30.0000  -37.500010319.1943   20.8539
   -7.5000   37.5000  -37.500010231.9004   20.9035
    0.0000   37.5000  -37.500010702.2588   20.9027
    7.5000   37.5000  -37.500010228.8203   20.8817
   -7.5000   45.0000  -37.5000 9504.0850   20.3544
    0.0000   45.0000  -37.5000 9927.7236   20.3477
    7.5000   45.0000  -37.5000 9459.8594   20.3171
   -7.5000  -45.0000  -30.0000 7137.9419   22.7036
    0.0000  -45.0000  -30.0000 7433.6455   22.7032
    7.5000  -45.0000  -30.0000 7155.3105   22.6605
   -7.5000  -37.5000  -30.0000 7708.3887   22.2335
    0.0000  -37.5000  -30.0000 8039.1626   22.2189
    7.5000  -37.5000  -30.0000 7716.9043   22.1757
   -7.5000  -30.0000  -30.0000 8623.3779   21.9351
    0.0000  -30.0000  -30.0000 9005.0664   21.9145
    7.5000  -30.0000  -30.0000 8613.3301   21.8762
   -7.5000  -22.5000  -30.0000 9609.7695   21.8232
    0.0000  -22.5000  -30.000010051.7803   21.8125
    7.5000  -22.5000  -30.0000 9610.6699   21.7804
   -7.5000  -15.0000  -30.000010636.0410   21.8795
    0.0000  -15.0000  -30.000011133.0820   21.8822
    7.5000  -15.0000  -30.000010603.9014   21.8536
   -7.5000   -7.5000  -30.000011528.2695   21.9109
    0.0000   -7.5000  -30.000012074.9287   21.9187
    7.5000   -7.5000  -30.000011484.2637   21.8876
   -7.5000    0.0000  -30.000012279.0293   21.8904
    0.0000    0.0000  -30.000012828.0273   21.8915
    7.5000    0.0000  -30.000012192.3564   21.8534
   -7.5000    7.5000  -30.000012046.4941   21.8352
    0.0000    7.5000  -30.000012619.1670   21.8211
    7.5000    7.5000  -30.000012002.5352   21.7796
   -7.5000   15.0000  -30.000011747.1982   21.7977
    0.0000   15.0000  -30.000012305.1064   21.7771
    7.5000   15.0000  -30.000011723.3076   21.7391
   -7.5000   22.5000  -30.000011437.0469   21.8163
    0.0000   22.5000  -30.000011978.3330   21.8056
    7.5000   22.5000  -30.000011456.6279   21.7735
   -7.5000   30.0000  -30.000011118.4648   21.5900
    0.0000   30.0000  -30.000011656.9951   21.5926
    7.5000   30.0000  -30.000011132.8506   21.5645
   -7.5000   37.5000  -30.000011038.3789   21.6209
    0.0000   37.5000  -30.000011568.8799   21.6287
    7.5000   37.5000  -30.000011030.9229   21.5980
   -7.5000   45.0000  -30.000010244.6768   21.0657
    0.0000   45.0000  -30.000010715.2949   21.0667
    7.5000   45.0000  -30.000010181.7588   21.0301
   -7.5000  -45.0000  -22.5000 7725.0376   23.5343
    0.0000  -45.0000  -22.5000 8087.3374   23.5338
    7.5000  -45.0000  -22.5000 7739.7695   23.4810
   -7.5000  -37.5000  -22.5000 8360.4238   23.0432
    0.0000  -37.5000  -22.5000 8757.6133   23.0313
    7.5000  -37.5000  -22.5000 8358.3721   22.9827
   -7.5000  -30.0000  -22.5000 9380.4111   22.7277
    0.0000  -30.0000  -22.5000 9841.4922   22.7144
    7.5000  -30.0000  -22.5000 9360.7676   22.6739
   -7.5000  -22.5000  -22.500010483.4697   22.6065
    0.0000  -22.5000  -22.500011009.9463   22.6054
    7.5000  -22.5000  -22.500010449.0752   22.5710
   -7.5000  -15.0000  -22.500011551.0645   22.6638
    0.0000  -15.0000  -22.500012142.3018   22.6747
    7.5000  -15.0000  -22.500011519.3867   22.6413
   -7.5000   -7.5000  -22.500012510.6309   22.7031
    0.0000   -7.5000  -22.500013132.9844   22.7146
    7.5000   -7.5000  -22.500012462.9238   22.6751
   -7.5000    0.0000  -22.500013298.7969   22.6890
    0.0000    0.0000  -22.500013908.2051   22.6904
    7.5000    0.0000  -22.500013188.3672   22.6435
   -7.5000    7.5000  -22.500013070.9512   22.6298
    0.0000    7.5000  -22.500013707.1777   22.6183
    7.5000    7.5000  -22.500012987.1250   22.5716
   -7.5000   15.0000  -22.500012766.2402   22.5850
    0.0000   15.0000  -22.500013393.0342   22.5716
    7.5000   15.0000  -22.500012703.5264   22.5313
   -7.5000   22.5000  -22.500012394.9873   22.5978
    0.0000   22.5000  -22.500013032.2256   22.5967
    7.5000   22.5000  -22.500012383.6279   22.5623
   -7.5000   30.0000  -22.500011959.0107   22.3674
    0.0000   30.0000  -22.500012588.5605   22.3781
    7.5000   30.0000  -22.500011978.4141   22.3451
   -7.5000   37.5000  -22.500011818.2676   22.4061
    0.0000   37.5000  -22.500012428.7539   22.4174
    7.5000   37.5000  -22.500011827.0615   22.3785
   -7.5000   45.0000  -22.500010965.5576   21.8506
    0.0000   45.0000  -22.500011520.3604   21.8520
    7.5000   45.0000  -22.500010937.4082   21.8068
   -7.5000  -45.0000  -15.0000 8361.2734   24.1121
    0.0000  -45.0000  -15.0000 8716.3613   24.1004
    7.5000  -45.0000  -15.0000 8328.9561   24.0446
   -7.5000  -37.5000  -15.0000 9056.0996   23.6092
    0.0000  -37.5000  -15.0000 9470.0449   23.5932
    7.5000  -37.5000  -15.0000 9023.7783   23.5456
   -7.5000  -30.0000  -15.000010173.4717   23.2825
    0.0000  -30.0000  -15.000010663.2656   23.2721
    7.5000  -30.0000  -15.000010125.6572   23.2385
   -7.5000  -22.5000  -15.000011333.5654   23.1516
    0.0000  -22.5000  -15.000011897.0352   23.1547
    7.5000  -22.5000  -15.000011272.2578   23.1307
   -7.5000  -15.0000  -15.000012435.2178   23.2066
    0.0000  -15.0000  -15.000013061.8545   23.2173
    7.5000  -15.0000  -15.000012368.6729   23.1922
   -7.5000   -7.5000  -15.000013424.3652   23.2530
    0.0000   -7.5000  -15.000014104.2852   23.2569
    7.5000   -7.5000  -15.000013374.0068   23.2188
   -7.5000    0.0000  -15.000014268.0215   23.2463
    0.0000    0.0000  -15.000014964.7520   23.2378
    7.5000    0.0000  -15.000014213.9707   23.1882
   -7.5000    7.5000  -15.000014054.6182   23.1862
    0.0000    7.5000  -15.000014780.8594   23.1707
    7.5000    7.5000  -15.000014017.0947   23.1248
   -7.5000   15.0000  -15.000013758.1475   23.1362
    0.0000   15.0000  -15.000014493.2812   23.1256
    7.5000   15.0000  -15.000013724.7686   23.0923
   -7.5000   22.5000  -15.000013331.8857   23.1416
    0.0000   22.5000  -15.000014092.0078   23.1447
    7.5000   22.5000  -15.000013345.7715   23.1207
   -7.5000   30.0000  -15.000012822.3906   22.9062
    0.0000   30.0000  -15.000013565.6748   22.9168
    7.5000   30.0000  -15.000012859.4775   22.8920
   -7.5000   37.5000  -15.000012598.9609   22.9521
    0.0000   37.5000  -15.000013331.3027   22.9559
    7.5000   37.5000  -15.000012650.8047   22.9183
   -7.5000   45.0000  -15.000011673.1016   22.4009
    0.0000   45.0000  -15.000012317.1094   22.3926
    7.5000   45.0000  -15.000011697.4795   22.3448
   -7.5000  -45.0000   -7.5000 8983.8682   24.3482
    0.0000  -45.0000   -7.5000 9371.4277   24.3267
    7.5000  -45.0000   -7.5000 8958.3574   24.2813
   -7.5000  -37.5000   -7.5000 9773.9375   23.8454
    0.0000  -37.5000   -7.500010228.8047   23.8237
    7.5000  -37.5000   -7.5000 9754.3086   23.7839
   -7.5000  -30.0000   -7.500010986.8760   23.5204
    0.0000  -30.0000   -7.500011533.1309   23.5059
    7.5000  -30.0000   -7.500010935.6494   23.4814
   -7.5000  -22.5000   -7.500012187.7129   23.3876
    0.0000  -22.5000   -7.500012796.6631   23.3860
    7.5000  -22.5000   -7.500012146.8594   23.3742
   -7.5000  -15.0000   -7.500013351.0020   23.4399
    0.0000  -15.0000   -7.500014003.2617   23.4433
    7.5000  -15.0000   -7.500013292.1025   23.4325
   -7.5000   -7.5000   -7.500014408.0801   23.4846
    0.0000   -7.5000   -7.500015129.3330   23.4786
    7.5000   -7.5000   -7.500014402.7852   23.4529
   -7.5000    0.0000   -7.500015303.6338   23.4771
    0.0000    0.0000   -7.500016064.0625   23.4596
    7.5000    0.0000   -7.500015310.1064   23.4190
   -7.5000    7.5000   -7.500015072.1484   23.4195
    0.0000    7.5000   -7.500015877.6807   23.3983
    7.5000    7.5000   -7.500015099.2305   23.3598
   -7.5000   15.0000   -7.500014759.3564   23.3729
    0.0000   15.0000   -7.500015594.4980   23.3583
    7.5000   15.0000   -7.500014774.3164   23.3339
   -7.5000   22.5000   -7.500014314.5693   23.3750
    0.0000   22.5000   -7.500015167.7383   23.3734
    7.5000   22.5000   -7.500014357.0312   23.3616
   -7.5000   30.0000   -7.500013810.0615   23.1359
    0.0000   30.0000   -7.500014633.8252   23.1393
    7.5000   30.0000   -7.500013847.3447   23.1286
   -7.5000   37.5000   -7.500013515.0117   23.1800
    0.0000   37.5000   -7.500014315.6475   23.1741
    7.5000   37.5000   -7.500013545.0527   23.1487
   -7.5000   45.0000   -7.500012495.5156   22.6275
    0.0000   45.0000   -7.500013194.9404   22.6106
    7.5000   45.0000   -7.500012507.8438   22.5715
   -7.5000  -45.0000    0.0000 9555.8740   24.3451
    0.0000  -45.0000    0.0000 9993.2471   24.3237
    7.5000  -45.0000    0.0000 9596.8926   24.2874
   -7.5000  -37.5000    0.000010426.1514   23.8472
    0.0000  -37.5000    0.000010917.7383   23.8223
    7.5000  -37.5000    0.000010447.7754   23.7871
   -7.5000  -30.0000    0.000011720.3545   23.5284
    0.0000  -30.0000    0.000012280.9297   23.5062
    7.5000  -30.0000    0.000011685.1367   23.4838
   -7.5000  -22.5000    0.000012999.8682   23.3994
    0.0000  -22.5000    0.000013598.0869   23.3884
    7.5000  -22.5000    0.000012958.3428   23.3797
   -7.5000  -15.0000    0.000014218.7412   23.4513
    0.0000  -15.0000    0.000014865.8750   23.4474
    7.5000  -15.0000    0.000014166.1973   23.4423
   -7.5000   -7.5000    0.000015397.8291   23.4897
    0.0000   -7.5000    0.000016110.8252   23.4807
    7.5000   -7.5000    0.000015351.1885   23.4633
   -7.5000    0.0000    0.000016408.1914   23.4766
    0.0000    0.0000    0.000017211.0215   23.4587
    7.5000    0.0000    0.000016421.8398   23.4259
   -7.5000    7.5000    0.000016126.2773   23.4218
    0.0000    7.5000    0.000016984.7852   23.3976
    7.5000    7.5000    0.000016165.9082   23.3635
   -7.5000   15.0000    0.000015748.3594   23.3812
    0.0000   15.0000    0.000016603.3652   23.3590
    7.5000   15.0000    0.000015752.8438   23.3367
   -7.5000   22.5000    0.000015288.0840   23.3868
    0.0000   22.5000    0.000016106.9648   23.3759
    7.5000   22.5000    0.000015278.4531   23.3671
   -7.5000   30.0000    0.000014720.2275   23.1478
    0.0000   30.0000    0.000015570.2188   23.1440
    7.5000   30.0000    0.000014742.2139   23.1389
   -7.5000   37.5000    0.000014395.4463   23.1857
    0.0000   37.5000    0.000015191.5244   23.1768
    7.5000   37.5000    0.000014378.8066   23.1597
   -7.5000   45.0000    0.000013273.7715   22.6287
    0.0000   45.0000    0.000013974.0684   22.6115
    7.5000   45.0000    0.000013241.3271   22.5799
   -7.5000  -45.0000    7.5000 9412.6855   24.3401
    0.0000  -45.0000    7.5000 9862.1436   24.3285
    7.5000  -45.0000    7.5000 9450.1328   24.2901
   -7.5000  -37.5000    7.500010304.7148   23.8410
    0.0000  -37.5000    7.500010782.6953   23.8186
    7.5000  -37.5000    7.500010313.0674   23.7791
   -7.5000  -30.0000    7.500011561.1348   23.5239
    0.0000  -30.0000    7.500012069.9580   23.4974
    7.5000  -30.0000    7.500011526.4844   23.4665
   -7.5000  -22.5000    7.500012775.1387   23.4008
    0.0000  -22.5000    7.500013333.6211   23.3845
    7.5000  -22.5000    7.500012754.1943   23.3643
   -7.5000  -15.0000    7.500013938.7002   23.4572
    0.0000  -15.0000    7.500014537.9482   23.4522
    7.5000  -15.0000    7.500013945.6455   23.4366
   -7.5000   -7.5000    7.500015161.1953   23.4907
    0.0000   -7.5000    7.500015816.2393   23.4882
    7.5000   -7.5000    7.500015155.2793   23.4655
   -7.5000    0.0000    7.500016303.2598   23.4710
    0.0000    0.0000    7.500017112.3477   23.4617
    7.5000    0.0000    7.500016308.0732   23.4271
   -7.5000    7.5000    7.500016086.0420   23.4150
    0.0000    7.5000    7.500016950.6797   23.3933
    7.5000    7.5000    7.500016108.5400   23.3552
   -7.5000   15.0000    7.500015672.0176   23.3768
    0.0000   15.0000    7.500016426.5059   23.3503
    7.5000   15.0000    7.500015604.7207   23.3196
   -7.5000   22.5000    7.500015161.8486   23.3883
    0.0000   22.5000    7.500015834.7080   23.3719
    7.5000   22.5000    7.500015087.6631   23.3518
   -7.5000   30.0000    7.500014576.6162   23.1536
    0.0000   30.0000    7.500015241.4746   23.1487
    7.5000   30.0000    7.500014542.4053   23.1333
   -7.5000   37.5000    7.500014204.0938   23.1867
    0.0000   37.5000    7.500014877.6797   23.1842
    7.5000   37.5000    7.500014132.9033   23.1618
   -7.5000   45.0000    7.500013094.8516   22.6234
    0.0000   45.0000    7.500013771.1406   22.6144
    7.5000   45.0000    7.500013016.0117   22.5811
   -7.5000  -45.0000   15.0000 9198.2266   24.3798
    0.0000  -45.0000   15.0000 9614.6240   24.3795
    7.5000  -45.0000   15.0000 9209.9668   24.3336
   -7.5000  -37.5000   15.000010005.4863   23.8750
    0.0000  -37.5000   15.000010476.3564   23.8594
    7.5000  -37.5000   15.000010045.6670   23.8130
   -7.5000  -30.0000   15.000011161.2891   23.5547
    0.0000  -30.0000   15.000011664.4688   23.5325
    7.5000  -30.0000   15.000011194.0518   23.4914
   -7.5000  -22.5000   15.000012294.0518   23.4344
    0.0000  -22.5000   15.000012850.4785   23.4229
    7.5000  -22.5000   15.000012367.0439   23.3885
   -7.5000  -15.0000   15.000013430.1641   23.4949
    0.0000  -15.0000   15.000014022.9873   23.4978
    7.5000  -15.0000   15.000013529.9746   23.4672
   -7.5000   -7.5000   15.000014608.6777   23.5286
    0.0000   -7.5000   15.000015279.3232   23.5370
    7.5000   -7.5000   15.000014746.7344   23.5036
   -7.5000    0.0000   15.000015812.0586   23.5066
    0.0000    0.0000   15.000016704.1855   23.5078
    7.5000    0.0000   15.000016024.3115   23.4669
   -7.5000    7.5000   15.000015780.4863   23.4473
    0.0000    7.5000   15.000016646.0840   23.4322
    7.5000    7.5000   15.000015950.6475   23.3877
   -7.5000   15.0000   15.000015545.5342   23.4071
    0.0000   15.0000   15.000016155.9092   23.3849
    7.5000   15.0000   15.000015514.0400   23.3441
   -7.5000   22.5000   15.000015050.7324   23.4218
    0.0000   22.5000   15.000015596.0371   23.4103
    7.5000   22.5000   15.000014959.2656   23.3759
   -7.5000   30.0000   15.000014413.5723   23.1909
    0.0000   30.0000   15.000015018.5322   23.1937
    7.5000   30.0000   15.000014338.5137   23.1635
   -7.5000   37.5000   15.000013965.3691   23.2241
    0.0000   37.5000   15.000014650.8633   23.2324
    7.5000   37.5000   15.000013834.2373   23.1994
   -7.5000   45.0000   15.000012817.7910   22.6577
    0.0000   45.0000   15.000013534.9082   22.6588
    7.5000   45.0000   15.000012704.0518   22.6194
   -7.5000  -45.0000   22.5000 8794.8594   24.4305
    0.0000  -45.0000   22.5000 9232.3496   24.4300
    7.5000  -45.0000   22.5000 8823.5674   24.3751
   -7.5000  -37.5000   22.5000 9578.3154   23.9207
    0.0000  -37.5000   22.500010044.3418   23.9084
    7.5000  -37.5000   22.5000 9660.8525   23.8579
   -7.5000  -30.0000   22.500010675.0186   23.5932
    0.0000  -30.0000   22.500011139.5947   23.5794
    7.5000  -30.0000   22.500010769.1064   23.5373
   -7.5000  -22.5000   22.500011722.6240   23.4674
    0.0000  -22.5000   22.500012210.9326   23.4662
    7.5000  -22.5000   22.500011889.2461   23.4305
   -7.5000  -15.0000   22.500012797.0059   23.5269
    0.0000  -15.0000   22.500013304.9922   23.5381
    7.5000  -15.0000   22.500012986.2939   23.5035
   -7.5000   -7.5000   22.500013932.8525   23.5676
    0.0000   -7.5000   22.500014546.3066   23.5795
    7.5000   -7.5000   22.500014159.9824   23.5385
   -7.5000    0.0000   22.500015054.6973   23.5530
    0.0000    0.0000   22.500015902.9541   23.5544
    7.5000    0.0000   22.500015336.0098   23.5058
   -7.5000    7.5000   22.500015084.2812   23.4915
    0.0000    7.5000   22.500015950.0791   23.4796
    7.5000    7.5000   22.500015279.8828   23.4312
   -7.5000   15.0000   22.500014989.0146   23.4451
    0.0000   15.0000   22.500015807.4180   23.4311
    7.5000   15.0000   22.500014974.9951   23.3893
   -7.5000   22.5000   22.500014576.5615   23.4547
    0.0000   22.5000   22.500015426.7686   23.4536
    7.5000   22.5000   22.500014519.8252   23.4179
   -7.5000   30.0000   22.500013915.0928   23.2224
    0.0000   30.0000   22.500014717.8184   23.2335
    7.5000   30.0000   22.500013831.6787   23.1993
   -7.5000   37.5000   22.500013394.5449   23.2626
    0.0000   37.5000   22.500014148.6670   23.2744
    7.5000   37.5000   22.500013293.3926   23.2339
   -7.5000   45.0000   22.500012255.8691   22.7024
    0.0000   45.0000   22.500012913.6924   22.7038
    7.5000   45.0000   22.500012168.1758   22.6569
   -7.5000  -45.0000   30.0000 8277.8877   24.4431
    0.0000  -45.0000   30.0000 8686.0039   24.4311
    7.5000  -45.0000   30.0000 8359.3867   24.3746
   -7.5000  -37.5000   30.0000 9016.7598   23.9332
    0.0000  -37.5000   30.0000 9463.5088   23.9170
    7.5000  -37.5000   30.0000 9107.2334   23.8688
   -7.5000  -30.0000   30.000010040.0830   23.6020
    0.0000  -30.0000   30.000010499.2354   23.5914
    7.5000  -30.0000   30.000010137.6250   23.5575
   -7.5000  -22.5000   30.000011046.4453   23.4694
    0.0000  -22.5000   30.000011566.5234   23.4725
    7.5000  -22.5000   30.000011199.8672   23.4481
   -7.5000  -15.0000   30.000012080.7744   23.5251
    0.0000  -15.0000   30.000012677.8379   23.5359
    7.5000  -15.0000   30.000012262.1416   23.5105
   -7.5000   -7.5000   30.000013172.2236   23.5722
    0.0000   -7.5000   30.000013871.8945   23.5761
    7.5000   -7.5000   30.000013382.3271   23.5374
   -7.5000    0.0000   30.000014216.7959   23.5654
    0.0000    0.0000   30.000014945.5146   23.5567
    7.5000    0.0000   30.000014404.7715   23.5064
   -7.5000    7.5000   30.000014156.1758   23.5044
    0.0000    7.5000   30.000014806.4961   23.4887
    7.5000    7.5000   30.000014257.9658   23.4422
   -7.5000   15.0000   30.000013957.1387   23.4537
    0.0000   15.0000   30.000014608.9424   23.4430
    7.5000   15.0000   30.000013994.4297   23.4092
   -7.5000   22.5000   30.000013609.0488   23.4567
    0.0000   22.5000   30.000014311.5205   23.4599
    7.5000   22.5000   30.000013673.6748   23.4355
   -7.5000   30.0000   30.000013021.4414   23.2206
    0.0000   30.0000   30.000013745.2119   23.2313
    7.5000   30.0000   30.000013070.9697   23.2062
   -7.5000   37.5000   30.000012531.9609   23.2671
    0.0000   37.5000   30.000013235.5557   23.2709
    7.5000   37.5000   30.000012561.5244   23.2328
   -7.5000   45.0000   30.000011450.2334   22.7143
    0.0000   45.0000   30.000012065.4424   22.7059
    7.5000   45.0000   30.000011483.5596   22.6575
   -7.5000  -45.0000   37.5000 7981.4438   24.4865
    0.0000  -45.0000   37.5000 8413.0820   24.4654
    7.5000  -45.0000   37.5000 8070.2769   24.4199
   -7.5000  -37.5000   37.5000 8717.7598   23.9790
    0.0000  -37.5000   37.5000 9184.8750   23.9575
    7.5000  -37.5000   37.5000 8794.2969   23.9177
   -7.5000  -30.0000   37.5000 9753.7773   23.6506
    0.0000  -30.0000   37.500010247.2480   23.6362
    7.5000  -30.0000   37.5000 9811.7920   23.6119
   -7.5000  -22.5000   37.500010793.7803   23.5165
    0.0000  -22.5000   37.500011347.5195   23.5153
    7.5000  -22.5000   37.500010883.5283   23.5038
   -7.5000  -15.0000   37.500011815.0137   23.5697
    0.0000  -15.0000   37.500012405.8838   23.5736
    7.5000  -15.0000   37.500011943.6348   23.5633
   -7.5000   -7.5000   37.500012806.1904   23.6153
    0.0000   -7.5000   37.500013397.5264   23.6098
    7.5000   -7.5000   37.500012930.3086   23.5843
   -7.5000    0.0000   37.500013692.5195   23.6079
    0.0000    0.0000   37.500014234.0352   23.5906
    7.5000    0.0000   37.500013785.8662   23.5501
   -7.5000    7.5000   37.500013541.0615   23.5492
    0.0000    7.5000   37.500014033.8604   23.5283
    7.5000    7.5000   37.500013608.5801   23.4898
   -7.5000   15.0000   37.500013290.3369   23.5017
    0.0000   15.0000   37.500013829.5342   23.4873
    7.5000   15.0000   37.500013379.5547   23.4630
   -7.5000   22.5000   37.500013005.5879   23.5038
    0.0000   22.5000   37.500013621.4463   23.5026
    7.5000   22.5000   37.500013153.7529   23.4912
   -7.5000   30.0000   37.500012560.7334   23.2647
    0.0000   30.0000   37.500013159.3584   23.2685
    7.5000   30.0000   37.500012646.6152   23.2583
   -7.5000   37.5000   37.500012136.9072   23.3097
    0.0000   37.5000   37.500012729.0371   23.3042
    7.5000   37.5000   37.500012215.1162   23.2791
   -7.5000   45.0000   37.500011087.1338   22.7553
    0.0000   45.0000   37.500011649.1309   22.7387
    7.5000   45.0000   37.500011155.6982   22.6995
   -7.5000  -45.0000   45.0000 7348.9512   24.5232
    0.0000  -45.0000   45.0000 7729.5996   24.5013
    7.5000  -45.0000   45.0000 7437.1221   24.4640
   -7.5000  -37.5000   45.0000 8037.4233   24.0188
    0.0000  -37.5000   45.0000 8450.1182   23.9934
    7.5000  -37.5000   45.0000 8093.3330   23.9572
   -7.5000  -30.0000   45.0000 9021.4668   23.6967
    0.0000  -30.0000   45.0000 9462.3223   23.6741
    7.5000  -30.0000   45.0000 9055.8096   23.6513
   -7.5000  -22.5000   45.0000 9990.4951   23.5674
    0.0000  -22.5000   45.000010502.3828   23.5566
    7.5000  -22.5000   45.000010056.2949   23.5479
   -7.5000  -15.0000   45.000010904.2988   23.6212
    0.0000  -15.0000   45.000011447.3643   23.6176
    7.5000  -15.0000   45.000010988.5010   23.6127
   -7.5000   -7.5000   45.000011771.9277   23.6604
    0.0000   -7.5000   45.000012303.9834   23.6514
    7.5000   -7.5000   45.000011869.7617   23.6338
   -7.5000    0.0000   45.000012545.1123   23.6463
    0.0000    0.0000   45.000013049.5020   23.6280
    7.5000    0.0000   45.000012637.2480   23.5945
   -7.5000    7.5000   45.000012377.3398   23.5899
    0.0000    7.5000   45.000012842.7461   23.5652
    7.5000    7.5000   45.000012454.3516   23.5302
   -7.5000   15.0000   45.000012153.9678   23.5484
    0.0000   15.0000   45.000012617.5557   23.5258
    7.5000   15.0000   45.000012239.2861   23.5031
   -7.5000   22.5000   45.000011900.8682   23.5547
    0.0000   22.5000   45.000012423.8867   23.5438
    7.5000   22.5000   45.000012027.6318   23.5352
   -7.5000   30.0000   45.000011523.5371   23.3135
    0.0000   30.0000   45.000012029.9580   23.3099
    7.5000   30.0000   45.000011622.5469   23.3051
   -7.5000   37.5000   45.000011157.8945   23.3522
    0.0000   37.5000   45.000011652.7617   23.3433
    7.5000   37.5000   45.000011241.0020   23.3259
   -7.5000   45.0000   45.000010220.9297   22.8027
    0.0000   45.0000   45.000010682.4365   22.7850
    7.5000   45.0000   45.000010272.0977   22.7527

---------------------------------------------------------------------
imgreg_4dfp /opt/freesurfer/average/711-2C_as_mni_average_305 /opt/freesurfer/average/711-2B_as_mni_average_305_mask talsrcimg_g11 none talsrcimg_to_711-2C_as_mni_average_305_t4 4355
---------------------------------------------------------------------

freesurfer imgreg_4dfp.c
/opt/freesurfer/average/711-2C_as_mni_average_305.4dfp.img
       256       256       256         1
  1.000000  1.000000  1.000000
orientation T byte_order littleendian
Reading image: /opt/freesurfer/average/711-2C_as_mni_average_305.4dfp.img
dimensions:      256       256       256
mmppix:       1.0000   -1.0000   -1.0000
center:     128.0000 -129.0000 -129.0000
/opt/freesurfer/average/711-2B_as_mni_average_305_mask.4dfp.img
       256       256       256         1
  1.000000  1.000000  1.000000
orientation T byte_order littleendian
Reading mask: /opt/freesurfer/average/711-2B_as_mni_average_305_mask.4dfp.img (2306576 pixels)
talsrcimg_g11.4dfp.img
       256       256       256         1
  1.000000  1.000000  1.000000
orientation T byte_order littleendian
Reading image: talsrcimg_g11.4dfp.img
dimensions:      256       256       256
mmppix:       1.0000   -1.0000   -1.0000
center:     128.0000 -129.0000 -129.0000
rotation matrix determinant  1.000000
image alignment mode   4355 decimal     1103 hex
   -7.5000  -45.0000  -45.0000 1732.8763   36.2348
    0.0000  -45.0000  -45.0000 1743.3688   35.6355
    7.5000  -45.0000  -45.0000 1736.6842   35.5857
   -7.5000  -37.5000  -45.0000 1849.1873   32.2801
    0.0000  -37.5000  -45.0000 1859.1129   31.6765
    7.5000  -37.5000  -45.0000 1851.6152   31.6864
   -7.5000  -30.0000  -45.0000 1944.0959   29.0415
    0.0000  -30.0000  -45.0000 1955.9072   28.5667
    7.5000  -30.0000  -45.0000 1944.4216   28.6450
   -7.5000  -22.5000  -45.0000 2030.1339   26.7260
    0.0000  -22.5000  -45.0000 2049.2568   26.4064
    7.5000  -22.5000  -45.0000 2039.0387   26.4622
   -7.5000  -15.0000  -45.0000 2105.0469   25.0788
    0.0000  -15.0000  -45.0000 2126.2610   24.8801
    7.5000  -15.0000  -45.0000 2115.3818   24.9398
   -7.5000   -7.5000  -45.0000 2160.0173   23.9205
    0.0000   -7.5000  -45.0000 2175.1980   23.7790
    7.5000   -7.5000  -45.0000 2169.5469   23.8507
   -7.5000    0.0000  -45.0000 2188.9902   23.2493
    0.0000    0.0000  -45.0000 2202.7229   23.0519
    7.5000    0.0000  -45.0000 2197.4973   23.1432
   -7.5000    7.5000  -45.0000 2199.1016   23.1059
    0.0000    7.5000  -45.0000 2208.5105   22.8667
    7.5000    7.5000  -45.0000 2210.2283   22.9289
   -7.5000   15.0000  -45.0000 2194.9236   23.4077
    0.0000   15.0000  -45.0000 2215.8718   23.1362
    7.5000   15.0000  -45.0000 2219.1377   23.1819
   -7.5000   22.5000  -45.0000 2184.8225   24.0719
    0.0000   22.5000  -45.0000 2208.3445   23.7951
    7.5000   22.5000  -45.0000 2206.2642   23.9024
   -7.5000   30.0000  -45.0000 2152.0564   25.1241
    0.0000   30.0000  -45.0000 2172.2266   24.7658
    7.5000   30.0000  -45.0000 2173.5222   24.8437
   -7.5000   37.5000  -45.0000 2107.1289   26.6881
    0.0000   37.5000  -45.0000 2124.2776   26.1649
    7.5000   37.5000  -45.0000 2126.4814   26.1219
   -7.5000   45.0000  -45.0000 2050.7520   28.6904
    0.0000   45.0000  -45.0000 2065.2161   28.0895
    7.5000   45.0000  -45.0000 2064.3352   28.0275
   -7.5000  -45.0000  -37.5000 1813.5582   33.3323
    0.0000  -45.0000  -37.5000 1819.5454   32.8119
    7.5000  -45.0000  -37.5000 1809.7448   32.8709
   -7.5000  -37.5000  -37.5000 1926.7710   29.5116
    0.0000  -37.5000  -37.5000 1937.7053   29.0945
    7.5000  -37.5000  -37.5000 1925.5236   29.1212
   -7.5000  -30.0000  -37.5000 2024.5114   26.5940
    0.0000  -30.0000  -37.5000 2040.5736   26.2254
    7.5000  -30.0000  -37.5000 2028.4635   26.2706
   -7.5000  -22.5000  -37.5000 2120.0166   24.4307
    0.0000  -22.5000  -37.5000 2138.7078   24.1998
    7.5000  -22.5000  -37.5000 2129.4407   24.2118
   -7.5000  -15.0000  -37.5000 2207.7322   22.9897
    0.0000  -15.0000  -37.5000 2224.9795   22.8210
    7.5000  -15.0000  -37.5000 2218.7312   22.8307
   -7.5000   -7.5000  -37.5000 2268.4121   21.9856
    0.0000   -7.5000  -37.5000 2284.1133   21.8736
    7.5000   -7.5000  -37.5000 2282.4338   21.8973
   -7.5000    0.0000  -37.5000 2301.7183   21.3838
    0.0000    0.0000  -37.5000 2319.4905   21.2534
    7.5000    0.0000  -37.5000 2314.9641   21.2487
   -7.5000    7.5000  -37.5000 2304.1208   21.1436
    0.0000    7.5000  -37.5000 2324.9106   20.9767
    7.5000    7.5000  -37.5000 2322.2517   21.0275
   -7.5000   15.0000  -37.5000 2295.1936   21.3712
    0.0000   15.0000  -37.5000 2319.0347   21.1144
    7.5000   15.0000  -37.5000 2314.8713   21.1499
   -7.5000   22.5000  -37.5000 2275.5652   21.9163
    0.0000   22.5000  -37.5000 2301.9080   21.6560
    7.5000   22.5000  -37.5000 2298.8884   21.6661
   -7.5000   30.0000  -37.5000 2242.5156   22.8486
    0.0000   30.0000  -37.5000 2270.1948   22.5183
    7.5000   30.0000  -37.5000 2275.0522   22.5133
   -7.5000   37.5000  -37.5000 2204.2319   24.1947
    0.0000   37.5000  -37.5000 2228.8987   23.8350
    7.5000   37.5000  -37.5000 2237.6519   23.8601
   -7.5000   45.0000  -37.5000 2151.7578   26.0883
    0.0000   45.0000  -37.5000 2168.8267   25.6379
    7.5000   45.0000  -37.5000 2175.5234   25.5868
   -7.5000  -45.0000  -30.0000 1917.7352   31.7742
    0.0000  -45.0000  -30.0000 1930.5869   31.5005
    7.5000  -45.0000  -30.0000 1920.0651   31.4634
   -7.5000  -37.5000  -30.0000 2033.9247   28.1381
    0.0000  -37.5000  -30.0000 2051.6895   27.8849
    7.5000  -37.5000  -30.0000 2040.2285   27.8556
   -7.5000  -30.0000  -30.0000 2147.5710   25.4397
    0.0000  -30.0000  -30.0000 2159.1912   25.1778
    7.5000  -30.0000  -30.0000 2149.3149   25.0693
   -7.5000  -22.5000  -30.0000 2256.2695   23.4012
    0.0000  -22.5000  -30.0000 2273.3076   23.2061
    7.5000  -22.5000  -30.0000 2264.4236   23.0766
   -7.5000  -15.0000  -30.0000 2358.0010   21.9109
    0.0000  -15.0000  -30.0000 2375.0403   21.8191
    7.5000  -15.0000  -30.0000 2362.8845   21.7726
   -7.5000   -7.5000  -30.0000 2419.6384   20.9766
    0.0000   -7.5000  -30.0000 2437.1094   20.8263
    7.5000   -7.5000  -30.0000 2426.1462   20.8099
   -7.5000    0.0000  -30.0000 2453.4116   20.3238
    0.0000    0.0000  -30.0000 2473.3931   20.1922
    7.5000    0.0000  -30.0000 2461.7163   20.2045
   -7.5000    7.5000  -30.0000 2459.5815   20.0985
    0.0000    7.5000  -30.0000 2486.9973   19.9515
    7.5000    7.5000  -30.0000 2477.7122   19.9407
   -7.5000   15.0000  -30.0000 2446.0117   20.3015
    0.0000   15.0000  -30.0000 2473.1252   20.1147
    7.5000   15.0000  -30.0000 2469.6030   20.1194
   -7.5000   22.5000  -30.0000 2423.8301   20.8402
    0.0000   22.5000  -30.0000 2455.2488   20.6079
    7.5000   22.5000  -30.0000 2453.8062   20.6035
   -7.5000   30.0000  -30.0000 2393.3650   21.6792
    0.0000   30.0000  -30.0000 2424.7993   21.3865
    7.5000   30.0000  -30.0000 2424.9653   21.4085
   -7.5000   37.5000  -30.0000 2351.5356   22.9486
    0.0000   37.5000  -30.0000 2386.4158   22.6497
    7.5000   37.5000  -30.0000 2385.1523   22.5940
   -7.5000   45.0000  -30.0000 2292.6855   24.6462
    0.0000   45.0000  -30.0000 2320.1853   24.3543
    7.5000   45.0000  -30.0000 2319.6382   24.3096
   -7.5000  -45.0000  -22.5000 1998.7274   30.3256
    0.0000  -45.0000  -22.5000 2015.5093   30.0145
    7.5000  -45.0000  -22.5000 2002.1047   29.9217
   -7.5000  -37.5000  -22.5000 2127.7607   26.8153
    0.0000  -37.5000  -22.5000 2144.4570   26.5977
    7.5000  -37.5000  -22.5000 2130.3057   26.3849
   -7.5000  -30.0000  -22.5000 2250.0647   24.1704
    0.0000  -30.0000  -22.5000 2269.1938   24.0169
    7.5000  -30.0000  -22.5000 2246.2783   23.7276
   -7.5000  -22.5000  -22.5000 2367.9382   22.2339
    0.0000  -22.5000  -22.5000 2389.4319   22.1395
    7.5000  -22.5000  -22.5000 2369.5042   21.9015
   -7.5000  -15.0000  -22.5000 2470.5334   20.7744
    0.0000  -15.0000  -22.5000 2493.5554   20.7314
    7.5000  -15.0000  -22.5000 2473.0725   20.5954
   -7.5000   -7.5000  -22.5000 2540.9243   19.7932
    0.0000   -7.5000  -22.5000 2562.7822   19.6934
    7.5000   -7.5000  -22.5000 2545.8269   19.6653
   -7.5000    0.0000  -22.5000 2576.5571   19.2045
    0.0000    0.0000  -22.5000 2594.1401   19.0525
    7.5000    0.0000  -22.5000 2582.7732   19.0771
   -7.5000    7.5000  -22.5000 2593.4790   18.9539
    0.0000    7.5000  -22.5000 2618.0212   18.7944
    7.5000    7.5000  -22.5000 2608.8560   18.8254
   -7.5000   15.0000  -22.5000 2590.7600   19.1535
    0.0000   15.0000  -22.5000 2611.1582   18.9423
    7.5000   15.0000  -22.5000 2608.9001   18.9734
   -7.5000   22.5000  -22.5000 2569.3140   19.6874
    0.0000   22.5000  -22.5000 2597.8560   19.4707
    7.5000   22.5000  -22.5000 2594.0120   19.4434
   -7.5000   30.0000  -22.5000 2526.0508   20.4212
    0.0000   30.0000  -22.5000 2560.2034   20.2062
    7.5000   30.0000  -22.5000 2555.4019   20.2173
   -7.5000   37.5000  -22.5000 2477.1970   21.6046
    0.0000   37.5000  -22.5000 2511.6235   21.3701
    7.5000   37.5000  -22.5000 2510.0222   21.3397
   -7.5000   45.0000  -22.5000 2411.6628   23.2518
    0.0000   45.0000  -22.5000 2446.1702   22.9760
    7.5000   45.0000  -22.5000 2445.5010   22.9508
   -7.5000  -45.0000  -15.0000 2051.8110   28.8704
    0.0000  -45.0000  -15.0000 2065.2656   28.6370
    7.5000  -45.0000  -15.0000 2047.6556   28.4143
   -7.5000  -37.5000  -15.0000 2192.0383   25.5395
    0.0000  -37.5000  -15.0000 2205.3438   25.2225
    7.5000  -37.5000  -15.0000 2183.4885   25.0538
   -7.5000  -30.0000  -15.0000 2322.5691   23.0119
    0.0000  -30.0000  -15.0000 2340.0039   22.7871
    7.5000  -30.0000  -15.0000 2315.0449   22.5755
   -7.5000  -22.5000  -15.0000 2440.7524   21.0852
    0.0000  -22.5000  -15.0000 2460.4221   20.9199
    7.5000  -22.5000  -15.0000 2436.4519   20.7669
   -7.5000  -15.0000  -15.0000 2540.9395   19.6253
    0.0000  -15.0000  -15.0000 2561.9424   19.5676
    7.5000  -15.0000  -15.0000 2536.2634   19.4394
   -7.5000   -7.5000  -15.0000 2609.5254   18.6675
    0.0000   -7.5000  -15.0000 2637.6194   18.5859
    7.5000   -7.5000  -15.0000 2618.1526   18.5324
   -7.5000    0.0000  -15.0000 2652.5237   18.1013
    0.0000    0.0000  -15.0000 2678.4607   17.9623
    7.5000    0.0000  -15.0000 2671.3516   17.9857
   -7.5000    7.5000  -15.0000 2688.2043   17.8330
    0.0000    7.5000  -15.0000 2712.6375   17.6843
    7.5000    7.5000  -15.0000 2707.0742   17.7314
   -7.5000   15.0000  -15.0000 2695.4307   18.0137
    0.0000   15.0000  -15.0000 2718.4187   17.8356
    7.5000   15.0000  -15.0000 2713.7522   17.8354
   -7.5000   22.5000  -15.0000 2672.0750   18.4956
    0.0000   22.5000  -15.0000 2708.3286   18.2617
    7.5000   22.5000  -15.0000 2701.3608   18.3061
   -7.5000   30.0000  -15.0000 2631.3540   19.2381
    0.0000   30.0000  -15.0000 2673.2766   19.0331
    7.5000   30.0000  -15.0000 2661.6545   19.0483
   -7.5000   37.5000  -15.0000 2571.9365   20.3608
    0.0000   37.5000  -15.0000 2618.2336   20.1402
    7.5000   37.5000  -15.0000 2608.5583   20.1064
   -7.5000   45.0000  -15.0000 2500.0608   21.9214
    0.0000   45.0000  -15.0000 2541.5420   21.6433
    7.5000   45.0000  -15.0000 2536.0222   21.6336
   -7.5000  -45.0000   -7.5000 2089.1953   27.5217
    0.0000  -45.0000   -7.5000 2094.4946   27.2367
    7.5000  -45.0000   -7.5000 2085.9287   27.2781
   -7.5000  -37.5000   -7.5000 2231.6748   24.3899
    0.0000  -37.5000   -7.5000 2244.6748   24.0890
    7.5000  -37.5000   -7.5000 2225.6431   24.0487
   -7.5000  -30.0000   -7.5000 2366.9888   21.9688
    0.0000  -30.0000   -7.5000 2388.4275   21.6926
    7.5000  -30.0000   -7.5000 2360.8267   21.6034
   -7.5000  -22.5000   -7.5000 2485.5972   20.0566
    0.0000  -22.5000   -7.5000 2508.2344   19.8798
    7.5000  -22.5000   -7.5000 2483.8494   19.7525
   -7.5000  -15.0000   -7.5000 2586.8091   18.6166
    0.0000  -15.0000   -7.5000 2608.7139   18.4940
    7.5000  -15.0000   -7.5000 2584.6394   18.4332
   -7.5000   -7.5000   -7.5000 2664.1167   17.6548
    0.0000   -7.5000   -7.5000 2695.2771   17.5517
    7.5000   -7.5000   -7.5000 2679.2744   17.4787
   -7.5000    0.0000   -7.5000 2712.7173   17.0642
    0.0000    0.0000   -7.5000 2742.5967   16.9337
    7.5000    0.0000   -7.5000 2737.6755   16.9063
   -7.5000    7.5000   -7.5000 2751.3298   16.8138
    0.0000    7.5000   -7.5000 2784.6230   16.6575
    7.5000    7.5000   -7.5000 2777.2693   16.6932
   -7.5000   15.0000   -7.5000 2764.0889   16.9130
    0.0000   15.0000   -7.5000 2801.9651   16.7345
    7.5000   15.0000   -7.5000 2791.8142   16.7703
   -7.5000   22.5000   -7.5000 2748.7273   17.3557
    0.0000   22.5000   -7.5000 2795.8428   17.1403
    7.5000   22.5000   -7.5000 2786.7246   17.1944
   -7.5000   30.0000   -7.5000 2720.1521   18.1190
    0.0000   30.0000   -7.5000 2763.8955   17.8895
    7.5000   30.0000   -7.5000 2755.7693   17.9715
   -7.5000   37.5000   -7.5000 2660.4983   19.2102
    0.0000   37.5000   -7.5000 2703.5977   18.9376
    7.5000   37.5000   -7.5000 2696.9946   18.9698
   -7.5000   45.0000   -7.5000 2576.1282   20.6812
    0.0000   45.0000   -7.5000 2611.4993   20.3587
    7.5000   45.0000   -7.5000 2611.0291   20.3344
   -7.5000  -45.0000    0.0000 2113.7070   26.8003
    0.0000  -45.0000    0.0000 2118.3069   26.3921
    7.5000  -45.0000    0.0000 2120.7832   26.5859
   -7.5000  -37.5000    0.0000 2257.1030   23.6581
    0.0000  -37.5000    0.0000 2266.2590   23.2820
    7.5000  -37.5000    0.0000 2260.6907   23.4507
   -7.5000  -30.0000    0.0000 2391.2266   21.2557
    0.0000  -30.0000    0.0000 2408.0984   20.8942
    7.5000  -30.0000    0.0000 2389.0276   20.9476
   -7.5000  -22.5000    0.0000 2511.3577   19.3624
    0.0000  -22.5000    0.0000 2528.7473   19.0745
    7.5000  -22.5000    0.0000 2511.1941   19.0758
   -7.5000  -15.0000    0.0000 2611.6531   17.9661
    0.0000  -15.0000    0.0000 2636.7144   17.6866
    7.5000  -15.0000    0.0000 2619.0730   17.7130
   -7.5000   -7.5000    0.0000 2698.8889   16.9757
    0.0000   -7.5000    0.0000 2732.0703   16.7489
    7.5000   -7.5000    0.0000 2714.9802   16.7250
   -7.5000    0.0000    0.0000 2763.5476   16.3325
    0.0000    0.0000    0.0000 2799.1301   16.1297
    7.5000    0.0000    0.0000 2791.0713   16.1156
   -7.5000    7.5000    0.0000 2808.1472   16.0565
    0.0000    7.5000    0.0000 2840.3706   15.8259
    7.5000    7.5000    0.0000 2836.4160   15.8458
   -7.5000   15.0000    0.0000 2824.9255   16.1133
    0.0000   15.0000    0.0000 2862.6609   15.8462
    7.5000   15.0000    0.0000 2859.1768   15.8932
   -7.5000   22.5000    0.0000 2820.9966   16.5188
    0.0000   22.5000    0.0000 2853.3262   16.2075
    7.5000   22.5000    0.0000 2856.6792   16.2828
   -7.5000   30.0000    0.0000 2782.3667   17.2372
    0.0000   30.0000    0.0000 2824.6670   16.9404
    7.5000   30.0000    0.0000 2825.9954   17.0334
   -7.5000   37.5000    0.0000 2721.9653   18.3601
    0.0000   37.5000    0.0000 2754.3943   17.9824
    7.5000   37.5000    0.0000 2761.8787   18.0655
   -7.5000   45.0000    0.0000 2632.8938   19.8053
    0.0000   45.0000    0.0000 2662.5891   19.4032
    7.5000   45.0000    0.0000 2669.6760   19.4761
   -7.5000  -45.0000    7.5000 2130.2383   26.4144
    0.0000  -45.0000    7.5000 2141.9214   25.9402
    7.5000  -45.0000    7.5000 2141.1250   26.2803
   -7.5000  -37.5000    7.5000 2276.0974   23.3650
    0.0000  -37.5000    7.5000 2284.6057   22.8768
    7.5000  -37.5000    7.5000 2284.7231   23.1724
   -7.5000  -30.0000    7.5000 2411.1050   20.8998
    0.0000  -30.0000    7.5000 2419.6982   20.4008
    7.5000  -30.0000    7.5000 2408.7847   20.6591
   -7.5000  -22.5000    7.5000 2527.3994   18.9861
    0.0000  -22.5000    7.5000 2538.1335   18.5330
    7.5000  -22.5000    7.5000 2532.2971   18.7689
   -7.5000  -15.0000    7.5000 2626.6565   17.5630
    0.0000  -15.0000    7.5000 2643.6091   17.1713
    7.5000  -15.0000    7.5000 2642.1440   17.3334
   -7.5000   -7.5000    7.5000 2720.8733   16.5729
    0.0000   -7.5000    7.5000 2748.7407   16.2250
    7.5000   -7.5000    7.5000 2739.8354   16.3292
   -7.5000    0.0000    7.5000 2802.9866   15.9109
    0.0000    0.0000    7.5000 2835.6394   15.6278
    7.5000    0.0000    7.5000 2824.3484   15.6774
   -7.5000    7.5000    7.5000 2855.0806   15.5585
    0.0000    7.5000    7.5000 2894.5063   15.2722
    7.5000    7.5000    7.5000 2890.5933   15.3285
   -7.5000   15.0000    7.5000 2880.5271   15.5659
    0.0000   15.0000    7.5000 2922.6428   15.1802
    7.5000   15.0000    7.5000 2920.8647   15.3095
   -7.5000   22.5000    7.5000 2877.5464   15.9887
    0.0000   22.5000    7.5000 2912.2397   15.5358
    7.5000   22.5000    7.5000 2919.5254   15.7290
   -7.5000   30.0000    7.5000 2839.7825   16.7582
    0.0000   30.0000    7.5000 2863.6543   16.2794
    7.5000   30.0000    7.5000 2888.1775   16.4955
   -7.5000   37.5000    7.5000 2770.3372   17.8827
    0.0000   37.5000    7.5000 2797.4634   17.3789
    7.5000   37.5000    7.5000 2817.5181   17.5769
   -7.5000   45.0000    7.5000 2673.4648   19.3582
    0.0000   45.0000    7.5000 2699.9612   18.8553
    7.5000   45.0000    7.5000 2711.8274   19.0465
   -7.5000  -45.0000   15.0000 2141.6169   26.4514
    0.0000  -45.0000   15.0000 2151.4907   25.8587
    7.5000  -45.0000   15.0000 2152.7383   26.2988
   -7.5000  -37.5000   15.0000 2284.9468   23.3034
    0.0000  -37.5000   15.0000 2288.9883   22.7065
    7.5000  -37.5000   15.0000 2299.3789   23.1136
   -7.5000  -30.0000   15.0000 2406.9622   20.6991
    0.0000  -30.0000   15.0000 2406.1057   20.1698
    7.5000  -30.0000   15.0000 2414.3894   20.5509
   -7.5000  -22.5000   15.0000 2521.1265   18.7585
    0.0000  -22.5000   15.0000 2525.8662   18.2992
    7.5000  -22.5000   15.0000 2534.6111   18.6330
   -7.5000  -15.0000   15.0000 2624.4844   17.3540
    0.0000  -15.0000   15.0000 2638.7737   16.9586
    7.5000  -15.0000   15.0000 2645.3701   17.2185
   -7.5000   -7.5000   15.0000 2719.8569   16.3557
    0.0000   -7.5000   15.0000 2743.2017   15.9900
    7.5000   -7.5000   15.0000 2743.0706   16.1960
   -7.5000    0.0000   15.0000 2807.6624   15.6925
    0.0000    0.0000   15.0000 2840.0671   15.4012
    7.5000    0.0000   15.0000 2835.3518   15.5268
   -7.5000    7.5000   15.0000 2874.6221   15.3772
    0.0000    7.5000   15.0000 2907.8740   15.0783
    7.5000    7.5000   15.0000 2909.2717   15.1918
   -7.5000   15.0000   15.0000 2919.6311   15.4449
    0.0000   15.0000   15.0000 2969.2349   14.9846
    7.5000   15.0000   15.0000 2965.6338   15.1820
   -7.5000   22.5000   15.0000 2922.3743   15.8201
    0.0000   22.5000   15.0000 2974.0469   15.3221
    7.5000   22.5000   15.0000 2969.1147   15.5735
   -7.5000   30.0000   15.0000 2867.7969   16.6109
    0.0000   30.0000   15.0000 2912.7935   16.1716
    7.5000   30.0000   15.0000 2920.5466   16.3238
   -7.5000   37.5000   15.0000 2789.0894   17.6505
    0.0000   37.5000   15.0000 2830.4609   17.2870
    7.5000   37.5000   15.0000 2831.8274   17.3414
   -7.5000   45.0000   15.0000 2685.6494   19.0456
    0.0000   45.0000   15.0000 2725.7163   18.7263
    7.5000   45.0000   15.0000 2725.7854   18.7368
   -7.5000  -45.0000   22.5000 2123.2207   26.5601
    0.0000  -45.0000   22.5000 2132.8572   26.0732
    7.5000  -45.0000   22.5000 2139.0037   26.5376
   -7.5000  -37.5000   22.5000 2270.1550   23.3211
    0.0000  -37.5000   22.5000 2277.1372   22.8372
    7.5000  -37.5000   22.5000 2288.3022   23.3134
   -7.5000  -30.0000   22.5000 2393.6682   20.7460
    0.0000  -30.0000   22.5000 2391.0513   20.1613
    7.5000  -30.0000   22.5000 2404.1592   20.6880
   -7.5000  -22.5000   22.5000 2504.7310   18.8455
    0.0000  -22.5000   22.5000 2504.6917   18.2794
    7.5000  -22.5000   22.5000 2528.8035   18.7767
   -7.5000  -15.0000   22.5000 2611.1787   17.4568
    0.0000  -15.0000   22.5000 2610.6575   16.8998
    7.5000  -15.0000   22.5000 2638.5720   17.3596
   -7.5000   -7.5000   22.5000 2714.3174   16.4684
    0.0000   -7.5000   22.5000 2717.5947   15.9911
    7.5000   -7.5000   22.5000 2743.3213   16.3212
   -7.5000    0.0000   22.5000 2801.7805   15.7657
    0.0000    0.0000   22.5000 2828.1428   15.4656
    7.5000    0.0000   22.5000 2829.6628   15.6142
   -7.5000    7.5000   22.5000 2874.2173   15.5006
    0.0000    7.5000   22.5000 2921.2781   15.2584
    7.5000    7.5000   22.5000 2899.9382   15.2835
   -7.5000   15.0000   22.5000 2924.4160   15.5532
    0.0000   15.0000   22.5000 3006.7295   15.2689
    7.5000   15.0000   22.5000 2957.1975   15.2896
   -7.5000   22.5000   22.5000 2919.1787   15.9565
    0.0000   22.5000   22.5000 3007.6616   15.6931
    7.5000   22.5000   22.5000 2967.7017   15.7493
   -7.5000   30.0000   22.5000 2866.4736   16.7165
    0.0000   30.0000   22.5000 2934.3350   16.5238
    7.5000   30.0000   22.5000 2917.3389   16.4989
   -7.5000   37.5000   22.5000 2786.8721   17.7173
    0.0000   37.5000   22.5000 2832.4038   17.4750
    7.5000   37.5000   22.5000 2826.9099   17.4508
   -7.5000   45.0000   22.5000 2683.2886   19.1071
    0.0000   45.0000   22.5000 2715.8164   18.8003
    7.5000   45.0000   22.5000 2721.8645   18.8008
   -7.5000  -45.0000   30.0000 2094.0359   26.9984
    0.0000  -45.0000   30.0000 2101.8796   26.5452
    7.5000  -45.0000   30.0000 2116.8145   27.0481
   -7.5000  -37.5000   30.0000 2241.0083   23.6482
    0.0000  -37.5000   30.0000 2249.4353   23.1684
    7.5000  -37.5000   30.0000 2261.6692   23.6366
   -7.5000  -30.0000   30.0000 2371.4961   21.0611
    0.0000  -30.0000   30.0000 2369.4448   20.4943
    7.5000  -30.0000   30.0000 2379.0923   21.0041
   -7.5000  -22.5000   30.0000 2481.7673   19.2413
    0.0000  -22.5000   30.0000 2486.6675   18.6754
    7.5000  -22.5000   30.0000 2505.0691   19.1615
   -7.5000  -15.0000   30.0000 2586.5505   17.9185
    0.0000  -15.0000   30.0000 2595.3403   17.4278
    7.5000  -15.0000   30.0000 2613.8042   17.8121
   -7.5000   -7.5000   30.0000 2692.8884   16.9766
    0.0000   -7.5000   30.0000 2706.9512   16.5456
    7.5000   -7.5000   30.0000 2723.5513   16.8502
   -7.5000    0.0000   30.0000 2781.1997   16.3111
    0.0000    0.0000   30.0000 2800.3684   15.8979
    7.5000    0.0000   30.0000 2809.4148   16.0840
   -7.5000    7.5000   30.0000 2849.1028   15.9205
    0.0000    7.5000   30.0000 2872.5630   15.5068
    7.5000    7.5000   30.0000 2871.1370   15.6425
   -7.5000   15.0000   30.0000 2880.6282   15.9240
    0.0000   15.0000   30.0000 2939.0908   15.5498
    7.5000   15.0000   30.0000 2914.1921   15.6585
   -7.5000   22.5000   30.0000 2876.5806   16.3285
    0.0000   22.5000   30.0000 2947.3464   16.0827
    7.5000   22.5000   30.0000 2927.6257   16.1436
   -7.5000   30.0000   30.0000 2826.1677   17.1349
    0.0000   30.0000   30.0000 2893.0701   16.9736
    7.5000   30.0000   30.0000 2883.7754   17.0230
   -7.5000   37.5000   30.0000 2749.6709   18.2039
    0.0000   37.5000   30.0000 2799.4761   18.0252
    7.5000   37.5000   30.0000 2798.4360   18.0370
   -7.5000   45.0000   30.0000 2647.5591   19.5597
    0.0000   45.0000   30.0000 2682.0183   19.3174
    7.5000   45.0000   30.0000 2690.8271   19.2992
   -7.5000  -45.0000   37.5000 2053.6057   27.6528
    0.0000  -45.0000   37.5000 2066.9126   27.2259
    7.5000  -45.0000   37.5000 2082.9170   27.6820
   -7.5000  -37.5000   37.5000 2207.4763   24.3552
    0.0000  -37.5000   37.5000 2218.2112   23.8931
    7.5000  -37.5000   37.5000 2227.1309   24.3109
   -7.5000  -30.0000   37.5000 2342.7905   21.7839
    0.0000  -30.0000   37.5000 2351.1721   21.3018
    7.5000  -30.0000   37.5000 2352.1655   21.7113
   -7.5000  -22.5000   37.5000 2459.1382   19.9812
    0.0000  -22.5000   37.5000 2476.5215   19.5164
    7.5000  -22.5000   37.5000 2476.8669   19.9067
   -7.5000  -15.0000   37.5000 2563.3555   18.7076
    0.0000  -15.0000   37.5000 2576.7712   18.2230
    7.5000  -15.0000   37.5000 2585.3547   18.5477
   -7.5000   -7.5000   37.5000 2661.7183   17.6783
    0.0000   -7.5000   37.5000 2673.1416   17.1839
    7.5000   -7.5000   37.5000 2687.0044   17.4868
   -7.5000    0.0000   37.5000 2740.2820   16.9178
    0.0000    0.0000   37.5000 2746.1099   16.3285
    7.5000    0.0000   37.5000 2764.3818   16.6058
   -7.5000    7.5000   37.5000 2796.6831   16.4474
    0.0000    7.5000   37.5000 2811.8569   15.8512
    7.5000    7.5000   37.5000 2824.6602   16.1072
   -7.5000   15.0000   37.5000 2817.6499   16.4453
    0.0000   15.0000   37.5000 2859.1394   15.9578
    7.5000   15.0000   37.5000 2856.1699   16.1443
   -7.5000   22.5000   37.5000 2811.4736   16.8636
    0.0000   22.5000   37.5000 2866.5696   16.5772
    7.5000   22.5000   37.5000 2862.0239   16.7174
   -7.5000   30.0000   37.5000 2767.1772   17.7700
    0.0000   30.0000   37.5000 2822.8721   17.5920
    7.5000   30.0000   37.5000 2820.4077   17.6969
   -7.5000   37.5000   37.5000 2695.1487   18.9440
    0.0000   37.5000   37.5000 2742.0051   18.7473
    7.5000   37.5000   37.5000 2749.7007   18.8008
   -7.5000   45.0000   37.5000 2599.6287   20.3793
    0.0000   45.0000   37.5000 2639.5498   20.1487
    7.5000   45.0000   37.5000 2642.0227   20.1541
   -7.5000  -45.0000   45.0000 2015.4200   28.8646
    0.0000  -45.0000   45.0000 2027.8269   28.4209
    7.5000  -45.0000   45.0000 2042.8375   28.8323
   -7.5000  -37.5000   45.0000 2165.2410   25.4306
    0.0000  -37.5000   45.0000 2180.4956   24.9974
    7.5000  -37.5000   45.0000 2178.5471   25.3737
   -7.5000  -30.0000   45.0000 2297.0032   22.8403
    0.0000  -30.0000   45.0000 2315.0986   22.3938
    7.5000  -30.0000   45.0000 2307.0173   22.7070
   -7.5000  -22.5000   45.0000 2415.5576   20.9719
    0.0000  -22.5000   45.0000 2441.6431   20.5251
    7.5000  -22.5000   45.0000 2434.3855   20.8269
   -7.5000  -15.0000   45.0000 2520.8953   19.5904
    0.0000  -15.0000   45.0000 2545.7046   19.1078
    7.5000  -15.0000   45.0000 2537.2988   19.4096
   -7.5000   -7.5000   45.0000 2614.5364   18.4914
    0.0000   -7.5000   45.0000 2631.8621   17.9252
    7.5000   -7.5000   45.0000 2639.3662   18.2309
   -7.5000    0.0000   45.0000 2687.4575   17.6602
    0.0000    0.0000   45.0000 2703.4722   17.0003
    7.5000    0.0000   45.0000 2713.5254   17.3089
   -7.5000    7.5000   45.0000 2737.4998   17.1295
    0.0000    7.5000   45.0000 2761.3032   16.5341
    7.5000    7.5000   45.0000 2766.1328   16.8161
   -7.5000   15.0000   45.0000 2759.3206   17.1427
    0.0000   15.0000   45.0000 2784.7783   16.6144
    7.5000   15.0000   45.0000 2790.2319   16.8682
   -7.5000   22.5000   45.0000 2736.1475   17.6060
    0.0000   22.5000   45.0000 2782.1687   17.2195
    7.5000   22.5000   45.0000 2784.5327   17.4653
   -7.5000   30.0000   45.0000 2688.4946   18.5430
    0.0000   30.0000   45.0000 2732.6868   18.2483
    7.5000   30.0000   45.0000 2739.2791   18.4241
   -7.5000   37.5000   45.0000 2623.6882   19.8202
    0.0000   37.5000   45.0000 2663.7744   19.5218
    7.5000   37.5000   45.0000 2674.3933   19.6281
   -7.5000   45.0000   45.0000 2537.6472   21.3162
    0.0000   45.0000   45.0000 2576.9673   21.0320
    7.5000   45.0000   45.0000 2579.2900   21.0448

---------------------------------------------------------------------
imgreg_4dfp /opt/freesurfer/average/711-2C_as_mni_average_305 /opt/freesurfer/average/711-2B_as_mni_average_305_mask talsrcimg_g11 none talsrcimg_to_711-2C_as_mni_average_305_t4 1283
---------------------------------------------------------------------

freesurfer imgreg_4dfp.c
/opt/freesurfer/average/711-2C_as_mni_average_305.4dfp.img
       256       256       256         1
  1.000000  1.000000  1.000000
orientation T byte_order littleendian
Reading image: /opt/freesurfer/average/711-2C_as_mni_average_305.4dfp.img
dimensions:      256       256       256
mmppix:       1.0000   -1.0000   -1.0000
center:     128.0000 -129.0000 -129.0000
/opt/freesurfer/average/711-2B_as_mni_average_305_mask.4dfp.img
       256       256       256         1
  1.000000  1.000000  1.000000
orientation T byte_order littleendian
Reading mask: /opt/freesurfer/average/711-2B_as_mni_average_305_mask.4dfp.img (2306576 pixels)
talsrcimg_g11.4dfp.img
       256       256       256         1
  1.000000  1.000000  1.000000
orientation T byte_order littleendian
Reading image: talsrcimg_g11.4dfp.img
dimensions:      256       256       256
mmppix:       1.0000   -1.0000   -1.0000
center:     128.0000 -129.0000 -129.0000
rotation matrix determinant  1.000000
fimgreg.f
image alignment mode   1283 decimal      503 hex
parameters
    0.0000   22.5000   22.5000    0.0000    0.0000    0.0000
eta,q 0.94526 15.68236
niter,ni,del,rscale     5    3   12.0000    1.2000
parameter  2  0.561961 ->  0.500000 qaram    1.1500
parameter  6  0.848798 ->  0.500000 qaram    1.1500
parameters
    1.4871   19.0500   20.7694   -0.5995   -1.1402   -3.4500
eta,q 0.95193 15.22158
  0.0814  0.0554  0.0582  0.0551  0.0561  0.0470
  0.0722  0.0528  0.0521  0.0520  0.0524  0.0479
  0.0620  0.0522  0.0503  0.0509  0.0508  0.0487
  0.0553  0.0552  0.0527  0.0505  0.0504  0.0505
  0.0566  0.0617  0.0572  0.0510  0.0528  0.0537
  0.0614  0.0689  0.0621  0.0538  0.0568  0.0587
  0.0649  0.0749  0.0687  0.0576  0.0629  0.0641
niter,ni,del,rscale     6    3   12.0000    1.2000
parameters
    1.8055   19.3234   21.2825    0.2939   -0.8166   -5.9347
eta,q 0.95295 15.27987
  0.0700  0.0664  0.0646  0.0554  0.0570  0.0493
  0.0582  0.0555  0.0548  0.0515  0.0521  0.0471
  0.0496  0.0501  0.0487  0.0492  0.0499  0.0471
  0.0481  0.0483  0.0482  0.0487  0.0483  0.0481
  0.0501  0.0490  0.0502  0.0480  0.0481  0.0494
  0.0561  0.0551  0.0532  0.0492  0.0505  0.0525
  0.0648  0.0629  0.0581  0.0522  0.0559  0.0578
niter,ni,del,rscale     5    3   12.0000    1.2000
parameters
    1.4704   19.1089   21.4895    0.4357   -0.3563   -5.5456
eta,q 0.95296 15.27209
  0.0642  0.0644  0.0606  0.0539  0.0569  0.0552
  0.0547  0.0538  0.0519  0.0501  0.0507  0.0492
  0.0478  0.0482  0.0472  0.0480  0.0481  0.0470
  0.0470  0.0468  0.0469  0.0470  0.0470  0.0469
  0.0496  0.0495  0.0495  0.0476  0.0473  0.0477
  0.0572  0.0575  0.0525  0.0501  0.0489  0.0492
  0.0689  0.0649  0.0569  0.0531  0.0542  0.0525
niter,ni,del,rscale     4    3   12.0000    1.2000
parameters
    1.3259   19.0343   21.4895    0.4827   -0.3469   -5.5783
eta,q 0.95305 15.27169
  0.0652  0.0655  0.0597  0.0537  0.0556  0.0540
  0.0556  0.0549  0.0512  0.0500  0.0500  0.0485
  0.0483  0.0488  0.0469  0.0480  0.0479  0.0468
  0.0470  0.0470  0.0470  0.0470  0.0470  0.0470
  0.0494  0.0492  0.0501  0.0478  0.0475  0.0478
  0.0563  0.0571  0.0531  0.0503  0.0498  0.0495
  0.0673  0.0651  0.0573  0.0532  0.0558  0.0532
niter,ni,del,rscale     3    3   12.0000    1.2000
parameters
    1.3039   19.0178   21.4934    0.4981   -0.3317   -5.5785
eta,q 0.95305 15.27106
  0.0658  0.0659  0.0597  0.0536  0.0556  0.0541
  0.0562  0.0552  0.0512  0.0500  0.0500  0.0485
  0.0487  0.0489  0.0469  0.0479  0.0478  0.0467
  0.0470  0.0469  0.0469  0.0469  0.0469  0.0469
  0.0490  0.0490  0.0500  0.0478  0.0475  0.0478
  0.0555  0.0569  0.0531  0.0503  0.0498  0.0494
  0.0665  0.0650  0.0573  0.0533  0.0557  0.0532
registration optimization eta report
parameter search radius
    6.0000    6.9000    6.0000    6.0000    6.0000    6.9000
100000*second partial in parameter space
       54.       39.       32.       18.       25.       15.
  0.0658  0.0659  0.0597  0.0536  0.0556  0.0541
  0.0562  0.0552  0.0512  0.0500  0.0500  0.0485
  0.0487  0.0489  0.0469  0.0479  0.0478  0.0467
  0.0470  0.0469  0.0469  0.0469  0.0469  0.0469
  0.0490  0.0490  0.0500  0.0478  0.0475  0.0478
  0.0555  0.0569  0.0531  0.0503  0.0498  0.0494
  0.0665  0.0650  0.0573  0.0533  0.0557  0.0532
    1.3039   19.0178   21.4934    0.4981   -0.3317   -5.5785
eta,q 0.95305 15.27106

---------------------------------------------------------------------
imgreg_4dfp /opt/freesurfer/average/711-2C_as_mni_average_305 /opt/freesurfer/average/711-2B_as_mni_average_305_mask talsrcimg_g11 none talsrcimg_to_711-2C_as_mni_average_305_t4 3335
---------------------------------------------------------------------

freesurfer imgreg_4dfp.c
/opt/freesurfer/average/711-2C_as_mni_average_305.4dfp.img
       256       256       256         1
  1.000000  1.000000  1.000000
orientation T byte_order littleendian
Reading image: /opt/freesurfer/average/711-2C_as_mni_average_305.4dfp.img
dimensions:      256       256       256
mmppix:       1.0000   -1.0000   -1.0000
center:     128.0000 -129.0000 -129.0000
/opt/freesurfer/average/711-2B_as_mni_average_305_mask.4dfp.img
       256       256       256         1
  1.000000  1.000000  1.000000
orientation T byte_order littleendian
Reading mask: /opt/freesurfer/average/711-2B_as_mni_average_305_mask.4dfp.img (2306576 pixels)
talsrcimg_g11.4dfp.img
       256       256       256         1
  1.000000  1.000000  1.000000
orientation T byte_order littleendian
Reading image: talsrcimg_g11.4dfp.img
dimensions:      256       256       256
mmppix:       1.0000   -1.0000   -1.0000
center:     128.0000 -129.0000 -129.0000
fimgreg.f
image alignment mode   3335 decimal      D07 hex
parameters
    1.3039   19.0178   21.4934   -0.4753   -0.4779   -0.0055
    9.7255    0.4916   -9.7207   -0.9215   -0.5789    0.8693
eta,q 0.95706 15.38874
niter,ni,del,rscale     5    3    5.0000    1.2000
parameter  4  2.010051 ->  0.500000 qaram    1.1500
parameter  5  1.204618 ->  0.500000 qaram    1.1500
parameters
    1.4932   19.2316   21.1974   -4.6153   -4.6179   -3.5796
    8.6026    0.3333   -8.2005   -2.0500   -1.0823   -1.3466
eta,q 0.97038 15.33992
  0.0477  0.0466  0.0449  0.0325  0.0300  0.0306  0.0327  0.0372  0.0335  0.0326  0.0314  0.0305
  0.0453  0.0447  0.0436  0.0338  0.0308  0.0301  0.0311  0.0330  0.0319  0.0308  0.0304  0.0299
  0.0437  0.0435  0.0430  0.0371  0.0323  0.0302  0.0302  0.0306  0.0307  0.0299  0.0299  0.0296
  0.0429  0.0429  0.0429  0.0429  0.0345  0.0312  0.0301  0.0300  0.0300  0.0299  0.0298  0.0298
  0.0432  0.0431  0.0434  0.0494  0.0374  0.0337  0.0309  0.0309  0.0299  0.0308  0.0301  0.0304
  0.0444  0.0440  0.0446  0.0553  0.0412  0.0393  0.0326  0.0336  0.0304  0.0325  0.0308  0.0314
  0.0465  0.0455  0.0462  0.0606  0.0454  0.0471  0.0351  0.0378  0.0315  0.0348  0.0319  0.0327
niter,ni,del,rscale     6    3    5.0000    1.2000
parameter  3  0.677903 ->  0.500000 qaram    1.1500
parameter  4  0.530439 ->  0.500000 qaram    1.3225
parameters
    1.5862   18.7001   19.8174   -9.3763   -8.3434   -5.5087
    8.8382    0.4758   -7.8602   -2.4985   -1.2401   -4.2314
eta,q 0.97399 15.02268
  0.0351  0.0315  0.0287  0.0280  0.0275  0.0274  0.0297  0.0311  0.0287  0.0291  0.0275  0.0268
  0.0321  0.0301  0.0284  0.0272  0.0267  0.0266  0.0280  0.0286  0.0275  0.0275  0.0269  0.0261
  0.0303  0.0295  0.0287  0.0273  0.0265  0.0264  0.0269  0.0270  0.0267  0.0266  0.0265  0.0260
  0.0296  0.0296  0.0294  0.0284  0.0272  0.0265  0.0264  0.0264  0.0264  0.0264  0.0264  0.0264
  0.0301  0.0305  0.0307  0.0319  0.0287  0.0269  0.0266  0.0269  0.0266  0.0269  0.0265  0.0270
  0.0316  0.0321  0.0323  0.0382  0.0311  0.0279  0.0276  0.0283  0.0272  0.0281  0.0270  0.0280
  0.0342  0.0343  0.0343  0.0449  0.0345  0.0307  0.0294  0.0307  0.0284  0.0298  0.0277  0.0291
niter,ni,del,rscale     7    3    5.0000    1.2000
parameters
    1.7011   18.5557   19.5652  -10.1232   -8.6636   -5.0497
    8.6956    0.6396   -7.7827   -2.4161   -1.4778   -4.3406
eta,q 0.97394 15.00002
  0.0305  0.0287  0.0282  0.0307  0.0294  0.0284  0.0292  0.0308  0.0283  0.0294  0.0273  0.0279
  0.0281  0.0271  0.0269  0.0284  0.0276  0.0271  0.0275  0.0282  0.0271  0.0275  0.0266  0.0269
  0.0266  0.0262  0.0262  0.0267  0.0264  0.0263  0.0264  0.0266  0.0263  0.0264  0.0262  0.0263
  0.0260  0.0260  0.0260  0.0260  0.0261  0.0261  0.0261  0.0261  0.0261  0.0261  0.0261  0.0261
  0.0264  0.0265  0.0265  0.0263  0.0265  0.0262  0.0264  0.0266  0.0263  0.0265  0.0263  0.0264
  0.0276  0.0277  0.0276  0.0284  0.0279  0.0267  0.0276  0.0280  0.0270  0.0275  0.0268  0.0270
  0.0297  0.0294  0.0292  0.0339  0.0300  0.0278  0.0295  0.0303  0.0283  0.0291  0.0275  0.0280
niter,ni,del,rscale     6    3    5.0000    1.2000
parameters
    1.7202   18.5562   19.6645  -10.1008   -8.7549   -4.9354
    8.6588    0.6608   -7.7356   -2.4305   -1.5649   -4.3298
eta,q 0.97395 15.00192
  0.0302  0.0290  0.0289  0.0313  0.0295  0.0282  0.0293  0.0306  0.0283  0.0293  0.0274  0.0280
  0.0279  0.0274  0.0275  0.0289  0.0277  0.0269  0.0275  0.0281  0.0271  0.0274  0.0267  0.0269
  0.0265  0.0264  0.0265  0.0271  0.0265  0.0262  0.0265  0.0265  0.0263  0.0263  0.0262  0.0263
  0.0261  0.0261  0.0261  0.0260  0.0260  0.0260  0.0260  0.0260  0.0260  0.0260  0.0260  0.0260
  0.0265  0.0264  0.0263  0.0261  0.0264  0.0262  0.0264  0.0266  0.0263  0.0265  0.0262  0.0263
  0.0279  0.0274  0.0272  0.0277  0.0277  0.0268  0.0276  0.0281  0.0271  0.0276  0.0267  0.0270
  0.0300  0.0290  0.0286  0.0324  0.0298  0.0281  0.0294  0.0305  0.0283  0.0292  0.0274  0.0279
niter,ni,del,rscale     5    3    5.0000    1.2000
parameters
    1.7283   18.5432   19.6888  -10.1005   -8.7700   -4.9215
    8.6499    0.6659   -7.7159   -2.4530   -1.5958   -4.3190
eta,q 0.97395 15.00127
  0.0302  0.0290  0.0288  0.0313  0.0296  0.0282  0.0293  0.0306  0.0283  0.0293  0.0274  0.0280
  0.0279  0.0274  0.0274  0.0289  0.0278  0.0269  0.0275  0.0281  0.0271  0.0274  0.0267  0.0269
  0.0265  0.0264  0.0264  0.0271  0.0265  0.0262  0.0265  0.0265  0.0263  0.0263  0.0262  0.0263
  0.0260  0.0260  0.0260  0.0260  0.0260  0.0260  0.0260  0.0260  0.0260  0.0260  0.0260  0.0260
  0.0265  0.0264  0.0263  0.0261  0.0264  0.0262  0.0264  0.0266  0.0263  0.0265  0.0262  0.0263
  0.0279  0.0275  0.0273  0.0277  0.0277  0.0268  0.0275  0.0281  0.0271  0.0276  0.0267  0.0270
  0.0301  0.0291  0.0288  0.0324  0.0297  0.0282  0.0293  0.0305  0.0283  0.0292  0.0274  0.0279
registration optimization eta report
parameter search radius
    2.4000    2.4000    2.7600    9.5220    8.2800    7.2000
    7.2000    7.2000    7.2000    7.2000    7.2000    7.2000
100000*second partial in parameter space
       70.       52.       36.        7.        5.        4.
        6.        9.        4.        6.        3.        4.
  0.0302  0.0290  0.0288  0.0313  0.0296  0.0282  0.0293  0.0306  0.0283  0.0293  0.0274  0.0280
  0.0279  0.0274  0.0274  0.0289  0.0278  0.0269  0.0275  0.0281  0.0271  0.0274  0.0267  0.0269
  0.0265  0.0264  0.0264  0.0271  0.0265  0.0262  0.0265  0.0265  0.0263  0.0263  0.0262  0.0263
  0.0260  0.0260  0.0260  0.0260  0.0260  0.0260  0.0260  0.0260  0.0260  0.0260  0.0260  0.0260
  0.0265  0.0264  0.0263  0.0261  0.0264  0.0262  0.0264  0.0266  0.0263  0.0265  0.0262  0.0263
  0.0279  0.0275  0.0273  0.0277  0.0277  0.0268  0.0275  0.0281  0.0271  0.0276  0.0267  0.0270
  0.0301  0.0291  0.0288  0.0324  0.0297  0.0282  0.0293  0.0305  0.0283  0.0292  0.0274  0.0279
    1.7283   18.5432   19.6888  -10.1005   -8.7700   -4.9215
    8.6499    0.6659   -7.7159   -2.4530   -1.5958   -4.3190
eta,q 0.97395 15.00127

---------------------------------------------------------------------
imgreg_4dfp /opt/freesurfer/average/711-2C_as_mni_average_305 /opt/freesurfer/average/711-2B_as_mni_average_305_mask talsrcimg_g11 none talsrcimg_to_711-2C_as_mni_average_305_t4 2311
---------------------------------------------------------------------

freesurfer imgreg_4dfp.c
/opt/freesurfer/average/711-2C_as_mni_average_305.4dfp.img
       256       256       256         1
  1.000000  1.000000  1.000000
orientation T byte_order littleendian
Reading image: /opt/freesurfer/average/711-2C_as_mni_average_305.4dfp.img
dimensions:      256       256       256
mmppix:       1.0000   -1.0000   -1.0000
center:     128.0000 -129.0000 -129.0000
/opt/freesurfer/average/711-2B_as_mni_average_305_mask.4dfp.img
       256       256       256         1
  1.000000  1.000000  1.000000
orientation T byte_order littleendian
Reading mask: /opt/freesurfer/average/711-2B_as_mni_average_305_mask.4dfp.img (2306576 pixels)
talsrcimg_g11.4dfp.img
       256       256       256         1
  1.000000  1.000000  1.000000
orientation T byte_order littleendian
Reading image: talsrcimg_g11.4dfp.img
dimensions:      256       256       256
mmppix:       1.0000   -1.0000   -1.0000
center:     128.0000 -129.0000 -129.0000
fimgreg.f
image alignment mode   2311 decimal      907 hex
parameters
    1.7283   18.5432   19.6888  -10.1005   -8.7700   -4.9215
    8.6499    0.6659   -7.7159   -2.4530   -1.5958   -4.3190
eta,q 0.97396 15.00127
niter,ni,del,rscale     5    3    5.0000    0.8000
parameters
    1.7170   18.5297   19.7255   -8.8092   -8.7970   -4.7167
    8.5888    0.6248   -7.6780   -2.5549   -1.4283   -4.3716
eta,q 0.97408 15.05798
  0.0279  0.0274  0.0271  0.0279  0.0272  0.0269  0.0274  0.0280  0.0270  0.0274  0.0266  0.0268
  0.0268  0.0267  0.0265  0.0271  0.0265  0.0263  0.0266  0.0268  0.0264  0.0265  0.0263  0.0263
  0.0262  0.0262  0.0262  0.0264  0.0261  0.0260  0.0261  0.0261  0.0260  0.0260  0.0260  0.0260
  0.0260  0.0260  0.0260  0.0260  0.0259  0.0259  0.0259  0.0259  0.0259  0.0259  0.0259  0.0259
  0.0263  0.0262  0.0261  0.0259  0.0260  0.0260  0.0261  0.0262  0.0260  0.0261  0.0260  0.0261
  0.0269  0.0267  0.0265  0.0261  0.0265  0.0262  0.0266  0.0269  0.0264  0.0267  0.0262  0.0264
  0.0279  0.0274  0.0270  0.0266  0.0273  0.0267  0.0275  0.0280  0.0270  0.0275  0.0265  0.0269
niter,ni,del,rscale     4    3    5.0000    0.7000
parameters
    1.7096   18.4809   19.6703   -8.7806   -8.7426   -4.7860
    8.6099    0.6152   -7.6908   -2.6341   -1.3945   -4.3639
eta,q 0.97409 15.05624
  0.0273  0.0269  0.0266  0.0269  0.0269  0.0265  0.0271  0.0275  0.0267  0.0271  0.0264  0.0267
  0.0265  0.0264  0.0262  0.0264  0.0264  0.0262  0.0265  0.0266  0.0263  0.0264  0.0261  0.0263
  0.0261  0.0260  0.0260  0.0261  0.0260  0.0260  0.0261  0.0261  0.0260  0.0260  0.0260  0.0260
  0.0259  0.0259  0.0259  0.0259  0.0259  0.0259  0.0259  0.0259  0.0259  0.0259  0.0259  0.0259
  0.0261  0.0261  0.0260  0.0260  0.0260  0.0260  0.0260  0.0261  0.0260  0.0261  0.0260  0.0260
  0.0266  0.0265  0.0263  0.0263  0.0263  0.0262  0.0264  0.0266  0.0263  0.0265  0.0261  0.0263
  0.0273  0.0271  0.0268  0.0270  0.0269  0.0266  0.0271  0.0275  0.0267  0.0271  0.0264  0.0266
niter,ni,del,rscale     3    3    5.0000    0.6000
parameters
    1.7002   18.4726   19.6708   -8.7269   -8.7033   -4.7951
    8.6367    0.5894   -7.7021   -2.6848   -1.3926   -4.3626
eta,q 0.97409 15.05811
  0.0269  0.0267  0.0265  0.0267  0.0266  0.0264  0.0268  0.0271  0.0265  0.0268  0.0263  0.0265
  0.0264  0.0263  0.0262  0.0263  0.0262  0.0261  0.0263  0.0264  0.0262  0.0263  0.0261  0.0262
  0.0260  0.0260  0.0260  0.0260  0.0260  0.0260  0.0260  0.0260  0.0260  0.0260  0.0259  0.0260
  0.0259  0.0259  0.0259  0.0259  0.0259  0.0259  0.0259  0.0259  0.0259  0.0259  0.0259  0.0259
  0.0260  0.0260  0.0260  0.0260  0.0260  0.0259  0.0260  0.0261  0.0260  0.0260  0.0260  0.0260
  0.0264  0.0263  0.0262  0.0262  0.0262  0.0261  0.0263  0.0264  0.0262  0.0263  0.0261  0.0262
  0.0270  0.0267  0.0265  0.0267  0.0266  0.0264  0.0268  0.0271  0.0265  0.0268  0.0263  0.0265
niter,ni,del,rscale     2    3    5.0000    0.5000
parameters
    1.6942   18.4671   19.6700   -8.6779   -8.6761   -4.7990
    8.6584    0.5700   -7.6995   -2.7222   -1.3958   -4.3670
eta,q 0.97409 15.05972
  0.0266  0.0265  0.0263  0.0264  0.0264  0.0262  0.0265  0.0267  0.0263  0.0265  0.0262  0.0263
  0.0262  0.0262  0.0261  0.0262  0.0261  0.0260  0.0262  0.0263  0.0261  0.0262  0.0260  0.0261
  0.0260  0.0260  0.0260  0.0260  0.0260  0.0259  0.0260  0.0260  0.0259  0.0260  0.0259  0.0259
  0.0259  0.0259  0.0259  0.0259  0.0259  0.0259  0.0259  0.0259  0.0259  0.0259  0.0259  0.0259
  0.0260  0.0260  0.0259  0.0260  0.0259  0.0259  0.0260  0.0260  0.0260  0.0260  0.0259  0.0260
  0.0262  0.0262  0.0261  0.0261  0.0261  0.0260  0.0262  0.0263  0.0261  0.0262  0.0260  0.0261
  0.0266  0.0265  0.0263  0.0264  0.0264  0.0262  0.0265  0.0267  0.0263  0.0265  0.0262  0.0263
niter,ni,del,rscale     1    3    5.0000    0.4000
parameters
    1.6899   18.4606   19.6638   -8.6514   -8.6525   -4.7716
    8.6764    0.5522   -7.6978   -2.7495   -1.3924   -4.3719
eta,q 0.97410 15.06195
  0.0264  0.0263  0.0262  0.0262  0.0262  0.0261  0.0263  0.0264  0.0262  0.0263  0.0261  0.0262
  0.0261  0.0261  0.0260  0.0261  0.0260  0.0260  0.0261  0.0261  0.0260  0.0261  0.0260  0.0260
  0.0259  0.0259  0.0259  0.0259  0.0259  0.0259  0.0260  0.0260  0.0259  0.0259  0.0259  0.0259
  0.0259  0.0259  0.0259  0.0259  0.0259  0.0259  0.0259  0.0259  0.0259  0.0259  0.0259  0.0259
  0.0260  0.0260  0.0259  0.0259  0.0259  0.0259  0.0259  0.0260  0.0259  0.0260  0.0259  0.0259
  0.0261  0.0261  0.0260  0.0260  0.0260  0.0260  0.0261  0.0261  0.0260  0.0261  0.0260  0.0260
  0.0264  0.0263  0.0262  0.0262  0.0262  0.0261  0.0263  0.0264  0.0262  0.0263  0.0261  0.0262
registration optimization eta report
parameter search radius
    0.8000    0.8000    0.8000    2.4000    2.4000    2.4000
    2.4000    2.4000    2.4000    2.4000    2.4000    2.4000
100000*second partial in parameter space
       72.       57.       40.        6.        6.        3.
        7.        9.        5.        7.        3.        5.
  0.0264  0.0263  0.0262  0.0262  0.0262  0.0261  0.0263  0.0264  0.0262  0.0263  0.0261  0.0262
  0.0261  0.0261  0.0260  0.0261  0.0260  0.0260  0.0261  0.0261  0.0260  0.0261  0.0260  0.0260
  0.0259  0.0259  0.0259  0.0259  0.0259  0.0259  0.0260  0.0260  0.0259  0.0259  0.0259  0.0259
  0.0259  0.0259  0.0259  0.0259  0.0259  0.0259  0.0259  0.0259  0.0259  0.0259  0.0259  0.0259
  0.0260  0.0260  0.0259  0.0259  0.0259  0.0259  0.0259  0.0260  0.0259  0.0260  0.0259  0.0259
  0.0261  0.0261  0.0260  0.0260  0.0260  0.0260  0.0261  0.0261  0.0260  0.0261  0.0260  0.0260
  0.0264  0.0263  0.0262  0.0262  0.0262  0.0261  0.0263  0.0264  0.0262  0.0263  0.0261  0.0262
    1.6899   18.4606   19.6638   -8.6514   -8.6525   -4.7716
    8.6764    0.5522   -7.6978   -2.7495   -1.3924   -4.3719
eta,q 0.97410 15.06195

---------------------------------------------------------------------
imgreg_4dfp /opt/freesurfer/average/711-2C_as_mni_average_305 /opt/freesurfer/average/711-2B_as_mni_average_305_mask talsrcimg_g11 none talsrcimg_to_711-2C_as_mni_average_305_t4 2311
---------------------------------------------------------------------

freesurfer imgreg_4dfp.c
/opt/freesurfer/average/711-2C_as_mni_average_305.4dfp.img
       256       256       256         1
  1.000000  1.000000  1.000000
orientation T byte_order littleendian
Reading image: /opt/freesurfer/average/711-2C_as_mni_average_305.4dfp.img
dimensions:      256       256       256
mmppix:       1.0000   -1.0000   -1.0000
center:     128.0000 -129.0000 -129.0000
/opt/freesurfer/average/711-2B_as_mni_average_305_mask.4dfp.img
       256       256       256         1
  1.000000  1.000000  1.000000
orientation T byte_order littleendian
Reading mask: /opt/freesurfer/average/711-2B_as_mni_average_305_mask.4dfp.img (2306576 pixels)
talsrcimg_g11.4dfp.img
       256       256       256         1
  1.000000  1.000000  1.000000
orientation T byte_order littleendian
Reading image: talsrcimg_g11.4dfp.img
dimensions:      256       256       256
mmppix:       1.0000   -1.0000   -1.0000
center:     128.0000 -129.0000 -129.0000
fimgreg.f
image alignment mode   2311 decimal      907 hex
parameters
    1.6899   18.4606   19.6638   -8.6514   -8.6525   -4.7716
    8.6764    0.5522   -7.6978   -2.7495   -1.3924   -4.3719
eta,q 0.97410 15.06196
niter,ni,del,rscale     5    3    5.0000    0.8000
parameters
    1.6954   18.4598   19.6549   -8.9198   -8.7404   -4.8332
    8.6133    0.6081   -7.7120   -2.6306   -1.3877   -4.3368
eta,q 0.97409 15.04936
  0.0278  0.0273  0.0269  0.0271  0.0272  0.0267  0.0274  0.0281  0.0270  0.0276  0.0266  0.0269
  0.0267  0.0265  0.0264  0.0265  0.0265  0.0262  0.0266  0.0269  0.0264  0.0266  0.0262  0.0264
  0.0261  0.0261  0.0260  0.0261  0.0261  0.0260  0.0261  0.0261  0.0260  0.0261  0.0260  0.0260
  0.0259  0.0259  0.0259  0.0259  0.0259  0.0259  0.0259  0.0259  0.0259  0.0259  0.0259  0.0259
  0.0261  0.0261  0.0260  0.0260  0.0260  0.0260  0.0261  0.0262  0.0260  0.0261  0.0260  0.0260
  0.0267  0.0265  0.0264  0.0266  0.0265  0.0263  0.0266  0.0268  0.0264  0.0266  0.0262  0.0264
  0.0277  0.0273  0.0269  0.0276  0.0273  0.0268  0.0275  0.0279  0.0270  0.0273  0.0266  0.0268
niter,ni,del,rscale     4    3    5.0000    0.7000
parameters
    1.7005   18.4790   19.6685   -8.7937   -8.7246   -4.8096
    8.6285    0.6005   -7.7101   -2.6435   -1.3847   -4.3497
eta,q 0.97409 15.05542
  0.0273  0.0270  0.0267  0.0270  0.0269  0.0266  0.0271  0.0275  0.0267  0.0271  0.0264  0.0267
  0.0265  0.0264  0.0263  0.0264  0.0264  0.0262  0.0264  0.0266  0.0263  0.0264  0.0261  0.0262
  0.0261  0.0260  0.0260  0.0261  0.0260  0.0260  0.0261  0.0261  0.0260  0.0260  0.0260  0.0260
  0.0259  0.0259  0.0259  0.0259  0.0259  0.0259  0.0259  0.0259  0.0259  0.0259  0.0259  0.0259
  0.0261  0.0260  0.0260  0.0260  0.0260  0.0260  0.0260  0.0261  0.0260  0.0261  0.0260  0.0260
  0.0265  0.0264  0.0262  0.0263  0.0263  0.0262  0.0264  0.0266  0.0263  0.0265  0.0262  0.0263
  0.0273  0.0270  0.0267  0.0269  0.0269  0.0265  0.0271  0.0275  0.0267  0.0271  0.0264  0.0266
niter,ni,del,rscale     3    3    5.0000    0.6000
parameters
    1.6974   18.4749   19.6681   -8.7253   -8.7015   -4.8051
    8.6443    0.5890   -7.7085   -2.6788   -1.3802   -4.3661
eta,q 0.97409 15.05795
  0.0269  0.0267  0.0265  0.0267  0.0266  0.0264  0.0268  0.0271  0.0265  0.0268  0.0263  0.0265
  0.0264  0.0263  0.0262  0.0263  0.0262  0.0261  0.0263  0.0264  0.0262  0.0263  0.0261  0.0262
  0.0260  0.0260  0.0260  0.0260  0.0260  0.0260  0.0260  0.0260  0.0260  0.0260  0.0259  0.0260
  0.0259  0.0259  0.0259  0.0259  0.0259  0.0259  0.0259  0.0259  0.0259  0.0259  0.0259  0.0259
  0.0260  0.0260  0.0260  0.0260  0.0260  0.0259  0.0260  0.0261  0.0260  0.0260  0.0260  0.0260
  0.0264  0.0263  0.0262  0.0262  0.0262  0.0261  0.0263  0.0264  0.0262  0.0263  0.0261  0.0262
  0.0270  0.0267  0.0265  0.0267  0.0266  0.0264  0.0268  0.0271  0.0265  0.0268  0.0263  0.0265
niter,ni,del,rscale     2    3    5.0000    0.5000
parameters
    1.6936   18.4697   19.6657   -8.6823   -8.6779   -4.8047
    8.6641    0.5687   -7.6964   -2.7124   -1.3857   -4.3638
eta,q 0.97410 15.05950
  0.0266  0.0265  0.0263  0.0264  0.0264  0.0262  0.0265  0.0267  0.0263  0.0265  0.0262  0.0263
  0.0262  0.0262  0.0261  0.0262  0.0261  0.0260  0.0262  0.0263  0.0261  0.0262  0.0260  0.0261
  0.0260  0.0260  0.0260  0.0260  0.0260  0.0260  0.0260  0.0260  0.0260  0.0260  0.0259  0.0259
  0.0259  0.0259  0.0259  0.0259  0.0259  0.0259  0.0259  0.0259  0.0259  0.0259  0.0259  0.0259
  0.0260  0.0260  0.0259  0.0260  0.0259  0.0259  0.0260  0.0260  0.0259  0.0260  0.0259  0.0260
  0.0262  0.0262  0.0261  0.0261  0.0261  0.0260  0.0262  0.0263  0.0261  0.0262  0.0260  0.0261
  0.0266  0.0265  0.0263  0.0264  0.0264  0.0262  0.0265  0.0267  0.0263  0.0265  0.0262  0.0263
niter,ni,del,rscale     1    3    5.0000    0.4000
parameters
    1.6889   18.4629   19.6657   -8.6576   -8.6537   -4.7813
    8.6800    0.5466   -7.7033   -2.7540   -1.3948   -4.3720
eta,q 0.97409 15.06126
  0.0264  0.0263  0.0262  0.0262  0.0262  0.0261  0.0263  0.0264  0.0262  0.0263  0.0261  0.0262
  0.0261  0.0261  0.0260  0.0261  0.0261  0.0260  0.0261  0.0261  0.0260  0.0261  0.0260  0.0260
  0.0260  0.0259  0.0259  0.0259  0.0259  0.0259  0.0260  0.0259  0.0259  0.0259  0.0259  0.0259
  0.0259  0.0259  0.0259  0.0259  0.0259  0.0259  0.0259  0.0259  0.0259  0.0259  0.0259  0.0259
  0.0260  0.0260  0.0259  0.0259  0.0259  0.0259  0.0259  0.0260  0.0259  0.0260  0.0259  0.0259
  0.0261  0.0261  0.0260  0.0260  0.0260  0.0260  0.0261  0.0261  0.0260  0.0261  0.0260  0.0260
  0.0264  0.0263  0.0262  0.0262  0.0262  0.0261  0.0263  0.0264  0.0262  0.0263  0.0261  0.0262
registration optimization eta report
parameter search radius
    0.8000    0.8000    0.8000    2.4000    2.4000    2.4000
    2.4000    2.4000    2.4000    2.4000    2.4000    2.4000
100000*second partial in parameter space
       72.       57.       40.        6.        6.        3.
        7.        9.        5.        7.        3.        5.
  0.0264  0.0263  0.0262  0.0262  0.0262  0.0261  0.0263  0.0264  0.0262  0.0263  0.0261  0.0262
  0.0261  0.0261  0.0260  0.0261  0.0261  0.0260  0.0261  0.0261  0.0260  0.0261  0.0260  0.0260
  0.0260  0.0259  0.0259  0.0259  0.0259  0.0259  0.0260  0.0259  0.0259  0.0259  0.0259  0.0259
  0.0259  0.0259  0.0259  0.0259  0.0259  0.0259  0.0259  0.0259  0.0259  0.0259  0.0259  0.0259
  0.0260  0.0260  0.0259  0.0259  0.0259  0.0259  0.0259  0.0260  0.0259  0.0260  0.0259  0.0259
  0.0261  0.0261  0.0260  0.0260  0.0260  0.0260  0.0261  0.0261  0.0260  0.0261  0.0260  0.0260
  0.0264  0.0263  0.0262  0.0262  0.0262  0.0261  0.0263  0.0264  0.0262  0.0263  0.0261  0.0262
    1.6889   18.4629   19.6657   -8.6576   -8.6537   -4.7813
    8.6800    0.5466   -7.7033   -2.7540   -1.3948   -4.3720
eta,q 0.97409 15.06126

---------------------------------------------------------------------
compute_vox2vox talsrcimg talsrcimg_to_711-2C_as_mni_average_305_t4 /opt/freesurfer/average/711-2C_as_mni_average_305
---------------------------------------------------------------------

freesurfer compute_vox2vox.c
Reading: talsrcimg.4dfp.ifh
Reading: talsrcimg_to_711-2C_as_mni_average_305_t4
Reading: /opt/freesurfer/average/711-2C_as_mni_average_305.4dfp.ifh
Writing: talsrcimg_to_711-2C_as_mni_average_305_t4_vox2vox.txt

start time Mon Mar 9 00:27:21 CET 2026
end		time Mon Mar 9 00:28:47 CET 2026

mpr2mni305 success

avi2talxfm orig_nu.mgz /opt/freesurfer/average/mni305.cor.mgz talsrcimg_to_711-2C_as_mni_average_305_t4_vox2vox.txt transforms/talairach.auto.xfm
avi2talxfm done
mv -f /out/sourcedata/freesurfer/sub-v1s16x0051194_ses-1/mri/talsrcimg_to_711-2C_as_mni_average_305_t4_vox2vox.txt /out/sourcedata/freesurfer/sub-v1s16x0051194_ses-1/mri/transforms/talsrcimg_to_711-2C_as_mni_average_305_t4_vox2vox.txt
lta_convert --src orig_nu.mgz --trg /opt/freesurfer/average/mni305.cor.mgz --inxfm transforms/talairach.auto.xfm --outlta transforms/talairach.auto.xfm.lta --subject fsaverage
7.3.2

--src: orig_nu.mgz src image (geometry).
--trg: /opt/freesurfer/average/mni305.cor.mgz trg image (geometry).
--inmni: transforms/talairach.auto.xfm input MNI/XFM transform.
--outlta: transforms/talairach.auto.xfm.lta output LTA.
--s: fsaverage subject name
 LTA read, type : 1
 1.08590  -0.00923  -0.10363   0.14315;
 0.02014   1.05150   0.04841  -29.30962;
 0.09218   0.03092   1.08746  -24.09151;
 0.00000   0.00000   0.00000   1.00000;
setting subject to fsaverage
Writing  LTA to file transforms/talairach.auto.xfm.lta...
lta_convert successful.
 
 
Started at Mon Mar 9 00:27:21 CET 2026
Ended   at Mon Mar  9 00:28:47 CET 2026
talairach_avi done
