status file for recon-all
Mon Mar  9 01:09:19 CET 2026
#@# Tessellate lh Mon Mar  9 01:09:19 CET 2026
#@# Smooth1 lh Mon Mar  9 01:09:21 CET 2026
#@# Inflation1 lh Mon Mar  9 01:09:23 CET 2026
#@# QSphere lh Mon Mar  9 01:09:35 CET 2026
#@# Fix Topology lh Mon Mar  9 01:10:40 CET 2026
#@# Smooth2 lh Mon Mar  9 01:18:16 CET 2026
#@# Inflation2 lh Mon Mar  9 01:18:18 CET 2026
#@# Curv .H and .K lh Mon Mar  9 01:18:29 CET 2026
#@# Sphere lh Mon Mar  9 01:19:03 CET 2026
#@# Surf Reg lh Mon Mar  9 01:24:38 CET 2026
#@# Jacobian white lh Mon Mar  9 01:30:31 CET 2026
#@# AvgCurv lh Mon Mar  9 01:30:32 CET 2026
#@# Cortical Parc lh Mon Mar  9 01:30:32 CET 2026
#@# white curv lh Mon Mar  9 01:36:58 CET 2026
#@# white area lh Mon Mar  9 01:36:59 CET 2026
#@# pial curv lh Mon Mar  9 01:37:00 CET 2026
#@# pial area lh Mon Mar  9 01:37:01 CET 2026
#@# thickness lh Mon Mar  9 01:37:01 CET 2026
#@# area and vertex vol lh Mon Mar  9 01:37:18 CET 2026
#@# Curvature Stats lh Mon Mar  9 01:37:19 CET 2026
#@# Cortical Parc 2 lh Mon Mar  9 01:37:21 CET 2026
#@# Cortical Parc 3 lh Mon Mar  9 01:37:30 CET 2026
#@# WM/GM Contrast lh Mon Mar  9 01:37:36 CET 2026
recon-all -s sub-v1s16x0051187_ses-1 finished without error at Mon Mar  9 01:37:38 CET 2026



#New# invocation of recon-all 



status file for recon-all
Mon Mar  9 02:05:47 CET 2026
#@# white curv lh Mon Mar  9 02:05:47 CET 2026
#@# white area lh Mon Mar  9 02:05:47 CET 2026
#@# pial curv lh Mon Mar  9 02:05:48 CET 2026
#@# pial area lh Mon Mar  9 02:05:48 CET 2026
#@# thickness lh Mon Mar  9 02:05:48 CET 2026
#@# area and vertex vol lh Mon Mar  9 02:05:48 CET 2026
#@# Parcellation Stats lh Mon Mar  9 02:05:48 CET 2026
#@# Parcellation Stats 2 lh Mon Mar  9 02:06:00 CET 2026
#@# Parcellation Stats 3 lh Mon Mar  9 02:06:06 CET 2026
#@# BA_exvivo Labels lh Mon Mar  9 02:06:12 CET 2026
recon-all -s sub-v1s16x0051187_ses-1 finished without error at Mon Mar  9 02:08:02 CET 2026
