status file for recon-all
Sun Mar  8 22:04:43 CET 2026
#@# MotionCor Sun Mar  8 22:04:44 CET 2026
#@# Talairach Sun Mar  8 22:04:53 CET 2026
#@# Talairach Failure Detection Sun Mar  8 22:09:21 CET 2026
#@# Nu Intensity Correction Sun Mar  8 22:09:21 CET 2026
#@# Intensity Normalization Sun Mar  8 22:12:36 CET 2026
recon-all -s sub-v1s16x0051162_ses-1 finished without error at Sun Mar  8 22:14:00 CET 2026



#New# invocation of recon-all 



status file for recon-all
Sun Mar  8 22:21:03 CET 2026
#@# EM Registration Sun Mar  8 22:21:03 CET 2026
recon-all -s sub-v1s16x0051162_ses-1 finished without error at Sun Mar  8 22:23:10 CET 2026



#New# invocation of recon-all 



status file for recon-all
Sun Mar  8 22:23:13 CET 2026
#@# CA Normalize Sun Mar  8 22:23:13 CET 2026
#@# CA Reg Sun Mar  8 22:24:32 CET 2026
#@# SubCort Seg Sun Mar  8 23:16:38 CET 2026
#@# CC Seg Sun Mar  8 23:42:07 CET 2026
#@# Merge ASeg Sun Mar  8 23:42:58 CET 2026
#@# Intensity Normalization2 Sun Mar  8 23:42:58 CET 2026
#@# Mask BFS Sun Mar  8 23:45:03 CET 2026
#@# WM Segmentation Sun Mar  8 23:45:04 CET 2026
#@# Fill Sun Mar  8 23:46:51 CET 2026
recon-all -s sub-v1s16x0051162_ses-1 finished without error at Sun Mar  8 23:47:50 CET 2026



#New# invocation of recon-all 



status file for recon-all
Mon Mar  9 00:27:23 CET 2026
#@# white curv lh Mon Mar  9 00:27:23 CET 2026
#@# white area lh Mon Mar  9 00:27:24 CET 2026
#@# pial curv lh Mon Mar  9 00:27:24 CET 2026
#@# pial area lh Mon Mar  9 00:27:24 CET 2026
#@# thickness lh Mon Mar  9 00:27:24 CET 2026
#@# area and vertex vol lh Mon Mar  9 00:27:24 CET 2026
#@# white curv rh Mon Mar  9 00:27:24 CET 2026
#@# white area rh Mon Mar  9 00:27:24 CET 2026
#@# pial curv rh Mon Mar  9 00:27:24 CET 2026
#@# pial area rh Mon Mar  9 00:27:24 CET 2026
#@# thickness rh Mon Mar  9 00:27:24 CET 2026
#@# area and vertex vol rh Mon Mar  9 00:27:24 CET 2026
#@# Cortical ribbon mask Mon Mar  9 00:27:24 CET 2026
recon-all -s sub-v1s16x0051162_ses-1 finished without error at Mon Mar  9 00:29:58 CET 2026



#New# invocation of recon-all 



status file for recon-all
Mon Mar  9 00:34:56 CET 2026
#@# white curv lh Mon Mar  9 00:34:56 CET 2026
#@# white area lh Mon Mar  9 00:34:56 CET 2026
#@# pial curv lh Mon Mar  9 00:34:56 CET 2026
#@# pial area lh Mon Mar  9 00:34:56 CET 2026
#@# thickness lh Mon Mar  9 00:34:56 CET 2026
#@# area and vertex vol lh Mon Mar  9 00:34:56 CET 2026
#@# white curv rh Mon Mar  9 00:34:56 CET 2026
#@# white area rh Mon Mar  9 00:34:56 CET 2026
#@# pial curv rh Mon Mar  9 00:34:56 CET 2026
#@# pial area rh Mon Mar  9 00:34:56 CET 2026
#@# thickness rh Mon Mar  9 00:34:56 CET 2026
#@# area and vertex vol rh Mon Mar  9 00:34:56 CET 2026
#@# Curvature Stats lh Mon Mar  9 00:34:56 CET 2026
#@# Curvature Stats rh Mon Mar  9 00:34:58 CET 2026
#@# Relabel Hypointensities Mon Mar  9 00:34:59 CET 2026
#@# APas-to-ASeg Mon Mar  9 00:35:12 CET 2026
#@# AParc-to-ASeg aparc Mon Mar  9 00:35:18 CET 2026
#@# AParc-to-ASeg aparc.a2009s Mon Mar  9 00:35:38 CET 2026
#@# AParc-to-ASeg aparc.DKTatlas Mon Mar  9 00:35:58 CET 2026
#@# WMParc Mon Mar  9 00:36:17 CET 2026
#@# ASeg Stats Mon Mar  9 00:39:39 CET 2026
recon-all -s sub-v1s16x0051162_ses-1 finished without error at Mon Mar  9 00:40:20 CET 2026
