/out/sourcedata/freesurfer/sub-v1s16x0051177_ses-1/mri
/opt/freesurfer/bin/talairach_avi
--i orig_nu.mgz --xfm transforms/talairach.auto.xfm
talairach_avi 7.3.2
Linux dna029 5.14.0-427.37.1.el9_4.x86_64 #1 SMP PREEMPT_DYNAMIC Fri Sep 13 12:41:50 EDT 2024 x86_64 x86_64 x86_64 GNU/Linux
Sun Mar  8 22:57:10 CET 2026
mri_convert orig_nu.mgz talsrcimg.img 
reading from orig_nu.mgz...
TR=0.00, TE=0.00, TI=0.00, flip angle=0.00
i_ras = (-1, 0, 0)
j_ras = (0, 0, -1)
k_ras = (0, 1, 0)
writing to talsrcimg.img...
Analyze Output Matrix
-1.00000   0.00000   0.00000   131.76520;
 0.00000   0.00000   1.00000  -111.80989;
 0.00000  -1.00000   0.00000   127.09219;
 0.00000   0.00000   0.00000   1.00000;
--------------------
INFO: set hdr.hist.orient to -1
mpr2mni305 talsrcimg
Sun Mar  8 22:57:10 CET 2026
/opt/freesurfer/bin/mpr2mni305 talsrcimg
mpr2mni305 7.3.2
target=711-2C_as_mni_average_305

---------------------------------------------------------------------
analyzeto4dfp talsrcimg -O0 -y
---------------------------------------------------------------------

freesurfer ifh2hdr.c
Sun Mar  8 22:57:11 2026
Writing: talsrcimg.4dfp.hdr
freesurfer analyzeto4dfp.c
Reading: talsrcimg.hdr
header size 348 bytes
hdr.dime.datatype	offset=70	value=2
hdr.dime.bitpix		offset=72	value=8
hdr.hist.orient		offset=252	value=-1
dimensionality     4
dimensions       256       256       256         1
Reading: talsrcimg.img
Writing: talsrcimg.4dfp.img
Writing: talsrcimg.4dfp.ifh
ifh2hdr talsrcimg -r0to218
ori=2

---------------------------------------------------------------------
gauss_4dfp talsrcimg 1.1
---------------------------------------------------------------------

freesurfer gauss_4dfp.c
Reading: talsrcimg.4dfp.img
Writing: talsrcimg_g11.4dfp.img
image dimensions 256 256 256 padded to 288 288 288
processing volume 1freesurfer ifh2hdr.c
Sun Mar  8 22:57:13 2026
Writing: talsrcimg_g11.4dfp.hdr

Writing: talsrcimg_g11.4dfp.ifh
including: talsrcimg.4dfp.img.rec in talsrcimg_g11.4dfp.img.rec

---------------------------------------------------------------------
imgreg_4dfp /opt/freesurfer/average/711-2C_as_mni_average_305 none talsrcimg_g11 none talsrcimg_to_711-2C_as_mni_average_305_t4 4355
---------------------------------------------------------------------

freesurfer imgreg_4dfp.c
/opt/freesurfer/average/711-2C_as_mni_average_305.4dfp.img
       256       256       256         1
  1.000000  1.000000  1.000000
orientation T byte_order littleendian
Reading image: /opt/freesurfer/average/711-2C_as_mni_average_305.4dfp.img
dimensions:      256       256       256
mmppix:       1.0000   -1.0000   -1.0000
center:     128.0000 -129.0000 -129.0000
talsrcimg_g11.4dfp.img
       256       256       256         1
  1.000000  1.000000  1.000000
orientation T byte_order littleendian
Reading image: talsrcimg_g11.4dfp.img
dimensions:      256       256       256
mmppix:       1.0000   -1.0000   -1.0000
center:     128.0000 -129.0000 -129.0000
t4_read: open error in t4_sub.f l:  41 t4_file(1:l)talsrcimg_to_711-2C_as_mni_average_305_t4 
t4_read: transform initialized to I4
rotation matrix determinant  1.000000
image alignment mode   4355 decimal     1103 hex
   -7.5000  -45.0000  -45.0000 6261.5664   24.2784
    0.0000  -45.0000  -45.0000 6498.0654   24.3812
    7.5000  -45.0000  -45.0000 6182.6133   24.4856
   -7.5000  -37.5000  -45.0000 6723.2451   24.0427
    0.0000  -37.5000  -45.0000 7008.8281   24.1464
    7.5000  -37.5000  -45.0000 6678.7393   24.2488
   -7.5000  -30.0000  -45.0000 7526.3911   23.9523
    0.0000  -30.0000  -45.0000 7837.4907   24.0600
    7.5000  -30.0000  -45.0000 7459.5225   24.1636
   -7.5000  -22.5000  -45.0000 8385.1582   23.8677
    0.0000  -22.5000  -45.0000 8717.9297   23.9760
    7.5000  -22.5000  -45.0000 8286.9189   24.0811
   -7.5000  -15.0000  -45.0000 9353.6230   23.7415
    0.0000  -15.0000  -45.0000 9722.8398   23.8485
    7.5000  -15.0000  -45.0000 9199.5820   23.9543
   -7.5000   -7.5000  -45.000010172.3057   23.6578
    0.0000   -7.5000  -45.000010580.4365   23.7589
    7.5000   -7.5000  -45.0000 9987.9756   23.8612
   -7.5000    0.0000  -45.000010810.8027   23.6911
    0.0000    0.0000  -45.000011250.8184   23.7881
    7.5000    0.0000  -45.000010588.9111   23.8869
   -7.5000    7.5000  -45.000010571.0264   23.8214
    0.0000    7.5000  -45.000011001.6260   23.9233
    7.5000    7.5000  -45.000010346.3818   24.0235
   -7.5000   15.0000  -45.000010332.7598   23.9143
    0.0000   15.0000  -45.000010745.8076   24.0216
    7.5000   15.0000  -45.000010114.1318   24.1247
   -7.5000   22.5000  -45.000010077.8975   23.8644
    0.0000   22.5000  -45.000010466.1084   23.9727
    7.5000   22.5000  -45.0000 9892.6680   24.0778
   -7.5000   30.0000  -45.0000 9833.1572   23.4251
    0.0000   30.0000  -45.000010214.9092   23.5307
    7.5000   30.0000  -45.0000 9659.7168   23.6350
   -7.5000   37.5000  -45.0000 9845.0664   23.3426
    0.0000   37.5000  -45.000010223.0342   23.4423
    7.5000   37.5000  -45.0000 9653.9062   23.5433
   -7.5000   45.0000  -45.0000 9065.6436   22.7818
    0.0000   45.0000  -45.0000 9422.9121   22.8751
    7.5000   45.0000  -45.0000 8882.0859   22.9702
   -7.5000  -45.0000  -37.5000 6696.5342   24.0746
    0.0000  -45.0000  -37.5000 6974.7227   24.1726
    7.5000  -45.0000  -37.5000 6642.4639   24.2691
   -7.5000  -37.5000  -37.5000 7208.8066   23.8336
    0.0000  -37.5000  -37.5000 7534.8638   23.9359
    7.5000  -37.5000  -37.5000 7162.9189   24.0319
   -7.5000  -30.0000  -37.5000 8073.3960   23.7344
    0.0000  -30.0000  -37.5000 8432.8574   23.8457
    7.5000  -30.0000  -37.5000 7991.8760   23.9418
   -7.5000  -22.5000  -37.5000 9010.9873   23.6477
    0.0000  -22.5000  -37.5000 9384.4326   23.7618
    7.5000  -22.5000  -37.5000 8900.7949   23.8575
   -7.5000  -15.0000  -37.500010046.2383   23.5268
    0.0000  -15.0000  -37.500010448.6006   23.6367
    7.5000  -15.0000  -37.5000 9863.0557   23.7323
   -7.5000   -7.5000  -37.500010895.5234   23.4526
    0.0000   -7.5000  -37.500011324.3652   23.5513
    7.5000   -7.5000  -37.500010682.5586   23.6443
   -7.5000    0.0000  -37.500011574.2383   23.4907
    0.0000    0.0000  -37.500012064.5635   23.5833
    7.5000    0.0000  -37.500011325.2783   23.6748
   -7.5000    7.5000  -37.500011294.5176   23.6145
    0.0000    7.5000  -37.500011782.7412   23.7149
    7.5000    7.5000  -37.500011059.4590   23.8090
   -7.5000   15.0000  -37.500010983.9004   23.6974
    0.0000   15.0000  -37.500011435.3408   23.8082
    7.5000   15.0000  -37.500010761.6826   23.9039
   -7.5000   22.5000  -37.500010710.8408   23.6444
    0.0000   22.5000  -37.500011128.9658   23.7585
    7.5000   22.5000  -37.500010508.2725   23.8543
   -7.5000   30.0000  -37.500010472.5322   23.2133
    0.0000   30.0000  -37.500010895.5635   23.3217
    7.5000   30.0000  -37.500010273.6338   23.4160
   -7.5000   37.5000  -37.500010454.2617   23.1400
    0.0000   37.5000  -37.500010859.0137   23.2374
    7.5000   37.5000  -37.500010238.7949   23.3292
   -7.5000   45.0000  -37.5000 9614.2529   22.5891
    0.0000   45.0000  -37.5000 9972.3135   22.6781
    7.5000   45.0000  -37.5000 9393.9844   22.7662
   -7.5000  -45.0000  -30.0000 7299.2310   25.0063
    0.0000  -45.0000  -30.0000 7614.8950   25.0969
    7.5000  -45.0000  -30.0000 7239.4219   25.1792
   -7.5000  -37.5000  -30.0000 7877.3525   24.7543
    0.0000  -37.5000  -30.0000 8217.1201   24.8449
    7.5000  -37.5000  -30.0000 7808.5967   24.9296
   -7.5000  -30.0000  -30.0000 8826.1982   24.6431
    0.0000  -30.0000  -30.0000 9187.6934   24.7435
    7.5000  -30.0000  -30.0000 8714.4814   24.8298
   -7.5000  -22.5000  -30.0000 9873.1807   24.5444
    0.0000  -22.5000  -30.000010247.9814   24.6534
    7.5000  -22.5000  -30.0000 9700.6475   24.7376
   -7.5000  -15.0000  -30.000010943.0850   24.4172
    0.0000  -15.0000  -30.000011350.2646   24.5261
    7.5000  -15.0000  -30.000010708.7705   24.6073
   -7.5000   -7.5000  -30.000011842.6738   24.3488
    0.0000   -7.5000  -30.000012292.5664   24.4453
    7.5000   -7.5000  -30.000011580.8896   24.5232
   -7.5000    0.0000  -30.000012568.9297   24.3983
    0.0000    0.0000  -30.000013093.1182   24.4838
    7.5000    0.0000  -30.000012288.6445   24.5619
   -7.5000    7.5000  -30.000012287.0537   24.5271
    0.0000    7.5000  -30.000012815.6758   24.6160
    7.5000    7.5000  -30.000012009.9824   24.6990
   -7.5000   15.0000  -30.000011913.0771   24.6050
    0.0000   15.0000  -30.000012403.8984   24.7050
    7.5000   15.0000  -30.000011635.6602   24.7908
   -7.5000   22.5000  -30.000011566.1748   24.5385
    0.0000   22.5000  -30.000012043.4365   24.6474
    7.5000   22.5000  -30.000011325.3037   24.7317
   -7.5000   30.0000  -30.000011293.3291   24.0941
    0.0000   30.0000  -30.000011755.4746   24.2016
    7.5000   30.0000  -30.000011070.5811   24.2817
   -7.5000   37.5000  -30.000011233.8535   24.0266
    0.0000   37.5000  -30.000011689.8574   24.1219
    7.5000   37.5000  -30.000011011.7451   24.1987
   -7.5000   45.0000  -30.000010302.0576   23.4791
    0.0000   45.0000  -30.000010717.3945   23.5614
    7.5000   45.0000  -30.000010081.4893   23.6366
   -7.5000  -45.0000  -22.5000 7952.7095   25.8132
    0.0000  -45.0000  -22.5000 8284.4795   25.8975
    7.5000  -45.0000  -22.5000 7855.9526   25.9710
   -7.5000  -37.5000  -22.5000 8583.5000   25.5595
    0.0000  -37.5000  -22.5000 8933.6729   25.6364
    7.5000  -37.5000  -22.5000 8462.4863   25.7158
   -7.5000  -30.0000  -22.5000 9596.2852   25.4463
    0.0000  -30.0000  -22.5000 9966.5391   25.5301
    7.5000  -30.0000  -22.5000 9425.3799   25.6145
   -7.5000  -22.5000  -22.500010703.9121   25.3395
    0.0000  -22.5000  -22.500011096.8662   25.4366
    7.5000  -22.5000  -22.500010476.4199   25.5186
   -7.5000  -15.0000  -22.500011833.5830   25.2030
    0.0000  -15.0000  -22.500012260.4219   25.3072
    7.5000  -15.0000  -22.500011548.3447   25.3826
   -7.5000   -7.5000  -22.500012802.8096   25.1333
    0.0000   -7.5000  -22.500013277.7480   25.2276
    7.5000   -7.5000  -22.500012488.7070   25.2971
   -7.5000    0.0000  -22.500013609.1182   25.1885
    0.0000    0.0000  -22.500014136.2988   25.2679
    7.5000    0.0000  -22.500013258.7949   25.3377
   -7.5000    7.5000  -22.500013370.3516   25.3257
    0.0000    7.5000  -22.500013883.7324   25.4012
    7.5000    7.5000  -22.500013004.1846   25.4788
   -7.5000   15.0000  -22.500012941.8232   25.4069
    0.0000   15.0000  -22.500013432.6484   25.4904
    7.5000   15.0000  -22.500012578.0000   25.5744
   -7.5000   22.5000  -22.500012526.4873   25.3317
    0.0000   22.5000  -22.500013031.1592   25.4287
    7.5000   22.5000  -22.500012195.2969   25.5108
   -7.5000   30.0000  -22.500012194.8418   24.8734
    0.0000   30.0000  -22.500012697.9707   24.9762
    7.5000   30.0000  -22.500011887.4863   25.0506
   -7.5000   37.5000  -22.500012058.7236   24.8045
    0.0000   37.5000  -22.500012539.3223   24.8976
    7.5000   37.5000  -22.500011743.1650   24.9662
   -7.5000   45.0000  -22.500011045.6592   24.2577
    0.0000   45.0000  -22.500011486.0586   24.3342
    7.5000   45.0000  -22.500010781.5811   24.4015
   -7.5000  -45.0000  -15.0000 8570.1855   26.3699
    0.0000  -45.0000  -15.0000 8921.8018   26.4585
    7.5000  -45.0000  -15.0000 8458.8037   26.5399
   -7.5000  -37.5000  -15.0000 9253.3887   26.1176
    0.0000  -37.5000  -15.0000 9621.4609   26.1945
    7.5000  -37.5000  -15.0000 9107.6631   26.2807
   -7.5000  -30.0000  -15.000010349.8955   26.0132
    0.0000  -30.0000  -15.000010734.9346   26.0916
    7.5000  -30.0000  -15.000010137.6807   26.1836
   -7.5000  -22.5000  -15.000011527.2939   25.9094
    0.0000  -22.5000  -15.000011922.6719   25.9995
    7.5000  -22.5000  -15.000011238.0264   26.0905
   -7.5000  -15.0000  -15.000012701.9258   25.7669
    0.0000  -15.0000  -15.000013140.2002   25.8678
    7.5000  -15.0000  -15.000012373.8721   25.9529
   -7.5000   -7.5000  -15.000013759.6338   25.6861
    0.0000   -7.5000  -15.000014241.8066   25.7828
    7.5000   -7.5000  -15.000013398.5654   25.8613
   -7.5000    0.0000  -15.000014629.2588   25.7352
    0.0000    0.0000  -15.000015154.3145   25.8185
    7.5000    0.0000  -15.000014229.7422   25.8958
   -7.5000    7.5000  -15.000014405.3721   25.8793
    0.0000    7.5000  -15.000014936.9551   25.9548
    7.5000    7.5000  -15.000013989.4580   26.0392
   -7.5000   15.0000  -15.000013959.1357   25.9728
    0.0000   15.0000  -15.000014476.2080   26.0508
    7.5000   15.0000  -15.000013549.0322   26.1425
   -7.5000   22.5000  -15.000013515.4922   25.9002
    0.0000   22.5000  -15.000014041.0547   25.9903
    7.5000   22.5000  -15.000013089.3477   26.0813
   -7.5000   30.0000  -15.000013133.3203   25.4334
    0.0000   30.0000  -15.000013656.6533   25.5330
    7.5000   30.0000  -15.000012719.6514   25.6170
   -7.5000   37.5000  -15.000012911.4463   25.3536
    0.0000   37.5000  -15.000013398.5166   25.4491
    7.5000   37.5000  -15.000012484.8057   25.5266
   -7.5000   45.0000  -15.000011855.1895   24.7992
    0.0000   45.0000  -15.000012298.0469   24.8795
    7.5000   45.0000  -15.000011505.2402   24.9540
   -7.5000  -45.0000   -7.5000 9235.2803   26.6729
    0.0000  -45.0000   -7.5000 9602.9160   26.7751
    7.5000  -45.0000   -7.5000 9116.2451   26.8765
   -7.5000  -37.5000   -7.500010008.6953   26.4180
    0.0000  -37.5000   -7.500010382.9131   26.5130
    7.5000  -37.5000   -7.5000 9835.3311   26.6150
   -7.5000  -30.0000   -7.500011194.2197   26.3224
    0.0000  -30.0000   -7.500011585.6318   26.4167
    7.5000  -30.0000   -7.500010960.4199   26.5224
   -7.5000  -22.5000   -7.500012406.7393   26.2278
    0.0000  -22.5000   -7.500012819.1055   26.3268
    7.5000  -22.5000   -7.500012117.2471   26.4337
   -7.5000  -15.0000   -7.500013668.1533   26.0857
    0.0000  -15.0000   -7.500014124.3838   26.1910
    7.5000  -15.0000   -7.500013338.4326   26.2960
   -7.5000   -7.5000   -7.500014794.6973   25.9932
    0.0000   -7.5000   -7.500015311.3477   26.0967
    7.5000   -7.5000   -7.500014427.0244   26.1963
   -7.5000    0.0000   -7.500015759.4043   26.0311
    0.0000    0.0000   -7.500016319.8047   26.1274
    7.5000    0.0000   -7.500015310.5781   26.2236
   -7.5000    7.5000   -7.500015490.3730   26.1768
    0.0000    7.5000   -7.500016077.8037   26.2700
    7.5000    7.5000   -7.500015003.3662   26.3701
   -7.5000   15.0000   -7.500015016.6523   26.2812
    0.0000   15.0000   -7.500015555.0928   26.3752
    7.5000   15.0000   -7.500014478.9082   26.4804
   -7.5000   22.5000   -7.500014509.4004   26.2156
    0.0000   22.5000   -7.500015084.4014   26.3147
    7.5000   22.5000   -7.500013978.0811   26.4215
   -7.5000   30.0000   -7.500014079.9658   25.7474
    0.0000   30.0000   -7.500014629.0068   25.8514
    7.5000   30.0000   -7.500013574.4473   25.9550
   -7.5000   37.5000   -7.500013778.5186   25.6561
    0.0000   37.5000   -7.500014283.3174   25.7583
    7.5000   37.5000   -7.500013263.3926   25.8566
   -7.5000   45.0000   -7.500012661.3066   25.0891
    0.0000   45.0000   -7.500013125.5361   25.1819
    7.5000   45.0000   -7.500012239.7207   25.2746
   -7.5000  -45.0000    0.0000 9880.4180   26.7785
    0.0000  -45.0000    0.000010284.2852   26.8900
    7.5000  -45.0000    0.0000 9739.0752   27.0041
   -7.5000  -37.5000    0.000010696.5186   26.5151
    0.0000  -37.5000    0.000011106.9424   26.6284
    7.5000  -37.5000    0.000010503.5127   26.7408
   -7.5000  -30.0000    0.000011922.0752   26.4158
    0.0000  -30.0000    0.000012339.3154   26.5337
    7.5000  -30.0000    0.000011699.7402   26.6479
   -7.5000  -22.5000    0.000013181.9365   26.3255
    0.0000  -22.5000    0.000013622.1123   26.4439
    7.5000  -22.5000    0.000012926.1533   26.5596
   -7.5000  -15.0000    0.000014469.2451   26.1889
    0.0000  -15.0000    0.000014978.6729   26.3054
    7.5000  -15.0000    0.000014200.9160   26.4213
   -7.5000   -7.5000    0.000015749.4150   26.0968
    0.0000   -7.5000    0.000016314.6650   26.2064
    7.5000   -7.5000    0.000015406.9824   26.3184
   -7.5000    0.0000    0.000016860.7891   26.1312
    0.0000    0.0000    0.000017490.2363   26.2366
    7.5000    0.0000    0.000016362.8252   26.3448
   -7.5000    7.5000    0.000016557.1035   26.2722
    0.0000    7.5000    0.000017201.4941   26.3835
    7.5000    7.5000    0.000015967.7559   26.4937
   -7.5000   15.0000    0.000015991.7256   26.3745
    0.0000   15.0000    0.000016655.3359   26.4920
    7.5000   15.0000    0.000015365.8379   26.6056
   -7.5000   22.5000    0.000015434.6152   26.3134
    0.0000   22.5000    0.000016069.2168   26.4317
    7.5000   22.5000    0.000014852.9648   26.5473
   -7.5000   30.0000    0.000014936.9697   25.8500
    0.0000   30.0000    0.000015529.5469   25.9650
    7.5000   30.0000    0.000014422.3203   26.0794
   -7.5000   37.5000    0.000014497.7666   25.7590
    0.0000   37.5000    0.000015054.3965   25.8673
    7.5000   37.5000    0.000013989.5215   25.9778
   -7.5000   45.0000    0.000013304.5029   25.1875
    0.0000   45.0000    0.000013842.7373   25.2890
    7.5000   45.0000    0.000012879.5195   25.3934
   -7.5000  -45.0000    7.5000 9719.6816   26.8400
    0.0000  -45.0000    7.500010119.8477   26.9488
    7.5000  -45.0000    7.5000 9570.3174   27.0557
   -7.5000  -37.5000    7.500010504.6191   26.5689
    0.0000  -37.5000    7.500010907.8496   26.6824
    7.5000  -37.5000    7.500010356.7881   26.7887
   -7.5000  -30.0000    7.500011710.1484   26.4579
    0.0000  -30.0000    7.500012102.9775   26.5814
    7.5000  -30.0000    7.500011544.2529   26.6879
   -7.5000  -22.5000    7.500012899.3730   26.3620
    0.0000  -22.5000    7.500013313.7334   26.4887
    7.5000  -22.5000    7.500012718.2139   26.5949
   -7.5000  -15.0000    7.500014141.0830   26.2282
    0.0000  -15.0000    7.500014595.3223   26.3503
    7.5000  -15.0000    7.500013941.1992   26.4564
   -7.5000   -7.5000    7.500015500.1133   26.1459
    0.0000   -7.5000    7.500016022.3154   26.2556
    7.5000   -7.5000    7.500015170.4688   26.3588
   -7.5000    0.0000    7.500016783.5469   26.1879
    0.0000    0.0000    7.500017358.3945   26.2908
    7.5000    0.0000    7.500016181.1660   26.3922
   -7.5000    7.5000    7.500016414.4707   26.3250
    0.0000    7.5000    7.500017039.2695   26.4365
    7.5000    7.5000    7.500015728.9922   26.5406
   -7.5000   15.0000    7.500015779.2520   26.4168
    0.0000   15.0000    7.500016433.5371   26.5399
    7.5000   15.0000    7.500015128.6494   26.6458
   -7.5000   22.5000    7.500015184.1729   26.3498
    0.0000   22.5000    7.500015775.2236   26.4765
    7.5000   22.5000    7.500014646.2891   26.5826
   -7.5000   30.0000    7.500014639.0898   25.8888
    0.0000   30.0000    7.500015239.1582   26.0093
    7.5000   30.0000    7.500014211.1523   26.1140
   -7.5000   37.5000    7.500014134.7266   25.8075
    0.0000   37.5000    7.500014740.3125   25.9158
    7.5000   37.5000    7.500013693.7764   26.0176
   -7.5000   45.0000    7.500013002.5322   25.2421
    0.0000   45.0000    7.500013557.5771   25.3413
    7.5000   45.0000    7.500012561.4150   25.4391
   -7.5000  -45.0000   15.0000 9435.2314   26.8527
    0.0000  -45.0000   15.0000 9810.7031   26.9500
    7.5000  -45.0000   15.0000 9271.0176   27.0383
   -7.5000  -37.5000   15.000010187.5742   26.5820
    0.0000  -37.5000   15.000010568.4355   26.6793
    7.5000  -37.5000   15.000010048.3516   26.7703
   -7.5000  -30.0000   15.000011318.1924   26.4626
    0.0000  -30.0000   15.000011713.1826   26.5704
    7.5000  -30.0000   15.000011158.4268   26.6631
   -7.5000  -22.5000   15.000012430.2422   26.3566
    0.0000  -22.5000   15.000012878.5459   26.4737
    7.5000  -22.5000   15.000012268.3252   26.5642
   -7.5000  -15.0000   15.000013657.5664   26.2200
    0.0000  -15.0000   15.000014109.1377   26.3370
    7.5000  -15.0000   15.000013458.1729   26.4242
   -7.5000   -7.5000   15.000015039.8906   26.1466
    0.0000   -7.5000   15.000015533.7451   26.2503
    7.5000   -7.5000   15.000014661.0088   26.3339
   -7.5000    0.0000   15.000016298.1172   26.1998
    0.0000    0.0000   15.000016805.5508   26.2916
    7.5000    0.0000   15.000015607.5967   26.3755
   -7.5000    7.5000   15.000015913.1143   26.3381
    0.0000    7.5000   15.000016456.9355   26.4336
    7.5000    7.5000   15.000015274.4385   26.5226
   -7.5000   15.0000   15.000015250.8486   26.4217
    0.0000   15.0000   15.000015855.3984   26.5291
    7.5000   15.0000   15.000014776.2012   26.6213
   -7.5000   22.5000   15.000014691.7061   26.3445
    0.0000   22.5000   15.000015295.2686   26.4615
    7.5000   22.5000   15.000014299.0361   26.5519
   -7.5000   30.0000   15.000014224.7217   25.8807
    0.0000   30.0000   15.000014839.0420   25.9962
    7.5000   30.0000   15.000013865.9668   26.0822
   -7.5000   37.5000   15.000013750.3691   25.8082
    0.0000   37.5000   15.000014269.2832   25.9105
    7.5000   37.5000   15.000013278.0049   25.9931
   -7.5000   45.0000   15.000012667.9082   25.2536
    0.0000   45.0000   15.000013111.0107   25.3421
    7.5000   45.0000   15.000012159.3896   25.4229
   -7.5000  -45.0000   22.5000 8984.0869   26.7961
    0.0000  -45.0000   22.5000 9381.0137   26.8836
    7.5000  -45.0000   22.5000 8842.5801   26.9600
   -7.5000  -37.5000   22.5000 9747.4414   26.5328
    0.0000  -37.5000   22.500010154.4209   26.6126
    7.5000  -37.5000   22.5000 9591.6748   26.6950
   -7.5000  -30.0000   22.500010838.4873   26.4153
    0.0000  -30.0000   22.500011266.8145   26.5022
    7.5000  -30.0000   22.500010689.1543   26.5899
   -7.5000  -22.5000   22.500011930.0410   26.3044
    0.0000  -22.5000   22.500012376.5898   26.4052
    7.5000  -22.5000   22.500011777.1338   26.4904
   -7.5000  -15.0000   22.500013073.1064   26.1628
    0.0000  -15.0000   22.500013541.1016   26.2709
    7.5000  -15.0000   22.500012927.6807   26.3492
   -7.5000   -7.5000   22.500014273.8818   26.0903
    0.0000   -7.5000   22.500014761.5479   26.1882
    7.5000   -7.5000   22.500014013.4189   26.2604
   -7.5000    0.0000   22.500015334.7559   26.1477
    0.0000    0.0000   22.500015798.8760   26.2301
    7.5000    0.0000   22.500014857.9512   26.3026
   -7.5000    7.5000   22.500015139.1328   26.2901
    0.0000    7.5000   22.500015558.2500   26.3684
    7.5000    7.5000   22.500014544.2246   26.4491
   -7.5000   15.0000   22.500014750.4531   26.3744
    0.0000   15.0000   22.500015210.3730   26.4611
    7.5000   15.0000   22.500014144.8545   26.5483
   -7.5000   22.5000   22.500014261.3232   26.2923
    0.0000   22.5000   22.500014740.8242   26.3930
    7.5000   22.5000   22.500013686.7812   26.4782
   -7.5000   30.0000   22.500013806.5918   25.8242
    0.0000   30.0000   22.500014288.5605   25.9309
    7.5000   30.0000   22.500013268.3740   26.0082
   -7.5000   37.5000   22.500013176.8564   25.7527
    0.0000   37.5000   22.500013621.7959   25.8493
    7.5000   37.5000   22.500012672.3799   25.9205
   -7.5000   45.0000   22.500012072.8135   25.2033
    0.0000   45.0000   22.500012472.0000   25.2828
    7.5000   45.0000   22.500011622.5840   25.3527
   -7.5000  -45.0000   30.0000 8471.7295   26.7318
    0.0000  -45.0000   30.0000 8836.0117   26.8217
    7.5000  -45.0000   30.0000 8377.2627   26.9041
   -7.5000  -37.5000   30.0000 9181.9912   26.4760
    0.0000  -37.5000   30.0000 9571.4316   26.5540
    7.5000  -37.5000   30.0000 9070.4639   26.6414
   -7.5000  -30.0000   30.000010237.9092   26.3703
    0.0000  -30.0000   30.000010640.3252   26.4497
    7.5000  -30.0000   30.000010098.8906   26.5430
   -7.5000  -22.5000   30.000011288.8633   26.2650
    0.0000  -22.5000   30.000011740.0156   26.3563
    7.5000  -22.5000   30.000011136.9189   26.4486
   -7.5000  -15.0000   30.000012340.8408   26.1205
    0.0000  -15.0000   30.000012841.3730   26.2228
    7.5000  -15.0000   30.000012158.6953   26.3091
   -7.5000   -7.5000   30.000013427.0605   26.0386
    0.0000   -7.5000   30.000013965.3633   26.1367
    7.5000   -7.5000   30.000013155.1201   26.2163
   -7.5000    0.0000   30.000014353.3105   26.0884
    0.0000    0.0000   30.000014884.2715   26.1729
    7.5000    0.0000   30.000013960.4619   26.2512
   -7.5000    7.5000   30.000014184.5625   26.2345
    0.0000    7.5000   30.000014645.4717   26.3110
    7.5000    7.5000   30.000013697.9346   26.3966
   -7.5000   15.0000   30.000013849.7510   26.3292
    0.0000   15.0000   30.000014289.4561   26.4084
    7.5000   15.0000   30.000013344.5391   26.5013
   -7.5000   22.5000   30.000013381.4004   26.2529
    0.0000   22.5000   30.000013812.0137   26.3441
    7.5000   22.5000   30.000012927.9795   26.4364
   -7.5000   30.0000   30.000012936.3730   25.7824
    0.0000   30.0000   30.000013380.3174   25.8834
    7.5000   30.0000   30.000012543.0938   25.9686
   -7.5000   37.5000   30.000012312.8740   25.7016
    0.0000   37.5000   30.000012739.0645   25.7984
    7.5000   37.5000   30.000011938.6182   25.8770
   -7.5000   45.0000   30.000011300.1357   25.1462
    0.0000   45.0000   30.000011682.6777   25.2276
    7.5000   45.0000   30.000010931.6143   25.3031
   -7.5000  -45.0000   37.5000 8182.7441   26.8128
    0.0000  -45.0000   37.5000 8546.2803   26.9163
    7.5000  -45.0000   37.5000 8100.3213   27.0184
   -7.5000  -37.5000   37.5000 8862.1260   26.5566
    0.0000  -37.5000   37.5000 9262.2217   26.6529
    7.5000  -37.5000   37.5000 8752.6162   26.7556
   -7.5000  -30.0000   37.5000 9914.0293   26.4607
    0.0000  -30.0000   37.500010341.7764   26.5566
    7.5000  -30.0000   37.5000 9772.3525   26.6631
   -7.5000  -22.5000   37.500010969.3701   26.3651
    0.0000  -22.5000   37.500011416.4014   26.4657
    7.5000  -22.5000   37.500010810.4873   26.5736
   -7.5000  -15.0000   37.500012015.9375   26.2210
    0.0000  -15.0000   37.500012474.0742   26.3279
    7.5000  -15.0000   37.500011830.7510   26.4338
   -7.5000   -7.5000   37.500012984.2598   26.1272
    0.0000   -7.5000   37.500013439.0068   26.2320
    7.5000   -7.5000   37.500012795.0732   26.3324
   -7.5000    0.0000   37.500013790.3818   26.1656
    0.0000    0.0000   37.500014258.4521   26.2632
    7.5000    0.0000   37.500013607.2441   26.3599
   -7.5000    7.5000   37.500013525.2910   26.3134
    0.0000    7.5000   37.500013975.4062   26.4079
    7.5000    7.5000   37.500013346.6543   26.5086
   -7.5000   15.0000   37.500013209.0107   26.4192
    0.0000   15.0000   37.500013643.7988   26.5147
    7.5000   15.0000   37.500012985.6562   26.6208
   -7.5000   22.5000   37.500012805.3506   26.3529
    0.0000   22.5000   37.500013254.7344   26.4535
    7.5000   22.5000   37.500012559.7832   26.5613
   -7.5000   30.0000   37.500012430.9795   25.8816
    0.0000   30.0000   37.500012867.9131   25.9871
    7.5000   30.0000   37.500012181.4766   26.0917
   -7.5000   37.5000   37.500011874.1885   25.7890
    0.0000   37.5000   37.500012256.3711   25.8926
    7.5000   37.5000   37.500011597.2041   25.9916
   -7.5000   45.0000   37.500010931.1006   25.2207
    0.0000   45.0000   37.500011289.4209   25.3147
    7.5000   45.0000   37.500010628.5869   25.4079
   -7.5000  -45.0000   45.0000 7559.1499   26.9481
    0.0000  -45.0000   45.0000 7893.0127   27.0624
    7.5000  -45.0000   45.0000 7505.4287   27.1771
   -7.5000  -37.5000   45.0000 8172.8848   26.6821
    0.0000  -37.5000   45.0000 8553.0996   26.7985
    7.5000  -37.5000   45.0000 8104.6689   26.9116
   -7.5000  -30.0000   45.0000 9130.3643   26.5815
    0.0000  -30.0000   45.0000 9546.0693   26.7026
    7.5000  -30.0000   45.0000 9036.0078   26.8176
   -7.5000  -22.5000   45.000010079.2578   26.4885
    0.0000  -22.5000   45.000010509.3975   26.6097
    7.5000  -22.5000   45.0000 9970.4219   26.7265
   -7.5000  -15.0000   45.000011030.4844   26.3481
    0.0000  -15.0000   45.000011437.1797   26.4671
    7.5000  -15.0000   45.000010909.0664   26.5842
   -7.5000   -7.5000   45.000011917.1172   26.2542
    0.0000   -7.5000   45.000012314.9639   26.3662
    7.5000   -7.5000   45.000011783.7266   26.4790
   -7.5000    0.0000   45.000012611.9541   26.2900
    0.0000    0.0000   45.000013055.1660   26.3980
    7.5000    0.0000   45.000012524.2119   26.5068
   -7.5000    7.5000   45.000012338.2236   26.4348
    0.0000    7.5000   45.000012771.3428   26.5491
    7.5000    7.5000   45.000012289.9189   26.6600
   -7.5000   15.0000   45.000012005.3428   26.5394
    0.0000   15.0000   45.000012423.4883   26.6600
    7.5000   15.0000   45.000011921.3164   26.7746
   -7.5000   22.5000   45.000011685.4785   26.4762
    0.0000   22.5000   45.000012122.3867   26.5973
    7.5000   22.5000   45.000011567.4766   26.7141
   -7.5000   30.0000   45.000011379.8125   26.0049
    0.0000   30.0000   45.000011803.7568   26.1223
    7.5000   30.0000   45.000011241.0039   26.2379
   -7.5000   37.5000   45.000010901.1348   25.9122
    0.0000   37.5000   45.000011262.6748   26.0227
    7.5000   37.5000   45.000010698.0479   26.1340
   -7.5000   45.0000   45.000010058.0371   25.3520
    0.0000   45.0000   45.000010379.9453   25.4562
    7.5000   45.0000   45.0000 9824.2822   25.5610

---------------------------------------------------------------------
imgreg_4dfp /opt/freesurfer/average/711-2C_as_mni_average_305 /opt/freesurfer/average/711-2B_as_mni_average_305_mask talsrcimg_g11 none talsrcimg_to_711-2C_as_mni_average_305_t4 4355
---------------------------------------------------------------------

freesurfer imgreg_4dfp.c
/opt/freesurfer/average/711-2C_as_mni_average_305.4dfp.img
       256       256       256         1
  1.000000  1.000000  1.000000
orientation T byte_order littleendian
Reading image: /opt/freesurfer/average/711-2C_as_mni_average_305.4dfp.img
dimensions:      256       256       256
mmppix:       1.0000   -1.0000   -1.0000
center:     128.0000 -129.0000 -129.0000
/opt/freesurfer/average/711-2B_as_mni_average_305_mask.4dfp.img
       256       256       256         1
  1.000000  1.000000  1.000000
orientation T byte_order littleendian
Reading mask: /opt/freesurfer/average/711-2B_as_mni_average_305_mask.4dfp.img (2306576 pixels)
talsrcimg_g11.4dfp.img
       256       256       256         1
  1.000000  1.000000  1.000000
orientation T byte_order littleendian
Reading image: talsrcimg_g11.4dfp.img
dimensions:      256       256       256
mmppix:       1.0000   -1.0000   -1.0000
center:     128.0000 -129.0000 -129.0000
rotation matrix determinant  1.000000
image alignment mode   4355 decimal     1103 hex
   -7.5000  -45.0000  -45.0000 1725.8436   39.3086
    0.0000  -45.0000  -45.0000 1727.6902   39.2463
    7.5000  -45.0000  -45.0000 1709.5756   39.5421
   -7.5000  -37.5000  -45.0000 1827.5919   35.0529
    0.0000  -37.5000  -45.0000 1832.8752   35.1601
    7.5000  -37.5000  -45.0000 1822.7286   35.4688
   -7.5000  -30.0000  -45.0000 1928.4369   31.4718
    0.0000  -30.0000  -45.0000 1927.1530   31.6569
    7.5000  -30.0000  -45.0000 1919.5226   32.0518
   -7.5000  -22.5000  -45.0000 2025.1790   28.5642
    0.0000  -22.5000  -45.0000 2018.9447   28.7201
    7.5000  -22.5000  -45.0000 2006.4196   28.9787
   -7.5000  -15.0000  -45.0000 2128.0964   26.5064
    0.0000  -15.0000  -45.0000 2122.4424   26.5990
    7.5000  -15.0000  -45.0000 2102.0786   26.8529
   -7.5000   -7.5000  -45.0000 2188.1565   25.4361
    0.0000   -7.5000  -45.0000 2188.3174   25.4946
    7.5000   -7.5000  -45.0000 2165.8418   25.7335
   -7.5000    0.0000  -45.0000 2211.4866   24.8914
    0.0000    0.0000  -45.0000 2211.6626   24.9714
    7.5000    0.0000  -45.0000 2186.9316   25.2834
   -7.5000    7.5000  -45.0000 2211.1167   24.5782
    0.0000    7.5000  -45.0000 2208.3894   24.6928
    7.5000    7.5000  -45.0000 2187.9248   25.0603
   -7.5000   15.0000  -45.0000 2210.3127   24.6640
    0.0000   15.0000  -45.0000 2209.6890   24.7528
    7.5000   15.0000  -45.0000 2185.2437   25.2036
   -7.5000   22.5000  -45.0000 2191.6084   25.4979
    0.0000   22.5000  -45.0000 2188.3291   25.6123
    7.5000   22.5000  -45.0000 2163.1428   26.0403
   -7.5000   30.0000  -45.0000 2152.2373   26.7954
    0.0000   30.0000  -45.0000 2146.9048   26.8581
    7.5000   30.0000  -45.0000 2123.5461   27.3274
   -7.5000   37.5000  -45.0000 2099.9512   28.5830
    0.0000   37.5000  -45.0000 2098.0269   28.6017
    7.5000   37.5000  -45.0000 2073.6340   29.1280
   -7.5000   45.0000  -45.0000 2030.1437   30.9562
    0.0000   45.0000  -45.0000 2027.7191   31.0136
    7.5000   45.0000  -45.0000 2002.0084   31.6079
   -7.5000  -45.0000  -37.5000 1802.4885   36.0788
    0.0000  -45.0000  -37.5000 1804.5333   36.2142
    7.5000  -45.0000  -37.5000 1788.2051   36.2799
   -7.5000  -37.5000  -37.5000 1908.9277   32.1604
    0.0000  -37.5000  -37.5000 1914.4274   32.3795
    7.5000  -37.5000  -37.5000 1902.8469   32.5551
   -7.5000  -30.0000  -37.5000 2018.8846   28.9797
    0.0000  -30.0000  -37.5000 2020.4307   29.1603
    7.5000  -30.0000  -37.5000 2002.5591   29.3586
   -7.5000  -22.5000  -37.5000 2121.7942   26.2775
    0.0000  -22.5000  -37.5000 2120.6067   26.4766
    7.5000  -22.5000  -37.5000 2102.8621   26.6663
   -7.5000  -15.0000  -37.5000 2235.5720   24.3993
    0.0000  -15.0000  -37.5000 2231.0349   24.5520
    7.5000  -15.0000  -37.5000 2208.3247   24.7530
   -7.5000   -7.5000  -37.5000 2294.8323   23.3569
    0.0000   -7.5000  -37.5000 2294.0500   23.4523
    7.5000   -7.5000  -37.5000 2267.7224   23.5968
   -7.5000    0.0000  -37.5000 2321.7219   22.8706
    0.0000    0.0000  -37.5000 2329.6392   22.9149
    7.5000    0.0000  -37.5000 2297.9536   23.1129
   -7.5000    7.5000  -37.5000 2319.2805   22.6650
    0.0000    7.5000  -37.5000 2323.0554   22.7272
    7.5000    7.5000  -37.5000 2295.0322   22.9791
   -7.5000   15.0000  -37.5000 2310.3975   22.7098
    0.0000   15.0000  -37.5000 2308.2578   22.8026
    7.5000   15.0000  -37.5000 2287.0149   23.1329
   -7.5000   22.5000  -37.5000 2289.8582   23.3636
    0.0000   22.5000  -37.5000 2284.5906   23.4660
    7.5000   22.5000  -37.5000 2261.4497   23.8197
   -7.5000   30.0000  -37.5000 2256.0879   24.4688
    0.0000   30.0000  -37.5000 2254.6396   24.5779
    7.5000   30.0000  -37.5000 2225.8899   24.9630
   -7.5000   37.5000  -37.5000 2202.1921   26.0663
    0.0000   37.5000  -37.5000 2205.1482   26.1774
    7.5000   37.5000  -37.5000 2178.6665   26.5976
   -7.5000   45.0000  -37.5000 2130.4717   28.3610
    0.0000   45.0000  -37.5000 2130.6086   28.4168
    7.5000   45.0000  -37.5000 2108.4783   28.9000
   -7.5000  -45.0000  -30.0000 1902.5978   34.2898
    0.0000  -45.0000  -30.0000 1908.5116   34.5152
    7.5000  -45.0000  -30.0000 1894.3448   34.5485
   -7.5000  -37.5000  -30.0000 2019.7159   30.6122
    0.0000  -37.5000  -30.0000 2022.6865   30.7216
    7.5000  -37.5000  -30.0000 2010.5981   30.8223
   -7.5000  -30.0000  -30.0000 2133.6616   27.6378
    0.0000  -30.0000  -30.0000 2131.9563   27.7285
    7.5000  -30.0000  -30.0000 2115.4451   27.8231
   -7.5000  -22.5000  -30.0000 2257.2473   25.0801
    0.0000  -22.5000  -30.0000 2249.5437   25.1573
    7.5000  -22.5000  -30.0000 2228.4224   25.3729
   -7.5000  -15.0000  -30.0000 2369.1990   23.2718
    0.0000  -15.0000  -30.0000 2364.4878   23.3415
    7.5000  -15.0000  -30.0000 2333.3774   23.5528
   -7.5000   -7.5000  -30.0000 2434.9797   22.2010
    0.0000   -7.5000  -30.0000 2432.8093   22.2675
    7.5000   -7.5000  -30.0000 2398.4409   22.4935
   -7.5000    0.0000  -30.0000 2469.0437   21.7174
    0.0000    0.0000  -30.0000 2472.4932   21.7295
    7.5000    0.0000  -30.0000 2433.2966   21.9928
   -7.5000    7.5000  -30.0000 2475.9438   21.5722
    0.0000    7.5000  -30.0000 2480.2715   21.6242
    7.5000    7.5000  -30.0000 2444.1663   21.8582
   -7.5000   15.0000  -30.0000 2465.3208   21.7136
    0.0000   15.0000  -30.0000 2464.2449   21.7542
    7.5000   15.0000  -30.0000 2434.3594   21.9501
   -7.5000   22.5000  -30.0000 2440.6890   22.2078
    0.0000   22.5000  -30.0000 2440.1372   22.3023
    7.5000   22.5000  -30.0000 2410.8804   22.5581
   -7.5000   30.0000  -30.0000 2404.0122   23.2197
    0.0000   30.0000  -30.0000 2403.4104   23.2801
    7.5000   30.0000  -30.0000 2374.8564   23.6423
   -7.5000   37.5000  -30.0000 2350.8396   24.7107
    0.0000   37.5000  -30.0000 2348.5005   24.7627
    7.5000   37.5000  -30.0000 2321.7693   25.1953
   -7.5000   45.0000  -30.0000 2271.0598   26.8995
    0.0000   45.0000  -30.0000 2272.1934   26.9200
    7.5000   45.0000  -30.0000 2240.0015   27.3220
   -7.5000  -45.0000  -22.5000 1980.8806   32.3217
    0.0000  -45.0000  -22.5000 1982.6451   32.4041
    7.5000  -45.0000  -22.5000 1969.6655   32.6421
   -7.5000  -37.5000  -22.5000 2105.0410   28.8366
    0.0000  -37.5000  -22.5000 2103.3601   28.8105
    7.5000  -37.5000  -22.5000 2087.4666   28.9986
   -7.5000  -30.0000  -22.5000 2221.8230   25.9801
    0.0000  -30.0000  -22.5000 2219.5415   25.9586
    7.5000  -30.0000  -22.5000 2198.1016   26.1939
   -7.5000  -22.5000  -22.5000 2352.1304   23.6976
    0.0000  -22.5000  -22.5000 2348.6890   23.7279
    7.5000  -22.5000  -22.5000 2316.9641   23.8853
   -7.5000  -15.0000  -22.5000 2471.2053   21.9748
    0.0000  -15.0000  -22.5000 2464.8164   21.9660
    7.5000  -15.0000  -22.5000 2428.9570   22.1696
   -7.5000   -7.5000  -22.5000 2543.1924   20.8853
    0.0000   -7.5000  -22.5000 2539.8457   20.9201
    7.5000   -7.5000  -22.5000 2506.5581   21.1404
   -7.5000    0.0000  -22.5000 2587.9441   20.4159
    0.0000    0.0000  -22.5000 2585.8657   20.4401
    7.5000    0.0000  -22.5000 2549.5022   20.6708
   -7.5000    7.5000  -22.5000 2609.8481   20.2844
    0.0000    7.5000  -22.5000 2606.9946   20.2883
    7.5000    7.5000  -22.5000 2568.2146   20.5506
   -7.5000   15.0000  -22.5000 2608.2209   20.4327
    0.0000   15.0000  -22.5000 2599.7661   20.3971
    7.5000   15.0000  -22.5000 2570.3984   20.6876
   -7.5000   22.5000  -22.5000 2583.1440   20.9784
    0.0000   22.5000  -22.5000 2580.4299   20.9479
    7.5000   22.5000  -22.5000 2548.6150   21.2318
   -7.5000   30.0000  -22.5000 2540.9792   21.9018
    0.0000   30.0000  -22.5000 2540.8406   21.9650
    7.5000   30.0000  -22.5000 2501.5129   22.2571
   -7.5000   37.5000  -22.5000 2477.9695   23.3151
    0.0000   37.5000  -22.5000 2478.6633   23.3930
    7.5000   37.5000  -22.5000 2437.9502   23.6895
   -7.5000   45.0000  -22.5000 2388.6362   25.2915
    0.0000   45.0000  -22.5000 2391.0779   25.3480
    7.5000   45.0000  -22.5000 2351.4910   25.7068
   -7.5000  -45.0000  -15.0000 2026.2506   30.6390
    0.0000  -45.0000  -15.0000 2026.9896   30.4802
    7.5000  -45.0000  -15.0000 2009.3345   30.9388
   -7.5000  -37.5000  -15.0000 2154.1077   27.2896
    0.0000  -37.5000  -15.0000 2153.0330   27.1604
    7.5000  -37.5000  -15.0000 2132.6045   27.5886
   -7.5000  -30.0000  -15.0000 2283.0244   24.5431
    0.0000  -30.0000  -15.0000 2278.1492   24.5068
    7.5000  -30.0000  -15.0000 2252.7456   24.8618
   -7.5000  -22.5000  -15.0000 2421.3545   22.3134
    0.0000  -22.5000  -15.0000 2413.3147   22.3216
    7.5000  -22.5000  -15.0000 2377.3386   22.5569
   -7.5000  -15.0000  -15.0000 2548.9824   20.7081
    0.0000  -15.0000  -15.0000 2540.7341   20.7020
    7.5000  -15.0000  -15.0000 2497.6018   20.9329
   -7.5000   -7.5000  -15.0000 2625.7566   19.6711
    0.0000   -7.5000  -15.0000 2619.7070   19.6692
    7.5000   -7.5000  -15.0000 2586.2505   19.8913
   -7.5000    0.0000  -15.0000 2674.1218   19.2154
    0.0000    0.0000  -15.0000 2669.4048   19.1667
    7.5000    0.0000  -15.0000 2639.8125   19.4248
   -7.5000    7.5000  -15.0000 2708.5806   19.0733
    0.0000    7.5000  -15.0000 2705.2654   19.0762
    7.5000    7.5000  -15.0000 2668.8542   19.3622
   -7.5000   15.0000  -15.0000 2711.0803   19.1539
    0.0000   15.0000  -15.0000 2705.0154   19.1684
    7.5000   15.0000  -15.0000 2672.3035   19.4541
   -7.5000   22.5000  -15.0000 2693.7803   19.6490
    0.0000   22.5000  -15.0000 2691.7656   19.6758
    7.5000   22.5000  -15.0000 2651.0146   19.9531
   -7.5000   30.0000  -15.0000 2648.5591   20.5863
    0.0000   30.0000  -15.0000 2648.7322   20.5957
    7.5000   30.0000  -15.0000 2604.3501   20.9225
   -7.5000   37.5000  -15.0000 2573.9590   21.9955
    0.0000   37.5000  -15.0000 2572.4094   22.0142
    7.5000   37.5000  -15.0000 2530.8511   22.3471
   -7.5000   45.0000  -15.0000 2480.2849   23.7920
    0.0000   45.0000  -15.0000 2476.3938   23.8120
    7.5000   45.0000  -15.0000 2438.1165   24.2030
   -7.5000  -45.0000   -7.5000 2065.3267   29.2276
    0.0000  -45.0000   -7.5000 2062.5298   29.1271
    7.5000  -45.0000   -7.5000 2050.2468   29.5835
   -7.5000  -37.5000   -7.5000 2201.9041   26.1113
    0.0000  -37.5000   -7.5000 2200.2888   25.9591
    7.5000  -37.5000   -7.5000 2181.8196   26.4065
   -7.5000  -30.0000   -7.5000 2333.3369   23.4967
    0.0000  -30.0000   -7.5000 2330.2698   23.3727
    7.5000  -30.0000   -7.5000 2307.6587   23.8330
   -7.5000  -22.5000   -7.5000 2471.7263   21.2988
    0.0000  -22.5000   -7.5000 2465.5850   21.2865
    7.5000  -22.5000   -7.5000 2434.9641   21.6417
   -7.5000  -15.0000   -7.5000 2604.7451   19.6804
    0.0000  -15.0000   -7.5000 2599.1104   19.6639
    7.5000  -15.0000   -7.5000 2565.6653   19.9470
   -7.5000   -7.5000   -7.5000 2700.2434   18.6778
    0.0000   -7.5000   -7.5000 2694.1355   18.6239
    7.5000   -7.5000   -7.5000 2661.3796   18.8635
   -7.5000    0.0000   -7.5000 2756.1743   18.1536
    0.0000    0.0000   -7.5000 2750.7324   18.1243
    7.5000    0.0000   -7.5000 2718.0217   18.3544
   -7.5000    7.5000   -7.5000 2791.7117   18.0255
    0.0000    7.5000   -7.5000 2788.7007   18.0348
    7.5000    7.5000   -7.5000 2752.7451   18.2626
   -7.5000   15.0000   -7.5000 2797.0930   18.0726
    0.0000   15.0000   -7.5000 2792.3616   18.1017
    7.5000   15.0000   -7.5000 2754.6768   18.3576
   -7.5000   22.5000   -7.5000 2783.1040   18.4688
    0.0000   22.5000   -7.5000 2779.4724   18.4949
    7.5000   22.5000   -7.5000 2738.3625   18.7970
   -7.5000   30.0000   -7.5000 2735.2603   19.4006
    0.0000   30.0000   -7.5000 2731.3159   19.3685
    7.5000   30.0000   -7.5000 2689.9434   19.7378
   -7.5000   37.5000   -7.5000 2652.1418   20.7203
    0.0000   37.5000   -7.5000 2646.8464   20.7105
    7.5000   37.5000   -7.5000 2611.5242   21.0965
   -7.5000   45.0000   -7.5000 2545.7600   22.4429
    0.0000   45.0000   -7.5000 2542.7202   22.4789
    7.5000   45.0000   -7.5000 2508.0791   22.8778
   -7.5000  -45.0000    0.0000 2098.6064   28.3870
    0.0000  -45.0000    0.0000 2093.8582   28.1712
    7.5000  -45.0000    0.0000 2086.4136   28.8019
   -7.5000  -37.5000    0.0000 2236.8347   25.3123
    0.0000  -37.5000    0.0000 2232.8572   25.0849
    7.5000  -37.5000    0.0000 2222.0896   25.6393
   -7.5000  -30.0000    0.0000 2366.9351   22.7404
    0.0000  -30.0000    0.0000 2365.8359   22.5669
    7.5000  -30.0000    0.0000 2351.6418   23.0608
   -7.5000  -22.5000    0.0000 2502.3208   20.5914
    0.0000  -22.5000    0.0000 2502.8330   20.5000
    7.5000  -22.5000    0.0000 2479.7891   20.9413
   -7.5000  -15.0000    0.0000 2633.3394   18.9810
    0.0000  -15.0000    0.0000 2638.0308   18.9442
    7.5000  -15.0000    0.0000 2609.7656   19.3028
   -7.5000   -7.5000    0.0000 2746.7073   17.9663
    0.0000   -7.5000    0.0000 2749.7070   17.9502
    7.5000   -7.5000    0.0000 2712.3311   18.2002
   -7.5000    0.0000    0.0000 2826.7490   17.4385
    0.0000    0.0000    0.0000 2826.1895   17.3740
    7.5000    0.0000    0.0000 2777.5510   17.6325
   -7.5000    7.5000    0.0000 2866.5547   17.2398
    0.0000    7.5000    0.0000 2867.5874   17.2288
    7.5000    7.5000    0.0000 2814.5510   17.4877
   -7.5000   15.0000    0.0000 2875.5278   17.2733
    0.0000   15.0000    0.0000 2880.5125   17.2762
    7.5000   15.0000    0.0000 2821.6216   17.5680
   -7.5000   22.5000    0.0000 2862.8245   17.6012
    0.0000   22.5000    0.0000 2860.5911   17.5779
    7.5000   22.5000    0.0000 2814.6641   17.9580
   -7.5000   30.0000    0.0000 2802.8313   18.4163
    0.0000   30.0000    0.0000 2798.8760   18.4149
    7.5000   30.0000    0.0000 2765.3652   18.8428
   -7.5000   37.5000    0.0000 2702.3381   19.7363
    0.0000   37.5000    0.0000 2705.0762   19.7227
    7.5000   37.5000    0.0000 2676.4563   20.2173
   -7.5000   45.0000    0.0000 2586.3618   21.4941
    0.0000   45.0000    0.0000 2590.0286   21.5117
    7.5000   45.0000    0.0000 2560.9285   22.0691
   -7.5000  -45.0000    7.5000 2117.6260   27.8017
    0.0000  -45.0000    7.5000 2123.0315   27.6595
    7.5000  -45.0000    7.5000 2109.0442   28.2986
   -7.5000  -37.5000    7.5000 2255.8586   24.7927
    0.0000  -37.5000    7.5000 2256.0200   24.4944
    7.5000  -37.5000    7.5000 2248.3735   25.2135
   -7.5000  -30.0000    7.5000 2391.4868   22.2591
    0.0000  -30.0000    7.5000 2381.6846   22.0330
    7.5000  -30.0000    7.5000 2383.5376   22.7600
   -7.5000  -22.5000    7.5000 2526.4539   20.1643
    0.0000  -22.5000    7.5000 2519.1262   20.0134
    7.5000  -22.5000    7.5000 2513.5381   20.6477
   -7.5000  -15.0000    7.5000 2655.2593   18.5538
    0.0000  -15.0000    7.5000 2658.3250   18.4746
    7.5000  -15.0000    7.5000 2639.3108   18.9791
   -7.5000   -7.5000    7.5000 2772.5317   17.5523
    0.0000   -7.5000    7.5000 2780.8076   17.4605
    7.5000   -7.5000    7.5000 2743.6765   17.8111
   -7.5000    0.0000    7.5000 2870.8623   17.0363
    0.0000    0.0000    7.5000 2874.7563   16.9517
    7.5000    0.0000    7.5000 2817.5984   17.1672
   -7.5000    7.5000    7.5000 2921.9216   16.6842
    0.0000    7.5000    7.5000 2935.1001   16.6767
    7.5000    7.5000    7.5000 2859.4731   16.9422
   -7.5000   15.0000    7.5000 2939.5461   16.6216
    0.0000   15.0000    7.5000 2953.7483   16.6470
    7.5000   15.0000    7.5000 2871.7402   17.0027
   -7.5000   22.5000    7.5000 2914.7468   16.9707
    0.0000   22.5000    7.5000 2925.9602   17.0074
    7.5000   22.5000    7.5000 2867.4832   17.4817
   -7.5000   30.0000    7.5000 2843.0823   17.7768
    0.0000   30.0000    7.5000 2851.1384   17.8207
    7.5000   30.0000    7.5000 2806.9580   18.3604
   -7.5000   37.5000    7.5000 2739.7295   19.0988
    0.0000   37.5000    7.5000 2753.6604   19.1790
    7.5000   37.5000    7.5000 2716.8450   19.7392
   -7.5000   45.0000    7.5000 2618.2578   20.9110
    0.0000   45.0000    7.5000 2631.5283   21.0433
    7.5000   45.0000    7.5000 2594.7625   21.5827
   -7.5000  -45.0000   15.0000 2121.5635   27.6504
    0.0000  -45.0000   15.0000 2128.3672   27.4090
    7.5000  -45.0000   15.0000 2114.0393   28.2032
   -7.5000  -37.5000   15.0000 2266.6050   24.5463
    0.0000  -37.5000   15.0000 2262.9780   24.2676
    7.5000  -37.5000   15.0000 2261.2312   25.0905
   -7.5000  -30.0000   15.0000 2395.2361   22.0370
    0.0000  -30.0000   15.0000 2389.6677   21.7865
    7.5000  -30.0000   15.0000 2389.8677   22.5838
   -7.5000  -22.5000   15.0000 2526.5547   19.9849
    0.0000  -22.5000   15.0000 2524.9639   19.7763
    7.5000  -22.5000   15.0000 2516.6045   20.4661
   -7.5000  -15.0000   15.0000 2663.6226   18.4317
    0.0000  -15.0000   15.0000 2654.5322   18.2563
    7.5000  -15.0000   15.0000 2640.6045   18.8489
   -7.5000   -7.5000   15.0000 2779.9006   17.3618
    0.0000   -7.5000   15.0000 2776.5181   17.2193
    7.5000   -7.5000   15.0000 2749.0581   17.6753
   -7.5000    0.0000   15.0000 2870.5925   16.7937
    0.0000    0.0000   15.0000 2874.3081   16.6650
    7.5000    0.0000   15.0000 2824.9463   16.9122
   -7.5000    7.5000   15.0000 2933.0161   16.4390
    0.0000    7.5000   15.0000 2950.5388   16.3461
    7.5000    7.5000   15.0000 2869.9534   16.6197
   -7.5000   15.0000   15.0000 2962.0488   16.2627
    0.0000   15.0000   15.0000 2978.7566   16.3394
    7.5000   15.0000   15.0000 2892.3635   16.8375
   -7.5000   22.5000   15.0000 2941.2642   16.6867
    0.0000   22.5000   15.0000 2950.1123   16.8428
    7.5000   22.5000   15.0000 2887.1946   17.3723
   -7.5000   30.0000   15.0000 2859.8125   17.6385
    0.0000   30.0000   15.0000 2872.3804   17.7565
    7.5000   30.0000   15.0000 2821.9873   18.2525
   -7.5000   37.5000   15.0000 2758.9299   18.9916
    0.0000   37.5000   15.0000 2766.5974   19.0470
    7.5000   37.5000   15.0000 2721.4702   19.5503
   -7.5000   45.0000   15.0000 2631.2795   20.8131
    0.0000   45.0000   15.0000 2636.7424   20.7995
    7.5000   45.0000   15.0000 2602.4160   21.2901
   -7.5000  -45.0000   22.5000 2109.2380   27.7061
    0.0000  -45.0000   22.5000 2114.3777   27.5522
    7.5000  -45.0000   22.5000 2101.2949   28.2103
   -7.5000  -37.5000   22.5000 2258.0256   24.5915
    0.0000  -37.5000   22.5000 2258.8154   24.4489
    7.5000  -37.5000   22.5000 2247.4546   25.1256
   -7.5000  -30.0000   22.5000 2390.0461   22.1386
    0.0000  -30.0000   22.5000 2391.1572   21.9612
    7.5000  -30.0000   22.5000 2377.7314   22.6633
   -7.5000  -22.5000   22.5000 2521.5264   20.0743
    0.0000  -22.5000   22.5000 2518.3765   19.8914
    7.5000  -22.5000   22.5000 2508.4478   20.5785
   -7.5000  -15.0000   22.5000 2653.2214   18.4990
    0.0000  -15.0000   22.5000 2640.5703   18.3102
    7.5000  -15.0000   22.5000 2637.6489   18.9686
   -7.5000   -7.5000   22.5000 2770.3130   17.4205
    0.0000   -7.5000   22.5000 2760.1472   17.2058
    7.5000   -7.5000   22.5000 2748.5322   17.7713
   -7.5000    0.0000   22.5000 2852.8640   16.7942
    0.0000    0.0000   22.5000 2847.0630   16.6594
    7.5000    0.0000   22.5000 2819.4204   17.0018
   -7.5000    7.5000   22.5000 2913.7571   16.4657
    0.0000    7.5000   22.5000 2920.0359   16.3939
    7.5000    7.5000   22.5000 2859.7925   16.6654
   -7.5000   15.0000   22.5000 2952.8450   16.5366
    0.0000   15.0000   22.5000 2966.7568   16.5795
    7.5000   15.0000   22.5000 2878.4551   16.8641
   -7.5000   22.5000   22.5000 2929.1475   17.0750
    0.0000   22.5000   22.5000 2935.8660   17.1827
    7.5000   22.5000   22.5000 2857.8870   17.4697
   -7.5000   30.0000   22.5000 2852.6899   17.9793
    0.0000   30.0000   22.5000 2855.4128   18.0320
    7.5000   30.0000   22.5000 2800.2546   18.3798
   -7.5000   37.5000   22.5000 2740.2178   19.1732
    0.0000   37.5000   22.5000 2746.8938   19.2186
    7.5000   37.5000   22.5000 2705.7104   19.6616
   -7.5000   45.0000   22.5000 2612.4397   20.8545
    0.0000   45.0000   22.5000 2620.2646   20.8703
    7.5000   45.0000   22.5000 2588.5276   21.3486
   -7.5000  -45.0000   30.0000 2077.2903   28.2845
    0.0000  -45.0000   30.0000 2084.9409   28.0772
    7.5000  -45.0000   30.0000 2084.0652   28.8626
   -7.5000  -37.5000   30.0000 2231.2188   25.0642
    0.0000  -37.5000   30.0000 2238.9988   24.8903
    7.5000  -37.5000   30.0000 2233.8188   25.6400
   -7.5000  -30.0000   30.0000 2372.4604   22.5318
    0.0000  -30.0000   30.0000 2375.3672   22.3653
    7.5000  -30.0000   30.0000 2366.7751   23.0819
   -7.5000  -22.5000   30.0000 2502.0356   20.4365
    0.0000  -22.5000   30.0000 2501.7786   20.3161
    7.5000  -22.5000   30.0000 2491.8010   20.9369
   -7.5000  -15.0000   30.0000 2627.6262   18.9232
    0.0000  -15.0000   30.0000 2618.7710   18.8071
    7.5000  -15.0000   30.0000 2609.2488   19.3309
   -7.5000   -7.5000   30.0000 2744.6880   17.8761
    0.0000   -7.5000   30.0000 2736.9722   17.7422
    7.5000   -7.5000   30.0000 2718.2778   18.1556
   -7.5000    0.0000   30.0000 2822.9014   17.2314
    0.0000    0.0000   30.0000 2815.7371   17.1112
    7.5000    0.0000   30.0000 2786.6973   17.4458
   -7.5000    7.5000   30.0000 2872.0308   16.9473
    0.0000    7.5000   30.0000 2867.8606   16.8406
    7.5000    7.5000   30.0000 2817.4822   17.1784
   -7.5000   15.0000   30.0000 2893.5693   17.0450
    0.0000   15.0000   30.0000 2898.2234   17.0760
    7.5000   15.0000   30.0000 2830.1235   17.2979
   -7.5000   22.5000   30.0000 2864.4524   17.5396
    0.0000   22.5000   30.0000 2869.0137   17.5826
    7.5000   22.5000   30.0000 2804.2939   17.8576
   -7.5000   30.0000   30.0000 2795.6018   18.4585
    0.0000   30.0000   30.0000 2800.9829   18.4677
    7.5000   30.0000   30.0000 2749.1824   18.7958
   -7.5000   37.5000   30.0000 2693.0874   19.7394
    0.0000   37.5000   30.0000 2699.4382   19.7768
    7.5000   37.5000   30.0000 2662.3198   20.1223
   -7.5000   45.0000   30.0000 2577.4333   21.2947
    0.0000   45.0000   30.0000 2583.3938   21.3390
    7.5000   45.0000   30.0000 2551.2786   21.7625
   -7.5000  -45.0000   37.5000 2047.5195   29.2139
    0.0000  -45.0000   37.5000 2056.7942   29.1365
    7.5000  -45.0000   37.5000 2058.5535   29.7329
   -7.5000  -37.5000   37.5000 2197.4392   25.9764
    0.0000  -37.5000   37.5000 2212.8792   25.9119
    7.5000  -37.5000   37.5000 2206.6465   26.5324
   -7.5000  -30.0000   37.5000 2338.4490   23.4579
    0.0000  -30.0000   37.5000 2351.7258   23.3933
    7.5000  -30.0000   37.5000 2332.2009   24.0312
   -7.5000  -22.5000   37.5000 2469.5129   21.3839
    0.0000  -22.5000   37.5000 2474.4797   21.2972
    7.5000  -22.5000   37.5000 2457.1394   21.9269
   -7.5000  -15.0000   37.5000 2593.6306   19.8420
    0.0000  -15.0000   37.5000 2589.1384   19.6984
    7.5000  -15.0000   37.5000 2576.6140   20.3066
   -7.5000   -7.5000   37.5000 2699.8899   18.6496
    0.0000   -7.5000   37.5000 2692.7561   18.4697
    7.5000   -7.5000   37.5000 2679.9509   19.0236
   -7.5000    0.0000   37.5000 2775.2664   17.9245
    0.0000    0.0000   37.5000 2770.1948   17.7445
    7.5000    0.0000   37.5000 2751.0256   18.3081
   -7.5000    7.5000   37.5000 2813.4417   17.6457
    0.0000    7.5000   37.5000 2811.2239   17.5057
    7.5000    7.5000   37.5000 2780.2026   18.0436
   -7.5000   15.0000   37.5000 2819.9329   17.7285
    0.0000   15.0000   37.5000 2824.9128   17.6877
    7.5000   15.0000   37.5000 2778.8145   18.1186
   -7.5000   22.5000   37.5000 2785.0950   18.2308
    0.0000   22.5000   37.5000 2794.4556   18.2466
    7.5000   22.5000   37.5000 2746.2197   18.6053
   -7.5000   30.0000   37.5000 2723.6294   19.2191
    0.0000   30.0000   37.5000 2727.5620   19.2014
    7.5000   30.0000   37.5000 2689.6638   19.5641
   -7.5000   37.5000   37.5000 2633.3674   20.5279
    0.0000   37.5000   37.5000 2638.2700   20.5384
    7.5000   37.5000   37.5000 2610.8579   20.9192
   -7.5000   45.0000   37.5000 2522.9622   22.1641
    0.0000   45.0000   37.5000 2527.9370   22.2188
    7.5000   45.0000   37.5000 2499.1580   22.5573
   -7.5000  -45.0000   45.0000 2014.5537   30.5545
    0.0000  -45.0000   45.0000 2025.9698   30.5532
    7.5000  -45.0000   45.0000 2016.4183   31.0591
   -7.5000  -37.5000   45.0000 2156.8867   27.2583
    0.0000  -37.5000   45.0000 2179.3452   27.2535
    7.5000  -37.5000   45.0000 2161.8145   27.8013
   -7.5000  -30.0000   45.0000 2292.0706   24.7449
    0.0000  -30.0000   45.0000 2311.1760   24.7360
    7.5000  -30.0000   45.0000 2285.6179   25.2269
   -7.5000  -22.5000   45.0000 2414.5505   22.5564
    0.0000  -22.5000   45.0000 2428.5276   22.5558
    7.5000  -22.5000   45.0000 2404.9397   23.0781
   -7.5000  -15.0000   45.0000 2532.8533   20.8743
    0.0000  -15.0000   45.0000 2531.7683   20.8011
    7.5000  -15.0000   45.0000 2520.6582   21.3980
   -7.5000   -7.5000   45.0000 2633.7239   19.6021
    0.0000   -7.5000   45.0000 2628.5928   19.4287
    7.5000   -7.5000   45.0000 2616.4192   20.0593
   -7.5000    0.0000   45.0000 2700.5115   18.8414
    0.0000    0.0000   45.0000 2698.2393   18.6880
    7.5000    0.0000   45.0000 2684.1921   19.2955
   -7.5000    7.5000   45.0000 2731.5588   18.6022
    0.0000    7.5000   45.0000 2724.9792   18.4958
    7.5000    7.5000   45.0000 2713.1077   19.0494
   -7.5000   15.0000   45.0000 2730.4055   18.6659
    0.0000   15.0000   45.0000 2732.8452   18.6358
    7.5000   15.0000   45.0000 2705.6714   19.1601
   -7.5000   22.5000   45.0000 2699.2280   19.1603
    0.0000   22.5000   45.0000 2714.7371   19.1473
    7.5000   22.5000   45.0000 2675.3076   19.6585
   -7.5000   30.0000   45.0000 2638.8828   20.1890
    0.0000   30.0000   45.0000 2642.2075   20.1516
    7.5000   30.0000   45.0000 2617.8586   20.6380
   -7.5000   37.5000   45.0000 2559.4944   21.4582
    0.0000   37.5000   45.0000 2560.1362   21.4678
    7.5000   37.5000   45.0000 2535.3672   21.9250
   -7.5000   45.0000   45.0000 2455.6140   23.2291
    0.0000   45.0000   45.0000 2459.2063   23.2504
    7.5000   45.0000   45.0000 2433.7656   23.6752

---------------------------------------------------------------------
imgreg_4dfp /opt/freesurfer/average/711-2C_as_mni_average_305 /opt/freesurfer/average/711-2B_as_mni_average_305_mask talsrcimg_g11 none talsrcimg_to_711-2C_as_mni_average_305_t4 1283
---------------------------------------------------------------------

freesurfer imgreg_4dfp.c
/opt/freesurfer/average/711-2C_as_mni_average_305.4dfp.img
       256       256       256         1
  1.000000  1.000000  1.000000
orientation T byte_order littleendian
Reading image: /opt/freesurfer/average/711-2C_as_mni_average_305.4dfp.img
dimensions:      256       256       256
mmppix:       1.0000   -1.0000   -1.0000
center:     128.0000 -129.0000 -129.0000
/opt/freesurfer/average/711-2B_as_mni_average_305_mask.4dfp.img
       256       256       256         1
  1.000000  1.000000  1.000000
orientation T byte_order littleendian
Reading mask: /opt/freesurfer/average/711-2B_as_mni_average_305_mask.4dfp.img (2306576 pixels)
talsrcimg_g11.4dfp.img
       256       256       256         1
  1.000000  1.000000  1.000000
orientation T byte_order littleendian
Reading image: talsrcimg_g11.4dfp.img
dimensions:      256       256       256
mmppix:       1.0000   -1.0000   -1.0000
center:     128.0000 -129.0000 -129.0000
rotation matrix determinant  1.000000
fimgreg.f
image alignment mode   1283 decimal      503 hex
parameters
    0.0000   15.0000   15.0000    0.0000    0.0000    0.0000
eta,q 0.93693 16.27748
niter,ni,del,rscale     5    3   12.0000    1.2000
parameter  1  0.576119 ->  0.500000 qaram    1.1500
parameter  3 -1.175323 -> -0.500000 qaram    1.1500
parameter  4 -0.569139 -> -0.500000 qaram    1.1500
parameters
   -3.4500   15.5062   18.4500    3.4500   -0.9134    0.6231
eta,q 0.94660 16.18538
  0.0623  0.0700  0.0622  0.0711  0.0608  0.0604
  0.0591  0.0666  0.0610  0.0672  0.0573  0.0563
  0.0605  0.0621  0.0608  0.0611  0.0542  0.0538
  0.0632  0.0587  0.0585  0.0541  0.0532  0.0533
  0.0672  0.0617  0.0556  0.0523  0.0558  0.0537
  0.0734  0.0652  0.0545  0.0537  0.0611  0.0549
  0.0803  0.0667  0.0573  0.0550  0.0680  0.0576
niter,ni,del,rscale     7    3   12.0000    1.2000
parameters
   -2.8857   15.1864   18.4712    4.4421   -1.6367    0.5673
eta,q 0.94552 16.22210
  0.0814  0.0640  0.0616  0.0650  0.0611  0.0584
  0.0683  0.0556  0.0594  0.0580  0.0577  0.0554
  0.0581  0.0531  0.0569  0.0528  0.0555  0.0543
  0.0534  0.0538  0.0536  0.0536  0.0542  0.0545
  0.0582  0.0557  0.0526  0.0546  0.0556  0.0546
  0.0659  0.0591  0.0567  0.0558  0.0605  0.0556
  0.0718  0.0644  0.0646  0.0582  0.0661  0.0585
niter,ni,del,rscale     6    3   12.0000    1.2000
parameters
   -2.6310   14.7213   18.9456    4.9105   -2.0280    0.4242
eta,q 0.94578 16.27779
  0.0791  0.0629  0.0624  0.0624  0.0621  0.0579
  0.0665  0.0553  0.0604  0.0553  0.0580  0.0549
  0.0574  0.0538  0.0576  0.0525  0.0555  0.0538
  0.0545  0.0547  0.0545  0.0539  0.0541  0.0542
  0.0592  0.0561  0.0528  0.0544  0.0549  0.0545
  0.0672  0.0588  0.0558  0.0559  0.0594  0.0554
  0.0732  0.0643  0.0634  0.0583  0.0653  0.0579
niter,ni,del,rscale     5    3   12.0000    1.2000
parameters
   -2.5500   14.5700   19.0873    4.9681   -2.1461    0.3709
eta,q 0.94592 16.29089
  0.0785  0.0639  0.0625  0.0611  0.0630  0.0580
  0.0657  0.0560  0.0606  0.0542  0.0584  0.0548
  0.0568  0.0538  0.0572  0.0526  0.0556  0.0537
  0.0542  0.0543  0.0542  0.0540  0.0541  0.0541
  0.0591  0.0558  0.0532  0.0546  0.0545  0.0544
  0.0683  0.0584  0.0570  0.0560  0.0585  0.0553
  0.0745  0.0632  0.0649  0.0589  0.0645  0.0576
niter,ni,del,rscale     4    3   12.0000    1.2000
parameters
   -2.5169   14.5582   19.1282    4.9591   -2.1888    0.3432
eta,q 0.94593 16.29596
  0.0783  0.0645  0.0625  0.0609  0.0632  0.0580
  0.0655  0.0563  0.0606  0.0541  0.0585  0.0548
  0.0566  0.0538  0.0570  0.0527  0.0556  0.0536
  0.0541  0.0541  0.0541  0.0541  0.0541  0.0541
  0.0590  0.0556  0.0534  0.0546  0.0544  0.0544
  0.0685  0.0582  0.0574  0.0561  0.0583  0.0553
  0.0748  0.0627  0.0655  0.0590  0.0642  0.0575
registration optimization eta report
parameter search radius
    6.9000    6.0000    6.9000    6.9000    6.0000    6.0000
100000*second partial in parameter space
       45.       27.       21.       14.       27.       11.
  0.0783  0.0645  0.0625  0.0609  0.0632  0.0580
  0.0655  0.0563  0.0606  0.0541  0.0585  0.0548
  0.0566  0.0538  0.0570  0.0527  0.0556  0.0536
  0.0541  0.0541  0.0541  0.0541  0.0541  0.0541
  0.0590  0.0556  0.0534  0.0546  0.0544  0.0544
  0.0685  0.0582  0.0574  0.0561  0.0583  0.0553
  0.0748  0.0627  0.0655  0.0590  0.0642  0.0575
   -2.5169   14.5582   19.1282    4.9591   -2.1888    0.3432
eta,q 0.94593 16.29596

---------------------------------------------------------------------
imgreg_4dfp /opt/freesurfer/average/711-2C_as_mni_average_305 /opt/freesurfer/average/711-2B_as_mni_average_305_mask talsrcimg_g11 none talsrcimg_to_711-2C_as_mni_average_305_t4 3335
---------------------------------------------------------------------

freesurfer imgreg_4dfp.c
/opt/freesurfer/average/711-2C_as_mni_average_305.4dfp.img
       256       256       256         1
  1.000000  1.000000  1.000000
orientation T byte_order littleendian
Reading image: /opt/freesurfer/average/711-2C_as_mni_average_305.4dfp.img
dimensions:      256       256       256
mmppix:       1.0000   -1.0000   -1.0000
center:     128.0000 -129.0000 -129.0000
/opt/freesurfer/average/711-2B_as_mni_average_305_mask.4dfp.img
       256       256       256         1
  1.000000  1.000000  1.000000
orientation T byte_order littleendian
Reading mask: /opt/freesurfer/average/711-2B_as_mni_average_305_mask.4dfp.img (2306576 pixels)
talsrcimg_g11.4dfp.img
       256       256       256         1
  1.000000  1.000000  1.000000
orientation T byte_order littleendian
Reading image: talsrcimg_g11.4dfp.img
dimensions:      256       256       256
mmppix:       1.0000   -1.0000   -1.0000
center:     128.0000 -129.0000 -129.0000
fimgreg.f
image alignment mode   3335 decimal      D07 hex
parameters
   -2.5169   14.5582   19.1282   -0.0748   -0.3742   -0.4470
   -0.2665    3.8566    0.5985   -8.6216   -3.8192    8.6382
eta,q 0.94705 16.32645
niter,ni,del,rscale     5    3    5.0000    1.2000
parameter  4  0.847047 ->  0.500000 qaram    1.1500
parameter  5  3.126882 ->  0.500000 qaram    1.1500
parameter  6  1.082216 ->  0.500000 qaram    1.1500
parameters
   -2.4068   14.8686   18.9340   -4.2148   -4.5142   -4.5870
   -0.8062    3.4498   -2.0654   -7.9583   -3.7900    6.9022
eta,q 0.96128 16.17571
  0.0577  0.0550  0.0541  0.0490  0.0406  0.0391  0.0418  0.0444  0.0400  0.0444  0.0410  0.0400
  0.0553  0.0541  0.0535  0.0494  0.0430  0.0392  0.0404  0.0415  0.0391  0.0419  0.0398  0.0392
  0.0536  0.0534  0.0530  0.0505  0.0459  0.0403  0.0396  0.0398  0.0389  0.0399  0.0390  0.0388
  0.0529  0.0529  0.0529  0.0529  0.0496  0.0438  0.0393  0.0393  0.0393  0.0389  0.0388  0.0388
  0.0534  0.0529  0.0530  0.0574  0.0540  0.0490  0.0398  0.0402  0.0402  0.0389  0.0391  0.0394
  0.0548  0.0533  0.0536  0.0630  0.0581  0.0541  0.0410  0.0424  0.0416  0.0404  0.0398  0.0406
  0.0569  0.0543  0.0547  0.0691  0.0623  0.0585  0.0427  0.0458  0.0434  0.0430  0.0409  0.0424
niter,ni,del,rscale     7    3    5.0000    1.2000
parameter  2  0.522095 ->  0.500000 qaram    1.1500
parameter  3  0.939676 ->  0.500000 qaram    1.1500
parameter  5  1.447577 ->  0.500000 qaram    1.3225
parameters
   -2.6192   13.4886   17.5540   -5.3651   -9.2752   -7.7192
    0.5182    3.7815   -1.9927   -7.6508   -3.7966    6.0553
eta,q 0.96792 15.84121
  0.0413  0.0386  0.0361  0.0397  0.0305  0.0337  0.0355  0.0360  0.0344  0.0363  0.0332  0.0334
  0.0399  0.0380  0.0361  0.0381  0.0316  0.0328  0.0341  0.0340  0.0331  0.0341  0.0326  0.0327
  0.0390  0.0381  0.0367  0.0369  0.0337  0.0322  0.0329  0.0328  0.0324  0.0327  0.0322  0.0322
  0.0387  0.0387  0.0380  0.0362  0.0364  0.0321  0.0322  0.0321  0.0321  0.0321  0.0321  0.0321
  0.0393  0.0399  0.0397  0.0363  0.0405  0.0343  0.0322  0.0323  0.0324  0.0324  0.0322  0.0324
  0.0406  0.0418  0.0418  0.0389  0.0449  0.0397  0.0328  0.0333  0.0331  0.0335  0.0325  0.0332
  0.0426  0.0441  0.0443  0.0448  0.0494  0.0457  0.0338  0.0355  0.0342  0.0357  0.0332  0.0343
niter,ni,del,rscale     7    3    5.0000    1.2000
parameter  3  0.727724 ->  0.500000 qaram    1.3225
parameter  5  0.596048 ->  0.500000 qaram    1.5209
parameters
   -2.0975   12.8506   15.9670   -3.8874  -14.7503   -9.9067
    1.1934    4.1345   -1.3960   -6.8177   -4.3675    4.7981
eta,q 0.97147 15.52746
  0.0359  0.0337  0.0309  0.0350  0.0293  0.0300  0.0316  0.0324  0.0306  0.0323  0.0293  0.0295
  0.0342  0.0324  0.0307  0.0333  0.0285  0.0292  0.0302  0.0304  0.0296  0.0305  0.0288  0.0289
  0.0329  0.0318  0.0310  0.0318  0.0287  0.0288  0.0292  0.0292  0.0290  0.0293  0.0286  0.0286
  0.0321  0.0319  0.0318  0.0307  0.0303  0.0285  0.0287  0.0287  0.0287  0.0287  0.0286  0.0286
  0.0319  0.0328  0.0330  0.0300  0.0328  0.0287  0.0289  0.0289  0.0287  0.0287  0.0287  0.0289
  0.0325  0.0345  0.0348  0.0304  0.0369  0.0317  0.0295  0.0298  0.0292  0.0295  0.0290  0.0295
  0.0337  0.0369  0.0369  0.0335  0.0416  0.0368  0.0308  0.0319  0.0301  0.0310  0.0295  0.0305
niter,ni,del,rscale     7    3    5.0000    1.2000
parameters
   -1.9438   12.6383   15.1041   -3.1574  -16.2656  -11.0907
    1.1489    4.1403   -0.7863   -6.3092   -5.0093    4.6119
eta,q 0.97174 15.40110
  0.0316  0.0313  0.0296  0.0318  0.0317  0.0303  0.0306  0.0318  0.0299  0.0313  0.0289  0.0296
  0.0300  0.0297  0.0286  0.0304  0.0300  0.0292  0.0294  0.0298  0.0291  0.0298  0.0285  0.0289
  0.0290  0.0287  0.0283  0.0292  0.0287  0.0285  0.0286  0.0287  0.0286  0.0288  0.0283  0.0284
  0.0285  0.0285  0.0285  0.0283  0.0280  0.0282  0.0283  0.0283  0.0283  0.0283  0.0283  0.0283
  0.0287  0.0291  0.0292  0.0276  0.0290  0.0280  0.0286  0.0286  0.0284  0.0284  0.0284  0.0284
  0.0295  0.0304  0.0304  0.0285  0.0313  0.0296  0.0294  0.0297  0.0287  0.0292  0.0287  0.0289
  0.0310  0.0322  0.0320  0.0316  0.0355  0.0339  0.0308  0.0319  0.0295  0.0306  0.0292  0.0297
niter,ni,del,rscale     6    3    5.0000    1.2000
parameters
   -1.9444   12.7975   14.9116   -2.9432  -16.5171  -11.5102
    0.9869    4.2088   -0.4101   -5.9459   -5.2907    4.5912
eta,q 0.97176 15.37643
  0.0309  0.0314  0.0304  0.0314  0.0324  0.0307  0.0304  0.0319  0.0297  0.0311  0.0290  0.0296
  0.0295  0.0298  0.0291  0.0301  0.0305  0.0295  0.0293  0.0297  0.0290  0.0296  0.0285  0.0289
  0.0286  0.0287  0.0284  0.0291  0.0291  0.0287  0.0285  0.0286  0.0285  0.0287  0.0283  0.0284
  0.0283  0.0283  0.0282  0.0282  0.0282  0.0282  0.0283  0.0283  0.0283  0.0282  0.0282  0.0282
  0.0285  0.0285  0.0286  0.0277  0.0284  0.0280  0.0285  0.0286  0.0283  0.0284  0.0284  0.0284
  0.0294  0.0294  0.0295  0.0289  0.0302  0.0289  0.0293  0.0296  0.0288  0.0292  0.0286  0.0289
  0.0310  0.0308  0.0309  0.0320  0.0335  0.0324  0.0308  0.0318  0.0295  0.0306  0.0291  0.0296
niter,ni,del,rscale     5    3    5.0000    1.2000
parameters
   -1.9455   12.9047   14.7944   -2.8765  -16.6163  -11.7668
    0.8952    4.2345   -0.2591   -5.7223   -5.4128    4.5719
eta,q 0.97174 15.36114
  0.0309  0.0313  0.0305  0.0313  0.0324  0.0308  0.0305  0.0319  0.0296  0.0309  0.0291  0.0296
  0.0295  0.0297  0.0292  0.0300  0.0306  0.0295  0.0293  0.0297  0.0289  0.0296  0.0285  0.0289
  0.0286  0.0287  0.0285  0.0291  0.0292  0.0287  0.0285  0.0286  0.0285  0.0286  0.0283  0.0284
  0.0282  0.0282  0.0282  0.0282  0.0282  0.0282  0.0283  0.0283  0.0283  0.0283  0.0283  0.0283
  0.0285  0.0285  0.0286  0.0278  0.0284  0.0280  0.0285  0.0286  0.0284  0.0285  0.0284  0.0284
  0.0294  0.0294  0.0295  0.0290  0.0301  0.0288  0.0293  0.0297  0.0288  0.0293  0.0286  0.0289
  0.0310  0.0309  0.0308  0.0322  0.0332  0.0322  0.0307  0.0319  0.0296  0.0307  0.0291  0.0296
niter,ni,del,rscale     4    3    5.0000    1.2000
parameters
   -1.9441   12.9734   14.7218   -2.8303  -16.6707  -11.9277
    0.8522    4.2436   -0.1878   -5.5874   -5.4665    4.5611
eta,q 0.97173 15.35202
  0.0309  0.0312  0.0306  0.0313  0.0324  0.0309  0.0305  0.0319  0.0296  0.0308  0.0291  0.0296
  0.0295  0.0296  0.0293  0.0300  0.0306  0.0296  0.0294  0.0297  0.0289  0.0295  0.0286  0.0289
  0.0286  0.0286  0.0285  0.0291  0.0292  0.0287  0.0286  0.0286  0.0285  0.0286  0.0283  0.0284
  0.0283  0.0283  0.0283  0.0283  0.0282  0.0282  0.0283  0.0283  0.0283  0.0283  0.0283  0.0283
  0.0285  0.0285  0.0286  0.0278  0.0284  0.0280  0.0285  0.0286  0.0284  0.0285  0.0284  0.0284
  0.0294  0.0294  0.0294  0.0290  0.0301  0.0288  0.0293  0.0297  0.0288  0.0293  0.0286  0.0289
  0.0310  0.0309  0.0308  0.0323  0.0332  0.0321  0.0307  0.0319  0.0296  0.0307  0.0291  0.0296
niter,ni,del,rscale     3    3    5.0000    1.2000
parameters
   -1.9456   13.0170   14.6789   -2.8014  -16.7073  -12.0168
    0.8326    4.2456   -0.1629   -5.4990   -5.4783    4.5526
eta,q 0.97172 15.34688
  0.0309  0.0311  0.0306  0.0313  0.0324  0.0309  0.0305  0.0319  0.0296  0.0308  0.0291  0.0296
  0.0295  0.0296  0.0294  0.0301  0.0306  0.0296  0.0294  0.0297  0.0289  0.0295  0.0286  0.0289
  0.0286  0.0286  0.0286  0.0291  0.0292  0.0288  0.0286  0.0286  0.0285  0.0286  0.0283  0.0284
  0.0283  0.0283  0.0283  0.0283  0.0283  0.0283  0.0283  0.0283  0.0283  0.0283  0.0283  0.0283
  0.0285  0.0286  0.0286  0.0278  0.0284  0.0280  0.0285  0.0287  0.0284  0.0285  0.0284  0.0284
  0.0294  0.0295  0.0294  0.0291  0.0301  0.0288  0.0293  0.0297  0.0288  0.0293  0.0286  0.0289
  0.0311  0.0309  0.0308  0.0323  0.0331  0.0320  0.0306  0.0319  0.0296  0.0307  0.0291  0.0296
niter,ni,del,rscale     2    3    5.0000    1.2000
parameters
   -1.9477   13.0442   14.6493   -2.7839  -16.7282  -12.0781
    0.8225    4.2423   -0.1597   -5.4403   -5.4753    4.5465
eta,q 0.97171 15.34344
  0.0309  0.0311  0.0307  0.0313  0.0324  0.0310  0.0305  0.0319  0.0296  0.0308  0.0291  0.0296
  0.0295  0.0296  0.0294  0.0301  0.0306  0.0296  0.0294  0.0297  0.0289  0.0295  0.0286  0.0289
  0.0287  0.0286  0.0286  0.0291  0.0292  0.0288  0.0286  0.0286  0.0285  0.0286  0.0283  0.0285
  0.0283  0.0283  0.0283  0.0283  0.0283  0.0283  0.0283  0.0283  0.0283  0.0283  0.0283  0.0283
  0.0285  0.0286  0.0286  0.0279  0.0284  0.0281  0.0285  0.0287  0.0284  0.0286  0.0284  0.0285
  0.0294  0.0295  0.0294  0.0291  0.0300  0.0288  0.0293  0.0297  0.0288  0.0294  0.0286  0.0289
  0.0311  0.0310  0.0308  0.0323  0.0331  0.0319  0.0306  0.0319  0.0296  0.0307  0.0291  0.0296
registration optimization eta report
parameter search radius
    2.4000    2.7600    3.1740    8.2800   10.9503    8.2800
    7.2000    7.2000    7.2000    7.2000    7.2000    7.2000
100000*second partial in parameter space
       47.       36.       24.        5.        4.        5.
        4.        7.        3.        5.        2.        3.
  0.0309  0.0311  0.0307  0.0313  0.0324  0.0310  0.0305  0.0319  0.0296  0.0308  0.0291  0.0296
  0.0295  0.0296  0.0294  0.0301  0.0306  0.0296  0.0294  0.0297  0.0289  0.0295  0.0286  0.0289
  0.0287  0.0286  0.0286  0.0291  0.0292  0.0288  0.0286  0.0286  0.0285  0.0286  0.0283  0.0285
  0.0283  0.0283  0.0283  0.0283  0.0283  0.0283  0.0283  0.0283  0.0283  0.0283  0.0283  0.0283
  0.0285  0.0286  0.0286  0.0279  0.0284  0.0281  0.0285  0.0287  0.0284  0.0286  0.0284  0.0285
  0.0294  0.0295  0.0294  0.0291  0.0300  0.0288  0.0293  0.0297  0.0288  0.0294  0.0286  0.0289
  0.0311  0.0310  0.0308  0.0323  0.0331  0.0319  0.0306  0.0319  0.0296  0.0307  0.0291  0.0296
   -1.9477   13.0442   14.6493   -2.7839  -16.7282  -12.0781
    0.8225    4.2423   -0.1597   -5.4403   -5.4753    4.5465
eta,q 0.97171 15.34344

---------------------------------------------------------------------
imgreg_4dfp /opt/freesurfer/average/711-2C_as_mni_average_305 /opt/freesurfer/average/711-2B_as_mni_average_305_mask talsrcimg_g11 none talsrcimg_to_711-2C_as_mni_average_305_t4 2311
---------------------------------------------------------------------

freesurfer imgreg_4dfp.c
/opt/freesurfer/average/711-2C_as_mni_average_305.4dfp.img
       256       256       256         1
  1.000000  1.000000  1.000000
orientation T byte_order littleendian
Reading image: /opt/freesurfer/average/711-2C_as_mni_average_305.4dfp.img
dimensions:      256       256       256
mmppix:       1.0000   -1.0000   -1.0000
center:     128.0000 -129.0000 -129.0000
/opt/freesurfer/average/711-2B_as_mni_average_305_mask.4dfp.img
       256       256       256         1
  1.000000  1.000000  1.000000
orientation T byte_order littleendian
Reading mask: /opt/freesurfer/average/711-2B_as_mni_average_305_mask.4dfp.img (2306576 pixels)
talsrcimg_g11.4dfp.img
       256       256       256         1
  1.000000  1.000000  1.000000
orientation T byte_order littleendian
Reading image: talsrcimg_g11.4dfp.img
dimensions:      256       256       256
mmppix:       1.0000   -1.0000   -1.0000
center:     128.0000 -129.0000 -129.0000
fimgreg.f
image alignment mode   2311 decimal      907 hex
parameters
   -1.9477   13.0442   14.6493   -2.7839  -16.7282  -12.0781
    0.8225    4.2423   -0.1597   -5.4403   -5.4753    4.5465
eta,q 0.97171 15.34344
niter,ni,del,rscale     5    3    5.0000    0.8000
parameters
   -1.8832   13.0510   14.6722   -0.9554  -15.8019  -10.6373
    0.5707    4.6011   -0.3348   -5.5655   -4.8371    3.9342
eta,q 0.97245 15.53895
  0.0295  0.0292  0.0290  0.0298  0.0292  0.0291  0.0288  0.0304  0.0283  0.0289  0.0284  0.0282
  0.0289  0.0287  0.0286  0.0293  0.0286  0.0285  0.0281  0.0290  0.0279  0.0282  0.0280  0.0278
  0.0285  0.0284  0.0284  0.0288  0.0282  0.0281  0.0277  0.0280  0.0277  0.0277  0.0277  0.0276
  0.0283  0.0283  0.0283  0.0283  0.0279  0.0278  0.0276  0.0276  0.0276  0.0276  0.0276  0.0276
  0.0284  0.0284  0.0284  0.0279  0.0278  0.0276  0.0278  0.0277  0.0277  0.0278  0.0276  0.0277
  0.0287  0.0287  0.0286  0.0280  0.0280  0.0276  0.0283  0.0284  0.0280  0.0283  0.0278  0.0281
  0.0294  0.0292  0.0289  0.0286  0.0285  0.0282  0.0291  0.0298  0.0284  0.0291  0.0281  0.0286
niter,ni,del,rscale     4    3    5.0000    0.7000
parameters
   -2.0409   13.0159   14.6149   -1.3176  -15.4972  -10.1558
    0.5571    4.4122   -0.5362   -5.6809   -4.5463    3.5610
eta,q 0.97250 15.56460
  0.0286  0.0283  0.0281  0.0288  0.0286  0.0285  0.0285  0.0292  0.0281  0.0286  0.0281  0.0280
  0.0279  0.0279  0.0278  0.0283  0.0281  0.0281  0.0280  0.0283  0.0277  0.0280  0.0278  0.0277
  0.0276  0.0276  0.0276  0.0279  0.0278  0.0278  0.0276  0.0277  0.0276  0.0276  0.0276  0.0276
  0.0276  0.0275  0.0275  0.0275  0.0276  0.0276  0.0275  0.0275  0.0275  0.0275  0.0275  0.0275
  0.0278  0.0277  0.0276  0.0276  0.0276  0.0274  0.0276  0.0277  0.0276  0.0277  0.0275  0.0276
  0.0283  0.0280  0.0278  0.0284  0.0279  0.0276  0.0280  0.0284  0.0278  0.0281  0.0277  0.0279
  0.0292  0.0284  0.0282  0.0297  0.0284  0.0284  0.0286  0.0297  0.0282  0.0287  0.0279  0.0283
niter,ni,del,rscale     3    3    5.0000    0.6000
parameters
   -2.0437   12.9889   14.6230   -1.2377  -15.3650   -9.7458
    0.5870    4.4310   -0.6953   -5.7602   -4.3840    3.3071
eta,q 0.97258 15.59048
  0.0284  0.0281  0.0279  0.0286  0.0282  0.0282  0.0282  0.0289  0.0278  0.0283  0.0279  0.0278
  0.0279  0.0278  0.0277  0.0282  0.0279  0.0279  0.0278  0.0281  0.0276  0.0278  0.0276  0.0276
  0.0276  0.0276  0.0275  0.0278  0.0276  0.0277  0.0275  0.0276  0.0275  0.0275  0.0275  0.0275
  0.0275  0.0275  0.0275  0.0275  0.0275  0.0275  0.0274  0.0274  0.0274  0.0274  0.0274  0.0274
  0.0276  0.0276  0.0276  0.0275  0.0275  0.0274  0.0275  0.0275  0.0275  0.0275  0.0275  0.0275
  0.0279  0.0278  0.0277  0.0279  0.0277  0.0275  0.0278  0.0280  0.0276  0.0279  0.0276  0.0277
  0.0284  0.0282  0.0279  0.0288  0.0282  0.0281  0.0282  0.0290  0.0279  0.0284  0.0278  0.0280
niter,ni,del,rscale     2    3    5.0000    0.5000
parameters
   -2.0565   12.9665   14.6563   -1.1186  -15.2819   -9.3718
    0.5617    4.4450   -0.7934   -5.8356   -4.2975    3.0815
eta,q 0.97265 15.61411
  0.0281  0.0279  0.0278  0.0283  0.0279  0.0280  0.0279  0.0285  0.0277  0.0280  0.0277  0.0277
  0.0277  0.0276  0.0276  0.0280  0.0277  0.0278  0.0276  0.0279  0.0275  0.0277  0.0275  0.0275
  0.0275  0.0275  0.0275  0.0277  0.0275  0.0276  0.0274  0.0275  0.0274  0.0274  0.0274  0.0274
  0.0274  0.0274  0.0274  0.0274  0.0274  0.0274  0.0274  0.0274  0.0274  0.0274  0.0273  0.0274
  0.0275  0.0275  0.0275  0.0274  0.0274  0.0273  0.0274  0.0275  0.0274  0.0274  0.0274  0.0274
  0.0277  0.0276  0.0276  0.0277  0.0276  0.0274  0.0276  0.0278  0.0275  0.0277  0.0275  0.0275
  0.0281  0.0279  0.0277  0.0284  0.0279  0.0279  0.0279  0.0285  0.0277  0.0281  0.0277  0.0278
niter,ni,del,rscale     1    3    5.0000    0.4000
parameters
   -2.0731   12.9473   14.6992   -1.0162  -15.2175   -9.0204
    0.5226    4.4718   -0.8695   -5.9170   -4.2769    2.8988
eta,q 0.97269 15.63520
  0.0278  0.0276  0.0276  0.0280  0.0277  0.0278  0.0277  0.0281  0.0275  0.0277  0.0275  0.0275
  0.0275  0.0275  0.0275  0.0278  0.0275  0.0276  0.0275  0.0277  0.0274  0.0275  0.0274  0.0274
  0.0274  0.0274  0.0274  0.0275  0.0274  0.0275  0.0273  0.0274  0.0273  0.0274  0.0273  0.0273
  0.0274  0.0274  0.0274  0.0274  0.0273  0.0273  0.0273  0.0273  0.0273  0.0273  0.0273  0.0273
  0.0274  0.0274  0.0274  0.0274  0.0274  0.0273  0.0274  0.0274  0.0273  0.0274  0.0273  0.0273
  0.0276  0.0275  0.0274  0.0276  0.0275  0.0274  0.0275  0.0276  0.0274  0.0275  0.0274  0.0274
  0.0278  0.0277  0.0275  0.0280  0.0277  0.0277  0.0277  0.0281  0.0275  0.0278  0.0275  0.0276
registration optimization eta report
parameter search radius
    0.8000    0.8000    0.8000    2.4000    2.4000    2.4000
    2.4000    2.4000    2.4000    2.4000    2.4000    2.4000
100000*second partial in parameter space
       71.       47.       32.       12.        6.        7.
        7.       14.        4.        8.        4.        4.
  0.0278  0.0276  0.0276  0.0280  0.0277  0.0278  0.0277  0.0281  0.0275  0.0277  0.0275  0.0275
  0.0275  0.0275  0.0275  0.0278  0.0275  0.0276  0.0275  0.0277  0.0274  0.0275  0.0274  0.0274
  0.0274  0.0274  0.0274  0.0275  0.0274  0.0275  0.0273  0.0274  0.0273  0.0274  0.0273  0.0273
  0.0274  0.0274  0.0274  0.0274  0.0273  0.0273  0.0273  0.0273  0.0273  0.0273  0.0273  0.0273
  0.0274  0.0274  0.0274  0.0274  0.0274  0.0273  0.0274  0.0274  0.0273  0.0274  0.0273  0.0273
  0.0276  0.0275  0.0274  0.0276  0.0275  0.0274  0.0275  0.0276  0.0274  0.0275  0.0274  0.0274
  0.0278  0.0277  0.0275  0.0280  0.0277  0.0277  0.0277  0.0281  0.0275  0.0278  0.0275  0.0276
   -2.0731   12.9473   14.6992   -1.0162  -15.2175   -9.0204
    0.5226    4.4718   -0.8695   -5.9170   -4.2769    2.8988
eta,q 0.97269 15.63520

---------------------------------------------------------------------
imgreg_4dfp /opt/freesurfer/average/711-2C_as_mni_average_305 /opt/freesurfer/average/711-2B_as_mni_average_305_mask talsrcimg_g11 none talsrcimg_to_711-2C_as_mni_average_305_t4 2311
---------------------------------------------------------------------

freesurfer imgreg_4dfp.c
/opt/freesurfer/average/711-2C_as_mni_average_305.4dfp.img
       256       256       256         1
  1.000000  1.000000  1.000000
orientation T byte_order littleendian
Reading image: /opt/freesurfer/average/711-2C_as_mni_average_305.4dfp.img
dimensions:      256       256       256
mmppix:       1.0000   -1.0000   -1.0000
center:     128.0000 -129.0000 -129.0000
/opt/freesurfer/average/711-2B_as_mni_average_305_mask.4dfp.img
       256       256       256         1
  1.000000  1.000000  1.000000
orientation T byte_order littleendian
Reading mask: /opt/freesurfer/average/711-2B_as_mni_average_305_mask.4dfp.img (2306576 pixels)
talsrcimg_g11.4dfp.img
       256       256       256         1
  1.000000  1.000000  1.000000
orientation T byte_order littleendian
Reading image: talsrcimg_g11.4dfp.img
dimensions:      256       256       256
mmppix:       1.0000   -1.0000   -1.0000
center:     128.0000 -129.0000 -129.0000
fimgreg.f
image alignment mode   2311 decimal      907 hex
parameters
   -2.0731   12.9473   14.6992   -1.0162  -15.2175   -9.0204
    0.5226    4.4718   -0.8695   -5.9170   -4.2769    2.8988
eta,q 0.97269 15.63520
niter,ni,del,rscale     5    3    5.0000    0.8000
parameters
   -2.0892   12.9394   14.8291   -1.7506  -15.3686   -9.5527
    0.7590    4.2838   -0.7905   -5.9200   -4.1625    3.3951
eta,q 0.97249 15.58535
  0.0291  0.0285  0.0283  0.0288  0.0286  0.0285  0.0290  0.0297  0.0283  0.0290  0.0281  0.0285
  0.0281  0.0278  0.0278  0.0282  0.0280  0.0281  0.0282  0.0285  0.0279  0.0283  0.0278  0.0280
  0.0275  0.0274  0.0274  0.0277  0.0276  0.0277  0.0277  0.0278  0.0276  0.0277  0.0276  0.0277
  0.0273  0.0273  0.0273  0.0273  0.0274  0.0274  0.0275  0.0275  0.0275  0.0275  0.0275  0.0275
  0.0275  0.0275  0.0274  0.0276  0.0275  0.0274  0.0276  0.0277  0.0276  0.0277  0.0276  0.0275
  0.0282  0.0279  0.0276  0.0289  0.0281  0.0281  0.0280  0.0286  0.0279  0.0282  0.0278  0.0278
  0.0292  0.0285  0.0280  0.0308  0.0289  0.0299  0.0287  0.0302  0.0283  0.0291  0.0281  0.0282
niter,ni,del,rscale     4    3    5.0000    0.7000
parameters
   -2.0299   12.8959   14.7403   -1.5790  -15.3719   -9.6849
    0.7600    4.3219   -0.8230   -5.9179   -4.2411    3.4413
eta,q 0.97253 15.58156
  0.0288  0.0283  0.0280  0.0289  0.0284  0.0284  0.0285  0.0294  0.0281  0.0286  0.0279  0.0281
  0.0281  0.0279  0.0277  0.0284  0.0280  0.0280  0.0280  0.0283  0.0278  0.0281  0.0277  0.0278
  0.0277  0.0276  0.0275  0.0279  0.0276  0.0277  0.0276  0.0277  0.0275  0.0276  0.0275  0.0276
  0.0275  0.0275  0.0275  0.0275  0.0275  0.0275  0.0275  0.0275  0.0275  0.0275  0.0275  0.0275
  0.0276  0.0276  0.0276  0.0274  0.0275  0.0274  0.0276  0.0276  0.0275  0.0276  0.0275  0.0275
  0.0280  0.0279  0.0278  0.0279  0.0279  0.0277  0.0279  0.0282  0.0278  0.0280  0.0277  0.0277
  0.0286  0.0284  0.0281  0.0291  0.0285  0.0289  0.0285  0.0294  0.0281  0.0287  0.0280  0.0281
niter,ni,del,rscale     3    3    5.0000    0.6000
parameters
   -2.0341   12.9165   14.7122   -1.3381  -15.3155   -9.5273
    0.7011    4.3791   -0.8398   -5.9032   -4.2533    3.2856
eta,q 0.97260 15.59883
  0.0284  0.0282  0.0279  0.0287  0.0282  0.0282  0.0282  0.0289  0.0279  0.0283  0.0278  0.0278
  0.0279  0.0278  0.0277  0.0282  0.0278  0.0279  0.0278  0.0281  0.0276  0.0279  0.0276  0.0276
  0.0276  0.0276  0.0275  0.0278  0.0276  0.0276  0.0275  0.0276  0.0275  0.0275  0.0275  0.0275
  0.0275  0.0275  0.0275  0.0275  0.0274  0.0274  0.0274  0.0274  0.0274  0.0274  0.0274  0.0274
  0.0276  0.0275  0.0275  0.0274  0.0275  0.0273  0.0275  0.0275  0.0275  0.0275  0.0275  0.0275
  0.0279  0.0278  0.0277  0.0278  0.0277  0.0275  0.0278  0.0280  0.0276  0.0278  0.0276  0.0277
  0.0284  0.0281  0.0279  0.0286  0.0282  0.0283  0.0282  0.0289  0.0279  0.0283  0.0278  0.0279
niter,ni,del,rscale     2    3    5.0000    0.5000
parameters
   -2.0539   12.9270   14.7101   -1.1736  -15.2604   -9.2547
    0.6269    4.4184   -0.8619   -5.9039   -4.2461    3.0909
eta,q 0.97265 15.61864
  0.0280  0.0279  0.0277  0.0283  0.0279  0.0280  0.0279  0.0285  0.0277  0.0280  0.0277  0.0277
  0.0277  0.0276  0.0275  0.0280  0.0277  0.0277  0.0276  0.0279  0.0275  0.0277  0.0275  0.0275
  0.0275  0.0275  0.0274  0.0276  0.0275  0.0275  0.0274  0.0275  0.0274  0.0274  0.0274  0.0274
  0.0274  0.0274  0.0274  0.0274  0.0274  0.0274  0.0273  0.0273  0.0273  0.0273  0.0273  0.0273
  0.0275  0.0275  0.0274  0.0274  0.0274  0.0273  0.0274  0.0274  0.0274  0.0274  0.0274  0.0274
  0.0277  0.0276  0.0276  0.0277  0.0276  0.0274  0.0276  0.0278  0.0275  0.0277  0.0275  0.0275
  0.0281  0.0279  0.0277  0.0283  0.0279  0.0279  0.0280  0.0285  0.0277  0.0280  0.0277  0.0277
niter,ni,del,rscale     1    3    5.0000    0.4000
parameters
   -2.0703   12.9289   14.7378   -1.0444  -15.2051   -8.9547
    0.5589    4.4584   -0.9082   -5.9581   -4.2389    2.9040
eta,q 0.97270 15.63803
  0.0278  0.0277  0.0276  0.0280  0.0277  0.0278  0.0277  0.0281  0.0275  0.0277  0.0275  0.0275
  0.0275  0.0275  0.0274  0.0278  0.0275  0.0276  0.0275  0.0277  0.0274  0.0275  0.0274  0.0274
  0.0274  0.0274  0.0274  0.0275  0.0274  0.0274  0.0273  0.0274  0.0273  0.0274  0.0273  0.0273
  0.0273  0.0273  0.0273  0.0273  0.0273  0.0273  0.0273  0.0273  0.0273  0.0273  0.0273  0.0273
  0.0274  0.0274  0.0274  0.0273  0.0274  0.0273  0.0274  0.0274  0.0273  0.0274  0.0273  0.0273
  0.0276  0.0275  0.0274  0.0276  0.0275  0.0274  0.0275  0.0276  0.0274  0.0275  0.0274  0.0274
  0.0278  0.0277  0.0275  0.0280  0.0277  0.0277  0.0277  0.0281  0.0275  0.0278  0.0275  0.0276
registration optimization eta report
parameter search radius
    0.8000    0.8000    0.8000    2.4000    2.4000    2.4000
    2.4000    2.4000    2.4000    2.4000    2.4000    2.4000
100000*second partial in parameter space
       70.       48.       32.       12.        6.        7.
        7.       14.        4.        8.        4.        4.
  0.0278  0.0277  0.0276  0.0280  0.0277  0.0278  0.0277  0.0281  0.0275  0.0277  0.0275  0.0275
  0.0275  0.0275  0.0274  0.0278  0.0275  0.0276  0.0275  0.0277  0.0274  0.0275  0.0274  0.0274
  0.0274  0.0274  0.0274  0.0275  0.0274  0.0274  0.0273  0.0274  0.0273  0.0274  0.0273  0.0273
  0.0273  0.0273  0.0273  0.0273  0.0273  0.0273  0.0273  0.0273  0.0273  0.0273  0.0273  0.0273
  0.0274  0.0274  0.0274  0.0273  0.0274  0.0273  0.0274  0.0274  0.0273  0.0274  0.0273  0.0273
  0.0276  0.0275  0.0274  0.0276  0.0275  0.0274  0.0275  0.0276  0.0274  0.0275  0.0274  0.0274
  0.0278  0.0277  0.0275  0.0280  0.0277  0.0277  0.0277  0.0281  0.0275  0.0278  0.0275  0.0276
   -2.0703   12.9289   14.7378   -1.0444  -15.2051   -8.9547
    0.5589    4.4584   -0.9082   -5.9581   -4.2389    2.9040
eta,q 0.97270 15.63803

---------------------------------------------------------------------
compute_vox2vox talsrcimg talsrcimg_to_711-2C_as_mni_average_305_t4 /opt/freesurfer/average/711-2C_as_mni_average_305
---------------------------------------------------------------------

freesurfer compute_vox2vox.c
Reading: talsrcimg.4dfp.ifh
Reading: talsrcimg_to_711-2C_as_mni_average_305_t4
Reading: /opt/freesurfer/average/711-2C_as_mni_average_305.4dfp.ifh
Writing: talsrcimg_to_711-2C_as_mni_average_305_t4_vox2vox.txt

start time Sun Mar 8 22:57:10 CET 2026
end		time Sun Mar 8 22:58:37 CET 2026

mpr2mni305 success

avi2talxfm orig_nu.mgz /opt/freesurfer/average/mni305.cor.mgz talsrcimg_to_711-2C_as_mni_average_305_t4_vox2vox.txt transforms/talairach.auto.xfm
avi2talxfm done
mv -f /out/sourcedata/freesurfer/sub-v1s16x0051177_ses-1/mri/talsrcimg_to_711-2C_as_mni_average_305_t4_vox2vox.txt /out/sourcedata/freesurfer/sub-v1s16x0051177_ses-1/mri/transforms/talsrcimg_to_711-2C_as_mni_average_305_t4_vox2vox.txt
lta_convert --src orig_nu.mgz --trg /opt/freesurfer/average/mni305.cor.mgz --inxfm transforms/talairach.auto.xfm --outlta transforms/talairach.auto.xfm.lta --subject fsaverage
7.3.2

--src: orig_nu.mgz src image (geometry).
--trg: /opt/freesurfer/average/mni305.cor.mgz trg image (geometry).
--inmni: transforms/talairach.auto.xfm input MNI/XFM transform.
--outlta: transforms/talairach.auto.xfm.lta output LTA.
--s: fsaverage subject name
 LTA read, type : 1
 1.00838  -0.04970  -0.00494   0.89096;
 0.04650   1.09361  -0.03776  -34.43910;
 0.01407   0.07631   1.17661  -15.33745;
 0.00000   0.00000   0.00000   1.00000;
setting subject to fsaverage
Writing  LTA to file transforms/talairach.auto.xfm.lta...
lta_convert successful.
 
 
Started at Sun Mar 8 22:57:10 CET 2026
Ended   at Sun Mar  8 22:58:38 CET 2026
talairach_avi done
