status file for recon-all
Mon Mar  9 00:46:20 CET 2026
#@# MotionCor Mon Mar  9 00:46:22 CET 2026
#@# Talairach Mon Mar  9 00:46:30 CET 2026
#@# Talairach Failure Detection Mon Mar  9 00:50:53 CET 2026
#@# Nu Intensity Correction Mon Mar  9 00:50:53 CET 2026
#@# Intensity Normalization Mon Mar  9 00:54:07 CET 2026
recon-all -s sub-v1s16x0051199_ses-1 finished without error at Mon Mar  9 00:55:34 CET 2026



#New# invocation of recon-all 



status file for recon-all
Mon Mar  9 01:02:03 CET 2026
#@# EM Registration Mon Mar  9 01:02:03 CET 2026
recon-all -s sub-v1s16x0051199_ses-1 finished without error at Mon Mar  9 01:03:34 CET 2026



#New# invocation of recon-all 



status file for recon-all
Mon Mar  9 01:03:37 CET 2026
#@# CA Normalize Mon Mar  9 01:03:37 CET 2026
#@# CA Reg Mon Mar  9 01:04:58 CET 2026
#@# SubCort Seg Mon Mar  9 01:49:52 CET 2026
#@# CC Seg Mon Mar  9 02:17:51 CET 2026
#@# Merge ASeg Mon Mar  9 02:18:23 CET 2026
#@# Intensity Normalization2 Mon Mar  9 02:18:23 CET 2026
#@# Mask BFS Mon Mar  9 02:20:31 CET 2026
#@# WM Segmentation Mon Mar  9 02:20:31 CET 2026
#@# Fill Mon Mar  9 02:22:28 CET 2026
recon-all -s sub-v1s16x0051199_ses-1 finished without error at Mon Mar  9 02:23:30 CET 2026



#New# invocation of recon-all 



status file for recon-all
Mon Mar  9 02:56:39 CET 2026
#@# white curv lh Mon Mar  9 02:56:39 CET 2026
#@# white area lh Mon Mar  9 02:56:39 CET 2026
#@# pial curv lh Mon Mar  9 02:56:39 CET 2026
#@# pial area lh Mon Mar  9 02:56:39 CET 2026
#@# thickness lh Mon Mar  9 02:56:39 CET 2026
#@# area and vertex vol lh Mon Mar  9 02:56:39 CET 2026
#@# white curv rh Mon Mar  9 02:56:39 CET 2026
#@# white area rh Mon Mar  9 02:56:39 CET 2026
#@# pial curv rh Mon Mar  9 02:56:39 CET 2026
#@# pial area rh Mon Mar  9 02:56:39 CET 2026
#@# thickness rh Mon Mar  9 02:56:39 CET 2026
#@# area and vertex vol rh Mon Mar  9 02:56:39 CET 2026
#@# Cortical ribbon mask Mon Mar  9 02:56:39 CET 2026
recon-all -s sub-v1s16x0051199_ses-1 finished without error at Mon Mar  9 03:00:00 CET 2026



#New# invocation of recon-all 



status file for recon-all
Mon Mar  9 03:04:08 CET 2026
#@# white curv lh Mon Mar  9 03:04:08 CET 2026
#@# white area lh Mon Mar  9 03:04:08 CET 2026
#@# pial curv lh Mon Mar  9 03:04:08 CET 2026
#@# pial area lh Mon Mar  9 03:04:08 CET 2026
#@# thickness lh Mon Mar  9 03:04:08 CET 2026
#@# area and vertex vol lh Mon Mar  9 03:04:08 CET 2026
#@# white curv rh Mon Mar  9 03:04:08 CET 2026
#@# white area rh Mon Mar  9 03:04:08 CET 2026
#@# pial curv rh Mon Mar  9 03:04:08 CET 2026
#@# pial area rh Mon Mar  9 03:04:08 CET 2026
#@# thickness rh Mon Mar  9 03:04:08 CET 2026
#@# area and vertex vol rh Mon Mar  9 03:04:08 CET 2026
#@# Curvature Stats lh Mon Mar  9 03:04:08 CET 2026
#@# Curvature Stats rh Mon Mar  9 03:04:09 CET 2026
#@# Relabel Hypointensities Mon Mar  9 03:04:11 CET 2026
#@# APas-to-ASeg Mon Mar  9 03:04:23 CET 2026
#@# AParc-to-ASeg aparc Mon Mar  9 03:04:29 CET 2026
#@# AParc-to-ASeg aparc.a2009s Mon Mar  9 03:04:43 CET 2026
#@# AParc-to-ASeg aparc.DKTatlas Mon Mar  9 03:04:58 CET 2026
#@# WMParc Mon Mar  9 03:05:12 CET 2026
#@# ASeg Stats Mon Mar  9 03:08:36 CET 2026
recon-all -s sub-v1s16x0051199_ses-1 finished without error at Mon Mar  9 03:09:07 CET 2026
