status file for recon-all
Mon Mar  9 02:40:01 CET 2026
#@# Tessellate rh Mon Mar  9 02:40:01 CET 2026
#@# Smooth1 rh Mon Mar  9 02:40:04 CET 2026
#@# Inflation1 rh Mon Mar  9 02:40:06 CET 2026
#@# QSphere rh Mon Mar  9 02:40:13 CET 2026
#@# Fix Topology rh Mon Mar  9 02:40:50 CET 2026
#@# Smooth2 rh Mon Mar  9 02:46:02 CET 2026
#@# Inflation2 rh Mon Mar  9 02:46:04 CET 2026
#@# Curv .H and .K rh Mon Mar  9 02:46:11 CET 2026
#@# Sphere rh Mon Mar  9 02:46:42 CET 2026
#@# Surf Reg rh Mon Mar  9 02:49:10 CET 2026
#@# Jacobian white rh Mon Mar  9 02:51:48 CET 2026
#@# AvgCurv rh Mon Mar  9 02:51:48 CET 2026
#@# Cortical Parc rh Mon Mar  9 02:51:48 CET 2026
#@# white curv rh Mon Mar  9 02:55:51 CET 2026
#@# white area rh Mon Mar  9 02:55:52 CET 2026
#@# pial curv rh Mon Mar  9 02:55:53 CET 2026
#@# pial area rh Mon Mar  9 02:55:54 CET 2026
#@# thickness rh Mon Mar  9 02:55:54 CET 2026
#@# area and vertex vol rh Mon Mar  9 02:56:14 CET 2026
#@# Curvature Stats rh Mon Mar  9 02:56:14 CET 2026
#@# Cortical Parc 2 rh Mon Mar  9 02:56:16 CET 2026
#@# Cortical Parc 3 rh Mon Mar  9 02:56:25 CET 2026
#@# WM/GM Contrast rh Mon Mar  9 02:56:32 CET 2026
recon-all -s sub-v1s16x0051199_ses-1 finished without error at Mon Mar  9 02:56:34 CET 2026



#New# invocation of recon-all 



status file for recon-all
Mon Mar  9 03:02:05 CET 2026
#@# white curv rh Mon Mar  9 03:02:05 CET 2026
#@# white area rh Mon Mar  9 03:02:05 CET 2026
#@# pial curv rh Mon Mar  9 03:02:05 CET 2026
#@# pial area rh Mon Mar  9 03:02:05 CET 2026
#@# thickness rh Mon Mar  9 03:02:05 CET 2026
#@# area and vertex vol rh Mon Mar  9 03:02:05 CET 2026
#@# Parcellation Stats rh Mon Mar  9 03:02:05 CET 2026
#@# Parcellation Stats 2 rh Mon Mar  9 03:02:15 CET 2026
#@# Parcellation Stats 3 rh Mon Mar  9 03:02:20 CET 2026
#@# BA_exvivo Labels rh Mon Mar  9 03:02:24 CET 2026
recon-all -s sub-v1s16x0051199_ses-1 finished without error at Mon Mar  9 03:04:03 CET 2026
