status file for recon-all
Mon Mar  9 02:23:33 CET 2026
#@# Tessellate lh Mon Mar  9 02:23:34 CET 2026
#@# Smooth1 lh Mon Mar  9 02:23:37 CET 2026
#@# Inflation1 lh Mon Mar  9 02:23:39 CET 2026
#@# QSphere lh Mon Mar  9 02:23:45 CET 2026
#@# Fix Topology lh Mon Mar  9 02:24:21 CET 2026
#@# Smooth2 lh Mon Mar  9 02:29:44 CET 2026
#@# Inflation2 lh Mon Mar  9 02:29:46 CET 2026
#@# Curv .H and .K lh Mon Mar  9 02:29:52 CET 2026
#@# Sphere lh Mon Mar  9 02:30:23 CET 2026
#@# Surf Reg lh Mon Mar  9 02:33:08 CET 2026
#@# Jacobian white lh Mon Mar  9 02:35:22 CET 2026
#@# AvgCurv lh Mon Mar  9 02:35:23 CET 2026
#@# Cortical Parc lh Mon Mar  9 02:35:23 CET 2026
#@# white curv lh Mon Mar  9 02:39:16 CET 2026
#@# white area lh Mon Mar  9 02:39:17 CET 2026
#@# pial curv lh Mon Mar  9 02:39:17 CET 2026
#@# pial area lh Mon Mar  9 02:39:18 CET 2026
#@# thickness lh Mon Mar  9 02:39:18 CET 2026
#@# area and vertex vol lh Mon Mar  9 02:39:38 CET 2026
#@# Curvature Stats lh Mon Mar  9 02:39:38 CET 2026
#@# Cortical Parc 2 lh Mon Mar  9 02:39:40 CET 2026
#@# Cortical Parc 3 lh Mon Mar  9 02:39:49 CET 2026
#@# WM/GM Contrast lh Mon Mar  9 02:39:55 CET 2026
recon-all -s sub-v1s16x0051199_ses-1 finished without error at Mon Mar  9 02:39:57 CET 2026



#New# invocation of recon-all 



status file for recon-all
Mon Mar  9 03:00:05 CET 2026
#@# white curv lh Mon Mar  9 03:00:05 CET 2026
#@# white area lh Mon Mar  9 03:00:05 CET 2026
#@# pial curv lh Mon Mar  9 03:00:05 CET 2026
#@# pial area lh Mon Mar  9 03:00:05 CET 2026
#@# thickness lh Mon Mar  9 03:00:05 CET 2026
#@# area and vertex vol lh Mon Mar  9 03:00:05 CET 2026
#@# Parcellation Stats lh Mon Mar  9 03:00:05 CET 2026
#@# Parcellation Stats 2 lh Mon Mar  9 03:00:14 CET 2026
#@# Parcellation Stats 3 lh Mon Mar  9 03:00:19 CET 2026
#@# BA_exvivo Labels lh Mon Mar  9 03:00:24 CET 2026
recon-all -s sub-v1s16x0051199_ses-1 finished without error at Mon Mar  9 03:02:03 CET 2026
