status file for recon-all
Mon Mar  9 00:03:46 CET 2026
#@# Tessellate lh Mon Mar  9 00:03:46 CET 2026
#@# Smooth1 lh Mon Mar  9 00:03:50 CET 2026
#@# Inflation1 lh Mon Mar  9 00:03:53 CET 2026
#@# QSphere lh Mon Mar  9 00:04:06 CET 2026
#@# Fix Topology lh Mon Mar  9 00:05:49 CET 2026
#@# Smooth2 lh Mon Mar  9 00:13:48 CET 2026
#@# Inflation2 lh Mon Mar  9 00:13:51 CET 2026
#@# Curv .H and .K lh Mon Mar  9 00:14:08 CET 2026
#@# Sphere lh Mon Mar  9 00:14:55 CET 2026
#@# Surf Reg lh Mon Mar  9 00:20:34 CET 2026
#@# Jacobian white lh Mon Mar  9 00:25:12 CET 2026
#@# AvgCurv lh Mon Mar  9 00:25:13 CET 2026
#@# Cortical Parc lh Mon Mar  9 00:25:14 CET 2026
#@# white curv lh Mon Mar  9 00:31:59 CET 2026
#@# white area lh Mon Mar  9 00:32:01 CET 2026
#@# pial curv lh Mon Mar  9 00:32:02 CET 2026
#@# pial area lh Mon Mar  9 00:32:04 CET 2026
#@# thickness lh Mon Mar  9 00:32:05 CET 2026
#@# area and vertex vol lh Mon Mar  9 00:32:38 CET 2026
#@# Curvature Stats lh Mon Mar  9 00:32:40 CET 2026
#@# Cortical Parc 2 lh Mon Mar  9 00:32:43 CET 2026
#@# Cortical Parc 3 lh Mon Mar  9 00:32:56 CET 2026
#@# WM/GM Contrast lh Mon Mar  9 00:33:07 CET 2026
recon-all -s sub-v1s16x0051167_ses-1 finished without error at Mon Mar  9 00:33:10 CET 2026



#New# invocation of recon-all 



status file for recon-all
Mon Mar  9 01:05:38 CET 2026
#@# white curv lh Mon Mar  9 01:05:38 CET 2026
#@# white area lh Mon Mar  9 01:05:38 CET 2026
#@# pial curv lh Mon Mar  9 01:05:38 CET 2026
#@# pial area lh Mon Mar  9 01:05:38 CET 2026
#@# thickness lh Mon Mar  9 01:05:38 CET 2026
#@# area and vertex vol lh Mon Mar  9 01:05:38 CET 2026
#@# Parcellation Stats lh Mon Mar  9 01:05:38 CET 2026
#@# Parcellation Stats 2 lh Mon Mar  9 01:05:56 CET 2026
#@# Parcellation Stats 3 lh Mon Mar  9 01:06:06 CET 2026
#@# BA_exvivo Labels lh Mon Mar  9 01:06:15 CET 2026
recon-all -s sub-v1s16x0051167_ses-1 finished without error at Mon Mar  9 01:09:10 CET 2026
