status file for recon-all
Sun Mar  8 22:11:14 CET 2026
#@# MotionCor Sun Mar  8 22:11:15 CET 2026
#@# Talairach Sun Mar  8 22:11:25 CET 2026
#@# Talairach Failure Detection Sun Mar  8 22:16:03 CET 2026
#@# Nu Intensity Correction Sun Mar  8 22:16:03 CET 2026
#@# Intensity Normalization Sun Mar  8 22:19:21 CET 2026
recon-all -s sub-v1s16x0051167_ses-1 finished without error at Sun Mar  8 22:20:47 CET 2026



#New# invocation of recon-all 



status file for recon-all
Sun Mar  8 22:27:49 CET 2026
#@# EM Registration Sun Mar  8 22:27:49 CET 2026
recon-all -s sub-v1s16x0051167_ses-1 finished without error at Sun Mar  8 22:30:44 CET 2026



#New# invocation of recon-all 



status file for recon-all
Sun Mar  8 22:30:49 CET 2026
#@# CA Normalize Sun Mar  8 22:30:49 CET 2026
#@# CA Reg Sun Mar  8 22:32:08 CET 2026
#@# SubCort Seg Sun Mar  8 23:25:54 CET 2026
#@# CC Seg Sun Mar  8 23:57:03 CET 2026
#@# Merge ASeg Sun Mar  8 23:58:31 CET 2026
#@# Intensity Normalization2 Sun Mar  8 23:58:31 CET 2026
#@# Mask BFS Mon Mar  9 00:00:38 CET 2026
#@# WM Segmentation Mon Mar  9 00:00:39 CET 2026
#@# Fill Mon Mar  9 00:02:41 CET 2026
recon-all -s sub-v1s16x0051167_ses-1 finished without error at Mon Mar  9 00:03:42 CET 2026



#New# invocation of recon-all 



status file for recon-all
Mon Mar  9 01:00:38 CET 2026
#@# white curv lh Mon Mar  9 01:00:38 CET 2026
#@# white area lh Mon Mar  9 01:00:38 CET 2026
#@# pial curv lh Mon Mar  9 01:00:38 CET 2026
#@# pial area lh Mon Mar  9 01:00:38 CET 2026
#@# thickness lh Mon Mar  9 01:00:38 CET 2026
#@# area and vertex vol lh Mon Mar  9 01:00:38 CET 2026
#@# white curv rh Mon Mar  9 01:00:38 CET 2026
#@# white area rh Mon Mar  9 01:00:38 CET 2026
#@# pial curv rh Mon Mar  9 01:00:38 CET 2026
#@# pial area rh Mon Mar  9 01:00:38 CET 2026
#@# thickness rh Mon Mar  9 01:00:38 CET 2026
#@# area and vertex vol rh Mon Mar  9 01:00:38 CET 2026
#@# Cortical ribbon mask Mon Mar  9 01:00:38 CET 2026
recon-all -s sub-v1s16x0051167_ses-1 finished without error at Mon Mar  9 01:05:34 CET 2026



#New# invocation of recon-all 



status file for recon-all
Mon Mar  9 01:12:50 CET 2026
#@# white curv lh Mon Mar  9 01:12:50 CET 2026
#@# white area lh Mon Mar  9 01:12:50 CET 2026
#@# pial curv lh Mon Mar  9 01:12:50 CET 2026
#@# pial area lh Mon Mar  9 01:12:50 CET 2026
#@# thickness lh Mon Mar  9 01:12:50 CET 2026
#@# area and vertex vol lh Mon Mar  9 01:12:50 CET 2026
#@# white curv rh Mon Mar  9 01:12:50 CET 2026
#@# white area rh Mon Mar  9 01:12:50 CET 2026
#@# pial curv rh Mon Mar  9 01:12:50 CET 2026
#@# pial area rh Mon Mar  9 01:12:50 CET 2026
#@# thickness rh Mon Mar  9 01:12:50 CET 2026
#@# area and vertex vol rh Mon Mar  9 01:12:50 CET 2026
#@# Curvature Stats lh Mon Mar  9 01:12:50 CET 2026
#@# Curvature Stats rh Mon Mar  9 01:12:53 CET 2026
#@# Relabel Hypointensities Mon Mar  9 01:12:56 CET 2026
#@# APas-to-ASeg Mon Mar  9 01:13:12 CET 2026
#@# AParc-to-ASeg aparc Mon Mar  9 01:13:21 CET 2026
#@# AParc-to-ASeg aparc.a2009s Mon Mar  9 01:14:06 CET 2026
#@# AParc-to-ASeg aparc.DKTatlas Mon Mar  9 01:14:48 CET 2026
#@# WMParc Mon Mar  9 01:15:31 CET 2026
#@# ASeg Stats Mon Mar  9 01:20:18 CET 2026
recon-all -s sub-v1s16x0051167_ses-1 finished without error at Mon Mar  9 01:21:00 CET 2026
