/out/sourcedata/freesurfer/sub-v1s16x0051180_ses-1/mri
/opt/freesurfer/bin/talairach_avi
--i orig_nu.mgz --xfm transforms/talairach.auto.xfm
talairach_avi 7.3.2
Linux dna029 5.14.0-427.37.1.el9_4.x86_64 #1 SMP PREEMPT_DYNAMIC Fri Sep 13 12:41:50 EDT 2024 x86_64 x86_64 x86_64 GNU/Linux
Sun Mar  8 23:22:12 CET 2026
mri_convert orig_nu.mgz talsrcimg.img 
reading from orig_nu.mgz...
TR=0.00, TE=0.00, TI=0.00, flip angle=0.00
i_ras = (-1, 0, 0)
j_ras = (0, 0, -1)
k_ras = (0, 1, 0)
writing to talsrcimg.img...
Analyze Output Matrix
-1.00000   0.00000   0.00000   128.99997;
 0.00000   0.00000   1.00000  -127.50000;
 0.00000  -1.00000   0.00000   120.40597;
 0.00000   0.00000   0.00000   1.00000;
--------------------
INFO: set hdr.hist.orient to -1
mpr2mni305 talsrcimg
Sun Mar  8 23:22:13 CET 2026
/opt/freesurfer/bin/mpr2mni305 talsrcimg
mpr2mni305 7.3.2
target=711-2C_as_mni_average_305

---------------------------------------------------------------------
analyzeto4dfp talsrcimg -O0 -y
---------------------------------------------------------------------

freesurfer ifh2hdr.c
Sun Mar  8 23:22:13 2026
Writing: talsrcimg.4dfp.hdr
freesurfer analyzeto4dfp.c
Reading: talsrcimg.hdr
header size 348 bytes
hdr.dime.datatype	offset=70	value=2
hdr.dime.bitpix		offset=72	value=8
hdr.hist.orient		offset=252	value=-1
dimensionality     4
dimensions       256       256       256         1
Reading: talsrcimg.img
Writing: talsrcimg.4dfp.img
Writing: talsrcimg.4dfp.ifh
ifh2hdr talsrcimg -r0to227
ori=2

---------------------------------------------------------------------
gauss_4dfp talsrcimg 1.1
---------------------------------------------------------------------

freesurfer gauss_4dfp.c
Reading: talsrcimg.4dfp.img
Writing: talsrcimg_g11.4dfp.img
image dimensions 256 256 256 padded to 288 288 288
processing volume 1freesurfer ifh2hdr.c
Sun Mar  8 23:22:15 2026
Writing: talsrcimg_g11.4dfp.hdr

Writing: talsrcimg_g11.4dfp.ifh
including: talsrcimg.4dfp.img.rec in talsrcimg_g11.4dfp.img.rec

---------------------------------------------------------------------
imgreg_4dfp /opt/freesurfer/average/711-2C_as_mni_average_305 none talsrcimg_g11 none talsrcimg_to_711-2C_as_mni_average_305_t4 4355
---------------------------------------------------------------------

freesurfer imgreg_4dfp.c
/opt/freesurfer/average/711-2C_as_mni_average_305.4dfp.img
       256       256       256         1
  1.000000  1.000000  1.000000
orientation T byte_order littleendian
Reading image: /opt/freesurfer/average/711-2C_as_mni_average_305.4dfp.img
dimensions:      256       256       256
mmppix:       1.0000   -1.0000   -1.0000
center:     128.0000 -129.0000 -129.0000
talsrcimg_g11.4dfp.img
       256       256       256         1
  1.000000  1.000000  1.000000
orientation T byte_order littleendian
Reading image: talsrcimg_g11.4dfp.img
dimensions:      256       256       256
mmppix:       1.0000   -1.0000   -1.0000
center:     128.0000 -129.0000 -129.0000
t4_read: open error in t4_sub.f l:  41 t4_file(1:l)talsrcimg_to_711-2C_as_mni_average_305_t4 
t4_read: transform initialized to I4
rotation matrix determinant  1.000000
image alignment mode   4355 decimal     1103 hex
   -7.5000  -45.0000  -45.0000 6355.2754   29.8053
    0.0000  -45.0000  -45.0000 6532.8545   29.6632
    7.5000  -45.0000  -45.0000 6233.4600   29.5566
   -7.5000  -37.5000  -45.0000 6885.0933   29.7857
    0.0000  -37.5000  -45.0000 7100.2202   29.6387
    7.5000  -37.5000  -45.0000 6742.7554   29.5184
   -7.5000  -30.0000  -45.0000 7722.6978   29.8112
    0.0000  -30.0000  -45.0000 7969.4561   29.6830
    7.5000  -30.0000  -45.0000 7574.9956   29.5756
   -7.5000  -22.5000  -45.0000 8506.6943   29.8058
    0.0000  -22.5000  -45.0000 8796.0215   29.7062
    7.5000  -22.5000  -45.0000 8349.9648   29.6288
   -7.5000  -15.0000  -45.0000 9092.0957   29.7761
    0.0000  -15.0000  -45.0000 9398.6641   29.6836
    7.5000  -15.0000  -45.0000 8883.4492   29.6194
   -7.5000   -7.5000  -45.0000 9636.5537   29.7380
    0.0000   -7.5000  -45.0000 9939.0137   29.6224
    7.5000   -7.5000  -45.0000 9410.0615   29.5426
   -7.5000    0.0000  -45.000010139.6660   29.7381
    0.0000    0.0000  -45.000010443.2812   29.5968
    7.5000    0.0000  -45.0000 9900.4512   29.4910
   -7.5000    7.5000  -45.0000 9961.7803   29.7815
    0.0000    7.5000  -45.000010277.1064   29.6346
    7.5000    7.5000  -45.0000 9741.9658   29.5143
   -7.5000   15.0000  -45.0000 9717.6064   29.8112
    0.0000   15.0000  -45.000010053.1963   29.6830
    7.5000   15.0000  -45.0000 9536.3809   29.5756
   -7.5000   22.5000  -45.0000 9301.1113   29.8017
    0.0000   22.5000  -45.0000 9611.2129   29.7021
    7.5000   22.5000  -45.0000 9149.1436   29.6247
   -7.5000   30.0000  -45.0000 8804.3906   29.3793
    0.0000   30.0000  -45.0000 9073.6680   29.2880
    7.5000   30.0000  -45.0000 8652.6982   29.2246
   -7.5000   37.5000  -45.0000 8360.0068   29.3417
    0.0000   37.5000  -45.0000 8621.4902   29.2277
    7.5000   37.5000  -45.0000 8188.8794   29.1489
   -7.5000   45.0000  -45.0000 7609.7251   28.5967
    0.0000   45.0000  -45.0000 7871.3525   28.4609
    7.5000   45.0000  -45.0000 7430.7236   28.3591
   -7.5000  -45.0000  -37.5000 6802.4531   29.4833
    0.0000  -45.0000  -37.5000 7023.7944   29.3472
    7.5000  -45.0000  -37.5000 6669.2656   29.2226
   -7.5000  -37.5000  -37.5000 7398.9922   29.4642
    0.0000  -37.5000  -37.5000 7651.2017   29.3180
    7.5000  -37.5000  -37.5000 7243.0708   29.1901
   -7.5000  -30.0000  -37.5000 8298.1670   29.4752
    0.0000  -30.0000  -37.5000 8589.4932   29.3433
    7.5000  -30.0000  -37.5000 8142.6343   29.2323
   -7.5000  -22.5000  -37.5000 9097.5117   29.4538
    0.0000  -22.5000  -37.5000 9456.4668   29.3500
    7.5000  -22.5000  -37.5000 8965.8408   29.2625
   -7.5000  -15.0000  -37.5000 9728.5078   29.4191
    0.0000  -15.0000  -37.500010122.9629   29.3261
    7.5000  -15.0000  -37.5000 9563.7598   29.2432
   -7.5000   -7.5000  -37.500010287.2949   29.3967
    0.0000   -7.5000  -37.500010679.6504   29.2863
    7.5000   -7.5000  -37.500010091.9561   29.1842
   -7.5000    0.0000  -37.500010778.2734   29.4163
    0.0000    0.0000  -37.500011151.5703   29.2810
    7.5000    0.0000  -37.500010575.3457   29.1573
   -7.5000    7.5000  -37.500010600.0537   29.4600
    0.0000    7.5000  -37.500010960.2510   29.3139
    7.5000    7.5000  -37.500010378.4658   29.1861
   -7.5000   15.0000  -37.500010328.8525   29.4752
    0.0000   15.0000  -37.500010722.9961   29.3433
    7.5000   15.0000  -37.500010140.8057   29.2323
   -7.5000   22.5000  -37.5000 9912.4814   29.4497
    0.0000   22.5000  -37.500010269.4678   29.3459
    7.5000   22.5000  -37.5000 9726.3516   29.2585
   -7.5000   30.0000  -37.5000 9348.7773   29.0270
    0.0000   30.0000  -37.5000 9646.7617   28.9352
    7.5000   30.0000  -37.5000 9133.9141   28.8534
   -7.5000   37.5000  -37.5000 8817.9600   29.0049
    0.0000   37.5000  -37.5000 9113.5996   28.8960
    7.5000   37.5000  -37.5000 8646.1426   28.7953
   -7.5000   45.0000  -37.5000 7999.4946   28.2873
    0.0000   45.0000  -37.5000 8297.6533   28.1571
    7.5000   45.0000  -37.5000 7846.1460   28.0382
   -7.5000  -45.0000  -30.0000 7452.5762   30.4624
    0.0000  -45.0000  -30.0000 7715.6543   30.3454
    7.5000  -45.0000  -30.0000 7314.5562   30.2081
   -7.5000  -37.5000  -30.0000 8117.7646   30.4388
    0.0000  -37.5000  -30.0000 8412.9590   30.3066
    7.5000  -37.5000  -30.0000 7961.2729   30.1656
   -7.5000  -30.0000  -30.0000 9095.5742   30.4387
    0.0000  -30.0000  -30.0000 9414.8262   30.3237
    7.5000  -30.0000  -30.0000 8884.1582   30.2064
   -7.5000  -22.5000  -30.0000 9921.0117   30.4090
    0.0000  -22.5000  -30.000010279.3701   30.3291
    7.5000  -22.5000  -30.0000 9714.2568   30.2417
   -7.5000  -15.0000  -30.000010572.0645   30.3737
    0.0000  -15.0000  -30.000010993.5713   30.3105
    7.5000  -15.0000  -30.000010375.6240   30.2290
   -7.5000   -7.5000  -30.000011184.3750   30.3622
    0.0000   -7.5000  -30.000011646.0303   30.2796
    7.5000   -7.5000  -30.000010969.8516   30.1727
   -7.5000    0.0000  -30.000011705.9092   30.3932
    0.0000    0.0000  -30.000012159.5020   30.2769
    7.5000    0.0000  -30.000011508.4131   30.1406
   -7.5000    7.5000  -30.000011472.7090   30.4345
    0.0000    7.5000  -30.000011898.6631   30.3023
    7.5000    7.5000  -30.000011230.8037   30.1615
   -7.5000   15.0000  -30.000011177.5693   30.4387
    0.0000   15.0000  -30.000011593.1592   30.3237
    7.5000   15.0000  -30.000010931.5859   30.2064
   -7.5000   22.5000  -30.000010682.5127   30.4017
    0.0000   22.5000  -30.000011053.6846   30.3218
    7.5000   22.5000  -30.000010436.4668   30.2345
   -7.5000   30.0000  -30.000010054.1270   29.9718
    0.0000   30.0000  -30.000010399.3193   29.9094
    7.5000   30.0000  -30.0000 9845.0459   29.8290
   -7.5000   37.5000  -30.0000 9469.5645   29.9604
    0.0000   37.5000  -30.0000 9843.8496   29.8789
    7.5000   37.5000  -30.0000 9327.6963   29.7734
   -7.5000   45.0000  -30.0000 8552.9316   29.2482
    0.0000   45.0000  -30.0000 8909.6289   29.1362
    7.5000   45.0000  -30.0000 8441.1836   29.0051
   -7.5000  -45.0000  -22.5000 8163.0181   31.4813
    0.0000  -45.0000  -22.5000 8465.4219   31.3847
    7.5000  -45.0000  -22.5000 7978.3560   31.2628
   -7.5000  -37.5000  -22.5000 8865.3672   31.4517
    0.0000  -37.5000  -22.5000 9199.2197   31.3412
    7.5000  -37.5000  -22.5000 8668.1807   31.2028
   -7.5000  -30.0000  -22.5000 9877.2334   31.4654
    0.0000  -30.0000  -22.500010242.9951   31.3792
    7.5000  -30.0000  -22.5000 9650.4746   31.2661
   -7.5000  -22.5000  -22.500010765.0488   31.4545
    0.0000  -22.5000  -22.500011184.4561   31.4096
    7.5000  -22.5000  -22.500010542.6777   31.3409
   -7.5000  -15.0000  -22.500011509.0977   31.4247
    0.0000  -15.0000  -22.500011953.6963   31.3980
    7.5000  -15.0000  -22.500011269.5127   31.3466
   -7.5000   -7.5000  -22.500012149.8252   31.3981
    0.0000   -7.5000  -22.500012651.2637   31.3447
    7.5000   -7.5000  -22.500011913.3828   31.2660
   -7.5000    0.0000  -22.500012744.8467   31.4100
    0.0000    0.0000  -22.500013276.7500   31.3140
    7.5000    0.0000  -22.500012504.4316   31.1930
   -7.5000    7.5000  -22.500012437.8232   31.4473
    0.0000    7.5000  -22.500012946.1475   31.3368
    7.5000    7.5000  -22.500012155.1201   31.1986
   -7.5000   15.0000  -22.500012078.6660   31.4654
    0.0000   15.0000  -22.500012536.1279   31.3792
    7.5000   15.0000  -22.500011799.1035   31.2661
   -7.5000   22.5000  -22.500011502.5693   31.4448
    0.0000   22.5000  -22.500011941.0264   31.3999
    7.5000   22.5000  -22.500011247.2744   31.3313
   -7.5000   30.0000  -22.500010845.4834   31.0136
    0.0000   30.0000  -22.500011256.9990   30.9873
    7.5000   30.0000  -22.500010643.4590   30.9366
   -7.5000   37.5000  -22.500010237.2764   30.9874
    0.0000   37.5000  -22.500010670.2402   30.9347
    7.5000   37.5000  -22.500010124.7012   30.8570
   -7.5000   45.0000  -22.5000 9210.2402   30.2494
    0.0000   45.0000  -22.5000 9629.2949   30.1569
    7.5000   45.0000  -22.5000 9138.0215   30.0404
   -7.5000  -45.0000  -15.0000 8827.2598   32.2043
    0.0000  -45.0000  -15.0000 9161.9062   32.1088
    7.5000  -45.0000  -15.0000 8634.2441   32.0112
   -7.5000  -37.5000  -15.0000 9529.9961   32.1711
    0.0000  -37.5000  -15.0000 9922.4355   32.0678
    7.5000  -37.5000  -15.0000 9351.4590   31.9427
   -7.5000  -30.0000  -15.000010577.6621   32.2068
    0.0000  -30.0000  -15.000011028.2090   32.1325
    7.5000  -30.0000  -15.000010408.6934   32.0291
   -7.5000  -22.5000  -15.000011570.6973   32.2204
    0.0000  -22.5000  -15.000012074.4717   32.1874
    7.5000  -22.5000  -15.000011388.9688   32.1367
   -7.5000  -15.0000  -15.000012447.5977   32.1965
    0.0000  -15.0000  -15.000012960.7490   32.1779
    7.5000  -15.0000  -15.000012183.2773   32.1542
   -7.5000   -7.5000  -15.000013113.6846   32.1478
    0.0000   -7.5000  -15.000013667.8486   32.0961
    7.5000   -7.5000  -15.000012855.9707   32.0480
   -7.5000    0.0000  -15.000013752.5352   32.1317
    0.0000    0.0000  -15.000014352.8984   32.0368
    7.5000    0.0000  -15.000013501.1943   31.9400
   -7.5000    7.5000  -15.000013398.0801   32.1667
    0.0000    7.5000  -15.000013989.8633   32.0634
    7.5000    7.5000  -15.000013108.5693   31.9384
   -7.5000   15.0000  -15.000012964.9336   32.2068
    0.0000   15.0000  -15.000013546.2207   32.1325
    7.5000   15.0000  -15.000012711.1445   32.0291
   -7.5000   22.5000  -15.000012337.9912   32.2090
    0.0000   22.5000  -15.000012868.8848   32.1760
    7.5000   22.5000  -15.000012080.8262   32.1253
   -7.5000   30.0000  -15.000011639.5889   31.7799
    0.0000   30.0000  -15.000012158.5068   31.7615
    7.5000   30.0000  -15.000011432.8262   31.7381
   -7.5000   37.5000  -15.000011003.8447   31.7318
    0.0000   37.5000  -15.000011539.5996   31.6807
    7.5000   37.5000  -15.000010920.3945   31.6332
   -7.5000   45.0000  -15.0000 9874.8193   30.9631
    0.0000   45.0000  -15.000010375.0361   30.8717
    7.5000   45.0000  -15.0000 9831.5479   30.7783
   -7.5000  -45.0000   -7.5000 9453.7207   32.5844
    0.0000  -45.0000   -7.5000 9845.7236   32.4613
    7.5000  -45.0000   -7.5000 9343.4004   32.3710
   -7.5000  -37.5000   -7.500010191.0576   32.5539
    0.0000  -37.5000   -7.500010640.8984   32.4278
    7.5000  -37.5000   -7.500010082.0449   32.3105
   -7.5000  -30.0000   -7.500011375.8262   32.5972
    0.0000  -30.0000   -7.500011863.6309   32.4987
    7.5000  -30.0000   -7.500011285.5703   32.3965
   -7.5000  -22.5000   -7.500012495.1934   32.6161
    0.0000  -22.5000   -7.500013029.6709   32.5534
    7.5000  -22.5000   -7.500012368.3555   32.4971
   -7.5000  -15.0000   -7.500013392.5264   32.5929
    0.0000  -15.0000   -7.500013991.3047   32.5390
    7.5000  -15.0000   -7.500013218.2334   32.5083
   -7.5000   -7.5000   -7.500014073.4580   32.5355
    0.0000   -7.5000   -7.500014710.5244   32.4494
    7.5000   -7.5000   -7.500013915.7354   32.4004
   -7.5000    0.0000   -7.500014767.7939   32.5111
    0.0000    0.0000   -7.500015425.8467   32.3887
    7.5000    0.0000   -7.500014578.1191   32.2992
   -7.5000    7.5000   -7.500014387.9033   32.5494
    0.0000    7.5000   -7.500015067.8262   32.4233
    7.5000    7.5000   -7.500014173.7568   32.3062
   -7.5000   15.0000   -7.500013951.2314   32.5972
    0.0000   15.0000   -7.500014643.4219   32.4987
    7.5000   15.0000   -7.500013794.9170   32.3965
   -7.5000   22.5000   -7.500013263.9512   32.6010
    0.0000   22.5000   -7.500013903.0498   32.5383
    7.5000   22.5000   -7.500013051.4922   32.4821
   -7.5000   30.0000   -7.500012491.5840   32.1702
    0.0000   30.0000   -7.500013090.8223   32.1170
    7.5000   30.0000   -7.500012282.3633   32.0867
   -7.5000   37.5000   -7.500011829.4658   32.1136
    0.0000   37.5000   -7.500012437.1953   32.0286
    7.5000   37.5000   -7.500011673.0195   31.9802
   -7.5000   45.0000   -7.500010617.6328   31.3346
    0.0000   45.0000   -7.500011159.1475   31.2167
    7.5000   45.0000   -7.500010510.1426   31.1303
   -7.5000  -45.0000    0.000010022.8330   32.6803
    0.0000  -45.0000    0.000010405.1543   32.5299
    7.5000  -45.0000    0.0000 9955.1709   32.4223
   -7.5000  -37.5000    0.000010825.7354   32.6566
    0.0000  -37.5000    0.000011228.6934   32.5008
    7.5000  -37.5000    0.000010735.0713   32.3770
   -7.5000  -30.0000    0.000012139.8936   32.6893
    0.0000  -30.0000    0.000012584.2988   32.5536
    7.5000  -30.0000    0.000012050.9785   32.4418
   -7.5000  -22.5000    0.000013405.1562   32.6906
    0.0000  -22.5000    0.000013921.9092   32.5856
    7.5000  -22.5000    0.000013301.0859   32.5059
   -7.5000  -15.0000    0.000014317.4902   32.6605
    0.0000  -15.0000    0.000014949.4619   32.5633
    7.5000  -15.0000    0.000014243.1104   32.4992
   -7.5000   -7.5000    0.000014937.5205   32.6136
    0.0000   -7.5000    0.000015629.7178   32.4918
    7.5000   -7.5000    0.000014990.3730   32.4128
   -7.5000    0.0000    0.000015661.7715   32.6067
    0.0000    0.0000    0.000016369.7002   32.4571
    7.5000    0.0000    0.000015703.7871   32.3505
   -7.5000    7.5000    0.000015292.2441   32.6520
    0.0000    7.5000    0.000016022.0020   32.4963
    7.5000    7.5000    0.000015306.4893   32.3726
   -7.5000   15.0000    0.000014835.7881   32.6893
    0.0000   15.0000    0.000015578.1396   32.5536
    7.5000   15.0000    0.000014852.2861   32.4418
   -7.5000   22.5000    0.000014078.0166   32.6755
    0.0000   22.5000    0.000014776.2832   32.5706
    7.5000   22.5000    0.000013967.2783   32.4909
   -7.5000   30.0000    0.000013177.3594   32.2378
    0.0000   30.0000    0.000013815.5342   32.1418
    7.5000   30.0000    0.000013000.3398   32.0786
   -7.5000   37.5000    0.000012525.1494   32.1916
    0.0000   37.5000    0.000013138.2588   32.0713
    7.5000   37.5000    0.000012328.1934   31.9933
   -7.5000   45.0000    0.000011303.1826   31.4291
    0.0000   45.0000    0.000011844.9043   31.2849
    7.5000   45.0000    0.000011160.0967   31.1821
   -7.5000  -45.0000    7.5000 9843.9023   32.7078
    0.0000  -45.0000    7.500010200.5801   32.5583
    7.5000  -45.0000    7.5000 9785.1035   32.4218
   -7.5000  -37.5000    7.500010608.4287   32.6863
    0.0000  -37.5000    7.500010948.9512   32.5250
    7.5000  -37.5000    7.500010525.2881   32.3842
   -7.5000  -30.0000    7.500011897.0830   32.6974
    0.0000  -30.0000    7.500012275.8301   32.5514
    7.5000  -30.0000    7.500011777.2500   32.4285
   -7.5000  -22.5000    7.500013321.5811   32.6733
    0.0000  -22.5000    7.500013775.2637   32.5582
    7.5000  -22.5000    7.500013058.6094   32.4612
   -7.5000  -15.0000    7.500014230.9277   32.6353
    0.0000  -15.0000    7.500014879.4941   32.5327
    7.5000  -15.0000    7.500014185.7676   32.4414
   -7.5000   -7.5000    7.500014685.2227   32.6115
    0.0000   -7.5000    7.500015425.5508   32.4904
    7.5000   -7.5000    7.500014995.3047   32.3787
   -7.5000    0.0000    7.500015312.5049   32.6338
    0.0000    0.0000    7.500016141.5303   32.4851
    7.5000    0.0000    7.500015722.8408   32.3497
   -7.5000    7.5000    7.500014983.5264   32.6817
    0.0000    7.5000    7.500015864.8145   32.5205
    7.5000    7.5000    7.500015380.0439   32.3798
   -7.5000   15.0000    7.500014591.2666   32.6974
    0.0000   15.0000    7.500015404.3574   32.5514
    7.5000   15.0000    7.500014785.7842   32.4285
   -7.5000   22.5000    7.500013842.3203   32.6582
    0.0000   22.5000    7.500014517.9043   32.5432
    7.5000   22.5000    7.500013804.1230   32.4462
   -7.5000   30.0000    7.500012953.3105   32.2129
    0.0000   30.0000    7.500013546.5781   32.1117
    7.5000   30.0000    7.500012741.2764   32.0215
   -7.5000   37.5000    7.500012355.2412   32.1895
    0.0000   37.5000    7.500012920.8887   32.0699
    7.5000   37.5000    7.500012114.2725   31.9596
   -7.5000   45.0000    7.500011184.0283   31.4552
    0.0000   45.0000    7.500011697.0088   31.3119
    7.5000   45.0000    7.500010985.4316   31.1814
   -7.5000  -45.0000   15.0000 9546.7998   32.7115
    0.0000  -45.0000   15.0000 9879.2539   32.5859
    7.5000  -45.0000   15.0000 9469.2139   32.4385
   -7.5000  -37.5000   15.000010233.8809   32.6862
    0.0000  -37.5000   15.000010596.2812   32.5442
    7.5000  -37.5000   15.000010164.7432   32.3928
   -7.5000  -30.0000   15.000011474.6406   32.6861
    0.0000  -30.0000   15.000011840.4297   32.5626
    7.5000  -30.0000   15.000011361.8047   32.4367
   -7.5000  -22.5000   15.000012931.3359   32.6542
    0.0000  -22.5000   15.000013380.7539   32.5684
    7.5000  -22.5000   15.000012722.8086   32.4746
   -7.5000  -15.0000   15.000014034.8467   32.6163
    0.0000  -15.0000   15.000014679.5303   32.5484
    7.5000  -15.0000   15.000013923.9932   32.4609
   -7.5000   -7.5000   15.000014487.7998   32.6039
    0.0000   -7.5000   15.000015170.2119   32.5152
    7.5000   -7.5000   15.000014653.0898   32.4004
   -7.5000    0.0000   15.000015113.3750   32.6373
    0.0000    0.0000   15.000015822.6006   32.5123
    7.5000    0.0000   15.000015330.2666   32.3660
   -7.5000    7.5000   15.000014858.6328   32.6816
    0.0000    7.5000   15.000015524.7061   32.5396
    7.5000    7.5000   15.000014997.8555   32.3884
   -7.5000   15.0000   15.000014453.7207   32.6861
    0.0000   15.0000   15.000015042.2168   32.5626
    7.5000   15.0000   15.000014416.2188   32.4367
   -7.5000   22.5000   15.000013627.8291   32.6392
    0.0000   22.5000   15.000014122.9023   32.5534
    7.5000   22.5000   15.000013448.5928   32.4596
   -7.5000   30.0000   15.000012632.0781   32.1941
    0.0000   30.0000   15.000013109.8750   32.1272
    7.5000   30.0000   15.000012388.0596   32.0408
   -7.5000   37.5000   15.000012021.3730   32.1820
    0.0000   37.5000   15.000012506.7871   32.0944
    7.5000   37.5000   15.000011790.4775   31.9811
   -7.5000   45.0000   15.000010931.3896   31.4586
    0.0000   45.0000   15.000011367.5342   31.3381
    7.5000   45.0000   15.000010742.0918   31.1971
   -7.5000  -45.0000   22.5000 9108.2549   32.6801
    0.0000  -45.0000   22.5000 9485.9150   32.5798
    7.5000  -45.0000   22.5000 9062.8164   32.4533
   -7.5000  -37.5000   22.5000 9790.9531   32.6494
    0.0000  -37.5000   22.500010153.5371   32.5346
    7.5000  -37.5000   22.5000 9746.3828   32.3910
   -7.5000  -30.0000   22.500010979.1592   32.6636
    0.0000  -30.0000   22.500011379.6719   32.5741
    7.5000  -30.0000   22.500010945.9258   32.4567
   -7.5000  -22.5000   22.500012301.9814   32.6523
    0.0000  -22.5000   22.500012800.8711   32.6057
    7.5000  -22.5000   22.500012196.2236   32.5344
   -7.5000  -15.0000   22.500013387.0820   32.6213
    0.0000  -15.0000   22.500013767.8896   32.5937
    7.5000  -15.0000   22.500013109.2334   32.5403
   -7.5000   -7.5000   22.500014116.9346   32.5937
    0.0000   -7.5000   22.500014388.3848   32.5383
    7.5000   -7.5000   22.500013724.4580   32.4566
   -7.5000    0.0000   22.500014865.1670   32.6061
    0.0000    0.0000   22.500015141.4355   32.5064
    7.5000    0.0000   22.500014422.3057   32.3808
   -7.5000    7.5000   22.500014523.1484   32.6448
    0.0000    7.5000   22.500014841.6709   32.5301
    7.5000    7.5000   22.500014144.9551   32.3866
   -7.5000   15.0000   22.500013985.9141   32.6636
    0.0000   15.0000   22.500014301.6562   32.5741
    7.5000   15.0000   22.500013646.2822   32.4567
   -7.5000   22.5000   22.500013101.9551   32.6372
    0.0000   22.5000   22.500013440.7314   32.5906
    7.5000   22.5000   22.500012809.5488   32.5194
   -7.5000   30.0000   22.500012083.5586   32.1991
    0.0000   30.0000   22.500012490.3584   32.1719
    7.5000   30.0000   22.500011861.8252   32.1192
   -7.5000   37.5000   22.500011482.8867   32.1719
    0.0000   37.5000   22.500011919.9531   32.1172
    7.5000   37.5000   22.500011303.4111   32.0366
   -7.5000   45.0000   22.500010443.6465   31.4285
    0.0000   45.0000   22.500010849.4775   31.3324
    7.5000   45.0000   22.500010271.4336   31.2114
   -7.5000  -45.0000   30.0000 8593.6641   32.6463
    0.0000  -45.0000   30.0000 8951.5225   32.5495
    7.5000  -45.0000   30.0000 8560.6982   32.4506
   -7.5000  -37.5000   30.0000 9260.4863   32.6126
    0.0000  -37.5000   30.0000 9660.2598   32.5079
    7.5000  -37.5000   30.0000 9227.5557   32.3811
   -7.5000  -30.0000   30.000010357.5615   32.6488
    0.0000  -30.0000   30.000010861.4570   32.5735
    7.5000  -30.0000   30.000010326.6309   32.4687
   -7.5000  -22.5000   30.000011515.5498   32.6626
    0.0000  -22.5000   30.000012012.4492   32.6292
    7.5000  -22.5000   30.000011368.5273   32.5778
   -7.5000  -15.0000   30.000012437.5967   32.6384
    0.0000  -15.0000   30.000012803.2549   32.6195
    7.5000  -15.0000   30.000012161.3223   32.5955
   -7.5000   -7.5000   30.000013136.0107   32.5890
    0.0000   -7.5000   30.000013502.9053   32.5365
    7.5000   -7.5000   30.000012814.4648   32.4878
   -7.5000    0.0000   30.000013852.2080   32.5727
    0.0000    0.0000   30.000014282.9844   32.4765
    7.5000    0.0000   30.000013522.9219   32.3783
   -7.5000    7.5000   30.000013551.6885   32.6081
    0.0000    7.5000   30.000014002.9512   32.5035
    7.5000    7.5000   30.000013255.5234   32.3767
   -7.5000   15.0000   30.000013042.6260   32.6488
    0.0000   15.0000   30.000013476.2344   32.5735
    7.5000   15.0000   30.000012801.1338   32.4687
   -7.5000   22.5000   30.000012267.4385   32.6476
    0.0000   22.5000   30.000012679.6377   32.6141
    7.5000   22.5000   30.000012074.9844   32.5627
   -7.5000   30.0000   30.000011339.1172   32.2160
    0.0000   30.0000   30.000011746.6270   32.1974
    7.5000   30.0000   30.000011187.3594   32.1737
   -7.5000   37.5000   30.000010765.3154   32.1673
    0.0000   37.5000   30.000011141.0439   32.1155
    7.5000   37.5000   30.000010627.6357   32.0674
   -7.5000   45.0000   30.0000 9788.3096   31.3963
    0.0000   45.0000   30.000010099.3789   31.3036
    7.5000   45.0000   30.0000 9612.0195   31.2090
   -7.5000  -45.0000   37.5000 8364.7578   32.7580
    0.0000  -45.0000   37.5000 8740.7275   32.6339
    7.5000  -45.0000   37.5000 8281.0078   32.5429
   -7.5000  -37.5000   37.5000 9051.0449   32.7273
    0.0000  -37.5000   37.5000 9462.4629   32.6004
    7.5000  -37.5000   37.5000 8977.6777   32.4820
   -7.5000  -30.0000   37.500010088.2119   32.7715
    0.0000  -30.0000   37.500010572.3779   32.6723
    7.5000  -30.0000   37.500010029.8398   32.5690
   -7.5000  -22.5000   37.500011057.1406   32.7911
    0.0000  -22.5000   37.500011519.7500   32.7277
    7.5000  -22.5000   37.500010946.4443   32.6707
   -7.5000  -15.0000   37.500011855.1318   32.7676
    0.0000  -15.0000   37.500012215.3018   32.7129
    7.5000  -15.0000   37.500011659.6328   32.6819
   -7.5000   -7.5000   37.500012545.0449   32.7092
    0.0000   -7.5000   37.500012934.0117   32.6222
    7.5000   -7.5000   37.500012367.3916   32.5728
   -7.5000    0.0000   37.500013228.8135   32.6842
    0.0000    0.0000   37.500013659.0986   32.5609
    7.5000    0.0000   37.500013082.0615   32.4705
   -7.5000    7.5000   37.500012945.7510   32.7228
    0.0000    7.5000   37.500013385.4209   32.5960
    7.5000    7.5000   37.500012827.5098   32.4777
   -7.5000   15.0000   37.500012549.5762   32.7715
    0.0000   15.0000   37.500012949.5361   32.6723
    7.5000   15.0000   37.500012414.5098   32.5690
   -7.5000   22.5000   37.500011887.6289   32.7760
    0.0000   22.5000   37.500012288.7100   32.7126
    7.5000   22.5000   37.500011763.5479   32.6557
   -7.5000   30.0000   37.500010981.3770   32.3435
    0.0000   30.0000   37.500011362.7510   32.2896
    7.5000   30.0000   37.500010868.4541   32.2589
   -7.5000   37.5000   37.500010405.3545   32.2859
    0.0000   37.5000   37.500010739.3516   32.2000
    7.5000   37.5000   37.500010243.4873   32.1513
   -7.5000   45.0000   37.5000 9422.7246   31.5038
    0.0000   45.0000   37.5000 9715.4658   31.3850
    7.5000   45.0000   37.5000 9252.9561   31.2979
   -7.5000  -45.0000   45.0000 7685.6377   32.8326
    0.0000  -45.0000   45.0000 8035.0205   32.6813
    7.5000  -45.0000   45.0000 7653.7319   32.5738
   -7.5000  -37.5000   45.0000 8299.1328   32.8064
    0.0000  -37.5000   45.0000 8689.5078   32.6496
    7.5000  -37.5000   45.0000 8295.2891   32.5253
   -7.5000  -30.0000   45.0000 9213.2715   32.8386
    0.0000  -30.0000   45.0000 9647.0781   32.7021
    7.5000  -30.0000   45.0000 9200.0977   32.5899
   -7.5000  -22.5000   45.000010061.3916   32.8420
    0.0000  -22.5000   45.000010470.5459   32.7360
    7.5000  -22.5000   45.0000 9978.2383   32.6566
   -7.5000  -15.0000   45.000010771.3809   32.8139
    0.0000  -15.0000   45.000011134.1230   32.7156
    7.5000  -15.0000   45.000010630.6279   32.6524
   -7.5000   -7.5000   45.000011412.2930   32.7669
    0.0000   -7.5000   45.000011805.3857   32.6441
    7.5000   -7.5000   45.000011297.8496   32.5658
   -7.5000    0.0000   45.000012020.9102   32.7583
    0.0000    0.0000   45.000012437.4131   32.6078
    7.5000    0.0000   45.000011906.4004   32.5012
   -7.5000    7.5000   45.000011803.0273   32.8018
    0.0000    7.5000   45.000012179.5049   32.6451
    7.5000    7.5000   45.000011709.9814   32.5209
   -7.5000   15.0000   45.000011486.0225   32.8386
    0.0000   15.0000   45.000011854.4033   32.7021
    7.5000   15.0000   45.000011382.6025   32.5899
   -7.5000   22.5000   45.000010939.4209   32.8267
    0.0000   22.5000   45.000011292.9785   32.7208
    7.5000   22.5000   45.000010827.8193   32.6414
   -7.5000   30.0000   45.000010114.6914   32.3864
    0.0000   30.0000   45.000010426.9092   32.2894
    7.5000   30.0000   45.0000 9976.9092   32.2270
   -7.5000   37.5000   45.0000 9568.6855   32.3400
    0.0000   37.5000   45.0000 9850.9697   32.2188
    7.5000   37.5000   45.0000 9420.6123   32.1415
   -7.5000   45.0000   45.0000 8697.9023   31.5895
    0.0000   45.0000   45.0000 8948.7354   31.4444
    7.5000   45.0000   45.0000 8519.0918   31.3416

---------------------------------------------------------------------
imgreg_4dfp /opt/freesurfer/average/711-2C_as_mni_average_305 /opt/freesurfer/average/711-2B_as_mni_average_305_mask talsrcimg_g11 none talsrcimg_to_711-2C_as_mni_average_305_t4 4355
---------------------------------------------------------------------

freesurfer imgreg_4dfp.c
/opt/freesurfer/average/711-2C_as_mni_average_305.4dfp.img
       256       256       256         1
  1.000000  1.000000  1.000000
orientation T byte_order littleendian
Reading image: /opt/freesurfer/average/711-2C_as_mni_average_305.4dfp.img
dimensions:      256       256       256
mmppix:       1.0000   -1.0000   -1.0000
center:     128.0000 -129.0000 -129.0000
/opt/freesurfer/average/711-2B_as_mni_average_305_mask.4dfp.img
       256       256       256         1
  1.000000  1.000000  1.000000
orientation T byte_order littleendian
Reading mask: /opt/freesurfer/average/711-2B_as_mni_average_305_mask.4dfp.img (2306576 pixels)
talsrcimg_g11.4dfp.img
       256       256       256         1
  1.000000  1.000000  1.000000
orientation T byte_order littleendian
Reading image: talsrcimg_g11.4dfp.img
dimensions:      256       256       256
mmppix:       1.0000   -1.0000   -1.0000
center:     128.0000 -129.0000 -129.0000
rotation matrix determinant  1.000000
image alignment mode   4355 decimal     1103 hex
   -7.5000  -45.0000  -45.0000 1830.8903   40.3625
    0.0000  -45.0000  -45.0000 1816.7732   40.5383
    7.5000  -45.0000  -45.0000 1794.1407   41.5469
   -7.5000  -37.5000  -45.0000 1935.3746   36.7709
    0.0000  -37.5000  -45.0000 1923.8287   36.9754
    7.5000  -37.5000  -45.0000 1893.2616   37.6396
   -7.5000  -30.0000  -45.0000 2023.8318   33.9173
    0.0000  -30.0000  -45.0000 2016.2395   34.1724
    7.5000  -30.0000  -45.0000 1986.9946   34.7668
   -7.5000  -22.5000  -45.0000 2089.7476   31.6494
    0.0000  -22.5000  -45.0000 2076.5500   31.9434
    7.5000  -22.5000  -45.0000 2042.5178   32.4274
   -7.5000  -15.0000  -45.0000 2114.1377   30.1202
    0.0000  -15.0000  -45.0000 2097.8562   30.3986
    7.5000  -15.0000  -45.0000 2061.4961   31.0302
   -7.5000   -7.5000  -45.0000 2129.2893   29.4801
    0.0000   -7.5000  -45.0000 2121.5620   29.7959
    7.5000   -7.5000  -45.0000 2089.8215   30.5057
   -7.5000    0.0000  -45.0000 2131.1221   29.3279
    0.0000    0.0000  -45.0000 2129.7212   29.6278
    7.5000    0.0000  -45.0000 2095.7288   30.3734
   -7.5000    7.5000  -45.0000 2144.2444   30.0583
    0.0000    7.5000  -45.0000 2127.0251   30.2274
    7.5000    7.5000  -45.0000 2091.2498   30.9898
   -7.5000   15.0000  -45.0000 2117.7998   31.1439
    0.0000   15.0000  -45.0000 2100.3210   31.1890
    7.5000   15.0000  -45.0000 2059.2954   31.8523
   -7.5000   22.5000  -45.0000 2076.6455   32.4556
    0.0000   22.5000  -45.0000 2060.3440   32.5737
    7.5000   22.5000  -45.0000 2018.6486   33.3387
   -7.5000   30.0000  -45.0000 1993.5107   34.4193
    0.0000   30.0000  -45.0000 1982.6654   34.6893
    7.5000   30.0000  -45.0000 1944.2322   35.6195
   -7.5000   37.5000  -45.0000 1897.8519   37.2446
    0.0000   37.5000  -45.0000 1886.7898   37.4661
    7.5000   37.5000  -45.0000 1849.3333   38.5786
   -7.5000   45.0000  -45.0000 1799.0669   41.2395
    0.0000   45.0000  -45.0000 1792.7544   41.4289
    7.5000   45.0000  -45.0000 1749.0337   42.5257
   -7.5000  -45.0000  -37.5000 1925.5763   37.3131
    0.0000  -45.0000  -37.5000 1918.4314   37.6725
    7.5000  -45.0000  -37.5000 1881.7389   38.2395
   -7.5000  -37.5000  -37.5000 2038.0232   33.9627
    0.0000  -37.5000  -37.5000 2031.0369   34.3414
    7.5000  -37.5000  -37.5000 1992.5164   34.7534
   -7.5000  -30.0000  -37.5000 2128.0029   31.2939
    0.0000  -30.0000  -37.5000 2123.9517   31.6043
    7.5000  -30.0000  -37.5000 2087.1326   31.9873
   -7.5000  -22.5000  -37.5000 2182.8711   29.2043
    0.0000  -22.5000  -37.5000 2179.9387   29.4014
    7.5000  -22.5000  -37.5000 2144.9866   29.8427
   -7.5000  -15.0000  -37.5000 2217.5999   27.7788
    0.0000  -15.0000  -37.5000 2211.7322   28.0537
    7.5000  -15.0000  -37.5000 2162.8477   28.5665
   -7.5000   -7.5000  -37.5000 2232.9312   27.1393
    0.0000   -7.5000  -37.5000 2231.2783   27.4162
    7.5000   -7.5000  -37.5000 2187.8992   28.0519
   -7.5000    0.0000  -37.5000 2227.4597   26.8191
    0.0000    0.0000  -37.5000 2215.7100   27.0978
    7.5000    0.0000  -37.5000 2182.9131   27.6783
   -7.5000    7.5000  -37.5000 2232.9780   27.3661
    0.0000    7.5000  -37.5000 2218.9309   27.4954
    7.5000    7.5000  -37.5000 2178.0256   28.0890
   -7.5000   15.0000  -37.5000 2211.2622   28.2615
    0.0000   15.0000  -37.5000 2200.1553   28.3719
    7.5000   15.0000  -37.5000 2152.4822   29.0035
   -7.5000   22.5000  -37.5000 2173.0254   29.6413
    0.0000   22.5000  -37.5000 2162.3286   29.7762
    7.5000   22.5000  -37.5000 2123.4058   30.5139
   -7.5000   30.0000  -37.5000 2094.4490   31.5332
    0.0000   30.0000  -37.5000 2084.5544   31.7306
    7.5000   30.0000  -37.5000 2044.7976   32.5854
   -7.5000   37.5000  -37.5000 1988.9249   34.1639
    0.0000   37.5000  -37.5000 1976.2700   34.2650
    7.5000   37.5000  -37.5000 1938.9966   35.1930
   -7.5000   45.0000  -37.5000 1885.1041   37.8750
    0.0000   45.0000  -37.5000 1877.6752   37.8637
    7.5000   45.0000  -37.5000 1835.6979   38.8243
   -7.5000  -45.0000  -30.0000 2051.3157   35.9699
    0.0000  -45.0000  -30.0000 2042.3973   36.3240
    7.5000  -45.0000  -30.0000 2009.3442   36.7917
   -7.5000  -37.5000  -30.0000 2173.5259   32.5862
    0.0000  -37.5000  -30.0000 2168.0222   32.9759
    7.5000  -37.5000  -30.0000 2128.2915   33.2874
   -7.5000  -30.0000  -30.0000 2270.3748   29.8218
    0.0000  -30.0000  -30.0000 2258.0027   30.2687
    7.5000  -30.0000  -30.0000 2213.6174   30.5737
   -7.5000  -22.5000  -30.0000 2328.8086   27.8712
    0.0000  -22.5000  -30.0000 2314.6328   28.1339
    7.5000  -22.5000  -30.0000 2271.0015   28.4527
   -7.5000  -15.0000  -30.0000 2351.1331   26.5165
    0.0000  -15.0000  -30.0000 2338.2371   26.7177
    7.5000  -15.0000  -30.0000 2296.2668   27.1303
   -7.5000   -7.5000  -30.0000 2375.3330   25.8589
    0.0000   -7.5000  -30.0000 2368.6726   25.9951
    7.5000   -7.5000  -30.0000 2322.5098   26.5375
   -7.5000    0.0000  -30.0000 2373.7129   25.4743
    0.0000    0.0000  -30.0000 2361.7869   25.6711
    7.5000    0.0000  -30.0000 2326.5020   26.2146
   -7.5000    7.5000  -30.0000 2381.2944   25.8538
    0.0000    7.5000  -30.0000 2367.0957   25.9798
    7.5000    7.5000  -30.0000 2328.4829   26.5693
   -7.5000   15.0000  -30.0000 2362.1111   26.7534
    0.0000   15.0000  -30.0000 2347.1160   26.7734
    7.5000   15.0000  -30.0000 2300.9417   27.3464
   -7.5000   22.5000  -30.0000 2315.2595   28.1487
    0.0000   22.5000  -30.0000 2298.9600   28.1745
    7.5000   22.5000  -30.0000 2256.4929   28.7539
   -7.5000   30.0000  -30.0000 2227.6167   29.9979
    0.0000   30.0000  -30.0000 2217.2517   30.1660
    7.5000   30.0000  -30.0000 2175.6799   30.8311
   -7.5000   37.5000  -30.0000 2115.0081   32.4381
    0.0000   37.5000  -30.0000 2107.5139   32.6243
    7.5000   37.5000  -30.0000 2068.4504   33.3208
   -7.5000   45.0000  -30.0000 1993.8391   35.8665
    0.0000   45.0000  -30.0000 1988.9109   35.9602
    7.5000   45.0000  -30.0000 1952.6863   36.6741
   -7.5000  -45.0000  -22.5000 2136.0876   34.1255
    0.0000  -45.0000  -22.5000 2130.6233   34.3758
    7.5000  -45.0000  -22.5000 2096.3772   34.8472
   -7.5000  -37.5000  -22.5000 2265.2048   30.9100
    0.0000  -37.5000  -22.5000 2257.6353   31.1048
    7.5000  -37.5000  -22.5000 2214.2141   31.5468
   -7.5000  -30.0000  -22.5000 2362.0137   28.2292
    0.0000  -30.0000  -22.5000 2346.8894   28.5047
    7.5000  -30.0000  -22.5000 2305.1997   28.8495
   -7.5000  -22.5000  -22.5000 2426.9414   26.2936
    0.0000  -22.5000  -22.5000 2417.9324   26.5366
    7.5000  -22.5000  -22.5000 2375.7256   26.8676
   -7.5000  -15.0000  -22.5000 2458.0806   25.0055
    0.0000  -15.0000  -22.5000 2442.9377   25.1818
    7.5000  -15.0000  -22.5000 2412.1125   25.6519
   -7.5000   -7.5000  -22.5000 2489.6160   24.3517
    0.0000   -7.5000  -22.5000 2477.4338   24.3758
    7.5000   -7.5000  -22.5000 2451.0334   24.8791
   -7.5000    0.0000  -22.5000 2503.3096   24.0082
    0.0000    0.0000  -22.5000 2494.6135   24.0548
    7.5000    0.0000  -22.5000 2462.2627   24.5588
   -7.5000    7.5000  -22.5000 2508.0898   24.3662
    0.0000    7.5000  -22.5000 2499.5005   24.3502
    7.5000    7.5000  -22.5000 2449.3906   24.8056
   -7.5000   15.0000  -22.5000 2478.2842   25.1286
    0.0000   15.0000  -22.5000 2471.8198   25.1701
    7.5000   15.0000  -22.5000 2425.5322   25.7187
   -7.5000   22.5000  -22.5000 2433.5447   26.5688
    0.0000   22.5000  -22.5000 2429.5850   26.6039
    7.5000   22.5000  -22.5000 2384.8262   27.1677
   -7.5000   30.0000  -22.5000 2338.8416   28.3192
    0.0000   30.0000  -22.5000 2339.1802   28.4009
    7.5000   30.0000  -22.5000 2298.2312   29.0289
   -7.5000   37.5000  -22.5000 2217.8201   30.6249
    0.0000   37.5000  -22.5000 2218.2341   30.7302
    7.5000   37.5000  -22.5000 2183.6208   31.4160
   -7.5000   45.0000  -22.5000 2084.6489   33.7525
    0.0000   45.0000  -22.5000 2094.3423   33.8683
    7.5000   45.0000  -22.5000 2056.1643   34.5689
   -7.5000  -45.0000  -15.0000 2184.4858   32.1514
    0.0000  -45.0000  -15.0000 2177.2981   32.3834
    7.5000  -45.0000  -15.0000 2143.3289   32.9929
   -7.5000  -37.5000  -15.0000 2307.4958   29.0295
    0.0000  -37.5000  -15.0000 2306.0315   29.2893
    7.5000  -37.5000  -15.0000 2262.0396   29.8453
   -7.5000  -30.0000  -15.0000 2407.9460   26.6683
    0.0000  -30.0000  -15.0000 2403.6294   26.8704
    7.5000  -30.0000  -15.0000 2359.7671   27.3417
   -7.5000  -22.5000  -15.0000 2490.4976   24.8143
    0.0000  -22.5000  -15.0000 2488.6912   24.9548
    7.5000  -22.5000  -15.0000 2446.1580   25.3879
   -7.5000  -15.0000  -15.0000 2548.9265   23.5126
    0.0000  -15.0000  -15.0000 2534.6919   23.7238
    7.5000  -15.0000  -15.0000 2501.8813   24.1651
   -7.5000   -7.5000  -15.0000 2575.9595   22.7768
    0.0000   -7.5000  -15.0000 2559.9231   22.8576
    7.5000   -7.5000  -15.0000 2539.0391   23.3142
   -7.5000    0.0000  -15.0000 2598.0642   22.5380
    0.0000    0.0000  -15.0000 2588.6743   22.6037
    7.5000    0.0000  -15.0000 2553.2090   23.0037
   -7.5000    7.5000  -15.0000 2600.1140   22.9091
    0.0000    7.5000  -15.0000 2593.2910   22.8989
    7.5000    7.5000  -15.0000 2544.5247   23.3072
   -7.5000   15.0000  -15.0000 2575.6782   23.7398
    0.0000   15.0000  -15.0000 2575.8308   23.7540
    7.5000   15.0000  -15.0000 2529.8667   24.2370
   -7.5000   22.5000  -15.0000 2519.8599   25.0791
    0.0000   22.5000  -15.0000 2518.2842   25.1164
    7.5000   22.5000  -15.0000 2482.6467   25.6364
   -7.5000   30.0000  -15.0000 2425.0610   26.7316
    0.0000   30.0000  -15.0000 2423.7925   26.7772
    7.5000   30.0000  -15.0000 2390.3247   27.3226
   -7.5000   37.5000  -15.0000 2302.1301   28.9907
    0.0000   37.5000  -15.0000 2305.5259   28.9575
    7.5000   37.5000  -15.0000 2278.0454   29.6161
   -7.5000   45.0000  -15.0000 2156.8936   32.0140
    0.0000   45.0000  -15.0000 2163.8464   31.9050
    7.5000   45.0000  -15.0000 2139.3440   32.6904
   -7.5000  -45.0000   -7.5000 2215.2017   30.6892
    0.0000  -45.0000   -7.5000 2208.4946   30.8711
    7.5000  -45.0000   -7.5000 2187.4409   31.5157
   -7.5000  -37.5000   -7.5000 2337.5410   27.6432
    0.0000  -37.5000   -7.5000 2336.7046   27.8544
    7.5000  -37.5000   -7.5000 2306.9863   28.4516
   -7.5000  -30.0000   -7.5000 2450.5830   25.3922
    0.0000  -30.0000   -7.5000 2447.7808   25.5579
    7.5000  -30.0000   -7.5000 2411.7871   26.0962
   -7.5000  -22.5000   -7.5000 2558.7114   23.5906
    0.0000  -22.5000   -7.5000 2552.6133   23.7248
    7.5000  -22.5000   -7.5000 2518.7168   24.2664
   -7.5000  -15.0000   -7.5000 2616.9399   22.1875
    0.0000  -15.0000   -7.5000 2608.4885   22.3562
    7.5000  -15.0000   -7.5000 2573.6731   22.8517
   -7.5000   -7.5000   -7.5000 2646.2383   21.2818
    0.0000   -7.5000   -7.5000 2633.1929   21.4566
    7.5000   -7.5000   -7.5000 2609.8298   21.9411
   -7.5000    0.0000   -7.5000 2673.4734   21.1475
    0.0000    0.0000   -7.5000 2658.9807   21.2435
    7.5000    0.0000   -7.5000 2632.2053   21.6764
   -7.5000    7.5000   -7.5000 2674.8254   21.5345
    0.0000    7.5000   -7.5000 2670.9775   21.5638
    7.5000    7.5000   -7.5000 2637.0583   21.9744
   -7.5000   15.0000   -7.5000 2655.5710   22.4839
    0.0000   15.0000   -7.5000 2659.3765   22.5184
    7.5000   15.0000   -7.5000 2623.5012   22.9698
   -7.5000   22.5000   -7.5000 2594.2791   23.7587
    0.0000   22.5000   -7.5000 2595.5789   23.7275
    7.5000   22.5000   -7.5000 2564.0898   24.2258
   -7.5000   30.0000   -7.5000 2493.0913   25.4167
    0.0000   30.0000   -7.5000 2494.8386   25.4029
    7.5000   30.0000   -7.5000 2465.0669   25.9369
   -7.5000   37.5000   -7.5000 2380.4377   27.5664
    0.0000   37.5000   -7.5000 2384.5576   27.5574
    7.5000   37.5000   -7.5000 2347.3442   28.0896
   -7.5000   45.0000   -7.5000 2224.9980   30.4379
    0.0000   45.0000   -7.5000 2228.4456   30.3617
    7.5000   45.0000   -7.5000 2199.4944   30.9347
   -7.5000  -45.0000    0.0000 2237.0461   29.7790
    0.0000  -45.0000    0.0000 2218.4438   29.7183
    7.5000  -45.0000    0.0000 2209.3650   30.5530
   -7.5000  -37.5000    0.0000 2361.3958   26.7958
    0.0000  -37.5000    0.0000 2350.5017   26.7699
    7.5000  -37.5000    0.0000 2336.2065   27.4893
   -7.5000  -30.0000    0.0000 2476.8542   24.5664
    0.0000  -30.0000    0.0000 2472.1526   24.6006
    7.5000  -30.0000    0.0000 2454.1917   25.1903
   -7.5000  -22.5000    0.0000 2593.7634   22.8409
    0.0000  -22.5000    0.0000 2588.3748   22.9294
    7.5000  -22.5000    0.0000 2567.3601   23.5104
   -7.5000  -15.0000    0.0000 2671.7844   21.2997
    0.0000  -15.0000    0.0000 2672.4482   21.4605
    7.5000  -15.0000    0.0000 2627.1433   22.0125
   -7.5000   -7.5000    0.0000 2706.4309   20.1291
    0.0000   -7.5000    0.0000 2703.1877   20.3560
    7.5000   -7.5000    0.0000 2665.1821   20.9678
   -7.5000    0.0000    0.0000 2743.7244   20.0240
    0.0000    0.0000    0.0000 2737.2305   20.1220
    7.5000    0.0000    0.0000 2707.1580   20.6992
   -7.5000    7.5000    0.0000 2742.5623   20.4281
    0.0000    7.5000    0.0000 2751.9580   20.4752
    7.5000    7.5000    0.0000 2720.9741   21.0137
   -7.5000   15.0000    0.0000 2712.0085   21.4427
    0.0000   15.0000    0.0000 2715.1846   21.4094
    7.5000   15.0000    0.0000 2691.0010   22.0020
   -7.5000   22.5000    0.0000 2649.6729   22.7476
    0.0000   22.5000    0.0000 2655.3503   22.7112
    7.5000   22.5000    0.0000 2623.2517   23.2527
   -7.5000   30.0000    0.0000 2541.7634   24.2982
    0.0000   30.0000    0.0000 2547.6062   24.3455
    7.5000   30.0000    0.0000 2517.2988   24.8820
   -7.5000   37.5000    0.0000 2429.5459   26.4384
    0.0000   37.5000    0.0000 2434.2341   26.4423
    7.5000   37.5000    0.0000 2399.5107   26.9882
   -7.5000   45.0000    0.0000 2273.3428   29.1826
    0.0000   45.0000    0.0000 2275.3723   29.1685
    7.5000   45.0000    0.0000 2251.0425   29.7707
   -7.5000  -45.0000    7.5000 2247.9209   29.3738
    0.0000  -45.0000    7.5000 2235.8367   29.0231
    7.5000  -45.0000    7.5000 2223.2085   29.8945
   -7.5000  -37.5000    7.5000 2377.2234   26.3423
    0.0000  -37.5000    7.5000 2364.2439   26.0329
    7.5000  -37.5000    7.5000 2348.9355   26.8280
   -7.5000  -30.0000    7.5000 2494.6780   24.1030
    0.0000  -30.0000    7.5000 2490.2410   23.8656
    7.5000  -30.0000    7.5000 2473.5498   24.6142
   -7.5000  -22.5000    7.5000 2613.1355   22.4237
    0.0000  -22.5000    7.5000 2611.3013   22.3002
    7.5000  -22.5000    7.5000 2588.9360   22.9417
   -7.5000  -15.0000    7.5000 2707.5840   21.0120
    0.0000  -15.0000    7.5000 2718.6885   20.9920
    7.5000  -15.0000    7.5000 2670.7485   21.5341
   -7.5000   -7.5000    7.5000 2752.4468   19.4095
    0.0000   -7.5000    7.5000 2770.2573   19.6077
    7.5000   -7.5000    7.5000 2728.7656   20.3967
   -7.5000    0.0000    7.5000 2786.9067   19.1123
    0.0000    0.0000    7.5000 2814.0017   19.2352
    7.5000    0.0000    7.5000 2770.6956   20.0087
   -7.5000    7.5000    7.5000 2795.2988   19.7109
    0.0000    7.5000    7.5000 2832.6738   19.8007
    7.5000    7.5000    7.5000 2793.4937   20.4754
   -7.5000   15.0000    7.5000 2761.3787   20.8315
    0.0000   15.0000    7.5000 2780.7231   20.8274
    7.5000   15.0000    7.5000 2744.9478   21.3866
   -7.5000   22.5000    7.5000 2689.3176   22.0772
    0.0000   22.5000    7.5000 2696.9226   22.0479
    7.5000   22.5000    7.5000 2668.7480   22.5276
   -7.5000   30.0000    7.5000 2580.1060   23.6523
    0.0000   30.0000    7.5000 2584.2844   23.6332
    7.5000   30.0000    7.5000 2552.3667   24.1166
   -7.5000   37.5000    7.5000 2456.8687   25.7048
    0.0000   37.5000    7.5000 2468.1672   25.7063
    7.5000   37.5000    7.5000 2432.8711   26.1703
   -7.5000   45.0000    7.5000 2300.5588   28.4348
    0.0000   45.0000    7.5000 2310.8577   28.4449
    7.5000   45.0000    7.5000 2283.9612   28.9862
   -7.5000  -45.0000   15.0000 2243.2505   29.3296
    0.0000  -45.0000   15.0000 2227.8813   28.7178
    7.5000  -45.0000   15.0000 2218.1919   29.6416
   -7.5000  -37.5000   15.0000 2372.8679   26.2410
    0.0000  -37.5000   15.0000 2364.4807   25.7153
    7.5000  -37.5000   15.0000 2346.6594   26.5473
   -7.5000  -30.0000   15.0000 2498.3750   23.9082
    0.0000  -30.0000   15.0000 2490.2048   23.4554
    7.5000  -30.0000   15.0000 2472.3918   24.3293
   -7.5000  -22.5000   15.0000 2613.4702   22.2441
    0.0000  -22.5000   15.0000 2607.4421   21.8509
    7.5000  -22.5000   15.0000 2595.0247   22.6805
   -7.5000  -15.0000   15.0000 2715.3923   21.0163
    0.0000  -15.0000   15.0000 2724.8948   20.6831
    7.5000  -15.0000   15.0000 2703.6067   21.4066
   -7.5000   -7.5000   15.0000 2767.7522   19.5091
    0.0000   -7.5000   15.0000 2796.5493   19.3654
    7.5000   -7.5000   15.0000 2763.9182   20.1614
   -7.5000    0.0000   15.0000 2814.9792   18.9867
    0.0000    0.0000   15.0000 2848.9424   18.9056
    7.5000    0.0000   15.0000 2809.9299   19.6875
   -7.5000    7.5000   15.0000 2831.0190   19.6471
    0.0000    7.5000   15.0000 2865.9277   19.5043
    7.5000    7.5000   15.0000 2819.7891   20.0488
   -7.5000   15.0000   15.0000 2786.3359   20.7096
    0.0000   15.0000   15.0000 2801.1641   20.5463
    7.5000   15.0000   15.0000 2764.5383   21.0185
   -7.5000   22.5000   15.0000 2704.1123   21.8452
    0.0000   22.5000   15.0000 2714.2336   21.6862
    7.5000   22.5000   15.0000 2684.5266   22.1362
   -7.5000   30.0000   15.0000 2592.2070   23.3184
    0.0000   30.0000   15.0000 2596.7515   23.2779
    7.5000   30.0000   15.0000 2568.5090   23.7386
   -7.5000   37.5000   15.0000 2469.4492   25.3582
    0.0000   37.5000   15.0000 2472.4402   25.3227
    7.5000   37.5000   15.0000 2441.7495   25.7713
   -7.5000   45.0000   15.0000 2318.8633   28.1224
    0.0000   45.0000   15.0000 2318.5891   28.0085
    7.5000   45.0000   15.0000 2298.3523   28.5104
   -7.5000  -45.0000   22.5000 2225.3572   29.4016
    0.0000  -45.0000   22.5000 2217.8357   28.8974
    7.5000  -45.0000   22.5000 2202.6829   29.7218
   -7.5000  -37.5000   22.5000 2351.0334   26.3090
    0.0000  -37.5000   22.5000 2352.0671   25.8203
    7.5000  -37.5000   22.5000 2339.1238   26.6513
   -7.5000  -30.0000   22.5000 2469.6750   24.1153
    0.0000  -30.0000   22.5000 2469.7356   23.6286
    7.5000  -30.0000   22.5000 2468.3936   24.4619
   -7.5000  -22.5000   22.5000 2598.0112   22.5695
    0.0000  -22.5000   22.5000 2594.3997   22.0857
    7.5000  -22.5000   22.5000 2589.9602   22.8158
   -7.5000  -15.0000   22.5000 2704.4746   21.2390
    0.0000  -15.0000   22.5000 2716.7622   20.8842
    7.5000  -15.0000   22.5000 2700.4192   21.4898
   -7.5000   -7.5000   22.5000 2767.1624   20.0099
    0.0000   -7.5000   22.5000 2780.1555   19.5314
    7.5000   -7.5000   22.5000 2749.3813   20.1360
   -7.5000    0.0000   22.5000 2813.8979   19.6116
    0.0000    0.0000   22.5000 2829.3230   19.0658
    7.5000    0.0000   22.5000 2795.0930   19.5813
   -7.5000    7.5000   22.5000 2819.1167   19.9598
    0.0000    7.5000   22.5000 2842.4966   19.5945
    7.5000    7.5000   22.5000 2802.4531   19.8828
   -7.5000   15.0000   22.5000 2771.7957   20.8425
    0.0000   15.0000   22.5000 2784.2712   20.6325
    7.5000   15.0000   22.5000 2747.0217   20.9342
   -7.5000   22.5000   22.5000 2699.6589   21.9175
    0.0000   22.5000   22.5000 2704.6584   21.8047
    7.5000   22.5000   22.5000 2675.4944   22.1868
   -7.5000   30.0000   22.5000 2584.6238   23.3717
    0.0000   30.0000   22.5000 2589.1914   23.3629
    7.5000   30.0000   22.5000 2567.1880   23.7586
   -7.5000   37.5000   22.5000 2461.5903   25.3505
    0.0000   37.5000   22.5000 2470.1914   25.3463
    7.5000   37.5000   22.5000 2440.0425   25.7458
   -7.5000   45.0000   22.5000 2314.5000   27.9257
    0.0000   45.0000   22.5000 2316.6570   27.9299
    7.5000   45.0000   22.5000 2288.2466   28.3077
   -7.5000  -45.0000   30.0000 2184.6079   30.0296
    0.0000  -45.0000   30.0000 2192.6748   29.5456
    7.5000  -45.0000   30.0000 2184.2893   30.2243
   -7.5000  -37.5000   30.0000 2318.0383   26.9233
    0.0000  -37.5000   30.0000 2334.4912   26.5538
    7.5000  -37.5000   30.0000 2318.4404   27.1342
   -7.5000  -30.0000   30.0000 2444.5989   24.8408
    0.0000  -30.0000   30.0000 2456.9360   24.5103
    7.5000  -30.0000   30.0000 2439.5374   24.9519
   -7.5000  -22.5000   30.0000 2574.2749   23.2694
    0.0000  -22.5000   30.0000 2584.5798   22.9654
    7.5000  -22.5000   30.0000 2565.5579   23.3968
   -7.5000  -15.0000   30.0000 2671.3635   21.8570
    0.0000  -15.0000   30.0000 2674.8914   21.3757
    7.5000  -15.0000   30.0000 2656.2952   21.9139
   -7.5000   -7.5000   30.0000 2737.1963   20.6401
    0.0000   -7.5000   30.0000 2742.4116   20.1558
    7.5000   -7.5000   30.0000 2713.0251   20.6516
   -7.5000    0.0000   30.0000 2780.9822   20.2302
    0.0000    0.0000   30.0000 2793.2673   19.8553
    7.5000    0.0000   30.0000 2765.5469   20.1842
   -7.5000    7.5000   30.0000 2780.9368   20.5306
    0.0000    7.5000   30.0000 2800.6743   20.2643
    7.5000    7.5000   30.0000 2765.5774   20.4762
   -7.5000   15.0000   30.0000 2727.1213   21.4117
    0.0000   15.0000   30.0000 2742.1052   21.2356
    7.5000   15.0000   30.0000 2705.0806   21.4333
   -7.5000   22.5000   30.0000 2657.7837   22.5732
    0.0000   22.5000   30.0000 2667.9067   22.4426
    7.5000   22.5000   30.0000 2633.5659   22.7058
   -7.5000   30.0000   30.0000 2552.0457   23.9043
    0.0000   30.0000   30.0000 2562.0408   23.8631
    7.5000   30.0000   30.0000 2534.6531   24.2102
   -7.5000   37.5000   30.0000 2430.7576   25.7058
    0.0000   37.5000   30.0000 2441.2324   25.6927
    7.5000   37.5000   30.0000 2416.2009   26.1639
   -7.5000   45.0000   30.0000 2278.1055   28.1469
    0.0000   45.0000   30.0000 2279.2710   28.0405
    7.5000   45.0000   30.0000 2258.0317   28.5899
   -7.5000  -45.0000   37.5000 2147.6523   31.1523
    0.0000  -45.0000   37.5000 2171.7544   30.9206
    7.5000  -45.0000   37.5000 2151.9868   31.3547
   -7.5000  -37.5000   37.5000 2293.9082   28.0715
    0.0000  -37.5000   37.5000 2317.4812   27.8102
    7.5000  -37.5000   37.5000 2294.4167   28.1228
   -7.5000  -30.0000   37.5000 2419.5559   25.8662
    0.0000  -30.0000   37.5000 2442.2583   25.6443
    7.5000  -30.0000   37.5000 2423.7705   25.9820
   -7.5000  -22.5000   37.5000 2533.4414   24.0272
    0.0000  -22.5000   37.5000 2553.6050   23.7427
    7.5000  -22.5000   37.5000 2537.5188   24.1850
   -7.5000  -15.0000   37.5000 2629.6301   22.5338
    0.0000  -15.0000   37.5000 2642.0513   22.0332
    7.5000  -15.0000   37.5000 2613.7070   22.5528
   -7.5000   -7.5000   37.5000 2698.5229   21.4408
    0.0000   -7.5000   37.5000 2711.4414   21.0487
    7.5000   -7.5000   37.5000 2683.1531   21.5289
   -7.5000    0.0000   37.5000 2733.4900   21.0250
    0.0000    0.0000   37.5000 2748.0789   20.7499
    7.5000    0.0000   37.5000 2724.1233   21.1218
   -7.5000    7.5000   37.5000 2729.2776   21.3660
    0.0000    7.5000   37.5000 2747.9312   21.0775
    7.5000    7.5000   37.5000 2725.7070   21.3835
   -7.5000   15.0000   37.5000 2673.9009   22.2271
    0.0000   15.0000   37.5000 2678.7683   21.9881
    7.5000   15.0000   37.5000 2657.5029   22.3241
   -7.5000   22.5000   37.5000 2605.5413   23.4711
    0.0000   22.5000   37.5000 2615.3496   23.2975
    7.5000   22.5000   37.5000 2588.2095   23.6371
   -7.5000   30.0000   37.5000 2501.3708   24.8462
    0.0000   30.0000   37.5000 2516.1326   24.8044
    7.5000   30.0000   37.5000 2489.4707   25.1508
   -7.5000   37.5000   37.5000 2382.5684   26.6513
    0.0000   37.5000   37.5000 2389.1875   26.6070
    7.5000   37.5000   37.5000 2366.4312   26.9946
   -7.5000   45.0000   37.5000 2227.4119   29.0340
    0.0000   45.0000   37.5000 2231.2263   28.9446
    7.5000   45.0000   37.5000 2211.2346   29.3456
   -7.5000  -45.0000   45.0000 2112.8965   32.8537
    0.0000  -45.0000   45.0000 2140.9644   32.4802
    7.5000  -45.0000   45.0000 2125.8457   32.9521
   -7.5000  -37.5000   45.0000 2255.2766   29.5016
    0.0000  -37.5000   45.0000 2281.9531   29.1770
    7.5000  -37.5000   45.0000 2268.6189   29.5802
   -7.5000  -30.0000   45.0000 2368.8044   26.9066
    0.0000  -30.0000   45.0000 2396.8506   26.6377
    7.5000  -30.0000   45.0000 2382.9609   27.0292
   -7.5000  -22.5000   45.0000 2482.6096   25.0255
    0.0000  -22.5000   45.0000 2502.6641   24.5969
    7.5000  -22.5000   45.0000 2486.3247   25.0400
   -7.5000  -15.0000   45.0000 2570.0889   23.4698
    0.0000  -15.0000   45.0000 2589.2949   23.0593
    7.5000  -15.0000   45.0000 2561.0940   23.5679
   -7.5000   -7.5000   45.0000 2640.1970   22.4606
    0.0000   -7.5000   45.0000 2652.1477   22.1713
    7.5000   -7.5000   45.0000 2630.6775   22.6203
   -7.5000    0.0000   45.0000 2663.6873   22.0941
    0.0000    0.0000   45.0000 2676.5090   21.8496
    7.5000    0.0000   45.0000 2648.3728   22.1832
   -7.5000    7.5000   45.0000 2660.6716   22.3740
    0.0000    7.5000   45.0000 2676.0164   22.1343
    7.5000    7.5000   45.0000 2658.7375   22.4314
   -7.5000   15.0000   45.0000 2611.3335   23.2631
    0.0000   15.0000   45.0000 2622.5498   23.0212
    7.5000   15.0000   45.0000 2602.7791   23.3529
   -7.5000   22.5000   45.0000 2542.7517   24.4722
    0.0000   22.5000   45.0000 2554.0703   24.2742
    7.5000   22.5000   45.0000 2530.7891   24.6410
   -7.5000   30.0000   45.0000 2443.5505   25.9323
    0.0000   30.0000   45.0000 2453.8369   25.8610
    7.5000   30.0000   45.0000 2431.9023   26.2667
   -7.5000   37.5000   45.0000 2312.1855   27.8451
    0.0000   37.5000   45.0000 2313.9629   27.7140
    7.5000   37.5000   45.0000 2296.1343   28.0614
   -7.5000   45.0000   45.0000 2164.2681   30.2334
    0.0000   45.0000   45.0000 2169.5840   30.1663
    7.5000   45.0000   45.0000 2151.2131   30.4750

---------------------------------------------------------------------
imgreg_4dfp /opt/freesurfer/average/711-2C_as_mni_average_305 /opt/freesurfer/average/711-2B_as_mni_average_305_mask talsrcimg_g11 none talsrcimg_to_711-2C_as_mni_average_305_t4 1283
---------------------------------------------------------------------

freesurfer imgreg_4dfp.c
/opt/freesurfer/average/711-2C_as_mni_average_305.4dfp.img
       256       256       256         1
  1.000000  1.000000  1.000000
orientation T byte_order littleendian
Reading image: /opt/freesurfer/average/711-2C_as_mni_average_305.4dfp.img
dimensions:      256       256       256
mmppix:       1.0000   -1.0000   -1.0000
center:     128.0000 -129.0000 -129.0000
/opt/freesurfer/average/711-2B_as_mni_average_305_mask.4dfp.img
       256       256       256         1
  1.000000  1.000000  1.000000
orientation T byte_order littleendian
Reading mask: /opt/freesurfer/average/711-2B_as_mni_average_305_mask.4dfp.img (2306576 pixels)
talsrcimg_g11.4dfp.img
       256       256       256         1
  1.000000  1.000000  1.000000
orientation T byte_order littleendian
Reading image: talsrcimg_g11.4dfp.img
dimensions:      256       256       256
mmppix:       1.0000   -1.0000   -1.0000
center:     128.0000 -129.0000 -129.0000
rotation matrix determinant  1.000000
fimgreg.f
image alignment mode   1283 decimal      503 hex
parameters
    0.0000    7.5000   15.0000    0.0000    0.0000    0.0000
eta,q 0.89512 19.54154
niter,ni,del,rscale     5    3   12.0000    1.2000
parameter  5  0.757445 ->  0.500000 qaram    1.1500
parameters
    0.5586    5.0604   14.3503    1.0168   -3.4500    2.2128
eta,q 0.90543 18.89233
  0.1180  0.1075  0.1048  0.1140  0.0963  0.1019
  0.1124  0.1021  0.1002  0.1085  0.0952  0.0997
  0.1069  0.1007  0.0984  0.1025  0.0964  0.0972
  0.1055  0.1049  0.1012  0.0994  0.0990  0.0953
  0.1071  0.1099  0.1032  0.0996  0.1024  0.0946
  0.1101  0.1153  0.1024  0.1031  0.1064  0.0951
  0.1136  0.1231  0.1043  0.1071  0.1123  0.0968
niter,ni,del,rscale     5    3   12.0000    1.2000
parameters
    1.2837    4.0881   15.3383    2.1375   -5.9713    1.7079
eta,q 0.90543 18.96351
  0.1060  0.1026  0.1046  0.1076  0.0971  0.1000
  0.1015  0.0998  0.0963  0.1020  0.0959  0.0973
  0.0978  0.0944  0.0907  0.0977  0.0946  0.0952
  0.0946  0.0940  0.0931  0.0956  0.0952  0.0947
  0.0938  0.0987  0.0969  0.0955  0.0981  0.0959
  0.0965  0.1037  0.0957  0.0976  0.1015  0.0990
  0.1032  0.1105  0.0957  0.1011  0.1051  0.1019
niter,ni,del,rscale     4    3   12.0000    1.2000
parameters
    0.0396    4.4169   17.1699    0.3097   -6.7026    1.1044
eta,q 0.90607 18.96918
  0.1001  0.1112  0.1049  0.0998  0.1005  0.0987
  0.0956  0.1050  0.0988  0.0949  0.0946  0.0957
  0.0953  0.0961  0.0963  0.0936  0.0937  0.0941
  0.0946  0.0951  0.0959  0.0961  0.0937  0.0938
  0.0965  0.0987  0.0961  0.0995  0.0934  0.0947
  0.1021  0.1019  0.0953  0.1024  0.0974  0.0972
  0.1059  0.1076  0.0972  0.1051  0.1054  0.1014
niter,ni,del,rscale     3    3   12.0000    1.2000
parameters
   -0.1226    4.3082   16.5922    0.4964   -6.6279    1.1221
eta,q 0.90602 18.90025
  0.1090  0.1079  0.0979  0.1047  0.1034  0.1001
  0.1000  0.1015  0.0950  0.0998  0.0962  0.0969
  0.0936  0.0972  0.0935  0.0951  0.0932  0.0945
  0.0939  0.0938  0.0939  0.0938  0.0939  0.0940
  0.0953  0.0956  0.0939  0.0963  0.0936  0.0942
  0.1010  0.1023  0.0965  0.0997  0.0957  0.0964
  0.1105  0.1096  0.1001  0.1025  0.1029  0.1004
niter,ni,del,rscale     2    3   12.0000    1.2000
parameters
   -0.3093    4.4037   16.6894    0.4514   -6.5443    1.2774
eta,q 0.90617 18.90663
  0.1074  0.1090  0.0994  0.1042  0.1034  0.1003
  0.0999  0.1025  0.0962  0.0990  0.0960  0.0969
  0.0934  0.0971  0.0939  0.0943  0.0930  0.0945
  0.0940  0.0938  0.0938  0.0939  0.0938  0.0939
  0.0951  0.0961  0.0939  0.0968  0.0936  0.0941
  0.1003  0.1014  0.0953  0.1001  0.0955  0.0960
  0.1096  0.1086  0.0994  0.1031  0.1027  0.1000
niter,ni,del,rscale     1    3   12.0000    1.2000
parameters
   -0.3278    4.4036   16.6866    0.4654   -6.5514    1.2925
eta,q 0.90618 18.90644
  0.1085  0.1086  0.0992  0.1045  0.1031  0.1000
  0.1007  0.1021  0.0960  0.0992  0.0958  0.0967
  0.0937  0.0970  0.0937  0.0944  0.0930  0.0944
  0.0938  0.0938  0.0938  0.0938  0.0938  0.0938
  0.0948  0.0960  0.0938  0.0966  0.0936  0.0941
  0.0997  0.1018  0.0955  0.1000  0.0957  0.0962
  0.1091  0.1091  0.0995  0.1030  0.1031  0.1003
registration optimization eta report
parameter search radius
    6.0000    6.0000    6.0000    6.0000    6.9000    6.0000
100000*second partial in parameter space
       44.       40.       17.       27.       22.       18.
  0.1085  0.1086  0.0992  0.1045  0.1031  0.1000
  0.1007  0.1021  0.0960  0.0992  0.0958  0.0967
  0.0937  0.0970  0.0937  0.0944  0.0930  0.0944
  0.0938  0.0938  0.0938  0.0938  0.0938  0.0938
  0.0948  0.0960  0.0938  0.0966  0.0936  0.0941
  0.0997  0.1018  0.0955  0.1000  0.0957  0.0962
  0.1091  0.1091  0.0995  0.1030  0.1031  0.1003
   -0.3278    4.4036   16.6866    0.4654   -6.5514    1.2925
eta,q 0.90618 18.90644

---------------------------------------------------------------------
imgreg_4dfp /opt/freesurfer/average/711-2C_as_mni_average_305 /opt/freesurfer/average/711-2B_as_mni_average_305_mask talsrcimg_g11 none talsrcimg_to_711-2C_as_mni_average_305_t4 3335
---------------------------------------------------------------------

freesurfer imgreg_4dfp.c
/opt/freesurfer/average/711-2C_as_mni_average_305.4dfp.img
       256       256       256         1
  1.000000  1.000000  1.000000
orientation T byte_order littleendian
Reading image: /opt/freesurfer/average/711-2C_as_mni_average_305.4dfp.img
dimensions:      256       256       256
mmppix:       1.0000   -1.0000   -1.0000
center:     128.0000 -129.0000 -129.0000
/opt/freesurfer/average/711-2B_as_mni_average_305_mask.4dfp.img
       256       256       256         1
  1.000000  1.000000  1.000000
orientation T byte_order littleendian
Reading mask: /opt/freesurfer/average/711-2B_as_mni_average_305_mask.4dfp.img (2306576 pixels)
talsrcimg_g11.4dfp.img
       256       256       256         1
  1.000000  1.000000  1.000000
orientation T byte_order littleendian
Reading image: talsrcimg_g11.4dfp.img
dimensions:      256       256       256
mmppix:       1.0000   -1.0000   -1.0000
center:     128.0000 -129.0000 -129.0000
fimgreg.f
image alignment mode   3335 decimal      D07 hex
parameters
   -0.3278    4.4036   16.6866   -0.6783   -0.0266   -0.6563
   -2.1630   11.4246    2.2409   -0.5547  -11.4095    0.8069
eta,q 0.90768 19.04051
niter,ni,del,rscale     5    3    5.0000    1.2000
parameter  4  3.859816 ->  0.500000 qaram    1.1500
parameter  5  1.054956 ->  0.500000 qaram    1.1500
parameter  6  1.579117 ->  0.500000 qaram    1.1500
parameter 10 -1.736849 -> -0.500000 qaram    1.1500
parameter 12 -0.748341 -> -0.500000 qaram    1.1500
parameters
   -0.1223    4.6504   16.8358   -4.8183   -4.1666   -4.7963
   -1.7001   12.3049    3.0476    3.5853   -8.8286    4.9469
eta,q 0.92989 18.92962
  0.0952  0.0940  0.0938  0.0788  0.0793  0.0717  0.0769  0.0818  0.0750  0.0793  0.0754  0.0760
  0.0937  0.0937  0.0929  0.0817  0.0795  0.0739  0.0758  0.0785  0.0747  0.0780  0.0735  0.0743
  0.0928  0.0931  0.0924  0.0862  0.0814  0.0766  0.0750  0.0760  0.0746  0.0763  0.0722  0.0726
  0.0923  0.0923  0.0921  0.0921  0.0828  0.0799  0.0746  0.0745  0.0744  0.0743  0.0715  0.0713
  0.0924  0.0919  0.0922  0.0986  0.0855  0.0839  0.0747  0.0746  0.0743  0.0724  0.0713  0.0704
  0.0931  0.0924  0.0926  0.1044  0.0900  0.0893  0.0753  0.0762  0.0745  0.0714  0.0715  0.0701
  0.0944  0.0941  0.0935  0.1096  0.0936  0.0955  0.0765  0.0793  0.0748  0.0717  0.0721  0.0705
niter,ni,del,rscale     7    3    5.0000    1.2000
parameter  2  0.796912 ->  0.500000 qaram    1.1500
parameter  4  1.040181 ->  0.500000 qaram    1.3225
parameter  5  1.621985 ->  0.500000 qaram    1.3225
parameter  6  0.563623 ->  0.500000 qaram    1.3225
parameters
    0.6473    3.2704   17.2242   -9.5793   -8.9276   -9.5573
   -1.2951   11.6917    4.3293    3.5569   -6.3248    7.3732
eta,q 0.94292 18.41807
  0.0765  0.0679  0.0716  0.0615  0.0562  0.0576  0.0596  0.0603  0.0588  0.0616  0.0584  0.0600
  0.0737  0.0683  0.0699  0.0631  0.0587  0.0573  0.0584  0.0586  0.0581  0.0592  0.0579  0.0587
  0.0715  0.0687  0.0689  0.0652  0.0603  0.0577  0.0577  0.0575  0.0576  0.0575  0.0575  0.0577
  0.0701  0.0696  0.0683  0.0683  0.0636  0.0589  0.0573  0.0573  0.0573  0.0573  0.0573  0.0572
  0.0696  0.0717  0.0684  0.0734  0.0660  0.0611  0.0575  0.0579  0.0573  0.0584  0.0572  0.0571
  0.0702  0.0746  0.0689  0.0805  0.0715  0.0651  0.0581  0.0593  0.0575  0.0597  0.0573  0.0574
  0.0716  0.0778  0.0700  0.0881  0.0761  0.0714  0.0592  0.0617  0.0580  0.0611  0.0575  0.0579
niter,ni,del,rscale     7    3    5.0000    1.2000
parameter  2  0.907687 ->  0.500000 qaram    1.3225
parameter  3  0.868048 ->  0.500000 qaram    1.1500
parameter  4  0.733337 ->  0.500000 qaram    1.5209
parameter  5 -2.338663 ->  0.500000 qaram    1.5209
parameter 12  2.455417 ->  0.500000 qaram    1.3225
parameters
    0.6174    1.6834   15.8442  -15.0545  -14.4028  -10.5697
   -1.6672   11.5078    2.6751    1.2907   -8.3131    2.6122
eta,q 0.96143 18.03563
  0.0599  0.0550  0.0546  0.0520  0.0372  0.0454  0.0449  0.0464  0.0435  0.0451  0.0423  0.0374
  0.0584  0.0555  0.0547  0.0523  0.0412  0.0440  0.0437  0.0444  0.0429  0.0427  0.0421  0.0382
  0.0574  0.0561  0.0550  0.0532  0.0471  0.0430  0.0430  0.0431  0.0427  0.0420  0.0420  0.0398
  0.0571  0.0571  0.0556  0.0548  0.0525  0.0427  0.0427  0.0427  0.0427  0.0426  0.0420  0.0420
  0.0574  0.0589  0.0566  0.0569  0.0547  0.0430  0.0431  0.0433  0.0432  0.0443  0.0422  0.0444
  0.0584  0.0616  0.0578  0.0605  0.0587  0.0444  0.0440  0.0446  0.0438  0.0467  0.0425  0.0468
  0.0601  0.0645  0.0594  0.0665  0.0610  0.0479  0.0455  0.0467  0.0448  0.0500  0.0429  0.0490
niter,ni,del,rscale     7    3    5.0000    1.2000
parameter  2  0.632024 ->  0.500000 qaram    1.5209
parameter  3  0.561421 ->  0.500000 qaram    1.3225
parameter  6 -0.596508 -> -0.500000 qaram    1.5209
parameter 12  0.599585 ->  0.500000 qaram    1.5209
parameters
    0.5061   -0.1417   14.2572  -15.9761  -18.5058   -5.0946
   -2.6885   12.2848    3.6863    1.6203  -11.1611   -2.8630
eta,q 0.96694 18.28839
  0.0418  0.0373  0.0353  0.0389  0.0401  0.0414  0.0358  0.0390  0.0363  0.0395  0.0341  0.0333
  0.0400  0.0357  0.0350  0.0366  0.0372  0.0389  0.0347  0.0365  0.0351  0.0367  0.0339  0.0330
  0.0389  0.0361  0.0351  0.0352  0.0349  0.0367  0.0341  0.0348  0.0343  0.0348  0.0338  0.0332
  0.0386  0.0386  0.0356  0.0350  0.0349  0.0352  0.0340  0.0340  0.0340  0.0340  0.0340  0.0338
  0.0391  0.0429  0.0366  0.0359  0.0417  0.0342  0.0346  0.0343  0.0340  0.0342  0.0342  0.0349
  0.0404  0.0484  0.0381  0.0377  0.0520  0.0341  0.0356  0.0354  0.0345  0.0357  0.0347  0.0363
  0.0424  0.0539  0.0401  0.0403  0.0575  0.0347  0.0370  0.0372  0.0353  0.0390  0.0352  0.0386
niter,ni,del,rscale     7    3    5.0000    1.2000
parameters
    0.3889    0.7226   15.1133  -15.0751  -20.6551   -4.9129
   -2.8690   12.2448    4.3153    3.9711  -10.6598   -4.3953
eta,q 0.96696 18.26310
  0.0363  0.0429  0.0363  0.0371  0.0404  0.0386  0.0357  0.0372  0.0352  0.0396  0.0338  0.0351
  0.0345  0.0382  0.0346  0.0347  0.0371  0.0358  0.0344  0.0352  0.0343  0.0363  0.0335  0.0337
  0.0333  0.0348  0.0333  0.0331  0.0344  0.0339  0.0337  0.0339  0.0337  0.0343  0.0333  0.0330
  0.0331  0.0330  0.0326  0.0325  0.0325  0.0334  0.0335  0.0335  0.0335  0.0334  0.0332  0.0332
  0.0336  0.0327  0.0325  0.0329  0.0338  0.0338  0.0338  0.0340  0.0335  0.0332  0.0332  0.0337
  0.0349  0.0337  0.0329  0.0339  0.0435  0.0345  0.0347  0.0353  0.0339  0.0336  0.0334  0.0348
  0.0369  0.0367  0.0337  0.0357  0.0550  0.0390  0.0359  0.0372  0.0347  0.0349  0.0337  0.0365
niter,ni,del,rscale     6    3    5.0000    1.2000
parameters
    0.3746    1.6486   14.9036  -15.2560  -21.8552   -4.8015
   -3.0519   12.2177    4.7302    6.2764  -10.2256   -6.6159
eta,q 0.96710 18.20132
  0.0363  0.0410  0.0345  0.0363  0.0412  0.0386  0.0354  0.0367  0.0348  0.0381  0.0337  0.0347
  0.0345  0.0371  0.0334  0.0341  0.0379  0.0358  0.0342  0.0349  0.0340  0.0356  0.0334  0.0334
  0.0334  0.0345  0.0328  0.0329  0.0349  0.0338  0.0335  0.0337  0.0335  0.0341  0.0332  0.0329
  0.0330  0.0330  0.0327  0.0326  0.0326  0.0333  0.0333  0.0333  0.0333  0.0333  0.0331  0.0331
  0.0334  0.0327  0.0330  0.0333  0.0321  0.0335  0.0336  0.0338  0.0334  0.0331  0.0331  0.0338
  0.0346  0.0335  0.0338  0.0342  0.0382  0.0345  0.0344  0.0350  0.0338  0.0334  0.0333  0.0349
  0.0364  0.0357  0.0350  0.0365  0.0516  0.0393  0.0355  0.0367  0.0344  0.0346  0.0336  0.0367
niter,ni,del,rscale     5    3    5.0000    1.2000
parameters
    0.2208    2.4101   14.4057  -15.5226  -22.9337   -5.1866
   -3.1942   11.9244    5.2630    8.8247  -10.7589   -8.7642
eta,q 0.96742 18.11838
  0.0357  0.0397  0.0342  0.0361  0.0404  0.0383  0.0350  0.0363  0.0342  0.0375  0.0332  0.0343
  0.0341  0.0363  0.0332  0.0340  0.0374  0.0354  0.0340  0.0345  0.0336  0.0353  0.0330  0.0331
  0.0331  0.0340  0.0327  0.0328  0.0347  0.0335  0.0333  0.0334  0.0333  0.0339  0.0328  0.0326
  0.0329  0.0329  0.0326  0.0326  0.0326  0.0331  0.0331  0.0331  0.0331  0.0331  0.0327  0.0327
  0.0334  0.0327  0.0331  0.0333  0.0317  0.0334  0.0334  0.0337  0.0331  0.0327  0.0328  0.0334
  0.0346  0.0335  0.0341  0.0342  0.0366  0.0349  0.0341  0.0350  0.0334  0.0329  0.0330  0.0345
  0.0365  0.0357  0.0356  0.0364  0.0499  0.0400  0.0352  0.0367  0.0340  0.0342  0.0334  0.0361
niter,ni,del,rscale     4    3    5.0000    1.2000
parameters
    0.0259    3.3184   13.8276  -16.2698  -24.3081   -5.9273
   -3.3910   11.5228    5.4643   11.0129  -10.5611  -10.4388
eta,q 0.96791 17.91788
  0.0352  0.0396  0.0336  0.0355  0.0388  0.0377  0.0344  0.0359  0.0339  0.0373  0.0329  0.0340
  0.0337  0.0363  0.0327  0.0334  0.0361  0.0349  0.0334  0.0341  0.0332  0.0352  0.0325  0.0325
  0.0327  0.0339  0.0322  0.0322  0.0338  0.0330  0.0328  0.0329  0.0328  0.0336  0.0323  0.0321
  0.0326  0.0326  0.0322  0.0321  0.0321  0.0327  0.0326  0.0326  0.0326  0.0326  0.0322  0.0322
  0.0331  0.0322  0.0327  0.0330  0.0314  0.0332  0.0329  0.0333  0.0327  0.0322  0.0323  0.0329
  0.0344  0.0330  0.0337  0.0341  0.0361  0.0350  0.0336  0.0347  0.0331  0.0326  0.0325  0.0338
  0.0362  0.0350  0.0353  0.0363  0.0493  0.0402  0.0346  0.0366  0.0338  0.0342  0.0328  0.0350
niter,ni,del,rscale     3    3    5.0000    1.2000
parameters
   -0.1240    4.1506   13.4777  -16.6490  -25.5240   -6.4002
   -3.5250   11.3199    4.9747   12.3752  -10.0643  -11.6610
eta,q 0.96816 17.76108
  0.0349  0.0393  0.0336  0.0356  0.0382  0.0377  0.0341  0.0357  0.0335  0.0371  0.0327  0.0339
  0.0333  0.0358  0.0325  0.0333  0.0354  0.0348  0.0330  0.0338  0.0327  0.0349  0.0323  0.0324
  0.0323  0.0334  0.0319  0.0320  0.0332  0.0328  0.0323  0.0326  0.0322  0.0332  0.0321  0.0318
  0.0321  0.0321  0.0318  0.0318  0.0317  0.0322  0.0322  0.0322  0.0322  0.0322  0.0320  0.0319
  0.0326  0.0318  0.0322  0.0326  0.0311  0.0328  0.0324  0.0328  0.0324  0.0320  0.0320  0.0325
  0.0338  0.0327  0.0332  0.0339  0.0350  0.0346  0.0331  0.0342  0.0330  0.0328  0.0322  0.0334
  0.0356  0.0348  0.0348  0.0358  0.0470  0.0395  0.0342  0.0361  0.0338  0.0349  0.0325  0.0346
niter,ni,del,rscale     2    3    5.0000    1.2000
parameters
   -0.1904    4.6460   13.3310  -16.8420  -26.2184   -6.5770
   -3.5648   11.2083    4.7924   13.0825  -10.1752  -12.4792
eta,q 0.96822 17.68804
  0.0349  0.0382  0.0339  0.0358  0.0384  0.0378  0.0339  0.0356  0.0335  0.0367  0.0325  0.0340
  0.0332  0.0351  0.0327  0.0335  0.0355  0.0348  0.0328  0.0337  0.0326  0.0344  0.0322  0.0325
  0.0321  0.0329  0.0319  0.0320  0.0332  0.0327  0.0321  0.0324  0.0321  0.0328  0.0319  0.0318
  0.0318  0.0318  0.0317  0.0317  0.0317  0.0319  0.0319  0.0319  0.0319  0.0319  0.0318  0.0318
  0.0323  0.0319  0.0320  0.0326  0.0310  0.0325  0.0322  0.0325  0.0322  0.0320  0.0319  0.0324
  0.0334  0.0331  0.0329  0.0340  0.0336  0.0342  0.0329  0.0339  0.0327  0.0331  0.0322  0.0332
  0.0352  0.0356  0.0344  0.0357  0.0444  0.0389  0.0339  0.0358  0.0336  0.0356  0.0326  0.0344
niter,ni,del,rscale     1    3    5.0000    1.2000
parameters
   -0.2233    4.9043   13.2617  -16.9608  -26.5594   -6.6834
   -3.5897   11.1561    4.7484   13.4851  -10.3096  -12.9211
eta,q 0.96821 17.65357
  0.0349  0.0376  0.0341  0.0359  0.0386  0.0379  0.0339  0.0356  0.0335  0.0365  0.0325  0.0342
  0.0332  0.0347  0.0328  0.0336  0.0357  0.0349  0.0328  0.0337  0.0326  0.0342  0.0321  0.0327
  0.0321  0.0327  0.0320  0.0321  0.0333  0.0327  0.0321  0.0323  0.0320  0.0326  0.0319  0.0319
  0.0318  0.0318  0.0317  0.0317  0.0317  0.0318  0.0319  0.0318  0.0319  0.0319  0.0318  0.0318
  0.0322  0.0321  0.0320  0.0326  0.0310  0.0324  0.0321  0.0324  0.0321  0.0320  0.0319  0.0323
  0.0333  0.0336  0.0329  0.0341  0.0331  0.0342  0.0328  0.0338  0.0326  0.0334  0.0322  0.0332
  0.0350  0.0363  0.0343  0.0357  0.0430  0.0388  0.0339  0.0357  0.0335  0.0360  0.0326  0.0343
registration optimization eta report
parameter search radius
    2.4000    3.6501    3.1740   10.9503   10.9503   10.9503
    7.2000    7.2000    7.2000    8.2800    7.2000   10.9503
100000*second partial in parameter space
       55.       39.       24.        3.        8.        5.
        4.        7.        3.        6.        1.        2.
  0.0349  0.0376  0.0341  0.0359  0.0386  0.0379  0.0339  0.0356  0.0335  0.0365  0.0325  0.0342
  0.0332  0.0347  0.0328  0.0336  0.0357  0.0349  0.0328  0.0337  0.0326  0.0342  0.0321  0.0327
  0.0321  0.0327  0.0320  0.0321  0.0333  0.0327  0.0321  0.0323  0.0320  0.0326  0.0319  0.0319
  0.0318  0.0318  0.0317  0.0317  0.0317  0.0318  0.0319  0.0318  0.0319  0.0319  0.0318  0.0318
  0.0322  0.0321  0.0320  0.0326  0.0310  0.0324  0.0321  0.0324  0.0321  0.0320  0.0319  0.0323
  0.0333  0.0336  0.0329  0.0341  0.0331  0.0342  0.0328  0.0338  0.0326  0.0334  0.0322  0.0332
  0.0350  0.0363  0.0343  0.0357  0.0430  0.0388  0.0339  0.0357  0.0335  0.0360  0.0326  0.0343
   -0.2233    4.9043   13.2617  -16.9608  -26.5594   -6.6834
   -3.5897   11.1561    4.7484   13.4851  -10.3096  -12.9211
eta,q 0.96821 17.65357

---------------------------------------------------------------------
imgreg_4dfp /opt/freesurfer/average/711-2C_as_mni_average_305 /opt/freesurfer/average/711-2B_as_mni_average_305_mask talsrcimg_g11 none talsrcimg_to_711-2C_as_mni_average_305_t4 2311
---------------------------------------------------------------------

freesurfer imgreg_4dfp.c
/opt/freesurfer/average/711-2C_as_mni_average_305.4dfp.img
       256       256       256         1
  1.000000  1.000000  1.000000
orientation T byte_order littleendian
Reading image: /opt/freesurfer/average/711-2C_as_mni_average_305.4dfp.img
dimensions:      256       256       256
mmppix:       1.0000   -1.0000   -1.0000
center:     128.0000 -129.0000 -129.0000
/opt/freesurfer/average/711-2B_as_mni_average_305_mask.4dfp.img
       256       256       256         1
  1.000000  1.000000  1.000000
orientation T byte_order littleendian
Reading mask: /opt/freesurfer/average/711-2B_as_mni_average_305_mask.4dfp.img (2306576 pixels)
talsrcimg_g11.4dfp.img
       256       256       256         1
  1.000000  1.000000  1.000000
orientation T byte_order littleendian
Reading image: talsrcimg_g11.4dfp.img
dimensions:      256       256       256
mmppix:       1.0000   -1.0000   -1.0000
center:     128.0000 -129.0000 -129.0000
fimgreg.f
image alignment mode   2311 decimal      907 hex
parameters
   -0.2233    4.9043   13.2617  -16.9608  -26.5594   -6.6834
   -3.5897   11.1561    4.7484   13.4851  -10.3096  -12.9211
eta,q 0.96821 17.65357
niter,ni,del,rscale     5    3    5.0000    0.8000
parameter  5 -0.839021 -> -0.500000 qaram    1.1500
parameters
   -0.2453    5.0942   13.2639  -17.6365  -23.7994   -6.6357
   -3.7169   11.0687    4.7837   13.6016  -10.3569  -13.6613
eta,q 0.96887 17.81285
  0.0332  0.0331  0.0324  0.0325  0.0340  0.0325  0.0322  0.0330  0.0319  0.0330  0.0315  0.0316
  0.0324  0.0324  0.0321  0.0320  0.0331  0.0318  0.0316  0.0320  0.0315  0.0320  0.0313  0.0313
  0.0319  0.0320  0.0318  0.0318  0.0323  0.0313  0.0312  0.0314  0.0312  0.0314  0.0312  0.0311
  0.0318  0.0318  0.0318  0.0318  0.0318  0.0312  0.0312  0.0312  0.0312  0.0312  0.0312  0.0312
  0.0320  0.0318  0.0318  0.0320  0.0313  0.0313  0.0313  0.0314  0.0312  0.0313  0.0312  0.0313
  0.0325  0.0321  0.0320  0.0324  0.0311  0.0318  0.0317  0.0321  0.0315  0.0318  0.0313  0.0316
  0.0333  0.0326  0.0324  0.0330  0.0312  0.0325  0.0322  0.0331  0.0319  0.0329  0.0315  0.0320
niter,ni,del,rscale     5    3    5.0000    0.8000
parameters
   -0.2509    4.7262   13.0620  -17.2435  -23.7545   -6.2500
   -3.7777   11.0905    4.7196   13.7576  -10.4996  -13.3805
eta,q 0.96896 17.89556
  0.0326  0.0317  0.0316  0.0322  0.0330  0.0325  0.0321  0.0329  0.0318  0.0328  0.0314  0.0318
  0.0318  0.0313  0.0313  0.0316  0.0321  0.0317  0.0315  0.0319  0.0314  0.0319  0.0312  0.0314
  0.0313  0.0311  0.0311  0.0312  0.0315  0.0312  0.0312  0.0313  0.0311  0.0313  0.0311  0.0311
  0.0311  0.0311  0.0311  0.0311  0.0311  0.0311  0.0310  0.0310  0.0310  0.0310  0.0310  0.0310
  0.0313  0.0314  0.0312  0.0311  0.0309  0.0311  0.0312  0.0313  0.0311  0.0311  0.0311  0.0311
  0.0318  0.0320  0.0315  0.0314  0.0314  0.0315  0.0316  0.0319  0.0314  0.0317  0.0312  0.0313
  0.0326  0.0328  0.0320  0.0319  0.0336  0.0321  0.0321  0.0329  0.0318  0.0327  0.0314  0.0316
niter,ni,del,rscale     4    3    5.0000    0.7000
parameters
   -0.2478    4.6432   13.0673  -17.2059  -23.3046   -6.2129
   -3.7769   11.0979    4.7289   13.6245  -10.5023  -13.2554
eta,q 0.96903 17.93315
  0.0322  0.0318  0.0316  0.0318  0.0327  0.0319  0.0318  0.0324  0.0315  0.0322  0.0313  0.0315
  0.0316  0.0314  0.0313  0.0314  0.0320  0.0314  0.0313  0.0316  0.0312  0.0315  0.0311  0.0312
  0.0312  0.0311  0.0311  0.0311  0.0314  0.0311  0.0311  0.0311  0.0310  0.0311  0.0310  0.0310
  0.0310  0.0310  0.0310  0.0310  0.0310  0.0310  0.0310  0.0310  0.0310  0.0310  0.0310  0.0310
  0.0312  0.0312  0.0311  0.0311  0.0309  0.0311  0.0311  0.0311  0.0310  0.0311  0.0310  0.0310
  0.0316  0.0315  0.0313  0.0314  0.0312  0.0314  0.0314  0.0316  0.0312  0.0316  0.0311  0.0312
  0.0322  0.0320  0.0316  0.0318  0.0325  0.0319  0.0318  0.0324  0.0315  0.0324  0.0313  0.0315
niter,ni,del,rscale     3    3    5.0000    0.6000
parameters
   -0.2465    4.5345   13.0332  -17.1427  -22.8565   -6.2161
   -3.7721   11.0976    4.7479   13.5355  -10.5519  -13.0669
eta,q 0.96911 17.97294
  0.0318  0.0315  0.0313  0.0316  0.0322  0.0316  0.0315  0.0320  0.0313  0.0318  0.0311  0.0314
  0.0314  0.0312  0.0311  0.0312  0.0317  0.0312  0.0312  0.0314  0.0311  0.0313  0.0310  0.0311
  0.0311  0.0310  0.0310  0.0310  0.0313  0.0310  0.0310  0.0310  0.0310  0.0310  0.0309  0.0309
  0.0310  0.0310  0.0310  0.0310  0.0310  0.0309  0.0309  0.0309  0.0309  0.0309  0.0309  0.0309
  0.0311  0.0311  0.0310  0.0310  0.0308  0.0310  0.0310  0.0310  0.0309  0.0310  0.0309  0.0309
  0.0314  0.0313  0.0312  0.0312  0.0310  0.0312  0.0312  0.0314  0.0311  0.0313  0.0310  0.0311
  0.0318  0.0317  0.0314  0.0315  0.0320  0.0316  0.0315  0.0320  0.0313  0.0319  0.0311  0.0313
niter,ni,del,rscale     2    3    5.0000    0.5000
parameters
   -0.2476    4.4205   12.9823  -17.0635  -22.3871   -6.2184
   -3.7701   11.1011    4.7710   13.4392  -10.6173  -12.8266
eta,q 0.96917 18.01558
  0.0315  0.0312  0.0312  0.0313  0.0318  0.0313  0.0313  0.0316  0.0311  0.0314  0.0310  0.0312
  0.0312  0.0310  0.0310  0.0311  0.0315  0.0310  0.0310  0.0312  0.0310  0.0311  0.0309  0.0310
  0.0310  0.0309  0.0309  0.0309  0.0311  0.0309  0.0309  0.0309  0.0309  0.0309  0.0308  0.0309
  0.0309  0.0309  0.0309  0.0309  0.0309  0.0308  0.0308  0.0308  0.0308  0.0308  0.0308  0.0308
  0.0310  0.0310  0.0309  0.0309  0.0308  0.0309  0.0309  0.0309  0.0309  0.0309  0.0309  0.0308
  0.0312  0.0312  0.0310  0.0311  0.0309  0.0310  0.0310  0.0312  0.0310  0.0311  0.0309  0.0309
  0.0315  0.0315  0.0312  0.0313  0.0316  0.0313  0.0313  0.0316  0.0311  0.0316  0.0310  0.0311
niter,ni,del,rscale     1    3    5.0000    0.4000
parameters
   -0.2525    4.2986   12.9047  -16.9638  -21.9239   -6.2038
   -3.7400   11.1025    4.7783   13.3503  -10.7311  -12.5203
eta,q 0.96923 18.06128
  0.0312  0.0310  0.0310  0.0311  0.0315  0.0310  0.0311  0.0313  0.0310  0.0312  0.0309  0.0310
  0.0310  0.0309  0.0309  0.0309  0.0312  0.0309  0.0309  0.0310  0.0309  0.0309  0.0308  0.0309
  0.0309  0.0308  0.0308  0.0309  0.0310  0.0308  0.0308  0.0308  0.0308  0.0308  0.0308  0.0308
  0.0308  0.0308  0.0308  0.0308  0.0308  0.0308  0.0308  0.0308  0.0308  0.0308  0.0308  0.0308
  0.0309  0.0309  0.0309  0.0308  0.0308  0.0308  0.0308  0.0308  0.0308  0.0308  0.0308  0.0308
  0.0310  0.0310  0.0309  0.0309  0.0309  0.0309  0.0309  0.0310  0.0309  0.0310  0.0308  0.0308
  0.0312  0.0312  0.0310  0.0311  0.0313  0.0310  0.0310  0.0313  0.0310  0.0312  0.0309  0.0309
registration optimization eta report
parameter search radius
    0.8000    0.8000    0.8000    2.4000    2.7600    2.4000
    2.4000    2.4000    2.4000    2.4000    2.4000    2.4000
100000*second partial in parameter space
       61.       48.       29.        4.        8.        5.
        5.        8.        4.        8.        2.        3.
  0.0312  0.0310  0.0310  0.0311  0.0315  0.0310  0.0311  0.0313  0.0310  0.0312  0.0309  0.0310
  0.0310  0.0309  0.0309  0.0309  0.0312  0.0309  0.0309  0.0310  0.0309  0.0309  0.0308  0.0309
  0.0309  0.0308  0.0308  0.0309  0.0310  0.0308  0.0308  0.0308  0.0308  0.0308  0.0308  0.0308
  0.0308  0.0308  0.0308  0.0308  0.0308  0.0308  0.0308  0.0308  0.0308  0.0308  0.0308  0.0308
  0.0309  0.0309  0.0309  0.0308  0.0308  0.0308  0.0308  0.0308  0.0308  0.0308  0.0308  0.0308
  0.0310  0.0310  0.0309  0.0309  0.0309  0.0309  0.0309  0.0310  0.0309  0.0310  0.0308  0.0308
  0.0312  0.0312  0.0310  0.0311  0.0313  0.0310  0.0310  0.0313  0.0310  0.0312  0.0309  0.0309
   -0.2525    4.2986   12.9047  -16.9638  -21.9239   -6.2038
   -3.7400   11.1025    4.7783   13.3503  -10.7311  -12.5203
eta,q 0.96923 18.06128

---------------------------------------------------------------------
imgreg_4dfp /opt/freesurfer/average/711-2C_as_mni_average_305 /opt/freesurfer/average/711-2B_as_mni_average_305_mask talsrcimg_g11 none talsrcimg_to_711-2C_as_mni_average_305_t4 2311
---------------------------------------------------------------------

freesurfer imgreg_4dfp.c
/opt/freesurfer/average/711-2C_as_mni_average_305.4dfp.img
       256       256       256         1
  1.000000  1.000000  1.000000
orientation T byte_order littleendian
Reading image: /opt/freesurfer/average/711-2C_as_mni_average_305.4dfp.img
dimensions:      256       256       256
mmppix:       1.0000   -1.0000   -1.0000
center:     128.0000 -129.0000 -129.0000
/opt/freesurfer/average/711-2B_as_mni_average_305_mask.4dfp.img
       256       256       256         1
  1.000000  1.000000  1.000000
orientation T byte_order littleendian
Reading mask: /opt/freesurfer/average/711-2B_as_mni_average_305_mask.4dfp.img (2306576 pixels)
talsrcimg_g11.4dfp.img
       256       256       256         1
  1.000000  1.000000  1.000000
orientation T byte_order littleendian
Reading image: talsrcimg_g11.4dfp.img
dimensions:      256       256       256
mmppix:       1.0000   -1.0000   -1.0000
center:     128.0000 -129.0000 -129.0000
fimgreg.f
image alignment mode   2311 decimal      907 hex
parameters
   -0.2525    4.2986   12.9047  -16.9638  -21.9239   -6.2038
   -3.7400   11.1025    4.7783   13.3503  -10.7311  -12.5203
eta,q 0.96923 18.06128
niter,ni,del,rscale     5    3    5.0000    0.8000
parameters
   -0.2457    4.1515   12.8182  -16.6942  -22.5579   -5.9431
   -3.6777   11.1583    4.7865   13.1590  -10.7942  -12.2396
eta,q 0.96913 18.05934
  0.0323  0.0319  0.0314  0.0318  0.0323  0.0320  0.0319  0.0326  0.0317  0.0324  0.0312  0.0316
  0.0315  0.0312  0.0310  0.0312  0.0316  0.0314  0.0314  0.0317  0.0312  0.0316  0.0310  0.0312
  0.0309  0.0308  0.0308  0.0309  0.0311  0.0310  0.0310  0.0311  0.0309  0.0311  0.0309  0.0310
  0.0308  0.0308  0.0308  0.0308  0.0308  0.0309  0.0309  0.0309  0.0309  0.0309  0.0309  0.0309
  0.0309  0.0310  0.0309  0.0308  0.0308  0.0309  0.0310  0.0311  0.0310  0.0310  0.0309  0.0309
  0.0314  0.0315  0.0311  0.0311  0.0318  0.0312  0.0313  0.0317  0.0312  0.0316  0.0310  0.0311
  0.0323  0.0324  0.0316  0.0316  0.0344  0.0318  0.0319  0.0326  0.0317  0.0328  0.0312  0.0314
niter,ni,del,rscale     4    3    5.0000    0.7000
parameters
   -0.2376    4.1756   12.9623  -16.8314  -22.3369   -5.9963
   -3.6852   11.1435    4.8208   13.0384  -10.6848  -12.2733
eta,q 0.96918 18.05210
  0.0320  0.0318  0.0315  0.0315  0.0322  0.0316  0.0316  0.0322  0.0314  0.0320  0.0311  0.0314
  0.0314  0.0313  0.0312  0.0311  0.0317  0.0311  0.0312  0.0315  0.0311  0.0314  0.0310  0.0310
  0.0310  0.0310  0.0310  0.0309  0.0312  0.0309  0.0309  0.0310  0.0309  0.0310  0.0309  0.0309
  0.0309  0.0309  0.0309  0.0309  0.0309  0.0308  0.0308  0.0308  0.0308  0.0308  0.0308  0.0308
  0.0310  0.0310  0.0309  0.0310  0.0307  0.0309  0.0309  0.0310  0.0309  0.0309  0.0308  0.0309
  0.0314  0.0312  0.0310  0.0312  0.0311  0.0312  0.0312  0.0315  0.0311  0.0314  0.0309  0.0311
  0.0320  0.0318  0.0313  0.0316  0.0323  0.0317  0.0316  0.0322  0.0314  0.0323  0.0311  0.0313
niter,ni,del,rscale     3    3    5.0000    0.6000
parameters
   -0.2413    4.1558   12.9596  -16.8514  -22.0363   -6.0568
   -3.6772   11.1280    4.8528   13.0361  -10.7142  -12.2137
eta,q 0.96922 18.06832
  0.0317  0.0315  0.0312  0.0314  0.0319  0.0313  0.0314  0.0318  0.0313  0.0317  0.0310  0.0312
  0.0312  0.0311  0.0310  0.0311  0.0315  0.0310  0.0310  0.0313  0.0310  0.0312  0.0309  0.0310
  0.0309  0.0309  0.0309  0.0309  0.0311  0.0308  0.0308  0.0309  0.0308  0.0309  0.0308  0.0308
  0.0308  0.0308  0.0308  0.0308  0.0308  0.0308  0.0308  0.0308  0.0308  0.0308  0.0308  0.0308
  0.0309  0.0309  0.0309  0.0309  0.0307  0.0308  0.0309  0.0309  0.0308  0.0308  0.0308  0.0308
  0.0312  0.0311  0.0310  0.0311  0.0310  0.0310  0.0311  0.0313  0.0310  0.0312  0.0309  0.0310
  0.0317  0.0315  0.0312  0.0314  0.0318  0.0314  0.0314  0.0318  0.0312  0.0318  0.0310  0.0312
niter,ni,del,rscale     2    3    5.0000    0.5000
parameters
   -0.2479    4.1061   12.9016  -16.7902  -21.7230   -6.0818
   -3.6818   11.1174    4.8392   13.0461  -10.7931  -12.0960
eta,q 0.96927 18.09733
  0.0314  0.0312  0.0310  0.0312  0.0316  0.0311  0.0312  0.0315  0.0311  0.0314  0.0309  0.0310
  0.0310  0.0310  0.0309  0.0310  0.0313  0.0309  0.0309  0.0311  0.0309  0.0311  0.0308  0.0309
  0.0308  0.0308  0.0308  0.0308  0.0310  0.0308  0.0308  0.0308  0.0308  0.0308  0.0307  0.0308
  0.0308  0.0308  0.0308  0.0308  0.0308  0.0307  0.0307  0.0307  0.0307  0.0307  0.0307  0.0307
  0.0309  0.0308  0.0308  0.0308  0.0307  0.0308  0.0308  0.0308  0.0308  0.0308  0.0307  0.0308
  0.0311  0.0310  0.0309  0.0309  0.0309  0.0309  0.0309  0.0311  0.0309  0.0310  0.0308  0.0308
  0.0314  0.0313  0.0311  0.0311  0.0315  0.0311  0.0312  0.0315  0.0311  0.0314  0.0309  0.0310
niter,ni,del,rscale     1    3    5.0000    0.4000
parameters
   -0.2540    4.0398   12.8364  -16.7221  -21.4235   -6.0784
   -3.6588   11.1169    4.8294   13.0522  -10.7945  -11.9175
eta,q 0.96930 18.12708
  0.0311  0.0310  0.0309  0.0310  0.0313  0.0310  0.0310  0.0312  0.0309  0.0311  0.0308  0.0309
  0.0309  0.0308  0.0308  0.0308  0.0311  0.0308  0.0308  0.0309  0.0308  0.0309  0.0307  0.0308
  0.0308  0.0308  0.0307  0.0308  0.0309  0.0307  0.0307  0.0308  0.0307  0.0308  0.0307  0.0307
  0.0307  0.0307  0.0307  0.0307  0.0307  0.0307  0.0307  0.0307  0.0307  0.0307  0.0307  0.0307
  0.0308  0.0308  0.0308  0.0308  0.0307  0.0307  0.0307  0.0308  0.0307  0.0307  0.0307  0.0307
  0.0309  0.0309  0.0308  0.0308  0.0308  0.0308  0.0308  0.0309  0.0308  0.0309  0.0307  0.0308
  0.0311  0.0311  0.0309  0.0310  0.0312  0.0310  0.0310  0.0312  0.0309  0.0312  0.0308  0.0309
registration optimization eta report
parameter search radius
    0.8000    0.8000    0.8000    2.4000    2.4000    2.4000
    2.4000    2.4000    2.4000    2.4000    2.4000    2.4000
100000*second partial in parameter space
       61.       54.       29.        4.        9.        4.
        5.        8.        4.        8.        2.        3.
  0.0311  0.0310  0.0309  0.0310  0.0313  0.0310  0.0310  0.0312  0.0309  0.0311  0.0308  0.0309
  0.0309  0.0308  0.0308  0.0308  0.0311  0.0308  0.0308  0.0309  0.0308  0.0309  0.0307  0.0308
  0.0308  0.0308  0.0307  0.0308  0.0309  0.0307  0.0307  0.0308  0.0307  0.0308  0.0307  0.0307
  0.0307  0.0307  0.0307  0.0307  0.0307  0.0307  0.0307  0.0307  0.0307  0.0307  0.0307  0.0307
  0.0308  0.0308  0.0308  0.0308  0.0307  0.0307  0.0307  0.0308  0.0307  0.0307  0.0307  0.0307
  0.0309  0.0309  0.0308  0.0308  0.0308  0.0308  0.0308  0.0309  0.0308  0.0309  0.0307  0.0308
  0.0311  0.0311  0.0309  0.0310  0.0312  0.0310  0.0310  0.0312  0.0309  0.0312  0.0308  0.0309
   -0.2540    4.0398   12.8364  -16.7221  -21.4235   -6.0784
   -3.6588   11.1169    4.8294   13.0522  -10.7945  -11.9175
eta,q 0.96930 18.12708

---------------------------------------------------------------------
compute_vox2vox talsrcimg talsrcimg_to_711-2C_as_mni_average_305_t4 /opt/freesurfer/average/711-2C_as_mni_average_305
---------------------------------------------------------------------

freesurfer compute_vox2vox.c
Reading: talsrcimg.4dfp.ifh
Reading: talsrcimg_to_711-2C_as_mni_average_305_t4
Reading: /opt/freesurfer/average/711-2C_as_mni_average_305.4dfp.ifh
Writing: talsrcimg_to_711-2C_as_mni_average_305_t4_vox2vox.txt

start time Sun Mar 8 23:22:13 CET 2026
end		time Sun Mar 8 23:23:42 CET 2026

mpr2mni305 success

avi2talxfm orig_nu.mgz /opt/freesurfer/average/mni305.cor.mgz talsrcimg_to_711-2C_as_mni_average_305_t4_vox2vox.txt transforms/talairach.auto.xfm
avi2talxfm done
mv -f /out/sourcedata/freesurfer/sub-v1s16x0051180_ses-1/mri/talsrcimg_to_711-2C_as_mni_average_305_t4_vox2vox.txt /out/sourcedata/freesurfer/sub-v1s16x0051180_ses-1/mri/transforms/talsrcimg_to_711-2C_as_mni_average_305_t4_vox2vox.txt
lta_convert --src orig_nu.mgz --trg /opt/freesurfer/average/mni305.cor.mgz --inxfm transforms/talairach.auto.xfm --outlta transforms/talairach.auto.xfm.lta --subject fsaverage
7.3.2

--src: orig_nu.mgz src image (geometry).
--trg: /opt/freesurfer/average/mni305.cor.mgz trg image (geometry).
--inmni: transforms/talairach.auto.xfm input MNI/XFM transform.
--outlta: transforms/talairach.auto.xfm.lta output LTA.
--s: fsaverage subject name
 LTA read, type : 1
 1.18018  -0.14429   0.03307   2.37462;
 0.12382   1.02760   0.16162  -13.93698;
-0.09310  -0.16183   1.24377   7.79883;
 0.00000   0.00000   0.00000   1.00000;
setting subject to fsaverage
Writing  LTA to file transforms/talairach.auto.xfm.lta...
lta_convert successful.
 
 
Started at Sun Mar 8 23:22:12 CET 2026
Ended   at Sun Mar  8 23:23:42 CET 2026
talairach_avi done
