status file for recon-all
Mon Mar  9 00:24:24 CET 2026
#@# Tessellate rh Mon Mar  9 00:24:24 CET 2026
#@# Smooth1 rh Mon Mar  9 00:24:28 CET 2026
#@# Inflation1 rh Mon Mar  9 00:24:31 CET 2026
#@# QSphere rh Mon Mar  9 00:24:46 CET 2026
#@# Fix Topology rh Mon Mar  9 00:26:32 CET 2026
#@# Smooth2 rh Mon Mar  9 00:33:07 CET 2026
#@# Inflation2 rh Mon Mar  9 00:33:10 CET 2026
#@# Curv .H and .K rh Mon Mar  9 00:33:25 CET 2026
#@# Sphere rh Mon Mar  9 00:34:14 CET 2026
#@# Surf Reg rh Mon Mar  9 00:37:40 CET 2026
#@# Jacobian white rh Mon Mar  9 00:42:06 CET 2026
#@# AvgCurv rh Mon Mar  9 00:42:07 CET 2026
#@# Cortical Parc rh Mon Mar  9 00:42:08 CET 2026
#@# white curv rh Mon Mar  9 00:49:35 CET 2026
#@# white area rh Mon Mar  9 00:49:37 CET 2026
#@# pial curv rh Mon Mar  9 00:49:38 CET 2026
#@# pial area rh Mon Mar  9 00:49:40 CET 2026
#@# thickness rh Mon Mar  9 00:49:40 CET 2026
#@# area and vertex vol rh Mon Mar  9 00:50:09 CET 2026
#@# Curvature Stats rh Mon Mar  9 00:50:11 CET 2026
#@# Cortical Parc 2 rh Mon Mar  9 00:50:13 CET 2026
#@# Cortical Parc 3 rh Mon Mar  9 00:50:27 CET 2026
#@# WM/GM Contrast rh Mon Mar  9 00:50:38 CET 2026
recon-all -s sub-v1s16x0051163_ses-1 finished without error at Mon Mar  9 00:50:41 CET 2026



#New# invocation of recon-all 



status file for recon-all
Mon Mar  9 01:00:35 CET 2026
#@# white curv rh Mon Mar  9 01:00:35 CET 2026
#@# white area rh Mon Mar  9 01:00:35 CET 2026
#@# pial curv rh Mon Mar  9 01:00:35 CET 2026
#@# pial area rh Mon Mar  9 01:00:35 CET 2026
#@# thickness rh Mon Mar  9 01:00:35 CET 2026
#@# area and vertex vol rh Mon Mar  9 01:00:35 CET 2026
#@# Parcellation Stats rh Mon Mar  9 01:00:35 CET 2026
#@# Parcellation Stats 2 rh Mon Mar  9 01:00:54 CET 2026
#@# Parcellation Stats 3 rh Mon Mar  9 01:01:03 CET 2026
#@# BA_exvivo Labels rh Mon Mar  9 01:01:13 CET 2026
recon-all -s sub-v1s16x0051163_ses-1 finished without error at Mon Mar  9 01:04:03 CET 2026
