status file for recon-all
Sun Mar  8 22:05:58 CET 2026
#@# MotionCor Sun Mar  8 22:06:00 CET 2026
#@# Talairach Sun Mar  8 22:06:10 CET 2026
#@# Talairach Failure Detection Sun Mar  8 22:10:39 CET 2026
#@# Nu Intensity Correction Sun Mar  8 22:10:40 CET 2026
#@# Intensity Normalization Sun Mar  8 22:13:57 CET 2026
recon-all -s sub-v1s16x0051163_ses-1 finished without error at Sun Mar  8 22:15:28 CET 2026



#New# invocation of recon-all 



status file for recon-all
Sun Mar  8 22:22:45 CET 2026
#@# EM Registration Sun Mar  8 22:22:45 CET 2026
recon-all -s sub-v1s16x0051163_ses-1 finished without error at Sun Mar  8 22:25:39 CET 2026



#New# invocation of recon-all 



status file for recon-all
Sun Mar  8 22:25:43 CET 2026
#@# CA Normalize Sun Mar  8 22:25:43 CET 2026
#@# CA Reg Sun Mar  8 22:27:05 CET 2026
#@# SubCort Seg Sun Mar  8 23:18:18 CET 2026
#@# CC Seg Sun Mar  8 23:51:36 CET 2026
#@# Merge ASeg Sun Mar  8 23:52:23 CET 2026
#@# Intensity Normalization2 Sun Mar  8 23:52:23 CET 2026
#@# Mask BFS Sun Mar  8 23:54:37 CET 2026
#@# WM Segmentation Sun Mar  8 23:54:38 CET 2026
#@# Fill Sun Mar  8 23:56:39 CET 2026
recon-all -s sub-v1s16x0051163_ses-1 finished without error at Sun Mar  8 23:57:42 CET 2026



#New# invocation of recon-all 



status file for recon-all
Mon Mar  9 00:50:48 CET 2026
#@# white curv lh Mon Mar  9 00:50:48 CET 2026
#@# white area lh Mon Mar  9 00:50:48 CET 2026
#@# pial curv lh Mon Mar  9 00:50:48 CET 2026
#@# pial area lh Mon Mar  9 00:50:48 CET 2026
#@# thickness lh Mon Mar  9 00:50:49 CET 2026
#@# area and vertex vol lh Mon Mar  9 00:50:49 CET 2026
#@# white curv rh Mon Mar  9 00:50:49 CET 2026
#@# white area rh Mon Mar  9 00:50:49 CET 2026
#@# pial curv rh Mon Mar  9 00:50:49 CET 2026
#@# pial area rh Mon Mar  9 00:50:49 CET 2026
#@# thickness rh Mon Mar  9 00:50:49 CET 2026
#@# area and vertex vol rh Mon Mar  9 00:50:49 CET 2026
#@# Cortical ribbon mask Mon Mar  9 00:50:49 CET 2026
recon-all -s sub-v1s16x0051163_ses-1 finished without error at Mon Mar  9 00:56:38 CET 2026



#New# invocation of recon-all 



status file for recon-all
Mon Mar  9 01:04:08 CET 2026
#@# white curv lh Mon Mar  9 01:04:08 CET 2026
#@# white area lh Mon Mar  9 01:04:08 CET 2026
#@# pial curv lh Mon Mar  9 01:04:08 CET 2026
#@# pial area lh Mon Mar  9 01:04:08 CET 2026
#@# thickness lh Mon Mar  9 01:04:08 CET 2026
#@# area and vertex vol lh Mon Mar  9 01:04:08 CET 2026
#@# white curv rh Mon Mar  9 01:04:08 CET 2026
#@# white area rh Mon Mar  9 01:04:08 CET 2026
#@# pial curv rh Mon Mar  9 01:04:08 CET 2026
#@# pial area rh Mon Mar  9 01:04:08 CET 2026
#@# thickness rh Mon Mar  9 01:04:08 CET 2026
#@# area and vertex vol rh Mon Mar  9 01:04:08 CET 2026
#@# Curvature Stats lh Mon Mar  9 01:04:08 CET 2026
#@# Curvature Stats rh Mon Mar  9 01:04:11 CET 2026
#@# Relabel Hypointensities Mon Mar  9 01:04:14 CET 2026
#@# APas-to-ASeg Mon Mar  9 01:04:31 CET 2026
#@# AParc-to-ASeg aparc Mon Mar  9 01:04:42 CET 2026
#@# AParc-to-ASeg aparc.a2009s Mon Mar  9 01:05:29 CET 2026
#@# AParc-to-ASeg aparc.DKTatlas Mon Mar  9 01:06:14 CET 2026
#@# WMParc Mon Mar  9 01:07:03 CET 2026
#@# ASeg Stats Mon Mar  9 01:11:20 CET 2026
recon-all -s sub-v1s16x0051163_ses-1 finished without error at Mon Mar  9 01:12:02 CET 2026
