status file for recon-all
Sun Mar  8 23:57:46 CET 2026
#@# Tessellate lh Sun Mar  8 23:57:46 CET 2026
#@# Smooth1 lh Sun Mar  8 23:57:50 CET 2026
#@# Inflation1 lh Sun Mar  8 23:57:53 CET 2026
#@# QSphere lh Sun Mar  8 23:58:09 CET 2026
#@# Fix Topology lh Sun Mar  8 23:59:34 CET 2026
#@# Smooth2 lh Mon Mar  9 00:06:19 CET 2026
#@# Inflation2 lh Mon Mar  9 00:06:23 CET 2026
#@# Curv .H and .K lh Mon Mar  9 00:06:41 CET 2026
#@# Sphere lh Mon Mar  9 00:07:32 CET 2026
#@# Surf Reg lh Mon Mar  9 00:11:28 CET 2026
#@# Jacobian white lh Mon Mar  9 00:15:36 CET 2026
#@# AvgCurv lh Mon Mar  9 00:15:37 CET 2026
#@# Cortical Parc lh Mon Mar  9 00:15:38 CET 2026
#@# white curv lh Mon Mar  9 00:23:10 CET 2026
#@# white area lh Mon Mar  9 00:23:12 CET 2026
#@# pial curv lh Mon Mar  9 00:23:12 CET 2026
#@# pial area lh Mon Mar  9 00:23:14 CET 2026
#@# thickness lh Mon Mar  9 00:23:15 CET 2026
#@# area and vertex vol lh Mon Mar  9 00:23:46 CET 2026
#@# Curvature Stats lh Mon Mar  9 00:23:48 CET 2026
#@# Cortical Parc 2 lh Mon Mar  9 00:23:51 CET 2026
#@# Cortical Parc 3 lh Mon Mar  9 00:24:06 CET 2026
#@# WM/GM Contrast lh Mon Mar  9 00:24:17 CET 2026
recon-all -s sub-v1s16x0051163_ses-1 finished without error at Mon Mar  9 00:24:21 CET 2026



#New# invocation of recon-all 



status file for recon-all
Mon Mar  9 00:56:42 CET 2026
#@# white curv lh Mon Mar  9 00:56:42 CET 2026
#@# white area lh Mon Mar  9 00:56:42 CET 2026
#@# pial curv lh Mon Mar  9 00:56:42 CET 2026
#@# pial area lh Mon Mar  9 00:56:42 CET 2026
#@# thickness lh Mon Mar  9 00:56:42 CET 2026
#@# area and vertex vol lh Mon Mar  9 00:56:42 CET 2026
#@# Parcellation Stats lh Mon Mar  9 00:56:42 CET 2026
#@# Parcellation Stats 2 lh Mon Mar  9 00:57:03 CET 2026
#@# Parcellation Stats 3 lh Mon Mar  9 00:57:13 CET 2026
#@# BA_exvivo Labels lh Mon Mar  9 00:57:24 CET 2026
recon-all -s sub-v1s16x0051163_ses-1 finished without error at Mon Mar  9 01:00:31 CET 2026
