/out/sourcedata/freesurfer/sub-v1s16x0051195_ses-1/mri
/opt/freesurfer/bin/talairach_avi
--i orig_nu.mgz --xfm transforms/talairach.auto.xfm
talairach_avi 7.3.2
Linux dna058 5.14.0-427.37.1.el9_4.x86_64 #1 SMP PREEMPT_DYNAMIC Fri Sep 13 12:41:50 EDT 2024 x86_64 x86_64 x86_64 GNU/Linux
Mon Mar  9 00:29:55 CET 2026
mri_convert orig_nu.mgz talsrcimg.img 
reading from orig_nu.mgz...
TR=0.00, TE=0.00, TI=0.00, flip angle=0.00
i_ras = (-1, 0, 0)
j_ras = (0, 0, -1)
k_ras = (0, 1, 0)
writing to talsrcimg.img...
Analyze Output Matrix
-1.00000   0.00000   0.00000   129.42419;
 0.00000   0.00000   1.00000  -114.15112;
 0.00000  -1.00000   0.00000   132.36023;
 0.00000   0.00000   0.00000   1.00000;
--------------------
INFO: set hdr.hist.orient to -1
mpr2mni305 talsrcimg
Mon Mar  9 00:29:56 CET 2026
/opt/freesurfer/bin/mpr2mni305 talsrcimg
mpr2mni305 7.3.2
target=711-2C_as_mni_average_305

---------------------------------------------------------------------
analyzeto4dfp talsrcimg -O0 -y
---------------------------------------------------------------------

freesurfer ifh2hdr.c
Mon Mar  9 00:29:56 2026
Writing: talsrcimg.4dfp.hdr
freesurfer analyzeto4dfp.c
Reading: talsrcimg.hdr
header size 348 bytes
hdr.dime.datatype	offset=70	value=2
hdr.dime.bitpix		offset=72	value=8
hdr.hist.orient		offset=252	value=-1
dimensionality     4
dimensions       256       256       256         1
Reading: talsrcimg.img
Writing: talsrcimg.4dfp.img
Writing: talsrcimg.4dfp.ifh
ifh2hdr talsrcimg -r0to217
ori=2

---------------------------------------------------------------------
gauss_4dfp talsrcimg 1.1
---------------------------------------------------------------------

freesurfer gauss_4dfp.c
Reading: talsrcimg.4dfp.img
Writing: talsrcimg_g11.4dfp.img
image dimensions 256 256 256 padded to 288 288 288
processing volume 1freesurfer ifh2hdr.c
Mon Mar  9 00:29:58 2026
Writing: talsrcimg_g11.4dfp.hdr

Writing: talsrcimg_g11.4dfp.ifh
including: talsrcimg.4dfp.img.rec in talsrcimg_g11.4dfp.img.rec

---------------------------------------------------------------------
imgreg_4dfp /opt/freesurfer/average/711-2C_as_mni_average_305 none talsrcimg_g11 none talsrcimg_to_711-2C_as_mni_average_305_t4 4355
---------------------------------------------------------------------

freesurfer imgreg_4dfp.c
/opt/freesurfer/average/711-2C_as_mni_average_305.4dfp.img
       256       256       256         1
  1.000000  1.000000  1.000000
orientation T byte_order littleendian
Reading image: /opt/freesurfer/average/711-2C_as_mni_average_305.4dfp.img
dimensions:      256       256       256
mmppix:       1.0000   -1.0000   -1.0000
center:     128.0000 -129.0000 -129.0000
talsrcimg_g11.4dfp.img
       256       256       256         1
  1.000000  1.000000  1.000000
orientation T byte_order littleendian
Reading image: talsrcimg_g11.4dfp.img
dimensions:      256       256       256
mmppix:       1.0000   -1.0000   -1.0000
center:     128.0000 -129.0000 -129.0000
t4_read: open error in t4_sub.f l:  41 t4_file(1:l)talsrcimg_to_711-2C_as_mni_average_305_t4 
t4_read: transform initialized to I4
rotation matrix determinant  1.000000
image alignment mode   4355 decimal     1103 hex
   -7.5000  -45.0000  -45.0000 5759.9507   23.7121
    0.0000  -45.0000  -45.0000 6030.0757   23.7457
    7.5000  -45.0000  -45.0000 5801.2710   23.6937
   -7.5000  -37.5000  -45.0000 6366.7925   23.3423
    0.0000  -37.5000  -45.0000 6699.8911   23.3734
    7.5000  -37.5000  -45.0000 6419.9419   23.3212
   -7.5000  -30.0000  -45.0000 7301.7080   23.2431
    0.0000  -30.0000  -45.0000 7695.5762   23.2738
    7.5000  -30.0000  -45.0000 7351.8447   23.2199
   -7.5000  -22.5000  -45.0000 8272.3477   23.1904
    0.0000  -22.5000  -45.0000 8714.5938   23.2228
    7.5000  -22.5000  -45.0000 8322.0107   23.1693
   -7.5000  -15.0000  -45.0000 9222.2988   23.1730
    0.0000  -15.0000  -45.0000 9703.8701   23.2052
    7.5000  -15.0000  -45.0000 9257.7930   23.1521
   -7.5000   -7.5000  -45.000010132.8066   23.1643
    0.0000   -7.5000  -45.000010652.3877   23.1954
    7.5000   -7.5000  -45.000010160.9814   23.1430
   -7.5000    0.0000  -45.000010871.0664   23.1713
    0.0000    0.0000  -45.000011462.0645   23.2030
    7.5000    0.0000  -45.000010923.2676   23.1520
   -7.5000    7.5000  -45.000010774.9434   23.1924
    0.0000    7.5000  -45.000011355.7744   23.2233
    7.5000    7.5000  -45.000010820.5840   23.1712
   -7.5000   15.0000  -45.000010620.0928   23.2024
    0.0000   15.0000  -45.000011165.4688   23.2330
    7.5000   15.0000  -45.000010636.6650   23.1790
   -7.5000   22.5000  -45.000010391.0693   23.1868
    0.0000   22.5000  -45.000010911.5430   23.2192
    7.5000   22.5000  -45.000010383.5869   23.1657
   -7.5000   30.0000  -45.000010084.0225   22.8642
    0.0000   30.0000  -45.000010604.5303   22.8959
    7.5000   30.0000  -45.000010075.4053   22.8436
   -7.5000   37.5000  -45.000010037.1426   22.8556
    0.0000   37.5000  -45.000010585.7607   22.8863
    7.5000   37.5000  -45.000010037.6406   22.8345
   -7.5000   45.0000  -45.0000 9567.4004   22.2819
    0.0000   45.0000  -45.000010121.4004   22.3124
    7.5000   45.0000  -45.0000 9590.1729   22.2634
   -7.5000  -45.0000  -37.5000 6133.5625   23.7662
    0.0000  -45.0000  -37.5000 6464.5352   23.8067
    7.5000  -45.0000  -37.5000 6185.3071   23.7412
   -7.5000  -37.5000  -37.5000 6795.7290   23.4011
    0.0000  -37.5000  -37.5000 7181.0718   23.4361
    7.5000  -37.5000  -37.5000 6853.5693   23.3680
   -7.5000  -30.0000  -37.5000 7811.7910   23.2946
    0.0000  -30.0000  -37.5000 8246.2422   23.3261
    7.5000  -30.0000  -37.5000 7869.8213   23.2537
   -7.5000  -22.5000  -37.5000 8866.1602   23.2253
    0.0000  -22.5000  -37.5000 9338.2852   23.2592
    7.5000  -22.5000  -37.5000 8902.1270   23.1870
   -7.5000  -15.0000  -37.5000 9856.3184   23.1972
    0.0000  -15.0000  -37.500010361.1660   23.2344
    7.5000  -15.0000  -37.5000 9868.1377   23.1651
   -7.5000   -7.5000  -37.500010784.1123   23.1974
    0.0000   -7.5000  -37.500011348.1494   23.2361
    7.5000   -7.5000  -37.500010802.2236   23.1705
   -7.5000    0.0000  -37.500011608.9297   23.2223
    0.0000    0.0000  -37.500012201.7412   23.2609
    7.5000    0.0000  -37.500011636.2051   23.1969
   -7.5000    7.5000  -37.500011488.8623   23.2508
    0.0000    7.5000  -37.500012104.7725   23.2855
    7.5000    7.5000  -37.500011515.1641   23.2176
   -7.5000   15.0000  -37.500011285.3076   23.2536
    0.0000   15.0000  -37.500011867.4639   23.2850
    7.5000   15.0000  -37.500011285.2637   23.2126
   -7.5000   22.5000  -37.500011007.1221   23.2217
    0.0000   22.5000  -37.500011578.7393   23.2555
    7.5000   22.5000  -37.500011009.9648   23.1833
   -7.5000   30.0000  -37.500010685.5527   22.8881
    0.0000   30.0000  -37.500011237.4102   22.9248
    7.5000   30.0000  -37.500010674.0557   22.8564
   -7.5000   37.5000  -37.500010625.1133   22.8883
    0.0000   37.5000  -37.500011202.0215   22.9265
    7.5000   37.5000  -37.500010636.5010   22.8617
   -7.5000   45.0000  -37.500010096.3379   22.3310
    0.0000   45.0000  -37.500010676.8193   22.3682
    7.5000   45.0000  -37.500010140.6982   22.3066
   -7.5000  -45.0000  -30.0000 6642.4268   24.7851
    0.0000  -45.0000  -30.0000 7003.8643   24.8360
    7.5000  -45.0000  -30.0000 6687.6035   24.7595
   -7.5000  -37.5000  -30.0000 7390.6523   24.4080
    0.0000  -37.5000  -30.0000 7797.5269   24.4529
    7.5000  -37.5000  -30.0000 7425.2593   24.3785
   -7.5000  -30.0000  -30.0000 8490.1289   24.3043
    0.0000  -30.0000  -30.0000 8952.1797   24.3441
    7.5000  -30.0000  -30.0000 8513.1221   24.2659
   -7.5000  -22.5000  -30.0000 9605.6162   24.2347
    0.0000  -22.5000  -30.000010082.9248   24.2746
    7.5000  -22.5000  -30.0000 9589.7441   24.1923
   -7.5000  -15.0000  -30.000010664.6484   24.1993
    0.0000  -15.0000  -30.000011185.1230   24.2429
    7.5000  -15.0000  -30.000010621.6318   24.1599
   -7.5000   -7.5000  -30.000011653.8516   24.1920
    0.0000   -7.5000  -30.000012229.0967   24.2397
    7.5000   -7.5000  -30.000011615.0332   24.1607
   -7.5000    0.0000  -30.000012513.9736   24.2166
    0.0000    0.0000  -30.000013134.1396   24.2655
    7.5000    0.0000  -30.000012502.1729   24.1911
   -7.5000    7.5000  -30.000012404.8164   24.2509
    0.0000    7.5000  -30.000013038.8047   24.2955
    7.5000    7.5000  -30.000012394.7402   24.2213
   -7.5000   15.0000  -30.000012164.6045   24.2614
    0.0000   15.0000  -30.000012800.2549   24.3010
    7.5000   15.0000  -30.000012152.7197   24.2228
   -7.5000   22.5000  -30.000011844.6230   24.2285
    0.0000   22.5000  -30.000012483.8418   24.2684
    7.5000   22.5000  -30.000011825.6387   24.1860
   -7.5000   30.0000  -30.000011489.4131   23.8791
    0.0000   30.0000  -30.000012095.4629   23.9221
    7.5000   30.0000  -30.000011451.0859   23.8402
   -7.5000   37.5000  -30.000011380.5869   23.8719
    0.0000   37.5000  -30.000011994.7480   23.9190
    7.5000   37.5000  -30.000011381.5645   23.8410
   -7.5000   45.0000  -30.000010811.4082   23.3042
    0.0000   45.0000  -30.000011375.6973   23.3513
    7.5000   45.0000  -30.000010823.4326   23.2797
   -7.5000  -45.0000  -22.5000 7178.5889   25.5978
    0.0000  -45.0000  -22.5000 7554.7012   25.6536
    7.5000  -45.0000  -22.5000 7198.3291   25.5826
   -7.5000  -37.5000  -22.5000 7993.1826   25.2025
    0.0000  -37.5000  -22.5000 8423.3828   25.2545
    7.5000  -37.5000  -22.5000 8007.2700   25.1930
   -7.5000  -30.0000  -22.5000 9155.1797   25.1104
    0.0000  -30.0000  -22.5000 9638.4990   25.1584
    7.5000  -30.0000  -22.5000 9142.7891   25.0969
   -7.5000  -22.5000  -22.500010333.9434   25.0625
    0.0000  -22.5000  -22.500010857.2842   25.1079
    7.5000  -22.5000  -22.500010287.1260   25.0383
   -7.5000  -15.0000  -22.500011459.9424   25.0348
    0.0000  -15.0000  -22.500012032.6895   25.0811
    7.5000  -15.0000  -22.500011385.3135   25.0042
   -7.5000   -7.5000  -22.500012505.4590   25.0102
    0.0000   -7.5000  -22.500013125.3779   25.0606
    7.5000   -7.5000  -22.500012429.9502   24.9844
   -7.5000    0.0000  -22.500013427.7666   25.0116
    0.0000    0.0000  -22.500014098.3330   25.0650
    7.5000    0.0000  -22.500013356.2168   24.9961
   -7.5000    7.5000  -22.500013293.0947   25.0402
    0.0000    7.5000  -22.500014002.2373   25.0918
    7.5000    7.5000  -22.500013216.6084   25.0303
   -7.5000   15.0000  -22.500013030.6953   25.0661
    0.0000   15.0000  -22.500013759.3213   25.1139
    7.5000   15.0000  -22.500012955.5566   25.0523
   -7.5000   22.5000  -22.500012701.4775   25.0543
    0.0000   22.5000  -22.500013418.8730   25.0997
    7.5000   22.5000  -22.500012636.2842   25.0301
   -7.5000   30.0000  -22.500012283.2617   24.7073
    0.0000   30.0000  -22.500012970.8828   24.7530
    7.5000   30.0000  -22.500012219.1836   24.6771
   -7.5000   37.5000  -22.500012141.5635   24.6830
    0.0000   37.5000  -22.500012806.2041   24.7328
    7.5000   37.5000  -22.500012105.0586   24.6575
   -7.5000   45.0000  -22.500011517.0088   24.0874
    0.0000   45.0000  -22.500012115.4961   24.1388
    7.5000   45.0000  -22.500011497.9336   24.0725
   -7.5000  -45.0000  -15.0000 7703.0923   26.1571
    0.0000  -45.0000  -15.0000 8104.3066   26.2085
    7.5000  -45.0000  -15.0000 7721.3931   26.1514
   -7.5000  -37.5000  -15.0000 8572.3408   25.7458
    0.0000  -37.5000  -15.0000 9030.4482   25.7960
    7.5000  -37.5000  -15.0000 8569.1875   25.7509
   -7.5000  -30.0000  -15.0000 9833.8301   25.6578
    0.0000  -30.0000  -15.000010330.9922   25.7064
    7.5000  -30.0000  -15.0000 9789.2412   25.6643
   -7.5000  -22.5000  -15.000011074.8818   25.6264
    0.0000  -22.5000  -15.000011623.5273   25.6722
    7.5000  -22.5000  -15.000011006.8672   25.6221
   -7.5000  -15.0000  -15.000012248.6025   25.6107
    0.0000  -15.0000  -15.000012840.4639   25.6544
    7.5000  -15.0000  -15.000012161.9502   25.5943
   -7.5000   -7.5000  -15.000013347.5352   25.5773
    0.0000   -7.5000  -15.000013999.5801   25.6229
    7.5000   -7.5000  -15.000013258.0518   25.5601
   -7.5000    0.0000  -15.000014304.0742   25.5600
    0.0000    0.0000  -15.000015068.6279   25.6090
    7.5000    0.0000  -15.000014228.0381   25.5535
   -7.5000    7.5000  -15.000014155.2910   25.5801
    0.0000    7.5000  -15.000014976.3770   25.6299
    7.5000    7.5000  -15.000014056.5518   25.5847
   -7.5000   15.0000  -15.000013858.1943   25.6128
    0.0000   15.0000  -15.000014730.1895   25.6612
    7.5000   15.0000  -15.000013767.9268   25.6188
   -7.5000   22.5000  -15.000013513.4727   25.6169
    0.0000   22.5000  -15.000014374.0547   25.6626
    7.5000   22.5000  -15.000013430.0029   25.6126
   -7.5000   30.0000  -15.000013070.4639   25.2792
    0.0000   30.0000  -15.000013872.1426   25.3224
    7.5000   30.0000  -15.000012983.4648   25.2631
   -7.5000   37.5000  -15.000012887.3086   25.2463
    0.0000   37.5000  -15.000013639.3975   25.2913
    7.5000   37.5000  -15.000012822.2197   25.2293
   -7.5000   45.0000  -15.000012174.3115   24.6304
    0.0000   45.0000  -15.000012849.3799   24.6776
    7.5000   45.0000  -15.000012127.8467   24.6241
   -7.5000  -45.0000   -7.5000 8235.0918   26.4444
    0.0000  -45.0000   -7.5000 8666.1826   26.4856
    7.5000  -45.0000   -7.5000 8255.4814   26.4347
   -7.5000  -37.5000   -7.5000 9172.5039   26.0287
    0.0000  -37.5000   -7.5000 9666.3682   26.0693
    7.5000  -37.5000   -7.5000 9174.1689   26.0254
   -7.5000  -30.0000   -7.500010506.3516   25.9322
    0.0000  -30.0000   -7.500011024.1348   25.9735
    7.5000  -30.0000   -7.500010484.5137   25.9314
   -7.5000  -22.5000   -7.500011804.1357   25.8940
    0.0000  -22.5000   -7.500012382.4180   25.9344
    7.5000  -22.5000   -7.500011765.9316   25.8886
   -7.5000  -15.0000   -7.500013011.3584   25.8808
    0.0000  -15.0000   -7.500013647.5498   25.9181
    7.5000  -15.0000   -7.500012958.4053   25.8660
   -7.5000   -7.5000   -7.500014177.0059   25.8547
    0.0000   -7.5000   -7.500014900.8721   25.8912
    7.5000   -7.5000   -7.500014116.7852   25.8368
   -7.5000    0.0000   -7.500015239.4395   25.8420
    0.0000    0.0000   -7.500016090.8320   25.8809
    7.5000    0.0000   -7.500015173.8008   25.8311
   -7.5000    7.5000   -7.500015087.0615   25.8615
    0.0000    7.5000   -7.500016036.7168   25.9017
    7.5000    7.5000   -7.500014991.5156   25.8578
   -7.5000   15.0000   -7.500014774.6338   25.8868
    0.0000   15.0000   -7.500015732.9561   25.9280
    7.5000   15.0000   -7.500014655.4209   25.8857
   -7.5000   22.5000   -7.500014352.3066   25.8815
    0.0000   22.5000   -7.500015288.9775   25.9219
    7.5000   22.5000   -7.500014250.1494   25.8761
   -7.5000   30.0000   -7.500013859.2188   25.5451
    0.0000   30.0000   -7.500014718.6562   25.5820
    7.5000   30.0000   -7.500013754.4795   25.5306
   -7.5000   37.5000   -7.500013650.7959   25.5194
    0.0000   37.5000   -7.500014453.6865   25.5554
    7.5000   37.5000   -7.500013550.3018   25.5017
   -7.5000   45.0000   -7.500012865.3945   24.9068
    0.0000   45.0000   -7.500013594.6055   24.9443
    7.5000   45.0000   -7.500012766.6191   24.8963
   -7.5000  -45.0000    0.0000 8711.0312   26.5344
    0.0000  -45.0000    0.0000 9175.5498   26.5720
    7.5000  -45.0000    0.0000 8722.2422   26.5138
   -7.5000  -37.5000    0.0000 9681.8311   26.1207
    0.0000  -37.5000    0.000010205.2305   26.1555
    7.5000  -37.5000    0.0000 9692.1250   26.0970
   -7.5000  -30.0000    0.000011088.4619   26.0096
    0.0000  -30.0000    0.000011635.3525   26.0440
    7.5000  -30.0000    0.000011070.9004   25.9836
   -7.5000  -22.5000    0.000012438.6406   25.9507
    0.0000  -22.5000    0.000013011.9258   25.9869
    7.5000  -22.5000    0.000012412.5938   25.9271
   -7.5000  -15.0000    0.000013700.2012   25.9312
    0.0000  -15.0000    0.000014326.5830   25.9672
    7.5000  -15.0000    0.000013648.2432   25.9078
   -7.5000   -7.5000    0.000014988.1084   25.9214
    0.0000   -7.5000    0.000015743.8252   25.9563
    7.5000   -7.5000    0.000014946.5732   25.8976
   -7.5000    0.0000    0.000016151.4531   25.9292
    0.0000    0.0000    0.000017148.2188   25.9647
    7.5000    0.0000    0.000016073.4922   25.9077
   -7.5000    7.5000    0.000015922.3213   25.9530
    0.0000    7.5000    0.000016935.2246   25.9875
    7.5000    7.5000    0.000015792.0332   25.9292
   -7.5000   15.0000    0.000015569.5635   25.9641
    0.0000   15.0000    0.000016469.4668   25.9983
    7.5000   15.0000    0.000015434.9648   25.9379
   -7.5000   22.5000    0.000015108.8936   25.9383
    0.0000   22.5000    0.000015949.8643   25.9745
    7.5000   22.5000    0.000014973.4229   25.9147
   -7.5000   30.0000    0.000014554.2764   25.5956
    0.0000   30.0000    0.000015330.6016   25.6311
    7.5000   30.0000    0.000014416.8057   25.5725
   -7.5000   37.5000    0.000014342.4336   25.5860
    0.0000   37.5000    0.000015055.1172   25.6204
    7.5000   37.5000    0.000014195.3867   25.5624
   -7.5000   45.0000    0.000013465.4561   24.9928
    0.0000   45.0000    0.000014157.6836   25.0270
    7.5000   45.0000    0.000013315.1289   24.9720
   -7.5000  -45.0000    7.5000 8533.0596   26.5951
    0.0000  -45.0000    7.5000 8967.1426   26.6403
    7.5000  -45.0000    7.5000 8525.9170   26.5670
   -7.5000  -37.5000    7.5000 9462.1865   26.1865
    0.0000  -37.5000    7.5000 9947.9707   26.2256
    7.5000  -37.5000    7.5000 9476.0664   26.1494
   -7.5000  -30.0000    7.500010761.2861   26.0673
    0.0000  -30.0000    7.500011288.3906   26.1025
    7.5000  -30.0000    7.500010770.2969   26.0215
   -7.5000  -22.5000    7.500012029.7695   25.9898
    0.0000  -22.5000    7.500012602.7256   26.0276
    7.5000  -22.5000    7.500012028.3965   25.9468
   -7.5000  -15.0000    7.500013302.8789   25.9583
    0.0000  -15.0000    7.500013915.7549   26.0000
    7.5000  -15.0000    7.500013315.7256   25.9223
   -7.5000   -7.5000    7.500014651.8760   25.9586
    0.0000   -7.5000    7.500015433.5322   26.0019
    7.5000   -7.5000    7.500014672.1465   25.9284
   -7.5000    0.0000    7.500015773.2373   25.9863
    0.0000    0.0000    7.500016732.7617   26.0296
    7.5000    0.0000    7.500015727.3789   25.9580
   -7.5000    7.5000    7.500015474.0068   26.0182
    0.0000    7.5000    7.500016266.1758   26.0571
    7.5000    7.5000    7.500015404.0498   25.9811
   -7.5000   15.0000    7.500015149.2598   26.0214
    0.0000   15.0000    7.500015774.6084   26.0565
    7.5000   15.0000    7.500015040.3008   25.9755
   -7.5000   22.5000    7.500014781.2959   25.9773
    0.0000   22.5000    7.500015375.5205   26.0152
    7.5000   22.5000    7.500014627.4209   25.9344
   -7.5000   30.0000    7.500014245.4580   25.6224
    0.0000   30.0000    7.500014885.6279   25.6635
    7.5000   30.0000    7.500014091.5703   25.5869
   -7.5000   37.5000    7.500014019.0098   25.6226
    0.0000   37.5000    7.500014683.5049   25.6653
    7.5000   37.5000    7.500013851.3594   25.5928
   -7.5000   45.0000    7.500013139.2256   25.0478
    0.0000   45.0000    7.500013790.5586   25.0896
    7.5000   45.0000    7.500012976.4824   25.0205
   -7.5000  -45.0000   15.0000 8148.7388   26.6151
    0.0000  -45.0000   15.0000 8602.9834   26.6698
    7.5000  -45.0000   15.0000 8118.1416   26.5877
   -7.5000  -37.5000   15.0000 9037.9023   26.2101
    0.0000  -37.5000   15.0000 9545.8477   26.2584
    7.5000  -37.5000   15.0000 9058.0420   26.1785
   -7.5000  -30.0000   15.000010278.7012   26.0989
    0.0000  -30.0000   15.000010798.3809   26.1416
    7.5000  -30.0000   15.000010319.5010   26.0576
   -7.5000  -22.5000   15.000011520.1094   26.0241
    0.0000  -22.5000   15.000012043.2100   26.0670
    7.5000  -22.5000   15.000011574.9570   25.9785
   -7.5000  -15.0000   15.000012756.9639   25.9860
    0.0000  -15.0000   15.000013339.8262   26.0328
    7.5000  -15.0000   15.000012843.7354   25.9438
   -7.5000   -7.5000   15.000014058.2549   25.9782
    0.0000   -7.5000   15.000014727.6904   26.0295
    7.5000   -7.5000   15.000014146.7627   25.9447
   -7.5000    0.0000   15.000015173.7139   26.0046
    0.0000    0.0000   15.000016022.0771   26.0572
    7.5000    0.0000   15.000015234.4346   25.9773
   -7.5000    7.5000   15.000014941.5000   26.0415
    0.0000    7.5000   15.000015725.6738   26.0894
    7.5000    7.5000   15.000014954.8311   26.0096
   -7.5000   15.0000   15.000014595.4912   26.0527
    0.0000   15.0000   15.000015320.2744   26.0953
    7.5000   15.0000   15.000014533.1992   26.0113
   -7.5000   22.5000   15.000014233.6250   26.0117
    0.0000   22.5000   15.000014986.3662   26.0545
    7.5000   22.5000   15.000014117.8721   25.9661
   -7.5000   30.0000   15.000013723.9395   25.6497
    0.0000   30.0000   15.000014472.1748   25.6959
    7.5000   30.0000   15.000013594.9883   25.6080
   -7.5000   37.5000   15.000013498.7275   25.6420
    0.0000   37.5000   15.000014202.9336   25.6926
    7.5000   37.5000   15.000013367.5391   25.6089
   -7.5000   45.0000   15.000012634.7500   25.0654
    0.0000   45.0000   15.000013266.7715   25.1161
    7.5000   45.0000   15.000012512.4414   25.0391
   -7.5000  -45.0000   22.5000 7694.8267   26.5726
    0.0000  -45.0000   22.5000 8093.2427   26.6305
    7.5000  -45.0000   22.5000 7693.0688   26.5568
   -7.5000  -37.5000   22.5000 8551.4619   26.1622
    0.0000  -37.5000   22.5000 8983.5693   26.2162
    7.5000  -37.5000   22.5000 8590.6152   26.1523
   -7.5000  -30.0000   22.5000 9726.1416   26.0666
    0.0000  -30.0000   22.500010208.6689   26.1164
    7.5000  -30.0000   22.5000 9792.0957   26.0526
   -7.5000  -22.5000   22.500010929.7305   26.0168
    0.0000  -22.5000   22.500011484.9131   26.0640
    7.5000  -22.5000   22.500010997.0645   25.9917
   -7.5000  -15.0000   22.500012077.1465   25.9881
    0.0000  -15.0000   22.500012739.2090   26.0362
    7.5000  -15.0000   22.500012165.0283   25.9563
   -7.5000   -7.5000   22.500013238.6182   25.9625
    0.0000   -7.5000   22.500014018.8281   26.0150
    7.5000   -7.5000   22.500013340.7666   25.9358
   -7.5000    0.0000   22.500014300.7061   25.9640
    0.0000    0.0000   22.500015163.6807   26.0195
    7.5000    0.0000   22.500014380.2207   25.9480
   -7.5000    7.5000   22.500014176.8779   25.9937
    0.0000    7.5000   22.500015073.6523   26.0473
    7.5000    7.5000   22.500014241.1055   25.9835
   -7.5000   15.0000   22.500013863.2227   26.0206
    0.0000   15.0000   22.500014769.9326   26.0702
    7.5000   15.0000   22.500013922.4658   26.0063
   -7.5000   22.5000   22.500013459.3857   26.0044
    0.0000   22.5000   22.500014297.6357   26.0515
    7.5000   22.5000   22.500013472.9072   25.9792
   -7.5000   30.0000   22.500012984.0010   25.6518
    0.0000   30.0000   22.500013719.9043   25.6992
    7.5000   30.0000   22.500012947.6270   25.6204
   -7.5000   37.5000   22.500012796.1299   25.6265
    0.0000   37.5000   22.500013450.3916   25.6783
    7.5000   37.5000   22.500012743.8457   25.6001
   -7.5000   45.0000   22.500011972.9736   25.0263
    0.0000   45.0000   22.500012569.7285   25.0798
    7.5000   45.0000   22.500011920.1348   25.0108
   -7.5000  -45.0000   30.0000 7096.0190   26.5161
    0.0000  -45.0000   30.0000 7490.4331   26.5682
    7.5000  -45.0000   30.0000 7111.5928   26.5103
   -7.5000  -37.5000   30.0000 7887.4937   26.0991
    0.0000  -37.5000   30.0000 8336.8906   26.1500
    7.5000  -37.5000   30.0000 7926.2529   26.1043
   -7.5000  -30.0000   30.0000 9041.7686   26.0099
    0.0000  -30.0000   30.0000 9559.9043   26.0593
    7.5000  -30.0000   30.0000 9095.3525   26.0165
   -7.5000  -22.5000   30.000010176.1816   25.9781
    0.0000  -22.5000   30.000010757.2256   26.0245
    7.5000  -22.5000   30.000010241.6172   25.9738
   -7.5000  -15.0000   30.000011261.9199   25.9622
    0.0000  -15.0000   30.000011916.3203   26.0065
    7.5000  -15.0000   30.000011336.8711   25.9456
   -7.5000   -7.5000   30.000012361.0576   25.9284
    0.0000   -7.5000   30.000013016.9531   25.9746
    7.5000   -7.5000   30.000012423.6797   25.9109
   -7.5000    0.0000   30.000013302.9639   25.9108
    0.0000    0.0000   30.000013959.9463   25.9605
    7.5000    0.0000   30.000013362.3477   25.9042
   -7.5000    7.5000   30.000013172.6309   25.9312
    0.0000    7.5000   30.000013799.8027   25.9817
    7.5000    7.5000   30.000013232.0693   25.9358
   -7.5000   15.0000   30.000012890.1172   25.9643
    0.0000   15.0000   30.000013505.1484   26.0134
    7.5000   15.0000   30.000012958.9023   25.9704
   -7.5000   22.5000   30.000012547.5752   25.9657
    0.0000   22.5000   30.000013133.2539   26.0121
    7.5000   22.5000   30.000012585.9658   25.9613
   -7.5000   30.0000   30.000012109.2246   25.6262
    0.0000   30.0000   30.000012661.2324   25.6699
    7.5000   30.0000   30.000012113.1514   25.6098
   -7.5000   37.5000   30.000011983.8496   25.5928
    0.0000   37.5000   30.000012501.8643   25.6384
    7.5000   37.5000   30.000011963.2227   25.5755
   -7.5000   45.0000   30.000011212.3916   24.9750
    0.0000   45.0000   30.000011736.3887   25.0229
    7.5000   45.0000   30.000011192.7041   24.9686
   -7.5000  -45.0000   37.5000 6723.4775   26.5948
    0.0000  -45.0000   37.5000 7071.2485   26.6365
    7.5000  -45.0000   37.5000 6760.6094   26.5856
   -7.5000  -37.5000   37.5000 7505.3389   26.1794
    0.0000  -37.5000   37.5000 7904.6196   26.2205
    7.5000  -37.5000   37.5000 7556.1357   26.1767
   -7.5000  -30.0000   37.5000 8616.2715   26.0845
    0.0000  -30.0000   37.5000 9090.7197   26.1259
    7.5000  -30.0000   37.5000 8666.1016   26.0835
   -7.5000  -22.5000   37.5000 9730.9414   26.0464
    0.0000  -22.5000   37.500010226.7354   26.0867
    7.5000  -22.5000   37.5000 9753.5654   26.0403
   -7.5000  -15.0000   37.500010727.5322   26.0323
    0.0000  -15.0000   37.500011298.7461   26.0695
    7.5000  -15.0000   37.500010774.8359   26.0167
   -7.5000   -7.5000   37.500011712.0352   26.0047
    0.0000   -7.5000   37.500012294.2861   26.0413
    7.5000   -7.5000   37.500011785.1504   25.9865
   -7.5000    0.0000   37.500012620.0488   25.9912
    0.0000    0.0000   37.500013196.6377   26.0305
    7.5000    0.0000   37.500012675.8496   25.9808
   -7.5000    7.5000   37.500012518.5586   26.0117
    0.0000    7.5000   37.500013074.8066   26.0524
    7.5000    7.5000   37.500012584.7598   26.0085
   -7.5000   15.0000   37.500012277.1621   26.0387
    0.0000   15.0000   37.500012822.4062   26.0800
    7.5000   15.0000   37.500012346.5869   26.0374
   -7.5000   22.5000   37.500011952.4717   26.0340
    0.0000   22.5000   37.500012461.6680   26.0742
    7.5000   22.5000   37.500011977.5732   26.0278
   -7.5000   30.0000   37.500011557.9912   25.6954
    0.0000   30.0000   37.500012057.5713   25.7322
    7.5000   30.0000   37.500011562.4688   25.6800
   -7.5000   37.5000   37.500011479.9170   25.6681
    0.0000   37.5000   37.500011976.7412   25.7042
    7.5000   37.5000   37.500011463.6504   25.6502
   -7.5000   45.0000   37.500010770.6992   25.0525
    0.0000   45.0000   37.500011260.9111   25.0904
    7.5000   45.0000   37.500010749.6738   25.0425
   -7.5000  -45.0000   45.0000 6078.3862   26.7863
    0.0000  -45.0000   45.0000 6379.0166   26.8242
    7.5000  -45.0000   45.0000 6110.1987   26.7642
   -7.5000  -37.5000   45.0000 6789.2354   26.3683
    0.0000  -37.5000   45.0000 7142.9590   26.4029
    7.5000  -37.5000   45.0000 6823.7852   26.3424
   -7.5000  -30.0000   45.0000 7801.7061   26.2576
    0.0000  -30.0000   45.0000 8215.7451   26.2915
    7.5000  -30.0000   45.0000 7819.2129   26.2292
   -7.5000  -22.5000   45.0000 8803.4785   26.1977
    0.0000  -22.5000   45.0000 9265.7480   26.2338
    7.5000  -22.5000   45.0000 8802.4102   26.1725
   -7.5000  -15.0000   45.0000 9720.2910   26.1778
    0.0000  -15.0000   45.000010235.9717   26.2140
    7.5000  -15.0000   45.0000 9743.0586   26.1535
   -7.5000   -7.5000   45.000010622.2480   26.1673
    0.0000   -7.5000   45.000011153.4482   26.2026
    7.5000   -7.5000   45.000010643.6973   26.1427
   -7.5000    0.0000   45.000011440.8115   26.1751
    0.0000    0.0000   45.000011974.2061   26.2108
    7.5000    0.0000   45.000011453.3223   26.1521
   -7.5000    7.5000   45.000011338.2744   26.1993
    0.0000    7.5000   45.000011849.2012   26.2336
    7.5000    7.5000   45.000011350.8994   26.1732
   -7.5000   15.0000   45.000011127.0605   26.2109
    0.0000   15.0000   45.000011607.5186   26.2447
    7.5000   15.0000   45.000011135.6777   26.1823
   -7.5000   22.5000   45.000010854.3701   26.1851
    0.0000   22.5000   45.000011289.6094   26.2211
    7.5000   22.5000   45.000010838.2812   26.1598
   -7.5000   30.0000   45.000010515.0498   25.8367
    0.0000   30.0000   45.000010954.2939   25.8724
    7.5000   30.0000   45.000010499.8691   25.8128
   -7.5000   37.5000   45.000010486.5801   25.8264
    0.0000   37.5000   45.000010956.9082   25.8613
    7.5000   37.5000   45.000010459.5869   25.8021
   -7.5000   45.0000   45.0000 9832.0166   25.2412
    0.0000   45.0000   45.000010300.4600   25.2757
    7.5000   45.0000   45.0000 9805.5498   25.2190

---------------------------------------------------------------------
imgreg_4dfp /opt/freesurfer/average/711-2C_as_mni_average_305 /opt/freesurfer/average/711-2B_as_mni_average_305_mask talsrcimg_g11 none talsrcimg_to_711-2C_as_mni_average_305_t4 4355
---------------------------------------------------------------------

freesurfer imgreg_4dfp.c
/opt/freesurfer/average/711-2C_as_mni_average_305.4dfp.img
       256       256       256         1
  1.000000  1.000000  1.000000
orientation T byte_order littleendian
Reading image: /opt/freesurfer/average/711-2C_as_mni_average_305.4dfp.img
dimensions:      256       256       256
mmppix:       1.0000   -1.0000   -1.0000
center:     128.0000 -129.0000 -129.0000
/opt/freesurfer/average/711-2B_as_mni_average_305_mask.4dfp.img
       256       256       256         1
  1.000000  1.000000  1.000000
orientation T byte_order littleendian
Reading mask: /opt/freesurfer/average/711-2B_as_mni_average_305_mask.4dfp.img (2306576 pixels)
talsrcimg_g11.4dfp.img
       256       256       256         1
  1.000000  1.000000  1.000000
orientation T byte_order littleendian
Reading image: talsrcimg_g11.4dfp.img
dimensions:      256       256       256
mmppix:       1.0000   -1.0000   -1.0000
center:     128.0000 -129.0000 -129.0000
rotation matrix determinant  1.000000
image alignment mode   4355 decimal     1103 hex
   -7.5000  -45.0000  -45.0000 1626.6108   41.1856
    0.0000  -45.0000  -45.0000 1635.2765   40.9309
    7.5000  -45.0000  -45.0000 1625.7532   40.8404
   -7.5000  -37.5000  -45.0000 1751.7939   35.5007
    0.0000  -37.5000  -45.0000 1765.2627   35.3821
    7.5000  -37.5000  -45.0000 1758.1108   35.3247
   -7.5000  -30.0000  -45.0000 1867.4635   31.2170
    0.0000  -30.0000  -45.0000 1885.0275   31.1783
    7.5000  -30.0000  -45.0000 1877.1882   31.1463
   -7.5000  -22.5000  -45.0000 1980.4683   27.9064
    0.0000  -22.5000  -45.0000 1996.7050   27.9129
    7.5000  -22.5000  -45.0000 1988.9174   27.8803
   -7.5000  -15.0000  -45.0000 2079.4277   25.3861
    0.0000  -15.0000  -45.0000 2094.2976   25.3975
    7.5000  -15.0000  -45.0000 2084.3911   25.3480
   -7.5000   -7.5000  -45.0000 2161.5515   23.5275
    0.0000   -7.5000  -45.0000 2174.0637   23.5215
    7.5000   -7.5000  -45.0000 2162.5913   23.5146
   -7.5000    0.0000  -45.0000 2200.1006   22.3248
    0.0000    0.0000  -45.0000 2215.8940   22.3222
    7.5000    0.0000  -45.0000 2200.9709   22.3229
   -7.5000    7.5000  -45.0000 2217.4854   21.6087
    0.0000    7.5000  -45.0000 2232.4961   21.5636
    7.5000    7.5000  -45.0000 2224.3059   21.6194
   -7.5000   15.0000  -45.0000 2224.7771   21.2223
    0.0000   15.0000  -45.0000 2239.5803   21.1247
    7.5000   15.0000  -45.0000 2228.9565   21.2169
   -7.5000   22.5000  -45.0000 2214.4861   21.3287
    0.0000   22.5000  -45.0000 2227.4937   21.2491
    7.5000   22.5000  -45.0000 2215.8242   21.3659
   -7.5000   30.0000  -45.0000 2178.8328   21.9391
    0.0000   30.0000  -45.0000 2195.4185   21.8529
    7.5000   30.0000  -45.0000 2179.6790   21.9476
   -7.5000   37.5000  -45.0000 2131.1487   23.0421
    0.0000   37.5000  -45.0000 2147.7205   22.9634
    7.5000   37.5000  -45.0000 2135.5208   23.0630
   -7.5000   45.0000  -45.0000 2056.0061   24.6743
    0.0000   45.0000  -45.0000 2074.2776   24.5988
    7.5000   45.0000  -45.0000 2061.5972   24.7468
   -7.5000  -45.0000  -37.5000 1685.6635   37.8663
    0.0000  -45.0000  -37.5000 1702.1426   37.9507
    7.5000  -45.0000  -37.5000 1696.1829   37.8219
   -7.5000  -37.5000  -37.5000 1819.2059   32.7620
    0.0000  -37.5000  -37.5000 1839.4709   32.8203
    7.5000  -37.5000  -37.5000 1830.7141   32.6473
   -7.5000  -30.0000  -37.5000 1949.4739   28.8535
    0.0000  -30.0000  -37.5000 1968.0226   28.8872
    7.5000  -30.0000  -37.5000 1958.3107   28.7730
   -7.5000  -22.5000  -37.5000 2072.9644   25.7666
    0.0000  -22.5000  -37.5000 2088.4656   25.7757
    7.5000  -22.5000  -37.5000 2078.2722   25.7051
   -7.5000  -15.0000  -37.5000 2174.4817   23.4463
    0.0000  -15.0000  -37.5000 2187.0366   23.4378
    7.5000  -15.0000  -37.5000 2175.2090   23.3389
   -7.5000   -7.5000  -37.5000 2250.6282   21.7610
    0.0000   -7.5000  -37.5000 2268.3030   21.7241
    7.5000   -7.5000  -37.5000 2250.6255   21.6944
   -7.5000    0.0000  -37.5000 2300.8254   20.6518
    0.0000    0.0000  -37.5000 2322.0327   20.5516
    7.5000    0.0000  -37.5000 2303.2886   20.5986
   -7.5000    7.5000  -37.5000 2324.9756   20.0000
    0.0000    7.5000  -37.5000 2346.7554   19.8995
    7.5000    7.5000  -37.5000 2330.5659   19.9818
   -7.5000   15.0000  -37.5000 2334.3779   19.6492
    0.0000   15.0000  -37.5000 2352.9329   19.5329
    7.5000   15.0000  -37.5000 2340.9160   19.6580
   -7.5000   22.5000  -37.5000 2323.6128   19.7267
    0.0000   22.5000  -37.5000 2342.3005   19.6099
    7.5000   22.5000  -37.5000 2333.7051   19.7445
   -7.5000   30.0000  -37.5000 2295.4773   20.2248
    0.0000   30.0000  -37.5000 2312.2874   20.1275
    7.5000   30.0000  -37.5000 2297.7937   20.2370
   -7.5000   37.5000  -37.5000 2243.4563   21.2514
    0.0000   37.5000  -37.5000 2259.8145   21.1511
    7.5000   37.5000  -37.5000 2246.3914   21.2507
   -7.5000   45.0000  -37.5000 2157.0273   22.7526
    0.0000   45.0000  -37.5000 2179.9744   22.6385
    7.5000   45.0000  -37.5000 2166.5256   22.7458
   -7.5000  -45.0000  -30.0000 1768.2775   36.3100
    0.0000  -45.0000  -30.0000 1784.7418   36.4711
    7.5000  -45.0000  -30.0000 1784.5632   36.2914
   -7.5000  -37.5000  -30.0000 1918.5658   31.5666
    0.0000  -37.5000  -30.0000 1934.4934   31.6436
    7.5000  -37.5000  -30.0000 1926.5366   31.4067
   -7.5000  -30.0000  -30.0000 2056.9294   27.8040
    0.0000  -30.0000  -30.0000 2075.6763   27.8269
    7.5000  -30.0000  -30.0000 2063.4851   27.6468
   -7.5000  -22.5000  -30.0000 2186.4412   24.8307
    0.0000  -22.5000  -30.0000 2202.7725   24.7275
    7.5000  -22.5000  -30.0000 2190.1211   24.6438
   -7.5000  -15.0000  -30.0000 2295.3857   22.5004
    0.0000  -15.0000  -30.0000 2315.8469   22.4036
    7.5000  -15.0000  -30.0000 2297.0886   22.3202
   -7.5000   -7.5000  -30.0000 2382.9001   20.8675
    0.0000   -7.5000  -30.0000 2400.7439   20.7516
    7.5000   -7.5000  -30.0000 2384.4775   20.7543
   -7.5000    0.0000  -30.0000 2436.1135   19.7980
    0.0000    0.0000  -30.0000 2456.5283   19.6473
    7.5000    0.0000  -30.0000 2442.2468   19.7410
   -7.5000    7.5000  -30.0000 2477.8110   19.1393
    0.0000    7.5000  -30.0000 2500.5928   19.0070
    7.5000    7.5000  -30.0000 2484.6321   19.1191
   -7.5000   15.0000  -30.0000 2493.3306   18.8909
    0.0000   15.0000  -30.0000 2512.4851   18.7414
    7.5000   15.0000  -30.0000 2505.6086   18.9074
   -7.5000   22.5000  -30.0000 2486.2351   18.9658
    0.0000   22.5000  -30.0000 2507.6960   18.8175
    7.5000   22.5000  -30.0000 2496.5605   18.9795
   -7.5000   30.0000  -30.0000 2453.2471   19.4440
    0.0000   30.0000  -30.0000 2476.1711   19.2967
    7.5000   30.0000  -30.0000 2458.5171   19.4621
   -7.5000   37.5000  -30.0000 2391.8303   20.3774
    0.0000   37.5000  -30.0000 2414.3896   20.2389
    7.5000   37.5000  -30.0000 2397.6436   20.3907
   -7.5000   45.0000  -30.0000 2300.0032   21.7529
    0.0000   45.0000  -30.0000 2321.0435   21.6372
    7.5000   45.0000  -30.0000 2306.3772   21.8258
   -7.5000  -45.0000  -22.5000 1833.5447   34.8575
    0.0000  -45.0000  -22.5000 1844.6978   34.8470
    7.5000  -45.0000  -22.5000 1843.7231   34.6750
   -7.5000  -37.5000  -22.5000 1987.8140   30.2298
    0.0000  -37.5000  -22.5000 2004.5079   30.1649
    7.5000  -37.5000  -22.5000 1997.0830   30.0116
   -7.5000  -30.0000  -22.5000 2129.9651   26.5981
    0.0000  -30.0000  -22.5000 2151.8372   26.4870
    7.5000  -30.0000  -22.5000 2139.2229   26.3701
   -7.5000  -22.5000  -22.5000 2268.8171   23.7161
    0.0000  -22.5000  -22.5000 2288.8921   23.5730
    7.5000  -22.5000  -22.5000 2273.7576   23.5403
   -7.5000  -15.0000  -22.5000 2388.4580   21.4785
    0.0000  -15.0000  -22.5000 2408.4446   21.3638
    7.5000  -15.0000  -22.5000 2388.8040   21.3118
   -7.5000   -7.5000  -22.5000 2483.9211   19.8561
    0.0000   -7.5000  -22.5000 2504.7422   19.7196
    7.5000   -7.5000  -22.5000 2488.8240   19.7195
   -7.5000    0.0000  -22.5000 2551.9294   18.7836
    0.0000    0.0000  -22.5000 2569.7876   18.6374
    7.5000    0.0000  -22.5000 2559.4138   18.7198
   -7.5000    7.5000  -22.5000 2602.6311   18.1414
    0.0000    7.5000  -22.5000 2625.0725   18.0192
    7.5000    7.5000  -22.5000 2609.5110   18.1521
   -7.5000   15.0000  -22.5000 2626.9114   17.9417
    0.0000   15.0000  -22.5000 2648.8398   17.8371
    7.5000   15.0000  -22.5000 2635.3042   17.9747
   -7.5000   22.5000  -22.5000 2620.0459   18.0545
    0.0000   22.5000  -22.5000 2647.4526   17.9574
    7.5000   22.5000  -22.5000 2629.6624   18.1112
   -7.5000   30.0000  -22.5000 2585.6230   18.5364
    0.0000   30.0000  -22.5000 2612.8184   18.4070
    7.5000   30.0000  -22.5000 2590.9934   18.5851
   -7.5000   37.5000  -22.5000 2515.5222   19.4021
    0.0000   37.5000  -22.5000 2544.4128   19.2589
    7.5000   37.5000  -22.5000 2524.6831   19.4596
   -7.5000   45.0000  -22.5000 2422.3853   20.6824
    0.0000   45.0000  -22.5000 2443.0933   20.5540
    7.5000   45.0000  -22.5000 2430.8394   20.7477
   -7.5000  -45.0000  -15.0000 1870.3989   33.4680
    0.0000  -45.0000  -15.0000 1879.2655   33.4283
    7.5000  -45.0000  -15.0000 1880.6599   33.3569
   -7.5000  -37.5000  -15.0000 2025.4508   28.9807
    0.0000  -37.5000  -15.0000 2044.1893   28.8260
    7.5000  -37.5000  -15.0000 2034.7523   28.7735
   -7.5000  -30.0000  -15.0000 2174.3987   25.4197
    0.0000  -30.0000  -15.0000 2196.9307   25.2336
    7.5000  -30.0000  -15.0000 2180.4692   25.2039
   -7.5000  -22.5000  -15.0000 2316.4932   22.6642
    0.0000  -22.5000  -15.0000 2338.6062   22.4295
    7.5000  -22.5000  -15.0000 2325.1257   22.4835
   -7.5000  -15.0000  -15.0000 2441.4150   20.5439
    0.0000  -15.0000  -15.0000 2463.1526   20.3756
    7.5000  -15.0000  -15.0000 2450.1736   20.3844
   -7.5000   -7.5000  -15.0000 2551.5957   18.9498
    0.0000   -7.5000  -15.0000 2573.1899   18.8014
    7.5000   -7.5000  -15.0000 2559.9727   18.8180
   -7.5000    0.0000  -15.0000 2631.4402   17.8709
    0.0000    0.0000  -15.0000 2655.4114   17.7279
    7.5000    0.0000  -15.0000 2646.4983   17.7830
   -7.5000    7.5000  -15.0000 2692.0505   17.2341
    0.0000    7.5000  -15.0000 2718.7551   17.1194
    7.5000    7.5000  -15.0000 2703.6453   17.2019
   -7.5000   15.0000  -15.0000 2724.3389   16.9927
    0.0000   15.0000  -15.0000 2754.5437   16.9389
    7.5000   15.0000  -15.0000 2734.3057   17.0553
   -7.5000   22.5000  -15.0000 2723.8381   17.1363
    0.0000   22.5000  -15.0000 2756.3013   17.0778
    7.5000   22.5000  -15.0000 2733.6125   17.2149
   -7.5000   30.0000  -15.0000 2686.8564   17.6659
    0.0000   30.0000  -15.0000 2712.8237   17.5615
    7.5000   30.0000  -15.0000 2692.9089   17.7168
   -7.5000   37.5000  -15.0000 2610.5708   18.5069
    0.0000   37.5000  -15.0000 2635.4963   18.3331
    7.5000   37.5000  -15.0000 2619.2266   18.5497
   -7.5000   45.0000  -15.0000 2511.3738   19.7169
    0.0000   45.0000  -15.0000 2527.7102   19.5537
    7.5000   45.0000  -15.0000 2519.4351   19.7806
   -7.5000  -45.0000   -7.5000 1888.5497   32.5230
    0.0000  -45.0000   -7.5000 1904.6238   32.3336
    7.5000  -45.0000   -7.5000 1903.4199   32.3302
   -7.5000  -37.5000   -7.5000 2048.2251   28.0095
    0.0000  -37.5000   -7.5000 2067.4487   27.7644
    7.5000  -37.5000   -7.5000 2058.7239   27.7854
   -7.5000  -30.0000   -7.5000 2201.2017   24.4892
    0.0000  -30.0000   -7.5000 2217.1506   24.2451
    7.5000  -30.0000   -7.5000 2210.0269   24.3266
   -7.5000  -22.5000   -7.5000 2344.2910   21.7804
    0.0000  -22.5000   -7.5000 2362.3782   21.5198
    7.5000  -22.5000   -7.5000 2355.2317   21.6184
   -7.5000  -15.0000   -7.5000 2470.4854   19.6952
    0.0000  -15.0000   -7.5000 2494.4104   19.4931
    7.5000  -15.0000   -7.5000 2484.4946   19.5520
   -7.5000   -7.5000   -7.5000 2591.6023   18.1966
    0.0000   -7.5000   -7.5000 2623.5732   18.0138
    7.5000   -7.5000   -7.5000 2610.1270   18.0581
   -7.5000    0.0000   -7.5000 2689.8916   17.1194
    0.0000    0.0000   -7.5000 2726.0010   17.0229
    7.5000    0.0000   -7.5000 2712.8347   16.9955
   -7.5000    7.5000   -7.5000 2763.6250   16.4588
    0.0000    7.5000   -7.5000 2801.9253   16.3863
    7.5000    7.5000   -7.5000 2784.9712   16.3840
   -7.5000   15.0000   -7.5000 2807.4880   16.2284
    0.0000   15.0000   -7.5000 2842.3174   16.1586
    7.5000   15.0000   -7.5000 2819.5999   16.2145
   -7.5000   22.5000   -7.5000 2806.5935   16.3591
    0.0000   22.5000   -7.5000 2839.7117   16.2604
    7.5000   22.5000   -7.5000 2817.2983   16.3616
   -7.5000   30.0000   -7.5000 2763.7954   16.8975
    0.0000   30.0000   -7.5000 2785.9988   16.7327
    7.5000   30.0000   -7.5000 2771.2222   16.8727
   -7.5000   37.5000   -7.5000 2679.1306   17.7344
    0.0000   37.5000   -7.5000 2701.0884   17.5119
    7.5000   37.5000   -7.5000 2689.3066   17.7013
   -7.5000   45.0000   -7.5000 2568.7566   18.9287
    0.0000   45.0000   -7.5000 2582.8450   18.7075
    7.5000   45.0000   -7.5000 2576.0471   18.9492
   -7.5000  -45.0000    0.0000 1894.4639   32.2035
    0.0000  -45.0000    0.0000 1911.3888   31.8935
    7.5000  -45.0000    0.0000 1908.3207   31.9828
   -7.5000  -37.5000    0.0000 2048.7058   27.5374
    0.0000  -37.5000    0.0000 2070.1975   27.2773
    7.5000  -37.5000    0.0000 2064.5994   27.3317
   -7.5000  -30.0000    0.0000 2204.0732   24.0226
    0.0000  -30.0000    0.0000 2221.0964   23.6753
    7.5000  -30.0000    0.0000 2216.4634   23.7975
   -7.5000  -22.5000    0.0000 2354.6216   21.2674
    0.0000  -22.5000    0.0000 2366.4861   20.9616
    7.5000  -22.5000    0.0000 2365.3743   21.0981
   -7.5000  -15.0000    0.0000 2488.1213   19.2411
    0.0000  -15.0000    0.0000 2506.3984   18.9609
    7.5000  -15.0000    0.0000 2500.5847   19.0881
   -7.5000   -7.5000    0.0000 2616.3965   17.7571
    0.0000   -7.5000    0.0000 2648.4565   17.5323
    7.5000   -7.5000    0.0000 2636.4543   17.6247
   -7.5000    0.0000    0.0000 2726.4705   16.6975
    0.0000    0.0000    0.0000 2771.2683   16.5622
    7.5000    0.0000    0.0000 2754.8474   16.5442
   -7.5000    7.5000    0.0000 2814.7925   15.9538
    0.0000    7.5000    0.0000 2865.5208   15.8180
    7.5000    7.5000    0.0000 2840.6125   15.8118
   -7.5000   15.0000    0.0000 2869.0312   15.6559
    0.0000   15.0000    0.0000 2915.5095   15.4958
    7.5000   15.0000    0.0000 2885.2549   15.5948
   -7.5000   22.5000    0.0000 2865.8840   15.8349
    0.0000   22.5000    0.0000 2903.7280   15.5947
    7.5000   22.5000    0.0000 2878.3420   15.7817
   -7.5000   30.0000    0.0000 2809.9131   16.4090
    0.0000   30.0000    0.0000 2832.2153   16.1221
    7.5000   30.0000    0.0000 2818.3635   16.3490
   -7.5000   37.5000    0.0000 2718.7947   17.2739
    0.0000   37.5000    0.0000 2738.7361   16.9488
    7.5000   37.5000    0.0000 2729.8921   17.1938
   -7.5000   45.0000    0.0000 2604.1821   18.4255
    0.0000   45.0000    0.0000 2623.9329   18.1126
    7.5000   45.0000    0.0000 2611.3140   18.3864
   -7.5000  -45.0000    7.5000 1893.0122   32.4967
    0.0000  -45.0000    7.5000 1909.0093   32.0227
    7.5000  -45.0000    7.5000 1906.3744   32.3358
   -7.5000  -37.5000    7.5000 2043.0706   27.5668
    0.0000  -37.5000    7.5000 2060.1802   27.1286
    7.5000  -37.5000    7.5000 2060.7957   27.4965
   -7.5000  -30.0000    7.5000 2192.7954   23.9061
    0.0000  -30.0000    7.5000 2204.0886   23.4808
    7.5000  -30.0000    7.5000 2210.0757   23.8441
   -7.5000  -22.5000    7.5000 2344.6355   21.1386
    0.0000  -22.5000    7.5000 2351.8064   20.7437
    7.5000  -22.5000    7.5000 2355.8357   21.0319
   -7.5000  -15.0000    7.5000 2484.1687   19.1207
    0.0000  -15.0000    7.5000 2495.0676   18.7814
    7.5000  -15.0000    7.5000 2495.7573   19.0071
   -7.5000   -7.5000    7.5000 2620.6133   17.6678
    0.0000   -7.5000    7.5000 2643.3616   17.3957
    7.5000   -7.5000    7.5000 2641.3804   17.5798
   -7.5000    0.0000    7.5000 2739.5691   16.6075
    0.0000    0.0000    7.5000 2778.3357   16.3864
    7.5000    0.0000    7.5000 2763.4353   16.4792
   -7.5000    7.5000    7.5000 2838.4722   15.7147
    0.0000    7.5000    7.5000 2897.0435   15.5074
    7.5000    7.5000    7.5000 2862.0322   15.6012
   -7.5000   15.0000    7.5000 2905.9092   15.3216
    0.0000   15.0000    7.5000 2956.9292   14.9761
    7.5000   15.0000    7.5000 2909.7407   15.2949
   -7.5000   22.5000    7.5000 2905.4402   15.5808
    0.0000   22.5000    7.5000 2944.4424   15.2194
    7.5000   22.5000    7.5000 2908.8474   15.5631
   -7.5000   30.0000    7.5000 2833.6379   16.1935
    0.0000   30.0000    7.5000 2864.1626   15.9150
    7.5000   30.0000    7.5000 2840.7617   16.1580
   -7.5000   37.5000    7.5000 2738.8618   17.0617
    0.0000   37.5000    7.5000 2766.9863   16.8169
    7.5000   37.5000    7.5000 2748.9163   16.9855
   -7.5000   45.0000    7.5000 2621.4043   18.2377
    0.0000   45.0000    7.5000 2641.9229   17.9867
    7.5000   45.0000    7.5000 2628.3569   18.1280
   -7.5000  -45.0000   15.0000 1871.5979   32.8844
    0.0000  -45.0000   15.0000 1883.6488   32.5902
    7.5000  -45.0000   15.0000 1882.7415   32.8541
   -7.5000  -37.5000   15.0000 2022.5553   27.8981
    0.0000  -37.5000   15.0000 2037.6245   27.5194
    7.5000  -37.5000   15.0000 2040.0851   27.9135
   -7.5000  -30.0000   15.0000 2170.7180   24.1633
    0.0000  -30.0000   15.0000 2181.5483   23.7342
    7.5000  -30.0000   15.0000 2187.8425   24.2843
   -7.5000  -22.5000   15.0000 2322.0889   21.4041
    0.0000  -22.5000   15.0000 2325.6956   20.9369
    7.5000  -22.5000   15.0000 2332.5679   21.4557
   -7.5000  -15.0000   15.0000 2459.6406   19.3861
    0.0000  -15.0000   15.0000 2467.0771   18.9113
    7.5000  -15.0000   15.0000 2475.1238   19.3781
   -7.5000   -7.5000   15.0000 2602.9783   17.9444
    0.0000   -7.5000   15.0000 2611.2043   17.4991
    7.5000   -7.5000   15.0000 2619.1277   17.8692
   -7.5000    0.0000   15.0000 2726.4937   16.8792
    0.0000    0.0000   15.0000 2746.4927   16.5309
    7.5000    0.0000   15.0000 2742.4592   16.7456
   -7.5000    7.5000   15.0000 2818.0664   15.9962
    0.0000    7.5000   15.0000 2860.1936   15.7583
    7.5000    7.5000   15.0000 2835.6477   15.9069
   -7.5000   15.0000   15.0000 2882.7744   15.5337
    0.0000   15.0000   15.0000 2933.5315   15.2970
    7.5000   15.0000   15.0000 2888.9927   15.4956
   -7.5000   22.5000   15.0000 2894.4607   15.6324
    0.0000   22.5000   15.0000 2948.4358   15.4283
    7.5000   22.5000   15.0000 2896.5991   15.5536
   -7.5000   30.0000   15.0000 2826.7073   16.2068
    0.0000   30.0000   15.0000 2865.2771   16.0375
    7.5000   30.0000   15.0000 2833.2358   16.1161
   -7.5000   37.5000   15.0000 2732.1147   17.1119
    0.0000   37.5000   15.0000 2758.4539   16.8884
    7.5000   37.5000   15.0000 2741.7556   16.9887
   -7.5000   45.0000   15.0000 2611.0605   18.2947
    0.0000   45.0000   15.0000 2632.0332   18.0486
    7.5000   45.0000   15.0000 2622.4971   18.1942
   -7.5000  -45.0000   22.5000 1839.3624   33.9067
    0.0000  -45.0000   22.5000 1847.5674   33.5065
    7.5000  -45.0000   22.5000 1849.9976   34.0136
   -7.5000  -37.5000   22.5000 1997.7104   28.6887
    0.0000  -37.5000   22.5000 2006.1384   28.2631
    7.5000  -37.5000   22.5000 2015.3615   28.8855
   -7.5000  -30.0000   22.5000 2146.2029   24.8748
    0.0000  -30.0000   22.5000 2153.6704   24.4026
    7.5000  -30.0000   22.5000 2163.1943   25.0868
   -7.5000  -22.5000   22.5000 2295.4402   22.0712
    0.0000  -22.5000   22.5000 2301.6199   21.6071
    7.5000  -22.5000   22.5000 2307.1653   22.1666
   -7.5000  -15.0000   22.5000 2426.0425   19.9699
    0.0000  -15.0000   22.5000 2437.1643   19.6146
    7.5000  -15.0000   22.5000 2441.9126   20.0263
   -7.5000   -7.5000   22.5000 2563.2708   18.4547
    0.0000   -7.5000   22.5000 2576.2288   18.1761
    7.5000   -7.5000   22.5000 2579.8420   18.4628
   -7.5000    0.0000   22.5000 2682.3481   17.3061
    0.0000    0.0000   22.5000 2699.5417   17.0833
    7.5000    0.0000   22.5000 2699.1843   17.3059
   -7.5000    7.5000   22.5000 2770.6028   16.5447
    0.0000    7.5000   22.5000 2796.6509   16.2973
    7.5000    7.5000   22.5000 2785.0867   16.5608
   -7.5000   15.0000   22.5000 2824.7827   16.1743
    0.0000   15.0000   22.5000 2858.0703   15.9883
    7.5000   15.0000   22.5000 2839.5618   16.1951
   -7.5000   22.5000   22.5000 2836.2188   16.1080
    0.0000   22.5000   22.5000 2875.3513   15.9529
    7.5000   22.5000   22.5000 2846.8875   16.1272
   -7.5000   30.0000   22.5000 2787.5879   16.5486
    0.0000   30.0000   22.5000 2818.8240   16.4002
    7.5000   30.0000   22.5000 2790.7141   16.5411
   -7.5000   37.5000   22.5000 2699.5068   17.3856
    0.0000   37.5000   22.5000 2721.6187   17.1600
    7.5000   37.5000   22.5000 2706.0901   17.3149
   -7.5000   45.0000   22.5000 2581.8850   18.5499
    0.0000   45.0000   22.5000 2601.5281   18.2862
    7.5000   45.0000   22.5000 2592.4861   18.4992
   -7.5000  -45.0000   30.0000 1793.7264   35.1609
    0.0000  -45.0000   30.0000 1800.8737   34.9476
    7.5000  -45.0000   30.0000 1812.4999   35.3930
   -7.5000  -37.5000   30.0000 1957.3951   29.8421
    0.0000  -37.5000   30.0000 1966.5063   29.5144
    7.5000  -37.5000   30.0000 1972.0131   30.1217
   -7.5000  -30.0000   30.0000 2108.6091   25.9835
    0.0000  -30.0000   30.0000 2123.9985   25.6938
    7.5000  -30.0000   30.0000 2121.9529   26.2544
   -7.5000  -22.5000   30.0000 2255.9636   23.1241
    0.0000  -22.5000   30.0000 2265.9309   22.8129
    7.5000  -22.5000   30.0000 2265.3345   23.3360
   -7.5000  -15.0000   30.0000 2380.8889   20.9606
    0.0000  -15.0000   30.0000 2396.0413   20.6737
    7.5000  -15.0000   30.0000 2389.9810   21.0761
   -7.5000   -7.5000   30.0000 2512.5090   19.3338
    0.0000   -7.5000   30.0000 2520.4709   19.0253
    7.5000   -7.5000   30.0000 2525.8730   19.3911
   -7.5000    0.0000   30.0000 2622.7256   18.1314
    0.0000    0.0000   30.0000 2630.0767   17.7449
    7.5000    0.0000   30.0000 2638.6980   18.1257
   -7.5000    7.5000   30.0000 2704.3286   17.3179
    0.0000    7.5000   30.0000 2719.7026   16.9553
    7.5000    7.5000   30.0000 2720.2175   17.3433
   -7.5000   15.0000   30.0000 2749.3303   16.9219
    0.0000   15.0000   30.0000 2766.3979   16.6303
    7.5000   15.0000   30.0000 2767.1641   16.9561
   -7.5000   22.5000   30.0000 2754.5469   16.9150
    0.0000   22.5000   30.0000 2784.7083   16.6312
    7.5000   22.5000   30.0000 2768.8660   16.8851
   -7.5000   30.0000   30.0000 2706.6433   17.3130
    0.0000   30.0000   30.0000 2733.1550   17.0440
    7.5000   30.0000   30.0000 2713.3552   17.2561
   -7.5000   37.5000   30.0000 2633.2144   18.0465
    0.0000   37.5000   30.0000 2647.6572   17.7640
    7.5000   37.5000   30.0000 2636.7229   17.9701
   -7.5000   45.0000   30.0000 2527.7275   19.1015
    0.0000   45.0000   30.0000 2546.1953   18.8249
    7.5000   45.0000   30.0000 2535.2046   19.0320
   -7.5000  -45.0000   37.5000 1749.0361   37.1613
    0.0000  -45.0000   37.5000 1752.2732   37.0590
    7.5000  -45.0000   37.5000 1770.2863   37.5832
   -7.5000  -37.5000   37.5000 1907.1404   31.6270
    0.0000  -37.5000   37.5000 1920.5701   31.4057
    7.5000  -37.5000   37.5000 1926.2084   31.9428
   -7.5000  -30.0000   37.5000 2060.1299   27.5532
    0.0000  -30.0000   37.5000 2079.7014   27.3100
    7.5000  -30.0000   37.5000 2075.2634   27.8842
   -7.5000  -22.5000   37.5000 2208.8398   24.5116
    0.0000  -22.5000   37.5000 2223.7715   24.2188
    7.5000  -22.5000   37.5000 2213.9795   24.6878
   -7.5000  -15.0000   37.5000 2325.6165   22.1989
    0.0000  -15.0000   37.5000 2345.1938   21.8571
    7.5000  -15.0000   37.5000 2334.5090   22.2652
   -7.5000   -7.5000   37.5000 2441.5134   20.4216
    0.0000   -7.5000   37.5000 2458.2283   20.0546
    7.5000   -7.5000   37.5000 2459.0037   20.4635
   -7.5000    0.0000   37.5000 2547.2446   19.1424
    0.0000    0.0000   37.5000 2566.2690   18.7469
    7.5000    0.0000   37.5000 2564.4312   19.1630
   -7.5000    7.5000   37.5000 2628.9111   18.3215
    0.0000    7.5000   37.5000 2642.6558   17.9701
    7.5000    7.5000   37.5000 2643.1567   18.3680
   -7.5000   15.0000   37.5000 2664.8530   17.9296
    0.0000   15.0000   37.5000 2677.8591   17.6286
    7.5000   15.0000   37.5000 2679.9380   17.9444
   -7.5000   22.5000   37.5000 2663.3406   17.8885
    0.0000   22.5000   37.5000 2682.4377   17.6096
    7.5000   22.5000   37.5000 2673.3687   17.8706
   -7.5000   30.0000   37.5000 2616.7898   18.2107
    0.0000   30.0000   37.5000 2641.2148   17.9354
    7.5000   30.0000   37.5000 2626.1692   18.1611
   -7.5000   37.5000   37.5000 2552.0750   18.9278
    0.0000   37.5000   37.5000 2568.7964   18.6052
    7.5000   37.5000   37.5000 2554.9578   18.8556
   -7.5000   45.0000   37.5000 2455.4941   19.9705
    0.0000   45.0000   37.5000 2472.7874   19.7226
    7.5000   45.0000   37.5000 2460.1809   19.9484
   -7.5000  -45.0000   45.0000 1697.2906   39.6071
    0.0000  -45.0000   45.0000 1708.5247   39.5543
    7.5000  -45.0000   45.0000 1719.2223   40.0859
   -7.5000  -37.5000   45.0000 1854.8763   33.7014
    0.0000  -37.5000   45.0000 1871.4313   33.5768
    7.5000  -37.5000   45.0000 1872.7881   34.0819
   -7.5000  -30.0000   45.0000 2007.3951   29.3730
    0.0000  -30.0000   45.0000 2033.4744   29.2201
    7.5000  -30.0000   45.0000 2019.2683   29.6383
   -7.5000  -22.5000   45.0000 2149.7932   26.0744
    0.0000  -22.5000   45.0000 2177.0688   25.8277
    7.5000  -22.5000   45.0000 2154.3567   26.2112
   -7.5000  -15.0000   45.0000 2260.3450   23.5680
    0.0000  -15.0000   45.0000 2289.4785   23.3055
    7.5000  -15.0000   45.0000 2270.1526   23.6776
   -7.5000   -7.5000   45.0000 2371.9700   21.7572
    0.0000   -7.5000   45.0000 2396.5039   21.4435
    7.5000   -7.5000   45.0000 2384.1350   21.8037
   -7.5000    0.0000   45.0000 2466.1587   20.4772
    0.0000    0.0000   45.0000 2489.1038   20.1527
    7.5000    0.0000   45.0000 2478.6118   20.5062
   -7.5000    7.5000   45.0000 2534.0342   19.6153
    0.0000    7.5000   45.0000 2549.9924   19.3357
    7.5000    7.5000   45.0000 2546.4941   19.6542
   -7.5000   15.0000   45.0000 2563.4114   19.1791
    0.0000   15.0000   45.0000 2574.9141   18.9175
    7.5000   15.0000   45.0000 2575.2341   19.1907
   -7.5000   22.5000   45.0000 2561.5793   19.1239
    0.0000   22.5000   45.0000 2570.5176   18.8646
    7.5000   22.5000   45.0000 2569.0183   19.1269
   -7.5000   30.0000   45.0000 2519.7734   19.4059
    0.0000   30.0000   45.0000 2541.4485   19.1864
    7.5000   30.0000   45.0000 2530.0317   19.4376
   -7.5000   37.5000   45.0000 2464.0662   20.1173
    0.0000   37.5000   45.0000 2485.8701   19.8449
    7.5000   37.5000   45.0000 2471.3657   20.0987
   -7.5000   45.0000   45.0000 2372.4648   21.1647
    0.0000   45.0000   45.0000 2390.1174   20.9722
    7.5000   45.0000   45.0000 2379.1387   21.1496

---------------------------------------------------------------------
imgreg_4dfp /opt/freesurfer/average/711-2C_as_mni_average_305 /opt/freesurfer/average/711-2B_as_mni_average_305_mask talsrcimg_g11 none talsrcimg_to_711-2C_as_mni_average_305_t4 1283
---------------------------------------------------------------------

freesurfer imgreg_4dfp.c
/opt/freesurfer/average/711-2C_as_mni_average_305.4dfp.img
       256       256       256         1
  1.000000  1.000000  1.000000
orientation T byte_order littleendian
Reading image: /opt/freesurfer/average/711-2C_as_mni_average_305.4dfp.img
dimensions:      256       256       256
mmppix:       1.0000   -1.0000   -1.0000
center:     128.0000 -129.0000 -129.0000
/opt/freesurfer/average/711-2B_as_mni_average_305_mask.4dfp.img
       256       256       256         1
  1.000000  1.000000  1.000000
orientation T byte_order littleendian
Reading mask: /opt/freesurfer/average/711-2B_as_mni_average_305_mask.4dfp.img (2306576 pixels)
talsrcimg_g11.4dfp.img
       256       256       256         1
  1.000000  1.000000  1.000000
orientation T byte_order littleendian
Reading image: talsrcimg_g11.4dfp.img
dimensions:      256       256       256
mmppix:       1.0000   -1.0000   -1.0000
center:     128.0000 -129.0000 -129.0000
rotation matrix determinant  1.000000
fimgreg.f
image alignment mode   1283 decimal      503 hex
parameters
    0.0000   15.0000    7.5000    0.0000    0.0000    0.0000
eta,q 0.92689 14.95748
niter,ni,del,rscale     5    3   12.0000    1.2000
parameter  6  0.533895 ->  0.500000 qaram    1.1500
parameters
   -0.1737   17.8432   10.0748   -2.6809   -1.1189   -3.4500
eta,q 0.93341 14.91424
  0.0808  0.0891  0.0772  0.0697  0.0738  0.0678
  0.0763  0.0808  0.0724  0.0688  0.0698  0.0668
  0.0722  0.0745  0.0711  0.0685  0.0679  0.0666
  0.0718  0.0714  0.0706  0.0694  0.0686  0.0679
  0.0740  0.0707  0.0692  0.0710  0.0711  0.0705
  0.0773  0.0710  0.0693  0.0741  0.0745  0.0739
  0.0811  0.0713  0.0702  0.0780  0.0783  0.0777
niter,ni,del,rscale     5    3   12.0000    1.2000
parameters
    0.1114   19.5394    9.1159   -3.1713   -0.7495   -3.2616
eta,q 0.93653 14.88725
  0.0817  0.0825  0.0691  0.0704  0.0719  0.0721
  0.0739  0.0755  0.0661  0.0671  0.0678  0.0683
  0.0701  0.0713  0.0639  0.0645  0.0649  0.0653
  0.0666  0.0664  0.0639  0.0635  0.0635  0.0635
  0.0686  0.0639  0.0662  0.0651  0.0645  0.0645
  0.0746  0.0663  0.0688  0.0687  0.0670  0.0678
  0.0780  0.0720  0.0738  0.0732  0.0698  0.0714
niter,ni,del,rscale     4    3   12.0000    1.2000
parameters
    0.1452   19.4065    8.9239   -3.3101   -0.7257   -3.2984
eta,q 0.93639 14.89190
  0.0775  0.0752  0.0706  0.0711  0.0710  0.0717
  0.0699  0.0713  0.0672  0.0677  0.0670  0.0680
  0.0659  0.0668  0.0647  0.0650  0.0645  0.0652
  0.0635  0.0635  0.0636  0.0636  0.0636  0.0636
  0.0674  0.0650  0.0650  0.0646  0.0651  0.0648
  0.0725  0.0703  0.0677  0.0678  0.0675  0.0682
  0.0749  0.0782  0.0716  0.0722  0.0703  0.0719
niter,ni,del,rscale     3    3   12.0000    1.2000
parameters
    0.1125   19.3719    8.8699   -3.3508   -0.6971   -3.3010
eta,q 0.93636 14.89222
  0.0772  0.0753  0.0710  0.0712  0.0710  0.0717
  0.0698  0.0715  0.0674  0.0678  0.0671  0.0680
  0.0659  0.0672  0.0649  0.0652  0.0645  0.0652
  0.0636  0.0636  0.0636  0.0636  0.0636  0.0636
  0.0676  0.0647  0.0649  0.0645  0.0651  0.0648
  0.0726  0.0698  0.0676  0.0676  0.0675  0.0681
  0.0751  0.0776  0.0713  0.0719  0.0703  0.0719
registration optimization eta report
parameter search radius
    6.0000    6.0000    6.0000    6.0000    6.0000    6.9000
100000*second partial in parameter space
       32.       34.       20.       21.       19.       17.
  0.0772  0.0753  0.0710  0.0712  0.0710  0.0717
  0.0698  0.0715  0.0674  0.0678  0.0671  0.0680
  0.0659  0.0672  0.0649  0.0652  0.0645  0.0652
  0.0636  0.0636  0.0636  0.0636  0.0636  0.0636
  0.0676  0.0647  0.0649  0.0645  0.0651  0.0648
  0.0726  0.0698  0.0676  0.0676  0.0675  0.0681
  0.0751  0.0776  0.0713  0.0719  0.0703  0.0719
    0.1125   19.3719    8.8699   -3.3508   -0.6971   -3.3010
eta,q 0.93636 14.89222

---------------------------------------------------------------------
imgreg_4dfp /opt/freesurfer/average/711-2C_as_mni_average_305 /opt/freesurfer/average/711-2B_as_mni_average_305_mask talsrcimg_g11 none talsrcimg_to_711-2C_as_mni_average_305_t4 3335
---------------------------------------------------------------------

freesurfer imgreg_4dfp.c
/opt/freesurfer/average/711-2C_as_mni_average_305.4dfp.img
       256       256       256         1
  1.000000  1.000000  1.000000
orientation T byte_order littleendian
Reading image: /opt/freesurfer/average/711-2C_as_mni_average_305.4dfp.img
dimensions:      256       256       256
mmppix:       1.0000   -1.0000   -1.0000
center:     128.0000 -129.0000 -129.0000
/opt/freesurfer/average/711-2B_as_mni_average_305_mask.4dfp.img
       256       256       256         1
  1.000000  1.000000  1.000000
orientation T byte_order littleendian
Reading mask: /opt/freesurfer/average/711-2B_as_mni_average_305_mask.4dfp.img (2306576 pixels)
talsrcimg_g11.4dfp.img
       256       256       256         1
  1.000000  1.000000  1.000000
orientation T byte_order littleendian
Reading image: talsrcimg_g11.4dfp.img
dimensions:      256       256       256
mmppix:       1.0000   -1.0000   -1.0000
center:     128.0000 -129.0000 -129.0000
fimgreg.f
image alignment mode   3335 decimal      D07 hex
parameters
    0.1125   19.3719    8.8699   -0.1733   -0.3325   -0.1783
    5.6772    1.5492   -5.7577    5.7652   -1.2167   -5.8444
eta,q 0.93372 15.02229
niter,ni,del,rscale     5    3    5.0000    1.2000
parameter  3 -0.634864 -> -0.500000 qaram    1.1500
parameter  4  1.769043 ->  0.500000 qaram    1.1500
parameter  5  2.607306 ->  0.500000 qaram    1.1500
parameter  6  1.924842 ->  0.500000 qaram    1.1500
parameters
    0.2358   19.0265   10.2499   -4.3133   -4.4725   -4.3183
    3.6230    0.8811   -4.6871    4.8934   -2.1746   -5.8904
eta,q 0.95286 14.54781
  0.0691  0.0675  0.0682  0.0585  0.0511  0.0452  0.0486  0.0520  0.0505  0.0495  0.0487  0.0483
  0.0676  0.0668  0.0674  0.0597  0.0534  0.0468  0.0476  0.0492  0.0489  0.0482  0.0477  0.0477
  0.0666  0.0663  0.0668  0.0620  0.0565  0.0497  0.0473  0.0475  0.0478  0.0474  0.0472  0.0473
  0.0663  0.0663  0.0663  0.0659  0.0602  0.0542  0.0474  0.0473  0.0472  0.0472  0.0472  0.0471
  0.0666  0.0666  0.0660  0.0710  0.0644  0.0595  0.0482  0.0484  0.0473  0.0476  0.0476  0.0473
  0.0673  0.0674  0.0659  0.0757  0.0689  0.0647  0.0496  0.0509  0.0479  0.0491  0.0484  0.0477
  0.0685  0.0687  0.0661  0.0799  0.0737  0.0698  0.0514  0.0539  0.0490  0.0512  0.0498  0.0484
niter,ni,del,rscale     7    3    5.0000    1.2000
parameter  2  0.505126 ->  0.500000 qaram    1.1500
parameter  3  0.756002 ->  0.500000 qaram    1.3225
parameter  5  1.764141 ->  0.500000 qaram    1.3225
parameter  6  0.772926 ->  0.500000 qaram    1.3225
parameters
    0.1401   17.6465    8.6629   -7.7309   -9.2335   -9.0793
    4.0943    1.2176   -4.7406    2.9394   -2.3393   -9.3405
eta,q 0.96357 14.07194
  0.0503  0.0472  0.0453  0.0462  0.0375  0.0366  0.0393  0.0405  0.0393  0.0384  0.0375  0.0368
  0.0485  0.0466  0.0450  0.0451  0.0394  0.0369  0.0381  0.0386  0.0380  0.0373  0.0371  0.0365
  0.0474  0.0466  0.0455  0.0446  0.0418  0.0375  0.0374  0.0375  0.0372  0.0367  0.0368  0.0365
  0.0471  0.0471  0.0465  0.0451  0.0447  0.0400  0.0370  0.0370  0.0369  0.0369  0.0367  0.0367
  0.0476  0.0482  0.0482  0.0476  0.0483  0.0445  0.0371  0.0371  0.0372  0.0379  0.0368  0.0372
  0.0489  0.0498  0.0504  0.0531  0.0528  0.0506  0.0377  0.0380  0.0381  0.0396  0.0371  0.0379
  0.0509  0.0516  0.0529  0.0596  0.0576  0.0568  0.0388  0.0400  0.0394  0.0420  0.0376  0.0388
niter,ni,del,rscale     7    3    5.0000    1.2000
parameter  3  0.572135 ->  0.500000 qaram    1.5209
parameter  5  0.878406 ->  0.500000 qaram    1.5209
parameters
    0.3141   17.4695    6.8379   -6.2859  -14.7086  -13.3979
    4.3910    1.6505   -4.6389    2.9806   -3.1967  -11.9625
eta,q 0.96829 13.64802
  0.0395  0.0395  0.0361  0.0391  0.0322  0.0324  0.0341  0.0349  0.0339  0.0351  0.0324  0.0323
  0.0379  0.0376  0.0356  0.0376  0.0323  0.0319  0.0330  0.0334  0.0328  0.0334  0.0321  0.0318
  0.0368  0.0366  0.0357  0.0364  0.0333  0.0320  0.0323  0.0324  0.0322  0.0323  0.0319  0.0317
  0.0364  0.0364  0.0364  0.0355  0.0352  0.0325  0.0320  0.0319  0.0319  0.0319  0.0319  0.0319
  0.0366  0.0370  0.0377  0.0349  0.0380  0.0343  0.0321  0.0320  0.0321  0.0323  0.0320  0.0324
  0.0374  0.0383  0.0395  0.0350  0.0416  0.0388  0.0327  0.0328  0.0328  0.0334  0.0323  0.0330
  0.0387  0.0402  0.0418  0.0379  0.0461  0.0457  0.0339  0.0343  0.0338  0.0350  0.0327  0.0338
niter,ni,del,rscale     7    3    5.0000    1.2000
parameters
    0.4606   17.6255    6.6014   -5.7187  -17.2105  -14.3655
    4.4271    1.6707   -4.4331    3.5765   -4.2953  -12.7577
eta,q 0.96876 13.49663
  0.0346  0.0353  0.0342  0.0343  0.0345  0.0341  0.0333  0.0339  0.0331  0.0349  0.0317  0.0323
  0.0331  0.0333  0.0327  0.0331  0.0325  0.0325  0.0323  0.0325  0.0322  0.0330  0.0314  0.0316
  0.0321  0.0321  0.0319  0.0323  0.0314  0.0315  0.0316  0.0316  0.0316  0.0318  0.0313  0.0313
  0.0317  0.0317  0.0317  0.0317  0.0316  0.0313  0.0313  0.0313  0.0313  0.0313  0.0313  0.0313
  0.0319  0.0320  0.0321  0.0312  0.0330  0.0316  0.0315  0.0316  0.0315  0.0315  0.0314  0.0316
  0.0327  0.0330  0.0333  0.0316  0.0357  0.0330  0.0322  0.0324  0.0320  0.0324  0.0317  0.0321
  0.0339  0.0345  0.0350  0.0344  0.0394  0.0364  0.0333  0.0339  0.0330  0.0338  0.0321  0.0327
niter,ni,del,rscale     6    3    5.0000    1.2000
parameters
    0.4990   17.9904    6.3912   -5.7504  -17.5521  -14.6659
    4.3506    1.7293   -4.1251    4.2065   -5.0366  -13.1320
eta,q 0.96880 13.46091
  0.0338  0.0351  0.0338  0.0334  0.0357  0.0344  0.0331  0.0339  0.0330  0.0346  0.0317  0.0324
  0.0324  0.0331  0.0323  0.0323  0.0335  0.0327  0.0321  0.0323  0.0321  0.0329  0.0314  0.0317
  0.0315  0.0318  0.0315  0.0317  0.0319  0.0315  0.0315  0.0315  0.0315  0.0317  0.0312  0.0313
  0.0312  0.0312  0.0312  0.0312  0.0312  0.0312  0.0312  0.0312  0.0312  0.0312  0.0312  0.0312
  0.0315  0.0314  0.0316  0.0308  0.0319  0.0314  0.0314  0.0315  0.0314  0.0314  0.0313  0.0315
  0.0323  0.0321  0.0328  0.0315  0.0337  0.0325  0.0321  0.0324  0.0319  0.0322  0.0316  0.0320
  0.0336  0.0334  0.0344  0.0343  0.0365  0.0353  0.0333  0.0338  0.0327  0.0335  0.0319  0.0325
niter,ni,del,rscale     5    3    5.0000    1.2000
parameters
    0.5230   18.2052    6.2205   -5.7788  -17.8148  -14.9401
    4.2746    1.7795   -3.8262    4.6434   -5.6758  -13.3073
eta,q 0.96880 13.43100
  0.0337  0.0345  0.0338  0.0334  0.0356  0.0344  0.0331  0.0339  0.0329  0.0343  0.0317  0.0324
  0.0323  0.0327  0.0323  0.0323  0.0335  0.0327  0.0321  0.0323  0.0320  0.0326  0.0314  0.0317
  0.0315  0.0316  0.0315  0.0316  0.0319  0.0315  0.0315  0.0315  0.0314  0.0316  0.0312  0.0313
  0.0312  0.0312  0.0312  0.0312  0.0312  0.0312  0.0312  0.0312  0.0312  0.0312  0.0312  0.0312
  0.0315  0.0314  0.0316  0.0308  0.0318  0.0314  0.0314  0.0315  0.0313  0.0315  0.0313  0.0314
  0.0322  0.0322  0.0327  0.0315  0.0336  0.0325  0.0321  0.0324  0.0318  0.0322  0.0315  0.0319
  0.0336  0.0336  0.0343  0.0342  0.0363  0.0353  0.0333  0.0337  0.0327  0.0336  0.0319  0.0325
niter,ni,del,rscale     4    3    5.0000    1.2000
parameters
    0.5375   18.3817    6.0667   -5.8224  -18.0776  -15.2351
    4.2091    1.8076   -3.5164    5.0191   -6.2818  -13.4364
eta,q 0.96880 13.39840
  0.0336  0.0343  0.0338  0.0333  0.0355  0.0344  0.0331  0.0339  0.0329  0.0342  0.0317  0.0324
  0.0323  0.0326  0.0323  0.0323  0.0335  0.0327  0.0321  0.0323  0.0320  0.0325  0.0314  0.0317
  0.0314  0.0316  0.0314  0.0316  0.0319  0.0315  0.0315  0.0314  0.0314  0.0316  0.0312  0.0313
  0.0312  0.0312  0.0312  0.0312  0.0312  0.0312  0.0312  0.0312  0.0312  0.0312  0.0312  0.0312
  0.0315  0.0314  0.0315  0.0308  0.0318  0.0314  0.0314  0.0316  0.0313  0.0315  0.0313  0.0314
  0.0322  0.0322  0.0326  0.0315  0.0336  0.0325  0.0321  0.0324  0.0318  0.0322  0.0315  0.0318
  0.0336  0.0336  0.0343  0.0342  0.0362  0.0352  0.0333  0.0337  0.0326  0.0335  0.0319  0.0324
niter,ni,del,rscale     3    3    5.0000    1.2000
parameters
    0.5428   18.5574    5.9143   -5.8912  -18.3758  -15.5538
    4.1406    1.8129   -3.2380    5.4045   -6.8517  -13.5393
eta,q 0.96881 13.36095
  0.0336  0.0342  0.0338  0.0333  0.0354  0.0343  0.0331  0.0339  0.0328  0.0341  0.0317  0.0324
  0.0322  0.0326  0.0323  0.0323  0.0334  0.0327  0.0321  0.0323  0.0320  0.0325  0.0314  0.0317
  0.0314  0.0316  0.0314  0.0316  0.0319  0.0315  0.0315  0.0314  0.0314  0.0316  0.0312  0.0312
  0.0312  0.0312  0.0312  0.0312  0.0312  0.0312  0.0312  0.0312  0.0312  0.0312  0.0312  0.0312
  0.0315  0.0314  0.0316  0.0309  0.0318  0.0314  0.0314  0.0316  0.0313  0.0314  0.0313  0.0314
  0.0323  0.0322  0.0326  0.0315  0.0336  0.0325  0.0321  0.0325  0.0318  0.0322  0.0315  0.0318
  0.0335  0.0335  0.0343  0.0342  0.0361  0.0352  0.0332  0.0337  0.0326  0.0335  0.0319  0.0323
niter,ni,del,rscale     2    3    5.0000    1.2000
parameters
    0.5483   18.7531    5.7395   -5.9734  -18.7282  -15.9206
    4.0712    1.8128   -2.9723    5.8566   -7.3628  -13.6464
eta,q 0.96882 13.31762
  0.0336  0.0342  0.0337  0.0333  0.0353  0.0343  0.0330  0.0339  0.0328  0.0340  0.0317  0.0323
  0.0322  0.0326  0.0322  0.0322  0.0333  0.0327  0.0321  0.0323  0.0320  0.0325  0.0314  0.0316
  0.0314  0.0316  0.0314  0.0316  0.0319  0.0315  0.0315  0.0314  0.0314  0.0316  0.0312  0.0312
  0.0312  0.0312  0.0312  0.0312  0.0312  0.0312  0.0312  0.0312  0.0312  0.0312  0.0312  0.0312
  0.0315  0.0314  0.0316  0.0309  0.0317  0.0315  0.0314  0.0316  0.0313  0.0314  0.0313  0.0314
  0.0322  0.0321  0.0326  0.0315  0.0335  0.0325  0.0321  0.0325  0.0318  0.0321  0.0315  0.0318
  0.0335  0.0334  0.0343  0.0341  0.0361  0.0353  0.0332  0.0337  0.0326  0.0333  0.0319  0.0323
niter,ni,del,rscale     1    3    5.0000    1.2000
parameters
    0.5556   18.9876    5.5298   -6.0478  -19.1714  -16.3418
    4.0016    1.8150   -2.7482    6.4332   -7.7914  -13.7603
eta,q 0.96883 13.26763
  0.0336  0.0342  0.0336  0.0332  0.0351  0.0342  0.0330  0.0338  0.0328  0.0339  0.0317  0.0322
  0.0322  0.0326  0.0322  0.0322  0.0332  0.0326  0.0321  0.0322  0.0320  0.0325  0.0314  0.0316
  0.0314  0.0316  0.0314  0.0315  0.0318  0.0315  0.0315  0.0314  0.0314  0.0316  0.0312  0.0312
  0.0312  0.0312  0.0312  0.0312  0.0312  0.0312  0.0312  0.0312  0.0312  0.0312  0.0312  0.0312
  0.0315  0.0313  0.0316  0.0309  0.0317  0.0315  0.0314  0.0316  0.0313  0.0313  0.0313  0.0314
  0.0322  0.0321  0.0326  0.0316  0.0335  0.0326  0.0320  0.0325  0.0318  0.0320  0.0315  0.0317
  0.0335  0.0333  0.0343  0.0340  0.0360  0.0353  0.0331  0.0336  0.0326  0.0332  0.0318  0.0322
registration optimization eta report
parameter search radius
    2.4000    2.7600    3.6501    8.2800   10.9503    9.5220
    7.2000    7.2000    7.2000    7.2000    7.2000    7.2000
100000*second partial in parameter space
       41.       33.       21.        4.        4.        4.
        4.        5.        3.        5.        1.        2.
  0.0336  0.0342  0.0336  0.0332  0.0351  0.0342  0.0330  0.0338  0.0328  0.0339  0.0317  0.0322
  0.0322  0.0326  0.0322  0.0322  0.0332  0.0326  0.0321  0.0322  0.0320  0.0325  0.0314  0.0316
  0.0314  0.0316  0.0314  0.0315  0.0318  0.0315  0.0315  0.0314  0.0314  0.0316  0.0312  0.0312
  0.0312  0.0312  0.0312  0.0312  0.0312  0.0312  0.0312  0.0312  0.0312  0.0312  0.0312  0.0312
  0.0315  0.0313  0.0316  0.0309  0.0317  0.0315  0.0314  0.0316  0.0313  0.0313  0.0313  0.0314
  0.0322  0.0321  0.0326  0.0316  0.0335  0.0326  0.0320  0.0325  0.0318  0.0320  0.0315  0.0317
  0.0335  0.0333  0.0343  0.0340  0.0360  0.0353  0.0331  0.0336  0.0326  0.0332  0.0318  0.0322
    0.5556   18.9876    5.5298   -6.0478  -19.1714  -16.3418
    4.0016    1.8150   -2.7482    6.4332   -7.7914  -13.7603
eta,q 0.96883 13.26763

---------------------------------------------------------------------
imgreg_4dfp /opt/freesurfer/average/711-2C_as_mni_average_305 /opt/freesurfer/average/711-2B_as_mni_average_305_mask talsrcimg_g11 none talsrcimg_to_711-2C_as_mni_average_305_t4 2311
---------------------------------------------------------------------

freesurfer imgreg_4dfp.c
/opt/freesurfer/average/711-2C_as_mni_average_305.4dfp.img
       256       256       256         1
  1.000000  1.000000  1.000000
orientation T byte_order littleendian
Reading image: /opt/freesurfer/average/711-2C_as_mni_average_305.4dfp.img
dimensions:      256       256       256
mmppix:       1.0000   -1.0000   -1.0000
center:     128.0000 -129.0000 -129.0000
/opt/freesurfer/average/711-2B_as_mni_average_305_mask.4dfp.img
       256       256       256         1
  1.000000  1.000000  1.000000
orientation T byte_order littleendian
Reading mask: /opt/freesurfer/average/711-2B_as_mni_average_305_mask.4dfp.img (2306576 pixels)
talsrcimg_g11.4dfp.img
       256       256       256         1
  1.000000  1.000000  1.000000
orientation T byte_order littleendian
Reading image: talsrcimg_g11.4dfp.img
dimensions:      256       256       256
mmppix:       1.0000   -1.0000   -1.0000
center:     128.0000 -129.0000 -129.0000
fimgreg.f
image alignment mode   2311 decimal      907 hex
parameters
    0.5556   18.9876    5.5298   -6.0478  -19.1714  -16.3418
    4.0016    1.8150   -2.7482    6.4332   -7.7914  -13.7603
eta,q 0.96883 13.26762
niter,ni,del,rscale     5    3    5.0000    0.8000
parameters
    0.5332   19.2659    5.2492   -3.8674  -19.0830  -16.0946
    3.6859    1.9699   -2.7239    7.2838   -7.5193  -14.0389
eta,q 0.96911 13.39718
  0.0322  0.0323  0.0315  0.0319  0.0320  0.0318  0.0317  0.0324  0.0317  0.0324  0.0313  0.0314
  0.0316  0.0317  0.0312  0.0315  0.0314  0.0313  0.0313  0.0315  0.0313  0.0317  0.0310  0.0311
  0.0312  0.0314  0.0311  0.0313  0.0311  0.0310  0.0310  0.0310  0.0310  0.0312  0.0309  0.0309
  0.0312  0.0312  0.0311  0.0311  0.0309  0.0309  0.0309  0.0309  0.0309  0.0309  0.0309  0.0309
  0.0313  0.0312  0.0313  0.0310  0.0310  0.0310  0.0310  0.0311  0.0310  0.0309  0.0309  0.0310
  0.0317  0.0314  0.0315  0.0309  0.0313  0.0312  0.0314  0.0315  0.0313  0.0312  0.0310  0.0312
  0.0322  0.0317  0.0318  0.0312  0.0319  0.0317  0.0320  0.0321  0.0317  0.0317  0.0312  0.0314
niter,ni,del,rscale     4    3    5.0000    0.7000
parameters
    0.6107   19.3601    5.1801   -4.3520  -19.2562  -16.0779
    3.8649    1.8010   -2.8824    7.5646   -7.7375  -14.2085
eta,q 0.96909 13.36803
  0.0318  0.0317  0.0312  0.0313  0.0316  0.0315  0.0316  0.0318  0.0315  0.0319  0.0311  0.0313
  0.0313  0.0312  0.0310  0.0312  0.0313  0.0312  0.0313  0.0312  0.0312  0.0314  0.0310  0.0310
  0.0310  0.0310  0.0309  0.0310  0.0310  0.0310  0.0311  0.0309  0.0310  0.0310  0.0309  0.0309
  0.0309  0.0309  0.0309  0.0309  0.0309  0.0309  0.0309  0.0309  0.0309  0.0309  0.0309  0.0309
  0.0309  0.0309  0.0309  0.0308  0.0310  0.0310  0.0310  0.0311  0.0310  0.0310  0.0310  0.0310
  0.0312  0.0311  0.0311  0.0312  0.0313  0.0312  0.0312  0.0314  0.0312  0.0312  0.0310  0.0311
  0.0316  0.0315  0.0313  0.0320  0.0318  0.0315  0.0315  0.0319  0.0316  0.0317  0.0312  0.0313
niter,ni,del,rscale     3    3    5.0000    0.6000
parameters
    0.6037   19.4940    5.0910   -4.1898  -19.5064  -16.3673
    3.8850    1.7220   -2.8876    7.9176   -7.8119  -14.3521
eta,q 0.96912 13.34715
  0.0315  0.0315  0.0312  0.0313  0.0314  0.0313  0.0313  0.0316  0.0313  0.0316  0.0311  0.0311
  0.0312  0.0312  0.0310  0.0312  0.0311  0.0310  0.0311  0.0311  0.0311  0.0312  0.0309  0.0310
  0.0310  0.0310  0.0309  0.0310  0.0309  0.0309  0.0310  0.0309  0.0309  0.0310  0.0309  0.0309
  0.0309  0.0309  0.0309  0.0309  0.0309  0.0309  0.0309  0.0309  0.0309  0.0309  0.0309  0.0309
  0.0310  0.0309  0.0310  0.0308  0.0310  0.0310  0.0309  0.0310  0.0309  0.0309  0.0309  0.0309
  0.0312  0.0311  0.0311  0.0309  0.0312  0.0311  0.0311  0.0312  0.0311  0.0311  0.0310  0.0310
  0.0315  0.0313  0.0312  0.0314  0.0316  0.0314  0.0314  0.0316  0.0313  0.0314  0.0311  0.0312
niter,ni,del,rscale     2    3    5.0000    0.5000
parameters
    0.6096   19.6618    4.9461   -3.9961  -19.7911  -16.6880
    3.8362    1.6735   -2.9455    8.4173   -7.7294  -14.4281
eta,q 0.96918 13.32622
  0.0313  0.0313  0.0310  0.0312  0.0312  0.0311  0.0311  0.0313  0.0311  0.0314  0.0310  0.0310
  0.0311  0.0311  0.0309  0.0311  0.0310  0.0309  0.0310  0.0310  0.0310  0.0311  0.0309  0.0309
  0.0309  0.0310  0.0309  0.0310  0.0309  0.0308  0.0309  0.0309  0.0309  0.0309  0.0308  0.0308
  0.0309  0.0309  0.0309  0.0309  0.0308  0.0308  0.0308  0.0308  0.0308  0.0308  0.0308  0.0308
  0.0309  0.0309  0.0309  0.0308  0.0309  0.0309  0.0309  0.0309  0.0309  0.0308  0.0308  0.0308
  0.0310  0.0310  0.0310  0.0309  0.0311  0.0310  0.0310  0.0311  0.0310  0.0309  0.0309  0.0309
  0.0313  0.0311  0.0311  0.0312  0.0313  0.0312  0.0312  0.0313  0.0311  0.0311  0.0309  0.0310
niter,ni,del,rscale     1    3    5.0000    0.4000
parameters
    0.6265   19.9023    4.7348   -3.7935  -20.2490  -17.1161
    3.7984    1.6479   -3.1485    9.1231   -7.5204  -14.4259
eta,q 0.96926 13.29092
  0.0311  0.0312  0.0309  0.0310  0.0309  0.0309  0.0309  0.0311  0.0309  0.0312  0.0308  0.0308
  0.0309  0.0310  0.0308  0.0309  0.0308  0.0308  0.0309  0.0309  0.0308  0.0310  0.0308  0.0308
  0.0309  0.0309  0.0308  0.0309  0.0308  0.0308  0.0308  0.0308  0.0308  0.0308  0.0307  0.0307
  0.0308  0.0308  0.0308  0.0308  0.0308  0.0308  0.0308  0.0308  0.0308  0.0308  0.0307  0.0307
  0.0308  0.0308  0.0308  0.0308  0.0308  0.0308  0.0308  0.0308  0.0308  0.0307  0.0307  0.0308
  0.0309  0.0308  0.0309  0.0308  0.0310  0.0309  0.0308  0.0309  0.0309  0.0308  0.0308  0.0308
  0.0311  0.0309  0.0310  0.0310  0.0311  0.0310  0.0310  0.0311  0.0310  0.0309  0.0308  0.0308
registration optimization eta report
parameter search radius
    0.8000    0.8000    0.8000    2.4000    2.4000    2.4000
    2.4000    2.4000    2.4000    2.4000    2.4000    2.4000
100000*second partial in parameter space
       41.       34.       20.        4.        5.        3.
        3.        5.        3.        5.        1.        2.
  0.0311  0.0312  0.0309  0.0310  0.0309  0.0309  0.0309  0.0311  0.0309  0.0312  0.0308  0.0308
  0.0309  0.0310  0.0308  0.0309  0.0308  0.0308  0.0309  0.0309  0.0308  0.0310  0.0308  0.0308
  0.0309  0.0309  0.0308  0.0309  0.0308  0.0308  0.0308  0.0308  0.0308  0.0308  0.0307  0.0307
  0.0308  0.0308  0.0308  0.0308  0.0308  0.0308  0.0308  0.0308  0.0308  0.0308  0.0307  0.0307
  0.0308  0.0308  0.0308  0.0308  0.0308  0.0308  0.0308  0.0308  0.0308  0.0307  0.0307  0.0308
  0.0309  0.0308  0.0309  0.0308  0.0310  0.0309  0.0308  0.0309  0.0309  0.0308  0.0308  0.0308
  0.0311  0.0309  0.0310  0.0310  0.0311  0.0310  0.0310  0.0311  0.0310  0.0309  0.0308  0.0308
    0.6265   19.9023    4.7348   -3.7935  -20.2490  -17.1161
    3.7984    1.6479   -3.1485    9.1231   -7.5204  -14.4259
eta,q 0.96926 13.29092

---------------------------------------------------------------------
imgreg_4dfp /opt/freesurfer/average/711-2C_as_mni_average_305 /opt/freesurfer/average/711-2B_as_mni_average_305_mask talsrcimg_g11 none talsrcimg_to_711-2C_as_mni_average_305_t4 2311
---------------------------------------------------------------------

freesurfer imgreg_4dfp.c
/opt/freesurfer/average/711-2C_as_mni_average_305.4dfp.img
       256       256       256         1
  1.000000  1.000000  1.000000
orientation T byte_order littleendian
Reading image: /opt/freesurfer/average/711-2C_as_mni_average_305.4dfp.img
dimensions:      256       256       256
mmppix:       1.0000   -1.0000   -1.0000
center:     128.0000 -129.0000 -129.0000
/opt/freesurfer/average/711-2B_as_mni_average_305_mask.4dfp.img
       256       256       256         1
  1.000000  1.000000  1.000000
orientation T byte_order littleendian
Reading mask: /opt/freesurfer/average/711-2B_as_mni_average_305_mask.4dfp.img (2306576 pixels)
talsrcimg_g11.4dfp.img
       256       256       256         1
  1.000000  1.000000  1.000000
orientation T byte_order littleendian
Reading image: talsrcimg_g11.4dfp.img
dimensions:      256       256       256
mmppix:       1.0000   -1.0000   -1.0000
center:     128.0000 -129.0000 -129.0000
fimgreg.f
image alignment mode   2311 decimal      907 hex
parameters
    0.6265   19.9023    4.7348   -3.7935  -20.2490  -17.1161
    3.7984    1.6479   -3.1485    9.1231   -7.5204  -14.4259
eta,q 0.96926 13.29091
niter,ni,del,rscale     5    3    5.0000    0.8000
parameters
    0.6052   20.2431    4.4627   -5.0042  -21.1662  -17.6082
    3.8906    1.8070   -3.3375    9.9060   -7.4070  -13.5554
eta,q 0.96931 13.15106
  0.0318  0.0319  0.0310  0.0310  0.0313  0.0313  0.0314  0.0319  0.0315  0.0321  0.0309  0.0311
  0.0312  0.0313  0.0308  0.0309  0.0310  0.0309  0.0311  0.0312  0.0310  0.0314  0.0308  0.0309
  0.0309  0.0310  0.0307  0.0308  0.0308  0.0308  0.0308  0.0308  0.0308  0.0310  0.0307  0.0308
  0.0307  0.0307  0.0307  0.0307  0.0308  0.0308  0.0307  0.0307  0.0307  0.0307  0.0307  0.0307
  0.0308  0.0307  0.0308  0.0308  0.0310  0.0309  0.0308  0.0309  0.0308  0.0307  0.0307  0.0307
  0.0312  0.0309  0.0310  0.0313  0.0314  0.0311  0.0310  0.0312  0.0311  0.0309  0.0308  0.0308
  0.0319  0.0312  0.0314  0.0324  0.0321  0.0316  0.0314  0.0317  0.0316  0.0314  0.0309  0.0309
niter,ni,del,rscale     4    3    5.0000    0.7000
parameters
    0.6808   20.7130    3.9658   -5.2740  -22.2110  -18.7748
    3.7099    1.9679   -3.5714   11.0308   -7.0472  -12.1212
eta,q 0.96962 12.99735
  0.0314  0.0318  0.0307  0.0308  0.0309  0.0308  0.0309  0.0313  0.0310  0.0317  0.0306  0.0307
  0.0310  0.0313  0.0306  0.0307  0.0307  0.0305  0.0307  0.0309  0.0307  0.0311  0.0305  0.0306
  0.0308  0.0309  0.0306  0.0306  0.0306  0.0305  0.0305  0.0306  0.0305  0.0307  0.0304  0.0305
  0.0307  0.0307  0.0306  0.0306  0.0306  0.0306  0.0305  0.0305  0.0305  0.0305  0.0304  0.0304
  0.0307  0.0306  0.0307  0.0305  0.0307  0.0307  0.0305  0.0305  0.0306  0.0304  0.0304  0.0304
  0.0309  0.0307  0.0310  0.0306  0.0311  0.0309  0.0307  0.0308  0.0308  0.0305  0.0305  0.0304
  0.0313  0.0309  0.0312  0.0311  0.0316  0.0312  0.0310  0.0312  0.0312  0.0309  0.0306  0.0305
niter,ni,del,rscale     3    3    5.0000    0.6000
parameters
    0.7308   21.1703    3.5201   -5.5765  -23.4037  -20.2328
    3.5398    2.3106   -3.6441   11.9010   -7.0523  -10.8097
eta,q 0.96992 12.81952
  0.0309  0.0313  0.0304  0.0303  0.0304  0.0303  0.0305  0.0308  0.0306  0.0310  0.0303  0.0304
  0.0306  0.0309  0.0303  0.0303  0.0303  0.0302  0.0303  0.0305  0.0303  0.0306  0.0302  0.0303
  0.0304  0.0306  0.0303  0.0303  0.0302  0.0301  0.0302  0.0303  0.0302  0.0303  0.0301  0.0302
  0.0304  0.0304  0.0303  0.0303  0.0303  0.0302  0.0301  0.0302  0.0301  0.0301  0.0301  0.0301
  0.0304  0.0303  0.0304  0.0302  0.0304  0.0304  0.0302  0.0302  0.0302  0.0301  0.0301  0.0301
  0.0306  0.0303  0.0306  0.0303  0.0307  0.0306  0.0303  0.0303  0.0304  0.0302  0.0302  0.0301
  0.0308  0.0305  0.0308  0.0304  0.0310  0.0308  0.0305  0.0306  0.0306  0.0304  0.0303  0.0301
niter,ni,del,rscale     2    3    5.0000    0.5000
parameters
    0.7828   21.5725    3.0575   -6.7544  -24.4610  -21.3723
    3.3778    2.5378   -3.6015   12.6016   -7.0541  -10.0729
eta,q 0.97016 12.63039
  0.0304  0.0307  0.0300  0.0300  0.0300  0.0300  0.0301  0.0304  0.0302  0.0304  0.0300  0.0300
  0.0302  0.0304  0.0300  0.0299  0.0299  0.0299  0.0300  0.0301  0.0300  0.0301  0.0299  0.0299
  0.0301  0.0302  0.0300  0.0299  0.0299  0.0299  0.0299  0.0299  0.0299  0.0300  0.0299  0.0299
  0.0301  0.0301  0.0300  0.0300  0.0299  0.0299  0.0299  0.0299  0.0299  0.0299  0.0298  0.0298
  0.0301  0.0300  0.0301  0.0300  0.0300  0.0300  0.0299  0.0299  0.0299  0.0298  0.0299  0.0298
  0.0302  0.0301  0.0302  0.0300  0.0302  0.0302  0.0300  0.0300  0.0300  0.0299  0.0299  0.0299
  0.0304  0.0301  0.0304  0.0301  0.0304  0.0305  0.0302  0.0303  0.0302  0.0301  0.0300  0.0299
niter,ni,del,rscale     1    3    5.0000    0.4000
parameter  2 -0.514291 -> -0.500000 qaram    1.1500
parameter  3  0.542453 ->  0.500000 qaram    1.1500
parameters
    0.7450   22.0325    2.5975   -7.1142  -25.5451  -22.3219
    3.4991    2.5701   -3.6269   13.5303   -7.0177   -9.5308
eta,q 0.97035 12.50383
  0.0300  0.0303  0.0298  0.0298  0.0298  0.0298  0.0299  0.0300  0.0299  0.0301  0.0298  0.0298
  0.0299  0.0301  0.0298  0.0298  0.0297  0.0297  0.0298  0.0298  0.0298  0.0299  0.0297  0.0297
  0.0299  0.0299  0.0298  0.0297  0.0297  0.0297  0.0297  0.0297  0.0297  0.0298  0.0297  0.0297
  0.0298  0.0298  0.0298  0.0298  0.0297  0.0297  0.0297  0.0297  0.0297  0.0297  0.0296  0.0297
  0.0299  0.0298  0.0298  0.0298  0.0298  0.0298  0.0297  0.0297  0.0297  0.0297  0.0297  0.0296
  0.0300  0.0298  0.0299  0.0298  0.0299  0.0299  0.0298  0.0298  0.0298  0.0297  0.0297  0.0297
  0.0301  0.0298  0.0300  0.0299  0.0300  0.0301  0.0298  0.0300  0.0299  0.0297  0.0297  0.0297
niter,ni,del,rscale     2    3    5.0000    0.5000
parameters
    0.7062   22.5180    2.1492   -7.1318  -26.7770  -23.1855
    3.6424    2.5592   -3.6813   14.4575   -6.9647   -9.1267
eta,q 0.97055 12.39594
  0.0300  0.0304  0.0296  0.0298  0.0296  0.0297  0.0298  0.0299  0.0298  0.0300  0.0296  0.0296
  0.0298  0.0300  0.0296  0.0296  0.0295  0.0295  0.0296  0.0297  0.0296  0.0298  0.0295  0.0295
  0.0297  0.0298  0.0296  0.0295  0.0295  0.0295  0.0295  0.0295  0.0295  0.0296  0.0295  0.0295
  0.0296  0.0296  0.0296  0.0296  0.0296  0.0295  0.0295  0.0295  0.0295  0.0295  0.0294  0.0294
  0.0297  0.0296  0.0297  0.0296  0.0296  0.0296  0.0295  0.0295  0.0295  0.0295  0.0295  0.0295
  0.0298  0.0296  0.0298  0.0297  0.0298  0.0298  0.0296  0.0297  0.0296  0.0295  0.0295  0.0295
  0.0300  0.0297  0.0300  0.0297  0.0300  0.0300  0.0297  0.0300  0.0298  0.0296  0.0296  0.0295
niter,ni,del,rscale     1    3    5.0000    0.4000
parameter  2 -0.520859 -> -0.500000 qaram    1.3225
parameters
    0.6540   23.0470    1.7393   -7.5330  -27.8583  -23.9603
    3.7727    2.5557   -3.8749   15.3383   -6.8402   -9.0384
eta,q 0.97075 12.28725
  0.0297  0.0300  0.0294  0.0295  0.0294  0.0294  0.0295  0.0296  0.0294  0.0297  0.0294  0.0293
  0.0295  0.0297  0.0294  0.0294  0.0293  0.0293  0.0294  0.0294  0.0293  0.0295  0.0293  0.0293
  0.0295  0.0296  0.0294  0.0293  0.0293  0.0293  0.0293  0.0293  0.0293  0.0294  0.0293  0.0293
  0.0294  0.0294  0.0294  0.0293  0.0293  0.0293  0.0293  0.0293  0.0293  0.0293  0.0293  0.0293
  0.0295  0.0294  0.0294  0.0294  0.0294  0.0294  0.0293  0.0293  0.0293  0.0293  0.0293  0.0293
  0.0296  0.0294  0.0295  0.0295  0.0295  0.0295  0.0294  0.0294  0.0294  0.0293  0.0293  0.0293
  0.0297  0.0294  0.0296  0.0295  0.0296  0.0297  0.0295  0.0296  0.0295  0.0293  0.0294  0.0293
niter,ni,del,rscale     1    3    5.0000    0.4000
parameters
    0.6170   23.4138    1.4401   -7.6817  -28.5326  -24.5086
    3.8666    2.5705   -3.9715   15.7832   -6.8978   -8.9490
eta,q 0.97083 12.22109
  0.0295  0.0298  0.0293  0.0294  0.0293  0.0293  0.0294  0.0295  0.0293  0.0295  0.0293  0.0293
  0.0293  0.0295  0.0292  0.0293  0.0292  0.0292  0.0293  0.0293  0.0292  0.0293  0.0292  0.0292
  0.0293  0.0294  0.0292  0.0292  0.0292  0.0292  0.0292  0.0292  0.0292  0.0292  0.0292  0.0292
  0.0293  0.0293  0.0292  0.0292  0.0292  0.0292  0.0292  0.0292  0.0292  0.0292  0.0292  0.0292
  0.0293  0.0292  0.0293  0.0292  0.0292  0.0292  0.0292  0.0292  0.0292  0.0292  0.0292  0.0292
  0.0294  0.0293  0.0293  0.0293  0.0293  0.0294  0.0293  0.0293  0.0293  0.0292  0.0292  0.0292
  0.0295  0.0294  0.0295  0.0294  0.0294  0.0295  0.0294  0.0295  0.0294  0.0293  0.0293  0.0292
registration optimization eta report
parameter search radius
    0.8000    1.0580    0.9200    2.4000    2.4000    2.4000
    2.4000    2.4000    2.4000    2.4000    2.4000    2.4000
100000*second partial in parameter space
       39.       29.       17.        3.        2.        4.
        3.        5.        3.        4.        2.        1.
  0.0295  0.0298  0.0293  0.0294  0.0293  0.0293  0.0294  0.0295  0.0293  0.0295  0.0293  0.0293
  0.0293  0.0295  0.0292  0.0293  0.0292  0.0292  0.0293  0.0293  0.0292  0.0293  0.0292  0.0292
  0.0293  0.0294  0.0292  0.0292  0.0292  0.0292  0.0292  0.0292  0.0292  0.0292  0.0292  0.0292
  0.0293  0.0293  0.0292  0.0292  0.0292  0.0292  0.0292  0.0292  0.0292  0.0292  0.0292  0.0292
  0.0293  0.0292  0.0293  0.0292  0.0292  0.0292  0.0292  0.0292  0.0292  0.0292  0.0292  0.0292
  0.0294  0.0293  0.0293  0.0293  0.0293  0.0294  0.0293  0.0293  0.0293  0.0292  0.0292  0.0292
  0.0295  0.0294  0.0295  0.0294  0.0294  0.0295  0.0294  0.0295  0.0294  0.0293  0.0293  0.0292
    0.6170   23.4138    1.4401   -7.6817  -28.5326  -24.5086
    3.8666    2.5705   -3.9715   15.7832   -6.8978   -8.9490
eta,q 0.97083 12.22109

---------------------------------------------------------------------
compute_vox2vox talsrcimg talsrcimg_to_711-2C_as_mni_average_305_t4 /opt/freesurfer/average/711-2C_as_mni_average_305
---------------------------------------------------------------------

freesurfer compute_vox2vox.c
Reading: talsrcimg.4dfp.ifh
Reading: talsrcimg_to_711-2C_as_mni_average_305_t4
Reading: /opt/freesurfer/average/711-2C_as_mni_average_305.4dfp.ifh
Writing: talsrcimg_to_711-2C_as_mni_average_305_t4_vox2vox.txt

start time Mon Mar 9 00:29:56 CET 2026
end		time Mon Mar 9 00:31:32 CET 2026

mpr2mni305 success

avi2talxfm orig_nu.mgz /opt/freesurfer/average/mni305.cor.mgz talsrcimg_to_711-2C_as_mni_average_305_t4_vox2vox.txt transforms/talairach.auto.xfm
avi2talxfm done
mv -f /out/sourcedata/freesurfer/sub-v1s16x0051195_ses-1/mri/talsrcimg_to_711-2C_as_mni_average_305_t4_vox2vox.txt /out/sourcedata/freesurfer/sub-v1s16x0051195_ses-1/mri/transforms/talsrcimg_to_711-2C_as_mni_average_305_t4_vox2vox.txt
lta_convert --src orig_nu.mgz --trg /opt/freesurfer/average/mni305.cor.mgz --inxfm transforms/talairach.auto.xfm --outlta transforms/talairach.auto.xfm.lta --subject fsaverage
7.3.2

--src: orig_nu.mgz src image (geometry).
--trg: /opt/freesurfer/average/mni305.cor.mgz trg image (geometry).
--inmni: transforms/talairach.auto.xfm input MNI/XFM transform.
--outlta: transforms/talairach.auto.xfm.lta output LTA.
--s: fsaverage subject name
 LTA read, type : 1
 1.07878  -0.02390  -0.06136   0.88513;
 0.10298   1.28858   0.15578  -24.97914;
 0.03721  -0.28590   1.36143  -32.11844;
 0.00000   0.00000   0.00000   1.00000;
setting subject to fsaverage
Writing  LTA to file transforms/talairach.auto.xfm.lta...
lta_convert successful.
 
 
Started at Mon Mar 9 00:29:55 CET 2026
Ended   at Mon Mar  9 00:31:33 CET 2026
talairach_avi done
