status file for recon-all
Mon Mar  9 00:19:06 CET 2026
#@# Tessellate lh Mon Mar  9 00:19:06 CET 2026
#@# Smooth1 lh Mon Mar  9 00:19:08 CET 2026
#@# Inflation1 lh Mon Mar  9 00:19:10 CET 2026
#@# QSphere lh Mon Mar  9 00:19:17 CET 2026
#@# Fix Topology lh Mon Mar  9 00:19:58 CET 2026
#@# Smooth2 lh Mon Mar  9 00:23:44 CET 2026
#@# Inflation2 lh Mon Mar  9 00:23:45 CET 2026
#@# Curv .H and .K lh Mon Mar  9 00:23:53 CET 2026
#@# Sphere lh Mon Mar  9 00:24:27 CET 2026
#@# Surf Reg lh Mon Mar  9 00:26:22 CET 2026
#@# Jacobian white lh Mon Mar  9 00:28:37 CET 2026
#@# AvgCurv lh Mon Mar  9 00:28:37 CET 2026
#@# Cortical Parc lh Mon Mar  9 00:28:38 CET 2026
#@# white curv lh Mon Mar  9 00:33:36 CET 2026
#@# white area lh Mon Mar  9 00:33:37 CET 2026
#@# pial curv lh Mon Mar  9 00:33:37 CET 2026
#@# pial area lh Mon Mar  9 00:33:39 CET 2026
#@# thickness lh Mon Mar  9 00:33:39 CET 2026
#@# area and vertex vol lh Mon Mar  9 00:33:56 CET 2026
#@# Curvature Stats lh Mon Mar  9 00:33:57 CET 2026
#@# Cortical Parc 2 lh Mon Mar  9 00:33:59 CET 2026
#@# Cortical Parc 3 lh Mon Mar  9 00:34:08 CET 2026
#@# WM/GM Contrast lh Mon Mar  9 00:34:14 CET 2026
recon-all -s sub-v1s16x0051178_ses-1 finished without error at Mon Mar  9 00:34:16 CET 2026



#New# invocation of recon-all 



status file for recon-all
Mon Mar  9 00:54:06 CET 2026
#@# white curv lh Mon Mar  9 00:54:06 CET 2026
#@# white area lh Mon Mar  9 00:54:06 CET 2026
#@# pial curv lh Mon Mar  9 00:54:06 CET 2026
#@# pial area lh Mon Mar  9 00:54:06 CET 2026
#@# thickness lh Mon Mar  9 00:54:06 CET 2026
#@# area and vertex vol lh Mon Mar  9 00:54:06 CET 2026
#@# Parcellation Stats lh Mon Mar  9 00:54:06 CET 2026
#@# Parcellation Stats 2 lh Mon Mar  9 00:54:18 CET 2026
#@# Parcellation Stats 3 lh Mon Mar  9 00:54:25 CET 2026
#@# BA_exvivo Labels lh Mon Mar  9 00:54:31 CET 2026
recon-all -s sub-v1s16x0051178_ses-1 finished without error at Mon Mar  9 00:56:11 CET 2026
