status file for recon-all
Sun Mar  8 23:04:21 CET 2026
#@# MotionCor Sun Mar  8 23:04:22 CET 2026
#@# Talairach Sun Mar  8 23:04:27 CET 2026
#@# Talairach Failure Detection Sun Mar  8 23:07:19 CET 2026
#@# Nu Intensity Correction Sun Mar  8 23:07:19 CET 2026
#@# Intensity Normalization Sun Mar  8 23:10:06 CET 2026
recon-all -s sub-v1s16x0051178_ses-1 finished without error at Sun Mar  8 23:11:02 CET 2026



#New# invocation of recon-all 



status file for recon-all
Sun Mar  8 23:16:29 CET 2026
#@# EM Registration Sun Mar  8 23:16:29 CET 2026
recon-all -s sub-v1s16x0051178_ses-1 finished without error at Sun Mar  8 23:17:55 CET 2026



#New# invocation of recon-all 



status file for recon-all
Sun Mar  8 23:17:57 CET 2026
#@# CA Normalize Sun Mar  8 23:17:57 CET 2026
#@# CA Reg Sun Mar  8 23:18:52 CET 2026
#@# SubCort Seg Sun Mar  8 23:55:01 CET 2026
#@# CC Seg Mon Mar  9 00:15:01 CET 2026
#@# Merge ASeg Mon Mar  9 00:15:27 CET 2026
#@# Intensity Normalization2 Mon Mar  9 00:15:27 CET 2026
#@# Mask BFS Mon Mar  9 00:16:53 CET 2026
#@# WM Segmentation Mon Mar  9 00:16:54 CET 2026
#@# Fill Mon Mar  9 00:18:24 CET 2026
recon-all -s sub-v1s16x0051178_ses-1 finished without error at Mon Mar  9 00:19:02 CET 2026



#New# invocation of recon-all 



status file for recon-all
Mon Mar  9 00:49:47 CET 2026
#@# white curv lh Mon Mar  9 00:49:47 CET 2026
#@# white area lh Mon Mar  9 00:49:47 CET 2026
#@# pial curv lh Mon Mar  9 00:49:47 CET 2026
#@# pial area lh Mon Mar  9 00:49:47 CET 2026
#@# thickness lh Mon Mar  9 00:49:47 CET 2026
#@# area and vertex vol lh Mon Mar  9 00:49:47 CET 2026
#@# white curv rh Mon Mar  9 00:49:47 CET 2026
#@# white area rh Mon Mar  9 00:49:47 CET 2026
#@# pial curv rh Mon Mar  9 00:49:47 CET 2026
#@# pial area rh Mon Mar  9 00:49:47 CET 2026
#@# thickness rh Mon Mar  9 00:49:47 CET 2026
#@# area and vertex vol rh Mon Mar  9 00:49:47 CET 2026
#@# Cortical ribbon mask Mon Mar  9 00:49:47 CET 2026
recon-all -s sub-v1s16x0051178_ses-1 finished without error at Mon Mar  9 00:54:02 CET 2026



#New# invocation of recon-all 



status file for recon-all
Mon Mar  9 00:58:19 CET 2026
#@# white curv lh Mon Mar  9 00:58:19 CET 2026
#@# white area lh Mon Mar  9 00:58:19 CET 2026
#@# pial curv lh Mon Mar  9 00:58:19 CET 2026
#@# pial area lh Mon Mar  9 00:58:19 CET 2026
#@# thickness lh Mon Mar  9 00:58:19 CET 2026
#@# area and vertex vol lh Mon Mar  9 00:58:19 CET 2026
#@# white curv rh Mon Mar  9 00:58:19 CET 2026
#@# white area rh Mon Mar  9 00:58:19 CET 2026
#@# pial curv rh Mon Mar  9 00:58:19 CET 2026
#@# pial area rh Mon Mar  9 00:58:19 CET 2026
#@# thickness rh Mon Mar  9 00:58:19 CET 2026
#@# area and vertex vol rh Mon Mar  9 00:58:19 CET 2026
#@# Curvature Stats lh Mon Mar  9 00:58:19 CET 2026
#@# Curvature Stats rh Mon Mar  9 00:58:21 CET 2026
#@# Relabel Hypointensities Mon Mar  9 00:58:22 CET 2026
#@# APas-to-ASeg Mon Mar  9 00:58:32 CET 2026
#@# AParc-to-ASeg aparc Mon Mar  9 00:58:37 CET 2026
#@# AParc-to-ASeg aparc.a2009s Mon Mar  9 00:58:52 CET 2026
#@# AParc-to-ASeg aparc.DKTatlas Mon Mar  9 00:59:09 CET 2026
#@# WMParc Mon Mar  9 00:59:25 CET 2026
#@# ASeg Stats Mon Mar  9 01:01:12 CET 2026
recon-all -s sub-v1s16x0051178_ses-1 finished without error at Mon Mar  9 01:01:28 CET 2026
