status file for recon-all
Sun Mar  8 23:34:18 CET 2026
#@# Tessellate lh Sun Mar  8 23:34:18 CET 2026
#@# Smooth1 lh Sun Mar  8 23:34:20 CET 2026
#@# Inflation1 lh Sun Mar  8 23:34:22 CET 2026
#@# QSphere lh Sun Mar  8 23:34:28 CET 2026
#@# Fix Topology lh Sun Mar  8 23:35:02 CET 2026
#@# Smooth2 lh Sun Mar  8 23:38:59 CET 2026
#@# Inflation2 lh Sun Mar  8 23:39:01 CET 2026
#@# Curv .H and .K lh Sun Mar  8 23:39:07 CET 2026
#@# Sphere lh Sun Mar  8 23:39:36 CET 2026
#@# Surf Reg lh Sun Mar  8 23:41:13 CET 2026
#@# Jacobian white lh Sun Mar  8 23:43:22 CET 2026
#@# AvgCurv lh Sun Mar  8 23:43:22 CET 2026
#@# Cortical Parc lh Sun Mar  8 23:43:22 CET 2026
#@# white curv lh Sun Mar  8 23:47:23 CET 2026
#@# white area lh Sun Mar  8 23:47:24 CET 2026
#@# pial curv lh Sun Mar  8 23:47:25 CET 2026
#@# pial area lh Sun Mar  8 23:47:26 CET 2026
#@# thickness lh Sun Mar  8 23:47:26 CET 2026
#@# area and vertex vol lh Sun Mar  8 23:47:40 CET 2026
#@# Curvature Stats lh Sun Mar  8 23:47:41 CET 2026
#@# Cortical Parc 2 lh Sun Mar  8 23:47:42 CET 2026
#@# Cortical Parc 3 lh Sun Mar  8 23:47:49 CET 2026
#@# WM/GM Contrast lh Sun Mar  8 23:47:55 CET 2026
recon-all -s sub-v1s16x0051170_ses-1 finished without error at Sun Mar  8 23:47:57 CET 2026



#New# invocation of recon-all 



status file for recon-all
Mon Mar  9 00:03:04 CET 2026
#@# white curv lh Mon Mar  9 00:03:04 CET 2026
#@# white area lh Mon Mar  9 00:03:04 CET 2026
#@# pial curv lh Mon Mar  9 00:03:04 CET 2026
#@# pial area lh Mon Mar  9 00:03:04 CET 2026
#@# thickness lh Mon Mar  9 00:03:04 CET 2026
#@# area and vertex vol lh Mon Mar  9 00:03:04 CET 2026
#@# Parcellation Stats lh Mon Mar  9 00:03:04 CET 2026
#@# Parcellation Stats 2 lh Mon Mar  9 00:03:14 CET 2026
#@# Parcellation Stats 3 lh Mon Mar  9 00:03:18 CET 2026
#@# BA_exvivo Labels lh Mon Mar  9 00:03:23 CET 2026
recon-all -s sub-v1s16x0051170_ses-1 finished without error at Mon Mar  9 00:04:48 CET 2026
