status file for recon-all
Sun Mar  8 23:47:58 CET 2026
#@# Tessellate rh Sun Mar  8 23:47:58 CET 2026
#@# Smooth1 rh Sun Mar  8 23:48:01 CET 2026
#@# Inflation1 rh Sun Mar  8 23:48:02 CET 2026
#@# QSphere rh Sun Mar  8 23:48:08 CET 2026
#@# Fix Topology rh Sun Mar  8 23:48:42 CET 2026
#@# Smooth2 rh Sun Mar  8 23:52:24 CET 2026
#@# Inflation2 rh Sun Mar  8 23:52:25 CET 2026
#@# Curv .H and .K rh Sun Mar  8 23:52:31 CET 2026
#@# Sphere rh Sun Mar  8 23:52:58 CET 2026
#@# Surf Reg rh Sun Mar  8 23:54:08 CET 2026
#@# Jacobian white rh Sun Mar  8 23:56:18 CET 2026
#@# AvgCurv rh Sun Mar  8 23:56:19 CET 2026
#@# Cortical Parc rh Sun Mar  8 23:56:19 CET 2026
#@# white curv rh Mon Mar  9 00:00:26 CET 2026
#@# white area rh Mon Mar  9 00:00:27 CET 2026
#@# pial curv rh Mon Mar  9 00:00:27 CET 2026
#@# pial area rh Mon Mar  9 00:00:28 CET 2026
#@# thickness rh Mon Mar  9 00:00:28 CET 2026
#@# area and vertex vol rh Mon Mar  9 00:00:42 CET 2026
#@# Curvature Stats rh Mon Mar  9 00:00:42 CET 2026
#@# Cortical Parc 2 rh Mon Mar  9 00:00:44 CET 2026
#@# Cortical Parc 3 rh Mon Mar  9 00:00:51 CET 2026
#@# WM/GM Contrast rh Mon Mar  9 00:00:57 CET 2026
recon-all -s sub-v1s16x0051170_ses-1 finished without error at Mon Mar  9 00:00:58 CET 2026



#New# invocation of recon-all 



status file for recon-all
Mon Mar  9 00:04:50 CET 2026
#@# white curv rh Mon Mar  9 00:04:50 CET 2026
#@# white area rh Mon Mar  9 00:04:50 CET 2026
#@# pial curv rh Mon Mar  9 00:04:50 CET 2026
#@# pial area rh Mon Mar  9 00:04:50 CET 2026
#@# thickness rh Mon Mar  9 00:04:50 CET 2026
#@# area and vertex vol rh Mon Mar  9 00:04:50 CET 2026
#@# Parcellation Stats rh Mon Mar  9 00:04:50 CET 2026
#@# Parcellation Stats 2 rh Mon Mar  9 00:04:59 CET 2026
#@# Parcellation Stats 3 rh Mon Mar  9 00:05:04 CET 2026
#@# BA_exvivo Labels rh Mon Mar  9 00:05:08 CET 2026
recon-all -s sub-v1s16x0051170_ses-1 finished without error at Mon Mar  9 00:06:31 CET 2026
