status file for recon-all
Sun Mar  8 22:21:59 CET 2026
#@# MotionCor Sun Mar  8 22:22:01 CET 2026
#@# Talairach Sun Mar  8 22:22:06 CET 2026
#@# Talairach Failure Detection Sun Mar  8 22:24:56 CET 2026
#@# Nu Intensity Correction Sun Mar  8 22:24:56 CET 2026
#@# Intensity Normalization Sun Mar  8 22:27:40 CET 2026
recon-all -s sub-v1s16x0051170_ses-1 finished without error at Sun Mar  8 22:28:39 CET 2026



#New# invocation of recon-all 



status file for recon-all
Sun Mar  8 22:34:05 CET 2026
#@# EM Registration Sun Mar  8 22:34:05 CET 2026
recon-all -s sub-v1s16x0051170_ses-1 finished without error at Sun Mar  8 22:35:32 CET 2026



#New# invocation of recon-all 



status file for recon-all
Sun Mar  8 22:35:34 CET 2026
#@# CA Normalize Sun Mar  8 22:35:34 CET 2026
#@# CA Reg Sun Mar  8 22:36:28 CET 2026
#@# SubCort Seg Sun Mar  8 23:12:11 CET 2026
#@# CC Seg Sun Mar  8 23:30:21 CET 2026
#@# Merge ASeg Sun Mar  8 23:30:40 CET 2026
#@# Intensity Normalization2 Sun Mar  8 23:30:40 CET 2026
#@# Mask BFS Sun Mar  8 23:32:07 CET 2026
#@# WM Segmentation Sun Mar  8 23:32:08 CET 2026
#@# Fill Sun Mar  8 23:33:35 CET 2026
recon-all -s sub-v1s16x0051170_ses-1 finished without error at Sun Mar  8 23:34:14 CET 2026



#New# invocation of recon-all 



status file for recon-all
Mon Mar  9 00:01:03 CET 2026
#@# white curv lh Mon Mar  9 00:01:04 CET 2026
#@# white area lh Mon Mar  9 00:01:04 CET 2026
#@# pial curv lh Mon Mar  9 00:01:04 CET 2026
#@# pial area lh Mon Mar  9 00:01:04 CET 2026
#@# thickness lh Mon Mar  9 00:01:04 CET 2026
#@# area and vertex vol lh Mon Mar  9 00:01:04 CET 2026
#@# white curv rh Mon Mar  9 00:01:04 CET 2026
#@# white area rh Mon Mar  9 00:01:04 CET 2026
#@# pial curv rh Mon Mar  9 00:01:04 CET 2026
#@# pial area rh Mon Mar  9 00:01:04 CET 2026
#@# thickness rh Mon Mar  9 00:01:04 CET 2026
#@# area and vertex vol rh Mon Mar  9 00:01:04 CET 2026
#@# Cortical ribbon mask Mon Mar  9 00:01:04 CET 2026
recon-all -s sub-v1s16x0051170_ses-1 finished without error at Mon Mar  9 00:02:59 CET 2026



#New# invocation of recon-all 



status file for recon-all
Mon Mar  9 00:06:35 CET 2026
#@# white curv lh Mon Mar  9 00:06:36 CET 2026
#@# white area lh Mon Mar  9 00:06:36 CET 2026
#@# pial curv lh Mon Mar  9 00:06:36 CET 2026
#@# pial area lh Mon Mar  9 00:06:36 CET 2026
#@# thickness lh Mon Mar  9 00:06:36 CET 2026
#@# area and vertex vol lh Mon Mar  9 00:06:36 CET 2026
#@# white curv rh Mon Mar  9 00:06:36 CET 2026
#@# white area rh Mon Mar  9 00:06:36 CET 2026
#@# pial curv rh Mon Mar  9 00:06:36 CET 2026
#@# pial area rh Mon Mar  9 00:06:36 CET 2026
#@# thickness rh Mon Mar  9 00:06:36 CET 2026
#@# area and vertex vol rh Mon Mar  9 00:06:36 CET 2026
#@# Curvature Stats lh Mon Mar  9 00:06:36 CET 2026
#@# Curvature Stats rh Mon Mar  9 00:06:37 CET 2026
#@# Relabel Hypointensities Mon Mar  9 00:06:38 CET 2026
#@# APas-to-ASeg Mon Mar  9 00:06:47 CET 2026
#@# AParc-to-ASeg aparc Mon Mar  9 00:06:51 CET 2026
#@# AParc-to-ASeg aparc.a2009s Mon Mar  9 00:07:02 CET 2026
#@# AParc-to-ASeg aparc.DKTatlas Mon Mar  9 00:07:12 CET 2026
#@# WMParc Mon Mar  9 00:07:22 CET 2026
#@# ASeg Stats Mon Mar  9 00:08:58 CET 2026
recon-all -s sub-v1s16x0051170_ses-1 finished without error at Mon Mar  9 00:09:15 CET 2026
