status file for recon-all
Sun Mar  8 23:41:25 CET 2026
#@# Tessellate rh Sun Mar  8 23:41:25 CET 2026
#@# Smooth1 rh Sun Mar  8 23:41:27 CET 2026
#@# Inflation1 rh Sun Mar  8 23:41:28 CET 2026
#@# QSphere rh Sun Mar  8 23:41:38 CET 2026
#@# Fix Topology rh Sun Mar  8 23:42:11 CET 2026
#@# Smooth2 rh Sun Mar  8 23:48:05 CET 2026
#@# Inflation2 rh Sun Mar  8 23:48:07 CET 2026
#@# Curv .H and .K rh Sun Mar  8 23:48:14 CET 2026
#@# Sphere rh Sun Mar  8 23:48:44 CET 2026
#@# Surf Reg rh Sun Mar  8 23:51:06 CET 2026
#@# Jacobian white rh Sun Mar  8 23:53:06 CET 2026
#@# AvgCurv rh Sun Mar  8 23:53:06 CET 2026
#@# Cortical Parc rh Sun Mar  8 23:53:07 CET 2026
#@# white curv rh Sun Mar  8 23:57:45 CET 2026
#@# white area rh Sun Mar  8 23:57:46 CET 2026
#@# pial curv rh Sun Mar  8 23:57:46 CET 2026
#@# pial area rh Sun Mar  8 23:57:47 CET 2026
#@# thickness rh Sun Mar  8 23:57:47 CET 2026
#@# area and vertex vol rh Sun Mar  8 23:58:03 CET 2026
#@# Curvature Stats rh Sun Mar  8 23:58:04 CET 2026
#@# Cortical Parc 2 rh Sun Mar  8 23:58:05 CET 2026
#@# Cortical Parc 3 rh Sun Mar  8 23:58:14 CET 2026
#@# WM/GM Contrast rh Sun Mar  8 23:58:20 CET 2026
recon-all -s sub-v1s16x0051166_ses-1 finished without error at Sun Mar  8 23:58:22 CET 2026



#New# invocation of recon-all 



status file for recon-all
Mon Mar  9 00:03:25 CET 2026
#@# white curv rh Mon Mar  9 00:03:26 CET 2026
#@# white area rh Mon Mar  9 00:03:26 CET 2026
#@# pial curv rh Mon Mar  9 00:03:26 CET 2026
#@# pial area rh Mon Mar  9 00:03:26 CET 2026
#@# thickness rh Mon Mar  9 00:03:26 CET 2026
#@# area and vertex vol rh Mon Mar  9 00:03:26 CET 2026
#@# Parcellation Stats rh Mon Mar  9 00:03:26 CET 2026
#@# Parcellation Stats 2 rh Mon Mar  9 00:03:36 CET 2026
#@# Parcellation Stats 3 rh Mon Mar  9 00:03:42 CET 2026
#@# BA_exvivo Labels rh Mon Mar  9 00:03:47 CET 2026
recon-all -s sub-v1s16x0051166_ses-1 finished without error at Mon Mar  9 00:05:20 CET 2026
