status file for recon-all
Sun Mar  8 22:10:46 CET 2026
#@# MotionCor Sun Mar  8 22:10:48 CET 2026
#@# Talairach Sun Mar  8 22:10:53 CET 2026
#@# Talairach Failure Detection Sun Mar  8 22:13:44 CET 2026
#@# Nu Intensity Correction Sun Mar  8 22:13:44 CET 2026
#@# Intensity Normalization Sun Mar  8 22:16:29 CET 2026
recon-all -s sub-v1s16x0051166_ses-1 finished without error at Sun Mar  8 22:17:32 CET 2026



#New# invocation of recon-all 



status file for recon-all
Sun Mar  8 22:23:14 CET 2026
#@# EM Registration Sun Mar  8 22:23:14 CET 2026
recon-all -s sub-v1s16x0051166_ses-1 finished without error at Sun Mar  8 22:24:37 CET 2026



#New# invocation of recon-all 



status file for recon-all
Sun Mar  8 22:24:40 CET 2026
#@# CA Normalize Sun Mar  8 22:24:40 CET 2026
#@# CA Reg Sun Mar  8 22:25:35 CET 2026
#@# SubCort Seg Sun Mar  8 22:59:19 CET 2026
#@# CC Seg Sun Mar  8 23:20:53 CET 2026
#@# Merge ASeg Sun Mar  8 23:21:21 CET 2026
#@# Intensity Normalization2 Sun Mar  8 23:21:21 CET 2026
#@# Mask BFS Sun Mar  8 23:22:47 CET 2026
#@# WM Segmentation Sun Mar  8 23:22:48 CET 2026
#@# Fill Sun Mar  8 23:24:23 CET 2026
recon-all -s sub-v1s16x0051166_ses-1 finished without error at Sun Mar  8 23:25:02 CET 2026



#New# invocation of recon-all 



status file for recon-all
Sun Mar  8 23:58:27 CET 2026
#@# white curv lh Sun Mar  8 23:58:27 CET 2026
#@# white area lh Sun Mar  8 23:58:27 CET 2026
#@# pial curv lh Sun Mar  8 23:58:27 CET 2026
#@# pial area lh Sun Mar  8 23:58:27 CET 2026
#@# thickness lh Sun Mar  8 23:58:27 CET 2026
#@# area and vertex vol lh Sun Mar  8 23:58:27 CET 2026
#@# white curv rh Sun Mar  8 23:58:27 CET 2026
#@# white area rh Sun Mar  8 23:58:27 CET 2026
#@# pial curv rh Sun Mar  8 23:58:27 CET 2026
#@# pial area rh Sun Mar  8 23:58:27 CET 2026
#@# thickness rh Sun Mar  8 23:58:27 CET 2026
#@# area and vertex vol rh Sun Mar  8 23:58:27 CET 2026
#@# Cortical ribbon mask Sun Mar  8 23:58:27 CET 2026
recon-all -s sub-v1s16x0051166_ses-1 finished without error at Mon Mar  9 00:01:33 CET 2026



#New# invocation of recon-all 



status file for recon-all
Mon Mar  9 00:05:25 CET 2026
#@# white curv lh Mon Mar  9 00:05:25 CET 2026
#@# white area lh Mon Mar  9 00:05:25 CET 2026
#@# pial curv lh Mon Mar  9 00:05:25 CET 2026
#@# pial area lh Mon Mar  9 00:05:25 CET 2026
#@# thickness lh Mon Mar  9 00:05:25 CET 2026
#@# area and vertex vol lh Mon Mar  9 00:05:25 CET 2026
#@# white curv rh Mon Mar  9 00:05:25 CET 2026
#@# white area rh Mon Mar  9 00:05:25 CET 2026
#@# pial curv rh Mon Mar  9 00:05:25 CET 2026
#@# pial area rh Mon Mar  9 00:05:25 CET 2026
#@# thickness rh Mon Mar  9 00:05:25 CET 2026
#@# area and vertex vol rh Mon Mar  9 00:05:25 CET 2026
#@# Curvature Stats lh Mon Mar  9 00:05:25 CET 2026
#@# Curvature Stats rh Mon Mar  9 00:05:26 CET 2026
#@# Relabel Hypointensities Mon Mar  9 00:05:27 CET 2026
#@# APas-to-ASeg Mon Mar  9 00:05:36 CET 2026
#@# AParc-to-ASeg aparc Mon Mar  9 00:05:41 CET 2026
#@# AParc-to-ASeg aparc.a2009s Mon Mar  9 00:05:55 CET 2026
#@# AParc-to-ASeg aparc.DKTatlas Mon Mar  9 00:06:10 CET 2026
#@# WMParc Mon Mar  9 00:06:25 CET 2026
#@# ASeg Stats Mon Mar  9 00:08:13 CET 2026
recon-all -s sub-v1s16x0051166_ses-1 finished without error at Mon Mar  9 00:08:29 CET 2026
