status file for recon-all
Mon Mar  9 00:35:39 CET 2026
#@# Tessellate rh Mon Mar  9 00:35:39 CET 2026
#@# Smooth1 rh Mon Mar  9 00:35:43 CET 2026
#@# Inflation1 rh Mon Mar  9 00:35:45 CET 2026
#@# QSphere rh Mon Mar  9 00:35:57 CET 2026
#@# Fix Topology rh Mon Mar  9 00:36:55 CET 2026
#@# Smooth2 rh Mon Mar  9 00:43:00 CET 2026
#@# Inflation2 rh Mon Mar  9 00:43:03 CET 2026
#@# Curv .H and .K rh Mon Mar  9 00:43:15 CET 2026
#@# Sphere rh Mon Mar  9 00:43:55 CET 2026
#@# Surf Reg rh Mon Mar  9 00:47:38 CET 2026
#@# Jacobian white rh Mon Mar  9 00:51:05 CET 2026
#@# AvgCurv rh Mon Mar  9 00:51:05 CET 2026
#@# Cortical Parc rh Mon Mar  9 00:51:06 CET 2026
#@# white curv rh Mon Mar  9 00:57:27 CET 2026
#@# white area rh Mon Mar  9 00:57:29 CET 2026
#@# pial curv rh Mon Mar  9 00:57:29 CET 2026
#@# pial area rh Mon Mar  9 00:57:31 CET 2026
#@# thickness rh Mon Mar  9 00:57:32 CET 2026
#@# area and vertex vol rh Mon Mar  9 00:57:57 CET 2026
#@# Curvature Stats rh Mon Mar  9 00:57:58 CET 2026
#@# Cortical Parc 2 rh Mon Mar  9 00:58:00 CET 2026
#@# Cortical Parc 3 rh Mon Mar  9 00:58:12 CET 2026
#@# WM/GM Contrast rh Mon Mar  9 00:58:21 CET 2026
recon-all -s sub-v1s16x0051171_ses-1 finished without error at Mon Mar  9 00:58:23 CET 2026



#New# invocation of recon-all 



status file for recon-all
Mon Mar  9 01:06:55 CET 2026
#@# white curv rh Mon Mar  9 01:06:55 CET 2026
#@# white area rh Mon Mar  9 01:06:55 CET 2026
#@# pial curv rh Mon Mar  9 01:06:55 CET 2026
#@# pial area rh Mon Mar  9 01:06:55 CET 2026
#@# thickness rh Mon Mar  9 01:06:55 CET 2026
#@# area and vertex vol rh Mon Mar  9 01:06:55 CET 2026
#@# Parcellation Stats rh Mon Mar  9 01:06:55 CET 2026
#@# Parcellation Stats 2 rh Mon Mar  9 01:07:09 CET 2026
#@# Parcellation Stats 3 rh Mon Mar  9 01:07:17 CET 2026
#@# BA_exvivo Labels rh Mon Mar  9 01:07:24 CET 2026
recon-all -s sub-v1s16x0051171_ses-1 finished without error at Mon Mar  9 01:09:38 CET 2026
