status file for recon-all
Sun Mar  8 22:25:36 CET 2026
#@# MotionCor Sun Mar  8 22:25:38 CET 2026
#@# Talairach Sun Mar  8 22:25:47 CET 2026
#@# Talairach Failure Detection Sun Mar  8 22:30:13 CET 2026
#@# Nu Intensity Correction Sun Mar  8 22:30:13 CET 2026
#@# Intensity Normalization Sun Mar  8 22:33:28 CET 2026
recon-all -s sub-v1s16x0051171_ses-1 finished without error at Sun Mar  8 22:34:53 CET 2026



#New# invocation of recon-all 



status file for recon-all
Sun Mar  8 22:41:52 CET 2026
#@# EM Registration Sun Mar  8 22:41:52 CET 2026
recon-all -s sub-v1s16x0051171_ses-1 finished without error at Sun Mar  8 22:43:33 CET 2026



#New# invocation of recon-all 



status file for recon-all
Sun Mar  8 22:43:36 CET 2026
#@# CA Normalize Sun Mar  8 22:43:36 CET 2026
#@# CA Reg Sun Mar  8 22:44:56 CET 2026
#@# SubCort Seg Sun Mar  8 23:32:26 CET 2026
#@# CC Seg Mon Mar  9 00:01:28 CET 2026
#@# Merge ASeg Mon Mar  9 00:02:00 CET 2026
#@# Intensity Normalization2 Mon Mar  9 00:02:00 CET 2026
#@# Mask BFS Mon Mar  9 00:04:06 CET 2026
#@# WM Segmentation Mon Mar  9 00:04:07 CET 2026
#@# Fill Mon Mar  9 00:06:01 CET 2026
recon-all -s sub-v1s16x0051171_ses-1 finished without error at Mon Mar  9 00:07:06 CET 2026



#New# invocation of recon-all 



status file for recon-all
Mon Mar  9 00:58:27 CET 2026
#@# white curv lh Mon Mar  9 00:58:27 CET 2026
#@# white area lh Mon Mar  9 00:58:27 CET 2026
#@# pial curv lh Mon Mar  9 00:58:27 CET 2026
#@# pial area lh Mon Mar  9 00:58:27 CET 2026
#@# thickness lh Mon Mar  9 00:58:27 CET 2026
#@# area and vertex vol lh Mon Mar  9 00:58:27 CET 2026
#@# white curv rh Mon Mar  9 00:58:27 CET 2026
#@# white area rh Mon Mar  9 00:58:27 CET 2026
#@# pial curv rh Mon Mar  9 00:58:27 CET 2026
#@# pial area rh Mon Mar  9 00:58:27 CET 2026
#@# thickness rh Mon Mar  9 00:58:27 CET 2026
#@# area and vertex vol rh Mon Mar  9 00:58:27 CET 2026
#@# Cortical ribbon mask Mon Mar  9 00:58:27 CET 2026
recon-all -s sub-v1s16x0051171_ses-1 finished without error at Mon Mar  9 01:04:05 CET 2026



#New# invocation of recon-all 



status file for recon-all
Mon Mar  9 01:09:43 CET 2026
#@# white curv lh Mon Mar  9 01:09:43 CET 2026
#@# white area lh Mon Mar  9 01:09:43 CET 2026
#@# pial curv lh Mon Mar  9 01:09:43 CET 2026
#@# pial area lh Mon Mar  9 01:09:43 CET 2026
#@# thickness lh Mon Mar  9 01:09:43 CET 2026
#@# area and vertex vol lh Mon Mar  9 01:09:43 CET 2026
#@# white curv rh Mon Mar  9 01:09:44 CET 2026
#@# white area rh Mon Mar  9 01:09:44 CET 2026
#@# pial curv rh Mon Mar  9 01:09:44 CET 2026
#@# pial area rh Mon Mar  9 01:09:44 CET 2026
#@# thickness rh Mon Mar  9 01:09:44 CET 2026
#@# area and vertex vol rh Mon Mar  9 01:09:44 CET 2026
#@# Curvature Stats lh Mon Mar  9 01:09:44 CET 2026
#@# Curvature Stats rh Mon Mar  9 01:09:46 CET 2026
#@# Relabel Hypointensities Mon Mar  9 01:09:48 CET 2026
#@# APas-to-ASeg Mon Mar  9 01:10:02 CET 2026
#@# AParc-to-ASeg aparc Mon Mar  9 01:10:09 CET 2026
#@# AParc-to-ASeg aparc.a2009s Mon Mar  9 01:10:37 CET 2026
#@# AParc-to-ASeg aparc.DKTatlas Mon Mar  9 01:11:11 CET 2026
#@# WMParc Mon Mar  9 01:11:40 CET 2026
#@# ASeg Stats Mon Mar  9 01:15:07 CET 2026
recon-all -s sub-v1s16x0051171_ses-1 finished without error at Mon Mar  9 01:15:47 CET 2026
