status file for recon-all
Mon Mar  9 00:25:10 CET 2026
#@# Tessellate lh Mon Mar  9 00:25:10 CET 2026
#@# Smooth1 lh Mon Mar  9 00:25:13 CET 2026
#@# Inflation1 lh Mon Mar  9 00:25:15 CET 2026
#@# QSphere lh Mon Mar  9 00:25:21 CET 2026
#@# Fix Topology lh Mon Mar  9 00:26:02 CET 2026
#@# Smooth2 lh Mon Mar  9 00:30:17 CET 2026
#@# Inflation2 lh Mon Mar  9 00:30:18 CET 2026
#@# Curv .H and .K lh Mon Mar  9 00:30:25 CET 2026
#@# Sphere lh Mon Mar  9 00:30:58 CET 2026
#@# Surf Reg lh Mon Mar  9 00:32:51 CET 2026
#@# Jacobian white lh Mon Mar  9 00:35:05 CET 2026
#@# AvgCurv lh Mon Mar  9 00:35:06 CET 2026
#@# Cortical Parc lh Mon Mar  9 00:35:06 CET 2026
#@# white curv lh Mon Mar  9 00:40:10 CET 2026
#@# white area lh Mon Mar  9 00:40:11 CET 2026
#@# pial curv lh Mon Mar  9 00:40:11 CET 2026
#@# pial area lh Mon Mar  9 00:40:12 CET 2026
#@# thickness lh Mon Mar  9 00:40:13 CET 2026
#@# area and vertex vol lh Mon Mar  9 00:40:29 CET 2026
#@# Curvature Stats lh Mon Mar  9 00:40:30 CET 2026
#@# Cortical Parc 2 lh Mon Mar  9 00:40:32 CET 2026
#@# Cortical Parc 3 lh Mon Mar  9 00:40:40 CET 2026
#@# WM/GM Contrast lh Mon Mar  9 00:40:46 CET 2026
recon-all -s sub-v1s16x0051179_ses-1 finished without error at Mon Mar  9 00:40:48 CET 2026



#New# invocation of recon-all 



status file for recon-all
Mon Mar  9 00:59:48 CET 2026
#@# white curv lh Mon Mar  9 00:59:48 CET 2026
#@# white area lh Mon Mar  9 00:59:48 CET 2026
#@# pial curv lh Mon Mar  9 00:59:48 CET 2026
#@# pial area lh Mon Mar  9 00:59:48 CET 2026
#@# thickness lh Mon Mar  9 00:59:48 CET 2026
#@# area and vertex vol lh Mon Mar  9 00:59:48 CET 2026
#@# Parcellation Stats lh Mon Mar  9 00:59:48 CET 2026
#@# Parcellation Stats 2 lh Mon Mar  9 01:00:00 CET 2026
#@# Parcellation Stats 3 lh Mon Mar  9 01:00:06 CET 2026
#@# BA_exvivo Labels lh Mon Mar  9 01:00:12 CET 2026
recon-all -s sub-v1s16x0051179_ses-1 finished without error at Mon Mar  9 01:01:48 CET 2026
