status file for recon-all
Sun Mar  8 23:10:55 CET 2026
#@# MotionCor Sun Mar  8 23:10:57 CET 2026
#@# Talairach Sun Mar  8 23:11:02 CET 2026
#@# Talairach Failure Detection Sun Mar  8 23:13:53 CET 2026
#@# Nu Intensity Correction Sun Mar  8 23:13:53 CET 2026
#@# Intensity Normalization Sun Mar  8 23:16:39 CET 2026
recon-all -s sub-v1s16x0051179_ses-1 finished without error at Sun Mar  8 23:17:43 CET 2026



#New# invocation of recon-all 



status file for recon-all
Sun Mar  8 23:23:11 CET 2026
#@# EM Registration Sun Mar  8 23:23:11 CET 2026
recon-all -s sub-v1s16x0051179_ses-1 finished without error at Sun Mar  8 23:24:27 CET 2026



#New# invocation of recon-all 



status file for recon-all
Sun Mar  8 23:24:28 CET 2026
#@# CA Normalize Sun Mar  8 23:24:28 CET 2026
#@# CA Reg Sun Mar  8 23:25:21 CET 2026
#@# SubCort Seg Mon Mar  9 00:01:07 CET 2026
#@# CC Seg Mon Mar  9 00:21:16 CET 2026
#@# Merge ASeg Mon Mar  9 00:21:34 CET 2026
#@# Intensity Normalization2 Mon Mar  9 00:21:34 CET 2026
#@# Mask BFS Mon Mar  9 00:23:01 CET 2026
#@# WM Segmentation Mon Mar  9 00:23:01 CET 2026
#@# Fill Mon Mar  9 00:24:30 CET 2026
recon-all -s sub-v1s16x0051179_ses-1 finished without error at Mon Mar  9 00:25:07 CET 2026



#New# invocation of recon-all 



status file for recon-all
Mon Mar  9 00:56:00 CET 2026
#@# white curv lh Mon Mar  9 00:56:00 CET 2026
#@# white area lh Mon Mar  9 00:56:00 CET 2026
#@# pial curv lh Mon Mar  9 00:56:00 CET 2026
#@# pial area lh Mon Mar  9 00:56:00 CET 2026
#@# thickness lh Mon Mar  9 00:56:00 CET 2026
#@# area and vertex vol lh Mon Mar  9 00:56:00 CET 2026
#@# white curv rh Mon Mar  9 00:56:00 CET 2026
#@# white area rh Mon Mar  9 00:56:00 CET 2026
#@# pial curv rh Mon Mar  9 00:56:00 CET 2026
#@# pial area rh Mon Mar  9 00:56:00 CET 2026
#@# thickness rh Mon Mar  9 00:56:00 CET 2026
#@# area and vertex vol rh Mon Mar  9 00:56:00 CET 2026
#@# Cortical ribbon mask Mon Mar  9 00:56:00 CET 2026
recon-all -s sub-v1s16x0051179_ses-1 finished without error at Mon Mar  9 00:59:45 CET 2026



#New# invocation of recon-all 



status file for recon-all
Mon Mar  9 01:03:50 CET 2026
#@# white curv lh Mon Mar  9 01:03:50 CET 2026
#@# white area lh Mon Mar  9 01:03:50 CET 2026
#@# pial curv lh Mon Mar  9 01:03:50 CET 2026
#@# pial area lh Mon Mar  9 01:03:50 CET 2026
#@# thickness lh Mon Mar  9 01:03:50 CET 2026
#@# area and vertex vol lh Mon Mar  9 01:03:50 CET 2026
#@# white curv rh Mon Mar  9 01:03:50 CET 2026
#@# white area rh Mon Mar  9 01:03:50 CET 2026
#@# pial curv rh Mon Mar  9 01:03:51 CET 2026
#@# pial area rh Mon Mar  9 01:03:51 CET 2026
#@# thickness rh Mon Mar  9 01:03:51 CET 2026
#@# area and vertex vol rh Mon Mar  9 01:03:51 CET 2026
#@# Curvature Stats lh Mon Mar  9 01:03:51 CET 2026
#@# Curvature Stats rh Mon Mar  9 01:03:52 CET 2026
#@# Relabel Hypointensities Mon Mar  9 01:03:53 CET 2026
#@# APas-to-ASeg Mon Mar  9 01:04:03 CET 2026
#@# AParc-to-ASeg aparc Mon Mar  9 01:04:08 CET 2026
#@# AParc-to-ASeg aparc.a2009s Mon Mar  9 01:04:26 CET 2026
#@# AParc-to-ASeg aparc.DKTatlas Mon Mar  9 01:04:41 CET 2026
#@# WMParc Mon Mar  9 01:04:56 CET 2026
#@# ASeg Stats Mon Mar  9 01:06:39 CET 2026
recon-all -s sub-v1s16x0051179_ses-1 finished without error at Mon Mar  9 01:06:55 CET 2026
