status file for recon-all
Mon Mar  9 01:49:16 CET 2026
#@# Tessellate lh Mon Mar  9 01:49:16 CET 2026
#@# Smooth1 lh Mon Mar  9 01:49:19 CET 2026
#@# Inflation1 lh Mon Mar  9 01:49:21 CET 2026
#@# QSphere lh Mon Mar  9 01:49:28 CET 2026
#@# Fix Topology lh Mon Mar  9 01:50:08 CET 2026
#@# Smooth2 lh Mon Mar  9 01:56:17 CET 2026
#@# Inflation2 lh Mon Mar  9 01:56:19 CET 2026
#@# Curv .H and .K lh Mon Mar  9 01:56:26 CET 2026
#@# Sphere lh Mon Mar  9 01:56:56 CET 2026
#@# Surf Reg lh Mon Mar  9 01:59:49 CET 2026
#@# Jacobian white lh Mon Mar  9 02:02:07 CET 2026
#@# AvgCurv lh Mon Mar  9 02:02:07 CET 2026
#@# Cortical Parc lh Mon Mar  9 02:02:08 CET 2026
#@# white curv lh Mon Mar  9 02:05:51 CET 2026
#@# white area lh Mon Mar  9 02:05:52 CET 2026
#@# pial curv lh Mon Mar  9 02:05:53 CET 2026
#@# pial area lh Mon Mar  9 02:05:54 CET 2026
#@# thickness lh Mon Mar  9 02:05:54 CET 2026
#@# area and vertex vol lh Mon Mar  9 02:06:13 CET 2026
#@# Curvature Stats lh Mon Mar  9 02:06:14 CET 2026
#@# Cortical Parc 2 lh Mon Mar  9 02:06:15 CET 2026
#@# Cortical Parc 3 lh Mon Mar  9 02:06:24 CET 2026
#@# WM/GM Contrast lh Mon Mar  9 02:06:31 CET 2026
recon-all -s sub-v1s16x0051191_ses-1 finished without error at Mon Mar  9 02:06:33 CET 2026



#New# invocation of recon-all 



status file for recon-all
Mon Mar  9 02:26:04 CET 2026
#@# white curv lh Mon Mar  9 02:26:04 CET 2026
#@# white area lh Mon Mar  9 02:26:04 CET 2026
#@# pial curv lh Mon Mar  9 02:26:04 CET 2026
#@# pial area lh Mon Mar  9 02:26:04 CET 2026
#@# thickness lh Mon Mar  9 02:26:04 CET 2026
#@# area and vertex vol lh Mon Mar  9 02:26:04 CET 2026
#@# Parcellation Stats lh Mon Mar  9 02:26:04 CET 2026
#@# Parcellation Stats 2 lh Mon Mar  9 02:26:13 CET 2026
#@# Parcellation Stats 3 lh Mon Mar  9 02:26:18 CET 2026
#@# BA_exvivo Labels lh Mon Mar  9 02:26:23 CET 2026
recon-all -s sub-v1s16x0051191_ses-1 finished without error at Mon Mar  9 02:28:03 CET 2026
