status file for recon-all
Mon Mar  9 00:15:31 CET 2026
#@# MotionCor Mon Mar  9 00:15:32 CET 2026
#@# Talairach Mon Mar  9 00:15:41 CET 2026
#@# Talairach Failure Detection Mon Mar  9 00:20:06 CET 2026
#@# Nu Intensity Correction Mon Mar  9 00:20:06 CET 2026
#@# Intensity Normalization Mon Mar  9 00:23:19 CET 2026
recon-all -s sub-v1s16x0051191_ses-1 finished without error at Mon Mar  9 00:24:44 CET 2026



#New# invocation of recon-all 



status file for recon-all
Mon Mar  9 00:31:07 CET 2026
#@# EM Registration Mon Mar  9 00:31:07 CET 2026
recon-all -s sub-v1s16x0051191_ses-1 finished without error at Mon Mar  9 00:33:06 CET 2026



#New# invocation of recon-all 



status file for recon-all
Mon Mar  9 00:33:09 CET 2026
#@# CA Normalize Mon Mar  9 00:33:09 CET 2026
#@# CA Reg Mon Mar  9 00:34:31 CET 2026
#@# SubCort Seg Mon Mar  9 01:16:59 CET 2026
#@# CC Seg Mon Mar  9 01:43:24 CET 2026
#@# Merge ASeg Mon Mar  9 01:44:07 CET 2026
#@# Intensity Normalization2 Mon Mar  9 01:44:07 CET 2026
#@# Mask BFS Mon Mar  9 01:46:19 CET 2026
#@# WM Segmentation Mon Mar  9 01:46:19 CET 2026
#@# Fill Mon Mar  9 01:48:11 CET 2026
recon-all -s sub-v1s16x0051191_ses-1 finished without error at Mon Mar  9 01:49:12 CET 2026



#New# invocation of recon-all 



status file for recon-all
Mon Mar  9 02:23:42 CET 2026
#@# white curv lh Mon Mar  9 02:23:42 CET 2026
#@# white area lh Mon Mar  9 02:23:42 CET 2026
#@# pial curv lh Mon Mar  9 02:23:42 CET 2026
#@# pial area lh Mon Mar  9 02:23:42 CET 2026
#@# thickness lh Mon Mar  9 02:23:42 CET 2026
#@# area and vertex vol lh Mon Mar  9 02:23:42 CET 2026
#@# white curv rh Mon Mar  9 02:23:42 CET 2026
#@# white area rh Mon Mar  9 02:23:42 CET 2026
#@# pial curv rh Mon Mar  9 02:23:42 CET 2026
#@# pial area rh Mon Mar  9 02:23:42 CET 2026
#@# thickness rh Mon Mar  9 02:23:42 CET 2026
#@# area and vertex vol rh Mon Mar  9 02:23:42 CET 2026
#@# Cortical ribbon mask Mon Mar  9 02:23:42 CET 2026
recon-all -s sub-v1s16x0051191_ses-1 finished without error at Mon Mar  9 02:25:59 CET 2026



#New# invocation of recon-all 



status file for recon-all
Mon Mar  9 02:30:08 CET 2026
#@# white curv lh Mon Mar  9 02:30:08 CET 2026
#@# white area lh Mon Mar  9 02:30:08 CET 2026
#@# pial curv lh Mon Mar  9 02:30:08 CET 2026
#@# pial area lh Mon Mar  9 02:30:08 CET 2026
#@# thickness lh Mon Mar  9 02:30:08 CET 2026
#@# area and vertex vol lh Mon Mar  9 02:30:08 CET 2026
#@# white curv rh Mon Mar  9 02:30:08 CET 2026
#@# white area rh Mon Mar  9 02:30:08 CET 2026
#@# pial curv rh Mon Mar  9 02:30:08 CET 2026
#@# pial area rh Mon Mar  9 02:30:09 CET 2026
#@# thickness rh Mon Mar  9 02:30:09 CET 2026
#@# area and vertex vol rh Mon Mar  9 02:30:09 CET 2026
#@# Curvature Stats lh Mon Mar  9 02:30:09 CET 2026
#@# Curvature Stats rh Mon Mar  9 02:30:10 CET 2026
#@# Relabel Hypointensities Mon Mar  9 02:30:11 CET 2026
#@# APas-to-ASeg Mon Mar  9 02:30:24 CET 2026
#@# AParc-to-ASeg aparc Mon Mar  9 02:30:29 CET 2026
#@# AParc-to-ASeg aparc.a2009s Mon Mar  9 02:30:44 CET 2026
#@# AParc-to-ASeg aparc.DKTatlas Mon Mar  9 02:30:59 CET 2026
#@# WMParc Mon Mar  9 02:31:16 CET 2026
#@# ASeg Stats Mon Mar  9 02:34:48 CET 2026
recon-all -s sub-v1s16x0051191_ses-1 finished without error at Mon Mar  9 02:35:19 CET 2026
