/out/sourcedata/freesurfer/sub-v1s16x0051182_ses-1/mri
/opt/freesurfer/bin/talairach_avi
--i orig_nu.mgz --xfm transforms/talairach.auto.xfm
talairach_avi 7.3.2
Linux dna010 5.14.0-427.37.1.el9_4.x86_64 #1 SMP PREEMPT_DYNAMIC Fri Sep 13 12:41:50 EDT 2024 x86_64 x86_64 x86_64 GNU/Linux
Sun Mar  8 23:44:42 CET 2026
mri_convert orig_nu.mgz talsrcimg.img 
reading from orig_nu.mgz...
TR=0.00, TE=0.00, TI=0.00, flip angle=0.00
i_ras = (-1, 0, 0)
j_ras = (0, 0, -1)
k_ras = (0, 1, 0)
writing to talsrcimg.img...
Analyze Output Matrix
-1.00000   0.00000   0.00000   129.42621;
 0.00000   0.00000   1.00000  -131.17706;
 0.00000  -1.00000   0.00000   124.15816;
 0.00000   0.00000   0.00000   1.00000;
--------------------
INFO: set hdr.hist.orient to -1
mpr2mni305 talsrcimg
Sun Mar  8 23:44:42 CET 2026
/opt/freesurfer/bin/mpr2mni305 talsrcimg
mpr2mni305 7.3.2
target=711-2C_as_mni_average_305

---------------------------------------------------------------------
analyzeto4dfp talsrcimg -O0 -y
---------------------------------------------------------------------

freesurfer ifh2hdr.c
Sun Mar  8 23:44:42 2026
Writing: talsrcimg.4dfp.hdr
freesurfer analyzeto4dfp.c
Reading: talsrcimg.hdr
header size 348 bytes
hdr.dime.datatype	offset=70	value=2
hdr.dime.bitpix		offset=72	value=8
hdr.hist.orient		offset=252	value=-1
dimensionality     4
dimensions       256       256       256         1
Reading: talsrcimg.img
Writing: talsrcimg.4dfp.img
Writing: talsrcimg.4dfp.ifh
ifh2hdr talsrcimg -r0to232
ori=2

---------------------------------------------------------------------
gauss_4dfp talsrcimg 1.1
---------------------------------------------------------------------

freesurfer gauss_4dfp.c
Reading: talsrcimg.4dfp.img
Writing: talsrcimg_g11.4dfp.img
image dimensions 256 256 256 padded to 288 288 288
processing volume 1freesurfer ifh2hdr.c
Sun Mar  8 23:44:44 2026
Writing: talsrcimg_g11.4dfp.hdr

Writing: talsrcimg_g11.4dfp.ifh
including: talsrcimg.4dfp.img.rec in talsrcimg_g11.4dfp.img.rec

---------------------------------------------------------------------
imgreg_4dfp /opt/freesurfer/average/711-2C_as_mni_average_305 none talsrcimg_g11 none talsrcimg_to_711-2C_as_mni_average_305_t4 4355
---------------------------------------------------------------------

freesurfer imgreg_4dfp.c
/opt/freesurfer/average/711-2C_as_mni_average_305.4dfp.img
       256       256       256         1
  1.000000  1.000000  1.000000
orientation T byte_order littleendian
Reading image: /opt/freesurfer/average/711-2C_as_mni_average_305.4dfp.img
dimensions:      256       256       256
mmppix:       1.0000   -1.0000   -1.0000
center:     128.0000 -129.0000 -129.0000
talsrcimg_g11.4dfp.img
       256       256       256         1
  1.000000  1.000000  1.000000
orientation T byte_order littleendian
Reading image: talsrcimg_g11.4dfp.img
dimensions:      256       256       256
mmppix:       1.0000   -1.0000   -1.0000
center:     128.0000 -129.0000 -129.0000
t4_read: open error in t4_sub.f l:  41 t4_file(1:l)talsrcimg_to_711-2C_as_mni_average_305_t4 
t4_read: transform initialized to I4
rotation matrix determinant  1.000000
image alignment mode   4355 decimal     1103 hex
   -7.5000  -45.0000  -45.0000 7219.3867   33.2487
    0.0000  -45.0000  -45.0000 7457.8340   33.3008
    7.5000  -45.0000  -45.0000 7088.8604   33.3179
   -7.5000  -37.5000  -45.0000 7698.2500   33.2368
    0.0000  -37.5000  -45.0000 7956.0537   33.2719
    7.5000  -37.5000  -45.0000 7558.7808   33.2974
   -7.5000  -30.0000  -45.0000 8432.9531   33.3095
    0.0000  -30.0000  -45.0000 8687.8213   33.3314
    7.5000  -30.0000  -45.0000 8223.6113   33.3414
   -7.5000  -22.5000  -45.0000 9070.0957   33.3928
    0.0000  -22.5000  -45.0000 9297.0439   33.4184
    7.5000  -22.5000  -45.0000 8799.0713   33.4053
   -7.5000  -15.0000  -45.0000 9639.4619   33.4106
    0.0000  -15.0000  -45.0000 9855.5732   33.4514
    7.5000  -15.0000  -45.0000 9330.4912   33.4276
   -7.5000   -7.5000  -45.000010235.0186   33.3385
    0.0000   -7.5000  -45.000010472.7686   33.3929
    7.5000   -7.5000  -45.0000 9892.8516   33.3835
   -7.5000    0.0000  -45.000010611.2900   33.2481
    0.0000    0.0000  -45.000010960.2705   33.3003
    7.5000    0.0000  -45.000010354.5078   33.3173
   -7.5000    7.5000  -45.000010318.4395   33.2368
    0.0000    7.5000  -45.000010661.2646   33.2719
    7.5000    7.5000  -45.000010121.9365   33.2974
   -7.5000   15.0000  -45.0000 9836.3652   33.3095
    0.0000   15.0000  -45.000010152.3398   33.3314
    7.5000   15.0000  -45.0000 9657.1699   33.3414
   -7.5000   22.5000  -45.0000 9249.3984   33.3882
    0.0000   22.5000  -45.0000 9516.3447   33.4138
    7.5000   22.5000  -45.0000 9040.4551   33.4007
   -7.5000   30.0000  -45.0000 8495.6660   32.9654
    0.0000   30.0000  -45.0000 8718.2422   33.0056
    7.5000   30.0000  -45.0000 8281.3545   32.9822
   -7.5000   37.5000  -45.0000 8011.7598   32.8942
    0.0000   37.5000  -45.0000 8200.9141   32.9479
    7.5000   37.5000  -45.0000 7752.7783   32.9386
   -7.5000   45.0000  -45.0000 7341.5327   31.9721
    0.0000   45.0000  -45.0000 7511.2700   32.0222
    7.5000   45.0000  -45.0000 7073.9043   32.0386
   -7.5000  -45.0000  -37.5000 7767.5088   33.2800
    0.0000  -45.0000  -37.5000 8002.9058   33.3364
    7.5000  -45.0000  -37.5000 7612.2954   33.3941
   -7.5000  -37.5000  -37.5000 8274.4375   33.2669
    0.0000  -37.5000  -37.5000 8508.2129   33.3116
    7.5000  -37.5000  -37.5000 8108.7861   33.3870
   -7.5000  -30.0000  -37.5000 9054.4131   33.3341
    0.0000  -30.0000  -37.5000 9307.5635   33.3730
    7.5000  -30.0000  -37.5000 8833.3848   33.4261
   -7.5000  -22.5000  -37.5000 9746.9307   33.4130
    0.0000  -22.5000  -37.5000 9990.0625   33.4586
    7.5000  -22.5000  -37.5000 9455.7109   33.4708
   -7.5000  -15.0000  -37.500010281.4854   33.4319
    0.0000  -15.0000  -37.500010537.9355   33.4892
    7.5000  -15.0000  -37.5000 9975.5889   33.4824
   -7.5000   -7.5000  -37.500010819.4229   33.3655
    0.0000   -7.5000  -37.500011119.7979   33.4279
    7.5000   -7.5000  -37.500010516.8223   33.4442
   -7.5000    0.0000  -37.500011226.6943   33.2793
    0.0000    0.0000  -37.500011567.0225   33.3358
    7.5000    0.0000  -37.500010996.3408   33.3935
   -7.5000    7.5000  -37.500010924.8848   33.2669
    0.0000    7.5000  -37.500011261.4404   33.3116
    7.5000    7.5000  -37.500010702.3721   33.3870
   -7.5000   15.0000  -37.500010455.3652   33.3341
    0.0000   15.0000  -37.500010758.1836   33.3730
    7.5000   15.0000  -37.500010219.7236   33.4261
   -7.5000   22.5000  -37.5000 9778.3516   33.4084
    0.0000   22.5000  -37.500010045.1152   33.4540
    7.5000   22.5000  -37.5000 9519.8418   33.4662
   -7.5000   30.0000  -37.5000 8907.8271   32.9863
    0.0000   30.0000  -37.5000 9153.1914   33.0430
    7.5000   30.0000  -37.5000 8704.7393   33.0362
   -7.5000   37.5000  -37.5000 8394.6641   32.9209
    0.0000   37.5000  -37.5000 8605.6357   32.9824
    7.5000   37.5000  -37.5000 8150.9287   32.9986
   -7.5000   45.0000  -37.5000 7644.3682   32.0021
    0.0000   45.0000  -37.5000 7841.1851   32.0564
    7.5000   45.0000  -37.5000 7434.6699   32.1119
   -7.5000  -45.0000  -30.0000 8470.9355   34.7427
    0.0000  -45.0000  -30.0000 8706.1895   34.7668
    7.5000  -45.0000  -30.0000 8233.8301   34.8229
   -7.5000  -37.5000  -30.0000 8998.5059   34.7457
    0.0000  -37.5000  -30.0000 9240.1221   34.7662
    7.5000  -37.5000  -30.0000 8746.4141   34.8390
   -7.5000  -30.0000  -30.0000 9804.0176   34.7774
    0.0000  -30.0000  -30.000010063.8203   34.7990
    7.5000  -30.0000  -30.0000 9501.8936   34.8578
   -7.5000  -22.5000  -30.000010505.0430   34.7998
    0.0000  -22.5000  -30.000010787.0830   34.8277
    7.5000  -22.5000  -30.000010154.6455   34.8537
   -7.5000  -15.0000  -30.000011159.5322   34.7968
    0.0000  -15.0000  -30.000011405.4160   34.8303
    7.5000  -15.0000  -30.000010738.4326   34.8402
   -7.5000   -7.5000  -30.000011691.1299   34.7706
    0.0000   -7.5000  -30.000011995.8438   34.8018
    7.5000   -7.5000  -30.000011344.7539   34.8274
   -7.5000    0.0000  -30.000012162.5781   34.7421
    0.0000    0.0000  -30.000012485.5420   34.7663
    7.5000    0.0000  -30.000011825.0420   34.8223
   -7.5000    7.5000  -30.000011766.7285   34.7457
    0.0000    7.5000  -30.000012114.1670   34.7662
    7.5000    7.5000  -30.000011455.0078   34.8390
   -7.5000   15.0000  -30.000011216.8457   34.7774
    0.0000   15.0000  -30.000011528.1582   34.7990
    7.5000   15.0000  -30.000010911.4434   34.8578
   -7.5000   22.5000  -30.000010458.6074   34.7915
    0.0000   22.5000  -30.000010731.2822   34.8193
    7.5000   22.5000  -30.000010159.6846   34.8453
   -7.5000   30.0000  -30.0000 9470.6621   34.3363
    0.0000   30.0000  -30.0000 9734.5176   34.3694
    7.5000   30.0000  -30.0000 9267.8721   34.3791
   -7.5000   37.5000  -30.0000 8949.3203   34.3105
    0.0000   37.5000  -30.0000 9210.7275   34.3413
    7.5000   37.5000  -30.0000 8689.7891   34.3665
   -7.5000   45.0000  -30.0000 8105.8208   33.4332
    0.0000   45.0000  -30.0000 8330.7637   33.4565
    7.5000   45.0000  -30.0000 7877.2734   33.5104
   -7.5000  -45.0000  -22.5000 9223.0947   35.9511
    0.0000  -45.0000  -22.5000 9459.9092   35.9347
    7.5000  -45.0000  -22.5000 8921.0352   35.9369
   -7.5000  -37.5000  -22.5000 9786.1152   35.9771
    0.0000  -37.5000  -22.500010024.6787   35.9588
    7.5000  -37.5000  -22.5000 9441.6025   35.9655
   -7.5000  -30.0000  -22.500010586.0088   35.9782
    0.0000  -30.0000  -22.500010872.0537   35.9587
    7.5000  -30.0000  -22.500010227.4473   35.9676
   -7.5000  -22.5000  -22.500011308.5811   35.9416
    0.0000  -22.5000  -22.500011624.4424   35.9226
    7.5000  -22.5000  -22.500010915.3848   35.9305
   -7.5000  -15.0000  -22.500012042.3770   35.9085
    0.0000  -15.0000  -22.500012324.8877   35.8926
    7.5000  -15.0000  -22.500011542.4414   35.8988
   -7.5000   -7.5000  -22.500012703.8135   35.9184
    0.0000   -7.5000  -22.500013000.1650   35.9039
    7.5000   -7.5000  -22.500012195.2822   35.9068
   -7.5000    0.0000  -22.500013201.6230   35.9505
    0.0000    0.0000  -22.500013499.5439   35.9341
    7.5000    0.0000  -22.500012691.9229   35.9363
   -7.5000    7.5000  -22.500012703.7168   35.9771
    0.0000    7.5000  -22.500013009.9600   35.9588
    7.5000    7.5000  -22.500012261.9775   35.9655
   -7.5000   15.0000  -22.500012028.7988   35.9782
    0.0000   15.0000  -22.500012351.0869   35.9587
    7.5000   15.0000  -22.500011649.2959   35.9676
   -7.5000   22.5000  -22.500011190.6426   35.9306
    0.0000   22.5000  -22.500011470.0938   35.9115
    7.5000   22.5000  -22.500010846.1162   35.9194
   -7.5000   30.0000  -22.500010144.5547   35.4388
    0.0000   30.0000  -22.500010407.1973   35.4231
    7.5000   30.0000  -22.5000 9863.1523   35.4292
   -7.5000   37.5000  -22.5000 9581.4424   35.4486
    0.0000   37.5000  -22.5000 9817.0596   35.4343
    7.5000   37.5000  -22.5000 9246.8154   35.4371
   -7.5000   45.0000  -22.5000 8617.9453   34.6221
    0.0000   45.0000  -22.5000 8843.0332   34.6063
    7.5000   45.0000  -22.5000 8366.6807   34.6084
   -7.5000  -45.0000  -15.0000 9971.5391   36.7642
    0.0000  -45.0000  -15.000010196.8818   36.7373
    7.5000  -45.0000  -15.0000 9597.2061   36.6906
   -7.5000  -37.5000  -15.000010562.1631   36.7947
    0.0000  -37.5000  -15.000010762.3467   36.7622
    7.5000  -37.5000  -15.000010115.4463   36.7091
   -7.5000  -30.0000  -15.000011436.3154   36.8002
    0.0000  -30.0000  -15.000011669.0400   36.7590
    7.5000  -30.0000  -15.000010944.7871   36.7170
   -7.5000  -22.5000  -15.000012242.8145   36.7634
    0.0000  -22.5000  -15.000012507.2021   36.7180
    7.5000  -22.5000  -15.000011710.8232   36.6972
   -7.5000  -15.0000  -15.000012944.0625   36.7245
    0.0000  -15.0000  -15.000013214.2998   36.6842
    7.5000  -15.0000  -15.000012358.8828   36.6726
   -7.5000   -7.5000  -15.000013606.4453   36.7299
    0.0000   -7.5000  -15.000013907.9561   36.6996
    7.5000   -7.5000  -15.000012976.2197   36.6733
   -7.5000    0.0000  -15.000014151.9561   36.7635
    0.0000    0.0000  -15.000014445.9131   36.7366
    7.5000    0.0000  -15.000013540.9971   36.6900
   -7.5000    7.5000  -15.000013649.2100   36.7947
    0.0000    7.5000  -15.000013901.2852   36.7622
    7.5000    7.5000  -15.000013044.1875   36.7091
   -7.5000   15.0000  -15.000012921.2988   36.8002
    0.0000   15.0000  -15.000013154.5830   36.7590
    7.5000   15.0000  -15.000012350.1514   36.7170
   -7.5000   22.5000  -15.000011990.2422   36.7504
    0.0000   22.5000  -15.000012271.9619   36.7050
    7.5000   22.5000  -15.000011538.0850   36.6842
   -7.5000   30.0000  -15.000010810.7051   36.2492
    0.0000   30.0000  -15.000011088.5049   36.2094
    7.5000   30.0000  -15.000010459.1484   36.1980
   -7.5000   37.5000  -15.000010149.8926   36.2546
    0.0000   37.5000  -15.000010390.0596   36.2247
    7.5000   37.5000  -15.0000 9801.7725   36.1987
   -7.5000   45.0000  -15.0000 9140.1602   35.4265
    0.0000   45.0000  -15.0000 9354.3672   35.4006
    7.5000   45.0000  -15.0000 8856.3936   35.3556
   -7.5000  -45.0000   -7.500010702.6689   37.1249
    0.0000  -45.0000   -7.500010948.6758   37.1359
    7.5000  -45.0000   -7.500010287.2998   37.1012
   -7.5000  -37.5000   -7.500011331.6299   37.1343
    0.0000  -37.5000   -7.500011571.9590   37.1313
    7.5000  -37.5000   -7.500010861.6279   37.0931
   -7.5000  -30.0000   -7.500012415.7842   37.1802
    0.0000  -30.0000   -7.500012629.6875   37.1629
    7.5000  -30.0000   -7.500011740.7285   37.1254
   -7.5000  -22.5000   -7.500013307.2920   37.2108
    0.0000  -22.5000   -7.500013492.9111   37.1918
    7.5000  -22.5000   -7.500012522.5361   37.1619
   -7.5000  -15.0000   -7.500013916.2461   37.2006
    0.0000  -15.0000   -7.500014150.5479   37.1933
    7.5000  -15.0000   -7.500013180.3906   37.1665
   -7.5000   -7.5000   -7.500014588.6680   37.1600
    0.0000   -7.5000   -7.500014821.9082   37.1683
    7.5000   -7.5000   -7.500013845.4336   37.1374
   -7.5000    0.0000   -7.500015185.2900   37.1242
    0.0000    0.0000   -7.500015442.0781   37.1352
    7.5000    0.0000   -7.500014449.4033   37.1006
   -7.5000    7.5000   -7.500014686.3115   37.1343
    0.0000    7.5000   -7.500014906.5039   37.1313
    7.5000    7.5000   -7.500013938.4375   37.0931
   -7.5000   15.0000   -7.500013842.2188   37.1802
    0.0000   15.0000   -7.500014021.3828   37.1629
    7.5000   15.0000   -7.500013135.7158   37.1254
   -7.5000   22.5000   -7.500012837.4824   37.1936
    0.0000   22.5000   -7.500013080.8916   37.1746
    7.5000   22.5000   -7.500012236.2119   37.1447
   -7.5000   30.0000   -7.500011556.1455   36.7181
    0.0000   30.0000   -7.500011838.9248   36.7110
    7.5000   30.0000   -7.500011119.6895   36.6845
   -7.5000   37.5000   -7.500010762.4375   36.6781
    0.0000   37.5000   -7.500011031.1914   36.6863
    7.5000   37.5000   -7.500010393.6621   36.6558
   -7.5000   45.0000   -7.5000 9632.5020   35.7808
    0.0000   45.0000   -7.5000 9866.5771   35.7914
    7.5000   45.0000   -7.5000 9344.9365   35.7579
   -7.5000  -45.0000    0.000011291.6396   37.1847
    0.0000  -45.0000    0.000011603.4141   37.2429
    7.5000  -45.0000    0.000010853.0020   37.2619
   -7.5000  -37.5000    0.000012197.1230   37.1721
    0.0000  -37.5000    0.000012484.2754   37.2113
    7.5000  -37.5000    0.000011576.7031   37.2396
   -7.5000  -30.0000    0.000013512.9170   37.2549
    0.0000  -30.0000    0.000013673.0029   37.2794
    7.5000  -30.0000    0.000012517.4248   37.2901
   -7.5000  -22.5000    0.000014103.1514   37.3489
    0.0000  -22.5000    0.000014319.0674   37.3774
    7.5000  -22.5000    0.000013255.6777   37.3622
   -7.5000  -15.0000    0.000014633.8945   37.3683
    0.0000  -15.0000    0.000014891.5439   37.4137
    7.5000  -15.0000    0.000013952.2178   37.3867
   -7.5000   -7.5000    0.000015408.6309   37.2860
    0.0000   -7.5000    0.000015611.3174   37.3467
    7.5000   -7.5000    0.000014617.1719   37.3361
   -7.5000    0.0000    0.000016058.8809   37.1841
    0.0000    0.0000    0.000016277.2393   37.2423
    7.5000    0.0000    0.000015260.5732   37.2612
   -7.5000    7.5000    0.000015534.6650   37.1721
    0.0000    7.5000    0.000015735.3789   37.2113
    7.5000    7.5000    0.000014744.1992   37.2396
   -7.5000   15.0000    0.000014604.4404   37.2549
    0.0000   15.0000    0.000014811.7109   37.2794
    7.5000   15.0000    0.000013842.2471   37.2901
   -7.5000   22.5000    0.000013474.3906   37.3317
    0.0000   22.5000    0.000013731.8066   37.3602
    7.5000   22.5000    0.000012804.7256   37.3450
   -7.5000   30.0000    0.000012164.5127   36.8847
    0.0000   30.0000    0.000012402.0342   36.9295
    7.5000   30.0000    0.000011648.6455   36.9029
   -7.5000   37.5000    0.000011346.2168   36.8035
    0.0000   37.5000    0.000011617.8652   36.8634
    7.5000   37.5000    0.000010897.1680   36.8529
   -7.5000   45.0000    0.000010131.5938   35.8411
    0.0000   45.0000    0.000010375.0850   35.8973
    7.5000   45.0000    0.0000 9796.5488   35.9156
   -7.5000  -45.0000    7.500011115.6211   37.2412
    0.0000  -45.0000    7.500011429.6836   37.3043
    7.5000  -45.0000    7.500010624.8760   37.3689
   -7.5000  -37.5000    7.500012113.7861   37.2266
    0.0000  -37.5000    7.500012405.4004   37.2766
    7.5000  -37.5000    7.500011319.4355   37.3610
   -7.5000  -30.0000    7.500013050.6865   37.3018
    0.0000  -30.0000    7.500013399.4873   37.3453
    7.5000  -30.0000    7.500012295.4902   37.4047
   -7.5000  -22.5000    7.500013287.2559   37.3900
    0.0000  -22.5000    7.500013689.2920   37.4410
    7.5000  -22.5000    7.500012984.8252   37.4547
   -7.5000  -15.0000    7.500013827.3525   37.4111
    0.0000  -15.0000    7.500014255.5361   37.4754
    7.5000  -15.0000    7.500013557.5264   37.4677
   -7.5000   -7.5000    7.500014758.6572   37.3369
    0.0000   -7.5000    7.500015081.0146   37.4067
    7.5000   -7.5000    7.500014186.6357   37.4250
   -7.5000    0.0000    7.500015485.7041   37.2405
    0.0000    0.0000    7.500015785.6895   37.3037
    7.5000    0.0000    7.500014818.2646   37.3683
   -7.5000    7.5000    7.500014969.3184   37.2266
    0.0000    7.5000    7.500015263.9922   37.2766
    7.5000    7.5000    7.500014300.4717   37.3610
   -7.5000   15.0000    7.500014110.4521   37.3018
    0.0000   15.0000    7.500014384.4609   37.3453
    7.5000   15.0000    7.500013434.7432   37.4047
   -7.5000   22.5000    7.500013010.0869   37.3728
    0.0000   22.5000    7.500013278.4727   37.4238
    7.5000   22.5000    7.500012421.6035   37.4374
   -7.5000   30.0000    7.500011839.9873   36.9270
    0.0000   30.0000    7.500012057.0439   36.9904
    7.5000   30.0000    7.500011320.6357   36.9828
   -7.5000   37.5000    7.500011116.6680   36.8537
    0.0000   37.5000    7.500011327.6914   36.9226
    7.5000   37.5000    7.500010671.8398   36.9407
   -7.5000   45.0000    7.5000 9948.8555   35.8955
    0.0000   45.0000    7.500010105.7217   35.9564
    7.5000   45.0000    7.5000 9566.5518   36.0187
   -7.5000  -45.0000   15.000010732.1631   37.3079
    0.0000  -45.0000   15.000010987.1475   37.3339
    7.5000  -45.0000   15.000010270.8408   37.3941
   -7.5000  -37.5000   15.000011463.7461   37.3111
    0.0000  -37.5000   15.000011821.6465   37.3331
    7.5000  -37.5000   15.000010907.9531   37.4114
   -7.5000  -30.0000   15.000012378.2559   37.3452
    0.0000  -30.0000   15.000012844.1045   37.3684
    7.5000  -30.0000   15.000011822.7139   37.4315
   -7.5000  -22.5000   15.000012738.5146   37.3693
    0.0000  -22.5000   15.000013306.3242   37.3992
    7.5000  -22.5000   15.000012589.6787   37.4271
   -7.5000  -15.0000   15.000013296.6738   37.3660
    0.0000  -15.0000   15.000013845.5938   37.4020
    7.5000  -15.0000   15.000013149.8066   37.4126
   -7.5000   -7.5000   15.000014194.4971   37.3379
    0.0000   -7.5000   15.000014619.2490   37.3714
    7.5000   -7.5000   15.000013773.7939   37.3989
   -7.5000    0.0000   15.000015014.1465   37.3073
    0.0000    0.0000   15.000015292.1250   37.3332
    7.5000    0.0000   15.000014360.0479   37.3935
   -7.5000    7.5000   15.000014581.9238   37.3111
    0.0000    7.5000   15.000014793.7686   37.3331
    7.5000    7.5000   15.000013860.9971   37.4114
   -7.5000   15.0000   15.000013726.0303   37.3452
    0.0000   15.0000   15.000013890.1826   37.3684
    7.5000   15.0000   15.000012984.9365   37.4315
   -7.5000   22.5000   15.000012617.2822   37.3521
    0.0000   22.5000   15.000012814.2148   37.3820
    7.5000   22.5000   15.000011922.4346   37.4099
   -7.5000   30.0000   15.000011409.0146   36.8824
    0.0000   30.0000   15.000011603.8994   36.9179
    7.5000   30.0000   15.000010816.3174   36.9284
   -7.5000   37.5000   15.000010723.0244   36.8547
    0.0000   37.5000   15.000010914.7109   36.8878
    7.5000   37.5000   15.000010208.7441   36.9148
   -7.5000   45.0000   15.0000 9657.7148   35.9599
    0.0000   45.0000   15.0000 9815.1953   35.9849
    7.5000   45.0000   15.0000 9230.6152   36.0430
   -7.5000  -45.0000   22.500010122.8350   37.3201
    0.0000  -45.0000   22.500010479.1816   37.3031
    7.5000  -45.0000   22.5000 9772.4014   37.3053
   -7.5000  -37.5000   22.500010729.0469   37.3471
    0.0000  -37.5000   22.500011206.4707   37.3281
    7.5000  -37.5000   22.500010381.1699   37.3350
   -7.5000  -30.0000   22.500011610.5547   37.3482
    0.0000  -30.0000   22.500012141.6006   37.3280
    7.5000  -30.0000   22.500011221.6367   37.3373
   -7.5000  -22.5000   22.500012420.1543   37.3103
    0.0000  -22.5000   22.500012918.7021   37.2905
    7.5000  -22.5000   22.500011988.9531   37.2987
   -7.5000  -15.0000   22.500013211.6973   37.2759
    0.0000  -15.0000   22.500013612.5713   37.2594
    7.5000  -15.0000   22.500012649.0723   37.2658
   -7.5000   -7.5000   22.500013993.8438   37.2862
    0.0000   -7.5000   22.500014253.8428   37.2711
    7.5000   -7.5000   22.500013206.0352   37.2741
   -7.5000    0.0000   22.500014678.3340   37.3195
    0.0000    0.0000   22.500014832.6758   37.3025
    7.5000    0.0000   22.500013732.8350   37.3047
   -7.5000    7.5000   22.500014144.4209   37.3471
    0.0000    7.5000   22.500014285.1953   37.3281
    7.5000    7.5000   22.500013264.7568   37.3350
   -7.5000   15.0000   22.500013180.7275   37.3482
    0.0000   15.0000   22.500013346.6240   37.3280
    7.5000   15.0000   22.500012417.7910   37.3373
   -7.5000   22.5000   22.500012106.4326   37.2931
    0.0000   22.5000   22.500012299.1777   37.2733
    7.5000   22.5000   22.500011453.2842   37.2815
   -7.5000   30.0000   22.500010891.4053   36.7935
    0.0000   30.0000   22.500011111.4346   36.7772
    7.5000   30.0000   22.500010378.3105   36.7835
   -7.5000   37.5000   22.500010232.6885   36.8037
    0.0000   37.5000   22.500010470.5000   36.7888
    7.5000   37.5000   22.5000 9758.4434   36.7917
   -7.5000   45.0000   22.5000 9197.3135   35.9717
    0.0000   45.0000   22.5000 9408.5713   35.9553
    7.5000   45.0000   22.5000 8815.8145   35.9574
   -7.5000  -45.0000   30.0000 9486.7734   37.2688
    0.0000  -45.0000   30.0000 9762.3535   37.2414
    7.5000  -45.0000   30.0000 9137.9512   37.1942
   -7.5000  -37.5000   30.000010108.2402   37.2997
    0.0000  -37.5000   30.000010386.5117   37.2667
    7.5000  -37.5000   30.0000 9687.4980   37.2128
   -7.5000  -30.0000   30.000011009.4287   37.3053
    0.0000  -30.0000   30.000011316.8867   37.2635
    7.5000  -30.0000   30.000010533.6875   37.2209
   -7.5000  -22.5000   30.000011838.5244   37.2680
    0.0000  -22.5000   30.000012150.5322   37.2219
    7.5000  -22.5000   30.000011309.7227   37.2009
   -7.5000  -15.0000   30.000012554.2002   37.2285
    0.0000  -15.0000   30.000012864.3438   37.1876
    7.5000  -15.0000   30.000011931.7236   37.1759
   -7.5000   -7.5000   30.000013203.6367   37.2340
    0.0000   -7.5000   30.000013512.3105   37.2033
    7.5000   -7.5000   30.000012485.8633   37.1766
   -7.5000    0.0000   30.000013707.4873   37.2681
    0.0000    0.0000   30.000013996.3994   37.2408
    7.5000    0.0000   30.000012954.5176   37.1935
   -7.5000    7.5000   30.000013204.4727   37.2997
    0.0000    7.5000   30.000013459.4297   37.2667
    7.5000    7.5000   30.000012506.6924   37.2128
   -7.5000   15.0000   30.000012360.7090   37.3053
    0.0000   15.0000   30.000012597.2959   37.2635
    7.5000   15.0000   30.000011727.8838   37.2209
   -7.5000   22.5000   30.000011325.9785   37.2508
    0.0000   22.5000   30.000011582.8672   37.2048
    7.5000   22.5000   30.000010809.3906   37.1837
   -7.5000   30.0000   30.000010186.2910   36.7467
    0.0000   30.0000   30.000010431.2041   36.7063
    7.5000   30.0000   30.0000 9786.7881   36.6947
   -7.5000   37.5000   30.0000 9592.6787   36.7521
    0.0000   37.5000   30.0000 9834.4033   36.7218
    7.5000   37.5000   30.0000 9237.3936   36.6955
   -7.5000   45.0000   30.0000 8596.5176   35.9221
    0.0000   45.0000   30.0000 8815.1445   35.8958
    7.5000   45.0000   30.0000 8283.6338   35.8503
   -7.5000  -45.0000   37.5000 9120.5918   37.2840
    0.0000  -45.0000   37.5000 9406.7246   37.2957
    7.5000  -45.0000   37.5000 8814.7881   37.2617
   -7.5000  -37.5000   37.5000 9663.4795   37.2924
    0.0000  -37.5000   37.5000 9971.3076   37.2897
    7.5000  -37.5000   37.5000 9348.2520   37.2521
   -7.5000  -30.0000   37.500010471.1865   37.3388
    0.0000  -30.0000   37.500010841.9941   37.3213
    7.5000  -30.0000   37.500010195.8369   37.2843
   -7.5000  -22.5000   37.500011192.1104   37.3709
    0.0000  -22.5000   37.500011590.2178   37.3519
    7.5000  -22.5000   37.500010912.8379   37.3225
   -7.5000  -15.0000   37.500011868.0674   37.3617
    0.0000  -15.0000   37.500012272.3975   37.3550
    7.5000  -15.0000   37.500011528.5459   37.3289
   -7.5000   -7.5000   37.500012439.0508   37.3205
    0.0000   -7.5000   37.500012862.5869   37.3297
    7.5000   -7.5000   37.500012036.2031   37.2996
   -7.5000    0.0000   37.500012936.7842   37.2833
    0.0000    0.0000   37.500013334.9531   37.2951
    7.5000    0.0000   37.500012497.0039   37.2611
   -7.5000    7.5000   37.500012528.9258   37.2924
    0.0000    7.5000   37.500012892.3350   37.2897
    7.5000    7.5000   37.500012087.5840   37.2521
   -7.5000   15.0000   37.500011822.0830   37.3388
    0.0000   15.0000   37.500012139.7832   37.3213
    7.5000   15.0000   37.500011337.6836   37.2843
   -7.5000   22.5000   37.500010894.5850   37.3537
    0.0000   22.5000   37.500011181.0215   37.3347
    7.5000   22.5000   37.500010448.0830   37.3053
   -7.5000   30.0000   37.5000 9874.2969   36.8781
    0.0000   30.0000   37.500010128.0498   36.8716
    7.5000   30.0000   37.5000 9480.1152   36.8458
   -7.5000   37.5000   37.5000 9275.3252   36.8375
    0.0000   37.5000   37.5000 9528.0293   36.8466
    7.5000   37.5000   37.5000 8954.3174   36.8168
   -7.5000   45.0000   37.5000 8274.0615   35.9368
    0.0000   45.0000   37.5000 8535.8916   35.9481
    7.5000   45.0000   37.5000 8052.3931   35.9154
   -7.5000  -45.0000   45.0000 8233.8838   37.2982
    0.0000  -45.0000   45.0000 8502.6553   37.3563
    7.5000  -45.0000   45.0000 8040.0391   37.3744
   -7.5000  -37.5000   45.0000 8674.0967   37.2837
    0.0000  -37.5000   45.0000 8975.9707   37.3222
    7.5000  -37.5000   45.0000 8525.1699   37.3495
   -7.5000  -30.0000   45.0000 9407.6963   37.3675
    0.0000  -30.0000   45.0000 9765.0967   37.3915
    7.5000  -30.0000   45.0000 9269.6016   37.4011
   -7.5000  -22.5000   45.000010083.3438   37.4648
    0.0000  -22.5000   45.000010477.1729   37.4939
    7.5000  -22.5000   45.0000 9924.7168   37.4775
   -7.5000  -15.0000   45.000010702.0400   37.4863
    0.0000  -15.0000   45.000011102.2012   37.5331
    7.5000  -15.0000   45.000010497.1914   37.5052
   -7.5000   -7.5000   45.000011204.9492   37.4026
    0.0000   -7.5000   45.000011618.6709   37.4643
    7.5000   -7.5000   45.000010978.2588   37.4529
   -7.5000    0.0000   45.000011655.6982   37.2975
    0.0000    0.0000   45.000012032.5771   37.3557
    7.5000    0.0000   45.000011386.0166   37.3738
   -7.5000    7.5000   45.000011355.1309   37.2837
    0.0000    7.5000   45.000011710.4727   37.3222
    7.5000    7.5000   45.000011051.5742   37.3495
   -7.5000   15.0000   45.000010739.1270   37.3675
    0.0000   15.0000   45.000011067.8535   37.3915
    7.5000   15.0000   45.000010428.7090   37.4011
   -7.5000   22.5000   45.0000 9914.3916   37.4474
    0.0000   22.5000   45.000010216.2598   37.4766
    7.5000   22.5000   45.0000 9631.0400   37.4601
   -7.5000   30.0000   45.0000 9002.1416   36.9979
    0.0000   30.0000   45.0000 9284.3799   37.0442
    7.5000   30.0000   45.0000 8748.3789   37.0166
   -7.5000   37.5000   45.0000 8470.0654   36.9154
    0.0000   37.5000   45.0000 8724.3740   36.9763
    7.5000   37.5000   45.0000 8231.5576   36.9650
   -7.5000   45.0000   45.0000 7577.0845   35.9668
    0.0000   45.0000   45.0000 7795.9414   36.0229
    7.5000   45.0000   45.0000 7370.0005   36.0404

---------------------------------------------------------------------
imgreg_4dfp /opt/freesurfer/average/711-2C_as_mni_average_305 /opt/freesurfer/average/711-2B_as_mni_average_305_mask talsrcimg_g11 none talsrcimg_to_711-2C_as_mni_average_305_t4 4355
---------------------------------------------------------------------

freesurfer imgreg_4dfp.c
/opt/freesurfer/average/711-2C_as_mni_average_305.4dfp.img
       256       256       256         1
  1.000000  1.000000  1.000000
orientation T byte_order littleendian
Reading image: /opt/freesurfer/average/711-2C_as_mni_average_305.4dfp.img
dimensions:      256       256       256
mmppix:       1.0000   -1.0000   -1.0000
center:     128.0000 -129.0000 -129.0000
/opt/freesurfer/average/711-2B_as_mni_average_305_mask.4dfp.img
       256       256       256         1
  1.000000  1.000000  1.000000
orientation T byte_order littleendian
Reading mask: /opt/freesurfer/average/711-2B_as_mni_average_305_mask.4dfp.img (2306576 pixels)
talsrcimg_g11.4dfp.img
       256       256       256         1
  1.000000  1.000000  1.000000
orientation T byte_order littleendian
Reading image: talsrcimg_g11.4dfp.img
dimensions:      256       256       256
mmppix:       1.0000   -1.0000   -1.0000
center:     128.0000 -129.0000 -129.0000
rotation matrix determinant  1.000000
image alignment mode   4355 decimal     1103 hex
   -7.5000  -45.0000  -45.0000 1942.8462   37.8930
    0.0000  -45.0000  -45.0000 1944.3540   38.0803
    7.5000  -45.0000  -45.0000 1922.6680   38.8980
   -7.5000  -37.5000  -45.0000 2027.9398   35.0337
    0.0000  -37.5000  -45.0000 2031.4354   35.0637
    7.5000  -37.5000  -45.0000 1999.3812   35.7226
   -7.5000  -30.0000  -45.0000 2082.4934   32.8100
    0.0000  -30.0000  -45.0000 2082.6462   32.9206
    7.5000  -30.0000  -45.0000 2049.2180   33.6059
   -7.5000  -22.5000  -45.0000 2115.0088   31.3881
    0.0000  -22.5000  -45.0000 2106.6685   31.4736
    7.5000  -22.5000  -45.0000 2075.2178   32.1825
   -7.5000  -15.0000  -45.0000 2127.4182   30.6214
    0.0000  -15.0000  -45.0000 2120.6333   30.7303
    7.5000  -15.0000  -45.0000 2092.6902   31.4835
   -7.5000   -7.5000  -45.0000 2133.4282   30.5153
    0.0000   -7.5000  -45.0000 2132.2400   30.7234
    7.5000   -7.5000  -45.0000 2100.9553   31.6231
   -7.5000    0.0000  -45.0000 2099.4023   31.1662
    0.0000    0.0000  -45.0000 2108.0439   31.3071
    7.5000    0.0000  -45.0000 2075.7639   32.0972
   -7.5000    7.5000  -45.0000 2069.5852   32.1393
    0.0000    7.5000  -45.0000 2074.2468   32.2597
    7.5000    7.5000  -45.0000 2041.2169   33.1142
   -7.5000   15.0000  -45.0000 2008.7654   33.8235
    0.0000   15.0000  -45.0000 2014.6862   33.9845
    7.5000   15.0000  -45.0000 1975.1610   34.8797
   -7.5000   22.5000  -45.0000 1937.3805   36.4190
    0.0000   22.5000  -45.0000 1936.8707   36.6537
    7.5000   22.5000  -45.0000 1895.5752   37.5110
   -7.5000   30.0000  -45.0000 1838.5254   40.1431
    0.0000   30.0000  -45.0000 1840.6884   40.3757
    7.5000   30.0000  -45.0000 1804.8962   41.3610
   -7.5000   37.5000  -45.0000 1720.3835   45.1117
    0.0000   37.5000  -45.0000 1719.1737   45.3930
    7.5000   37.5000  -45.0000 1694.5995   46.3390
   -7.5000   45.0000  -45.0000 1595.6554   51.7397
    0.0000   45.0000  -45.0000 1593.6791   51.9093
    7.5000   45.0000  -45.0000 1568.5049   53.0224
   -7.5000  -45.0000  -37.5000 2040.6584   35.0542
    0.0000  -45.0000  -37.5000 2033.9166   35.1626
    7.5000  -45.0000  -37.5000 2004.3121   35.8531
   -7.5000  -37.5000  -37.5000 2126.1292   32.2799
    0.0000  -37.5000  -37.5000 2119.8328   32.3242
    7.5000  -37.5000  -37.5000 2090.9436   32.9887
   -7.5000  -30.0000  -37.5000 2182.7253   30.2785
    0.0000  -30.0000  -37.5000 2174.3018   30.2626
    7.5000  -30.0000  -37.5000 2147.1440   30.9133
   -7.5000  -22.5000  -37.5000 2217.7209   28.9589
    0.0000  -22.5000  -37.5000 2211.5620   29.0112
    7.5000  -22.5000  -37.5000 2179.6687   29.7035
   -7.5000  -15.0000  -37.5000 2228.4360   28.3479
    0.0000  -15.0000  -37.5000 2224.0896   28.4414
    7.5000  -15.0000  -37.5000 2194.0869   29.1277
   -7.5000   -7.5000  -37.5000 2229.9207   28.0996
    0.0000   -7.5000  -37.5000 2229.3325   28.2314
    7.5000   -7.5000  -37.5000 2200.9768   28.9578
   -7.5000    0.0000  -37.5000 2199.4880   28.4511
    0.0000    0.0000  -37.5000 2201.4719   28.5494
    7.5000    0.0000  -37.5000 2170.1450   29.2868
   -7.5000    7.5000  -37.5000 2173.0178   29.4421
    0.0000    7.5000  -37.5000 2170.0220   29.4636
    7.5000    7.5000  -37.5000 2133.1379   30.2629
   -7.5000   15.0000  -37.5000 2107.4805   31.1150
    0.0000   15.0000  -37.5000 2108.6562   31.2082
    7.5000   15.0000  -37.5000 2069.5752   32.0393
   -7.5000   22.5000  -37.5000 2026.7573   33.4941
    0.0000   22.5000  -37.5000 2026.3169   33.6227
    7.5000   22.5000  -37.5000 1984.8877   34.5406
   -7.5000   30.0000  -37.5000 1921.3022   36.8614
    0.0000   30.0000  -37.5000 1924.8816   36.9966
    7.5000   30.0000  -37.5000 1884.0532   37.9897
   -7.5000   37.5000  -37.5000 1806.0193   41.5208
    0.0000   37.5000  -37.5000 1804.6588   41.7396
    7.5000   37.5000  -37.5000 1767.7311   42.7231
   -7.5000   45.0000  -37.5000 1662.0197   47.4394
    0.0000   45.0000  -37.5000 1661.2784   47.6065
    7.5000   45.0000  -37.5000 1637.6124   48.7769
   -7.5000  -45.0000  -30.0000 2162.4382   33.4325
    0.0000  -45.0000  -30.0000 2150.2080   33.4415
    7.5000  -45.0000  -30.0000 2114.5698   33.9929
   -7.5000  -37.5000  -30.0000 2254.5903   30.8168
    0.0000  -37.5000  -30.0000 2243.1365   30.7804
    7.5000  -37.5000  -30.0000 2205.1931   31.3209
   -7.5000  -30.0000  -30.0000 2311.2429   28.7667
    0.0000  -30.0000  -30.0000 2293.9573   28.8165
    7.5000  -30.0000  -30.0000 2263.9631   29.4301
   -7.5000  -22.5000  -30.0000 2349.2581   27.3948
    0.0000  -22.5000  -30.0000 2339.3735   27.4610
    7.5000  -22.5000  -30.0000 2300.1743   28.0728
   -7.5000  -15.0000  -30.0000 2380.3701   26.9322
    0.0000  -15.0000  -30.0000 2374.4041   27.0048
    7.5000  -15.0000  -30.0000 2332.0061   27.6215
   -7.5000   -7.5000  -30.0000 2385.3372   26.8656
    0.0000   -7.5000  -30.0000 2385.7861   26.8754
    7.5000   -7.5000  -30.0000 2350.3796   27.5730
   -7.5000    0.0000  -30.0000 2359.9036   27.1710
    0.0000    0.0000  -30.0000 2355.2488   27.1845
    7.5000    0.0000  -30.0000 2320.1467   27.9113
   -7.5000    7.5000  -30.0000 2317.6875   28.1540
    0.0000    7.5000  -30.0000 2315.1135   28.1385
    7.5000    7.5000  -30.0000 2274.4375   28.9152
   -7.5000   15.0000  -30.0000 2246.9614   29.7361
    0.0000   15.0000  -30.0000 2241.6948   29.7588
    7.5000   15.0000  -30.0000 2196.6736   30.5187
   -7.5000   22.5000  -30.0000 2155.8149   32.0812
    0.0000   22.5000  -30.0000 2148.1306   32.1313
    7.5000   22.5000  -30.0000 2100.0356   32.9908
   -7.5000   30.0000  -30.0000 2034.0656   35.3336
    0.0000   30.0000  -30.0000 2030.6033   35.4776
    7.5000   30.0000  -30.0000 1994.0955   36.3624
   -7.5000   37.5000  -30.0000 1914.9150   39.7436
    0.0000   37.5000  -30.0000 1913.9908   39.9791
    7.5000   37.5000  -30.0000 1873.8916   40.9145
   -7.5000   45.0000  -30.0000 1756.9991   45.2985
    0.0000   45.0000  -30.0000 1754.2290   45.4150
    7.5000   45.0000  -30.0000 1733.5968   46.6175
   -7.5000  -45.0000  -22.5000 2268.4478   31.8283
    0.0000  -45.0000  -22.5000 2249.9985   31.6737
    7.5000  -45.0000  -22.5000 2213.0146   32.0748
   -7.5000  -37.5000  -22.5000 2368.9758   29.2264
    0.0000  -37.5000  -22.5000 2354.8613   29.1622
    7.5000  -37.5000  -22.5000 2314.6672   29.5746
   -7.5000  -30.0000  -22.5000 2424.9148   27.2638
    0.0000  -30.0000  -22.5000 2416.6187   27.3516
    7.5000  -30.0000  -22.5000 2384.0793   27.7619
   -7.5000  -22.5000  -22.5000 2453.2983   25.8529
    0.0000  -22.5000  -22.5000 2453.4619   25.8787
    7.5000  -22.5000  -22.5000 2417.2900   26.4172
   -7.5000  -15.0000  -22.5000 2505.2041   25.2462
    0.0000  -15.0000  -22.5000 2491.0056   25.2677
    7.5000  -15.0000  -22.5000 2445.3125   25.8547
   -7.5000   -7.5000  -22.5000 2528.9333   25.2911
    0.0000   -7.5000  -22.5000 2521.4502   25.3387
    7.5000   -7.5000  -22.5000 2473.8318   25.8521
   -7.5000    0.0000  -22.5000 2501.3652   25.7710
    0.0000    0.0000  -22.5000 2489.8416   25.7482
    7.5000    0.0000  -22.5000 2440.0339   26.3520
   -7.5000    7.5000  -22.5000 2450.1587   26.7472
    0.0000    7.5000  -22.5000 2444.0083   26.7506
    7.5000    7.5000  -22.5000 2390.2881   27.3601
   -7.5000   15.0000  -22.5000 2372.3811   28.3747
    0.0000   15.0000  -22.5000 2365.8828   28.3612
    7.5000   15.0000  -22.5000 2311.7585   28.9980
   -7.5000   22.5000  -22.5000 2269.5117   30.5994
    0.0000   22.5000  -22.5000 2260.6670   30.6266
    7.5000   22.5000  -22.5000 2205.9392   31.3829
   -7.5000   30.0000  -22.5000 2125.2312   33.5828
    0.0000   30.0000  -22.5000 2122.3718   33.7254
    7.5000   30.0000  -22.5000 2078.7671   34.3995
   -7.5000   37.5000  -22.5000 1993.2645   37.5171
    0.0000   37.5000  -22.5000 1992.2809   37.7521
    7.5000   37.5000  -22.5000 1949.7174   38.5199
   -7.5000   45.0000  -22.5000 1828.1843   42.7022
    0.0000   45.0000  -22.5000 1830.2167   42.9265
    7.5000   45.0000  -22.5000 1800.7816   43.8409
   -7.5000  -45.0000  -15.0000 2343.1592   30.3478
    0.0000  -45.0000  -15.0000 2323.0930   30.1774
    7.5000  -45.0000  -15.0000 2283.3105   30.5530
   -7.5000  -37.5000  -15.0000 2450.7131   27.8701
    0.0000  -37.5000  -15.0000 2430.9844   27.7511
    7.5000  -37.5000  -15.0000 2390.5989   28.0275
   -7.5000  -30.0000  -15.0000 2517.3093   25.9083
    0.0000  -30.0000  -15.0000 2503.6704   25.9353
    7.5000  -30.0000  -15.0000 2465.0957   26.2148
   -7.5000  -22.5000  -15.0000 2555.1497   24.5021
    0.0000  -22.5000  -15.0000 2545.9309   24.5840
    7.5000  -22.5000  -15.0000 2518.1594   24.9650
   -7.5000  -15.0000  -15.0000 2593.6079   23.7887
    0.0000  -15.0000  -15.0000 2586.6094   23.9019
    7.5000  -15.0000  -15.0000 2547.0884   24.3588
   -7.5000   -7.5000  -15.0000 2615.7830   23.7723
    0.0000   -7.5000  -15.0000 2609.9929   23.8076
    7.5000   -7.5000  -15.0000 2563.8901   24.2505
   -7.5000    0.0000  -15.0000 2599.4866   24.3339
    0.0000    0.0000  -15.0000 2586.6050   24.3697
    7.5000    0.0000  -15.0000 2536.8833   24.8222
   -7.5000    7.5000  -15.0000 2550.2725   25.3606
    0.0000    7.5000  -15.0000 2536.5117   25.3752
    7.5000    7.5000  -15.0000 2485.6321   25.9513
   -7.5000   15.0000  -15.0000 2458.9551   26.9793
    0.0000   15.0000  -15.0000 2449.3660   26.9132
    7.5000   15.0000  -15.0000 2396.3945   27.5898
   -7.5000   22.5000  -15.0000 2345.7390   29.1700
    0.0000   22.5000  -15.0000 2339.8022   29.1686
    7.5000   22.5000  -15.0000 2293.8540   29.9161
   -7.5000   30.0000  -15.0000 2196.6089   31.9821
    0.0000   30.0000  -15.0000 2191.0488   32.0097
    7.5000   30.0000  -15.0000 2156.3667   32.8934
   -7.5000   37.5000  -15.0000 2051.4856   35.7024
    0.0000   37.5000  -15.0000 2046.1138   35.7046
    7.5000   37.5000  -15.0000 2013.1630   36.5584
   -7.5000   45.0000  -15.0000 1894.4972   40.5811
    0.0000   45.0000  -15.0000 1887.7977   40.6989
    7.5000   45.0000  -15.0000 1857.6573   41.5253
   -7.5000  -45.0000   -7.5000 2383.8071   29.0993
    0.0000  -45.0000   -7.5000 2374.7688   28.9704
    7.5000  -45.0000   -7.5000 2329.8315   29.4465
   -7.5000  -37.5000   -7.5000 2501.1763   26.6486
    0.0000  -37.5000   -7.5000 2493.7627   26.5241
    7.5000  -37.5000   -7.5000 2446.6565   26.9274
   -7.5000  -30.0000   -7.5000 2592.6418   24.6671
    0.0000  -30.0000   -7.5000 2581.6812   24.6642
    7.5000  -30.0000   -7.5000 2528.9241   25.0091
   -7.5000  -22.5000   -7.5000 2638.4221   23.2673
    0.0000  -22.5000   -7.5000 2632.4734   23.3379
    7.5000  -22.5000   -7.5000 2590.9673   23.7039
   -7.5000  -15.0000   -7.5000 2675.8245   22.5860
    0.0000  -15.0000   -7.5000 2669.0823   22.6815
    7.5000  -15.0000   -7.5000 2625.5908   23.0959
   -7.5000   -7.5000   -7.5000 2699.1165   22.4558
    0.0000   -7.5000   -7.5000 2690.1472   22.5344
    7.5000   -7.5000   -7.5000 2638.5964   23.0325
   -7.5000    0.0000   -7.5000 2669.8652   22.9318
    0.0000    0.0000   -7.5000 2662.3914   23.0442
    7.5000    0.0000   -7.5000 2615.6631   23.6262
   -7.5000    7.5000   -7.5000 2616.9946   24.0938
    0.0000    7.5000   -7.5000 2616.5305   24.1562
    7.5000    7.5000   -7.5000 2564.0891   24.7635
   -7.5000   15.0000   -7.5000 2523.4639   25.7244
    0.0000   15.0000   -7.5000 2519.9363   25.7686
    7.5000   15.0000   -7.5000 2471.6340   26.3636
   -7.5000   22.5000   -7.5000 2411.9441   27.8721
    0.0000   22.5000   -7.5000 2408.0935   27.8923
    7.5000   22.5000   -7.5000 2362.7026   28.6213
   -7.5000   30.0000   -7.5000 2258.1538   30.7129
    0.0000   30.0000   -7.5000 2256.1062   30.7203
    7.5000   30.0000   -7.5000 2217.7112   31.4928
   -7.5000   37.5000   -7.5000 2103.0479   34.1838
    0.0000   37.5000   -7.5000 2100.9651   34.2839
    7.5000   37.5000   -7.5000 2059.4094   35.0111
   -7.5000   45.0000   -7.5000 1920.4718   38.6460
    0.0000   45.0000   -7.5000 1920.5110   38.7457
    7.5000   45.0000   -7.5000 1894.3124   39.5708
   -7.5000  -45.0000    0.0000 2404.1729   28.1365
    0.0000  -45.0000    0.0000 2396.1355   28.1886
    7.5000  -45.0000    0.0000 2345.3359   28.8616
   -7.5000  -37.5000    0.0000 2530.1982   25.7575
    0.0000  -37.5000    0.0000 2527.6467   25.8071
    7.5000  -37.5000    0.0000 2478.5000   26.3921
   -7.5000  -30.0000    0.0000 2640.8147   23.8828
    0.0000  -30.0000    0.0000 2635.8550   23.8527
    7.5000  -30.0000    0.0000 2571.7715   24.4173
   -7.5000  -22.5000    0.0000 2697.8486   22.2125
    0.0000  -22.5000    0.0000 2696.5481   22.2297
    7.5000  -22.5000    0.0000 2626.1912   22.8231
   -7.5000  -15.0000    0.0000 2732.4963   21.3115
    0.0000  -15.0000    0.0000 2728.2993   21.4173
    7.5000  -15.0000    0.0000 2678.3247   22.1505
   -7.5000   -7.5000    0.0000 2762.2905   21.2915
    0.0000   -7.5000    0.0000 2750.5176   21.4482
    7.5000   -7.5000    0.0000 2700.4170   22.1775
   -7.5000    0.0000    0.0000 2721.0842   21.9540
    0.0000    0.0000    0.0000 2712.1045   22.1494
    7.5000    0.0000    0.0000 2672.1682   22.8126
   -7.5000    7.5000    0.0000 2660.0076   23.1203
    0.0000    7.5000    0.0000 2658.4841   23.2461
    7.5000    7.5000    0.0000 2617.9653   23.9125
   -7.5000   15.0000    0.0000 2562.9526   24.7580
    0.0000   15.0000    0.0000 2568.6611   24.8239
    7.5000   15.0000    0.0000 2518.3086   25.5096
   -7.5000   22.5000    0.0000 2450.3184   26.9546
    0.0000   22.5000    0.0000 2456.6252   27.0456
    7.5000   22.5000    0.0000 2397.0947   27.7167
   -7.5000   30.0000    0.0000 2301.5645   29.6575
    0.0000   30.0000    0.0000 2301.6150   29.8648
    7.5000   30.0000    0.0000 2249.2542   30.5385
   -7.5000   37.5000    0.0000 2132.0852   32.9492
    0.0000   37.5000    0.0000 2134.4377   33.1379
    7.5000   37.5000    0.0000 2086.1841   33.8576
   -7.5000   45.0000    0.0000 1943.5238   37.3283
    0.0000   45.0000    0.0000 1943.1414   37.4399
    7.5000   45.0000    0.0000 1911.8262   38.1454
   -7.5000  -45.0000    7.5000 2412.3354   27.5980
    0.0000  -45.0000    7.5000 2407.2424   27.7931
    7.5000  -45.0000    7.5000 2357.8521   28.6684
   -7.5000  -37.5000    7.5000 2541.8833   25.2778
    0.0000  -37.5000    7.5000 2542.2107   25.3993
    7.5000  -37.5000    7.5000 2488.3079   26.0684
   -7.5000  -30.0000    7.5000 2652.0691   23.4400
    0.0000  -30.0000    7.5000 2650.8970   23.4562
    7.5000  -30.0000    7.5000 2585.7156   24.0299
   -7.5000  -22.5000    7.5000 2697.5886   21.1126
    0.0000  -22.5000    7.5000 2694.5908   21.4205
    7.5000  -22.5000    7.5000 2656.3865   22.4552
   -7.5000  -15.0000    7.5000 2748.8882   20.0734
    0.0000  -15.0000    7.5000 2748.3086   20.3952
    7.5000  -15.0000    7.5000 2695.4731   21.5323
   -7.5000   -7.5000    7.5000 2796.2861   20.4118
    0.0000   -7.5000    7.5000 2790.3948   20.6558
    7.5000   -7.5000    7.5000 2725.5378   21.5317
   -7.5000    0.0000    7.5000 2758.0742   21.4140
    0.0000    0.0000    7.5000 2751.6548   21.5989
    7.5000    0.0000    7.5000 2705.5273   22.2864
   -7.5000    7.5000    7.5000 2682.5154   22.6476
    0.0000    7.5000    7.5000 2682.9568   22.8225
    7.5000    7.5000    7.5000 2641.8098   23.4538
   -7.5000   15.0000    7.5000 2584.4207   24.2187
    0.0000   15.0000    7.5000 2586.9927   24.3618
    7.5000   15.0000    7.5000 2538.1653   25.0653
   -7.5000   22.5000    7.5000 2468.7683   26.3183
    0.0000   22.5000    7.5000 2465.8726   26.4906
    7.5000   22.5000    7.5000 2421.2261   27.1925
   -7.5000   30.0000    7.5000 2318.0317   29.0065
    0.0000   30.0000    7.5000 2316.4207   29.1833
    7.5000   30.0000    7.5000 2273.8586   29.9303
   -7.5000   37.5000    7.5000 2148.2998   32.2419
    0.0000   37.5000    7.5000 2144.1875   32.3604
    7.5000   37.5000    7.5000 2105.7581   33.2004
   -7.5000   45.0000    7.5000 1952.4534   36.2797
    0.0000   45.0000    7.5000 1946.7506   36.3705
    7.5000   45.0000    7.5000 1930.5428   37.2709
   -7.5000  -45.0000   15.0000 2407.1443   27.4706
    0.0000  -45.0000   15.0000 2389.2229   27.6053
    7.5000  -45.0000   15.0000 2357.3567   28.6007
   -7.5000  -37.5000   15.0000 2525.8516   25.0989
    0.0000  -37.5000   15.0000 2516.2622   25.2350
    7.5000  -37.5000   15.0000 2486.4824   26.0626
   -7.5000  -30.0000   15.0000 2628.3826   23.1755
    0.0000  -30.0000   15.0000 2626.6890   23.3174
    7.5000  -30.0000   15.0000 2585.0481   24.1134
   -7.5000  -22.5000   15.0000 2691.3254   21.1347
    0.0000  -22.5000   15.0000 2690.2231   21.5094
    7.5000  -22.5000   15.0000 2653.0081   22.5385
   -7.5000  -15.0000   15.0000 2757.5757   20.1018
    0.0000  -15.0000   15.0000 2752.2693   20.4696
    7.5000  -15.0000   15.0000 2697.9827   21.5954
   -7.5000   -7.5000   15.0000 2815.9426   20.4640
    0.0000   -7.5000   15.0000 2796.3159   20.6698
    7.5000   -7.5000   15.0000 2729.1680   21.5344
   -7.5000    0.0000   15.0000 2782.7617   21.4289
    0.0000    0.0000   15.0000 2755.9346   21.5510
    7.5000    0.0000   15.0000 2709.9412   22.2243
   -7.5000    7.5000   15.0000 2697.2566   22.7211
    0.0000    7.5000   15.0000 2686.2244   22.7585
    7.5000    7.5000   15.0000 2645.9048   23.3645
   -7.5000   15.0000   15.0000 2583.2842   24.3182
    0.0000   15.0000   15.0000 2574.5696   24.2334
    7.5000   15.0000   15.0000 2533.6365   24.8907
   -7.5000   22.5000   15.0000 2465.2458   26.2736
    0.0000   22.5000   15.0000 2454.3357   26.2116
    7.5000   22.5000   15.0000 2407.8894   26.9102
   -7.5000   30.0000   15.0000 2306.1514   28.8122
    0.0000   30.0000   15.0000 2299.4668   28.7592
    7.5000   30.0000   15.0000 2269.0706   29.5036
   -7.5000   37.5000   15.0000 2139.9614   31.9781
    0.0000   37.5000   15.0000 2129.1782   31.9822
    7.5000   37.5000   15.0000 2101.8547   32.7485
   -7.5000   45.0000   15.0000 1966.8142   36.0781
    0.0000   45.0000   15.0000 1960.8677   36.0478
    7.5000   45.0000   15.0000 1937.7877   36.9629
   -7.5000  -45.0000   22.5000 2375.4211   27.5906
    0.0000  -45.0000   22.5000 2375.4009   28.0497
    7.5000  -45.0000   22.5000 2342.3840   28.9521
   -7.5000  -37.5000   22.5000 2493.9419   25.2356
    0.0000  -37.5000   22.5000 2506.0254   25.6631
    7.5000  -37.5000   22.5000 2473.9705   26.4755
   -7.5000  -30.0000   22.5000 2587.2651   23.2714
    0.0000  -30.0000   22.5000 2603.3340   23.6754
    7.5000  -30.0000   22.5000 2568.3572   24.5132
   -7.5000  -22.5000   22.5000 2689.5342   21.9031
    0.0000  -22.5000   22.5000 2688.3279   22.1627
    7.5000  -22.5000   22.5000 2639.1553   22.9389
   -7.5000  -15.0000   22.5000 2765.3723   21.4601
    0.0000  -15.0000   22.5000 2749.6501   21.4472
    7.5000  -15.0000   22.5000 2699.3694   22.1773
   -7.5000   -7.5000   22.5000 2787.9006   21.4606
    0.0000   -7.5000   22.5000 2766.8611   21.3952
    7.5000   -7.5000   22.5000 2704.8340   21.9754
   -7.5000    0.0000   22.5000 2760.7468   22.0550
    0.0000    0.0000   22.5000 2735.7180   21.9855
    7.5000    0.0000   22.5000 2677.9934   22.4697
   -7.5000    7.5000   22.5000 2684.5061   23.1109
    0.0000    7.5000   22.5000 2666.2788   23.0535
    7.5000    7.5000   22.5000 2624.4985   23.5491
   -7.5000   15.0000   22.5000 2561.2083   24.5915
    0.0000   15.0000   22.5000 2552.7417   24.5590
    7.5000   15.0000   22.5000 2515.4219   25.0684
   -7.5000   22.5000   22.5000 2448.5081   26.5283
    0.0000   22.5000   22.5000 2439.5398   26.5074
    7.5000   22.5000   22.5000 2395.2861   26.9915
   -7.5000   30.0000   22.5000 2285.7065   29.0277
    0.0000   30.0000   22.5000 2284.5400   28.9951
    7.5000   30.0000   22.5000 2247.8987   29.4902
   -7.5000   37.5000   22.5000 2128.3306   32.1363
    0.0000   37.5000   22.5000 2124.4382   32.1617
    7.5000   37.5000   22.5000 2082.7388   32.7527
   -7.5000   45.0000   22.5000 1971.6622   36.2234
    0.0000   45.0000   22.5000 1965.2028   36.3346
    7.5000   45.0000   22.5000 1925.4999   37.0172
   -7.5000  -45.0000   30.0000 2340.3186   28.4985
    0.0000  -45.0000   30.0000 2338.6951   28.8564
    7.5000  -45.0000   30.0000 2306.7539   29.7972
   -7.5000  -37.5000   30.0000 2460.0684   26.1499
    0.0000  -37.5000   30.0000 2462.3000   26.5198
    7.5000  -37.5000   30.0000 2427.6316   27.2827
   -7.5000  -30.0000   30.0000 2569.0737   24.3692
    0.0000  -30.0000   30.0000 2569.4292   24.7439
    7.5000  -30.0000   30.0000 2519.7383   25.4277
   -7.5000  -22.5000   30.0000 2656.9084   23.1705
    0.0000  -22.5000   30.0000 2660.6760   23.4759
    7.5000  -22.5000   30.0000 2600.2400   24.0765
   -7.5000  -15.0000   30.0000 2709.0378   22.7034
    0.0000  -15.0000   30.0000 2712.5803   22.7828
    7.5000  -15.0000   30.0000 2647.0742   23.2321
   -7.5000   -7.5000   30.0000 2726.6609   22.6175
    0.0000   -7.5000   30.0000 2723.6213   22.6528
    7.5000   -7.5000   30.0000 2655.8813   22.9705
   -7.5000    0.0000   30.0000 2693.3662   22.9861
    0.0000    0.0000   30.0000 2680.3577   22.9931
    7.5000    0.0000   30.0000 2622.9019   23.3130
   -7.5000    7.5000   30.0000 2623.1438   23.8891
    0.0000    7.5000   30.0000 2607.5398   23.9622
    7.5000    7.5000   30.0000 2562.1985   24.2950
   -7.5000   15.0000   30.0000 2512.1541   25.2742
    0.0000   15.0000   30.0000 2506.4321   25.2902
    7.5000   15.0000   30.0000 2466.1255   25.7705
   -7.5000   22.5000   30.0000 2393.6367   27.0993
    0.0000   22.5000   30.0000 2390.4890   27.1072
    7.5000   22.5000   30.0000 2353.7617   27.7336
   -7.5000   30.0000   30.0000 2241.8091   29.4896
    0.0000   30.0000   30.0000 2239.7026   29.5020
    7.5000   30.0000   30.0000 2212.0955   30.2287
   -7.5000   37.5000   30.0000 2106.4553   32.5517
    0.0000   37.5000   30.0000 2102.3828   32.6271
    7.5000   37.5000   30.0000 2065.1897   33.4284
   -7.5000   45.0000   30.0000 1950.5865   36.7052
    0.0000   45.0000   30.0000 1947.5555   36.8681
    7.5000   45.0000   30.0000 1909.8687   37.6252
   -7.5000  -45.0000   37.5000 2294.9248   30.0159
    0.0000  -45.0000   37.5000 2288.8843   30.4910
    7.5000  -45.0000   37.5000 2260.0625   31.4126
   -7.5000  -37.5000   37.5000 2410.6116   27.5318
    0.0000  -37.5000   37.5000 2408.8220   28.0173
    7.5000  -37.5000   37.5000 2375.1802   28.8585
   -7.5000  -30.0000   37.5000 2513.4851   25.7381
    0.0000  -30.0000   37.5000 2515.5979   26.1881
    7.5000  -30.0000   37.5000 2475.7507   26.9773
   -7.5000  -22.5000   37.5000 2589.6748   24.4992
    0.0000  -22.5000   37.5000 2593.2756   24.8644
    7.5000  -22.5000   37.5000 2544.2751   25.5636
   -7.5000  -15.0000   37.5000 2644.0115   23.9599
    0.0000  -15.0000   37.5000 2643.8711   24.1439
    7.5000  -15.0000   37.5000 2587.3584   24.7162
   -7.5000   -7.5000   37.5000 2650.6472   23.8074
    0.0000   -7.5000   37.5000 2647.6133   23.9502
    7.5000   -7.5000   37.5000 2590.8210   24.3855
   -7.5000    0.0000   37.5000 2606.9114   24.0879
    0.0000    0.0000   37.5000 2600.0549   24.2563
    7.5000    0.0000   37.5000 2554.7371   24.6519
   -7.5000    7.5000   37.5000 2540.2224   24.8693
    0.0000    7.5000   37.5000 2533.7881   25.0507
    7.5000    7.5000   37.5000 2490.8582   25.5013
   -7.5000   15.0000   37.5000 2443.2158   26.2483
    0.0000   15.0000   37.5000 2440.9648   26.3575
    7.5000   15.0000   37.5000 2392.2695   26.8218
   -7.5000   22.5000   37.5000 2333.0146   28.1467
    0.0000   22.5000   37.5000 2327.9309   28.1842
    7.5000   22.5000   37.5000 2288.4988   28.7315
   -7.5000   30.0000   37.5000 2201.1243   30.5410
    0.0000   30.0000   37.5000 2197.1138   30.5876
    7.5000   30.0000   37.5000 2162.4587   31.2957
   -7.5000   37.5000   37.5000 2059.9919   33.6823
    0.0000   37.5000   37.5000 2059.7908   33.7113
    7.5000   37.5000   37.5000 2034.9570   34.4499
   -7.5000   45.0000   37.5000 1908.8499   37.6163
    0.0000   45.0000   37.5000 1910.0365   37.7652
    7.5000   45.0000   37.5000 1879.6859   38.6659
   -7.5000  -45.0000   45.0000 2230.5591   31.7245
    0.0000  -45.0000   45.0000 2215.3208   32.2183
    7.5000  -45.0000   45.0000 2187.7998   33.3372
   -7.5000  -37.5000   45.0000 2344.3115   29.1674
    0.0000  -37.5000   45.0000 2336.8904   29.6209
    7.5000  -37.5000   45.0000 2308.5144   30.7333
   -7.5000  -30.0000   45.0000 2437.7605   27.3812
    0.0000  -30.0000   45.0000 2434.4480   27.8118
    7.5000  -30.0000   45.0000 2399.5967   28.7362
   -7.5000  -22.5000   45.0000 2506.6389   26.1970
    0.0000  -22.5000   45.0000 2505.6079   26.5295
    7.5000  -22.5000   45.0000 2460.3567   27.3524
   -7.5000  -15.0000   45.0000 2549.9202   25.6089
    0.0000  -15.0000   45.0000 2548.1409   25.7822
    7.5000  -15.0000   45.0000 2497.5366   26.4879
   -7.5000   -7.5000   45.0000 2544.0535   25.3469
    0.0000   -7.5000   45.0000 2545.8306   25.5370
    7.5000   -7.5000   45.0000 2497.4575   26.0705
   -7.5000    0.0000   45.0000 2502.5356   25.6016
    0.0000    0.0000   45.0000 2494.9795   25.7353
    7.5000    0.0000   45.0000 2459.3535   26.2823
   -7.5000    7.5000   45.0000 2447.6125   26.2959
    0.0000    7.5000   45.0000 2437.4829   26.4646
    7.5000    7.5000   45.0000 2400.6277   26.9749
   -7.5000   15.0000   45.0000 2361.1523   27.5654
    0.0000   15.0000   45.0000 2355.8662   27.7082
    7.5000   15.0000   45.0000 2319.5947   28.2857
   -7.5000   22.5000   45.0000 2261.5986   29.5247
    0.0000   22.5000   45.0000 2257.0547   29.5666
    7.5000   22.5000   45.0000 2218.3267   30.1742
   -7.5000   30.0000   45.0000 2138.1626   32.1197
    0.0000   30.0000   45.0000 2142.4324   32.2249
    7.5000   30.0000   45.0000 2101.6072   32.8514
   -7.5000   37.5000   45.0000 2001.1096   35.1140
    0.0000   37.5000   45.0000 2001.7380   35.3696
    7.5000   37.5000   45.0000 1969.6292   35.9631
   -7.5000   45.0000   45.0000 1852.5867   39.0817
    0.0000   45.0000   45.0000 1848.2769   39.2370
    7.5000   45.0000   45.0000 1820.2526   40.1635

---------------------------------------------------------------------
imgreg_4dfp /opt/freesurfer/average/711-2C_as_mni_average_305 /opt/freesurfer/average/711-2B_as_mni_average_305_mask talsrcimg_g11 none talsrcimg_to_711-2C_as_mni_average_305_t4 1283
---------------------------------------------------------------------

freesurfer imgreg_4dfp.c
/opt/freesurfer/average/711-2C_as_mni_average_305.4dfp.img
       256       256       256         1
  1.000000  1.000000  1.000000
orientation T byte_order littleendian
Reading image: /opt/freesurfer/average/711-2C_as_mni_average_305.4dfp.img
dimensions:      256       256       256
mmppix:       1.0000   -1.0000   -1.0000
center:     128.0000 -129.0000 -129.0000
/opt/freesurfer/average/711-2B_as_mni_average_305_mask.4dfp.img
       256       256       256         1
  1.000000  1.000000  1.000000
orientation T byte_order littleendian
Reading mask: /opt/freesurfer/average/711-2B_as_mni_average_305_mask.4dfp.img (2306576 pixels)
talsrcimg_g11.4dfp.img
       256       256       256         1
  1.000000  1.000000  1.000000
orientation T byte_order littleendian
Reading image: talsrcimg_g11.4dfp.img
dimensions:      256       256       256
mmppix:       1.0000   -1.0000   -1.0000
center:     128.0000 -129.0000 -129.0000
rotation matrix determinant  1.000000
fimgreg.f
image alignment mode   1283 decimal      503 hex
parameters
   -7.5000   -7.5000   15.0000    0.0000    0.0000    0.0000
eta,q 0.88446 20.38570
niter,ni,del,rscale     5    3   12.0000    1.2000
parameter  5  4.124918 -> -0.500000 qaram    1.1500
parameters
   -4.8641   -5.5768   14.6143   -0.9024    3.4500   -2.6313
eta,q 0.88997 20.66488
  0.1228  0.1337  0.1211  0.1219  0.1173  0.1111
  0.1188  0.1285  0.1197  0.1179  0.1169  0.1101
  0.1166  0.1252  0.1161  0.1149  0.1157  0.1100
  0.1164  0.1197  0.1155  0.1143  0.1145  0.1105
  0.1186  0.1155  0.1181  0.1177  0.1120  0.1116
  0.1188  0.1201  0.1188  0.1224  0.1101  0.1130
  0.1158  0.1239  0.1236  0.1267  0.1100  0.1139
niter,ni,del,rscale     5    3   12.0000    1.2000
parameters
   -6.3118   -4.9000   13.6895   -2.3355    4.8115   -1.3508
eta,q 0.89080 20.65374
  0.1134  0.1288  0.1176  0.1170  0.1154  0.1160
  0.1121  0.1254  0.1139  0.1132  0.1133  0.1131
  0.1123  0.1184  0.1113  0.1102  0.1112  0.1107
  0.1100  0.1118  0.1111  0.1110  0.1101  0.1094
  0.1109  0.1135  0.1142  0.1149  0.1089  0.1094
  0.1163  0.1192  0.1181  0.1202  0.1095  0.1105
  0.1213  0.1250  0.1215  0.1259  0.1132  0.1120
niter,ni,del,rscale     4    3   12.0000    1.2000
parameters
   -5.9625   -4.6246   13.2432   -3.1577    4.6806   -1.2881
eta,q 0.89247 20.66451
  0.1177  0.1275  0.1193  0.1165  0.1142  0.1125
  0.1140  0.1220  0.1134  0.1115  0.1119  0.1096
  0.1130  0.1138  0.1095  0.1076  0.1096  0.1080
  0.1092  0.1085  0.1083  0.1081  0.1074  0.1075
  0.1083  0.1106  0.1127  0.1119  0.1079  0.1087
  0.1128  0.1180  0.1181  0.1157  0.1115  0.1103
  0.1172  0.1263  0.1200  0.1211  0.1159  0.1116
niter,ni,del,rscale     3    3   12.0000    1.2000
parameters
   -5.7623   -4.3814   13.0723   -3.5182    4.5298   -1.5124
eta,q 0.89325 20.67726
  0.1163  0.1271  0.1202  0.1174  0.1137  0.1115
  0.1130  0.1215  0.1138  0.1122  0.1114  0.1087
  0.1113  0.1128  0.1090  0.1074  0.1090  0.1071
  0.1075  0.1072  0.1070  0.1070  0.1067  0.1068
  0.1080  0.1095  0.1112  0.1106  0.1073  0.1081
  0.1121  0.1174  0.1173  0.1143  0.1111  0.1100
  0.1164  0.1263  0.1192  0.1188  0.1155  0.1114
niter,ni,del,rscale     2    3   12.0000    1.2000
parameters
   -5.7034   -4.2473   12.9806   -3.7035    4.4397   -1.6698
eta,q 0.89355 20.68669
  0.1153  0.1267  0.1205  0.1178  0.1135  0.1114
  0.1119  0.1211  0.1137  0.1126  0.1112  0.1084
  0.1101  0.1123  0.1086  0.1076  0.1089  0.1068
  0.1067  0.1067  0.1065  0.1065  0.1064  0.1065
  0.1078  0.1092  0.1106  0.1101  0.1068  0.1078
  0.1116  0.1178  0.1168  0.1138  0.1107  0.1095
  0.1159  0.1273  0.1189  0.1183  0.1152  0.1111
niter,ni,del,rscale     1    3   12.0000    1.2000
parameters
   -5.6701   -4.1673   12.9496   -3.8134    4.3904   -1.7340
eta,q 0.89370 20.69336
  0.1151  0.1264  0.1206  0.1180  0.1134  0.1115
  0.1115  0.1209  0.1138  0.1129  0.1111  0.1084
  0.1096  0.1121  0.1084  0.1077  0.1088  0.1067
  0.1065  0.1064  0.1064  0.1064  0.1063  0.1063
  0.1075  0.1092  0.1104  0.1098  0.1065  0.1075
  0.1113  0.1180  0.1164  0.1138  0.1104  0.1093
  0.1156  0.1277  0.1186  0.1180  0.1150  0.1110
registration optimization eta report
parameter search radius
    6.0000    6.0000    6.0000    6.0000    6.9000    6.0000
100000*second partial in parameter space
       23.       54.       34.       30.       16.       13.
  0.1151  0.1264  0.1206  0.1180  0.1134  0.1115
  0.1115  0.1209  0.1138  0.1129  0.1111  0.1084
  0.1096  0.1121  0.1084  0.1077  0.1088  0.1067
  0.1065  0.1064  0.1064  0.1064  0.1063  0.1063
  0.1075  0.1092  0.1104  0.1098  0.1065  0.1075
  0.1113  0.1180  0.1164  0.1138  0.1104  0.1093
  0.1156  0.1277  0.1186  0.1180  0.1150  0.1110
   -5.6701   -4.1673   12.9496   -3.8134    4.3904   -1.7340
eta,q 0.89370 20.69336

---------------------------------------------------------------------
imgreg_4dfp /opt/freesurfer/average/711-2C_as_mni_average_305 /opt/freesurfer/average/711-2B_as_mni_average_305_mask talsrcimg_g11 none talsrcimg_to_711-2C_as_mni_average_305_t4 3335
---------------------------------------------------------------------

freesurfer imgreg_4dfp.c
/opt/freesurfer/average/711-2C_as_mni_average_305.4dfp.img
       256       256       256         1
  1.000000  1.000000  1.000000
orientation T byte_order littleendian
Reading image: /opt/freesurfer/average/711-2C_as_mni_average_305.4dfp.img
dimensions:      256       256       256
mmppix:       1.0000   -1.0000   -1.0000
center:     128.0000 -129.0000 -129.0000
/opt/freesurfer/average/711-2B_as_mni_average_305_mask.4dfp.img
       256       256       256         1
  1.000000  1.000000  1.000000
orientation T byte_order littleendian
Reading mask: /opt/freesurfer/average/711-2B_as_mni_average_305_mask.4dfp.img (2306576 pixels)
talsrcimg_g11.4dfp.img
       256       256       256         1
  1.000000  1.000000  1.000000
orientation T byte_order littleendian
Reading image: talsrcimg_g11.4dfp.img
dimensions:      256       256       256
mmppix:       1.0000   -1.0000   -1.0000
center:     128.0000 -129.0000 -129.0000
fimgreg.f
image alignment mode   3335 decimal      D07 hex
parameters
   -5.6701   -4.1673   12.9496   -0.3391   -0.2825   -0.5142
    3.5282   -7.4335   -3.0171    6.8789    7.6552   -6.6313
eta,q 0.88742 20.57834
niter,ni,del,rscale     5    3    5.0000    1.2000
parameter  4  6.417536 ->  0.500000 qaram    1.1500
parameter  5  1.463814 ->  0.500000 qaram    1.1500
parameter  6  7.543365 ->  0.500000 qaram    1.1500
parameter  8 -1.801420 -> -0.500000 qaram    1.1500
parameters
   -5.0551   -4.8347   12.7535   -4.4791   -4.4225   -4.6542
    6.4668   -3.2935   -5.6779    5.2405    6.1719   -7.7545
eta,q 0.90789 19.35538
  0.1145  0.1133  0.1130  0.1033  0.1008  0.0922  0.0990  0.1029  0.0930  0.0937  0.0931  0.0937
  0.1136  0.1129  0.1126  0.1063  0.1015  0.0956  0.0980  0.1011  0.0925  0.0927  0.0926  0.0926
  0.1130  0.1125  0.1125  0.1093  0.1041  0.0988  0.0972  0.0986  0.0923  0.0923  0.0923  0.0921
  0.1126  0.1125  0.1125  0.1125  0.1071  0.1021  0.0965  0.0962  0.0926  0.0923  0.0922  0.0922
  0.1125  0.1130  0.1126  0.1161  0.1108  0.1051  0.0962  0.0938  0.0931  0.0929  0.0926  0.0927
  0.1127  0.1142  0.1127  0.1198  0.1156  0.1087  0.0963  0.0923  0.0940  0.0943  0.0934  0.0936
  0.1132  0.1159  0.1131  0.1234  0.1202  0.1131  0.0969  0.0925  0.0951  0.0964  0.0945  0.0948
niter,ni,del,rscale     7    3    5.0000    1.2000
parameter  4  1.911161 ->  0.500000 qaram    1.3225
parameter  5  0.778377 ->  0.500000 qaram    1.3225
parameter  6  2.795367 ->  0.500000 qaram    1.3225
parameter 10 -3.352580 -> -0.500000 qaram    1.1500
parameter 11  1.440338 ->  0.500000 qaram    1.1500
parameter 12 -1.185641 -> -0.500000 qaram    1.1500
parameters
   -5.9169   -5.0234   13.3907   -9.2401   -9.1835   -9.4152
    4.4922   -1.1391   -4.1751    9.3805    2.0319   -3.6145
eta,q 0.92529 18.96547
  0.0929  0.0937  0.0943  0.0834  0.0839  0.0770  0.0819  0.0876  0.0813  0.0849  0.0766  0.0843
  0.0921  0.0925  0.0932  0.0855  0.0848  0.0803  0.0811  0.0844  0.0809  0.0835  0.0768  0.0816
  0.0918  0.0918  0.0923  0.0881  0.0851  0.0827  0.0809  0.0824  0.0805  0.0821  0.0772  0.0790
  0.0921  0.0918  0.0917  0.0916  0.0862  0.0850  0.0811  0.0809  0.0804  0.0804  0.0778  0.0769
  0.0931  0.0923  0.0916  0.0959  0.0890  0.0883  0.0816  0.0804  0.0805  0.0787  0.0784  0.0754
  0.0947  0.0931  0.0919  0.1006  0.0921  0.0923  0.0824  0.0812  0.0806  0.0775  0.0792  0.0745
  0.0966  0.0941  0.0926  0.1058  0.0968  0.0968  0.0835  0.0831  0.0807  0.0771  0.0801  0.0740
niter,ni,del,rscale     7    3    5.0000    1.2000
parameter  2  0.812015 ->  0.500000 qaram    1.1500
parameter  3  1.131904 ->  0.500000 qaram    1.1500
parameter  4  0.850726 ->  0.500000 qaram    1.5209
parameter  5 14.067648 ->  0.500000 qaram    1.5209
parameter  6  0.957186 ->  0.500000 qaram    1.5209
parameter  9 -0.649096 -> -0.500000 qaram    1.1500
parameter 12  2.203611 ->  0.500000 qaram    1.3225
parameters
   -5.6616   -6.4034   12.0107  -14.7153  -14.6587  -14.8903
    6.6966   -0.8935   -0.0351    6.3868    5.6730   -8.3755
eta,q 0.93930 17.98345
  0.0775  0.0738  0.0723  0.0685  0.0603  0.0608  0.0647  0.0660  0.0632  0.0624  0.0627  0.0603
  0.0761  0.0735  0.0723  0.0691  0.0636  0.0619  0.0636  0.0639  0.0627  0.0620  0.0622  0.0606
  0.0751  0.0737  0.0727  0.0704  0.0677  0.0633  0.0627  0.0625  0.0623  0.0617  0.0619  0.0611
  0.0747  0.0747  0.0735  0.0724  0.0694  0.0647  0.0623  0.0621  0.0621  0.0619  0.0617  0.0616
  0.0748  0.0762  0.0743  0.0753  0.0717  0.0667  0.0621  0.0626  0.0619  0.0626  0.0616  0.0623
  0.0754  0.0778  0.0753  0.0798  0.0748  0.0696  0.0623  0.0639  0.0619  0.0639  0.0617  0.0630
  0.0765  0.0794  0.0765  0.0860  0.0794  0.0755  0.0629  0.0654  0.0619  0.0657  0.0618  0.0638
niter,ni,del,rscale     7    3    5.0000    1.2000
parameter  2 -7.482613 ->  0.500000 qaram    1.3225
parameter  3  3.486481 ->  0.500000 qaram    1.3225
parameter  4  0.612629 ->  0.500000 qaram    1.7490
parameter  5  2.921700 ->  0.500000 qaram    1.7490
parameter  9  0.526474 ->  0.500000 qaram    1.3225
parameters
   -5.2648   -7.9904   10.4237  -21.0117  -20.9551  -19.8222
    5.3238   -1.7520   -4.7961    2.7960    1.6814  -12.0912
eta,q 0.96493 17.58095
  0.0642  0.0522  0.0489  0.0502  0.0369  0.0393  0.0387  0.0403  0.0366  0.0369  0.0356  0.0360
  0.0625  0.0545  0.0508  0.0497  0.0376  0.0377  0.0376  0.0382  0.0363  0.0358  0.0355  0.0351
  0.0613  0.0575  0.0529  0.0500  0.0417  0.0367  0.0370  0.0371  0.0364  0.0356  0.0355  0.0351
  0.0607  0.0607  0.0553  0.0513  0.0497  0.0383  0.0369  0.0369  0.0368  0.0363  0.0356  0.0355
  0.0607  0.0636  0.0578  0.0539  0.0591  0.0424  0.0376  0.0377  0.0378  0.0382  0.0359  0.0363
  0.0613  0.0660  0.0606  0.0571  0.0640  0.0480  0.0391  0.0394  0.0392  0.0417  0.0362  0.0379
  0.0625  0.0679  0.0637  0.0619  0.0690  0.0551  0.0410  0.0421  0.0413  0.0464  0.0367  0.0405
niter,ni,del,rscale     7    3    5.0000    1.2000
parameter  3  0.521348 ->  0.500000 qaram    1.5209
parameter  6 -0.590176 -> -0.500000 qaram    1.7490
parameters
   -5.2739   -8.0626    8.5987  -15.1781  -24.7657  -13.5257
    6.6187   -0.6854   -3.8308    5.5232    0.2078  -15.5987
eta,q 0.96845 18.13230
  0.0378  0.0392  0.0350  0.0423  0.0392  0.0412  0.0362  0.0408  0.0358  0.0422  0.0325  0.0328
  0.0363  0.0369  0.0347  0.0392  0.0369  0.0389  0.0347  0.0364  0.0342  0.0370  0.0322  0.0316
  0.0354  0.0355  0.0347  0.0366  0.0350  0.0366  0.0337  0.0339  0.0333  0.0343  0.0321  0.0316
  0.0351  0.0351  0.0351  0.0346  0.0335  0.0348  0.0331  0.0329  0.0329  0.0328  0.0321  0.0321
  0.0354  0.0355  0.0358  0.0336  0.0370  0.0338  0.0329  0.0331  0.0329  0.0321  0.0322  0.0330
  0.0363  0.0369  0.0369  0.0337  0.0488  0.0328  0.0333  0.0345  0.0334  0.0323  0.0325  0.0345
  0.0378  0.0398  0.0385  0.0352  0.0579  0.0347  0.0347  0.0374  0.0349  0.0345  0.0332  0.0366
niter,ni,del,rscale     7    3    5.0000    1.2000
parameters
   -5.2243   -8.0483    8.2245  -16.1350  -26.6555  -16.6298
    7.1692   -0.5700   -3.1272    7.6904   -1.5263  -16.4599
eta,q 0.96674 17.77618
  0.0347  0.0354  0.0347  0.0372  0.0396  0.0382  0.0359  0.0382  0.0356  0.0374  0.0337  0.0346
  0.0330  0.0332  0.0327  0.0346  0.0367  0.0355  0.0347  0.0355  0.0345  0.0353  0.0334  0.0336
  0.0319  0.0319  0.0318  0.0326  0.0340  0.0338  0.0340  0.0340  0.0337  0.0341  0.0333  0.0332
  0.0315  0.0315  0.0316  0.0316  0.0317  0.0327  0.0336  0.0335  0.0335  0.0335  0.0334  0.0333
  0.0319  0.0319  0.0320  0.0318  0.0312  0.0335  0.0336  0.0341  0.0337  0.0334  0.0335  0.0337
  0.0328  0.0330  0.0336  0.0345  0.0388  0.0427  0.0342  0.0356  0.0341  0.0337  0.0338  0.0342
  0.0345  0.0354  0.0367  0.0411  0.0533  0.0568  0.0353  0.0377  0.0350  0.0346  0.0341  0.0349
niter,ni,del,rscale     6    3    5.0000    1.2000
parameters
   -5.1918   -6.8707    7.1859  -16.3205  -28.0381  -18.5547
    7.2545   -0.5851   -3.1825   10.4880    0.5367  -15.5032
eta,q 0.96660 17.54216
  0.0361  0.0378  0.0337  0.0385  0.0394  0.0389  0.0355  0.0378  0.0356  0.0371  0.0344  0.0347
  0.0345  0.0356  0.0331  0.0360  0.0371  0.0363  0.0346  0.0354  0.0345  0.0355  0.0340  0.0338
  0.0335  0.0341  0.0330  0.0341  0.0349  0.0343  0.0341  0.0341  0.0339  0.0344  0.0336  0.0334
  0.0333  0.0333  0.0330  0.0330  0.0330  0.0336  0.0338  0.0337  0.0337  0.0337  0.0334  0.0334
  0.0336  0.0330  0.0334  0.0331  0.0319  0.0329  0.0339  0.0343  0.0340  0.0334  0.0334  0.0334
  0.0345  0.0332  0.0343  0.0352  0.0362  0.0373  0.0345  0.0357  0.0346  0.0336  0.0335  0.0336
  0.0358  0.0338  0.0361  0.0399  0.0491  0.0495  0.0355  0.0376  0.0356  0.0344  0.0338  0.0342
niter,ni,del,rscale     5    3    5.0000    1.2000
parameters
   -5.2765   -5.6702    6.0286  -16.1678  -29.6444  -20.0484
    7.2093   -0.6227   -3.9514   12.9003    0.5653  -15.0072
eta,q 0.96693 17.34449
  0.0356  0.0377  0.0336  0.0379  0.0382  0.0384  0.0349  0.0369  0.0352  0.0368  0.0339  0.0341
  0.0343  0.0357  0.0330  0.0356  0.0362  0.0359  0.0341  0.0350  0.0340  0.0353  0.0335  0.0335
  0.0335  0.0343  0.0328  0.0338  0.0343  0.0340  0.0336  0.0338  0.0334  0.0341  0.0332  0.0333
  0.0334  0.0334  0.0330  0.0328  0.0328  0.0333  0.0334  0.0334  0.0334  0.0333  0.0331  0.0331
  0.0338  0.0330  0.0335  0.0329  0.0321  0.0330  0.0335  0.0339  0.0338  0.0331  0.0332  0.0331
  0.0346  0.0333  0.0344  0.0344  0.0351  0.0355  0.0341  0.0351  0.0346  0.0334  0.0335  0.0334
  0.0359  0.0340  0.0361  0.0386  0.0484  0.0458  0.0349  0.0369  0.0357  0.0344  0.0339  0.0339
niter,ni,del,rscale     4    3    5.0000    1.2000
parameters
   -5.1245   -4.7530    5.2483  -16.3718  -31.0281  -21.3841
    6.6602   -0.2986   -3.9007   14.6579    0.0274  -14.1529
eta,q 0.96697 17.16379
  0.0357  0.0370  0.0339  0.0375  0.0377  0.0379  0.0346  0.0370  0.0354  0.0364  0.0338  0.0340
  0.0343  0.0351  0.0333  0.0352  0.0358  0.0357  0.0338  0.0351  0.0342  0.0350  0.0334  0.0336
  0.0334  0.0338  0.0328  0.0336  0.0341  0.0339  0.0334  0.0338  0.0334  0.0339  0.0331  0.0333
  0.0331  0.0331  0.0329  0.0328  0.0328  0.0332  0.0333  0.0333  0.0333  0.0333  0.0331  0.0331
  0.0333  0.0329  0.0334  0.0331  0.0322  0.0330  0.0335  0.0336  0.0336  0.0330  0.0332  0.0331
  0.0339  0.0332  0.0342  0.0346  0.0341  0.0351  0.0342  0.0348  0.0343  0.0334  0.0336  0.0333
  0.0350  0.0341  0.0356  0.0386  0.0460  0.0439  0.0350  0.0365  0.0352  0.0347  0.0340  0.0338
niter,ni,del,rscale     3    3    5.0000    1.2000
parameters
   -4.9572   -3.9089    4.3515  -16.6300  -32.4149  -22.8261
    6.2989   -0.0996   -4.0187   16.1998    0.0106  -13.2141
eta,q 0.96706 16.99029
  0.0356  0.0367  0.0338  0.0373  0.0372  0.0374  0.0345  0.0369  0.0353  0.0363  0.0339  0.0339
  0.0342  0.0349  0.0332  0.0351  0.0354  0.0353  0.0337  0.0350  0.0340  0.0349  0.0333  0.0336
  0.0334  0.0337  0.0328  0.0335  0.0339  0.0336  0.0333  0.0337  0.0333  0.0339  0.0330  0.0332
  0.0330  0.0330  0.0329  0.0328  0.0328  0.0331  0.0331  0.0331  0.0331  0.0331  0.0329  0.0329
  0.0332  0.0329  0.0334  0.0331  0.0324  0.0332  0.0334  0.0335  0.0335  0.0329  0.0331  0.0330
  0.0339  0.0332  0.0343  0.0346  0.0340  0.0352  0.0340  0.0347  0.0342  0.0333  0.0334  0.0332
  0.0349  0.0342  0.0358  0.0384  0.0443  0.0429  0.0348  0.0366  0.0353  0.0348  0.0338  0.0337
niter,ni,del,rscale     2    3    5.0000    1.2000
parameters
   -4.8853   -3.1551    3.6184  -16.8784  -33.5547  -24.1350
    6.3148   -0.0604   -4.2132   17.2183    0.2824  -12.7145
eta,q 0.96709 16.84791
  0.0353  0.0366  0.0340  0.0372  0.0371  0.0374  0.0346  0.0368  0.0352  0.0362  0.0339  0.0340
  0.0341  0.0348  0.0332  0.0350  0.0353  0.0352  0.0338  0.0349  0.0339  0.0348  0.0334  0.0335
  0.0332  0.0336  0.0328  0.0334  0.0338  0.0335  0.0332  0.0335  0.0332  0.0337  0.0330  0.0331
  0.0329  0.0329  0.0328  0.0328  0.0328  0.0330  0.0330  0.0330  0.0330  0.0330  0.0329  0.0329
  0.0332  0.0328  0.0333  0.0332  0.0324  0.0332  0.0332  0.0335  0.0334  0.0329  0.0330  0.0330
  0.0339  0.0332  0.0342  0.0346  0.0339  0.0351  0.0338  0.0348  0.0342  0.0335  0.0333  0.0333
  0.0351  0.0342  0.0356  0.0381  0.0427  0.0420  0.0346  0.0368  0.0352  0.0352  0.0337  0.0339
niter,ni,del,rscale     1    3    5.0000    1.2000
parameters
   -4.8931   -2.6674    3.1573  -17.0564  -34.1065  -25.0122
    6.4302   -0.0644   -4.2739   17.7916    0.3020  -12.5811
eta,q 0.96705 16.77092
  0.0352  0.0361  0.0344  0.0372  0.0373  0.0376  0.0347  0.0368  0.0352  0.0360  0.0338  0.0340
  0.0339  0.0344  0.0334  0.0350  0.0355  0.0353  0.0338  0.0348  0.0339  0.0346  0.0333  0.0335
  0.0332  0.0334  0.0329  0.0335  0.0340  0.0336  0.0332  0.0335  0.0332  0.0336  0.0330  0.0331
  0.0329  0.0329  0.0329  0.0328  0.0328  0.0330  0.0330  0.0330  0.0330  0.0330  0.0330  0.0330
  0.0332  0.0330  0.0333  0.0333  0.0324  0.0332  0.0332  0.0335  0.0333  0.0330  0.0331  0.0330
  0.0340  0.0335  0.0341  0.0347  0.0335  0.0348  0.0338  0.0348  0.0341  0.0337  0.0333  0.0334
  0.0352  0.0345  0.0354  0.0379  0.0409  0.0409  0.0345  0.0368  0.0352  0.0356  0.0338  0.0340
registration optimization eta report
parameter search radius
    2.4000    3.1740    3.6501   12.5928   12.5928   12.5928
    7.2000    8.2800    9.5220    8.2800    8.2800    9.5220
100000*second partial in parameter space
       39.       24.       15.        3.        4.        4.
        3.        5.        2.        4.        1.        1.
  0.0352  0.0361  0.0344  0.0372  0.0373  0.0376  0.0347  0.0368  0.0352  0.0360  0.0338  0.0340
  0.0339  0.0344  0.0334  0.0350  0.0355  0.0353  0.0338  0.0348  0.0339  0.0346  0.0333  0.0335
  0.0332  0.0334  0.0329  0.0335  0.0340  0.0336  0.0332  0.0335  0.0332  0.0336  0.0330  0.0331
  0.0329  0.0329  0.0329  0.0328  0.0328  0.0330  0.0330  0.0330  0.0330  0.0330  0.0330  0.0330
  0.0332  0.0330  0.0333  0.0333  0.0324  0.0332  0.0332  0.0335  0.0333  0.0330  0.0331  0.0330
  0.0340  0.0335  0.0341  0.0347  0.0335  0.0348  0.0338  0.0348  0.0341  0.0337  0.0333  0.0334
  0.0352  0.0345  0.0354  0.0379  0.0409  0.0409  0.0345  0.0368  0.0352  0.0356  0.0338  0.0340
   -4.8931   -2.6674    3.1573  -17.0564  -34.1065  -25.0122
    6.4302   -0.0644   -4.2739   17.7916    0.3020  -12.5811
eta,q 0.96705 16.77092

---------------------------------------------------------------------
imgreg_4dfp /opt/freesurfer/average/711-2C_as_mni_average_305 /opt/freesurfer/average/711-2B_as_mni_average_305_mask talsrcimg_g11 none talsrcimg_to_711-2C_as_mni_average_305_t4 2311
---------------------------------------------------------------------

freesurfer imgreg_4dfp.c
/opt/freesurfer/average/711-2C_as_mni_average_305.4dfp.img
       256       256       256         1
  1.000000  1.000000  1.000000
orientation T byte_order littleendian
Reading image: /opt/freesurfer/average/711-2C_as_mni_average_305.4dfp.img
dimensions:      256       256       256
mmppix:       1.0000   -1.0000   -1.0000
center:     128.0000 -129.0000 -129.0000
/opt/freesurfer/average/711-2B_as_mni_average_305_mask.4dfp.img
       256       256       256         1
  1.000000  1.000000  1.000000
orientation T byte_order littleendian
Reading mask: /opt/freesurfer/average/711-2B_as_mni_average_305_mask.4dfp.img (2306576 pixels)
talsrcimg_g11.4dfp.img
       256       256       256         1
  1.000000  1.000000  1.000000
orientation T byte_order littleendian
Reading image: talsrcimg_g11.4dfp.img
dimensions:      256       256       256
mmppix:       1.0000   -1.0000   -1.0000
center:     128.0000 -129.0000 -129.0000
fimgreg.f
image alignment mode   2311 decimal      907 hex
parameters
   -4.8931   -2.6674    3.1573  -17.0564  -34.1065  -25.0122
    6.4302   -0.0644   -4.2739   17.7916    0.3020  -12.5811
eta,q 0.96705 16.77092
niter,ni,del,rscale     5    3    5.0000    0.8000
parameter  5 -1.218669 -> -0.500000 qaram    1.1500
parameters
   -4.9156   -2.4907    2.8706  -16.6256  -31.3465  -24.3652
    6.5099   -0.1205   -4.4998   17.7993    0.0735  -13.3578
eta,q 0.96756 17.02369
  0.0340  0.0336  0.0332  0.0338  0.0343  0.0334  0.0333  0.0339  0.0330  0.0336  0.0328  0.0327
  0.0334  0.0333  0.0330  0.0333  0.0338  0.0329  0.0328  0.0331  0.0327  0.0331  0.0326  0.0325
  0.0331  0.0330  0.0329  0.0331  0.0333  0.0326  0.0326  0.0326  0.0325  0.0327  0.0325  0.0325
  0.0330  0.0329  0.0329  0.0329  0.0329  0.0325  0.0325  0.0324  0.0325  0.0324  0.0324  0.0324
  0.0331  0.0330  0.0330  0.0330  0.0326  0.0325  0.0325  0.0326  0.0325  0.0325  0.0325  0.0325
  0.0334  0.0331  0.0332  0.0332  0.0324  0.0327  0.0328  0.0331  0.0328  0.0329  0.0326  0.0327
  0.0340  0.0334  0.0335  0.0335  0.0324  0.0330  0.0332  0.0339  0.0331  0.0338  0.0328  0.0329
niter,ni,del,rscale     5    3    5.0000    0.8000
parameters
   -4.9259   -2.7820    2.9926  -16.2784  -29.8227  -24.3096
    6.5805   -0.1282   -4.4071   17.4405   -0.0619  -13.8533
eta,q 0.96770 17.15615
  0.0335  0.0328  0.0329  0.0332  0.0337  0.0331  0.0331  0.0337  0.0330  0.0334  0.0326  0.0326
  0.0329  0.0326  0.0326  0.0328  0.0332  0.0327  0.0327  0.0329  0.0326  0.0328  0.0324  0.0324
  0.0325  0.0324  0.0325  0.0325  0.0327  0.0324  0.0324  0.0324  0.0324  0.0324  0.0323  0.0323
  0.0324  0.0324  0.0324  0.0324  0.0324  0.0323  0.0323  0.0323  0.0323  0.0323  0.0323  0.0323
  0.0326  0.0326  0.0324  0.0325  0.0323  0.0324  0.0323  0.0324  0.0324  0.0324  0.0324  0.0323
  0.0329  0.0329  0.0326  0.0327  0.0324  0.0327  0.0326  0.0329  0.0326  0.0329  0.0325  0.0325
  0.0335  0.0333  0.0327  0.0330  0.0329  0.0330  0.0331  0.0337  0.0329  0.0340  0.0327  0.0328
niter,ni,del,rscale     4    3    5.0000    0.7000
parameters
   -4.9439   -3.0464    3.0370  -16.0167  -29.2177  -23.9332
    6.7618   -0.1483   -4.3484   17.3132   -0.1556  -13.9761
eta,q 0.96775 17.23997
  0.0331  0.0326  0.0326  0.0329  0.0332  0.0329  0.0329  0.0333  0.0328  0.0331  0.0325  0.0325
  0.0326  0.0324  0.0324  0.0326  0.0328  0.0326  0.0326  0.0327  0.0325  0.0327  0.0324  0.0323
  0.0324  0.0323  0.0323  0.0324  0.0325  0.0323  0.0324  0.0324  0.0323  0.0324  0.0323  0.0323
  0.0323  0.0323  0.0323  0.0323  0.0323  0.0322  0.0323  0.0322  0.0322  0.0322  0.0322  0.0322
  0.0324  0.0324  0.0323  0.0323  0.0322  0.0323  0.0323  0.0324  0.0323  0.0323  0.0323  0.0323
  0.0327  0.0326  0.0324  0.0325  0.0324  0.0325  0.0325  0.0328  0.0325  0.0326  0.0324  0.0323
  0.0331  0.0330  0.0326  0.0327  0.0329  0.0327  0.0328  0.0334  0.0327  0.0333  0.0325  0.0325
niter,ni,del,rscale     3    3    5.0000    0.6000
parameters
   -4.9831   -3.1924    3.1481  -15.8452  -28.8858  -23.7702
    6.8836   -0.1748   -4.2966   17.2065   -0.2590  -14.1459
eta,q 0.96778 17.28604
  0.0328  0.0325  0.0325  0.0327  0.0329  0.0327  0.0327  0.0330  0.0326  0.0329  0.0324  0.0324
  0.0325  0.0324  0.0324  0.0324  0.0326  0.0324  0.0325  0.0326  0.0324  0.0325  0.0323  0.0323
  0.0323  0.0323  0.0323  0.0323  0.0324  0.0323  0.0323  0.0323  0.0323  0.0323  0.0322  0.0322
  0.0322  0.0322  0.0322  0.0322  0.0322  0.0322  0.0322  0.0322  0.0322  0.0322  0.0322  0.0322
  0.0323  0.0323  0.0322  0.0323  0.0322  0.0323  0.0322  0.0323  0.0323  0.0323  0.0323  0.0322
  0.0325  0.0325  0.0323  0.0324  0.0324  0.0324  0.0324  0.0326  0.0324  0.0325  0.0323  0.0323
  0.0329  0.0327  0.0324  0.0326  0.0328  0.0326  0.0327  0.0331  0.0326  0.0330  0.0324  0.0324
niter,ni,del,rscale     2    3    5.0000    0.5000
parameters
   -5.0005   -3.2922    3.2390  -15.7473  -28.5570  -23.6925
    6.9759   -0.1870   -4.2580   17.1264   -0.3272  -14.4540
eta,q 0.96779 17.32432
  0.0326  0.0324  0.0324  0.0325  0.0327  0.0325  0.0325  0.0328  0.0325  0.0327  0.0323  0.0323
  0.0324  0.0323  0.0323  0.0323  0.0325  0.0324  0.0324  0.0325  0.0323  0.0324  0.0323  0.0322
  0.0323  0.0322  0.0322  0.0322  0.0323  0.0322  0.0323  0.0323  0.0322  0.0323  0.0322  0.0322
  0.0322  0.0322  0.0322  0.0322  0.0322  0.0322  0.0322  0.0322  0.0322  0.0322  0.0322  0.0322
  0.0323  0.0323  0.0322  0.0322  0.0322  0.0323  0.0322  0.0323  0.0322  0.0323  0.0322  0.0322
  0.0324  0.0324  0.0323  0.0323  0.0323  0.0324  0.0323  0.0325  0.0323  0.0324  0.0323  0.0323
  0.0326  0.0325  0.0323  0.0325  0.0326  0.0325  0.0325  0.0328  0.0325  0.0327  0.0324  0.0323
niter,ni,del,rscale     1    3    5.0000    0.4000
parameters
   -5.0120   -3.3622    3.3316  -15.6561  -28.2393  -23.5844
    7.1178   -0.1967   -4.2243   17.0369   -0.4068  -15.0090
eta,q 0.96780 17.36434
  0.0325  0.0323  0.0323  0.0324  0.0325  0.0324  0.0324  0.0326  0.0324  0.0325  0.0323  0.0322
  0.0323  0.0323  0.0323  0.0323  0.0324  0.0323  0.0323  0.0324  0.0323  0.0323  0.0322  0.0322
  0.0322  0.0322  0.0322  0.0322  0.0323  0.0322  0.0322  0.0322  0.0322  0.0322  0.0322  0.0322
  0.0322  0.0322  0.0322  0.0322  0.0322  0.0322  0.0322  0.0322  0.0322  0.0322  0.0322  0.0322
  0.0322  0.0322  0.0322  0.0322  0.0322  0.0322  0.0322  0.0322  0.0322  0.0322  0.0322  0.0322
  0.0323  0.0323  0.0322  0.0323  0.0323  0.0323  0.0323  0.0324  0.0323  0.0323  0.0322  0.0322
  0.0325  0.0324  0.0323  0.0324  0.0324  0.0324  0.0324  0.0326  0.0324  0.0325  0.0323  0.0323
registration optimization eta report
parameter search radius
    0.8000    0.8000    0.8000    2.4000    2.7600    2.4000
    2.4000    2.4000    2.4000    2.4000    2.4000    2.4000
100000*second partial in parameter space
       41.       28.       15.        3.        3.        4.
        4.        6.        3.        5.        2.        1.
  0.0325  0.0323  0.0323  0.0324  0.0325  0.0324  0.0324  0.0326  0.0324  0.0325  0.0323  0.0322
  0.0323  0.0323  0.0323  0.0323  0.0324  0.0323  0.0323  0.0324  0.0323  0.0323  0.0322  0.0322
  0.0322  0.0322  0.0322  0.0322  0.0323  0.0322  0.0322  0.0322  0.0322  0.0322  0.0322  0.0322
  0.0322  0.0322  0.0322  0.0322  0.0322  0.0322  0.0322  0.0322  0.0322  0.0322  0.0322  0.0322
  0.0322  0.0322  0.0322  0.0322  0.0322  0.0322  0.0322  0.0322  0.0322  0.0322  0.0322  0.0322
  0.0323  0.0323  0.0322  0.0323  0.0323  0.0323  0.0323  0.0324  0.0323  0.0323  0.0322  0.0322
  0.0325  0.0324  0.0323  0.0324  0.0324  0.0324  0.0324  0.0326  0.0324  0.0325  0.0323  0.0323
   -5.0120   -3.3622    3.3316  -15.6561  -28.2393  -23.5844
    7.1178   -0.1967   -4.2243   17.0369   -0.4068  -15.0090
eta,q 0.96780 17.36434

---------------------------------------------------------------------
imgreg_4dfp /opt/freesurfer/average/711-2C_as_mni_average_305 /opt/freesurfer/average/711-2B_as_mni_average_305_mask talsrcimg_g11 none talsrcimg_to_711-2C_as_mni_average_305_t4 2311
---------------------------------------------------------------------

freesurfer imgreg_4dfp.c
/opt/freesurfer/average/711-2C_as_mni_average_305.4dfp.img
       256       256       256         1
  1.000000  1.000000  1.000000
orientation T byte_order littleendian
Reading image: /opt/freesurfer/average/711-2C_as_mni_average_305.4dfp.img
dimensions:      256       256       256
mmppix:       1.0000   -1.0000   -1.0000
center:     128.0000 -129.0000 -129.0000
/opt/freesurfer/average/711-2B_as_mni_average_305_mask.4dfp.img
       256       256       256         1
  1.000000  1.000000  1.000000
orientation T byte_order littleendian
Reading mask: /opt/freesurfer/average/711-2B_as_mni_average_305_mask.4dfp.img (2306576 pixels)
talsrcimg_g11.4dfp.img
       256       256       256         1
  1.000000  1.000000  1.000000
orientation T byte_order littleendian
Reading image: talsrcimg_g11.4dfp.img
dimensions:      256       256       256
mmppix:       1.0000   -1.0000   -1.0000
center:     128.0000 -129.0000 -129.0000
fimgreg.f
image alignment mode   2311 decimal      907 hex
parameters
   -5.0120   -3.3622    3.3316  -15.6561  -28.2393  -23.5844
    7.1178   -0.1967   -4.2243   17.0369   -0.4068  -15.0090
eta,q 0.96780 17.36434
niter,ni,del,rscale     5    3    5.0000    0.8000
parameters
   -4.9946   -3.4091    3.4005  -15.6245  -28.6856  -22.9086
    6.7411   -0.1952   -4.1107   16.7171   -0.4785  -14.6240
eta,q 0.96777 17.35001
  0.0333  0.0329  0.0326  0.0329  0.0329  0.0331  0.0329  0.0336  0.0329  0.0333  0.0326  0.0326
  0.0327  0.0325  0.0324  0.0325  0.0326  0.0326  0.0325  0.0329  0.0325  0.0327  0.0324  0.0324
  0.0323  0.0323  0.0323  0.0323  0.0323  0.0323  0.0323  0.0324  0.0323  0.0324  0.0323  0.0323
  0.0322  0.0322  0.0322  0.0322  0.0322  0.0322  0.0322  0.0322  0.0322  0.0322  0.0322  0.0322
  0.0323  0.0323  0.0322  0.0323  0.0322  0.0323  0.0323  0.0324  0.0323  0.0323  0.0323  0.0323
  0.0327  0.0325  0.0323  0.0325  0.0326  0.0325  0.0327  0.0329  0.0325  0.0328  0.0324  0.0323
  0.0332  0.0329  0.0326  0.0329  0.0336  0.0327  0.0332  0.0336  0.0329  0.0338  0.0326  0.0325
niter,ni,del,rscale     4    3    5.0000    0.7000
parameters
   -4.9597   -3.4495    3.6395  -15.6674  -28.5716  -22.7707
    6.7177   -0.1616   -4.1744   16.5047   -0.5006  -14.9429
eta,q 0.96777 17.35997
  0.0331  0.0327  0.0326  0.0327  0.0329  0.0328  0.0328  0.0333  0.0327  0.0331  0.0325  0.0324
  0.0326  0.0324  0.0324  0.0324  0.0326  0.0325  0.0325  0.0327  0.0324  0.0326  0.0323  0.0323
  0.0323  0.0323  0.0323  0.0323  0.0323  0.0323  0.0323  0.0324  0.0323  0.0324  0.0323  0.0322
  0.0322  0.0322  0.0322  0.0322  0.0322  0.0322  0.0322  0.0322  0.0322  0.0322  0.0322  0.0322
  0.0323  0.0323  0.0322  0.0323  0.0322  0.0323  0.0323  0.0323  0.0323  0.0323  0.0323  0.0323
  0.0326  0.0325  0.0323  0.0325  0.0324  0.0325  0.0325  0.0327  0.0325  0.0327  0.0323  0.0324
  0.0330  0.0328  0.0324  0.0328  0.0329  0.0327  0.0329  0.0333  0.0328  0.0334  0.0325  0.0325
niter,ni,del,rscale     3    3    5.0000    0.6000
parameters
   -4.9486   -3.5360    3.7887  -15.6158  -28.0736  -22.5975
    6.8111   -0.1574   -4.1647   16.3614   -0.6508  -15.5593
eta,q 0.96782 17.41463
  0.0328  0.0326  0.0325  0.0326  0.0328  0.0327  0.0326  0.0330  0.0326  0.0329  0.0324  0.0323
  0.0325  0.0324  0.0324  0.0324  0.0325  0.0324  0.0324  0.0326  0.0324  0.0325  0.0323  0.0322
  0.0323  0.0323  0.0323  0.0323  0.0323  0.0322  0.0323  0.0323  0.0322  0.0323  0.0322  0.0322
  0.0322  0.0322  0.0322  0.0322  0.0322  0.0322  0.0322  0.0322  0.0322  0.0322  0.0322  0.0322
  0.0323  0.0323  0.0322  0.0323  0.0322  0.0323  0.0322  0.0323  0.0322  0.0323  0.0322  0.0322
  0.0325  0.0324  0.0323  0.0324  0.0323  0.0324  0.0324  0.0326  0.0324  0.0325  0.0323  0.0323
  0.0328  0.0327  0.0324  0.0326  0.0326  0.0326  0.0326  0.0330  0.0326  0.0331  0.0324  0.0325
niter,ni,del,rscale     2    3    5.0000    0.5000
parameters
   -4.9519   -3.6598    3.9435  -15.5017  -27.5277  -22.3755
    6.8803   -0.1636   -4.0658   16.2375   -0.7735  -16.0805
eta,q 0.96785 17.48107
  0.0326  0.0324  0.0324  0.0325  0.0326  0.0325  0.0325  0.0327  0.0324  0.0326  0.0323  0.0323
  0.0324  0.0323  0.0323  0.0323  0.0324  0.0323  0.0323  0.0324  0.0323  0.0324  0.0322  0.0322
  0.0322  0.0322  0.0322  0.0322  0.0323  0.0322  0.0322  0.0322  0.0322  0.0322  0.0322  0.0321
  0.0322  0.0322  0.0322  0.0322  0.0322  0.0322  0.0322  0.0321  0.0321  0.0322  0.0322  0.0322
  0.0322  0.0322  0.0322  0.0322  0.0322  0.0322  0.0322  0.0322  0.0322  0.0322  0.0322  0.0322
  0.0324  0.0323  0.0322  0.0323  0.0322  0.0323  0.0323  0.0324  0.0323  0.0324  0.0322  0.0323
  0.0326  0.0325  0.0323  0.0324  0.0324  0.0324  0.0325  0.0327  0.0324  0.0328  0.0323  0.0324
niter,ni,del,rscale     1    3    5.0000    0.4000
parameters
   -4.9604   -3.7892    4.0601  -15.3595  -27.0458  -22.1774
    6.9763   -0.1794   -3.9683   16.1214   -0.8624  -16.4328
eta,q 0.96788 17.54232
  0.0324  0.0323  0.0323  0.0323  0.0324  0.0324  0.0323  0.0325  0.0323  0.0324  0.0322  0.0322
  0.0323  0.0322  0.0322  0.0322  0.0323  0.0322  0.0322  0.0323  0.0322  0.0323  0.0322  0.0322
  0.0322  0.0321  0.0322  0.0322  0.0322  0.0322  0.0322  0.0322  0.0321  0.0322  0.0321  0.0321
  0.0321  0.0321  0.0321  0.0321  0.0321  0.0321  0.0321  0.0321  0.0321  0.0321  0.0321  0.0321
  0.0322  0.0322  0.0321  0.0321  0.0321  0.0322  0.0321  0.0322  0.0321  0.0322  0.0321  0.0322
  0.0323  0.0323  0.0322  0.0322  0.0321  0.0322  0.0322  0.0323  0.0322  0.0323  0.0322  0.0322
  0.0324  0.0324  0.0322  0.0323  0.0323  0.0323  0.0323  0.0325  0.0323  0.0325  0.0322  0.0323
registration optimization eta report
parameter search radius
    0.8000    0.8000    0.8000    2.4000    2.4000    2.4000
    2.4000    2.4000    2.4000    2.4000    2.4000    2.4000
100000*second partial in parameter space
       40.       28.       21.        3.        4.        3.
        4.        6.        3.        6.        2.        2.
  0.0324  0.0323  0.0323  0.0323  0.0324  0.0324  0.0323  0.0325  0.0323  0.0324  0.0322  0.0322
  0.0323  0.0322  0.0322  0.0322  0.0323  0.0322  0.0322  0.0323  0.0322  0.0323  0.0322  0.0322
  0.0322  0.0321  0.0322  0.0322  0.0322  0.0322  0.0322  0.0322  0.0321  0.0322  0.0321  0.0321
  0.0321  0.0321  0.0321  0.0321  0.0321  0.0321  0.0321  0.0321  0.0321  0.0321  0.0321  0.0321
  0.0322  0.0322  0.0321  0.0321  0.0321  0.0322  0.0321  0.0322  0.0321  0.0322  0.0321  0.0322
  0.0323  0.0323  0.0322  0.0322  0.0321  0.0322  0.0322  0.0323  0.0322  0.0323  0.0322  0.0322
  0.0324  0.0324  0.0322  0.0323  0.0323  0.0323  0.0323  0.0325  0.0323  0.0325  0.0322  0.0323
   -4.9604   -3.7892    4.0601  -15.3595  -27.0458  -22.1774
    6.9763   -0.1794   -3.9683   16.1214   -0.8624  -16.4328
eta,q 0.96788 17.54232

---------------------------------------------------------------------
compute_vox2vox talsrcimg talsrcimg_to_711-2C_as_mni_average_305_t4 /opt/freesurfer/average/711-2C_as_mni_average_305
---------------------------------------------------------------------

freesurfer compute_vox2vox.c
Reading: talsrcimg.4dfp.ifh
Reading: talsrcimg_to_711-2C_as_mni_average_305_t4
Reading: /opt/freesurfer/average/711-2C_as_mni_average_305.4dfp.ifh
Writing: talsrcimg_to_711-2C_as_mni_average_305_t4_vox2vox.txt

start time Sun Mar 8 23:44:42 CET 2026
end		time Sun Mar 8 23:46:21 CET 2026

mpr2mni305 success

avi2talxfm orig_nu.mgz /opt/freesurfer/average/mni305.cor.mgz talsrcimg_to_711-2C_as_mni_average_305_t4_vox2vox.txt transforms/talairach.auto.xfm
avi2talxfm done
mv -f /out/sourcedata/freesurfer/sub-v1s16x0051182_ses-1/mri/talsrcimg_to_711-2C_as_mni_average_305_t4_vox2vox.txt /out/sourcedata/freesurfer/sub-v1s16x0051182_ses-1/mri/transforms/talsrcimg_to_711-2C_as_mni_average_305_t4_vox2vox.txt
lta_convert --src orig_nu.mgz --trg /opt/freesurfer/average/mni305.cor.mgz --inxfm transforms/talairach.auto.xfm --outlta transforms/talairach.auto.xfm.lta --subject fsaverage
7.3.2

--src: orig_nu.mgz src image (geometry).
--trg: /opt/freesurfer/average/mni305.cor.mgz trg image (geometry).
--inmni: transforms/talairach.auto.xfm input MNI/XFM transform.
--outlta: transforms/talairach.auto.xfm.lta output LTA.
--s: fsaverage subject name
 LTA read, type : 1
 1.17671   0.02486  -0.10692   4.39066;
 0.02537   1.22822   0.27423   0.39738;
 0.05840  -0.27006   1.30431   11.76077;
 0.00000   0.00000   0.00000   1.00000;
setting subject to fsaverage
Writing  LTA to file transforms/talairach.auto.xfm.lta...
lta_convert successful.
 
 
Started at Sun Mar 8 23:44:42 CET 2026
Ended   at Sun Mar  8 23:46:21 CET 2026
talairach_avi done
