/out/sourcedata/freesurfer/sub-v1s16x0051172_ses-1/mri
/opt/freesurfer/bin/talairach_avi
--i orig_nu.mgz --xfm transforms/talairach.auto.xfm
talairach_avi 7.3.2
Linux dna059 5.14.0-427.37.1.el9_4.x86_64 #1 SMP PREEMPT_DYNAMIC Fri Sep 13 12:41:50 EDT 2024 x86_64 x86_64 x86_64 GNU/Linux
Sun Mar  8 22:35:34 CET 2026
mri_convert orig_nu.mgz talsrcimg.img 
reading from orig_nu.mgz...
TR=0.00, TE=0.00, TI=0.00, flip angle=0.00
i_ras = (-1, 0, 0)
j_ras = (0, 0, -1)
k_ras = (0, 1, 0)
writing to talsrcimg.img...
Analyze Output Matrix
-1.00000   0.00000   0.00000   127.66822;
 0.00000   0.00000   1.00000  -123.51704;
 0.00000  -1.00000   0.00000   131.77521;
 0.00000   0.00000   0.00000   1.00000;
--------------------
INFO: set hdr.hist.orient to -1
mpr2mni305 talsrcimg
Sun Mar  8 22:35:34 CET 2026
/opt/freesurfer/bin/mpr2mni305 talsrcimg
mpr2mni305 7.3.2
target=711-2C_as_mni_average_305

---------------------------------------------------------------------
analyzeto4dfp talsrcimg -O0 -y
---------------------------------------------------------------------

freesurfer ifh2hdr.c
Sun Mar  8 22:35:35 2026
Writing: talsrcimg.4dfp.hdr
freesurfer analyzeto4dfp.c
Reading: talsrcimg.hdr
header size 348 bytes
hdr.dime.datatype	offset=70	value=2
hdr.dime.bitpix		offset=72	value=8
hdr.hist.orient		offset=252	value=-1
dimensionality     4
dimensions       256       256       256         1
Reading: talsrcimg.img
Writing: talsrcimg.4dfp.img
Writing: talsrcimg.4dfp.ifh
ifh2hdr talsrcimg -r0to220
ori=2

---------------------------------------------------------------------
gauss_4dfp talsrcimg 1.1
---------------------------------------------------------------------

freesurfer gauss_4dfp.c
Reading: talsrcimg.4dfp.img
Writing: talsrcimg_g11.4dfp.img
image dimensions 256 256 256 padded to 288 288 288
processing volume 1freesurfer ifh2hdr.c
Sun Mar  8 22:35:36 2026
Writing: talsrcimg_g11.4dfp.hdr

Writing: talsrcimg_g11.4dfp.ifh
including: talsrcimg.4dfp.img.rec in talsrcimg_g11.4dfp.img.rec

---------------------------------------------------------------------
imgreg_4dfp /opt/freesurfer/average/711-2C_as_mni_average_305 none talsrcimg_g11 none talsrcimg_to_711-2C_as_mni_average_305_t4 4355
---------------------------------------------------------------------

freesurfer imgreg_4dfp.c
/opt/freesurfer/average/711-2C_as_mni_average_305.4dfp.img
       256       256       256         1
  1.000000  1.000000  1.000000
orientation T byte_order littleendian
Reading image: /opt/freesurfer/average/711-2C_as_mni_average_305.4dfp.img
dimensions:      256       256       256
mmppix:       1.0000   -1.0000   -1.0000
center:     128.0000 -129.0000 -129.0000
talsrcimg_g11.4dfp.img
       256       256       256         1
  1.000000  1.000000  1.000000
orientation T byte_order littleendian
Reading image: talsrcimg_g11.4dfp.img
dimensions:      256       256       256
mmppix:       1.0000   -1.0000   -1.0000
center:     128.0000 -129.0000 -129.0000
t4_read: open error in t4_sub.f l:  41 t4_file(1:l)talsrcimg_to_711-2C_as_mni_average_305_t4 
t4_read: transform initialized to I4
rotation matrix determinant  1.000000
image alignment mode   4355 decimal     1103 hex
   -7.5000  -45.0000  -45.0000 5844.8198   25.6466
    0.0000  -45.0000  -45.0000 6096.6475   25.6230
    7.5000  -45.0000  -45.0000 5826.9028   25.6270
   -7.5000  -37.5000  -45.0000 6329.2671   24.9965
    0.0000  -37.5000  -45.0000 6616.5659   24.9838
    7.5000  -37.5000  -45.0000 6295.7700   24.9934
   -7.5000  -30.0000  -45.0000 7083.4619   24.5300
    0.0000  -30.0000  -45.0000 7426.2451   24.5176
    7.5000  -30.0000  -45.0000 7048.9922   24.5226
   -7.5000  -22.5000  -45.0000 7921.7764   24.3570
    0.0000  -22.5000  -45.0000 8282.7549   24.3369
    7.5000  -22.5000  -45.0000 7873.5864   24.3373
   -7.5000  -15.0000  -45.0000 8836.3516   24.3642
    0.0000  -15.0000  -45.0000 9237.3730   24.3344
    7.5000  -15.0000  -45.0000 8766.7363   24.3306
   -7.5000   -7.5000  -45.0000 9679.5527   24.3720
    0.0000   -7.5000  -45.000010137.9834   24.3416
    7.5000   -7.5000  -45.0000 9643.6436   24.3380
   -7.5000    0.0000  -45.000010400.1758   24.3683
    0.0000    0.0000  -45.000010946.0029   24.3475
    7.5000    0.0000  -45.000010380.2783   24.3498
   -7.5000    7.5000  -45.000010260.0674   24.3577
    0.0000    7.5000  -45.000010844.8340   24.3457
    7.5000    7.5000  -45.000010228.3760   24.3521
   -7.5000   15.0000  -45.000010104.6680   24.3523
    0.0000   15.0000  -45.000010663.9053   24.3403
    7.5000   15.0000  -45.000010035.3682   24.3450
   -7.5000   22.5000  -45.0000 9924.5273   24.3517
    0.0000   22.5000  -45.000010423.7852   24.3317
    7.5000   22.5000  -45.0000 9821.0234   24.3321
   -7.5000   30.0000  -45.0000 9757.3965   24.0395
    0.0000   30.0000  -45.000010253.4580   24.0102
    7.5000   30.0000  -45.0000 9643.7256   24.0063
   -7.5000   37.5000  -45.0000 9832.7949   24.0472
    0.0000   37.5000  -45.000010366.6895   24.0172
    7.5000   37.5000  -45.0000 9732.4121   24.0137
   -7.5000   45.0000  -45.0000 9233.8906   23.4330
    0.0000   45.0000  -45.0000 9768.3535   23.4130
    7.5000   45.0000  -45.0000 9160.6230   23.4153
   -7.5000  -45.0000  -37.5000 6203.3730   25.3189
    0.0000  -45.0000  -37.5000 6489.2432   25.3180
    7.5000  -45.0000  -37.5000 6211.4941   25.3440
   -7.5000  -37.5000  -37.5000 6709.9351   24.6869
    0.0000  -37.5000  -37.5000 7040.3306   24.6866
    7.5000  -37.5000  -37.5000 6717.9805   24.7054
   -7.5000  -30.0000  -37.5000 7505.2749   24.2233
    0.0000  -30.0000  -37.5000 7889.4580   24.2207
    7.5000  -30.0000  -37.5000 7518.4692   24.2343
   -7.5000  -22.5000  -37.5000 8430.5107   24.0421
    0.0000  -22.5000  -37.5000 8857.6396   24.0382
    7.5000  -22.5000  -37.5000 8424.5342   24.0590
   -7.5000  -15.0000  -37.5000 9385.5410   24.0403
    0.0000  -15.0000  -37.5000 9865.1309   24.0368
    7.5000  -15.0000  -37.5000 9388.1230   24.0672
   -7.5000   -7.5000  -37.500010284.2168   24.0534
    0.0000   -7.5000  -37.500010798.2871   24.0514
    7.5000   -7.5000  -37.500010274.0410   24.0816
   -7.5000    0.0000  -37.500011030.5410   24.0630
    0.0000    0.0000  -37.500011590.6963   24.0626
    7.5000    0.0000  -37.500011048.3877   24.0852
   -7.5000    7.5000  -37.500010919.8174   24.0589
    0.0000    7.5000  -37.500011485.3633   24.0585
    7.5000    7.5000  -37.500010923.9463   24.0738
   -7.5000   15.0000  -37.500010729.6982   24.0493
    0.0000   15.0000  -37.500011309.9268   24.0469
    7.5000   15.0000  -37.500010718.8662   24.0601
   -7.5000   22.5000  -37.500010504.8320   24.0370
    0.0000   22.5000  -37.500011063.8691   24.0331
    7.5000   22.5000  -37.500010470.3467   24.0539
   -7.5000   30.0000  -37.500010282.7119   23.7199
    0.0000   30.0000  -37.500010868.5459   23.7165
    7.5000   30.0000  -37.500010229.8057   23.7465
   -7.5000   37.5000  -37.500010345.2041   23.7329
    0.0000   37.5000  -37.500010948.3496   23.7309
    7.5000   37.5000  -37.500010282.3701   23.7606
   -7.5000   45.0000  -37.5000 9672.4346   23.1395
    0.0000   45.0000  -37.500010256.8057   23.1390
    7.5000   45.0000  -37.5000 9655.9033   23.1608
   -7.5000  -45.0000  -30.0000 6727.8501   26.3513
    0.0000  -45.0000  -30.0000 7060.4829   26.3522
    7.5000  -45.0000  -30.0000 6736.1919   26.3899
   -7.5000  -37.5000  -30.0000 7264.3252   25.7003
    0.0000  -37.5000  -30.0000 7654.1592   25.6963
    7.5000  -37.5000  -30.0000 7289.4189   25.7142
   -7.5000  -30.0000  -30.0000 8159.6343   25.2215
    0.0000  -30.0000  -30.0000 8593.6182   25.2160
    7.5000  -30.0000  -30.0000 8171.6392   25.2224
   -7.5000  -22.5000  -30.0000 9178.5811   25.0303
    0.0000  -22.5000  -30.0000 9665.6133   25.0298
    7.5000  -22.5000  -30.0000 9185.5303   25.0500
   -7.5000  -15.0000  -30.000010193.8320   25.0179
    0.0000  -15.0000  -30.000010743.9258   25.0234
    7.5000  -15.0000  -30.000010231.1055   25.0656
   -7.5000   -7.5000  -30.000011119.4697   25.0237
    0.0000   -7.5000  -30.000011692.2734   25.0293
    7.5000   -7.5000  -30.000011137.3018   25.0767
   -7.5000    0.0000  -30.000011925.0654   25.0368
    0.0000    0.0000  -30.000012532.4932   25.0377
    7.5000    0.0000  -30.000011962.3633   25.0714
   -7.5000    7.5000  -30.000011851.4854   25.0430
    0.0000    7.5000  -30.000012483.8359   25.0391
    7.5000    7.5000  -30.000011871.2920   25.0535
   -7.5000   15.0000  -30.000011654.6865   25.0405
    0.0000   15.0000  -30.000012284.7246   25.0353
    7.5000   15.0000  -30.000011654.5176   25.0413
   -7.5000   22.5000  -30.000011368.4434   25.0225
    0.0000   22.5000  -30.000011993.3105   25.0220
    7.5000   22.5000  -30.000011331.3574   25.0421
   -7.5000   30.0000  -30.000011056.7783   24.6869
    0.0000   30.0000  -30.000011671.8311   24.6923
    7.5000   30.0000  -30.000011002.5088   24.7339
   -7.5000   37.5000  -30.000011091.1572   24.6926
    0.0000   37.5000  -30.000011698.2676   24.6981
    7.5000   37.5000  -30.000011015.1172   24.7449
   -7.5000   45.0000  -30.000010370.7295   24.0936
    0.0000   45.0000  -30.000010951.3154   24.0944
    7.5000   45.0000  -30.000010338.5391   24.1269
   -7.5000  -45.0000  -22.5000 7234.6221   27.2571
    0.0000  -45.0000  -22.5000 7626.2954   27.2319
    7.5000  -45.0000  -22.5000 7248.4082   27.2558
   -7.5000  -37.5000  -22.5000 7849.7852   26.5891
    0.0000  -37.5000  -22.5000 8262.1104   26.5652
    7.5000  -37.5000  -22.5000 7878.6128   26.5705
   -7.5000  -30.0000  -22.5000 8845.9688   26.1118
    0.0000  -30.0000  -22.5000 9310.7607   26.0914
    7.5000  -30.0000  -22.5000 8899.9990   26.0784
   -7.5000  -22.5000  -22.5000 9900.9941   25.9287
    0.0000  -22.5000  -22.500010437.1572   25.9139
    7.5000  -22.5000  -22.5000 9977.4893   25.9066
   -7.5000  -15.0000  -22.500010958.3564   25.9131
    0.0000  -15.0000  -22.500011545.1875   25.8990
    7.5000  -15.0000  -22.500011057.1787   25.9112
   -7.5000   -7.5000  -22.500011931.8770   25.8985
    0.0000   -7.5000  -22.500012567.2539   25.8793
    7.5000   -7.5000  -22.500012007.9258   25.9043
   -7.5000    0.0000  -22.500012825.3945   25.8959
    0.0000    0.0000  -22.500013523.2812   25.8733
    7.5000    0.0000  -22.500012900.5654   25.8945
   -7.5000    7.5000  -22.500012797.6797   25.9082
    0.0000    7.5000  -22.500013522.4668   25.8856
    7.5000    7.5000  -22.500012880.3271   25.8882
   -7.5000   15.0000  -22.500012587.9492   25.9244
    0.0000   15.0000  -22.500013342.1133   25.9045
    7.5000   15.0000  -22.500012668.5596   25.8915
   -7.5000   22.5000  -22.500012218.3730   25.9187
    0.0000   22.5000  -22.500012992.2051   25.9039
    7.5000   22.5000  -22.500012296.0010   25.8967
   -7.5000   30.0000  -22.500011851.3926   25.5742
    0.0000   30.0000  -22.500012604.0596   25.5602
    7.5000   30.0000  -22.500011907.3604   25.5723
   -7.5000   37.5000  -22.500011864.6787   25.5597
    0.0000   37.5000  -22.500012587.5938   25.5408
    7.5000   37.5000  -22.500011846.0771   25.5655
   -7.5000   45.0000  -22.500011115.4014   24.9391
    0.0000   45.0000  -22.500011767.5000   24.9172
    7.5000   45.0000  -22.500011085.4053   24.9377
   -7.5000  -45.0000  -15.0000 7757.4546   27.9017
    0.0000  -45.0000  -15.0000 8162.9556   27.8485
    7.5000  -45.0000  -15.0000 7760.3916   27.8467
   -7.5000  -37.5000  -15.0000 8457.2207   27.2111
    0.0000  -37.5000  -15.0000 8901.4043   27.1698
    7.5000  -37.5000  -15.0000 8479.9287   27.1627
   -7.5000  -30.0000  -15.0000 9507.6504   26.7316
    0.0000  -30.0000  -15.000010038.2158   26.6975
    7.5000  -30.0000  -15.0000 9601.8828   26.6720
   -7.5000  -22.5000  -15.000010616.4209   26.5615
    0.0000  -22.5000  -15.000011205.5352   26.5281
    7.5000  -22.5000  -15.000010749.3926   26.4953
   -7.5000  -15.0000  -15.000011699.5059   26.5555
    0.0000  -15.0000  -15.000012348.8506   26.5129
    7.5000  -15.0000  -15.000011882.1240   26.4855
   -7.5000   -7.5000  -15.000012749.2891   26.5301
    0.0000   -7.5000  -15.000013478.2373   26.4788
    7.5000   -7.5000  -15.000012933.2783   26.4659
   -7.5000    0.0000  -15.000013732.4971   26.5089
    0.0000    0.0000  -15.000014550.1533   26.4610
    7.5000    0.0000  -15.000013915.0391   26.4588
   -7.5000    7.5000  -15.000013701.1611   26.5146
    0.0000    7.5000  -15.000014597.9707   26.4756
    7.5000    7.5000  -15.000013919.7979   26.4663
   -7.5000   15.0000  -15.000013432.4844   26.5397
    0.0000   15.0000  -15.000014391.2139   26.5066
    7.5000   15.0000  -15.000013670.0859   26.4812
   -7.5000   22.5000  -15.000013051.5273   26.5501
    0.0000   22.5000  -15.000013971.1650   26.5167
    7.5000   22.5000  -15.000013242.1475   26.4839
   -7.5000   30.0000  -15.000012670.9443   26.2118
    0.0000   30.0000  -15.000013549.4629   26.1697
    7.5000   30.0000  -15.000012827.0273   26.1427
   -7.5000   37.5000  -15.000012642.4629   26.1867
    0.0000   37.5000  -15.000013481.6172   26.1361
    7.5000   37.5000  -15.000012729.3906   26.1234
   -7.5000   45.0000  -15.000011824.1719   25.5448
    0.0000   45.0000  -15.000012576.2529   25.4987
    7.5000   45.0000  -15.000011909.1816   25.4965
   -7.5000  -45.0000   -7.5000 8304.5322   28.2157
    0.0000  -45.0000   -7.5000 8760.0400   28.1642
    7.5000  -45.0000   -7.5000 8341.8945   28.1546
   -7.5000  -37.5000   -7.5000 9084.7842   27.5061
    0.0000  -37.5000   -7.5000 9589.4023   27.4710
    7.5000  -37.5000   -7.5000 9163.3066   27.4677
   -7.5000  -30.0000   -7.500010202.0010   27.0098
    0.0000  -30.0000   -7.500010800.5146   26.9794
    7.5000  -30.0000   -7.500010345.4170   26.9645
   -7.5000  -22.5000   -7.500011379.0576   26.8369
    0.0000  -22.5000   -7.500012003.7256   26.7998
    7.5000  -22.5000   -7.500011518.2881   26.7731
   -7.5000  -15.0000   -7.500012510.2432   26.8425
    0.0000  -15.0000   -7.500013187.0713   26.7912
    7.5000  -15.0000   -7.500012699.0479   26.7587
   -7.5000   -7.5000   -7.500013650.9053   26.8304
    0.0000   -7.5000   -7.500014403.6377   26.7736
    7.5000   -7.5000   -7.500013872.6963   26.7488
   -7.5000    0.0000   -7.500014744.1719   26.8100
    0.0000    0.0000   -7.500015607.0449   26.7638
    7.5000    0.0000   -7.500015035.3145   26.7538
   -7.5000    7.5000   -7.500014669.5615   26.8035
    0.0000    7.5000   -7.500015730.3643   26.7703
    7.5000    7.5000   -7.500015062.7881   26.7644
   -7.5000   15.0000   -7.500014307.4912   26.8161
    0.0000   15.0000   -7.500015435.2578   26.7865
    7.5000   15.0000   -7.500014750.3867   26.7716
   -7.5000   22.5000   -7.500013859.0908   26.8224
    0.0000   22.5000   -7.500014934.6133   26.7854
    7.5000   22.5000   -7.500014290.5469   26.7587
   -7.5000   30.0000   -7.500013486.5000   26.4944
    0.0000   30.0000   -7.500014484.7393   26.4438
    7.5000   30.0000   -7.500013868.2656   26.4117
   -7.5000   37.5000   -7.500013420.4053   26.4824
    0.0000   37.5000   -7.500014375.9492   26.4263
    7.5000   37.5000   -7.500013722.2891   26.4019
   -7.5000   45.0000   -7.500012503.3486   25.8398
    0.0000   45.0000   -7.500013382.9688   25.7952
    7.5000   45.0000   -7.500012766.6270   25.7857
   -7.5000  -45.0000    0.0000 8752.1377   28.2719
    0.0000  -45.0000    0.0000 9311.6387   28.2463
    7.5000  -45.0000    0.0000 8898.3867   28.2520
   -7.5000  -37.5000    0.0000 9584.4424   27.5568
    0.0000  -37.5000    0.000010167.4922   27.5430
    7.5000  -37.5000    0.0000 9756.1934   27.5543
   -7.5000  -30.0000    0.000010795.6035   27.0435
    0.0000  -30.0000    0.000011396.9521   27.0297
    7.5000  -30.0000    0.000010949.4082   27.0355
   -7.5000  -22.5000    0.000012028.6055   26.8559
    0.0000  -22.5000    0.000012644.1094   26.8339
    7.5000  -22.5000    0.000012152.3984   26.8344
   -7.5000  -15.0000    0.000013234.3955   26.8635
    0.0000  -15.0000    0.000013886.8027   26.8310
    7.5000  -15.0000    0.000013355.8213   26.8273
   -7.5000   -7.5000    0.000014427.4004   26.8703
    0.0000   -7.5000    0.000015151.8359   26.8372
    7.5000   -7.5000    0.000014611.6074   26.8342
   -7.5000    0.0000    0.000015652.7510   26.8649
    0.0000    0.0000    0.000016590.3066   26.8422
    7.5000    0.0000    0.000016033.9258   26.8458
   -7.5000    7.5000    0.000015544.7148   26.8538
    0.0000    7.5000    0.000016786.4551   26.8405
    7.5000    7.5000    0.000016172.3037   26.8483
   -7.5000   15.0000    0.000015103.2031   26.8496
    0.0000   15.0000    0.000016397.0117   26.8363
    7.5000   15.0000    0.000015873.7529   26.8417
   -7.5000   22.5000    0.000014672.4609   26.8415
    0.0000   22.5000    0.000015827.0293   26.8195
    7.5000   22.5000    0.000015375.6162   26.8200
   -7.5000   30.0000    0.000014282.4580   26.5158
    0.0000   30.0000    0.000015366.4463   26.4838
    7.5000   30.0000    0.000014838.6162   26.4801
   -7.5000   37.5000    0.000014112.7939   26.5225
    0.0000   37.5000    0.000015209.6758   26.4898
    7.5000   37.5000    0.000014599.2090   26.4870
   -7.5000   45.0000    0.000013080.3350   25.8947
    0.0000   45.0000    0.000014125.2764   25.8728
    7.5000   45.0000    0.000013537.3936   25.8763
   -7.5000  -45.0000    7.5000 8563.5508   28.2859
    0.0000  -45.0000    7.5000 9096.5342   28.2850
    7.5000  -45.0000    7.5000 8697.6758   28.3140
   -7.5000  -37.5000    7.5000 9376.0000   27.5762
    0.0000  -37.5000    7.5000 9952.3750   27.5760
    7.5000  -37.5000    7.5000 9507.3086   27.5970
   -7.5000  -30.0000    7.500010538.2314   27.0553
    0.0000  -30.0000    7.500011131.6602   27.0526
    7.5000  -30.0000    7.500010614.0977   27.0677
   -7.5000  -22.5000    7.500011730.7383   26.8535
    0.0000  -22.5000    7.500012331.6807   26.8494
    7.5000  -22.5000    7.500011773.4863   26.8726
   -7.5000  -15.0000    7.500012911.6045   26.8519
    0.0000  -15.0000    7.500013508.1973   26.8482
    7.5000  -15.0000    7.500012934.8867   26.8820
   -7.5000   -7.5000    7.500014178.1621   26.8666
    0.0000   -7.5000    7.500014810.6006   26.8644
    7.5000   -7.5000    7.500014188.6260   26.8979
   -7.5000    0.0000    7.500015444.4746   26.8770
    0.0000    0.0000    7.500016425.2188   26.8765
    7.5000    0.0000    7.500015762.2031   26.9017
   -7.5000    7.5000    7.500015315.2764   26.8720
    0.0000    7.5000    7.500016684.1289   26.8716
    7.5000    7.5000    7.500016075.7383   26.8887
   -7.5000   15.0000    7.500014894.9453   26.8613
    0.0000   15.0000    7.500016304.4766   26.8588
    7.5000   15.0000    7.500015811.9766   26.8734
   -7.5000   22.5000    7.500014505.7285   26.8391
    0.0000   22.5000    7.500015838.5215   26.8350
    7.5000   22.5000    7.500015311.4248   26.8581
   -7.5000   30.0000    7.500014104.6191   26.5043
    0.0000   30.0000    7.500015329.8311   26.5007
    7.5000   30.0000    7.500014714.9336   26.5341
   -7.5000   37.5000    7.500013898.0117   26.5189
    0.0000   37.5000    7.500015090.8184   26.5167
    7.5000   37.5000    7.500014390.5303   26.5498
   -7.5000   45.0000    7.500012844.3770   25.9063
    0.0000   45.0000    7.500013942.4756   25.9058
    7.5000   45.0000    7.500013269.9219   25.9301
   -7.5000  -45.0000   15.0000 8196.6250   28.2970
    0.0000  -45.0000   15.0000 8717.2734   28.2980
    7.5000  -45.0000   15.0000 8326.1963   28.3384
   -7.5000  -37.5000   15.0000 9005.1641   27.5979
    0.0000  -37.5000   15.0000 9553.2930   27.5936
    7.5000  -37.5000   15.0000 9133.6104   27.6128
   -7.5000  -30.0000   15.000010139.8047   27.0838
    0.0000  -30.0000   15.000010683.3281   27.0778
    7.5000  -30.0000   15.000010188.1133   27.0847
   -7.5000  -22.5000   15.000011303.6240   26.8785
    0.0000  -22.5000   15.000011858.9033   26.8779
    7.5000  -22.5000   15.000011310.2744   26.8996
   -7.5000  -15.0000   15.000012461.5801   26.8651
    0.0000  -15.0000   15.000013045.9258   26.8710
    7.5000  -15.0000   15.000012426.7100   26.9163
   -7.5000   -7.5000   15.000013708.5039   26.8713
    0.0000   -7.5000   15.000014390.3096   26.8774
    7.5000   -7.5000   15.000013679.0654   26.9283
   -7.5000    0.0000   15.000014955.3535   26.8854
    0.0000    0.0000   15.000015985.0420   26.8864
    7.5000    0.0000   15.000015089.5215   26.9226
   -7.5000    7.5000   15.000015041.4033   26.8921
    0.0000    7.5000   15.000016293.1758   26.8878
    7.5000    7.5000   15.000015126.9023   26.9033
   -7.5000   15.0000   15.000014734.7061   26.8894
    0.0000   15.0000   15.000015992.4336   26.8837
    7.5000   15.0000   15.000014840.1650   26.8903
   -7.5000   22.5000   15.000014301.4248   26.8641
    0.0000   22.5000   15.000015479.3750   26.8635
    7.5000   22.5000   15.000014458.0820   26.8852
   -7.5000   30.0000   15.000013763.4170   26.5174
    0.0000   30.0000   15.000014843.7529   26.5232
    7.5000   30.0000   15.000013965.2744   26.5680
   -7.5000   37.5000   15.000013463.6025   26.5236
    0.0000   37.5000   15.000014515.4033   26.5295
    7.5000   37.5000   15.000013687.4980   26.5798
   -7.5000   45.0000   15.000012398.5146   25.9144
    0.0000   45.0000   15.000013374.3115   25.9154
    7.5000   45.0000   15.000012657.6318   25.9502
   -7.5000  -45.0000   22.5000 7772.9150   28.2951
    0.0000  -45.0000   22.5000 8257.9951   28.2689
    7.5000  -45.0000   22.5000 7880.8271   28.2937
   -7.5000  -37.5000   22.5000 8552.0107   27.6016
    0.0000  -37.5000   22.5000 9071.7070   27.5768
    7.5000  -37.5000   22.5000 8647.6396   27.5823
   -7.5000  -30.0000   22.5000 9651.1240   27.1062
    0.0000  -30.0000   22.500010214.5605   27.0849
    7.5000  -30.0000   22.5000 9694.4600   27.0715
   -7.5000  -22.5000   22.500010787.0498   26.9160
    0.0000  -22.5000   22.500011422.6904   26.9007
    7.5000  -22.5000   22.500010824.3223   26.8931
   -7.5000  -15.0000   22.500011939.5273   26.8999
    0.0000  -15.0000   22.500012667.7783   26.8852
    7.5000  -15.0000   22.500011939.2910   26.8979
   -7.5000   -7.5000   22.500013107.9932   26.8847
    0.0000   -7.5000   22.500013992.2031   26.8648
    7.5000   -7.5000   22.500013110.1797   26.8907
   -7.5000    0.0000   22.500014185.4883   26.8821
    0.0000    0.0000   22.500015278.4141   26.8585
    7.5000    0.0000   22.500014222.4873   26.8806
   -7.5000    7.5000   22.500014301.2275   26.8948
    0.0000    7.5000   22.500015395.7539   26.8713
    7.5000    7.5000   22.500014098.7061   26.8740
   -7.5000   15.0000   22.500014264.3916   26.9116
    0.0000   15.0000   22.500015166.1279   26.8909
    7.5000   15.0000   22.500013848.4785   26.8775
   -7.5000   22.5000   22.500013916.7490   26.9016
    0.0000   22.5000   22.500014708.8994   26.8863
    7.5000   22.5000   22.500013584.9834   26.8787
   -7.5000   30.0000   22.500013267.9004   26.5518
    0.0000   30.0000   22.500014037.7109   26.5373
    7.5000   30.0000   22.500013176.3408   26.5498
   -7.5000   37.5000   22.500012868.5059   26.5367
    0.0000   37.5000   22.500013645.9248   26.5171
    7.5000   37.5000   22.500012913.5586   26.5427
   -7.5000   45.0000   22.500011817.5215   25.9112
    0.0000   45.0000   22.500012550.7852   25.8885
    7.5000   45.0000   22.500011948.0293   25.9098
   -7.5000  -45.0000   30.0000 7202.2383   28.2846
    0.0000  -45.0000   30.0000 7616.1357   28.2307
    7.5000  -45.0000   30.0000 7250.0327   28.2289
   -7.5000  -37.5000   30.0000 7948.8760   27.5845
    0.0000  -37.5000   30.0000 8374.1406   27.5427
    7.5000  -37.5000   30.0000 7954.2554   27.5355
   -7.5000  -30.0000   30.0000 9029.2656   27.0985
    0.0000  -30.0000   30.0000 9466.8252   27.0639
    7.5000  -30.0000   30.0000 8989.6680   27.0381
   -7.5000  -22.5000   30.000010125.1045   26.9260
    0.0000  -22.5000   30.000010593.1865   26.8921
    7.5000  -22.5000   30.000010088.8516   26.8589
   -7.5000  -15.0000   30.000011182.0410   26.9200
    0.0000  -15.0000   30.000011725.5479   26.8767
    7.5000  -15.0000   30.000011174.3701   26.8489
   -7.5000   -7.5000   30.000012176.6807   26.8942
    0.0000   -7.5000   30.000012792.2363   26.8422
    7.5000   -7.5000   30.000012249.7812   26.8291
   -7.5000    0.0000   30.000013082.1611   26.8727
    0.0000    0.0000   30.000013772.2188   26.8242
    7.5000    0.0000   30.000013171.2275   26.8219
   -7.5000    7.5000   30.000013125.6260   26.8785
    0.0000    7.5000   30.000013796.1973   26.8389
    7.5000    7.5000   30.000013099.7334   26.8296
   -7.5000   15.0000   30.000013036.2598   26.9039
    0.0000   15.0000   30.000013693.3643   26.8703
    7.5000   15.0000   30.000012911.8955   26.8446
   -7.5000   22.5000   30.000012811.4375   26.9116
    0.0000   22.5000   30.000013499.3184   26.8777
    7.5000   22.5000   30.000012679.4014   26.8445
   -7.5000   30.0000   30.000012423.2344   26.5716
    0.0000   30.0000   30.000013063.4990   26.5289
    7.5000   30.0000   30.000012288.5635   26.5015
   -7.5000   37.5000   30.000012104.4160   26.5461
    0.0000   37.5000   30.000012715.5195   26.4948
    7.5000   37.5000   30.000011999.4531   26.4819
   -7.5000   45.0000   30.000011115.3408   25.9022
    0.0000   45.0000   30.000011694.3359   25.8554
    7.5000   45.0000   30.000011106.7598   25.8532
   -7.5000  -45.0000   37.5000 6927.5591   28.3842
    0.0000  -45.0000   37.5000 7263.6753   28.3322
    7.5000  -45.0000   37.5000 6956.3521   28.3229
   -7.5000  -37.5000   37.5000 7636.2192   27.6677
    0.0000  -37.5000   37.5000 7978.9111   27.6320
    7.5000  -37.5000   37.5000 7619.6597   27.6290
   -7.5000  -30.0000   37.5000 8653.1689   27.1665
    0.0000  -30.0000   37.5000 9008.7520   27.1355
    7.5000  -30.0000   37.5000 8601.4326   27.1210
   -7.5000  -22.5000   37.5000 9681.6006   26.9919
    0.0000  -22.5000   37.500010077.3467   26.9543
    7.5000  -22.5000   37.5000 9621.7627   26.9278
   -7.5000  -15.0000   37.500010691.8389   26.9976
    0.0000  -15.0000   37.500011115.8506   26.9458
    7.5000  -15.0000   37.500010636.7734   26.9135
   -7.5000   -7.5000   37.500011617.3408   26.9855
    0.0000   -7.5000   37.500012088.1074   26.9283
    7.5000   -7.5000   37.500011582.6240   26.9037
   -7.5000    0.0000   37.500012467.1777   26.9650
    0.0000    0.0000   37.500012959.7148   26.9183
    7.5000    0.0000   37.500012418.5225   26.9086
   -7.5000    7.5000   37.500012470.2266   26.9583
    0.0000    7.5000   37.500012919.8535   26.9245
    7.5000    7.5000   37.500012354.0664   26.9190
   -7.5000   15.0000   37.500012311.4619   26.9709
    0.0000   15.0000   37.500012771.2002   26.9408
    7.5000   15.0000   37.500012193.2676   26.9262
   -7.5000   22.5000   37.500012108.3506   26.9774
    0.0000   22.5000   37.500012606.6025   26.9398
    7.5000   22.5000   37.500011998.1289   26.9134
   -7.5000   30.0000   37.500011828.1631   26.6482
    0.0000   30.0000   37.500012334.4834   26.5971
    7.5000   30.0000   37.500011720.3740   26.5652
   -7.5000   37.5000   37.500011604.0996   26.6362
    0.0000   37.5000   37.500012130.5283   26.5798
    7.5000   37.5000   37.500011507.8486   26.5555
   -7.5000   45.0000   37.500010715.6191   25.9912
    0.0000   45.0000   37.500011238.7031   25.9462
    7.5000   45.0000   37.500010690.1699   25.9368
   -7.5000  -45.0000   45.0000 6381.1411   28.7233
    0.0000  -45.0000   45.0000 6697.1499   28.6961
    7.5000  -45.0000   45.0000 6389.4604   28.7020
   -7.5000  -37.5000   45.0000 7010.4160   27.9855
    0.0000  -37.5000   45.0000 7320.2368   27.9702
    7.5000  -37.5000   45.0000 6987.1973   27.9816
   -7.5000  -30.0000   45.0000 7915.5469   27.4556
    0.0000  -30.0000   45.0000 8255.7480   27.4406
    7.5000  -30.0000   45.0000 7900.0947   27.4463
   -7.5000  -22.5000   45.0000 8852.2314   27.2615
    0.0000  -22.5000   45.0000 9239.5439   27.2384
    7.5000  -22.5000   45.0000 8847.5791   27.2389
   -7.5000  -15.0000   45.0000 9770.6738   27.2682
    0.0000  -15.0000   45.000010169.3369   27.2347
    7.5000  -15.0000   45.0000 9736.5781   27.2311
   -7.5000   -7.5000   45.000010631.5723   27.2741
    0.0000   -7.5000   45.000011054.6660   27.2397
    7.5000   -7.5000   45.000010580.8643   27.2370
   -7.5000    0.0000   45.000011411.5850   27.2684
    0.0000    0.0000   45.000011828.1748   27.2442
    7.5000    0.0000   45.000011308.0684   27.2479
   -7.5000    7.5000   45.000011365.1240   27.2578
    0.0000    7.5000   45.000011742.7773   27.2431
    7.5000    7.5000   45.000011188.2891   27.2509
   -7.5000   15.0000   45.000011191.6602   27.2547
    0.0000   15.0000   45.000011577.7217   27.2403
    7.5000   15.0000   45.000011022.5771   27.2455
   -7.5000   22.5000   45.000011004.5801   27.2467
    0.0000   22.5000   45.000011426.9434   27.2236
    7.5000   22.5000   45.000010886.8389   27.2242
   -7.5000   30.0000   45.000010805.6152   26.9130
    0.0000   30.0000   45.000011216.9062   26.8799
    7.5000   30.0000   45.000010676.4316   26.8764
   -7.5000   37.5000   45.000010600.6270   26.9188
    0.0000   37.5000   45.000011038.6514   26.8849
    7.5000   37.5000   45.000010512.8877   26.8822
   -7.5000   45.0000   45.0000 9803.4648   26.2956
    0.0000   45.0000   45.000010258.2617   26.2722
    7.5000   45.0000   45.0000 9773.1309   26.2757

---------------------------------------------------------------------
imgreg_4dfp /opt/freesurfer/average/711-2C_as_mni_average_305 /opt/freesurfer/average/711-2B_as_mni_average_305_mask talsrcimg_g11 none talsrcimg_to_711-2C_as_mni_average_305_t4 4355
---------------------------------------------------------------------

freesurfer imgreg_4dfp.c
/opt/freesurfer/average/711-2C_as_mni_average_305.4dfp.img
       256       256       256         1
  1.000000  1.000000  1.000000
orientation T byte_order littleendian
Reading image: /opt/freesurfer/average/711-2C_as_mni_average_305.4dfp.img
dimensions:      256       256       256
mmppix:       1.0000   -1.0000   -1.0000
center:     128.0000 -129.0000 -129.0000
/opt/freesurfer/average/711-2B_as_mni_average_305_mask.4dfp.img
       256       256       256         1
  1.000000  1.000000  1.000000
orientation T byte_order littleendian
Reading mask: /opt/freesurfer/average/711-2B_as_mni_average_305_mask.4dfp.img (2306576 pixels)
talsrcimg_g11.4dfp.img
       256       256       256         1
  1.000000  1.000000  1.000000
orientation T byte_order littleendian
Reading image: talsrcimg_g11.4dfp.img
dimensions:      256       256       256
mmppix:       1.0000   -1.0000   -1.0000
center:     128.0000 -129.0000 -129.0000
rotation matrix determinant  1.000000
image alignment mode   4355 decimal     1103 hex
   -7.5000  -37.5000  -45.0000 1783.7582   38.1365
    0.0000  -37.5000  -45.0000 1792.3182   38.4514
    7.5000  -37.5000  -45.0000 1771.6919   38.6443
   -7.5000  -30.0000  -45.0000 1893.9473   34.1750
    0.0000  -30.0000  -45.0000 1905.4640   34.3142
    7.5000  -30.0000  -45.0000 1882.7921   34.4124
   -7.5000  -22.5000  -45.0000 1993.7589   31.0984
    0.0000  -22.5000  -45.0000 2001.0021   31.2616
    7.5000  -22.5000  -45.0000 1981.8409   31.2996
   -7.5000  -15.0000  -45.0000 2089.4514   28.9575
    0.0000  -15.0000  -45.0000 2099.8052   29.1502
    7.5000  -15.0000  -45.0000 2076.3748   29.1118
   -7.5000   -7.5000  -45.0000 2143.1318   27.4504
    0.0000   -7.5000  -45.0000 2160.0894   27.6031
    7.5000   -7.5000  -45.0000 2141.2371   27.6073
   -7.5000    0.0000  -45.0000 2173.2969   26.2535
    0.0000    0.0000  -45.0000 2199.3940   26.3985
    7.5000    0.0000  -45.0000 2171.7839   26.4067
   -7.5000    7.5000  -45.0000 2178.8496   25.5524
    0.0000    7.5000  -45.0000 2208.1387   25.6543
    7.5000    7.5000  -45.0000 2185.4609   25.6817
   -7.5000   15.0000  -45.0000 2189.3816   25.3247
    0.0000   15.0000  -45.0000 2208.0107   25.4322
    7.5000   15.0000  -45.0000 2185.7412   25.4999
   -7.5000   22.5000  -45.0000 2172.5996   25.6250
    0.0000   22.5000  -45.0000 2190.1987   25.8331
    7.5000   22.5000  -45.0000 2166.8481   25.8475
   -7.5000   30.0000  -45.0000 2162.4783   26.4389
    0.0000   30.0000  -45.0000 2173.6541   26.5264
    7.5000   30.0000  -45.0000 2154.1123   26.6227
   -7.5000   37.5000  -45.0000 2135.1821   27.6946
    0.0000   37.5000  -45.0000 2148.0813   27.7146
    7.5000   37.5000  -45.0000 2126.1221   27.8676
   -7.5000   45.0000  -45.0000 2091.2131   29.5456
    0.0000   45.0000  -45.0000 2097.1252   29.5326
    7.5000   45.0000  -45.0000 2077.8896   29.7634
   -7.5000   52.5000  -45.0000 2005.8809   31.7164
    0.0000   52.5000  -45.0000 2008.8405   31.7621
    7.5000   52.5000  -45.0000 1988.4811   32.0553
   -7.5000  -37.5000  -37.5000 1852.1207   35.0286
    0.0000  -37.5000  -37.5000 1864.1382   35.4403
    7.5000  -37.5000  -37.5000 1853.4447   35.5186
   -7.5000  -30.0000  -37.5000 1967.1583   31.4047
    0.0000  -30.0000  -37.5000 1979.2764   31.5585
    7.5000  -30.0000  -37.5000 1970.6985   31.7074
   -7.5000  -22.5000  -37.5000 2079.2830   28.6776
    0.0000  -22.5000  -37.5000 2095.0854   28.8686
    7.5000  -22.5000  -37.5000 2075.8945   28.9537
   -7.5000  -15.0000  -37.5000 2175.9822   26.6983
    0.0000  -15.0000  -37.5000 2191.6963   26.8658
    7.5000  -15.0000  -37.5000 2173.2415   26.9808
   -7.5000   -7.5000  -37.5000 2242.4460   25.2553
    0.0000   -7.5000  -37.5000 2252.3816   25.3785
    7.5000   -7.5000  -37.5000 2232.7683   25.5179
   -7.5000    0.0000  -37.5000 2269.1948   24.2411
    0.0000    0.0000  -37.5000 2285.8215   24.2932
    7.5000    0.0000  -37.5000 2269.3855   24.4387
   -7.5000    7.5000  -37.5000 2284.7214   23.5945
    0.0000    7.5000  -37.5000 2297.9187   23.6201
    7.5000    7.5000  -37.5000 2285.5684   23.7234
   -7.5000   15.0000  -37.5000 2292.4749   23.3782
    0.0000   15.0000  -37.5000 2302.3096   23.3820
    7.5000   15.0000  -37.5000 2291.7693   23.4785
   -7.5000   22.5000  -37.5000 2280.3291   23.5926
    0.0000   22.5000  -37.5000 2291.6748   23.6732
    7.5000   22.5000  -37.5000 2281.6172   23.7631
   -7.5000   30.0000  -37.5000 2267.7668   24.2104
    0.0000   30.0000  -37.5000 2280.1641   24.3043
    7.5000   30.0000  -37.5000 2260.7952   24.4296
   -7.5000   37.5000  -37.5000 2242.5374   25.3410
    0.0000   37.5000  -37.5000 2254.2742   25.3516
    7.5000   37.5000  -37.5000 2229.7070   25.4911
   -7.5000   45.0000  -37.5000 2194.2222   27.0563
    0.0000   45.0000  -37.5000 2197.8811   27.0359
    7.5000   45.0000  -37.5000 2177.0635   27.2021
   -7.5000   52.5000  -37.5000 2106.7429   29.1755
    0.0000   52.5000  -37.5000 2108.3518   29.1141
    7.5000   52.5000  -37.5000 2085.9053   29.3277
   -7.5000  -37.5000  -30.0000 1954.7477   33.6464
    0.0000  -37.5000  -30.0000 1967.1764   33.7797
    7.5000  -37.5000  -30.0000 1956.9824   33.9878
   -7.5000  -30.0000  -30.0000 2081.5808   30.1727
    0.0000  -30.0000  -30.0000 2097.4067   30.2841
    7.5000  -30.0000  -30.0000 2080.1680   30.4218
   -7.5000  -22.5000  -30.0000 2202.3313   27.5210
    0.0000  -22.5000  -30.0000 2217.3926   27.5993
    7.5000  -22.5000  -30.0000 2195.6326   27.7388
   -7.5000  -15.0000  -30.0000 2303.1497   25.5076
    0.0000  -15.0000  -30.0000 2316.1711   25.5828
    7.5000  -15.0000  -30.0000 2302.6636   25.8175
   -7.5000   -7.5000  -30.0000 2366.8621   24.0736
    0.0000   -7.5000  -30.0000 2374.1428   24.1461
    7.5000   -7.5000  -30.0000 2360.1450   24.3911
   -7.5000    0.0000  -30.0000 2406.1533   23.2019
    0.0000    0.0000  -30.0000 2405.7346   23.1086
    7.5000    0.0000  -30.0000 2401.0801   23.3913
   -7.5000    7.5000  -30.0000 2440.9080   22.5882
    0.0000    7.5000  -30.0000 2442.0193   22.4903
    7.5000    7.5000  -30.0000 2430.0286   22.7366
   -7.5000   15.0000  -30.0000 2448.9958   22.2991
    0.0000   15.0000  -30.0000 2447.8013   22.2449
    7.5000   15.0000  -30.0000 2442.7129   22.4167
   -7.5000   22.5000  -30.0000 2440.8203   22.4528
    0.0000   22.5000  -30.0000 2442.8379   22.4229
    7.5000   22.5000  -30.0000 2428.8748   22.6550
   -7.5000   30.0000  -30.0000 2416.7219   22.9701
    0.0000   30.0000  -30.0000 2425.5771   23.0077
    7.5000   30.0000  -30.0000 2403.0481   23.1882
   -7.5000   37.5000  -30.0000 2390.9978   24.0723
    0.0000   37.5000  -30.0000 2400.8665   24.0488
    7.5000   37.5000  -30.0000 2377.6975   24.2552
   -7.5000   45.0000  -30.0000 2335.5542   25.7248
    0.0000   45.0000  -30.0000 2345.8533   25.7256
    7.5000   45.0000  -30.0000 2319.5664   25.9331
   -7.5000   52.5000  -30.0000 2236.3445   27.7779
    0.0000   52.5000  -30.0000 2253.4138   27.8048
    7.5000   52.5000  -30.0000 2224.5466   27.9840
   -7.5000  -37.5000  -22.5000 2041.2603   32.0249
    0.0000  -37.5000  -22.5000 2051.5615   32.0972
    7.5000  -37.5000  -22.5000 2035.8938   32.4106
   -7.5000  -30.0000  -22.5000 2176.8750   28.7760
    0.0000  -30.0000  -22.5000 2189.4478   28.8043
    7.5000  -30.0000  -22.5000 2173.0854   29.0521
   -7.5000  -22.5000  -22.5000 2297.8149   26.2542
    0.0000  -22.5000  -22.5000 2308.5715   26.1858
    7.5000  -22.5000  -22.5000 2294.8025   26.5426
   -7.5000  -15.0000  -22.5000 2402.5862   24.1936
    0.0000  -15.0000  -22.5000 2409.5784   24.2146
    7.5000  -15.0000  -22.5000 2400.6477   24.5549
   -7.5000   -7.5000  -22.5000 2471.4275   22.7380
    0.0000   -7.5000  -22.5000 2471.8955   22.7342
    7.5000   -7.5000  -22.5000 2461.4480   23.0601
   -7.5000    0.0000  -22.5000 2520.4817   21.9289
    0.0000    0.0000  -22.5000 2511.2322   21.8066
    7.5000    0.0000  -22.5000 2513.2578   22.1466
   -7.5000    7.5000  -22.5000 2562.3704   21.4152
    0.0000    7.5000  -22.5000 2557.9443   21.2789
    7.5000    7.5000  -22.5000 2561.8640   21.5932
   -7.5000   15.0000  -22.5000 2580.4321   21.0702
    0.0000   15.0000  -22.5000 2579.8591   21.0277
    7.5000   15.0000  -22.5000 2573.0510   21.2240
   -7.5000   22.5000  -22.5000 2572.3499   21.1372
    0.0000   22.5000  -22.5000 2581.4697   21.1119
    7.5000   22.5000  -22.5000 2568.5422   21.3565
   -7.5000   30.0000  -22.5000 2546.9873   21.6121
    0.0000   30.0000  -22.5000 2561.8723   21.5438
    7.5000   30.0000  -22.5000 2545.7771   21.8544
   -7.5000   37.5000  -22.5000 2516.3323   22.7191
    0.0000   37.5000  -22.5000 2531.4385   22.5737
    7.5000   37.5000  -22.5000 2512.8313   22.9283
   -7.5000   45.0000  -22.5000 2459.1802   24.2923
    0.0000   45.0000  -22.5000 2472.3774   24.1475
    7.5000   45.0000  -22.5000 2444.3066   24.4654
   -7.5000   52.5000  -22.5000 2350.1589   26.2292
    0.0000   52.5000  -22.5000 2364.1580   26.1174
    7.5000   52.5000  -22.5000 2344.2468   26.4330
   -7.5000  -37.5000  -15.0000 2102.6819   30.9086
    0.0000  -37.5000  -15.0000 2109.6094   30.7480
    7.5000  -37.5000  -15.0000 2088.7891   31.1447
   -7.5000  -30.0000  -15.0000 2238.5959   27.7345
    0.0000  -30.0000  -15.0000 2247.4768   27.5396
    7.5000  -30.0000  -15.0000 2230.4290   27.8999
   -7.5000  -22.5000  -15.0000 2359.6494   25.0959
    0.0000  -22.5000  -15.0000 2366.6914   25.0214
    7.5000  -22.5000  -15.0000 2353.6462   25.3656
   -7.5000  -15.0000  -15.0000 2467.3213   23.0202
    0.0000  -15.0000  -15.0000 2476.4824   23.0104
    7.5000  -15.0000  -15.0000 2466.3474   23.3627
   -7.5000   -7.5000  -15.0000 2550.2192   21.6385
    0.0000   -7.5000  -15.0000 2557.2236   21.5781
    7.5000   -7.5000  -15.0000 2548.5461   21.9519
   -7.5000    0.0000  -15.0000 2599.9785   20.7374
    0.0000    0.0000  -15.0000 2602.7852   20.6585
    7.5000    0.0000  -15.0000 2602.0886   20.9771
   -7.5000    7.5000  -15.0000 2645.1042   20.2252
    0.0000    7.5000  -15.0000 2653.5684   20.1464
    7.5000    7.5000  -15.0000 2652.1895   20.4410
   -7.5000   15.0000  -15.0000 2668.5642   19.8881
    0.0000   15.0000  -15.0000 2678.3311   19.8755
    7.5000   15.0000  -15.0000 2667.8569   20.1212
   -7.5000   22.5000  -15.0000 2675.0620   19.8903
    0.0000   22.5000  -15.0000 2677.1631   19.8649
    7.5000   22.5000  -15.0000 2670.0303   20.1746
   -7.5000   30.0000  -15.0000 2662.3057   20.4499
    0.0000   30.0000  -15.0000 2663.5955   20.2953
    7.5000   30.0000  -15.0000 2656.7988   20.6531
   -7.5000   37.5000  -15.0000 2622.3359   21.5757
    0.0000   37.5000  -15.0000 2629.3218   21.3282
    7.5000   37.5000  -15.0000 2614.5608   21.6527
   -7.5000   45.0000  -15.0000 2552.7056   23.0515
    0.0000   45.0000  -15.0000 2559.6824   22.7574
    7.5000   45.0000  -15.0000 2540.0149   23.0939
   -7.5000   52.5000  -15.0000 2439.1074   24.8827
    0.0000   52.5000  -15.0000 2444.2817   24.6521
    7.5000   52.5000  -15.0000 2423.2251   24.9432
   -7.5000  -37.5000   -7.5000 2143.1531   30.1074
    0.0000  -37.5000   -7.5000 2148.5723   29.7457
    7.5000  -37.5000   -7.5000 2130.1453   30.1115
   -7.5000  -30.0000   -7.5000 2275.9133   26.8519
    0.0000  -30.0000   -7.5000 2288.4836   26.5700
    7.5000  -30.0000   -7.5000 2273.2136   26.9212
   -7.5000  -22.5000   -7.5000 2394.3997   24.2249
    0.0000  -22.5000   -7.5000 2404.1917   23.9587
    7.5000  -22.5000   -7.5000 2394.0540   24.3502
   -7.5000  -15.0000   -7.5000 2506.0371   22.1891
    0.0000  -15.0000   -7.5000 2515.4734   21.9697
    7.5000  -15.0000   -7.5000 2511.4814   22.3255
   -7.5000   -7.5000   -7.5000 2600.7900   20.7384
    0.0000   -7.5000   -7.5000 2613.0232   20.5979
    7.5000   -7.5000   -7.5000 2602.1433   20.9470
   -7.5000    0.0000   -7.5000 2668.2283   19.8812
    0.0000    0.0000   -7.5000 2677.4631   19.7644
    7.5000    0.0000   -7.5000 2676.4993   20.0656
   -7.5000    7.5000   -7.5000 2719.0203   19.2782
    0.0000    7.5000   -7.5000 2724.4912   19.2153
    7.5000    7.5000   -7.5000 2724.8379   19.5050
   -7.5000   15.0000   -7.5000 2743.4741   18.8289
    0.0000   15.0000   -7.5000 2746.9368   18.8316
    7.5000   15.0000   -7.5000 2748.0537   19.1568
   -7.5000   22.5000   -7.5000 2751.6145   18.8397
    0.0000   22.5000   -7.5000 2753.0154   18.8219
    7.5000   22.5000   -7.5000 2754.0933   19.1948
   -7.5000   30.0000   -7.5000 2738.6907   19.4755
    0.0000   30.0000   -7.5000 2744.4741   19.2804
    7.5000   30.0000   -7.5000 2744.6646   19.6402
   -7.5000   37.5000   -7.5000 2699.5806   20.5644
    0.0000   37.5000   -7.5000 2700.4309   20.2556
    7.5000   37.5000   -7.5000 2698.9878   20.6330
   -7.5000   45.0000   -7.5000 2617.9487   22.0308
    0.0000   45.0000   -7.5000 2622.6904   21.6905
    7.5000   45.0000   -7.5000 2616.7261   22.0943
   -7.5000   52.5000   -7.5000 2493.2712   23.8515
    0.0000   52.5000   -7.5000 2501.8633   23.5495
    7.5000   52.5000   -7.5000 2486.9346   23.9267
   -7.5000  -37.5000    0.0000 2146.5571   29.6719
    0.0000  -37.5000    0.0000 2159.9897   29.1319
    7.5000  -37.5000    0.0000 2143.2957   29.5280
   -7.5000  -30.0000    0.0000 2294.2246   26.3318
    0.0000  -30.0000    0.0000 2296.7771   25.7956
    7.5000  -30.0000    0.0000 2283.8132   26.2200
   -7.5000  -22.5000    0.0000 2412.5208   23.7385
    0.0000  -22.5000    0.0000 2415.2000   23.1658
    7.5000  -22.5000    0.0000 2409.3755   23.6136
   -7.5000  -15.0000    0.0000 2526.1521   21.6803
    0.0000  -15.0000    0.0000 2527.5557   21.2035
    7.5000  -15.0000    0.0000 2529.5845   21.6282
   -7.5000   -7.5000    0.0000 2618.3828   20.2360
    0.0000   -7.5000    0.0000 2623.7202   19.8859
    7.5000   -7.5000    0.0000 2629.4309   20.2977
   -7.5000    0.0000    0.0000 2692.5264   19.2940
    0.0000    0.0000    0.0000 2709.1926   19.0641
    7.5000    0.0000    0.0000 2717.3826   19.4616
   -7.5000    7.5000    0.0000 2749.3640   18.6452
    0.0000    7.5000    0.0000 2768.9111   18.5306
    7.5000    7.5000    0.0000 2778.0420   18.9394
   -7.5000   15.0000    0.0000 2784.0469   18.1431
    0.0000   15.0000    0.0000 2799.9595   18.0258
    7.5000   15.0000    0.0000 2816.4233   18.5455
   -7.5000   22.5000    0.0000 2799.1865   18.1689
    0.0000   22.5000    0.0000 2815.6077   18.0556
    7.5000   22.5000    0.0000 2827.8398   18.6636
   -7.5000   30.0000    0.0000 2789.5593   18.7974
    0.0000   30.0000    0.0000 2805.4978   18.5436
    7.5000   30.0000    0.0000 2806.8613   19.0683
   -7.5000   37.5000    0.0000 2738.7920   19.8462
    0.0000   37.5000    0.0000 2756.7673   19.5413
    7.5000   37.5000    0.0000 2757.1301   20.0222
   -7.5000   45.0000    0.0000 2650.0537   21.2960
    0.0000   45.0000    0.0000 2662.4580   21.0290
    7.5000   45.0000    0.0000 2665.1450   21.5108
   -7.5000   52.5000    0.0000 2523.1531   23.0751
    0.0000   52.5000    0.0000 2534.8428   22.8582
    7.5000   52.5000    0.0000 2535.5239   23.3570
   -7.5000  -37.5000    7.5000 2161.7949   29.8457
    0.0000  -37.5000    7.5000 2155.6880   29.0348
    7.5000  -37.5000    7.5000 2141.7341   29.1687
   -7.5000  -30.0000    7.5000 2301.1475   26.3524
    0.0000  -30.0000    7.5000 2292.4424   25.5876
    7.5000  -30.0000    7.5000 2271.3171   25.7587
   -7.5000  -22.5000    7.5000 2424.1741   23.6652
    0.0000  -22.5000    7.5000 2417.3662   22.9153
    7.5000  -22.5000    7.5000 2398.2698   23.1633
   -7.5000  -15.0000    7.5000 2537.0647   21.5594
    0.0000  -15.0000    7.5000 2526.0547   20.9257
    7.5000  -15.0000    7.5000 2518.3267   21.2564
   -7.5000   -7.5000    7.5000 2629.0425   20.0675
    0.0000   -7.5000    7.5000 2623.4609   19.5296
    7.5000   -7.5000    7.5000 2625.9072   19.9070
   -7.5000    0.0000    7.5000 2708.0183   19.1095
    0.0000    0.0000    7.5000 2710.6260   18.6550
    7.5000    0.0000    7.5000 2727.9785   19.0510
   -7.5000    7.5000    7.5000 2772.2881   18.4064
    0.0000    7.5000    7.5000 2787.7627   18.2730
    7.5000    7.5000    7.5000 2810.4314   18.6357
   -7.5000   15.0000    7.5000 2815.4758   17.7771
    0.0000   15.0000    7.5000 2864.9468   17.7594
    7.5000   15.0000    7.5000 2872.9807   18.2723
   -7.5000   22.5000    7.5000 2849.9102   17.8546
    0.0000   22.5000    7.5000 2896.8025   17.7479
    7.5000   22.5000    7.5000 2884.7026   18.3319
   -7.5000   30.0000    7.5000 2833.7095   18.5688
    0.0000   30.0000    7.5000 2862.2612   18.3545
    7.5000   30.0000    7.5000 2853.5728   18.8116
   -7.5000   37.5000    7.5000 2779.3887   19.6371
    0.0000   37.5000    7.5000 2794.4375   19.3110
    7.5000   37.5000    7.5000 2790.4766   19.7493
   -7.5000   45.0000    7.5000 2688.0950   21.0736
    0.0000   45.0000    7.5000 2692.9282   20.7310
    7.5000   45.0000    7.5000 2694.8064   21.1400
   -7.5000   52.5000    7.5000 2558.5251   22.7883
    0.0000   52.5000    7.5000 2558.3799   22.4328
    7.5000   52.5000    7.5000 2558.2681   22.8980
   -7.5000  -37.5000   15.0000 2149.6106   30.1961
    0.0000  -37.5000   15.0000 2140.1609   29.3643
    7.5000  -37.5000   15.0000 2121.0068   29.2746
   -7.5000  -30.0000   15.0000 2290.2791   26.7249
    0.0000  -30.0000   15.0000 2273.4531   25.7713
    7.5000  -30.0000   15.0000 2253.1748   25.7771
   -7.5000  -22.5000   15.0000 2419.5359   23.9822
    0.0000  -22.5000   15.0000 2396.1165   23.1016
    7.5000  -22.5000   15.0000 2383.0991   23.1829
   -7.5000  -15.0000   15.0000 2533.5496   21.8539
    0.0000  -15.0000   15.0000 2510.7925   21.1269
    7.5000  -15.0000   15.0000 2506.1257   21.2754
   -7.5000   -7.5000   15.0000 2636.1892   20.3523
    0.0000   -7.5000   15.0000 2620.3445   19.7879
    7.5000   -7.5000   15.0000 2616.0017   19.8968
   -7.5000    0.0000   15.0000 2716.9888   19.3268
    0.0000    0.0000   15.0000 2725.5208   18.9617
    7.5000    0.0000   15.0000 2715.5659   19.0707
   -7.5000    7.5000   15.0000 2783.3755   18.6005
    0.0000    7.5000   15.0000 2825.6426   18.4649
    7.5000    7.5000   15.0000 2805.2991   18.4682
   -7.5000   15.0000   15.0000 2843.1919   18.1688
    0.0000   15.0000   15.0000 2911.0803   17.9344
    7.5000   15.0000   15.0000 2868.2854   17.9464
   -7.5000   22.5000   15.0000 2867.9194   18.0372
    0.0000   22.5000   15.0000 2938.4082   17.8874
    7.5000   22.5000   15.0000 2888.0110   18.0342
   -7.5000   30.0000   15.0000 2836.9424   18.5835
    0.0000   30.0000   15.0000 2879.1292   18.4187
    7.5000   30.0000   15.0000 2852.6848   18.7177
   -7.5000   37.5000   15.0000 2778.1260   19.5980
    0.0000   37.5000   15.0000 2811.8691   19.3916
    7.5000   37.5000   15.0000 2789.4583   19.7325
   -7.5000   45.0000   15.0000 2690.1299   21.0195
    0.0000   45.0000   15.0000 2711.3279   20.7843
    7.5000   45.0000   15.0000 2692.5513   21.0964
   -7.5000   52.5000   15.0000 2565.9915   22.6981
    0.0000   52.5000   15.0000 2572.9915   22.3908
    7.5000   52.5000   15.0000 2558.1528   22.7221
   -7.5000  -37.5000   22.5000 2133.6118   31.0693
    0.0000  -37.5000   22.5000 2123.7021   30.1498
    7.5000  -37.5000   22.5000 2112.3691   30.0758
   -7.5000  -30.0000   22.5000 2279.1299   27.3649
    0.0000  -30.0000   22.5000 2273.2190   26.4639
    7.5000  -30.0000   22.5000 2251.7913   26.4171
   -7.5000  -22.5000   22.5000 2411.2327   24.5789
    0.0000  -22.5000   22.5000 2411.4531   23.7806
    7.5000  -22.5000   22.5000 2385.3374   23.7636
   -7.5000  -15.0000   22.5000 2536.9929   22.5284
    0.0000  -15.0000   22.5000 2538.8459   21.8879
    7.5000  -15.0000   22.5000 2503.7256   21.7937
   -7.5000   -7.5000   22.5000 2650.7454   21.0730
    0.0000   -7.5000   22.5000 2655.5312   20.5772
    7.5000   -7.5000   22.5000 2612.1375   20.4102
   -7.5000    0.0000   22.5000 2727.0815   19.9531
    0.0000    0.0000   22.5000 2741.4539   19.6409
    7.5000    0.0000   22.5000 2703.6184   19.4510
   -7.5000    7.5000   22.5000 2799.3801   19.2197
    0.0000    7.5000   22.5000 2820.6018   18.8550
    7.5000    7.5000   22.5000 2780.5576   18.6057
   -7.5000   15.0000   22.5000 2844.7339   18.8564
    0.0000   15.0000   22.5000 2886.4910   18.3907
    7.5000   15.0000   22.5000 2836.0308   18.1209
   -7.5000   22.5000   22.5000 2867.5527   18.8775
    0.0000   22.5000   22.5000 2913.8760   18.3909
    7.5000   22.5000   22.5000 2863.6995   18.3197
   -7.5000   30.0000   22.5000 2820.3416   19.2222
    0.0000   30.0000   22.5000 2859.1365   18.8135
    7.5000   30.0000   22.5000 2831.1702   19.0035
   -7.5000   37.5000   22.5000 2761.8545   19.9739
    0.0000   37.5000   22.5000 2785.2700   19.7190
    7.5000   37.5000   22.5000 2774.2756   20.0586
   -7.5000   45.0000   22.5000 2673.7893   21.2608
    0.0000   45.0000   22.5000 2687.6455   20.9952
    7.5000   45.0000   22.5000 2686.9189   21.4160
   -7.5000   52.5000   22.5000 2545.7092   22.7956
    0.0000   52.5000   22.5000 2560.8201   22.5191
    7.5000   52.5000   22.5000 2560.4812   22.9390
   -7.5000  -37.5000   30.0000 2102.6450   32.3797
    0.0000  -37.5000   30.0000 2095.2676   31.3480
    7.5000  -37.5000   30.0000 2086.3735   31.2310
   -7.5000  -30.0000   30.0000 2257.6353   28.5953
    0.0000  -30.0000   30.0000 2248.6685   27.5988
    7.5000  -30.0000   30.0000 2240.1055   27.5824
   -7.5000  -22.5000   30.0000 2399.4443   25.7833
    0.0000  -22.5000   30.0000 2389.0667   24.8084
    7.5000  -22.5000   30.0000 2376.6621   24.8331
   -7.5000  -15.0000   30.0000 2518.4819   23.6261
    0.0000  -15.0000   30.0000 2512.2385   22.7732
    7.5000  -15.0000   30.0000 2496.6904   22.8085
   -7.5000   -7.5000   30.0000 2625.0127   21.9736
    0.0000   -7.5000   30.0000 2619.1904   21.2736
    7.5000   -7.5000   30.0000 2600.9202   21.3323
   -7.5000    0.0000   30.0000 2698.4116   20.7342
    0.0000    0.0000   30.0000 2696.2107   20.0740
    7.5000    0.0000   30.0000 2684.6406   20.1548
   -7.5000    7.5000   30.0000 2768.8977   19.9276
    0.0000    7.5000   30.0000 2781.3005   19.2674
    7.5000    7.5000   30.0000 2759.9768   19.2149
   -7.5000   15.0000   30.0000 2807.7661   19.5499
    0.0000   15.0000   30.0000 2830.4197   18.8885
    7.5000   15.0000   30.0000 2810.9133   18.9106
   -7.5000   22.5000   30.0000 2815.8989   19.5527
    0.0000   22.5000   30.0000 2854.8848   19.0942
    7.5000   22.5000   30.0000 2830.7632   19.0823
   -7.5000   30.0000   30.0000 2776.8982   20.0725
    0.0000   30.0000   30.0000 2813.8354   19.6657
    7.5000   30.0000   30.0000 2784.6650   19.6612
   -7.5000   37.5000   30.0000 2722.6938   20.9076
    0.0000   37.5000   30.0000 2742.2717   20.5119
    7.5000   37.5000   30.0000 2720.8645   20.6318
   -7.5000   45.0000   30.0000 2628.0061   22.0567
    0.0000   45.0000   30.0000 2646.8901   21.6854
    7.5000   45.0000   30.0000 2643.4033   21.9486
   -7.5000   52.5000   30.0000 2506.6179   23.4129
    0.0000   52.5000   30.0000 2525.4744   23.1086
    7.5000   52.5000   30.0000 2528.8376   23.4411
   -7.5000  -37.5000   37.5000 2074.2332   33.8436
    0.0000  -37.5000   37.5000 2052.1980   32.5309
    7.5000  -37.5000   37.5000 2062.7014   32.4911
   -7.5000  -30.0000   37.5000 2222.9675   29.9344
    0.0000  -30.0000   37.5000 2202.1350   28.6950
    7.5000  -30.0000   37.5000 2213.0381   28.7414
   -7.5000  -22.5000   37.5000 2356.7546   26.9091
    0.0000  -22.5000   37.5000 2340.7808   25.8021
    7.5000  -22.5000   37.5000 2347.0703   25.8958
   -7.5000  -15.0000   37.5000 2474.8499   24.6320
    0.0000  -15.0000   37.5000 2462.7004   23.6409
    7.5000  -15.0000   37.5000 2464.2747   23.7457
   -7.5000   -7.5000   37.5000 2576.3030   22.8478
    0.0000   -7.5000   37.5000 2562.9431   21.9727
    7.5000   -7.5000   37.5000 2560.6824   22.1081
   -7.5000    0.0000   37.5000 2651.6799   21.6481
    0.0000    0.0000   37.5000 2651.1902   20.7419
    7.5000    0.0000   37.5000 2643.3574   20.7834
   -7.5000    7.5000   37.5000 2720.0491   20.8660
    0.0000    7.5000   37.5000 2725.5273   19.9887
    7.5000    7.5000   37.5000 2716.0164   20.0269
   -7.5000   15.0000   37.5000 2747.3733   20.4087
    0.0000   15.0000   37.5000 2765.1577   19.6833
    7.5000   15.0000   37.5000 2751.8210   19.7713
   -7.5000   22.5000   37.5000 2749.0667   20.3785
    0.0000   22.5000   37.5000 2775.0447   19.9049
    7.5000   22.5000   37.5000 2766.1377   19.9446
   -7.5000   30.0000   37.5000 2713.6504   20.9582
    0.0000   30.0000   37.5000 2739.3208   20.5281
    7.5000   30.0000   37.5000 2727.8770   20.5603
   -7.5000   37.5000   37.5000 2660.0166   21.9169
    0.0000   37.5000   37.5000 2678.2446   21.4673
    7.5000   37.5000   37.5000 2667.3137   21.5941
   -7.5000   45.0000   37.5000 2572.0217   23.1534
    0.0000   45.0000   37.5000 2595.3127   22.7567
    7.5000   45.0000   37.5000 2595.8176   22.9724
   -7.5000   52.5000   37.5000 2453.1243   24.5925
    0.0000   52.5000   37.5000 2472.6343   24.2583
    7.5000   52.5000   37.5000 2472.4082   24.4119
   -7.5000  -37.5000   45.0000 2032.5741   35.5990
    0.0000  -37.5000   45.0000 2008.3243   34.0792
    7.5000  -37.5000   45.0000 2022.0321   33.9190
   -7.5000  -30.0000   45.0000 2172.3672   31.4751
    0.0000  -30.0000   45.0000 2155.1477   30.1237
    7.5000  -30.0000   45.0000 2174.4788   30.1240
   -7.5000  -22.5000   45.0000 2298.2737   28.2476
    0.0000  -22.5000   45.0000 2289.7051   27.0457
    7.5000  -22.5000   45.0000 2306.1084   27.1965
   -7.5000  -15.0000   45.0000 2410.6807   25.8269
    0.0000  -15.0000   45.0000 2400.6218   24.6855
    7.5000  -15.0000   45.0000 2411.9854   24.8688
   -7.5000   -7.5000   45.0000 2504.9045   24.0340
    0.0000   -7.5000   45.0000 2502.9507   22.9828
    7.5000   -7.5000   45.0000 2503.8071   23.0754
   -7.5000    0.0000   45.0000 2580.8591   22.7739
    0.0000    0.0000   45.0000 2584.0012   21.7438
    7.5000    0.0000   45.0000 2581.5479   21.8387
   -7.5000    7.5000   45.0000 2639.9639   21.9823
    0.0000    7.5000   45.0000 2646.7668   21.0459
    7.5000    7.5000   45.0000 2631.9800   21.1665
   -7.5000   15.0000   45.0000 2663.6819   21.5905
    0.0000   15.0000   45.0000 2677.3601   20.8214
    7.5000   15.0000   45.0000 2661.2966   20.9088
   -7.5000   22.5000   45.0000 2665.5527   21.6054
    0.0000   22.5000   45.0000 2689.0203   21.0050
    7.5000   22.5000   45.0000 2681.1931   21.0317
   -7.5000   30.0000   45.0000 2638.5320   22.1706
    0.0000   30.0000   45.0000 2659.9917   21.6700
    7.5000   30.0000   45.0000 2652.9827   21.6996
   -7.5000   37.5000   45.0000 2580.3386   23.1579
    0.0000   37.5000   45.0000 2605.2356   22.6740
    7.5000   37.5000   45.0000 2601.7063   22.7829
   -7.5000   45.0000   45.0000 2495.6514   24.4799
    0.0000   45.0000   45.0000 2525.2754   24.0795
    7.5000   45.0000   45.0000 2523.8469   24.2409
   -7.5000   52.5000   45.0000 2378.3403   26.0031
    0.0000   52.5000   45.0000 2402.3274   25.7313
    7.5000   52.5000   45.0000 2399.2827   25.8761

---------------------------------------------------------------------
imgreg_4dfp /opt/freesurfer/average/711-2C_as_mni_average_305 /opt/freesurfer/average/711-2B_as_mni_average_305_mask talsrcimg_g11 none talsrcimg_to_711-2C_as_mni_average_305_t4 1283
---------------------------------------------------------------------

freesurfer imgreg_4dfp.c
/opt/freesurfer/average/711-2C_as_mni_average_305.4dfp.img
       256       256       256         1
  1.000000  1.000000  1.000000
orientation T byte_order littleendian
Reading image: /opt/freesurfer/average/711-2C_as_mni_average_305.4dfp.img
dimensions:      256       256       256
mmppix:       1.0000   -1.0000   -1.0000
center:     128.0000 -129.0000 -129.0000
/opt/freesurfer/average/711-2B_as_mni_average_305_mask.4dfp.img
       256       256       256         1
  1.000000  1.000000  1.000000
orientation T byte_order littleendian
Reading mask: /opt/freesurfer/average/711-2B_as_mni_average_305_mask.4dfp.img (2306576 pixels)
talsrcimg_g11.4dfp.img
       256       256       256         1
  1.000000  1.000000  1.000000
orientation T byte_order littleendian
Reading image: talsrcimg_g11.4dfp.img
dimensions:      256       256       256
mmppix:       1.0000   -1.0000   -1.0000
center:     128.0000 -129.0000 -129.0000
rotation matrix determinant  1.000000
fimgreg.f
image alignment mode   1283 decimal      503 hex
parameters
    0.0000   22.5000   15.0000    0.0000    0.0000    0.0000
eta,q 0.92293 18.02171
niter,ni,del,rscale     5    3   12.0000    1.2000
parameter  2  0.959864 ->  0.500000 qaram    1.1500
parameter  4 -0.961958 -> -0.500000 qaram    1.1500
parameter  6 -1.952801 -> -0.500000 qaram    1.1500
parameters
    0.7376   19.0500   13.4209    3.4500   -2.1105    3.4500
eta,q 0.93049 17.48780
  0.0959  0.0792  0.0810  0.0884  0.0762  0.0786
  0.0889  0.0762  0.0810  0.0840  0.0743  0.0768
  0.0878  0.0774  0.0772  0.0794  0.0734  0.0753
  0.0830  0.0809  0.0765  0.0759  0.0734  0.0735
  0.0818  0.0854  0.0820  0.0743  0.0765  0.0710
  0.0878  0.0895  0.0849  0.0731  0.0827  0.0693
  0.0910  0.0902  0.0853  0.0724  0.0893  0.0702
niter,ni,del,rscale     7    3   12.0000    1.2000
parameters
    1.9302   19.2000   13.2904    5.5773   -2.4536    4.1354
eta,q 0.93454 17.54988
  0.0939  0.0884  0.0797  0.0813  0.0769  0.0757
  0.0833  0.0764  0.0702  0.0758  0.0724  0.0722
  0.0763  0.0685  0.0660  0.0708  0.0678  0.0687
  0.0695  0.0668  0.0670  0.0669  0.0659  0.0659
  0.0662  0.0725  0.0692  0.0659  0.0681  0.0656
  0.0710  0.0792  0.0733  0.0679  0.0735  0.0683
  0.0822  0.0828  0.0782  0.0710  0.0805  0.0740
niter,ni,del,rscale     6    3   12.0000    1.2000
parameters
    1.9790   18.7670   13.7675    6.0185   -2.4554    4.0206
eta,q 0.93456 17.56736
  0.0883  0.0826  0.0835  0.0766  0.0775  0.0744
  0.0804  0.0722  0.0734  0.0711  0.0734  0.0709
  0.0726  0.0652  0.0658  0.0669  0.0682  0.0676
  0.0655  0.0653  0.0647  0.0654  0.0654  0.0654
  0.0667  0.0728  0.0686  0.0667  0.0669  0.0663
  0.0783  0.0788  0.0731  0.0697  0.0719  0.0702
  0.0905  0.0818  0.0757  0.0738  0.0790  0.0762
niter,ni,del,rscale     5    3   12.0000    1.2000
parameters
    1.9249   18.5847   13.9546    6.1376   -2.4080    3.9153
eta,q 0.93427 17.56803
  0.0872  0.0843  0.0815  0.0756  0.0774  0.0744
  0.0796  0.0747  0.0719  0.0704  0.0735  0.0711
  0.0721  0.0671  0.0652  0.0668  0.0685  0.0680
  0.0654  0.0655  0.0654  0.0657  0.0657  0.0657
  0.0672  0.0723  0.0698  0.0673  0.0670  0.0664
  0.0784  0.0791  0.0740  0.0703  0.0717  0.0704
  0.0908  0.0822  0.0760  0.0745  0.0786  0.0763
niter,ni,del,rscale     4    3   12.0000    1.2000
parameters
    1.8863   18.5021   13.9959    6.1807   -2.3837    3.8742
eta,q 0.93417 17.56887
  0.0871  0.0850  0.0807  0.0753  0.0772  0.0746
  0.0796  0.0758  0.0712  0.0702  0.0734  0.0713
  0.0722  0.0680  0.0650  0.0667  0.0686  0.0681
  0.0657  0.0658  0.0657  0.0658  0.0658  0.0658
  0.0674  0.0721  0.0703  0.0675  0.0671  0.0664
  0.0782  0.0792  0.0744  0.0704  0.0717  0.0703
  0.0906  0.0826  0.0763  0.0746  0.0786  0.0762
niter,ni,del,rscale     3    3   12.0000    1.2000
parameters
    1.8718   18.4671   14.0033    6.2016   -2.3736    3.8634
eta,q 0.93416 17.56964
  0.0872  0.0853  0.0805  0.0752  0.0771  0.0747
  0.0797  0.0761  0.0710  0.0701  0.0734  0.0714
  0.0723  0.0683  0.0650  0.0667  0.0686  0.0682
  0.0658  0.0659  0.0658  0.0658  0.0658  0.0658
  0.0673  0.0719  0.0704  0.0676  0.0671  0.0663
  0.0779  0.0792  0.0745  0.0704  0.0717  0.0702
  0.0903  0.0826  0.0763  0.0746  0.0786  0.0761
registration optimization eta report
parameter search radius
    6.0000    6.9000    6.0000    6.9000    6.0000    6.9000
100000*second partial in parameter space
       61.       35.       34.       19.       32.       20.
  0.0872  0.0853  0.0805  0.0752  0.0771  0.0747
  0.0797  0.0761  0.0710  0.0701  0.0734  0.0714
  0.0723  0.0683  0.0650  0.0667  0.0686  0.0682
  0.0658  0.0659  0.0658  0.0658  0.0658  0.0658
  0.0673  0.0719  0.0704  0.0676  0.0671  0.0663
  0.0779  0.0792  0.0745  0.0704  0.0717  0.0702
  0.0903  0.0826  0.0763  0.0746  0.0786  0.0761
    1.8718   18.4671   14.0033    6.2016   -2.3736    3.8634
eta,q 0.93416 17.56964

---------------------------------------------------------------------
imgreg_4dfp /opt/freesurfer/average/711-2C_as_mni_average_305 /opt/freesurfer/average/711-2B_as_mni_average_305_mask talsrcimg_g11 none talsrcimg_to_711-2C_as_mni_average_305_t4 3335
---------------------------------------------------------------------

freesurfer imgreg_4dfp.c
/opt/freesurfer/average/711-2C_as_mni_average_305.4dfp.img
       256       256       256         1
  1.000000  1.000000  1.000000
orientation T byte_order littleendian
Reading image: /opt/freesurfer/average/711-2C_as_mni_average_305.4dfp.img
dimensions:      256       256       256
mmppix:       1.0000   -1.0000   -1.0000
center:     128.0000 -129.0000 -129.0000
/opt/freesurfer/average/711-2B_as_mni_average_305_mask.4dfp.img
       256       256       256         1
  1.000000  1.000000  1.000000
orientation T byte_order littleendian
Reading mask: /opt/freesurfer/average/711-2B_as_mni_average_305_mask.4dfp.img (2306576 pixels)
talsrcimg_g11.4dfp.img
       256       256       256         1
  1.000000  1.000000  1.000000
orientation T byte_order littleendian
Reading image: talsrcimg_g11.4dfp.img
dimensions:      256       256       256
mmppix:       1.0000   -1.0000   -1.0000
center:     128.0000 -129.0000 -129.0000
fimgreg.f
image alignment mode   3335 decimal      D07 hex
parameters
    1.8718   18.4671   14.0033   -0.3129   -0.7810   -0.6705
   -6.2521    4.8358    6.7321  -10.5008   -4.1415   10.7935
eta,q 0.93458 17.81462
niter,ni,del,rscale     5    3    5.0000    1.2000
parameter  4  1.334952 ->  0.500000 qaram    1.1500
parameter  5  3.650789 ->  0.500000 qaram    1.1500
parameter  6  2.057273 ->  0.500000 qaram    1.1500
parameter  8 -0.841776 -> -0.500000 qaram    1.1500
parameter 11 -0.532816 -> -0.500000 qaram    1.1500
parameters
    2.0628   18.1185   13.9246   -4.4529   -4.9210   -4.8105
   -4.3082    8.9758    4.8693   -7.1273   -0.0015    7.6819
eta,q 0.96338 18.26981
  0.0712  0.0674  0.0671  0.0545  0.0490  0.0397  0.0494  0.0580  0.0408  0.0487  0.0453  0.0374
  0.0681  0.0662  0.0660  0.0562  0.0513  0.0429  0.0468  0.0524  0.0397  0.0445  0.0422  0.0368
  0.0662  0.0655  0.0654  0.0594  0.0539  0.0466  0.0449  0.0474  0.0392  0.0413  0.0396  0.0366
  0.0654  0.0654  0.0654  0.0654  0.0569  0.0520  0.0438  0.0436  0.0394  0.0392  0.0380  0.0371
  0.0658  0.0660  0.0657  0.0732  0.0605  0.0583  0.0437  0.0407  0.0402  0.0381  0.0372  0.0380
  0.0672  0.0673  0.0663  0.0817  0.0642  0.0650  0.0442  0.0392  0.0417  0.0382  0.0371  0.0392
  0.0695  0.0690  0.0672  0.0902  0.0676  0.0723  0.0455  0.0401  0.0438  0.0396  0.0377  0.0408
niter,ni,del,rscale     7    3    5.0000    1.2000
parameter  3  0.569838 ->  0.500000 qaram    1.1500
parameter  5  1.139683 ->  0.500000 qaram    1.3225
parameters
    2.6232   17.6211   12.5446   -7.6872   -9.6820   -8.2880
   -2.8660    8.6981    5.0057   -9.5004   -0.6136    5.1987
eta,q 0.96974 17.99236
  0.0449  0.0383  0.0357  0.0367  0.0309  0.0330  0.0354  0.0375  0.0332  0.0327  0.0326  0.0314
  0.0408  0.0369  0.0351  0.0355  0.0313  0.0320  0.0335  0.0337  0.0321  0.0311  0.0313  0.0305
  0.0381  0.0362  0.0353  0.0348  0.0328  0.0312  0.0321  0.0316  0.0315  0.0307  0.0307  0.0303
  0.0366  0.0363  0.0362  0.0351  0.0349  0.0316  0.0314  0.0313  0.0313  0.0313  0.0307  0.0306
  0.0364  0.0372  0.0377  0.0381  0.0379  0.0353  0.0314  0.0321  0.0314  0.0326  0.0312  0.0314
  0.0374  0.0388  0.0401  0.0475  0.0420  0.0431  0.0320  0.0342  0.0320  0.0346  0.0320  0.0326
  0.0396  0.0409  0.0430  0.0602  0.0457  0.0521  0.0331  0.0384  0.0331  0.0371  0.0330  0.0339
niter,ni,del,rscale     7    3    5.0000    1.2000
parameters
    2.8999   17.6766   11.9480   -7.5033  -11.8549   -9.7768
   -3.2907    8.8058    5.2356   -9.2487   -1.3139    5.5757
eta,q 0.97024 17.88869
  0.0344  0.0336  0.0320  0.0348  0.0338  0.0336  0.0323  0.0368  0.0320  0.0343  0.0316  0.0320
  0.0324  0.0318  0.0307  0.0328  0.0314  0.0316  0.0308  0.0326  0.0308  0.0317  0.0303  0.0308
  0.0310  0.0306  0.0301  0.0312  0.0298  0.0303  0.0300  0.0302  0.0301  0.0302  0.0298  0.0300
  0.0303  0.0302  0.0302  0.0300  0.0299  0.0296  0.0298  0.0298  0.0298  0.0298  0.0298  0.0297
  0.0303  0.0305  0.0311  0.0294  0.0321  0.0307  0.0303  0.0307  0.0300  0.0303  0.0303  0.0299
  0.0312  0.0315  0.0326  0.0303  0.0355  0.0340  0.0314  0.0327  0.0306  0.0316  0.0311  0.0305
  0.0330  0.0333  0.0347  0.0362  0.0396  0.0398  0.0329  0.0361  0.0317  0.0334  0.0320  0.0315
niter,ni,del,rscale     6    3    5.0000    1.2000
parameters
    2.9677   18.1022   11.6903   -6.8303  -11.9915  -10.3296
   -3.2993    8.8906    5.3501   -8.9228   -1.2020    5.2442
eta,q 0.97052 17.88644
  0.0330  0.0336  0.0319  0.0344  0.0353  0.0344  0.0324  0.0369  0.0317  0.0341  0.0319  0.0313
  0.0313  0.0318  0.0305  0.0324  0.0327  0.0321  0.0308  0.0324  0.0305  0.0314  0.0303  0.0302
  0.0302  0.0305  0.0297  0.0308  0.0305  0.0304  0.0298  0.0299  0.0297  0.0299  0.0296  0.0296
  0.0298  0.0297  0.0296  0.0296  0.0293  0.0293  0.0295  0.0295  0.0295  0.0295  0.0295  0.0295
  0.0300  0.0297  0.0302  0.0287  0.0302  0.0298  0.0298  0.0305  0.0297  0.0300  0.0299  0.0298
  0.0310  0.0303  0.0313  0.0292  0.0327  0.0323  0.0308  0.0325  0.0304  0.0312  0.0305  0.0305
  0.0328  0.0317  0.0329  0.0346  0.0359  0.0371  0.0323  0.0362  0.0315  0.0330  0.0314  0.0316
niter,ni,del,rscale     5    3    5.0000    1.2000
parameters
    2.9768   18.2093   11.5238   -6.8937  -11.8720  -10.4580
   -3.3475    8.8970    5.2940   -8.7161   -1.1165    5.1003
eta,q 0.97048 17.87720
  0.0327  0.0326  0.0319  0.0340  0.0356  0.0349  0.0324  0.0367  0.0316  0.0339  0.0319  0.0315
  0.0310  0.0311  0.0304  0.0321  0.0330  0.0324  0.0308  0.0323  0.0304  0.0313  0.0303  0.0303
  0.0299  0.0300  0.0296  0.0306  0.0308  0.0306  0.0298  0.0299  0.0297  0.0298  0.0296  0.0297
  0.0295  0.0295  0.0295  0.0294  0.0295  0.0295  0.0295  0.0295  0.0295  0.0295  0.0295  0.0295
  0.0298  0.0297  0.0300  0.0286  0.0302  0.0297  0.0299  0.0305  0.0298  0.0301  0.0299  0.0298
  0.0309  0.0306  0.0310  0.0297  0.0326  0.0317  0.0309  0.0326  0.0305  0.0313  0.0306  0.0305
  0.0327  0.0322  0.0325  0.0366  0.0356  0.0362  0.0324  0.0363  0.0316  0.0331  0.0315  0.0316
niter,ni,del,rscale     4    3    5.0000    1.2000
parameters
    2.9766   18.2460   11.4534   -6.8547  -11.8052  -10.4985
   -3.3474    8.8842    5.2516   -8.6207   -1.0572    5.0236
eta,q 0.97049 17.87797
  0.0327  0.0325  0.0321  0.0341  0.0355  0.0349  0.0324  0.0367  0.0316  0.0338  0.0319  0.0315
  0.0310  0.0310  0.0306  0.0322  0.0330  0.0325  0.0308  0.0323  0.0304  0.0312  0.0303  0.0303
  0.0299  0.0299  0.0297  0.0307  0.0307  0.0307  0.0298  0.0299  0.0297  0.0298  0.0296  0.0297
  0.0295  0.0295  0.0295  0.0295  0.0295  0.0295  0.0295  0.0295  0.0295  0.0295  0.0295  0.0295
  0.0298  0.0298  0.0299  0.0286  0.0303  0.0296  0.0299  0.0305  0.0297  0.0301  0.0299  0.0298
  0.0309  0.0308  0.0309  0.0296  0.0327  0.0316  0.0309  0.0326  0.0305  0.0314  0.0306  0.0304
  0.0327  0.0324  0.0323  0.0363  0.0356  0.0361  0.0324  0.0363  0.0316  0.0332  0.0315  0.0315
niter,ni,del,rscale     3    3    5.0000    1.2000
parameters
    2.9717   18.2558   11.4244   -6.8566  -11.7750  -10.5050
   -3.3447    8.8714    5.2186   -8.5833   -1.0174    5.0011
eta,q 0.97049 17.87778
  0.0326  0.0324  0.0322  0.0341  0.0355  0.0350  0.0325  0.0367  0.0316  0.0337  0.0319  0.0315
  0.0310  0.0309  0.0306  0.0322  0.0330  0.0325  0.0308  0.0323  0.0304  0.0311  0.0303  0.0304
  0.0299  0.0299  0.0297  0.0307  0.0307  0.0307  0.0298  0.0299  0.0297  0.0298  0.0296  0.0297
  0.0295  0.0295  0.0295  0.0295  0.0295  0.0295  0.0295  0.0295  0.0295  0.0295  0.0295  0.0295
  0.0298  0.0298  0.0299  0.0287  0.0303  0.0296  0.0299  0.0305  0.0297  0.0301  0.0299  0.0298
  0.0309  0.0308  0.0308  0.0297  0.0327  0.0316  0.0309  0.0326  0.0305  0.0315  0.0306  0.0304
  0.0328  0.0324  0.0322  0.0364  0.0357  0.0360  0.0324  0.0363  0.0316  0.0332  0.0315  0.0315
niter,ni,del,rscale     2    3    5.0000    1.2000
parameters
    2.9682   18.2600   11.4137   -6.8518  -11.7642  -10.5086
   -3.3436    8.8596    5.2057   -8.5708   -1.0013    4.9937
eta,q 0.97049 17.87794
  0.0327  0.0324  0.0323  0.0341  0.0355  0.0350  0.0325  0.0367  0.0316  0.0337  0.0318  0.0315
  0.0310  0.0309  0.0306  0.0322  0.0329  0.0325  0.0308  0.0323  0.0304  0.0311  0.0303  0.0304
  0.0299  0.0299  0.0297  0.0307  0.0307  0.0307  0.0298  0.0299  0.0297  0.0298  0.0296  0.0297
  0.0295  0.0295  0.0295  0.0295  0.0295  0.0295  0.0295  0.0295  0.0295  0.0295  0.0295  0.0295
  0.0298  0.0298  0.0299  0.0287  0.0304  0.0296  0.0299  0.0305  0.0297  0.0302  0.0299  0.0298
  0.0309  0.0308  0.0308  0.0297  0.0327  0.0316  0.0309  0.0326  0.0305  0.0315  0.0306  0.0304
  0.0328  0.0325  0.0322  0.0364  0.0357  0.0360  0.0324  0.0363  0.0316  0.0332  0.0315  0.0315
registration optimization eta report
parameter search radius
    2.4000    2.4000    2.7600    8.2800    9.5220    8.2800
    7.2000    8.2800    7.2000    7.2000    8.2800    7.2000
100000*second partial in parameter space
       55.       50.       35.        9.        6.        9.
        6.       10.        4.        8.        3.        4.
  0.0327  0.0324  0.0323  0.0341  0.0355  0.0350  0.0325  0.0367  0.0316  0.0337  0.0318  0.0315
  0.0310  0.0309  0.0306  0.0322  0.0329  0.0325  0.0308  0.0323  0.0304  0.0311  0.0303  0.0304
  0.0299  0.0299  0.0297  0.0307  0.0307  0.0307  0.0298  0.0299  0.0297  0.0298  0.0296  0.0297
  0.0295  0.0295  0.0295  0.0295  0.0295  0.0295  0.0295  0.0295  0.0295  0.0295  0.0295  0.0295
  0.0298  0.0298  0.0299  0.0287  0.0304  0.0296  0.0299  0.0305  0.0297  0.0302  0.0299  0.0298
  0.0309  0.0308  0.0308  0.0297  0.0327  0.0316  0.0309  0.0326  0.0305  0.0315  0.0306  0.0304
  0.0328  0.0325  0.0322  0.0364  0.0357  0.0360  0.0324  0.0363  0.0316  0.0332  0.0315  0.0315
    2.9682   18.2600   11.4137   -6.8518  -11.7642  -10.5086
   -3.3436    8.8596    5.2057   -8.5708   -1.0013    4.9937
eta,q 0.97049 17.87794

---------------------------------------------------------------------
imgreg_4dfp /opt/freesurfer/average/711-2C_as_mni_average_305 /opt/freesurfer/average/711-2B_as_mni_average_305_mask talsrcimg_g11 none talsrcimg_to_711-2C_as_mni_average_305_t4 2311
---------------------------------------------------------------------

freesurfer imgreg_4dfp.c
/opt/freesurfer/average/711-2C_as_mni_average_305.4dfp.img
       256       256       256         1
  1.000000  1.000000  1.000000
orientation T byte_order littleendian
Reading image: /opt/freesurfer/average/711-2C_as_mni_average_305.4dfp.img
dimensions:      256       256       256
mmppix:       1.0000   -1.0000   -1.0000
center:     128.0000 -129.0000 -129.0000
/opt/freesurfer/average/711-2B_as_mni_average_305_mask.4dfp.img
       256       256       256         1
  1.000000  1.000000  1.000000
orientation T byte_order littleendian
Reading mask: /opt/freesurfer/average/711-2B_as_mni_average_305_mask.4dfp.img (2306576 pixels)
talsrcimg_g11.4dfp.img
       256       256       256         1
  1.000000  1.000000  1.000000
orientation T byte_order littleendian
Reading image: talsrcimg_g11.4dfp.img
dimensions:      256       256       256
mmppix:       1.0000   -1.0000   -1.0000
center:     128.0000 -129.0000 -129.0000
fimgreg.f
image alignment mode   2311 decimal      907 hex
parameters
    2.9682   18.2600   11.4137   -6.8518  -11.7642  -10.5086
   -3.3436    8.8596    5.2057   -8.5708   -1.0013    4.9937
eta,q 0.97049 17.87795
niter,ni,del,rscale     5    3    5.0000    0.8000
parameter  4 -0.777713 -> -0.500000 qaram    1.1500
parameters
    2.9959   18.2943   11.3350   -4.0918  -11.9732  -10.2257
   -3.4343    8.9088    5.1534   -8.2340   -0.6329    5.0237
eta,q 0.97138 18.01362
  0.0310  0.0309  0.0303  0.0318  0.0307  0.0313  0.0303  0.0322  0.0298  0.0310  0.0300  0.0296
  0.0302  0.0302  0.0298  0.0309  0.0297  0.0302  0.0293  0.0301  0.0292  0.0297  0.0292  0.0290
  0.0297  0.0297  0.0296  0.0302  0.0289  0.0293  0.0288  0.0290  0.0288  0.0289  0.0288  0.0287
  0.0295  0.0295  0.0295  0.0295  0.0287  0.0287  0.0286  0.0286  0.0286  0.0286  0.0286  0.0286
  0.0296  0.0296  0.0297  0.0289  0.0290  0.0287  0.0288  0.0290  0.0287  0.0288  0.0287  0.0288
  0.0301  0.0301  0.0300  0.0286  0.0299  0.0295  0.0294  0.0301  0.0292  0.0294  0.0291  0.0291
  0.0309  0.0308  0.0305  0.0291  0.0312  0.0310  0.0304  0.0320  0.0299  0.0303  0.0295  0.0296
niter,ni,del,rscale     5    3    5.0000    0.8000
parameters
    2.9028   18.2432   11.3705   -5.1798  -11.7309   -9.6555
   -3.3593    8.9243    5.0456   -8.3397   -0.3732    4.9313
eta,q 0.97123 18.00068
  0.0304  0.0300  0.0298  0.0307  0.0313  0.0314  0.0303  0.0318  0.0298  0.0307  0.0299  0.0297
  0.0294  0.0292  0.0291  0.0299  0.0302  0.0304  0.0295  0.0300  0.0292  0.0295  0.0292  0.0292
  0.0288  0.0288  0.0287  0.0292  0.0293  0.0295  0.0289  0.0290  0.0289  0.0289  0.0289  0.0288
  0.0286  0.0286  0.0286  0.0286  0.0289  0.0289  0.0288  0.0288  0.0288  0.0288  0.0288  0.0288
  0.0289  0.0288  0.0288  0.0288  0.0291  0.0288  0.0289  0.0291  0.0289  0.0291  0.0289  0.0289
  0.0296  0.0293  0.0291  0.0310  0.0298  0.0294  0.0294  0.0301  0.0293  0.0298  0.0292  0.0292
  0.0309  0.0302  0.0296  0.0362  0.0309  0.0307  0.0302  0.0317  0.0299  0.0308  0.0296  0.0298
niter,ni,del,rscale     4    3    5.0000    0.7000
parameters
    2.9049   18.2059   11.4551   -5.0200  -11.7776   -9.4164
   -3.3169    8.9321    4.9898   -8.3815   -0.2607    4.9837
eta,q 0.97132 18.01725
  0.0301  0.0298  0.0297  0.0308  0.0305  0.0306  0.0299  0.0311  0.0295  0.0303  0.0295  0.0295
  0.0294  0.0292  0.0292  0.0300  0.0296  0.0298  0.0292  0.0297  0.0291  0.0293  0.0290  0.0290
  0.0289  0.0289  0.0289  0.0294  0.0290  0.0292  0.0288  0.0289  0.0288  0.0288  0.0288  0.0288
  0.0288  0.0288  0.0288  0.0288  0.0287  0.0287  0.0287  0.0287  0.0287  0.0287  0.0287  0.0287
  0.0289  0.0289  0.0288  0.0285  0.0289  0.0287  0.0288  0.0290  0.0288  0.0289  0.0288  0.0288
  0.0293  0.0293  0.0291  0.0290  0.0296  0.0293  0.0292  0.0297  0.0291  0.0295  0.0290  0.0290
  0.0301  0.0299  0.0295  0.0313  0.0306  0.0305  0.0299  0.0310  0.0296  0.0302  0.0294  0.0294
niter,ni,del,rscale     3    3    5.0000    0.6000
parameters
    2.8919   18.1819   11.5032   -4.6600  -11.8485   -9.2564
   -3.2701    8.9467    4.9907   -8.3816   -0.1553    5.0295
eta,q 0.97142 18.03738
  0.0297  0.0295  0.0294  0.0304  0.0299  0.0301  0.0295  0.0304  0.0292  0.0298  0.0292  0.0292
  0.0291  0.0291  0.0290  0.0297  0.0292  0.0295  0.0290  0.0294  0.0289  0.0291  0.0289  0.0288
  0.0288  0.0288  0.0288  0.0292  0.0288  0.0289  0.0287  0.0288  0.0287  0.0287  0.0286  0.0286
  0.0287  0.0287  0.0287  0.0287  0.0286  0.0286  0.0286  0.0286  0.0286  0.0286  0.0286  0.0286
  0.0288  0.0288  0.0287  0.0285  0.0288  0.0286  0.0287  0.0288  0.0286  0.0287  0.0287  0.0286
  0.0291  0.0291  0.0289  0.0288  0.0293  0.0291  0.0290  0.0294  0.0289  0.0291  0.0288  0.0288
  0.0297  0.0296  0.0292  0.0303  0.0301  0.0300  0.0295  0.0304  0.0292  0.0297  0.0291  0.0291
niter,ni,del,rscale     2    3    5.0000    0.5000
parameters
    2.8729   18.1658   11.5383   -4.3741  -11.9042   -9.1132
   -3.2270    8.9622    4.9879   -8.3733   -0.0726    5.0825
eta,q 0.97150 18.05282
  0.0293  0.0291  0.0290  0.0299  0.0295  0.0297  0.0292  0.0299  0.0290  0.0294  0.0290  0.0289
  0.0289  0.0288  0.0288  0.0294  0.0290  0.0292  0.0288  0.0291  0.0287  0.0289  0.0287  0.0287
  0.0287  0.0286  0.0286  0.0289  0.0286  0.0288  0.0286  0.0286  0.0286  0.0286  0.0286  0.0286
  0.0286  0.0286  0.0286  0.0286  0.0285  0.0285  0.0285  0.0285  0.0285  0.0285  0.0285  0.0285
  0.0287  0.0286  0.0286  0.0284  0.0286  0.0286  0.0286  0.0286  0.0285  0.0286  0.0286  0.0286
  0.0289  0.0288  0.0288  0.0287  0.0290  0.0289  0.0288  0.0291  0.0287  0.0289  0.0287  0.0287
  0.0293  0.0292  0.0290  0.0298  0.0296  0.0296  0.0291  0.0299  0.0290  0.0293  0.0289  0.0289
niter,ni,del,rscale     1    3    5.0000    0.4000
parameters
    2.8556   18.1525   11.5552   -4.1148  -11.9568   -8.9955
   -3.1821    8.9843    4.9938   -8.3472    0.0162    5.1472
eta,q 0.97154 18.06538
  0.0290  0.0289  0.0288  0.0294  0.0291  0.0293  0.0289  0.0294  0.0288  0.0290  0.0288  0.0287
  0.0287  0.0287  0.0286  0.0291  0.0288  0.0289  0.0287  0.0289  0.0286  0.0287  0.0286  0.0286
  0.0286  0.0285  0.0285  0.0287  0.0285  0.0286  0.0285  0.0286  0.0285  0.0285  0.0285  0.0285
  0.0285  0.0285  0.0285  0.0285  0.0285  0.0285  0.0285  0.0285  0.0285  0.0285  0.0285  0.0285
  0.0286  0.0286  0.0285  0.0284  0.0285  0.0285  0.0285  0.0285  0.0285  0.0285  0.0285  0.0285
  0.0287  0.0287  0.0286  0.0286  0.0288  0.0287  0.0286  0.0288  0.0286  0.0287  0.0286  0.0286
  0.0290  0.0289  0.0288  0.0293  0.0292  0.0292  0.0289  0.0294  0.0288  0.0290  0.0287  0.0287
registration optimization eta report
parameter search radius
    0.8000    0.8000    0.8000    2.7600    2.4000    2.4000
    2.4000    2.4000    2.4000    2.4000    2.4000    2.4000
100000*second partial in parameter space
       77.       60.       45.       11.       12.       13.
        7.       16.        5.        9.        5.        4.
  0.0290  0.0289  0.0288  0.0294  0.0291  0.0293  0.0289  0.0294  0.0288  0.0290  0.0288  0.0287
  0.0287  0.0287  0.0286  0.0291  0.0288  0.0289  0.0287  0.0289  0.0286  0.0287  0.0286  0.0286
  0.0286  0.0285  0.0285  0.0287  0.0285  0.0286  0.0285  0.0286  0.0285  0.0285  0.0285  0.0285
  0.0285  0.0285  0.0285  0.0285  0.0285  0.0285  0.0285  0.0285  0.0285  0.0285  0.0285  0.0285
  0.0286  0.0286  0.0285  0.0284  0.0285  0.0285  0.0285  0.0285  0.0285  0.0285  0.0285  0.0285
  0.0287  0.0287  0.0286  0.0286  0.0288  0.0287  0.0286  0.0288  0.0286  0.0287  0.0286  0.0286
  0.0290  0.0289  0.0288  0.0293  0.0292  0.0292  0.0289  0.0294  0.0288  0.0290  0.0287  0.0287
    2.8556   18.1525   11.5552   -4.1148  -11.9568   -8.9955
   -3.1821    8.9843    4.9938   -8.3472    0.0162    5.1472
eta,q 0.97154 18.06538

---------------------------------------------------------------------
imgreg_4dfp /opt/freesurfer/average/711-2C_as_mni_average_305 /opt/freesurfer/average/711-2B_as_mni_average_305_mask talsrcimg_g11 none talsrcimg_to_711-2C_as_mni_average_305_t4 2311
---------------------------------------------------------------------

freesurfer imgreg_4dfp.c
/opt/freesurfer/average/711-2C_as_mni_average_305.4dfp.img
       256       256       256         1
  1.000000  1.000000  1.000000
orientation T byte_order littleendian
Reading image: /opt/freesurfer/average/711-2C_as_mni_average_305.4dfp.img
dimensions:      256       256       256
mmppix:       1.0000   -1.0000   -1.0000
center:     128.0000 -129.0000 -129.0000
/opt/freesurfer/average/711-2B_as_mni_average_305_mask.4dfp.img
       256       256       256         1
  1.000000  1.000000  1.000000
orientation T byte_order littleendian
Reading mask: /opt/freesurfer/average/711-2B_as_mni_average_305_mask.4dfp.img (2306576 pixels)
talsrcimg_g11.4dfp.img
       256       256       256         1
  1.000000  1.000000  1.000000
orientation T byte_order littleendian
Reading image: talsrcimg_g11.4dfp.img
dimensions:      256       256       256
mmppix:       1.0000   -1.0000   -1.0000
center:     128.0000 -129.0000 -129.0000
fimgreg.f
image alignment mode   2311 decimal      907 hex
parameters
    2.8556   18.1525   11.5552   -4.1148  -11.9568   -8.9955
   -3.1821    8.9843    4.9938   -8.3472    0.0162    5.1472
eta,q 0.97154 18.06539
niter,ni,del,rscale     5    3    5.0000    0.8000
parameters
    2.8166   18.1181   11.6013   -4.9680  -11.9087   -9.2092
   -3.1775    8.8037    4.9251   -8.4857   -0.0972    5.1421
eta,q 0.97135 18.02894
  0.0304  0.0299  0.0297  0.0303  0.0309  0.0307  0.0302  0.0315  0.0297  0.0306  0.0296  0.0297
  0.0293  0.0291  0.0290  0.0295  0.0298  0.0299  0.0293  0.0298  0.0291  0.0294  0.0290  0.0291
  0.0287  0.0286  0.0286  0.0289  0.0290  0.0291  0.0288  0.0289  0.0288  0.0288  0.0287  0.0287
  0.0285  0.0285  0.0285  0.0285  0.0286  0.0286  0.0287  0.0287  0.0287  0.0287  0.0287  0.0287
  0.0287  0.0286  0.0286  0.0286  0.0289  0.0288  0.0289  0.0291  0.0288  0.0290  0.0288  0.0288
  0.0294  0.0292  0.0289  0.0302  0.0297  0.0297  0.0293  0.0301  0.0292  0.0297  0.0292  0.0291
  0.0307  0.0300  0.0295  0.0341  0.0309  0.0316  0.0302  0.0320  0.0298  0.0307  0.0297  0.0296
niter,ni,del,rscale     4    3    5.0000    0.7000
parameters
    2.8637   18.1559   11.5826   -4.7067  -11.9296   -9.2843
   -3.2375    8.8321    4.9698   -8.4752   -0.1718    5.1123
eta,q 0.97141 18.03374
  0.0301  0.0298  0.0295  0.0303  0.0304  0.0304  0.0298  0.0311  0.0295  0.0302  0.0294  0.0294
  0.0293  0.0292  0.0290  0.0297  0.0295  0.0296  0.0291  0.0297  0.0290  0.0293  0.0289  0.0289
  0.0288  0.0288  0.0287  0.0291  0.0288  0.0290  0.0287  0.0288  0.0287  0.0287  0.0286  0.0287
  0.0287  0.0286  0.0286  0.0286  0.0286  0.0286  0.0286  0.0286  0.0286  0.0286  0.0286  0.0286
  0.0288  0.0288  0.0288  0.0284  0.0288  0.0287  0.0287  0.0288  0.0287  0.0288  0.0287  0.0287
  0.0292  0.0291  0.0290  0.0288  0.0294  0.0294  0.0291  0.0296  0.0290  0.0293  0.0290  0.0290
  0.0299  0.0297  0.0295  0.0304  0.0305  0.0308  0.0298  0.0310  0.0295  0.0301  0.0294  0.0293
niter,ni,del,rscale     3    3    5.0000    0.6000
parameters
    2.8676   18.1604   11.5680   -4.4228  -11.9446   -9.2483
   -3.2449    8.8770    4.9974   -8.4323   -0.1462    5.1237
eta,q 0.97147 18.04563
  0.0296  0.0294  0.0292  0.0299  0.0299  0.0300  0.0294  0.0305  0.0292  0.0298  0.0292  0.0291
  0.0291  0.0290  0.0288  0.0294  0.0292  0.0293  0.0289  0.0294  0.0288  0.0291  0.0288  0.0288
  0.0287  0.0287  0.0286  0.0290  0.0287  0.0288  0.0286  0.0287  0.0286  0.0286  0.0286  0.0286
  0.0286  0.0286  0.0286  0.0286  0.0285  0.0285  0.0285  0.0285  0.0285  0.0285  0.0285  0.0285
  0.0287  0.0287  0.0287  0.0284  0.0287  0.0286  0.0286  0.0287  0.0286  0.0287  0.0286  0.0286
  0.0290  0.0289  0.0289  0.0288  0.0292  0.0291  0.0289  0.0293  0.0288  0.0291  0.0288  0.0288
  0.0296  0.0294  0.0292  0.0299  0.0300  0.0301  0.0295  0.0304  0.0292  0.0296  0.0291  0.0291
niter,ni,del,rscale     2    3    5.0000    0.5000
parameters
    2.8609   18.1549   11.5632   -4.1756  -11.9622   -9.1574
   -3.2163    8.9122    5.0067   -8.3919   -0.0883    5.1471
eta,q 0.97152 18.05737
  0.0293  0.0291  0.0290  0.0296  0.0295  0.0296  0.0292  0.0299  0.0290  0.0293  0.0290  0.0289
  0.0289  0.0288  0.0287  0.0292  0.0290  0.0291  0.0288  0.0291  0.0287  0.0289  0.0287  0.0287
  0.0286  0.0286  0.0286  0.0288  0.0286  0.0287  0.0286  0.0286  0.0285  0.0286  0.0285  0.0285
  0.0285  0.0285  0.0285  0.0285  0.0285  0.0285  0.0285  0.0285  0.0285  0.0285  0.0285  0.0285
  0.0286  0.0286  0.0286  0.0284  0.0286  0.0285  0.0285  0.0286  0.0285  0.0286  0.0285  0.0285
  0.0289  0.0288  0.0287  0.0287  0.0289  0.0289  0.0288  0.0291  0.0287  0.0289  0.0287  0.0287
  0.0293  0.0291  0.0290  0.0295  0.0295  0.0296  0.0291  0.0298  0.0290  0.0293  0.0289  0.0289
niter,ni,del,rscale     1    3    5.0000    0.4000
parameters
    2.8461   18.1501   11.5651   -3.9698  -11.9877   -9.0488
   -3.1854    8.9438    5.0083   -8.3613   -0.0136    5.1805
eta,q 0.97156 18.06734
  0.0290  0.0289  0.0288  0.0292  0.0291  0.0292  0.0289  0.0294  0.0288  0.0290  0.0288  0.0287
  0.0287  0.0286  0.0286  0.0289  0.0288  0.0289  0.0286  0.0289  0.0286  0.0287  0.0286  0.0286
  0.0285  0.0285  0.0285  0.0287  0.0285  0.0286  0.0285  0.0286  0.0285  0.0285  0.0285  0.0285
  0.0285  0.0285  0.0285  0.0285  0.0285  0.0285  0.0284  0.0284  0.0284  0.0284  0.0284  0.0284
  0.0285  0.0285  0.0285  0.0284  0.0285  0.0285  0.0285  0.0285  0.0285  0.0285  0.0285  0.0285
  0.0287  0.0286  0.0286  0.0286  0.0288  0.0287  0.0286  0.0288  0.0286  0.0287  0.0286  0.0286
  0.0290  0.0289  0.0288  0.0291  0.0291  0.0292  0.0289  0.0294  0.0288  0.0290  0.0287  0.0287
registration optimization eta report
parameter search radius
    0.8000    0.8000    0.8000    2.4000    2.4000    2.4000
    2.4000    2.4000    2.4000    2.4000    2.4000    2.4000
100000*second partial in parameter space
       78.       60.       46.       12.       12.       13.
        8.       16.        5.        9.        5.        4.
  0.0290  0.0289  0.0288  0.0292  0.0291  0.0292  0.0289  0.0294  0.0288  0.0290  0.0288  0.0287
  0.0287  0.0286  0.0286  0.0289  0.0288  0.0289  0.0286  0.0289  0.0286  0.0287  0.0286  0.0286
  0.0285  0.0285  0.0285  0.0287  0.0285  0.0286  0.0285  0.0286  0.0285  0.0285  0.0285  0.0285
  0.0285  0.0285  0.0285  0.0285  0.0285  0.0285  0.0284  0.0284  0.0284  0.0284  0.0284  0.0284
  0.0285  0.0285  0.0285  0.0284  0.0285  0.0285  0.0285  0.0285  0.0285  0.0285  0.0285  0.0285
  0.0287  0.0286  0.0286  0.0286  0.0288  0.0287  0.0286  0.0288  0.0286  0.0287  0.0286  0.0286
  0.0290  0.0289  0.0288  0.0291  0.0291  0.0292  0.0289  0.0294  0.0288  0.0290  0.0287  0.0287
    2.8461   18.1501   11.5651   -3.9698  -11.9877   -9.0488
   -3.1854    8.9438    5.0083   -8.3613   -0.0136    5.1805
eta,q 0.97156 18.06734

---------------------------------------------------------------------
compute_vox2vox talsrcimg talsrcimg_to_711-2C_as_mni_average_305_t4 /opt/freesurfer/average/711-2C_as_mni_average_305
---------------------------------------------------------------------

freesurfer compute_vox2vox.c
Reading: talsrcimg.4dfp.ifh
Reading: talsrcimg_to_711-2C_as_mni_average_305_t4
Reading: /opt/freesurfer/average/711-2C_as_mni_average_305.4dfp.ifh
Writing: talsrcimg_to_711-2C_as_mni_average_305_t4_vox2vox.txt

start time Sun Mar 8 22:35:34 CET 2026
end		time Sun Mar 8 22:37:00 CET 2026

mpr2mni305 success

avi2talxfm orig_nu.mgz /opt/freesurfer/average/mni305.cor.mgz talsrcimg_to_711-2C_as_mni_average_305_t4_vox2vox.txt transforms/talairach.auto.xfm
avi2talxfm done
mv -f /out/sourcedata/freesurfer/sub-v1s16x0051172_ses-1/mri/talsrcimg_to_711-2C_as_mni_average_305_t4_vox2vox.txt /out/sourcedata/freesurfer/sub-v1s16x0051172_ses-1/mri/transforms/talsrcimg_to_711-2C_as_mni_average_305_t4_vox2vox.txt
lta_convert --src orig_nu.mgz --trg /opt/freesurfer/average/mni305.cor.mgz --inxfm transforms/talairach.auto.xfm --outlta transforms/talairach.auto.xfm.lta --subject fsaverage
7.3.2

--src: orig_nu.mgz src image (geometry).
--trg: /opt/freesurfer/average/mni305.cor.mgz trg image (geometry).
--inmni: transforms/talairach.auto.xfm input MNI/XFM transform.
--outlta: transforms/talairach.auto.xfm.lta output LTA.
--s: fsaverage subject name
 LTA read, type : 1
 1.03906  -0.09819   0.04339  -0.90558;
 0.00350   1.09324  -0.06422  -17.20583;
-0.05879   0.10945   1.12764  -25.26347;
 0.00000   0.00000   0.00000   1.00000;
setting subject to fsaverage
Writing  LTA to file transforms/talairach.auto.xfm.lta...
lta_convert successful.
 
 
Started at Sun Mar 8 22:35:34 CET 2026
Ended   at Sun Mar  8 22:37:01 CET 2026
talairach_avi done
