status file for recon-all
Sun Mar  8 22:32:28 CET 2026
#@# MotionCor Sun Mar  8 22:32:29 CET 2026
#@# Talairach Sun Mar  8 22:32:38 CET 2026
#@# Talairach Failure Detection Sun Mar  8 22:37:03 CET 2026
#@# Nu Intensity Correction Sun Mar  8 22:37:03 CET 2026
#@# Intensity Normalization Sun Mar  8 22:40:21 CET 2026
recon-all -s sub-v1s16x0051172_ses-1 finished without error at Sun Mar  8 22:41:54 CET 2026



#New# invocation of recon-all 



status file for recon-all
Sun Mar  8 22:48:52 CET 2026
#@# EM Registration Sun Mar  8 22:48:52 CET 2026
recon-all -s sub-v1s16x0051172_ses-1 finished without error at Sun Mar  8 22:51:51 CET 2026



#New# invocation of recon-all 



status file for recon-all
Sun Mar  8 22:51:54 CET 2026
#@# CA Normalize Sun Mar  8 22:51:54 CET 2026
#@# CA Reg Sun Mar  8 22:53:18 CET 2026
#@# SubCort Seg Sun Mar  8 23:46:46 CET 2026
#@# CC Seg Mon Mar  9 00:16:33 CET 2026
#@# Merge ASeg Mon Mar  9 00:17:14 CET 2026
#@# Intensity Normalization2 Mon Mar  9 00:17:14 CET 2026
#@# Mask BFS Mon Mar  9 00:19:31 CET 2026
#@# WM Segmentation Mon Mar  9 00:19:32 CET 2026
#@# Fill Mon Mar  9 00:21:35 CET 2026
recon-all -s sub-v1s16x0051172_ses-1 finished without error at Mon Mar  9 00:22:40 CET 2026



#New# invocation of recon-all 



status file for recon-all
Mon Mar  9 01:11:01 CET 2026
#@# white curv lh Mon Mar  9 01:11:01 CET 2026
#@# white area lh Mon Mar  9 01:11:01 CET 2026
#@# pial curv lh Mon Mar  9 01:11:01 CET 2026
#@# pial area lh Mon Mar  9 01:11:01 CET 2026
#@# thickness lh Mon Mar  9 01:11:01 CET 2026
#@# area and vertex vol lh Mon Mar  9 01:11:01 CET 2026
#@# white curv rh Mon Mar  9 01:11:01 CET 2026
#@# white area rh Mon Mar  9 01:11:01 CET 2026
#@# pial curv rh Mon Mar  9 01:11:01 CET 2026
#@# pial area rh Mon Mar  9 01:11:01 CET 2026
#@# thickness rh Mon Mar  9 01:11:01 CET 2026
#@# area and vertex vol rh Mon Mar  9 01:11:01 CET 2026
#@# Cortical ribbon mask Mon Mar  9 01:11:01 CET 2026
recon-all -s sub-v1s16x0051172_ses-1 finished without error at Mon Mar  9 01:14:53 CET 2026



#New# invocation of recon-all 



status file for recon-all
Mon Mar  9 01:21:29 CET 2026
#@# white curv lh Mon Mar  9 01:21:29 CET 2026
#@# white area lh Mon Mar  9 01:21:30 CET 2026
#@# pial curv lh Mon Mar  9 01:21:30 CET 2026
#@# pial area lh Mon Mar  9 01:21:30 CET 2026
#@# thickness lh Mon Mar  9 01:21:30 CET 2026
#@# area and vertex vol lh Mon Mar  9 01:21:30 CET 2026
#@# white curv rh Mon Mar  9 01:21:30 CET 2026
#@# white area rh Mon Mar  9 01:21:30 CET 2026
#@# pial curv rh Mon Mar  9 01:21:30 CET 2026
#@# pial area rh Mon Mar  9 01:21:30 CET 2026
#@# thickness rh Mon Mar  9 01:21:30 CET 2026
#@# area and vertex vol rh Mon Mar  9 01:21:30 CET 2026
#@# Curvature Stats lh Mon Mar  9 01:21:30 CET 2026
#@# Curvature Stats rh Mon Mar  9 01:21:32 CET 2026
#@# Relabel Hypointensities Mon Mar  9 01:21:35 CET 2026
#@# APas-to-ASeg Mon Mar  9 01:21:50 CET 2026
#@# AParc-to-ASeg aparc Mon Mar  9 01:21:59 CET 2026
#@# AParc-to-ASeg aparc.a2009s Mon Mar  9 01:22:25 CET 2026
#@# AParc-to-ASeg aparc.DKTatlas Mon Mar  9 01:22:51 CET 2026
#@# WMParc Mon Mar  9 01:23:17 CET 2026
#@# ASeg Stats Mon Mar  9 01:28:01 CET 2026
recon-all -s sub-v1s16x0051172_ses-1 finished without error at Mon Mar  9 01:28:49 CET 2026
