status file for recon-all
Mon Mar  9 00:46:19 CET 2026
#@# Tessellate rh Mon Mar  9 00:46:19 CET 2026
#@# Smooth1 rh Mon Mar  9 00:46:23 CET 2026
#@# Inflation1 rh Mon Mar  9 00:46:26 CET 2026
#@# QSphere rh Mon Mar  9 00:46:38 CET 2026
#@# Fix Topology rh Mon Mar  9 00:47:55 CET 2026
#@# Smooth2 rh Mon Mar  9 00:54:16 CET 2026
#@# Inflation2 rh Mon Mar  9 00:54:19 CET 2026
#@# Curv .H and .K rh Mon Mar  9 00:54:34 CET 2026
#@# Sphere rh Mon Mar  9 00:55:16 CET 2026
#@# Surf Reg rh Mon Mar  9 00:59:41 CET 2026
#@# Jacobian white rh Mon Mar  9 01:03:55 CET 2026
#@# AvgCurv rh Mon Mar  9 01:03:56 CET 2026
#@# Cortical Parc rh Mon Mar  9 01:03:57 CET 2026
#@# white curv rh Mon Mar  9 01:09:55 CET 2026
#@# white area rh Mon Mar  9 01:09:57 CET 2026
#@# pial curv rh Mon Mar  9 01:09:58 CET 2026
#@# pial area rh Mon Mar  9 01:09:59 CET 2026
#@# thickness rh Mon Mar  9 01:10:00 CET 2026
#@# area and vertex vol rh Mon Mar  9 01:10:26 CET 2026
#@# Curvature Stats rh Mon Mar  9 01:10:28 CET 2026
#@# Cortical Parc 2 rh Mon Mar  9 01:10:30 CET 2026
#@# Cortical Parc 3 rh Mon Mar  9 01:10:43 CET 2026
#@# WM/GM Contrast rh Mon Mar  9 01:10:53 CET 2026
recon-all -s sub-v1s16x0051172_ses-1 finished without error at Mon Mar  9 01:10:56 CET 2026



#New# invocation of recon-all 



status file for recon-all
Mon Mar  9 01:18:09 CET 2026
#@# white curv rh Mon Mar  9 01:18:09 CET 2026
#@# white area rh Mon Mar  9 01:18:09 CET 2026
#@# pial curv rh Mon Mar  9 01:18:09 CET 2026
#@# pial area rh Mon Mar  9 01:18:09 CET 2026
#@# thickness rh Mon Mar  9 01:18:09 CET 2026
#@# area and vertex vol rh Mon Mar  9 01:18:09 CET 2026
#@# Parcellation Stats rh Mon Mar  9 01:18:09 CET 2026
#@# Parcellation Stats 2 rh Mon Mar  9 01:18:26 CET 2026
#@# Parcellation Stats 3 rh Mon Mar  9 01:18:35 CET 2026
#@# BA_exvivo Labels rh Mon Mar  9 01:18:43 CET 2026
recon-all -s sub-v1s16x0051172_ses-1 finished without error at Mon Mar  9 01:21:22 CET 2026
