status file for recon-all
Mon Mar  9 00:22:43 CET 2026
#@# Tessellate lh Mon Mar  9 00:22:43 CET 2026
#@# Smooth1 lh Mon Mar  9 00:22:46 CET 2026
#@# Inflation1 lh Mon Mar  9 00:22:49 CET 2026
#@# QSphere lh Mon Mar  9 00:23:01 CET 2026
#@# Fix Topology lh Mon Mar  9 00:24:12 CET 2026
#@# Smooth2 lh Mon Mar  9 00:30:48 CET 2026
#@# Inflation2 lh Mon Mar  9 00:30:51 CET 2026
#@# Curv .H and .K lh Mon Mar  9 00:31:04 CET 2026
#@# Sphere lh Mon Mar  9 00:31:47 CET 2026
#@# Surf Reg lh Mon Mar  9 00:34:49 CET 2026
#@# Jacobian white lh Mon Mar  9 00:39:08 CET 2026
#@# AvgCurv lh Mon Mar  9 00:39:08 CET 2026
#@# Cortical Parc lh Mon Mar  9 00:39:09 CET 2026
#@# white curv lh Mon Mar  9 00:45:12 CET 2026
#@# white area lh Mon Mar  9 00:45:14 CET 2026
#@# pial curv lh Mon Mar  9 00:45:15 CET 2026
#@# pial area lh Mon Mar  9 00:45:17 CET 2026
#@# thickness lh Mon Mar  9 00:45:17 CET 2026
#@# area and vertex vol lh Mon Mar  9 00:45:44 CET 2026
#@# Curvature Stats lh Mon Mar  9 00:45:46 CET 2026
#@# Cortical Parc 2 lh Mon Mar  9 00:45:48 CET 2026
#@# Cortical Parc 3 lh Mon Mar  9 00:46:01 CET 2026
#@# WM/GM Contrast lh Mon Mar  9 00:46:12 CET 2026
recon-all -s sub-v1s16x0051172_ses-1 finished without error at Mon Mar  9 00:46:14 CET 2026



#New# invocation of recon-all 



status file for recon-all
Mon Mar  9 01:14:57 CET 2026
#@# white curv lh Mon Mar  9 01:14:57 CET 2026
#@# white area lh Mon Mar  9 01:14:57 CET 2026
#@# pial curv lh Mon Mar  9 01:14:57 CET 2026
#@# pial area lh Mon Mar  9 01:14:57 CET 2026
#@# thickness lh Mon Mar  9 01:14:57 CET 2026
#@# area and vertex vol lh Mon Mar  9 01:14:57 CET 2026
#@# Parcellation Stats lh Mon Mar  9 01:14:57 CET 2026
#@# Parcellation Stats 2 lh Mon Mar  9 01:15:14 CET 2026
#@# Parcellation Stats 3 lh Mon Mar  9 01:15:22 CET 2026
#@# BA_exvivo Labels lh Mon Mar  9 01:15:30 CET 2026
recon-all -s sub-v1s16x0051172_ses-1 finished without error at Mon Mar  9 01:18:05 CET 2026
