/out/sourcedata/freesurfer/sub-v1s16x0051179_ses-1/mri
/opt/freesurfer/bin/talairach_avi
--i orig_nu.mgz --xfm transforms/talairach.auto.xfm
talairach_avi 7.3.2
Linux dna066 5.14.0-427.37.1.el9_4.x86_64 #1 SMP PREEMPT_DYNAMIC Fri Sep 13 12:41:50 EDT 2024 x86_64 x86_64 x86_64 GNU/Linux
Sun Mar  8 23:13:36 CET 2026
mri_convert orig_nu.mgz talsrcimg.img 
reading from orig_nu.mgz...
TR=0.00, TE=0.00, TI=0.00, flip angle=0.00
i_ras = (-1, 0, 0)
j_ras = (0, 0, -1)
k_ras = (0, 1, 0)
writing to talsrcimg.img...
Analyze Output Matrix
-1.00000   0.00000   0.00000   134.69217;
 0.00000   0.00000   1.00000  -115.32195;
 0.00000  -1.00000   0.00000   119.48257;
 0.00000   0.00000   0.00000   1.00000;
--------------------
INFO: set hdr.hist.orient to -1
mpr2mni305 talsrcimg
Sun Mar  8 23:13:36 CET 2026
/opt/freesurfer/bin/mpr2mni305 talsrcimg
mpr2mni305 7.3.2
target=711-2C_as_mni_average_305

---------------------------------------------------------------------
analyzeto4dfp talsrcimg -O0 -y
---------------------------------------------------------------------

freesurfer ifh2hdr.c
Sun Mar  8 23:13:37 2026
Writing: talsrcimg.4dfp.hdr
freesurfer analyzeto4dfp.c
Reading: talsrcimg.hdr
header size 348 bytes
hdr.dime.datatype	offset=70	value=2
hdr.dime.bitpix		offset=72	value=8
hdr.hist.orient		offset=252	value=-1
dimensionality     4
dimensions       256       256       256         1
Reading: talsrcimg.img
Writing: talsrcimg.4dfp.img
Writing: talsrcimg.4dfp.ifh
ifh2hdr talsrcimg -r0to208
ori=2

---------------------------------------------------------------------
gauss_4dfp talsrcimg 1.1
---------------------------------------------------------------------

freesurfer gauss_4dfp.c
Reading: talsrcimg.4dfp.img
Writing: talsrcimg_g11.4dfp.img
image dimensions 256 256 256 padded to 288 288 288
processing volume 1freesurfer ifh2hdr.c
Sun Mar  8 23:13:38 2026
Writing: talsrcimg_g11.4dfp.hdr

Writing: talsrcimg_g11.4dfp.ifh
including: talsrcimg.4dfp.img.rec in talsrcimg_g11.4dfp.img.rec

---------------------------------------------------------------------
imgreg_4dfp /opt/freesurfer/average/711-2C_as_mni_average_305 none talsrcimg_g11 none talsrcimg_to_711-2C_as_mni_average_305_t4 4355
---------------------------------------------------------------------

freesurfer imgreg_4dfp.c
/opt/freesurfer/average/711-2C_as_mni_average_305.4dfp.img
       256       256       256         1
  1.000000  1.000000  1.000000
orientation T byte_order littleendian
Reading image: /opt/freesurfer/average/711-2C_as_mni_average_305.4dfp.img
dimensions:      256       256       256
mmppix:       1.0000   -1.0000   -1.0000
center:     128.0000 -129.0000 -129.0000
talsrcimg_g11.4dfp.img
       256       256       256         1
  1.000000  1.000000  1.000000
orientation T byte_order littleendian
Reading image: talsrcimg_g11.4dfp.img
dimensions:      256       256       256
mmppix:       1.0000   -1.0000   -1.0000
center:     128.0000 -129.0000 -129.0000
t4_read: open error in t4_sub.f l:  41 t4_file(1:l)talsrcimg_to_711-2C_as_mni_average_305_t4 
t4_read: transform initialized to I4
rotation matrix determinant  1.000000
image alignment mode   4355 decimal     1103 hex
   -7.5000  -45.0000  -45.0000 5999.9951   26.6379
    0.0000  -45.0000  -45.0000 6176.3442   26.5648
    7.5000  -45.0000  -45.0000 5916.2432   26.4776
   -7.5000  -37.5000  -45.0000 6494.7827   26.1081
    0.0000  -37.5000  -45.0000 6676.0034   26.0258
    7.5000  -37.5000  -45.0000 6393.2266   25.9559
   -7.5000  -30.0000  -45.0000 7320.8154   25.7442
    0.0000  -30.0000  -45.0000 7529.7544   25.6600
    7.5000  -30.0000  -45.0000 7187.7959   25.5994
   -7.5000  -22.5000  -45.0000 8174.9185   25.5647
    0.0000  -22.5000  -45.0000 8448.5244   25.4905
    7.5000  -22.5000  -45.0000 8038.9971   25.4234
   -7.5000  -15.0000  -45.0000 9066.4414   25.5308
    0.0000  -15.0000  -45.0000 9412.5664   25.4674
    7.5000  -15.0000  -45.0000 8953.6084   25.3875
   -7.5000   -7.5000  -45.0000 9866.1230   25.6546
    0.0000   -7.5000  -45.000010257.9873   25.5922
    7.5000   -7.5000  -45.0000 9760.5508   25.5066
   -7.5000    0.0000  -45.000010508.4219   25.8088
    0.0000    0.0000  -45.000010918.7715   25.7380
    7.5000    0.0000  -45.000010366.0029   25.6572
   -7.5000    7.5000  -45.000010313.6631   25.8275
    0.0000    7.5000  -45.000010712.7178   25.7452
    7.5000    7.5000  -45.000010172.0439   25.6766
   -7.5000   15.0000  -45.000010179.7100   25.7072
    0.0000   15.0000  -45.000010556.2578   25.6226
    7.5000   15.0000  -45.0000 9969.9492   25.5619
   -7.5000   22.5000  -45.000010031.8721   25.5611
    0.0000   22.5000  -45.000010388.8154   25.4870
    7.5000   22.5000  -45.0000 9781.9648   25.4199
   -7.5000   30.0000  -45.0000 9804.7383   25.1906
    0.0000   30.0000  -45.000010174.4414   25.1280
    7.5000   30.0000  -45.0000 9595.6660   25.0491
   -7.5000   37.5000  -45.0000 9735.8262   25.3127
    0.0000   37.5000  -45.000010091.2959   25.2511
    7.5000   37.5000  -45.0000 9532.0391   25.1667
   -7.5000   45.0000  -45.0000 9149.4932   24.8183
    0.0000   45.0000  -45.0000 9472.2959   24.7502
    7.5000   45.0000  -45.0000 8923.7324   24.6725
   -7.5000  -45.0000  -37.5000 6390.6924   26.3040
    0.0000  -45.0000  -37.5000 6585.9644   26.2524
    7.5000  -45.0000  -37.5000 6292.0781   26.1721
   -7.5000  -37.5000  -37.5000 6900.7427   25.7671
    0.0000  -37.5000  -37.5000 7123.6104   25.7063
    7.5000  -37.5000  -37.5000 6784.3672   25.6405
   -7.5000  -30.0000  -37.5000 7778.4014   25.3881
    0.0000  -30.0000  -37.5000 8040.5249   25.3208
    7.5000  -30.0000  -37.5000 7633.2417   25.2627
   -7.5000  -22.5000  -37.5000 8710.6348   25.2093
    0.0000  -22.5000  -37.5000 9036.5713   25.1464
    7.5000  -22.5000  -37.5000 8554.5811   25.0831
   -7.5000  -15.0000  -37.5000 9663.8467   25.1908
    0.0000  -15.0000  -37.500010043.0703   25.1366
    7.5000  -15.0000  -37.5000 9507.3389   25.0638
   -7.5000   -7.5000  -37.500010516.4990   25.3328
    0.0000   -7.5000  -37.500010916.0059   25.2846
    7.5000   -7.5000  -37.500010325.9395   25.2072
   -7.5000    0.0000  -37.500011192.5986   25.4915
    0.0000    0.0000  -37.500011603.0557   25.4412
    7.5000    0.0000  -37.500010956.2285   25.3668
   -7.5000    7.5000  -37.500010979.4434   25.4921
    0.0000    7.5000  -37.500011406.7803   25.4310
    7.5000    7.5000  -37.500010730.4531   25.3663
   -7.5000   15.0000  -37.500010775.9033   25.3520
    0.0000   15.0000  -37.500011181.4199   25.2843
    7.5000   15.0000  -37.500010494.2451   25.2262
   -7.5000   22.5000  -37.500010575.3789   25.2058
    0.0000   22.5000  -37.500010978.2666   25.1430
    7.5000   22.5000  -37.500010290.5840   25.0796
   -7.5000   30.0000  -37.500010331.8154   24.8551
    0.0000   30.0000  -37.500010751.2051   24.8016
    7.5000   30.0000  -37.500010093.7031   24.7298
   -7.5000   37.5000  -37.500010252.6816   24.9952
    0.0000   37.5000  -37.500010658.6494   24.9477
    7.5000   37.5000  -37.500010010.0654   24.8713
   -7.5000   45.0000  -37.5000 9621.8125   24.5131
    0.0000   45.0000  -37.5000 9973.2793   24.4648
    7.5000   45.0000  -37.5000 9340.3018   24.3933
   -7.5000  -45.0000  -30.0000 6946.0132   27.4439
    0.0000  -45.0000  -30.0000 7168.3032   27.3951
    7.5000  -45.0000  -30.0000 6823.1558   27.3065
   -7.5000  -37.5000  -30.0000 7502.3364   26.8833
    0.0000  -37.5000  -30.0000 7757.5200   26.8310
    7.5000  -37.5000  -30.0000 7340.2461   26.7510
   -7.5000  -30.0000  -30.0000 8468.5449   26.4578
    0.0000  -30.0000  -30.0000 8761.8340   26.4038
    7.5000  -30.0000  -30.0000 8285.9385   26.3299
   -7.5000  -22.5000  -30.0000 9523.7812   26.2422
    0.0000  -22.5000  -30.0000 9866.8145   26.1914
    7.5000  -22.5000  -30.0000 9306.1992   26.1169
   -7.5000  -15.0000  -30.000010525.0898   26.2181
    0.0000  -15.0000  -30.000010910.3721   26.1709
    7.5000  -15.0000  -30.000010293.4404   26.0929
   -7.5000   -7.5000  -30.000011417.5244   26.3950
    0.0000   -7.5000  -30.000011825.0869   26.3492
    7.5000   -7.5000  -30.000011124.4512   26.2678
   -7.5000    0.0000  -30.000012144.9766   26.5948
    0.0000    0.0000  -30.000012569.6729   26.5472
    7.5000    0.0000  -30.000011800.5654   26.4648
   -7.5000    7.5000  -30.000011941.1602   26.5958
    0.0000    7.5000  -30.000012388.1475   26.5429
    7.5000    7.5000  -30.000011575.3809   26.4643
   -7.5000   15.0000  -30.000011700.8379   26.4203
    0.0000   15.0000  -30.000012137.1895   26.3658
    7.5000   15.0000  -30.000011312.5049   26.2918
   -7.5000   22.5000  -30.000011421.2080   26.2359
    0.0000   22.5000  -30.000011866.5703   26.1851
    7.5000   22.5000  -30.000011047.5791   26.1107
   -7.5000   30.0000  -30.000011143.6104   25.8712
    0.0000   30.0000  -30.000011589.4189   25.8246
    7.5000   30.0000  -30.000010818.5889   25.7476
   -7.5000   37.5000  -30.000011000.5342   26.0457
    0.0000   37.5000  -30.000011460.0703   26.0005
    7.5000   37.5000  -30.000010678.8350   25.9202
   -7.5000   45.0000  -30.000010308.6074   25.5928
    0.0000   45.0000  -30.000010713.5518   25.5471
    7.5000   45.0000  -30.0000 9962.2178   25.4677
   -7.5000  -45.0000  -22.5000 7533.2837   28.3789
    0.0000  -45.0000  -22.5000 7764.2168   28.3088
    7.5000  -45.0000  -22.5000 7344.4897   28.2061
   -7.5000  -37.5000  -22.5000 8168.0542   27.8202
    0.0000  -37.5000  -22.5000 8441.6865   27.7538
    7.5000  -37.5000  -22.5000 7928.3115   27.6556
   -7.5000  -30.0000  -22.5000 9213.8574   27.3766
    0.0000  -30.0000  -22.5000 9538.4258   27.3193
    7.5000  -30.0000  -22.5000 8957.2295   27.2269
   -7.5000  -22.5000  -22.500010301.9951   27.1280
    0.0000  -22.5000  -22.500010693.7490   27.0776
    7.5000  -22.5000  -22.500010041.8691   26.9882
   -7.5000  -15.0000  -22.500011349.4326   27.0808
    0.0000  -15.0000  -22.500011772.1611   27.0294
    7.5000  -15.0000  -22.500011044.3799   26.9398
   -7.5000   -7.5000  -22.500012315.5625   27.2682
    0.0000   -7.5000  -22.500012756.2393   27.2078
    7.5000   -7.5000  -22.500011931.5166   27.1154
   -7.5000    0.0000  -22.500013105.2070   27.5007
    0.0000    0.0000  -22.500013558.0557   27.4325
    7.5000    0.0000  -22.500012677.2793   27.3366
   -7.5000    7.5000  -22.500012956.6562   27.5229
    0.0000    7.5000  -22.500013445.5449   27.4563
    7.5000    7.5000  -22.500012466.5742   27.3599
   -7.5000   15.0000  -22.500012677.9229   27.3378
    0.0000   15.0000  -22.500013175.6074   27.2801
    7.5000   15.0000  -22.500012199.5068   27.1876
   -7.5000   22.5000  -22.500012317.4980   27.1196
    0.0000   22.5000  -22.500012800.5176   27.0693
    7.5000   22.5000  -22.500011866.2295   26.9799
   -7.5000   30.0000  -22.500011945.3955   26.7266
    0.0000   30.0000  -22.500012429.3877   26.6758
    7.5000   30.0000  -22.500011530.7490   26.5874
   -7.5000   37.5000  -22.500011768.0986   26.9115
    0.0000   37.5000  -22.500012262.2998   26.8520
    7.5000   37.5000  -22.500011357.2080   26.7608
   -7.5000   45.0000  -22.500010996.2588   26.4845
    0.0000   45.0000  -22.500011445.4688   26.4189
    7.5000   45.0000  -22.500010591.8828   26.3265
   -7.5000  -45.0000  -15.0000 8084.4307   29.0086
    0.0000  -45.0000  -15.0000 8331.5371   28.9128
    7.5000  -45.0000  -15.0000 7848.3174   28.8026
   -7.5000  -37.5000  -15.0000 8790.0840   28.4570
    0.0000  -37.5000  -15.0000 9088.0684   28.3670
    7.5000  -37.5000  -15.0000 8509.2930   28.2633
   -7.5000  -30.0000  -15.0000 9912.1074   28.0271
    0.0000  -30.0000  -15.000010272.0117   27.9529
    7.5000  -30.0000  -15.0000 9603.1484   27.8561
   -7.5000  -22.5000  -15.000011030.2812   27.7752
    0.0000  -22.5000  -15.000011438.5127   27.7132
    7.5000  -22.5000  -15.000010702.6201   27.6183
   -7.5000  -15.0000  -15.000012127.4443   27.7110
    0.0000  -15.0000  -15.000012542.2578   27.6480
    7.5000  -15.0000  -15.000011750.9980   27.5504
   -7.5000   -7.5000  -15.000013160.9180   27.8813
    0.0000   -7.5000  -15.000013629.2412   27.8031
    7.5000   -7.5000  -15.000012736.1133   27.7021
   -7.5000    0.0000  -15.000014036.1855   28.1124
    0.0000    0.0000  -15.000014525.5244   28.0196
    7.5000    0.0000  -15.000013569.1143   27.9166
   -7.5000    7.5000  -15.000013889.3398   28.1540
    0.0000    7.5000  -15.000014405.7354   28.0641
    7.5000    7.5000  -15.000013341.5039   27.9624
   -7.5000   15.0000  -15.000013522.5781   27.9874
    0.0000   15.0000  -15.000014069.2471   27.9128
    7.5000   15.0000  -15.000013012.9170   27.8160
   -7.5000   22.5000  -15.000013151.9443   27.7653
    0.0000   22.5000  -15.000013668.0840   27.7034
    7.5000   22.5000  -15.000012649.0820   27.6086
   -7.5000   30.0000  -15.000012797.5068   27.3524
    0.0000   30.0000  -15.000013291.2949   27.2902
    7.5000   30.0000  -15.000012282.6357   27.1939
   -7.5000   37.5000  -15.000012542.9678   27.5205
    0.0000   37.5000  -15.000013022.3652   27.4432
    7.5000   37.5000  -15.000012036.9570   27.3436
   -7.5000   45.0000  -15.000011701.8369   27.0900
    0.0000   45.0000  -15.000012159.4404   27.0006
    7.5000   45.0000  -15.000011231.6934   26.9013
   -7.5000  -45.0000   -7.5000 8614.4980   29.3045
    0.0000  -45.0000   -7.5000 8919.6123   29.2055
    7.5000  -45.0000   -7.5000 8411.7764   29.1005
   -7.5000  -37.5000   -7.5000 9373.7305   28.7461
    0.0000  -37.5000   -7.5000 9733.1748   28.6455
    7.5000  -37.5000   -7.5000 9145.6514   28.5543
   -7.5000  -30.0000   -7.500010583.0117   28.3413
    0.0000  -30.0000   -7.500010976.6123   28.2510
    7.5000  -30.0000   -7.500010289.6201   28.1690
   -7.5000  -22.5000   -7.500011750.0078   28.1170
    0.0000  -22.5000   -7.500012196.0068   28.0414
    7.5000  -22.5000   -7.500011430.4492   27.9564
   -7.5000  -15.0000   -7.500012898.8623   28.0587
    0.0000  -15.0000   -7.500013362.0273   27.9890
    7.5000  -15.0000   -7.500012579.4336   27.8942
   -7.5000   -7.5000   -7.500013999.6240   28.2031
    0.0000   -7.5000   -7.500014546.7998   28.1228
    7.5000   -7.5000   -7.500013656.6416   28.0228
   -7.5000    0.0000   -7.500015031.2051   28.4010
    0.0000    0.0000   -7.500015617.4160   28.3051
    7.5000    0.0000   -7.500014554.5088   28.2074
   -7.5000    7.5000   -7.500014801.5918   28.4407
    0.0000    7.5000   -7.500015399.3291   28.3403
    7.5000    7.5000   -7.500014273.7402   28.2509
   -7.5000   15.0000   -7.500014364.3438   28.3012
    0.0000   15.0000   -7.500014914.7246   28.2105
    7.5000   15.0000   -7.500013860.3457   28.1285
   -7.5000   22.5000   -7.500013959.8438   28.1040
    0.0000   22.5000   -7.500014502.9189   28.0285
    7.5000   22.5000   -7.500013464.0195   27.9435
   -7.5000   30.0000   -7.500013608.3730   27.6948
    0.0000   30.0000   -7.500014130.8066   27.6260
    7.5000   30.0000   -7.500013116.2637   27.5325
   -7.5000   37.5000   -7.500013333.1592   27.8373
    0.0000   37.5000   -7.500013837.3857   27.7581
    7.5000   37.5000   -7.500012836.2002   27.6594
   -7.5000   45.0000   -7.500012450.6025   27.3732
    0.0000   45.0000   -7.500012910.8096   27.2808
    7.5000   45.0000   -7.500011935.0938   27.1867
   -7.5000  -45.0000    0.0000 9096.0439   29.3708
    0.0000  -45.0000    0.0000 9469.6191   29.2905
    7.5000  -45.0000    0.0000 8922.4189   29.1958
   -7.5000  -37.5000    0.0000 9880.2158   28.7918
    0.0000  -37.5000    0.000010284.1865   28.7015
    7.5000  -37.5000    0.0000 9671.6055   28.6256
   -7.5000  -30.0000    0.000011137.5059   28.3948
    0.0000  -30.0000    0.000011562.3555   28.3026
    7.5000  -30.0000    0.000010884.8389   28.2369
   -7.5000  -22.5000    0.000012391.3525   28.1987
    0.0000  -22.5000    0.000012845.6641   28.1178
    7.5000  -22.5000    0.000012111.6162   28.0450
   -7.5000  -15.0000    0.000013611.6914   28.1617
    0.0000  -15.0000    0.000014107.3184   28.0924
    7.5000  -15.0000    0.000013348.9775   28.0056
   -7.5000   -7.5000    0.000014890.9570   28.2971
    0.0000   -7.5000    0.000015467.8008   28.2287
    7.5000   -7.5000    0.000014607.4658   28.1357
   -7.5000    0.0000    0.000016032.1680   28.4655
    0.0000    0.0000    0.000016729.0684   28.3876
    7.5000    0.0000    0.000015561.5400   28.2998
   -7.5000    7.5000    0.000015677.6191   28.4857
    0.0000    7.5000    0.000016319.8604   28.3954
    7.5000    7.5000    0.000015220.6475   28.3209
   -7.5000   15.0000    0.000015082.1641   28.3545
    0.0000   15.0000    0.000015665.4209   28.2619
    7.5000   15.0000    0.000014762.6973   28.1962
   -7.5000   22.5000    0.000014690.9375   28.1857
    0.0000   22.5000    0.000015237.8828   28.1048
    7.5000   22.5000    0.000014355.8018   28.0320
   -7.5000   30.0000    0.000014325.2285   27.7972
    0.0000   30.0000    0.000014870.0938   27.7288
    7.5000   30.0000    0.000014006.9004   27.6432
   -7.5000   37.5000    0.000014010.1904   27.9309
    0.0000   37.5000    0.000014554.8857   27.8633
    7.5000   37.5000    0.000013637.1240   27.7715
   -7.5000   45.0000    0.000013054.4541   27.4375
    0.0000   45.0000    0.000013570.1963   27.3624
    7.5000   45.0000    0.000012607.4385   27.2778
   -7.5000  -45.0000    7.5000 8891.0264   29.4246
    0.0000  -45.0000    7.5000 9265.4932   29.3667
    7.5000  -45.0000    7.5000 8756.4072   29.2768
   -7.5000  -37.5000    7.5000 9636.0703   28.8241
    0.0000  -37.5000    7.500010037.1133   28.7559
    7.5000  -37.5000    7.5000 9492.3994   28.6823
   -7.5000  -30.0000    7.500010815.1895   28.4002
    0.0000  -30.0000    7.500011251.2910   28.3248
    7.5000  -30.0000    7.500010656.4424   28.2598
   -7.5000  -22.5000    7.500012032.3428   28.2002
    0.0000  -22.5000    7.500012501.9082   28.1297
    7.5000  -22.5000    7.500011841.5674   28.0589
   -7.5000  -15.0000    7.500013290.9316   28.1795
    0.0000  -15.0000    7.500013797.8105   28.1188
    7.5000  -15.0000    7.500013066.0889   28.0373
   -7.5000   -7.5000    7.500014706.7754   28.3385
    0.0000   -7.5000    7.500015331.4248   28.2845
    7.5000   -7.5000    7.500014329.0986   28.1978
   -7.5000    0.0000    7.500015951.6494   28.5160
    0.0000    0.0000    7.500016725.3867   28.4596
    7.5000    0.0000    7.500015415.0117   28.3764
   -7.5000    7.5000    7.500015439.3887   28.5165
    0.0000    7.5000    7.500016083.6260   28.4480
    7.5000    7.5000    7.500015117.8945   28.3757
   -7.5000   15.0000    7.500014800.3008   28.3598
    0.0000   15.0000    7.500015348.1152   28.2840
    7.5000   15.0000    7.500014729.6670   28.2188
   -7.5000   22.5000    7.500014458.4229   28.1872
    0.0000   22.5000    7.500014997.8955   28.1168
    7.5000   22.5000    7.500014377.0205   28.0459
   -7.5000   30.0000    7.500014092.9209   27.8148
    0.0000   30.0000    7.500014655.9395   27.7549
    7.5000   30.0000    7.500013973.2871   27.6745
   -7.5000   37.5000    7.500013809.4688   27.9717
    0.0000   37.5000    7.500014379.5635   27.9184
    7.5000   37.5000    7.500013564.4160   27.8329
   -7.5000   45.0000    7.500012855.2002   27.4861
    0.0000   45.0000    7.500013373.3037   27.4318
    7.5000   45.0000    7.500012452.1172   27.3516
   -7.5000  -45.0000   15.0000 8569.4092   29.4703
    0.0000  -45.0000   15.0000 8932.2871   29.4179
    7.5000  -45.0000   15.0000 8434.9600   29.3227
   -7.5000  -37.5000   15.0000 9276.0654   28.8683
    0.0000  -37.5000   15.0000 9674.0781   28.8120
    7.5000  -37.5000   15.0000 9158.0127   28.7262
   -7.5000  -30.0000   15.000010393.9697   28.4114
    0.0000  -30.0000   15.000010822.4209   28.3533
    7.5000  -30.0000   15.000010289.9619   28.2740
   -7.5000  -22.5000   15.000011536.4600   28.1798
    0.0000  -22.5000   15.000011993.6797   28.1253
    7.5000  -22.5000   15.000011444.7598   28.0453
   -7.5000  -15.0000   15.000012696.7539   28.1539
    0.0000  -15.0000   15.000013199.2266   28.1032
    7.5000  -15.0000   15.000012640.1504   28.0194
   -7.5000   -7.5000   15.000014075.8057   28.3439
    0.0000   -7.5000   15.000014747.6943   28.2947
    7.5000   -7.5000   15.000013874.7891   28.2073
   -7.5000    0.0000   15.000015368.4033   28.5584
    0.0000    0.0000   15.000016007.9111   28.5074
    7.5000    0.0000   15.000014908.8535   28.4188
   -7.5000    7.5000   15.000014967.9121   28.5595
    0.0000    7.5000   15.000015460.6025   28.5027
    7.5000    7.5000   15.000014694.2324   28.4183
   -7.5000   15.0000   15.000014430.9082   28.3710
    0.0000   15.0000   15.000014885.1602   28.3126
    7.5000   15.0000   15.000014322.1182   28.2331
   -7.5000   22.5000   15.000014191.6289   28.1668
    0.0000   22.5000   15.000014627.2900   28.1123
    7.5000   22.5000   15.000013957.6514   28.0324
   -7.5000   30.0000   15.000013869.4668   27.7896
    0.0000   30.0000   15.000014332.9160   27.7395
    7.5000   30.0000   15.000013554.0293   27.6568
   -7.5000   37.5000   15.000013554.7695   27.9771
    0.0000   37.5000   15.000013989.3877   27.9285
    7.5000   37.5000   15.000013115.5088   27.8422
   -7.5000   45.0000   15.000012493.0205   27.5270
    0.0000   45.0000   15.000012849.0117   27.4778
    7.5000   45.0000   15.000011985.5117   27.3925
   -7.5000  -45.0000   22.5000 8129.7637   29.4596
    0.0000  -45.0000   22.5000 8496.2227   29.3868
    7.5000  -45.0000   22.5000 8025.5244   29.2802
   -7.5000  -37.5000   22.5000 8849.4365   28.8796
    0.0000  -37.5000   22.5000 9263.4678   28.8106
    7.5000  -37.5000   22.5000 8763.4111   28.7088
   -7.5000  -30.0000   22.5000 9910.3711   28.4191
    0.0000  -30.0000   22.500010354.8525   28.3596
    7.5000  -30.0000   22.5000 9859.6016   28.2637
   -7.5000  -22.5000   22.500010971.7119   28.1610
    0.0000  -22.5000   22.500011460.7549   28.1087
    7.5000  -22.5000   22.500010954.9648   28.0159
   -7.5000  -15.0000   22.500012076.2441   28.1120
    0.0000  -15.0000   22.500012615.0371   28.0587
    7.5000  -15.0000   22.500012076.0684   27.9657
   -7.5000   -7.5000   22.500013310.7539   28.3065
    0.0000   -7.5000   22.500013934.6934   28.2439
    7.5000   -7.5000   22.500013182.6650   28.1480
   -7.5000    0.0000   22.500014468.9609   28.5479
    0.0000    0.0000   22.500015023.8623   28.4772
    7.5000    0.0000   22.500014103.3154   28.3776
   -7.5000    7.5000   22.500014408.5176   28.5710
    0.0000    7.5000   22.500014801.7490   28.5018
    7.5000    7.5000   22.500013879.6523   28.4018
   -7.5000   15.0000   22.500014172.3301   28.3788
    0.0000   15.0000   22.500014511.0596   28.3189
    7.5000   15.0000   22.500013571.1143   28.2229
   -7.5000   22.5000   22.500013859.0215   28.1480
    0.0000   22.5000   22.500014161.2715   28.0958
    7.5000   22.5000   22.500013219.1104   28.0030
   -7.5000   30.0000   22.500013359.2178   27.7482
    0.0000   30.0000   22.500013665.2100   27.6955
    7.5000   30.0000   22.500012802.3906   27.6037
   -7.5000   37.5000   22.500012899.0908   27.9402
    0.0000   37.5000   22.500013206.7314   27.8784
    7.5000   37.5000   22.500012395.4355   27.7837
   -7.5000   45.0000   22.500011778.7959   27.5169
    0.0000   45.0000   22.500012086.0752   27.4487
    7.5000   45.0000   22.500011336.5850   27.3527
   -7.5000  -45.0000   30.0000 7607.3921   29.4068
    0.0000  -45.0000   30.0000 7924.3472   29.3096
    7.5000  -45.0000   30.0000 7487.2109   29.1979
   -7.5000  -37.5000   30.0000 8283.0449   28.8475
    0.0000  -37.5000   30.0000 8649.5117   28.7564
    7.5000  -37.5000   30.0000 8173.4600   28.6512
   -7.5000  -30.0000   30.0000 9309.8916   28.4117
    0.0000  -30.0000   30.0000 9730.7119   28.3365
    7.5000  -30.0000   30.0000 9200.8262   28.2384
   -7.5000  -22.5000   30.000010369.1631   28.1564
    0.0000  -22.5000   30.000010828.5635   28.0935
    7.5000  -22.5000   30.000010220.1699   27.9974
   -7.5000  -15.0000   30.000011417.7598   28.0913
    0.0000  -15.0000   30.000011966.0830   28.0275
    7.5000  -15.0000   30.000011220.3496   27.9285
   -7.5000   -7.5000   30.000012501.4707   28.2640
    0.0000   -7.5000   30.000013100.1807   28.1847
    7.5000   -7.5000   30.000012225.7520   28.0823
   -7.5000    0.0000   30.000013401.3125   28.4983
    0.0000    0.0000   30.000013948.1094   28.4042
    7.5000    0.0000   30.000013066.7080   28.2998
   -7.5000    7.5000   30.000013280.7324   28.5404
    0.0000    7.5000   30.000013779.6865   28.4492
    7.5000    7.5000   30.000012871.4980   28.3461
   -7.5000   15.0000   30.000012997.2783   28.3715
    0.0000   15.0000   30.000013470.4424   28.2959
    7.5000   15.0000   30.000012584.2129   28.1978
   -7.5000   22.5000   30.000012698.5508   28.1434
    0.0000   22.5000   30.000013145.9121   28.0806
    7.5000   22.5000   30.000012291.9209   27.9845
   -7.5000   30.0000   30.000012267.5283   27.7278
    0.0000   30.0000   30.000012675.1914   27.6647
    7.5000   30.0000   30.000011913.5342   27.5671
   -7.5000   37.5000   30.000011894.7207   27.8982
    0.0000   37.5000   30.000012262.5156   27.8199
    7.5000   37.5000   30.000011531.0225   27.7189
   -7.5000   45.0000   30.000010920.5605   27.4690
    0.0000   45.0000   30.000011240.8066   27.3784
    7.5000   45.0000   30.000010556.0273   27.2777
   -7.5000  -45.0000   37.5000 7226.6211   29.5035
    0.0000  -45.0000   37.5000 7524.7065   29.4037
    7.5000  -45.0000   37.5000 7103.4951   29.2988
   -7.5000  -37.5000   37.5000 7892.9561   28.9388
    0.0000  -37.5000   37.5000 8219.8936   28.8373
    7.5000  -37.5000   37.5000 7750.1709   28.7465
   -7.5000  -30.0000   37.5000 8937.0234   28.5308
    0.0000  -30.0000   37.5000 9283.2783   28.4394
    7.5000  -30.0000   37.5000 8761.7852   28.3580
   -7.5000  -22.5000   37.5000 9973.1602   28.3070
    0.0000  -22.5000   37.500010390.6943   28.2302
    7.5000  -22.5000   37.5000 9774.4824   28.1454
   -7.5000  -15.0000   37.500010936.9268   28.2501
    0.0000  -15.0000   37.500011421.4180   28.1793
    7.5000  -15.0000   37.500010748.2842   28.0844
   -7.5000   -7.5000   37.500011841.4863   28.3946
    0.0000   -7.5000   37.500012344.6328   28.3134
    7.5000   -7.5000   37.500011679.4941   28.2133
   -7.5000    0.0000   37.500012588.2168   28.5917
    0.0000    0.0000   37.500013088.5635   28.4949
    7.5000    0.0000   37.500012455.1104   28.3974
   -7.5000    7.5000   37.500012401.6152   28.6303
    0.0000    7.5000   37.500012923.4834   28.5290
    7.5000    7.5000   37.500012293.5000   28.4400
   -7.5000   15.0000   37.500012156.3730   28.4902
    0.0000   15.0000   37.500012694.0703   28.3984
    7.5000   15.0000   37.500012050.5752   28.3170
   -7.5000   22.5000   37.500011904.5889   28.2940
    0.0000   22.5000   37.500012428.2588   28.2172
    7.5000   22.5000   37.500011775.9727   28.1324
   -7.5000   30.0000   37.500011586.7656   27.8844
    0.0000   30.0000   37.500012073.3184   27.8146
    7.5000   30.0000   37.500011452.2930   27.7210
   -7.5000   37.5000   37.500011334.6572   28.0271
    0.0000   37.5000   37.500011774.0322   27.9469
    7.5000   37.5000   37.500011121.9648   27.8482
   -7.5000   45.0000   37.500010445.3770   27.5591
    0.0000   45.0000   37.500010829.4639   27.4658
    7.5000   45.0000   37.500010199.4814   27.3718
   -7.5000  -45.0000   45.0000 6539.3633   29.7387
    0.0000  -45.0000   45.0000 6808.4409   29.6559
    7.5000  -45.0000   45.0000 6490.7983   29.5606
   -7.5000  -37.5000   45.0000 7140.4688   29.1454
    0.0000  -37.5000   45.0000 7418.2959   29.0525
    7.5000  -37.5000   45.0000 7072.4194   28.9765
   -7.5000  -30.0000   45.0000 8085.6689   28.7430
    0.0000  -30.0000   45.0000 8394.0449   28.6478
    7.5000  -30.0000   45.0000 7994.2046   28.5824
   -7.5000  -22.5000   45.0000 9016.3379   28.5464
    0.0000  -22.5000   45.0000 9383.5078   28.4619
    7.5000  -22.5000   45.0000 8937.4316   28.3895
   -7.5000  -15.0000   45.0000 9871.7822   28.5124
    0.0000  -15.0000   45.000010313.4893   28.4398
    7.5000  -15.0000   45.0000 9820.6250   28.3530
   -7.5000   -7.5000   45.000010670.9238   28.6498
    0.0000   -7.5000   45.000011169.6377   28.5786
    7.5000   -7.5000   45.000010615.3145   28.4853
   -7.5000    0.0000   45.000011348.5195   28.8180
    0.0000    0.0000   45.000011850.3750   28.7377
    7.5000    0.0000   45.000011300.6025   28.6497
   -7.5000    7.5000   45.000011156.7402   28.8359
    0.0000    7.5000   45.000011658.0674   28.7431
    7.5000    7.5000   45.000011142.9238   28.6685
   -7.5000   15.0000   45.000010932.9541   28.7017
    0.0000   15.0000   45.000011425.5996   28.6062
    7.5000   15.0000   45.000010912.3350   28.5408
   -7.5000   22.5000   45.000010742.6445   28.5331
    0.0000   22.5000   45.000011226.1523   28.4487
    7.5000   22.5000   45.000010690.3447   28.3763
   -7.5000   30.0000   45.000010482.7725   28.1409
    0.0000   30.0000   45.000010944.4365   28.0692
    7.5000   30.0000   45.000010423.7236   27.9836
   -7.5000   37.5000   45.000010302.2549   28.2765
    0.0000   37.5000   45.000010741.9658   28.2062
    7.5000   37.5000   45.000010198.6240   28.1142
   -7.5000   45.0000   45.0000 9517.7275   27.7899
    0.0000   45.0000   45.0000 9893.8477   27.7124
    7.5000   45.0000   45.0000 9370.4180   27.6275

---------------------------------------------------------------------
imgreg_4dfp /opt/freesurfer/average/711-2C_as_mni_average_305 /opt/freesurfer/average/711-2B_as_mni_average_305_mask talsrcimg_g11 none talsrcimg_to_711-2C_as_mni_average_305_t4 4355
---------------------------------------------------------------------

freesurfer imgreg_4dfp.c
/opt/freesurfer/average/711-2C_as_mni_average_305.4dfp.img
       256       256       256         1
  1.000000  1.000000  1.000000
orientation T byte_order littleendian
Reading image: /opt/freesurfer/average/711-2C_as_mni_average_305.4dfp.img
dimensions:      256       256       256
mmppix:       1.0000   -1.0000   -1.0000
center:     128.0000 -129.0000 -129.0000
/opt/freesurfer/average/711-2B_as_mni_average_305_mask.4dfp.img
       256       256       256         1
  1.000000  1.000000  1.000000
orientation T byte_order littleendian
Reading mask: /opt/freesurfer/average/711-2B_as_mni_average_305_mask.4dfp.img (2306576 pixels)
talsrcimg_g11.4dfp.img
       256       256       256         1
  1.000000  1.000000  1.000000
orientation T byte_order littleendian
Reading image: talsrcimg_g11.4dfp.img
dimensions:      256       256       256
mmppix:       1.0000   -1.0000   -1.0000
center:     128.0000 -129.0000 -129.0000
rotation matrix determinant  1.000000
image alignment mode   4355 decimal     1103 hex
   -7.5000  -45.0000  -45.0000 1647.7579   42.0437
    0.0000  -45.0000  -45.0000 1632.9734   41.7820
    7.5000  -45.0000  -45.0000 1634.3054   42.5682
   -7.5000  -37.5000  -45.0000 1759.4705   37.2089
    0.0000  -37.5000  -45.0000 1743.4346   36.9673
    7.5000  -37.5000  -45.0000 1744.4271   37.8557
   -7.5000  -30.0000  -45.0000 1879.7549   33.0156
    0.0000  -30.0000  -45.0000 1864.7803   32.8800
    7.5000  -30.0000  -45.0000 1855.7537   33.6524
   -7.5000  -22.5000  -45.0000 1988.5306   29.8509
    0.0000  -22.5000  -45.0000 1975.6854   29.8389
    7.5000  -22.5000  -45.0000 1956.6407   30.2669
   -7.5000  -15.0000  -45.0000 2083.4824   27.7804
    0.0000  -15.0000  -45.0000 2075.3162   27.7909
    7.5000  -15.0000  -45.0000 2059.3418   28.1135
   -7.5000   -7.5000  -45.0000 2137.6194   26.5179
    0.0000   -7.5000  -45.0000 2135.1023   26.5134
    7.5000   -7.5000  -45.0000 2120.0500   26.8137
   -7.5000    0.0000  -45.0000 2162.6467   25.7774
    0.0000    0.0000  -45.0000 2159.8096   25.7924
    7.5000    0.0000  -45.0000 2139.4651   26.0799
   -7.5000    7.5000  -45.0000 2163.3123   25.3877
    0.0000    7.5000  -45.0000 2162.0020   25.3725
    7.5000    7.5000  -45.0000 2147.3958   25.7667
   -7.5000   15.0000  -45.0000 2172.5347   25.5922
    0.0000   15.0000  -45.0000 2169.2720   25.5579
    7.5000   15.0000  -45.0000 2150.3176   25.9468
   -7.5000   22.5000  -45.0000 2162.1614   26.3971
    0.0000   22.5000  -45.0000 2159.4617   26.3626
    7.5000   22.5000  -45.0000 2131.7954   26.7547
   -7.5000   30.0000  -45.0000 2127.9121   27.4848
    0.0000   30.0000  -45.0000 2128.3110   27.4004
    7.5000   30.0000  -45.0000 2103.4626   27.8069
   -7.5000   37.5000  -45.0000 2089.5200   28.8863
    0.0000   37.5000  -45.0000 2087.4978   28.8461
    7.5000   37.5000  -45.0000 2061.7891   29.1969
   -7.5000   45.0000  -45.0000 2027.7063   30.9405
    0.0000   45.0000  -45.0000 2026.4579   30.8123
    7.5000   45.0000  -45.0000 2000.4435   31.3438
   -7.5000  -45.0000  -37.5000 1727.9875   38.9367
    0.0000  -45.0000  -37.5000 1718.9562   38.8755
    7.5000  -45.0000  -37.5000 1709.9900   39.4836
   -7.5000  -37.5000  -37.5000 1846.5597   34.4393
    0.0000  -37.5000  -37.5000 1841.2920   34.4409
    7.5000  -37.5000  -37.5000 1824.8915   34.9410
   -7.5000  -30.0000  -37.5000 1968.2571   30.5587
    0.0000  -30.0000  -37.5000 1965.2700   30.6223
    7.5000  -30.0000  -37.5000 1942.5902   30.9318
   -7.5000  -22.5000  -37.5000 2081.9133   27.6389
    0.0000  -22.5000  -37.5000 2082.8027   27.7439
    7.5000  -22.5000  -37.5000 2057.4292   27.9055
   -7.5000  -15.0000  -37.5000 2190.5125   25.7753
    0.0000  -15.0000  -37.5000 2190.5212   25.8465
    7.5000  -15.0000  -37.5000 2164.5928   25.9855
   -7.5000   -7.5000  -37.5000 2251.4299   24.5902
    0.0000   -7.5000  -37.5000 2248.6919   24.6440
    7.5000   -7.5000  -37.5000 2220.1345   24.8458
   -7.5000    0.0000  -37.5000 2274.4368   23.9520
    0.0000    0.0000  -37.5000 2271.5149   23.9160
    7.5000    0.0000  -37.5000 2241.5603   24.1548
   -7.5000    7.5000  -37.5000 2276.9290   23.5163
    0.0000    7.5000  -37.5000 2280.1213   23.5407
    7.5000    7.5000  -37.5000 2251.5083   23.8390
   -7.5000   15.0000  -37.5000 2276.4502   23.5655
    0.0000   15.0000  -37.5000 2278.1309   23.6283
    7.5000   15.0000  -37.5000 2247.9260   23.8493
   -7.5000   22.5000  -37.5000 2266.8076   24.1232
    0.0000   22.5000  -37.5000 2266.8247   24.2108
    7.5000   22.5000  -37.5000 2233.1545   24.4230
   -7.5000   30.0000  -37.5000 2238.9604   25.0784
    0.0000   30.0000  -37.5000 2244.3916   25.0802
    7.5000   30.0000  -37.5000 2210.8660   25.3438
   -7.5000   37.5000  -37.5000 2197.9956   26.4734
    0.0000   37.5000  -37.5000 2203.2590   26.4707
    7.5000   37.5000  -37.5000 2174.9553   26.7788
   -7.5000   45.0000  -37.5000 2131.6138   28.4639
    0.0000   45.0000  -37.5000 2136.1016   28.4063
    7.5000   45.0000  -37.5000 2111.0857   28.8466
   -7.5000  -45.0000  -30.0000 1823.2740   37.5983
    0.0000  -45.0000  -30.0000 1823.9438   37.4314
    7.5000  -45.0000  -30.0000 1815.0312   37.7190
   -7.5000  -37.5000  -30.0000 1953.5551   33.2078
    0.0000  -37.5000  -30.0000 1953.7571   33.2020
    7.5000  -37.5000  -30.0000 1930.5199   33.3458
   -7.5000  -30.0000  -30.0000 2083.5591   29.4532
    0.0000  -30.0000  -30.0000 2086.2947   29.5573
    7.5000  -30.0000  -30.0000 2058.2537   29.5604
   -7.5000  -22.5000  -30.0000 2215.1592   26.5965
    0.0000  -22.5000  -30.0000 2218.4961   26.6810
    7.5000  -22.5000  -30.0000 2184.1426   26.7082
   -7.5000  -15.0000  -30.0000 2320.0012   24.6464
    0.0000  -15.0000  -30.0000 2324.4609   24.7149
    7.5000  -15.0000  -30.0000 2290.0579   24.8156
   -7.5000   -7.5000  -30.0000 2387.2803   23.5664
    0.0000   -7.5000  -30.0000 2388.0598   23.6260
    7.5000   -7.5000  -30.0000 2351.4958   23.7448
   -7.5000    0.0000  -30.0000 2415.8320   22.9494
    0.0000    0.0000  -30.0000 2418.6113   22.9674
    7.5000    0.0000  -30.0000 2378.0688   23.1201
   -7.5000    7.5000  -30.0000 2428.9248   22.5045
    0.0000    7.5000  -30.0000 2433.7329   22.5690
    7.5000    7.5000  -30.0000 2397.7207   22.7766
   -7.5000   15.0000  -30.0000 2432.7104   22.4630
    0.0000   15.0000  -30.0000 2433.0723   22.5452
    7.5000   15.0000  -30.0000 2405.7700   22.7581
   -7.5000   22.5000  -30.0000 2413.7903   22.8600
    0.0000   22.5000  -30.0000 2418.5417   22.9617
    7.5000   22.5000  -30.0000 2390.5923   23.1709
   -7.5000   30.0000  -30.0000 2393.5220   23.7908
    0.0000   30.0000  -30.0000 2397.7317   23.8187
    7.5000   30.0000  -30.0000 2366.6772   24.0728
   -7.5000   37.5000  -30.0000 2342.7390   25.2495
    0.0000   37.5000  -30.0000 2353.5964   25.2278
    7.5000   37.5000  -30.0000 2320.9949   25.5490
   -7.5000   45.0000  -30.0000 2269.2036   27.1743
    0.0000   45.0000  -30.0000 2282.0315   27.2518
    7.5000   45.0000  -30.0000 2245.5239   27.5503
   -7.5000  -45.0000  -22.5000 1897.2145   35.8940
    0.0000  -45.0000  -22.5000 1899.4772   35.8320
    7.5000  -45.0000  -22.5000 1880.0103   35.9261
   -7.5000  -37.5000  -22.5000 2033.7312   31.6994
    0.0000  -37.5000  -22.5000 2036.5538   31.6558
    7.5000  -37.5000  -22.5000 2003.9758   31.8002
   -7.5000  -30.0000  -22.5000 2175.4250   28.1726
    0.0000  -30.0000  -22.5000 2177.7346   28.1360
    7.5000  -30.0000  -22.5000 2140.4421   28.1629
   -7.5000  -22.5000  -22.5000 2309.5769   25.4327
    0.0000  -22.5000  -22.5000 2315.5972   25.3743
    7.5000  -22.5000  -22.5000 2273.7222   25.4149
   -7.5000  -15.0000  -22.5000 2418.5850   23.4630
    0.0000  -15.0000  -22.5000 2425.2529   23.4679
    7.5000  -15.0000  -22.5000 2380.4165   23.4791
   -7.5000   -7.5000  -22.5000 2491.0398   22.3786
    0.0000   -7.5000  -22.5000 2495.3423   22.4308
    7.5000   -7.5000  -22.5000 2454.5835   22.4730
   -7.5000    0.0000  -22.5000 2524.0249   21.8647
    0.0000    0.0000  -22.5000 2529.7075   21.8655
    7.5000    0.0000  -22.5000 2494.7874   21.9443
   -7.5000    7.5000  -22.5000 2551.9333   21.4110
    0.0000    7.5000  -22.5000 2556.5706   21.4367
    7.5000    7.5000  -22.5000 2522.3206   21.6012
   -7.5000   15.0000  -22.5000 2561.8198   21.3133
    0.0000   15.0000  -22.5000 2565.2153   21.3809
    7.5000   15.0000  -22.5000 2533.2927   21.5369
   -7.5000   22.5000  -22.5000 2541.5974   21.6167
    0.0000   22.5000  -22.5000 2550.3120   21.7253
    7.5000   22.5000  -22.5000 2511.3740   21.8684
   -7.5000   30.0000  -22.5000 2511.6089   22.4495
    0.0000   30.0000  -22.5000 2523.9460   22.5704
    7.5000   30.0000  -22.5000 2482.3792   22.7465
   -7.5000   37.5000  -22.5000 2459.1582   23.9008
    0.0000   37.5000  -22.5000 2481.0090   23.9923
    7.5000   37.5000  -22.5000 2437.1301   24.1859
   -7.5000   45.0000  -22.5000 2377.3604   25.7513
    0.0000   45.0000  -22.5000 2397.9182   25.8570
    7.5000   45.0000  -22.5000 2356.0522   26.1313
   -7.5000  -45.0000  -15.0000 1941.2213   34.5594
    0.0000  -45.0000  -15.0000 1940.0837   34.2826
    7.5000  -45.0000  -15.0000 1921.7185   34.6002
   -7.5000  -37.5000  -15.0000 2080.8584   30.3235
    0.0000  -37.5000  -15.0000 2082.8652   30.2458
    7.5000  -37.5000  -15.0000 2053.5537   30.5278
   -7.5000  -30.0000  -15.0000 2232.2607   26.8275
    0.0000  -30.0000  -15.0000 2235.6868   26.7243
    7.5000  -30.0000  -15.0000 2194.1907   27.0115
   -7.5000  -22.5000  -15.0000 2364.1494   24.1644
    0.0000  -22.5000  -15.0000 2374.4888   24.0966
    7.5000  -22.5000  -15.0000 2328.0566   24.2668
   -7.5000  -15.0000  -15.0000 2483.3530   22.4345
    0.0000  -15.0000  -15.0000 2484.6931   22.3196
    7.5000  -15.0000  -15.0000 2440.8672   22.4232
   -7.5000   -7.5000  -15.0000 2559.7983   21.3344
    0.0000   -7.5000  -15.0000 2564.5596   21.2703
    7.5000   -7.5000  -15.0000 2522.8291   21.3623
   -7.5000    0.0000  -15.0000 2596.0056   20.7369
    0.0000    0.0000  -15.0000 2602.2451   20.7216
    7.5000    0.0000  -15.0000 2577.0596   20.8174
   -7.5000    7.5000  -15.0000 2632.7085   20.3061
    0.0000    7.5000  -15.0000 2635.9978   20.3545
    7.5000    7.5000  -15.0000 2598.6616   20.4814
   -7.5000   15.0000  -15.0000 2638.4468   20.1229
    0.0000   15.0000  -15.0000 2648.9358   20.2531
    7.5000   15.0000  -15.0000 2607.1501   20.3885
   -7.5000   22.5000  -15.0000 2625.1345   20.3613
    0.0000   22.5000  -15.0000 2639.7917   20.5156
    7.5000   22.5000  -15.0000 2599.9839   20.6796
   -7.5000   30.0000  -15.0000 2600.7915   21.2695
    0.0000   30.0000  -15.0000 2615.2336   21.3968
    7.5000   30.0000  -15.0000 2574.6748   21.6201
   -7.5000   37.5000  -15.0000 2541.6765   22.6836
    0.0000   37.5000  -15.0000 2556.2009   22.7613
    7.5000   37.5000  -15.0000 2522.7104   23.0472
   -7.5000   45.0000  -15.0000 2457.8149   24.4838
    0.0000   45.0000  -15.0000 2465.9321   24.5130
    7.5000   45.0000  -15.0000 2439.6726   24.8826
   -7.5000  -45.0000   -7.5000 1963.1470   33.1460
    0.0000  -45.0000   -7.5000 1972.1169   33.0593
    7.5000  -45.0000   -7.5000 1958.0283   33.4749
   -7.5000  -37.5000   -7.5000 2112.0334   29.1305
    0.0000  -37.5000   -7.5000 2118.3088   29.0872
    7.5000  -37.5000   -7.5000 2102.7358   29.5755
   -7.5000  -30.0000   -7.5000 2267.4563   25.7113
    0.0000  -30.0000   -7.5000 2270.1941   25.6606
    7.5000  -30.0000   -7.5000 2243.2542   26.1355
   -7.5000  -22.5000   -7.5000 2400.7732   23.2207
    0.0000  -22.5000   -7.5000 2405.1743   23.1181
    7.5000  -22.5000   -7.5000 2374.6223   23.4550
   -7.5000  -15.0000   -7.5000 2516.9719   21.4947
    0.0000  -15.0000   -7.5000 2523.9272   21.4262
    7.5000  -15.0000   -7.5000 2492.3433   21.6789
   -7.5000   -7.5000   -7.5000 2602.5063   20.4308
    0.0000   -7.5000   -7.5000 2613.4929   20.3629
    7.5000   -7.5000   -7.5000 2584.0542   20.5806
   -7.5000    0.0000   -7.5000 2650.7478   19.7339
    0.0000    0.0000   -7.5000 2662.1672   19.6838
    7.5000    0.0000   -7.5000 2634.4683   19.8492
   -7.5000    7.5000   -7.5000 2687.2588   19.2066
    0.0000    7.5000   -7.5000 2698.3284   19.2774
    7.5000    7.5000   -7.5000 2662.1226   19.4328
   -7.5000   15.0000   -7.5000 2697.7090   18.9681
    0.0000   15.0000   -7.5000 2705.2043   19.1152
    7.5000   15.0000   -7.5000 2670.8767   19.3491
   -7.5000   22.5000   -7.5000 2693.8843   19.2734
    0.0000   22.5000   -7.5000 2699.0132   19.3859
    7.5000   22.5000   -7.5000 2677.0442   19.6817
   -7.5000   30.0000   -7.5000 2667.8462   20.2556
    0.0000   30.0000   -7.5000 2676.1516   20.3220
    7.5000   30.0000   -7.5000 2654.0630   20.6805
   -7.5000   37.5000   -7.5000 2608.0491   21.6196
    0.0000   37.5000   -7.5000 2616.2163   21.6449
    7.5000   37.5000   -7.5000 2595.0496   21.9878
   -7.5000   45.0000   -7.5000 2520.4487   23.3577
    0.0000   45.0000   -7.5000 2526.8909   23.3398
    7.5000   45.0000   -7.5000 2503.6199   23.7373
   -7.5000  -45.0000    0.0000 1976.6614   32.2620
    0.0000  -45.0000    0.0000 1992.0742   32.4002
    7.5000  -45.0000    0.0000 1987.6163   32.9960
   -7.5000  -37.5000    0.0000 2130.2490   28.3561
    0.0000  -37.5000    0.0000 2142.0828   28.4844
    7.5000  -37.5000    0.0000 2128.3577   28.9351
   -7.5000  -30.0000    0.0000 2285.6614   25.0784
    0.0000  -30.0000    0.0000 2290.3945   25.0750
    7.5000  -30.0000    0.0000 2269.9983   25.5997
   -7.5000  -22.5000    0.0000 2423.6135   22.6051
    0.0000  -22.5000    0.0000 2425.1235   22.5362
    7.5000  -22.5000    0.0000 2402.1921   23.0103
   -7.5000  -15.0000    0.0000 2536.0813   20.9386
    0.0000  -15.0000    0.0000 2539.7246   20.8449
    7.5000  -15.0000    0.0000 2518.7200   21.2637
   -7.5000   -7.5000    0.0000 2629.6257   19.8686
    0.0000   -7.5000    0.0000 2640.5425   19.8017
    7.5000   -7.5000    0.0000 2620.6602   20.1646
   -7.5000    0.0000    0.0000 2694.5657   19.0773
    0.0000    0.0000    0.0000 2710.1853   19.0337
    7.5000    0.0000    0.0000 2674.3135   19.3726
   -7.5000    7.5000    0.0000 2728.2173   18.3392
    0.0000    7.5000    0.0000 2744.7522   18.3511
    7.5000    7.5000    0.0000 2706.7490   18.8035
   -7.5000   15.0000    0.0000 2741.1660   18.0631
    0.0000   15.0000    0.0000 2753.3228   18.1226
    7.5000   15.0000    0.0000 2727.7463   18.6345
   -7.5000   22.5000    0.0000 2747.2056   18.4917
    0.0000   22.5000    0.0000 2750.6611   18.5305
    7.5000   22.5000    0.0000 2734.6030   19.0544
   -7.5000   30.0000    0.0000 2716.6328   19.5180
    0.0000   30.0000    0.0000 2720.5974   19.4957
    7.5000   30.0000    0.0000 2715.0864   20.0420
   -7.5000   37.5000    0.0000 2650.6340   20.8615
    0.0000   37.5000    0.0000 2661.8613   20.8379
    7.5000   37.5000    0.0000 2652.4390   21.3932
   -7.5000   45.0000    0.0000 2557.0586   22.6048
    0.0000   45.0000    0.0000 2569.7056   22.5936
    7.5000   45.0000    0.0000 2554.8240   23.1952
   -7.5000  -45.0000    7.5000 1988.4030   31.9421
    0.0000  -45.0000    7.5000 2004.5190   32.0699
    7.5000  -45.0000    7.5000 2002.7433   32.9366
   -7.5000  -37.5000    7.5000 2138.4485   28.0671
    0.0000  -37.5000    7.5000 2153.4580   28.1059
    7.5000  -37.5000    7.5000 2147.0969   28.8782
   -7.5000  -30.0000    7.5000 2292.9714   24.7695
    0.0000  -30.0000    7.5000 2301.6770   24.6858
    7.5000  -30.0000    7.5000 2290.4626   25.4798
   -7.5000  -22.5000    7.5000 2433.1636   22.3453
    0.0000  -22.5000    7.5000 2438.7803   22.2085
    7.5000  -22.5000    7.5000 2421.2961   22.8902
   -7.5000  -15.0000    7.5000 2546.5913   20.6896
    0.0000  -15.0000    7.5000 2557.4741   20.5203
    7.5000  -15.0000    7.5000 2537.1479   21.1053
   -7.5000   -7.5000    7.5000 2644.3970   19.5987
    0.0000   -7.5000    7.5000 2658.3889   19.4405
    7.5000   -7.5000    7.5000 2635.5266   19.9489
   -7.5000    0.0000    7.5000 2716.5671   18.8204
    0.0000    0.0000    7.5000 2735.5098   18.7006
    7.5000    0.0000    7.5000 2701.5986   19.1238
   -7.5000    7.5000    7.5000 2761.0051   17.8414
    0.0000    7.5000    7.5000 2780.9524   17.8181
    7.5000    7.5000    7.5000 2740.0635   18.4545
   -7.5000   15.0000    7.5000 2781.4954   17.3761
    0.0000   15.0000    7.5000 2794.1594   17.3302
    7.5000   15.0000    7.5000 2775.1680   18.2605
   -7.5000   22.5000    7.5000 2793.2771   17.9964
    0.0000   22.5000    7.5000 2800.2566   17.9234
    7.5000   22.5000    7.5000 2791.4875   18.8298
   -7.5000   30.0000    7.5000 2745.4177   19.1068
    0.0000   30.0000    7.5000 2765.4346   19.1187
    7.5000   30.0000    7.5000 2757.5322   19.8606
   -7.5000   37.5000    7.5000 2685.5789   20.5453
    0.0000   37.5000    7.5000 2709.5503   20.6213
    7.5000   37.5000    7.5000 2695.0635   21.2129
   -7.5000   45.0000    7.5000 2593.0234   22.2872
    0.0000   45.0000    7.5000 2608.5447   22.3753
    7.5000   45.0000    7.5000 2586.7773   22.8900
   -7.5000  -45.0000   15.0000 1986.5493   32.3329
    0.0000  -45.0000   15.0000 1992.5637   32.1806
    7.5000  -45.0000   15.0000 1992.7656   33.2494
   -7.5000  -37.5000   15.0000 2133.7510   28.1167
    0.0000  -37.5000   15.0000 2143.8503   28.0047
    7.5000  -37.5000   15.0000 2138.9780   29.0234
   -7.5000  -30.0000   15.0000 2283.6958   24.8026
    0.0000  -30.0000   15.0000 2293.0554   24.6306
    7.5000  -30.0000   15.0000 2287.0583   25.5680
   -7.5000  -22.5000   15.0000 2417.3464   22.4126
    0.0000  -22.5000   15.0000 2425.1616   22.1628
    7.5000  -22.5000   15.0000 2421.6770   23.0061
   -7.5000  -15.0000   15.0000 2525.8940   20.7281
    0.0000  -15.0000   15.0000 2535.1248   20.4405
    7.5000  -15.0000   15.0000 2536.3691   21.2504
   -7.5000   -7.5000   15.0000 2620.2410   19.5935
    0.0000   -7.5000   15.0000 2631.3235   19.3195
    7.5000   -7.5000   15.0000 2637.3889   20.0898
   -7.5000    0.0000   15.0000 2700.2297   18.8243
    0.0000    0.0000   15.0000 2711.8953   18.5443
    7.5000    0.0000   15.0000 2711.8015   19.2104
   -7.5000    7.5000   15.0000 2768.3245   17.9651
    0.0000    7.5000   15.0000 2778.1895   17.6450
    7.5000    7.5000   15.0000 2756.6565   18.4694
   -7.5000   15.0000   15.0000 2823.7666   17.4611
    0.0000   15.0000   15.0000 2833.5723   17.2232
    7.5000   15.0000   15.0000 2801.2664   18.3113
   -7.5000   22.5000   15.0000 2834.9795   18.0052
    0.0000   22.5000   15.0000 2842.8281   17.8958
    7.5000   22.5000   15.0000 2807.0251   18.8356
   -7.5000   30.0000   15.0000 2780.3037   19.3286
    0.0000   30.0000   15.0000 2792.6487   19.2585
    7.5000   30.0000   15.0000 2770.1992   19.8878
   -7.5000   37.5000   15.0000 2712.3508   20.7162
    0.0000   37.5000   15.0000 2719.9111   20.6024
    7.5000   37.5000   15.0000 2698.8108   21.1584
   -7.5000   45.0000   15.0000 2606.1921   22.3933
    0.0000   45.0000   15.0000 2610.2727   22.2760
    7.5000   45.0000   15.0000 2589.4739   22.7832
   -7.5000  -45.0000   22.5000 1961.6479   33.1466
    0.0000  -45.0000   22.5000 1969.8162   33.1553
    7.5000  -45.0000   22.5000 1970.9791   33.9789
   -7.5000  -37.5000   22.5000 2121.5112   28.7988
    0.0000  -37.5000   22.5000 2127.9573   28.7266
    7.5000  -37.5000   22.5000 2126.5439   29.6539
   -7.5000  -30.0000   22.5000 2270.7446   25.2858
    0.0000  -30.0000   22.5000 2275.6240   25.1435
    7.5000  -30.0000   22.5000 2276.2827   26.1473
   -7.5000  -22.5000   22.5000 2398.2261   22.7727
    0.0000  -22.5000   22.5000 2406.8457   22.5469
    7.5000  -22.5000   22.5000 2411.8975   23.4760
   -7.5000  -15.0000   22.5000 2506.1062   21.1621
    0.0000  -15.0000   22.5000 2513.6274   20.8908
    7.5000  -15.0000   22.5000 2531.7537   21.7304
   -7.5000   -7.5000   22.5000 2610.7515   20.1914
    0.0000   -7.5000   22.5000 2617.7578   19.8705
    7.5000   -7.5000   22.5000 2633.6401   20.5609
   -7.5000    0.0000   22.5000 2694.3416   19.3680
    0.0000    0.0000   22.5000 2702.8623   19.0733
    7.5000    0.0000   22.5000 2701.9849   19.6429
   -7.5000    7.5000   22.5000 2781.2998   18.7052
    0.0000    7.5000   22.5000 2773.8669   18.3168
    7.5000    7.5000   22.5000 2751.2642   18.9891
   -7.5000   15.0000   22.5000 2845.9685   18.4587
    0.0000   15.0000   22.5000 2831.8110   18.1475
    7.5000   15.0000   22.5000 2784.8455   18.7392
   -7.5000   22.5000   22.5000 2839.8516   18.8517
    0.0000   22.5000   22.5000 2835.7405   18.6782
    7.5000   22.5000   22.5000 2786.3115   19.1772
   -7.5000   30.0000   22.5000 2775.1714   19.8990
    0.0000   30.0000   22.5000 2776.9297   19.7332
    7.5000   30.0000   22.5000 2742.4609   20.1809
   -7.5000   37.5000   22.5000 2698.5046   21.0943
    0.0000   37.5000   22.5000 2696.3962   20.9462
    7.5000   37.5000   22.5000 2675.7942   21.4233
   -7.5000   45.0000   22.5000 2590.2791   22.6783
    0.0000   45.0000   22.5000 2586.7007   22.5651
    7.5000   45.0000   22.5000 2564.6821   23.0002
   -7.5000  -45.0000   30.0000 1939.2118   34.7006
    0.0000  -45.0000   30.0000 1944.3076   34.4668
    7.5000  -45.0000   30.0000 1954.1929   35.3663
   -7.5000  -37.5000   30.0000 2096.6377   29.9591
    0.0000  -37.5000   30.0000 2100.6858   29.8437
    7.5000  -37.5000   30.0000 2107.1562   30.7134
   -7.5000  -30.0000   30.0000 2251.2371   26.2486
    0.0000  -30.0000   30.0000 2256.6865   26.1557
    7.5000  -30.0000   30.0000 2251.2480   27.0112
   -7.5000  -22.5000   30.0000 2389.8435   23.6919
    0.0000  -22.5000   30.0000 2398.1511   23.6698
    7.5000  -22.5000   30.0000 2382.5540   24.3378
   -7.5000  -15.0000   30.0000 2505.3203   22.2276
    0.0000  -15.0000   30.0000 2518.6035   22.1514
    7.5000  -15.0000   30.0000 2500.3958   22.6028
   -7.5000   -7.5000   30.0000 2610.1692   21.2092
    0.0000   -7.5000   30.0000 2630.2002   21.1244
    7.5000   -7.5000   30.0000 2604.8584   21.3773
   -7.5000    0.0000   30.0000 2685.6453   20.2635
    0.0000    0.0000   30.0000 2694.0283   19.9749
    7.5000    0.0000   30.0000 2677.7783   20.4824
   -7.5000    7.5000   30.0000 2759.8569   19.4992
    0.0000    7.5000   30.0000 2761.1304   19.2613
    7.5000    7.5000   30.0000 2724.9661   19.7478
   -7.5000   15.0000   30.0000 2797.5417   19.2803
    0.0000   15.0000   30.0000 2794.8186   19.1110
    7.5000   15.0000   30.0000 2750.4985   19.4616
   -7.5000   22.5000   30.0000 2795.7822   19.6455
    0.0000   22.5000   30.0000 2799.2820   19.5347
    7.5000   22.5000   30.0000 2743.4971   19.8335
   -7.5000   30.0000   30.0000 2738.3447   20.6126
    0.0000   30.0000   30.0000 2743.8406   20.5058
    7.5000   30.0000   30.0000 2696.4392   20.7787
   -7.5000   37.5000   30.0000 2651.6348   21.8153
    0.0000   37.5000   30.0000 2661.0598   21.7480
    7.5000   37.5000   30.0000 2625.6819   22.0578
   -7.5000   45.0000   30.0000 2547.1548   23.4012
    0.0000   45.0000   30.0000 2554.8027   23.3208
    7.5000   45.0000   30.0000 2523.5769   23.6717
   -7.5000  -45.0000   37.5000 1917.6891   36.5967
    0.0000  -45.0000   37.5000 1927.6245   36.4690
    7.5000  -45.0000   37.5000 1926.8043   37.1851
   -7.5000  -37.5000   37.5000 2073.4500   31.7729
    0.0000  -37.5000   37.5000 2084.8176   31.7424
    7.5000  -37.5000   37.5000 2074.4922   32.3849
   -7.5000  -30.0000   37.5000 2232.7207   27.9631
    0.0000  -30.0000   37.5000 2243.6489   27.9478
    7.5000  -30.0000   37.5000 2218.3193   28.5328
   -7.5000  -22.5000   37.5000 2376.9670   25.2878
    0.0000  -22.5000   37.5000 2386.9775   25.2868
    7.5000  -22.5000   37.5000 2352.9585   25.7668
   -7.5000  -15.0000   37.5000 2486.1855   23.5577
    0.0000  -15.0000   37.5000 2503.4304   23.5378
    7.5000  -15.0000   37.5000 2466.5803   23.8538
   -7.5000   -7.5000   37.5000 2580.2068   22.2519
    0.0000   -7.5000   37.5000 2597.5811   22.1242
    7.5000   -7.5000   37.5000 2574.9163   22.5243
   -7.5000    0.0000   37.5000 2646.3042   21.1732
    0.0000    0.0000   37.5000 2663.2896   20.9796
    7.5000    0.0000   37.5000 2642.8984   21.5316
   -7.5000    7.5000   37.5000 2709.7671   20.3762
    0.0000    7.5000   37.5000 2720.4160   20.3084
    7.5000    7.5000   37.5000 2697.1692   20.8377
   -7.5000   15.0000   37.5000 2735.5537   20.2194
    0.0000   15.0000   37.5000 2739.3369   20.1282
    7.5000   15.0000   37.5000 2715.1702   20.5975
   -7.5000   22.5000   37.5000 2723.5210   20.5176
    0.0000   22.5000   37.5000 2734.1868   20.4528
    7.5000   22.5000   37.5000 2694.0757   20.8645
   -7.5000   30.0000   37.5000 2670.9060   21.5203
    0.0000   30.0000   37.5000 2679.7703   21.4057
    7.5000   30.0000   37.5000 2640.6282   21.7087
   -7.5000   37.5000   37.5000 2593.9839   22.8311
    0.0000   37.5000   37.5000 2605.6484   22.7736
    7.5000   37.5000   37.5000 2566.3057   23.0426
   -7.5000   45.0000   37.5000 2492.3313   24.5388
    0.0000   45.0000   37.5000 2510.7068   24.5085
    7.5000   45.0000   37.5000 2466.5786   24.6886
   -7.5000  -45.0000   45.0000 1880.5312   38.4576
    0.0000  -45.0000   45.0000 1893.6989   38.4841
    7.5000  -45.0000   45.0000 1879.9386   39.4133
   -7.5000  -37.5000   45.0000 2035.5017   33.4923
    0.0000  -37.5000   45.0000 2043.5474   33.5261
    7.5000  -37.5000   45.0000 2027.3105   34.2801
   -7.5000  -30.0000   45.0000 2191.1970   29.5886
    0.0000  -30.0000   45.0000 2200.6184   29.6004
    7.5000  -30.0000   45.0000 2176.5750   30.1931
   -7.5000  -22.5000   45.0000 2326.7778   26.7581
    0.0000  -22.5000   45.0000 2340.9905   26.7496
    7.5000  -22.5000   45.0000 2313.2417   27.2029
   -7.5000  -15.0000   45.0000 2430.1721   24.8214
    0.0000  -15.0000   45.0000 2443.7048   24.7817
    7.5000  -15.0000   45.0000 2422.8494   25.2351
   -7.5000   -7.5000   45.0000 2517.3000   23.4000
    0.0000   -7.5000   45.0000 2542.5813   23.3168
    7.5000   -7.5000   45.0000 2516.7156   23.8311
   -7.5000    0.0000   45.0000 2582.1833   22.3029
    0.0000    0.0000   45.0000 2605.9148   22.2650
    7.5000    0.0000   45.0000 2578.4290   22.8309
   -7.5000    7.5000   45.0000 2631.3071   21.5487
    0.0000    7.5000   45.0000 2648.3677   21.5778
    7.5000    7.5000   45.0000 2631.1306   22.1315
   -7.5000   15.0000   45.0000 2646.9390   21.3800
    0.0000   15.0000   45.0000 2656.8962   21.3423
    7.5000   15.0000   45.0000 2642.2727   21.8904
   -7.5000   22.5000   45.0000 2638.1628   21.6823
    0.0000   22.5000   45.0000 2652.1687   21.6477
    7.5000   22.5000   45.0000 2624.4504   22.1245
   -7.5000   30.0000   45.0000 2587.9277   22.6445
    0.0000   30.0000   45.0000 2602.2107   22.5994
    7.5000   30.0000   45.0000 2569.9336   23.0339
   -7.5000   37.5000   45.0000 2514.2190   24.0107
    0.0000   37.5000   45.0000 2533.6775   24.0162
    7.5000   37.5000   45.0000 2499.9631   24.4068
   -7.5000   45.0000   45.0000 2422.1804   25.8117
    0.0000   45.0000   45.0000 2438.7461   25.8048
    7.5000   45.0000   45.0000 2405.2188   26.1525

---------------------------------------------------------------------
imgreg_4dfp /opt/freesurfer/average/711-2C_as_mni_average_305 /opt/freesurfer/average/711-2B_as_mni_average_305_mask talsrcimg_g11 none talsrcimg_to_711-2C_as_mni_average_305_t4 1283
---------------------------------------------------------------------

freesurfer imgreg_4dfp.c
/opt/freesurfer/average/711-2C_as_mni_average_305.4dfp.img
       256       256       256         1
  1.000000  1.000000  1.000000
orientation T byte_order littleendian
Reading image: /opt/freesurfer/average/711-2C_as_mni_average_305.4dfp.img
dimensions:      256       256       256
mmppix:       1.0000   -1.0000   -1.0000
center:     128.0000 -129.0000 -129.0000
/opt/freesurfer/average/711-2B_as_mni_average_305_mask.4dfp.img
       256       256       256         1
  1.000000  1.000000  1.000000
orientation T byte_order littleendian
Reading mask: /opt/freesurfer/average/711-2B_as_mni_average_305_mask.4dfp.img (2306576 pixels)
talsrcimg_g11.4dfp.img
       256       256       256         1
  1.000000  1.000000  1.000000
orientation T byte_order littleendian
Reading image: talsrcimg_g11.4dfp.img
dimensions:      256       256       256
mmppix:       1.0000   -1.0000   -1.0000
center:     128.0000 -129.0000 -129.0000
rotation matrix determinant  1.000000
fimgreg.f
image alignment mode   1283 decimal      503 hex
parameters
   -7.5000   15.0000   22.5000    0.0000    0.0000    0.0000
eta,q 0.89073 18.36657
niter,ni,del,rscale     5    3   12.0000    1.2000
parameter  2 -1.176243 -> -0.500000 qaram    1.1500
parameters
   -5.5795   18.4500   21.4240    0.6287    0.3147   -2.0911
eta,q 0.90575 18.23847
  0.1275  0.1210  0.1043  0.1054  0.1098  0.0972
  0.1214  0.1188  0.0980  0.1009  0.1042  0.0950
  0.1170  0.1129  0.0940  0.0958  0.0982  0.0942
  0.1097  0.1042  0.0959  0.0941  0.0946  0.0947
  0.1041  0.0975  0.1008  0.0955  0.0980  0.0974
  0.1091  0.0965  0.1046  0.0981  0.1033  0.1018
  0.1157  0.0992  0.1099  0.1015  0.1064  0.1058
niter,ni,del,rscale     5    3   12.0000    1.2000
parameters
   -5.1261   18.7405   21.4350    0.7503    0.3925   -2.6735
eta,q 0.90504 18.21861
  0.1145  0.1151  0.1083  0.1035  0.1082  0.1005
  0.1072  0.1067  0.1028  0.0983  0.1028  0.0974
  0.0993  0.0973  0.0970  0.0949  0.0966  0.0953
  0.0942  0.0950  0.0950  0.0950  0.0950  0.0951
  0.1012  0.0971  0.0988  0.0958  0.0990  0.0963
  0.1067  0.1045  0.1029  0.0983  0.1035  0.0991
  0.1076  0.1118  0.1075  0.1022  0.1060  0.1030
niter,ni,del,rscale     4    3   12.0000    1.2000
parameters
   -4.9459   18.8435   21.3953    0.7294    0.4391   -2.8747
eta,q 0.90455 18.19929
  0.1126  0.1148  0.1084  0.1033  0.1078  0.1017
  0.1061  0.1054  0.1031  0.0983  0.1023  0.0983
  0.0977  0.0971  0.0974  0.0954  0.0966  0.0961
  0.0950  0.0954  0.0954  0.0954  0.0954  0.0954
  0.1027  0.0982  0.0992  0.0963  0.0994  0.0965
  0.1066  0.1056  0.1035  0.0990  0.1034  0.0990
  0.1081  0.1127  0.1081  0.1027  0.1056  0.1025
niter,ni,del,rscale     3    3   12.0000    1.2000
parameters
   -4.9087   18.8984   21.3573    0.7046    0.4689   -2.9329
eta,q 0.90443 18.19006
  0.1119  0.1148  0.1086  0.1034  0.1077  0.1021
  0.1055  0.1051  0.1033  0.0984  0.1022  0.0987
  0.0970  0.0972  0.0976  0.0956  0.0965  0.0963
  0.0955  0.0956  0.0956  0.0955  0.0955  0.0956
  0.1034  0.0986  0.0993  0.0964  0.0996  0.0965
  0.1066  0.1059  0.1037  0.0991  0.1034  0.0989
  0.1086  0.1129  0.1084  0.1029  0.1055  0.1023
registration optimization eta report
parameter search radius
    6.0000    6.9000    6.0000    6.0000    6.0000    6.0000
100000*second partial in parameter space
       35.       38.       33.       22.       28.       18.
  0.1119  0.1148  0.1086  0.1034  0.1077  0.1021
  0.1055  0.1051  0.1033  0.0984  0.1022  0.0987
  0.0970  0.0972  0.0976  0.0956  0.0965  0.0963
  0.0955  0.0956  0.0956  0.0955  0.0955  0.0956
  0.1034  0.0986  0.0993  0.0964  0.0996  0.0965
  0.1066  0.1059  0.1037  0.0991  0.1034  0.0989
  0.1086  0.1129  0.1084  0.1029  0.1055  0.1023
   -4.9087   18.8984   21.3573    0.7046    0.4689   -2.9329
eta,q 0.90443 18.19006

---------------------------------------------------------------------
imgreg_4dfp /opt/freesurfer/average/711-2C_as_mni_average_305 /opt/freesurfer/average/711-2B_as_mni_average_305_mask talsrcimg_g11 none talsrcimg_to_711-2C_as_mni_average_305_t4 3335
---------------------------------------------------------------------

freesurfer imgreg_4dfp.c
/opt/freesurfer/average/711-2C_as_mni_average_305.4dfp.img
       256       256       256         1
  1.000000  1.000000  1.000000
orientation T byte_order littleendian
Reading image: /opt/freesurfer/average/711-2C_as_mni_average_305.4dfp.img
dimensions:      256       256       256
mmppix:       1.0000   -1.0000   -1.0000
center:     128.0000 -129.0000 -129.0000
/opt/freesurfer/average/711-2B_as_mni_average_305_mask.4dfp.img
       256       256       256         1
  1.000000  1.000000  1.000000
orientation T byte_order littleendian
Reading mask: /opt/freesurfer/average/711-2B_as_mni_average_305_mask.4dfp.img (2306576 pixels)
talsrcimg_g11.4dfp.img
       256       256       256         1
  1.000000  1.000000  1.000000
orientation T byte_order littleendian
Reading image: talsrcimg_g11.4dfp.img
dimensions:      256       256       256
mmppix:       1.0000   -1.0000   -1.0000
center:     128.0000 -129.0000 -129.0000
fimgreg.f
image alignment mode   3335 decimal      D07 hex
parameters
   -4.9087   18.8984   21.3573   -0.1343   -0.1380   -0.0109
    5.1061   -0.8802   -5.1164   -1.1863    0.8184    1.2297
eta,q 0.89721 18.24763
niter,ni,del,rscale     5    3    5.0000    1.2000
parameter  1 -0.819085 -> -0.500000 qaram    1.1500
parameter  3  0.681864 ->  0.500000 qaram    1.1500
parameter  4 -7.773969 ->  0.500000 qaram    1.1500
parameter  5  4.803597 ->  0.500000 qaram    1.1500
parameter  6  0.766067 ->  0.500000 qaram    1.1500
parameter  7  0.576618 ->  0.500000 qaram    1.1500
parameter 12 -0.713334 -> -0.500000 qaram    1.1500
parameters
   -3.5287   18.6794   19.9773   -4.2743   -4.2780   -4.1509
    0.9661   -0.6848   -6.2390    1.3809   -2.3542    5.3697
eta,q 0.92794 18.34075
  0.1054  0.1029  0.1015  0.0774  0.0742  0.0734  0.0746  0.0833  0.0751  0.0807  0.0739  0.0776
  0.1042  0.1023  0.1013  0.0837  0.0773  0.0746  0.0740  0.0773  0.0744  0.0777  0.0731  0.0758
  0.1034  0.1020  0.1015  0.0920  0.0811  0.0759  0.0741  0.0742  0.0740  0.0754  0.0731  0.0742
  0.1028  0.1020  0.1019  0.1013  0.0858  0.0782  0.0750  0.0739  0.0740  0.0739  0.0736  0.0731
  0.1022  0.1021  0.1026  0.1099  0.0903  0.0827  0.0766  0.0751  0.0743  0.0736  0.0742  0.0723
  0.1019  0.1026  0.1035  0.1164  0.0946  0.0904  0.0789  0.0775  0.0751  0.0741  0.0749  0.0720
  0.1021  0.1033  0.1047  0.1220  0.0998  0.0997  0.0817  0.0814  0.0762  0.0751  0.0758  0.0723
niter,ni,del,rscale     7    3    5.0000    1.2000
parameter  3  1.681569 ->  0.500000 qaram    1.3225
parameter  4  1.154770 ->  0.500000 qaram    1.3225
parameter  5  1.560305 ->  0.500000 qaram    1.3225
parameter 11 -1.532036 -> -0.500000 qaram    1.1500
parameters
   -3.8401   18.4723   18.3903   -9.0353   -9.0390   -7.7432
    2.0592   -0.9194   -6.0474   -0.0642    1.7858    2.7448
eta,q 0.94608 18.12939
  0.0771  0.0736  0.0676  0.0580  0.0536  0.0557  0.0589  0.0587  0.0566  0.0568  0.0563  0.0543
  0.0742  0.0727  0.0684  0.0597  0.0550  0.0550  0.0568  0.0560  0.0555  0.0554  0.0556  0.0541
  0.0724  0.0721  0.0699  0.0627  0.0572  0.0548  0.0554  0.0549  0.0548  0.0547  0.0550  0.0539
  0.0721  0.0720  0.0720  0.0687  0.0603  0.0555  0.0547  0.0546  0.0546  0.0546  0.0546  0.0539
  0.0733  0.0723  0.0745  0.0790  0.0640  0.0576  0.0547  0.0552  0.0548  0.0554  0.0541  0.0543
  0.0761  0.0730  0.0774  0.0905  0.0683  0.0629  0.0556  0.0567  0.0554  0.0574  0.0538  0.0550
  0.0801  0.0744  0.0803  0.0995  0.0733  0.0711  0.0572  0.0589  0.0563  0.0600  0.0537  0.0561
niter,ni,del,rscale     7    3    5.0000    1.2000
parameter  1 -0.501322 -> -0.500000 qaram    1.3225
parameter  2  1.587803 ->  0.500000 qaram    1.1500
parameter  3  2.775952 ->  0.500000 qaram    1.5209
parameter  4  0.552652 ->  0.500000 qaram    1.5209
parameter  5  1.384816 ->  0.500000 qaram    1.5209
parameter 12  1.233309 ->  0.500000 qaram    1.3225
parameters
   -2.2531   17.0923   16.5653  -14.5105  -14.5142   -8.2038
    3.8086   -1.0926   -4.8143   -2.2984    3.6005   -2.0162
eta,q 0.96449 18.02830
  0.0628  0.0493  0.0414  0.0423  0.0365  0.0411  0.0434  0.0414  0.0406  0.0387  0.0384  0.0351
  0.0591  0.0500  0.0437  0.0421  0.0372  0.0398  0.0408  0.0391  0.0391  0.0376  0.0378  0.0354
  0.0561  0.0512  0.0467  0.0426  0.0393  0.0386  0.0388  0.0379  0.0381  0.0372  0.0374  0.0360
  0.0539  0.0527  0.0503  0.0444  0.0421  0.0376  0.0377  0.0375  0.0375  0.0375  0.0372  0.0372
  0.0528  0.0545  0.0544  0.0497  0.0459  0.0375  0.0376  0.0381  0.0375  0.0385  0.0371  0.0387
  0.0528  0.0566  0.0588  0.0597  0.0503  0.0392  0.0384  0.0396  0.0380  0.0404  0.0373  0.0404
  0.0540  0.0591  0.0632  0.0730  0.0546  0.0435  0.0401  0.0416  0.0391  0.0430  0.0376  0.0421
niter,ni,del,rscale     7    3    5.0000    1.2000
parameter  2  0.520966 ->  0.500000 qaram    1.3225
parameter  3  1.348312 ->  0.500000 qaram    1.7490
parameters
   -2.1194   15.5053   14.4664  -15.2671  -17.3964   -6.3009
    4.2443   -0.6146   -3.5616   -1.9098    4.4432   -4.3672
eta,q 0.96989 17.87642
  0.0413  0.0354  0.0293  0.0354  0.0347  0.0350  0.0342  0.0350  0.0327  0.0340  0.0314  0.0316
  0.0383  0.0345  0.0302  0.0330  0.0326  0.0332  0.0323  0.0322  0.0317  0.0322  0.0309  0.0306
  0.0363  0.0345  0.0319  0.0314  0.0312  0.0319  0.0310  0.0309  0.0308  0.0310  0.0305  0.0301
  0.0355  0.0355  0.0344  0.0305  0.0307  0.0309  0.0304  0.0304  0.0304  0.0303  0.0303  0.0302
  0.0359  0.0375  0.0374  0.0303  0.0328  0.0302  0.0307  0.0307  0.0304  0.0304  0.0303  0.0310
  0.0376  0.0404  0.0411  0.0319  0.0383  0.0300  0.0317  0.0319  0.0308  0.0314  0.0306  0.0323
  0.0405  0.0439  0.0454  0.0396  0.0463  0.0331  0.0335  0.0336  0.0316  0.0335  0.0311  0.0343
niter,ni,del,rscale     7    3    5.0000    1.2000
parameters
   -2.0078   15.9692   12.4973  -15.0978  -17.8766   -8.2891
    4.3647   -0.1669   -3.4115   -1.1377    4.8461   -6.9010
eta,q 0.97093 17.71950
  0.0357  0.0359  0.0304  0.0347  0.0358  0.0315  0.0327  0.0338  0.0311  0.0335  0.0304  0.0305
  0.0329  0.0331  0.0291  0.0321  0.0329  0.0302  0.0309  0.0310  0.0302  0.0313  0.0298  0.0295
  0.0309  0.0311  0.0290  0.0301  0.0307  0.0295  0.0298  0.0297  0.0296  0.0300  0.0294  0.0291
  0.0301  0.0301  0.0300  0.0289  0.0289  0.0291  0.0294  0.0294  0.0294  0.0294  0.0293  0.0293
  0.0306  0.0302  0.0320  0.0283  0.0285  0.0292  0.0297  0.0298  0.0295  0.0295  0.0294  0.0301
  0.0323  0.0312  0.0351  0.0292  0.0319  0.0328  0.0307  0.0309  0.0301  0.0303  0.0297  0.0313
  0.0350  0.0334  0.0390  0.0366  0.0396  0.0417  0.0326  0.0324  0.0310  0.0321  0.0302  0.0329
niter,ni,del,rscale     6    3    5.0000    1.2000
parameters
   -1.9606   16.2412   11.9699  -15.0539  -17.8026   -8.9522
    4.3508   -0.0524   -3.4741   -0.5458    4.4835   -7.2676
eta,q 0.97100 17.69727
  0.0343  0.0341  0.0326  0.0341  0.0360  0.0323  0.0323  0.0330  0.0306  0.0333  0.0300  0.0316
  0.0316  0.0315  0.0303  0.0317  0.0330  0.0307  0.0305  0.0304  0.0298  0.0309  0.0294  0.0300
  0.0297  0.0298  0.0291  0.0299  0.0307  0.0296  0.0294  0.0293  0.0292  0.0295  0.0291  0.0292
  0.0291  0.0291  0.0290  0.0289  0.0289  0.0289  0.0290  0.0290  0.0290  0.0290  0.0290  0.0290
  0.0296  0.0293  0.0301  0.0286  0.0283  0.0286  0.0294  0.0296  0.0292  0.0293  0.0292  0.0295
  0.0313  0.0305  0.0320  0.0293  0.0310  0.0299  0.0305  0.0307  0.0298  0.0302  0.0296  0.0305
  0.0340  0.0327  0.0347  0.0360  0.0378  0.0358  0.0324  0.0323  0.0307  0.0320  0.0301  0.0318
niter,ni,del,rscale     5    3    5.0000    1.2000
parameters
   -1.9258   16.3651   11.7678  -15.0629  -17.6867   -9.1293
    4.3035    0.0061   -3.3804   -0.3029    4.3317   -7.3798
eta,q 0.97103 17.69677
  0.0341  0.0336  0.0332  0.0341  0.0360  0.0326  0.0322  0.0328  0.0306  0.0329  0.0300  0.0319
  0.0314  0.0311  0.0308  0.0316  0.0330  0.0309  0.0304  0.0303  0.0297  0.0306  0.0294  0.0300
  0.0296  0.0296  0.0294  0.0299  0.0308  0.0297  0.0294  0.0292  0.0292  0.0294  0.0290  0.0292
  0.0290  0.0290  0.0290  0.0290  0.0290  0.0289  0.0290  0.0290  0.0290  0.0290  0.0290  0.0290
  0.0296  0.0294  0.0297  0.0286  0.0284  0.0286  0.0293  0.0296  0.0291  0.0293  0.0292  0.0294
  0.0312  0.0307  0.0315  0.0294  0.0309  0.0294  0.0304  0.0307  0.0296  0.0304  0.0295  0.0304
  0.0339  0.0329  0.0340  0.0360  0.0377  0.0346  0.0323  0.0322  0.0306  0.0323  0.0300  0.0317
niter,ni,del,rscale     4    3    5.0000    1.2000
parameters
   -1.9097   16.4132   11.6964  -15.0670  -17.6751   -9.1941
    4.2709    0.0367   -3.3382   -0.2095    4.2763   -7.4316
eta,q 0.97103 17.69444
  0.0340  0.0334  0.0335  0.0341  0.0359  0.0327  0.0322  0.0328  0.0306  0.0328  0.0300  0.0319
  0.0313  0.0309  0.0310  0.0316  0.0330  0.0309  0.0305  0.0302  0.0297  0.0305  0.0294  0.0300
  0.0296  0.0295  0.0295  0.0299  0.0307  0.0297  0.0294  0.0292  0.0292  0.0293  0.0291  0.0292
  0.0290  0.0290  0.0290  0.0290  0.0290  0.0290  0.0290  0.0290  0.0290  0.0290  0.0290  0.0290
  0.0296  0.0294  0.0296  0.0286  0.0284  0.0286  0.0293  0.0296  0.0291  0.0294  0.0292  0.0294
  0.0312  0.0308  0.0313  0.0294  0.0310  0.0293  0.0304  0.0307  0.0297  0.0305  0.0295  0.0304
  0.0339  0.0331  0.0337  0.0359  0.0379  0.0344  0.0323  0.0322  0.0306  0.0324  0.0300  0.0317
niter,ni,del,rscale     3    3    5.0000    1.2000
parameters
   -1.9027   16.4357   11.6710  -15.0592  -17.6726   -9.2162
    4.2595    0.0551   -3.3201   -0.1673    4.2492   -7.4541
eta,q 0.97102 17.69441
  0.0339  0.0333  0.0336  0.0341  0.0359  0.0327  0.0322  0.0328  0.0306  0.0327  0.0300  0.0320
  0.0313  0.0309  0.0310  0.0316  0.0330  0.0310  0.0305  0.0302  0.0297  0.0304  0.0294  0.0300
  0.0296  0.0294  0.0295  0.0299  0.0307  0.0298  0.0294  0.0291  0.0292  0.0293  0.0291  0.0292
  0.0290  0.0290  0.0290  0.0290  0.0290  0.0290  0.0290  0.0290  0.0290  0.0290  0.0290  0.0290
  0.0296  0.0295  0.0296  0.0286  0.0284  0.0286  0.0293  0.0296  0.0291  0.0294  0.0292  0.0294
  0.0312  0.0308  0.0312  0.0294  0.0310  0.0293  0.0304  0.0307  0.0297  0.0306  0.0295  0.0304
  0.0339  0.0331  0.0336  0.0359  0.0380  0.0343  0.0323  0.0322  0.0306  0.0325  0.0300  0.0317
registration optimization eta report
parameter search radius
    3.1740    3.1740    4.1976   10.9503   10.9503    8.2800
    8.2800    7.2000    7.2000    7.2000    8.2800    9.5220
100000*second partial in parameter space
       49.       42.       26.        5.        7.        7.
        5.        7.        3.        7.        1.        3.
  0.0339  0.0333  0.0336  0.0341  0.0359  0.0327  0.0322  0.0328  0.0306  0.0327  0.0300  0.0320
  0.0313  0.0309  0.0310  0.0316  0.0330  0.0310  0.0305  0.0302  0.0297  0.0304  0.0294  0.0300
  0.0296  0.0294  0.0295  0.0299  0.0307  0.0298  0.0294  0.0291  0.0292  0.0293  0.0291  0.0292
  0.0290  0.0290  0.0290  0.0290  0.0290  0.0290  0.0290  0.0290  0.0290  0.0290  0.0290  0.0290
  0.0296  0.0295  0.0296  0.0286  0.0284  0.0286  0.0293  0.0296  0.0291  0.0294  0.0292  0.0294
  0.0312  0.0308  0.0312  0.0294  0.0310  0.0293  0.0304  0.0307  0.0297  0.0306  0.0295  0.0304
  0.0339  0.0331  0.0336  0.0359  0.0380  0.0343  0.0323  0.0322  0.0306  0.0325  0.0300  0.0317
   -1.9027   16.4357   11.6710  -15.0592  -17.6726   -9.2162
    4.2595    0.0551   -3.3201   -0.1673    4.2492   -7.4541
eta,q 0.97102 17.69441

---------------------------------------------------------------------
imgreg_4dfp /opt/freesurfer/average/711-2C_as_mni_average_305 /opt/freesurfer/average/711-2B_as_mni_average_305_mask talsrcimg_g11 none talsrcimg_to_711-2C_as_mni_average_305_t4 2311
---------------------------------------------------------------------

freesurfer imgreg_4dfp.c
/opt/freesurfer/average/711-2C_as_mni_average_305.4dfp.img
       256       256       256         1
  1.000000  1.000000  1.000000
orientation T byte_order littleendian
Reading image: /opt/freesurfer/average/711-2C_as_mni_average_305.4dfp.img
dimensions:      256       256       256
mmppix:       1.0000   -1.0000   -1.0000
center:     128.0000 -129.0000 -129.0000
/opt/freesurfer/average/711-2B_as_mni_average_305_mask.4dfp.img
       256       256       256         1
  1.000000  1.000000  1.000000
orientation T byte_order littleendian
Reading mask: /opt/freesurfer/average/711-2B_as_mni_average_305_mask.4dfp.img (2306576 pixels)
talsrcimg_g11.4dfp.img
       256       256       256         1
  1.000000  1.000000  1.000000
orientation T byte_order littleendian
Reading image: talsrcimg_g11.4dfp.img
dimensions:      256       256       256
mmppix:       1.0000   -1.0000   -1.0000
center:     128.0000 -129.0000 -129.0000
fimgreg.f
image alignment mode   2311 decimal      907 hex
parameters
   -1.9027   16.4357   11.6710  -15.0592  -17.6726   -9.2162
    4.2595    0.0551   -3.3201   -0.1673    4.2492   -7.4541
eta,q 0.97102 17.69441
niter,ni,del,rscale     5    3    5.0000    0.8000
parameter  4 -0.835986 -> -0.500000 qaram    1.1500
parameter  5 -0.543183 -> -0.500000 qaram    1.1500
parameters
   -1.8987   16.4188   11.6276  -12.2992  -14.9126   -8.0337
    3.4947    0.4194   -3.7797    0.4743    5.4950   -6.7542
eta,q 0.97224 18.09786
  0.0303  0.0300  0.0297  0.0303  0.0312  0.0300  0.0290  0.0306  0.0288  0.0313  0.0285  0.0294
  0.0296  0.0294  0.0293  0.0297  0.0303  0.0292  0.0283  0.0288  0.0282  0.0294  0.0282  0.0285
  0.0291  0.0291  0.0291  0.0293  0.0295  0.0286  0.0279  0.0280  0.0279  0.0283  0.0279  0.0280
  0.0290  0.0290  0.0290  0.0290  0.0287  0.0281  0.0278  0.0278  0.0278  0.0278  0.0278  0.0278
  0.0291  0.0291  0.0291  0.0288  0.0282  0.0278  0.0282  0.0280  0.0280  0.0279  0.0278  0.0278
  0.0296  0.0295  0.0293  0.0287  0.0281  0.0278  0.0289  0.0286  0.0285  0.0286  0.0278  0.0281
  0.0303  0.0301  0.0298  0.0286  0.0287  0.0290  0.0301  0.0296  0.0293  0.0298  0.0280  0.0286
niter,ni,del,rscale     6    3    5.0000    0.9000
parameters
   -1.9623   16.3597   11.6327  -12.5954  -15.8515   -8.1624
    4.1355    0.0750   -3.8374    0.1092    5.5355   -6.8930
eta,q 0.97214 18.02239
  0.0294  0.0296  0.0289  0.0294  0.0304  0.0300  0.0299  0.0300  0.0291  0.0304  0.0284  0.0291
  0.0285  0.0286  0.0283  0.0286  0.0292  0.0292  0.0289  0.0286  0.0284  0.0289  0.0281  0.0283
  0.0280  0.0280  0.0279  0.0281  0.0282  0.0285  0.0283  0.0280  0.0280  0.0281  0.0279  0.0280
  0.0278  0.0278  0.0278  0.0278  0.0278  0.0279  0.0279  0.0279  0.0279  0.0279  0.0279  0.0279
  0.0280  0.0280  0.0279  0.0276  0.0284  0.0276  0.0280  0.0282  0.0280  0.0283  0.0279  0.0280
  0.0286  0.0287  0.0283  0.0280  0.0301  0.0283  0.0284  0.0290  0.0284  0.0295  0.0281  0.0285
  0.0298  0.0300  0.0289  0.0306  0.0336  0.0313  0.0292  0.0306  0.0292  0.0312  0.0284  0.0292
niter,ni,del,rscale     5    3    5.0000    0.8000
parameters
   -1.9634   16.3034   11.6555  -12.1755  -15.8208   -7.7897
    4.0503    0.1763   -3.7889    0.1561    5.7313   -6.8804
eta,q 0.97230 18.06427
  0.0292  0.0292  0.0287  0.0292  0.0304  0.0296  0.0290  0.0300  0.0287  0.0303  0.0282  0.0288
  0.0285  0.0285  0.0282  0.0286  0.0294  0.0289  0.0283  0.0285  0.0282  0.0288  0.0279  0.0282
  0.0280  0.0280  0.0279  0.0282  0.0284  0.0283  0.0279  0.0279  0.0278  0.0280  0.0278  0.0278
  0.0279  0.0279  0.0279  0.0279  0.0278  0.0278  0.0277  0.0277  0.0277  0.0277  0.0277  0.0277
  0.0280  0.0281  0.0280  0.0277  0.0279  0.0275  0.0278  0.0279  0.0278  0.0279  0.0277  0.0278
  0.0285  0.0286  0.0282  0.0278  0.0288  0.0278  0.0283  0.0285  0.0281  0.0288  0.0279  0.0282
  0.0293  0.0295  0.0287  0.0292  0.0309  0.0297  0.0292  0.0297  0.0287  0.0301  0.0281  0.0288
niter,ni,del,rscale     4    3    5.0000    0.7000
parameters
   -1.9838   16.2855   11.6928  -11.7298  -15.7349   -7.5517
    4.0442    0.1475   -3.8227    0.1764    5.7798   -6.8366
eta,q 0.97243 18.10442
  0.0287  0.0288  0.0284  0.0288  0.0298  0.0292  0.0287  0.0294  0.0284  0.0296  0.0280  0.0285
  0.0282  0.0282  0.0280  0.0283  0.0289  0.0286  0.0281  0.0282  0.0279  0.0285  0.0278  0.0280
  0.0278  0.0278  0.0278  0.0280  0.0281  0.0281  0.0277  0.0277  0.0277  0.0278  0.0276  0.0277
  0.0277  0.0277  0.0277  0.0277  0.0276  0.0276  0.0276  0.0276  0.0276  0.0276  0.0276  0.0276
  0.0278  0.0278  0.0278  0.0275  0.0277  0.0274  0.0277  0.0278  0.0277  0.0278  0.0276  0.0277
  0.0282  0.0282  0.0280  0.0276  0.0285  0.0278  0.0280  0.0283  0.0279  0.0284  0.0277  0.0280
  0.0288  0.0289  0.0283  0.0287  0.0300  0.0294  0.0287  0.0294  0.0284  0.0296  0.0280  0.0284
niter,ni,del,rscale     3    3    5.0000    0.6000
parameters
   -2.0099   16.2727   11.7228  -11.4326  -15.6304   -7.2886
    3.9994    0.1227   -3.8645    0.1929    5.7556   -6.7814
eta,q 0.97253 18.13725
  0.0284  0.0284  0.0281  0.0284  0.0293  0.0289  0.0283  0.0289  0.0281  0.0291  0.0278  0.0282
  0.0279  0.0280  0.0278  0.0281  0.0285  0.0284  0.0278  0.0280  0.0277  0.0282  0.0276  0.0278
  0.0277  0.0277  0.0276  0.0278  0.0279  0.0279  0.0276  0.0276  0.0275  0.0277  0.0275  0.0275
  0.0276  0.0276  0.0276  0.0276  0.0275  0.0275  0.0275  0.0275  0.0275  0.0275  0.0275  0.0275
  0.0277  0.0277  0.0276  0.0274  0.0276  0.0274  0.0275  0.0276  0.0275  0.0276  0.0275  0.0275
  0.0280  0.0280  0.0278  0.0276  0.0282  0.0277  0.0278  0.0281  0.0278  0.0282  0.0276  0.0278
  0.0285  0.0285  0.0281  0.0284  0.0293  0.0289  0.0284  0.0289  0.0281  0.0290  0.0279  0.0281
niter,ni,del,rscale     2    3    5.0000    0.5000
parameters
   -2.0279   16.2686   11.7677  -11.1243  -15.5769   -7.0344
    3.9621    0.1067   -3.9042    0.2081    5.6836   -6.7418
eta,q 0.97262 18.16619
  0.0280  0.0281  0.0279  0.0281  0.0287  0.0285  0.0280  0.0284  0.0278  0.0286  0.0277  0.0279
  0.0277  0.0278  0.0277  0.0278  0.0281  0.0281  0.0277  0.0278  0.0276  0.0279  0.0275  0.0276
  0.0275  0.0275  0.0275  0.0276  0.0277  0.0277  0.0275  0.0275  0.0274  0.0275  0.0274  0.0274
  0.0275  0.0275  0.0275  0.0275  0.0274  0.0274  0.0274  0.0274  0.0274  0.0274  0.0274  0.0274
  0.0275  0.0275  0.0275  0.0274  0.0275  0.0273  0.0274  0.0275  0.0274  0.0275  0.0274  0.0274
  0.0277  0.0278  0.0276  0.0275  0.0279  0.0276  0.0277  0.0278  0.0276  0.0279  0.0275  0.0276
  0.0281  0.0281  0.0278  0.0281  0.0288  0.0284  0.0280  0.0285  0.0279  0.0285  0.0277  0.0279
niter,ni,del,rscale     1    3    5.0000    0.4000
parameters
   -2.0521   16.2641   11.8215  -10.8499  -15.5509   -6.8030
    3.9323    0.0875   -3.9387    0.2155    5.6043   -6.7016
eta,q 0.97269 18.18995
  0.0278  0.0278  0.0277  0.0278  0.0282  0.0281  0.0277  0.0281  0.0276  0.0281  0.0275  0.0277
  0.0275  0.0276  0.0275  0.0276  0.0278  0.0278  0.0275  0.0276  0.0274  0.0277  0.0274  0.0275
  0.0274  0.0274  0.0274  0.0275  0.0275  0.0275  0.0274  0.0274  0.0273  0.0274  0.0273  0.0273
  0.0274  0.0274  0.0274  0.0274  0.0274  0.0274  0.0273  0.0273  0.0273  0.0273  0.0273  0.0273
  0.0274  0.0274  0.0274  0.0273  0.0274  0.0273  0.0274  0.0274  0.0273  0.0274  0.0273  0.0273
  0.0276  0.0276  0.0275  0.0274  0.0277  0.0275  0.0275  0.0276  0.0275  0.0276  0.0274  0.0275
  0.0278  0.0278  0.0276  0.0278  0.0283  0.0280  0.0278  0.0281  0.0276  0.0281  0.0276  0.0276
registration optimization eta report
parameter search radius
    0.8000    0.8000    0.8000    2.7600    2.7600    2.4000
    2.4000    2.4000    2.4000    2.4000    2.4000    2.4000
100000*second partial in parameter space
       65.       66.       43.        6.       12.       13.
        7.       13.        5.       13.        4.        6.
  0.0278  0.0278  0.0277  0.0278  0.0282  0.0281  0.0277  0.0281  0.0276  0.0281  0.0275  0.0277
  0.0275  0.0276  0.0275  0.0276  0.0278  0.0278  0.0275  0.0276  0.0274  0.0277  0.0274  0.0275
  0.0274  0.0274  0.0274  0.0275  0.0275  0.0275  0.0274  0.0274  0.0273  0.0274  0.0273  0.0273
  0.0274  0.0274  0.0274  0.0274  0.0274  0.0274  0.0273  0.0273  0.0273  0.0273  0.0273  0.0273
  0.0274  0.0274  0.0274  0.0273  0.0274  0.0273  0.0274  0.0274  0.0273  0.0274  0.0273  0.0273
  0.0276  0.0276  0.0275  0.0274  0.0277  0.0275  0.0275  0.0276  0.0275  0.0276  0.0274  0.0275
  0.0278  0.0278  0.0276  0.0278  0.0283  0.0280  0.0278  0.0281  0.0276  0.0281  0.0276  0.0276
   -2.0521   16.2641   11.8215  -10.8499  -15.5509   -6.8030
    3.9323    0.0875   -3.9387    0.2155    5.6043   -6.7016
eta,q 0.97269 18.18995

---------------------------------------------------------------------
imgreg_4dfp /opt/freesurfer/average/711-2C_as_mni_average_305 /opt/freesurfer/average/711-2B_as_mni_average_305_mask talsrcimg_g11 none talsrcimg_to_711-2C_as_mni_average_305_t4 2311
---------------------------------------------------------------------

freesurfer imgreg_4dfp.c
/opt/freesurfer/average/711-2C_as_mni_average_305.4dfp.img
       256       256       256         1
  1.000000  1.000000  1.000000
orientation T byte_order littleendian
Reading image: /opt/freesurfer/average/711-2C_as_mni_average_305.4dfp.img
dimensions:      256       256       256
mmppix:       1.0000   -1.0000   -1.0000
center:     128.0000 -129.0000 -129.0000
/opt/freesurfer/average/711-2B_as_mni_average_305_mask.4dfp.img
       256       256       256         1
  1.000000  1.000000  1.000000
orientation T byte_order littleendian
Reading mask: /opt/freesurfer/average/711-2B_as_mni_average_305_mask.4dfp.img (2306576 pixels)
talsrcimg_g11.4dfp.img
       256       256       256         1
  1.000000  1.000000  1.000000
orientation T byte_order littleendian
Reading image: talsrcimg_g11.4dfp.img
dimensions:      256       256       256
mmppix:       1.0000   -1.0000   -1.0000
center:     128.0000 -129.0000 -129.0000
fimgreg.f
image alignment mode   2311 decimal      907 hex
parameters
   -2.0521   16.2641   11.8215  -10.8499  -15.5509   -6.8030
    3.9323    0.0875   -3.9387    0.2155    5.6043   -6.7016
eta,q 0.97269 18.18996
niter,ni,del,rscale     5    3    5.0000    0.8000
parameters
   -2.1254   16.2277   11.9606  -11.7842  -15.8540   -7.5002
    4.1296    0.0355   -3.8232   -0.0254    5.8359   -6.6477
eta,q 0.97238 18.10318
  0.0289  0.0289  0.0287  0.0282  0.0294  0.0292  0.0291  0.0299  0.0287  0.0299  0.0282  0.0287
  0.0280  0.0281  0.0279  0.0278  0.0285  0.0285  0.0283  0.0284  0.0281  0.0285  0.0279  0.0281
  0.0275  0.0275  0.0275  0.0275  0.0278  0.0279  0.0278  0.0278  0.0277  0.0278  0.0277  0.0277
  0.0273  0.0273  0.0273  0.0273  0.0274  0.0275  0.0276  0.0276  0.0276  0.0276  0.0276  0.0276
  0.0275  0.0275  0.0274  0.0274  0.0276  0.0275  0.0277  0.0278  0.0277  0.0280  0.0276  0.0277
  0.0282  0.0281  0.0277  0.0282  0.0286  0.0288  0.0281  0.0285  0.0280  0.0289  0.0278  0.0281
  0.0293  0.0291  0.0283  0.0307  0.0304  0.0322  0.0289  0.0299  0.0286  0.0304  0.0281  0.0287
niter,ni,del,rscale     4    3    5.0000    0.7000
parameters
   -2.0246   16.2262   11.7719  -11.4707  -15.6384   -7.5777
    4.0176    0.1201   -3.8424    0.0446    5.7452   -6.6783
eta,q 0.97246 18.12168
  0.0289  0.0288  0.0281  0.0284  0.0294  0.0291  0.0286  0.0295  0.0284  0.0296  0.0280  0.0284
  0.0282  0.0281  0.0278  0.0281  0.0286  0.0285  0.0280  0.0283  0.0279  0.0285  0.0277  0.0279
  0.0278  0.0278  0.0276  0.0278  0.0279  0.0280  0.0277  0.0277  0.0276  0.0278  0.0276  0.0276
  0.0276  0.0276  0.0276  0.0276  0.0275  0.0275  0.0275  0.0275  0.0275  0.0275  0.0275  0.0275
  0.0277  0.0277  0.0278  0.0275  0.0276  0.0274  0.0277  0.0277  0.0276  0.0277  0.0276  0.0277
  0.0280  0.0281  0.0281  0.0276  0.0281  0.0279  0.0281  0.0282  0.0279  0.0284  0.0277  0.0279
  0.0286  0.0288  0.0285  0.0285  0.0293  0.0299  0.0288  0.0293  0.0284  0.0295  0.0280  0.0284
niter,ni,del,rscale     3    3    5.0000    0.6000
parameters
   -2.0371   16.2476   11.7305  -11.1478  -15.5209   -7.3549
    3.9629    0.1407   -3.8667    0.1309    5.6950   -6.6833
eta,q 0.97256 18.15290
  0.0284  0.0285  0.0281  0.0282  0.0289  0.0289  0.0283  0.0290  0.0281  0.0291  0.0278  0.0281
  0.0279  0.0280  0.0277  0.0279  0.0283  0.0283  0.0278  0.0280  0.0277  0.0282  0.0276  0.0277
  0.0276  0.0277  0.0276  0.0277  0.0278  0.0279  0.0275  0.0276  0.0275  0.0276  0.0275  0.0275
  0.0275  0.0275  0.0275  0.0275  0.0275  0.0275  0.0274  0.0274  0.0274  0.0274  0.0274  0.0274
  0.0276  0.0276  0.0276  0.0274  0.0276  0.0273  0.0275  0.0276  0.0275  0.0276  0.0275  0.0275
  0.0279  0.0279  0.0278  0.0275  0.0280  0.0277  0.0278  0.0280  0.0277  0.0281  0.0276  0.0278
  0.0284  0.0284  0.0281  0.0282  0.0289  0.0289  0.0284  0.0289  0.0281  0.0290  0.0278  0.0281
niter,ni,del,rscale     2    3    5.0000    0.5000
parameters
   -2.0561   16.2581   11.7631  -10.9047  -15.4932   -7.0946
    3.9286    0.1223   -3.9014    0.1768    5.6318   -6.6772
eta,q 0.97264 18.17758
  0.0280  0.0281  0.0279  0.0279  0.0284  0.0285  0.0280  0.0285  0.0278  0.0286  0.0277  0.0279
  0.0277  0.0277  0.0276  0.0277  0.0279  0.0281  0.0277  0.0278  0.0276  0.0279  0.0275  0.0276
  0.0275  0.0275  0.0275  0.0276  0.0276  0.0277  0.0274  0.0275  0.0274  0.0275  0.0274  0.0274
  0.0274  0.0274  0.0274  0.0274  0.0274  0.0274  0.0274  0.0274  0.0274  0.0274  0.0274  0.0274
  0.0275  0.0275  0.0275  0.0274  0.0275  0.0273  0.0274  0.0275  0.0274  0.0275  0.0274  0.0274
  0.0277  0.0277  0.0276  0.0275  0.0278  0.0275  0.0277  0.0278  0.0276  0.0279  0.0275  0.0276
  0.0281  0.0281  0.0278  0.0279  0.0285  0.0284  0.0280  0.0285  0.0279  0.0285  0.0277  0.0279
niter,ni,del,rscale     1    3    5.0000    0.4000
parameters
   -2.0746   16.2606   11.8148  -10.6787  -15.4883   -6.8490
    3.8934    0.1023   -3.9434    0.2007    5.5500   -6.6585
eta,q 0.97269 18.19861
  0.0278  0.0278  0.0277  0.0277  0.0280  0.0281  0.0277  0.0281  0.0276  0.0281  0.0275  0.0277
  0.0275  0.0276  0.0275  0.0276  0.0277  0.0278  0.0275  0.0276  0.0274  0.0277  0.0274  0.0275
  0.0274  0.0274  0.0274  0.0275  0.0274  0.0275  0.0274  0.0274  0.0273  0.0274  0.0273  0.0273
  0.0274  0.0274  0.0274  0.0274  0.0273  0.0273  0.0273  0.0273  0.0273  0.0273  0.0273  0.0273
  0.0274  0.0274  0.0274  0.0273  0.0274  0.0273  0.0274  0.0274  0.0273  0.0274  0.0273  0.0273
  0.0276  0.0275  0.0275  0.0274  0.0276  0.0275  0.0275  0.0276  0.0275  0.0276  0.0274  0.0275
  0.0278  0.0278  0.0276  0.0277  0.0281  0.0280  0.0278  0.0281  0.0276  0.0281  0.0276  0.0276
registration optimization eta report
parameter search radius
    0.8000    0.8000    0.8000    2.4000    2.4000    2.4000
    2.4000    2.4000    2.4000    2.4000    2.4000    2.4000
100000*second partial in parameter space
       66.       67.       43.        6.       12.       13.
        8.       13.        6.       14.        4.        6.
  0.0278  0.0278  0.0277  0.0277  0.0280  0.0281  0.0277  0.0281  0.0276  0.0281  0.0275  0.0277
  0.0275  0.0276  0.0275  0.0276  0.0277  0.0278  0.0275  0.0276  0.0274  0.0277  0.0274  0.0275
  0.0274  0.0274  0.0274  0.0275  0.0274  0.0275  0.0274  0.0274  0.0273  0.0274  0.0273  0.0273
  0.0274  0.0274  0.0274  0.0274  0.0273  0.0273  0.0273  0.0273  0.0273  0.0273  0.0273  0.0273
  0.0274  0.0274  0.0274  0.0273  0.0274  0.0273  0.0274  0.0274  0.0273  0.0274  0.0273  0.0273
  0.0276  0.0275  0.0275  0.0274  0.0276  0.0275  0.0275  0.0276  0.0275  0.0276  0.0274  0.0275
  0.0278  0.0278  0.0276  0.0277  0.0281  0.0280  0.0278  0.0281  0.0276  0.0281  0.0276  0.0276
   -2.0746   16.2606   11.8148  -10.6787  -15.4883   -6.8490
    3.8934    0.1023   -3.9434    0.2007    5.5500   -6.6585
eta,q 0.97269 18.19861

---------------------------------------------------------------------
compute_vox2vox talsrcimg talsrcimg_to_711-2C_as_mni_average_305_t4 /opt/freesurfer/average/711-2C_as_mni_average_305
---------------------------------------------------------------------

freesurfer compute_vox2vox.c
Reading: talsrcimg.4dfp.ifh
Reading: talsrcimg_to_711-2C_as_mni_average_305_t4
Reading: /opt/freesurfer/average/711-2C_as_mni_average_305.4dfp.ifh
Writing: talsrcimg_to_711-2C_as_mni_average_305_t4_vox2vox.txt

start time Sun Mar 8 23:13:36 CET 2026
end		time Sun Mar 8 23:13:51 CET 2026

mpr2mni305 success

avi2talxfm orig_nu.mgz /opt/freesurfer/average/mni305.cor.mgz talsrcimg_to_711-2C_as_mni_average_305_t4_vox2vox.txt transforms/talairach.auto.xfm
avi2talxfm done
mv -f /out/sourcedata/freesurfer/sub-v1s16x0051179_ses-1/mri/talsrcimg_to_711-2C_as_mni_average_305_t4_vox2vox.txt /out/sourcedata/freesurfer/sub-v1s16x0051179_ses-1/mri/transforms/talsrcimg_to_711-2C_as_mni_average_305_t4_vox2vox.txt
lta_convert --src orig_nu.mgz --trg /opt/freesurfer/average/mni305.cor.mgz --inxfm transforms/talairach.auto.xfm --outlta transforms/talairach.auto.xfm.lta --subject fsaverage
7.3.2

--src: orig_nu.mgz src image (geometry).
--trg: /opt/freesurfer/average/mni305.cor.mgz trg image (geometry).
--inmni: transforms/talairach.auto.xfm input MNI/XFM transform.
--outlta: transforms/talairach.auto.xfm.lta output LTA.
--s: fsaverage subject name
 LTA read, type : 1
 1.11735  -0.00112  -0.05156  -3.66704;
-0.06284   1.07341   0.08747  -27.65334;
 0.05229  -0.00260   1.18065  -8.08673;
 0.00000   0.00000   0.00000   1.00000;
setting subject to fsaverage
Writing  LTA to file transforms/talairach.auto.xfm.lta...
lta_convert successful.
 
 
Started at Sun Mar 8 23:13:36 CET 2026
Ended   at Sun Mar  8 23:13:51 CET 2026
talairach_avi done
