status file for recon-all
Mon Mar  9 02:19:22 CET 2026
#@# Tessellate lh Mon Mar  9 02:19:22 CET 2026
#@# Smooth1 lh Mon Mar  9 02:19:25 CET 2026
#@# Inflation1 lh Mon Mar  9 02:19:27 CET 2026
#@# QSphere lh Mon Mar  9 02:19:36 CET 2026
#@# Fix Topology lh Mon Mar  9 02:20:25 CET 2026
#@# Smooth2 lh Mon Mar  9 02:24:47 CET 2026
#@# Inflation2 lh Mon Mar  9 02:24:49 CET 2026
#@# Curv .H and .K lh Mon Mar  9 02:24:58 CET 2026
#@# Sphere lh Mon Mar  9 02:25:36 CET 2026
#@# Surf Reg lh Mon Mar  9 02:27:38 CET 2026
#@# Jacobian white lh Mon Mar  9 02:30:36 CET 2026
#@# AvgCurv lh Mon Mar  9 02:30:37 CET 2026
#@# Cortical Parc lh Mon Mar  9 02:30:37 CET 2026
#@# white curv lh Mon Mar  9 02:35:04 CET 2026
#@# white area lh Mon Mar  9 02:35:05 CET 2026
#@# pial curv lh Mon Mar  9 02:35:06 CET 2026
#@# pial area lh Mon Mar  9 02:35:07 CET 2026
#@# thickness lh Mon Mar  9 02:35:08 CET 2026
#@# area and vertex vol lh Mon Mar  9 02:35:31 CET 2026
#@# Curvature Stats lh Mon Mar  9 02:35:32 CET 2026
#@# Cortical Parc 2 lh Mon Mar  9 02:35:34 CET 2026
#@# Cortical Parc 3 lh Mon Mar  9 02:35:45 CET 2026
#@# WM/GM Contrast lh Mon Mar  9 02:35:53 CET 2026
recon-all -s sub-v1s16x0051198_ses-1 finished without error at Mon Mar  9 02:35:55 CET 2026



#New# invocation of recon-all 



status file for recon-all
Mon Mar  9 03:00:24 CET 2026
#@# white curv lh Mon Mar  9 03:00:24 CET 2026
#@# white area lh Mon Mar  9 03:00:24 CET 2026
#@# pial curv lh Mon Mar  9 03:00:24 CET 2026
#@# pial area lh Mon Mar  9 03:00:24 CET 2026
#@# thickness lh Mon Mar  9 03:00:24 CET 2026
#@# area and vertex vol lh Mon Mar  9 03:00:24 CET 2026
#@# Parcellation Stats lh Mon Mar  9 03:00:24 CET 2026
#@# Parcellation Stats 2 lh Mon Mar  9 03:00:37 CET 2026
#@# Parcellation Stats 3 lh Mon Mar  9 03:00:43 CET 2026
#@# BA_exvivo Labels lh Mon Mar  9 03:00:50 CET 2026
recon-all -s sub-v1s16x0051198_ses-1 finished without error at Mon Mar  9 03:02:54 CET 2026
