status file for recon-all
Mon Mar  9 00:42:22 CET 2026
#@# MotionCor Mon Mar  9 00:42:24 CET 2026
#@# Talairach Mon Mar  9 00:42:32 CET 2026
#@# Talairach Failure Detection Mon Mar  9 00:47:12 CET 2026
#@# Nu Intensity Correction Mon Mar  9 00:47:12 CET 2026
#@# Intensity Normalization Mon Mar  9 00:50:28 CET 2026
recon-all -s sub-v1s16x0051198_ses-1 finished without error at Mon Mar  9 00:51:56 CET 2026



#New# invocation of recon-all 



status file for recon-all
Mon Mar  9 00:58:31 CET 2026
#@# EM Registration Mon Mar  9 00:58:31 CET 2026
recon-all -s sub-v1s16x0051198_ses-1 finished without error at Mon Mar  9 01:00:01 CET 2026



#New# invocation of recon-all 



status file for recon-all
Mon Mar  9 01:00:05 CET 2026
#@# CA Normalize Mon Mar  9 01:00:05 CET 2026
#@# CA Reg Mon Mar  9 01:01:25 CET 2026
#@# SubCort Seg Mon Mar  9 01:45:11 CET 2026
#@# CC Seg Mon Mar  9 02:13:04 CET 2026
#@# Merge ASeg Mon Mar  9 02:14:03 CET 2026
#@# Intensity Normalization2 Mon Mar  9 02:14:03 CET 2026
#@# Mask BFS Mon Mar  9 02:16:17 CET 2026
#@# WM Segmentation Mon Mar  9 02:16:18 CET 2026
#@# Fill Mon Mar  9 02:18:12 CET 2026
recon-all -s sub-v1s16x0051198_ses-1 finished without error at Mon Mar  9 02:19:17 CET 2026



#New# invocation of recon-all 



status file for recon-all
Mon Mar  9 02:56:26 CET 2026
#@# white curv lh Mon Mar  9 02:56:26 CET 2026
#@# white area lh Mon Mar  9 02:56:26 CET 2026
#@# pial curv lh Mon Mar  9 02:56:26 CET 2026
#@# pial area lh Mon Mar  9 02:56:26 CET 2026
#@# thickness lh Mon Mar  9 02:56:26 CET 2026
#@# area and vertex vol lh Mon Mar  9 02:56:26 CET 2026
#@# white curv rh Mon Mar  9 02:56:26 CET 2026
#@# white area rh Mon Mar  9 02:56:26 CET 2026
#@# pial curv rh Mon Mar  9 02:56:26 CET 2026
#@# pial area rh Mon Mar  9 02:56:26 CET 2026
#@# thickness rh Mon Mar  9 02:56:26 CET 2026
#@# area and vertex vol rh Mon Mar  9 02:56:26 CET 2026
#@# Cortical ribbon mask Mon Mar  9 02:56:26 CET 2026
recon-all -s sub-v1s16x0051198_ses-1 finished without error at Mon Mar  9 03:00:20 CET 2026



#New# invocation of recon-all 



status file for recon-all
Mon Mar  9 03:05:30 CET 2026
#@# white curv lh Mon Mar  9 03:05:30 CET 2026
#@# white area lh Mon Mar  9 03:05:30 CET 2026
#@# pial curv lh Mon Mar  9 03:05:30 CET 2026
#@# pial area lh Mon Mar  9 03:05:30 CET 2026
#@# thickness lh Mon Mar  9 03:05:30 CET 2026
#@# area and vertex vol lh Mon Mar  9 03:05:30 CET 2026
#@# white curv rh Mon Mar  9 03:05:30 CET 2026
#@# white area rh Mon Mar  9 03:05:30 CET 2026
#@# pial curv rh Mon Mar  9 03:05:30 CET 2026
#@# pial area rh Mon Mar  9 03:05:30 CET 2026
#@# thickness rh Mon Mar  9 03:05:30 CET 2026
#@# area and vertex vol rh Mon Mar  9 03:05:30 CET 2026
#@# Curvature Stats lh Mon Mar  9 03:05:30 CET 2026
#@# Curvature Stats rh Mon Mar  9 03:05:32 CET 2026
#@# Relabel Hypointensities Mon Mar  9 03:05:34 CET 2026
#@# APas-to-ASeg Mon Mar  9 03:05:49 CET 2026
#@# AParc-to-ASeg aparc Mon Mar  9 03:05:55 CET 2026
#@# AParc-to-ASeg aparc.a2009s Mon Mar  9 03:06:19 CET 2026
#@# AParc-to-ASeg aparc.DKTatlas Mon Mar  9 03:06:41 CET 2026
#@# WMParc Mon Mar  9 03:07:03 CET 2026
#@# ASeg Stats Mon Mar  9 03:11:15 CET 2026
recon-all -s sub-v1s16x0051198_ses-1 finished without error at Mon Mar  9 03:11:51 CET 2026
