status file for recon-all
Mon Mar  9 02:14:08 CET 2026
#@# Tessellate lh Mon Mar  9 02:14:08 CET 2026
#@# Smooth1 lh Mon Mar  9 02:14:11 CET 2026
#@# Inflation1 lh Mon Mar  9 02:14:13 CET 2026
#@# QSphere lh Mon Mar  9 02:14:21 CET 2026
#@# Fix Topology lh Mon Mar  9 02:15:06 CET 2026
#@# Smooth2 lh Mon Mar  9 02:20:23 CET 2026
#@# Inflation2 lh Mon Mar  9 02:20:25 CET 2026
#@# Curv .H and .K lh Mon Mar  9 02:20:33 CET 2026
#@# Sphere lh Mon Mar  9 02:21:12 CET 2026
#@# Surf Reg lh Mon Mar  9 02:24:08 CET 2026
#@# Jacobian white lh Mon Mar  9 02:26:54 CET 2026
#@# AvgCurv lh Mon Mar  9 02:26:54 CET 2026
#@# Cortical Parc lh Mon Mar  9 02:26:55 CET 2026
#@# white curv lh Mon Mar  9 02:31:59 CET 2026
#@# white area lh Mon Mar  9 02:32:01 CET 2026
#@# pial curv lh Mon Mar  9 02:32:01 CET 2026
#@# pial area lh Mon Mar  9 02:32:03 CET 2026
#@# thickness lh Mon Mar  9 02:32:03 CET 2026
#@# area and vertex vol lh Mon Mar  9 02:32:27 CET 2026
#@# Curvature Stats lh Mon Mar  9 02:32:28 CET 2026
#@# Cortical Parc 2 lh Mon Mar  9 02:32:30 CET 2026
#@# Cortical Parc 3 lh Mon Mar  9 02:32:40 CET 2026
#@# WM/GM Contrast lh Mon Mar  9 02:32:49 CET 2026
recon-all -s sub-v1s16x0051196_ses-1 finished without error at Mon Mar  9 02:32:51 CET 2026



#New# invocation of recon-all 



status file for recon-all
Mon Mar  9 02:55:04 CET 2026
#@# white curv lh Mon Mar  9 02:55:04 CET 2026
#@# white area lh Mon Mar  9 02:55:04 CET 2026
#@# pial curv lh Mon Mar  9 02:55:04 CET 2026
#@# pial area lh Mon Mar  9 02:55:04 CET 2026
#@# thickness lh Mon Mar  9 02:55:04 CET 2026
#@# area and vertex vol lh Mon Mar  9 02:55:04 CET 2026
#@# Parcellation Stats lh Mon Mar  9 02:55:04 CET 2026
#@# Parcellation Stats 2 lh Mon Mar  9 02:55:17 CET 2026
#@# Parcellation Stats 3 lh Mon Mar  9 02:55:24 CET 2026
#@# BA_exvivo Labels lh Mon Mar  9 02:55:31 CET 2026
recon-all -s sub-v1s16x0051196_ses-1 finished without error at Mon Mar  9 02:57:34 CET 2026
