status file for recon-all
Mon Mar  9 00:37:17 CET 2026
#@# MotionCor Mon Mar  9 00:37:19 CET 2026
#@# Talairach Mon Mar  9 00:37:27 CET 2026
#@# Talairach Failure Detection Mon Mar  9 00:41:53 CET 2026
#@# Nu Intensity Correction Mon Mar  9 00:41:53 CET 2026
#@# Intensity Normalization Mon Mar  9 00:45:08 CET 2026
recon-all -s sub-v1s16x0051196_ses-1 finished without error at Mon Mar  9 00:46:35 CET 2026



#New# invocation of recon-all 



status file for recon-all
Mon Mar  9 00:53:14 CET 2026
#@# EM Registration Mon Mar  9 00:53:14 CET 2026
recon-all -s sub-v1s16x0051196_ses-1 finished without error at Mon Mar  9 00:55:13 CET 2026



#New# invocation of recon-all 



status file for recon-all
Mon Mar  9 00:55:18 CET 2026
#@# CA Normalize Mon Mar  9 00:55:18 CET 2026
#@# CA Reg Mon Mar  9 00:56:41 CET 2026
#@# SubCort Seg Mon Mar  9 01:39:42 CET 2026
#@# CC Seg Mon Mar  9 02:07:57 CET 2026
#@# Merge ASeg Mon Mar  9 02:08:56 CET 2026
#@# Intensity Normalization2 Mon Mar  9 02:08:56 CET 2026
#@# Mask BFS Mon Mar  9 02:11:10 CET 2026
#@# WM Segmentation Mon Mar  9 02:11:11 CET 2026
#@# Fill Mon Mar  9 02:13:03 CET 2026
recon-all -s sub-v1s16x0051196_ses-1 finished without error at Mon Mar  9 02:14:05 CET 2026



#New# invocation of recon-all 



status file for recon-all
Mon Mar  9 02:51:50 CET 2026
#@# white curv lh Mon Mar  9 02:51:50 CET 2026
#@# white area lh Mon Mar  9 02:51:50 CET 2026
#@# pial curv lh Mon Mar  9 02:51:50 CET 2026
#@# pial area lh Mon Mar  9 02:51:50 CET 2026
#@# thickness lh Mon Mar  9 02:51:50 CET 2026
#@# area and vertex vol lh Mon Mar  9 02:51:50 CET 2026
#@# white curv rh Mon Mar  9 02:51:50 CET 2026
#@# white area rh Mon Mar  9 02:51:50 CET 2026
#@# pial curv rh Mon Mar  9 02:51:50 CET 2026
#@# pial area rh Mon Mar  9 02:51:50 CET 2026
#@# thickness rh Mon Mar  9 02:51:50 CET 2026
#@# area and vertex vol rh Mon Mar  9 02:51:50 CET 2026
#@# Cortical ribbon mask Mon Mar  9 02:51:50 CET 2026
recon-all -s sub-v1s16x0051196_ses-1 finished without error at Mon Mar  9 02:54:58 CET 2026



#New# invocation of recon-all 



status file for recon-all
Mon Mar  9 03:00:09 CET 2026
#@# white curv lh Mon Mar  9 03:00:09 CET 2026
#@# white area lh Mon Mar  9 03:00:09 CET 2026
#@# pial curv lh Mon Mar  9 03:00:09 CET 2026
#@# pial area lh Mon Mar  9 03:00:09 CET 2026
#@# thickness lh Mon Mar  9 03:00:09 CET 2026
#@# area and vertex vol lh Mon Mar  9 03:00:09 CET 2026
#@# white curv rh Mon Mar  9 03:00:09 CET 2026
#@# white area rh Mon Mar  9 03:00:09 CET 2026
#@# pial curv rh Mon Mar  9 03:00:09 CET 2026
#@# pial area rh Mon Mar  9 03:00:09 CET 2026
#@# thickness rh Mon Mar  9 03:00:09 CET 2026
#@# area and vertex vol rh Mon Mar  9 03:00:09 CET 2026
#@# Curvature Stats lh Mon Mar  9 03:00:09 CET 2026
#@# Curvature Stats rh Mon Mar  9 03:00:11 CET 2026
#@# Relabel Hypointensities Mon Mar  9 03:00:13 CET 2026
#@# APas-to-ASeg Mon Mar  9 03:00:26 CET 2026
#@# AParc-to-ASeg aparc Mon Mar  9 03:00:32 CET 2026
#@# AParc-to-ASeg aparc.a2009s Mon Mar  9 03:00:55 CET 2026
#@# AParc-to-ASeg aparc.DKTatlas Mon Mar  9 03:01:15 CET 2026
#@# WMParc Mon Mar  9 03:01:37 CET 2026
#@# ASeg Stats Mon Mar  9 03:05:05 CET 2026
recon-all -s sub-v1s16x0051196_ses-1 finished without error at Mon Mar  9 03:05:37 CET 2026
