/out/sourcedata/freesurfer/sub-v1s16x0051168_ses-1/mri
/opt/freesurfer/bin/talairach_avi
--i orig_nu.mgz --xfm transforms/talairach.auto.xfm
talairach_avi 7.3.2
Linux dna020 5.14.0-427.37.1.el9_4.x86_64 #1 SMP PREEMPT_DYNAMIC Fri Sep 13 12:41:50 EDT 2024 x86_64 x86_64 x86_64 GNU/Linux
Sun Mar  8 22:19:36 CET 2026
mri_convert orig_nu.mgz talsrcimg.img 
reading from orig_nu.mgz...
TR=0.00, TE=0.00, TI=0.00, flip angle=0.00
i_ras = (-1, 0, 0)
j_ras = (0, 0, -1)
k_ras = (0, 1, 0)
writing to talsrcimg.img...
Analyze Output Matrix
-1.00000   0.00000   0.00000   129.42621;
 0.00000   0.00000   1.00000  -128.83559;
 0.00000  -1.00000   0.00000   125.32816;
 0.00000   0.00000   0.00000   1.00000;
--------------------
INFO: set hdr.hist.orient to -1
mpr2mni305 talsrcimg
Sun Mar  8 22:19:36 CET 2026
/opt/freesurfer/bin/mpr2mni305 talsrcimg
mpr2mni305 7.3.2
target=711-2C_as_mni_average_305

---------------------------------------------------------------------
analyzeto4dfp talsrcimg -O0 -y
---------------------------------------------------------------------

freesurfer ifh2hdr.c
Sun Mar  8 22:19:36 2026
Writing: talsrcimg.4dfp.hdr
freesurfer analyzeto4dfp.c
Reading: talsrcimg.hdr
header size 348 bytes
hdr.dime.datatype	offset=70	value=2
hdr.dime.bitpix		offset=72	value=8
hdr.hist.orient		offset=252	value=-1
dimensionality     4
dimensions       256       256       256         1
Reading: talsrcimg.img
Writing: talsrcimg.4dfp.img
Writing: talsrcimg.4dfp.ifh
ifh2hdr talsrcimg -r0to219
ori=2

---------------------------------------------------------------------
gauss_4dfp talsrcimg 1.1
---------------------------------------------------------------------

freesurfer gauss_4dfp.c
Reading: talsrcimg.4dfp.img
Writing: talsrcimg_g11.4dfp.img
image dimensions 256 256 256 padded to 288 288 288
processing volume 1freesurfer ifh2hdr.c
Sun Mar  8 22:19:38 2026
Writing: talsrcimg_g11.4dfp.hdr

Writing: talsrcimg_g11.4dfp.ifh
including: talsrcimg.4dfp.img.rec in talsrcimg_g11.4dfp.img.rec

---------------------------------------------------------------------
imgreg_4dfp /opt/freesurfer/average/711-2C_as_mni_average_305 none talsrcimg_g11 none talsrcimg_to_711-2C_as_mni_average_305_t4 4355
---------------------------------------------------------------------

freesurfer imgreg_4dfp.c
/opt/freesurfer/average/711-2C_as_mni_average_305.4dfp.img
       256       256       256         1
  1.000000  1.000000  1.000000
orientation T byte_order littleendian
Reading image: /opt/freesurfer/average/711-2C_as_mni_average_305.4dfp.img
dimensions:      256       256       256
mmppix:       1.0000   -1.0000   -1.0000
center:     128.0000 -129.0000 -129.0000
talsrcimg_g11.4dfp.img
       256       256       256         1
  1.000000  1.000000  1.000000
orientation T byte_order littleendian
Reading image: talsrcimg_g11.4dfp.img
dimensions:      256       256       256
mmppix:       1.0000   -1.0000   -1.0000
center:     128.0000 -129.0000 -129.0000
t4_read: open error in t4_sub.f l:  41 t4_file(1:l)talsrcimg_to_711-2C_as_mni_average_305_t4 
t4_read: transform initialized to I4
rotation matrix determinant  1.000000
image alignment mode   4355 decimal     1103 hex
   -7.5000  -45.0000  -45.0000 7635.1816   21.0839
    0.0000  -45.0000  -45.0000 7813.5039   21.1426
    7.5000  -45.0000  -45.0000 7417.6333   21.2340
   -7.5000  -37.5000  -45.0000 8086.5908   21.0592
    0.0000  -37.5000  -45.0000 8262.6318   21.1323
    7.5000  -37.5000  -45.0000 7849.0415   21.2273
   -7.5000  -30.0000  -45.0000 8746.5244   21.0654
    0.0000  -30.0000  -45.0000 8924.4424   21.1321
    7.5000  -30.0000  -45.0000 8464.6152   21.2259
   -7.5000  -22.5000  -45.0000 9360.3018   21.1035
    0.0000  -22.5000  -45.0000 9567.1406   21.1475
    7.5000  -22.5000  -45.0000 9070.8369   21.2339
   -7.5000  -15.0000  -45.000010002.3193   21.1332
    0.0000  -15.0000  -45.000010214.6025   21.1610
    7.5000  -15.0000  -45.0000 9685.1182   21.2406
   -7.5000   -7.5000  -45.000010628.4160   21.1189
    0.0000   -7.5000  -45.000010829.1143   21.1551
    7.5000   -7.5000  -45.000010265.7188   21.2385
   -7.5000    0.0000  -45.000011068.2061   21.0831
    0.0000    0.0000  -45.000011272.2080   21.1418
    7.5000    0.0000  -45.000010672.8037   21.2332
   -7.5000    7.5000  -45.000010637.1670   21.0592
    0.0000    7.5000  -45.000010838.0664   21.1323
    7.5000    7.5000  -45.000010252.8633   21.2273
   -7.5000   15.0000  -45.000010083.6670   21.0654
    0.0000   15.0000  -45.000010292.9482   21.1321
    7.5000   15.0000  -45.0000 9732.0264   21.2259
   -7.5000   22.5000  -45.0000 9270.6172   21.1006
    0.0000   22.5000  -45.0000 9492.9229   21.1446
    7.5000   22.5000  -45.0000 8946.7637   21.2310
   -7.5000   30.0000  -45.0000 8455.2227   20.8516
    0.0000   30.0000  -45.0000 8692.2041   20.8790
    7.5000   30.0000  -45.0000 8158.9551   20.9576
   -7.5000   37.5000  -45.0000 8014.5669   20.8375
    0.0000   37.5000  -45.0000 8232.6250   20.8732
    7.5000   37.5000  -45.0000 7733.7969   20.9554
   -7.5000   45.0000  -45.0000 7269.9131   20.2739
    0.0000   45.0000  -45.0000 7477.0171   20.3304
    7.5000   45.0000  -45.0000 7045.6699   20.4183
   -7.5000  -45.0000  -37.5000 8147.0913   20.8024
    0.0000  -45.0000  -37.5000 8338.4453   20.8612
    7.5000  -45.0000  -37.5000 7918.1216   20.9578
   -7.5000  -37.5000  -37.5000 8581.4482   20.7760
    0.0000  -37.5000  -37.5000 8774.9258   20.8446
    7.5000  -37.5000  -37.5000 8352.2021   20.9451
   -7.5000  -30.0000  -37.5000 9266.7549   20.7891
    0.0000  -30.0000  -37.5000 9482.6338   20.8478
    7.5000  -30.0000  -37.5000 9024.3662   20.9474
   -7.5000  -22.5000  -37.5000 9924.3281   20.8385
    0.0000  -22.5000  -37.500010172.5107   20.8767
    7.5000  -22.5000  -37.5000 9674.9033   20.9685
   -7.5000  -15.0000  -37.500010589.7256   20.8726
    0.0000  -15.0000  -37.500010828.8262   20.8989
    7.5000  -15.0000  -37.500010298.4756   20.9840
   -7.5000   -7.5000  -37.500011207.0029   20.8485
    0.0000   -7.5000  -37.500011448.2637   20.8855
    7.5000   -7.5000  -37.500010878.4082   20.9744
   -7.5000    0.0000  -37.500011665.8359   20.8014
    0.0000    0.0000  -37.500011901.0889   20.8602
    7.5000    0.0000  -37.500011294.1211   20.9568
   -7.5000    7.5000  -37.500011184.1865   20.7760
    0.0000    7.5000  -37.500011426.8682   20.8446
    7.5000    7.5000  -37.500010853.7705   20.9451
   -7.5000   15.0000  -37.500010566.5264   20.7891
    0.0000   15.0000  -37.500010850.5391   20.8478
    7.5000   15.0000  -37.500010303.7822   20.9474
   -7.5000   22.5000  -37.5000 9709.5791   20.8357
    0.0000   22.5000  -37.500010000.7256   20.8738
    7.5000   22.5000  -37.5000 9472.2285   20.9656
   -7.5000   30.0000  -37.5000 8839.2002   20.5945
    0.0000   30.0000  -37.5000 9130.4150   20.6204
    7.5000   30.0000  -37.5000 8624.0225   20.7044
   -7.5000   37.5000  -37.5000 8368.5801   20.5707
    0.0000   37.5000  -37.5000 8618.2588   20.6072
    7.5000   37.5000  -37.5000 8134.5078   20.6949
   -7.5000   45.0000  -37.5000 7570.6318   20.0030
    0.0000   45.0000  -37.5000 7793.7749   20.0596
    7.5000   45.0000  -37.5000 7378.6621   20.1525
   -7.5000  -45.0000  -30.0000 8826.2744   21.5867
    0.0000  -45.0000  -30.0000 9072.3184   21.6424
    7.5000  -45.0000  -30.0000 8601.7324   21.7505
   -7.5000  -37.5000  -30.0000 9275.3838   21.5605
    0.0000  -37.5000  -30.0000 9524.8057   21.6180
    7.5000  -37.5000  -30.0000 9070.5850   21.7264
   -7.5000  -30.0000  -30.000010033.0361   21.5808
    0.0000  -30.0000  -30.000010309.5557   21.6239
    7.5000  -30.0000  -30.0000 9810.9580   21.7237
   -7.5000  -22.5000  -30.000010776.6299   21.6392
    0.0000  -22.5000  -30.000011075.3428   21.6655
    7.5000  -22.5000  -30.000010512.5771   21.7525
   -7.5000  -15.0000  -30.000011452.9316   21.6757
    0.0000  -15.0000  -30.000011772.1113   21.6963
    7.5000  -15.0000  -30.000011177.0771   21.7793
   -7.5000   -7.5000  -30.000012069.4541   21.6422
    0.0000   -7.5000  -30.000012406.1943   21.6779
    7.5000   -7.5000  -30.000011804.5303   21.7734
   -7.5000    0.0000  -30.000012532.3926   21.5856
    0.0000    0.0000  -30.000012850.6387   21.6413
    7.5000    0.0000  -30.000012233.9385   21.7494
   -7.5000    7.5000  -30.000011995.0713   21.5605
    0.0000    7.5000  -30.000012316.2676   21.6180
    7.5000    7.5000  -30.000011751.7402   21.7264
   -7.5000   15.0000  -30.000011383.8291   21.5808
    0.0000   15.0000  -30.000011711.8174   21.6239
    7.5000   15.0000  -30.000011160.8877   21.7237
   -7.5000   22.5000  -30.000010448.5967   21.6340
    0.0000   22.5000  -30.000010750.4248   21.6603
    7.5000   22.5000  -30.000010244.0498   21.7473
   -7.5000   30.0000  -30.0000 9474.3105   21.3888
    0.0000   30.0000  -30.0000 9762.2646   21.4092
    7.5000   30.0000  -30.0000 9303.9590   21.4911
   -7.5000   37.5000  -30.0000 8957.0195   21.3559
    0.0000   37.5000  -30.0000 9246.8379   21.3911
    7.5000   37.5000  -30.0000 8786.2148   21.4853
   -7.5000   45.0000  -30.0000 8048.1387   20.7724
    0.0000   45.0000  -30.0000 8297.4014   20.8260
    7.5000   45.0000  -30.0000 7896.7476   20.9300
   -7.5000  -45.0000  -22.5000 9551.6553   22.3421
    0.0000  -45.0000  -22.5000 9845.4365   22.3918
    7.5000  -45.0000  -22.5000 9329.6055   22.5031
   -7.5000  -37.5000  -22.500010032.2334   22.3229
    0.0000  -37.5000  -22.500010347.2637   22.3716
    7.5000  -37.5000  -22.5000 9831.9941   22.4778
   -7.5000  -30.0000  -22.500010870.4639   22.3435
    0.0000  -30.0000  -22.500011192.2021   22.3782
    7.5000  -30.0000  -22.500010629.5693   22.4671
   -7.5000  -22.5000  -22.500011674.7500   22.3931
    0.0000  -22.5000  -22.500012037.0332   22.4132
    7.5000  -22.5000  -22.500011410.9570   22.4855
   -7.5000  -15.0000  -22.500012388.1475   22.4218
    0.0000  -15.0000  -22.500012795.4688   22.4377
    7.5000  -15.0000  -22.500012141.2109   22.5095
   -7.5000   -7.5000  -22.500013035.7617   22.3901
    0.0000   -7.5000  -22.500013453.0977   22.4217
    7.5000   -7.5000  -22.500012818.7129   22.5152
   -7.5000    0.0000  -22.500013515.4951   22.3410
    0.0000    0.0000  -22.500013926.7197   22.3907
    7.5000    0.0000  -22.500013256.8574   22.5020
   -7.5000    7.5000  -22.500012912.9805   22.3229
    0.0000    7.5000  -22.500013304.8203   22.3716
    7.5000    7.5000  -22.500012713.0684   22.4778
   -7.5000   15.0000  -22.500012246.4082   22.3435
    0.0000   15.0000  -22.500012642.7461   22.3782
    7.5000   15.0000  -22.500012067.8203   22.4671
   -7.5000   22.5000  -22.500011232.6377   22.3862
    0.0000   22.5000  -22.500011616.7295   22.4063
    7.5000   22.5000  -22.500011097.7598   22.4786
   -7.5000   30.0000  -22.500010157.4180   22.1285
    0.0000   30.0000  -22.500010515.1240   22.1442
    7.5000   30.0000  -22.500010062.1572   22.2150
   -7.5000   37.5000  -22.5000 9572.4619   22.0972
    0.0000   37.5000  -22.5000 9923.5078   22.1284
    7.5000   37.5000  -22.5000 9462.5361   22.2207
   -7.5000   45.0000  -22.5000 8563.3516   21.5155
    0.0000   45.0000  -22.5000 8872.1318   21.5633
    7.5000   45.0000  -22.5000 8468.9492   21.6705
   -7.5000  -45.0000  -15.000010346.7529   22.9213
    0.0000  -45.0000  -15.000010676.2715   22.9683
    7.5000  -45.0000  -15.000010050.4619   23.0720
   -7.5000  -37.5000  -15.000010905.4971   22.9071
    0.0000  -37.5000  -15.000011265.8223   22.9585
    7.5000  -37.5000  -15.000010627.7803   23.0557
   -7.5000  -30.0000  -15.000011807.5410   22.9195
    0.0000  -30.0000  -15.000012167.8896   22.9621
    7.5000  -30.0000  -15.000011487.3545   23.0417
   -7.5000  -22.5000  -15.000012642.4814   22.9521
    0.0000  -22.5000  -15.000013030.2236   22.9788
    7.5000  -22.5000  -15.000012316.2051   23.0433
   -7.5000  -15.0000  -15.000013388.0801   22.9723
    0.0000  -15.0000  -15.000013835.0605   22.9897
    7.5000  -15.0000  -15.000013103.5273   23.0542
   -7.5000   -7.5000  -15.000014091.1934   22.9527
    0.0000   -7.5000  -15.000014580.5127   22.9817
    7.5000   -7.5000  -15.000013860.1162   23.0678
   -7.5000    0.0000  -15.000014583.6445   22.9201
    0.0000    0.0000  -15.000015107.8633   22.9671
    7.5000    0.0000  -15.000014376.2158   23.0708
   -7.5000    7.5000  -15.000013885.5898   22.9071
    0.0000    7.5000  -15.000014380.3584   22.9585
    7.5000    7.5000  -15.000013703.7891   23.0557
   -7.5000   15.0000  -15.000013156.4600   22.9195
    0.0000   15.0000  -15.000013606.7012   22.9621
    7.5000   15.0000  -15.000012968.0605   23.0417
   -7.5000   22.5000  -15.000012108.5146   22.9440
    0.0000   22.5000  -15.000012536.2412   22.9706
    7.5000   22.5000  -15.000011954.0986   23.0351
   -7.5000   30.0000  -15.000010977.3604   22.6750
    0.0000   30.0000  -15.000011399.1406   22.6921
    7.5000   30.0000  -15.000010867.2402   22.7558
   -7.5000   37.5000  -15.000010305.5732   22.6556
    0.0000   37.5000  -15.000010732.1455   22.6842
    7.5000   37.5000  -15.000010203.6641   22.7693
   -7.5000   45.0000  -15.0000 9178.6680   22.0865
    0.0000   45.0000  -15.0000 9549.2148   22.1318
    7.5000   45.0000  -15.0000 9082.7939   22.2317
   -7.5000  -45.0000   -7.500011096.8311   23.2169
    0.0000  -45.0000   -7.500011517.6973   23.2722
    7.5000  -45.0000   -7.500010773.7461   23.3690
   -7.5000  -37.5000   -7.500011803.8008   23.1988
    0.0000  -37.5000   -7.500012269.5996   23.2673
    7.5000  -37.5000   -7.500011456.9307   23.3625
   -7.5000  -30.0000   -7.500012809.3164   23.2033
    0.0000  -30.0000   -7.500013301.5010   23.2668
    7.5000  -30.0000   -7.500012451.6895   23.3530
   -7.5000  -22.5000   -7.500013619.9473   23.2308
    0.0000  -22.5000   -7.500014174.1846   23.2729
    7.5000  -22.5000   -7.500013325.9443   23.3485
   -7.5000  -15.0000   -7.500014389.1992   23.2526
    0.0000  -15.0000   -7.500015003.0400   23.2781
    7.5000  -15.0000   -7.500014152.3516   23.3501
   -7.5000   -7.5000   -7.500015184.8330   23.2418
    0.0000   -7.5000   -7.500015863.5273   23.2756
    7.5000   -7.5000   -7.500014964.2344   23.3596
   -7.5000    0.0000   -7.500015735.5723   23.2157
    0.0000    0.0000   -7.500016438.7617   23.2710
    7.5000    0.0000   -7.500015533.7178   23.3677
   -7.5000    7.5000   -7.500014988.3896   23.1988
    0.0000    7.5000   -7.500015606.4922   23.2673
    7.5000    7.5000   -7.500014772.7354   23.3625
   -7.5000   15.0000   -7.500014177.9951   23.2033
    0.0000   15.0000   -7.500014725.9102   23.2668
    7.5000   15.0000   -7.500013944.8164   23.3530
   -7.5000   22.5000   -7.500013088.4395   23.2201
    0.0000   22.5000   -7.500013608.1816   23.2621
    7.5000   22.5000   -7.500012903.6992   23.3378
   -7.5000   30.0000   -7.500011890.3213   22.9511
    0.0000   30.0000   -7.500012371.0859   22.9762
    7.5000   30.0000   -7.500011740.1484   23.0472
   -7.5000   37.5000   -7.500011144.8652   22.9404
    0.0000   37.5000   -7.500011583.9795   22.9737
    7.5000   37.5000   -7.500010997.9600   23.0567
   -7.5000   45.0000   -7.5000 9871.4873   22.3755
    0.0000   45.0000   -7.500010278.2158   22.4288
    7.5000   45.0000   -7.5000 9759.7598   22.5221
   -7.5000  -45.0000    0.000011793.0469   23.2527
    0.0000  -45.0000    0.000012226.0234   23.3176
    7.5000  -45.0000    0.000011401.9746   23.4164
   -7.5000  -37.5000    0.000012718.8115   23.2269
    0.0000  -37.5000    0.000013213.2666   23.3083
    7.5000  -37.5000    0.000012197.8779   23.4107
   -7.5000  -30.0000    0.000013877.4102   23.2321
    0.0000  -30.0000    0.000014522.8486   23.3074
    7.5000  -30.0000    0.000013390.4336   23.4090
   -7.5000  -22.5000    0.000014604.4307   23.2705
    0.0000  -22.5000    0.000015442.7783   23.3210
    7.5000  -22.5000    0.000014365.9570   23.4153
   -7.5000  -15.0000    0.000015323.0332   23.3012
    0.0000  -15.0000    0.000016227.5947   23.3333
    7.5000  -15.0000    0.000015143.7949   23.4204
   -7.5000   -7.5000    0.000016170.3789   23.2874
    0.0000   -7.5000    0.000017064.6523   23.3279
    7.5000   -7.5000    0.000015947.9365   23.4185
   -7.5000    0.0000    0.000016818.5137   23.2515
    0.0000    0.0000    0.000017648.2832   23.3164
    7.5000    0.0000    0.000016531.8984   23.4152
   -7.5000    7.5000    0.000016084.9551   23.2269
    0.0000    7.5000    0.000016774.8887   23.3083
    7.5000    7.5000    0.000015753.3760   23.4107
   -7.5000   15.0000    0.000015184.1436   23.2321
    0.0000   15.0000    0.000015802.2812   23.3074
    7.5000   15.0000    0.000014839.9854   23.4090
   -7.5000   22.5000    0.000014050.0977   23.2598
    0.0000   22.5000    0.000014651.8145   23.3103
    7.5000   22.5000    0.000013770.0479   23.4045
   -7.5000   30.0000    0.000012781.3594   22.9997
    0.0000   30.0000    0.000013329.2559   23.0313
    7.5000   30.0000    0.000012551.1152   23.1173
   -7.5000   37.5000    0.000011968.7061   22.9860
    0.0000   37.5000    0.000012491.8770   23.0260
    7.5000   37.5000    0.000011758.4834   23.1154
   -7.5000   45.0000    0.000010547.0713   22.4117
    0.0000   45.0000    0.000011001.3320   22.4744
    7.5000   45.0000    0.000010398.2217   22.5696
   -7.5000  -45.0000    7.500011520.0176   23.2125
    0.0000  -45.0000    7.500011938.5547   23.2779
    7.5000  -45.0000    7.500011173.0215   23.3856
   -7.5000  -37.5000    7.500012561.3545   23.1821
    0.0000  -37.5000    7.500013057.1094   23.2583
    7.5000  -37.5000    7.500011998.1104   23.3701
   -7.5000  -30.0000    7.500013945.8379   23.1959
    0.0000  -30.0000    7.500014777.0068   23.2611
    7.5000  -30.0000    7.500013359.4590   23.3719
   -7.5000  -22.5000    7.500014734.6650   23.2510
    0.0000  -22.5000    7.500015767.4229   23.2936
    7.5000  -22.5000    7.500014359.5820   23.3960
   -7.5000  -15.0000    7.500015378.2666   23.2898
    0.0000  -15.0000    7.500016284.0898   23.3195
    7.5000  -15.0000    7.500015029.0449   23.4146
   -7.5000   -7.5000    7.500016156.4404   23.2638
    0.0000   -7.5000    7.500016963.3320   23.3053
    7.5000   -7.5000    7.500015715.7314   23.4046
   -7.5000    0.0000    7.500016780.7480   23.2113
    0.0000    0.0000    7.500017549.2637   23.2767
    7.5000    0.0000    7.500016314.4043   23.3844
   -7.5000    7.5000    7.500015988.6289   23.1821
    0.0000    7.5000    7.500016679.4102   23.2583
    7.5000    7.5000    7.500015554.5771   23.3701
   -7.5000   15.0000    7.500015034.6660   23.1959
    0.0000   15.0000    7.500015655.6445   23.2611
    7.5000   15.0000    7.500014619.3379   23.3719
   -7.5000   22.5000    7.500013918.6025   23.2403
    0.0000   22.5000    7.500014517.5801   23.2829
    7.5000   22.5000    7.500013546.2578   23.3852
   -7.5000   30.0000    7.500012672.8848   22.9884
    0.0000   30.0000    7.500013200.4678   23.0177
    7.5000   30.0000    7.500012346.2969   23.1115
   -7.5000   37.5000    7.500011859.8242   22.9627
    0.0000   37.5000    7.500012350.5830   23.0037
    7.5000   37.5000    7.500011576.2227   23.1017
   -7.5000   45.0000    7.500010469.8301   22.3730
    0.0000   45.0000    7.500010904.0859   22.4361
    7.5000   45.0000    7.500010242.7656   22.5398
   -7.5000  -45.0000   15.000011134.5352   23.1806
    0.0000  -45.0000   15.000011533.3574   23.2404
    7.5000  -45.0000   15.000010868.6074   23.3565
   -7.5000  -37.5000   15.000012173.4482   23.1524
    0.0000  -37.5000   15.000012732.2129   23.2142
    7.5000  -37.5000   15.000011749.0557   23.3306
   -7.5000  -30.0000   15.000013667.9082   23.1743
    0.0000  -30.0000   15.000014495.2354   23.2205
    7.5000  -30.0000   15.000013099.0693   23.3277
   -7.5000  -22.5000   15.000014610.1094   23.2370
    0.0000  -22.5000   15.000015265.4238   23.2652
    7.5000  -22.5000   15.000013919.8828   23.3586
   -7.5000  -15.0000   15.000015242.2529   23.2761
    0.0000  -15.0000   15.000015661.5518   23.2983
    7.5000  -15.0000   15.000014442.7656   23.3874
   -7.5000   -7.5000   15.000015901.3047   23.2402
    0.0000   -7.5000   15.000016380.9072   23.2785
    7.5000   -7.5000   15.000015173.4443   23.3811
   -7.5000    0.0000   15.000016415.4062   23.1794
    0.0000    0.0000   15.000017035.0781   23.2392
    7.5000    0.0000   15.000015858.4746   23.3553
   -7.5000    7.5000   15.000015575.7656   23.1524
    0.0000    7.5000   15.000016220.0449   23.2142
    7.5000    7.5000   15.000015130.7842   23.3306
   -7.5000   15.0000   15.000014573.1191   23.1743
    0.0000   15.0000   15.000015213.6270   23.2205
    7.5000   15.0000   15.000014195.2188   23.3277
   -7.5000   22.5000   15.000013468.8730   23.2263
    0.0000   22.5000   15.000014109.3438   23.2544
    7.5000   22.5000   15.000013145.4404   23.3479
   -7.5000   30.0000   15.000012255.2549   22.9749
    0.0000   30.0000   15.000012869.8750   22.9968
    7.5000   30.0000   15.000011985.9326   23.0847
   -7.5000   37.5000   15.000011479.4609   22.9394
    0.0000   37.5000   15.000012041.1738   22.9773
    7.5000   37.5000   15.000011233.2803   23.0785
   -7.5000   45.0000   15.000010204.1660   22.3423
    0.0000   45.0000   15.000010682.4062   22.3999
    7.5000   45.0000   15.0000 9984.2930   22.5118
   -7.5000  -45.0000   22.500010713.8418   23.1929
    0.0000  -45.0000   22.500011039.8770   23.2445
    7.5000  -45.0000   22.500010454.7617   23.3600
   -7.5000  -37.5000   22.500011615.8643   23.1729
    0.0000  -37.5000   22.500012150.2588   23.2235
    7.5000  -37.5000   22.500011309.9971   23.3337
   -7.5000  -30.0000   22.500012903.4688   23.1943
    0.0000  -30.0000   22.500013533.8779   23.2303
    7.5000  -30.0000   22.500012421.9961   23.3226
   -7.5000  -22.5000   22.500013773.7666   23.2458
    0.0000  -22.5000   22.500014208.9160   23.2667
    7.5000  -22.5000   22.500013114.4707   23.3418
   -7.5000  -15.0000   22.500014420.2324   23.2756
    0.0000  -15.0000   22.500014812.6260   23.2922
    7.5000  -15.0000   22.500013764.0605   23.3666
   -7.5000   -7.5000   22.500015072.0322   23.2427
    0.0000   -7.5000   22.500015665.0869   23.2755
    7.5000   -7.5000   22.500014580.9414   23.3726
   -7.5000    0.0000   22.500015614.7900   23.1917
    0.0000    0.0000   22.500016343.5762   23.2433
    7.5000    0.0000   22.500015278.8213   23.3588
   -7.5000    7.5000   22.500014854.5615   23.1729
    0.0000    7.5000   22.500015572.3770   23.2235
    7.5000    7.5000   22.500014606.3555   23.3337
   -7.5000   15.0000   22.500013887.6543   23.1943
    0.0000   15.0000   22.500014550.1660   23.2303
    7.5000   15.0000   22.500013650.4795   23.3226
   -7.5000   22.5000   22.500012848.0576   23.2351
    0.0000   22.5000   22.500013481.9570   23.2560
    7.5000   22.5000   22.500012631.4443   23.3310
   -7.5000   30.0000   22.500011698.9375   22.9744
    0.0000   30.0000   22.500012293.5596   22.9907
    7.5000   30.0000   22.500011519.5176   23.0642
   -7.5000   37.5000   22.500010973.8740   22.9419
    0.0000   37.5000   22.500011516.9912   22.9743
    7.5000   37.5000   22.500010785.1699   23.0701
   -7.5000   45.0000   22.5000 9774.9346   22.3541
    0.0000   45.0000   22.500010243.6816   22.4039
    7.5000   45.0000   22.5000 9598.5498   22.5152
   -7.5000  -45.0000   30.000010058.5771   23.2359
    0.0000  -45.0000   30.000010386.0586   23.2835
    7.5000  -45.0000   30.0000 9859.9844   23.3887
   -7.5000  -37.5000   30.000010792.9873   23.2215
    0.0000  -37.5000   30.000011246.1592   23.2735
    7.5000  -37.5000   30.000010631.4980   23.3721
   -7.5000  -30.0000   30.000011867.9180   23.2340
    0.0000  -30.0000   30.000012305.3457   23.2773
    7.5000  -30.0000   30.000011574.4727   23.3580
   -7.5000  -22.5000   30.000012698.8164   23.2671
    0.0000  -22.5000   30.000012990.3926   23.2941
    7.5000  -22.5000   30.000012271.8701   23.3595
   -7.5000  -15.0000   30.000013360.3467   23.2876
    0.0000  -15.0000   30.000013740.4746   23.3052
    7.5000  -15.0000   30.000013020.7705   23.3706
   -7.5000   -7.5000   30.000014036.3262   23.2677
    0.0000   -7.5000   30.000014578.9043   23.2971
    7.5000   -7.5000   30.000013805.3662   23.3844
   -7.5000    0.0000   30.000014633.5137   23.2347
    0.0000    0.0000   30.000015258.9697   23.2823
    7.5000    0.0000   30.000014457.3076   23.3874
   -7.5000    7.5000   30.000014010.7568   23.2215
    0.0000    7.5000   30.000014620.1621   23.2735
    7.5000    7.5000   30.000013855.2139   23.3721
   -7.5000   15.0000   30.000013064.6934   23.2340
    0.0000   15.0000   30.000013626.6855   23.2773
    7.5000   15.0000   30.000012882.8779   23.3580
   -7.5000   22.5000   30.000012068.9336   23.2564
    0.0000   22.5000   30.000012599.9844   23.2834
    7.5000   22.5000   30.000011886.7344   23.3488
   -7.5000   30.0000   30.000010998.3809   22.9862
    0.0000   30.0000   30.000011475.8047   23.0036
    7.5000   30.0000   30.000010805.4893   23.0682
   -7.5000   37.5000   30.000010303.9248   22.9666
    0.0000   37.5000   30.000010778.9297   22.9956
    7.5000   37.5000   30.000010136.2529   23.0818
   -7.5000   45.0000   30.0000 9204.9893   22.3955
    0.0000   45.0000   30.0000 9618.6406   22.4414
    7.5000   45.0000   30.0000 9058.6260   22.5428
   -7.5000  -45.0000   37.5000 9654.7588   23.3667
    0.0000  -45.0000   37.5000 9963.0840   23.4220
    7.5000  -45.0000   37.5000 9556.3154   23.5197
   -7.5000  -37.5000   37.500010318.2666   23.3484
    0.0000  -37.5000   37.500010706.5518   23.4170
    7.5000  -37.5000   37.500010223.4277   23.5133
   -7.5000  -30.0000   37.500011302.9951   23.3524
    0.0000  -30.0000   37.500011626.4365   23.4160
    7.5000  -30.0000   37.500011086.9932   23.5033
   -7.5000  -22.5000   37.500012076.7832   23.3796
    0.0000  -22.5000   37.500012362.5547   23.4216
    7.5000  -22.5000   37.500011802.3525   23.4982
   -7.5000  -15.0000   37.500012754.6992   23.4016
    0.0000  -15.0000   37.500013133.6396   23.4268
    7.5000  -15.0000   37.500012541.8232   23.4995
   -7.5000   -7.5000   37.500013435.0898   23.3913
    0.0000   -7.5000   37.500013930.3086   23.4249
    7.5000   -7.5000   37.500013285.8145   23.5097
   -7.5000    0.0000   37.500014076.9854   23.3655
    0.0000    0.0000   37.500014628.1777   23.4208
    7.5000    0.0000   37.500013946.6982   23.5185
   -7.5000    7.5000   37.500013551.6562   23.3484
    0.0000    7.5000   37.500014079.2197   23.4170
    7.5000    7.5000   37.500013414.0908   23.5133
   -7.5000   15.0000   37.500012626.3867   23.3524
    0.0000   15.0000   37.500013137.2334   23.4160
    7.5000   15.0000   37.500012463.3359   23.5033
   -7.5000   22.5000   37.500011672.5781   23.3688
    0.0000   22.5000   37.500012128.9434   23.4108
    7.5000   22.5000   37.500011501.0781   23.4873
   -7.5000   30.0000   37.500010607.8838   23.0988
    0.0000   30.0000   37.500011020.5557   23.1236
    7.5000   30.0000   37.500010464.8623   23.1954
   -7.5000   37.5000   37.5000 9945.4668   23.0886
    0.0000   37.5000   37.500010334.3926   23.1217
    7.5000   37.5000   37.5000 9822.9873   23.2054
   -7.5000   45.0000   37.5000 8905.6572   22.5217
    0.0000   45.0000   37.5000 9242.1680   22.5749
    7.5000   45.0000   37.5000 8785.0137   22.6691
   -7.5000  -45.0000   45.0000 8853.4082   23.4942
    0.0000  -45.0000   45.0000 9134.7949   23.5604
    7.5000  -45.0000   45.0000 8788.7012   23.6616
   -7.5000  -37.5000   45.0000 9427.3652   23.4688
    0.0000  -37.5000   45.0000 9745.6807   23.5519
    7.5000  -37.5000   45.0000 9351.1211   23.6573
   -7.5000  -30.0000   45.000010300.5762   23.4741
    0.0000  -30.0000   45.000010566.6943   23.5509
    7.5000  -30.0000   45.000010129.8369   23.6555
   -7.5000  -22.5000   45.000011000.1230   23.5122
    0.0000  -22.5000   45.000011286.5283   23.5634
    7.5000  -22.5000   45.000010821.7920   23.6600
   -7.5000  -15.0000   45.000011616.8662   23.5424
    0.0000  -15.0000   45.000011980.8174   23.5748
    7.5000  -15.0000   45.000011494.6533   23.6634
   -7.5000   -7.5000   45.000012265.9072   23.5285
    0.0000   -7.5000   45.000012692.2695   23.5696
    7.5000   -7.5000   45.000012156.5938   23.6618
   -7.5000    0.0000   45.000012880.0596   23.4930
    0.0000    0.0000   45.000013327.8887   23.5592
    7.5000    0.0000   45.000012759.3701   23.6603
   -7.5000    7.5000   45.000012425.1914   23.4688
    0.0000    7.5000   45.000012875.7090   23.5519
    7.5000    7.5000   45.000012309.2227   23.6573
   -7.5000   15.0000   45.000011600.4043   23.4741
    0.0000   15.0000   45.000012048.5840   23.5509
    7.5000   15.0000   45.000011454.4258   23.6555
   -7.5000   22.5000   45.000010709.3389   23.5013
    0.0000   22.5000   45.000011095.3066   23.5525
    7.5000   22.5000   45.000010540.5000   23.6490
   -7.5000   30.0000   45.0000 9726.7451   23.2357
    0.0000   30.0000   45.000010098.9229   23.2677
    7.5000   30.0000   45.0000 9599.2148   23.3551
   -7.5000   37.5000   45.0000 9115.4365   23.2220
    0.0000   37.5000   45.0000 9490.0840   23.2625
    7.5000   37.5000   45.0000 9019.6436   23.3536
   -7.5000   45.0000   45.0000 8154.7026   22.6548
    0.0000   45.0000   45.0000 8493.1074   22.7187
    7.5000   45.0000   45.0000 8085.5503   22.8162

---------------------------------------------------------------------
imgreg_4dfp /opt/freesurfer/average/711-2C_as_mni_average_305 /opt/freesurfer/average/711-2B_as_mni_average_305_mask talsrcimg_g11 none talsrcimg_to_711-2C_as_mni_average_305_t4 4355
---------------------------------------------------------------------

freesurfer imgreg_4dfp.c
/opt/freesurfer/average/711-2C_as_mni_average_305.4dfp.img
       256       256       256         1
  1.000000  1.000000  1.000000
orientation T byte_order littleendian
Reading image: /opt/freesurfer/average/711-2C_as_mni_average_305.4dfp.img
dimensions:      256       256       256
mmppix:       1.0000   -1.0000   -1.0000
center:     128.0000 -129.0000 -129.0000
/opt/freesurfer/average/711-2B_as_mni_average_305_mask.4dfp.img
       256       256       256         1
  1.000000  1.000000  1.000000
orientation T byte_order littleendian
Reading mask: /opt/freesurfer/average/711-2B_as_mni_average_305_mask.4dfp.img (2306576 pixels)
talsrcimg_g11.4dfp.img
       256       256       256         1
  1.000000  1.000000  1.000000
orientation T byte_order littleendian
Reading image: talsrcimg_g11.4dfp.img
dimensions:      256       256       256
mmppix:       1.0000   -1.0000   -1.0000
center:     128.0000 -129.0000 -129.0000
rotation matrix determinant  1.000000
image alignment mode   4355 decimal     1103 hex
   -7.5000  -45.0000  -45.0000 2179.2119   25.7135
    0.0000  -45.0000  -45.0000 2166.1655   25.9661
    7.5000  -45.0000  -45.0000 2130.7371   26.7915
   -7.5000  -37.5000  -45.0000 2232.9807   23.9614
    0.0000  -37.5000  -45.0000 2210.1091   24.1994
    7.5000  -37.5000  -45.0000 2174.5977   24.9809
   -7.5000  -30.0000  -45.0000 2258.7419   22.8632
    0.0000  -30.0000  -45.0000 2243.9785   23.0634
    7.5000  -30.0000  -45.0000 2206.0830   23.8481
   -7.5000  -22.5000  -45.0000 2273.0435   22.3927
    0.0000  -22.5000  -45.0000 2262.4399   22.5532
    7.5000  -22.5000  -45.0000 2231.4763   23.2965
   -7.5000  -15.0000  -45.0000 2270.2043   22.1669
    0.0000  -15.0000  -45.0000 2263.6831   22.3202
    7.5000  -15.0000  -45.0000 2228.6399   23.0353
   -7.5000   -7.5000  -45.0000 2263.4268   22.4342
    0.0000   -7.5000  -45.0000 2256.2180   22.5457
    7.5000   -7.5000  -45.0000 2217.3394   23.1967
   -7.5000    0.0000  -45.0000 2219.8301   23.0062
    0.0000    0.0000  -45.0000 2217.7329   23.1509
    7.5000    0.0000  -45.0000 2182.1851   23.7511
   -7.5000    7.5000  -45.0000 2166.8096   23.8272
    0.0000    7.5000  -45.0000 2164.7219   24.0009
    7.5000    7.5000  -45.0000 2130.2854   24.6090
   -7.5000   15.0000  -45.0000 2098.0950   25.0960
    0.0000   15.0000  -45.0000 2092.1096   25.2361
    7.5000   15.0000  -45.0000 2057.9866   25.9237
   -7.5000   22.5000  -45.0000 2018.0059   26.9806
    0.0000   22.5000  -45.0000 2014.0122   27.1500
    7.5000   22.5000  -45.0000 1977.5107   27.9244
   -7.5000   30.0000  -45.0000 1912.5900   29.7114
    0.0000   30.0000  -45.0000 1920.0544   29.7274
    7.5000   30.0000  -45.0000 1885.3043   30.5329
   -7.5000   37.5000  -45.0000 1794.6097   33.2264
    0.0000   37.5000  -45.0000 1798.3936   33.1883
    7.5000   37.5000  -45.0000 1776.9321   34.1029
   -7.5000   45.0000  -45.0000 1671.9331   37.6179
    0.0000   45.0000  -45.0000 1674.9342   37.6879
    7.5000   45.0000  -45.0000 1661.5388   38.8748
   -7.5000  -45.0000  -37.5000 2267.6431   23.7686
    0.0000  -45.0000  -37.5000 2251.2070   23.9778
    7.5000  -45.0000  -37.5000 2218.8135   24.7472
   -7.5000  -37.5000  -37.5000 2321.6130   22.1492
    0.0000  -37.5000  -37.5000 2299.5742   22.3600
    7.5000  -37.5000  -37.5000 2265.2527   23.0652
   -7.5000  -30.0000  -37.5000 2352.6604   21.1389
    0.0000  -30.0000  -37.5000 2334.0964   21.2957
    7.5000  -30.0000  -37.5000 2296.8977   21.9997
   -7.5000  -22.5000  -37.5000 2367.5056   20.5863
    0.0000  -22.5000  -37.5000 2355.2214   20.7374
    7.5000  -22.5000  -37.5000 2327.9895   21.4458
   -7.5000  -15.0000  -37.5000 2374.6692   20.3454
    0.0000  -15.0000  -37.5000 2362.9326   20.5008
    7.5000  -15.0000  -37.5000 2335.1821   21.1728
   -7.5000   -7.5000  -37.5000 2363.0132   20.4934
    0.0000   -7.5000  -37.5000 2355.3540   20.6097
    7.5000   -7.5000  -37.5000 2320.5503   21.1959
   -7.5000    0.0000  -37.5000 2323.6196   20.9574
    0.0000    0.0000  -37.5000 2318.3203   21.1121
    7.5000    0.0000  -37.5000 2281.2615   21.6460
   -7.5000    7.5000  -37.5000 2269.8438   21.7204
    0.0000    7.5000  -37.5000 2264.1909   21.8652
    7.5000    7.5000  -37.5000 2230.8918   22.4264
   -7.5000   15.0000  -37.5000 2196.2864   22.9219
    0.0000   15.0000  -37.5000 2190.3665   23.0376
    7.5000   15.0000  -37.5000 2156.5315   23.5620
   -7.5000   22.5000  -37.5000 2110.6443   24.6436
    0.0000   22.5000  -37.5000 2111.8357   24.7875
    7.5000   22.5000  -37.5000 2075.3357   25.3275
   -7.5000   30.0000  -37.5000 2003.4891   27.0841
    0.0000   30.0000  -37.5000 2011.6233   27.1423
    7.5000   30.0000  -37.5000 1975.4634   27.6867
   -7.5000   37.5000  -37.5000 1877.9216   30.1880
    0.0000   37.5000  -37.5000 1878.9115   30.2225
    7.5000   37.5000  -37.5000 1856.6758   30.8597
   -7.5000   45.0000  -37.5000 1739.6978   34.0946
    0.0000   45.0000  -37.5000 1740.3309   34.1785
    7.5000   45.0000  -37.5000 1734.1160   35.1325
   -7.5000  -45.0000  -30.0000 2396.8933   22.8330
    0.0000  -45.0000  -30.0000 2379.0017   23.0129
    7.5000  -45.0000  -30.0000 2338.3889   23.7016
   -7.5000  -37.5000  -30.0000 2451.1807   21.1922
    0.0000  -37.5000  -30.0000 2434.3896   21.3886
    7.5000  -37.5000  -30.0000 2400.6255   22.0442
   -7.5000  -30.0000  -30.0000 2485.3545   20.2101
    0.0000  -30.0000  -30.0000 2468.2886   20.3677
    7.5000  -30.0000  -30.0000 2440.3289   21.0168
   -7.5000  -22.5000  -30.0000 2508.1902   19.6008
    0.0000  -22.5000  -30.0000 2497.8975   19.7701
    7.5000  -22.5000  -30.0000 2470.5093   20.3620
   -7.5000  -15.0000  -30.0000 2525.7549   19.3909
    0.0000  -15.0000  -30.0000 2514.8892   19.5327
    7.5000  -15.0000  -30.0000 2480.8552   20.0659
   -7.5000   -7.5000  -30.0000 2513.6047   19.5158
    0.0000   -7.5000  -30.0000 2499.9417   19.6224
    7.5000   -7.5000  -30.0000 2466.9260   20.1334
   -7.5000    0.0000  -30.0000 2476.6726   19.9416
    0.0000    0.0000  -30.0000 2465.6130   20.0416
    7.5000    0.0000  -30.0000 2430.1147   20.5549
   -7.5000    7.5000  -30.0000 2417.3184   20.6601
    0.0000    7.5000  -30.0000 2414.0928   20.7543
    7.5000    7.5000  -30.0000 2379.5815   21.2686
   -7.5000   15.0000  -30.0000 2345.8376   21.7731
    0.0000   15.0000  -30.0000 2340.8062   21.8583
    7.5000   15.0000  -30.0000 2305.1975   22.3663
   -7.5000   22.5000  -30.0000 2247.7217   23.4224
    0.0000   22.5000  -30.0000 2244.7515   23.4667
    7.5000   22.5000  -30.0000 2214.2136   24.0096
   -7.5000   30.0000  -30.0000 2126.9873   25.6749
    0.0000   30.0000  -30.0000 2129.4812   25.6892
    7.5000   30.0000  -30.0000 2103.1514   26.1883
   -7.5000   37.5000  -30.0000 2000.5396   28.6075
    0.0000   37.5000  -30.0000 2006.7975   28.6310
    7.5000   37.5000  -30.0000 1982.0909   29.1531
   -7.5000   45.0000  -30.0000 1843.3986   32.3050
    0.0000   45.0000  -30.0000 1846.7996   32.3950
    7.5000   45.0000  -30.0000 1835.7720   33.0766
   -7.5000  -45.0000  -22.5000 2498.6541   21.8586
    0.0000  -45.0000  -22.5000 2480.0911   22.0230
    7.5000  -45.0000  -22.5000 2439.6414   22.6193
   -7.5000  -37.5000  -22.5000 2554.6892   20.2266
    0.0000  -37.5000  -22.5000 2541.3711   20.3795
    7.5000  -37.5000  -22.5000 2511.9370   20.9998
   -7.5000  -30.0000  -22.5000 2594.0237   19.2094
    0.0000  -30.0000  -22.5000 2578.3618   19.3652
    7.5000  -30.0000  -22.5000 2555.2258   19.8598
   -7.5000  -22.5000  -22.5000 2623.7092   18.5324
    0.0000  -22.5000  -22.5000 2613.3882   18.6940
    7.5000  -22.5000  -22.5000 2585.6436   19.1577
   -7.5000  -15.0000  -22.5000 2648.9011   18.2798
    0.0000  -15.0000  -22.5000 2642.8350   18.3785
    7.5000  -15.0000  -22.5000 2609.9624   18.8720
   -7.5000   -7.5000  -22.5000 2640.8755   18.4285
    0.0000   -7.5000  -22.5000 2628.2957   18.5398
    7.5000   -7.5000  -22.5000 2597.8215   19.0526
   -7.5000    0.0000  -22.5000 2599.9124   18.8173
    0.0000    0.0000  -22.5000 2594.6650   18.9288
    7.5000    0.0000  -22.5000 2558.1321   19.4596
   -7.5000    7.5000  -22.5000 2541.5371   19.5151
    0.0000    7.5000  -22.5000 2540.9917   19.5837
    7.5000    7.5000  -22.5000 2510.3706   20.0863
   -7.5000   15.0000  -22.5000 2462.1892   20.5879
    0.0000   15.0000  -22.5000 2460.0977   20.6416
    7.5000   15.0000  -22.5000 2429.9248   21.1219
   -7.5000   22.5000  -22.5000 2366.9163   22.1613
    0.0000   22.5000  -22.5000 2365.1113   22.1163
    7.5000   22.5000  -22.5000 2332.2488   22.6072
   -7.5000   30.0000  -22.5000 2230.2317   24.2819
    0.0000   30.0000  -22.5000 2230.5425   24.1890
    7.5000   30.0000  -22.5000 2210.3267   24.7103
   -7.5000   37.5000  -22.5000 2088.3237   27.0462
    0.0000   37.5000  -22.5000 2097.4724   26.9542
    7.5000   37.5000  -22.5000 2080.0100   27.5033
   -7.5000   45.0000  -22.5000 1921.2397   30.5516
    0.0000   45.0000  -22.5000 1925.9023   30.5015
    7.5000   45.0000  -22.5000 1922.8605   31.1359
   -7.5000  -45.0000  -15.0000 2562.3804   20.9445
    0.0000  -45.0000  -15.0000 2545.4050   21.2261
    7.5000  -45.0000  -15.0000 2498.0754   21.7022
   -7.5000  -37.5000  -15.0000 2633.9050   19.3827
    0.0000  -37.5000  -15.0000 2624.9521   19.5905
    7.5000  -37.5000  -15.0000 2588.2668   20.1368
   -7.5000  -30.0000  -15.0000 2666.7991   18.2293
    0.0000  -30.0000  -15.0000 2657.8093   18.4223
    7.5000  -30.0000  -15.0000 2631.6536   18.9352
   -7.5000  -22.5000  -15.0000 2704.8916   17.4326
    0.0000  -22.5000  -15.0000 2694.5798   17.6053
    7.5000  -22.5000  -15.0000 2666.8608   18.1449
   -7.5000  -15.0000  -15.0000 2737.5403   17.1515
    0.0000  -15.0000  -15.0000 2733.0017   17.2919
    7.5000  -15.0000  -15.0000 2700.7454   17.8017
   -7.5000   -7.5000  -15.0000 2729.3423   17.3417
    0.0000   -7.5000  -15.0000 2731.5747   17.4837
    7.5000   -7.5000  -15.0000 2701.7324   17.9834
   -7.5000    0.0000  -15.0000 2687.5386   17.7440
    0.0000    0.0000  -15.0000 2690.2104   17.8483
    7.5000    0.0000  -15.0000 2664.7119   18.3732
   -7.5000    7.5000  -15.0000 2630.4961   18.4290
    0.0000    7.5000  -15.0000 2634.7251   18.4908
    7.5000    7.5000  -15.0000 2608.5139   18.9609
   -7.5000   15.0000  -15.0000 2549.9614   19.4435
    0.0000   15.0000  -15.0000 2551.6763   19.4750
    7.5000   15.0000  -15.0000 2523.6841   19.9430
   -7.5000   22.5000  -15.0000 2455.8899   20.9539
    0.0000   22.5000  -15.0000 2458.2595   20.9335
    7.5000   22.5000  -15.0000 2423.6145   21.3496
   -7.5000   30.0000  -15.0000 2314.3196   22.9939
    0.0000   30.0000  -15.0000 2324.6465   22.9476
    7.5000   30.0000  -15.0000 2293.2668   23.3381
   -7.5000   37.5000  -15.0000 2159.0798   25.5765
    0.0000   37.5000  -15.0000 2174.6316   25.5513
    7.5000   37.5000  -15.0000 2150.1262   25.9544
   -7.5000   45.0000  -15.0000 1988.6351   28.8655
    0.0000   45.0000  -15.0000 1995.1515   28.9239
    7.5000   45.0000  -15.0000 1982.2635   29.4225
   -7.5000  -45.0000   -7.5000 2588.4861   20.1120
    0.0000  -45.0000   -7.5000 2579.9314   20.5035
    7.5000  -45.0000   -7.5000 2530.6816   20.9122
   -7.5000  -37.5000   -7.5000 2679.1687   18.6208
    0.0000  -37.5000   -7.5000 2677.9880   18.9369
    7.5000  -37.5000   -7.5000 2633.7148   19.3231
   -7.5000  -30.0000   -7.5000 2729.3530   17.3816
    0.0000  -30.0000   -7.5000 2727.6646   17.6454
    7.5000  -30.0000   -7.5000 2695.5591   18.1450
   -7.5000  -22.5000   -7.5000 2758.3440   16.4290
    0.0000  -22.5000   -7.5000 2762.9026   16.6823
    7.5000  -22.5000   -7.5000 2733.5427   17.2613
   -7.5000  -15.0000   -7.5000 2792.9644   16.0701
    0.0000  -15.0000   -7.5000 2802.6997   16.2920
    7.5000  -15.0000   -7.5000 2775.3689   16.8540
   -7.5000   -7.5000   -7.5000 2793.4922   16.2808
    0.0000   -7.5000   -7.5000 2803.0366   16.4487
    7.5000   -7.5000   -7.5000 2777.8748   16.9537
   -7.5000    0.0000   -7.5000 2752.5969   16.6540
    0.0000    0.0000   -7.5000 2762.1985   16.8492
    7.5000    0.0000   -7.5000 2739.1819   17.2969
   -7.5000    7.5000   -7.5000 2698.2742   17.3758
    0.0000    7.5000   -7.5000 2705.7913   17.4769
    7.5000    7.5000   -7.5000 2684.7344   17.9000
   -7.5000   15.0000   -7.5000 2619.0918   18.4205
    0.0000   15.0000   -7.5000 2623.0916   18.4571
    7.5000   15.0000   -7.5000 2601.2356   18.8677
   -7.5000   22.5000   -7.5000 2520.9639   19.8933
    0.0000   22.5000   -7.5000 2524.5864   19.8817
    7.5000   22.5000   -7.5000 2495.8140   20.3037
   -7.5000   30.0000   -7.5000 2378.1252   21.8313
    0.0000   30.0000   -7.5000 2385.5427   21.7430
    7.5000   30.0000   -7.5000 2359.5466   22.2210
   -7.5000   37.5000   -7.5000 2216.6169   24.2290
    0.0000   37.5000   -7.5000 2225.0430   24.2040
    7.5000   37.5000   -7.5000 2202.3450   24.6437
   -7.5000   45.0000   -7.5000 2032.6239   27.3049
    0.0000   45.0000   -7.5000 2045.1631   27.3426
    7.5000   45.0000   -7.5000 2029.1191   27.8433
   -7.5000  -45.0000    0.0000 2595.0728   19.5911
    0.0000  -45.0000    0.0000 2589.4368   20.0083
    7.5000  -45.0000    0.0000 2550.1199   20.3469
   -7.5000  -37.5000    0.0000 2702.6252   18.1936
    0.0000  -37.5000    0.0000 2703.1536   18.5605
    7.5000  -37.5000    0.0000 2665.1899   18.7766
   -7.5000  -30.0000    0.0000 2774.7710   16.9504
    0.0000  -30.0000    0.0000 2791.3127   17.3146
    7.5000  -30.0000    0.0000 2744.4863   17.5499
   -7.5000  -22.5000    0.0000 2800.0205   15.7614
    0.0000  -22.5000    0.0000 2823.8206   16.1109
    7.5000  -22.5000    0.0000 2787.4526   16.5848
   -7.5000  -15.0000    0.0000 2832.3738   15.2692
    0.0000  -15.0000    0.0000 2848.9990   15.5464
    7.5000  -15.0000    0.0000 2821.8992   16.0812
   -7.5000   -7.5000    0.0000 2826.4792   15.4357
    0.0000   -7.5000    0.0000 2847.9417   15.6774
    7.5000   -7.5000    0.0000 2822.3188   16.0964
   -7.5000    0.0000    0.0000 2797.2502   15.8659
    0.0000    0.0000    0.0000 2806.6907   16.0571
    7.5000    0.0000    0.0000 2788.9158   16.4235
   -7.5000    7.5000    0.0000 2748.3252   16.6029
    0.0000    7.5000    0.0000 2758.7458   16.6760
    7.5000    7.5000    0.0000 2738.6650   17.0391
   -7.5000   15.0000    0.0000 2662.7974   17.6658
    0.0000   15.0000    0.0000 2674.5188   17.6622
    7.5000   15.0000    0.0000 2655.6909   18.0480
   -7.5000   22.5000    0.0000 2567.6743   19.1345
    0.0000   22.5000    0.0000 2576.9631   19.0873
    7.5000   22.5000    0.0000 2551.7356   19.5144
   -7.5000   30.0000    0.0000 2429.0637   21.0208
    0.0000   30.0000    0.0000 2435.3748   20.9382
    7.5000   30.0000    0.0000 2409.4192   21.3799
   -7.5000   37.5000    0.0000 2264.8943   23.3540
    0.0000   37.5000    0.0000 2273.9148   23.2821
    7.5000   37.5000    0.0000 2245.5588   23.7358
   -7.5000   45.0000    0.0000 2068.5112   26.2700
    0.0000   45.0000    0.0000 2082.5159   26.2467
    7.5000   45.0000    0.0000 2064.0623   26.7399
   -7.5000  -45.0000    7.5000 2582.2222   19.2427
    0.0000  -45.0000    7.5000 2585.7109   19.6484
    7.5000  -45.0000    7.5000 2558.6187   20.0276
   -7.5000  -37.5000    7.5000 2701.4666   17.9239
    0.0000  -37.5000    7.5000 2705.7114   18.2671
    7.5000  -37.5000    7.5000 2682.6082   18.4381
   -7.5000  -30.0000    7.5000 2798.5037   16.8126
    0.0000  -30.0000    7.5000 2820.7095   17.1276
    7.5000  -30.0000    7.5000 2773.3945   17.1645
   -7.5000  -22.5000    7.5000 2839.5957   15.5883
    0.0000  -22.5000    7.5000 2868.1921   15.9193
    7.5000  -22.5000    7.5000 2821.6814   16.1508
   -7.5000  -15.0000    7.5000 2864.2607   14.9311
    0.0000  -15.0000    7.5000 2879.2024   15.1532
    7.5000  -15.0000    7.5000 2844.8435   15.5086
   -7.5000   -7.5000    7.5000 2866.7793   14.9861
    0.0000   -7.5000    7.5000 2875.3967   15.0692
    7.5000   -7.5000    7.5000 2855.3401   15.4356
   -7.5000    0.0000    7.5000 2825.3162   15.4378
    0.0000    0.0000    7.5000 2837.7322   15.4307
    7.5000    0.0000    7.5000 2823.6194   15.8163
   -7.5000    7.5000    7.5000 2775.0022   16.1875
    0.0000    7.5000    7.5000 2784.1853   16.1441
    7.5000    7.5000    7.5000 2769.0989   16.5373
   -7.5000   15.0000    7.5000 2694.3120   17.2616
    0.0000   15.0000    7.5000 2702.9658   17.1642
    7.5000   15.0000    7.5000 2689.7505   17.5669
   -7.5000   22.5000    7.5000 2597.7703   18.7586
    0.0000   22.5000    7.5000 2606.8518   18.6270
    7.5000   22.5000    7.5000 2586.1350   19.0132
   -7.5000   30.0000    7.5000 2462.9932   20.6582
    0.0000   30.0000    7.5000 2466.3621   20.5022
    7.5000   30.0000    7.5000 2442.8496   20.8987
   -7.5000   37.5000    7.5000 2294.3271   22.9037
    0.0000   37.5000    7.5000 2301.9246   22.8094
    7.5000   37.5000    7.5000 2281.0239   23.1895
   -7.5000   45.0000    7.5000 2091.7388   25.6817
    0.0000   45.0000    7.5000 2101.6709   25.5848
    7.5000   45.0000    7.5000 2089.6377   26.0361
   -7.5000  -45.0000   15.0000 2560.6536   19.1850
    0.0000  -45.0000   15.0000 2565.3418   19.5487
    7.5000  -45.0000   15.0000 2549.4692   19.9157
   -7.5000  -37.5000   15.0000 2682.4070   17.9059
    0.0000  -37.5000   15.0000 2686.4949   18.1585
    7.5000  -37.5000   15.0000 2673.3813   18.3211
   -7.5000  -30.0000   15.0000 2795.2073   16.8173
    0.0000  -30.0000   15.0000 2809.5208   17.0705
    7.5000  -30.0000   15.0000 2774.5454   17.0339
   -7.5000  -22.5000   15.0000 2850.3997   15.6337
    0.0000  -22.5000   15.0000 2870.9531   15.8521
    7.5000  -22.5000   15.0000 2822.8140   15.8746
   -7.5000  -15.0000   15.0000 2874.3020   14.9257
    0.0000  -15.0000   15.0000 2865.0361   14.8297
    7.5000  -15.0000   15.0000 2834.2273   15.1103
   -7.5000   -7.5000   15.0000 2871.7712   14.8699
    0.0000   -7.5000   15.0000 2876.0645   14.6857
    7.5000   -7.5000   15.0000 2847.4563   14.9928
   -7.5000    0.0000   15.0000 2831.1548   15.2806
    0.0000    0.0000   15.0000 2842.5557   15.1759
    7.5000    0.0000   15.0000 2833.7310   15.5245
   -7.5000    7.5000   15.0000 2775.5559   15.9786
    0.0000    7.5000   15.0000 2787.2439   15.9587
    7.5000    7.5000   15.0000 2776.0598   16.2828
   -7.5000   15.0000   15.0000 2699.1917   17.0456
    0.0000   15.0000   15.0000 2711.7898   17.0364
    7.5000   15.0000   15.0000 2696.3730   17.3333
   -7.5000   22.5000   15.0000 2603.7043   18.5741
    0.0000   22.5000   15.0000 2617.5273   18.5238
    7.5000   22.5000   15.0000 2596.5801   18.8234
   -7.5000   30.0000   15.0000 2465.8354   20.5054
    0.0000   30.0000   15.0000 2474.2522   20.4078
    7.5000   30.0000   15.0000 2452.2156   20.7262
   -7.5000   37.5000   15.0000 2295.0061   22.7105
    0.0000   37.5000   15.0000 2306.8706   22.6561
    7.5000   37.5000   15.0000 2288.7605   22.9624
   -7.5000   45.0000   15.0000 2101.7573   25.3777
    0.0000   45.0000   15.0000 2110.8369   25.4340
    7.5000   45.0000   15.0000 2096.7319   25.7786
   -7.5000  -45.0000   22.5000 2539.9126   19.6244
    0.0000  -45.0000   22.5000 2531.3455   19.7499
    7.5000  -45.0000   22.5000 2524.4922   20.0846
   -7.5000  -37.5000   22.5000 2663.9128   18.2009
    0.0000  -37.5000   22.5000 2657.4187   18.3649
    7.5000  -37.5000   22.5000 2647.0444   18.4878
   -7.5000  -30.0000   22.5000 2765.6260   16.9371
    0.0000  -30.0000   22.5000 2771.2349   17.1674
    7.5000  -30.0000   22.5000 2746.0789   17.1482
   -7.5000  -22.5000   22.5000 2820.8604   15.7785
    0.0000  -22.5000   22.5000 2812.2383   15.7474
    7.5000  -22.5000   22.5000 2775.4575   15.8830
   -7.5000  -15.0000   22.5000 2859.9221   15.1328
    0.0000  -15.0000   22.5000 2841.5488   14.9227
    7.5000  -15.0000   22.5000 2801.6250   15.1362
   -7.5000   -7.5000   22.5000 2864.5007   15.0298
    0.0000   -7.5000   22.5000 2870.6243   14.8830
    7.5000   -7.5000   22.5000 2841.0210   15.0971
   -7.5000    0.0000   22.5000 2819.9849   15.4230
    0.0000    0.0000   22.5000 2841.0615   15.4170
    7.5000    0.0000   22.5000 2827.3938   15.6629
   -7.5000    7.5000   22.5000 2760.5696   16.1776
    0.0000    7.5000   22.5000 2775.1208   16.1946
    7.5000    7.5000   22.5000 2767.9819   16.4820
   -7.5000   15.0000   22.5000 2686.3306   17.2653
    0.0000   15.0000   22.5000 2700.2080   17.2328
    7.5000   15.0000   22.5000 2686.9019   17.5419
   -7.5000   22.5000   22.5000 2590.4038   18.7132
    0.0000   22.5000   22.5000 2609.8916   18.6683
    7.5000   22.5000   22.5000 2591.9814   18.9689
   -7.5000   30.0000   22.5000 2445.8806   20.5199
    0.0000   30.0000   22.5000 2463.5447   20.4916
    7.5000   30.0000   22.5000 2448.0176   20.8185
   -7.5000   37.5000   22.5000 2274.8442   22.6776
    0.0000   37.5000   22.5000 2287.9570   22.6635
    7.5000   37.5000   22.5000 2274.2000   23.0098
   -7.5000   45.0000   22.5000 2102.9573   25.4085
    0.0000   45.0000   22.5000 2104.7871   25.4056
    7.5000   45.0000   22.5000 2090.2402   25.8323
   -7.5000  -45.0000   30.0000 2494.0339   20.1591
    0.0000  -45.0000   30.0000 2491.0291   20.1772
    7.5000  -45.0000   30.0000 2487.3938   20.5471
   -7.5000  -37.5000   30.0000 2619.6643   18.5980
    0.0000  -37.5000   30.0000 2613.3943   18.6272
    7.5000  -37.5000   30.0000 2609.2458   18.8860
   -7.5000  -30.0000   30.0000 2715.1917   17.2783
    0.0000  -30.0000   30.0000 2716.0034   17.2801
    7.5000  -30.0000   30.0000 2704.7415   17.4966
   -7.5000  -22.5000   30.0000 2777.0750   16.1884
    0.0000  -22.5000   30.0000 2758.7617   15.9247
    7.5000  -22.5000   30.0000 2739.3696   16.2167
   -7.5000  -15.0000   30.0000 2823.3049   15.5981
    0.0000  -15.0000   30.0000 2813.1230   15.3142
    7.5000  -15.0000   30.0000 2793.2397   15.6596
   -7.5000   -7.5000   30.0000 2824.3838   15.4769
    0.0000   -7.5000   30.0000 2844.7983   15.3601
    7.5000   -7.5000   30.0000 2822.5696   15.6402
   -7.5000    0.0000   30.0000 2789.4561   15.9026
    0.0000    0.0000   30.0000 2809.1182   15.8597
    7.5000    0.0000   30.0000 2797.9519   16.1276
   -7.5000    7.5000   30.0000 2733.4644   16.6957
    0.0000    7.5000   30.0000 2747.8328   16.6795
    7.5000    7.5000   30.0000 2742.8555   16.9397
   -7.5000   15.0000   30.0000 2651.4043   17.7548
    0.0000   15.0000   30.0000 2666.6406   17.7145
    7.5000   15.0000   30.0000 2653.3533   17.9790
   -7.5000   22.5000   30.0000 2552.3975   19.1393
    0.0000   22.5000   30.0000 2568.6038   19.0570
    7.5000   22.5000   30.0000 2555.9255   19.2992
   -7.5000   30.0000   30.0000 2414.8086   20.8691
    0.0000   30.0000   30.0000 2418.0784   20.8242
    7.5000   30.0000   30.0000 2404.8650   21.0710
   -7.5000   37.5000   30.0000 2244.1875   23.0321
    0.0000   37.5000   30.0000 2260.2556   22.9766
    7.5000   37.5000   30.0000 2244.1895   23.2650
   -7.5000   45.0000   30.0000 2084.5042   25.7154
    0.0000   45.0000   30.0000 2096.9895   25.6443
    7.5000   45.0000   30.0000 2081.0837   26.0651
   -7.5000  -45.0000   37.5000 2446.7036   20.8889
    0.0000  -45.0000   37.5000 2438.5862   20.6874
    7.5000  -45.0000   37.5000 2440.1489   21.2346
   -7.5000  -37.5000   37.5000 2570.8523   19.2417
    0.0000  -37.5000   37.5000 2561.1223   19.0509
    7.5000  -37.5000   37.5000 2559.6484   19.5019
   -7.5000  -30.0000   37.5000 2659.2500   17.8501
    0.0000  -30.0000   37.5000 2653.3064   17.5644
    7.5000  -30.0000   37.5000 2642.5203   17.9178
   -7.5000  -22.5000   37.5000 2720.4341   16.7632
    0.0000  -22.5000   37.5000 2715.9854   16.4093
    7.5000  -22.5000   37.5000 2702.3352   16.8013
   -7.5000  -15.0000   37.5000 2771.4836   16.2500
    0.0000  -15.0000   37.5000 2771.7878   15.9636
    7.5000  -15.0000   37.5000 2758.3208   16.3489
   -7.5000   -7.5000   37.5000 2778.7737   16.1453
    0.0000   -7.5000   37.5000 2797.5781   15.9872
    7.5000   -7.5000   37.5000 2781.6455   16.3276
   -7.5000    0.0000   37.5000 2739.5745   16.5772
    0.0000    0.0000   37.5000 2761.7468   16.4803
    7.5000    0.0000   37.5000 2752.0132   16.7874
   -7.5000    7.5000   37.5000 2687.1597   17.3556
    0.0000    7.5000   37.5000 2699.0442   17.2687
    7.5000    7.5000   37.5000 2698.7332   17.5081
   -7.5000   15.0000   37.5000 2602.9092   18.4547
    0.0000   15.0000   37.5000 2617.3198   18.3906
    7.5000   15.0000   37.5000 2606.0105   18.6042
   -7.5000   22.5000   37.5000 2504.5083   19.7970
    0.0000   22.5000   37.5000 2516.2275   19.7119
    7.5000   22.5000   37.5000 2505.2847   19.9197
   -7.5000   30.0000   37.5000 2361.1045   21.4974
    0.0000   30.0000   37.5000 2358.8901   21.4215
    7.5000   30.0000   37.5000 2352.0852   21.6887
   -7.5000   37.5000   37.5000 2206.0635   23.6060
    0.0000   37.5000   37.5000 2216.1987   23.4690
    7.5000   37.5000   37.5000 2201.3943   23.7947
   -7.5000   45.0000   37.5000 2059.1765   26.2400
    0.0000   45.0000   37.5000 2076.9456   26.1550
    7.5000   45.0000   37.5000 2056.8596   26.5509
   -7.5000  -45.0000   45.0000 2395.5078   21.7604
    0.0000  -45.0000   45.0000 2383.5464   21.4186
    7.5000  -45.0000   45.0000 2387.9009   22.0297
   -7.5000  -37.5000   45.0000 2504.1218   19.9992
    0.0000  -37.5000   45.0000 2497.1531   19.6546
    7.5000  -37.5000   45.0000 2498.9763   20.1656
   -7.5000  -30.0000   45.0000 2590.5256   18.5666
    0.0000  -30.0000   45.0000 2582.2920   18.1714
    7.5000  -30.0000   45.0000 2581.1206   18.6393
   -7.5000  -22.5000   45.0000 2654.0242   17.5185
    0.0000  -22.5000   45.0000 2656.4473   17.1865
    7.5000  -22.5000   45.0000 2644.7488   17.6600
   -7.5000  -15.0000   45.0000 2701.4670   17.0249
    0.0000  -15.0000   45.0000 2705.3699   16.7740
    7.5000  -15.0000   45.0000 2696.7039   17.1929
   -7.5000   -7.5000   45.0000 2718.4255   16.9723
    0.0000   -7.5000   45.0000 2727.6372   16.8001
    7.5000   -7.5000   45.0000 2717.8965   17.1591
   -7.5000    0.0000   45.0000 2677.0139   17.3414
    0.0000    0.0000   45.0000 2686.5034   17.2215
    7.5000    0.0000   45.0000 2681.4043   17.5586
   -7.5000    7.5000   45.0000 2616.5374   18.0469
    0.0000    7.5000   45.0000 2626.5979   17.9432
    7.5000    7.5000   45.0000 2629.3887   18.2715
   -7.5000   15.0000   45.0000 2533.5618   19.1731
    0.0000   15.0000   45.0000 2550.1152   19.0593
    7.5000   15.0000   45.0000 2540.7917   19.3067
   -7.5000   22.5000   45.0000 2439.9814   20.5475
    0.0000   22.5000   45.0000 2447.4934   20.3841
    7.5000   22.5000   45.0000 2432.3291   20.6679
   -7.5000   30.0000   45.0000 2294.2378   22.3255
    0.0000   30.0000   45.0000 2300.4375   22.2777
    7.5000   30.0000   45.0000 2287.7925   22.5488
   -7.5000   37.5000   45.0000 2155.9246   24.4404
    0.0000   37.5000   45.0000 2167.3474   24.4328
    7.5000   37.5000   45.0000 2151.8757   24.6920
   -7.5000   45.0000   45.0000 2023.6755   27.1067
    0.0000   45.0000   45.0000 2036.8016   27.0474
    7.5000   45.0000   45.0000 2021.2222   27.4045

---------------------------------------------------------------------
imgreg_4dfp /opt/freesurfer/average/711-2C_as_mni_average_305 /opt/freesurfer/average/711-2B_as_mni_average_305_mask talsrcimg_g11 none talsrcimg_to_711-2C_as_mni_average_305_t4 1283
---------------------------------------------------------------------

freesurfer imgreg_4dfp.c
/opt/freesurfer/average/711-2C_as_mni_average_305.4dfp.img
       256       256       256         1
  1.000000  1.000000  1.000000
orientation T byte_order littleendian
Reading image: /opt/freesurfer/average/711-2C_as_mni_average_305.4dfp.img
dimensions:      256       256       256
mmppix:       1.0000   -1.0000   -1.0000
center:     128.0000 -129.0000 -129.0000
/opt/freesurfer/average/711-2B_as_mni_average_305_mask.4dfp.img
       256       256       256         1
  1.000000  1.000000  1.000000
orientation T byte_order littleendian
Reading mask: /opt/freesurfer/average/711-2B_as_mni_average_305_mask.4dfp.img (2306576 pixels)
talsrcimg_g11.4dfp.img
       256       256       256         1
  1.000000  1.000000  1.000000
orientation T byte_order littleendian
Reading image: talsrcimg_g11.4dfp.img
dimensions:      256       256       256
mmppix:       1.0000   -1.0000   -1.0000
center:     128.0000 -129.0000 -129.0000
rotation matrix determinant  1.000000
fimgreg.f
image alignment mode   1283 decimal      503 hex
parameters
    0.0000  -15.0000    7.5000    0.0000    0.0000    0.0000
eta,q 0.89974 15.18566
niter,ni,del,rscale     5    3   12.0000    1.2000
parameter  2 -2.278952 ->  0.500000 qaram    1.1500
parameter  4  1.270082 ->  0.500000 qaram    1.1500
parameter  5 37.023037 ->  0.500000 qaram    1.1500
parameters
    0.0549  -18.4500    8.9642   -3.4500   -3.4500   -1.0264
eta,q 0.91143 15.63719
  0.1049  0.0957  0.1051  0.0933  0.0826  0.0915
  0.1015  0.0955  0.1000  0.0944  0.0873  0.0900
  0.0980  0.0978  0.0972  0.0950  0.0909  0.0890
  0.0992  0.0991  0.0955  0.0955  0.0947  0.0884
  0.1002  0.1007  0.0954  0.0971  0.0991  0.0894
  0.1009  0.1028  0.0971  0.0992  0.1035  0.0921
  0.1042  0.1012  0.0983  0.1010  0.1075  0.0946
niter,ni,del,rscale     7    3   12.0000    1.2000
parameter  5  1.038608 ->  0.500000 qaram    1.3225
parameters
   -1.1969  -17.5142   10.8486   -4.9805   -7.4175   -1.7140
eta,q 0.92249 15.54374
  0.0959  0.0995  0.0967  0.0879  0.0784  0.0803
  0.0883  0.0953  0.0934  0.0860  0.0771  0.0789
  0.0867  0.0902  0.0909  0.0849  0.0797  0.0778
  0.0886  0.0873  0.0877  0.0854  0.0850  0.0774
  0.0916  0.0883  0.0853  0.0865  0.0908  0.0779
  0.0972  0.0902  0.0864  0.0891  0.0984  0.0799
  0.1030  0.0954  0.0909  0.0913  0.1046  0.0823
niter,ni,del,rscale     7    3   12.0000    1.2000
parameters
   -0.8276  -17.2494   11.1207   -5.9400   -9.4311   -1.5228
eta,q 0.92342 15.59830
  0.0979  0.0931  0.0932  0.0813  0.0842  0.0806
  0.0887  0.0821  0.0876  0.0787  0.0798  0.0783
  0.0817  0.0773  0.0814  0.0771  0.0769  0.0769
  0.0775  0.0775  0.0777  0.0775  0.0772  0.0765
  0.0796  0.0809  0.0794  0.0786  0.0817  0.0768
  0.0851  0.0860  0.0861  0.0806  0.0890  0.0779
  0.0941  0.0864  0.0910  0.0841  0.0973  0.0802
niter,ni,del,rscale     6    3   12.0000    1.2000
parameters
   -0.2379  -17.3866   10.9010   -6.8457  -10.0567   -1.9966
eta,q 0.92501 15.65686
  0.0982  0.0886  0.0912  0.0799  0.0876  0.0789
  0.0882  0.0776  0.0836  0.0757  0.0814  0.0764
  0.0814  0.0744  0.0778  0.0747  0.0766  0.0752
  0.0766  0.0761  0.0760  0.0760  0.0753  0.0750
  0.0775  0.0795  0.0799  0.0774  0.0784  0.0757
  0.0832  0.0836  0.0870  0.0785  0.0845  0.0774
  0.0919  0.0842  0.0915  0.0811  0.0918  0.0804
niter,ni,del,rscale     5    3   12.0000    1.2000
parameters
   -0.0907  -17.2370   10.7041   -7.3924  -10.2690   -2.1223
eta,q 0.92546 15.65253
  0.0948  0.0904  0.0917  0.0804  0.0892  0.0793
  0.0856  0.0781  0.0837  0.0764  0.0824  0.0765
  0.0793  0.0734  0.0773  0.0738  0.0769  0.0748
  0.0750  0.0749  0.0751  0.0751  0.0746  0.0745
  0.0776  0.0783  0.0791  0.0774  0.0778  0.0750
  0.0842  0.0828  0.0869  0.0788  0.0832  0.0767
  0.0936  0.0840  0.0923  0.0803  0.0908  0.0797
niter,ni,del,rscale     4    3   12.0000    1.2000
parameters
    0.0038  -17.1136   10.5776   -7.6510  -10.3894   -2.1500
eta,q 0.92557 15.64537
  0.0946  0.0904  0.0921  0.0809  0.0899  0.0794
  0.0854  0.0779  0.0842  0.0772  0.0827  0.0765
  0.0788  0.0729  0.0774  0.0740  0.0771  0.0748
  0.0745  0.0745  0.0746  0.0747  0.0745  0.0744
  0.0777  0.0780  0.0782  0.0771  0.0777  0.0748
  0.0846  0.0827  0.0864  0.0789  0.0831  0.0766
  0.0938  0.0841  0.0925  0.0801  0.0908  0.0795
niter,ni,del,rscale     3    3   12.0000    1.2000
parameters
    0.0639  -17.0355   10.5083   -7.7792  -10.4587   -2.1531
eta,q 0.92552 15.63963
  0.0946  0.0901  0.0922  0.0811  0.0902  0.0794
  0.0854  0.0777  0.0845  0.0777  0.0830  0.0765
  0.0786  0.0727  0.0777  0.0741  0.0773  0.0748
  0.0744  0.0744  0.0746  0.0746  0.0745  0.0745
  0.0779  0.0780  0.0777  0.0769  0.0777  0.0748
  0.0849  0.0827  0.0860  0.0789  0.0832  0.0766
  0.0940  0.0842  0.0925  0.0801  0.0908  0.0794
niter,ni,del,rscale     2    3   12.0000    1.2000
parameters
    0.1031  -16.9961   10.4763   -7.8385  -10.4967   -2.1656
eta,q 0.92548 15.63648
  0.0947  0.0899  0.0924  0.0812  0.0905  0.0794
  0.0854  0.0776  0.0848  0.0779  0.0831  0.0765
  0.0785  0.0727  0.0779  0.0742  0.0774  0.0748
  0.0745  0.0745  0.0745  0.0746  0.0745  0.0745
  0.0782  0.0781  0.0775  0.0768  0.0777  0.0749
  0.0852  0.0826  0.0857  0.0789  0.0832  0.0766
  0.0941  0.0843  0.0925  0.0800  0.0908  0.0794
registration optimization eta report
parameter search radius
    6.0000    6.9000    6.0000    6.9000    7.9350    6.0000
100000*second partial in parameter space
       52.       27.       48.       12.       24.       14.
  0.0947  0.0899  0.0924  0.0812  0.0905  0.0794
  0.0854  0.0776  0.0848  0.0779  0.0831  0.0765
  0.0785  0.0727  0.0779  0.0742  0.0774  0.0748
  0.0745  0.0745  0.0745  0.0746  0.0745  0.0745
  0.0782  0.0781  0.0775  0.0768  0.0777  0.0749
  0.0852  0.0826  0.0857  0.0789  0.0832  0.0766
  0.0941  0.0843  0.0925  0.0800  0.0908  0.0794
    0.1031  -16.9961   10.4763   -7.8385  -10.4967   -2.1656
eta,q 0.92548 15.63648

---------------------------------------------------------------------
imgreg_4dfp /opt/freesurfer/average/711-2C_as_mni_average_305 /opt/freesurfer/average/711-2B_as_mni_average_305_mask talsrcimg_g11 none talsrcimg_to_711-2C_as_mni_average_305_t4 3335
---------------------------------------------------------------------

freesurfer imgreg_4dfp.c
/opt/freesurfer/average/711-2C_as_mni_average_305.4dfp.img
       256       256       256         1
  1.000000  1.000000  1.000000
orientation T byte_order littleendian
Reading image: /opt/freesurfer/average/711-2C_as_mni_average_305.4dfp.img
dimensions:      256       256       256
mmppix:       1.0000   -1.0000   -1.0000
center:     128.0000 -129.0000 -129.0000
/opt/freesurfer/average/711-2B_as_mni_average_305_mask.4dfp.img
       256       256       256         1
  1.000000  1.000000  1.000000
orientation T byte_order littleendian
Reading mask: /opt/freesurfer/average/711-2B_as_mni_average_305_mask.4dfp.img (2306576 pixels)
talsrcimg_g11.4dfp.img
       256       256       256         1
  1.000000  1.000000  1.000000
orientation T byte_order littleendian
Reading image: talsrcimg_g11.4dfp.img
dimensions:      256       256       256
mmppix:       1.0000   -1.0000   -1.0000
center:     128.0000 -129.0000 -129.0000
fimgreg.f
image alignment mode   3335 decimal      D07 hex
parameters
    0.1031  -16.9961   10.4763   -1.7437   -0.9112   -2.5922
    1.2607   18.5501   -3.7156   12.9464  -18.2178  -13.4099
eta,q 0.91925 15.70516
niter,ni,del,rscale     5    3    5.0000    1.2000
parameter  2  4.905411 ->  0.500000 qaram    1.1500
parameter  4  1.180810 ->  0.500000 qaram    1.1500
parameter  5  7.573640 ->  0.500000 qaram    1.1500
parameter  6  0.528810 ->  0.500000 qaram    1.1500
parameter 11 -0.977626 -> -0.500000 qaram    1.1500
parameter 12 -1.235638 -> -0.500000 qaram    1.1500
parameters
    0.1941  -18.3761   11.3174   -5.8837   -5.0512   -6.7322
    2.8608   17.3690   -1.6312   10.8458  -14.0778   -9.2699
eta,q 0.94407 15.86933
  0.0849  0.0795  0.0841  0.0717  0.0533  0.0591  0.0633  0.0610  0.0616  0.0596  0.0605  0.0630
  0.0828  0.0795  0.0822  0.0734  0.0581  0.0588  0.0612  0.0595  0.0601  0.0586  0.0595  0.0610
  0.0813  0.0800  0.0806  0.0757  0.0649  0.0589  0.0596  0.0588  0.0591  0.0583  0.0588  0.0592
  0.0808  0.0807  0.0796  0.0793  0.0740  0.0597  0.0588  0.0587  0.0587  0.0586  0.0583  0.0577
  0.0811  0.0814  0.0793  0.0848  0.0838  0.0621  0.0587  0.0590  0.0586  0.0592  0.0579  0.0565
  0.0823  0.0819  0.0796  0.0918  0.0922  0.0665  0.0593  0.0607  0.0588  0.0606  0.0576  0.0558
  0.0844  0.0823  0.0805  0.0986  0.0980  0.0725  0.0605  0.0643  0.0594  0.0627  0.0576  0.0555
niter,ni,del,rscale     7    3    5.0000    1.2000
parameter  2 -0.670270 -> -0.500000 qaram    1.3225
parameter  4  0.921160 ->  0.500000 qaram    1.3225
parameter  5  1.427504 ->  0.500000 qaram    1.3225
parameters
    0.0042  -16.7891   10.7581  -10.6447   -9.8122   -8.2395
    2.3224   16.4181   -0.9074   10.3833  -14.0447   -7.5153
eta,q 0.95792 15.34442
  0.0578  0.0642  0.0548  0.0499  0.0394  0.0439  0.0445  0.0445  0.0450  0.0446  0.0429  0.0446
  0.0566  0.0610  0.0543  0.0510  0.0414  0.0429  0.0432  0.0430  0.0436  0.0433  0.0424  0.0433
  0.0560  0.0582  0.0540  0.0524  0.0451  0.0423  0.0424  0.0422  0.0426  0.0423  0.0421  0.0424
  0.0559  0.0559  0.0540  0.0540  0.0513  0.0422  0.0422  0.0422  0.0421  0.0421  0.0421  0.0421
  0.0563  0.0544  0.0544  0.0563  0.0614  0.0425  0.0426  0.0429  0.0422  0.0426  0.0422  0.0421
  0.0571  0.0540  0.0552  0.0602  0.0719  0.0438  0.0437  0.0441  0.0429  0.0437  0.0424  0.0425
  0.0585  0.0549  0.0564  0.0663  0.0792  0.0468  0.0454  0.0461  0.0441  0.0455  0.0428  0.0430
niter,ni,del,rscale     7    3    5.0000    1.2000
parameter  2 -0.864223 -> -0.500000 qaram    1.5209
parameter  3 -0.510513 -> -0.500000 qaram    1.1500
parameter  5  0.695539 ->  0.500000 qaram    1.5209
parameters
    0.4663  -14.9640   12.1381  -15.0442  -15.2873   -7.0838
    1.8648   16.3475   -1.2162   10.9051  -17.7551  -10.6850
eta,q 0.96703 14.89161
  0.0451  0.0541  0.0410  0.0386  0.0333  0.0367  0.0356  0.0371  0.0353  0.0370  0.0334  0.0336
  0.0436  0.0497  0.0401  0.0378  0.0333  0.0353  0.0343  0.0352  0.0341  0.0351  0.0333  0.0331
  0.0426  0.0455  0.0393  0.0377  0.0346  0.0342  0.0336  0.0338  0.0335  0.0339  0.0332  0.0330
  0.0421  0.0420  0.0388  0.0384  0.0376  0.0335  0.0334  0.0334  0.0334  0.0334  0.0334  0.0332
  0.0420  0.0397  0.0385  0.0399  0.0446  0.0334  0.0338  0.0338  0.0337  0.0335  0.0337  0.0338
  0.0424  0.0386  0.0385  0.0421  0.0561  0.0340  0.0348  0.0352  0.0344  0.0344  0.0341  0.0345
  0.0434  0.0390  0.0388  0.0456  0.0666  0.0356  0.0362  0.0373  0.0356  0.0362  0.0347  0.0355
niter,ni,del,rscale     7    3    5.0000    1.2000
parameter  2 -0.702344 -> -0.500000 qaram    1.7490
parameters
    0.6286  -12.8652   12.6789  -14.0415  -19.4393   -7.2855
    1.6384   16.4822   -1.1460   12.6225  -18.1531  -13.3693
eta,q 0.97139 14.76317
  0.0361  0.0463  0.0324  0.0338  0.0325  0.0322  0.0317  0.0333  0.0312  0.0342  0.0295  0.0294
  0.0345  0.0410  0.0312  0.0319  0.0303  0.0308  0.0303  0.0311  0.0300  0.0318  0.0291  0.0288
  0.0334  0.0366  0.0303  0.0305  0.0290  0.0297  0.0294  0.0297  0.0293  0.0301  0.0289  0.0286
  0.0330  0.0330  0.0298  0.0298  0.0297  0.0291  0.0291  0.0291  0.0291  0.0291  0.0289  0.0289
  0.0332  0.0305  0.0298  0.0298  0.0338  0.0292  0.0294  0.0295  0.0294  0.0289  0.0290  0.0294
  0.0340  0.0298  0.0302  0.0307  0.0447  0.0304  0.0305  0.0308  0.0300  0.0295  0.0292  0.0301
  0.0353  0.0310  0.0310  0.0325  0.0584  0.0331  0.0321  0.0331  0.0311  0.0310  0.0295  0.0311
niter,ni,del,rscale     7    3    5.0000    1.2000
parameters
    0.7236  -12.1969   12.5129  -12.2692  -21.0624   -6.9741
    1.0704   16.5548   -1.0499   13.9808  -16.3718  -15.2753
eta,q 0.97171 14.81190
  0.0319  0.0392  0.0299  0.0324  0.0350  0.0324  0.0311  0.0327  0.0306  0.0332  0.0295  0.0293
  0.0302  0.0340  0.0291  0.0306  0.0321  0.0309  0.0296  0.0306  0.0295  0.0309  0.0290  0.0286
  0.0290  0.0304  0.0286  0.0292  0.0297  0.0296  0.0288  0.0292  0.0288  0.0294  0.0286  0.0283
  0.0286  0.0286  0.0284  0.0284  0.0282  0.0287  0.0286  0.0286  0.0286  0.0286  0.0285  0.0284
  0.0289  0.0287  0.0287  0.0282  0.0291  0.0286  0.0291  0.0289  0.0288  0.0285  0.0284  0.0289
  0.0298  0.0306  0.0294  0.0289  0.0337  0.0298  0.0302  0.0303  0.0294  0.0292  0.0286  0.0296
  0.0314  0.0341  0.0304  0.0304  0.0451  0.0326  0.0319  0.0327  0.0305  0.0307  0.0289  0.0304
niter,ni,del,rscale     6    3    5.0000    1.2000
parameters
    0.6759  -12.0898   12.1636  -11.0477  -21.4394   -6.6863
    0.6482   16.5556   -0.9928   14.8174  -16.1235  -16.1909
eta,q 0.97191 14.89368
  0.0313  0.0362  0.0296  0.0319  0.0358  0.0323  0.0309  0.0324  0.0303  0.0324  0.0290  0.0295
  0.0296  0.0317  0.0288  0.0302  0.0329  0.0306  0.0293  0.0303  0.0292  0.0302  0.0286  0.0286
  0.0286  0.0292  0.0284  0.0290  0.0301  0.0292  0.0284  0.0288  0.0284  0.0288  0.0283  0.0281
  0.0283  0.0283  0.0283  0.0283  0.0281  0.0283  0.0282  0.0282  0.0282  0.0282  0.0282  0.0281
  0.0287  0.0290  0.0286  0.0281  0.0281  0.0282  0.0287  0.0286  0.0284  0.0283  0.0282  0.0286
  0.0298  0.0315  0.0294  0.0289  0.0312  0.0295  0.0298  0.0302  0.0291  0.0292  0.0285  0.0292
  0.0316  0.0352  0.0305  0.0306  0.0397  0.0325  0.0316  0.0325  0.0302  0.0308  0.0290  0.0300
niter,ni,del,rscale     5    3    5.0000    1.2000
parameters
    0.5995  -12.1200   11.9160  -10.7196  -21.5499   -6.5660
    0.4207   16.5895   -1.0184   15.2081  -16.1636  -16.7209
eta,q 0.97198 14.92821
  0.0311  0.0356  0.0296  0.0314  0.0359  0.0322  0.0309  0.0322  0.0302  0.0319  0.0289  0.0296
  0.0295  0.0313  0.0288  0.0298  0.0329  0.0304  0.0293  0.0302  0.0290  0.0298  0.0285  0.0286
  0.0284  0.0289  0.0282  0.0287  0.0301  0.0290  0.0283  0.0287  0.0283  0.0286  0.0282  0.0281
  0.0281  0.0281  0.0281  0.0281  0.0280  0.0281  0.0281  0.0281  0.0281  0.0281  0.0281  0.0281
  0.0285  0.0291  0.0284  0.0282  0.0279  0.0281  0.0285  0.0285  0.0283  0.0283  0.0281  0.0284
  0.0297  0.0317  0.0292  0.0292  0.0308  0.0295  0.0296  0.0300  0.0291  0.0294  0.0285  0.0291
  0.0316  0.0356  0.0303  0.0313  0.0386  0.0327  0.0313  0.0323  0.0302  0.0311  0.0290  0.0298
niter,ni,del,rscale     4    3    5.0000    1.2000
parameters
    0.5661  -12.1212   11.7959  -10.6298  -21.6247   -6.5119
    0.3194   16.6233   -1.0529   15.4249  -16.2141  -17.0051
eta,q 0.97199 14.94098
  0.0312  0.0357  0.0298  0.0313  0.0358  0.0321  0.0310  0.0322  0.0302  0.0317  0.0290  0.0297
  0.0295  0.0313  0.0288  0.0297  0.0329  0.0304  0.0293  0.0301  0.0290  0.0297  0.0285  0.0287
  0.0284  0.0288  0.0282  0.0286  0.0301  0.0290  0.0283  0.0287  0.0283  0.0285  0.0282  0.0281
  0.0280  0.0280  0.0280  0.0280  0.0280  0.0280  0.0280  0.0280  0.0280  0.0280  0.0280  0.0280
  0.0284  0.0290  0.0283  0.0282  0.0278  0.0280  0.0284  0.0285  0.0283  0.0284  0.0281  0.0284
  0.0296  0.0316  0.0290  0.0292  0.0307  0.0296  0.0295  0.0300  0.0291  0.0295  0.0285  0.0290
  0.0314  0.0355  0.0302  0.0315  0.0384  0.0328  0.0312  0.0322  0.0302  0.0313  0.0290  0.0298
niter,ni,del,rscale     3    3    5.0000    1.2000
parameters
    0.5540  -12.1093   11.7333  -10.5925  -21.6747   -6.4918
    0.2793   16.6429   -1.0809   15.5483  -16.2321  -17.1500
eta,q 0.97199 14.94644
  0.0313  0.0357  0.0299  0.0312  0.0358  0.0321  0.0311  0.0321  0.0302  0.0316  0.0290  0.0298
  0.0295  0.0314  0.0289  0.0297  0.0329  0.0304  0.0294  0.0301  0.0290  0.0296  0.0285  0.0287
  0.0284  0.0289  0.0282  0.0286  0.0301  0.0289  0.0283  0.0287  0.0282  0.0284  0.0282  0.0281
  0.0280  0.0280  0.0280  0.0280  0.0280  0.0280  0.0280  0.0280  0.0280  0.0280  0.0280  0.0280
  0.0284  0.0290  0.0283  0.0282  0.0278  0.0280  0.0284  0.0285  0.0283  0.0284  0.0281  0.0284
  0.0295  0.0316  0.0290  0.0292  0.0307  0.0296  0.0295  0.0300  0.0291  0.0295  0.0285  0.0290
  0.0313  0.0354  0.0301  0.0316  0.0383  0.0329  0.0311  0.0322  0.0302  0.0313  0.0290  0.0297
niter,ni,del,rscale     2    3    5.0000    1.2000
parameters
    0.5499  -12.0986   11.6973  -10.5661  -21.7031   -6.4870
    0.2664   16.6519   -1.0993   15.6208  -16.2407  -17.2315
eta,q 0.97198 14.94950
  0.0313  0.0357  0.0299  0.0312  0.0359  0.0321  0.0311  0.0321  0.0303  0.0316  0.0290  0.0298
  0.0295  0.0314  0.0289  0.0297  0.0329  0.0304  0.0294  0.0301  0.0290  0.0296  0.0285  0.0288
  0.0284  0.0289  0.0282  0.0286  0.0301  0.0289  0.0284  0.0287  0.0283  0.0284  0.0282  0.0281
  0.0280  0.0280  0.0280  0.0280  0.0280  0.0280  0.0280  0.0280  0.0280  0.0280  0.0280  0.0280
  0.0284  0.0290  0.0283  0.0282  0.0278  0.0280  0.0284  0.0285  0.0283  0.0284  0.0281  0.0284
  0.0295  0.0316  0.0290  0.0292  0.0307  0.0296  0.0294  0.0300  0.0291  0.0295  0.0285  0.0290
  0.0313  0.0354  0.0301  0.0316  0.0382  0.0329  0.0311  0.0322  0.0302  0.0314  0.0290  0.0297
niter,ni,del,rscale     1    3    5.0000    1.2000
parameters
    0.5468  -12.0914   11.6797  -10.5547  -21.7194   -6.4841
    0.2548   16.6544   -1.1044   15.6586  -16.2472  -17.2695
eta,q 0.97198 14.95084
  0.0313  0.0357  0.0300  0.0312  0.0359  0.0321  0.0311  0.0321  0.0303  0.0315  0.0290  0.0299
  0.0295  0.0313  0.0289  0.0297  0.0329  0.0304  0.0294  0.0301  0.0290  0.0296  0.0285  0.0288
  0.0284  0.0288  0.0283  0.0286  0.0301  0.0289  0.0284  0.0286  0.0283  0.0284  0.0282  0.0282
  0.0280  0.0280  0.0280  0.0280  0.0280  0.0280  0.0280  0.0280  0.0280  0.0280  0.0280  0.0280
  0.0284  0.0290  0.0283  0.0282  0.0278  0.0280  0.0284  0.0285  0.0283  0.0284  0.0281  0.0284
  0.0295  0.0316  0.0290  0.0293  0.0307  0.0296  0.0294  0.0300  0.0291  0.0296  0.0285  0.0290
  0.0313  0.0354  0.0300  0.0316  0.0382  0.0329  0.0311  0.0322  0.0302  0.0314  0.0291  0.0297
registration optimization eta report
parameter search radius
    2.4000    4.1976    2.7600    9.5220   10.9503    8.2800
    7.2000    7.2000    7.2000    7.2000    8.2800    8.2800
100000*second partial in parameter space
       57.       43.       26.        4.        8.        7.
        6.        8.        4.        7.        1.        3.
  0.0313  0.0357  0.0300  0.0312  0.0359  0.0321  0.0311  0.0321  0.0303  0.0315  0.0290  0.0299
  0.0295  0.0313  0.0289  0.0297  0.0329  0.0304  0.0294  0.0301  0.0290  0.0296  0.0285  0.0288
  0.0284  0.0288  0.0283  0.0286  0.0301  0.0289  0.0284  0.0286  0.0283  0.0284  0.0282  0.0282
  0.0280  0.0280  0.0280  0.0280  0.0280  0.0280  0.0280  0.0280  0.0280  0.0280  0.0280  0.0280
  0.0284  0.0290  0.0283  0.0282  0.0278  0.0280  0.0284  0.0285  0.0283  0.0284  0.0281  0.0284
  0.0295  0.0316  0.0290  0.0293  0.0307  0.0296  0.0294  0.0300  0.0291  0.0296  0.0285  0.0290
  0.0313  0.0354  0.0300  0.0316  0.0382  0.0329  0.0311  0.0322  0.0302  0.0314  0.0291  0.0297
    0.5468  -12.0914   11.6797  -10.5547  -21.7194   -6.4841
    0.2548   16.6544   -1.1044   15.6586  -16.2472  -17.2695
eta,q 0.97198 14.95084

---------------------------------------------------------------------
imgreg_4dfp /opt/freesurfer/average/711-2C_as_mni_average_305 /opt/freesurfer/average/711-2B_as_mni_average_305_mask talsrcimg_g11 none talsrcimg_to_711-2C_as_mni_average_305_t4 2311
---------------------------------------------------------------------

freesurfer imgreg_4dfp.c
/opt/freesurfer/average/711-2C_as_mni_average_305.4dfp.img
       256       256       256         1
  1.000000  1.000000  1.000000
orientation T byte_order littleendian
Reading image: /opt/freesurfer/average/711-2C_as_mni_average_305.4dfp.img
dimensions:      256       256       256
mmppix:       1.0000   -1.0000   -1.0000
center:     128.0000 -129.0000 -129.0000
/opt/freesurfer/average/711-2B_as_mni_average_305_mask.4dfp.img
       256       256       256         1
  1.000000  1.000000  1.000000
orientation T byte_order littleendian
Reading mask: /opt/freesurfer/average/711-2B_as_mni_average_305_mask.4dfp.img (2306576 pixels)
talsrcimg_g11.4dfp.img
       256       256       256         1
  1.000000  1.000000  1.000000
orientation T byte_order littleendian
Reading image: talsrcimg_g11.4dfp.img
dimensions:      256       256       256
mmppix:       1.0000   -1.0000   -1.0000
center:     128.0000 -129.0000 -129.0000
fimgreg.f
image alignment mode   2311 decimal      907 hex
parameters
    0.5468  -12.0914   11.6797  -10.5547  -21.7194   -6.4841
    0.2548   16.6544   -1.1044   15.6586  -16.2472  -17.2695
eta,q 0.97198 14.95084
niter,ni,del,rscale     5    3    5.0000    0.8000
parameters
    0.5557  -12.1441   11.6680   -9.8048  -19.8217   -5.9868
    0.1980   16.6593   -1.2092   15.8118  -15.8463  -17.0303
eta,q 0.97244 15.08275
  0.0295  0.0291  0.0287  0.0291  0.0309  0.0295  0.0293  0.0298  0.0289  0.0296  0.0281  0.0285
  0.0287  0.0285  0.0283  0.0286  0.0298  0.0286  0.0283  0.0286  0.0281  0.0285  0.0279  0.0280
  0.0282  0.0281  0.0281  0.0282  0.0287  0.0280  0.0277  0.0279  0.0277  0.0278  0.0277  0.0277
  0.0280  0.0280  0.0280  0.0280  0.0280  0.0276  0.0276  0.0276  0.0276  0.0276  0.0276  0.0276
  0.0282  0.0282  0.0281  0.0280  0.0276  0.0276  0.0278  0.0278  0.0277  0.0277  0.0276  0.0277
  0.0287  0.0286  0.0284  0.0282  0.0277  0.0280  0.0284  0.0286  0.0282  0.0283  0.0277  0.0279
  0.0295  0.0293  0.0288  0.0286  0.0285  0.0290  0.0294  0.0298  0.0290  0.0294  0.0280  0.0283
niter,ni,del,rscale     4    3    5.0000    0.7000
parameters
    0.5370  -12.3619   11.7070  -10.3239  -19.7580   -5.6629
    0.2545   16.6458   -1.2755   15.4681  -15.8472  -17.0218
eta,q 0.97252 15.06662
  0.0288  0.0283  0.0282  0.0281  0.0291  0.0289  0.0288  0.0292  0.0285  0.0287  0.0279  0.0282
  0.0281  0.0278  0.0278  0.0278  0.0283  0.0283  0.0281  0.0283  0.0279  0.0280  0.0277  0.0278
  0.0277  0.0276  0.0276  0.0276  0.0278  0.0278  0.0277  0.0277  0.0276  0.0276  0.0275  0.0275
  0.0276  0.0276  0.0275  0.0275  0.0275  0.0275  0.0275  0.0275  0.0275  0.0275  0.0275  0.0275
  0.0277  0.0278  0.0276  0.0277  0.0276  0.0275  0.0276  0.0277  0.0276  0.0277  0.0275  0.0276
  0.0282  0.0283  0.0278  0.0280  0.0281  0.0278  0.0281  0.0283  0.0280  0.0283  0.0277  0.0278
  0.0289  0.0290  0.0281  0.0286  0.0292  0.0287  0.0288  0.0293  0.0286  0.0292  0.0279  0.0281
niter,ni,del,rscale     3    3    5.0000    0.6000
parameters
    0.5344  -12.3942   11.7841  -10.5021  -19.6791   -5.5556
    0.2891   16.6543   -1.2613   15.3756  -15.8197  -16.9914
eta,q 0.97254 15.06031
  0.0284  0.0282  0.0280  0.0280  0.0287  0.0285  0.0285  0.0288  0.0282  0.0285  0.0278  0.0280
  0.0279  0.0278  0.0277  0.0277  0.0281  0.0280  0.0279  0.0281  0.0278  0.0279  0.0276  0.0277
  0.0276  0.0275  0.0276  0.0275  0.0277  0.0276  0.0276  0.0276  0.0276  0.0276  0.0275  0.0275
  0.0275  0.0275  0.0275  0.0275  0.0275  0.0275  0.0275  0.0275  0.0275  0.0275  0.0275  0.0275
  0.0276  0.0276  0.0275  0.0276  0.0275  0.0275  0.0276  0.0276  0.0276  0.0276  0.0275  0.0275
  0.0279  0.0279  0.0277  0.0278  0.0279  0.0278  0.0279  0.0281  0.0278  0.0280  0.0276  0.0277
  0.0284  0.0283  0.0279  0.0282  0.0287  0.0284  0.0284  0.0288  0.0282  0.0286  0.0278  0.0280
niter,ni,del,rscale     2    3    5.0000    0.5000
parameters
    0.5353  -12.4020   11.8083  -10.5520  -19.6016   -5.4815
    0.2952   16.6593   -1.2695   15.3611  -15.7996  -17.0001
eta,q 0.97254 15.06215
  0.0281  0.0280  0.0278  0.0279  0.0283  0.0281  0.0282  0.0284  0.0280  0.0282  0.0277  0.0278
  0.0278  0.0277  0.0276  0.0277  0.0279  0.0278  0.0278  0.0279  0.0277  0.0278  0.0276  0.0276
  0.0275  0.0275  0.0275  0.0275  0.0276  0.0276  0.0275  0.0276  0.0275  0.0275  0.0275  0.0275
  0.0275  0.0275  0.0275  0.0275  0.0275  0.0275  0.0275  0.0275  0.0275  0.0275  0.0275  0.0275
  0.0275  0.0275  0.0275  0.0275  0.0275  0.0275  0.0275  0.0276  0.0275  0.0275  0.0275  0.0275
  0.0278  0.0277  0.0276  0.0277  0.0278  0.0277  0.0278  0.0279  0.0277  0.0278  0.0276  0.0276
  0.0281  0.0280  0.0278  0.0279  0.0283  0.0281  0.0282  0.0284  0.0280  0.0283  0.0277  0.0278
niter,ni,del,rscale     1    3    5.0000    0.4000
parameters
    0.5323  -12.4117   11.8168  -10.5827  -19.5373   -5.4166
    0.3024   16.6603   -1.2835   15.3614  -15.7891  -17.0309
eta,q 0.97255 15.06502
  0.0279  0.0278  0.0277  0.0277  0.0280  0.0279  0.0279  0.0281  0.0278  0.0280  0.0276  0.0277
  0.0276  0.0276  0.0276  0.0276  0.0277  0.0277  0.0277  0.0277  0.0276  0.0277  0.0275  0.0276
  0.0275  0.0275  0.0275  0.0275  0.0275  0.0275  0.0275  0.0275  0.0275  0.0275  0.0275  0.0275
  0.0275  0.0275  0.0275  0.0275  0.0275  0.0274  0.0274  0.0274  0.0274  0.0274  0.0274  0.0275
  0.0275  0.0275  0.0275  0.0275  0.0275  0.0275  0.0275  0.0275  0.0275  0.0275  0.0275  0.0275
  0.0277  0.0276  0.0276  0.0276  0.0277  0.0276  0.0276  0.0277  0.0276  0.0277  0.0275  0.0276
  0.0279  0.0278  0.0277  0.0277  0.0280  0.0279  0.0279  0.0281  0.0278  0.0280  0.0276  0.0277
registration optimization eta report
parameter search radius
    0.8000    0.8000    0.8000    2.4000    2.4000    2.4000
    2.4000    2.4000    2.4000    2.4000    2.4000    2.4000
100000*second partial in parameter space
       67.       56.       36.        5.       10.        7.
        8.       11.        6.        9.        3.        4.
  0.0279  0.0278  0.0277  0.0277  0.0280  0.0279  0.0279  0.0281  0.0278  0.0280  0.0276  0.0277
  0.0276  0.0276  0.0276  0.0276  0.0277  0.0277  0.0277  0.0277  0.0276  0.0277  0.0275  0.0276
  0.0275  0.0275  0.0275  0.0275  0.0275  0.0275  0.0275  0.0275  0.0275  0.0275  0.0275  0.0275
  0.0275  0.0275  0.0275  0.0275  0.0275  0.0274  0.0274  0.0274  0.0274  0.0274  0.0274  0.0275
  0.0275  0.0275  0.0275  0.0275  0.0275  0.0275  0.0275  0.0275  0.0275  0.0275  0.0275  0.0275
  0.0277  0.0276  0.0276  0.0276  0.0277  0.0276  0.0276  0.0277  0.0276  0.0277  0.0275  0.0276
  0.0279  0.0278  0.0277  0.0277  0.0280  0.0279  0.0279  0.0281  0.0278  0.0280  0.0276  0.0277
    0.5323  -12.4117   11.8168  -10.5827  -19.5373   -5.4166
    0.3024   16.6603   -1.2835   15.3614  -15.7891  -17.0309
eta,q 0.97255 15.06502

---------------------------------------------------------------------
imgreg_4dfp /opt/freesurfer/average/711-2C_as_mni_average_305 /opt/freesurfer/average/711-2B_as_mni_average_305_mask talsrcimg_g11 none talsrcimg_to_711-2C_as_mni_average_305_t4 2311
---------------------------------------------------------------------

freesurfer imgreg_4dfp.c
/opt/freesurfer/average/711-2C_as_mni_average_305.4dfp.img
       256       256       256         1
  1.000000  1.000000  1.000000
orientation T byte_order littleendian
Reading image: /opt/freesurfer/average/711-2C_as_mni_average_305.4dfp.img
dimensions:      256       256       256
mmppix:       1.0000   -1.0000   -1.0000
center:     128.0000 -129.0000 -129.0000
/opt/freesurfer/average/711-2B_as_mni_average_305_mask.4dfp.img
       256       256       256         1
  1.000000  1.000000  1.000000
orientation T byte_order littleendian
Reading mask: /opt/freesurfer/average/711-2B_as_mni_average_305_mask.4dfp.img (2306576 pixels)
talsrcimg_g11.4dfp.img
       256       256       256         1
  1.000000  1.000000  1.000000
orientation T byte_order littleendian
Reading image: talsrcimg_g11.4dfp.img
dimensions:      256       256       256
mmppix:       1.0000   -1.0000   -1.0000
center:     128.0000 -129.0000 -129.0000
fimgreg.f
image alignment mode   2311 decimal      907 hex
parameters
    0.5323  -12.4117   11.8168  -10.5827  -19.5373   -5.4166
    0.3024   16.6603   -1.2835   15.3614  -15.7891  -17.0309
eta,q 0.97255 15.06503
niter,ni,del,rscale     5    3    5.0000    0.8000
parameters
    0.5337  -12.4254   11.8102  -10.7087  -19.8463   -5.7325
    0.3075   16.6411   -1.2516   15.2465  -15.8200  -16.8895
eta,q 0.97250 15.03477
  0.0291  0.0289  0.0283  0.0284  0.0293  0.0290  0.0292  0.0297  0.0288  0.0293  0.0280  0.0284
  0.0282  0.0281  0.0278  0.0279  0.0284  0.0282  0.0283  0.0286  0.0281  0.0283  0.0277  0.0279
  0.0276  0.0276  0.0276  0.0276  0.0277  0.0277  0.0277  0.0278  0.0276  0.0277  0.0276  0.0276
  0.0275  0.0275  0.0275  0.0274  0.0274  0.0275  0.0275  0.0275  0.0275  0.0275  0.0275  0.0275
  0.0277  0.0276  0.0276  0.0276  0.0277  0.0276  0.0277  0.0278  0.0276  0.0277  0.0276  0.0276
  0.0282  0.0281  0.0279  0.0280  0.0285  0.0283  0.0282  0.0285  0.0281  0.0284  0.0277  0.0279
  0.0291  0.0289  0.0283  0.0286  0.0301  0.0297  0.0292  0.0298  0.0288  0.0295  0.0280  0.0283
niter,ni,del,rscale     4    3    5.0000    0.7000
parameters
    0.5454  -12.3629   11.8299  -10.5710  -19.7351   -5.7066
    0.3161   16.6397   -1.2341   15.2898  -15.8056  -16.8654
eta,q 0.97252 15.04487
  0.0288  0.0286  0.0282  0.0283  0.0291  0.0288  0.0288  0.0292  0.0285  0.0290  0.0279  0.0282
  0.0281  0.0280  0.0278  0.0279  0.0284  0.0281  0.0281  0.0283  0.0280  0.0282  0.0277  0.0278
  0.0277  0.0276  0.0276  0.0276  0.0278  0.0277  0.0276  0.0277  0.0276  0.0277  0.0275  0.0275
  0.0275  0.0275  0.0275  0.0275  0.0275  0.0275  0.0275  0.0275  0.0275  0.0275  0.0275  0.0275
  0.0276  0.0276  0.0276  0.0276  0.0276  0.0275  0.0276  0.0277  0.0276  0.0276  0.0275  0.0276
  0.0281  0.0279  0.0278  0.0278  0.0281  0.0280  0.0281  0.0283  0.0279  0.0281  0.0277  0.0278
  0.0287  0.0285  0.0281  0.0283  0.0291  0.0289  0.0288  0.0293  0.0285  0.0289  0.0279  0.0281
niter,ni,del,rscale     3    3    5.0000    0.6000
parameters
    0.5439  -12.3807   11.8255  -10.5529  -19.6429   -5.5966
    0.3079   16.6489   -1.2421   15.3082  -15.7909  -16.9117
eta,q 0.97254 15.05382
  0.0284  0.0282  0.0280  0.0281  0.0287  0.0285  0.0284  0.0288  0.0282  0.0286  0.0278  0.0280
  0.0279  0.0278  0.0277  0.0278  0.0281  0.0280  0.0279  0.0281  0.0278  0.0280  0.0276  0.0277
  0.0276  0.0276  0.0275  0.0276  0.0277  0.0276  0.0276  0.0276  0.0276  0.0276  0.0275  0.0275
  0.0275  0.0275  0.0275  0.0275  0.0275  0.0275  0.0275  0.0275  0.0275  0.0275  0.0275  0.0275
  0.0276  0.0276  0.0275  0.0275  0.0275  0.0275  0.0276  0.0276  0.0276  0.0276  0.0275  0.0275
  0.0279  0.0278  0.0277  0.0277  0.0279  0.0278  0.0279  0.0281  0.0278  0.0280  0.0276  0.0277
  0.0284  0.0283  0.0280  0.0281  0.0287  0.0284  0.0285  0.0288  0.0282  0.0286  0.0278  0.0280
niter,ni,del,rscale     2    3    5.0000    0.5000
parameters
    0.5396  -12.3979   11.8281  -10.5764  -19.5760   -5.4981
    0.3074   16.6547   -1.2557   15.3272  -15.7985  -16.9615
eta,q 0.97255 15.05953
  0.0281  0.0280  0.0278  0.0279  0.0283  0.0281  0.0281  0.0284  0.0280  0.0283  0.0277  0.0278
  0.0278  0.0277  0.0276  0.0277  0.0279  0.0278  0.0278  0.0279  0.0277  0.0278  0.0276  0.0276
  0.0275  0.0275  0.0275  0.0275  0.0276  0.0276  0.0275  0.0276  0.0275  0.0275  0.0275  0.0275
  0.0275  0.0275  0.0275  0.0275  0.0275  0.0275  0.0275  0.0275  0.0275  0.0275  0.0275  0.0275
  0.0275  0.0275  0.0275  0.0275  0.0275  0.0275  0.0275  0.0276  0.0275  0.0275  0.0275  0.0275
  0.0278  0.0277  0.0276  0.0277  0.0278  0.0277  0.0278  0.0279  0.0277  0.0278  0.0276  0.0276
  0.0281  0.0280  0.0278  0.0279  0.0283  0.0281  0.0282  0.0284  0.0280  0.0282  0.0277  0.0278
niter,ni,del,rscale     1    3    5.0000    0.4000
parameters
    0.5341  -12.4116   11.8276  -10.6001  -19.5239   -5.4257
    0.3110   16.6652   -1.2803   15.3412  -15.7735  -17.0082
eta,q 0.97255 15.06330
  0.0279  0.0278  0.0277  0.0277  0.0280  0.0279  0.0279  0.0281  0.0278  0.0280  0.0276  0.0277
  0.0276  0.0276  0.0276  0.0276  0.0277  0.0277  0.0277  0.0277  0.0276  0.0277  0.0275  0.0276
  0.0275  0.0275  0.0275  0.0275  0.0275  0.0275  0.0275  0.0275  0.0275  0.0275  0.0275  0.0275
  0.0275  0.0275  0.0275  0.0275  0.0275  0.0275  0.0275  0.0275  0.0275  0.0275  0.0275  0.0275
  0.0275  0.0275  0.0275  0.0275  0.0275  0.0275  0.0275  0.0275  0.0275  0.0275  0.0275  0.0275
  0.0277  0.0276  0.0276  0.0276  0.0277  0.0276  0.0276  0.0277  0.0276  0.0277  0.0275  0.0276
  0.0279  0.0278  0.0277  0.0277  0.0280  0.0279  0.0279  0.0281  0.0278  0.0280  0.0276  0.0277
registration optimization eta report
parameter search radius
    0.8000    0.8000    0.8000    2.4000    2.4000    2.4000
    2.4000    2.4000    2.4000    2.4000    2.4000    2.4000
100000*second partial in parameter space
       67.       56.       36.        5.       10.        7.
        8.       11.        6.        9.        3.        4.
  0.0279  0.0278  0.0277  0.0277  0.0280  0.0279  0.0279  0.0281  0.0278  0.0280  0.0276  0.0277
  0.0276  0.0276  0.0276  0.0276  0.0277  0.0277  0.0277  0.0277  0.0276  0.0277  0.0275  0.0276
  0.0275  0.0275  0.0275  0.0275  0.0275  0.0275  0.0275  0.0275  0.0275  0.0275  0.0275  0.0275
  0.0275  0.0275  0.0275  0.0275  0.0275  0.0275  0.0275  0.0275  0.0275  0.0275  0.0275  0.0275
  0.0275  0.0275  0.0275  0.0275  0.0275  0.0275  0.0275  0.0275  0.0275  0.0275  0.0275  0.0275
  0.0277  0.0276  0.0276  0.0276  0.0277  0.0276  0.0276  0.0277  0.0276  0.0277  0.0275  0.0276
  0.0279  0.0278  0.0277  0.0277  0.0280  0.0279  0.0279  0.0281  0.0278  0.0280  0.0276  0.0277
    0.5341  -12.4116   11.8276  -10.6001  -19.5239   -5.4257
    0.3110   16.6652   -1.2803   15.3412  -15.7735  -17.0082
eta,q 0.97255 15.06330

---------------------------------------------------------------------
compute_vox2vox talsrcimg talsrcimg_to_711-2C_as_mni_average_305_t4 /opt/freesurfer/average/711-2C_as_mni_average_305
---------------------------------------------------------------------

freesurfer compute_vox2vox.c
Reading: talsrcimg.4dfp.ifh
Reading: talsrcimg_to_711-2C_as_mni_average_305_t4
Reading: /opt/freesurfer/average/711-2C_as_mni_average_305.4dfp.ifh
Writing: talsrcimg_to_711-2C_as_mni_average_305_t4_vox2vox.txt

start time Sun Mar 8 22:19:36 CET 2026
end		time Sun Mar 8 22:21:03 CET 2026

mpr2mni305 success

avi2talxfm orig_nu.mgz /opt/freesurfer/average/mni305.cor.mgz talsrcimg_to_711-2C_as_mni_average_305_t4_vox2vox.txt transforms/talairach.auto.xfm
avi2talxfm done
mv -f /out/sourcedata/freesurfer/sub-v1s16x0051168_ses-1/mri/talsrcimg_to_711-2C_as_mni_average_305_t4_vox2vox.txt /out/sourcedata/freesurfer/sub-v1s16x0051168_ses-1/mri/transforms/talsrcimg_to_711-2C_as_mni_average_305_t4_vox2vox.txt
lta_convert --src orig_nu.mgz --trg /opt/freesurfer/average/mni305.cor.mgz --inxfm transforms/talairach.auto.xfm --outlta transforms/talairach.auto.xfm.lta --subject fsaverage
7.3.2

--src: orig_nu.mgz src image (geometry).
--trg: /opt/freesurfer/average/mni305.cor.mgz trg image (geometry).
--inmni: transforms/talairach.auto.xfm input MNI/XFM transform.
--outlta: transforms/talairach.auto.xfm.lta output LTA.
--s: fsaverage subject name
 LTA read, type : 1
 1.08544  -0.18427  -0.04314   0.28938;
 0.17804   0.99210   0.20899  -8.71492;
-0.01667  -0.19206   1.20208   21.46062;
 0.00000   0.00000   0.00000   1.00000;
setting subject to fsaverage
Writing  LTA to file transforms/talairach.auto.xfm.lta...
lta_convert successful.
 
 
Started at Sun Mar 8 22:19:36 CET 2026
Ended   at Sun Mar  8 22:21:04 CET 2026
talairach_avi done
