/out/sourcedata/freesurfer/sub-v1s16x0051163_ses-1/mri
/opt/freesurfer/bin/talairach_avi
--i orig_nu.mgz --xfm transforms/talairach.auto.xfm
talairach_avi 7.3.2
Linux dna006 5.14.0-427.37.1.el9_4.x86_64 #1 SMP PREEMPT_DYNAMIC Fri Sep 13 12:41:50 EDT 2024 x86_64 x86_64 x86_64 GNU/Linux
Sun Mar  8 22:09:06 CET 2026
mri_convert orig_nu.mgz talsrcimg.img 
reading from orig_nu.mgz...
TR=0.00, TE=0.00, TI=0.00, flip angle=0.00
i_ras = (-1, 0, 0)
j_ras = (0, 0, -1)
k_ras = (0, 1, 0)
writing to talsrcimg.img...
Analyze Output Matrix
-1.00000   0.00000   0.00000   121.81622;
 0.00000   0.00000   1.00000  -132.93295;
 0.00000  -1.00000   0.00000   122.98722;
 0.00000   0.00000   0.00000   1.00000;
--------------------
INFO: set hdr.hist.orient to -1
mpr2mni305 talsrcimg
Sun Mar  8 22:09:06 CET 2026
/opt/freesurfer/bin/mpr2mni305 talsrcimg
mpr2mni305 7.3.2
target=711-2C_as_mni_average_305

---------------------------------------------------------------------
analyzeto4dfp talsrcimg -O0 -y
---------------------------------------------------------------------

freesurfer ifh2hdr.c
Sun Mar  8 22:09:07 2026
Writing: talsrcimg.4dfp.hdr
freesurfer analyzeto4dfp.c
Reading: talsrcimg.hdr
header size 348 bytes
hdr.dime.datatype	offset=70	value=2
hdr.dime.bitpix		offset=72	value=8
hdr.hist.orient		offset=252	value=-1
dimensionality     4
dimensions       256       256       256         1
Reading: talsrcimg.img
Writing: talsrcimg.4dfp.img
Writing: talsrcimg.4dfp.ifh
ifh2hdr talsrcimg -r0to220
ori=2

---------------------------------------------------------------------
gauss_4dfp talsrcimg 1.1
---------------------------------------------------------------------

freesurfer gauss_4dfp.c
Reading: talsrcimg.4dfp.img
Writing: talsrcimg_g11.4dfp.img
image dimensions 256 256 256 padded to 288 288 288
processing volume 1freesurfer ifh2hdr.c
Sun Mar  8 22:09:08 2026
Writing: talsrcimg_g11.4dfp.hdr

Writing: talsrcimg_g11.4dfp.ifh
including: talsrcimg.4dfp.img.rec in talsrcimg_g11.4dfp.img.rec

---------------------------------------------------------------------
imgreg_4dfp /opt/freesurfer/average/711-2C_as_mni_average_305 none talsrcimg_g11 none talsrcimg_to_711-2C_as_mni_average_305_t4 4355
---------------------------------------------------------------------

freesurfer imgreg_4dfp.c
/opt/freesurfer/average/711-2C_as_mni_average_305.4dfp.img
       256       256       256         1
  1.000000  1.000000  1.000000
orientation T byte_order littleendian
Reading image: /opt/freesurfer/average/711-2C_as_mni_average_305.4dfp.img
dimensions:      256       256       256
mmppix:       1.0000   -1.0000   -1.0000
center:     128.0000 -129.0000 -129.0000
talsrcimg_g11.4dfp.img
       256       256       256         1
  1.000000  1.000000  1.000000
orientation T byte_order littleendian
Reading image: talsrcimg_g11.4dfp.img
dimensions:      256       256       256
mmppix:       1.0000   -1.0000   -1.0000
center:     128.0000 -129.0000 -129.0000
t4_read: open error in t4_sub.f l:  41 t4_file(1:l)talsrcimg_to_711-2C_as_mni_average_305_t4 
t4_read: transform initialized to I4
rotation matrix determinant  1.000000
image alignment mode   4355 decimal     1103 hex
   -7.5000  -45.0000  -45.0000 6834.0898   22.7929
    0.0000  -45.0000  -45.0000 7120.0757   22.7906
    7.5000  -45.0000  -45.0000 6731.4023   22.7786
   -7.5000  -37.5000  -45.0000 7384.0820   22.7467
    0.0000  -37.5000  -45.0000 7692.1113   22.7354
    7.5000  -37.5000  -45.0000 7261.2231   22.7160
   -7.5000  -30.0000  -45.0000 8147.3828   22.7450
    0.0000  -30.0000  -45.0000 8477.9189   22.7455
    7.5000  -30.0000  -45.0000 8032.7461   22.7361
   -7.5000  -22.5000  -45.0000 8837.6045   22.7739
    0.0000  -22.5000  -45.0000 9226.9902   22.7973
    7.5000  -22.5000  -45.0000 8738.1055   22.8043
   -7.5000  -15.0000  -45.0000 9493.1533   22.7604
    0.0000  -15.0000  -45.0000 9930.1855   22.7959
    7.5000  -15.0000  -45.0000 9378.2529   22.8109
   -7.5000   -7.5000  -45.000010223.1143   22.7079
    0.0000   -7.5000  -45.000010667.4365   22.7296
    7.5000   -7.5000  -45.000010043.0879   22.7355
   -7.5000    0.0000  -45.000010853.9561   22.6759
    0.0000    0.0000  -45.000011330.2676   22.6739
    7.5000    0.0000  -45.000010660.2295   22.6621
   -7.5000    7.5000  -45.000010681.9541   22.6995
    0.0000    7.5000  -45.000011161.5928   22.6884
    7.5000    7.5000  -45.000010513.6494   22.6692
   -7.5000   15.0000  -45.000010255.3008   22.7449
    0.0000   15.0000  -45.000010741.5781   22.7454
    7.5000   15.0000  -45.000010122.2305   22.7360
   -7.5000   22.5000  -45.0000 9822.1357   22.7707
    0.0000   22.5000  -45.000010266.9590   22.7941
    7.5000   22.5000  -45.0000 9659.6523   22.8012
   -7.5000   30.0000  -45.0000 9117.5605   22.4570
    0.0000   30.0000  -45.0000 9510.6816   22.4922
    7.5000   30.0000  -45.0000 8942.6289   22.5070
   -7.5000   37.5000  -45.0000 8699.2041   22.4053
    0.0000   37.5000  -45.0000 9078.8047   22.4267
    7.5000   37.5000  -45.0000 8498.7139   22.4325
   -7.5000   45.0000  -45.0000 7981.4922   21.8056
    0.0000   45.0000  -45.0000 8342.5928   21.8036
    7.5000   45.0000  -45.0000 7797.1553   21.7923
   -7.5000  -45.0000  -37.5000 7337.7598   22.5050
    0.0000  -45.0000  -37.5000 7645.3950   22.4994
    7.5000  -45.0000  -37.5000 7224.4229   22.4835
   -7.5000  -37.5000  -37.5000 7949.1416   22.4626
    0.0000  -37.5000  -37.5000 8274.6611   22.4459
    7.5000  -37.5000  -37.5000 7806.0366   22.4246
   -7.5000  -30.0000  -37.5000 8796.2412   22.4619
    0.0000  -30.0000  -37.5000 9135.2510   22.4519
    7.5000  -30.0000  -37.5000 8621.3262   22.4441
   -7.5000  -22.5000  -37.5000 9520.2979   22.4854
    0.0000  -22.5000  -37.5000 9921.7197   22.4942
    7.5000  -22.5000  -37.5000 9356.2822   22.5053
   -7.5000  -15.0000  -37.500010179.9248   22.4669
    0.0000  -15.0000  -37.500010616.9258   22.4879
    7.5000  -15.0000  -37.500010008.2949   22.5055
   -7.5000   -7.5000  -37.500010908.8633   22.4152
    0.0000   -7.5000  -37.500011337.1504   22.4285
    7.5000   -7.5000  -37.500010661.8115   22.4328
   -7.5000    0.0000  -37.500011551.4189   22.3878
    0.0000    0.0000  -37.500012032.9912   22.3823
    7.5000    0.0000  -37.500011318.7197   22.3667
   -7.5000    7.5000  -37.500011327.6963   22.4159
    0.0000    7.5000  -37.500011829.7100   22.3993
    7.5000    7.5000  -37.500011148.4365   22.3781
   -7.5000   15.0000  -37.500010884.0469   22.4618
    0.0000   15.0000  -37.500011409.5967   22.4518
    7.5000   15.0000  -37.500010714.3350   22.4440
   -7.5000   22.5000  -37.500010415.6318   22.4823
    0.0000   22.5000  -37.500010901.7803   22.4912
    7.5000   22.5000  -37.500010204.9238   22.5022
   -7.5000   30.0000  -37.5000 9631.6875   22.1675
    0.0000   30.0000  -37.500010076.2041   22.1882
    7.5000   30.0000  -37.5000 9411.4482   22.2056
   -7.5000   37.5000  -37.5000 9140.1807   22.1165
    0.0000   37.5000  -37.5000 9558.1562   22.1296
    7.5000   37.5000  -37.5000 8931.3535   22.1339
   -7.5000   45.0000  -37.5000 8365.8164   21.5285
    0.0000   45.0000  -37.5000 8768.5908   21.5233
    7.5000   45.0000  -37.5000 8186.3872   21.5082
   -7.5000  -45.0000  -30.0000 8056.1562   23.3772
    0.0000  -45.0000  -30.0000 8387.7441   23.3778
    7.5000  -45.0000  -30.0000 7928.7793   23.3557
   -7.5000  -37.5000  -30.0000 8715.8574   23.3323
    0.0000  -37.5000  -30.0000 9071.8848   23.3175
    7.5000  -37.5000  -30.0000 8567.1719   23.2923
   -7.5000  -30.0000  -30.0000 9614.8779   23.3291
    0.0000  -30.0000  -30.0000 9988.4248   23.3123
    7.5000  -30.0000  -30.0000 9427.1670   23.3039
   -7.5000  -22.5000  -30.000010408.4736   23.3480
    0.0000  -22.5000  -30.000010841.7510   23.3442
    7.5000  -22.5000  -30.000010240.8320   23.3558
   -7.5000  -15.0000  -30.000011131.4150   23.3272
    0.0000  -15.0000  -30.000011609.6504   23.3382
    7.5000  -15.0000  -30.000010949.5742   23.3541
   -7.5000   -7.5000  -30.000011884.8174   23.2782
    0.0000   -7.5000  -30.000012382.5195   23.2915
    7.5000   -7.5000  -30.000011656.2314   23.2907
   -7.5000    0.0000  -30.000012565.7793   23.2536
    0.0000    0.0000  -30.000013090.4736   23.2542
    7.5000    0.0000  -30.000012340.5557   23.2325
   -7.5000    7.5000  -30.000012288.7822   23.2836
    0.0000    7.5000  -30.000012814.9912   23.2689
    7.5000    7.5000  -30.000012072.6807   23.2439
   -7.5000   15.0000  -30.000011839.8789   23.3290
    0.0000   15.0000  -30.000012343.3564   23.3122
    7.5000   15.0000  -30.000011591.2637   23.3038
   -7.5000   22.5000  -30.000011293.4834   23.3424
    0.0000   22.5000  -30.000011775.9082   23.3386
    7.5000   22.5000  -30.000011036.2861   23.3502
   -7.5000   30.0000  -30.000010413.9795   23.0185
    0.0000   30.0000  -30.000010860.9785   23.0293
    7.5000   30.0000  -30.000010152.2529   23.0451
   -7.5000   37.5000  -30.0000 9855.7529   22.9702
    0.0000   37.5000  -30.000010302.5000   22.9833
    7.5000   37.5000  -30.0000 9620.2764   22.9825
   -7.5000   45.0000  -30.0000 8978.8301   22.3775
    0.0000   45.0000  -30.0000 9418.4219   22.3781
    7.5000   45.0000  -30.0000 8807.9805   22.3572
   -7.5000  -45.0000  -22.5000 8796.4941   24.1719
    0.0000  -45.0000  -22.5000 9171.6328   24.1824
    7.5000  -45.0000  -22.5000 8651.5488   24.1580
   -7.5000  -37.5000  -22.5000 9490.0879   24.1198
    0.0000  -37.5000  -22.5000 9865.8027   24.1141
    7.5000  -37.5000  -22.5000 9325.7695   24.0877
   -7.5000  -30.0000  -22.500010459.4795   24.1147
    0.0000  -30.0000  -22.500010859.0957   24.1029
    7.5000  -30.0000  -22.500010273.1680   24.0915
   -7.5000  -22.5000  -22.500011348.1592   24.1370
    0.0000  -22.5000  -22.500011788.9502   24.1346
    7.5000  -22.5000  -22.500011155.8018   24.1401
   -7.5000  -15.0000  -22.500012161.6211   24.1208
    0.0000  -15.0000  -22.500012656.2227   24.1344
    7.5000  -15.0000  -22.500011975.4150   24.1425
   -7.5000   -7.5000  -22.500012934.0996   24.0731
    0.0000   -7.5000  -22.500013492.2021   24.0933
    7.5000   -7.5000  -22.500012756.1836   24.0869
   -7.5000    0.0000  -22.500013609.9941   24.0442
    0.0000    0.0000  -22.500014195.8848   24.0547
    7.5000    0.0000  -22.500013425.3867   24.0307
   -7.5000    7.5000  -22.500013288.4785   24.0695
    0.0000    7.5000  -22.500013871.2891   24.0639
    7.5000    7.5000  -22.500013094.9023   24.0376
   -7.5000   15.0000  -22.500012804.2822   24.1146
    0.0000   15.0000  -22.500013357.3525   24.1027
    7.5000   15.0000  -22.500012583.7666   24.0914
   -7.5000   22.5000  -22.500012213.1680   24.1295
    0.0000   22.5000  -22.500012743.6523   24.1272
    7.5000   22.5000  -22.500011994.3379   24.1327
   -7.5000   30.0000  -22.500011263.2939   23.8053
    0.0000   30.0000  -22.500011765.2480   23.8188
    7.5000   30.0000  -22.500011039.9404   23.8267
   -7.5000   37.5000  -22.500010644.5645   23.7582
    0.0000   37.5000  -22.500011127.9365   23.7782
    7.5000   37.5000  -22.500010436.8457   23.7719
   -7.5000   45.0000  -22.5000 9664.8311   23.1557
    0.0000   45.0000  -22.500010132.6094   23.1658
    7.5000   45.0000  -22.5000 9483.7393   23.1427
   -7.5000  -45.0000  -15.0000 9486.9678   24.7261
    0.0000  -45.0000  -15.0000 9889.6055   24.7417
    7.5000  -45.0000  -15.0000 9347.7373   24.7223
   -7.5000  -37.5000  -15.000010218.8232   24.6678
    0.0000  -37.5000  -15.000010637.3115   24.6687
    7.5000  -37.5000  -15.000010068.7295   24.6448
   -7.5000  -30.0000  -15.000011283.6230   24.6613
    0.0000  -30.0000  -15.000011744.7646   24.6590
    7.5000  -30.0000  -15.000011126.8799   24.6447
   -7.5000  -22.5000  -15.000012270.0654   24.6895
    0.0000  -22.5000  -15.000012749.9189   24.6996
    7.5000  -22.5000  -15.000012106.5684   24.6985
   -7.5000  -15.0000  -15.000013192.7002   24.6785
    0.0000  -15.0000  -15.000013738.0781   24.7052
    7.5000  -15.0000  -15.000013010.4102   24.7085
   -7.5000   -7.5000  -15.000013995.0029   24.6297
    0.0000   -7.5000  -15.000014633.5059   24.6588
    7.5000   -7.5000  -15.000013897.6953   24.6538
   -7.5000    0.0000  -15.000014672.2627   24.5960
    0.0000    0.0000  -15.000015378.8535   24.6116
    7.5000    0.0000  -15.000014619.7822   24.5927
   -7.5000    7.5000  -15.000014365.5840   24.6164
    0.0000    7.5000  -15.000015043.7031   24.6173
    7.5000    7.5000  -15.000014250.8506   24.5935
   -7.5000   15.0000  -15.000013780.9541   24.6612
    0.0000   15.0000  -15.000014423.5049   24.6589
    7.5000   15.0000  -15.000013670.9062   24.6446
   -7.5000   22.5000  -15.000013115.1816   24.6808
    0.0000   22.5000  -15.000013720.9707   24.6909
    7.5000   22.5000  -15.000012990.8320   24.6897
   -7.5000   30.0000  -15.000012121.9170   24.3591
    0.0000   30.0000  -15.000012690.2764   24.3854
    7.5000   30.0000  -15.000011970.1797   24.3887
   -7.5000   37.5000  -15.000011430.1250   24.3109
    0.0000   37.5000  -15.000011970.4863   24.3396
    7.5000   37.5000  -15.000011280.2070   24.3347
   -7.5000   45.0000  -15.000010357.1270   23.7015
    0.0000   45.0000  -15.000010854.4912   23.7165
    7.5000   45.0000  -15.000010207.6045   23.6983
   -7.5000  -45.0000   -7.500010190.0664   24.9974
    0.0000  -45.0000   -7.500010627.1455   25.0075
    7.5000  -45.0000   -7.500010081.4580   24.9945
   -7.5000  -37.5000   -7.500010969.5195   24.9403
    0.0000  -37.5000   -7.500011443.5127   24.9387
    7.5000  -37.5000   -7.500010847.3408   24.9175
   -7.5000  -30.0000   -7.500012168.3086   24.9348
    0.0000  -30.0000   -7.500012705.3418   24.9396
    7.5000  -30.0000   -7.500012061.8320   24.9255
   -7.5000  -22.5000   -7.500013290.5215   24.9654
    0.0000  -22.5000   -7.500013888.7402   24.9906
    7.5000  -22.5000   -7.500013161.2148   24.9909
   -7.5000  -15.0000   -7.500014278.7705   24.9536
    0.0000  -15.0000   -7.500014942.3984   24.9943
    7.5000  -15.0000   -7.500014161.2383   25.0027
   -7.5000   -7.5000   -7.500015079.4072   24.9009
    0.0000   -7.5000   -7.500015841.7480   24.9330
    7.5000   -7.5000   -7.500015100.3633   24.9354
   -7.5000    0.0000   -7.500015824.6592   24.8664
    0.0000    0.0000   -7.500016630.7031   24.8766
    7.5000    0.0000   -7.500015881.1650   24.8640
   -7.5000    7.5000   -7.500015503.6357   24.8882
    0.0000    7.5000   -7.500016294.6621   24.8867
    7.5000    7.5000   -7.500015525.9902   24.8658
   -7.5000   15.0000   -7.500014815.8535   24.9346
    0.0000   15.0000   -7.500015584.1250   24.9395
    7.5000   15.0000   -7.500014837.1445   24.9254
   -7.5000   22.5000   -7.500014104.4482   24.9539
    0.0000   22.5000   -7.500014788.0000   24.9791
    7.5000   22.5000   -7.500014051.4287   24.9793
   -7.5000   30.0000   -7.500013036.5098   24.6300
    0.0000   30.0000   -7.500013666.0518   24.6702
    7.5000   30.0000   -7.500012960.4434   24.6784
   -7.5000   37.5000   -7.500012311.5635   24.5780
    0.0000   37.5000   -7.500012933.8262   24.6097
    7.5000   37.5000   -7.500012223.8740   24.6120
   -7.5000   45.0000   -7.500011135.2129   23.9666
    0.0000   45.0000   -7.500011693.2676   23.9764
    7.5000   45.0000   -7.500011031.4053   23.9643
   -7.5000  -45.0000    0.000010859.4912   25.0555
    0.0000  -45.0000    0.000011365.7666   25.0547
    7.5000  -45.0000    0.000010777.9668   25.0420
   -7.5000  -37.5000    0.000011697.8643   25.0034
    0.0000  -37.5000    0.000012242.1357   24.9933
    7.5000  -37.5000    0.000011607.6846   24.9723
   -7.5000  -30.0000    0.000013007.6104   25.0012
    0.0000  -30.0000    0.000013645.4600   25.0038
    7.5000  -30.0000    0.000012901.2168   24.9929
   -7.5000  -22.5000    0.000014327.9873   25.0315
    0.0000  -22.5000    0.000015068.5869   25.0584
    7.5000  -22.5000    0.000014198.1396   25.0651
   -7.5000  -15.0000    0.000015395.8848   25.0153
    0.0000  -15.0000    0.000016226.6533   25.0549
    7.5000  -15.0000    0.000015316.3379   25.0706
   -7.5000   -7.5000    0.000016086.3389   24.9578
    0.0000   -7.5000    0.000017050.6758   24.9826
    7.5000   -7.5000    0.000016277.0127   24.9890
   -7.5000    0.0000    0.000016824.0996   24.9241
    0.0000    0.0000    0.000017841.7480   24.9236
    7.5000    0.0000    0.000017091.7578   24.9112
   -7.5000    7.5000    0.000016470.0117   24.9512
    0.0000    7.5000    0.000017504.2070   24.9412
    7.5000    7.5000    0.000016688.4395   24.9204
   -7.5000   15.0000    0.000015783.8096   25.0011
    0.0000   15.0000    0.000016735.1895   25.0037
    7.5000   15.0000    0.000015886.9697   24.9928
   -7.5000   22.5000    0.000015011.2646   25.0200
    0.0000   22.5000    0.000015822.2148   25.0469
    7.5000   22.5000    0.000014996.9688   25.0535
   -7.5000   30.0000    0.000013885.5781   24.6915
    0.0000   30.0000    0.000014609.3984   24.7307
    7.5000   30.0000    0.000013823.0742   24.7461
   -7.5000   37.5000    0.000013173.1357   24.6348
    0.0000   37.5000    0.000013866.6006   24.6593
    7.5000   37.5000    0.000013082.6680   24.6656
   -7.5000   45.0000    0.000011899.8340   24.0240
    0.0000   45.0000    0.000012506.7627   24.0235
    7.5000   45.0000    0.000011787.9766   24.0115
   -7.5000  -45.0000    7.500010730.2090   25.0838
    0.0000  -45.0000    7.500011234.2295   25.0785
    7.5000  -45.0000    7.500010668.4619   25.0610
   -7.5000  -37.5000    7.500011525.0283   25.0358
    0.0000  -37.5000    7.500012050.2705   25.0182
    7.5000  -37.5000    7.500011444.4883   24.9946
   -7.5000  -30.0000    7.500012780.7773   25.0346
    0.0000  -30.0000    7.500013387.6299   25.0242
    7.5000  -30.0000    7.500012715.3428   25.0155
   -7.5000  -22.5000    7.500014226.6104   25.0598
    0.0000  -22.5000    7.500015014.3271   25.0700
    7.5000  -22.5000    7.500014072.1514   25.0821
   -7.5000  -15.0000    7.500015460.5566   25.0385
    0.0000  -15.0000    7.500016524.1602   25.0623
    7.5000  -15.0000    7.500015390.3545   25.0816
   -7.5000   -7.5000    7.500016050.8271   24.9814
    0.0000   -7.5000    7.500017335.3008   24.9968
    7.5000   -7.5000    7.500016326.0996   25.0016
   -7.5000    0.0000    7.500016668.7383   24.9517
    0.0000    0.0000    7.500017940.9160   24.9467
    7.5000    0.0000    7.500017060.8750   24.9293
   -7.5000    7.5000    7.500016325.2148   24.9835
    0.0000    7.5000    7.500017451.5312   24.9661
    7.5000    7.5000    7.500016562.0332   24.9427
   -7.5000   15.0000    7.500015660.8730   25.0344
    0.0000   15.0000    7.500016604.6211   25.0241
    7.5000   15.0000    7.500015698.6543   25.0154
   -7.5000   22.5000    7.500014836.0986   25.0482
    0.0000   22.5000    7.500015643.6982   25.0585
    7.5000   22.5000    7.500014780.6104   25.0706
   -7.5000   30.0000    7.500013718.5586   24.7144
    0.0000   30.0000    7.500014426.4219   24.7379
    7.5000   30.0000    7.500013634.4287   24.7570
   -7.5000   37.5000    7.500013051.0234   24.6581
    0.0000   37.5000    7.500013712.1260   24.6733
    7.5000   37.5000    7.500012916.6445   24.6780
   -7.5000   45.0000    7.500011821.1309   24.0505
    0.0000   45.0000    7.500012385.3154   24.0457
    7.5000   45.0000    7.500011666.0381   24.0290
   -7.5000  -45.0000   15.000010405.0840   25.1033
    0.0000  -45.0000   15.000010914.5928   25.1039
    7.5000  -45.0000   15.000010371.3867   25.0802
   -7.5000  -37.5000   15.000011156.7451   25.0550
    0.0000  -37.5000   15.000011683.2666   25.0392
    7.5000  -37.5000   15.000011108.6670   25.0121
   -7.5000  -30.0000   15.000012346.4609   25.0517
    0.0000  -30.0000   15.000012962.4844   25.0336
    7.5000  -30.0000   15.000012360.4609   25.0246
   -7.5000  -22.5000   15.000013793.5938   25.0719
    0.0000  -22.5000   15.000014651.1611   25.0679
    7.5000  -22.5000   15.000013735.6211   25.0803
   -7.5000  -15.0000   15.000015193.2871   25.0496
    0.0000  -15.0000   15.000016242.5801   25.0613
    7.5000  -15.0000   15.000014999.6680   25.0785
   -7.5000   -7.5000   15.000015967.8740   24.9969
    0.0000   -7.5000   15.000016990.4297   25.0112
    7.5000   -7.5000   15.000015886.0068   25.0104
   -7.5000    0.0000   15.000016616.2363   24.9705
    0.0000    0.0000   15.000017578.3828   24.9712
    7.5000    0.0000   15.000016582.6016   24.9479
   -7.5000    7.5000   15.000016153.2842   25.0028
    0.0000    7.5000   15.000017008.9766   24.9870
    7.5000    7.5000   15.000016037.4023   24.9601
   -7.5000   15.0000   15.000015347.7637   25.0515
    0.0000   15.0000   15.000016125.2695   25.0335
    7.5000   15.0000   15.000015174.4814   25.0245
   -7.5000   22.5000   15.000014405.6885   25.0604
    0.0000   22.5000   15.000015138.6904   25.0563
    7.5000   22.5000   15.000014259.6689   25.0687
   -7.5000   30.0000   15.000013262.3184   24.7254
    0.0000   30.0000   15.000013964.0078   24.7370
    7.5000   30.0000   15.000013156.6055   24.7540
   -7.5000   37.5000   15.000012647.2695   24.6734
    0.0000   37.5000   15.000013331.7646   24.6875
    7.5000   37.5000   15.000012508.9150   24.6867
   -7.5000   45.0000   15.000011494.8105   24.0687
    0.0000   45.0000   15.000012074.2705   24.0694
    7.5000   45.0000   15.000011332.6318   24.0469
   -7.5000  -45.0000   22.500010035.1221   25.0924
    0.0000  -45.0000   22.500010470.5742   25.1033
    7.5000  -45.0000   22.5000 9992.8350   25.0779
   -7.5000  -37.5000   22.500010747.2842   25.0382
    0.0000  -37.5000   22.500011193.3604   25.0324
    7.5000  -37.5000   22.500010690.3252   25.0049
   -7.5000  -30.0000   22.500011896.9814   25.0330
    0.0000  -30.0000   22.500012446.9170   25.0207
    7.5000  -30.0000   22.500011866.2061   25.0089
   -7.5000  -22.5000   22.500013224.2900   25.0561
    0.0000  -22.5000   22.500014029.0361   25.0537
    7.5000  -22.5000   22.500013139.2812   25.0594
   -7.5000  -15.0000   22.500014474.9414   25.0393
    0.0000  -15.0000   22.500015261.3906   25.0535
    7.5000  -15.0000   22.500014191.5723   25.0619
   -7.5000   -7.5000   22.500015370.7314   24.9898
    0.0000   -7.5000   22.500016065.8506   25.0108
    7.5000   -7.5000   22.500014995.8643   25.0042
   -7.5000    0.0000   22.500016159.6318   24.9598
    0.0000    0.0000   22.500016895.6211   24.9707
    7.5000    0.0000   22.500015837.4697   24.9457
   -7.5000    7.5000   22.500015672.6328   24.9861
    0.0000    7.5000   22.500016401.0820   24.9802
    7.5000    7.5000   22.500015395.1348   24.9529
   -7.5000   15.0000   22.500014794.3506   25.0329
    0.0000   15.0000   22.500015489.8213   25.0206
    7.5000   15.0000   22.500014574.2012   25.0088
   -7.5000   22.5000   22.500013834.2969   25.0446
    0.0000   22.5000   22.500014476.3232   25.0421
    7.5000   22.5000   22.500013654.3818   25.0478
   -7.5000   30.0000   22.500012751.9697   24.7152
    0.0000   30.0000   22.500013367.5508   24.7292
    7.5000   30.0000   22.500012622.6973   24.7375
   -7.5000   37.5000   22.500012166.2090   24.6664
    0.0000   37.5000   22.500012795.5645   24.6871
    7.5000   37.5000   22.500012028.4209   24.6806
   -7.5000   45.0000   22.500011027.7129   24.0583
    0.0000   45.0000   22.500011588.7021   24.0689
    7.5000   45.0000   22.500010889.9961   24.0448
   -7.5000  -45.0000   30.0000 9486.1357   25.0654
    0.0000  -45.0000   30.0000 9890.8135   25.0812
    7.5000  -45.0000   30.0000 9410.5088   25.0616
   -7.5000  -37.5000   30.000010163.7490   25.0063
    0.0000  -37.5000   30.000010587.5283   25.0073
    7.5000  -37.5000   30.000010048.1270   24.9830
   -7.5000  -30.0000   30.000011280.5127   24.9998
    0.0000  -30.0000   30.000011813.2178   24.9974
    7.5000  -30.0000   30.000011204.8438   24.9829
   -7.5000  -22.5000   30.000012414.5830   25.0284
    0.0000  -22.5000   30.000013131.4541   25.0386
    7.5000  -22.5000   30.000012336.6045   25.0374
   -7.5000  -15.0000   30.000013425.6689   25.0171
    0.0000  -15.0000   30.000014078.9678   25.0442
    7.5000  -15.0000   30.000013197.3760   25.0476
   -7.5000   -7.5000   30.000014311.2939   24.9677
    0.0000   -7.5000   30.000014892.3076   24.9972
    7.5000   -7.5000   30.000013979.7803   24.9922
   -7.5000    0.0000   30.000015114.4951   24.9336
    0.0000    0.0000   30.000015796.5469   24.9494
    7.5000    0.0000   30.000014824.2881   24.9302
   -7.5000    7.5000   30.000014733.5928   24.9542
    0.0000    7.5000   30.000015466.7422   24.9551
    7.5000    7.5000   30.000014536.5791   24.9310
   -7.5000   15.0000   30.000013949.1123   24.9997
    0.0000   15.0000   30.000014662.9111   24.9973
    7.5000   15.0000   30.000013809.6494   24.9828
   -7.5000   22.5000   30.000013014.3662   25.0169
    0.0000   22.5000   30.000013656.8271   25.0271
    7.5000   22.5000   30.000012920.0918   25.0259
   -7.5000   30.0000   30.000012028.9023   24.6934
    0.0000   30.0000   30.000012611.6396   24.7201
    7.5000   30.0000   30.000011943.4746   24.7234
   -7.5000   37.5000   30.000011468.9766   24.6446
    0.0000   37.5000   30.000012019.2295   24.6737
    7.5000   37.5000   30.000011355.8701   24.6687
   -7.5000   45.0000   30.000010374.7227   24.0331
    0.0000   45.0000   30.000010853.1484   24.0483
    7.5000   45.0000   30.000010258.6133   24.0298
   -7.5000  -45.0000   37.5000 9236.2266   25.1549
    0.0000  -45.0000   37.5000 9588.3545   25.1651
    7.5000  -45.0000   37.5000 9101.0791   25.1521
   -7.5000  -37.5000   37.5000 9892.3555   25.0981
    0.0000  -37.5000   37.500010273.2061   25.0966
    7.5000  -37.5000   37.5000 9771.0967   25.0751
   -7.5000  -30.0000   37.500010927.6562   25.0930
    0.0000  -30.0000   37.500011432.1895   25.0981
    7.5000  -30.0000   37.500010881.1240   25.0836
   -7.5000  -22.5000   37.500011935.8340   25.1236
    0.0000  -22.5000   37.500012566.7998   25.1492
    7.5000  -22.5000   37.500011885.4268   25.1492
   -7.5000  -15.0000   37.500012844.4629   25.1108
    0.0000  -15.0000   37.500013394.9053   25.1519
    7.5000  -15.0000   37.500012678.1611   25.1603
   -7.5000   -7.5000   37.500013687.3516   25.0571
    0.0000   -7.5000   37.500014223.4727   25.0894
    7.5000   -7.5000   37.500013483.2207   25.0919
   -7.5000    0.0000   37.500014508.0576   25.0226
    0.0000    0.0000   37.500015121.0078   25.0329
    7.5000    0.0000   37.500014340.3672   25.0203
   -7.5000    7.5000   37.500014192.2666   25.0455
    0.0000    7.5000   37.500014866.5762   25.0440
    7.5000    7.5000   37.500014119.6963   25.0229
   -7.5000   15.0000   37.500013530.2100   25.0929
    0.0000   15.0000   37.500014187.4971   25.0980
    7.5000   15.0000   37.500013502.6982   25.0835
   -7.5000   22.5000   37.500012639.6445   25.1121
    0.0000   22.5000   37.500013260.1787   25.1376
    7.5000   22.5000   37.500012644.9805   25.1376
   -7.5000   30.0000   37.500011664.2354   24.7858
    0.0000   30.0000   37.500012252.2900   24.8264
    7.5000   30.0000   37.500011672.9736   24.8346
   -7.5000   37.5000   37.500011082.3955   24.7328
    0.0000   37.5000   37.500011616.4287   24.7647
    7.5000   37.5000   37.500011036.2373   24.7672
   -7.5000   45.0000   37.500010006.3877   24.1189
    0.0000   45.0000   37.500010439.0791   24.1288
    7.5000   45.0000   37.5000 9931.7812   24.1166
   -7.5000  -45.0000   45.0000 8502.4443   25.2199
    0.0000  -45.0000   45.0000 8802.1826   25.2185
    7.5000  -45.0000   45.0000 8381.3242   25.2061
   -7.5000  -37.5000   45.0000 9108.2715   25.1692
    0.0000  -37.5000   45.0000 9447.7549   25.1585
    7.5000  -37.5000   45.0000 9008.7041   25.1375
   -7.5000  -30.0000   45.000010050.6895   25.1687
    0.0000  -30.0000   45.000010491.8486   25.1710
    7.5000  -30.0000   45.000010014.6924   25.1597
   -7.5000  -22.5000   45.000010947.2803   25.1991
    0.0000  -22.5000   45.000011467.2070   25.2259
    7.5000  -22.5000   45.000010894.4258   25.2321
   -7.5000  -15.0000   45.000011752.1729   25.1806
    0.0000  -15.0000   45.000012197.0068   25.2201
    7.5000  -15.0000   45.000011607.1924   25.2356
   -7.5000   -7.5000   45.000012511.3330   25.1205
    0.0000   -7.5000   45.000012977.1895   25.1449
    7.5000   -7.5000   45.000012350.9619   25.1514
   -7.5000    0.0000   45.000013250.5879   25.0864
    0.0000    0.0000   45.000013788.9463   25.0853
    7.5000    0.0000   45.000013106.9463   25.0731
   -7.5000    7.5000   45.000012978.7070   25.1160
    0.0000    7.5000   45.000013547.5625   25.1054
    7.5000    7.5000   45.000012930.2900   25.0847
   -7.5000   15.0000   45.000012410.0107   25.1686
    0.0000   15.0000   45.000012968.3086   25.1708
    7.5000   15.0000   45.000012395.1582   25.1596
   -7.5000   22.5000   45.000011616.9775   25.1874
    0.0000   22.5000   45.000012173.5469   25.2142
    7.5000   22.5000   45.000011618.3799   25.2204
   -7.5000   30.0000   45.000010745.4443   24.8525
    0.0000   30.0000   45.000011252.5166   24.8916
    7.5000   30.0000   45.000010738.7305   24.9068
   -7.5000   37.5000   45.000010161.4990   24.7933
    0.0000   37.5000   45.000010639.5518   24.8173
    7.5000   37.5000   45.000010140.1465   24.8238
   -7.5000   45.0000   45.0000 9158.3018   24.1914
    0.0000   45.0000   45.0000 9590.2559   24.1903
    7.5000   45.0000   45.0000 9123.0469   24.1786

---------------------------------------------------------------------
imgreg_4dfp /opt/freesurfer/average/711-2C_as_mni_average_305 /opt/freesurfer/average/711-2B_as_mni_average_305_mask talsrcimg_g11 none talsrcimg_to_711-2C_as_mni_average_305_t4 4355
---------------------------------------------------------------------

freesurfer imgreg_4dfp.c
/opt/freesurfer/average/711-2C_as_mni_average_305.4dfp.img
       256       256       256         1
  1.000000  1.000000  1.000000
orientation T byte_order littleendian
Reading image: /opt/freesurfer/average/711-2C_as_mni_average_305.4dfp.img
dimensions:      256       256       256
mmppix:       1.0000   -1.0000   -1.0000
center:     128.0000 -129.0000 -129.0000
/opt/freesurfer/average/711-2B_as_mni_average_305_mask.4dfp.img
       256       256       256         1
  1.000000  1.000000  1.000000
orientation T byte_order littleendian
Reading mask: /opt/freesurfer/average/711-2B_as_mni_average_305_mask.4dfp.img (2306576 pixels)
talsrcimg_g11.4dfp.img
       256       256       256         1
  1.000000  1.000000  1.000000
orientation T byte_order littleendian
Reading image: talsrcimg_g11.4dfp.img
dimensions:      256       256       256
mmppix:       1.0000   -1.0000   -1.0000
center:     128.0000 -129.0000 -129.0000
rotation matrix determinant  1.000000
image alignment mode   4355 decimal     1103 hex
   -7.5000  -45.0000  -37.5000 2110.5920   29.8685
    0.0000  -45.0000  -37.5000 2107.8696   30.1376
    7.5000  -45.0000  -37.5000 2091.0752   30.4338
   -7.5000  -37.5000  -37.5000 2220.8071   27.4645
    0.0000  -37.5000  -37.5000 2215.6035   27.7128
    7.5000  -37.5000  -37.5000 2193.5686   28.0157
   -7.5000  -30.0000  -37.5000 2287.3381   25.7519
    0.0000  -30.0000  -37.5000 2278.2419   25.8864
    7.5000  -30.0000  -37.5000 2256.1694   26.2514
   -7.5000  -22.5000  -37.5000 2320.0815   24.5359
    0.0000  -22.5000  -37.5000 2321.2734   24.6343
    7.5000  -22.5000  -37.5000 2290.7192   25.0236
   -7.5000  -15.0000  -37.5000 2328.0271   23.6194
    0.0000  -15.0000  -37.5000 2335.1716   23.6931
    7.5000  -15.0000  -37.5000 2306.0969   24.1087
   -7.5000   -7.5000  -37.5000 2343.2866   22.9894
    0.0000   -7.5000  -37.5000 2345.1670   23.0976
    7.5000   -7.5000  -37.5000 2317.5620   23.4916
   -7.5000    0.0000  -37.5000 2338.6936   22.8687
    0.0000    0.0000  -37.5000 2341.9324   22.9867
    7.5000    0.0000  -37.5000 2311.5295   23.3717
   -7.5000    7.5000  -37.5000 2330.8267   23.2612
    0.0000    7.5000  -37.5000 2333.2817   23.2829
    7.5000    7.5000  -37.5000 2305.5217   23.7331
   -7.5000   15.0000  -37.5000 2301.2104   24.0497
    0.0000   15.0000  -37.5000 2302.3818   24.0498
    7.5000   15.0000  -37.5000 2267.6306   24.4363
   -7.5000   22.5000  -37.5000 2248.0674   25.1188
    0.0000   22.5000  -37.5000 2250.2434   25.1637
    7.5000   22.5000  -37.5000 2217.8093   25.4911
   -7.5000   30.0000  -37.5000 2176.9937   26.6646
    0.0000   30.0000  -37.5000 2182.7375   26.7782
    7.5000   30.0000  -37.5000 2150.6826   27.2380
   -7.5000   37.5000  -37.5000 2091.9106   28.8509
    0.0000   37.5000  -37.5000 2091.7395   28.9886
    7.5000   37.5000  -37.5000 2063.5203   29.5882
   -7.5000   45.0000  -37.5000 1982.7871   31.9871
    0.0000   45.0000  -37.5000 1983.7272   31.9919
    7.5000   45.0000  -37.5000 1953.0289   32.5456
   -7.5000  -45.0000  -30.0000 2247.2583   28.6597
    0.0000  -45.0000  -30.0000 2242.6167   28.7907
    7.5000  -45.0000  -30.0000 2217.2874   29.0616
   -7.5000  -37.5000  -30.0000 2357.0840   26.2834
    0.0000  -37.5000  -30.0000 2355.0801   26.4211
    7.5000  -37.5000  -30.0000 2323.6316   26.7190
   -7.5000  -30.0000  -30.0000 2421.7073   24.5568
    0.0000  -30.0000  -30.0000 2418.3054   24.6206
    7.5000  -30.0000  -30.0000 2384.7261   24.9741
   -7.5000  -22.5000  -30.0000 2460.6150   23.3516
    0.0000  -22.5000  -30.0000 2463.7117   23.3875
    7.5000  -22.5000  -30.0000 2429.2214   23.7430
   -7.5000  -15.0000  -30.0000 2472.1355   22.4914
    0.0000  -15.0000  -30.0000 2478.4172   22.5057
    7.5000  -15.0000  -30.0000 2450.4783   22.8880
   -7.5000   -7.5000  -30.0000 2485.6938   21.8575
    0.0000   -7.5000  -30.0000 2485.9670   21.9244
    7.5000   -7.5000  -30.0000 2463.9783   22.3292
   -7.5000    0.0000  -30.0000 2486.8953   21.6917
    0.0000    0.0000  -30.0000 2492.0251   21.7422
    7.5000    0.0000  -30.0000 2467.8901   22.1917
   -7.5000    7.5000  -30.0000 2481.3857   21.9829
    0.0000    7.5000  -30.0000 2485.3623   21.9820
    7.5000    7.5000  -30.0000 2451.4932   22.3806
   -7.5000   15.0000  -30.0000 2453.2224   22.6932
    0.0000   15.0000  -30.0000 2453.7449   22.7176
    7.5000   15.0000  -30.0000 2414.1982   23.0582
   -7.5000   22.5000  -30.0000 2399.2532   23.8124
    0.0000   22.5000  -30.0000 2399.1304   23.8120
    7.5000   22.5000  -30.0000 2361.2471   24.1248
   -7.5000   30.0000  -30.0000 2320.5305   25.2928
    0.0000   30.0000  -30.0000 2322.8035   25.3632
    7.5000   30.0000  -30.0000 2285.1165   25.7513
   -7.5000   37.5000  -30.0000 2230.0957   27.4155
    0.0000   37.5000  -30.0000 2230.1753   27.4999
    7.5000   37.5000  -30.0000 2189.2883   27.9129
   -7.5000   45.0000  -30.0000 2104.7461   30.3187
    0.0000   45.0000  -30.0000 2112.0674   30.3764
    7.5000   45.0000  -30.0000 2076.6501   30.7374
   -7.5000  -45.0000  -22.5000 2354.3391   27.1824
    0.0000  -45.0000  -22.5000 2356.3420   27.2935
    7.5000  -45.0000  -22.5000 2318.0276   27.5764
   -7.5000  -37.5000  -22.5000 2458.8745   24.9872
    0.0000  -37.5000  -22.5000 2459.0884   24.9487
    7.5000  -37.5000  -22.5000 2423.5967   25.2621
   -7.5000  -30.0000  -22.5000 2522.2361   23.2579
    0.0000  -30.0000  -22.5000 2519.4919   23.1906
    7.5000  -30.0000  -22.5000 2487.6631   23.5302
   -7.5000  -22.5000  -22.5000 2569.2410   22.0002
    0.0000  -22.5000  -22.5000 2567.5068   21.9844
    7.5000  -22.5000  -22.5000 2539.1123   22.3491
   -7.5000  -15.0000  -22.5000 2602.7344   21.1924
    0.0000  -15.0000  -22.5000 2601.5813   21.1615
    7.5000  -15.0000  -22.5000 2579.9138   21.5296
   -7.5000   -7.5000  -22.5000 2614.8081   20.5779
    0.0000   -7.5000  -22.5000 2612.5117   20.5850
    7.5000   -7.5000  -22.5000 2600.6963   20.9923
   -7.5000    0.0000  -22.5000 2619.6533   20.3560
    0.0000    0.0000  -22.5000 2622.3340   20.4094
    7.5000    0.0000  -22.5000 2599.2109   20.7827
   -7.5000    7.5000  -22.5000 2611.0505   20.6540
    0.0000    7.5000  -22.5000 2616.9634   20.6529
    7.5000    7.5000  -22.5000 2583.1199   21.0109
   -7.5000   15.0000  -22.5000 2583.4783   21.3450
    0.0000   15.0000  -22.5000 2585.7661   21.3134
    7.5000   15.0000  -22.5000 2551.5427   21.6260
   -7.5000   22.5000  -22.5000 2528.5356   22.3808
    0.0000   22.5000  -22.5000 2529.0344   22.3453
    7.5000   22.5000  -22.5000 2496.0557   22.6402
   -7.5000   30.0000  -22.5000 2443.1587   23.8099
    0.0000   30.0000  -22.5000 2446.1421   23.8157
    7.5000   30.0000  -22.5000 2409.4641   24.1821
   -7.5000   37.5000  -22.5000 2343.8584   25.8198
    0.0000   37.5000  -22.5000 2344.9294   25.7862
    7.5000   37.5000  -22.5000 2310.4832   26.2067
   -7.5000   45.0000  -22.5000 2212.4158   28.5399
    0.0000   45.0000  -22.5000 2217.8704   28.4716
    7.5000   45.0000  -22.5000 2183.8003   28.8635
   -7.5000  -45.0000  -15.0000 2410.2087   25.7483
    0.0000  -45.0000  -15.0000 2418.0967   25.8034
    7.5000  -45.0000  -15.0000 2380.6724   26.0964
   -7.5000  -37.5000  -15.0000 2513.0381   23.5765
    0.0000  -37.5000  -15.0000 2521.8806   23.5444
    7.5000  -37.5000  -15.0000 2489.1211   23.8688
   -7.5000  -30.0000  -15.0000 2587.1885   21.9458
    0.0000  -30.0000  -15.0000 2593.4854   21.8662
    7.5000  -30.0000  -15.0000 2566.8032   22.2588
   -7.5000  -22.5000  -15.0000 2645.5601   20.7286
    0.0000  -22.5000  -15.0000 2644.3662   20.6708
    7.5000  -22.5000  -15.0000 2629.3044   21.1371
   -7.5000  -15.0000  -15.0000 2691.8008   19.8778
    0.0000  -15.0000  -15.0000 2687.6467   19.8200
    7.5000  -15.0000  -15.0000 2669.5208   20.2384
   -7.5000   -7.5000  -15.0000 2709.1777   19.2181
    0.0000   -7.5000  -15.0000 2710.2407   19.2367
    7.5000   -7.5000  -15.0000 2696.4526   19.6673
   -7.5000    0.0000  -15.0000 2711.8032   19.0136
    0.0000    0.0000  -15.0000 2720.6431   19.0284
    7.5000    0.0000  -15.0000 2703.1477   19.4830
   -7.5000    7.5000  -15.0000 2711.8677   19.3702
    0.0000    7.5000  -15.0000 2721.3584   19.3242
    7.5000    7.5000  -15.0000 2690.9841   19.7377
   -7.5000   15.0000  -15.0000 2682.4214   20.0813
    0.0000   15.0000  -15.0000 2691.0833   19.9934
    7.5000   15.0000  -15.0000 2663.0569   20.3421
   -7.5000   22.5000  -15.0000 2620.8904   21.0372
    0.0000   22.5000  -15.0000 2631.4473   21.0009
    7.5000   22.5000  -15.0000 2605.2429   21.3171
   -7.5000   30.0000  -15.0000 2539.2124   22.4130
    0.0000   30.0000  -15.0000 2544.7297   22.3672
    7.5000   30.0000  -15.0000 2513.8923   22.7150
   -7.5000   37.5000  -15.0000 2428.6917   24.3302
    0.0000   37.5000  -15.0000 2435.4871   24.2359
    7.5000   37.5000  -15.0000 2405.2664   24.6130
   -7.5000   45.0000  -15.0000 2291.2781   26.8014
    0.0000   45.0000  -15.0000 2295.5879   26.7861
    7.5000   45.0000  -15.0000 2267.7444   27.1654
   -7.5000  -45.0000   -7.5000 2440.7246   24.4951
    0.0000  -45.0000   -7.5000 2454.7070   24.5565
    7.5000  -45.0000   -7.5000 2423.7507   24.8935
   -7.5000  -37.5000   -7.5000 2550.9578   22.3192
    0.0000  -37.5000   -7.5000 2563.3948   22.3658
    7.5000  -37.5000   -7.5000 2537.0579   22.7534
   -7.5000  -30.0000   -7.5000 2637.1499   20.7660
    0.0000  -30.0000   -7.5000 2649.7490   20.7610
    7.5000  -30.0000   -7.5000 2628.6851   21.2067
   -7.5000  -22.5000   -7.5000 2708.4290   19.6252
    0.0000  -22.5000   -7.5000 2713.3850   19.5943
    7.5000  -22.5000   -7.5000 2690.9434   20.0895
   -7.5000  -15.0000   -7.5000 2756.0532   18.6808
    0.0000  -15.0000   -7.5000 2760.9089   18.6817
    7.5000  -15.0000   -7.5000 2731.8523   19.1653
   -7.5000   -7.5000   -7.5000 2774.0891   17.9160
    0.0000   -7.5000   -7.5000 2785.2783   17.9896
    7.5000   -7.5000   -7.5000 2765.6023   18.5268
   -7.5000    0.0000   -7.5000 2789.1978   17.7501
    0.0000    0.0000   -7.5000 2794.3018   17.7634
    7.5000    0.0000   -7.5000 2779.7532   18.3341
   -7.5000    7.5000   -7.5000 2791.9553   18.1956
    0.0000    7.5000   -7.5000 2799.8323   18.1400
    7.5000    7.5000   -7.5000 2780.1011   18.5928
   -7.5000   15.0000   -7.5000 2756.2319   18.8963
    0.0000   15.0000   -7.5000 2768.6130   18.7766
    7.5000   15.0000   -7.5000 2748.9692   19.1577
   -7.5000   22.5000   -7.5000 2695.2410   19.8220
    0.0000   22.5000   -7.5000 2705.2632   19.7459
    7.5000   22.5000   -7.5000 2684.7488   20.1166
   -7.5000   30.0000   -7.5000 2605.0774   21.1707
    0.0000   30.0000   -7.5000 2615.5503   21.1268
    7.5000   30.0000   -7.5000 2588.7334   21.4650
   -7.5000   37.5000   -7.5000 2496.9211   22.9776
    0.0000   37.5000   -7.5000 2508.1433   22.9458
    7.5000   37.5000   -7.5000 2474.3223   23.2881
   -7.5000   45.0000   -7.5000 2353.5940   25.3898
    0.0000   45.0000   -7.5000 2361.2085   25.3768
    7.5000   45.0000   -7.5000 2330.9202   25.7084
   -7.5000  -45.0000    0.0000 2459.6343   23.6155
    0.0000  -45.0000    0.0000 2476.4187   23.7000
    7.5000  -45.0000    0.0000 2449.9529   24.0685
   -7.5000  -37.5000    0.0000 2571.5908   21.5104
    0.0000  -37.5000    0.0000 2591.8569   21.5698
    7.5000  -37.5000    0.0000 2567.6680   21.9353
   -7.5000  -30.0000    0.0000 2670.4172   19.9410
    0.0000  -30.0000    0.0000 2693.5850   19.9935
    7.5000  -30.0000    0.0000 2670.2866   20.3727
   -7.5000  -22.5000    0.0000 2753.7537   18.8084
    0.0000  -22.5000    0.0000 2772.1914   18.8781
    7.5000  -22.5000    0.0000 2745.6775   19.2714
   -7.5000  -15.0000    0.0000 2811.5037   17.8708
    0.0000  -15.0000    0.0000 2826.2458   17.9666
    7.5000  -15.0000    0.0000 2792.6113   18.3554
   -7.5000   -7.5000    0.0000 2827.1768   16.9329
    0.0000   -7.5000    0.0000 2847.5186   17.0912
    7.5000   -7.5000    0.0000 2827.4495   17.6764
   -7.5000    0.0000    0.0000 2846.1296   16.7759
    0.0000    0.0000    0.0000 2855.8789   16.8258
    7.5000    0.0000    0.0000 2846.8477   17.4778
   -7.5000    7.5000    0.0000 2842.3950   17.2224
    0.0000    7.5000    0.0000 2861.8320   17.1962
    7.5000    7.5000    0.0000 2839.8315   17.6939
   -7.5000   15.0000    0.0000 2810.6274   17.9744
    0.0000   15.0000    0.0000 2823.9438   17.9191
    7.5000   15.0000    0.0000 2805.0476   18.2835
   -7.5000   22.5000    0.0000 2746.1558   18.9418
    0.0000   22.5000    0.0000 2758.4373   18.8913
    7.5000   22.5000    0.0000 2744.7637   19.2310
   -7.5000   30.0000    0.0000 2652.4575   20.2596
    0.0000   30.0000    0.0000 2663.7705   20.2259
    7.5000   30.0000    0.0000 2646.6018   20.5976
   -7.5000   37.5000    0.0000 2546.2598   22.0650
    0.0000   37.5000    0.0000 2555.1833   22.0272
    7.5000   37.5000    0.0000 2529.5830   22.4302
   -7.5000   45.0000    0.0000 2400.9092   24.3537
    0.0000   45.0000    0.0000 2409.6538   24.3237
    7.5000   45.0000    0.0000 2382.9722   24.6601
   -7.5000  -45.0000    7.5000 2468.6187   23.1072
    0.0000  -45.0000    7.5000 2484.1941   23.0848
    7.5000  -45.0000    7.5000 2464.4348   23.5155
   -7.5000  -37.5000    7.5000 2585.3945   20.9996
    0.0000  -37.5000    7.5000 2602.7957   20.9299
    7.5000  -37.5000    7.5000 2585.5422   21.3600
   -7.5000  -30.0000    7.5000 2681.4871   19.4306
    0.0000  -30.0000    7.5000 2703.9062   19.3856
    7.5000  -30.0000    7.5000 2692.0713   19.8152
   -7.5000  -22.5000    7.5000 2774.4661   18.2980
    0.0000  -22.5000    7.5000 2801.6904   18.2998
    7.5000  -22.5000    7.5000 2786.0449   18.6498
   -7.5000  -15.0000    7.5000 2855.9084   17.4585
    0.0000  -15.0000    7.5000 2882.3015   17.4567
    7.5000  -15.0000    7.5000 2853.4910   17.7876
   -7.5000   -7.5000    7.5000 2876.6990   16.4514
    0.0000   -7.5000    7.5000 2912.6965   16.6479
    7.5000   -7.5000    7.5000 2887.0938   17.1436
   -7.5000    0.0000    7.5000 2888.6470   16.1779
    0.0000    0.0000    7.5000 2914.2600   16.3198
    7.5000    0.0000    7.5000 2903.1494   16.8972
   -7.5000    7.5000    7.5000 2882.9299   16.6453
    0.0000    7.5000    7.5000 2904.6770   16.6307
    7.5000    7.5000    7.5000 2883.7119   17.0747
   -7.5000   15.0000    7.5000 2850.3127   17.4436
    0.0000   15.0000    7.5000 2862.5642   17.2689
    7.5000   15.0000    7.5000 2842.0564   17.6342
   -7.5000   22.5000    7.5000 2782.1399   18.4581
    0.0000   22.5000    7.5000 2798.9727   18.2474
    7.5000   22.5000    7.5000 2781.8687   18.6600
   -7.5000   30.0000    7.5000 2688.0110   19.8198
    0.0000   30.0000    7.5000 2696.0337   19.6472
    7.5000   30.0000    7.5000 2676.0757   20.0769
   -7.5000   37.5000    7.5000 2576.8569   21.5951
    0.0000   37.5000    7.5000 2586.9565   21.4357
    7.5000   37.5000    7.5000 2561.4729   21.8314
   -7.5000   45.0000    7.5000 2433.6323   23.8221
    0.0000   45.0000    7.5000 2443.2039   23.7278
    7.5000   45.0000    7.5000 2417.5933   24.0263
   -7.5000  -45.0000   15.0000 2460.4868   22.9418
    0.0000  -45.0000   15.0000 2475.0781   22.8006
    7.5000  -45.0000   15.0000 2457.6641   23.2778
   -7.5000  -37.5000   15.0000 2577.4053   20.8076
    0.0000  -37.5000   15.0000 2591.6858   20.6553
    7.5000  -37.5000   15.0000 2578.1111   21.0864
   -7.5000  -30.0000   15.0000 2673.9285   19.1740
    0.0000  -30.0000   15.0000 2694.7429   19.0383
    7.5000  -30.0000   15.0000 2693.2437   19.5058
   -7.5000  -22.5000   15.0000 2773.8484   18.0093
    0.0000  -22.5000   15.0000 2800.8789   17.9315
    7.5000  -22.5000   15.0000 2792.0728   18.3112
   -7.5000  -15.0000   15.0000 2871.8733   17.2369
    0.0000  -15.0000   15.0000 2907.6838   17.1763
    7.5000  -15.0000   15.0000 2874.1379   17.4306
   -7.5000   -7.5000   15.0000 2912.0654   16.4863
    0.0000   -7.5000   15.0000 2965.3203   16.4656
    7.5000   -7.5000   15.0000 2914.3457   16.7853
   -7.5000    0.0000   15.0000 2915.4756   16.1307
    0.0000    0.0000   15.0000 2954.1890   15.9990
    7.5000    0.0000   15.0000 2920.4272   16.4947
   -7.5000    7.5000   15.0000 2904.9194   16.4862
    0.0000    7.5000   15.0000 2921.2085   16.2403
    7.5000    7.5000   15.0000 2893.3953   16.7042
   -7.5000   15.0000   15.0000 2863.6780   17.1936
    0.0000   15.0000   15.0000 2876.8499   16.9287
    7.5000   15.0000   15.0000 2854.5132   17.3148
   -7.5000   22.5000   15.0000 2794.5229   18.1894
    0.0000   22.5000   15.0000 2806.6523   17.9744
    7.5000   22.5000   15.0000 2791.1667   18.3220
   -7.5000   30.0000   15.0000 2695.0156   19.5480
    0.0000   30.0000   15.0000 2704.5361   19.3989
    7.5000   30.0000   15.0000 2687.9602   19.7274
   -7.5000   37.5000   15.0000 2585.0837   21.3132
    0.0000   37.5000   15.0000 2599.9822   21.2426
    7.5000   37.5000   15.0000 2571.5115   21.5286
   -7.5000   45.0000   15.0000 2443.0862   23.6064
    0.0000   45.0000   15.0000 2453.8469   23.5259
    7.5000   45.0000   15.0000 2428.7983   23.7627
   -7.5000  -45.0000   22.5000 2449.8975   23.1292
    0.0000  -45.0000   22.5000 2461.5732   22.8386
    7.5000  -45.0000   22.5000 2453.5508   23.3583
   -7.5000  -37.5000   22.5000 2563.1335   21.0225
    0.0000  -37.5000   22.5000 2568.9465   20.7524
    7.5000  -37.5000   22.5000 2571.6096   21.1960
   -7.5000  -30.0000   22.5000 2657.4883   19.4629
    0.0000  -30.0000   22.5000 2675.4504   19.2682
    7.5000  -30.0000   22.5000 2672.8560   19.5906
   -7.5000  -22.5000   22.5000 2761.8972   18.2560
    0.0000  -22.5000   22.5000 2788.9644   18.1081
    7.5000  -22.5000   22.5000 2773.4861   18.3480
   -7.5000  -15.0000   22.5000 2858.7161   17.2908
    0.0000  -15.0000   22.5000 2890.5730   17.1815
    7.5000  -15.0000   22.5000 2860.8884   17.3259
   -7.5000   -7.5000   22.5000 2903.1179   16.4717
    0.0000   -7.5000   22.5000 2942.7859   16.3122
    7.5000   -7.5000   22.5000 2895.1506   16.5422
   -7.5000    0.0000   22.5000 2924.5620   16.2911
    0.0000    0.0000   22.5000 2960.6492   16.0496
    7.5000    0.0000   22.5000 2927.2136   16.3703
   -7.5000    7.5000   22.5000 2904.1897   16.6329
    0.0000    7.5000   22.5000 2926.4146   16.4490
    7.5000    7.5000   22.5000 2902.2224   16.7640
   -7.5000   15.0000   22.5000 2854.3391   17.3192
    0.0000   15.0000   22.5000 2871.0225   17.1152
    7.5000   15.0000   22.5000 2850.0925   17.4171
   -7.5000   22.5000   22.5000 2787.7720   18.3024
    0.0000   22.5000   22.5000 2794.0757   18.0734
    7.5000   22.5000   22.5000 2784.4617   18.4108
   -7.5000   30.0000   22.5000 2685.9993   19.6248
    0.0000   30.0000   22.5000 2695.3296   19.4172
    7.5000   30.0000   22.5000 2688.3171   19.7872
   -7.5000   37.5000   22.5000 2577.1240   21.3352
    0.0000   37.5000   22.5000 2592.0676   21.2208
    7.5000   37.5000   22.5000 2573.2349   21.5469
   -7.5000   45.0000   22.5000 2425.6328   23.4861
    0.0000   45.0000   22.5000 2440.8440   23.4709
    7.5000   45.0000   22.5000 2421.0891   23.7179
   -7.5000  -45.0000   30.0000 2416.6079   23.6446
    0.0000  -45.0000   30.0000 2434.8667   23.2938
    7.5000  -45.0000   30.0000 2423.3887   23.6927
   -7.5000  -37.5000   30.0000 2524.8352   21.5556
    0.0000  -37.5000   30.0000 2540.4729   21.2504
    7.5000  -37.5000   30.0000 2530.2065   21.5739
   -7.5000  -30.0000   30.0000 2629.2620   20.0282
    0.0000  -30.0000   30.0000 2643.9795   19.7393
    7.5000  -30.0000   30.0000 2639.2754   19.9785
   -7.5000  -22.5000   30.0000 2727.2385   18.7065
    0.0000  -22.5000   30.0000 2749.7551   18.5296
    7.5000  -22.5000   30.0000 2743.5732   18.6937
   -7.5000  -15.0000   30.0000 2809.4246   17.5820
    0.0000  -15.0000   30.0000 2842.2092   17.4291
    7.5000  -15.0000   30.0000 2817.1243   17.5470
   -7.5000   -7.5000   30.0000 2873.3901   16.7998
    0.0000   -7.5000   30.0000 2898.2271   16.5497
    7.5000   -7.5000   30.0000 2869.0354   16.8040
   -7.5000    0.0000   30.0000 2895.5591   16.7153
    0.0000    0.0000   30.0000 2929.1270   16.4676
    7.5000    0.0000   30.0000 2900.2874   16.7106
   -7.5000    7.5000   30.0000 2875.5818   17.0946
    0.0000    7.5000   30.0000 2910.1475   16.8988
    7.5000    7.5000   30.0000 2884.7725   17.1190
   -7.5000   15.0000   30.0000 2820.5486   17.7494
    0.0000   15.0000   30.0000 2843.8699   17.5909
    7.5000   15.0000   30.0000 2823.4929   17.8026
   -7.5000   22.5000   30.0000 2747.8955   18.6705
    0.0000   22.5000   30.0000 2762.4585   18.5208
    7.5000   22.5000   30.0000 2751.1392   18.7598
   -7.5000   30.0000   30.0000 2653.6689   19.9315
    0.0000   30.0000   30.0000 2667.8877   19.7816
    7.5000   30.0000   30.0000 2659.9634   20.0823
   -7.5000   37.5000   30.0000 2545.9004   21.6050
    0.0000   37.5000   30.0000 2556.6221   21.4805
    7.5000   37.5000   30.0000 2542.8088   21.7756
   -7.5000   45.0000   30.0000 2393.0706   23.7752
    0.0000   45.0000   30.0000 2402.5244   23.7413
    7.5000   45.0000   30.0000 2391.3269   23.9633
   -7.5000  -45.0000   37.5000 2391.1755   24.5446
    0.0000  -45.0000   37.5000 2400.4375   24.1344
    7.5000  -45.0000   37.5000 2389.1980   24.4516
   -7.5000  -37.5000   37.5000 2495.0071   22.3789
    0.0000  -37.5000   37.5000 2506.1934   21.9431
    7.5000  -37.5000   37.5000 2499.9392   22.2322
   -7.5000  -30.0000   37.5000 2596.6135   20.7454
    0.0000  -30.0000   37.5000 2610.9348   20.3598
    7.5000  -30.0000   37.5000 2603.9360   20.5872
   -7.5000  -22.5000   37.5000 2690.3401   19.3129
    0.0000  -22.5000   37.5000 2710.9043   19.0445
    7.5000  -22.5000   37.5000 2702.6189   19.2186
   -7.5000  -15.0000   37.5000 2763.8955   18.1344
    0.0000  -15.0000   37.5000 2785.2544   17.8088
    7.5000  -15.0000   37.5000 2765.5627   18.0201
   -7.5000   -7.5000   37.5000 2825.6125   17.3318
    0.0000   -7.5000   37.5000 2848.0308   17.0449
    7.5000   -7.5000   37.5000 2824.6018   17.3378
   -7.5000    0.0000   37.5000 2845.6462   17.2945
    0.0000    0.0000   37.5000 2872.2861   17.0701
    7.5000    0.0000   37.5000 2851.7153   17.3619
   -7.5000    7.5000   37.5000 2821.6040   17.7039
    0.0000    7.5000   37.5000 2852.9028   17.5128
    7.5000    7.5000   37.5000 2834.5989   17.7349
   -7.5000   15.0000   37.5000 2770.0664   18.4248
    0.0000   15.0000   37.5000 2790.9619   18.2286
    7.5000   15.0000   37.5000 2777.6926   18.4517
   -7.5000   22.5000   37.5000 2702.1055   19.4010
    0.0000   22.5000   37.5000 2717.8936   19.2448
    7.5000   22.5000   37.5000 2708.7458   19.4772
   -7.5000   30.0000   37.5000 2606.6033   20.6638
    0.0000   30.0000   37.5000 2627.9844   20.5394
    7.5000   30.0000   37.5000 2617.5942   20.7693
   -7.5000   37.5000   37.5000 2495.2385   22.2271
    0.0000   37.5000   37.5000 2507.1609   22.1392
    7.5000   37.5000   37.5000 2494.9414   22.3470
   -7.5000   45.0000   37.5000 2343.0979   24.3568
    0.0000   45.0000   37.5000 2349.2891   24.2578
    7.5000   45.0000   37.5000 2339.0696   24.4190
   -7.5000  -45.0000   45.0000 2349.9319   25.6744
    0.0000  -45.0000   45.0000 2350.9846   25.0947
    7.5000  -45.0000   45.0000 2344.6926   25.4106
   -7.5000  -37.5000   45.0000 2454.7107   23.3875
    0.0000  -37.5000   45.0000 2462.0828   22.8419
    7.5000  -37.5000   45.0000 2455.6235   23.1169
   -7.5000  -30.0000   45.0000 2545.2610   21.5618
    0.0000  -30.0000   45.0000 2562.2942   21.1145
    7.5000  -30.0000   45.0000 2558.1433   21.3875
   -7.5000  -22.5000   45.0000 2633.9641   20.1282
    0.0000  -22.5000   45.0000 2659.2456   19.7110
    7.5000  -22.5000   45.0000 2647.8132   19.9334
   -7.5000  -15.0000   45.0000 2702.4170   18.9264
    0.0000  -15.0000   45.0000 2725.3691   18.4872
    7.5000  -15.0000   45.0000 2707.6372   18.7993
   -7.5000   -7.5000   45.0000 2761.8132   18.1677
    0.0000   -7.5000   45.0000 2783.9915   17.8545
    7.5000   -7.5000   45.0000 2766.3433   18.1661
   -7.5000    0.0000   45.0000 2775.5535   18.1036
    0.0000    0.0000   45.0000 2801.5693   17.8599
    7.5000    0.0000   45.0000 2781.4558   18.1690
   -7.5000    7.5000   45.0000 2749.9429   18.5226
    0.0000    7.5000   45.0000 2773.8452   18.2711
    7.5000    7.5000   45.0000 2763.1492   18.5472
   -7.5000   15.0000   45.0000 2695.2498   19.2800
    0.0000   15.0000   45.0000 2712.9622   19.0030
    7.5000   15.0000   45.0000 2705.8628   19.2806
   -7.5000   22.5000   45.0000 2631.0898   20.2781
    0.0000   22.5000   45.0000 2650.4399   20.0843
    7.5000   22.5000   45.0000 2639.1868   20.3741
   -7.5000   30.0000   45.0000 2545.1741   21.5677
    0.0000   30.0000   45.0000 2567.4199   21.4605
    7.5000   30.0000   45.0000 2552.9944   21.7425
   -7.5000   37.5000   45.0000 2423.6345   23.1392
    0.0000   37.5000   45.0000 2440.8562   23.0767
    7.5000   37.5000   45.0000 2428.8757   23.3077
   -7.5000   45.0000   45.0000 2276.2556   25.1730
    0.0000   45.0000   45.0000 2293.3779   25.1418
    7.5000   45.0000   45.0000 2278.2827   25.3233
   -7.5000  -45.0000   52.5000 2306.7021   26.8707
    0.0000  -45.0000   52.5000 2310.3904   26.2124
    7.5000  -45.0000   52.5000 2308.0220   26.5491
   -7.5000  -37.5000   52.5000 2406.5742   24.5074
    0.0000  -37.5000   52.5000 2414.4744   23.8669
    7.5000  -37.5000   52.5000 2413.9478   24.2060
   -7.5000  -30.0000   52.5000 2491.5911   22.6619
    0.0000  -30.0000   52.5000 2507.9060   22.1186
    7.5000  -30.0000   52.5000 2505.1389   22.4268
   -7.5000  -22.5000   52.5000 2572.4612   21.1837
    0.0000  -22.5000   52.5000 2593.4448   20.6353
    7.5000  -22.5000   52.5000 2581.3623   20.8854
   -7.5000  -15.0000   52.5000 2640.8926   19.9692
    0.0000  -15.0000   52.5000 2660.4524   19.5006
    7.5000  -15.0000   52.5000 2638.2576   19.7513
   -7.5000   -7.5000   52.5000 2686.6604   19.2902
    0.0000   -7.5000   52.5000 2708.8911   18.9629
    7.5000   -7.5000   52.5000 2690.3586   19.1779
   -7.5000    0.0000   52.5000 2693.9407   19.1593
    0.0000    0.0000   52.5000 2717.1389   18.9147
    7.5000    0.0000   52.5000 2698.7939   19.1320
   -7.5000    7.5000   52.5000 2678.6370   19.5777
    0.0000    7.5000   52.5000 2693.0442   19.2923
    7.5000    7.5000   52.5000 2685.7324   19.5306
   -7.5000   15.0000   52.5000 2624.8594   20.3104
    0.0000   15.0000   52.5000 2640.3267   20.0384
    7.5000   15.0000   52.5000 2634.3093   20.2792
   -7.5000   22.5000   52.5000 2555.5605   21.3014
    0.0000   22.5000   52.5000 2578.0698   21.1013
    7.5000   22.5000   52.5000 2561.1985   21.3139
   -7.5000   30.0000   52.5000 2466.8767   22.6545
    0.0000   30.0000   52.5000 2489.4326   22.4847
    7.5000   30.0000   52.5000 2472.9885   22.6806
   -7.5000   37.5000   52.5000 2346.2065   24.3370
    0.0000   37.5000   52.5000 2365.9976   24.2390
    7.5000   37.5000   52.5000 2352.7727   24.4211
   -7.5000   45.0000   52.5000 2216.3752   26.4662
    0.0000   45.0000   52.5000 2234.1895   26.3786
    7.5000   45.0000   52.5000 2219.5229   26.5498

---------------------------------------------------------------------
imgreg_4dfp /opt/freesurfer/average/711-2C_as_mni_average_305 /opt/freesurfer/average/711-2B_as_mni_average_305_mask talsrcimg_g11 none talsrcimg_to_711-2C_as_mni_average_305_t4 1283
---------------------------------------------------------------------

freesurfer imgreg_4dfp.c
/opt/freesurfer/average/711-2C_as_mni_average_305.4dfp.img
       256       256       256         1
  1.000000  1.000000  1.000000
orientation T byte_order littleendian
Reading image: /opt/freesurfer/average/711-2C_as_mni_average_305.4dfp.img
dimensions:      256       256       256
mmppix:       1.0000   -1.0000   -1.0000
center:     128.0000 -129.0000 -129.0000
/opt/freesurfer/average/711-2B_as_mni_average_305_mask.4dfp.img
       256       256       256         1
  1.000000  1.000000  1.000000
orientation T byte_order littleendian
Reading mask: /opt/freesurfer/average/711-2B_as_mni_average_305_mask.4dfp.img (2306576 pixels)
talsrcimg_g11.4dfp.img
       256       256       256         1
  1.000000  1.000000  1.000000
orientation T byte_order littleendian
Reading image: talsrcimg_g11.4dfp.img
dimensions:      256       256       256
mmppix:       1.0000   -1.0000   -1.0000
center:     128.0000 -129.0000 -129.0000
rotation matrix determinant  1.000000
fimgreg.f
image alignment mode   1283 decimal      503 hex
parameters
    0.0000   -7.5000   15.0000    0.0000    0.0000    0.0000
eta,q 0.93130 16.54276
niter,ni,del,rscale     5    3   12.0000    1.2000
parameter  6  1.567741 ->  0.500000 qaram    1.1500
parameters
   -0.9115   -5.8349   15.8042    1.4761   -1.2014   -3.4500
eta,q 0.93472 16.02996
  0.0802  0.0834  0.0810  0.0723  0.0716  0.0657
  0.0732  0.0762  0.0745  0.0724  0.0707  0.0650
  0.0710  0.0720  0.0711  0.0724  0.0700  0.0667
  0.0720  0.0707  0.0701  0.0699  0.0686  0.0693
  0.0765  0.0699  0.0705  0.0686  0.0694  0.0724
  0.0791  0.0707  0.0720  0.0695  0.0732  0.0748
  0.0831  0.0736  0.0759  0.0722  0.0768  0.0770
niter,ni,del,rscale     5    3   12.0000    1.2000
parameters
   -0.6520   -6.4909   16.2708    1.7906   -1.4832   -3.8772
eta,q 0.93558 16.10291
  0.0852  0.0753  0.0770  0.0711  0.0717  0.0731
  0.0749  0.0688  0.0712  0.0696  0.0694  0.0682
  0.0696  0.0655  0.0667  0.0672  0.0670  0.0649
  0.0653  0.0649  0.0647  0.0646  0.0643  0.0647
  0.0671  0.0683  0.0652  0.0647  0.0646  0.0674
  0.0752  0.0749  0.0688  0.0674  0.0696  0.0709
  0.0812  0.0779  0.0739  0.0714  0.0749  0.0737
niter,ni,del,rscale     4    3   12.0000    1.2000
parameters
   -0.6262   -6.6684   16.4205    1.9352   -1.6763   -3.9611
eta,q 0.93556 16.11301
  0.0835  0.0776  0.0759  0.0715  0.0717  0.0737
  0.0731  0.0701  0.0703  0.0695  0.0695  0.0691
  0.0681  0.0659  0.0663  0.0669  0.0671  0.0654
  0.0644  0.0644  0.0644  0.0643  0.0643  0.0645
  0.0671  0.0668  0.0654  0.0651  0.0642  0.0667
  0.0755  0.0732  0.0699  0.0682  0.0690  0.0701
  0.0818  0.0777  0.0748  0.0719  0.0747  0.0733
niter,ni,del,rscale     3    3   12.0000    1.2000
parameters
   -0.5976   -6.7554   16.4806    2.0390   -1.7718   -3.9747
eta,q 0.93555 16.11713
  0.0835  0.0782  0.0757  0.0717  0.0716  0.0737
  0.0728  0.0706  0.0702  0.0696  0.0696  0.0693
  0.0679  0.0661  0.0663  0.0669  0.0673  0.0656
  0.0644  0.0644  0.0644  0.0644  0.0643  0.0645
  0.0669  0.0666  0.0657  0.0655  0.0640  0.0666
  0.0752  0.0729  0.0704  0.0686  0.0685  0.0699
  0.0817  0.0777  0.0751  0.0721  0.0743  0.0731
niter,ni,del,rscale     2    3   12.0000    1.2000
parameters
   -0.5766   -6.8044   16.5096    2.1092   -1.8085   -3.9690
eta,q 0.93556 16.11983
  0.0833  0.0785  0.0756  0.0718  0.0716  0.0737
  0.0725  0.0708  0.0701  0.0697  0.0696  0.0694
  0.0678  0.0662  0.0663  0.0668  0.0673  0.0656
  0.0645  0.0644  0.0644  0.0644  0.0644  0.0644
  0.0668  0.0665  0.0657  0.0657  0.0638  0.0666
  0.0750  0.0729  0.0706  0.0688  0.0683  0.0699
  0.0815  0.0777  0.0752  0.0723  0.0740  0.0730
niter,ni,del,rscale     1    3   12.0000    1.2000
parameters
   -0.5633   -6.8316   16.5259    2.1523   -1.8226   -3.9602
eta,q 0.93557 16.12125
  0.0831  0.0786  0.0756  0.0718  0.0716  0.0737
  0.0724  0.0710  0.0701  0.0697  0.0696  0.0694
  0.0677  0.0663  0.0663  0.0668  0.0673  0.0656
  0.0644  0.0644  0.0644  0.0644  0.0644  0.0644
  0.0668  0.0665  0.0657  0.0658  0.0638  0.0666
  0.0750  0.0728  0.0706  0.0689  0.0681  0.0698
  0.0815  0.0777  0.0752  0.0724  0.0739  0.0730
registration optimization eta report
parameter search radius
    6.0000    6.0000    6.0000    6.0000    6.0000    6.9000
100000*second partial in parameter space
       48.       37.       30.       19.       23.       18.
  0.0831  0.0786  0.0756  0.0718  0.0716  0.0737
  0.0724  0.0710  0.0701  0.0697  0.0696  0.0694
  0.0677  0.0663  0.0663  0.0668  0.0673  0.0656
  0.0644  0.0644  0.0644  0.0644  0.0644  0.0644
  0.0668  0.0665  0.0657  0.0658  0.0638  0.0666
  0.0750  0.0728  0.0706  0.0689  0.0681  0.0698
  0.0815  0.0777  0.0752  0.0724  0.0739  0.0730
   -0.5633   -6.8316   16.5259    2.1523   -1.8226   -3.9602
eta,q 0.93557 16.12125

---------------------------------------------------------------------
imgreg_4dfp /opt/freesurfer/average/711-2C_as_mni_average_305 /opt/freesurfer/average/711-2B_as_mni_average_305_mask talsrcimg_g11 none talsrcimg_to_711-2C_as_mni_average_305_t4 3335
---------------------------------------------------------------------

freesurfer imgreg_4dfp.c
/opt/freesurfer/average/711-2C_as_mni_average_305.4dfp.img
       256       256       256         1
  1.000000  1.000000  1.000000
orientation T byte_order littleendian
Reading image: /opt/freesurfer/average/711-2C_as_mni_average_305.4dfp.img
dimensions:      256       256       256
mmppix:       1.0000   -1.0000   -1.0000
center:     128.0000 -129.0000 -129.0000
/opt/freesurfer/average/711-2B_as_mni_average_305_mask.4dfp.img
       256       256       256         1
  1.000000  1.000000  1.000000
orientation T byte_order littleendian
Reading mask: /opt/freesurfer/average/711-2B_as_mni_average_305_mask.4dfp.img (2306576 pixels)
talsrcimg_g11.4dfp.img
       256       256       256         1
  1.000000  1.000000  1.000000
orientation T byte_order littleendian
Reading image: talsrcimg_g11.4dfp.img
dimensions:      256       256       256
mmppix:       1.0000   -1.0000   -1.0000
center:     128.0000 -129.0000 -129.0000
fimgreg.f
image alignment mode   3335 decimal      D07 hex
parameters
   -0.5633   -6.8316   16.5259   -0.2892   -0.3174   -0.1211
    7.0206    2.9113   -6.9029   -3.9661   -3.1805    3.7536
eta,q 0.93188 16.31768
niter,ni,del,rscale     5    3    5.0000    1.2000
parameter  4  2.416681 ->  0.500000 qaram    1.1500
parameter  5-12.011310 ->  0.500000 qaram    1.1500
parameter  6  1.013799 ->  0.500000 qaram    1.1500
parameter  7  0.561653 ->  0.500000 qaram    1.1500
parameter 12  1.207345 ->  0.500000 qaram    1.1500
parameters
   -0.0754   -6.8992   16.4097   -4.4292   -4.4574   -4.2611
    2.8806    6.4053   -3.7982   -2.9228   -3.0013   -0.3864
eta,q 0.95578 16.47142
  0.0720  0.0686  0.0696  0.0584  0.0482  0.0478  0.0482  0.0572  0.0491  0.0496  0.0471  0.0436
  0.0702  0.0681  0.0686  0.0609  0.0514  0.0482  0.0475  0.0534  0.0478  0.0478  0.0463  0.0440
  0.0689  0.0679  0.0680  0.0642  0.0563  0.0497  0.0476  0.0500  0.0469  0.0466  0.0459  0.0448
  0.0681  0.0680  0.0680  0.0679  0.0617  0.0527  0.0484  0.0474  0.0463  0.0459  0.0458  0.0458
  0.0680  0.0682  0.0683  0.0728  0.0668  0.0571  0.0500  0.0463  0.0459  0.0458  0.0460  0.0470
  0.0686  0.0683  0.0689  0.0786  0.0702  0.0624  0.0521  0.0466  0.0460  0.0465  0.0463  0.0487
  0.0699  0.0684  0.0698  0.0830  0.0739  0.0678  0.0547  0.0479  0.0465  0.0481  0.0469  0.0510
niter,ni,del,rscale     7    3    5.0000    1.2000
parameter  2 -0.646864 -> -0.500000 qaram    1.1500
parameter  4  0.659234 ->  0.500000 qaram    1.3225
parameter  5  1.106264 ->  0.500000 qaram    1.3225
parameter 12  1.102945 ->  0.500000 qaram    1.3225
parameters
    0.5155   -5.5192   16.7779   -9.1902   -9.2184   -7.5588
    0.8282    8.3051   -3.1551   -0.3053   -2.6898   -5.1474
eta,q 0.96547 15.98154
  0.0492  0.0490  0.0454  0.0407  0.0367  0.0373  0.0378  0.0397  0.0378  0.0391  0.0363  0.0345
  0.0468  0.0470  0.0444  0.0410  0.0365  0.0367  0.0367  0.0381  0.0368  0.0376  0.0360  0.0345
  0.0451  0.0454  0.0437  0.0417  0.0377  0.0363  0.0363  0.0370  0.0362  0.0366  0.0357  0.0348
  0.0442  0.0441  0.0432  0.0431  0.0412  0.0366  0.0364  0.0362  0.0359  0.0359  0.0356  0.0356
  0.0441  0.0434  0.0431  0.0456  0.0463  0.0380  0.0371  0.0359  0.0360  0.0356  0.0357  0.0365
  0.0447  0.0432  0.0435  0.0505  0.0515  0.0404  0.0385  0.0363  0.0364  0.0358  0.0359  0.0375
  0.0458  0.0435  0.0445  0.0570  0.0551  0.0433  0.0406  0.0374  0.0372  0.0365  0.0362  0.0387
niter,ni,del,rscale     7    3    5.0000    1.2000
parameter  1 -0.516289 -> -0.500000 qaram    1.1500
parameter  2 -1.198274 -> -0.500000 qaram    1.3225
parameters
    1.8955   -3.9322   16.9578  -11.8073  -12.0653   -7.6190
   -0.3294    9.0952   -4.5574    1.2581   -4.4356   -9.3088
eta,q 0.97067 15.69599
  0.0392  0.0436  0.0325  0.0320  0.0339  0.0336  0.0326  0.0348  0.0311  0.0337  0.0304  0.0302
  0.0373  0.0400  0.0315  0.0308  0.0320  0.0321  0.0312  0.0327  0.0304  0.0321  0.0300  0.0295
  0.0357  0.0367  0.0308  0.0302  0.0304  0.0310  0.0304  0.0311  0.0301  0.0308  0.0298  0.0294
  0.0345  0.0338  0.0305  0.0305  0.0302  0.0303  0.0303  0.0302  0.0302  0.0301  0.0299  0.0298
  0.0339  0.0316  0.0306  0.0314  0.0331  0.0303  0.0309  0.0304  0.0306  0.0299  0.0302  0.0307
  0.0339  0.0302  0.0311  0.0333  0.0390  0.0317  0.0324  0.0314  0.0313  0.0304  0.0306  0.0320
  0.0345  0.0299  0.0320  0.0373  0.0450  0.0343  0.0345  0.0333  0.0323  0.0316  0.0312  0.0333
niter,ni,del,rscale     7    3    5.0000    1.2000
parameter  2 -0.658586 -> -0.500000 qaram    1.5209
parameters
    1.7757   -2.1071   16.7015  -11.2250  -13.0912   -7.0495
   -0.3129    9.0917   -4.5553    3.2190   -4.2778  -11.6168
eta,q 0.97265 15.71210
  0.0331  0.0391  0.0288  0.0310  0.0338  0.0319  0.0314  0.0317  0.0293  0.0317  0.0285  0.0286
  0.0310  0.0352  0.0279  0.0294  0.0313  0.0301  0.0293  0.0297  0.0283  0.0298  0.0280  0.0277
  0.0297  0.0318  0.0275  0.0281  0.0291  0.0287  0.0280  0.0283  0.0278  0.0284  0.0276  0.0274
  0.0293  0.0293  0.0274  0.0274  0.0274  0.0278  0.0277  0.0277  0.0277  0.0277  0.0275  0.0275
  0.0299  0.0279  0.0278  0.0276  0.0281  0.0277  0.0281  0.0282  0.0279  0.0275  0.0276  0.0281
  0.0314  0.0275  0.0284  0.0285  0.0326  0.0288  0.0293  0.0296  0.0284  0.0279  0.0279  0.0292
  0.0338  0.0281  0.0294  0.0306  0.0393  0.0314  0.0313  0.0318  0.0292  0.0289  0.0284  0.0305
niter,ni,del,rscale     7    3    5.0000    1.2000
parameters
    1.6863   -1.4750   16.2684  -10.5074  -13.6648   -7.0159
   -0.3988    9.0391   -5.1310    4.6798   -3.6720  -12.5672
eta,q 0.97285 15.75003
  0.0312  0.0345  0.0282  0.0308  0.0335  0.0311  0.0308  0.0312  0.0285  0.0305  0.0282  0.0289
  0.0291  0.0309  0.0274  0.0291  0.0312  0.0294  0.0288  0.0292  0.0277  0.0288  0.0277  0.0278
  0.0278  0.0286  0.0271  0.0278  0.0289  0.0281  0.0276  0.0278  0.0273  0.0278  0.0274  0.0272
  0.0274  0.0274  0.0271  0.0271  0.0270  0.0273  0.0273  0.0273  0.0273  0.0273  0.0272  0.0272
  0.0279  0.0273  0.0275  0.0271  0.0270  0.0274  0.0277  0.0278  0.0276  0.0273  0.0273  0.0276
  0.0294  0.0284  0.0282  0.0279  0.0308  0.0289  0.0289  0.0292  0.0281  0.0277  0.0275  0.0285
  0.0318  0.0309  0.0292  0.0302  0.0377  0.0316  0.0309  0.0314  0.0289  0.0286  0.0279  0.0296
niter,ni,del,rscale     6    3    5.0000    1.2000
parameters
    1.5884   -1.0863   15.9435  -10.1050  -14.1020   -7.2271
   -0.2336    8.9367   -5.7928    5.8384   -2.9036  -12.9652
eta,q 0.97291 15.76107
  0.0309  0.0330  0.0283  0.0306  0.0333  0.0308  0.0307  0.0310  0.0283  0.0299  0.0282  0.0291
  0.0288  0.0299  0.0274  0.0289  0.0310  0.0292  0.0287  0.0290  0.0275  0.0285  0.0277  0.0279
  0.0275  0.0281  0.0270  0.0277  0.0288  0.0279  0.0275  0.0277  0.0272  0.0276  0.0273  0.0272
  0.0271  0.0271  0.0270  0.0270  0.0270  0.0272  0.0272  0.0272  0.0272  0.0271  0.0271  0.0271
  0.0277  0.0272  0.0274  0.0271  0.0268  0.0275  0.0275  0.0277  0.0275  0.0272  0.0272  0.0275
  0.0292  0.0284  0.0281  0.0279  0.0302  0.0290  0.0286  0.0291  0.0279  0.0275  0.0274  0.0282
  0.0315  0.0311  0.0291  0.0306  0.0369  0.0318  0.0304  0.0313  0.0287  0.0285  0.0278  0.0294
niter,ni,del,rscale     5    3    5.0000    1.2000
parameters
    1.5123   -0.7412   15.6985   -9.7915  -14.5558   -7.5325
    0.0092    8.8277   -6.2693    6.7717   -2.2889  -13.2198
eta,q 0.97296 15.75856
  0.0308  0.0326  0.0283  0.0305  0.0332  0.0307  0.0306  0.0308  0.0283  0.0296  0.0281  0.0291
  0.0287  0.0298  0.0275  0.0289  0.0308  0.0291  0.0286  0.0289  0.0275  0.0283  0.0276  0.0279
  0.0274  0.0280  0.0270  0.0276  0.0286  0.0278  0.0275  0.0276  0.0271  0.0275  0.0272  0.0272
  0.0271  0.0271  0.0270  0.0269  0.0269  0.0271  0.0271  0.0271  0.0271  0.0271  0.0270  0.0270
  0.0276  0.0270  0.0273  0.0270  0.0268  0.0274  0.0274  0.0276  0.0274  0.0271  0.0271  0.0274
  0.0290  0.0282  0.0280  0.0278  0.0302  0.0290  0.0284  0.0290  0.0278  0.0275  0.0274  0.0281
  0.0312  0.0311  0.0290  0.0307  0.0366  0.0318  0.0302  0.0311  0.0285  0.0286  0.0278  0.0292
niter,ni,del,rscale     4    3    5.0000    1.2000
parameters
    1.4486   -0.4250   15.5135   -9.5115  -14.9966   -7.7831
    0.2241    8.7167   -6.3945    7.5591   -2.0709  -13.4981
eta,q 0.97300 15.75721
  0.0307  0.0324  0.0284  0.0305  0.0331  0.0307  0.0304  0.0306  0.0284  0.0295  0.0280  0.0290
  0.0286  0.0298  0.0275  0.0288  0.0308  0.0291  0.0285  0.0288  0.0275  0.0283  0.0275  0.0278
  0.0274  0.0281  0.0270  0.0276  0.0286  0.0278  0.0274  0.0275  0.0271  0.0275  0.0271  0.0271
  0.0270  0.0270  0.0269  0.0269  0.0269  0.0270  0.0271  0.0271  0.0271  0.0271  0.0270  0.0270
  0.0276  0.0270  0.0272  0.0269  0.0268  0.0274  0.0274  0.0275  0.0273  0.0270  0.0271  0.0274
  0.0289  0.0283  0.0279  0.0277  0.0302  0.0289  0.0283  0.0289  0.0277  0.0275  0.0274  0.0281
  0.0311  0.0312  0.0289  0.0308  0.0364  0.0317  0.0301  0.0309  0.0284  0.0287  0.0279  0.0292
niter,ni,del,rscale     3    3    5.0000    1.2000
parameters
    1.3979   -0.1303   15.3834   -9.2986  -15.4083   -7.9637
    0.3177    8.6437   -6.2233    8.2854   -2.2037  -13.8132
eta,q 0.97300 15.75650
  0.0307  0.0323  0.0284  0.0305  0.0331  0.0307  0.0302  0.0306  0.0285  0.0294  0.0279  0.0289
  0.0286  0.0298  0.0276  0.0288  0.0308  0.0291  0.0284  0.0287  0.0276  0.0283  0.0274  0.0278
  0.0273  0.0280  0.0270  0.0276  0.0286  0.0278  0.0274  0.0275  0.0272  0.0275  0.0271  0.0271
  0.0270  0.0270  0.0269  0.0269  0.0269  0.0270  0.0271  0.0271  0.0271  0.0271  0.0270  0.0270
  0.0275  0.0270  0.0272  0.0269  0.0268  0.0273  0.0274  0.0275  0.0272  0.0271  0.0272  0.0274
  0.0288  0.0284  0.0278  0.0277  0.0301  0.0288  0.0284  0.0288  0.0276  0.0276  0.0275  0.0281
  0.0309  0.0312  0.0288  0.0309  0.0363  0.0316  0.0300  0.0308  0.0283  0.0288  0.0280  0.0291
niter,ni,del,rscale     2    3    5.0000    1.2000
parameters
    1.3681    0.1489   15.2810   -9.1738  -15.7906   -8.1066
    0.2987    8.6151   -5.9148    8.9974   -2.5139  -14.1521
eta,q 0.97298 15.75266
  0.0307  0.0322  0.0285  0.0304  0.0331  0.0307  0.0301  0.0306  0.0286  0.0294  0.0279  0.0289
  0.0286  0.0298  0.0276  0.0288  0.0309  0.0291  0.0284  0.0288  0.0277  0.0283  0.0274  0.0278
  0.0273  0.0280  0.0271  0.0276  0.0287  0.0279  0.0274  0.0275  0.0272  0.0275  0.0271  0.0272
  0.0270  0.0270  0.0269  0.0269  0.0269  0.0271  0.0271  0.0271  0.0271  0.0271  0.0270  0.0270
  0.0275  0.0271  0.0272  0.0269  0.0267  0.0273  0.0274  0.0275  0.0272  0.0271  0.0272  0.0274
  0.0288  0.0284  0.0278  0.0278  0.0300  0.0288  0.0284  0.0288  0.0276  0.0276  0.0275  0.0281
  0.0308  0.0312  0.0288  0.0310  0.0363  0.0316  0.0301  0.0307  0.0283  0.0288  0.0280  0.0291
niter,ni,del,rscale     1    3    5.0000    1.2000
parameters
    1.3509    0.4161   15.1799   -9.1106  -16.1597   -8.2560
    0.2161    8.6101   -5.5844    9.6901   -2.8418  -14.4825
eta,q 0.97293 15.74382
  0.0307  0.0322  0.0285  0.0304  0.0330  0.0307  0.0299  0.0305  0.0286  0.0294  0.0279  0.0289
  0.0286  0.0298  0.0277  0.0288  0.0308  0.0292  0.0283  0.0288  0.0278  0.0284  0.0275  0.0278
  0.0274  0.0280  0.0271  0.0276  0.0287  0.0279  0.0274  0.0276  0.0273  0.0276  0.0272  0.0272
  0.0270  0.0270  0.0270  0.0270  0.0270  0.0271  0.0271  0.0271  0.0271  0.0271  0.0271  0.0271
  0.0275  0.0272  0.0272  0.0270  0.0267  0.0273  0.0274  0.0275  0.0272  0.0271  0.0273  0.0274
  0.0287  0.0285  0.0278  0.0278  0.0299  0.0288  0.0284  0.0287  0.0276  0.0276  0.0276  0.0281
  0.0307  0.0312  0.0288  0.0311  0.0362  0.0316  0.0300  0.0306  0.0284  0.0288  0.0280  0.0291
registration optimization eta report
parameter search radius
    2.7600    3.6501    2.4000    9.5220    9.5220    8.2800
    8.2800    7.2000    7.2000    7.2000    7.2000    9.5220
100000*second partial in parameter space
       48.       35.       29.        4.        8.        6.
        4.        6.        3.        4.        2.        2.
  0.0307  0.0322  0.0285  0.0304  0.0330  0.0307  0.0299  0.0305  0.0286  0.0294  0.0279  0.0289
  0.0286  0.0298  0.0277  0.0288  0.0308  0.0292  0.0283  0.0288  0.0278  0.0284  0.0275  0.0278
  0.0274  0.0280  0.0271  0.0276  0.0287  0.0279  0.0274  0.0276  0.0273  0.0276  0.0272  0.0272
  0.0270  0.0270  0.0270  0.0270  0.0270  0.0271  0.0271  0.0271  0.0271  0.0271  0.0271  0.0271
  0.0275  0.0272  0.0272  0.0270  0.0267  0.0273  0.0274  0.0275  0.0272  0.0271  0.0273  0.0274
  0.0287  0.0285  0.0278  0.0278  0.0299  0.0288  0.0284  0.0287  0.0276  0.0276  0.0276  0.0281
  0.0307  0.0312  0.0288  0.0311  0.0362  0.0316  0.0300  0.0306  0.0284  0.0288  0.0280  0.0291
    1.3509    0.4161   15.1799   -9.1106  -16.1597   -8.2560
    0.2161    8.6101   -5.5844    9.6901   -2.8418  -14.4825
eta,q 0.97293 15.74382

---------------------------------------------------------------------
imgreg_4dfp /opt/freesurfer/average/711-2C_as_mni_average_305 /opt/freesurfer/average/711-2B_as_mni_average_305_mask talsrcimg_g11 none talsrcimg_to_711-2C_as_mni_average_305_t4 2311
---------------------------------------------------------------------

freesurfer imgreg_4dfp.c
/opt/freesurfer/average/711-2C_as_mni_average_305.4dfp.img
       256       256       256         1
  1.000000  1.000000  1.000000
orientation T byte_order littleendian
Reading image: /opt/freesurfer/average/711-2C_as_mni_average_305.4dfp.img
dimensions:      256       256       256
mmppix:       1.0000   -1.0000   -1.0000
center:     128.0000 -129.0000 -129.0000
/opt/freesurfer/average/711-2B_as_mni_average_305_mask.4dfp.img
       256       256       256         1
  1.000000  1.000000  1.000000
orientation T byte_order littleendian
Reading mask: /opt/freesurfer/average/711-2B_as_mni_average_305_mask.4dfp.img (2306576 pixels)
talsrcimg_g11.4dfp.img
       256       256       256         1
  1.000000  1.000000  1.000000
orientation T byte_order littleendian
Reading image: talsrcimg_g11.4dfp.img
dimensions:      256       256       256
mmppix:       1.0000   -1.0000   -1.0000
center:     128.0000 -129.0000 -129.0000
fimgreg.f
image alignment mode   2311 decimal      907 hex
parameters
    1.3509    0.4161   15.1799   -9.1106  -16.1597   -8.2560
    0.2161    8.6101   -5.5844    9.6901   -2.8418  -14.4825
eta,q 0.97293 15.74381
niter,ni,del,rscale     5    3    5.0000    0.8000
parameters
    1.3245    0.8291   15.0935   -7.6314  -15.0021   -7.7850
    0.2285    8.5018   -5.3245   10.1440   -3.0775  -15.7910
eta,q 0.97352 15.90610
  0.0283  0.0284  0.0277  0.0282  0.0297  0.0283  0.0278  0.0282  0.0276  0.0279  0.0269  0.0268
  0.0276  0.0278  0.0273  0.0277  0.0287  0.0276  0.0271  0.0273  0.0270  0.0272  0.0267  0.0266
  0.0272  0.0273  0.0271  0.0273  0.0277  0.0270  0.0267  0.0267  0.0267  0.0268  0.0266  0.0265
  0.0271  0.0271  0.0270  0.0270  0.0270  0.0266  0.0266  0.0266  0.0266  0.0266  0.0265  0.0265
  0.0272  0.0270  0.0271  0.0270  0.0266  0.0266  0.0267  0.0268  0.0266  0.0266  0.0266  0.0267
  0.0277  0.0272  0.0274  0.0270  0.0269  0.0270  0.0271  0.0274  0.0269  0.0269  0.0268  0.0271
  0.0283  0.0275  0.0279  0.0273  0.0282  0.0279  0.0278  0.0283  0.0274  0.0275  0.0270  0.0275
niter,ni,del,rscale     4    3    5.0000    0.7000
parameters
    1.2705    0.6242   14.8855   -7.8961  -14.6354   -7.5973
   -0.0130    8.5571   -5.2301   10.1341   -3.1124  -15.9960
eta,q 0.97364 15.92281
  0.0274  0.0271  0.0269  0.0270  0.0286  0.0276  0.0272  0.0277  0.0271  0.0272  0.0267  0.0268
  0.0269  0.0267  0.0266  0.0267  0.0277  0.0271  0.0267  0.0270  0.0267  0.0268  0.0265  0.0265
  0.0266  0.0265  0.0265  0.0265  0.0270  0.0266  0.0264  0.0265  0.0264  0.0265  0.0264  0.0264
  0.0265  0.0265  0.0265  0.0265  0.0265  0.0264  0.0264  0.0264  0.0264  0.0264  0.0264  0.0264
  0.0266  0.0267  0.0266  0.0265  0.0264  0.0264  0.0265  0.0265  0.0264  0.0264  0.0264  0.0264
  0.0270  0.0271  0.0269  0.0268  0.0269  0.0268  0.0268  0.0269  0.0266  0.0267  0.0265  0.0266
  0.0276  0.0277  0.0273  0.0273  0.0282  0.0276  0.0274  0.0276  0.0270  0.0273  0.0267  0.0269
niter,ni,del,rscale     3    3    5.0000    0.6000
parameters
    1.2876    0.5740   14.8726   -7.9477  -14.4128   -7.4911
   -0.0942    8.5697   -5.2185   10.0630   -3.1634  -16.0899
eta,q 0.97367 15.93363
  0.0271  0.0270  0.0268  0.0268  0.0280  0.0273  0.0270  0.0273  0.0268  0.0270  0.0266  0.0267
  0.0267  0.0266  0.0266  0.0266  0.0273  0.0269  0.0266  0.0268  0.0265  0.0266  0.0264  0.0265
  0.0265  0.0264  0.0264  0.0264  0.0267  0.0265  0.0264  0.0264  0.0264  0.0264  0.0263  0.0264
  0.0264  0.0264  0.0264  0.0264  0.0264  0.0263  0.0263  0.0263  0.0263  0.0263  0.0263  0.0263
  0.0265  0.0264  0.0264  0.0264  0.0263  0.0264  0.0264  0.0264  0.0264  0.0264  0.0264  0.0264
  0.0267  0.0267  0.0266  0.0266  0.0268  0.0267  0.0267  0.0268  0.0265  0.0266  0.0265  0.0265
  0.0271  0.0271  0.0269  0.0269  0.0278  0.0273  0.0271  0.0273  0.0268  0.0270  0.0266  0.0267
niter,ni,del,rscale     2    3    5.0000    0.5000
parameters
    1.2950    0.5197   14.8713   -7.9746  -14.2000   -7.4018
   -0.1160    8.5818   -5.2263    9.9541   -3.2002  -16.1445
eta,q 0.97370 15.94397
  0.0269  0.0268  0.0267  0.0267  0.0275  0.0270  0.0268  0.0270  0.0266  0.0267  0.0265  0.0266
  0.0266  0.0265  0.0265  0.0265  0.0270  0.0267  0.0265  0.0266  0.0264  0.0265  0.0264  0.0264
  0.0264  0.0264  0.0264  0.0264  0.0266  0.0264  0.0264  0.0264  0.0263  0.0263  0.0263  0.0263
  0.0263  0.0263  0.0263  0.0263  0.0263  0.0263  0.0263  0.0263  0.0263  0.0263  0.0263  0.0263
  0.0264  0.0264  0.0264  0.0264  0.0263  0.0263  0.0263  0.0264  0.0263  0.0263  0.0263  0.0263
  0.0266  0.0266  0.0265  0.0265  0.0266  0.0266  0.0265  0.0266  0.0264  0.0265  0.0264  0.0264
  0.0268  0.0269  0.0267  0.0267  0.0273  0.0270  0.0268  0.0270  0.0266  0.0268  0.0265  0.0266
niter,ni,del,rscale     1    3    5.0000    0.4000
parameters
    1.2968    0.4641   14.8761   -8.0345  -14.0054   -7.3212
   -0.1381    8.5827   -5.2381    9.8463   -3.2165  -16.1883
eta,q 0.97373 15.95093
  0.0266  0.0266  0.0265  0.0265  0.0271  0.0268  0.0266  0.0267  0.0265  0.0265  0.0264  0.0264
  0.0264  0.0264  0.0264  0.0264  0.0267  0.0265  0.0264  0.0265  0.0264  0.0264  0.0263  0.0263
  0.0263  0.0263  0.0263  0.0263  0.0265  0.0264  0.0263  0.0263  0.0263  0.0263  0.0263  0.0263
  0.0263  0.0263  0.0263  0.0263  0.0263  0.0263  0.0263  0.0263  0.0263  0.0263  0.0263  0.0263
  0.0263  0.0263  0.0263  0.0263  0.0263  0.0263  0.0263  0.0263  0.0263  0.0263  0.0263  0.0263
  0.0264  0.0265  0.0264  0.0264  0.0265  0.0265  0.0264  0.0265  0.0264  0.0264  0.0263  0.0264
  0.0266  0.0267  0.0265  0.0265  0.0269  0.0267  0.0266  0.0267  0.0265  0.0266  0.0264  0.0264
registration optimization eta report
parameter search radius
    0.8000    0.8000    0.8000    2.4000    2.4000    2.4000
    2.4000    2.4000    2.4000    2.4000    2.4000    2.4000
100000*second partial in parameter space
       53.       51.       36.        4.       13.        8.
        6.        8.        4.        5.        2.        3.
  0.0266  0.0266  0.0265  0.0265  0.0271  0.0268  0.0266  0.0267  0.0265  0.0265  0.0264  0.0264
  0.0264  0.0264  0.0264  0.0264  0.0267  0.0265  0.0264  0.0265  0.0264  0.0264  0.0263  0.0263
  0.0263  0.0263  0.0263  0.0263  0.0265  0.0264  0.0263  0.0263  0.0263  0.0263  0.0263  0.0263
  0.0263  0.0263  0.0263  0.0263  0.0263  0.0263  0.0263  0.0263  0.0263  0.0263  0.0263  0.0263
  0.0263  0.0263  0.0263  0.0263  0.0263  0.0263  0.0263  0.0263  0.0263  0.0263  0.0263  0.0263
  0.0264  0.0265  0.0264  0.0264  0.0265  0.0265  0.0264  0.0265  0.0264  0.0264  0.0263  0.0264
  0.0266  0.0267  0.0265  0.0265  0.0269  0.0267  0.0266  0.0267  0.0265  0.0266  0.0264  0.0264
    1.2968    0.4641   14.8761   -8.0345  -14.0054   -7.3212
   -0.1381    8.5827   -5.2381    9.8463   -3.2165  -16.1883
eta,q 0.97373 15.95093

---------------------------------------------------------------------
imgreg_4dfp /opt/freesurfer/average/711-2C_as_mni_average_305 /opt/freesurfer/average/711-2B_as_mni_average_305_mask talsrcimg_g11 none talsrcimg_to_711-2C_as_mni_average_305_t4 2311
---------------------------------------------------------------------

freesurfer imgreg_4dfp.c
/opt/freesurfer/average/711-2C_as_mni_average_305.4dfp.img
       256       256       256         1
  1.000000  1.000000  1.000000
orientation T byte_order littleendian
Reading image: /opt/freesurfer/average/711-2C_as_mni_average_305.4dfp.img
dimensions:      256       256       256
mmppix:       1.0000   -1.0000   -1.0000
center:     128.0000 -129.0000 -129.0000
/opt/freesurfer/average/711-2B_as_mni_average_305_mask.4dfp.img
       256       256       256         1
  1.000000  1.000000  1.000000
orientation T byte_order littleendian
Reading mask: /opt/freesurfer/average/711-2B_as_mni_average_305_mask.4dfp.img (2306576 pixels)
talsrcimg_g11.4dfp.img
       256       256       256         1
  1.000000  1.000000  1.000000
orientation T byte_order littleendian
Reading image: talsrcimg_g11.4dfp.img
dimensions:      256       256       256
mmppix:       1.0000   -1.0000   -1.0000
center:     128.0000 -129.0000 -129.0000
fimgreg.f
image alignment mode   2311 decimal      907 hex
parameters
    1.2968    0.4641   14.8761   -8.0345  -14.0054   -7.3212
   -0.1381    8.5827   -5.2381    9.8463   -3.2165  -16.1883
eta,q 0.97373 15.95094
niter,ni,del,rscale     5    3    5.0000    0.8000
parameters
    1.3138    0.3624   14.8928   -8.3060  -14.4347   -7.5229
   -0.1559    8.6390   -5.2694    9.7091   -3.0671  -15.7580
eta,q 0.97365 15.90757
  0.0277  0.0274  0.0272  0.0271  0.0285  0.0278  0.0275  0.0281  0.0272  0.0274  0.0269  0.0271
  0.0269  0.0268  0.0267  0.0266  0.0275  0.0271  0.0269  0.0271  0.0267  0.0268  0.0266  0.0267
  0.0264  0.0264  0.0264  0.0264  0.0267  0.0266  0.0265  0.0266  0.0264  0.0265  0.0264  0.0265
  0.0263  0.0263  0.0263  0.0263  0.0263  0.0263  0.0264  0.0264  0.0264  0.0263  0.0264  0.0263
  0.0264  0.0265  0.0264  0.0264  0.0265  0.0265  0.0265  0.0265  0.0264  0.0265  0.0264  0.0264
  0.0269  0.0270  0.0267  0.0267  0.0277  0.0272  0.0269  0.0271  0.0267  0.0269  0.0266  0.0266
  0.0276  0.0278  0.0272  0.0274  0.0300  0.0282  0.0276  0.0280  0.0272  0.0276  0.0268  0.0269
niter,ni,del,rscale     4    3    5.0000    0.7000
parameters
    1.3297    0.4619   14.9403   -8.0706  -14.4329   -7.5047
   -0.0778    8.6053   -5.3166    9.7916   -3.0932  -15.8469
eta,q 0.97366 15.92097
  0.0274  0.0274  0.0271  0.0271  0.0283  0.0276  0.0273  0.0276  0.0270  0.0273  0.0267  0.0268
  0.0268  0.0269  0.0267  0.0267  0.0275  0.0270  0.0268  0.0269  0.0266  0.0268  0.0265  0.0265
  0.0265  0.0265  0.0264  0.0264  0.0268  0.0266  0.0265  0.0265  0.0264  0.0265  0.0264  0.0264
  0.0263  0.0263  0.0263  0.0263  0.0263  0.0263  0.0263  0.0263  0.0263  0.0263  0.0263  0.0263
  0.0265  0.0264  0.0264  0.0264  0.0264  0.0264  0.0264  0.0265  0.0264  0.0264  0.0264  0.0264
  0.0268  0.0267  0.0266  0.0266  0.0271  0.0269  0.0267  0.0270  0.0266  0.0267  0.0265  0.0266
  0.0273  0.0272  0.0270  0.0270  0.0287  0.0276  0.0273  0.0277  0.0270  0.0272  0.0267  0.0269
niter,ni,del,rscale     3    3    5.0000    0.6000
parameters
    1.3124    0.4679   14.9230   -8.0085  -14.2845   -7.4384
   -0.0639    8.5883   -5.3026    9.8158   -3.1176  -15.9582
eta,q 0.97370 15.93446
  0.0271  0.0270  0.0268  0.0268  0.0279  0.0273  0.0270  0.0273  0.0268  0.0270  0.0266  0.0267
  0.0267  0.0267  0.0265  0.0266  0.0272  0.0268  0.0266  0.0267  0.0265  0.0266  0.0264  0.0265
  0.0264  0.0264  0.0264  0.0264  0.0267  0.0265  0.0264  0.0264  0.0264  0.0264  0.0263  0.0263
  0.0263  0.0263  0.0263  0.0263  0.0263  0.0263  0.0263  0.0263  0.0263  0.0263  0.0263  0.0263
  0.0264  0.0264  0.0264  0.0264  0.0263  0.0264  0.0264  0.0264  0.0264  0.0264  0.0263  0.0264
  0.0267  0.0266  0.0266  0.0265  0.0268  0.0267  0.0266  0.0268  0.0265  0.0266  0.0264  0.0265
  0.0271  0.0270  0.0268  0.0268  0.0279  0.0273  0.0270  0.0273  0.0268  0.0270  0.0266  0.0267
niter,ni,del,rscale     2    3    5.0000    0.5000
parameters
    1.3053    0.4470   14.9069   -8.0248  -14.1183   -7.3709
   -0.0834    8.5864   -5.2988    9.7897   -3.1441  -16.0496
eta,q 0.97372 15.94344
  0.0268  0.0268  0.0266  0.0266  0.0275  0.0270  0.0268  0.0270  0.0266  0.0267  0.0265  0.0265
  0.0265  0.0265  0.0265  0.0265  0.0270  0.0267  0.0265  0.0266  0.0264  0.0265  0.0264  0.0264
  0.0264  0.0264  0.0263  0.0263  0.0265  0.0264  0.0263  0.0264  0.0263  0.0263  0.0263  0.0263
  0.0263  0.0263  0.0263  0.0263  0.0263  0.0263  0.0263  0.0263  0.0263  0.0263  0.0263  0.0263
  0.0264  0.0264  0.0263  0.0263  0.0263  0.0263  0.0263  0.0264  0.0263  0.0263  0.0263  0.0263
  0.0265  0.0265  0.0265  0.0265  0.0266  0.0266  0.0265  0.0266  0.0264  0.0265  0.0264  0.0264
  0.0268  0.0268  0.0267  0.0267  0.0274  0.0270  0.0268  0.0270  0.0266  0.0268  0.0265  0.0266
niter,ni,del,rscale     1    3    5.0000    0.4000
parameters
    1.3029    0.4146   14.8988   -8.0557  -13.9536   -7.3062
   -0.0964    8.5783   -5.3217    9.7367   -3.1592  -16.1160
eta,q 0.97373 15.95082
  0.0266  0.0266  0.0265  0.0265  0.0271  0.0268  0.0266  0.0267  0.0265  0.0266  0.0264  0.0264
  0.0264  0.0264  0.0264  0.0264  0.0267  0.0265  0.0264  0.0265  0.0264  0.0264  0.0263  0.0263
  0.0263  0.0263  0.0263  0.0263  0.0264  0.0263  0.0263  0.0263  0.0263  0.0263  0.0263  0.0263
  0.0263  0.0263  0.0263  0.0263  0.0263  0.0263  0.0263  0.0263  0.0263  0.0263  0.0263  0.0263
  0.0263  0.0263  0.0263  0.0263  0.0263  0.0263  0.0263  0.0263  0.0263  0.0263  0.0263  0.0263
  0.0264  0.0264  0.0264  0.0264  0.0265  0.0265  0.0264  0.0265  0.0264  0.0264  0.0263  0.0263
  0.0266  0.0266  0.0265  0.0265  0.0270  0.0267  0.0266  0.0267  0.0265  0.0266  0.0264  0.0264
registration optimization eta report
parameter search radius
    0.8000    0.8000    0.8000    2.4000    2.4000    2.4000
    2.4000    2.4000    2.4000    2.4000    2.4000    2.4000
100000*second partial in parameter space
       53.       51.       36.        4.       13.        8.
        6.        8.        4.        5.        2.        3.
  0.0266  0.0266  0.0265  0.0265  0.0271  0.0268  0.0266  0.0267  0.0265  0.0266  0.0264  0.0264
  0.0264  0.0264  0.0264  0.0264  0.0267  0.0265  0.0264  0.0265  0.0264  0.0264  0.0263  0.0263
  0.0263  0.0263  0.0263  0.0263  0.0264  0.0263  0.0263  0.0263  0.0263  0.0263  0.0263  0.0263
  0.0263  0.0263  0.0263  0.0263  0.0263  0.0263  0.0263  0.0263  0.0263  0.0263  0.0263  0.0263
  0.0263  0.0263  0.0263  0.0263  0.0263  0.0263  0.0263  0.0263  0.0263  0.0263  0.0263  0.0263
  0.0264  0.0264  0.0264  0.0264  0.0265  0.0265  0.0264  0.0265  0.0264  0.0264  0.0263  0.0263
  0.0266  0.0266  0.0265  0.0265  0.0270  0.0267  0.0266  0.0267  0.0265  0.0266  0.0264  0.0264
    1.3029    0.4146   14.8988   -8.0557  -13.9536   -7.3062
   -0.0964    8.5783   -5.3217    9.7367   -3.1592  -16.1160
eta,q 0.97373 15.95082

---------------------------------------------------------------------
compute_vox2vox talsrcimg talsrcimg_to_711-2C_as_mni_average_305_t4 /opt/freesurfer/average/711-2C_as_mni_average_305
---------------------------------------------------------------------

freesurfer compute_vox2vox.c
Reading: talsrcimg.4dfp.ifh
Reading: talsrcimg_to_711-2C_as_mni_average_305_t4
Reading: /opt/freesurfer/average/711-2C_as_mni_average_305.4dfp.ifh
Writing: talsrcimg_to_711-2C_as_mni_average_305_t4_vox2vox.txt

start time Sun Mar 8 22:09:06 CET 2026
end		time Sun Mar 8 22:10:37 CET 2026

mpr2mni305 success

avi2talxfm orig_nu.mgz /opt/freesurfer/average/mni305.cor.mgz talsrcimg_to_711-2C_as_mni_average_305_t4_vox2vox.txt transforms/talairach.auto.xfm
avi2talxfm done
mv -f /out/sourcedata/freesurfer/sub-v1s16x0051163_ses-1/mri/talsrcimg_to_711-2C_as_mni_average_305_t4_vox2vox.txt /out/sourcedata/freesurfer/sub-v1s16x0051163_ses-1/mri/transforms/talsrcimg_to_711-2C_as_mni_average_305_t4_vox2vox.txt
lta_convert --src orig_nu.mgz --trg /opt/freesurfer/average/mni305.cor.mgz --inxfm transforms/talairach.auto.xfm --outlta transforms/talairach.auto.xfm.lta --subject fsaverage
7.3.2

--src: orig_nu.mgz src image (geometry).
--trg: /opt/freesurfer/average/mni305.cor.mgz trg image (geometry).
--inmni: transforms/talairach.auto.xfm input MNI/XFM transform.
--outlta: transforms/talairach.auto.xfm.lta output LTA.
--s: fsaverage subject name
 LTA read, type : 1
 1.08324  -0.09844  -0.01722   7.25493;
 0.04763   1.05368   0.19740  -10.11558;
 0.06160  -0.12532   1.13876   7.98619;
 0.00000   0.00000   0.00000   1.00000;
setting subject to fsaverage
Writing  LTA to file transforms/talairach.auto.xfm.lta...
lta_convert successful.
 
 
Started at Sun Mar 8 22:09:06 CET 2026
Ended   at Sun Mar  8 22:10:37 CET 2026
talairach_avi done
