/out/sourcedata/freesurfer/sub-v1s16x0051165_ses-1/mri
/opt/freesurfer/bin/talairach_avi
--i orig_nu.mgz --xfm transforms/talairach.auto.xfm
talairach_avi 7.3.2
Linux dna016 5.14.0-427.37.1.el9_4.x86_64 #1 SMP PREEMPT_DYNAMIC Fri Sep 13 12:41:50 EDT 2024 x86_64 x86_64 x86_64 GNU/Linux
Sun Mar  8 22:11:10 CET 2026
mri_convert orig_nu.mgz talsrcimg.img 
reading from orig_nu.mgz...
TR=0.00, TE=0.00, TI=0.00, flip angle=0.00
i_ras = (-1, 0, 0)
j_ras = (0, 0, -1)
k_ras = (0, 1, 0)
writing to talsrcimg.img...
Analyze Output Matrix
-1.00000   0.00000   0.00000   129.42622;
 0.00000   0.00000   1.00000  -135.85989;
 0.00000  -1.00000   0.00000   124.74319;
 0.00000   0.00000   0.00000   1.00000;
--------------------
INFO: set hdr.hist.orient to -1
mpr2mni305 talsrcimg
Sun Mar  8 22:11:10 CET 2026
/opt/freesurfer/bin/mpr2mni305 talsrcimg
mpr2mni305 7.3.2
target=711-2C_as_mni_average_305

---------------------------------------------------------------------
analyzeto4dfp talsrcimg -O0 -y
---------------------------------------------------------------------

freesurfer ifh2hdr.c
Sun Mar  8 22:11:10 2026
Writing: talsrcimg.4dfp.hdr
freesurfer analyzeto4dfp.c
Reading: talsrcimg.hdr
header size 348 bytes
hdr.dime.datatype	offset=70	value=2
hdr.dime.bitpix		offset=72	value=8
hdr.hist.orient		offset=252	value=-1
dimensionality     4
dimensions       256       256       256         1
Reading: talsrcimg.img
Writing: talsrcimg.4dfp.img
Writing: talsrcimg.4dfp.ifh
ifh2hdr talsrcimg -r0to218
ori=2

---------------------------------------------------------------------
gauss_4dfp talsrcimg 1.1
---------------------------------------------------------------------

freesurfer gauss_4dfp.c
Reading: talsrcimg.4dfp.img
Writing: talsrcimg_g11.4dfp.img
image dimensions 256 256 256 padded to 288 288 288
processing volume 1freesurfer ifh2hdr.c
Sun Mar  8 22:11:12 2026
Writing: talsrcimg_g11.4dfp.hdr

Writing: talsrcimg_g11.4dfp.ifh
including: talsrcimg.4dfp.img.rec in talsrcimg_g11.4dfp.img.rec

---------------------------------------------------------------------
imgreg_4dfp /opt/freesurfer/average/711-2C_as_mni_average_305 none talsrcimg_g11 none talsrcimg_to_711-2C_as_mni_average_305_t4 4355
---------------------------------------------------------------------

freesurfer imgreg_4dfp.c
/opt/freesurfer/average/711-2C_as_mni_average_305.4dfp.img
       256       256       256         1
  1.000000  1.000000  1.000000
orientation T byte_order littleendian
Reading image: /opt/freesurfer/average/711-2C_as_mni_average_305.4dfp.img
dimensions:      256       256       256
mmppix:       1.0000   -1.0000   -1.0000
center:     128.0000 -129.0000 -129.0000
talsrcimg_g11.4dfp.img
       256       256       256         1
  1.000000  1.000000  1.000000
orientation T byte_order littleendian
Reading image: talsrcimg_g11.4dfp.img
dimensions:      256       256       256
mmppix:       1.0000   -1.0000   -1.0000
center:     128.0000 -129.0000 -129.0000
t4_read: open error in t4_sub.f l:  41 t4_file(1:l)talsrcimg_to_711-2C_as_mni_average_305_t4 
t4_read: transform initialized to I4
rotation matrix determinant  1.000000
image alignment mode   4355 decimal     1103 hex
   -7.5000  -45.0000  -45.0000 5364.0068   24.6342
    0.0000  -45.0000  -45.0000 5636.3823   24.6151
    7.5000  -45.0000  -45.0000 5425.7944   24.6911
   -7.5000  -37.5000  -45.0000 5934.7637   23.9984
    0.0000  -37.5000  -45.0000 6212.8389   23.9857
    7.5000  -37.5000  -45.0000 5972.7109   24.0573
   -7.5000  -30.0000  -45.0000 6749.5557   23.7029
    0.0000  -30.0000  -45.0000 7054.1372   23.6925
    7.5000  -30.0000  -45.0000 6759.6201   23.7596
   -7.5000  -22.5000  -45.0000 7604.5596   23.6657
    0.0000  -22.5000  -45.0000 7971.0337   23.6522
    7.5000  -22.5000  -45.0000 7622.5366   23.7201
   -7.5000  -15.0000  -45.0000 8494.7012   23.6652
    0.0000  -15.0000  -45.0000 8906.9824   23.6480
    7.5000  -15.0000  -45.0000 8534.5312   23.7178
   -7.5000   -7.5000  -45.0000 9479.3096   23.5789
    0.0000   -7.5000  -45.0000 9956.0283   23.5617
    7.5000   -7.5000  -45.0000 9533.2334   23.6332
   -7.5000    0.0000  -45.000010325.9307   23.4986
    0.0000    0.0000  -45.000010870.6787   23.4844
    7.5000    0.0000  -45.000010378.5264   23.5559
   -7.5000    7.5000  -45.000010302.7324   23.5127
    0.0000    7.5000  -45.000010856.1455   23.5018
    7.5000    7.5000  -45.000010336.1963   23.5708
   -7.5000   15.0000  -45.000010144.4736   23.5915
    0.0000   15.0000  -45.000010688.8779   23.5813
    7.5000   15.0000  -45.000010173.4561   23.6484
   -7.5000   22.5000  -45.0000 9953.3379   23.6604
    0.0000   22.5000  -45.000010469.6123   23.6468
    7.5000   22.5000  -45.0000 9956.3154   23.7148
   -7.5000   30.0000  -45.0000 9715.4355   23.3498
    0.0000   30.0000  -45.000010167.6562   23.3328
    7.5000   30.0000  -45.0000 9688.6953   23.4018
   -7.5000   37.5000  -45.0000 9801.3018   23.2647
    0.0000   37.5000  -45.000010255.0625   23.2477
    7.5000   37.5000  -45.0000 9779.6992   23.3183
   -7.5000   45.0000  -45.0000 9444.6543   22.5967
    0.0000   45.0000  -45.0000 9893.5215   22.5830
    7.5000   45.0000  -45.0000 9410.2939   22.6518
   -7.5000  -45.0000  -37.5000 5753.2671   24.5258
    0.0000  -45.0000  -37.5000 6036.2070   24.5020
    7.5000  -45.0000  -37.5000 5816.2197   24.5904
   -7.5000  -37.5000  -37.5000 6355.9707   23.8958
    0.0000  -37.5000  -37.5000 6662.3428   23.8852
    7.5000  -37.5000  -37.5000 6415.3623   23.9695
   -7.5000  -30.0000  -37.5000 7233.2720   23.6127
    0.0000  -30.0000  -37.5000 7581.2900   23.6058
    7.5000  -30.0000  -37.5000 7285.9458   23.6817
   -7.5000  -22.5000  -37.5000 8172.8638   23.5837
    0.0000  -22.5000  -37.5000 8572.2588   23.5684
    7.5000  -22.5000  -37.5000 8225.2822   23.6402
   -7.5000  -15.0000  -37.5000 9145.7217   23.5809
    0.0000  -15.0000  -37.5000 9598.0449   23.5559
    7.5000  -15.0000  -37.5000 9222.7793   23.6277
   -7.5000   -7.5000  -37.500010153.7168   23.4849
    0.0000   -7.5000  -37.500010692.9434   23.4591
    7.5000   -7.5000  -37.500010248.5371   23.5360
   -7.5000    0.0000  -37.500011028.6846   23.3955
    0.0000    0.0000  -37.500011627.4814   23.3768
    7.5000    0.0000  -37.500011138.1914   23.4588
   -7.5000    7.5000  -37.500010994.8525   23.4095
    0.0000    7.5000  -37.500011639.4316   23.4006
    7.5000    7.5000  -37.500011081.7109   23.4813
   -7.5000   15.0000  -37.500010833.1201   23.4998
    0.0000   15.0000  -37.500011464.1523   23.4933
    7.5000   15.0000  -37.500010895.9229   23.5691
   -7.5000   22.5000  -37.500010603.7656   23.5784
    0.0000   22.5000  -37.500011176.7080   23.5631
    7.5000   22.5000  -37.500010623.8145   23.6348
   -7.5000   30.0000  -37.500010289.2969   23.2666
    0.0000   30.0000  -37.500010826.8203   23.2420
    7.5000   30.0000  -37.500010297.8887   23.3128
   -7.5000   37.5000  -37.500010375.3613   23.1719
    0.0000   37.5000  -37.500010926.0107   23.1465
    7.5000   37.5000  -37.500010400.4570   23.2223
   -7.5000   45.0000  -37.5000 9991.1465   22.4976
    0.0000   45.0000  -37.500010524.6934   22.4796
    7.5000   45.0000  -37.500010004.2529   22.5584
   -7.5000  -45.0000  -30.0000 6256.1777   25.4796
    0.0000  -45.0000  -30.0000 6576.8477   25.4520
    7.5000  -45.0000  -30.0000 6337.7026   25.5462
   -7.5000  -37.5000  -30.0000 6931.5132   24.8181
    0.0000  -37.5000  -30.0000 7270.3286   24.8053
    7.5000  -37.5000  -30.0000 6985.4727   24.8978
   -7.5000  -30.0000  -30.0000 7887.5854   24.5210
    0.0000  -30.0000  -30.0000 8271.2119   24.5148
    7.5000  -30.0000  -30.0000 7933.3145   24.5994
   -7.5000  -22.5000  -30.0000 8912.7617   24.4966
    0.0000  -22.5000  -30.0000 9366.1680   24.4832
    7.5000  -22.5000  -30.0000 8955.5918   24.5611
   -7.5000  -15.0000  -30.0000 9954.2100   24.5017
    0.0000  -15.0000  -30.000010471.8916   24.4782
    7.5000  -15.0000  -30.000010024.4707   24.5537
   -7.5000   -7.5000  -30.000011012.8828   24.4043
    0.0000   -7.5000  -30.000011630.4668   24.3767
    7.5000   -7.5000  -30.000011112.0000   24.4569
   -7.5000    0.0000  -30.000011945.6143   24.3061
    0.0000    0.0000  -30.000012592.2188   24.2834
    7.5000    0.0000  -30.000012073.4238   24.3704
   -7.5000    7.5000  -30.000011917.2773   24.3118
    0.0000    7.5000  -30.000012587.5420   24.3008
    7.5000    7.5000  -30.000012014.1211   24.3896
   -7.5000   15.0000  -30.000011750.6748   24.4029
    0.0000   15.0000  -30.000012451.0957   24.3971
    7.5000   15.0000  -30.000011834.6074   24.4815
   -7.5000   22.5000  -30.000011476.5967   24.4886
    0.0000   22.5000  -30.000012134.5312   24.4752
    7.5000   22.5000  -30.000011515.0137   24.5530
   -7.5000   30.0000  -30.000011059.4131   24.1775
    0.0000   30.0000  -30.000011700.4688   24.1543
    7.5000   30.0000  -30.000011123.1045   24.2288
   -7.5000   37.5000  -30.000011110.0391   24.0814
    0.0000   37.5000  -30.000011765.1357   24.0541
    7.5000   37.5000  -30.000011199.6211   24.1333
   -7.5000   45.0000  -30.000010693.4668   23.3903
    0.0000   45.0000  -30.000011279.4199   23.3685
    7.5000   45.0000  -30.000010727.7393   23.4523
   -7.5000  -45.0000  -22.5000 6773.1772   26.3089
    0.0000  -45.0000  -22.5000 7120.0654   26.2807
    7.5000  -45.0000  -22.5000 6844.9219   26.3654
   -7.5000  -37.5000  -22.5000 7505.1255   25.6154
    0.0000  -37.5000  -22.5000 7859.5371   25.5957
    7.5000  -37.5000  -22.5000 7540.8530   25.6800
   -7.5000  -30.0000  -22.5000 8542.5605   25.2907
    0.0000  -30.0000  -22.5000 8958.6240   25.2797
    7.5000  -30.0000  -22.5000 8586.2119   25.3615
   -7.5000  -22.5000  -22.5000 9650.1279   25.2589
    0.0000  -22.5000  -22.500010138.9248   25.2492
    7.5000  -22.5000  -22.5000 9678.5967   25.3278
   -7.5000  -15.0000  -22.500010759.1787   25.2742
    0.0000  -15.0000  -22.500011300.7910   25.2614
    7.5000  -15.0000  -22.500010812.0078   25.3385
   -7.5000   -7.5000  -22.500011868.6816   25.1891
    0.0000   -7.5000  -22.500012526.1660   25.1691
    7.5000   -7.5000  -22.500011969.2158   25.2466
   -7.5000    0.0000  -22.500012860.8818   25.0961
    0.0000    0.0000  -22.500013565.9131   25.0725
    7.5000    0.0000  -22.500012978.3877   25.1518
   -7.5000    7.5000  -22.500012862.8682   25.0934
    0.0000    7.5000  -22.500013584.6943   25.0760
    7.5000    7.5000  -22.500012980.8369   25.1578
   -7.5000   15.0000  -22.500012688.7295   25.1691
    0.0000   15.0000  -22.500013431.8262   25.1583
    7.5000   15.0000  -22.500012757.4980   25.2400
   -7.5000   22.5000  -22.500012371.4062   25.2488
    0.0000   22.5000  -22.500013088.1348   25.2392
    7.5000   22.5000  -22.500012415.3984   25.3178
   -7.5000   30.0000  -22.500011910.0029   24.9436
    0.0000   30.0000  -22.500012611.3613   24.9310
    7.5000   30.0000  -22.500011993.7500   25.0070
   -7.5000   37.5000  -22.500011932.0674   24.8596
    0.0000   37.5000  -22.500012657.6553   24.8399
    7.5000   37.5000  -22.500012025.4551   24.9164
   -7.5000   45.0000  -22.500011457.7520   24.1688
    0.0000   45.0000  -22.500012093.5049   24.1461
    7.5000   45.0000  -22.500011463.1465   24.2225
   -7.5000  -45.0000  -15.0000 7308.8887   26.9419
    0.0000  -45.0000  -15.0000 7653.9712   26.9152
    7.5000  -45.0000  -15.0000 7353.4858   26.9864
   -7.5000  -37.5000  -15.0000 8110.5820   26.2254
    0.0000  -37.5000  -15.0000 8473.2666   26.2002
    7.5000  -37.5000  -15.0000 8118.7212   26.2706
   -7.5000  -30.0000  -15.0000 9231.0459   25.8770
    0.0000  -30.0000  -15.0000 9668.5674   25.8608
    7.5000  -30.0000  -15.0000 9234.9150   25.9334
   -7.5000  -22.5000  -15.000010424.6104   25.8322
    0.0000  -22.5000  -15.000010939.2158   25.8250
    7.5000  -22.5000  -15.000010445.1885   25.9004
   -7.5000  -15.0000  -15.000011598.7871   25.8518
    0.0000  -15.0000  -15.000012194.1816   25.8480
    7.5000  -15.0000  -15.000011652.4170   25.9248
   -7.5000   -7.5000  -15.000012810.9873   25.7787
    0.0000   -7.5000  -15.000013502.9219   25.7665
    7.5000   -7.5000  -15.000012890.5439   25.8395
   -7.5000    0.0000  -15.000013894.6104   25.6953
    0.0000    0.0000  -15.000014672.0547   25.6733
    7.5000    0.0000  -15.000013977.7520   25.7415
   -7.5000    7.5000  -15.000013871.3438   25.6908
    0.0000    7.5000  -15.000014648.0596   25.6682
    7.5000    7.5000  -15.000013959.8066   25.7372
   -7.5000   15.0000  -15.000013620.6484   25.7522
    0.0000   15.0000  -15.000014413.1992   25.7363
    7.5000   15.0000  -15.000013657.9746   25.8089
   -7.5000   22.5000  -15.000013257.6348   25.8208
    0.0000   22.5000  -15.000014019.6426   25.8136
    7.5000   22.5000  -15.000013271.4053   25.8890
   -7.5000   30.0000  -15.000012803.3721   25.5172
    0.0000   30.0000  -15.000013545.2764   25.5135
    7.5000   30.0000  -15.000012830.2529   25.5892
   -7.5000   37.5000  -15.000012862.8311   25.4451
    0.0000   37.5000  -15.000013603.2383   25.4330
    7.5000   37.5000  -15.000012883.6650   25.5051
   -7.5000   45.0000  -15.000012264.8926   24.7608
    0.0000   45.0000  -15.000012946.0264   24.7396
    7.5000   45.0000  -15.000012221.7236   24.8053
   -7.5000  -45.0000   -7.5000 7920.0938   27.3121
    0.0000  -45.0000   -7.5000 8279.9580   27.2894
    7.5000  -45.0000   -7.5000 7946.2178   27.3601
   -7.5000  -37.5000   -7.5000 8785.6201   26.5919
    0.0000  -37.5000   -7.5000 9183.8691   26.5704
    7.5000  -37.5000   -7.5000 8797.0049   26.6384
   -7.5000  -30.0000   -7.5000 9993.4902   26.2437
    0.0000  -30.0000   -7.500010477.1553   26.2282
    7.5000  -30.0000   -7.500010016.0869   26.2972
   -7.5000  -22.5000   -7.500011287.7197   26.1939
    0.0000  -22.5000   -7.500011830.5020   26.1847
    7.5000  -22.5000   -7.500011304.8838   26.2583
   -7.5000  -15.0000   -7.500012550.2295   26.2062
    0.0000  -15.0000   -7.500013173.0342   26.1996
    7.5000  -15.0000   -7.500012572.8701   26.2760
   -7.5000   -7.5000   -7.500013871.7656   26.1273
    0.0000   -7.5000   -7.500014569.7598   26.1161
    7.5000   -7.5000   -7.500013902.7295   26.1893
   -7.5000    0.0000   -7.500015034.8398   26.0449
    0.0000    0.0000   -7.500015844.3633   26.0273
    7.5000    0.0000   -7.500015068.9209   26.0952
   -7.5000    7.5000   -7.500014976.8496   26.0487
    0.0000    7.5000   -7.500015838.2842   26.0297
    7.5000    7.5000   -7.500015022.0459   26.0961
   -7.5000   15.0000   -7.500014657.8379   26.1166
    0.0000   15.0000   -7.500015494.9355   26.1014
    7.5000   15.0000   -7.500014617.5488   26.1704
   -7.5000   22.5000   -7.500014223.9180   26.1794
    0.0000   22.5000   -7.500015050.7070   26.1703
    7.5000   22.5000   -7.500014177.4297   26.2439
   -7.5000   30.0000   -7.500013792.8096   25.8663
    0.0000   30.0000   -7.500014560.8633   25.8598
    7.5000   30.0000   -7.500013738.2559   25.9352
   -7.5000   37.5000   -7.500013859.7051   25.7885
    0.0000   37.5000   -7.500014613.4873   25.7774
    7.5000   37.5000   -7.500013816.8057   25.8496
   -7.5000   45.0000   -7.500013114.5615   25.1023
    0.0000   45.0000   -7.500013837.9736   25.0854
    7.5000   45.0000   -7.500013047.1494   25.1509
   -7.5000  -45.0000    0.0000 8425.3525   27.4220
    0.0000  -45.0000    0.0000 8820.6230   27.4007
    7.5000  -45.0000    0.0000 8439.6406   27.4851
   -7.5000  -37.5000    0.0000 9361.5684   26.7118
    0.0000  -37.5000    0.0000 9841.7627   26.6978
    7.5000  -37.5000    0.0000 9398.2539   26.7772
   -7.5000  -30.0000    0.000010687.4932   26.3806
    0.0000  -30.0000    0.000011194.3311   26.3693
    7.5000  -30.0000    0.000010683.5596   26.4439
   -7.5000  -22.5000    0.000012084.1436   26.3353
    0.0000  -22.5000    0.000012604.0303   26.3210
    7.5000  -22.5000    0.000012047.6123   26.3970
   -7.5000  -15.0000    0.000013434.1504   26.3351
    0.0000  -15.0000    0.000014027.8320   26.3168
    7.5000  -15.0000    0.000013392.3145   26.3951
   -7.5000   -7.5000    0.000014876.4561   26.2396
    0.0000   -7.5000    0.000015517.6709   26.2209
    7.5000   -7.5000    0.000014814.2988   26.3008
   -7.5000    0.0000    0.000016164.4590   26.1502
    0.0000    0.0000    0.000016948.4277   26.1344
    7.5000    0.0000    0.000016133.4863   26.2141
   -7.5000    7.5000    0.000016064.6875   26.1654
    0.0000    7.5000    0.000016975.7305   26.1532
    7.5000    7.5000    0.000016029.0869   26.2299
   -7.5000   15.0000    0.000015673.4004   26.2526
    0.0000   15.0000    0.000016527.7793   26.2417
    7.5000   15.0000    0.000015556.2412   26.3163
   -7.5000   22.5000    0.000015271.6992   26.3208
    0.0000   22.5000    0.000016082.4434   26.3066
    7.5000   22.5000    0.000015148.2695   26.3825
   -7.5000   30.0000    0.000014801.4463   25.9943
    0.0000   30.0000    0.000015533.1348   25.9762
    7.5000   30.0000    0.000014673.4092   26.0535
   -7.5000   37.5000    0.000014805.3096   25.9000
    0.0000   37.5000    0.000015555.8359   25.8815
    7.5000   37.5000    0.000014721.5684   25.9604
   -7.5000   45.0000    0.000013921.0234   25.2058
    0.0000   45.0000    0.000014651.8252   25.1906
    7.5000   45.0000    0.000013851.1641   25.2673
   -7.5000  -45.0000    7.5000 8247.8867   27.4167
    0.0000  -45.0000    7.5000 8643.6387   27.3904
    7.5000  -45.0000    7.5000 8278.9932   27.4895
   -7.5000  -37.5000    7.5000 9188.5117   26.7113
    0.0000  -37.5000    7.5000 9670.8711   26.6998
    7.5000  -37.5000    7.5000 9232.6260   26.7943
   -7.5000  -30.0000    7.500010504.8809   26.3937
    0.0000  -30.0000    7.500011017.1133   26.3864
    7.5000  -30.0000    7.500010483.8584   26.4716
   -7.5000  -22.5000    7.500011852.3887   26.3599
    0.0000  -22.5000    7.500012396.9727   26.3431
    7.5000  -22.5000    7.500011800.9590   26.4237
   -7.5000  -15.0000    7.500013190.5996   26.3567
    0.0000  -15.0000    7.500013788.4834   26.3292
    7.5000  -15.0000    7.500013114.3564   26.4098
   -7.5000   -7.5000    7.500014625.8643   26.2496
    0.0000   -7.5000    7.500015318.4121   26.2211
    7.5000   -7.5000    7.500014535.6758   26.3074
   -7.5000    0.0000    7.500015933.5293   26.1498
    0.0000    0.0000    7.500016843.5156   26.1292
    7.5000    0.0000    7.500015884.8438   26.2211
   -7.5000    7.5000    7.500015783.2061   26.1652
    0.0000    7.5000    7.500016560.4609   26.1556
    7.5000    7.5000    7.500015740.1113   26.2461
   -7.5000   15.0000    7.500015337.9834   26.2661
    0.0000   15.0000    7.500015942.1143   26.2592
    7.5000   15.0000    7.500015248.9121   26.3442
   -7.5000   22.5000    7.500015062.2031   26.3454
    0.0000   22.5000    7.500015677.2246   26.3287
    7.5000   22.5000    7.500014894.3906   26.4092
   -7.5000   30.0000    7.500014608.0664   26.0156
    0.0000   30.0000    7.500015264.6387   25.9884
    7.5000   30.0000    7.500014418.4570   26.0680
   -7.5000   37.5000    7.500014574.8350   25.9099
    0.0000   37.5000    7.500015313.1240   25.8818
    7.5000   37.5000    7.500014431.4385   25.9670
   -7.5000   45.0000    7.500013630.2090   25.2054
    0.0000   45.0000    7.500014371.1611   25.1855
    7.5000   45.0000    7.500013510.2549   25.2742
   -7.5000  -45.0000   15.0000 7917.7563   27.3609
    0.0000  -45.0000   15.0000 8337.3564   27.3312
    7.5000  -45.0000   15.0000 7939.5850   27.4324
   -7.5000  -37.5000   15.0000 8881.2461   26.6506
    0.0000  -37.5000   15.0000 9361.0986   26.6368
    7.5000  -37.5000   15.0000 8891.7217   26.7362
   -7.5000  -30.0000   15.000010191.5020   26.3315
    0.0000  -30.0000   15.000010696.2891   26.3249
    7.5000  -30.0000   15.000010166.4590   26.4157
   -7.5000  -22.5000   15.000011537.8652   26.3054
    0.0000  -22.5000   15.000012049.4902   26.2909
    7.5000  -22.5000   15.000011470.3057   26.3746
   -7.5000  -15.0000   15.000012822.8789   26.3108
    0.0000  -15.0000   15.000013392.4365   26.2856
    7.5000  -15.0000   15.000012749.0020   26.3666
   -7.5000   -7.5000   15.000014141.1621   26.2062
    0.0000   -7.5000   15.000014809.1807   26.1765
    7.5000   -7.5000   15.000014092.2812   26.2627
   -7.5000    0.0000   15.000015304.7832   26.1007
    0.0000    0.0000   15.000016126.9688   26.0763
    7.5000    0.0000   15.000015280.1738   26.1698
   -7.5000    7.5000   15.000015217.0078   26.1069
    0.0000    7.5000   15.000015867.7676   26.0951
    7.5000    7.5000   15.000015135.8262   26.1904
   -7.5000   15.0000   15.000014881.9482   26.2047
    0.0000   15.0000   15.000015385.8301   26.1985
    7.5000   15.0000   15.000014734.8438   26.2891
   -7.5000   22.5000   15.000014609.8662   26.2909
    0.0000   22.5000   15.000015145.6416   26.2765
    7.5000   22.5000   15.000014412.8994   26.3601
   -7.5000   30.0000   15.000014175.9365   25.9703
    0.0000   30.0000   15.000014769.4814   25.9454
    7.5000   30.0000   15.000013955.6650   26.0254
   -7.5000   37.5000   15.000014143.1982   25.8671
    0.0000   37.5000   15.000014778.9873   25.8377
    7.5000   37.5000   15.000013963.9404   25.9228
   -7.5000   45.0000   15.000013225.9102   25.1581
    0.0000   45.0000   15.000013838.8779   25.1346
    7.5000   45.0000   15.000013065.2725   25.2247
   -7.5000  -45.0000   22.5000 7549.4536   27.3108
    0.0000  -45.0000   22.5000 7931.4912   27.2815
    7.5000  -45.0000   22.5000 7584.8467   27.3694
   -7.5000  -37.5000   22.5000 8475.8115   26.5908
    0.0000  -37.5000   22.5000 8924.7021   26.5704
    7.5000  -37.5000   22.5000 8472.3164   26.6579
   -7.5000  -30.0000   22.5000 9690.1533   26.2538
    0.0000  -30.0000   22.500010201.6885   26.2423
    7.5000  -30.0000   22.5000 9676.3613   26.3272
   -7.5000  -22.5000   22.500010958.3037   26.2207
    0.0000  -22.5000   22.500011525.6445   26.2107
    7.5000  -22.5000   22.500010928.9951   26.2923
   -7.5000  -15.0000   22.500012162.3789   26.2366
    0.0000  -15.0000   22.500012822.5635   26.2234
    7.5000  -15.0000   22.500012163.1240   26.3034
   -7.5000   -7.5000   22.500013397.3994   26.1483
    0.0000   -7.5000   22.500014163.4229   26.1275
    7.5000   -7.5000   22.500013417.8975   26.2080
   -7.5000    0.0000   22.500014547.7549   26.0517
    0.0000    0.0000   22.500015378.2520   26.0273
    7.5000    0.0000   22.500014567.8379   26.1096
   -7.5000    7.5000   22.500014542.7852   26.0490
    0.0000    7.5000   22.500015248.1250   26.0309
    7.5000    7.5000   22.500014469.3711   26.1158
   -7.5000   15.0000   22.500014289.5059   26.1275
    0.0000   15.0000   22.500014883.3545   26.1164
    7.5000   15.0000   22.500014158.3945   26.2011
   -7.5000   22.5000   22.500013943.6357   26.2063
    0.0000   22.5000   22.500014533.8223   26.1963
    7.5000   22.5000   22.500013810.9795   26.2779
   -7.5000   30.0000   22.500013509.1172   25.8971
    0.0000   30.0000   22.500014063.6709   25.8840
    7.5000   30.0000   22.500013350.8311   25.9630
   -7.5000   37.5000   22.500013493.7930   25.8098
    0.0000   37.5000   22.500014061.7461   25.7894
    7.5000   37.5000   22.500013340.4209   25.8688
   -7.5000   45.0000   22.500012628.3232   25.1109
    0.0000   45.0000   22.500013168.0957   25.0873
    7.5000   45.0000   22.500012463.8799   25.1667
   -7.5000  -45.0000   30.0000 7068.9976   27.3116
    0.0000  -45.0000   30.0000 7436.7207   27.2846
    7.5000  -45.0000   30.0000 7098.3662   27.3567
   -7.5000  -37.5000   30.0000 7901.7510   26.5853
    0.0000  -37.5000   30.0000 8345.5547   26.5598
    7.5000  -37.5000   30.0000 7921.1387   26.6311
   -7.5000  -30.0000   30.0000 9030.2617   26.2321
    0.0000  -30.0000   30.0000 9529.1143   26.2158
    7.5000  -30.0000   30.0000 9049.6289   26.2894
   -7.5000  -22.5000   30.000010231.0635   26.1867
    0.0000  -22.5000   30.000010787.4092   26.1794
    7.5000  -22.5000   30.000010256.9766   26.2559
   -7.5000  -15.0000   30.000011374.6084   26.2066
    0.0000  -15.0000   30.000012017.1992   26.2027
    7.5000  -15.0000   30.000011412.1885   26.2806
   -7.5000   -7.5000   30.000012556.5703   26.1325
    0.0000   -7.5000   30.000013248.1934   26.1201
    7.5000   -7.5000   30.000012616.3906   26.1941
   -7.5000    0.0000   30.000013644.7607   26.0479
    0.0000    0.0000   30.000014303.9990   26.0257
    7.5000    0.0000   30.000013648.7334   26.0948
   -7.5000    7.5000   30.000013613.7412   26.0434
    0.0000    7.5000   30.000014184.2549   26.0205
    7.5000    7.5000   30.000013552.6025   26.0904
   -7.5000   15.0000   30.000013405.2197   26.1057
    0.0000   15.0000   30.000013938.1895   26.0895
    7.5000   15.0000   30.000013315.1025   26.1631
   -7.5000   22.5000   30.000013099.9492   26.1723
    0.0000   22.5000   30.000013622.7129   26.1651
    7.5000   22.5000   30.000012991.7920   26.2415
   -7.5000   30.0000   30.000012702.1533   25.8674
    0.0000   30.0000   30.000013195.5342   25.8636
    7.5000   30.0000   30.000012571.0146   25.9404
   -7.5000   37.5000   30.000012705.3926   25.7943
    0.0000   37.5000   30.000013218.1016   25.7821
    7.5000   37.5000   30.000012566.0928   25.8551
   -7.5000   45.0000   30.000011917.6943   25.1072
    0.0000   45.0000   30.000012408.6211   25.0858
    7.5000   45.0000   30.000011747.7803   25.1524
   -7.5000  -45.0000   37.5000 6823.0991   27.4969
    0.0000  -45.0000   37.5000 7152.2393   27.4750
    7.5000  -45.0000   37.5000 6841.4790   27.5465
   -7.5000  -37.5000   37.5000 7627.2749   26.7710
    0.0000  -37.5000   37.5000 8003.6777   26.7502
    7.5000  -37.5000   37.5000 7626.2852   26.8192
   -7.5000  -30.0000   37.5000 8709.2373   26.4200
    0.0000  -30.0000   37.5000 9146.4072   26.4050
    7.5000  -30.0000   37.5000 8713.2490   26.4751
   -7.5000  -22.5000   37.5000 9844.2041   26.3696
    0.0000  -22.5000   37.500010354.6523   26.3609
    7.5000  -22.5000   37.5000 9848.9082   26.4355
   -7.5000  -15.0000   37.500010944.8271   26.3816
    0.0000  -15.0000   37.500011513.3320   26.3756
    7.5000  -15.0000   37.500010974.8818   26.4527
   -7.5000   -7.5000   37.500012062.0439   26.3023
    0.0000   -7.5000   37.500012670.3350   26.2918
    7.5000   -7.5000   37.500012120.3838   26.3655
   -7.5000    0.0000   37.500013066.8164   26.2196
    0.0000    0.0000   37.500013660.9268   26.2028
    7.5000    0.0000   37.500013100.9160   26.2714
   -7.5000    7.5000   37.500013047.1289   26.2239
    0.0000    7.5000   37.500013589.1641   26.2055
    7.5000    7.5000   37.500013049.6543   26.2729
   -7.5000   15.0000   37.500012854.7051   26.2924
    0.0000   15.0000   37.500013372.5586   26.2776
    7.5000   15.0000   37.500012827.1094   26.3477
   -7.5000   22.5000   37.500012568.5020   26.3551
    0.0000   22.5000   37.500013065.1074   26.3464
    7.5000   22.5000   37.500012520.9932   26.4210
   -7.5000   30.0000   37.500012215.4854   26.0402
    0.0000   30.0000   37.500012691.9453   26.0342
    7.5000   30.0000   37.500012118.0820   26.1104
   -7.5000   37.5000   37.500012255.4736   25.9619
    0.0000   37.5000   37.500012754.7119   25.9515
    7.5000   37.5000   37.500012155.4277   26.0243
   -7.5000   45.0000   37.500011521.1826   25.2727
    0.0000   45.0000   37.500011988.2715   25.2565
    7.5000   45.0000   37.500011384.4043   25.3226
   -7.5000  -45.0000   45.0000 6279.4189   27.6957
    0.0000  -45.0000   45.0000 6545.4214   27.6742
    7.5000  -45.0000   45.0000 6306.5054   27.7589
   -7.5000  -37.5000   45.0000 6998.5229   26.9716
    0.0000  -37.5000   45.0000 7315.7329   26.9578
    7.5000  -37.5000   45.0000 7012.3032   27.0380
   -7.5000  -30.0000   45.0000 7985.5430   26.6342
    0.0000  -30.0000   45.0000 8363.1758   26.6229
    7.5000  -30.0000   45.0000 7994.1392   26.6979
   -7.5000  -22.5000   45.0000 9033.5186   26.5895
    0.0000  -22.5000   45.0000 9466.3369   26.5742
    7.5000  -22.5000   45.0000 9032.6895   26.6498
   -7.5000  -15.0000   45.000010040.8369   26.5896
    0.0000  -15.0000   45.000010543.1699   26.5698
    7.5000  -15.0000   45.000010069.6484   26.6473
   -7.5000   -7.5000   45.000011058.6836   26.4934
    0.0000   -7.5000   45.000011573.9902   26.4737
    7.5000   -7.5000   45.000011092.1855   26.5531
   -7.5000    0.0000   45.000011960.6846   26.4031
    0.0000    0.0000   45.000012479.6230   26.3870
    7.5000    0.0000   45.000011998.0400   26.4669
   -7.5000    7.5000   45.000011924.4072   26.4182
    0.0000    7.5000   45.000012422.3174   26.4062
    7.5000    7.5000   45.000011937.3428   26.4835
   -7.5000   15.0000   45.000011748.6631   26.5060
    0.0000   15.0000   45.000012207.6982   26.4950
    7.5000   15.0000   45.000011734.3271   26.5700
   -7.5000   22.5000   45.000011488.2422   26.5748
    0.0000   22.5000   45.000011908.8750   26.5595
    7.5000   22.5000   45.000011438.0996   26.6351
   -7.5000   30.0000   45.000011194.6299   26.2432
    0.0000   30.0000   45.000011596.3799   26.2237
    7.5000   30.0000   45.000011097.3574   26.3001
   -7.5000   37.5000   45.000011250.3906   26.1483
    0.0000   37.5000   45.000011726.6035   26.1288
    7.5000   37.5000   45.000011157.3613   26.2071
   -7.5000   45.0000   45.000010584.9883   25.4611
    0.0000   45.0000   45.000011018.7109   25.4456
    7.5000   45.0000   45.000010469.8799   25.5226

---------------------------------------------------------------------
imgreg_4dfp /opt/freesurfer/average/711-2C_as_mni_average_305 /opt/freesurfer/average/711-2B_as_mni_average_305_mask talsrcimg_g11 none talsrcimg_to_711-2C_as_mni_average_305_t4 4355
---------------------------------------------------------------------

freesurfer imgreg_4dfp.c
/opt/freesurfer/average/711-2C_as_mni_average_305.4dfp.img
       256       256       256         1
  1.000000  1.000000  1.000000
orientation T byte_order littleendian
Reading image: /opt/freesurfer/average/711-2C_as_mni_average_305.4dfp.img
dimensions:      256       256       256
mmppix:       1.0000   -1.0000   -1.0000
center:     128.0000 -129.0000 -129.0000
/opt/freesurfer/average/711-2B_as_mni_average_305_mask.4dfp.img
       256       256       256         1
  1.000000  1.000000  1.000000
orientation T byte_order littleendian
Reading mask: /opt/freesurfer/average/711-2B_as_mni_average_305_mask.4dfp.img (2306576 pixels)
talsrcimg_g11.4dfp.img
       256       256       256         1
  1.000000  1.000000  1.000000
orientation T byte_order littleendian
Reading image: talsrcimg_g11.4dfp.img
dimensions:      256       256       256
mmppix:       1.0000   -1.0000   -1.0000
center:     128.0000 -129.0000 -129.0000
rotation matrix determinant  1.000000
image alignment mode   4355 decimal     1103 hex
   -7.5000  -37.5000  -45.0000 1723.5892   39.4386
    0.0000  -37.5000  -45.0000 1730.2832   39.6575
    7.5000  -37.5000  -45.0000 1730.1144   40.2197
   -7.5000  -30.0000  -45.0000 1841.0768   34.9292
    0.0000  -30.0000  -45.0000 1842.4138   34.9839
    7.5000  -30.0000  -45.0000 1836.5397   35.4256
   -7.5000  -22.5000  -45.0000 1938.0829   31.4235
    0.0000  -22.5000  -45.0000 1949.1160   31.4858
    7.5000  -22.5000  -45.0000 1941.1772   31.8654
   -7.5000  -15.0000  -45.0000 2028.4352   28.6525
    0.0000  -15.0000  -45.0000 2042.0155   28.7169
    7.5000  -15.0000  -45.0000 2038.3871   28.9681
   -7.5000   -7.5000  -45.0000 2126.2400   26.4233
    0.0000   -7.5000  -45.0000 2143.2476   26.5231
    7.5000   -7.5000  -45.0000 2137.7800   26.7778
   -7.5000    0.0000  -45.0000 2184.4189   24.8613
    0.0000    0.0000  -45.0000 2202.6272   24.9236
    7.5000    0.0000  -45.0000 2192.4788   25.1438
   -7.5000    7.5000  -45.0000 2217.4878   23.8819
    0.0000    7.5000  -45.0000 2232.9519   23.8523
    7.5000    7.5000  -45.0000 2216.0681   24.1210
   -7.5000   15.0000  -45.0000 2222.1558   23.4621
    0.0000   15.0000  -45.0000 2234.4150   23.3944
    7.5000   15.0000  -45.0000 2218.7371   23.6127
   -7.5000   22.5000  -45.0000 2216.8000   23.2521
    0.0000   22.5000  -45.0000 2226.0095   23.1205
    7.5000   22.5000  -45.0000 2213.5510   23.3416
   -7.5000   30.0000  -45.0000 2197.2478   23.5660
    0.0000   30.0000  -45.0000 2211.5466   23.3318
    7.5000   30.0000  -45.0000 2195.8713   23.5655
   -7.5000   37.5000  -45.0000 2163.5359   24.3111
    0.0000   37.5000  -45.0000 2178.6768   24.0476
    7.5000   37.5000  -45.0000 2162.6707   24.3269
   -7.5000   45.0000  -45.0000 2116.4861   25.6180
    0.0000   45.0000  -45.0000 2131.9158   25.3334
    7.5000   45.0000  -45.0000 2111.7539   25.6468
   -7.5000   52.5000  -45.0000 2020.9545   27.3681
    0.0000   52.5000  -45.0000 2036.1525   27.0536
    7.5000   52.5000  -45.0000 2018.9946   27.4643
   -7.5000  -37.5000  -37.5000 1799.8511   36.4215
    0.0000  -37.5000  -37.5000 1803.6117   36.4618
    7.5000  -37.5000  -37.5000 1798.1582   36.8950
   -7.5000  -30.0000  -37.5000 1921.2230   32.1447
    0.0000  -30.0000  -37.5000 1928.6471   32.2021
    7.5000  -30.0000  -37.5000 1916.1969   32.5758
   -7.5000  -22.5000  -37.5000 2028.5320   28.8606
    0.0000  -22.5000  -37.5000 2038.8811   28.9662
    7.5000  -22.5000  -37.5000 2028.6421   29.2783
   -7.5000  -15.0000  -37.5000 2128.5815   26.3423
    0.0000  -15.0000  -37.5000 2138.8015   26.4386
    7.5000  -15.0000  -37.5000 2132.4929   26.6891
   -7.5000   -7.5000  -37.5000 2221.3167   24.3171
    0.0000   -7.5000  -37.5000 2240.6174   24.3818
    7.5000   -7.5000  -37.5000 2230.0312   24.5650
   -7.5000    0.0000  -37.5000 2281.5229   22.7977
    0.0000    0.0000  -37.5000 2297.4053   22.8687
    7.5000    0.0000  -37.5000 2287.0964   23.0026
   -7.5000    7.5000  -37.5000 2322.1040   21.8989
    0.0000    7.5000  -37.5000 2339.7568   21.9248
    7.5000    7.5000  -37.5000 2320.0361   22.0701
   -7.5000   15.0000  -37.5000 2329.6370   21.5166
    0.0000   15.0000  -37.5000 2345.5107   21.5440
    7.5000   15.0000  -37.5000 2323.0996   21.6985
   -7.5000   22.5000  -37.5000 2324.7061   21.3411
    0.0000   22.5000  -37.5000 2334.6067   21.3216
    7.5000   22.5000  -37.5000 2318.0222   21.4544
   -7.5000   30.0000  -37.5000 2304.7981   21.5855
    0.0000   30.0000  -37.5000 2317.3921   21.4485
    7.5000   30.0000  -37.5000 2297.1951   21.5677
   -7.5000   37.5000  -37.5000 2267.9810   22.2389
    0.0000   37.5000  -37.5000 2288.9446   22.0505
    7.5000   37.5000  -37.5000 2268.5408   22.1925
   -7.5000   45.0000  -37.5000 2217.2930   23.4274
    0.0000   45.0000  -37.5000 2236.2588   23.2368
    7.5000   45.0000  -37.5000 2218.0605   23.4013
   -7.5000   52.5000  -37.5000 2118.0930   25.0446
    0.0000   52.5000  -37.5000 2136.5693   24.8538
    7.5000   52.5000  -37.5000 2118.6111   25.1058
   -7.5000  -37.5000  -30.0000 1902.8708   34.9590
    0.0000  -37.5000  -30.0000 1908.0587   34.8722
    7.5000  -37.5000  -30.0000 1897.7461   35.1968
   -7.5000  -30.0000  -30.0000 2032.4580   30.7896
    0.0000  -30.0000  -30.0000 2038.6705   30.8320
    7.5000  -30.0000  -30.0000 2024.5504   31.0633
   -7.5000  -22.5000  -30.0000 2150.2957   27.6203
    0.0000  -22.5000  -30.0000 2159.4229   27.6858
    7.5000  -22.5000  -30.0000 2140.9192   27.8948
   -7.5000  -15.0000  -30.0000 2258.0547   25.0831
    0.0000  -15.0000  -30.0000 2270.7053   25.1875
    7.5000  -15.0000  -30.0000 2255.1140   25.3826
   -7.5000   -7.5000  -30.0000 2353.3630   23.1331
    0.0000   -7.5000  -30.0000 2372.5820   23.1958
    7.5000   -7.5000  -30.0000 2355.2317   23.3406
   -7.5000    0.0000  -30.0000 2420.9258   21.6928
    0.0000    0.0000  -30.0000 2433.1440   21.7125
    7.5000    0.0000  -30.0000 2421.1118   21.8336
   -7.5000    7.5000  -30.0000 2464.7576   20.8241
    0.0000    7.5000  -30.0000 2474.8499   20.8478
    7.5000    7.5000  -30.0000 2455.5671   20.9516
   -7.5000   15.0000  -30.0000 2488.4250   20.4165
    0.0000   15.0000  -30.0000 2502.6116   20.4195
    7.5000   15.0000  -30.0000 2479.4695   20.5623
   -7.5000   22.5000  -30.0000 2486.7834   20.2916
    0.0000   22.5000  -30.0000 2500.9609   20.2976
    7.5000   22.5000  -30.0000 2478.7747   20.4020
   -7.5000   30.0000  -30.0000 2460.3506   20.5270
    0.0000   30.0000  -30.0000 2481.2981   20.4811
    7.5000   30.0000  -30.0000 2456.8118   20.5750
   -7.5000   37.5000  -30.0000 2421.8621   21.1839
    0.0000   37.5000  -30.0000 2446.3096   21.0725
    7.5000   37.5000  -30.0000 2422.9746   21.1653
   -7.5000   45.0000  -30.0000 2367.2231   22.3043
    0.0000   45.0000  -30.0000 2386.6619   22.1806
    7.5000   45.0000  -30.0000 2368.4663   22.3097
   -7.5000   52.5000  -30.0000 2260.1685   23.8016
    0.0000   52.5000  -30.0000 2280.3901   23.6495
    7.5000   52.5000  -30.0000 2261.4663   23.8443
   -7.5000  -37.5000  -22.5000 1974.0750   33.2597
    0.0000  -37.5000  -22.5000 1983.3821   33.0936
    7.5000  -37.5000  -22.5000 1970.0532   33.3795
   -7.5000  -30.0000  -22.5000 2111.4211   29.3209
    0.0000  -30.0000  -22.5000 2122.9539   29.1645
    7.5000  -30.0000  -22.5000 2110.5693   29.4576
   -7.5000  -22.5000  -22.5000 2238.0518   26.2436
    0.0000  -22.5000  -22.5000 2251.7620   26.2170
    7.5000  -22.5000  -22.5000 2233.0601   26.4109
   -7.5000  -15.0000  -22.5000 2349.2434   23.8283
    0.0000  -15.0000  -22.5000 2361.1494   23.8135
    7.5000  -15.0000  -22.5000 2350.9250   23.9560
   -7.5000   -7.5000  -22.5000 2453.0232   21.8690
    0.0000   -7.5000  -22.5000 2470.2871   21.8466
    7.5000   -7.5000  -22.5000 2452.9871   21.9503
   -7.5000    0.0000  -22.5000 2530.8406   20.4435
    0.0000    0.0000  -22.5000 2541.3154   20.4160
    7.5000    0.0000  -22.5000 2523.5142   20.5516
   -7.5000    7.5000  -22.5000 2582.9685   19.6017
    0.0000    7.5000  -22.5000 2593.1592   19.6058
    7.5000    7.5000  -22.5000 2571.6187   19.7329
   -7.5000   15.0000  -22.5000 2618.1848   19.1874
    0.0000   15.0000  -22.5000 2629.7988   19.1871
    7.5000   15.0000  -22.5000 2603.0930   19.3159
   -7.5000   22.5000  -22.5000 2623.1133   19.0874
    0.0000   22.5000  -22.5000 2637.8286   19.0929
    7.5000   22.5000  -22.5000 2611.3877   19.1840
   -7.5000   30.0000  -22.5000 2599.8931   19.3663
    0.0000   30.0000  -22.5000 2620.9287   19.3186
    7.5000   30.0000  -22.5000 2595.0698   19.4335
   -7.5000   37.5000  -22.5000 2553.2202   20.0544
    0.0000   37.5000  -22.5000 2583.5789   19.9758
    7.5000   37.5000  -22.5000 2558.0220   20.0661
   -7.5000   45.0000  -22.5000 2494.0222   21.1250
    0.0000   45.0000  -22.5000 2517.1453   21.0565
    7.5000   45.0000  -22.5000 2491.5425   21.1374
   -7.5000   52.5000  -22.5000 2377.6941   22.5122
    0.0000   52.5000  -22.5000 2400.4209   22.4395
    7.5000   52.5000  -22.5000 2377.9907   22.5469
   -7.5000  -37.5000  -15.0000 2021.7729   31.8771
    0.0000  -37.5000  -15.0000 2023.2111   31.5480
    7.5000  -37.5000  -15.0000 2015.4559   31.8670
   -7.5000  -30.0000  -15.0000 2163.0259   28.0250
    0.0000  -30.0000  -15.0000 2170.5273   27.8092
    7.5000  -30.0000  -15.0000 2159.4458   28.0509
   -7.5000  -22.5000  -15.0000 2293.5022   25.0280
    0.0000  -22.5000  -15.0000 2306.8184   24.9230
    7.5000  -22.5000  -15.0000 2294.0872   25.1249
   -7.5000  -15.0000  -15.0000 2408.9795   22.6381
    0.0000  -15.0000  -15.0000 2426.5508   22.5411
    7.5000  -15.0000  -15.0000 2416.5444   22.6945
   -7.5000   -7.5000  -15.0000 2527.7178   20.7191
    0.0000   -7.5000  -15.0000 2547.4736   20.6936
    7.5000   -7.5000  -15.0000 2531.0845   20.7574
   -7.5000    0.0000  -15.0000 2619.3586   19.3166
    0.0000    0.0000  -15.0000 2633.5430   19.2695
    7.5000    0.0000  -15.0000 2611.9558   19.3677
   -7.5000    7.5000  -15.0000 2677.9985   18.4639
    0.0000    7.5000  -15.0000 2689.4937   18.4329
    7.5000    7.5000  -15.0000 2666.6169   18.5802
   -7.5000   15.0000  -15.0000 2712.2844   18.0299
    0.0000   15.0000  -15.0000 2728.0293   18.0403
    7.5000   15.0000  -15.0000 2696.5305   18.1600
   -7.5000   22.5000  -15.0000 2724.0874   17.9751
    0.0000   22.5000  -15.0000 2742.5581   17.9347
    7.5000   22.5000  -15.0000 2711.2417   18.0353
   -7.5000   30.0000  -15.0000 2706.5793   18.2697
    0.0000   30.0000  -15.0000 2728.4033   18.1945
    7.5000   30.0000  -15.0000 2706.3589   18.2961
   -7.5000   37.5000  -15.0000 2664.5659   19.0198
    0.0000   37.5000  -15.0000 2687.3579   18.9246
    7.5000   37.5000  -15.0000 2663.9001   19.0265
   -7.5000   45.0000  -15.0000 2589.9827   20.0604
    0.0000   45.0000  -15.0000 2611.7026   19.9749
    7.5000   45.0000  -15.0000 2585.5562   20.0829
   -7.5000   52.5000  -15.0000 2459.1548   21.3963
    0.0000   52.5000  -15.0000 2483.3455   21.3181
    7.5000   52.5000  -15.0000 2460.4741   21.4039
   -7.5000  -37.5000   -7.5000 2055.9238   30.8749
    0.0000  -37.5000   -7.5000 2056.6384   30.4108
    7.5000  -37.5000   -7.5000 2050.2527   30.8361
   -7.5000  -30.0000   -7.5000 2197.5557   26.9768
    0.0000  -30.0000   -7.5000 2204.2551   26.6981
    7.5000  -30.0000   -7.5000 2194.4348   27.0799
   -7.5000  -22.5000   -7.5000 2328.6472   23.9929
    0.0000  -22.5000   -7.5000 2343.5654   23.7845
    7.5000  -22.5000   -7.5000 2332.5107   24.0586
   -7.5000  -15.0000   -7.5000 2452.5608   21.6511
    0.0000  -15.0000   -7.5000 2470.3259   21.4507
    7.5000  -15.0000   -7.5000 2456.2700   21.6261
   -7.5000   -7.5000   -7.5000 2583.4897   19.7521
    0.0000   -7.5000   -7.5000 2601.2224   19.5885
    7.5000   -7.5000   -7.5000 2582.4363   19.7437
   -7.5000    0.0000   -7.5000 2684.1074   18.3567
    0.0000    0.0000   -7.5000 2703.1399   18.2519
    7.5000    0.0000   -7.5000 2677.6055   18.3790
   -7.5000    7.5000   -7.5000 2756.0142   17.5018
    0.0000    7.5000   -7.5000 2771.2837   17.3945
    7.5000    7.5000   -7.5000 2745.9375   17.5297
   -7.5000   15.0000   -7.5000 2800.0212   17.0682
    0.0000   15.0000   -7.5000 2814.0217   17.0149
    7.5000   15.0000   -7.5000 2780.2913   17.1216
   -7.5000   22.5000   -7.5000 2814.0725   17.0477
    0.0000   22.5000   -7.5000 2832.8135   16.9512
    7.5000   22.5000   -7.5000 2798.2732   17.0332
   -7.5000   30.0000   -7.5000 2796.9504   17.3377
    0.0000   30.0000   -7.5000 2816.9746   17.2454
    7.5000   30.0000   -7.5000 2794.2454   17.3264
   -7.5000   37.5000   -7.5000 2748.3142   18.0453
    0.0000   37.5000   -7.5000 2766.0674   17.9426
    7.5000   37.5000   -7.5000 2749.1365   18.0662
   -7.5000   45.0000   -7.5000 2660.5691   19.1388
    0.0000   45.0000   -7.5000 2679.9146   19.0162
    7.5000   45.0000   -7.5000 2658.7173   19.1804
   -7.5000   52.5000   -7.5000 2520.3259   20.4908
    0.0000   52.5000   -7.5000 2540.7695   20.3373
    7.5000   52.5000   -7.5000 2522.5645   20.5222
   -7.5000  -37.5000    0.0000 2067.8354   30.2122
    0.0000  -37.5000    0.0000 2078.4836   29.7169
    7.5000  -37.5000    0.0000 2066.3245   30.1131
   -7.5000  -30.0000    0.0000 2214.9387   26.3419
    0.0000  -30.0000    0.0000 2222.8601   25.9366
    7.5000  -30.0000    0.0000 2206.4307   26.3297
   -7.5000  -22.5000    0.0000 2356.7615   23.3645
    0.0000  -22.5000    0.0000 2361.0972   22.9750
    7.5000  -22.5000    0.0000 2346.8484   23.3294
   -7.5000  -15.0000    0.0000 2481.2607   21.0266
    0.0000  -15.0000    0.0000 2493.3770   20.6692
    7.5000  -15.0000    0.0000 2475.3938   20.9279
   -7.5000   -7.5000    0.0000 2612.4302   19.1595
    0.0000   -7.5000    0.0000 2629.5120   18.8375
    7.5000   -7.5000    0.0000 2607.0078   19.0171
   -7.5000    0.0000    0.0000 2723.1086   17.7363
    0.0000    0.0000    0.0000 2741.2083   17.4751
    7.5000    0.0000    0.0000 2717.4165   17.6391
   -7.5000    7.5000    0.0000 2817.5491   16.8112
    0.0000    7.5000    0.0000 2834.2590   16.6068
    7.5000    7.5000    0.0000 2800.1763   16.7703
   -7.5000   15.0000    0.0000 2872.5254   16.3321
    0.0000   15.0000    0.0000 2890.4116   16.1362
    7.5000   15.0000    0.0000 2849.2031   16.2932
   -7.5000   22.5000    0.0000 2892.8730   16.3365
    0.0000   22.5000    0.0000 2915.8835   16.1765
    7.5000   22.5000    0.0000 2882.0747   16.2917
   -7.5000   30.0000    0.0000 2870.2078   16.7634
    0.0000   30.0000    0.0000 2887.6482   16.5479
    7.5000   30.0000    0.0000 2866.8401   16.7014
   -7.5000   37.5000    0.0000 2806.5974   17.4609
    0.0000   37.5000    0.0000 2823.8584   17.2565
    7.5000   37.5000    0.0000 2803.8330   17.4577
   -7.5000   45.0000    0.0000 2707.7002   18.5363
    0.0000   45.0000    0.0000 2727.1643   18.3164
    7.5000   45.0000    0.0000 2707.7620   18.5295
   -7.5000   52.5000    0.0000 2560.9055   19.8284
    0.0000   52.5000    0.0000 2585.0164   19.6389
    7.5000   52.5000    0.0000 2565.0339   19.8668
   -7.5000  -37.5000    7.5000 2078.3235   29.9404
    0.0000  -37.5000    7.5000 2094.3828   29.4685
    7.5000  -37.5000    7.5000 2076.5293   29.8447
   -7.5000  -30.0000    7.5000 2229.3713   26.0459
    0.0000  -30.0000    7.5000 2233.9658   25.5641
    7.5000  -30.0000    7.5000 2217.4810   25.9310
   -7.5000  -22.5000    7.5000 2366.9663   23.0263
    0.0000  -22.5000    7.5000 2365.9062   22.5519
    7.5000  -22.5000    7.5000 2353.1252   22.8766
   -7.5000  -15.0000    7.5000 2493.1401   20.6248
    0.0000  -15.0000    7.5000 2499.9045   20.2551
    7.5000  -15.0000    7.5000 2481.9585   20.4855
   -7.5000   -7.5000    7.5000 2623.9272   18.7153
    0.0000   -7.5000    7.5000 2637.9385   18.3894
    7.5000   -7.5000    7.5000 2616.0540   18.5584
   -7.5000    0.0000    7.5000 2742.4866   17.2741
    0.0000    0.0000    7.5000 2760.4971   17.0126
    7.5000    0.0000    7.5000 2734.1218   17.1572
   -7.5000    7.5000    7.5000 2844.7417   16.3138
    0.0000    7.5000    7.5000 2869.3635   16.0900
    7.5000    7.5000    7.5000 2835.2505   16.2758
   -7.5000   15.0000    7.5000 2904.0166   15.7038
    0.0000   15.0000    7.5000 2940.7812   15.4350
    7.5000   15.0000    7.5000 2897.0952   15.7928
   -7.5000   22.5000    7.5000 2946.5986   15.8603
    0.0000   22.5000    7.5000 2982.3257   15.5388
    7.5000   22.5000    7.5000 2935.6436   15.8607
   -7.5000   30.0000    7.5000 2913.0122   16.4224
    0.0000   30.0000    7.5000 2944.2930   16.1756
    7.5000   30.0000    7.5000 2913.5586   16.3522
   -7.5000   37.5000    7.5000 2839.4490   17.1029
    0.0000   37.5000    7.5000 2867.5562   16.9194
    7.5000   37.5000    7.5000 2844.3633   17.0387
   -7.5000   45.0000    7.5000 2736.1238   18.1124
    0.0000   45.0000    7.5000 2757.9368   17.9563
    7.5000   45.0000    7.5000 2739.6565   18.0300
   -7.5000   52.5000    7.5000 2585.7087   19.3931
    0.0000   52.5000    7.5000 2603.1230   19.2765
    7.5000   52.5000    7.5000 2585.3877   19.3814
   -7.5000  -37.5000   15.0000 2070.0288   30.0155
    0.0000  -37.5000   15.0000 2080.5852   29.5776
    7.5000  -37.5000   15.0000 2064.2363   29.8822
   -7.5000  -30.0000   15.0000 2224.2041   26.0671
    0.0000  -30.0000   15.0000 2225.1028   25.5863
    7.5000  -30.0000   15.0000 2212.4673   25.9502
   -7.5000  -22.5000   15.0000 2364.2432   23.0026
    0.0000  -22.5000   15.0000 2361.2654   22.5353
    7.5000  -22.5000   15.0000 2349.8555   22.8974
   -7.5000  -15.0000   15.0000 2489.3616   20.5767
    0.0000  -15.0000   15.0000 2490.9058   20.1551
    7.5000  -15.0000   15.0000 2476.7163   20.4188
   -7.5000   -7.5000   15.0000 2620.0229   18.6330
    0.0000   -7.5000   15.0000 2623.9155   18.2310
    7.5000   -7.5000   15.0000 2609.2715   18.4854
   -7.5000    0.0000   15.0000 2734.4580   17.1272
    0.0000    0.0000   15.0000 2744.6687   16.8177
    7.5000    0.0000   15.0000 2727.7795   17.0341
   -7.5000    7.5000   15.0000 2829.8501   16.0819
    0.0000    7.5000   15.0000 2857.2073   15.9196
    7.5000    7.5000   15.0000 2828.7808   16.0946
   -7.5000   15.0000   15.0000 2899.6538   15.5941
    0.0000   15.0000   15.0000 2931.0413   15.2943
    7.5000   15.0000   15.0000 2888.0833   15.6469
   -7.5000   22.5000   15.0000 2953.4878   15.6435
    0.0000   22.5000   15.0000 2985.2698   15.4081
    7.5000   22.5000   15.0000 2935.7419   15.7066
   -7.5000   30.0000   15.0000 2924.7334   16.1967
    0.0000   30.0000   15.0000 2952.3057   16.0105
    7.5000   30.0000   15.0000 2917.1887   16.2047
   -7.5000   37.5000   15.0000 2845.9722   16.9683
    0.0000   37.5000   15.0000 2872.1809   16.7484
    7.5000   37.5000   15.0000 2849.7095   16.9335
   -7.5000   45.0000   15.0000 2740.8059   18.0513
    0.0000   45.0000   15.0000 2761.7490   17.8317
    7.5000   45.0000   15.0000 2743.3694   17.9643
   -7.5000   52.5000   15.0000 2589.4414   19.2972
    0.0000   52.5000   15.0000 2607.5105   19.1092
    7.5000   52.5000   15.0000 2589.7332   19.2551
   -7.5000  -37.5000   22.5000 2052.3159   30.4259
    0.0000  -37.5000   22.5000 2056.5032   30.0204
    7.5000  -37.5000   22.5000 2046.9397   30.3186
   -7.5000  -30.0000   22.5000 2203.9512   26.2540
    0.0000  -30.0000   22.5000 2204.6929   25.8774
    7.5000  -30.0000   22.5000 2199.4509   26.2027
   -7.5000  -22.5000   22.5000 2343.3489   23.1510
    0.0000  -22.5000   22.5000 2343.5259   22.7851
    7.5000  -22.5000   22.5000 2335.4622   23.1103
   -7.5000  -15.0000   22.5000 2466.7983   20.7572
    0.0000  -15.0000   22.5000 2471.4934   20.3922
    7.5000  -15.0000   22.5000 2458.6641   20.6792
   -7.5000   -7.5000   22.5000 2598.3677   18.8397
    0.0000   -7.5000   22.5000 2608.2278   18.5217
    7.5000   -7.5000   22.5000 2590.3413   18.7447
   -7.5000    0.0000   22.5000 2715.1733   17.3663
    0.0000    0.0000   22.5000 2730.6587   17.1494
    7.5000    0.0000   22.5000 2711.2466   17.3624
   -7.5000    7.5000   22.5000 2813.8306   16.4273
    0.0000    7.5000   22.5000 2832.7244   16.1281
    7.5000    7.5000   22.5000 2807.3625   16.4478
   -7.5000   15.0000   22.5000 2880.5596   15.9234
    0.0000   15.0000   22.5000 2906.0120   15.6183
    7.5000   15.0000   22.5000 2871.2495   15.9201
   -7.5000   22.5000   22.5000 2914.9165   15.8844
    0.0000   22.5000   22.5000 2948.9824   15.6874
    7.5000   22.5000   22.5000 2909.1526   15.9215
   -7.5000   30.0000   22.5000 2890.7480   16.2425
    0.0000   30.0000   22.5000 2917.9868   16.1291
    7.5000   30.0000   22.5000 2886.7222   16.3167
   -7.5000   37.5000   22.5000 2819.9397   17.0021
    0.0000   37.5000   22.5000 2840.8721   16.8743
    7.5000   37.5000   22.5000 2822.3000   17.0393
   -7.5000   45.0000   22.5000 2718.9448   18.0829
    0.0000   45.0000   22.5000 2734.5500   17.9437
    7.5000   45.0000   22.5000 2719.8499   18.0840
   -7.5000   52.5000   22.5000 2570.5042   19.3568
    0.0000   52.5000   22.5000 2586.1648   19.2158
    7.5000   52.5000   22.5000 2571.8174   19.3441
   -7.5000  -37.5000   30.0000 2016.1299   31.0246
    0.0000  -37.5000   30.0000 2021.8416   30.7476
    7.5000  -37.5000   30.0000 2012.0719   31.0455
   -7.5000  -30.0000   30.0000 2167.5327   26.8675
    0.0000  -30.0000   30.0000 2171.9551   26.6418
    7.5000  -30.0000   30.0000 2161.5793   26.9461
   -7.5000  -22.5000   30.0000 2313.9136   23.7804
    0.0000  -22.5000   30.0000 2315.0049   23.4866
    7.5000  -22.5000   30.0000 2302.1704   23.8496
   -7.5000  -15.0000   30.0000 2440.1462   21.3562
    0.0000  -15.0000   30.0000 2448.2151   21.0482
    7.5000  -15.0000   30.0000 2429.1035   21.3712
   -7.5000   -7.5000   30.0000 2567.0938   19.4515
    0.0000   -7.5000   30.0000 2583.4890   19.1548
    7.5000   -7.5000   30.0000 2561.9111   19.4490
   -7.5000    0.0000   30.0000 2686.5752   18.0026
    0.0000    0.0000   30.0000 2698.5742   17.6321
    7.5000    0.0000   30.0000 2680.7844   17.9873
   -7.5000    7.5000   30.0000 2777.8694   17.0508
    0.0000    7.5000   30.0000 2796.1804   16.6505
    7.5000    7.5000   30.0000 2769.2827   17.0386
   -7.5000   15.0000   30.0000 2841.3184   16.5387
    0.0000   15.0000   30.0000 2859.6423   16.2212
    7.5000   15.0000   30.0000 2833.5457   16.5319
   -7.5000   22.5000   30.0000 2859.7981   16.4653
    0.0000   22.5000   30.0000 2888.0339   16.2345
    7.5000   22.5000   30.0000 2855.8372   16.4731
   -7.5000   30.0000   30.0000 2831.9451   16.7666
    0.0000   30.0000   30.0000 2857.9856   16.6121
    7.5000   30.0000   30.0000 2831.2869   16.7850
   -7.5000   37.5000   30.0000 2766.1960   17.4407
    0.0000   37.5000   30.0000 2789.2427   17.3048
    7.5000   37.5000   30.0000 2769.1453   17.4329
   -7.5000   45.0000   30.0000 2669.7126   18.4882
    0.0000   45.0000   30.0000 2690.9412   18.3628
    7.5000   45.0000   30.0000 2673.3022   18.4764
   -7.5000   52.5000   30.0000 2531.4116   19.7290
    0.0000   52.5000   30.0000 2551.9006   19.5796
    7.5000   52.5000   30.0000 2534.6951   19.7040
   -7.5000  -37.5000   37.5000 1988.4662   32.1315
    0.0000  -37.5000   37.5000 1984.4348   31.8674
    7.5000  -37.5000   37.5000 1976.7764   32.2295
   -7.5000  -30.0000   37.5000 2138.8889   27.9349
    0.0000  -30.0000   37.5000 2135.7791   27.6717
    7.5000  -30.0000   37.5000 2122.3601   28.0710
   -7.5000  -22.5000   37.5000 2282.0134   24.8227
    0.0000  -22.5000   37.5000 2284.2256   24.4823
    7.5000  -22.5000   37.5000 2265.1267   24.8751
   -7.5000  -15.0000   37.5000 2406.4241   22.2545
    0.0000  -15.0000   37.5000 2416.0273   21.9574
    7.5000  -15.0000   37.5000 2396.0764   22.3072
   -7.5000   -7.5000   37.5000 2531.3484   20.3002
    0.0000   -7.5000   37.5000 2545.6235   19.9636
    7.5000   -7.5000   37.5000 2528.9194   20.3522
   -7.5000    0.0000   37.5000 2637.7722   18.8596
    0.0000    0.0000   37.5000 2651.7490   18.4274
    7.5000    0.0000   37.5000 2637.8398   18.8414
   -7.5000    7.5000   37.5000 2722.5999   17.8841
    0.0000    7.5000   37.5000 2742.0396   17.5082
    7.5000    7.5000   37.5000 2726.3672   17.9105
   -7.5000   15.0000   37.5000 2778.3472   17.3902
    0.0000   15.0000   37.5000 2797.5947   17.0950
    7.5000   15.0000   37.5000 2777.8669   17.4250
   -7.5000   22.5000   37.5000 2787.8667   17.3016
    0.0000   22.5000   37.5000 2811.7224   17.0499
    7.5000   22.5000   37.5000 2790.8606   17.3379
   -7.5000   30.0000   37.5000 2757.2197   17.5781
    0.0000   30.0000   37.5000 2780.7434   17.3712
    7.5000   30.0000   37.5000 2758.7483   17.5891
   -7.5000   37.5000   37.5000 2689.3716   18.2233
    0.0000   37.5000   37.5000 2713.6306   18.0190
    7.5000   37.5000   37.5000 2695.3660   18.1853
   -7.5000   45.0000   37.5000 2600.0024   19.2144
    0.0000   45.0000   37.5000 2624.1721   19.0555
    7.5000   45.0000   37.5000 2605.7800   19.2010
   -7.5000   52.5000   37.5000 2469.5906   20.3941
    0.0000   52.5000   37.5000 2489.8782   20.2772
    7.5000   52.5000   37.5000 2475.2544   20.3646
   -7.5000  -37.5000   45.0000 1947.9507   33.4994
    0.0000  -37.5000   45.0000 1947.0239   33.2647
    7.5000  -37.5000   45.0000 1939.2646   33.6653
   -7.5000  -30.0000   45.0000 2094.1155   29.1524
    0.0000  -30.0000   45.0000 2096.5803   28.9550
    7.5000  -30.0000   45.0000 2082.0525   29.3437
   -7.5000  -22.5000   45.0000 2237.1562   25.8880
    0.0000  -22.5000   45.0000 2242.4666   25.6628
    7.5000  -22.5000   45.0000 2223.6567   26.0263
   -7.5000  -15.0000   45.0000 2364.5154   23.3809
    0.0000  -15.0000   45.0000 2374.8037   23.1173
    7.5000  -15.0000   45.0000 2356.3882   23.4660
   -7.5000   -7.5000   45.0000 2480.1338   21.3905
    0.0000   -7.5000   45.0000 2493.2390   21.0385
    7.5000   -7.5000   45.0000 2475.3008   21.4326
   -7.5000    0.0000   45.0000 2578.0144   19.9086
    0.0000    0.0000   45.0000 2591.6775   19.5103
    7.5000    0.0000   45.0000 2580.0803   19.9450
   -7.5000    7.5000   45.0000 2653.6526   18.9139
    0.0000    7.5000   45.0000 2669.5759   18.5926
    7.5000    7.5000   45.0000 2655.3916   18.9903
   -7.5000   15.0000   45.0000 2695.8323   18.4396
    0.0000   15.0000   45.0000 2708.8003   18.1846
    7.5000   15.0000   45.0000 2697.8721   18.5351
   -7.5000   22.5000   45.0000 2700.7761   18.3509
    0.0000   22.5000   45.0000 2715.0173   18.1227
    7.5000   22.5000   45.0000 2703.8574   18.4018
   -7.5000   30.0000   45.0000 2672.9529   18.5849
    0.0000   30.0000   45.0000 2689.7517   18.3573
    7.5000   30.0000   45.0000 2673.8862   18.5964
   -7.5000   37.5000   45.0000 2605.2292   19.1966
    0.0000   37.5000   45.0000 2633.1121   18.9784
    7.5000   37.5000   45.0000 2613.5906   19.1511
   -7.5000   45.0000   45.0000 2519.9810   20.1591
    0.0000   45.0000   45.0000 2544.7952   19.9721
    7.5000   45.0000   45.0000 2526.6243   20.1282
   -7.5000   52.5000   45.0000 2394.9590   21.3824
    0.0000   52.5000   45.0000 2416.2021   21.2436
    7.5000   52.5000   45.0000 2402.2212   21.3397

---------------------------------------------------------------------
imgreg_4dfp /opt/freesurfer/average/711-2C_as_mni_average_305 /opt/freesurfer/average/711-2B_as_mni_average_305_mask talsrcimg_g11 none talsrcimg_to_711-2C_as_mni_average_305_t4 1283
---------------------------------------------------------------------

freesurfer imgreg_4dfp.c
/opt/freesurfer/average/711-2C_as_mni_average_305.4dfp.img
       256       256       256         1
  1.000000  1.000000  1.000000
orientation T byte_order littleendian
Reading image: /opt/freesurfer/average/711-2C_as_mni_average_305.4dfp.img
dimensions:      256       256       256
mmppix:       1.0000   -1.0000   -1.0000
center:     128.0000 -129.0000 -129.0000
/opt/freesurfer/average/711-2B_as_mni_average_305_mask.4dfp.img
       256       256       256         1
  1.000000  1.000000  1.000000
orientation T byte_order littleendian
Reading mask: /opt/freesurfer/average/711-2B_as_mni_average_305_mask.4dfp.img (2306576 pixels)
talsrcimg_g11.4dfp.img
       256       256       256         1
  1.000000  1.000000  1.000000
orientation T byte_order littleendian
Reading image: talsrcimg_g11.4dfp.img
dimensions:      256       256       256
mmppix:       1.0000   -1.0000   -1.0000
center:     128.0000 -129.0000 -129.0000
rotation matrix determinant  1.000000
fimgreg.f
image alignment mode   1283 decimal      503 hex
parameters
    0.0000   22.5000   15.0000    0.0000    0.0000    0.0000
eta,q 0.93708 15.37078
niter,ni,del,rscale     5    3   12.0000    1.2000
parameter  3  0.689731 ->  0.500000 qaram    1.1500
parameter  5 -1.698532 -> -0.500000 qaram    1.1500
parameters
   -0.3615   24.2939   11.5500    1.4269    3.4500    1.2976
eta,q 0.94277 15.35380
  0.0728  0.0800  0.0632  0.0711  0.0732  0.0641
  0.0695  0.0742  0.0627  0.0665  0.0694  0.0610
  0.0674  0.0683  0.0634  0.0632  0.0655  0.0584
  0.0655  0.0652  0.0648  0.0623  0.0625  0.0573
  0.0671  0.0648  0.0663  0.0626  0.0599  0.0574
  0.0702  0.0664  0.0691  0.0634  0.0566  0.0584
  0.0755  0.0692  0.0730  0.0649  0.0568  0.0599
niter,ni,del,rscale     6    3   12.0000    1.2000
parameters
   -0.8043   24.0354   12.1349    1.5289    4.7805    1.2367
eta,q 0.94376 15.35048
  0.0692  0.0694  0.0690  0.0650  0.0680  0.0622
  0.0629  0.0635  0.0610  0.0605  0.0642  0.0590
  0.0591  0.0591  0.0573  0.0579  0.0614  0.0568
  0.0572  0.0574  0.0574  0.0578  0.0578  0.0563
  0.0593  0.0595  0.0584  0.0590  0.0564  0.0575
  0.0660  0.0649  0.0605  0.0609  0.0596  0.0597
  0.0734  0.0718  0.0640  0.0637  0.0634  0.0619
niter,ni,del,rscale     5    3   12.0000    1.2000
parameters
   -1.2669   23.9793   12.2977    1.5565    5.1245    1.2480
eta,q 0.94348 15.33255
  0.0686  0.0697  0.0660  0.0641  0.0663  0.0626
  0.0634  0.0638  0.0588  0.0594  0.0628  0.0596
  0.0591  0.0588  0.0562  0.0570  0.0598  0.0573
  0.0562  0.0565  0.0565  0.0567  0.0567  0.0565
  0.0592  0.0581  0.0579  0.0580  0.0578  0.0575
  0.0660  0.0637  0.0601  0.0601  0.0613  0.0598
  0.0735  0.0707  0.0634  0.0631  0.0653  0.0623
niter,ni,del,rscale     4    3   12.0000    1.2000
parameters
   -1.4537   23.9591   12.3473    1.5579    5.2605    1.2637
eta,q 0.94331 15.32580
  0.0695  0.0699  0.0653  0.0640  0.0661  0.0628
  0.0640  0.0640  0.0585  0.0594  0.0625  0.0597
  0.0600  0.0590  0.0562  0.0570  0.0594  0.0575
  0.0565  0.0567  0.0567  0.0567  0.0567  0.0567
  0.0583  0.0582  0.0580  0.0581  0.0582  0.0576
  0.0649  0.0636  0.0601  0.0602  0.0617  0.0598
  0.0722  0.0706  0.0633  0.0631  0.0659  0.0625
niter,ni,del,rscale     3    3   12.0000    1.2000
parameters
   -1.5294   23.9501   12.3629    1.5514    5.3108    1.2745
eta,q 0.94323 15.32260
  0.0700  0.0699  0.0651  0.0640  0.0659  0.0628
  0.0642  0.0640  0.0585  0.0594  0.0623  0.0598
  0.0603  0.0590  0.0562  0.0571  0.0593  0.0576
  0.0567  0.0568  0.0568  0.0568  0.0568  0.0568
  0.0580  0.0582  0.0580  0.0582  0.0584  0.0577
  0.0644  0.0636  0.0600  0.0603  0.0618  0.0599
  0.0716  0.0706  0.0633  0.0631  0.0662  0.0626
niter,ni,del,rscale     2    3   12.0000    1.2000
parameters
   -1.5572   23.9476   12.3689    1.5516    5.3289    1.2783
eta,q 0.94320 15.32156
  0.0701  0.0700  0.0650  0.0640  0.0659  0.0628
  0.0642  0.0640  0.0584  0.0595  0.0623  0.0598
  0.0604  0.0591  0.0562  0.0571  0.0592  0.0576
  0.0568  0.0568  0.0568  0.0568  0.0568  0.0568
  0.0579  0.0582  0.0581  0.0582  0.0585  0.0577
  0.0642  0.0636  0.0600  0.0603  0.0619  0.0599
  0.0714  0.0706  0.0633  0.0631  0.0663  0.0627
registration optimization eta report
parameter search radius
    6.0000    6.0000    6.9000    6.0000    6.9000    6.0000
100000*second partial in parameter space
       37.       37.       16.       19.       18.       16.
  0.0701  0.0700  0.0650  0.0640  0.0659  0.0628
  0.0642  0.0640  0.0584  0.0595  0.0623  0.0598
  0.0604  0.0591  0.0562  0.0571  0.0592  0.0576
  0.0568  0.0568  0.0568  0.0568  0.0568  0.0568
  0.0579  0.0582  0.0581  0.0582  0.0585  0.0577
  0.0642  0.0636  0.0600  0.0603  0.0619  0.0599
  0.0714  0.0706  0.0633  0.0631  0.0663  0.0627
   -1.5572   23.9476   12.3689    1.5516    5.3289    1.2783
eta,q 0.94320 15.32156

---------------------------------------------------------------------
imgreg_4dfp /opt/freesurfer/average/711-2C_as_mni_average_305 /opt/freesurfer/average/711-2B_as_mni_average_305_mask talsrcimg_g11 none talsrcimg_to_711-2C_as_mni_average_305_t4 3335
---------------------------------------------------------------------

freesurfer imgreg_4dfp.c
/opt/freesurfer/average/711-2C_as_mni_average_305.4dfp.img
       256       256       256         1
  1.000000  1.000000  1.000000
orientation T byte_order littleendian
Reading image: /opt/freesurfer/average/711-2C_as_mni_average_305.4dfp.img
dimensions:      256       256       256
mmppix:       1.0000   -1.0000   -1.0000
center:     128.0000 -129.0000 -129.0000
/opt/freesurfer/average/711-2B_as_mni_average_305_mask.4dfp.img
       256       256       256         1
  1.000000  1.000000  1.000000
orientation T byte_order littleendian
Reading mask: /opt/freesurfer/average/711-2B_as_mni_average_305_mask.4dfp.img (2306576 pixels)
talsrcimg_g11.4dfp.img
       256       256       256         1
  1.000000  1.000000  1.000000
orientation T byte_order littleendian
Reading image: talsrcimg_g11.4dfp.img
dimensions:      256       256       256
mmppix:       1.0000   -1.0000   -1.0000
center:     128.0000 -129.0000 -129.0000
fimgreg.f
image alignment mode   3335 decimal      D07 hex
parameters
   -1.5572   23.9476   12.3689   -0.4570   -0.0672   -0.4687
   -2.4815   -9.2212    2.2212   -2.9142    9.2873    2.6961
eta,q 0.94657 15.46344
niter,ni,del,rscale     5    3    5.0000    1.2000
parameter  4  2.282901 ->  0.500000 qaram    1.1500
parameter  5  1.284818 ->  0.500000 qaram    1.1500
parameter  6  1.582962 ->  0.500000 qaram    1.1500
parameters
   -1.9276   23.4104   11.6362   -4.5970   -4.2072   -4.6087
   -2.5257   -6.7791    1.6711   -2.7674   11.8730    1.4989
eta,q 0.95983 14.65716
  0.0555  0.0545  0.0541  0.0454  0.0432  0.0384  0.0431  0.0481  0.0418  0.0427  0.0425  0.0410
  0.0541  0.0536  0.0534  0.0471  0.0442  0.0403  0.0419  0.0448  0.0410  0.0415  0.0416  0.0405
  0.0534  0.0532  0.0530  0.0495  0.0456  0.0426  0.0412  0.0423  0.0405  0.0407  0.0409  0.0402
  0.0534  0.0533  0.0532  0.0530  0.0476  0.0446  0.0409  0.0409  0.0404  0.0404  0.0404  0.0402
  0.0541  0.0539  0.0540  0.0573  0.0505  0.0479  0.0412  0.0404  0.0407  0.0407  0.0402  0.0405
  0.0554  0.0549  0.0552  0.0614  0.0537  0.0527  0.0420  0.0409  0.0414  0.0414  0.0403  0.0410
  0.0572  0.0565  0.0565  0.0653  0.0578  0.0570  0.0431  0.0423  0.0423  0.0425  0.0408  0.0417
niter,ni,del,rscale     7    3    5.0000    1.2000
parameter  3  1.134309 ->  0.500000 qaram    1.1500
parameter  4  0.827133 ->  0.500000 qaram    1.3225
parameter  5  1.821520 ->  0.500000 qaram    1.3225
parameter  6  0.793295 ->  0.500000 qaram    1.3225
parameter 12  0.579804 ->  0.500000 qaram    1.1500
parameters
   -1.4469   22.6933   10.2562   -9.3580   -8.9682   -9.3697
   -0.7948   -7.1480    2.0139   -4.2775   12.6806   -2.6411
eta,q 0.97007 14.07156
  0.0450  0.0408  0.0381  0.0352  0.0313  0.0308  0.0344  0.0342  0.0328  0.0321  0.0317  0.0302
  0.0428  0.0401  0.0381  0.0355  0.0330  0.0306  0.0328  0.0320  0.0316  0.0310  0.0311  0.0299
  0.0411  0.0399  0.0387  0.0365  0.0342  0.0314  0.0315  0.0308  0.0308  0.0305  0.0306  0.0300
  0.0402  0.0400  0.0399  0.0382  0.0357  0.0334  0.0307  0.0305  0.0305  0.0305  0.0304  0.0304
  0.0401  0.0406  0.0413  0.0412  0.0376  0.0367  0.0306  0.0313  0.0307  0.0312  0.0304  0.0310
  0.0408  0.0416  0.0430  0.0454  0.0400  0.0404  0.0310  0.0328  0.0314  0.0326  0.0307  0.0319
  0.0423  0.0431  0.0446  0.0506  0.0433  0.0454  0.0321  0.0349  0.0324  0.0344  0.0313  0.0329
niter,ni,del,rscale     7    3    5.0000    1.2000
parameter  5  0.997704 ->  0.500000 qaram    1.5209
parameters
   -1.2108   22.0203   10.0011  -12.5357  -14.4433  -10.8191
   -0.5660   -7.6509    1.8394   -3.8547   12.1496   -2.3368
eta,q 0.97362 13.76178
  0.0340  0.0309  0.0319  0.0309  0.0270  0.0302  0.0295  0.0298  0.0282  0.0302  0.0272  0.0287
  0.0320  0.0300  0.0306  0.0297  0.0262  0.0283  0.0279  0.0277  0.0272  0.0283  0.0267  0.0276
  0.0306  0.0297  0.0298  0.0293  0.0271  0.0270  0.0269  0.0266  0.0266  0.0270  0.0265  0.0268
  0.0299  0.0299  0.0297  0.0297  0.0293  0.0263  0.0265  0.0265  0.0264  0.0264  0.0264  0.0264
  0.0301  0.0306  0.0302  0.0309  0.0313  0.0271  0.0267  0.0272  0.0266  0.0267  0.0266  0.0266
  0.0310  0.0317  0.0313  0.0333  0.0337  0.0301  0.0277  0.0286  0.0273  0.0277  0.0269  0.0273
  0.0328  0.0331  0.0329  0.0371  0.0362  0.0347  0.0291  0.0307  0.0284  0.0295  0.0275  0.0285
niter,ni,del,rscale     7    3    5.0000    1.2000
parameters
   -1.2357   22.3021   10.1824  -11.9030  -15.4823  -10.8394
   -0.6049   -7.6509    1.8735   -3.6995   12.2266   -2.3437
eta,q 0.97375 13.75580
  0.0296  0.0298  0.0290  0.0299  0.0311  0.0312  0.0290  0.0301  0.0281  0.0297  0.0272  0.0284
  0.0279  0.0280  0.0277  0.0282  0.0288  0.0291  0.0276  0.0279  0.0270  0.0279  0.0267  0.0273
  0.0268  0.0269  0.0268  0.0270  0.0268  0.0275  0.0266  0.0266  0.0265  0.0266  0.0264  0.0265
  0.0264  0.0264  0.0264  0.0264  0.0263  0.0262  0.0262  0.0262  0.0262  0.0262  0.0262  0.0263
  0.0268  0.0265  0.0265  0.0264  0.0280  0.0262  0.0266  0.0268  0.0264  0.0266  0.0264  0.0265
  0.0279  0.0272  0.0273  0.0273  0.0304  0.0281  0.0276  0.0280  0.0270  0.0277  0.0267  0.0273
  0.0298  0.0284  0.0284  0.0293  0.0329  0.0324  0.0291  0.0299  0.0280  0.0294  0.0272  0.0285
niter,ni,del,rscale     6    3    5.0000    1.2000
parameters
   -1.2263   22.4874   10.1939  -11.8108  -15.7329  -10.8453
   -0.6144   -7.6260    1.8266   -3.4777   12.2966   -2.4789
eta,q 0.97377 13.74821
  0.0295  0.0293  0.0285  0.0294  0.0317  0.0312  0.0290  0.0300  0.0280  0.0297  0.0272  0.0283
  0.0278  0.0277  0.0273  0.0278  0.0293  0.0291  0.0275  0.0279  0.0270  0.0279  0.0266  0.0272
  0.0267  0.0267  0.0265  0.0267  0.0272  0.0275  0.0266  0.0266  0.0264  0.0266  0.0263  0.0265
  0.0263  0.0263  0.0262  0.0262  0.0262  0.0262  0.0262  0.0262  0.0262  0.0262  0.0262  0.0262
  0.0266  0.0264  0.0265  0.0264  0.0274  0.0262  0.0266  0.0267  0.0264  0.0266  0.0263  0.0265
  0.0277  0.0271  0.0273  0.0274  0.0298  0.0281  0.0275  0.0280  0.0270  0.0276  0.0266  0.0273
  0.0295  0.0285  0.0285  0.0295  0.0320  0.0323  0.0290  0.0298  0.0280  0.0292  0.0271  0.0285
niter,ni,del,rscale     5    3    5.0000    1.2000
parameters
   -1.2143   22.5825   10.1663  -11.8145  -15.8298  -10.8479
   -0.6011   -7.6160    1.7799   -3.3190   12.3690   -2.5711
eta,q 0.97378 13.74297
  0.0295  0.0290  0.0285  0.0293  0.0318  0.0312  0.0290  0.0300  0.0279  0.0296  0.0271  0.0284
  0.0278  0.0275  0.0272  0.0277  0.0294  0.0291  0.0275  0.0278  0.0270  0.0278  0.0266  0.0273
  0.0266  0.0266  0.0265  0.0266  0.0273  0.0275  0.0266  0.0265  0.0264  0.0266  0.0263  0.0265
  0.0262  0.0262  0.0262  0.0262  0.0262  0.0262  0.0262  0.0262  0.0262  0.0262  0.0262  0.0262
  0.0266  0.0264  0.0265  0.0264  0.0273  0.0262  0.0265  0.0267  0.0264  0.0266  0.0263  0.0265
  0.0277  0.0272  0.0273  0.0274  0.0296  0.0281  0.0275  0.0280  0.0270  0.0276  0.0266  0.0273
  0.0295  0.0286  0.0285  0.0296  0.0318  0.0323  0.0290  0.0298  0.0280  0.0293  0.0271  0.0285
niter,ni,del,rscale     4    3    5.0000    1.2000
parameters
   -1.2072   22.6411   10.1440  -11.8254  -15.8865  -10.8520
   -0.5909   -7.6117    1.7516   -3.2099   12.3966   -2.6413
eta,q 0.97378 13.73944
  0.0295  0.0289  0.0285  0.0293  0.0318  0.0312  0.0290  0.0299  0.0279  0.0295  0.0271  0.0284
  0.0277  0.0275  0.0272  0.0277  0.0294  0.0291  0.0275  0.0278  0.0270  0.0277  0.0266  0.0273
  0.0266  0.0266  0.0265  0.0266  0.0273  0.0275  0.0266  0.0265  0.0264  0.0266  0.0263  0.0265
  0.0262  0.0262  0.0262  0.0262  0.0262  0.0262  0.0262  0.0262  0.0262  0.0262  0.0262  0.0262
  0.0266  0.0265  0.0265  0.0264  0.0273  0.0262  0.0265  0.0267  0.0264  0.0266  0.0263  0.0265
  0.0277  0.0273  0.0273  0.0274  0.0296  0.0281  0.0275  0.0280  0.0270  0.0277  0.0266  0.0273
  0.0295  0.0287  0.0285  0.0295  0.0318  0.0324  0.0290  0.0298  0.0280  0.0293  0.0271  0.0285
niter,ni,del,rscale     3    3    5.0000    1.2000
parameters
   -1.2041   22.6802   10.1259  -11.8374  -15.9274  -10.8550
   -0.5855   -7.6099    1.7374   -3.1356   12.4061   -2.6818
eta,q 0.97377 13.73668
  0.0294  0.0289  0.0285  0.0293  0.0317  0.0312  0.0290  0.0299  0.0279  0.0295  0.0271  0.0284
  0.0277  0.0274  0.0273  0.0277  0.0294  0.0291  0.0275  0.0278  0.0270  0.0277  0.0266  0.0273
  0.0266  0.0266  0.0265  0.0266  0.0273  0.0275  0.0266  0.0265  0.0264  0.0266  0.0263  0.0265
  0.0262  0.0262  0.0262  0.0262  0.0262  0.0262  0.0262  0.0262  0.0262  0.0262  0.0262  0.0262
  0.0266  0.0265  0.0265  0.0264  0.0273  0.0262  0.0265  0.0267  0.0264  0.0266  0.0263  0.0265
  0.0277  0.0273  0.0273  0.0274  0.0296  0.0281  0.0275  0.0280  0.0270  0.0277  0.0266  0.0273
  0.0295  0.0287  0.0285  0.0295  0.0317  0.0324  0.0290  0.0298  0.0279  0.0293  0.0271  0.0285
niter,ni,del,rscale     2    3    5.0000    1.2000
parameters
   -1.2006   22.7089   10.1161  -11.8414  -15.9567  -10.8608
   -0.5792   -7.6100    1.7264   -3.0805   12.4235   -2.7153
eta,q 0.97377 13.73490
  0.0294  0.0288  0.0285  0.0293  0.0317  0.0312  0.0290  0.0299  0.0279  0.0294  0.0271  0.0284
  0.0277  0.0274  0.0273  0.0277  0.0294  0.0291  0.0275  0.0278  0.0270  0.0277  0.0266  0.0273
  0.0266  0.0266  0.0265  0.0266  0.0273  0.0275  0.0266  0.0265  0.0264  0.0266  0.0263  0.0265
  0.0262  0.0262  0.0262  0.0262  0.0262  0.0262  0.0262  0.0262  0.0262  0.0262  0.0262  0.0262
  0.0266  0.0265  0.0265  0.0264  0.0273  0.0262  0.0265  0.0267  0.0264  0.0266  0.0263  0.0265
  0.0277  0.0273  0.0273  0.0274  0.0296  0.0281  0.0275  0.0280  0.0270  0.0277  0.0266  0.0273
  0.0295  0.0287  0.0285  0.0295  0.0317  0.0324  0.0290  0.0298  0.0279  0.0293  0.0271  0.0285
niter,ni,del,rscale     1    3    5.0000    1.2000
parameters
   -1.1998   22.7278   10.1070  -11.8487  -15.9756  -10.8644
   -0.5781   -7.6109    1.7291   -3.0431   12.4300   -2.7380
eta,q 0.97377 13.73344
  0.0294  0.0288  0.0285  0.0292  0.0317  0.0312  0.0289  0.0299  0.0279  0.0294  0.0271  0.0284
  0.0277  0.0274  0.0273  0.0277  0.0294  0.0291  0.0275  0.0278  0.0270  0.0277  0.0266  0.0273
  0.0266  0.0265  0.0265  0.0266  0.0273  0.0275  0.0266  0.0265  0.0264  0.0266  0.0263  0.0265
  0.0262  0.0262  0.0262  0.0262  0.0262  0.0262  0.0262  0.0262  0.0262  0.0262  0.0262  0.0262
  0.0266  0.0265  0.0265  0.0264  0.0273  0.0262  0.0265  0.0267  0.0264  0.0266  0.0263  0.0265
  0.0277  0.0273  0.0273  0.0274  0.0296  0.0281  0.0275  0.0280  0.0270  0.0277  0.0266  0.0273
  0.0295  0.0287  0.0285  0.0295  0.0317  0.0324  0.0289  0.0298  0.0279  0.0293  0.0271  0.0285
registration optimization eta report
parameter search radius
    2.4000    2.4000    2.7600    9.5220   10.9503    9.5220
    7.2000    7.2000    7.2000    7.2000    7.2000    8.2800
100000*second partial in parameter space
       56.       44.       30.        4.        4.        6.
        5.        7.        3.        6.        2.        3.
  0.0294  0.0288  0.0285  0.0292  0.0317  0.0312  0.0289  0.0299  0.0279  0.0294  0.0271  0.0284
  0.0277  0.0274  0.0273  0.0277  0.0294  0.0291  0.0275  0.0278  0.0270  0.0277  0.0266  0.0273
  0.0266  0.0265  0.0265  0.0266  0.0273  0.0275  0.0266  0.0265  0.0264  0.0266  0.0263  0.0265
  0.0262  0.0262  0.0262  0.0262  0.0262  0.0262  0.0262  0.0262  0.0262  0.0262  0.0262  0.0262
  0.0266  0.0265  0.0265  0.0264  0.0273  0.0262  0.0265  0.0267  0.0264  0.0266  0.0263  0.0265
  0.0277  0.0273  0.0273  0.0274  0.0296  0.0281  0.0275  0.0280  0.0270  0.0277  0.0266  0.0273
  0.0295  0.0287  0.0285  0.0295  0.0317  0.0324  0.0289  0.0298  0.0279  0.0293  0.0271  0.0285
   -1.1998   22.7278   10.1070  -11.8487  -15.9756  -10.8644
   -0.5781   -7.6109    1.7291   -3.0431   12.4300   -2.7380
eta,q 0.97377 13.73344

---------------------------------------------------------------------
imgreg_4dfp /opt/freesurfer/average/711-2C_as_mni_average_305 /opt/freesurfer/average/711-2B_as_mni_average_305_mask talsrcimg_g11 none talsrcimg_to_711-2C_as_mni_average_305_t4 2311
---------------------------------------------------------------------

freesurfer imgreg_4dfp.c
/opt/freesurfer/average/711-2C_as_mni_average_305.4dfp.img
       256       256       256         1
  1.000000  1.000000  1.000000
orientation T byte_order littleendian
Reading image: /opt/freesurfer/average/711-2C_as_mni_average_305.4dfp.img
dimensions:      256       256       256
mmppix:       1.0000   -1.0000   -1.0000
center:     128.0000 -129.0000 -129.0000
/opt/freesurfer/average/711-2B_as_mni_average_305_mask.4dfp.img
       256       256       256         1
  1.000000  1.000000  1.000000
orientation T byte_order littleendian
Reading mask: /opt/freesurfer/average/711-2B_as_mni_average_305_mask.4dfp.img (2306576 pixels)
talsrcimg_g11.4dfp.img
       256       256       256         1
  1.000000  1.000000  1.000000
orientation T byte_order littleendian
Reading image: talsrcimg_g11.4dfp.img
dimensions:      256       256       256
mmppix:       1.0000   -1.0000   -1.0000
center:     128.0000 -129.0000 -129.0000
fimgreg.f
image alignment mode   2311 decimal      907 hex
parameters
   -1.1998   22.7278   10.1070  -11.8487  -15.9756  -10.8644
   -0.5781   -7.6109    1.7291   -3.0430   12.4300   -2.7380
eta,q 0.97377 13.73344
niter,ni,del,rscale     5    3    5.0000    0.8000
parameters
   -1.1831   22.7550   10.0924  -11.2837  -16.0098   -9.3165
   -0.6098   -7.6592    1.7278   -2.9674   12.2624   -2.8984
eta,q 0.97403 13.82081
  0.0277  0.0274  0.0270  0.0271  0.0280  0.0283  0.0273  0.0277  0.0268  0.0277  0.0264  0.0269
  0.0269  0.0268  0.0266  0.0266  0.0271  0.0275  0.0266  0.0267  0.0263  0.0268  0.0261  0.0264
  0.0264  0.0264  0.0263  0.0264  0.0265  0.0268  0.0261  0.0261  0.0261  0.0262  0.0260  0.0261
  0.0262  0.0262  0.0262  0.0262  0.0262  0.0262  0.0260  0.0260  0.0260  0.0260  0.0260  0.0260
  0.0264  0.0263  0.0263  0.0263  0.0264  0.0260  0.0261  0.0262  0.0261  0.0262  0.0260  0.0261
  0.0269  0.0267  0.0266  0.0264  0.0271  0.0262  0.0266  0.0268  0.0264  0.0267  0.0262  0.0265
  0.0277  0.0273  0.0271  0.0268  0.0280  0.0268  0.0274  0.0278  0.0268  0.0276  0.0265  0.0270
niter,ni,del,rscale     4    3    5.0000    0.7000
parameters
   -1.1364   22.6142   10.3041  -11.0415  -16.1455   -9.2112
   -0.6123   -7.6341    1.7921   -3.2102   12.2622   -2.7380
eta,q 0.97409 13.83596
  0.0272  0.0267  0.0269  0.0265  0.0273  0.0274  0.0270  0.0273  0.0266  0.0271  0.0263  0.0267
  0.0265  0.0263  0.0264  0.0262  0.0266  0.0267  0.0264  0.0266  0.0262  0.0264  0.0261  0.0263
  0.0261  0.0260  0.0261  0.0260  0.0261  0.0262  0.0261  0.0261  0.0260  0.0260  0.0260  0.0260
  0.0260  0.0260  0.0260  0.0259  0.0259  0.0259  0.0259  0.0259  0.0259  0.0259  0.0259  0.0259
  0.0261  0.0261  0.0260  0.0260  0.0261  0.0260  0.0261  0.0261  0.0260  0.0262  0.0260  0.0260
  0.0264  0.0265  0.0261  0.0261  0.0267  0.0265  0.0264  0.0266  0.0262  0.0267  0.0261  0.0262
  0.0271  0.0271  0.0265  0.0264  0.0276  0.0274  0.0270  0.0273  0.0266  0.0274  0.0263  0.0266
niter,ni,del,rscale     3    3    5.0000    0.6000
parameters
   -1.1338   22.5492   10.3575  -10.9296  -16.1206   -9.0717
   -0.6355   -7.6333    1.8079   -3.3642   12.3050   -2.6483
eta,q 0.97410 13.84834
  0.0268  0.0265  0.0265  0.0263  0.0271  0.0271  0.0267  0.0270  0.0264  0.0268  0.0262  0.0265
  0.0263  0.0262  0.0262  0.0261  0.0265  0.0265  0.0263  0.0264  0.0261  0.0263  0.0260  0.0262
  0.0260  0.0260  0.0260  0.0260  0.0261  0.0261  0.0260  0.0260  0.0260  0.0260  0.0259  0.0260
  0.0259  0.0259  0.0259  0.0259  0.0259  0.0259  0.0259  0.0259  0.0259  0.0259  0.0259  0.0259
  0.0260  0.0260  0.0260  0.0259  0.0260  0.0260  0.0260  0.0260  0.0260  0.0261  0.0259  0.0260
  0.0263  0.0263  0.0261  0.0261  0.0264  0.0263  0.0263  0.0264  0.0261  0.0264  0.0260  0.0261
  0.0268  0.0267  0.0264  0.0263  0.0271  0.0270  0.0267  0.0270  0.0264  0.0270  0.0262  0.0264
niter,ni,del,rscale     2    3    5.0000    0.5000
parameters
   -1.1326   22.4903   10.3944  -10.8613  -16.0880   -8.9696
   -0.6406   -7.6417    1.7978   -3.4859   12.3397   -2.5718
eta,q 0.97411 13.85749
  0.0265  0.0263  0.0263  0.0262  0.0267  0.0267  0.0265  0.0266  0.0263  0.0266  0.0261  0.0263
  0.0262  0.0261  0.0261  0.0260  0.0263  0.0263  0.0262  0.0262  0.0261  0.0262  0.0260  0.0261
  0.0260  0.0259  0.0260  0.0259  0.0260  0.0260  0.0260  0.0260  0.0259  0.0260  0.0259  0.0259
  0.0259  0.0259  0.0259  0.0259  0.0259  0.0259  0.0259  0.0259  0.0259  0.0259  0.0259  0.0259
  0.0260  0.0260  0.0259  0.0259  0.0260  0.0260  0.0260  0.0260  0.0259  0.0260  0.0259  0.0259
  0.0262  0.0262  0.0261  0.0260  0.0263  0.0262  0.0262  0.0262  0.0261  0.0263  0.0260  0.0261
  0.0265  0.0265  0.0263  0.0262  0.0267  0.0267  0.0265  0.0266  0.0263  0.0267  0.0261  0.0263
niter,ni,del,rscale     1    3    5.0000    0.4000
parameters
   -1.1312   22.4450   10.4195  -10.8051  -16.0566   -8.9080
   -0.6503   -7.6604    1.8070   -3.5722   12.3753   -2.5227
eta,q 0.97411 13.86446
  0.0263  0.0262  0.0262  0.0261  0.0265  0.0264  0.0263  0.0264  0.0261  0.0263  0.0260  0.0262
  0.0261  0.0260  0.0260  0.0260  0.0262  0.0262  0.0261  0.0261  0.0260  0.0261  0.0260  0.0260
  0.0259  0.0259  0.0259  0.0259  0.0260  0.0260  0.0259  0.0259  0.0259  0.0259  0.0259  0.0259
  0.0259  0.0259  0.0259  0.0259  0.0259  0.0259  0.0259  0.0259  0.0259  0.0259  0.0259  0.0259
  0.0259  0.0259  0.0259  0.0259  0.0260  0.0259  0.0259  0.0260  0.0259  0.0260  0.0259  0.0259
  0.0261  0.0261  0.0260  0.0260  0.0261  0.0261  0.0261  0.0261  0.0260  0.0261  0.0259  0.0260
  0.0263  0.0263  0.0261  0.0261  0.0264  0.0264  0.0263  0.0264  0.0261  0.0264  0.0260  0.0261
registration optimization eta report
parameter search radius
    0.8000    0.8000    0.8000    2.4000    2.4000    2.4000
    2.4000    2.4000    2.4000    2.4000    2.4000    2.4000
100000*second partial in parameter space
       62.       51.       39.        3.        9.        9.
        6.        9.        4.        8.        2.        5.
  0.0263  0.0262  0.0262  0.0261  0.0265  0.0264  0.0263  0.0264  0.0261  0.0263  0.0260  0.0262
  0.0261  0.0260  0.0260  0.0260  0.0262  0.0262  0.0261  0.0261  0.0260  0.0261  0.0260  0.0260
  0.0259  0.0259  0.0259  0.0259  0.0260  0.0260  0.0259  0.0259  0.0259  0.0259  0.0259  0.0259
  0.0259  0.0259  0.0259  0.0259  0.0259  0.0259  0.0259  0.0259  0.0259  0.0259  0.0259  0.0259
  0.0259  0.0259  0.0259  0.0259  0.0260  0.0259  0.0259  0.0260  0.0259  0.0260  0.0259  0.0259
  0.0261  0.0261  0.0260  0.0260  0.0261  0.0261  0.0261  0.0261  0.0260  0.0261  0.0259  0.0260
  0.0263  0.0263  0.0261  0.0261  0.0264  0.0264  0.0263  0.0264  0.0261  0.0264  0.0260  0.0261
   -1.1312   22.4450   10.4195  -10.8051  -16.0566   -8.9080
   -0.6503   -7.6604    1.8070   -3.5722   12.3753   -2.5227
eta,q 0.97411 13.86446

---------------------------------------------------------------------
imgreg_4dfp /opt/freesurfer/average/711-2C_as_mni_average_305 /opt/freesurfer/average/711-2B_as_mni_average_305_mask talsrcimg_g11 none talsrcimg_to_711-2C_as_mni_average_305_t4 2311
---------------------------------------------------------------------

freesurfer imgreg_4dfp.c
/opt/freesurfer/average/711-2C_as_mni_average_305.4dfp.img
       256       256       256         1
  1.000000  1.000000  1.000000
orientation T byte_order littleendian
Reading image: /opt/freesurfer/average/711-2C_as_mni_average_305.4dfp.img
dimensions:      256       256       256
mmppix:       1.0000   -1.0000   -1.0000
center:     128.0000 -129.0000 -129.0000
/opt/freesurfer/average/711-2B_as_mni_average_305_mask.4dfp.img
       256       256       256         1
  1.000000  1.000000  1.000000
orientation T byte_order littleendian
Reading mask: /opt/freesurfer/average/711-2B_as_mni_average_305_mask.4dfp.img (2306576 pixels)
talsrcimg_g11.4dfp.img
       256       256       256         1
  1.000000  1.000000  1.000000
orientation T byte_order littleendian
Reading image: talsrcimg_g11.4dfp.img
dimensions:      256       256       256
mmppix:       1.0000   -1.0000   -1.0000
center:     128.0000 -129.0000 -129.0000
fimgreg.f
image alignment mode   2311 decimal      907 hex
parameters
   -1.1312   22.4450   10.4195  -10.8051  -16.0566   -8.9080
   -0.6503   -7.6605    1.8070   -3.5722   12.3753   -2.5227
eta,q 0.97411 13.86446
niter,ni,del,rscale     5    3    5.0000    0.8000
parameters
   -1.1445   22.3929   10.4502  -10.9875  -16.1264   -9.2736
   -0.6260   -7.6337    1.8019   -3.6380   12.1853   -2.4363
eta,q 0.97409 13.84052
  0.0274  0.0271  0.0269  0.0266  0.0277  0.0275  0.0273  0.0278  0.0268  0.0276  0.0263  0.0269
  0.0266  0.0264  0.0264  0.0262  0.0268  0.0268  0.0266  0.0267  0.0263  0.0267  0.0261  0.0264
  0.0261  0.0260  0.0260  0.0260  0.0262  0.0261  0.0261  0.0261  0.0260  0.0261  0.0260  0.0260
  0.0259  0.0259  0.0259  0.0259  0.0259  0.0259  0.0259  0.0259  0.0259  0.0259  0.0259  0.0259
  0.0261  0.0261  0.0260  0.0260  0.0261  0.0261  0.0261  0.0261  0.0260  0.0262  0.0260  0.0260
  0.0266  0.0265  0.0263  0.0262  0.0268  0.0269  0.0265  0.0268  0.0263  0.0268  0.0261  0.0263
  0.0275  0.0273  0.0268  0.0268  0.0279  0.0285  0.0273  0.0277  0.0268  0.0277  0.0264  0.0268
niter,ni,del,rscale     4    3    5.0000    0.7000
parameters
   -1.1462   22.4436   10.4169  -10.9506  -16.0643   -9.1857
   -0.6448   -7.6343    1.8223   -3.5955   12.2227   -2.4776
eta,q 0.97410 13.84593
  0.0271  0.0270  0.0266  0.0265  0.0274  0.0274  0.0270  0.0273  0.0266  0.0273  0.0263  0.0266
  0.0264  0.0264  0.0262  0.0262  0.0267  0.0267  0.0264  0.0265  0.0262  0.0265  0.0261  0.0262
  0.0261  0.0261  0.0260  0.0260  0.0261  0.0262  0.0260  0.0261  0.0260  0.0261  0.0259  0.0260
  0.0259  0.0259  0.0259  0.0259  0.0259  0.0259  0.0259  0.0259  0.0259  0.0259  0.0259  0.0259
  0.0260  0.0260  0.0260  0.0260  0.0261  0.0260  0.0260  0.0261  0.0260  0.0261  0.0259  0.0260
  0.0264  0.0263  0.0263  0.0261  0.0266  0.0264  0.0264  0.0266  0.0262  0.0265  0.0261  0.0263
  0.0271  0.0268  0.0267  0.0265  0.0274  0.0274  0.0270  0.0273  0.0266  0.0272  0.0263  0.0267
niter,ni,del,rscale     3    3    5.0000    0.6000
parameters
   -1.1416   22.4317   10.4190  -10.8882  -16.0431   -9.0587
   -0.6506   -7.6443    1.8275   -3.6058   12.2657   -2.4889
eta,q 0.97411 13.85488
  0.0268  0.0266  0.0264  0.0263  0.0270  0.0271  0.0267  0.0270  0.0264  0.0269  0.0262  0.0265
  0.0263  0.0262  0.0261  0.0261  0.0265  0.0265  0.0263  0.0264  0.0261  0.0264  0.0260  0.0261
  0.0260  0.0260  0.0260  0.0260  0.0261  0.0261  0.0260  0.0260  0.0260  0.0260  0.0259  0.0260
  0.0259  0.0259  0.0259  0.0259  0.0259  0.0259  0.0259  0.0259  0.0259  0.0259  0.0259  0.0259
  0.0260  0.0260  0.0260  0.0259  0.0260  0.0260  0.0260  0.0260  0.0260  0.0260  0.0259  0.0260
  0.0263  0.0262  0.0261  0.0261  0.0264  0.0263  0.0263  0.0264  0.0261  0.0264  0.0260  0.0262
  0.0268  0.0266  0.0264  0.0263  0.0271  0.0270  0.0267  0.0270  0.0264  0.0269  0.0262  0.0265
niter,ni,del,rscale     2    3    5.0000    0.5000
parameters
   -1.1412   22.4125   10.4331  -10.8369  -16.0339   -8.9612
   -0.6538   -7.6487    1.8243   -3.6336   12.3135   -2.4813
eta,q 0.97411 13.86193
  0.0265  0.0264  0.0263  0.0262  0.0267  0.0267  0.0265  0.0266  0.0263  0.0266  0.0261  0.0263
  0.0262  0.0261  0.0261  0.0260  0.0263  0.0263  0.0262  0.0262  0.0261  0.0262  0.0260  0.0261
  0.0260  0.0260  0.0259  0.0259  0.0260  0.0260  0.0260  0.0260  0.0259  0.0260  0.0259  0.0259
  0.0259  0.0259  0.0259  0.0259  0.0259  0.0259  0.0259  0.0259  0.0259  0.0259  0.0259  0.0259
  0.0260  0.0260  0.0259  0.0259  0.0260  0.0260  0.0260  0.0260  0.0259  0.0260  0.0259  0.0259
  0.0262  0.0261  0.0261  0.0260  0.0263  0.0262  0.0262  0.0262  0.0261  0.0262  0.0260  0.0261
  0.0265  0.0264  0.0263  0.0262  0.0267  0.0267  0.0265  0.0266  0.0263  0.0266  0.0261  0.0263
niter,ni,del,rscale     1    3    5.0000    0.4000
parameters
   -1.1376   22.3903   10.4446  -10.7926  -16.0214   -8.8966
   -0.6513   -7.6568    1.8190   -3.6649   12.3210   -2.4589
eta,q 0.97411 13.86744
  0.0263  0.0262  0.0261  0.0261  0.0264  0.0264  0.0263  0.0264  0.0261  0.0264  0.0260  0.0262
  0.0261  0.0260  0.0260  0.0260  0.0262  0.0262  0.0261  0.0261  0.0260  0.0261  0.0259  0.0260
  0.0259  0.0259  0.0259  0.0259  0.0260  0.0260  0.0259  0.0259  0.0259  0.0259  0.0259  0.0259
  0.0259  0.0259  0.0259  0.0259  0.0259  0.0259  0.0259  0.0259  0.0259  0.0259  0.0259  0.0259
  0.0259  0.0259  0.0259  0.0259  0.0260  0.0259  0.0259  0.0259  0.0259  0.0260  0.0259  0.0259
  0.0261  0.0261  0.0260  0.0260  0.0261  0.0261  0.0261  0.0261  0.0260  0.0261  0.0259  0.0260
  0.0263  0.0262  0.0261  0.0261  0.0264  0.0264  0.0263  0.0264  0.0261  0.0264  0.0260  0.0261
registration optimization eta report
parameter search radius
    0.8000    0.8000    0.8000    2.4000    2.4000    2.4000
    2.4000    2.4000    2.4000    2.4000    2.4000    2.4000
100000*second partial in parameter space
       63.       52.       39.        3.        9.        9.
        6.        9.        4.        8.        2.        5.
  0.0263  0.0262  0.0261  0.0261  0.0264  0.0264  0.0263  0.0264  0.0261  0.0264  0.0260  0.0262
  0.0261  0.0260  0.0260  0.0260  0.0262  0.0262  0.0261  0.0261  0.0260  0.0261  0.0259  0.0260
  0.0259  0.0259  0.0259  0.0259  0.0260  0.0260  0.0259  0.0259  0.0259  0.0259  0.0259  0.0259
  0.0259  0.0259  0.0259  0.0259  0.0259  0.0259  0.0259  0.0259  0.0259  0.0259  0.0259  0.0259
  0.0259  0.0259  0.0259  0.0259  0.0260  0.0259  0.0259  0.0259  0.0259  0.0260  0.0259  0.0259
  0.0261  0.0261  0.0260  0.0260  0.0261  0.0261  0.0261  0.0261  0.0260  0.0261  0.0259  0.0260
  0.0263  0.0262  0.0261  0.0261  0.0264  0.0264  0.0263  0.0264  0.0261  0.0264  0.0260  0.0261
   -1.1376   22.3903   10.4446  -10.7926  -16.0214   -8.8966
   -0.6513   -7.6568    1.8190   -3.6649   12.3210   -2.4589
eta,q 0.97411 13.86744

---------------------------------------------------------------------
compute_vox2vox talsrcimg talsrcimg_to_711-2C_as_mni_average_305_t4 /opt/freesurfer/average/711-2C_as_mni_average_305
---------------------------------------------------------------------

freesurfer compute_vox2vox.c
Reading: talsrcimg.4dfp.ifh
Reading: talsrcimg_to_711-2C_as_mni_average_305_t4
Reading: /opt/freesurfer/average/711-2C_as_mni_average_305.4dfp.ifh
Writing: talsrcimg_to_711-2C_as_mni_average_305_t4_vox2vox.txt

start time Sun Mar 8 22:11:10 CET 2026
end		time Sun Mar 8 22:12:37 CET 2026

mpr2mni305 success

avi2talxfm orig_nu.mgz /opt/freesurfer/average/mni305.cor.mgz talsrcimg_to_711-2C_as_mni_average_305_t4_vox2vox.txt transforms/talairach.auto.xfm
avi2talxfm done
mv -f /out/sourcedata/freesurfer/sub-v1s16x0051165_ses-1/mri/talsrcimg_to_711-2C_as_mni_average_305_t4_vox2vox.txt /out/sourcedata/freesurfer/sub-v1s16x0051165_ses-1/mri/transforms/talsrcimg_to_711-2C_as_mni_average_305_t4_vox2vox.txt
lta_convert --src orig_nu.mgz --trg /opt/freesurfer/average/mni305.cor.mgz --inxfm transforms/talairach.auto.xfm --outlta transforms/talairach.auto.xfm.lta --subject fsaverage
7.3.2

--src: orig_nu.mgz src image (geometry).
--trg: /opt/freesurfer/average/mni305.cor.mgz trg image (geometry).
--inmni: transforms/talairach.auto.xfm input MNI/XFM transform.
--outlta: transforms/talairach.auto.xfm.lta output LTA.
--s: fsaverage subject name
 LTA read, type : 1
 1.10783   0.09356   0.01133   0.34082;
-0.15065   1.08623   0.03064  -4.47031;
-0.03057   0.04538   1.19187  -21.75175;
 0.00000   0.00000   0.00000   1.00000;
setting subject to fsaverage
Writing  LTA to file transforms/talairach.auto.xfm.lta...
lta_convert successful.
 
 
Started at Sun Mar 8 22:11:10 CET 2026
Ended   at Sun Mar  8 22:12:37 CET 2026
talairach_avi done
