/out/sourcedata/freesurfer/sub-v1s16x0051169_ses-1/mri
/opt/freesurfer/bin/talairach_avi
--i orig_nu.mgz --xfm transforms/talairach.auto.xfm
talairach_avi 7.3.2
Linux dna060 5.14.0-427.37.1.el9_4.x86_64 #1 SMP PREEMPT_DYNAMIC Fri Sep 13 12:41:50 EDT 2024 x86_64 x86_64 x86_64 GNU/Linux
Sun Mar  8 22:21:25 CET 2026
mri_convert orig_nu.mgz talsrcimg.img 
reading from orig_nu.mgz...
TR=0.00, TE=0.00, TI=0.00, flip angle=0.00
i_ras = (-1, 0, 0)
j_ras = (0, 0, -1)
k_ras = (0, 1, 0)
writing to talsrcimg.img...
Analyze Output Matrix
-1.00000   0.00000   0.00000   129.42418;
 0.00000   0.00000   1.00000  -119.41975;
 0.00000  -1.00000   0.00000   126.50719;
 0.00000   0.00000   0.00000   1.00000;
--------------------
INFO: set hdr.hist.orient to -1
mpr2mni305 talsrcimg
Sun Mar  8 22:21:26 CET 2026
/opt/freesurfer/bin/mpr2mni305 talsrcimg
mpr2mni305 7.3.2
target=711-2C_as_mni_average_305

---------------------------------------------------------------------
analyzeto4dfp talsrcimg -O0 -y
---------------------------------------------------------------------

freesurfer ifh2hdr.c
Sun Mar  8 22:21:26 2026
Writing: talsrcimg.4dfp.hdr
freesurfer analyzeto4dfp.c
Reading: talsrcimg.hdr
header size 348 bytes
hdr.dime.datatype	offset=70	value=2
hdr.dime.bitpix		offset=72	value=8
hdr.hist.orient		offset=252	value=-1
dimensionality     4
dimensions       256       256       256         1
Reading: talsrcimg.img
Writing: talsrcimg.4dfp.img
Writing: talsrcimg.4dfp.ifh
ifh2hdr talsrcimg -r0to211
ori=2

---------------------------------------------------------------------
gauss_4dfp talsrcimg 1.1
---------------------------------------------------------------------

freesurfer gauss_4dfp.c
Reading: talsrcimg.4dfp.img
Writing: talsrcimg_g11.4dfp.img
image dimensions 256 256 256 padded to 288 288 288
processing volume 1freesurfer ifh2hdr.c
Sun Mar  8 22:21:28 2026
Writing: talsrcimg_g11.4dfp.hdr

Writing: talsrcimg_g11.4dfp.ifh
including: talsrcimg.4dfp.img.rec in talsrcimg_g11.4dfp.img.rec

---------------------------------------------------------------------
imgreg_4dfp /opt/freesurfer/average/711-2C_as_mni_average_305 none talsrcimg_g11 none talsrcimg_to_711-2C_as_mni_average_305_t4 4355
---------------------------------------------------------------------

freesurfer imgreg_4dfp.c
/opt/freesurfer/average/711-2C_as_mni_average_305.4dfp.img
       256       256       256         1
  1.000000  1.000000  1.000000
orientation T byte_order littleendian
Reading image: /opt/freesurfer/average/711-2C_as_mni_average_305.4dfp.img
dimensions:      256       256       256
mmppix:       1.0000   -1.0000   -1.0000
center:     128.0000 -129.0000 -129.0000
talsrcimg_g11.4dfp.img
       256       256       256         1
  1.000000  1.000000  1.000000
orientation T byte_order littleendian
Reading image: talsrcimg_g11.4dfp.img
dimensions:      256       256       256
mmppix:       1.0000   -1.0000   -1.0000
center:     128.0000 -129.0000 -129.0000
t4_read: open error in t4_sub.f l:  41 t4_file(1:l)talsrcimg_to_711-2C_as_mni_average_305_t4 
t4_read: transform initialized to I4
rotation matrix determinant  1.000000
image alignment mode   4355 decimal     1103 hex
   -7.5000  -45.0000  -45.0000 5886.6030   27.0606
    0.0000  -45.0000  -45.0000 6108.8521   27.1362
    7.5000  -45.0000  -45.0000 5806.8291   27.1551
   -7.5000  -37.5000  -45.0000 6384.9326   26.5075
    0.0000  -37.5000  -45.0000 6608.8809   26.5805
    7.5000  -37.5000  -45.0000 6307.5532   26.6017
   -7.5000  -30.0000  -45.0000 7181.2773   26.3128
    0.0000  -30.0000  -45.0000 7405.2578   26.3848
    7.5000  -30.0000  -45.0000 7047.5483   26.4074
   -7.5000  -22.5000  -45.0000 8003.5781   26.2642
    0.0000  -22.5000  -45.0000 8251.9727   26.3356
    7.5000  -22.5000  -45.0000 7845.3110   26.3534
   -7.5000  -15.0000  -45.0000 8885.9385   26.2586
    0.0000  -15.0000  -45.0000 9154.6729   26.3297
    7.5000  -15.0000  -45.0000 8679.8779   26.3445
   -7.5000   -7.5000  -45.0000 9679.3350   26.2587
    0.0000   -7.5000  -45.0000 9992.5156   26.3291
    7.5000   -7.5000  -45.0000 9421.5596   26.3449
   -7.5000    0.0000  -45.000010317.9492   26.2651
    0.0000    0.0000  -45.000010658.9883   26.3356
    7.5000    0.0000  -45.000010016.2627   26.3525
   -7.5000    7.5000  -45.000010205.5654   26.2721
    0.0000    7.5000  -45.000010520.7363   26.3439
    7.5000    7.5000  -45.0000 9888.2988   26.3645
   -7.5000   15.0000  -45.000010025.7188   26.2710
    0.0000   15.0000  -45.000010319.4482   26.3430
    7.5000   15.0000  -45.0000 9702.5586   26.3656
   -7.5000   22.5000  -45.0000 9792.3320   26.2604
    0.0000   22.5000  -45.000010050.1270   26.3318
    7.5000   22.5000  -45.0000 9480.4023   26.3495
   -7.5000   30.0000  -45.0000 9476.2480   25.9087
    0.0000   30.0000  -45.0000 9778.4297   25.9788
    7.5000   30.0000  -45.0000 9218.7627   25.9934
   -7.5000   37.5000  -45.0000 9419.4521   25.9088
    0.0000   37.5000  -45.0000 9727.0059   25.9782
    7.5000   37.5000  -45.0000 9158.7080   25.9939
   -7.5000   45.0000  -45.0000 8818.6982   25.2570
    0.0000   45.0000  -45.0000 9064.2256   25.3248
    7.5000   45.0000  -45.0000 8540.2832   25.3411
   -7.5000  -45.0000  -37.5000 6289.9917   26.7749
    0.0000  -45.0000  -37.5000 6493.7827   26.8387
    7.5000  -45.0000  -37.5000 6205.7100   26.8406
   -7.5000  -37.5000  -37.5000 6823.5322   26.2350
    0.0000  -37.5000  -37.5000 7029.8047   26.2986
    7.5000  -37.5000  -37.5000 6692.5840   26.2989
   -7.5000  -30.0000  -37.5000 7678.1123   26.0277
    0.0000  -30.0000  -37.5000 7882.2271   26.0891
    7.5000  -30.0000  -37.5000 7451.6440   26.0873
   -7.5000  -22.5000  -37.5000 8582.2539   25.9567
    0.0000  -22.5000  -37.5000 8808.9980   26.0134
    7.5000  -22.5000  -37.5000 8336.1631   26.0103
   -7.5000  -15.0000  -37.5000 9493.3672   25.9435
    0.0000  -15.0000  -37.5000 9743.0557   25.9971
    7.5000  -15.0000  -37.5000 9224.0850   25.9965
   -7.5000   -7.5000  -37.500010317.2285   25.9624
    0.0000   -7.5000  -37.500010583.5811   26.0175
    7.5000   -7.5000  -37.500010017.1963   26.0193
   -7.5000    0.0000  -37.500011037.3887   25.9923
    0.0000    0.0000  -37.500011305.6963   26.0515
    7.5000    0.0000  -37.500010670.5820   26.0526
   -7.5000    7.5000  -37.500010873.3174   26.0037
    0.0000    7.5000  -37.500011145.6582   26.0662
    7.5000    7.5000  -37.500010510.1172   26.0662
   -7.5000   15.0000  -37.500010642.9111   25.9869
    0.0000   15.0000  -37.500010911.4844   26.0482
    7.5000   15.0000  -37.500010270.1475   26.0465
   -7.5000   22.5000  -37.500010355.6807   25.9530
    0.0000   22.5000  -37.500010639.1025   26.0096
    7.5000   22.5000  -37.5000 9994.2012   26.0065
   -7.5000   30.0000  -37.500010017.5566   25.5978
    0.0000   30.0000  -37.500010340.7881   25.6507
    7.5000   30.0000  -37.5000 9702.2949   25.6501
   -7.5000   37.5000  -37.5000 9983.9131   25.6164
    0.0000   37.5000  -37.500010272.7100   25.6708
    7.5000   37.5000  -37.5000 9632.7432   25.6726
   -7.5000   45.0000  -37.5000 9353.1104   24.9947
    0.0000   45.0000  -37.5000 9586.2051   25.0517
    7.5000   45.0000  -37.5000 8983.4873   25.0527
   -7.5000  -45.0000  -30.0000 6838.3110   27.9162
    0.0000  -45.0000  -30.0000 7038.8872   27.9601
    7.5000  -45.0000  -30.0000 6734.4692   27.9600
   -7.5000  -37.5000  -30.0000 7435.6914   27.3732
    0.0000  -37.5000  -30.0000 7645.2402   27.4232
    7.5000  -37.5000  -30.0000 7300.5454   27.4149
   -7.5000  -30.0000  -30.0000 8372.8398   27.1564
    0.0000  -30.0000  -30.0000 8590.0098   27.2119
    7.5000  -30.0000  -30.0000 8153.5542   27.2014
   -7.5000  -22.5000  -30.0000 9371.8594   27.0572
    0.0000  -22.5000  -30.0000 9616.1133   27.1094
    7.5000  -22.5000  -30.0000 9094.6836   27.1063
   -7.5000  -15.0000  -30.000010336.5967   27.0195
    0.0000  -15.0000  -30.000010607.1807   27.0627
    7.5000  -15.0000  -30.000010025.4346   27.0686
   -7.5000   -7.5000  -30.000011223.5361   27.0428
    0.0000   -7.5000  -30.000011484.7744   27.0808
    7.5000   -7.5000  -30.000010865.9209   27.0874
   -7.5000    0.0000  -30.000011990.6104   27.0977
    0.0000    0.0000  -30.000012255.5879   27.1383
    7.5000    0.0000  -30.000011567.2383   27.1377
   -7.5000    7.5000  -30.000011824.8662   27.1312
    0.0000    7.5000  -30.000012095.8213   27.1804
    7.5000    7.5000  -30.000011393.1338   27.1718
   -7.5000   15.0000  -30.000011588.3701   27.1138
    0.0000   15.0000  -30.000011837.0576   27.1692
    7.5000   15.0000  -30.000011100.0000   27.1588
   -7.5000   22.5000  -30.000011216.0537   27.0505
    0.0000   22.5000  -30.000011490.3594   27.1027
    7.5000   22.5000  -30.000010776.7656   27.0996
   -7.5000   30.0000  -30.000010840.9531   26.6619
    0.0000   30.0000  -30.000011123.7373   26.7046
    7.5000   30.0000  -30.000010419.8516   26.7105
   -7.5000   37.5000  -30.000010787.4502   26.6850
    0.0000   37.5000  -30.000011046.3174   26.7225
    7.5000   37.5000  -30.000010308.6523   26.7290
   -7.5000   45.0000  -30.000010113.5146   26.0768
    0.0000   45.0000  -30.000010297.6846   26.1159
    7.5000   45.0000  -30.0000 9609.8271   26.1153
   -7.5000  -45.0000  -22.5000 7429.8540   28.8240
    0.0000  -45.0000  -22.5000 7661.6753   28.8565
    7.5000  -45.0000  -22.5000 7266.0273   28.8743
   -7.5000  -37.5000  -22.5000 8057.2490   28.2867
    0.0000  -37.5000  -22.5000 8308.7861   28.3307
    7.5000  -37.5000  -22.5000 7877.2100   28.3364
   -7.5000  -30.0000  -22.5000 9098.8457   28.0812
    0.0000  -30.0000  -22.5000 9351.8545   28.1417
    7.5000  -30.0000  -22.5000 8845.1250   28.1499
   -7.5000  -22.5000  -22.500010157.1738   27.9736
    0.0000  -22.5000  -22.500010443.2510   28.0365
    7.5000  -22.5000  -22.5000 9828.9766   28.0597
   -7.5000  -15.0000  -22.500011173.5410   27.9131
    0.0000  -15.0000  -22.500011479.6943   27.9624
    7.5000  -15.0000  -22.500010819.3740   27.9965
   -7.5000   -7.5000  -22.500012131.9893   27.9197
    0.0000   -7.5000  -22.500012447.6562   27.9534
    7.5000   -7.5000  -22.500011714.2002   27.9836
   -7.5000    0.0000  -22.500012942.4785   27.9793
    0.0000    0.0000  -22.500013281.6445   28.0096
    7.5000    0.0000  -22.500012472.1123   28.0260
   -7.5000    7.5000  -22.500012846.4258   28.0365
    0.0000    7.5000  -22.500013128.0322   28.0799
    7.5000    7.5000  -22.500012256.1816   28.0853
   -7.5000   15.0000  -22.500012596.2725   28.0371
    0.0000   15.0000  -22.500012848.4766   28.0975
    7.5000   15.0000  -22.500011954.6240   28.1056
   -7.5000   22.5000  -22.500012151.0420   27.9647
    0.0000   22.5000  -22.500012418.6436   28.0276
    7.5000   22.5000  -22.500011563.4307   28.0509
   -7.5000   30.0000  -22.500011702.0439   27.5480
    0.0000   30.0000  -22.500011974.0449   27.5966
    7.5000   30.0000  -22.500011135.6582   27.6303
   -7.5000   37.5000  -22.500011568.2266   27.5545
    0.0000   37.5000  -22.500011832.4072   27.5877
    7.5000   37.5000  -22.500010978.6299   27.6175
   -7.5000   45.0000  -22.500010830.2227   26.9455
    0.0000   45.0000  -22.500011029.4707   26.9746
    7.5000   45.0000  -22.500010248.2871   26.9904
   -7.5000  -45.0000  -15.0000 7995.3955   29.4301
    0.0000  -45.0000  -15.0000 8263.7930   29.4721
    7.5000  -45.0000  -15.0000 7835.4819   29.5090
   -7.5000  -37.5000  -15.0000 8686.6279   28.8833
    0.0000  -37.5000  -15.0000 8966.5371   28.9367
    7.5000  -37.5000  -15.0000 8492.5732   28.9646
   -7.5000  -30.0000  -15.0000 9823.3301   28.6913
    0.0000  -30.0000  -15.000010104.7344   28.7653
    7.5000  -30.0000  -15.0000 9537.9307   28.8006
   -7.5000  -22.5000  -15.000010933.3926   28.6023
    0.0000  -22.5000  -15.000011221.5098   28.6835
    7.5000  -22.5000  -15.000010587.4219   28.7323
   -7.5000  -15.0000  -15.000011981.1738   28.5449
    0.0000  -15.0000  -15.000012305.7676   28.6132
    7.5000  -15.0000  -15.000011638.5654   28.6676
   -7.5000   -7.5000  -15.000012988.9551   28.5317
    0.0000   -7.5000  -15.000013349.6270   28.5792
    7.5000   -7.5000  -15.000012579.8760   28.6271
   -7.5000    0.0000  -15.000013923.1553   28.5712
    0.0000    0.0000  -15.000014319.5293   28.6104
    7.5000    0.0000  -15.000013415.8750   28.6448
   -7.5000    7.5000  -15.000013844.6338   28.6286
    0.0000    7.5000  -15.000014146.0449   28.6813
    7.5000    7.5000  -15.000013154.8145   28.7087
   -7.5000   15.0000  -15.000013525.9238   28.6461
    0.0000   15.0000  -15.000013764.0742   28.7201
    7.5000   15.0000  -15.000012770.1543   28.7554
   -7.5000   22.5000  -15.000013084.2393   28.5919
    0.0000   22.5000  -15.000013312.8818   28.6731
    7.5000   22.5000  -15.000012360.1348   28.7218
   -7.5000   30.0000  -15.000012594.0576   28.1754
    0.0000   30.0000  -15.000012838.6475   28.2429
    7.5000   30.0000  -15.000011886.7441   28.2966
   -7.5000   37.5000  -15.000012390.0088   28.1624
    0.0000   37.5000  -15.000012635.7373   28.2093
    7.5000   37.5000  -15.000011686.5674   28.2566
   -7.5000   45.0000  -15.000011581.9082   27.5321
    0.0000   45.0000  -15.000011763.6670   27.5699
    7.5000   45.0000  -15.000010879.5146   27.6030
   -7.5000  -45.0000   -7.5000 8623.5654   29.7406
    0.0000  -45.0000   -7.5000 8936.9268   29.8070
    7.5000  -45.0000   -7.5000 8462.8379   29.8435
   -7.5000  -37.5000   -7.5000 9355.2266   29.1621
    0.0000  -37.5000   -7.5000 9676.0234   29.2320
    7.5000  -37.5000   -7.5000 9133.9873   29.2675
   -7.5000  -30.0000   -7.500010550.6455   28.9656
    0.0000  -30.0000   -7.500010871.7715   29.0472
    7.5000  -30.0000   -7.500010220.1035   29.0894
   -7.5000  -22.5000   -7.500011718.1377   28.9047
    0.0000  -22.5000   -7.500012071.7764   28.9923
    7.5000  -22.5000   -7.500011359.5850   29.0374
   -7.5000  -15.0000   -7.500012814.1094   28.8773
    0.0000  -15.0000   -7.500013205.6133   28.9592
    7.5000  -15.0000   -7.500012474.9307   29.0024
   -7.5000   -7.5000   -7.500013926.1133   28.8628
    0.0000   -7.5000   -7.500014339.2549   28.9318
    7.5000   -7.5000   -7.500013497.9453   28.9710
   -7.5000    0.0000   -7.500014971.3623   28.8758
    0.0000    0.0000   -7.500015390.0996   28.9379
    7.5000    0.0000   -7.500014382.9385   28.9716
   -7.5000    7.5000   -7.500014841.6807   28.9059
    0.0000    7.5000   -7.500015127.2979   28.9748
    7.5000    7.5000   -7.500014058.5635   29.0096
   -7.5000   15.0000   -7.500014431.6924   28.9201
    0.0000   15.0000   -7.500014683.8955   29.0016
    7.5000   15.0000   -7.500013635.4795   29.0438
   -7.5000   22.5000   -7.500013998.8564   28.8911
    0.0000   22.5000   -7.500014234.1973   28.9787
    7.5000   22.5000   -7.500013182.9180   29.0238
   -7.5000   30.0000   -7.500013503.8818   28.5028
    0.0000   30.0000   -7.500013727.0977   28.5836
    7.5000   30.0000   -7.500012712.1943   28.6263
   -7.5000   37.5000   -7.500013253.6113   28.4885
    0.0000   37.5000   -7.500013473.8604   28.5566
    7.5000   37.5000   -7.500012475.1982   28.5953
   -7.5000   45.0000   -7.500012338.4492   27.8308
    0.0000   45.0000   -7.500012479.9258   27.8907
    7.5000   45.0000   -7.500011548.0596   27.9231
   -7.5000  -45.0000    0.0000 9218.7695   29.8459
    0.0000  -45.0000    0.0000 9567.8350   29.9275
    7.5000  -45.0000    0.0000 9032.8320   29.9470
   -7.5000  -37.5000    0.000010005.8438   29.2427
    0.0000  -37.5000    0.000010321.3838   29.3217
    7.5000  -37.5000    0.0000 9730.4336   29.3438
   -7.5000  -30.0000    0.000011237.0889   29.0284
    0.0000  -30.0000    0.000011581.4736   29.1069
    7.5000  -30.0000    0.000010878.6455   29.1311
   -7.5000  -22.5000    0.000012410.9404   28.9729
    0.0000  -22.5000    0.000012825.3301   29.0511
    7.5000  -22.5000    0.000012055.6924   29.0707
   -7.5000  -15.0000    0.000013528.0264   28.9663
    0.0000  -15.0000    0.000014020.7334   29.0438
    7.5000  -15.0000    0.000013244.4814   29.0603
   -7.5000   -7.5000    0.000014740.5254   28.9686
    0.0000   -7.5000    0.000015282.7783   29.0449
    7.5000   -7.5000    0.000014380.0166   29.0618
   -7.5000    0.0000    0.000015998.2959   28.9780
    0.0000    0.0000    0.000016421.1035   29.0541
    7.5000    0.0000    0.000015289.2627   29.0716
   -7.5000    7.5000    0.000015724.8506   28.9860
    0.0000    7.5000    0.000016033.8906   29.0637
    7.5000    7.5000    0.000014913.3877   29.0852
   -7.5000   15.0000    0.000015225.0527   28.9830
    0.0000   15.0000    0.000015555.9951   29.0613
    7.5000   15.0000    0.000014462.9150   29.0856
   -7.5000   22.5000    0.000014766.6768   28.9594
    0.0000   22.5000    0.000015101.5010   29.0374
    7.5000   22.5000    0.000013995.8076   29.0571
   -7.5000   30.0000    0.000014242.5049   28.5915
    0.0000   30.0000    0.000014536.2754   28.6680
    7.5000   30.0000    0.000013470.0156   28.6842
   -7.5000   37.5000    0.000013940.1416   28.5937
    0.0000   37.5000    0.000014194.1924   28.6690
    7.5000   37.5000    0.000013126.1641   28.6856
   -7.5000   45.0000    0.000012933.6963   27.9314
    0.0000   45.0000    0.000013086.1211   28.0048
    7.5000   45.0000    0.000012104.7900   28.0217
   -7.5000  -45.0000    7.5000 9060.9395   29.9349
    0.0000  -45.0000    7.5000 9393.3154   30.0059
    7.5000  -45.0000    7.5000 8865.5869   30.0079
   -7.5000  -37.5000    7.5000 9861.9219   29.3319
    0.0000  -37.5000    7.500010174.5996   29.4028
    7.5000  -37.5000    7.5000 9563.1846   29.4030
   -7.5000  -30.0000    7.500011042.4668   29.1003
    0.0000  -30.0000    7.500011420.3516   29.1688
    7.5000  -30.0000    7.500010714.1553   29.1668
   -7.5000  -22.5000    7.500012166.7256   29.0209
    0.0000  -22.5000    7.500012609.8350   29.0841
    7.5000  -22.5000    7.500011882.9229   29.0807
   -7.5000  -15.0000    7.500013295.5215   29.0059
    0.0000  -15.0000    7.500013820.7197   29.0658
    7.5000  -15.0000    7.500013055.1885   29.0651
   -7.5000   -7.5000    7.500014626.0186   29.0271
    0.0000   -7.5000    7.500015125.3291   29.0885
    7.5000   -7.5000    7.500014206.5029   29.0905
   -7.5000    0.0000    7.500015888.0283   29.0607
    0.0000    0.0000    7.500016233.7266   29.1266
    7.5000    0.0000    7.500015130.4551   29.1276
   -7.5000    7.5000    7.500015371.1191   29.0736
    0.0000    7.5000    7.500015762.4785   29.1432
    7.5000    7.5000    7.500014747.5762   29.1431
   -7.5000   15.0000    7.500014875.5801   29.0548
    0.0000   15.0000    7.500015300.1445   29.1232
    7.5000   15.0000    7.500014301.4541   29.1212
   -7.5000   22.5000    7.500014439.9756   29.0073
    0.0000   22.5000    7.500014891.5176   29.0705
    7.5000   22.5000    7.500013821.9414   29.0670
   -7.5000   30.0000    7.500013905.6934   28.6306
    0.0000   30.0000    7.500014334.1924   28.6897
    7.5000   30.0000    7.500013282.7510   28.6890
   -7.5000   37.5000    7.500013588.6553   28.6515
    0.0000   37.5000    7.500013932.2412   28.7121
    7.5000   37.5000    7.500012868.6963   28.7140
   -7.5000   45.0000    7.500012604.3916   28.0111
    0.0000   45.0000    7.500012816.7324   28.0747
    7.5000   45.0000    7.500011789.9473   28.0757
   -7.5000  -45.0000   15.0000 8841.8242   29.9774
    0.0000  -45.0000   15.0000 9115.0469   30.0245
    7.5000  -45.0000   15.0000 8588.7734   30.0244
   -7.5000  -37.5000   15.0000 9604.9824   29.3943
    0.0000  -37.5000   15.0000 9880.7324   29.4480
    7.5000  -37.5000   15.0000 9303.4521   29.4391
   -7.5000  -30.0000   15.000010692.9580   29.1615
    0.0000  -30.0000   15.000011039.2412   29.2211
    7.5000  -30.0000   15.000010432.6270   29.2099
   -7.5000  -22.5000   15.000011737.3721   29.0550
    0.0000  -22.5000   15.000012175.9219   29.1110
    7.5000  -22.5000   15.000011554.1650   29.1078
   -7.5000  -15.0000   15.000012858.9922   29.0145
    0.0000  -15.0000   15.000013363.1416   29.0609
    7.5000  -15.0000   15.000012669.2930   29.0673
   -7.5000   -7.5000   15.000014180.4902   29.0395
    0.0000   -7.5000   15.000014695.2500   29.0803
    7.5000   -7.5000   15.000013807.7500   29.0874
   -7.5000    0.0000   15.000015197.2529   29.0984
    0.0000    0.0000   15.000015750.8623   29.1421
    7.5000    0.0000   15.000014772.5723   29.1414
   -7.5000    7.5000   15.000014562.8252   29.1345
    0.0000    7.5000   15.000015191.5225   29.1873
    7.5000    7.5000   15.000014456.3730   29.1781
   -7.5000   15.0000   15.000014123.2939   29.1158
    0.0000   15.0000   15.000014706.0293   29.1753
    7.5000   15.0000   15.000013995.1016   29.1641
   -7.5000   22.5000   15.000013837.5908   29.0414
    0.0000   22.5000   15.000014363.4219   29.0974
    7.5000   22.5000   15.000013510.6211   29.0941
   -7.5000   30.0000   15.000013408.1914   28.6390
    0.0000   30.0000   15.000013877.7988   28.6848
    7.5000   30.0000   15.000013004.2529   28.6911
   -7.5000   37.5000   15.000013146.5723   28.6637
    0.0000   37.5000   15.000013523.0586   28.7040
    7.5000   37.5000   15.000012586.3760   28.7109
   -7.5000   45.0000   15.000012140.5977   28.0475
    0.0000   45.0000   15.000012406.0625   28.0896
    7.5000   45.0000   15.000011486.4912   28.0890
   -7.5000  -45.0000   22.5000 8463.1904   29.9216
    0.0000  -45.0000   22.5000 8721.7529   29.9554
    7.5000  -45.0000   22.5000 8158.4600   29.9738
   -7.5000  -37.5000   22.5000 9207.9629   29.3638
    0.0000  -37.5000   22.5000 9502.1152   29.4095
    7.5000  -37.5000   22.5000 8893.5508   29.4155
   -7.5000  -30.0000   22.500010276.6689   29.1506
    0.0000  -30.0000   22.500010618.2617   29.2133
    7.5000  -30.0000   22.500010027.2949   29.2218
   -7.5000  -22.5000   22.500011304.5986   29.0388
    0.0000  -22.5000   22.500011722.4590   29.1041
    7.5000  -22.5000   22.500011136.3398   29.1283
   -7.5000  -15.0000   22.500012341.0322   28.9760
    0.0000  -15.0000   22.500012819.2422   29.0272
    7.5000  -15.0000   22.500012221.8887   29.0626
   -7.5000   -7.5000   22.500013385.6289   28.9829
    0.0000   -7.5000   22.500014003.0020   29.0178
    7.5000   -7.5000   22.500013278.3477   29.0492
   -7.5000    0.0000   22.500014252.2441   29.0448
    0.0000    0.0000   22.500015067.5898   29.0762
    7.5000    0.0000   22.500014248.1064   29.0932
   -7.5000    7.5000   22.500013974.6914   29.1042
    0.0000    7.5000   22.500014762.1445   29.1492
    7.5000    7.5000   22.500014101.9121   29.1548
   -7.5000   15.0000   22.500013719.3350   29.1047
    0.0000   15.0000   22.500014335.3750   29.1674
    7.5000   15.0000   22.500013679.6514   29.1759
   -7.5000   22.5000   22.500013474.4961   29.0252
    0.0000   22.5000   22.500013926.2715   29.0905
    7.5000   22.5000   22.500013182.9697   29.1146
   -7.5000   30.0000   22.500013017.8477   28.6010
    0.0000   30.0000   22.500013371.6738   28.6515
    7.5000   30.0000   22.500012627.7227   28.6865
   -7.5000   37.5000   22.500012653.9551   28.6078
    0.0000   37.5000   22.500012968.6299   28.6423
    7.5000   37.5000   22.500012157.5469   28.6732
   -7.5000   45.0000   22.500011610.6465   27.9958
    0.0000   45.0000   22.500011898.0254   28.0261
    7.5000   45.0000   22.500011085.1602   28.0425
   -7.5000  -45.0000   30.0000 7983.5181   29.8340
    0.0000  -45.0000   30.0000 8221.5166   29.8765
    7.5000  -45.0000   30.0000 7723.5728   29.9140
   -7.5000  -37.5000   30.0000 8677.6211   29.2797
    0.0000  -37.5000   30.0000 8940.8271   29.3338
    7.5000  -37.5000   30.0000 8400.8008   29.3621
   -7.5000  -30.0000   30.0000 9721.8818   29.0850
    0.0000  -30.0000   30.000010025.0000   29.1601
    7.5000  -30.0000   30.0000 9448.0811   29.1959
   -7.5000  -22.5000   30.000010717.6152   28.9948
    0.0000  -22.5000   30.000011114.9736   29.0772
    7.5000  -22.5000   30.000010496.6357   29.1266
   -7.5000  -15.0000   30.000011663.9658   28.9366
    0.0000  -15.0000   30.000012185.4834   29.0059
    7.5000  -15.0000   30.000011488.3145   29.0611
   -7.5000   -7.5000   30.000012614.0830   28.9232
    0.0000   -7.5000   30.000013282.9062   28.9714
    7.5000   -7.5000   30.000012445.6855   29.0200
   -7.5000    0.0000   30.000013438.6504   28.9633
    0.0000    0.0000   30.000014249.2930   29.0031
    7.5000    0.0000   30.000013346.2871   29.0379
   -7.5000    7.5000   30.000013313.1494   29.0215
    0.0000    7.5000   30.000014111.9229   29.0749
    7.5000    7.5000   30.000013216.9297   29.1027
   -7.5000   15.0000   30.000013114.7041   29.0393
    0.0000   15.0000   30.000013794.9570   29.1142
    7.5000   15.0000   30.000012931.6211   29.1500
   -7.5000   22.5000   30.000012782.5898   28.9812
    0.0000   22.5000   30.000013347.1641   29.0635
    7.5000   22.5000   30.000012480.2217   29.1129
   -7.5000   30.0000   30.000012295.3623   28.5621
    0.0000   30.0000   30.000012752.4434   28.6305
    7.5000   30.0000   30.000011959.4902   28.6850
   -7.5000   37.5000   30.000011891.6641   28.5489
    0.0000   37.5000   30.000012287.3623   28.5964
    7.5000   37.5000   30.000011530.9326   28.6444
   -7.5000   45.0000   30.000010911.0166   27.9173
    0.0000   45.0000   30.000011235.1455   27.9556
    7.5000   45.0000   30.000010532.1758   27.9892
   -7.5000  -45.0000   37.5000 7709.4185   29.8747
    0.0000  -45.0000   37.5000 7948.2261   29.9412
    7.5000  -45.0000   37.5000 7477.6089   29.9776
   -7.5000  -37.5000   37.5000 8385.1924   29.2929
    0.0000  -37.5000   37.5000 8638.2285   29.3629
    7.5000  -37.5000   37.5000 8131.3984   29.3983
   -7.5000  -30.0000   37.5000 9473.8262   29.0949
    0.0000  -30.0000   37.5000 9708.6514   29.1768
    7.5000  -30.0000   37.5000 9140.8789   29.2192
   -7.5000  -22.5000   37.500010505.7227   29.0336
    0.0000  -22.5000   37.500010787.2949   29.1217
    7.5000  -22.5000   37.500010165.6777   29.1672
   -7.5000  -15.0000   37.500011485.9863   29.0064
    0.0000  -15.0000   37.500011831.8096   29.0888
    7.5000  -15.0000   37.500011153.6826   29.1324
   -7.5000   -7.5000   37.500012387.8779   28.9924
    0.0000   -7.5000   37.500012788.0732   29.0616
    7.5000   -7.5000   37.500012089.0879   29.1010
   -7.5000    0.0000   37.500013112.9912   29.0057
    0.0000    0.0000   37.500013595.9746   29.0678
    7.5000    0.0000   37.500012894.2871   29.1014
   -7.5000    7.5000   37.500012906.1445   29.0355
    0.0000    7.5000   37.500013405.2412   29.1045
    7.5000    7.5000   37.500012712.2383   29.1392
   -7.5000   15.0000   37.500012654.4121   29.0492
    0.0000   15.0000   37.500013181.6152   29.1310
    7.5000   15.0000   37.500012441.9004   29.1733
   -7.5000   22.5000   37.500012331.6172   29.0199
    0.0000   22.5000   37.500012856.8877   29.1081
    7.5000   22.5000   37.500012074.3564   29.1535
   -7.5000   30.0000   37.500011903.8291   28.6310
    0.0000   30.0000   37.500012397.4189   28.7123
    7.5000   30.0000   37.500011647.2842   28.7554
   -7.5000   37.5000   37.500011540.1152   28.6172
    0.0000   37.5000   37.500011995.6494   28.6855
    7.5000   37.5000   37.500011269.5059   28.7243
   -7.5000   45.0000   37.500010604.2461   27.9582
    0.0000   45.0000   37.500010994.6738   28.0180
    7.5000   45.0000   37.500010330.5352   28.0504
   -7.5000  -45.0000   45.0000 7088.2642   29.9274
    0.0000  -45.0000   45.0000 7291.7007   30.0092
    7.5000  -45.0000   45.0000 6835.9897   30.0278
   -7.5000  -37.5000   45.0000 7737.4282   29.3214
    0.0000  -37.5000   45.0000 7928.0693   29.4006
    7.5000  -37.5000   45.0000 7466.9873   29.4217
   -7.5000  -30.0000   45.0000 8723.9150   29.1074
    0.0000  -30.0000   45.0000 8901.3633   29.1861
    7.5000  -30.0000   45.0000 8405.9902   29.2098
   -7.5000  -22.5000   45.0000 9654.6621   29.0515
    0.0000  -22.5000   45.0000 9873.9951   29.1301
    7.5000  -22.5000   45.0000 9330.1670   29.1492
   -7.5000  -15.0000   45.000010531.1992   29.0452
    0.0000  -15.0000   45.000010792.6494   29.1231
    7.5000  -15.0000   45.000010217.5000   29.1391
   -7.5000   -7.5000   45.000011339.1006   29.0480
    0.0000   -7.5000   45.000011631.4512   29.1245
    7.5000   -7.5000   45.000011048.7246   29.1407
   -7.5000    0.0000   45.000012031.0693   29.0576
    0.0000    0.0000   45.000012370.8662   29.1338
    7.5000    0.0000   45.000011770.5811   29.1504
   -7.5000    7.5000   45.000011808.0332   29.0654
    0.0000    7.5000   45.000012202.9385   29.1431
    7.5000    7.5000   45.000011583.0664   29.1637
   -7.5000   15.0000   45.000011525.8350   29.0617
    0.0000   15.0000   45.000011978.9219   29.1404
    7.5000   15.0000   45.000011336.4951   29.1640
   -7.5000   22.5000   45.000011216.9727   29.0378
    0.0000   22.5000   45.000011703.4609   29.1163
    7.5000   22.5000   45.000011047.3076   29.1355
   -7.5000   30.0000   45.000010893.7246   28.6668
    0.0000   30.0000   45.000011358.3242   28.7437
    7.5000   30.0000   45.000010704.8779   28.7595
   -7.5000   37.5000   45.000010631.1172   28.6695
    0.0000   37.5000   45.000011043.2500   28.7451
    7.5000   37.5000   45.000010405.9199   28.7610
   -7.5000   45.0000   45.0000 9766.2734   28.0209
    0.0000   45.0000   45.000010137.2363   28.0943
    7.5000   45.0000   45.0000 9560.6104   28.1103

---------------------------------------------------------------------
imgreg_4dfp /opt/freesurfer/average/711-2C_as_mni_average_305 /opt/freesurfer/average/711-2B_as_mni_average_305_mask talsrcimg_g11 none talsrcimg_to_711-2C_as_mni_average_305_t4 4355
---------------------------------------------------------------------

freesurfer imgreg_4dfp.c
/opt/freesurfer/average/711-2C_as_mni_average_305.4dfp.img
       256       256       256         1
  1.000000  1.000000  1.000000
orientation T byte_order littleendian
Reading image: /opt/freesurfer/average/711-2C_as_mni_average_305.4dfp.img
dimensions:      256       256       256
mmppix:       1.0000   -1.0000   -1.0000
center:     128.0000 -129.0000 -129.0000
/opt/freesurfer/average/711-2B_as_mni_average_305_mask.4dfp.img
       256       256       256         1
  1.000000  1.000000  1.000000
orientation T byte_order littleendian
Reading mask: /opt/freesurfer/average/711-2B_as_mni_average_305_mask.4dfp.img (2306576 pixels)
talsrcimg_g11.4dfp.img
       256       256       256         1
  1.000000  1.000000  1.000000
orientation T byte_order littleendian
Reading image: talsrcimg_g11.4dfp.img
dimensions:      256       256       256
mmppix:       1.0000   -1.0000   -1.0000
center:     128.0000 -129.0000 -129.0000
rotation matrix determinant  1.000000
image alignment mode   4355 decimal     1103 hex
   -7.5000  -45.0000  -45.0000 1663.8129   42.7241
    0.0000  -45.0000  -45.0000 1672.1023   42.6436
    7.5000  -45.0000  -45.0000 1655.5707   42.9507
   -7.5000  -37.5000  -45.0000 1775.6978   37.7031
    0.0000  -37.5000  -45.0000 1783.6525   37.7155
    7.5000  -37.5000  -45.0000 1783.3860   38.1653
   -7.5000  -30.0000  -45.0000 1871.9910   33.9795
    0.0000  -30.0000  -45.0000 1879.6582   34.0328
    7.5000  -30.0000  -45.0000 1874.2229   34.5706
   -7.5000  -22.5000  -45.0000 1962.4554   31.0376
    0.0000  -22.5000  -45.0000 1965.6770   31.1071
    7.5000  -22.5000  -45.0000 1956.8666   31.5654
   -7.5000  -15.0000  -45.0000 2052.8674   29.0409
    0.0000  -15.0000  -45.0000 2053.2104   29.0291
    7.5000  -15.0000  -45.0000 2041.5107   29.5080
   -7.5000   -7.5000  -45.0000 2106.2319   27.7052
    0.0000   -7.5000  -45.0000 2117.7856   27.7563
    7.5000   -7.5000  -45.0000 2092.4019   28.0904
   -7.5000    0.0000  -45.0000 2128.8333   26.8021
    0.0000    0.0000  -45.0000 2136.6599   26.8701
    7.5000    0.0000  -45.0000 2119.7175   27.3347
   -7.5000    7.5000  -45.0000 2138.6885   26.4722
    0.0000    7.5000  -45.0000 2148.8521   26.4670
    7.5000    7.5000  -45.0000 2132.3694   26.9989
   -7.5000   15.0000  -45.0000 2134.8010   26.4588
    0.0000   15.0000  -45.0000 2147.0876   26.5543
    7.5000   15.0000  -45.0000 2129.9358   27.0499
   -7.5000   22.5000  -45.0000 2126.2722   27.1417
    0.0000   22.5000  -45.0000 2130.0054   27.0754
    7.5000   22.5000  -45.0000 2110.2615   27.6762
   -7.5000   30.0000  -45.0000 2086.6465   28.3787
    0.0000   30.0000  -45.0000 2095.9297   28.1824
    7.5000   30.0000  -45.0000 2077.1482   28.8015
   -7.5000   37.5000  -45.0000 2038.8199   29.9710
    0.0000   37.5000  -45.0000 2050.0562   29.6939
    7.5000   37.5000  -45.0000 2033.3107   30.3035
   -7.5000   45.0000  -45.0000 1976.4510   32.1618
    0.0000   45.0000  -45.0000 1987.6300   31.8519
    7.5000   45.0000  -45.0000 1967.3584   32.4863
   -7.5000  -45.0000  -37.5000 1737.3336   39.1566
    0.0000  -45.0000  -37.5000 1738.6975   39.1239
    7.5000  -45.0000  -37.5000 1735.6744   39.4445
   -7.5000  -37.5000  -37.5000 1856.1777   34.6238
    0.0000  -37.5000  -37.5000 1858.3990   34.6235
    7.5000  -37.5000  -37.5000 1855.0056   35.0822
   -7.5000  -30.0000  -37.5000 1962.4128   31.1436
    0.0000  -30.0000  -37.5000 1965.4536   31.0697
    7.5000  -30.0000  -37.5000 1943.1156   31.6107
   -7.5000  -22.5000  -37.5000 2066.4575   28.5975
    0.0000  -22.5000  -37.5000 2066.5828   28.5488
    7.5000  -22.5000  -37.5000 2044.7656   29.0044
   -7.5000  -15.0000  -37.5000 2156.9304   26.6807
    0.0000  -15.0000  -37.5000 2154.2510   26.7767
    7.5000  -15.0000  -37.5000 2130.7285   27.1411
   -7.5000   -7.5000  -37.5000 2210.6255   25.4505
    0.0000   -7.5000  -37.5000 2212.7720   25.5673
    7.5000   -7.5000  -37.5000 2194.3169   25.8532
   -7.5000    0.0000  -37.5000 2241.6252   24.6690
    0.0000    0.0000  -37.5000 2244.6025   24.8022
    7.5000    0.0000  -37.5000 2229.8179   25.0860
   -7.5000    7.5000  -37.5000 2243.5271   24.3668
    0.0000    7.5000  -37.5000 2249.7922   24.4800
    7.5000    7.5000  -37.5000 2241.3733   24.8814
   -7.5000   15.0000  -37.5000 2233.7402   24.3539
    0.0000   15.0000  -37.5000 2242.0635   24.4652
    7.5000   15.0000  -37.5000 2231.8176   24.8616
   -7.5000   22.5000  -37.5000 2220.2844   24.8201
    0.0000   22.5000  -37.5000 2220.7754   24.8460
    7.5000   22.5000  -37.5000 2207.8479   25.3335
   -7.5000   30.0000  -37.5000 2188.6396   25.8069
    0.0000   30.0000  -37.5000 2196.7041   25.7708
    7.5000   30.0000  -37.5000 2172.6714   26.1986
   -7.5000   37.5000  -37.5000 2150.3694   27.2937
    0.0000   37.5000  -37.5000 2156.4561   27.1823
    7.5000   37.5000  -37.5000 2131.5540   27.6813
   -7.5000   45.0000  -37.5000 2080.6240   29.4237
    0.0000   45.0000  -37.5000 2090.4675   29.2708
    7.5000   45.0000  -37.5000 2068.1702   29.8453
   -7.5000  -45.0000  -30.0000 1834.8953   37.4413
    0.0000  -45.0000  -30.0000 1829.3308   37.2545
    7.5000  -45.0000  -30.0000 1830.5210   37.7208
   -7.5000  -37.5000  -30.0000 1963.1237   33.0647
    0.0000  -37.5000  -30.0000 1960.7155   32.9462
    7.5000  -37.5000  -30.0000 1962.3027   33.4326
   -7.5000  -30.0000  -30.0000 2084.3918   29.7280
    0.0000  -30.0000  -30.0000 2077.4001   29.6388
    7.5000  -30.0000  -30.0000 2063.8931   30.1561
   -7.5000  -22.5000  -30.0000 2201.2588   27.2499
    0.0000  -22.5000  -30.0000 2196.8408   27.2430
    7.5000  -22.5000  -30.0000 2172.4487   27.7217
   -7.5000  -15.0000  -30.0000 2293.7529   25.4361
    0.0000  -15.0000  -30.0000 2286.9395   25.4171
    7.5000  -15.0000  -30.0000 2260.2900   25.8623
   -7.5000   -7.5000  -30.0000 2352.1138   24.2297
    0.0000   -7.5000  -30.0000 2348.9521   24.2671
    7.5000   -7.5000  -30.0000 2324.5647   24.6040
   -7.5000    0.0000  -30.0000 2385.7410   23.4579
    0.0000    0.0000  -30.0000 2384.3787   23.5958
    7.5000    0.0000  -30.0000 2360.6682   23.8651
   -7.5000    7.5000  -30.0000 2395.8167   23.1585
    0.0000    7.5000  -30.0000 2395.6694   23.3431
    7.5000    7.5000  -30.0000 2383.3936   23.5585
   -7.5000   15.0000  -30.0000 2387.0896   23.2154
    0.0000   15.0000  -30.0000 2390.0618   23.3774
    7.5000   15.0000  -30.0000 2376.0078   23.6131
   -7.5000   22.5000  -30.0000 2369.8992   23.6186
    0.0000   22.5000  -30.0000 2375.3882   23.7217
    7.5000   22.5000  -30.0000 2355.8054   24.0089
   -7.5000   30.0000  -30.0000 2341.0830   24.4486
    0.0000   30.0000  -30.0000 2343.2856   24.4880
    7.5000   30.0000  -30.0000 2317.0164   24.8384
   -7.5000   37.5000  -30.0000 2295.8479   25.8682
    0.0000   37.5000  -30.0000 2299.5525   25.8127
    7.5000   37.5000  -30.0000 2271.8127   26.3008
   -7.5000   45.0000  -30.0000 2221.9541   27.9030
    0.0000   45.0000  -30.0000 2230.4512   27.8201
    7.5000   45.0000  -30.0000 2196.2937   28.3263
   -7.5000  -45.0000  -22.5000 1911.1766   35.1784
    0.0000  -45.0000  -22.5000 1907.9735   35.2051
    7.5000  -45.0000  -22.5000 1900.9803   35.6452
   -7.5000  -37.5000  -22.5000 2044.2607   31.1505
    0.0000  -37.5000  -22.5000 2045.1205   31.2665
    7.5000  -37.5000  -22.5000 2033.4332   31.7190
   -7.5000  -30.0000  -22.5000 2180.1013   28.1241
    0.0000  -30.0000  -22.5000 2171.0239   28.1732
    7.5000  -30.0000  -22.5000 2154.3733   28.6870
   -7.5000  -22.5000  -22.5000 2301.6633   25.6472
    0.0000  -22.5000  -22.5000 2296.9214   25.6686
    7.5000  -22.5000  -22.5000 2267.0579   26.2540
   -7.5000  -15.0000  -22.5000 2399.9087   23.9355
    0.0000  -15.0000  -22.5000 2397.9612   23.8593
    7.5000  -15.0000  -22.5000 2365.3440   24.3630
   -7.5000   -7.5000  -22.5000 2468.7891   22.7858
    0.0000   -7.5000  -22.5000 2468.6965   22.7115
    7.5000   -7.5000  -22.5000 2433.3210   23.1359
   -7.5000    0.0000  -22.5000 2499.3027   22.1209
    0.0000    0.0000  -22.5000 2509.7048   22.1054
    7.5000    0.0000  -22.5000 2469.8535   22.4104
   -7.5000    7.5000  -22.5000 2522.9907   21.7731
    0.0000    7.5000  -22.5000 2524.0002   21.8769
    7.5000    7.5000  -22.5000 2499.7896   22.1629
   -7.5000   15.0000  -22.5000 2530.3008   21.9161
    0.0000   15.0000  -22.5000 2535.7185   22.0259
    7.5000   15.0000  -22.5000 2509.0776   22.2647
   -7.5000   22.5000  -22.5000 2510.9412   22.3018
    0.0000   22.5000  -22.5000 2517.9282   22.3411
    7.5000   22.5000  -22.5000 2484.2971   22.6208
   -7.5000   30.0000  -22.5000 2470.8638   23.0344
    0.0000   30.0000  -22.5000 2476.9380   23.0589
    7.5000   30.0000  -22.5000 2439.4875   23.4652
   -7.5000   37.5000  -22.5000 2419.2322   24.4032
    0.0000   37.5000  -22.5000 2427.3562   24.4022
    7.5000   37.5000  -22.5000 2385.5085   24.8461
   -7.5000   45.0000  -22.5000 2341.5881   26.3088
    0.0000   45.0000  -22.5000 2349.5964   26.3021
    7.5000   45.0000  -22.5000 2311.1721   26.7913
   -7.5000  -45.0000  -15.0000 1951.1202   33.2122
    0.0000  -45.0000  -15.0000 1958.3173   33.3920
    7.5000  -45.0000  -15.0000 1953.5815   34.1939
   -7.5000  -37.5000  -15.0000 2098.7195   29.3596
    0.0000  -37.5000  -15.0000 2099.9329   29.5850
    7.5000  -37.5000  -15.0000 2090.1121   30.3627
   -7.5000  -30.0000  -15.0000 2242.4050   26.4288
    0.0000  -30.0000  -15.0000 2239.5625   26.6554
    7.5000  -30.0000  -15.0000 2217.0037   27.3538
   -7.5000  -22.5000  -15.0000 2372.1182   24.1088
    0.0000  -22.5000  -15.0000 2364.4790   24.2721
    7.5000  -22.5000  -15.0000 2336.9031   24.9232
   -7.5000  -15.0000  -15.0000 2477.2756   22.4815
    0.0000  -15.0000  -15.0000 2470.6072   22.4783
    7.5000  -15.0000  -15.0000 2448.2954   23.0797
   -7.5000   -7.5000  -15.0000 2552.6033   21.3952
    0.0000   -7.5000  -15.0000 2549.1443   21.3141
    7.5000   -7.5000  -15.0000 2519.3047   21.8546
   -7.5000    0.0000  -15.0000 2596.2114   20.7865
    0.0000    0.0000  -15.0000 2601.4092   20.7141
    7.5000    0.0000  -15.0000 2570.4424   21.1751
   -7.5000    7.5000  -15.0000 2626.5100   20.4557
    0.0000    7.5000  -15.0000 2627.4136   20.5127
    7.5000    7.5000  -15.0000 2593.2053   20.8297
   -7.5000   15.0000  -15.0000 2636.8860   20.5472
    0.0000   15.0000  -15.0000 2637.4907   20.6038
    7.5000   15.0000  -15.0000 2599.3850   20.9584
   -7.5000   22.5000  -15.0000 2621.0164   20.9662
    0.0000   22.5000  -15.0000 2626.2041   20.9911
    7.5000   22.5000  -15.0000 2587.8684   21.3736
   -7.5000   30.0000  -15.0000 2587.8032   21.7928
    0.0000   30.0000  -15.0000 2588.5417   21.8419
    7.5000   30.0000  -15.0000 2540.1892   22.2490
   -7.5000   37.5000  -15.0000 2516.7466   23.0132
    0.0000   37.5000  -15.0000 2525.6431   23.1121
    7.5000   37.5000  -15.0000 2480.0918   23.4963
   -7.5000   45.0000  -15.0000 2432.5139   24.8255
    0.0000   45.0000  -15.0000 2441.3696   24.8750
    7.5000   45.0000  -15.0000 2398.2332   25.3384
   -7.5000  -45.0000   -7.5000 1990.0858   31.6814
    0.0000  -45.0000   -7.5000 2000.8380   32.0344
    7.5000  -45.0000   -7.5000 1997.9169   33.0201
   -7.5000  -37.5000   -7.5000 2136.9075   27.9583
    0.0000  -37.5000   -7.5000 2149.7190   28.3624
    7.5000  -37.5000   -7.5000 2136.3013   29.2310
   -7.5000  -30.0000   -7.5000 2281.8364   25.0966
    0.0000  -30.0000   -7.5000 2287.1389   25.4343
    7.5000  -30.0000   -7.5000 2262.2588   26.1995
   -7.5000  -22.5000   -7.5000 2412.9070   22.8504
    0.0000  -22.5000   -7.5000 2415.7268   23.1126
    7.5000  -22.5000   -7.5000 2392.0664   23.7916
   -7.5000  -15.0000   -7.5000 2524.5469   21.2203
    0.0000  -15.0000   -7.5000 2532.8440   21.3522
    7.5000  -15.0000   -7.5000 2511.6995   22.0162
   -7.5000   -7.5000   -7.5000 2622.0132   20.2199
    0.0000   -7.5000   -7.5000 2620.6172   20.2675
    7.5000   -7.5000   -7.5000 2597.6301   20.8295
   -7.5000    0.0000   -7.5000 2679.8494   19.6153
    0.0000    0.0000   -7.5000 2677.7759   19.5474
    7.5000    0.0000   -7.5000 2655.0088   20.0613
   -7.5000    7.5000   -7.5000 2708.8735   19.2522
    0.0000    7.5000   -7.5000 2705.1384   19.2820
    7.5000    7.5000   -7.5000 2676.6790   19.7198
   -7.5000   15.0000   -7.5000 2721.9094   19.2953
    0.0000   15.0000   -7.5000 2715.2371   19.3141
    7.5000   15.0000   -7.5000 2681.8635   19.7504
   -7.5000   22.5000   -7.5000 2713.6030   19.7301
    0.0000   22.5000   -7.5000 2714.7241   19.7824
    7.5000   22.5000   -7.5000 2667.8127   20.2250
   -7.5000   30.0000   -7.5000 2676.2043   20.5536
    0.0000   30.0000   -7.5000 2677.4600   20.6777
    7.5000   30.0000   -7.5000 2630.4807   21.1449
   -7.5000   37.5000   -7.5000 2602.9199   21.8017
    0.0000   37.5000   -7.5000 2612.1501   21.9498
    7.5000   37.5000   -7.5000 2570.4016   22.3950
   -7.5000   45.0000   -7.5000 2499.6038   23.4901
    0.0000   45.0000   -7.5000 2507.1592   23.6427
    7.5000   45.0000   -7.5000 2470.1904   24.1345
   -7.5000  -45.0000    0.0000 2013.3401   30.6393
    0.0000  -45.0000    0.0000 2036.8269   31.2791
    7.5000  -45.0000    0.0000 2025.7805   32.3758
   -7.5000  -37.5000    0.0000 2164.0579   27.0453
    0.0000  -37.5000    0.0000 2176.9990   27.5611
    7.5000  -37.5000    0.0000 2165.0547   28.5991
   -7.5000  -30.0000    0.0000 2306.4280   24.1816
    0.0000  -30.0000    0.0000 2317.0320   24.6420
    7.5000  -30.0000    0.0000 2295.7122   25.5207
   -7.5000  -22.5000    0.0000 2435.9248   21.9235
    0.0000  -22.5000    0.0000 2453.2812   22.3431
    7.5000  -22.5000    0.0000 2425.7715   23.1206
   -7.5000  -15.0000    0.0000 2550.1958   20.3202
    0.0000  -15.0000    0.0000 2571.0637   20.6316
    7.5000  -15.0000    0.0000 2547.8176   21.3494
   -7.5000   -7.5000    0.0000 2652.9062   19.2798
    0.0000   -7.5000    0.0000 2663.9299   19.4972
    7.5000   -7.5000    0.0000 2643.6843   20.1375
   -7.5000    0.0000    0.0000 2741.4021   18.7036
    0.0000    0.0000    0.0000 2735.3298   18.7622
    7.5000    0.0000    0.0000 2709.8752   19.3016
   -7.5000    7.5000    0.0000 2785.2629   18.2938
    0.0000    7.5000    0.0000 2769.6753   18.2765
    7.5000    7.5000    0.0000 2737.7495   18.8133
   -7.5000   15.0000    0.0000 2802.6604   18.2429
    0.0000   15.0000    0.0000 2789.4041   18.3046
    7.5000   15.0000    0.0000 2750.4719   18.7917
   -7.5000   22.5000    0.0000 2788.2212   18.6828
    0.0000   22.5000    0.0000 2786.8379   18.8165
    7.5000   22.5000    0.0000 2741.7642   19.2999
   -7.5000   30.0000    0.0000 2741.1824   19.5248
    0.0000   30.0000    0.0000 2742.6660   19.7276
    7.5000   30.0000    0.0000 2699.8904   20.2494
   -7.5000   37.5000    0.0000 2661.7866   20.8634
    0.0000   37.5000    0.0000 2661.5110   21.0386
    7.5000   37.5000    0.0000 2627.6797   21.5586
   -7.5000   45.0000    0.0000 2551.3193   22.6344
    0.0000   45.0000    0.0000 2557.7302   22.7914
    7.5000   45.0000    0.0000 2520.5881   23.2888
   -7.5000  -45.0000    7.5000 2028.2430   30.0660
    0.0000  -45.0000    7.5000 2042.5065   30.8847
    7.5000  -45.0000    7.5000 2039.0269   32.0464
   -7.5000  -37.5000    7.5000 2181.5576   26.5320
    0.0000  -37.5000    7.5000 2191.4988   27.1934
    7.5000  -37.5000    7.5000 2177.0884   28.1746
   -7.5000  -30.0000    7.5000 2323.5894   23.6734
    0.0000  -30.0000    7.5000 2336.4922   24.2235
    7.5000  -30.0000    7.5000 2310.9463   25.1583
   -7.5000  -22.5000    7.5000 2447.2827   21.4431
    0.0000  -22.5000    7.5000 2469.9138   21.9259
    7.5000  -22.5000    7.5000 2441.2827   22.8072
   -7.5000  -15.0000    7.5000 2567.4573   19.8253
    0.0000  -15.0000    7.5000 2589.6313   20.2461
    7.5000  -15.0000    7.5000 2561.0396   21.0459
   -7.5000   -7.5000    7.5000 2674.5188   18.7112
    0.0000   -7.5000    7.5000 2688.0981   19.0369
    7.5000   -7.5000    7.5000 2663.0564   19.7722
   -7.5000    0.0000    7.5000 2768.9839   18.0238
    0.0000    0.0000    7.5000 2767.8083   18.2019
    7.5000    0.0000    7.5000 2742.8499   18.8250
   -7.5000    7.5000    7.5000 2835.6130   17.4582
    0.0000    7.5000    7.5000 2819.9785   17.5521
    7.5000    7.5000    7.5000 2778.3721   18.1989
   -7.5000   15.0000    7.5000 2868.9956   17.2845
    0.0000   15.0000    7.5000 2849.3511   17.4624
    7.5000   15.0000    7.5000 2801.6572   18.1807
   -7.5000   22.5000    7.5000 2842.6982   17.8972
    0.0000   22.5000    7.5000 2841.1921   18.1282
    7.5000   22.5000    7.5000 2786.7019   18.7274
   -7.5000   30.0000    7.5000 2779.5942   18.9535
    0.0000   30.0000    7.5000 2788.1272   19.1137
    7.5000   30.0000    7.5000 2740.1216   19.6608
   -7.5000   37.5000    7.5000 2697.3054   20.2948
    0.0000   37.5000    7.5000 2702.2725   20.4595
    7.5000   37.5000    7.5000 2663.0415   20.9902
   -7.5000   45.0000    7.5000 2588.0251   22.0547
    0.0000   45.0000    7.5000 2590.4529   22.1994
    7.5000   45.0000    7.5000 2546.4163   22.6965
   -7.5000  -45.0000   15.0000 2034.7086   30.1616
    0.0000  -45.0000   15.0000 2035.6805   30.8387
    7.5000  -45.0000   15.0000 2028.8475   32.2303
   -7.5000  -37.5000   15.0000 2189.0559   26.4309
    0.0000  -37.5000   15.0000 2183.7183   26.9520
    7.5000  -37.5000   15.0000 2171.7249   28.2247
   -7.5000  -30.0000   15.0000 2319.5930   23.4812
    0.0000  -30.0000   15.0000 2321.2175   23.9974
    7.5000  -30.0000   15.0000 2306.5708   25.2194
   -7.5000  -22.5000   15.0000 2442.0415   21.2376
    0.0000  -22.5000   15.0000 2453.0076   21.6662
    7.5000  -22.5000   15.0000 2436.5750   22.8416
   -7.5000  -15.0000   15.0000 2561.5093   19.5517
    0.0000  -15.0000   15.0000 2578.6797   19.9749
    7.5000  -15.0000   15.0000 2554.6077   21.0053
   -7.5000   -7.5000   15.0000 2665.3276   18.4088
    0.0000   -7.5000   15.0000 2683.8152   18.8082
    7.5000   -7.5000   15.0000 2657.8318   19.6704
   -7.5000    0.0000   15.0000 2758.9021   17.6515
    0.0000    0.0000   15.0000 2770.6484   17.9113
    7.5000    0.0000   15.0000 2737.1946   18.6742
   -7.5000    7.5000   15.0000 2827.2302   16.8115
    0.0000    7.5000   15.0000 2831.9856   17.1510
    7.5000    7.5000   15.0000 2788.9548   18.0908
   -7.5000   15.0000   15.0000 2878.2334   16.6576
    0.0000   15.0000   15.0000 2862.2163   17.0048
    7.5000   15.0000   15.0000 2816.6172   18.0387
   -7.5000   22.5000   15.0000 2874.0034   17.5541
    0.0000   22.5000   15.0000 2857.7849   17.7275
    7.5000   22.5000   15.0000 2802.4136   18.4876
   -7.5000   30.0000   15.0000 2797.1528   18.7602
    0.0000   30.0000   15.0000 2798.7190   18.8203
    7.5000   30.0000   15.0000 2754.2073   19.3771
   -7.5000   37.5000   15.0000 2709.4001   20.0921
    0.0000   37.5000   15.0000 2711.6299   20.1387
    7.5000   37.5000   15.0000 2670.3018   20.6857
   -7.5000   45.0000   15.0000 2591.1460   21.8049
    0.0000   45.0000   15.0000 2588.2124   21.7992
    7.5000   45.0000   15.0000 2550.6309   22.3324
   -7.5000  -45.0000   22.5000 2017.8959   30.4083
    0.0000  -45.0000   22.5000 2017.7904   31.1299
    7.5000  -45.0000   22.5000 2006.3325   32.4842
   -7.5000  -37.5000   22.5000 2177.2690   26.6730
    0.0000  -37.5000   22.5000 2167.5027   27.3063
    7.5000  -37.5000   22.5000 2152.4553   28.6386
   -7.5000  -30.0000   22.5000 2310.0312   23.6904
    0.0000  -30.0000   22.5000 2302.2427   24.2846
    7.5000  -30.0000   22.5000 2290.5706   25.6173
   -7.5000  -22.5000   22.5000 2434.7664   21.3702
    0.0000  -22.5000   22.5000 2436.9998   21.8829
    7.5000  -22.5000   22.5000 2422.7126   23.1857
   -7.5000  -15.0000   22.5000 2549.9875   19.6572
    0.0000  -15.0000   22.5000 2556.8977   20.0922
    7.5000  -15.0000   22.5000 2543.0383   21.2950
   -7.5000   -7.5000   22.5000 2643.1858   18.4288
    0.0000   -7.5000   22.5000 2665.4636   18.8506
    7.5000   -7.5000   22.5000 2648.9592   19.8993
   -7.5000    0.0000   22.5000 2723.0222   17.5298
    0.0000    0.0000   22.5000 2752.7070   17.9611
    7.5000    0.0000   22.5000 2726.5654   18.9321
   -7.5000    7.5000   22.5000 2796.1370   16.9715
    0.0000    7.5000   22.5000 2826.8132   17.5562
    7.5000    7.5000   22.5000 2781.3325   18.4401
   -7.5000   15.0000   22.5000 2859.3606   17.0589
    0.0000   15.0000   22.5000 2864.5352   17.4042
    7.5000   15.0000   22.5000 2807.7766   18.3821
   -7.5000   22.5000   22.5000 2862.5171   17.7440
    0.0000   22.5000   22.5000 2844.9998   17.7863
    7.5000   22.5000   22.5000 2793.6814   18.6414
   -7.5000   30.0000   22.5000 2793.7058   18.8504
    0.0000   30.0000   22.5000 2777.2585   18.7688
    7.5000   30.0000   22.5000 2740.7764   19.4392
   -7.5000   37.5000   22.5000 2700.1416   20.1679
    0.0000   37.5000   22.5000 2691.3394   20.0809
    7.5000   37.5000   22.5000 2653.2375   20.6996
   -7.5000   45.0000   22.5000 2581.5100   21.8552
    0.0000   45.0000   22.5000 2575.5757   21.7933
    7.5000   45.0000   22.5000 2536.5046   22.3358
   -7.5000  -45.0000   30.0000 1987.6620   31.3821
    0.0000  -45.0000   30.0000 1989.5422   32.0121
    7.5000  -45.0000   30.0000 1985.7008   33.6196
   -7.5000  -37.5000   30.0000 2145.4390   27.3239
    0.0000  -37.5000   30.0000 2141.9099   27.9427
    7.5000  -37.5000   30.0000 2131.9834   29.4639
   -7.5000  -30.0000   30.0000 2289.4446   24.2653
    0.0000  -30.0000   30.0000 2277.7727   24.8198
    7.5000  -30.0000   30.0000 2266.0327   26.2636
   -7.5000  -22.5000   30.0000 2412.5886   21.9445
    0.0000  -22.5000   30.0000 2404.3633   22.4384
    7.5000  -22.5000   30.0000 2392.9824   23.7614
   -7.5000  -15.0000   30.0000 2518.7349   20.2580
    0.0000  -15.0000   30.0000 2520.5444   20.7409
    7.5000  -15.0000   30.0000 2507.4329   21.8508
   -7.5000   -7.5000   30.0000 2615.1819   19.0242
    0.0000   -7.5000   30.0000 2631.1191   19.5106
    7.5000   -7.5000   30.0000 2611.5342   20.4870
   -7.5000    0.0000   30.0000 2687.1790   18.0761
    0.0000    0.0000   30.0000 2714.8594   18.6695
    7.5000    0.0000   30.0000 2685.7522   19.6280
   -7.5000    7.5000   30.0000 2757.8672   17.6623
    0.0000    7.5000   30.0000 2782.9058   18.2089
    7.5000    7.5000   30.0000 2729.2705   19.0815
   -7.5000   15.0000   30.0000 2800.8264   17.7980
    0.0000   15.0000   30.0000 2817.0613   18.1602
    7.5000   15.0000   30.0000 2752.1436   18.9226
   -7.5000   22.5000   30.0000 2796.9077   18.2795
    0.0000   22.5000   30.0000 2802.2456   18.5548
    7.5000   22.5000   30.0000 2733.3767   19.1630
   -7.5000   30.0000   30.0000 2739.7695   19.2143
    0.0000   30.0000   30.0000 2737.2322   19.4019
    7.5000   30.0000   30.0000 2686.7744   19.9508
   -7.5000   37.5000   30.0000 2659.8311   20.5068
    0.0000   37.5000   30.0000 2649.6797   20.5421
    7.5000   37.5000   30.0000 2609.1543   21.1465
   -7.5000   45.0000   30.0000 2553.8005   22.1725
    0.0000   45.0000   30.0000 2539.8215   22.1271
    7.5000   45.0000   30.0000 2500.8916   22.7168
   -7.5000  -45.0000   37.5000 1948.7657   32.3758
    0.0000  -45.0000   37.5000 1951.6600   32.9502
    7.5000  -45.0000   37.5000 1955.9181   34.7531
   -7.5000  -37.5000   37.5000 2106.0251   28.3839
    0.0000  -37.5000   37.5000 2103.0144   28.9135
    7.5000  -37.5000   37.5000 2104.2581   30.4984
   -7.5000  -30.0000   37.5000 2258.5283   25.4143
    0.0000  -30.0000   37.5000 2239.5527   25.7939
    7.5000  -30.0000   37.5000 2230.7317   27.2808
   -7.5000  -22.5000   37.5000 2387.2480   23.1596
    0.0000  -22.5000   37.5000 2367.2769   23.4726
    7.5000  -22.5000   37.5000 2352.1289   24.7843
   -7.5000  -15.0000   37.5000 2495.8210   21.4739
    0.0000  -15.0000   37.5000 2477.1919   21.6997
    7.5000  -15.0000   37.5000 2462.1133   22.9060
   -7.5000   -7.5000   37.5000 2590.8035   20.0659
    0.0000   -7.5000   37.5000 2579.8921   20.3666
    7.5000   -7.5000   37.5000 2566.1482   21.5045
   -7.5000    0.0000   37.5000 2656.9253   19.0647
    0.0000    0.0000   37.5000 2658.4014   19.4064
    7.5000    0.0000   37.5000 2631.7888   20.5304
   -7.5000    7.5000   37.5000 2711.0776   18.6309
    0.0000    7.5000   37.5000 2716.5295   18.9776
    7.5000    7.5000   37.5000 2676.6355   19.9267
   -7.5000   15.0000   37.5000 2733.3271   18.6788
    0.0000   15.0000   37.5000 2746.7432   19.0143
    7.5000   15.0000   37.5000 2690.7371   19.7589
   -7.5000   22.5000   37.5000 2723.0276   19.1059
    0.0000   22.5000   37.5000 2729.4187   19.4401
    7.5000   22.5000   37.5000 2668.4402   20.0527
   -7.5000   30.0000   37.5000 2669.9705   20.0070
    0.0000   30.0000   37.5000 2669.7085   20.2453
    7.5000   30.0000   37.5000 2620.5088   20.8225
   -7.5000   37.5000   37.5000 2595.5576   21.2876
    0.0000   37.5000   37.5000 2593.6487   21.5416
    7.5000   37.5000   37.5000 2554.2642   22.1275
   -7.5000   45.0000   37.5000 2499.8340   22.9241
    0.0000   45.0000   37.5000 2492.1599   23.1267
    7.5000   45.0000   37.5000 2457.7839   23.7031
   -7.5000  -45.0000   45.0000 1906.0610   34.2448
    0.0000  -45.0000   45.0000 1909.4375   34.6023
    7.5000  -45.0000   45.0000 1902.4667   36.4305
   -7.5000  -37.5000   45.0000 2068.5774   30.1397
    0.0000  -37.5000   45.0000 2054.7974   30.4093
    7.5000  -37.5000   45.0000 2053.4639   32.0903
   -7.5000  -30.0000   45.0000 2218.1038   27.0176
    0.0000  -30.0000   45.0000 2192.8823   27.1586
    7.5000  -30.0000   45.0000 2181.2710   28.7106
   -7.5000  -22.5000   45.0000 2341.8013   24.5613
    0.0000  -22.5000   45.0000 2311.7007   24.6911
    7.5000  -22.5000   45.0000 2296.7581   26.0865
   -7.5000  -15.0000   45.0000 2445.9907   22.7063
    0.0000  -15.0000   45.0000 2414.6028   22.8034
    7.5000  -15.0000   45.0000 2399.1038   24.0879
   -7.5000   -7.5000   45.0000 2535.2297   21.2207
    0.0000   -7.5000   45.0000 2509.5862   21.3824
    7.5000   -7.5000   45.0000 2490.4270   22.6089
   -7.5000    0.0000   45.0000 2599.0483   20.2747
    0.0000    0.0000   45.0000 2579.6294   20.4651
    7.5000    0.0000   45.0000 2554.4529   21.5815
   -7.5000    7.5000   45.0000 2637.2488   19.8044
    0.0000    7.5000   45.0000 2629.2456   20.0465
    7.5000    7.5000   45.0000 2593.7725   21.0285
   -7.5000   15.0000   45.0000 2650.5813   19.7946
    0.0000   15.0000   45.0000 2653.6482   20.0728
    7.5000   15.0000   45.0000 2611.6301   20.8797
   -7.5000   22.5000   45.0000 2635.2566   20.1736
    0.0000   22.5000   45.0000 2640.5400   20.4933
    7.5000   22.5000   45.0000 2588.0654   21.1837
   -7.5000   30.0000   45.0000 2586.6343   21.0623
    0.0000   30.0000   45.0000 2583.3962   21.3527
    7.5000   30.0000   45.0000 2537.2466   21.9929
   -7.5000   37.5000   45.0000 2520.7729   22.4364
    0.0000   37.5000   45.0000 2514.3464   22.6756
    7.5000   37.5000   45.0000 2476.2424   23.3189
   -7.5000   45.0000   45.0000 2421.5950   24.1801
    0.0000   45.0000   45.0000 2421.9939   24.4474
    7.5000   45.0000   45.0000 2388.7307   25.0324

---------------------------------------------------------------------
imgreg_4dfp /opt/freesurfer/average/711-2C_as_mni_average_305 /opt/freesurfer/average/711-2B_as_mni_average_305_mask talsrcimg_g11 none talsrcimg_to_711-2C_as_mni_average_305_t4 1283
---------------------------------------------------------------------

freesurfer imgreg_4dfp.c
/opt/freesurfer/average/711-2C_as_mni_average_305.4dfp.img
       256       256       256         1
  1.000000  1.000000  1.000000
orientation T byte_order littleendian
Reading image: /opt/freesurfer/average/711-2C_as_mni_average_305.4dfp.img
dimensions:      256       256       256
mmppix:       1.0000   -1.0000   -1.0000
center:     128.0000 -129.0000 -129.0000
/opt/freesurfer/average/711-2B_as_mni_average_305_mask.4dfp.img
       256       256       256         1
  1.000000  1.000000  1.000000
orientation T byte_order littleendian
Reading mask: /opt/freesurfer/average/711-2B_as_mni_average_305_mask.4dfp.img (2306576 pixels)
talsrcimg_g11.4dfp.img
       256       256       256         1
  1.000000  1.000000  1.000000
orientation T byte_order littleendian
Reading image: talsrcimg_g11.4dfp.img
dimensions:      256       256       256
mmppix:       1.0000   -1.0000   -1.0000
center:     128.0000 -129.0000 -129.0000
rotation matrix determinant  1.000000
fimgreg.f
image alignment mode   1283 decimal      503 hex
parameters
   -7.5000   15.0000   15.0000    0.0000    0.0000    0.0000
eta,q 0.90250 16.56479
niter,ni,del,rscale     5    3   12.0000    1.2000
parameter  2 -1.469770 -> -0.500000 qaram    1.1500
parameter  5 -0.830084 -> -0.500000 qaram    1.1500
parameters
   -4.7320   18.4500   15.1700    0.4765    3.4500   -1.6754
eta,q 0.91382 16.80208
  0.1088  0.1081  0.0971  0.0974  0.0990  0.0888
  0.1042  0.1053  0.0929  0.0947  0.0983  0.0876
  0.1015  0.1014  0.0907  0.0918  0.0950  0.0862
  0.0997  0.0964  0.0901  0.0897  0.0897  0.0862
  0.0971  0.0924  0.0912  0.0905  0.0866  0.0881
  0.0961  0.0903  0.0931  0.0930  0.0866  0.0914
  0.1002  0.0914  0.0957  0.0958  0.0891  0.0947
niter,ni,del,rscale     6    3   12.0000    1.2000
parameters
   -5.6011   18.4956   14.6017    0.7453    4.3157   -2.2731
eta,q 0.91428 16.82157
  0.0939  0.1016  0.0941  0.0956  0.0956  0.0890
  0.0897  0.0964  0.0884  0.0914  0.0918  0.0875
  0.0865  0.0908  0.0853  0.0875  0.0874  0.0865
  0.0862  0.0858  0.0857  0.0854  0.0853  0.0855
  0.0904  0.0878  0.0895  0.0867  0.0863  0.0860
  0.0935  0.0951  0.0929  0.0902  0.0882  0.0882
  0.0983  0.1028  0.0945  0.0942  0.0920  0.0914
niter,ni,del,rscale     5    3   12.0000    1.2000
parameters
   -6.0502   18.3467   14.2868    0.8466    4.8811   -2.1758
eta,q 0.91440 16.82133
  0.0938  0.1010  0.0951  0.0944  0.0947  0.0903
  0.0902  0.0958  0.0898  0.0907  0.0907  0.0880
  0.0862  0.0899  0.0853  0.0872  0.0865  0.0864
  0.0857  0.0855  0.0856  0.0854  0.0854  0.0856
  0.0882  0.0887  0.0891  0.0867  0.0860  0.0859
  0.0914  0.0961  0.0932  0.0901  0.0879  0.0874
  0.0967  0.1033  0.0944  0.0941  0.0926  0.0904
niter,ni,del,rscale     4    3   12.0000    1.2000
parameters
   -6.1646   18.2131   13.9704    0.9486    5.0511   -1.9952
eta,q 0.91471 16.83269
  0.0948  0.1012  0.0951  0.0936  0.0945  0.0907
  0.0914  0.0957  0.0905  0.0902  0.0900  0.0881
  0.0866  0.0900  0.0853  0.0869  0.0861  0.0861
  0.0856  0.0856  0.0857  0.0853  0.0853  0.0853
  0.0877  0.0886  0.0891  0.0866  0.0858  0.0858
  0.0908  0.0960  0.0936  0.0897  0.0885  0.0874
  0.0960  0.1033  0.0947  0.0932  0.0941  0.0903
niter,ni,del,rscale     3    3   12.0000    1.2000
parameters
   -6.1858   18.1029   13.7474    0.9524    5.0653   -1.8652
eta,q 0.91483 16.83163
  0.0953  0.1015  0.0951  0.0929  0.0945  0.0908
  0.0921  0.0957  0.0913  0.0896  0.0899  0.0880
  0.0870  0.0897  0.0856  0.0865  0.0859  0.0860
  0.0853  0.0853  0.0854  0.0852  0.0852  0.0852
  0.0875  0.0883  0.0886  0.0866  0.0857  0.0858
  0.0910  0.0959  0.0933  0.0897  0.0890  0.0874
  0.0962  0.1034  0.0948  0.0927  0.0950  0.0905
niter,ni,del,rscale     2    3   12.0000    1.2000
parameters
   -6.1452   18.0319   13.6048    0.9538    5.0373   -1.7958
eta,q 0.91491 16.83454
  0.0958  0.1019  0.0950  0.0926  0.0947  0.0907
  0.0926  0.0957  0.0918  0.0894  0.0899  0.0879
  0.0873  0.0894  0.0859  0.0864  0.0859  0.0858
  0.0852  0.0852  0.0852  0.0851  0.0851  0.0851
  0.0875  0.0881  0.0883  0.0865  0.0857  0.0858
  0.0911  0.0957  0.0930  0.0897  0.0893  0.0875
  0.0962  0.1033  0.0949  0.0924  0.0954  0.0906
niter,ni,del,rscale     1    3   12.0000    1.2000
parameters
   -6.0996   17.9887   13.5321    0.9554    5.0009   -1.7613
eta,q 0.91497 16.83661
  0.0959  0.1022  0.0951  0.0926  0.0949  0.0907
  0.0928  0.0958  0.0922  0.0893  0.0900  0.0878
  0.0874  0.0893  0.0861  0.0863  0.0859  0.0858
  0.0851  0.0851  0.0851  0.0850  0.0850  0.0850
  0.0876  0.0880  0.0880  0.0865  0.0857  0.0857
  0.0912  0.0956  0.0926  0.0897  0.0895  0.0875
  0.0964  0.1033  0.0949  0.0922  0.0956  0.0907
registration optimization eta report
parameter search radius
    6.0000    6.9000    6.0000    6.0000    6.9000    6.0000
100000*second partial in parameter space
       29.       35.       26.       20.       22.       16.
  0.0959  0.1022  0.0951  0.0926  0.0949  0.0907
  0.0928  0.0958  0.0922  0.0893  0.0900  0.0878
  0.0874  0.0893  0.0861  0.0863  0.0859  0.0858
  0.0851  0.0851  0.0851  0.0850  0.0850  0.0850
  0.0876  0.0880  0.0880  0.0865  0.0857  0.0857
  0.0912  0.0956  0.0926  0.0897  0.0895  0.0875
  0.0964  0.1033  0.0949  0.0922  0.0956  0.0907
   -6.0996   17.9887   13.5321    0.9554    5.0009   -1.7613
eta,q 0.91497 16.83661

---------------------------------------------------------------------
imgreg_4dfp /opt/freesurfer/average/711-2C_as_mni_average_305 /opt/freesurfer/average/711-2B_as_mni_average_305_mask talsrcimg_g11 none talsrcimg_to_711-2C_as_mni_average_305_t4 3335
---------------------------------------------------------------------

freesurfer imgreg_4dfp.c
/opt/freesurfer/average/711-2C_as_mni_average_305.4dfp.img
       256       256       256         1
  1.000000  1.000000  1.000000
orientation T byte_order littleendian
Reading image: /opt/freesurfer/average/711-2C_as_mni_average_305.4dfp.img
dimensions:      256       256       256
mmppix:       1.0000   -1.0000   -1.0000
center:     128.0000 -129.0000 -129.0000
/opt/freesurfer/average/711-2B_as_mni_average_305_mask.4dfp.img
       256       256       256         1
  1.000000  1.000000  1.000000
orientation T byte_order littleendian
Reading mask: /opt/freesurfer/average/711-2B_as_mni_average_305_mask.4dfp.img (2306576 pixels)
talsrcimg_g11.4dfp.img
       256       256       256         1
  1.000000  1.000000  1.000000
orientation T byte_order littleendian
Reading image: talsrcimg_g11.4dfp.img
dimensions:      256       256       256
mmppix:       1.0000   -1.0000   -1.0000
center:     128.0000 -129.0000 -129.0000
fimgreg.f
image alignment mode   3335 decimal      D07 hex
parameters
   -6.0996   17.9887   13.5321   -0.4277   -0.0567   -0.3945
    2.9279   -8.7631   -3.0619   -1.3987    8.7172    1.6610
eta,q 0.91102 16.76836
niter,ni,del,rscale     5    3    5.0000    1.2000
parameter  1  0.638289 ->  0.500000 qaram    1.1500
parameter  3 -0.631887 -> -0.500000 qaram    1.1500
parameter  4 -5.655216 ->  0.500000 qaram    1.1500
parameter  5  1.656913 ->  0.500000 qaram    1.1500
parameter  6-62.188915 ->  0.500000 qaram    1.1500
parameter 12  1.206098 ->  0.500000 qaram    1.1500
parameters
   -7.4796   18.1999   14.9121   -4.5677   -4.1967   -4.5345
    6.4051   -7.8672   -6.0716   -0.8133    6.5206   -2.4790
eta,q 0.93789 16.21282
  0.0888  0.0906  0.0898  0.0720  0.0733  0.0591  0.0683  0.0684  0.0643  0.0664  0.0641  0.0618
  0.0884  0.0895  0.0891  0.0777  0.0750  0.0634  0.0669  0.0670  0.0636  0.0650  0.0636  0.0620
  0.0886  0.0888  0.0886  0.0832  0.0769  0.0688  0.0656  0.0656  0.0635  0.0640  0.0633  0.0626
  0.0890  0.0884  0.0884  0.0882  0.0793  0.0755  0.0647  0.0642  0.0639  0.0635  0.0635  0.0633
  0.0893  0.0885  0.0882  0.0933  0.0823  0.0816  0.0643  0.0639  0.0647  0.0635  0.0639  0.0643
  0.0897  0.0890  0.0882  0.0977  0.0862  0.0864  0.0643  0.0652  0.0657  0.0642  0.0648  0.0656
  0.0903  0.0900  0.0882  0.1019  0.0905  0.0912  0.0649  0.0674  0.0671  0.0657  0.0660  0.0671
niter,ni,del,rscale     7    3    5.0000    1.2000
parameter  2  0.656185 ->  0.500000 qaram    1.1500
parameter  4  2.658108 ->  0.500000 qaram    1.3225
parameter  5-34.248814 ->  0.500000 qaram    1.3225
parameter  6  1.001467 ->  0.500000 qaram    1.3225
parameters
   -7.3868   16.8199   14.8739   -9.3287   -8.9577   -9.2955
    8.0171   -9.7651   -5.1760    1.1932    4.0420   -4.1394
eta,q 0.96555 16.49586
  0.0669  0.0615  0.0642  0.0467  0.0382  0.0355  0.0428  0.0410  0.0395  0.0434  0.0361  0.0370
  0.0643  0.0613  0.0625  0.0490  0.0419  0.0365  0.0403  0.0367  0.0376  0.0401  0.0350  0.0352
  0.0627  0.0615  0.0616  0.0537  0.0463  0.0391  0.0384  0.0354  0.0362  0.0371  0.0347  0.0345
  0.0621  0.0621  0.0613  0.0613  0.0500  0.0432  0.0371  0.0367  0.0355  0.0354  0.0351  0.0347
  0.0625  0.0632  0.0617  0.0692  0.0533  0.0496  0.0367  0.0395  0.0355  0.0352  0.0362  0.0358
  0.0639  0.0647  0.0627  0.0765  0.0572  0.0585  0.0375  0.0435  0.0364  0.0360  0.0379  0.0374
  0.0663  0.0666  0.0643  0.0828  0.0613  0.0672  0.0395  0.0481  0.0380  0.0378  0.0401  0.0395
niter,ni,del,rscale     7    3    5.0000    1.2000
parameter  2  0.653245 ->  0.500000 qaram    1.3225
parameter  4  0.507035 ->  0.500000 qaram    1.5209
parameter  5  0.606542 ->  0.500000 qaram    1.5209
parameters
   -7.1558   15.2329   13.9109  -14.8038  -14.4329  -11.4869
    8.2816   -8.8757   -5.8869   -2.3950    4.8156   -6.1106
eta,q 0.97213 16.07450
  0.0448  0.0332  0.0336  0.0327  0.0303  0.0315  0.0320  0.0344  0.0299  0.0291  0.0293  0.0296
  0.0399  0.0324  0.0322  0.0314  0.0291  0.0300  0.0305  0.0314  0.0294  0.0282  0.0287  0.0284
  0.0362  0.0328  0.0319  0.0306  0.0290  0.0292  0.0295  0.0298  0.0291  0.0282  0.0284  0.0279
  0.0344  0.0344  0.0324  0.0319  0.0311  0.0289  0.0291  0.0290  0.0290  0.0290  0.0281  0.0281
  0.0350  0.0369  0.0338  0.0390  0.0357  0.0289  0.0293  0.0291  0.0291  0.0303  0.0281  0.0290
  0.0378  0.0403  0.0359  0.0480  0.0414  0.0325  0.0301  0.0301  0.0296  0.0321  0.0284  0.0303
  0.0420  0.0442  0.0387  0.0572  0.0467  0.0412  0.0317  0.0322  0.0305  0.0342  0.0289  0.0319
niter,ni,del,rscale     7    3    5.0000    1.2000
parameters
   -7.0749   15.5155   13.6503  -15.2363  -15.8395  -12.2878
    8.7228   -9.1589   -5.7151   -1.4493    4.4631   -7.2629
eta,q 0.97179 15.93663
  0.0328  0.0337  0.0301  0.0342  0.0341  0.0321  0.0313  0.0322  0.0297  0.0327  0.0291  0.0301
  0.0301  0.0308  0.0287  0.0313  0.0312  0.0301  0.0298  0.0300  0.0290  0.0302  0.0287  0.0289
  0.0284  0.0288  0.0279  0.0292  0.0291  0.0288  0.0288  0.0287  0.0285  0.0288  0.0284  0.0283
  0.0279  0.0279  0.0278  0.0278  0.0279  0.0282  0.0283  0.0283  0.0283  0.0283  0.0283  0.0283
  0.0284  0.0281  0.0284  0.0273  0.0288  0.0287  0.0284  0.0288  0.0284  0.0285  0.0284  0.0289
  0.0298  0.0295  0.0295  0.0299  0.0336  0.0305  0.0293  0.0303  0.0288  0.0294  0.0287  0.0299
  0.0321  0.0320  0.0310  0.0379  0.0399  0.0347  0.0307  0.0331  0.0296  0.0306  0.0293  0.0313
niter,ni,del,rscale     6    3    5.0000    1.2000
parameters
   -7.0482   15.7982   13.3281  -15.0901  -15.9960  -12.4241
    8.8161   -9.0982   -5.7892   -0.7291    4.2084   -7.8737
eta,q 0.97184 15.93897
  0.0325  0.0330  0.0301  0.0346  0.0351  0.0326  0.0308  0.0326  0.0294  0.0322  0.0290  0.0304
  0.0302  0.0305  0.0289  0.0316  0.0321  0.0304  0.0295  0.0301  0.0287  0.0298  0.0286  0.0290
  0.0287  0.0289  0.0283  0.0295  0.0297  0.0289  0.0286  0.0287  0.0283  0.0285  0.0283  0.0283
  0.0282  0.0282  0.0282  0.0281  0.0281  0.0282  0.0282  0.0282  0.0282  0.0282  0.0282  0.0282
  0.0287  0.0284  0.0287  0.0274  0.0279  0.0284  0.0284  0.0285  0.0283  0.0285  0.0283  0.0287
  0.0301  0.0295  0.0298  0.0291  0.0312  0.0299  0.0293  0.0299  0.0287  0.0293  0.0286  0.0296
  0.0323  0.0315  0.0312  0.0364  0.0370  0.0335  0.0308  0.0325  0.0295  0.0305  0.0292  0.0309
niter,ni,del,rscale     5    3    5.0000    1.2000
parameters
   -7.0038   15.9520   13.1802  -15.0876  -16.0773  -12.5067
    8.9118   -9.0213   -5.7986   -0.3047    4.1187   -8.1876
eta,q 0.97181 15.93676
  0.0325  0.0323  0.0304  0.0345  0.0350  0.0327  0.0308  0.0326  0.0293  0.0317  0.0291  0.0306
  0.0301  0.0300  0.0291  0.0316  0.0321  0.0305  0.0294  0.0301  0.0287  0.0295  0.0286  0.0291
  0.0286  0.0287  0.0284  0.0295  0.0297  0.0289  0.0286  0.0287  0.0283  0.0284  0.0283  0.0284
  0.0282  0.0282  0.0282  0.0281  0.0281  0.0282  0.0282  0.0282  0.0282  0.0282  0.0282  0.0282
  0.0287  0.0284  0.0286  0.0274  0.0279  0.0284  0.0284  0.0285  0.0283  0.0286  0.0283  0.0287
  0.0300  0.0296  0.0295  0.0293  0.0310  0.0299  0.0293  0.0299  0.0286  0.0294  0.0286  0.0295
  0.0321  0.0316  0.0309  0.0367  0.0367  0.0335  0.0308  0.0325  0.0293  0.0306  0.0292  0.0308
niter,ni,del,rscale     4    3    5.0000    1.2000
parameters
   -6.9786   16.0556   13.0964  -15.0890  -16.1517  -12.5682
    8.9687   -8.9805   -5.8330   -0.0400    4.0935   -8.3776
eta,q 0.97178 15.93386
  0.0324  0.0321  0.0306  0.0345  0.0349  0.0327  0.0308  0.0325  0.0292  0.0315  0.0292  0.0307
  0.0301  0.0299  0.0293  0.0316  0.0320  0.0306  0.0295  0.0301  0.0287  0.0294  0.0286  0.0292
  0.0286  0.0287  0.0284  0.0295  0.0297  0.0290  0.0286  0.0287  0.0283  0.0284  0.0283  0.0284
  0.0282  0.0282  0.0282  0.0282  0.0282  0.0282  0.0282  0.0282  0.0282  0.0282  0.0282  0.0282
  0.0287  0.0285  0.0286  0.0275  0.0279  0.0285  0.0284  0.0286  0.0283  0.0286  0.0283  0.0287
  0.0301  0.0296  0.0295  0.0293  0.0309  0.0299  0.0293  0.0300  0.0286  0.0295  0.0286  0.0295
  0.0322  0.0316  0.0308  0.0367  0.0366  0.0335  0.0308  0.0325  0.0293  0.0307  0.0292  0.0308
niter,ni,del,rscale     3    3    5.0000    1.2000
parameters
   -6.9639   16.1285   13.0442  -15.0936  -16.2078  -12.6194
    8.9992   -8.9542   -5.8813    0.1341    4.0806   -8.5014
eta,q 0.97175 15.93099
  0.0324  0.0319  0.0306  0.0345  0.0349  0.0327  0.0308  0.0325  0.0292  0.0313  0.0292  0.0308
  0.0301  0.0299  0.0293  0.0316  0.0320  0.0306  0.0295  0.0301  0.0287  0.0293  0.0287  0.0292
  0.0287  0.0287  0.0285  0.0295  0.0297  0.0290  0.0286  0.0287  0.0283  0.0284  0.0284  0.0284
  0.0282  0.0282  0.0282  0.0282  0.0282  0.0282  0.0282  0.0282  0.0282  0.0282  0.0283  0.0283
  0.0288  0.0285  0.0286  0.0275  0.0279  0.0285  0.0285  0.0286  0.0284  0.0287  0.0283  0.0287
  0.0301  0.0296  0.0295  0.0294  0.0309  0.0299  0.0293  0.0300  0.0287  0.0295  0.0287  0.0295
  0.0322  0.0316  0.0308  0.0367  0.0365  0.0335  0.0308  0.0325  0.0293  0.0307  0.0292  0.0307
niter,ni,del,rscale     2    3    5.0000    1.2000
parameters
   -6.9530   16.1826   13.0069  -15.0952  -16.2534  -12.6612
    9.0255   -8.9377   -5.9239    0.2640    4.0775   -8.6011
eta,q 0.97174 15.92870
  0.0324  0.0318  0.0307  0.0345  0.0349  0.0328  0.0308  0.0325  0.0292  0.0313  0.0292  0.0308
  0.0301  0.0299  0.0294  0.0316  0.0320  0.0306  0.0295  0.0301  0.0287  0.0293  0.0287  0.0293
  0.0287  0.0287  0.0285  0.0296  0.0298  0.0290  0.0286  0.0288  0.0284  0.0284  0.0284  0.0285
  0.0282  0.0282  0.0282  0.0282  0.0282  0.0283  0.0283  0.0283  0.0283  0.0283  0.0283  0.0283
  0.0288  0.0285  0.0286  0.0275  0.0279  0.0285  0.0285  0.0286  0.0284  0.0287  0.0284  0.0287
  0.0301  0.0297  0.0295  0.0294  0.0308  0.0300  0.0294  0.0300  0.0287  0.0295  0.0287  0.0295
  0.0323  0.0316  0.0308  0.0367  0.0365  0.0335  0.0308  0.0325  0.0293  0.0307  0.0292  0.0307
niter,ni,del,rscale     1    3    5.0000    1.2000
parameters
   -6.9462   16.2247   12.9804  -15.0972  -16.2915  -12.6923
    9.0460   -8.9267   -5.9450    0.3653    4.0737   -8.6734
eta,q 0.97172 15.92673
  0.0324  0.0318  0.0307  0.0345  0.0348  0.0328  0.0308  0.0325  0.0293  0.0312  0.0292  0.0308
  0.0301  0.0298  0.0294  0.0316  0.0320  0.0307  0.0295  0.0301  0.0287  0.0293  0.0287  0.0293
  0.0287  0.0287  0.0286  0.0296  0.0298  0.0290  0.0286  0.0288  0.0284  0.0284  0.0284  0.0285
  0.0283  0.0283  0.0283  0.0283  0.0283  0.0283  0.0283  0.0283  0.0283  0.0283  0.0283  0.0283
  0.0288  0.0286  0.0286  0.0276  0.0279  0.0285  0.0285  0.0287  0.0284  0.0287  0.0284  0.0287
  0.0302  0.0297  0.0295  0.0294  0.0308  0.0300  0.0294  0.0300  0.0287  0.0295  0.0287  0.0295
  0.0323  0.0317  0.0308  0.0367  0.0364  0.0335  0.0308  0.0325  0.0293  0.0307  0.0292  0.0307
registration optimization eta report
parameter search radius
    2.7600    3.1740    2.7600   10.9503   10.9503    9.5220
    7.2000    7.2000    7.2000    7.2000    7.2000    8.2800
100000*second partial in parameter space
       53.       34.       32.        6.        6.        5.
        5.        8.        2.        5.        2.        4.
  0.0324  0.0318  0.0307  0.0345  0.0348  0.0328  0.0308  0.0325  0.0293  0.0312  0.0292  0.0308
  0.0301  0.0298  0.0294  0.0316  0.0320  0.0307  0.0295  0.0301  0.0287  0.0293  0.0287  0.0293
  0.0287  0.0287  0.0286  0.0296  0.0298  0.0290  0.0286  0.0288  0.0284  0.0284  0.0284  0.0285
  0.0283  0.0283  0.0283  0.0283  0.0283  0.0283  0.0283  0.0283  0.0283  0.0283  0.0283  0.0283
  0.0288  0.0286  0.0286  0.0276  0.0279  0.0285  0.0285  0.0287  0.0284  0.0287  0.0284  0.0287
  0.0302  0.0297  0.0295  0.0294  0.0308  0.0300  0.0294  0.0300  0.0287  0.0295  0.0287  0.0295
  0.0323  0.0317  0.0308  0.0367  0.0364  0.0335  0.0308  0.0325  0.0293  0.0307  0.0292  0.0307
   -6.9462   16.2247   12.9804  -15.0972  -16.2915  -12.6923
    9.0460   -8.9267   -5.9450    0.3653    4.0737   -8.6734
eta,q 0.97172 15.92673

---------------------------------------------------------------------
imgreg_4dfp /opt/freesurfer/average/711-2C_as_mni_average_305 /opt/freesurfer/average/711-2B_as_mni_average_305_mask talsrcimg_g11 none talsrcimg_to_711-2C_as_mni_average_305_t4 2311
---------------------------------------------------------------------

freesurfer imgreg_4dfp.c
/opt/freesurfer/average/711-2C_as_mni_average_305.4dfp.img
       256       256       256         1
  1.000000  1.000000  1.000000
orientation T byte_order littleendian
Reading image: /opt/freesurfer/average/711-2C_as_mni_average_305.4dfp.img
dimensions:      256       256       256
mmppix:       1.0000   -1.0000   -1.0000
center:     128.0000 -129.0000 -129.0000
/opt/freesurfer/average/711-2B_as_mni_average_305_mask.4dfp.img
       256       256       256         1
  1.000000  1.000000  1.000000
orientation T byte_order littleendian
Reading mask: /opt/freesurfer/average/711-2B_as_mni_average_305_mask.4dfp.img (2306576 pixels)
talsrcimg_g11.4dfp.img
       256       256       256         1
  1.000000  1.000000  1.000000
orientation T byte_order littleendian
Reading image: talsrcimg_g11.4dfp.img
dimensions:      256       256       256
mmppix:       1.0000   -1.0000   -1.0000
center:     128.0000 -129.0000 -129.0000
fimgreg.f
image alignment mode   2311 decimal      907 hex
parameters
   -6.9462   16.2247   12.9804  -15.0972  -16.2915  -12.6923
    9.0460   -8.9267   -5.9450    0.3653    4.0737   -8.6734
eta,q 0.97172 15.92673
niter,ni,del,rscale     5    3    5.0000    0.8000
parameter  4 -1.061005 -> -0.500000 qaram    1.1500
parameters
   -6.9826   16.2983   12.9625  -12.3372  -14.2799  -12.6165
    8.9356   -8.9959   -5.9617    0.5029    3.3609   -8.4589
eta,q 0.97270 16.20681
  0.0297  0.0292  0.0292  0.0302  0.0300  0.0289  0.0287  0.0299  0.0280  0.0291  0.0277  0.0285
  0.0289  0.0287  0.0287  0.0294  0.0291  0.0281  0.0280  0.0284  0.0276  0.0280  0.0275  0.0278
  0.0284  0.0284  0.0284  0.0288  0.0283  0.0276  0.0275  0.0275  0.0274  0.0274  0.0273  0.0274
  0.0283  0.0283  0.0283  0.0283  0.0277  0.0273  0.0273  0.0273  0.0273  0.0273  0.0273  0.0273
  0.0285  0.0283  0.0284  0.0279  0.0273  0.0274  0.0274  0.0276  0.0274  0.0275  0.0274  0.0274
  0.0290  0.0286  0.0287  0.0276  0.0274  0.0279  0.0280  0.0285  0.0276  0.0280  0.0277  0.0277
  0.0298  0.0291  0.0292  0.0276  0.0280  0.0289  0.0289  0.0300  0.0280  0.0288  0.0281  0.0283
niter,ni,del,rscale     5    3    5.0000    0.8000
parameters
   -6.9947   16.0196   12.9372  -12.9888  -14.4232  -12.1468
    9.0009   -8.8892   -5.5445    0.0520    3.6124   -8.2577
eta,q 0.97269 16.17092
  0.0289  0.0280  0.0282  0.0289  0.0290  0.0290  0.0288  0.0300  0.0281  0.0287  0.0279  0.0285
  0.0280  0.0275  0.0277  0.0282  0.0283  0.0282  0.0280  0.0285  0.0277  0.0277  0.0276  0.0278
  0.0275  0.0273  0.0274  0.0277  0.0277  0.0277  0.0276  0.0276  0.0275  0.0273  0.0274  0.0274
  0.0273  0.0273  0.0273  0.0273  0.0274  0.0274  0.0274  0.0274  0.0274  0.0274  0.0273  0.0273
  0.0275  0.0276  0.0274  0.0272  0.0274  0.0274  0.0275  0.0276  0.0274  0.0277  0.0273  0.0274
  0.0280  0.0281  0.0278  0.0282  0.0281  0.0278  0.0279  0.0284  0.0275  0.0283  0.0275  0.0278
  0.0290  0.0289  0.0283  0.0312  0.0296  0.0285  0.0288  0.0297  0.0279  0.0291  0.0278  0.0283
niter,ni,del,rscale     4    3    5.0000    0.7000
parameters
   -7.0056   15.8838   13.0541  -12.5650  -14.3456  -12.0579
    8.9632   -8.9537   -5.4949   -0.2457    3.5924   -8.0414
eta,q 0.97281 16.19785
  0.0285  0.0280  0.0282  0.0288  0.0286  0.0284  0.0283  0.0292  0.0277  0.0284  0.0276  0.0282
  0.0278  0.0276  0.0277  0.0282  0.0280  0.0278  0.0277  0.0280  0.0274  0.0276  0.0274  0.0276
  0.0274  0.0274  0.0274  0.0277  0.0275  0.0274  0.0273  0.0274  0.0273  0.0272  0.0273  0.0273
  0.0273  0.0273  0.0273  0.0273  0.0272  0.0272  0.0272  0.0272  0.0272  0.0272  0.0272  0.0272
  0.0275  0.0275  0.0273  0.0271  0.0272  0.0273  0.0273  0.0274  0.0273  0.0275  0.0272  0.0273
  0.0279  0.0278  0.0276  0.0273  0.0277  0.0277  0.0277  0.0281  0.0274  0.0279  0.0274  0.0275
  0.0285  0.0284  0.0280  0.0288  0.0288  0.0284  0.0284  0.0293  0.0277  0.0286  0.0277  0.0280
niter,ni,del,rscale     3    3    5.0000    0.6000
parameters
   -7.0174   15.8004   13.1238  -12.2918  -14.1710  -11.9825
    8.8954   -8.9946   -5.4894   -0.4362    3.6067   -7.8384
eta,q 0.97290 16.22206
  0.0281  0.0278  0.0278  0.0284  0.0283  0.0280  0.0279  0.0286  0.0275  0.0280  0.0275  0.0278
  0.0276  0.0274  0.0275  0.0279  0.0278  0.0276  0.0275  0.0277  0.0273  0.0274  0.0273  0.0275
  0.0273  0.0272  0.0273  0.0275  0.0274  0.0273  0.0272  0.0273  0.0272  0.0271  0.0272  0.0272
  0.0272  0.0272  0.0272  0.0272  0.0271  0.0271  0.0271  0.0271  0.0271  0.0271  0.0271  0.0271
  0.0273  0.0273  0.0272  0.0270  0.0271  0.0272  0.0272  0.0273  0.0271  0.0273  0.0271  0.0272
  0.0276  0.0276  0.0274  0.0273  0.0274  0.0275  0.0275  0.0278  0.0273  0.0277  0.0273  0.0274
  0.0281  0.0280  0.0277  0.0284  0.0282  0.0280  0.0280  0.0287  0.0275  0.0282  0.0275  0.0277
niter,ni,del,rscale     2    3    5.0000    0.5000
parameters
   -7.0215   15.7340   13.1712  -11.9923  -14.0308  -11.9236
    8.8407   -9.0378   -5.5059   -0.5739    3.6062   -7.6655
eta,q 0.97297 16.24524
  0.0278  0.0275  0.0276  0.0280  0.0279  0.0277  0.0276  0.0281  0.0273  0.0277  0.0273  0.0276
  0.0274  0.0273  0.0273  0.0276  0.0275  0.0274  0.0273  0.0275  0.0272  0.0273  0.0272  0.0273
  0.0272  0.0271  0.0272  0.0273  0.0272  0.0272  0.0271  0.0271  0.0271  0.0271  0.0271  0.0271
  0.0271  0.0271  0.0271  0.0271  0.0271  0.0270  0.0270  0.0270  0.0270  0.0270  0.0270  0.0270
  0.0272  0.0272  0.0271  0.0270  0.0271  0.0271  0.0271  0.0272  0.0271  0.0272  0.0271  0.0271
  0.0274  0.0274  0.0273  0.0272  0.0273  0.0273  0.0273  0.0276  0.0272  0.0274  0.0271  0.0272
  0.0278  0.0277  0.0275  0.0279  0.0278  0.0277  0.0277  0.0282  0.0274  0.0278  0.0273  0.0275
niter,ni,del,rscale     1    3    5.0000    0.4000
parameters
   -7.0241   15.6900   13.2119  -11.7249  -13.9152  -11.8712
    8.7844   -9.0732   -5.5549   -0.6635    3.5892   -7.5315
eta,q 0.97301 16.26561
  0.0275  0.0273  0.0273  0.0276  0.0276  0.0274  0.0274  0.0277  0.0272  0.0274  0.0272  0.0273
  0.0272  0.0272  0.0272  0.0274  0.0273  0.0272  0.0272  0.0273  0.0271  0.0272  0.0271  0.0272
  0.0271  0.0270  0.0271  0.0272  0.0271  0.0271  0.0270  0.0271  0.0270  0.0270  0.0270  0.0270
  0.0270  0.0270  0.0270  0.0270  0.0270  0.0270  0.0270  0.0270  0.0270  0.0270  0.0270  0.0270
  0.0271  0.0271  0.0271  0.0270  0.0270  0.0270  0.0270  0.0271  0.0270  0.0271  0.0270  0.0270
  0.0272  0.0272  0.0271  0.0271  0.0272  0.0272  0.0272  0.0273  0.0271  0.0272  0.0271  0.0271
  0.0275  0.0274  0.0273  0.0276  0.0275  0.0274  0.0274  0.0278  0.0272  0.0275  0.0272  0.0273
registration optimization eta report
parameter search radius
    0.8000    0.8000    0.8000    2.7600    2.4000    2.4000
    2.4000    2.4000    2.4000    2.4000    2.4000    2.4000
100000*second partial in parameter space
       68.       52.       43.        8.        9.        8.
        7.       13.        4.        8.        3.        6.
  0.0275  0.0273  0.0273  0.0276  0.0276  0.0274  0.0274  0.0277  0.0272  0.0274  0.0272  0.0273
  0.0272  0.0272  0.0272  0.0274  0.0273  0.0272  0.0272  0.0273  0.0271  0.0272  0.0271  0.0272
  0.0271  0.0270  0.0271  0.0272  0.0271  0.0271  0.0270  0.0271  0.0270  0.0270  0.0270  0.0270
  0.0270  0.0270  0.0270  0.0270  0.0270  0.0270  0.0270  0.0270  0.0270  0.0270  0.0270  0.0270
  0.0271  0.0271  0.0271  0.0270  0.0270  0.0270  0.0270  0.0271  0.0270  0.0271  0.0270  0.0270
  0.0272  0.0272  0.0271  0.0271  0.0272  0.0272  0.0272  0.0273  0.0271  0.0272  0.0271  0.0271
  0.0275  0.0274  0.0273  0.0276  0.0275  0.0274  0.0274  0.0278  0.0272  0.0275  0.0272  0.0273
   -7.0241   15.6900   13.2119  -11.7249  -13.9152  -11.8712
    8.7844   -9.0732   -5.5549   -0.6635    3.5892   -7.5315
eta,q 0.97301 16.26561

---------------------------------------------------------------------
imgreg_4dfp /opt/freesurfer/average/711-2C_as_mni_average_305 /opt/freesurfer/average/711-2B_as_mni_average_305_mask talsrcimg_g11 none talsrcimg_to_711-2C_as_mni_average_305_t4 2311
---------------------------------------------------------------------

freesurfer imgreg_4dfp.c
/opt/freesurfer/average/711-2C_as_mni_average_305.4dfp.img
       256       256       256         1
  1.000000  1.000000  1.000000
orientation T byte_order littleendian
Reading image: /opt/freesurfer/average/711-2C_as_mni_average_305.4dfp.img
dimensions:      256       256       256
mmppix:       1.0000   -1.0000   -1.0000
center:     128.0000 -129.0000 -129.0000
/opt/freesurfer/average/711-2B_as_mni_average_305_mask.4dfp.img
       256       256       256         1
  1.000000  1.000000  1.000000
orientation T byte_order littleendian
Reading mask: /opt/freesurfer/average/711-2B_as_mni_average_305_mask.4dfp.img (2306576 pixels)
talsrcimg_g11.4dfp.img
       256       256       256         1
  1.000000  1.000000  1.000000
orientation T byte_order littleendian
Reading image: talsrcimg_g11.4dfp.img
dimensions:      256       256       256
mmppix:       1.0000   -1.0000   -1.0000
center:     128.0000 -129.0000 -129.0000
fimgreg.f
image alignment mode   2311 decimal      907 hex
parameters
   -7.0241   15.6900   13.2119  -11.7249  -13.9152  -11.8712
    8.7844   -9.0732   -5.5549   -0.6635    3.5892   -7.5315
eta,q 0.97301 16.26561
niter,ni,del,rscale     5    3    5.0000    0.8000
parameters
   -7.0052   15.6478   13.2658  -12.6017  -14.3870  -11.8011
    8.7869   -8.9582   -5.3806   -0.6783    3.7124   -7.6445
eta,q 0.97284 16.20235
  0.0289  0.0283  0.0282  0.0282  0.0287  0.0286  0.0286  0.0300  0.0279  0.0290  0.0278  0.0282
  0.0278  0.0276  0.0275  0.0277  0.0280  0.0279  0.0279  0.0283  0.0275  0.0278  0.0275  0.0276
  0.0272  0.0271  0.0271  0.0273  0.0274  0.0274  0.0274  0.0275  0.0273  0.0273  0.0273  0.0273
  0.0270  0.0270  0.0270  0.0270  0.0271  0.0272  0.0272  0.0272  0.0272  0.0272  0.0272  0.0272
  0.0272  0.0272  0.0271  0.0271  0.0273  0.0273  0.0273  0.0274  0.0272  0.0274  0.0272  0.0273
  0.0278  0.0277  0.0274  0.0282  0.0282  0.0277  0.0278  0.0282  0.0274  0.0280  0.0274  0.0277
  0.0288  0.0284  0.0280  0.0309  0.0300  0.0286  0.0287  0.0297  0.0279  0.0288  0.0278  0.0283
niter,ni,del,rscale     4    3    5.0000    0.7000
parameters
   -7.0221   15.7081   13.2480  -12.2965  -14.3467  -11.8860
    8.8265   -9.0046   -5.4438   -0.6343    3.6487   -7.6949
eta,q 0.97289 16.21719
  0.0284  0.0282  0.0279  0.0284  0.0285  0.0282  0.0283  0.0292  0.0277  0.0286  0.0276  0.0280
  0.0277  0.0276  0.0275  0.0279  0.0279  0.0277  0.0277  0.0279  0.0273  0.0277  0.0273  0.0275
  0.0273  0.0273  0.0272  0.0275  0.0274  0.0273  0.0273  0.0273  0.0272  0.0272  0.0272  0.0272
  0.0272  0.0272  0.0272  0.0272  0.0271  0.0271  0.0271  0.0271  0.0271  0.0271  0.0271  0.0271
  0.0273  0.0272  0.0273  0.0270  0.0271  0.0272  0.0272  0.0273  0.0272  0.0273  0.0271  0.0272
  0.0277  0.0275  0.0275  0.0272  0.0276  0.0276  0.0276  0.0281  0.0273  0.0277  0.0273  0.0275
  0.0284  0.0280  0.0280  0.0284  0.0288  0.0284  0.0283  0.0292  0.0277  0.0284  0.0276  0.0280
niter,ni,del,rscale     3    3    5.0000    0.6000
parameters
   -7.0246   15.7150   13.2301  -12.0456  -14.1899  -11.9079
    8.8127   -9.0297   -5.4651   -0.6259    3.6128   -7.6552
eta,q 0.97295 16.23623
  0.0280  0.0278  0.0277  0.0280  0.0282  0.0279  0.0279  0.0286  0.0275  0.0281  0.0274  0.0277
  0.0275  0.0274  0.0274  0.0276  0.0277  0.0275  0.0275  0.0277  0.0272  0.0275  0.0272  0.0274
  0.0272  0.0272  0.0272  0.0273  0.0273  0.0272  0.0272  0.0272  0.0271  0.0271  0.0271  0.0271
  0.0271  0.0271  0.0271  0.0271  0.0271  0.0270  0.0271  0.0271  0.0271  0.0271  0.0271  0.0271
  0.0272  0.0272  0.0272  0.0270  0.0271  0.0271  0.0271  0.0272  0.0271  0.0272  0.0271  0.0271
  0.0275  0.0274  0.0274  0.0272  0.0274  0.0274  0.0274  0.0278  0.0272  0.0275  0.0272  0.0274
  0.0280  0.0278  0.0277  0.0280  0.0282  0.0280  0.0280  0.0287  0.0275  0.0280  0.0274  0.0277
niter,ni,del,rscale     2    3    5.0000    0.5000
parameters
   -7.0231   15.6964   13.2277  -11.8039  -14.0523  -11.8908
    8.7840   -9.0538   -5.5090   -0.6614    3.5967   -7.5714
eta,q 0.97299 16.25486
  0.0277  0.0275  0.0275  0.0277  0.0278  0.0277  0.0276  0.0282  0.0273  0.0278  0.0273  0.0275
  0.0273  0.0273  0.0272  0.0275  0.0275  0.0273  0.0273  0.0275  0.0271  0.0273  0.0271  0.0272
  0.0271  0.0271  0.0271  0.0272  0.0272  0.0271  0.0271  0.0271  0.0270  0.0271  0.0270  0.0271
  0.0271  0.0271  0.0271  0.0271  0.0270  0.0270  0.0270  0.0270  0.0270  0.0270  0.0270  0.0270
  0.0271  0.0271  0.0271  0.0270  0.0270  0.0271  0.0271  0.0271  0.0270  0.0271  0.0270  0.0271
  0.0273  0.0273  0.0272  0.0271  0.0273  0.0273  0.0273  0.0275  0.0272  0.0274  0.0271  0.0272
  0.0277  0.0276  0.0275  0.0277  0.0278  0.0277  0.0277  0.0282  0.0273  0.0277  0.0273  0.0275
niter,ni,del,rscale     1    3    5.0000    0.4000
parameters
   -7.0231   15.6720   13.2478  -11.5816  -13.9322  -11.8529
    8.7586   -9.0834   -5.5710   -0.7069    3.5726   -7.4800
eta,q 0.97303 16.27246
  0.0275  0.0273  0.0273  0.0275  0.0275  0.0274  0.0274  0.0277  0.0272  0.0274  0.0272  0.0273
  0.0272  0.0271  0.0271  0.0273  0.0273  0.0272  0.0272  0.0273  0.0271  0.0272  0.0271  0.0271
  0.0271  0.0270  0.0270  0.0271  0.0271  0.0270  0.0270  0.0270  0.0270  0.0270  0.0270  0.0270
  0.0270  0.0270  0.0270  0.0270  0.0270  0.0270  0.0270  0.0270  0.0270  0.0270  0.0270  0.0270
  0.0271  0.0271  0.0270  0.0270  0.0270  0.0270  0.0270  0.0271  0.0270  0.0271  0.0270  0.0270
  0.0272  0.0272  0.0271  0.0271  0.0272  0.0272  0.0272  0.0273  0.0271  0.0272  0.0271  0.0271
  0.0275  0.0274  0.0273  0.0274  0.0275  0.0274  0.0274  0.0278  0.0272  0.0275  0.0272  0.0273
registration optimization eta report
parameter search radius
    0.8000    0.8000    0.8000    2.4000    2.4000    2.4000
    2.4000    2.4000    2.4000    2.4000    2.4000    2.4000
100000*second partial in parameter space
       69.       52.       44.        8.        9.        8.
        7.       14.        4.        8.        3.        6.
  0.0275  0.0273  0.0273  0.0275  0.0275  0.0274  0.0274  0.0277  0.0272  0.0274  0.0272  0.0273
  0.0272  0.0271  0.0271  0.0273  0.0273  0.0272  0.0272  0.0273  0.0271  0.0272  0.0271  0.0271
  0.0271  0.0270  0.0270  0.0271  0.0271  0.0270  0.0270  0.0270  0.0270  0.0270  0.0270  0.0270
  0.0270  0.0270  0.0270  0.0270  0.0270  0.0270  0.0270  0.0270  0.0270  0.0270  0.0270  0.0270
  0.0271  0.0271  0.0270  0.0270  0.0270  0.0270  0.0270  0.0271  0.0270  0.0271  0.0270  0.0270
  0.0272  0.0272  0.0271  0.0271  0.0272  0.0272  0.0272  0.0273  0.0271  0.0272  0.0271  0.0271
  0.0275  0.0274  0.0273  0.0274  0.0275  0.0274  0.0274  0.0278  0.0272  0.0275  0.0272  0.0273
   -7.0231   15.6720   13.2478  -11.5816  -13.9322  -11.8529
    8.7586   -9.0834   -5.5710   -0.7069    3.5726   -7.4800
eta,q 0.97303 16.27246

---------------------------------------------------------------------
compute_vox2vox talsrcimg talsrcimg_to_711-2C_as_mni_average_305_t4 /opt/freesurfer/average/711-2C_as_mni_average_305
---------------------------------------------------------------------

freesurfer compute_vox2vox.c
Reading: talsrcimg.4dfp.ifh
Reading: talsrcimg_to_711-2C_as_mni_average_305_t4
Reading: /opt/freesurfer/average/711-2C_as_mni_average_305.4dfp.ifh
Writing: talsrcimg_to_711-2C_as_mni_average_305_t4_vox2vox.txt

start time Sun Mar 8 22:21:26 CET 2026
end		time Sun Mar 8 22:22:52 CET 2026

mpr2mni305 success

avi2talxfm orig_nu.mgz /opt/freesurfer/average/mni305.cor.mgz talsrcimg_to_711-2C_as_mni_average_305_t4_vox2vox.txt transforms/talairach.auto.xfm
avi2talxfm done
mv -f /out/sourcedata/freesurfer/sub-v1s16x0051169_ses-1/mri/talsrcimg_to_711-2C_as_mni_average_305_t4_vox2vox.txt /out/sourcedata/freesurfer/sub-v1s16x0051169_ses-1/mri/transforms/talsrcimg_to_711-2C_as_mni_average_305_t4_vox2vox.txt
lta_convert --src orig_nu.mgz --trg /opt/freesurfer/average/mni305.cor.mgz --inxfm transforms/talairach.auto.xfm --outlta transforms/talairach.auto.xfm.lta --subject fsaverage
7.3.2

--src: orig_nu.mgz src image (geometry).
--trg: /opt/freesurfer/average/mni305.cor.mgz trg image (geometry).
--inmni: transforms/talairach.auto.xfm input MNI/XFM transform.
--outlta: transforms/talairach.auto.xfm.lta output LTA.
--s: fsaverage subject name
 LTA read, type : 1
 1.11980   0.11456  -0.10400   6.25949;
-0.03926   1.13124   0.10231  -27.30024;
 0.07216   0.01671   1.15598  -15.12343;
 0.00000   0.00000   0.00000   1.00000;
setting subject to fsaverage
Writing  LTA to file transforms/talairach.auto.xfm.lta...
lta_convert successful.
 
 
Started at Sun Mar 8 22:21:25 CET 2026
Ended   at Sun Mar  8 22:22:52 CET 2026
talairach_avi done
