/out/sourcedata/freesurfer/sub-v1s16x0051190_ses-1/mri
/opt/freesurfer/bin/talairach_avi
--i orig_nu.mgz --xfm transforms/talairach.auto.xfm
talairach_avi 7.3.2
Linux dna061 5.14.0-427.37.1.el9_4.x86_64 #1 SMP PREEMPT_DYNAMIC Fri Sep 13 12:41:50 EDT 2024 x86_64 x86_64 x86_64 GNU/Linux
Mon Mar  9 00:15:35 CET 2026
mri_convert orig_nu.mgz talsrcimg.img 
reading from orig_nu.mgz...
TR=0.00, TE=0.00, TI=0.00, flip angle=0.00
i_ras = (-1, 0, 0)
j_ras = (0, 0, -1)
k_ras = (0, 1, 0)
writing to talsrcimg.img...
Analyze Output Matrix
-1.00000   0.00000   0.00000   126.49918;
 0.00000   0.00000   1.00000  -133.51813;
 0.00000  -1.00000   0.00000   141.71922;
 0.00000   0.00000   0.00000   1.00000;
--------------------
INFO: set hdr.hist.orient to -1
mpr2mni305 talsrcimg
Mon Mar  9 00:15:35 CET 2026
/opt/freesurfer/bin/mpr2mni305 talsrcimg
mpr2mni305 7.3.2
target=711-2C_as_mni_average_305

---------------------------------------------------------------------
analyzeto4dfp talsrcimg -O0 -y
---------------------------------------------------------------------

freesurfer ifh2hdr.c
Mon Mar  9 00:15:36 2026
Writing: talsrcimg.4dfp.hdr
freesurfer analyzeto4dfp.c
Reading: talsrcimg.hdr
header size 348 bytes
hdr.dime.datatype	offset=70	value=2
hdr.dime.bitpix		offset=72	value=8
hdr.hist.orient		offset=252	value=-1
dimensionality     4
dimensions       256       256       256         1
Reading: talsrcimg.img
Writing: talsrcimg.4dfp.img
Writing: talsrcimg.4dfp.ifh
ifh2hdr talsrcimg -r0to217
ori=2

---------------------------------------------------------------------
gauss_4dfp talsrcimg 1.1
---------------------------------------------------------------------

freesurfer gauss_4dfp.c
Reading: talsrcimg.4dfp.img
Writing: talsrcimg_g11.4dfp.img
image dimensions 256 256 256 padded to 288 288 288
processing volume 1freesurfer ifh2hdr.c
Mon Mar  9 00:15:37 2026
Writing: talsrcimg_g11.4dfp.hdr

Writing: talsrcimg_g11.4dfp.ifh
including: talsrcimg.4dfp.img.rec in talsrcimg_g11.4dfp.img.rec

---------------------------------------------------------------------
imgreg_4dfp /opt/freesurfer/average/711-2C_as_mni_average_305 none talsrcimg_g11 none talsrcimg_to_711-2C_as_mni_average_305_t4 4355
---------------------------------------------------------------------

freesurfer imgreg_4dfp.c
/opt/freesurfer/average/711-2C_as_mni_average_305.4dfp.img
       256       256       256         1
  1.000000  1.000000  1.000000
orientation T byte_order littleendian
Reading image: /opt/freesurfer/average/711-2C_as_mni_average_305.4dfp.img
dimensions:      256       256       256
mmppix:       1.0000   -1.0000   -1.0000
center:     128.0000 -129.0000 -129.0000
talsrcimg_g11.4dfp.img
       256       256       256         1
  1.000000  1.000000  1.000000
orientation T byte_order littleendian
Reading image: talsrcimg_g11.4dfp.img
dimensions:      256       256       256
mmppix:       1.0000   -1.0000   -1.0000
center:     128.0000 -129.0000 -129.0000
t4_read: open error in t4_sub.f l:  41 t4_file(1:l)talsrcimg_to_711-2C_as_mni_average_305_t4 
t4_read: transform initialized to I4
rotation matrix determinant  1.000000
image alignment mode   4355 decimal     1103 hex
   -7.5000  -45.0000  -45.0000 4958.1987   21.7544
    0.0000  -45.0000  -45.0000 5207.7051   21.7961
    7.5000  -45.0000  -45.0000 5030.8350   21.8063
   -7.5000  -37.5000  -45.0000 5517.1084   20.8905
    0.0000  -37.5000  -45.0000 5787.6138   20.9188
    7.5000  -37.5000  -45.0000 5594.1685   20.9217
   -7.5000  -30.0000  -45.0000 6306.0801   20.2122
    0.0000  -30.0000  -45.0000 6607.1514   20.2300
    7.5000  -30.0000  -45.0000 6378.3481   20.2265
   -7.5000  -22.5000  -45.0000 7145.8838   19.8210
    0.0000  -22.5000  -45.0000 7499.6763   19.8413
    7.5000  -22.5000  -45.0000 7219.3218   19.8409
   -7.5000  -15.0000  -45.0000 8042.1626   19.8355
    0.0000  -15.0000  -45.0000 8454.5049   19.8666
    7.5000  -15.0000  -45.0000 8124.1895   19.8743
   -7.5000   -7.5000  -45.0000 8986.4365   19.8365
    0.0000   -7.5000  -45.0000 9445.3936   19.8750
    7.5000   -7.5000  -45.0000 9084.1445   19.8859
   -7.5000    0.0000  -45.0000 9972.4746   19.8196
    0.0000    0.0000  -45.000010477.4795   19.8579
    7.5000    0.0000  -45.000010078.8262   19.8657
   -7.5000    7.5000  -45.000010110.2480   19.8021
    0.0000    7.5000  -45.000010617.0273   19.8300
    7.5000    7.5000  -45.000010210.7891   19.8303
   -7.5000   15.0000  -45.000010049.6328   19.7997
    0.0000   15.0000  -45.000010565.3535   19.8170
    7.5000   15.0000  -45.000010154.4238   19.8124
   -7.5000   22.5000  -45.0000 9876.9502   19.8136
    0.0000   22.5000  -45.000010387.4746   19.8338
    7.5000   22.5000  -45.0000 9993.3770   19.8334
   -7.5000   30.0000  -45.0000 9678.5391   19.5712
    0.0000   30.0000  -45.000010175.0957   19.6019
    7.5000   30.0000  -45.0000 9777.1758   19.6094
   -7.5000   37.5000  -45.0000 9820.7080   19.5721
    0.0000   37.5000  -45.000010321.2793   19.6101
    7.5000   37.5000  -45.0000 9893.8623   19.6209
   -7.5000   45.0000  -45.0000 9568.7891   19.0589
    0.0000   45.0000  -45.000010042.9746   19.0957
    7.5000   45.0000  -45.0000 9633.9023   19.1032
   -7.5000  -45.0000  -37.5000 5325.4741   21.5713
    0.0000  -45.0000  -37.5000 5607.6001   21.6015
    7.5000  -45.0000  -37.5000 5408.9980   21.6058
   -7.5000  -37.5000  -37.5000 5896.9644   20.7335
    0.0000  -37.5000  -37.5000 6191.7905   20.7552
    7.5000  -37.5000  -37.5000 5979.3354   20.7521
   -7.5000  -30.0000  -37.5000 6719.3169   20.0764
    0.0000  -30.0000  -37.5000 7051.2866   20.0910
    7.5000  -30.0000  -37.5000 6797.7334   20.0794
   -7.5000  -22.5000  -37.5000 7628.4141   19.6895
    0.0000  -22.5000  -37.5000 8009.6372   19.7061
    7.5000  -22.5000  -37.5000 7709.4414   19.6955
   -7.5000  -15.0000  -37.5000 8605.4531   19.6925
    0.0000  -15.0000  -37.5000 9059.8555   19.7165
    7.5000  -15.0000  -37.5000 8716.7822   19.7143
   -7.5000   -7.5000  -37.5000 9639.7412   19.6805
    0.0000   -7.5000  -37.500010152.2998   19.7094
    7.5000   -7.5000  -37.5000 9775.8936   19.7138
   -7.5000    0.0000  -37.500010677.2266   19.6613
    0.0000    0.0000  -37.500011243.7939   19.6903
    7.5000    0.0000  -37.500010813.3535   19.6938
   -7.5000    7.5000  -37.500010795.9160   19.6559
    0.0000    7.5000  -37.500011381.9688   19.6776
    7.5000    7.5000  -37.500010935.1289   19.6728
   -7.5000   15.0000  -37.500010723.0898   19.6675
    0.0000   15.0000  -37.500011306.7178   19.6818
    7.5000   15.0000  -37.500010874.4102   19.6694
   -7.5000   22.5000  -37.500010555.4326   19.6822
    0.0000   22.5000  -37.500011123.8574   19.6987
    7.5000   22.5000  -37.500010690.0391   19.6881
   -7.5000   30.0000  -37.500010317.0908   19.4300
    0.0000   30.0000  -37.500010874.0459   19.4537
    7.5000   30.0000  -37.500010414.7383   19.4516
   -7.5000   37.5000  -37.500010449.7578   19.4182
    0.0000   37.5000  -37.500010997.6006   19.4468
    7.5000   37.5000  -37.500010515.4443   19.4511
   -7.5000   45.0000  -37.500010145.6631   18.9067
    0.0000   45.0000  -37.500010673.9492   18.9346
    7.5000   45.0000  -37.500010215.0938   18.9379
   -7.5000  -45.0000  -30.0000 5781.5317   22.4571
    0.0000  -45.0000  -30.0000 6095.7188   22.4861
    7.5000  -45.0000  -30.0000 5889.1265   22.4865
   -7.5000  -37.5000  -30.0000 6398.0835   21.5904
    0.0000  -37.5000  -30.0000 6733.1816   21.6128
    7.5000  -37.5000  -30.0000 6510.1577   21.6092
   -7.5000  -30.0000  -30.0000 7295.3330   20.9094
    0.0000  -30.0000  -30.0000 7681.1387   20.9232
    7.5000  -30.0000  -30.0000 7397.8804   20.9074
   -7.5000  -22.5000  -30.0000 8288.8535   20.5083
    0.0000  -22.5000  -30.0000 8732.9932   20.5214
    7.5000  -22.5000  -30.0000 8406.3213   20.5004
   -7.5000  -15.0000  -30.0000 9362.5547   20.5098
    0.0000  -15.0000  -30.0000 9882.3184   20.5286
    7.5000  -15.0000  -30.0000 9518.9795   20.5133
   -7.5000   -7.5000  -30.000010470.7090   20.4952
    0.0000   -7.5000  -30.000011051.4229   20.5210
    7.5000   -7.5000  -30.000010635.4746   20.5163
   -7.5000    0.0000  -30.000011571.8193   20.4740
    0.0000    0.0000  -30.000012240.7812   20.5028
    7.5000    0.0000  -30.000011751.0342   20.5035
   -7.5000    7.5000  -30.000011713.5996   20.4699
    0.0000    7.5000  -30.000012392.4990   20.4922
    7.5000    7.5000  -30.000011896.4805   20.4867
   -7.5000   15.0000  -30.000011631.9072   20.4848
    0.0000   15.0000  -30.000012277.5479   20.4983
    7.5000   15.0000  -30.000011804.5508   20.4818
   -7.5000   22.5000  -30.000011431.8730   20.4985
    0.0000   22.5000  -30.000012092.1221   20.5116
    7.5000   22.5000  -30.000011593.7070   20.4907
   -7.5000   30.0000  -30.000011171.1475   20.2384
    0.0000   30.0000  -30.000011821.6064   20.2570
    7.5000   30.0000  -30.000011300.1406   20.2419
   -7.5000   37.5000  -30.000011267.6562   20.2240
    0.0000   37.5000  -30.000011917.3252   20.2495
    7.5000   37.5000  -30.000011373.9365   20.2448
   -7.5000   45.0000  -30.000010920.6953   19.7026
    0.0000   45.0000  -30.000011542.9893   19.7304
    7.5000   45.0000  -30.000011036.9824   19.7310
   -7.5000  -45.0000  -22.5000 6274.3740   23.2190
    0.0000  -45.0000  -22.5000 6619.3486   23.2585
    7.5000  -45.0000  -22.5000 6406.4180   23.2632
   -7.5000  -37.5000  -22.5000 6940.9805   22.3115
    0.0000  -37.5000  -22.5000 7308.3721   22.3412
    7.5000  -37.5000  -22.5000 7065.0532   22.3455
   -7.5000  -30.0000  -22.5000 7906.8301   21.5941
    0.0000  -30.0000  -22.5000 8336.7939   21.6099
    7.5000  -30.0000  -22.5000 8044.5020   21.6000
   -7.5000  -22.5000  -22.5000 8992.1846   21.1791
    0.0000  -22.5000  -22.5000 9492.5205   21.1916
    7.5000  -22.5000  -22.5000 9141.7295   21.1722
   -7.5000  -15.0000  -22.500010138.0889   21.1912
    0.0000  -15.0000  -22.500010726.2646   21.2114
    7.5000  -15.0000  -22.500010323.1074   21.1942
   -7.5000   -7.5000  -22.500011303.1201   21.1894
    0.0000   -7.5000  -22.500011964.1553   21.2216
    7.5000   -7.5000  -22.500011508.5234   21.2158
   -7.5000    0.0000  -22.500012476.8096   21.1706
    0.0000    0.0000  -22.500013225.6123   21.2087
    7.5000    0.0000  -22.500012694.0957   21.2125
   -7.5000    7.5000  -22.500012630.9482   21.1549
    0.0000    7.5000  -22.500013372.4248   21.1839
    7.5000    7.5000  -22.500012844.4414   21.1848
   -7.5000   15.0000  -22.500012549.9092   21.1566
    0.0000   15.0000  -22.500013270.6895   21.1719
    7.5000   15.0000  -22.500012739.9199   21.1610
   -7.5000   22.5000  -22.500012328.4990   21.1676
    0.0000   22.5000  -22.500013079.6904   21.1800
    7.5000   22.5000  -22.500012502.8037   21.1606
   -7.5000   30.0000  -22.500012047.9258   20.9141
    0.0000   30.0000  -22.500012806.9971   20.9340
    7.5000   30.0000  -22.500012206.2441   20.9170
   -7.5000   37.5000  -22.500012146.9277   20.9122
    0.0000   37.5000  -22.500012889.0107   20.9440
    7.5000   37.5000  -22.500012288.0146   20.9383
   -7.5000   45.0000  -22.500011737.6650   20.3883
    0.0000   45.0000  -22.500012443.6123   20.4251
    7.5000   45.0000  -22.500011885.1787   20.4287
   -7.5000  -45.0000  -15.0000 6765.2827   23.7774
    0.0000  -45.0000  -15.0000 7156.1992   23.8294
    7.5000  -45.0000  -15.0000 6919.1504   23.8434
   -7.5000  -37.5000  -15.0000 7483.4434   22.8322
    0.0000  -37.5000  -15.0000 7894.8145   22.8689
    7.5000  -37.5000  -15.0000 7621.2339   22.8821
   -7.5000  -30.0000  -15.0000 8546.6855   22.0823
    0.0000  -30.0000  -15.0000 9003.1494   22.1007
    7.5000  -30.0000  -15.0000 8682.9814   22.1004
   -7.5000  -22.5000  -15.0000 9721.3066   21.6557
    0.0000  -22.5000  -15.000010244.3457   21.6708
    7.5000  -22.5000  -15.0000 9866.8643   21.6619
   -7.5000  -15.0000  -15.000010944.3340   21.6795
    0.0000  -15.0000  -15.000011565.4043   21.7064
    7.5000  -15.0000  -15.000011130.3232   21.6991
   -7.5000   -7.5000  -15.000012186.0439   21.6919
    0.0000   -7.5000  -15.000012873.9932   21.7344
    7.5000   -7.5000  -15.000012377.1133   21.7364
   -7.5000    0.0000  -15.000013428.7363   21.6768
    0.0000    0.0000  -15.000014196.7705   21.7253
    7.5000    0.0000  -15.000013643.9502   21.7359
   -7.5000    7.5000  -15.000013584.3770   21.6487
    0.0000    7.5000  -15.000014376.5000   21.6842
    7.5000    7.5000  -15.000013816.9746   21.6926
   -7.5000   15.0000  -15.000013510.1709   21.6348
    0.0000   15.0000  -15.000014308.2129   21.6526
    7.5000   15.0000  -15.000013704.7402   21.6508
   -7.5000   22.5000  -15.000013252.5918   21.6429
    0.0000   22.5000  -15.000014054.8730   21.6580
    7.5000   22.5000  -15.000013411.3760   21.6491
   -7.5000   30.0000  -15.000012932.1992   21.3989
    0.0000   30.0000  -15.000013740.9648   21.4255
    7.5000   30.0000  -15.000013083.6494   21.4182
   -7.5000   37.5000  -15.000013011.6855   21.4112
    0.0000   37.5000  -15.000013829.2451   21.4531
    7.5000   37.5000  -15.000013178.2148   21.4551
   -7.5000   45.0000  -15.000012567.8271   20.8884
    0.0000   45.0000  -15.000013357.1787   20.9352
    7.5000   45.0000  -15.000012747.6025   20.9454
   -7.5000  -45.0000   -7.5000 7265.4448   24.0700
    0.0000  -45.0000   -7.5000 7686.3398   24.1244
    7.5000  -45.0000   -7.5000 7415.0103   24.1409
   -7.5000  -37.5000   -7.5000 8058.6885   23.1075
    0.0000  -37.5000   -7.5000 8493.8408   23.1444
    7.5000  -37.5000   -7.5000 8198.5605   23.1563
   -7.5000  -30.0000   -7.5000 9235.9922   22.3454
    0.0000  -30.0000   -7.5000 9709.5957   22.3652
    7.5000  -30.0000   -7.5000 9358.9785   22.3672
   -7.5000  -22.5000   -7.500010489.7139   21.9121
    0.0000  -22.5000   -7.500011041.6553   21.9315
    7.5000  -22.5000   -7.500010628.6885   21.9314
   -7.5000  -15.0000   -7.500011787.7334   21.9379
    0.0000  -15.0000   -7.500012418.8760   21.9709
    7.5000  -15.0000   -7.500011961.8174   21.9759
   -7.5000   -7.5000   -7.500013120.0049   21.9526
    0.0000   -7.5000   -7.500013818.8057   21.9992
    7.5000   -7.5000   -7.500013299.6387   22.0097
   -7.5000    0.0000   -7.500014472.0742   21.9382
    0.0000    0.0000   -7.500015226.5928   21.9880
    7.5000    0.0000   -7.500014644.7852   22.0005
   -7.5000    7.5000   -7.500014639.4434   21.9080
    0.0000    7.5000   -7.500015440.6475   21.9440
    7.5000    7.5000   -7.500014825.7363   21.9515
   -7.5000   15.0000   -7.500014561.9707   21.8914
    0.0000   15.0000   -7.500015391.0225   21.9106
    7.5000   15.0000   -7.500014712.0137   21.9111
   -7.5000   22.5000   -7.500014268.4307   21.8968
    0.0000   22.5000   -7.500015029.9990   21.9161
    7.5000   22.5000   -7.500014334.8506   21.9160
   -7.5000   30.0000   -7.500013857.7510   21.6534
    0.0000   30.0000   -7.500014619.8691   21.6860
    7.5000   30.0000   -7.500013937.9473   21.6909
   -7.5000   37.5000   -7.500013919.0596   21.6679
    0.0000   37.5000   -7.500014718.5068   21.7139
    7.5000   37.5000   -7.500014048.6758   21.7243
   -7.5000   45.0000   -7.500013442.2949   21.1443
    0.0000   45.0000   -7.500014250.5420   21.1923
    7.5000   45.0000   -7.500013612.6758   21.2043
   -7.5000  -45.0000    0.0000 7695.4204   24.1328
    0.0000  -45.0000    0.0000 8123.6289   24.1781
    7.5000  -45.0000    0.0000 7841.7891   24.1898
   -7.5000  -37.5000    0.0000 8570.3301   23.1780
    0.0000  -37.5000    0.0000 9009.2695   23.2087
    7.5000  -37.5000    0.0000 8699.9932   23.2122
   -7.5000  -30.0000    0.0000 9845.4570   22.4260
    0.0000  -30.0000    0.000010339.4424   22.4449
    7.5000  -30.0000    0.0000 9955.2559   22.4412
   -7.5000  -22.5000    0.000011182.4922   21.9915
    0.0000  -22.5000    0.000011740.3828   22.0129
    7.5000  -22.5000    0.000011301.6553   22.0125
   -7.5000  -15.0000    0.000012585.6318   22.0077
    0.0000  -15.0000    0.000013206.0039   22.0409
    7.5000  -15.0000    0.000012725.6201   22.0494
   -7.5000   -7.5000    0.000013998.4141   22.0104
    0.0000   -7.5000    0.000014699.8486   22.0520
    7.5000   -7.5000    0.000014124.9062   22.0643
   -7.5000    0.0000    0.000015436.8545   21.9933
    0.0000    0.0000    0.000016160.9619   22.0349
    7.5000    0.0000    0.000015524.2441   22.0438
   -7.5000    7.5000    0.000015632.6211   21.9735
    0.0000    7.5000    0.000016406.2832   22.0038
    7.5000    7.5000    0.000015733.2910   22.0043
   -7.5000   15.0000    0.000015538.6846   21.9693
    0.0000   15.0000    0.000016353.3213   21.9876
    7.5000   15.0000    0.000015593.0859   21.9827
   -7.5000   22.5000    0.000015155.4453   21.9762
    0.0000   22.5000    0.000015838.3838   21.9975
    7.5000   22.5000    0.000015158.4688   21.9971
   -7.5000   30.0000    0.000014704.8506   21.7229
    0.0000   30.0000    0.000015347.0889   21.7557
    7.5000   30.0000    0.000014744.3945   21.7641
   -7.5000   37.5000    0.000014789.4736   21.7255
    0.0000   37.5000    0.000015482.6895   21.7667
    7.5000   37.5000    0.000014873.0547   21.7787
   -7.5000   45.0000    0.000014255.2705   21.1990
    0.0000   45.0000    0.000014977.5117   21.2391
    7.5000   45.0000    0.000014372.3477   21.2477
   -7.5000  -45.0000    7.5000 7521.2593   24.1298
    0.0000  -45.0000    7.5000 7912.4761   24.1636
    7.5000  -45.0000    7.5000 7626.0322   24.1683
   -7.5000  -37.5000    7.5000 8407.4600   23.1928
    0.0000  -37.5000    7.5000 8830.6758   23.2170
    7.5000  -37.5000    7.5000 8505.2969   23.2135
   -7.5000  -30.0000    7.5000 9667.7705   22.4577
    0.0000  -30.0000    7.500010165.9531   22.4740
    7.5000  -30.0000    7.5000 9778.6484   22.4609
   -7.5000  -22.5000    7.500010984.8467   22.0250
    0.0000  -22.5000    7.500011531.0244   22.0434
    7.5000  -22.5000    7.500011090.1104   22.0315
   -7.5000  -15.0000    7.500012360.3047   22.0283
    0.0000  -15.0000    7.500012957.5566   22.0551
    7.5000  -15.0000    7.500012463.8408   22.0527
   -7.5000   -7.5000    7.500013736.2168   22.0152
    0.0000   -7.5000    7.500014375.9229   22.0475
    7.5000   -7.5000    7.500013809.8965   22.0524
   -7.5000    0.0000    7.500015129.1934   21.9939
    0.0000    0.0000    7.500015797.2900   22.0263
    7.5000    0.0000    7.500015163.0947   22.0301
   -7.5000    7.5000    7.500015402.2471   21.9878
    0.0000    7.5000    7.500016140.0264   22.0119
    7.5000    7.5000    7.500015425.5518   22.0065
   -7.5000   15.0000    7.500015349.5840   22.0005
    0.0000   15.0000    7.500015986.4570   22.0163
    7.5000   15.0000    7.500015331.2031   22.0025
   -7.5000   22.5000    7.500014887.0049   22.0096
    0.0000   22.5000    7.500015298.5059   22.0280
    7.5000   22.5000    7.500014844.5791   22.0161
   -7.5000   30.0000    7.500014463.8311   21.7433
    0.0000   30.0000    7.500014840.2891   21.7697
    7.5000   30.0000    7.500014444.9287   21.7673
   -7.5000   37.5000    7.500014609.6318   21.7303
    0.0000   37.5000    7.500015081.7744   21.7622
    7.5000   37.5000    7.500014621.6582   21.7670
   -7.5000   45.0000    7.500014064.7549   21.1996
    0.0000   45.0000    7.500014604.9463   21.2308
    7.5000   45.0000    7.500014081.9590   21.2345
   -7.5000  -45.0000   15.0000 7242.7212   24.1152
    0.0000  -45.0000   15.0000 7609.6494   24.1463
    7.5000  -45.0000   15.0000 7337.7036   24.1468
   -7.5000  -37.5000   15.0000 8101.4038   23.1846
    0.0000  -37.5000   15.0000 8530.6279   23.2086
    7.5000  -37.5000   15.0000 8203.9551   23.2048
   -7.5000  -30.0000   15.0000 9325.0547   22.4533
    0.0000  -30.0000   15.0000 9852.7217   22.4681
    7.5000  -30.0000   15.0000 9457.5137   22.4511
   -7.5000  -22.5000   15.000010617.8516   22.0225
    0.0000  -22.5000   15.000011188.4131   22.0366
    7.5000  -22.5000   15.000010740.8232   22.0141
   -7.5000  -15.0000   15.000011972.0938   22.0241
    0.0000  -15.0000   15.000012568.2266   22.0443
    7.5000  -15.0000   15.000012074.3379   22.0280
   -7.5000   -7.5000   15.000013313.1299   22.0085
    0.0000   -7.5000   15.000013890.6650   22.0362
    7.5000   -7.5000   15.000013344.3477   22.0312
   -7.5000    0.0000   15.000014635.9365   21.9857
    0.0000    0.0000   15.000015222.0195   22.0167
    7.5000    0.0000   15.000014611.2500   22.0174
   -7.5000    7.5000   15.000014816.5283   21.9813
    0.0000    7.5000   15.000015427.7422   22.0052
    7.5000    7.5000   15.000014782.9863   21.9993
   -7.5000   15.0000   15.000014738.6445   21.9973
    0.0000   15.0000   15.000015263.4160   22.0118
    7.5000   15.0000   15.000014688.4600   21.9941
   -7.5000   22.5000   15.000014327.6934   22.0072
    0.0000   22.5000   15.000014710.3857   22.0213
    7.5000   22.5000   15.000014273.0352   21.9988
   -7.5000   30.0000   15.000013959.2441   21.7391
    0.0000   30.0000   15.000014353.0176   21.7591
    7.5000   30.0000   15.000013947.7061   21.7429
   -7.5000   37.5000   15.000014134.2510   21.7236
    0.0000   37.5000   15.000014645.8223   21.7510
    7.5000   37.5000   15.000014166.5742   21.7460
   -7.5000   45.0000   15.000013620.9785   21.1917
    0.0000   45.0000   15.000014151.8535   21.2215
    7.5000   45.0000   15.000013625.8291   21.2222
   -7.5000  -45.0000   22.5000 6888.4033   24.1032
    0.0000  -45.0000   22.5000 7248.2852   24.1441
    7.5000  -45.0000   22.5000 6985.7104   24.1491
   -7.5000  -37.5000   22.5000 7699.4009   23.1611
    0.0000  -37.5000   22.5000 8121.2075   23.1920
    7.5000  -37.5000   22.5000 7830.5591   23.1964
   -7.5000  -30.0000   22.5000 8877.8887   22.4164
    0.0000  -30.0000   22.5000 9378.6338   22.4328
    7.5000  -30.0000   22.5000 9025.9141   22.4226
   -7.5000  -22.5000   22.500010116.4180   21.9856
    0.0000  -22.5000   22.500010668.0439   21.9985
    7.5000  -22.5000   22.500010263.1602   21.9784
   -7.5000  -15.0000   22.500011393.2021   21.9982
    0.0000  -15.0000   22.500011975.5264   22.0192
    7.5000  -15.0000   22.500011506.8906   22.0013
   -7.5000   -7.5000   22.500012675.9863   21.9963
    0.0000   -7.5000   22.500013275.3438   22.0297
    7.5000   -7.5000   22.500012734.1465   22.0237
   -7.5000    0.0000   22.500013941.1182   21.9767
    0.0000    0.0000   22.500014581.3340   22.0164
    7.5000    0.0000   22.500013953.9404   22.0203
   -7.5000    7.5000   22.500014097.5029   21.9605
    0.0000    7.5000   22.500014755.4521   21.9906
    7.5000    7.5000   22.500014122.7031   21.9915
   -7.5000   15.0000   22.500014009.9697   21.9622
    0.0000   15.0000   22.500014645.1094   21.9781
    7.5000   15.0000   22.500014020.8965   21.9669
   -7.5000   22.5000   22.500013693.1562   21.9703
    0.0000   22.5000   22.500014287.8594   21.9832
    7.5000   22.5000   22.500013679.8115   21.9631
   -7.5000   30.0000   22.500013358.0264   21.7135
    0.0000   30.0000   22.500013932.3076   21.7342
    7.5000   30.0000   22.500013342.4209   21.7166
   -7.5000   37.5000   22.500013491.6367   21.7116
    0.0000   37.5000   22.500014075.1924   21.7446
    7.5000   37.5000   22.500013488.7344   21.7387
   -7.5000   45.0000   22.500013017.3809   21.1830
    0.0000   45.0000   22.500013571.3574   21.2212
    7.5000   45.0000   22.500013024.2344   21.2250
   -7.5000  -45.0000   30.0000 6484.1626   24.1037
    0.0000  -45.0000   30.0000 6820.6719   24.1564
    7.5000  -45.0000   30.0000 6590.2871   24.1706
   -7.5000  -37.5000   30.0000 7232.3115   23.1456
    0.0000  -37.5000   30.0000 7630.4097   23.1828
    7.5000  -37.5000   30.0000 7366.7339   23.1961
   -7.5000  -30.0000   30.0000 8322.1406   22.3854
    0.0000  -30.0000   30.0000 8800.6797   22.4040
    7.5000  -30.0000   30.0000 8461.8184   22.4037
   -7.5000  -22.5000   30.0000 9489.0186   21.9529
    0.0000  -22.5000   30.000010034.3486   21.9683
    7.5000  -22.5000   30.0000 9626.5830   21.9592
   -7.5000  -15.0000   30.000010692.2559   21.9770
    0.0000  -15.0000   30.000011299.5898   22.0044
    7.5000  -15.0000   30.000010842.8535   21.9969
   -7.5000   -7.5000   30.000011905.2881   21.9896
    0.0000   -7.5000   30.000012563.6963   22.0327
    7.5000   -7.5000   30.000012037.2275   22.0348
   -7.5000    0.0000   30.000013084.9668   21.9743
    0.0000    0.0000   30.000013804.0078   22.0235
    7.5000    0.0000   30.000013217.4648   22.0342
   -7.5000    7.5000   30.000013257.3281   21.9458
    0.0000    7.5000   30.000013938.1572   21.9819
    7.5000    7.5000   30.000013353.9131   21.9903
   -7.5000   15.0000   30.000013156.0957   21.9318
    0.0000   15.0000   30.000013804.0674   21.9497
    7.5000   15.0000   30.000013244.8369   21.9479
   -7.5000   22.5000   30.000012894.6016   21.9376
    0.0000   22.5000   30.000013516.2217   21.9529
    7.5000   22.5000   30.000012949.8867   21.9439
   -7.5000   30.0000   30.000012613.4170   21.6926
    0.0000   30.0000   30.000013172.2539   21.7196
    7.5000   30.0000   30.000012621.0703   21.7122
   -7.5000   37.5000   30.000012741.5449   21.7050
    0.0000   37.5000   30.000013274.8799   21.7476
    7.5000   37.5000   30.000012720.2139   21.7496
   -7.5000   45.0000   30.000012311.1914   21.1807
    0.0000   45.0000   30.000012832.9717   21.2281
    7.5000   45.0000   30.000012298.2754   21.2385
   -7.5000  -45.0000   37.5000 6255.8223   24.2124
    0.0000  -45.0000   37.5000 6583.5503   24.2676
    7.5000  -45.0000   37.5000 6372.8340   24.2842
   -7.5000  -37.5000   37.5000 6972.2285   23.2438
    0.0000  -37.5000   37.5000 7370.4790   23.2814
    7.5000  -37.5000   37.5000 7128.7119   23.2934
   -7.5000  -30.0000   37.5000 8031.9263   22.4773
    0.0000  -30.0000   37.5000 8496.8438   22.4976
    7.5000  -30.0000   37.5000 8189.9004   22.4995
   -7.5000  -22.5000   37.5000 9155.8750   22.0418
    0.0000  -22.5000   37.5000 9689.5107   22.0616
    7.5000  -22.5000   37.5000 9326.1602   22.0612
   -7.5000  -15.0000   37.500010327.8213   22.0676
    0.0000  -15.0000   37.500010933.4004   22.1013
    7.5000  -15.0000   37.500010506.6006   22.1060
   -7.5000   -7.5000   37.500011502.7676   22.0823
    0.0000   -7.5000   37.500012165.9229   22.1297
    7.5000   -7.5000   37.500011670.5430   22.1401
   -7.5000    0.0000   37.500012646.1250   22.0677
    0.0000    0.0000   37.500013356.3398   22.1183
    7.5000    0.0000   37.500012795.9551   22.1309
   -7.5000    7.5000   37.500012777.4482   22.0374
    0.0000    7.5000   37.500013473.7090   22.0741
    7.5000    7.5000   37.500012901.2881   22.0816
   -7.5000   15.0000   37.500012699.1123   22.0208
    0.0000   15.0000   37.500013341.3232   22.0405
    7.5000   15.0000   37.500012793.2910   22.0409
   -7.5000   22.5000   37.500012465.1436   22.0264
    0.0000   22.5000   37.500013069.7920   22.0461
    7.5000   22.5000   37.500012531.6426   22.0458
   -7.5000   30.0000   37.500012180.5342   21.7820
    0.0000   30.0000   37.500012752.5713   21.8152
    7.5000   30.0000   37.500012225.7842   21.8199
   -7.5000   37.5000   37.500012328.6162   21.7965
    0.0000   37.5000   37.500012875.5596   21.8433
    7.5000   37.5000   37.500012339.5205   21.8535
   -7.5000   45.0000   37.500011973.2383   21.2707
    0.0000   45.0000   37.500012503.4727   21.3195
    7.5000   45.0000   37.500011962.5850   21.3316
   -7.5000  -45.0000   45.0000 5728.3325   24.2615
    0.0000  -45.0000   45.0000 6032.2075   24.3082
    7.5000  -45.0000   45.0000 5826.1377   24.3203
   -7.5000  -37.5000   45.0000 6403.1196   23.2964
    0.0000  -37.5000   45.0000 6765.7422   23.3278
    7.5000  -37.5000   45.0000 6528.4995   23.3316
   -7.5000  -30.0000   45.0000 7388.2085   22.5382
    0.0000  -30.0000   45.0000 7784.0762   22.5571
    7.5000  -30.0000   45.0000 7508.3691   22.5534
   -7.5000  -22.5000   45.0000 8409.7139   22.1018
    0.0000  -22.5000   45.0000 8870.3301   22.1231
    7.5000  -22.5000   45.0000 8546.0732   22.1226
   -7.5000  -15.0000   45.0000 9493.4385   22.1184
    0.0000  -15.0000   45.000010023.5732   22.1520
    7.5000  -15.0000   45.0000 9636.9062   22.1604
   -7.5000   -7.5000   45.000010550.5693   22.1202
    0.0000   -7.5000   45.000011169.7188   22.1628
    7.5000   -7.5000   45.000010707.2725   22.1753
   -7.5000    0.0000   45.000011589.3955   22.1018
    0.0000    0.0000   45.000012248.4873   22.1447
    7.5000    0.0000   45.000011722.9355   22.1540
   -7.5000    7.5000   45.000011699.8799   22.0817
    0.0000    7.5000   45.000012345.7734   22.1128
    7.5000    7.5000   45.000011814.9727   22.1136
   -7.5000   15.0000   45.000011618.8994   22.0783
    0.0000   15.0000   45.000012226.0498   22.0967
    7.5000   15.0000   45.000011712.3535   22.0918
   -7.5000   22.5000   45.000011402.7363   22.0863
    0.0000   22.5000   45.000011960.7949   22.1075
    7.5000   22.5000   45.000011459.3467   22.1070
   -7.5000   30.0000   45.000011135.9189   21.8302
    0.0000   30.0000   45.000011659.3633   21.8634
    7.5000   30.0000   45.000011170.2783   21.8717
   -7.5000   37.5000   45.000011282.4541   21.8320
    0.0000   37.5000   45.000011780.0527   21.8741
    7.5000   37.5000   45.000011283.9697   21.8864
   -7.5000   45.0000   45.000010995.0635   21.3133
    0.0000   45.0000   45.000011501.7109   21.3546
    7.5000   45.0000   45.000011000.8828   21.3636

---------------------------------------------------------------------
imgreg_4dfp /opt/freesurfer/average/711-2C_as_mni_average_305 /opt/freesurfer/average/711-2B_as_mni_average_305_mask talsrcimg_g11 none talsrcimg_to_711-2C_as_mni_average_305_t4 4355
---------------------------------------------------------------------

freesurfer imgreg_4dfp.c
/opt/freesurfer/average/711-2C_as_mni_average_305.4dfp.img
       256       256       256         1
  1.000000  1.000000  1.000000
orientation T byte_order littleendian
Reading image: /opt/freesurfer/average/711-2C_as_mni_average_305.4dfp.img
dimensions:      256       256       256
mmppix:       1.0000   -1.0000   -1.0000
center:     128.0000 -129.0000 -129.0000
/opt/freesurfer/average/711-2B_as_mni_average_305_mask.4dfp.img
       256       256       256         1
  1.000000  1.000000  1.000000
orientation T byte_order littleendian
Reading mask: /opt/freesurfer/average/711-2B_as_mni_average_305_mask.4dfp.img (2306576 pixels)
talsrcimg_g11.4dfp.img
       256       256       256         1
  1.000000  1.000000  1.000000
orientation T byte_order littleendian
Reading image: talsrcimg_g11.4dfp.img
dimensions:      256       256       256
mmppix:       1.0000   -1.0000   -1.0000
center:     128.0000 -129.0000 -129.0000
rotation matrix determinant  1.000000
image alignment mode   4355 decimal     1103 hex
   -7.5000  -37.5000  -45.0000 1622.8988   37.6871
    0.0000  -37.5000  -45.0000 1637.8174   37.4413
    7.5000  -37.5000  -45.0000 1637.3892   37.6920
   -7.5000  -30.0000  -45.0000 1756.2806   32.5139
    0.0000  -30.0000  -45.0000 1765.3090   32.2622
    7.5000  -30.0000  -45.0000 1762.8197   32.5183
   -7.5000  -22.5000  -45.0000 1876.1903   28.6931
    0.0000  -22.5000  -45.0000 1886.2693   28.4050
    7.5000  -22.5000  -45.0000 1877.3458   28.5153
   -7.5000  -15.0000  -45.0000 1972.5260   25.7651
    0.0000  -15.0000  -45.0000 1988.5841   25.5026
    7.5000  -15.0000  -45.0000 1978.2585   25.5906
   -7.5000   -7.5000  -45.0000 2065.6501   23.5686
    0.0000   -7.5000  -45.0000 2082.8394   23.3896
    7.5000   -7.5000  -45.0000 2076.3442   23.4603
   -7.5000    0.0000  -45.0000 2148.6711   21.9671
    0.0000    0.0000  -45.0000 2169.1357   21.8322
    7.5000    0.0000  -45.0000 2161.5645   21.9198
   -7.5000    7.5000  -45.0000 2196.8267   20.8520
    0.0000    7.5000  -45.0000 2214.1240   20.7218
    7.5000    7.5000  -45.0000 2204.1599   20.7830
   -7.5000   15.0000  -45.0000 2220.5520   20.0645
    0.0000   15.0000  -45.0000 2237.7148   19.8699
    7.5000   15.0000  -45.0000 2228.4246   19.9757
   -7.5000   22.5000  -45.0000 2222.7698   19.6769
    0.0000   22.5000  -45.0000 2237.8689   19.4606
    7.5000   22.5000  -45.0000 2229.6128   19.5556
   -7.5000   30.0000  -45.0000 2213.3997   19.5743
    0.0000   30.0000  -45.0000 2226.7964   19.3910
    7.5000   30.0000  -45.0000 2215.7893   19.5179
   -7.5000   37.5000  -45.0000 2198.7151   19.9372
    0.0000   37.5000  -45.0000 2212.3508   19.7160
    7.5000   37.5000  -45.0000 2196.6106   19.8642
   -7.5000   45.0000  -45.0000 2164.9487   20.6866
    0.0000   45.0000  -45.0000 2180.3333   20.4309
    7.5000   45.0000  -45.0000 2161.5637   20.5987
   -7.5000   52.5000  -45.0000 2099.0076   21.6464
    0.0000   52.5000  -45.0000 2115.8271   21.3702
    7.5000   52.5000  -45.0000 2098.2874   21.5433
   -7.5000  -37.5000  -37.5000 1687.4739   34.5888
    0.0000  -37.5000  -37.5000 1705.2512   34.4077
    7.5000  -37.5000  -37.5000 1703.5248   34.6539
   -7.5000  -30.0000  -37.5000 1820.6409   29.9721
    0.0000  -30.0000  -37.5000 1833.0961   29.6976
    7.5000  -30.0000  -37.5000 1826.9811   29.8844
   -7.5000  -22.5000  -37.5000 1946.9508   26.4203
    0.0000  -22.5000  -37.5000 1961.4390   26.1621
    7.5000  -22.5000  -37.5000 1951.2250   26.2430
   -7.5000  -15.0000  -37.5000 2055.2515   23.6502
    0.0000  -15.0000  -37.5000 2075.1138   23.4877
    7.5000  -15.0000  -37.5000 2068.4763   23.5529
   -7.5000   -7.5000  -37.5000 2159.5718   21.6358
    0.0000   -7.5000  -37.5000 2180.9673   21.5247
    7.5000   -7.5000  -37.5000 2179.0217   21.5831
   -7.5000    0.0000  -37.5000 2246.9207   20.1560
    0.0000    0.0000  -37.5000 2273.5549   20.0754
    7.5000    0.0000  -37.5000 2265.1650   20.1465
   -7.5000    7.5000  -37.5000 2295.7690   19.1206
    0.0000    7.5000  -37.5000 2316.9114   19.0275
    7.5000    7.5000  -37.5000 2306.8806   19.0755
   -7.5000   15.0000  -37.5000 2322.0371   18.3779
    0.0000   15.0000  -37.5000 2344.3000   18.2684
    7.5000   15.0000  -37.5000 2334.6877   18.3154
   -7.5000   22.5000  -37.5000 2332.8223   17.9856
    0.0000   22.5000  -37.5000 2349.7822   17.8713
    7.5000   22.5000  -37.5000 2341.1709   17.9258
   -7.5000   30.0000  -37.5000 2318.6736   17.9300
    0.0000   30.0000  -37.5000 2333.2266   17.8039
    7.5000   30.0000  -37.5000 2323.8035   17.8737
   -7.5000   37.5000  -37.5000 2304.8706   18.2093
    0.0000   37.5000  -37.5000 2319.1292   18.0837
    7.5000   37.5000  -37.5000 2302.9343   18.1718
   -7.5000   45.0000  -37.5000 2270.1008   18.8398
    0.0000   45.0000  -37.5000 2288.0173   18.6692
    7.5000   45.0000  -37.5000 2269.9551   18.7906
   -7.5000   52.5000  -37.5000 2199.8491   19.7279
    0.0000   52.5000  -37.5000 2218.5061   19.5149
    7.5000   52.5000  -37.5000 2201.7253   19.6235
   -7.5000  -37.5000  -30.0000 1781.5643   32.9773
    0.0000  -37.5000  -30.0000 1791.5350   32.8244
    7.5000  -37.5000  -30.0000 1790.8782   33.0703
   -7.5000  -30.0000  -30.0000 1920.7509   28.5734
    0.0000  -30.0000  -30.0000 1933.7936   28.4305
    7.5000  -30.0000  -30.0000 1928.2068   28.5863
   -7.5000  -22.5000  -30.0000 2058.8882   25.1894
    0.0000  -22.5000  -30.0000 2074.5078   25.0604
    7.5000  -22.5000  -30.0000 2067.1794   25.1460
   -7.5000  -15.0000  -30.0000 2178.9253   22.5655
    0.0000  -15.0000  -30.0000 2200.4531   22.4973
    7.5000  -15.0000  -30.0000 2195.2644   22.5413
   -7.5000   -7.5000  -30.0000 2286.2739   20.5810
    0.0000   -7.5000  -30.0000 2312.2957   20.4944
    7.5000   -7.5000  -30.0000 2306.2515   20.5697
   -7.5000    0.0000  -30.0000 2375.1646   19.1321
    0.0000    0.0000  -30.0000 2406.0344   19.0141
    7.5000    0.0000  -30.0000 2393.5732   19.0714
   -7.5000    7.5000  -30.0000 2433.7539   18.0863
    0.0000    7.5000  -30.0000 2461.2043   18.0215
    7.5000    7.5000  -30.0000 2450.6284   18.0411
   -7.5000   15.0000  -30.0000 2466.7131   17.4169
    0.0000   15.0000  -30.0000 2490.4133   17.3325
    7.5000   15.0000  -30.0000 2479.5186   17.3399
   -7.5000   22.5000  -30.0000 2489.0520   17.0292
    0.0000   22.5000  -30.0000 2507.0596   16.9505
    7.5000   22.5000  -30.0000 2495.9160   16.9710
   -7.5000   30.0000  -30.0000 2479.8877   16.9701
    0.0000   30.0000  -30.0000 2499.0647   16.8968
    7.5000   30.0000  -30.0000 2484.5762   16.9280
   -7.5000   37.5000  -30.0000 2459.9656   17.2625
    0.0000   37.5000  -30.0000 2479.2532   17.1733
    7.5000   37.5000  -30.0000 2461.2373   17.2269
   -7.5000   45.0000  -30.0000 2421.1887   17.8664
    0.0000   45.0000  -30.0000 2445.7256   17.7415
    7.5000   45.0000  -30.0000 2425.9465   17.8033
   -7.5000   52.5000  -30.0000 2349.9299   18.6891
    0.0000   52.5000  -30.0000 2370.7437   18.5308
    7.5000   52.5000  -30.0000 2350.5696   18.6457
   -7.5000  -37.5000  -22.5000 1853.7374   31.4369
    0.0000  -37.5000  -22.5000 1861.1576   31.2281
    7.5000  -37.5000  -22.5000 1861.8074   31.3783
   -7.5000  -30.0000  -22.5000 1997.8010   27.1757
    0.0000  -30.0000  -22.5000 2014.5653   26.9850
    7.5000  -30.0000  -22.5000 2007.1531   27.1098
   -7.5000  -22.5000  -22.5000 2142.3132   23.9631
    0.0000  -22.5000  -22.5000 2160.6274   23.7687
    7.5000  -22.5000  -22.5000 2152.7209   23.8611
   -7.5000  -15.0000  -22.5000 2267.8628   21.4052
    0.0000  -15.0000  -22.5000 2294.8757   21.2961
    7.5000  -15.0000  -22.5000 2288.0427   21.3073
   -7.5000   -7.5000  -22.5000 2381.4275   19.4774
    0.0000   -7.5000  -22.5000 2409.9031   19.3835
    7.5000   -7.5000  -22.5000 2401.6199   19.4070
   -7.5000    0.0000  -22.5000 2477.3213   18.0283
    0.0000    0.0000  -22.5000 2508.6851   17.9414
    7.5000    0.0000  -22.5000 2496.8865   17.9381
   -7.5000    7.5000  -22.5000 2545.6101   17.0014
    0.0000    7.5000  -22.5000 2574.6787   16.9485
    7.5000    7.5000  -22.5000 2561.7612   16.9581
   -7.5000   15.0000  -22.5000 2589.2473   16.3328
    0.0000   15.0000  -22.5000 2609.7295   16.2548
    7.5000   15.0000  -22.5000 2596.2671   16.2691
   -7.5000   22.5000  -22.5000 2617.8193   15.9426
    0.0000   22.5000  -22.5000 2637.9285   15.8686
    7.5000   22.5000  -22.5000 2619.6575   15.8445
   -7.5000   30.0000  -22.5000 2619.4421   15.8851
    0.0000   30.0000  -22.5000 2639.6677   15.8467
    7.5000   30.0000  -22.5000 2620.8979   15.8220
   -7.5000   37.5000  -22.5000 2600.6655   16.2245
    0.0000   37.5000  -22.5000 2621.5698   16.1754
    7.5000   37.5000  -22.5000 2602.2385   16.2163
   -7.5000   45.0000  -22.5000 2558.6086   16.8455
    0.0000   45.0000  -22.5000 2585.2942   16.7393
    7.5000   45.0000  -22.5000 2566.5095   16.7988
   -7.5000   52.5000  -22.5000 2478.5603   17.6093
    0.0000   52.5000  -22.5000 2504.7786   17.4745
    7.5000   52.5000  -22.5000 2481.8491   17.5818
   -7.5000  -37.5000  -15.0000 1902.1061   30.0673
    0.0000  -37.5000  -15.0000 1915.7235   29.8572
    7.5000  -37.5000  -15.0000 1911.2469   29.9334
   -7.5000  -30.0000  -15.0000 2053.4072   25.9643
    0.0000  -30.0000  -15.0000 2070.8096   25.6622
    7.5000  -30.0000  -15.0000 2063.2490   25.7775
   -7.5000  -22.5000  -15.0000 2200.8396   22.8882
    0.0000  -22.5000  -15.0000 2219.0881   22.5594
    7.5000  -22.5000  -15.0000 2211.1045   22.6198
   -7.5000  -15.0000  -15.0000 2324.7007   20.4401
    0.0000  -15.0000  -15.0000 2354.5657   20.2096
    7.5000  -15.0000  -15.0000 2348.8218   20.2167
   -7.5000   -7.5000  -15.0000 2444.4531   18.5521
    0.0000   -7.5000  -15.0000 2473.0715   18.3516
    7.5000   -7.5000  -15.0000 2465.0269   18.3802
   -7.5000    0.0000  -15.0000 2550.7837   17.1160
    0.0000    0.0000  -15.0000 2579.2405   16.9867
    7.5000    0.0000  -15.0000 2569.1177   16.9836
   -7.5000    7.5000  -15.0000 2629.4919   16.0574
    0.0000    7.5000  -15.0000 2659.2515   15.9553
    7.5000    7.5000  -15.0000 2648.8799   15.9733
   -7.5000   15.0000  -15.0000 2685.1157   15.3182
    0.0000   15.0000  -15.0000 2708.7292   15.2566
    7.5000   15.0000  -15.0000 2691.8054   15.2594
   -7.5000   22.5000  -15.0000 2716.6179   14.9081
    0.0000   22.5000  -15.0000 2740.0366   14.8505
    7.5000   22.5000  -15.0000 2718.8242   14.8360
   -7.5000   30.0000  -15.0000 2723.4482   14.8684
    0.0000   30.0000  -15.0000 2753.6902   14.8183
    7.5000   30.0000  -15.0000 2728.2422   14.8135
   -7.5000   37.5000  -15.0000 2710.9045   15.2498
    0.0000   37.5000  -15.0000 2737.2627   15.1850
    7.5000   37.5000  -15.0000 2714.1326   15.1998
   -7.5000   45.0000  -15.0000 2673.5396   15.8657
    0.0000   45.0000  -15.0000 2702.1592   15.7860
    7.5000   45.0000  -15.0000 2679.1406   15.8341
   -7.5000   52.5000  -15.0000 2581.0840   16.6344
    0.0000   52.5000  -15.0000 2608.7329   16.5171
    7.5000   52.5000  -15.0000 2581.9775   16.5977
   -7.5000  -37.5000   -7.5000 1936.7012   29.0961
    0.0000  -37.5000   -7.5000 1952.2476   28.7044
    7.5000  -37.5000   -7.5000 1948.5829   28.7741
   -7.5000  -30.0000   -7.5000 2094.3831   25.0892
    0.0000  -30.0000   -7.5000 2109.8093   24.6145
    7.5000  -30.0000   -7.5000 2103.9402   24.7070
   -7.5000  -22.5000   -7.5000 2240.7065   22.0282
    0.0000  -22.5000   -7.5000 2257.8792   21.5984
    7.5000  -22.5000   -7.5000 2252.3250   21.6629
   -7.5000  -15.0000   -7.5000 2363.3855   19.6156
    0.0000  -15.0000   -7.5000 2391.3628   19.2853
    7.5000  -15.0000   -7.5000 2388.0273   19.3383
   -7.5000   -7.5000   -7.5000 2484.8162   17.7967
    0.0000   -7.5000   -7.5000 2516.3286   17.5113
    7.5000   -7.5000   -7.5000 2512.3394   17.5464
   -7.5000    0.0000   -7.5000 2599.9995   16.3763
    0.0000    0.0000   -7.5000 2630.4170   16.1471
    7.5000    0.0000   -7.5000 2623.2524   16.1836
   -7.5000    7.5000   -7.5000 2694.8918   15.2665
    0.0000    7.5000   -7.5000 2731.1274   15.0897
    7.5000    7.5000   -7.5000 2715.7156   15.1163
   -7.5000   15.0000   -7.5000 2762.7180   14.4840
    0.0000   15.0000   -7.5000 2797.0757   14.3506
    7.5000   15.0000   -7.5000 2776.4697   14.3612
   -7.5000   22.5000   -7.5000 2802.0698   14.0423
    0.0000   22.5000   -7.5000 2832.1331   13.9347
    7.5000   22.5000   -7.5000 2806.7786   13.9491
   -7.5000   30.0000   -7.5000 2818.6567   14.0210
    0.0000   30.0000   -7.5000 2851.3369   13.8981
    7.5000   30.0000   -7.5000 2822.1680   13.9283
   -7.5000   37.5000   -7.5000 2801.7170   14.3914
    0.0000   37.5000   -7.5000 2833.9568   14.2921
    7.5000   37.5000   -7.5000 2807.3992   14.3232
   -7.5000   45.0000   -7.5000 2760.6570   14.9855
    0.0000   45.0000   -7.5000 2787.6052   14.8814
    7.5000   45.0000   -7.5000 2762.8135   14.9413
   -7.5000   52.5000   -7.5000 2658.0999   15.7831
    0.0000   52.5000   -7.5000 2685.8806   15.6585
    7.5000   52.5000   -7.5000 2659.7178   15.7216
   -7.5000  -37.5000    0.0000 1956.6626   28.5141
    0.0000  -37.5000    0.0000 1965.0260   27.9342
    7.5000  -37.5000    0.0000 1965.0342   28.0066
   -7.5000  -30.0000    0.0000 2115.6548   24.5867
    0.0000  -30.0000    0.0000 2127.8943   24.0012
    7.5000  -30.0000    0.0000 2125.4351   24.0775
   -7.5000  -22.5000    0.0000 2259.2417   21.5062
    0.0000  -22.5000    0.0000 2276.4429   21.0029
    7.5000  -22.5000    0.0000 2273.9080   21.0591
   -7.5000  -15.0000    0.0000 2389.8093   19.1137
    0.0000  -15.0000    0.0000 2415.5396   18.6681
    7.5000  -15.0000    0.0000 2414.2510   18.7497
   -7.5000   -7.5000    0.0000 2511.0488   17.2674
    0.0000   -7.5000    0.0000 2544.9917   16.8814
    7.5000   -7.5000    0.0000 2540.5164   16.9483
   -7.5000    0.0000    0.0000 2629.9507   15.8648
    0.0000    0.0000    0.0000 2659.9734   15.5157
    7.5000    0.0000    0.0000 2651.5957   15.5642
   -7.5000    7.5000    0.0000 2733.3452   14.7626
    0.0000    7.5000    0.0000 2771.2063   14.4604
    7.5000    7.5000    0.0000 2756.2036   14.5128
   -7.5000   15.0000    0.0000 2822.1597   13.9295
    0.0000   15.0000    0.0000 2861.0459   13.6845
    7.5000   15.0000    0.0000 2840.1179   13.7404
   -7.5000   22.5000    0.0000 2873.5220   13.4330
    0.0000   22.5000    0.0000 2911.6157   13.1849
    7.5000   22.5000    0.0000 2884.6755   13.2784
   -7.5000   30.0000    0.0000 2897.3098   13.3740
    0.0000   30.0000    0.0000 2936.6514   13.1660
    7.5000   30.0000    0.0000 2909.2898   13.2888
   -7.5000   37.5000    0.0000 2877.4685   13.7861
    0.0000   37.5000    0.0000 2911.5393   13.5875
    7.5000   37.5000    0.0000 2887.3252   13.7022
   -7.5000   45.0000    0.0000 2823.9612   14.3979
    0.0000   45.0000    0.0000 2853.9805   14.2095
    7.5000   45.0000    0.0000 2829.5862   14.2984
   -7.5000   52.5000    0.0000 2712.4282   15.1948
    0.0000   52.5000    0.0000 2740.5315   15.0045
    7.5000   52.5000    0.0000 2717.9336   15.0889
   -7.5000  -37.5000    7.5000 1957.3632   28.3726
    0.0000  -37.5000    7.5000 1971.3022   27.6090
    7.5000  -37.5000    7.5000 1965.8589   27.6580
   -7.5000  -30.0000    7.5000 2120.9746   24.4578
    0.0000  -30.0000    7.5000 2141.5613   23.7714
    7.5000  -30.0000    7.5000 2137.1335   23.7864
   -7.5000  -22.5000    7.5000 2265.5886   21.2944
    0.0000  -22.5000    7.5000 2285.4580   20.7040
    7.5000  -22.5000    7.5000 2284.6877   20.7477
   -7.5000  -15.0000    7.5000 2396.0630   18.8670
    0.0000  -15.0000    7.5000 2422.2693   18.3132
    7.5000  -15.0000    7.5000 2419.4692   18.3999
   -7.5000   -7.5000    7.5000 2523.7153   16.9753
    0.0000   -7.5000    7.5000 2552.6746   16.4780
    7.5000   -7.5000    7.5000 2546.4797   16.5508
   -7.5000    0.0000    7.5000 2647.6392   15.5047
    0.0000    0.0000    7.5000 2674.7827   15.0563
    7.5000    0.0000    7.5000 2666.4849   15.1452
   -7.5000    7.5000    7.5000 2758.1804   14.4144
    0.0000    7.5000    7.5000 2790.3943   14.0106
    7.5000    7.5000    7.5000 2780.6133   14.1143
   -7.5000   15.0000    7.5000 2857.2356   13.6625
    0.0000   15.0000    7.5000 2896.2805   13.2777
    7.5000   15.0000    7.5000 2878.1157   13.3678
   -7.5000   22.5000    7.5000 2925.0129   13.0631
    0.0000   22.5000    7.5000 2972.2312   12.6377
    7.5000   22.5000    7.5000 2944.9089   12.8595
   -7.5000   30.0000    7.5000 2957.3262   13.0129
    0.0000   30.0000    7.5000 2997.9124   12.5957
    7.5000   30.0000    7.5000 2976.7400   12.8884
   -7.5000   37.5000    7.5000 2934.2334   13.4678
    0.0000   37.5000    7.5000 2971.6792   13.1595
    7.5000   37.5000    7.5000 2950.7302   13.3520
   -7.5000   45.0000    7.5000 2866.6694   14.0886
    0.0000   45.0000    7.5000 2900.1924   13.8477
    7.5000   45.0000    7.5000 2876.9377   13.9672
   -7.5000   52.5000    7.5000 2748.8618   14.8416
    0.0000   52.5000    7.5000 2777.7268   14.6133
    7.5000   52.5000    7.5000 2757.6772   14.6991
   -7.5000  -37.5000   15.0000 1941.0740   28.4312
    0.0000  -37.5000   15.0000 1955.6423   27.6353
    7.5000  -37.5000   15.0000 1956.7671   27.6038
   -7.5000  -30.0000   15.0000 2104.1211   24.4450
    0.0000  -30.0000   15.0000 2133.3989   23.8009
    7.5000  -30.0000   15.0000 2130.7192   23.7353
   -7.5000  -22.5000   15.0000 2251.6313   21.2743
    0.0000  -22.5000   15.0000 2279.1658   20.6443
    7.5000  -22.5000   15.0000 2277.7620   20.6762
   -7.5000  -15.0000   15.0000 2386.4900   18.7838
    0.0000  -15.0000   15.0000 2415.4500   18.2073
    7.5000  -15.0000   15.0000 2413.1465   18.2841
   -7.5000   -7.5000   15.0000 2516.1812   16.8816
    0.0000   -7.5000   15.0000 2542.7932   16.3451
    7.5000   -7.5000   15.0000 2536.4612   16.4243
   -7.5000    0.0000   15.0000 2640.8052   15.4223
    0.0000    0.0000   15.0000 2666.8350   14.9012
    7.5000    0.0000   15.0000 2657.7588   14.9918
   -7.5000    7.5000   15.0000 2757.1694   14.2976
    0.0000    7.5000   15.0000 2782.3860   13.7954
    7.5000    7.5000   15.0000 2771.6904   13.9260
   -7.5000   15.0000   15.0000 2862.6045   13.4815
    0.0000   15.0000   15.0000 2893.9294   13.0458
    7.5000   15.0000   15.0000 2878.5583   13.1670
   -7.5000   22.5000   15.0000 2929.2805   12.9306
    0.0000   22.5000   15.0000 2966.9966   12.4838
    7.5000   22.5000   15.0000 2949.9514   12.6984
   -7.5000   30.0000   15.0000 2965.7449   12.8527
    0.0000   30.0000   15.0000 3009.0769   12.5059
    7.5000   30.0000   15.0000 2989.2915   12.7114
   -7.5000   37.5000   15.0000 2946.0901   13.2581
    0.0000   37.5000   15.0000 2994.7546   13.0191
    7.5000   37.5000   15.0000 2966.8154   13.1537
   -7.5000   45.0000   15.0000 2878.6868   13.9481
    0.0000   45.0000   15.0000 2916.4155   13.7265
    7.5000   45.0000   15.0000 2889.4978   13.8156
   -7.5000   52.5000   15.0000 2756.6199   14.7316
    0.0000   52.5000   15.0000 2785.6802   14.4981
    7.5000   52.5000   15.0000 2764.8518   14.5635
   -7.5000  -37.5000   22.5000 1909.5112   28.7980
    0.0000  -37.5000   22.5000 1927.3990   28.0930
    7.5000  -37.5000   22.5000 1932.4138   28.0174
   -7.5000  -30.0000   22.5000 2080.6101   24.7021
    0.0000  -30.0000   22.5000 2108.5015   24.0209
    7.5000  -30.0000   22.5000 2107.3989   24.0002
   -7.5000  -22.5000   22.5000 2232.9873   21.4799
    0.0000  -22.5000   22.5000 2262.6465   20.8436
    7.5000  -22.5000   22.5000 2263.3079   20.8631
   -7.5000  -15.0000   22.5000 2366.3440   18.9570
    0.0000  -15.0000   22.5000 2397.7236   18.3795
    7.5000  -15.0000   22.5000 2398.0850   18.4264
   -7.5000   -7.5000   22.5000 2495.2769   17.0648
    0.0000   -7.5000   22.5000 2525.1055   16.5268
    7.5000   -7.5000   22.5000 2520.8965   16.5782
   -7.5000    0.0000   22.5000 2621.1350   15.6105
    0.0000    0.0000   22.5000 2646.5935   15.1407
    7.5000    0.0000   22.5000 2637.4558   15.1911
   -7.5000    7.5000   22.5000 2737.1982   14.4973
    0.0000    7.5000   22.5000 2764.0264   14.1087
    7.5000    7.5000   22.5000 2749.5681   14.1599
   -7.5000   15.0000   22.5000 2837.3921   13.6747
    0.0000   15.0000   22.5000 2867.5198   13.2746
    7.5000   15.0000   22.5000 2851.6655   13.4039
   -7.5000   22.5000   22.5000 2905.8242   13.1520
    0.0000   22.5000   22.5000 2937.1802   12.7852
    7.5000   22.5000   22.5000 2917.5249   12.9104
   -7.5000   30.0000   22.5000 2935.2236   13.0581
    0.0000   30.0000   22.5000 2970.5334   12.7988
    7.5000   30.0000   22.5000 2951.4448   12.8832
   -7.5000   37.5000   22.5000 2915.5627   13.4006
    0.0000   37.5000   22.5000 2955.6270   13.1941
    7.5000   37.5000   22.5000 2934.6765   13.2611
   -7.5000   45.0000   22.5000 2852.2502   14.0591
    0.0000   45.0000   22.5000 2886.1116   13.8901
    7.5000   45.0000   22.5000 2864.6458   13.9364
   -7.5000   52.5000   22.5000 2733.1350   14.8392
    0.0000   52.5000   22.5000 2763.1042   14.6339
    7.5000   52.5000   22.5000 2741.4368   14.6676
   -7.5000  -37.5000   30.0000 1879.8759   29.5055
    0.0000  -37.5000   30.0000 1896.2854   28.8464
    7.5000  -37.5000   30.0000 1901.9343   28.8196
   -7.5000  -30.0000   30.0000 2048.6926   25.2455
    0.0000  -30.0000   30.0000 2071.2861   24.6001
    7.5000  -30.0000   30.0000 2072.1614   24.6268
   -7.5000  -22.5000   30.0000 2203.3818   21.9525
    0.0000  -22.5000   30.0000 2234.4419   21.3938
    7.5000  -22.5000   30.0000 2231.8313   21.4207
   -7.5000  -15.0000   30.0000 2337.5955   19.4283
    0.0000  -15.0000   30.0000 2375.3879   18.9461
    7.5000  -15.0000   30.0000 2370.7800   18.9883
   -7.5000   -7.5000   30.0000 2469.6328   17.5093
    0.0000   -7.5000   30.0000 2504.6812   17.1042
    7.5000   -7.5000   30.0000 2495.5688   17.1710
   -7.5000    0.0000   30.0000 2590.2070   16.0699
    0.0000    0.0000   30.0000 2623.9431   15.7353
    7.5000    0.0000   30.0000 2610.4097   15.7877
   -7.5000    7.5000   30.0000 2706.3069   14.9638
    0.0000    7.5000   30.0000 2736.6392   14.6292
    7.5000    7.5000   30.0000 2721.9980   14.7047
   -7.5000   15.0000   30.0000 2792.0461   14.1278
    0.0000   15.0000   30.0000 2826.2463   13.7488
    7.5000   15.0000   30.0000 2808.8225   13.8851
   -7.5000   22.5000   30.0000 2855.8250   13.6105
    0.0000   22.5000   30.0000 2885.1846   13.3087
    7.5000   22.5000   30.0000 2868.1460   13.3928
   -7.5000   30.0000   30.0000 2878.0867   13.5254
    0.0000   30.0000   30.0000 2904.1375   13.2690
    7.5000   30.0000   30.0000 2887.8325   13.3294
   -7.5000   37.5000   30.0000 2854.5132   13.8471
    0.0000   37.5000   30.0000 2882.3904   13.5937
    7.5000   37.5000   30.0000 2863.6238   13.6580
   -7.5000   45.0000   30.0000 2790.6350   14.4484
    0.0000   45.0000   30.0000 2821.5547   14.2488
    7.5000   45.0000   30.0000 2800.5762   14.2955
   -7.5000   52.5000   30.0000 2679.9648   15.1959
    0.0000   52.5000   30.0000 2710.2983   15.0172
    7.5000   52.5000   30.0000 2687.2927   15.0540
   -7.5000  -37.5000   37.5000 1845.3123   30.5727
    0.0000  -37.5000   37.5000 1864.5039   29.9809
    7.5000  -37.5000   37.5000 1869.9205   30.0689
   -7.5000  -30.0000   37.5000 2011.9600   26.0979
    0.0000  -30.0000   37.5000 2035.2677   25.6008
    7.5000  -30.0000   37.5000 2033.7836   25.7044
   -7.5000  -22.5000   37.5000 2167.6941   22.7685
    0.0000  -22.5000   37.5000 2194.9233   22.3225
    7.5000  -22.5000   37.5000 2190.7593   22.4201
   -7.5000  -15.0000   37.5000 2306.0012   20.1991
    0.0000  -15.0000   37.5000 2338.8271   19.8471
    7.5000  -15.0000   37.5000 2333.1343   19.9145
   -7.5000   -7.5000   37.5000 2433.2847   18.2510
    0.0000   -7.5000   37.5000 2469.8362   17.9449
    7.5000   -7.5000   37.5000 2459.2915   18.0243
   -7.5000    0.0000   37.5000 2550.0471   16.7567
    0.0000    0.0000   37.5000 2589.2773   16.4876
    7.5000    0.0000   37.5000 2576.8396   16.5644
   -7.5000    7.5000   37.5000 2657.1243   15.6188
    0.0000    7.5000   37.5000 2696.9907   15.3349
    7.5000    7.5000   37.5000 2681.9109   15.4239
   -7.5000   15.0000   37.5000 2738.8044   14.7960
    0.0000   15.0000   37.5000 2774.3782   14.4971
    7.5000   15.0000   37.5000 2757.9910   14.6076
   -7.5000   22.5000   37.5000 2791.9731   14.3219
    0.0000   22.5000   37.5000 2822.1897   14.0760
    7.5000   22.5000   37.5000 2805.5146   14.1404
   -7.5000   30.0000   37.5000 2802.0322   14.2185
    0.0000   30.0000   37.5000 2833.3115   13.9955
    7.5000   30.0000   37.5000 2817.4495   14.0467
   -7.5000   37.5000   37.5000 2774.7395   14.5128
    0.0000   37.5000   37.5000 2803.6724   14.2665
    7.5000   37.5000   37.5000 2787.4985   14.3218
   -7.5000   45.0000   37.5000 2715.1050   15.0717
    0.0000   45.0000   37.5000 2742.5964   14.8541
    7.5000   45.0000   37.5000 2722.6111   14.8987
   -7.5000   52.5000   37.5000 2606.4270   15.7819
    0.0000   52.5000   37.5000 2636.2561   15.6068
    7.5000   52.5000   37.5000 2616.6216   15.6451
   -7.5000  -37.5000   45.0000 1805.7998   32.0477
    0.0000  -37.5000   45.0000 1826.0931   31.5391
    7.5000  -37.5000   45.0000 1826.1259   31.6188
   -7.5000  -30.0000   45.0000 1975.7577   27.3985
    0.0000  -30.0000   45.0000 1996.2743   26.9349
    7.5000  -30.0000   45.0000 1993.9679   27.0233
   -7.5000  -22.5000   45.0000 2126.4675   23.8869
    0.0000  -22.5000   45.0000 2152.1682   23.4971
    7.5000  -22.5000   45.0000 2148.6780   23.5975
   -7.5000  -15.0000   45.0000 2261.9417   21.2359
    0.0000  -15.0000   45.0000 2295.0952   20.9372
    7.5000  -15.0000   45.0000 2288.6299   21.0446
   -7.5000   -7.5000   45.0000 2385.3044   19.2027
    0.0000   -7.5000   45.0000 2427.2092   18.9631
    7.5000   -7.5000   45.0000 2414.7476   19.0733
   -7.5000    0.0000   45.0000 2494.4009   17.6733
    0.0000    0.0000   45.0000 2536.6560   17.4340
    7.5000    0.0000   45.0000 2519.3931   17.5211
   -7.5000    7.5000   45.0000 2595.3176   16.5269
    0.0000    7.5000   45.0000 2636.8210   16.2639
    7.5000    7.5000   45.0000 2622.0500   16.3651
   -7.5000   15.0000   45.0000 2669.1335   15.7009
    0.0000   15.0000   45.0000 2703.8840   15.4623
    7.5000   15.0000   45.0000 2687.3298   15.5539
   -7.5000   22.5000   45.0000 2707.8660   15.2427
    0.0000   22.5000   45.0000 2737.4324   15.0294
    7.5000   22.5000   45.0000 2722.9050   15.0925
   -7.5000   30.0000   45.0000 2710.4395   15.1207
    0.0000   30.0000   45.0000 2741.9219   14.9128
    7.5000   30.0000   45.0000 2726.0830   14.9659
   -7.5000   37.5000   45.0000 2684.0713   15.3693
    0.0000   37.5000   45.0000 2710.2700   15.1436
    7.5000   37.5000   45.0000 2697.2546   15.1819
   -7.5000   45.0000   45.0000 2628.7437   15.9026
    0.0000   45.0000   45.0000 2661.2354   15.6862
    7.5000   45.0000   45.0000 2644.6458   15.7213
   -7.5000   52.5000   45.0000 2525.7161   16.6299
    0.0000   52.5000   45.0000 2548.5425   16.4125
    7.5000   52.5000   45.0000 2537.3535   16.4502

---------------------------------------------------------------------
imgreg_4dfp /opt/freesurfer/average/711-2C_as_mni_average_305 /opt/freesurfer/average/711-2B_as_mni_average_305_mask talsrcimg_g11 none talsrcimg_to_711-2C_as_mni_average_305_t4 1283
---------------------------------------------------------------------

freesurfer imgreg_4dfp.c
/opt/freesurfer/average/711-2C_as_mni_average_305.4dfp.img
       256       256       256         1
  1.000000  1.000000  1.000000
orientation T byte_order littleendian
Reading image: /opt/freesurfer/average/711-2C_as_mni_average_305.4dfp.img
dimensions:      256       256       256
mmppix:       1.0000   -1.0000   -1.0000
center:     128.0000 -129.0000 -129.0000
/opt/freesurfer/average/711-2B_as_mni_average_305_mask.4dfp.img
       256       256       256         1
  1.000000  1.000000  1.000000
orientation T byte_order littleendian
Reading mask: /opt/freesurfer/average/711-2B_as_mni_average_305_mask.4dfp.img (2306576 pixels)
talsrcimg_g11.4dfp.img
       256       256       256         1
  1.000000  1.000000  1.000000
orientation T byte_order littleendian
Reading image: talsrcimg_g11.4dfp.img
dimensions:      256       256       256
mmppix:       1.0000   -1.0000   -1.0000
center:     128.0000 -129.0000 -129.0000
rotation matrix determinant  1.000000
fimgreg.f
image alignment mode   1283 decimal      503 hex
parameters
    0.0000   30.0000   15.0000    0.0000    0.0000    0.0000
eta,q 0.94598 12.44233
niter,ni,del,rscale     5    3   12.0000    1.2000
parameter  2 -0.770891 -> -0.500000 qaram    1.1500
parameters
    1.7152   33.4500   12.9044   -2.1695    0.8043    2.7887
eta,q 0.94857 12.49018
  0.0642  0.0689  0.0555  0.0546  0.0605  0.0579
  0.0622  0.0648  0.0536  0.0528  0.0573  0.0561
  0.0608  0.0620  0.0534  0.0526  0.0541  0.0546
  0.0603  0.0590  0.0547  0.0533  0.0526  0.0527
  0.0592  0.0557  0.0557  0.0548  0.0534  0.0515
  0.0583  0.0551  0.0564  0.0569  0.0551  0.0518
  0.0618  0.0569  0.0596  0.0594  0.0572  0.0534
niter,ni,del,rscale     5    3   12.0000    1.2000
parameters
    1.0518   33.5628   12.8864   -1.9486    1.2650    2.7157
eta,q 0.94844 12.50339
  0.0594  0.0652  0.0578  0.0585  0.0598  0.0558
  0.0563  0.0597  0.0535  0.0539  0.0565  0.0545
  0.0527  0.0543  0.0518  0.0520  0.0531  0.0526
  0.0514  0.0516  0.0515  0.0515  0.0515  0.0515
  0.0534  0.0530  0.0533  0.0523  0.0525  0.0519
  0.0589  0.0582  0.0550  0.0542  0.0548  0.0538
  0.0645  0.0652  0.0564  0.0568  0.0578  0.0568
niter,ni,del,rscale     4    3   12.0000    1.2000
parameters
    0.8221   33.5254   12.9454   -2.0370    1.4466    2.8158
eta,q 0.94834 12.49851
  0.0599  0.0648  0.0581  0.0578  0.0593  0.0560
  0.0572  0.0594  0.0537  0.0535  0.0557  0.0548
  0.0536  0.0541  0.0519  0.0520  0.0526  0.0530
  0.0516  0.0517  0.0517  0.0517  0.0517  0.0517
  0.0523  0.0533  0.0534  0.0527  0.0529  0.0520
  0.0569  0.0588  0.0549  0.0547  0.0553  0.0537
  0.0629  0.0659  0.0565  0.0572  0.0582  0.0567
niter,ni,del,rscale     3    3   12.0000    1.2000
parameters
    0.7455   33.5618   12.9131   -2.1029    1.5074    2.8622
eta,q 0.94833 12.49928
  0.0602  0.0652  0.0580  0.0579  0.0590  0.0560
  0.0576  0.0597  0.0536  0.0535  0.0554  0.0548
  0.0539  0.0543  0.0518  0.0520  0.0525  0.0529
  0.0517  0.0517  0.0517  0.0517  0.0517  0.0517
  0.0521  0.0532  0.0534  0.0527  0.0531  0.0520
  0.0563  0.0587  0.0550  0.0547  0.0554  0.0537
  0.0624  0.0658  0.0567  0.0573  0.0583  0.0568
niter,ni,del,rscale     2    3   12.0000    1.2000
parameters
    0.7188   33.5948   12.8987   -2.1373    1.5253    2.8771
eta,q 0.94833 12.50060
  0.0603  0.0652  0.0580  0.0580  0.0589  0.0559
  0.0576  0.0597  0.0536  0.0536  0.0553  0.0548
  0.0540  0.0543  0.0518  0.0520  0.0524  0.0529
  0.0517  0.0517  0.0517  0.0517  0.0517  0.0517
  0.0521  0.0533  0.0534  0.0526  0.0531  0.0520
  0.0562  0.0588  0.0549  0.0547  0.0555  0.0538
  0.0622  0.0658  0.0567  0.0572  0.0584  0.0568
registration optimization eta report
parameter search radius
    6.0000    6.9000    6.0000    6.0000    6.0000    6.0000
100000*second partial in parameter space
       26.       28.       15.       17.       19.       13.
  0.0603  0.0652  0.0580  0.0580  0.0589  0.0559
  0.0576  0.0597  0.0536  0.0536  0.0553  0.0548
  0.0540  0.0543  0.0518  0.0520  0.0524  0.0529
  0.0517  0.0517  0.0517  0.0517  0.0517  0.0517
  0.0521  0.0533  0.0534  0.0526  0.0531  0.0520
  0.0562  0.0588  0.0549  0.0547  0.0555  0.0538
  0.0622  0.0658  0.0567  0.0572  0.0584  0.0568
    0.7188   33.5948   12.8987   -2.1373    1.5253    2.8771
eta,q 0.94833 12.50060

---------------------------------------------------------------------
imgreg_4dfp /opt/freesurfer/average/711-2C_as_mni_average_305 /opt/freesurfer/average/711-2B_as_mni_average_305_mask talsrcimg_g11 none talsrcimg_to_711-2C_as_mni_average_305_t4 3335
---------------------------------------------------------------------

freesurfer imgreg_4dfp.c
/opt/freesurfer/average/711-2C_as_mni_average_305.4dfp.img
       256       256       256         1
  1.000000  1.000000  1.000000
orientation T byte_order littleendian
Reading image: /opt/freesurfer/average/711-2C_as_mni_average_305.4dfp.img
dimensions:      256       256       256
mmppix:       1.0000   -1.0000   -1.0000
center:     128.0000 -129.0000 -129.0000
/opt/freesurfer/average/711-2B_as_mni_average_305_mask.4dfp.img
       256       256       256         1
  1.000000  1.000000  1.000000
orientation T byte_order littleendian
Reading mask: /opt/freesurfer/average/711-2B_as_mni_average_305_mask.4dfp.img (2306576 pixels)
talsrcimg_g11.4dfp.img
       256       256       256         1
  1.000000  1.000000  1.000000
orientation T byte_order littleendian
Reading image: talsrcimg_g11.4dfp.img
dimensions:      256       256       256
mmppix:       1.0000   -1.0000   -1.0000
center:     128.0000 -129.0000 -129.0000
fimgreg.f
image alignment mode   3335 decimal      D07 hex
parameters
    0.7188   33.5948   12.8987   -0.1614   -0.1906   -0.1050
   -4.9167   -2.8439    5.0176    3.5912    2.6619   -3.7281
eta,q 0.95076 12.59684
niter,ni,del,rscale     5    3    5.0000    1.2000
parameter  4  6.599833 ->  0.500000 qaram    1.1500
parameter  5  1.394192 ->  0.500000 qaram    1.1500
parameter  6  1.136677 ->  0.500000 qaram    1.1500
parameters
    0.5605   33.5899   12.7248   -4.3014   -4.3306   -4.2450
   -5.6093   -1.7803    1.5858    4.0626    1.9486   -1.8447
eta,q 0.96459 11.96405
  0.0505  0.0509  0.0504  0.0391  0.0382  0.0345  0.0373  0.0408  0.0360  0.0380  0.0365  0.0370
  0.0496  0.0502  0.0497  0.0416  0.0390  0.0356  0.0365  0.0386  0.0356  0.0368  0.0359  0.0363
  0.0492  0.0496  0.0493  0.0450  0.0405  0.0372  0.0361  0.0369  0.0356  0.0360  0.0356  0.0358
  0.0492  0.0492  0.0492  0.0492  0.0425  0.0394  0.0360  0.0360  0.0359  0.0355  0.0355  0.0355
  0.0495  0.0493  0.0495  0.0533  0.0454  0.0426  0.0363  0.0361  0.0366  0.0356  0.0357  0.0354
  0.0500  0.0500  0.0500  0.0570  0.0486  0.0470  0.0370  0.0370  0.0375  0.0363  0.0362  0.0356
  0.0506  0.0512  0.0508  0.0608  0.0520  0.0519  0.0380  0.0387  0.0388  0.0375  0.0370  0.0360
niter,ni,del,rscale     7    3    5.0000    1.2000
parameter  4  1.025046 ->  0.500000 qaram    1.3225
parameter  5  1.367611 ->  0.500000 qaram    1.3225
parameter  6  0.627089 ->  0.500000 qaram    1.3225
parameter 12  0.609969 ->  0.500000 qaram    1.1500
parameters
    0.8691   32.7272   11.7114   -9.0624   -9.0916   -9.0060
   -4.9211   -1.4561    2.9879    2.4589    2.5859   -5.9847
eta,q 0.97270 11.43029
  0.0388  0.0359  0.0353  0.0306  0.0281  0.0283  0.0299  0.0318  0.0298  0.0292  0.0289  0.0275
  0.0371  0.0353  0.0349  0.0311  0.0293  0.0279  0.0289  0.0297  0.0289  0.0281  0.0283  0.0273
  0.0360  0.0351  0.0348  0.0322  0.0303  0.0283  0.0282  0.0284  0.0282  0.0277  0.0278  0.0274
  0.0354  0.0354  0.0351  0.0348  0.0313  0.0296  0.0279  0.0279  0.0279  0.0278  0.0277  0.0276
  0.0355  0.0361  0.0356  0.0387  0.0332  0.0315  0.0280  0.0282  0.0279  0.0285  0.0277  0.0282
  0.0362  0.0371  0.0364  0.0435  0.0357  0.0346  0.0284  0.0293  0.0281  0.0296  0.0280  0.0288
  0.0375  0.0383  0.0375  0.0478  0.0385  0.0390  0.0293  0.0311  0.0287  0.0311  0.0285  0.0296
niter,ni,del,rscale     7    3    5.0000    1.2000
parameter  2  0.544805 ->  0.500000 qaram    1.1500
parameter  4  0.514398 ->  0.500000 qaram    1.5209
parameter  5  1.040434 ->  0.500000 qaram    1.5209
parameters
    1.0239   31.3472   11.5491  -14.5375  -14.5667   -9.3299
   -5.3216   -1.2460    2.2407    2.6540    3.0459   -6.3591
eta,q 0.97734 11.11626
  0.0305  0.0272  0.0281  0.0262  0.0231  0.0268  0.0249  0.0265  0.0242  0.0262  0.0236  0.0245
  0.0288  0.0268  0.0274  0.0259  0.0225  0.0249  0.0237  0.0246  0.0233  0.0244  0.0231  0.0235
  0.0278  0.0268  0.0269  0.0262  0.0237  0.0235  0.0229  0.0233  0.0228  0.0231  0.0228  0.0229
  0.0273  0.0273  0.0268  0.0268  0.0259  0.0227  0.0227  0.0227  0.0227  0.0227  0.0227  0.0227
  0.0275  0.0280  0.0270  0.0284  0.0281  0.0231  0.0231  0.0231  0.0230  0.0230  0.0227  0.0230
  0.0283  0.0291  0.0276  0.0318  0.0306  0.0249  0.0240  0.0243  0.0238  0.0242  0.0230  0.0237
  0.0298  0.0304  0.0285  0.0369  0.0338  0.0279  0.0254  0.0261  0.0249  0.0258  0.0234  0.0249
niter,ni,del,rscale     7    3    5.0000    1.2000
parameters
    1.1515   31.2871   11.8970  -14.3477  -16.1138   -8.7863
   -5.0898   -1.2908    2.1490    2.6742    2.8778   -6.0227
eta,q 0.97765 11.10224
  0.0256  0.0259  0.0245  0.0262  0.0272  0.0272  0.0249  0.0260  0.0241  0.0257  0.0232  0.0244
  0.0241  0.0241  0.0236  0.0244  0.0248  0.0252  0.0236  0.0241  0.0231  0.0238  0.0227  0.0234
  0.0231  0.0230  0.0229  0.0231  0.0229  0.0236  0.0227  0.0228  0.0226  0.0227  0.0224  0.0227
  0.0227  0.0226  0.0226  0.0226  0.0226  0.0224  0.0223  0.0224  0.0224  0.0224  0.0223  0.0223
  0.0228  0.0231  0.0227  0.0228  0.0246  0.0225  0.0226  0.0229  0.0226  0.0228  0.0224  0.0225
  0.0237  0.0244  0.0230  0.0237  0.0273  0.0240  0.0234  0.0242  0.0232  0.0239  0.0228  0.0231
  0.0251  0.0261  0.0237  0.0264  0.0300  0.0268  0.0246  0.0261  0.0242  0.0255  0.0233  0.0242
niter,ni,del,rscale     6    3    5.0000    1.2000
parameters
    1.1426   31.3547   12.1785  -14.0846  -16.4959   -8.6134
   -5.0372   -1.3358    2.1629    2.5861    2.7247   -5.8090
eta,q 0.97770 11.10661
  0.0250  0.0258  0.0242  0.0260  0.0280  0.0270  0.0247  0.0260  0.0240  0.0255  0.0232  0.0243
  0.0236  0.0240  0.0232  0.0241  0.0255  0.0251  0.0234  0.0241  0.0231  0.0237  0.0227  0.0233
  0.0227  0.0228  0.0226  0.0228  0.0234  0.0234  0.0226  0.0228  0.0225  0.0226  0.0224  0.0226
  0.0223  0.0223  0.0223  0.0223  0.0223  0.0223  0.0223  0.0223  0.0223  0.0223  0.0223  0.0223
  0.0226  0.0227  0.0224  0.0225  0.0236  0.0226  0.0226  0.0228  0.0225  0.0228  0.0224  0.0225
  0.0236  0.0238  0.0228  0.0233  0.0262  0.0244  0.0234  0.0242  0.0231  0.0239  0.0227  0.0231
  0.0251  0.0255  0.0235  0.0261  0.0288  0.0273  0.0246  0.0261  0.0241  0.0256  0.0233  0.0241
niter,ni,del,rscale     5    3    5.0000    1.2000
parameters
    1.1232   31.3455   12.2816  -14.0660  -16.6060   -8.5558
   -5.0379   -1.3435    2.1897    2.5113    2.6624   -5.6792
eta,q 0.97771 11.10507
  0.0250  0.0256  0.0239  0.0258  0.0283  0.0270  0.0247  0.0260  0.0240  0.0255  0.0232  0.0242
  0.0235  0.0238  0.0231  0.0240  0.0257  0.0250  0.0234  0.0241  0.0231  0.0237  0.0227  0.0232
  0.0226  0.0227  0.0225  0.0228  0.0235  0.0234  0.0226  0.0228  0.0225  0.0226  0.0224  0.0226
  0.0223  0.0223  0.0223  0.0223  0.0223  0.0223  0.0223  0.0223  0.0223  0.0223  0.0223  0.0223
  0.0226  0.0227  0.0224  0.0225  0.0233  0.0226  0.0226  0.0228  0.0225  0.0227  0.0224  0.0225
  0.0236  0.0239  0.0229  0.0234  0.0259  0.0245  0.0234  0.0241  0.0231  0.0239  0.0227  0.0231
  0.0251  0.0256  0.0237  0.0263  0.0285  0.0274  0.0247  0.0260  0.0240  0.0255  0.0232  0.0241
niter,ni,del,rscale     4    3    5.0000    1.2000
parameters
    1.1169   31.3326   12.3222  -14.0592  -16.6376   -8.5408
   -5.0428   -1.3399    2.2014    2.4652    2.6605   -5.6037
eta,q 0.97771 11.10453
  0.0250  0.0256  0.0239  0.0258  0.0283  0.0269  0.0247  0.0260  0.0240  0.0255  0.0232  0.0242
  0.0236  0.0238  0.0230  0.0240  0.0258  0.0250  0.0234  0.0241  0.0231  0.0237  0.0227  0.0232
  0.0226  0.0227  0.0225  0.0228  0.0235  0.0234  0.0226  0.0228  0.0225  0.0226  0.0224  0.0226
  0.0223  0.0223  0.0223  0.0223  0.0223  0.0223  0.0223  0.0223  0.0223  0.0223  0.0223  0.0223
  0.0226  0.0227  0.0224  0.0225  0.0233  0.0226  0.0226  0.0228  0.0225  0.0227  0.0224  0.0225
  0.0235  0.0238  0.0229  0.0234  0.0258  0.0245  0.0234  0.0241  0.0231  0.0239  0.0227  0.0231
  0.0251  0.0256  0.0238  0.0263  0.0285  0.0275  0.0247  0.0260  0.0240  0.0255  0.0232  0.0242
niter,ni,del,rscale     3    3    5.0000    1.2000
parameters
    1.1163   31.3240   12.3395  -14.0580  -16.6490   -8.5381
   -5.0486   -1.3351    2.2021    2.4344    2.6622   -5.5651
eta,q 0.97771 11.10400
  0.0250  0.0256  0.0238  0.0258  0.0283  0.0269  0.0247  0.0260  0.0240  0.0255  0.0232  0.0242
  0.0236  0.0238  0.0230  0.0240  0.0258  0.0250  0.0234  0.0241  0.0231  0.0237  0.0227  0.0232
  0.0226  0.0227  0.0225  0.0228  0.0236  0.0234  0.0226  0.0228  0.0225  0.0226  0.0224  0.0226
  0.0223  0.0223  0.0223  0.0223  0.0223  0.0223  0.0223  0.0223  0.0223  0.0223  0.0223  0.0223
  0.0226  0.0227  0.0225  0.0225  0.0232  0.0226  0.0226  0.0228  0.0225  0.0227  0.0224  0.0225
  0.0235  0.0238  0.0230  0.0234  0.0258  0.0245  0.0234  0.0241  0.0231  0.0238  0.0227  0.0232
  0.0250  0.0256  0.0238  0.0263  0.0285  0.0275  0.0246  0.0260  0.0241  0.0255  0.0232  0.0242
registration optimization eta report
parameter search radius
    2.4000    2.7600    2.4000   10.9503   10.9503    9.5220
    7.2000    7.2000    7.2000    7.2000    7.2000    8.2800
100000*second partial in parameter space
       47.       43.       26.        3.        5.        5.
        5.        7.        3.        6.        2.        3.
  0.0250  0.0256  0.0238  0.0258  0.0283  0.0269  0.0247  0.0260  0.0240  0.0255  0.0232  0.0242
  0.0236  0.0238  0.0230  0.0240  0.0258  0.0250  0.0234  0.0241  0.0231  0.0237  0.0227  0.0232
  0.0226  0.0227  0.0225  0.0228  0.0236  0.0234  0.0226  0.0228  0.0225  0.0226  0.0224  0.0226
  0.0223  0.0223  0.0223  0.0223  0.0223  0.0223  0.0223  0.0223  0.0223  0.0223  0.0223  0.0223
  0.0226  0.0227  0.0225  0.0225  0.0232  0.0226  0.0226  0.0228  0.0225  0.0227  0.0224  0.0225
  0.0235  0.0238  0.0230  0.0234  0.0258  0.0245  0.0234  0.0241  0.0231  0.0238  0.0227  0.0232
  0.0250  0.0256  0.0238  0.0263  0.0285  0.0275  0.0246  0.0260  0.0241  0.0255  0.0232  0.0242
    1.1163   31.3240   12.3395  -14.0580  -16.6490   -8.5381
   -5.0486   -1.3351    2.2021    2.4344    2.6622   -5.5651
eta,q 0.97771 11.10400

---------------------------------------------------------------------
imgreg_4dfp /opt/freesurfer/average/711-2C_as_mni_average_305 /opt/freesurfer/average/711-2B_as_mni_average_305_mask talsrcimg_g11 none talsrcimg_to_711-2C_as_mni_average_305_t4 2311
---------------------------------------------------------------------

freesurfer imgreg_4dfp.c
/opt/freesurfer/average/711-2C_as_mni_average_305.4dfp.img
       256       256       256         1
  1.000000  1.000000  1.000000
orientation T byte_order littleendian
Reading image: /opt/freesurfer/average/711-2C_as_mni_average_305.4dfp.img
dimensions:      256       256       256
mmppix:       1.0000   -1.0000   -1.0000
center:     128.0000 -129.0000 -129.0000
/opt/freesurfer/average/711-2B_as_mni_average_305_mask.4dfp.img
       256       256       256         1
  1.000000  1.000000  1.000000
orientation T byte_order littleendian
Reading mask: /opt/freesurfer/average/711-2B_as_mni_average_305_mask.4dfp.img (2306576 pixels)
talsrcimg_g11.4dfp.img
       256       256       256         1
  1.000000  1.000000  1.000000
orientation T byte_order littleendian
Reading image: talsrcimg_g11.4dfp.img
dimensions:      256       256       256
mmppix:       1.0000   -1.0000   -1.0000
center:     128.0000 -129.0000 -129.0000
fimgreg.f
image alignment mode   2311 decimal      907 hex
parameters
    1.1163   31.3240   12.3395  -14.0580  -16.6490   -8.5381
   -5.0486   -1.3351    2.2021    2.4344    2.6622   -5.5651
eta,q 0.97771 11.10400
niter,ni,del,rscale     5    3    5.0000    0.8000
parameters
    1.1427   31.3213   12.3471  -13.2500  -16.4411   -7.8772
   -5.0579   -1.4119    2.2530    2.3478    2.3386   -5.6768
eta,q 0.97781 11.17355
  0.0236  0.0234  0.0230  0.0231  0.0242  0.0242  0.0233  0.0240  0.0230  0.0237  0.0226  0.0229
  0.0229  0.0228  0.0226  0.0227  0.0233  0.0234  0.0227  0.0230  0.0226  0.0229  0.0224  0.0225
  0.0225  0.0224  0.0224  0.0224  0.0226  0.0227  0.0223  0.0224  0.0223  0.0223  0.0222  0.0223
  0.0223  0.0223  0.0223  0.0223  0.0223  0.0223  0.0222  0.0222  0.0222  0.0222  0.0222  0.0222
  0.0224  0.0224  0.0224  0.0223  0.0224  0.0222  0.0223  0.0225  0.0223  0.0224  0.0223  0.0223
  0.0228  0.0228  0.0226  0.0224  0.0230  0.0227  0.0227  0.0232  0.0226  0.0230  0.0224  0.0225
  0.0235  0.0235  0.0230  0.0226  0.0240  0.0235  0.0233  0.0241  0.0230  0.0238  0.0227  0.0230
niter,ni,del,rscale     4    3    5.0000    0.7000
parameters
    1.1394   31.2509   12.4256  -13.3082  -16.4635   -7.7045
   -5.0868   -1.4153    2.3200    2.2981    2.2311   -5.5594
eta,q 0.97782 11.17617
  0.0232  0.0230  0.0228  0.0226  0.0236  0.0236  0.0230  0.0237  0.0228  0.0234  0.0225  0.0228
  0.0226  0.0226  0.0225  0.0224  0.0229  0.0230  0.0226  0.0229  0.0225  0.0227  0.0223  0.0225
  0.0223  0.0223  0.0223  0.0222  0.0224  0.0225  0.0223  0.0224  0.0223  0.0223  0.0222  0.0223
  0.0222  0.0222  0.0222  0.0222  0.0222  0.0222  0.0222  0.0222  0.0222  0.0222  0.0222  0.0222
  0.0223  0.0223  0.0222  0.0223  0.0223  0.0223  0.0223  0.0224  0.0222  0.0223  0.0222  0.0222
  0.0226  0.0227  0.0224  0.0224  0.0229  0.0227  0.0226  0.0229  0.0224  0.0228  0.0224  0.0224
  0.0232  0.0232  0.0227  0.0226  0.0237  0.0235  0.0231  0.0237  0.0228  0.0234  0.0226  0.0227
niter,ni,del,rscale     3    3    5.0000    0.6000
parameters
    1.1388   31.2301   12.4583  -13.3983  -16.4412   -7.6254
   -5.1057   -1.4100    2.3423    2.2371    2.2077   -5.4879
eta,q 0.97783 11.17465
  0.0229  0.0228  0.0226  0.0225  0.0233  0.0232  0.0228  0.0233  0.0227  0.0231  0.0224  0.0226
  0.0225  0.0225  0.0224  0.0223  0.0227  0.0227  0.0225  0.0227  0.0224  0.0226  0.0223  0.0224
  0.0223  0.0223  0.0222  0.0222  0.0224  0.0224  0.0222  0.0223  0.0222  0.0223  0.0222  0.0222
  0.0222  0.0222  0.0222  0.0222  0.0222  0.0222  0.0222  0.0222  0.0222  0.0222  0.0222  0.0222
  0.0223  0.0223  0.0222  0.0222  0.0223  0.0223  0.0222  0.0223  0.0222  0.0223  0.0222  0.0222
  0.0225  0.0225  0.0224  0.0223  0.0227  0.0226  0.0225  0.0227  0.0224  0.0226  0.0223  0.0223
  0.0229  0.0229  0.0226  0.0225  0.0233  0.0232  0.0228  0.0233  0.0226  0.0231  0.0224  0.0226
niter,ni,del,rscale     2    3    5.0000    0.5000
parameters
    1.1457   31.2203   12.4795  -13.4974  -16.4123   -7.5706
   -5.1277   -1.4092    2.3368    2.1986    2.1935   -5.4241
eta,q 0.97783 11.17214
  0.0227  0.0226  0.0225  0.0224  0.0230  0.0229  0.0226  0.0230  0.0225  0.0228  0.0224  0.0225
  0.0224  0.0224  0.0223  0.0222  0.0226  0.0226  0.0224  0.0225  0.0223  0.0224  0.0223  0.0223
  0.0222  0.0222  0.0222  0.0222  0.0223  0.0223  0.0222  0.0223  0.0222  0.0222  0.0222  0.0222
  0.0222  0.0222  0.0222  0.0222  0.0222  0.0222  0.0222  0.0222  0.0222  0.0222  0.0222  0.0222
  0.0222  0.0222  0.0222  0.0222  0.0222  0.0222  0.0222  0.0223  0.0222  0.0222  0.0222  0.0222
  0.0224  0.0224  0.0223  0.0223  0.0225  0.0225  0.0224  0.0225  0.0223  0.0225  0.0223  0.0223
  0.0227  0.0227  0.0225  0.0224  0.0230  0.0229  0.0226  0.0230  0.0225  0.0228  0.0224  0.0224
niter,ni,del,rscale     1    3    5.0000    0.4000
parameters
    1.1444   31.2101   12.4785  -13.5836  -16.3599   -7.5289
   -5.1607   -1.4174    2.3493    2.1708    2.2085   -5.4012
eta,q 0.97784 11.17095
  0.0225  0.0225  0.0224  0.0223  0.0227  0.0227  0.0225  0.0227  0.0224  0.0226  0.0223  0.0224
  0.0223  0.0223  0.0223  0.0222  0.0224  0.0224  0.0223  0.0224  0.0223  0.0223  0.0222  0.0223
  0.0222  0.0222  0.0222  0.0222  0.0222  0.0222  0.0222  0.0222  0.0222  0.0222  0.0222  0.0222
  0.0222  0.0222  0.0222  0.0222  0.0222  0.0222  0.0222  0.0222  0.0222  0.0222  0.0222  0.0222
  0.0222  0.0222  0.0222  0.0222  0.0222  0.0222  0.0222  0.0222  0.0222  0.0222  0.0222  0.0222
  0.0223  0.0223  0.0223  0.0222  0.0224  0.0224  0.0223  0.0224  0.0223  0.0224  0.0222  0.0222
  0.0225  0.0225  0.0224  0.0223  0.0227  0.0227  0.0225  0.0227  0.0224  0.0226  0.0223  0.0223
registration optimization eta report
parameter search radius
    0.8000    0.8000    0.8000    2.4000    2.4000    2.4000
    2.4000    2.4000    2.4000    2.4000    2.4000    2.4000
100000*second partial in parameter space
       52.       49.       31.        2.        9.        9.
        5.        9.        4.        7.        2.        3.
  0.0225  0.0225  0.0224  0.0223  0.0227  0.0227  0.0225  0.0227  0.0224  0.0226  0.0223  0.0224
  0.0223  0.0223  0.0223  0.0222  0.0224  0.0224  0.0223  0.0224  0.0223  0.0223  0.0222  0.0223
  0.0222  0.0222  0.0222  0.0222  0.0222  0.0222  0.0222  0.0222  0.0222  0.0222  0.0222  0.0222
  0.0222  0.0222  0.0222  0.0222  0.0222  0.0222  0.0222  0.0222  0.0222  0.0222  0.0222  0.0222
  0.0222  0.0222  0.0222  0.0222  0.0222  0.0222  0.0222  0.0222  0.0222  0.0222  0.0222  0.0222
  0.0223  0.0223  0.0223  0.0222  0.0224  0.0224  0.0223  0.0224  0.0223  0.0224  0.0222  0.0222
  0.0225  0.0225  0.0224  0.0223  0.0227  0.0227  0.0225  0.0227  0.0224  0.0226  0.0223  0.0223
    1.1444   31.2101   12.4785  -13.5836  -16.3599   -7.5289
   -5.1607   -1.4174    2.3493    2.1708    2.2085   -5.4012
eta,q 0.97784 11.17095

---------------------------------------------------------------------
imgreg_4dfp /opt/freesurfer/average/711-2C_as_mni_average_305 /opt/freesurfer/average/711-2B_as_mni_average_305_mask talsrcimg_g11 none talsrcimg_to_711-2C_as_mni_average_305_t4 2311
---------------------------------------------------------------------

freesurfer imgreg_4dfp.c
/opt/freesurfer/average/711-2C_as_mni_average_305.4dfp.img
       256       256       256         1
  1.000000  1.000000  1.000000
orientation T byte_order littleendian
Reading image: /opt/freesurfer/average/711-2C_as_mni_average_305.4dfp.img
dimensions:      256       256       256
mmppix:       1.0000   -1.0000   -1.0000
center:     128.0000 -129.0000 -129.0000
/opt/freesurfer/average/711-2B_as_mni_average_305_mask.4dfp.img
       256       256       256         1
  1.000000  1.000000  1.000000
orientation T byte_order littleendian
Reading mask: /opt/freesurfer/average/711-2B_as_mni_average_305_mask.4dfp.img (2306576 pixels)
talsrcimg_g11.4dfp.img
       256       256       256         1
  1.000000  1.000000  1.000000
orientation T byte_order littleendian
Reading image: talsrcimg_g11.4dfp.img
dimensions:      256       256       256
mmppix:       1.0000   -1.0000   -1.0000
center:     128.0000 -129.0000 -129.0000
fimgreg.f
image alignment mode   2311 decimal      907 hex
parameters
    1.1444   31.2101   12.4785  -13.5836  -16.3599   -7.5289
   -5.1607   -1.4174    2.3493    2.1708    2.2085   -5.4012
eta,q 0.97784 11.17094
niter,ni,del,rscale     5    3    5.0000    0.8000
parameters
    1.1295   31.1875   12.4862  -13.3140  -16.5687   -7.7053
   -5.0882   -1.3899    2.3250    2.2043    2.2574   -5.4006
eta,q 0.97781 11.17191
  0.0234  0.0234  0.0230  0.0228  0.0239  0.0238  0.0233  0.0241  0.0230  0.0238  0.0227  0.0229
  0.0227  0.0227  0.0225  0.0224  0.0230  0.0230  0.0227  0.0231  0.0226  0.0229  0.0224  0.0225
  0.0223  0.0223  0.0223  0.0222  0.0224  0.0224  0.0223  0.0224  0.0223  0.0224  0.0222  0.0223
  0.0222  0.0222  0.0222  0.0222  0.0222  0.0222  0.0222  0.0222  0.0222  0.0222  0.0222  0.0222
  0.0223  0.0223  0.0222  0.0222  0.0224  0.0224  0.0223  0.0224  0.0223  0.0224  0.0222  0.0223
  0.0228  0.0227  0.0225  0.0224  0.0232  0.0231  0.0227  0.0231  0.0226  0.0229  0.0224  0.0225
  0.0235  0.0234  0.0229  0.0226  0.0243  0.0241  0.0233  0.0241  0.0230  0.0237  0.0226  0.0229
niter,ni,del,rscale     4    3    5.0000    0.7000
parameters
    1.1390   31.2183   12.4864  -13.3328  -16.5085   -7.6786
   -5.1037   -1.3975    2.3213    2.1948    2.2436   -5.4156
eta,q 0.97783 11.17320
  0.0232  0.0232  0.0228  0.0226  0.0236  0.0235  0.0230  0.0237  0.0228  0.0234  0.0225  0.0227
  0.0226  0.0226  0.0225  0.0224  0.0229  0.0229  0.0226  0.0229  0.0225  0.0227  0.0223  0.0224
  0.0223  0.0223  0.0222  0.0222  0.0224  0.0224  0.0223  0.0224  0.0223  0.0223  0.0222  0.0222
  0.0222  0.0222  0.0222  0.0222  0.0222  0.0222  0.0222  0.0222  0.0222  0.0222  0.0222  0.0222
  0.0223  0.0223  0.0222  0.0222  0.0223  0.0223  0.0223  0.0224  0.0222  0.0223  0.0222  0.0222
  0.0226  0.0226  0.0225  0.0224  0.0228  0.0228  0.0226  0.0229  0.0225  0.0227  0.0223  0.0224
  0.0232  0.0231  0.0228  0.0226  0.0237  0.0236  0.0230  0.0237  0.0228  0.0234  0.0225  0.0227
niter,ni,del,rscale     3    3    5.0000    0.6000
parameters
    1.1418   31.2151   12.4864  -13.3977  -16.4532   -7.6232
   -5.1237   -1.4042    2.3287    2.1848    2.2217   -5.4176
eta,q 0.97783 11.17371
  0.0229  0.0229  0.0226  0.0225  0.0233  0.0232  0.0228  0.0233  0.0227  0.0231  0.0224  0.0226
  0.0225  0.0225  0.0224  0.0223  0.0228  0.0227  0.0225  0.0227  0.0224  0.0226  0.0223  0.0224
  0.0223  0.0223  0.0222  0.0222  0.0224  0.0223  0.0222  0.0223  0.0222  0.0223  0.0222  0.0222
  0.0222  0.0222  0.0222  0.0222  0.0222  0.0222  0.0222  0.0222  0.0222  0.0222  0.0222  0.0222
  0.0223  0.0222  0.0222  0.0222  0.0223  0.0223  0.0223  0.0223  0.0222  0.0223  0.0222  0.0222
  0.0225  0.0225  0.0224  0.0223  0.0226  0.0226  0.0225  0.0227  0.0224  0.0226  0.0223  0.0224
  0.0229  0.0229  0.0226  0.0225  0.0233  0.0232  0.0228  0.0233  0.0226  0.0231  0.0224  0.0226
niter,ni,del,rscale     2    3    5.0000    0.5000
parameters
    1.1441   31.2087   12.4867  -13.4969  -16.4130   -7.5730
   -5.1302   -1.4065    2.3408    2.1775    2.2159   -5.3996
eta,q 0.97783 11.17190
  0.0227  0.0227  0.0225  0.0224  0.0230  0.0229  0.0226  0.0230  0.0225  0.0228  0.0224  0.0225
  0.0224  0.0224  0.0223  0.0223  0.0226  0.0226  0.0224  0.0225  0.0223  0.0224  0.0222  0.0223
  0.0222  0.0222  0.0222  0.0222  0.0223  0.0223  0.0222  0.0223  0.0222  0.0222  0.0222  0.0222
  0.0222  0.0222  0.0222  0.0222  0.0222  0.0222  0.0222  0.0222  0.0222  0.0222  0.0222  0.0222
  0.0222  0.0222  0.0222  0.0222  0.0222  0.0222  0.0222  0.0223  0.0222  0.0222  0.0222  0.0222
  0.0224  0.0224  0.0223  0.0223  0.0225  0.0225  0.0224  0.0226  0.0223  0.0225  0.0223  0.0223
  0.0227  0.0227  0.0225  0.0224  0.0230  0.0229  0.0226  0.0230  0.0225  0.0228  0.0224  0.0225
niter,ni,del,rscale     1    3    5.0000    0.4000
parameters
    1.1493   31.2015   12.4881  -13.5902  -16.3610   -7.5269
   -5.1466   -1.4106    2.3273    2.1536    2.2150   -5.3683
eta,q 0.97784 11.17040
  0.0225  0.0225  0.0224  0.0223  0.0227  0.0227  0.0225  0.0227  0.0224  0.0226  0.0223  0.0224
  0.0223  0.0223  0.0223  0.0222  0.0224  0.0224  0.0223  0.0224  0.0223  0.0223  0.0222  0.0222
  0.0222  0.0222  0.0222  0.0222  0.0222  0.0222  0.0222  0.0222  0.0222  0.0222  0.0222  0.0222
  0.0222  0.0222  0.0222  0.0222  0.0222  0.0222  0.0222  0.0222  0.0222  0.0222  0.0222  0.0222
  0.0222  0.0222  0.0222  0.0222  0.0222  0.0222  0.0222  0.0222  0.0222  0.0222  0.0222  0.0222
  0.0223  0.0223  0.0223  0.0222  0.0224  0.0224  0.0223  0.0224  0.0223  0.0224  0.0222  0.0222
  0.0225  0.0225  0.0224  0.0223  0.0227  0.0227  0.0225  0.0227  0.0224  0.0226  0.0223  0.0223
registration optimization eta report
parameter search radius
    0.8000    0.8000    0.8000    2.4000    2.4000    2.4000
    2.4000    2.4000    2.4000    2.4000    2.4000    2.4000
100000*second partial in parameter space
       52.       49.       31.        2.        9.        9.
        5.        9.        4.        7.        2.        3.
  0.0225  0.0225  0.0224  0.0223  0.0227  0.0227  0.0225  0.0227  0.0224  0.0226  0.0223  0.0224
  0.0223  0.0223  0.0223  0.0222  0.0224  0.0224  0.0223  0.0224  0.0223  0.0223  0.0222  0.0222
  0.0222  0.0222  0.0222  0.0222  0.0222  0.0222  0.0222  0.0222  0.0222  0.0222  0.0222  0.0222
  0.0222  0.0222  0.0222  0.0222  0.0222  0.0222  0.0222  0.0222  0.0222  0.0222  0.0222  0.0222
  0.0222  0.0222  0.0222  0.0222  0.0222  0.0222  0.0222  0.0222  0.0222  0.0222  0.0222  0.0222
  0.0223  0.0223  0.0223  0.0222  0.0224  0.0224  0.0223  0.0224  0.0223  0.0224  0.0222  0.0222
  0.0225  0.0225  0.0224  0.0223  0.0227  0.0227  0.0225  0.0227  0.0224  0.0226  0.0223  0.0223
    1.1493   31.2015   12.4881  -13.5902  -16.3610   -7.5269
   -5.1466   -1.4106    2.3273    2.1536    2.2150   -5.3683
eta,q 0.97784 11.17040

---------------------------------------------------------------------
compute_vox2vox talsrcimg talsrcimg_to_711-2C_as_mni_average_305_t4 /opt/freesurfer/average/711-2C_as_mni_average_305
---------------------------------------------------------------------

freesurfer compute_vox2vox.c
Reading: talsrcimg.4dfp.ifh
Reading: talsrcimg_to_711-2C_as_mni_average_305_t4
Reading: /opt/freesurfer/average/711-2C_as_mni_average_305.4dfp.ifh
Writing: talsrcimg_to_711-2C_as_mni_average_305_t4_vox2vox.txt

start time Mon Mar 9 00:15:35 CET 2026
end		time Mon Mar 9 00:17:00 CET 2026

mpr2mni305 success

avi2talxfm orig_nu.mgz /opt/freesurfer/average/mni305.cor.mgz talsrcimg_to_711-2C_as_mni_average_305_t4_vox2vox.txt transforms/talairach.auto.xfm
avi2talxfm done
mv -f /out/sourcedata/freesurfer/sub-v1s16x0051190_ses-1/mri/talsrcimg_to_711-2C_as_mni_average_305_t4_vox2vox.txt /out/sourcedata/freesurfer/sub-v1s16x0051190_ses-1/mri/transforms/talsrcimg_to_711-2C_as_mni_average_305_t4_vox2vox.txt
lta_convert --src orig_nu.mgz --trg /opt/freesurfer/average/mni305.cor.mgz --inxfm transforms/talairach.auto.xfm --outlta transforms/talairach.auto.xfm.lta --subject fsaverage
7.3.2

--src: orig_nu.mgz src image (geometry).
--trg: /opt/freesurfer/average/mni305.cor.mgz trg image (geometry).
--inmni: transforms/talairach.auto.xfm input MNI/XFM transform.
--outlta: transforms/talairach.auto.xfm.lta output LTA.
--s: fsaverage subject name
 LTA read, type : 1
 1.15493   0.01594   0.07209  -1.71643;
-0.02949   1.07938   0.06746  -11.52609;
-0.03138  -0.02824   1.19187  -52.19347;
 0.00000   0.00000   0.00000   1.00000;
setting subject to fsaverage
Writing  LTA to file transforms/talairach.auto.xfm.lta...
lta_convert successful.
 
 
Started at Mon Mar 9 00:15:35 CET 2026
Ended   at Mon Mar  9 00:17:00 CET 2026
talairach_avi done
