status file for recon-all
Mon Mar  9 01:35:49 CET 2026
#@# Tessellate lh Mon Mar  9 01:35:49 CET 2026
#@# Smooth1 lh Mon Mar  9 01:35:51 CET 2026
#@# Inflation1 lh Mon Mar  9 01:35:53 CET 2026
#@# QSphere lh Mon Mar  9 01:36:03 CET 2026
#@# Fix Topology lh Mon Mar  9 01:36:59 CET 2026
#@# Smooth2 lh Mon Mar  9 01:41:45 CET 2026
#@# Inflation2 lh Mon Mar  9 01:41:47 CET 2026
#@# Curv .H and .K lh Mon Mar  9 01:41:58 CET 2026
#@# Sphere lh Mon Mar  9 01:42:30 CET 2026
#@# Surf Reg lh Mon Mar  9 01:47:35 CET 2026
#@# Jacobian white lh Mon Mar  9 01:56:09 CET 2026
#@# AvgCurv lh Mon Mar  9 01:56:09 CET 2026
#@# Cortical Parc lh Mon Mar  9 01:56:10 CET 2026
#@# white curv lh Mon Mar  9 02:00:45 CET 2026
#@# white area lh Mon Mar  9 02:00:47 CET 2026
#@# pial curv lh Mon Mar  9 02:00:47 CET 2026
#@# pial area lh Mon Mar  9 02:00:48 CET 2026
#@# thickness lh Mon Mar  9 02:00:49 CET 2026
#@# area and vertex vol lh Mon Mar  9 02:01:09 CET 2026
#@# Curvature Stats lh Mon Mar  9 02:01:10 CET 2026
#@# Cortical Parc 2 lh Mon Mar  9 02:01:12 CET 2026
#@# Cortical Parc 3 lh Mon Mar  9 02:01:20 CET 2026
#@# WM/GM Contrast lh Mon Mar  9 02:01:27 CET 2026
recon-all -s sub-v1s16x0051189_ses-1 finished without error at Mon Mar  9 02:01:29 CET 2026



#New# invocation of recon-all 



status file for recon-all
Mon Mar  9 02:32:53 CET 2026
#@# white curv lh Mon Mar  9 02:32:53 CET 2026
#@# white area lh Mon Mar  9 02:32:53 CET 2026
#@# pial curv lh Mon Mar  9 02:32:53 CET 2026
#@# pial area lh Mon Mar  9 02:32:53 CET 2026
#@# thickness lh Mon Mar  9 02:32:53 CET 2026
#@# area and vertex vol lh Mon Mar  9 02:32:53 CET 2026
#@# Parcellation Stats lh Mon Mar  9 02:32:53 CET 2026
#@# Parcellation Stats 2 lh Mon Mar  9 02:33:05 CET 2026
#@# Parcellation Stats 3 lh Mon Mar  9 02:33:11 CET 2026
#@# BA_exvivo Labels lh Mon Mar  9 02:33:17 CET 2026
recon-all -s sub-v1s16x0051189_ses-1 finished without error at Mon Mar  9 02:35:04 CET 2026
