status file for recon-all
Mon Mar  9 00:08:50 CET 2026
#@# MotionCor Mon Mar  9 00:08:52 CET 2026
#@# Talairach Mon Mar  9 00:08:57 CET 2026
#@# Talairach Failure Detection Mon Mar  9 00:11:46 CET 2026
#@# Nu Intensity Correction Mon Mar  9 00:11:46 CET 2026
#@# Intensity Normalization Mon Mar  9 00:14:31 CET 2026
recon-all -s sub-v1s16x0051189_ses-1 finished without error at Mon Mar  9 00:15:29 CET 2026



#New# invocation of recon-all 



status file for recon-all
Mon Mar  9 00:21:12 CET 2026
#@# EM Registration Mon Mar  9 00:21:12 CET 2026
recon-all -s sub-v1s16x0051189_ses-1 finished without error at Mon Mar  9 00:28:29 CET 2026



#New# invocation of recon-all 



status file for recon-all
Mon Mar  9 00:28:32 CET 2026
#@# CA Normalize Mon Mar  9 00:28:32 CET 2026
#@# CA Reg Mon Mar  9 00:29:27 CET 2026
#@# SubCort Seg Mon Mar  9 01:11:31 CET 2026
#@# CC Seg Mon Mar  9 01:31:38 CET 2026
#@# Merge ASeg Mon Mar  9 01:32:13 CET 2026
#@# Intensity Normalization2 Mon Mar  9 01:32:13 CET 2026
#@# Mask BFS Mon Mar  9 01:33:40 CET 2026
#@# WM Segmentation Mon Mar  9 01:33:40 CET 2026
#@# Fill Mon Mar  9 01:35:07 CET 2026
recon-all -s sub-v1s16x0051189_ses-1 finished without error at Mon Mar  9 01:35:44 CET 2026



#New# invocation of recon-all 



status file for recon-all
Mon Mar  9 02:29:29 CET 2026
#@# white curv lh Mon Mar  9 02:29:29 CET 2026
#@# white area lh Mon Mar  9 02:29:29 CET 2026
#@# pial curv lh Mon Mar  9 02:29:29 CET 2026
#@# pial area lh Mon Mar  9 02:29:29 CET 2026
#@# thickness lh Mon Mar  9 02:29:29 CET 2026
#@# area and vertex vol lh Mon Mar  9 02:29:29 CET 2026
#@# white curv rh Mon Mar  9 02:29:29 CET 2026
#@# white area rh Mon Mar  9 02:29:29 CET 2026
#@# pial curv rh Mon Mar  9 02:29:29 CET 2026
#@# pial area rh Mon Mar  9 02:29:29 CET 2026
#@# thickness rh Mon Mar  9 02:29:29 CET 2026
#@# area and vertex vol rh Mon Mar  9 02:29:29 CET 2026
#@# Cortical ribbon mask Mon Mar  9 02:29:29 CET 2026
recon-all -s sub-v1s16x0051189_ses-1 finished without error at Mon Mar  9 02:32:49 CET 2026



#New# invocation of recon-all 



status file for recon-all
Mon Mar  9 02:37:22 CET 2026
#@# white curv lh Mon Mar  9 02:37:22 CET 2026
#@# white area lh Mon Mar  9 02:37:22 CET 2026
#@# pial curv lh Mon Mar  9 02:37:22 CET 2026
#@# pial area lh Mon Mar  9 02:37:22 CET 2026
#@# thickness lh Mon Mar  9 02:37:22 CET 2026
#@# area and vertex vol lh Mon Mar  9 02:37:22 CET 2026
#@# white curv rh Mon Mar  9 02:37:22 CET 2026
#@# white area rh Mon Mar  9 02:37:22 CET 2026
#@# pial curv rh Mon Mar  9 02:37:22 CET 2026
#@# pial area rh Mon Mar  9 02:37:22 CET 2026
#@# thickness rh Mon Mar  9 02:37:22 CET 2026
#@# area and vertex vol rh Mon Mar  9 02:37:22 CET 2026
#@# Curvature Stats lh Mon Mar  9 02:37:22 CET 2026
#@# Curvature Stats rh Mon Mar  9 02:37:24 CET 2026
#@# Relabel Hypointensities Mon Mar  9 02:37:25 CET 2026
#@# APas-to-ASeg Mon Mar  9 02:37:35 CET 2026
#@# AParc-to-ASeg aparc Mon Mar  9 02:37:41 CET 2026
#@# AParc-to-ASeg aparc.a2009s Mon Mar  9 02:38:03 CET 2026
#@# AParc-to-ASeg aparc.DKTatlas Mon Mar  9 02:38:25 CET 2026
#@# WMParc Mon Mar  9 02:38:46 CET 2026
#@# ASeg Stats Mon Mar  9 02:40:59 CET 2026
recon-all -s sub-v1s16x0051189_ses-1 finished without error at Mon Mar  9 02:41:20 CET 2026
