status file for recon-all
Mon Mar  9 02:01:31 CET 2026
#@# Tessellate rh Mon Mar  9 02:01:31 CET 2026
#@# Smooth1 rh Mon Mar  9 02:01:33 CET 2026
#@# Inflation1 rh Mon Mar  9 02:01:35 CET 2026
#@# QSphere rh Mon Mar  9 02:01:45 CET 2026
#@# Fix Topology rh Mon Mar  9 02:02:24 CET 2026
#@# Smooth2 rh Mon Mar  9 02:11:04 CET 2026
#@# Inflation2 rh Mon Mar  9 02:11:06 CET 2026
#@# Curv .H and .K rh Mon Mar  9 02:11:21 CET 2026
#@# Sphere rh Mon Mar  9 02:11:53 CET 2026
#@# Surf Reg rh Mon Mar  9 02:18:08 CET 2026
#@# Jacobian white rh Mon Mar  9 02:23:53 CET 2026
#@# AvgCurv rh Mon Mar  9 02:23:53 CET 2026
#@# Cortical Parc rh Mon Mar  9 02:23:54 CET 2026
#@# white curv rh Mon Mar  9 02:28:45 CET 2026
#@# white area rh Mon Mar  9 02:28:46 CET 2026
#@# pial curv rh Mon Mar  9 02:28:46 CET 2026
#@# pial area rh Mon Mar  9 02:28:48 CET 2026
#@# thickness rh Mon Mar  9 02:28:48 CET 2026
#@# area and vertex vol rh Mon Mar  9 02:29:05 CET 2026
#@# Curvature Stats rh Mon Mar  9 02:29:06 CET 2026
#@# Cortical Parc 2 rh Mon Mar  9 02:29:07 CET 2026
#@# Cortical Parc 3 rh Mon Mar  9 02:29:16 CET 2026
#@# WM/GM Contrast rh Mon Mar  9 02:29:22 CET 2026
recon-all -s sub-v1s16x0051189_ses-1 finished without error at Mon Mar  9 02:29:24 CET 2026



#New# invocation of recon-all 



status file for recon-all
Mon Mar  9 02:35:07 CET 2026
#@# white curv rh Mon Mar  9 02:35:07 CET 2026
#@# white area rh Mon Mar  9 02:35:07 CET 2026
#@# pial curv rh Mon Mar  9 02:35:07 CET 2026
#@# pial area rh Mon Mar  9 02:35:07 CET 2026
#@# thickness rh Mon Mar  9 02:35:07 CET 2026
#@# area and vertex vol rh Mon Mar  9 02:35:07 CET 2026
#@# Parcellation Stats rh Mon Mar  9 02:35:07 CET 2026
#@# Parcellation Stats 2 rh Mon Mar  9 02:35:18 CET 2026
#@# Parcellation Stats 3 rh Mon Mar  9 02:35:24 CET 2026
#@# BA_exvivo Labels rh Mon Mar  9 02:35:30 CET 2026
recon-all -s sub-v1s16x0051189_ses-1 finished without error at Mon Mar  9 02:37:18 CET 2026
