status file for recon-all
Mon Mar  9 00:04:11 CET 2026
#@# Tessellate lh Mon Mar  9 00:04:11 CET 2026
#@# Smooth1 lh Mon Mar  9 00:04:14 CET 2026
#@# Inflation1 lh Mon Mar  9 00:04:15 CET 2026
#@# QSphere lh Mon Mar  9 00:04:21 CET 2026
#@# Fix Topology lh Mon Mar  9 00:04:54 CET 2026
#@# Smooth2 lh Mon Mar  9 00:10:37 CET 2026
#@# Inflation2 lh Mon Mar  9 00:10:38 CET 2026
#@# Curv .H and .K lh Mon Mar  9 00:10:44 CET 2026
#@# Sphere lh Mon Mar  9 00:11:13 CET 2026
#@# Surf Reg lh Mon Mar  9 00:14:55 CET 2026
#@# Jacobian white lh Mon Mar  9 00:18:04 CET 2026
#@# AvgCurv lh Mon Mar  9 00:18:05 CET 2026
#@# Cortical Parc lh Mon Mar  9 00:18:05 CET 2026
#@# white curv lh Mon Mar  9 00:22:26 CET 2026
#@# white area lh Mon Mar  9 00:22:27 CET 2026
#@# pial curv lh Mon Mar  9 00:22:27 CET 2026
#@# pial area lh Mon Mar  9 00:22:28 CET 2026
#@# thickness lh Mon Mar  9 00:22:29 CET 2026
#@# area and vertex vol lh Mon Mar  9 00:22:43 CET 2026
#@# Curvature Stats lh Mon Mar  9 00:22:44 CET 2026
#@# Cortical Parc 2 lh Mon Mar  9 00:22:45 CET 2026
#@# Cortical Parc 3 lh Mon Mar  9 00:22:53 CET 2026
#@# WM/GM Contrast lh Mon Mar  9 00:22:59 CET 2026
recon-all -s sub-v1s16x0051175_ses-1 finished without error at Mon Mar  9 00:23:00 CET 2026



#New# invocation of recon-all 



status file for recon-all
Mon Mar  9 00:45:35 CET 2026
#@# white curv lh Mon Mar  9 00:45:36 CET 2026
#@# white area lh Mon Mar  9 00:45:36 CET 2026
#@# pial curv lh Mon Mar  9 00:45:36 CET 2026
#@# pial area lh Mon Mar  9 00:45:36 CET 2026
#@# thickness lh Mon Mar  9 00:45:36 CET 2026
#@# area and vertex vol lh Mon Mar  9 00:45:36 CET 2026
#@# Parcellation Stats lh Mon Mar  9 00:45:36 CET 2026
#@# Parcellation Stats 2 lh Mon Mar  9 00:45:45 CET 2026
#@# Parcellation Stats 3 lh Mon Mar  9 00:45:50 CET 2026
#@# BA_exvivo Labels lh Mon Mar  9 00:45:55 CET 2026
recon-all -s sub-v1s16x0051175_ses-1 finished without error at Mon Mar  9 00:47:23 CET 2026
