status file for recon-all
Mon Mar  9 00:23:01 CET 2026
#@# Tessellate rh Mon Mar  9 00:23:01 CET 2026
#@# Smooth1 rh Mon Mar  9 00:23:04 CET 2026
#@# Inflation1 rh Mon Mar  9 00:23:05 CET 2026
#@# QSphere rh Mon Mar  9 00:23:11 CET 2026
#@# Fix Topology rh Mon Mar  9 00:23:46 CET 2026
#@# Smooth2 rh Mon Mar  9 00:29:38 CET 2026
#@# Inflation2 rh Mon Mar  9 00:29:39 CET 2026
#@# Curv .H and .K rh Mon Mar  9 00:29:45 CET 2026
#@# Sphere rh Mon Mar  9 00:30:14 CET 2026
#@# Surf Reg rh Mon Mar  9 00:33:33 CET 2026
#@# Jacobian white rh Mon Mar  9 00:36:41 CET 2026
#@# AvgCurv rh Mon Mar  9 00:36:42 CET 2026
#@# Cortical Parc rh Mon Mar  9 00:36:42 CET 2026
#@# white curv rh Mon Mar  9 00:41:38 CET 2026
#@# white area rh Mon Mar  9 00:41:39 CET 2026
#@# pial curv rh Mon Mar  9 00:41:39 CET 2026
#@# pial area rh Mon Mar  9 00:41:40 CET 2026
#@# thickness rh Mon Mar  9 00:41:40 CET 2026
#@# area and vertex vol rh Mon Mar  9 00:41:55 CET 2026
#@# Curvature Stats rh Mon Mar  9 00:41:55 CET 2026
#@# Cortical Parc 2 rh Mon Mar  9 00:41:57 CET 2026
#@# Cortical Parc 3 rh Mon Mar  9 00:42:04 CET 2026
#@# WM/GM Contrast rh Mon Mar  9 00:42:10 CET 2026
recon-all -s sub-v1s16x0051175_ses-1 finished without error at Mon Mar  9 00:42:12 CET 2026



#New# invocation of recon-all 



status file for recon-all
Mon Mar  9 00:47:25 CET 2026
#@# white curv rh Mon Mar  9 00:47:26 CET 2026
#@# white area rh Mon Mar  9 00:47:26 CET 2026
#@# pial curv rh Mon Mar  9 00:47:26 CET 2026
#@# pial area rh Mon Mar  9 00:47:26 CET 2026
#@# thickness rh Mon Mar  9 00:47:26 CET 2026
#@# area and vertex vol rh Mon Mar  9 00:47:26 CET 2026
#@# Parcellation Stats rh Mon Mar  9 00:47:26 CET 2026
#@# Parcellation Stats 2 rh Mon Mar  9 00:47:35 CET 2026
#@# Parcellation Stats 3 rh Mon Mar  9 00:47:40 CET 2026
#@# BA_exvivo Labels rh Mon Mar  9 00:47:45 CET 2026
recon-all -s sub-v1s16x0051175_ses-1 finished without error at Mon Mar  9 00:49:13 CET 2026
