/out/sourcedata/freesurfer/sub-v1s16x0051197_ses-1/mri
/opt/freesurfer/bin/talairach_avi
--i orig_nu.mgz --xfm transforms/talairach.auto.xfm
talairach_avi 7.3.2
Linux dna009 5.14.0-427.37.1.el9_4.x86_64 #1 SMP PREEMPT_DYNAMIC Fri Sep 13 12:41:50 EDT 2024 x86_64 x86_64 x86_64 GNU/Linux
Mon Mar  9 00:42:00 CET 2026
mri_convert orig_nu.mgz talsrcimg.img 
reading from orig_nu.mgz...
TR=0.00, TE=0.00, TI=0.00, flip angle=0.00
i_ras = (-1, 0, 0)
j_ras = (0, 0, -1)
k_ras = (0, 1, 0)
writing to talsrcimg.img...
Analyze Output Matrix
-1.00000   0.00000   0.00000   130.59520;
 0.00000   0.00000   1.00000  -124.10220;
 0.00000  -1.00000   0.00000   127.09219;
 0.00000   0.00000   0.00000   1.00000;
--------------------
INFO: set hdr.hist.orient to -1
mpr2mni305 talsrcimg
Mon Mar  9 00:42:01 CET 2026
/opt/freesurfer/bin/mpr2mni305 talsrcimg
mpr2mni305 7.3.2
target=711-2C_as_mni_average_305

---------------------------------------------------------------------
analyzeto4dfp talsrcimg -O0 -y
---------------------------------------------------------------------

freesurfer ifh2hdr.c
Mon Mar  9 00:42:01 2026
Writing: talsrcimg.4dfp.hdr
freesurfer analyzeto4dfp.c
Reading: talsrcimg.hdr
header size 348 bytes
hdr.dime.datatype	offset=70	value=2
hdr.dime.bitpix		offset=72	value=8
hdr.hist.orient		offset=252	value=-1
dimensionality     4
dimensions       256       256       256         1
Reading: talsrcimg.img
Writing: talsrcimg.4dfp.img
Writing: talsrcimg.4dfp.ifh
ifh2hdr talsrcimg -r0to215
ori=2

---------------------------------------------------------------------
gauss_4dfp talsrcimg 1.1
---------------------------------------------------------------------

freesurfer gauss_4dfp.c
Reading: talsrcimg.4dfp.img
Writing: talsrcimg_g11.4dfp.img
image dimensions 256 256 256 padded to 288 288 288
processing volume 1freesurfer ifh2hdr.c
Mon Mar  9 00:42:03 2026
Writing: talsrcimg_g11.4dfp.hdr

Writing: talsrcimg_g11.4dfp.ifh
including: talsrcimg.4dfp.img.rec in talsrcimg_g11.4dfp.img.rec

---------------------------------------------------------------------
imgreg_4dfp /opt/freesurfer/average/711-2C_as_mni_average_305 none talsrcimg_g11 none talsrcimg_to_711-2C_as_mni_average_305_t4 4355
---------------------------------------------------------------------

freesurfer imgreg_4dfp.c
/opt/freesurfer/average/711-2C_as_mni_average_305.4dfp.img
       256       256       256         1
  1.000000  1.000000  1.000000
orientation T byte_order littleendian
Reading image: /opt/freesurfer/average/711-2C_as_mni_average_305.4dfp.img
dimensions:      256       256       256
mmppix:       1.0000   -1.0000   -1.0000
center:     128.0000 -129.0000 -129.0000
talsrcimg_g11.4dfp.img
       256       256       256         1
  1.000000  1.000000  1.000000
orientation T byte_order littleendian
Reading image: talsrcimg_g11.4dfp.img
dimensions:      256       256       256
mmppix:       1.0000   -1.0000   -1.0000
center:     128.0000 -129.0000 -129.0000
t4_read: open error in t4_sub.f l:  41 t4_file(1:l)talsrcimg_to_711-2C_as_mni_average_305_t4 
t4_read: transform initialized to I4
rotation matrix determinant  1.000000
image alignment mode   4355 decimal     1103 hex
   -7.5000  -45.0000  -45.0000 7754.5864   24.8155
    0.0000  -45.0000  -45.0000 8042.8667   24.8300
    7.5000  -45.0000  -45.0000 7693.0835   24.8426
   -7.5000  -37.5000  -45.0000 8342.2539   24.6947
    0.0000  -37.5000  -45.0000 8660.1045   24.6772
    7.5000  -37.5000  -45.0000 8236.7266   24.6836
   -7.5000  -30.0000  -45.0000 9126.4229   24.6773
    0.0000  -30.0000  -45.0000 9476.6855   24.6561
    7.5000  -30.0000  -45.0000 8992.0918   24.6650
   -7.5000  -22.5000  -45.0000 9784.9199   24.7966
    0.0000  -22.5000  -45.000010134.0469   24.8094
    7.5000  -22.5000  -45.0000 9607.0156   24.8277
   -7.5000  -15.0000  -45.000010272.2529   24.9271
    0.0000  -15.0000  -45.000010660.5205   24.9749
    7.5000  -15.0000  -45.000010106.3633   24.9985
   -7.5000   -7.5000  -45.000010786.5771   24.9285
    0.0000   -7.5000  -45.000011164.8857   24.9743
    7.5000   -7.5000  -45.000010565.6875   24.9945
   -7.5000    0.0000  -45.000011230.6914   24.8155
    0.0000    0.0000  -45.000011640.5342   24.8300
    7.5000    0.0000  -45.000011022.4229   24.8426
   -7.5000    7.5000  -45.000010994.7686   24.6947
    0.0000    7.5000  -45.000011370.7383   24.6772
    7.5000    7.5000  -45.000010772.5459   24.6836
   -7.5000   15.0000  -45.000010551.7197   24.6773
    0.0000   15.0000  -45.000010887.5342   24.6561
    7.5000   15.0000  -45.000010327.0186   24.6650
   -7.5000   22.5000  -45.0000 9785.3574   24.7932
    0.0000   22.5000  -45.000010132.3867   24.8060
    7.5000   22.5000  -45.0000 9613.7578   24.8243
   -7.5000   30.0000  -45.0000 8872.5215   24.5949
    0.0000   30.0000  -45.0000 9169.4775   24.6421
    7.5000   30.0000  -45.0000 8716.2705   24.6654
   -7.5000   37.5000  -45.0000 8330.1807   24.5963
    0.0000   37.5000  -45.0000 8600.3320   24.6415
    7.5000   37.5000  -45.0000 8161.9956   24.6614
   -7.5000   45.0000  -45.0000 7485.7583   23.8630
    0.0000   45.0000  -45.0000 7704.5488   23.8771
    7.5000   45.0000  -45.0000 7332.9678   23.8891
   -7.5000  -45.0000  -37.5000 8340.9580   24.7705
    0.0000  -45.0000  -37.5000 8697.2715   24.7810
    7.5000  -45.0000  -37.5000 8242.2451   24.7953
   -7.5000  -37.5000  -37.5000 8913.8984   24.6393
    0.0000  -37.5000  -37.5000 9299.9150   24.6244
    7.5000  -37.5000  -37.5000 8801.7578   24.6340
   -7.5000  -30.0000  -37.5000 9710.7559   24.6203
    0.0000  -30.0000  -37.500010152.5000   24.6035
    7.5000  -30.0000  -37.5000 9611.5010   24.6095
   -7.5000  -22.5000  -37.500010405.3408   24.7492
    0.0000  -22.5000  -37.500010854.7490   24.7606
    7.5000  -22.5000  -37.500010245.2207   24.7685
   -7.5000  -15.0000  -37.500010926.2041   24.8889
    0.0000  -15.0000  -37.500011390.0488   24.9279
    7.5000  -15.0000  -37.500010727.4434   24.9396
   -7.5000   -7.5000  -37.500011419.7012   24.8911
    0.0000   -7.5000  -37.500011872.0674   24.9270
    7.5000   -7.5000  -37.500011206.6318   24.9416
   -7.5000    0.0000  -37.500011873.0645   24.7705
    0.0000    0.0000  -37.500012330.9609   24.7810
    7.5000    0.0000  -37.500011637.5654   24.7953
   -7.5000    7.5000  -37.500011593.9902   24.6393
    0.0000    7.5000  -37.500012039.5596   24.6244
    7.5000    7.5000  -37.500011359.7920   24.6340
   -7.5000   15.0000  -37.500011117.6279   24.6203
    0.0000   15.0000  -37.500011533.9932   24.6035
    7.5000   15.0000  -37.500010891.6250   24.6095
   -7.5000   22.5000  -37.500010314.5918   24.7458
    0.0000   22.5000  -37.500010727.2080   24.7572
    7.5000   22.5000  -37.500010144.8154   24.7651
   -7.5000   30.0000  -37.5000 9336.9805   24.5573
    0.0000   30.0000  -37.5000 9700.6680   24.5957
    7.5000   30.0000  -37.5000 9173.8750   24.6072
   -7.5000   37.5000  -37.5000 8707.3857   24.5594
    0.0000   37.5000  -37.5000 9051.0391   24.5949
    7.5000   37.5000  -37.5000 8565.3154   24.6092
   -7.5000   45.0000  -37.5000 7768.1182   23.8198
    0.0000   45.0000  -37.5000 8042.1440   23.8299
    7.5000   45.0000  -37.5000 7627.5991   23.8437
   -7.5000  -45.0000  -30.0000 9039.6689   25.8085
    0.0000  -45.0000  -30.0000 9453.1084   25.8238
    7.5000  -45.0000  -30.0000 8941.8438   25.8558
   -7.5000  -37.5000  -30.0000 9649.4492   25.6563
    0.0000  -37.5000  -30.000010082.3398   25.6590
    7.5000  -37.5000  -30.0000 9511.8389   25.6919
   -7.5000  -30.0000  -30.000010487.2949   25.6183
    0.0000  -30.0000  -30.000010984.3984   25.6251
    7.5000  -30.0000  -30.000010357.2461   25.6525
   -7.5000  -22.5000  -30.000011178.1729   25.7488
    0.0000  -22.5000  -30.000011719.9131   25.7768
    7.5000  -22.5000  -30.000011017.7070   25.7976
   -7.5000  -15.0000  -30.000011790.2715   25.9065
    0.0000  -15.0000  -30.000012306.0469   25.9495
    7.5000  -15.0000  -30.000011535.5225   25.9679
   -7.5000   -7.5000  -30.000012332.3350   25.9279
    0.0000   -7.5000  -30.000012828.4180   25.9622
    7.5000   -7.5000  -30.000012034.8691   25.9866
   -7.5000    0.0000  -30.000012793.2559   25.8085
    0.0000    0.0000  -30.000013319.8438   25.8238
    7.5000    0.0000  -30.000012490.6533   25.8558
   -7.5000    7.5000  -30.000012460.6592   25.6563
    0.0000    7.5000  -30.000012979.0312   25.6590
    7.5000    7.5000  -30.000012158.3721   25.6919
   -7.5000   15.0000  -30.000011890.2334   25.6183
    0.0000   15.0000  -30.000012374.7617   25.6251
    7.5000   15.0000  -30.000011580.4746   25.6525
   -7.5000   22.5000  -30.000011022.4424   25.7426
    0.0000   22.5000  -30.000011492.2217   25.7706
    7.5000   22.5000  -30.000010752.3633   25.7914
   -7.5000   30.0000  -30.0000 9934.3643   25.5637
    0.0000   30.0000  -30.000010375.3818   25.6061
    7.5000   30.0000  -30.0000 9726.1777   25.6243
   -7.5000   37.5000  -30.0000 9240.5459   25.5848
    0.0000   37.5000  -30.0000 9656.9893   25.6187
    7.5000   37.5000  -30.0000 9089.0830   25.6428
   -7.5000   45.0000  -30.0000 8223.3789   24.8362
    0.0000   45.0000  -30.0000 8534.5898   24.8510
    7.5000   45.0000  -30.0000 8072.0142   24.8817
   -7.5000  -45.0000  -22.5000 9727.3281   26.6723
    0.0000  -45.0000  -22.500010174.7246   26.6980
    7.5000  -45.0000  -22.5000 9603.9473   26.7453
   -7.5000  -37.5000  -22.500010347.1396   26.5073
    0.0000  -37.5000  -22.500010823.7734   26.5261
    7.5000  -37.5000  -22.500010193.1514   26.5805
   -7.5000  -30.0000  -22.500011221.4287   26.4489
    0.0000  -30.0000  -22.500011775.2256   26.4771
    7.5000  -30.0000  -22.500011088.0605   26.5308
   -7.5000  -22.5000  -22.500011971.2568   26.5708
    0.0000  -22.5000  -22.500012557.0088   26.6195
    7.5000  -22.5000  -22.500011787.4590   26.6648
   -7.5000  -15.0000  -22.500012647.6729   26.7394
    0.0000  -15.0000  -22.500013202.5801   26.7979
    7.5000  -15.0000  -22.500012324.7344   26.8348
   -7.5000   -7.5000  -22.500013300.6484   26.7824
    0.0000   -7.5000  -22.500013846.4463   26.8272
    7.5000   -7.5000  -22.500012871.9639   26.8655
   -7.5000    0.0000  -22.500013818.7168   26.6723
    0.0000    0.0000  -22.500014399.9287   26.6980
    7.5000    0.0000  -22.500013362.8105   26.7453
   -7.5000    7.5000  -22.500013401.4463   26.5073
    0.0000    7.5000  -22.500013973.0400   26.5261
    7.5000    7.5000  -22.500012962.3213   26.5805
   -7.5000   15.0000  -22.500012701.9385   26.4489
    0.0000   15.0000  -22.500013222.1611   26.4771
    7.5000   15.0000  -22.500012263.8467   26.5308
   -7.5000   22.5000  -22.500011745.6016   26.5626
    0.0000   22.5000  -22.500012267.8115   26.6113
    7.5000   22.5000  -22.500011374.7373   26.6566
   -7.5000   30.0000  -22.500010578.6221   26.3896
    0.0000   30.0000  -22.500011052.2168   26.4474
    7.5000   30.0000  -22.500010268.0010   26.4838
   -7.5000   37.5000  -22.5000 9816.5293   26.4321
    0.0000   37.5000  -22.500010245.6104   26.4762
    7.5000   37.5000  -22.5000 9567.6797   26.5141
   -7.5000   45.0000  -22.5000 8706.2334   25.6868
    0.0000   45.0000  -22.5000 9052.0576   25.7114
    7.5000   45.0000  -22.5000 8516.9443   25.7571
   -7.5000  -45.0000  -15.000010421.7959   27.2813
    0.0000  -45.0000  -15.000010874.7480   27.3124
    7.5000  -45.0000  -15.000010286.0938   27.3579
   -7.5000  -37.5000  -15.000011069.4854   27.1218
    0.0000  -37.5000  -15.000011531.3818   27.1388
    7.5000  -37.5000  -15.000010897.2002   27.1921
   -7.5000  -30.0000  -15.000012008.8154   27.0620
    0.0000  -30.0000  -15.000012530.5332   27.0876
    7.5000  -30.0000  -15.000011798.8877   27.1476
   -7.5000  -22.5000  -15.000012834.2412   27.1761
    0.0000  -22.5000  -15.000013362.9609   27.2295
    7.5000  -22.5000  -15.000012529.1934   27.2881
   -7.5000  -15.0000  -15.000013517.1133   27.3402
    0.0000  -15.0000  -15.000014024.8408   27.4115
    7.5000  -15.0000  -15.000013111.5176   27.4611
   -7.5000   -7.5000  -15.000014246.7451   27.3855
    0.0000   -7.5000  -15.000014744.5293   27.4429
    7.5000   -7.5000  -15.000013702.7832   27.4864
   -7.5000    0.0000  -15.000014779.8975   27.2813
    0.0000    0.0000  -15.000015375.1543   27.3124
    7.5000    0.0000  -15.000014228.1777   27.3579
   -7.5000    7.5000  -15.000014323.3291   27.1218
    0.0000    7.5000  -15.000014901.2217   27.1388
    7.5000    7.5000  -15.000013774.4785   27.1921
   -7.5000   15.0000  -15.000013501.4424   27.0620
    0.0000   15.0000  -15.000014035.6328   27.0876
    7.5000   15.0000  -15.000012946.5439   27.1476
   -7.5000   22.5000  -15.000012490.5977   27.1665
    0.0000   22.5000  -15.000013016.7598   27.2199
    7.5000   22.5000  -15.000012009.6758   27.2784
   -7.5000   30.0000  -15.000011258.7598   26.9864
    0.0000   30.0000  -15.000011723.8340   27.0567
    7.5000   30.0000  -15.000010846.8818   27.1057
   -7.5000   37.5000  -15.000010402.0107   27.0311
    0.0000   37.5000  -15.000010815.9658   27.0878
    7.5000   37.5000  -15.000010073.7002   27.1307
   -7.5000   45.0000  -15.0000 9194.2451   26.2891
    0.0000   45.0000  -15.0000 9546.4199   26.3191
    7.5000   45.0000  -15.0000 8953.8418   26.3630
   -7.5000  -45.0000   -7.500011165.9883   27.5911
    0.0000  -45.0000   -7.500011645.3955   27.6179
    7.5000  -45.0000   -7.500011036.4102   27.6466
   -7.5000  -37.5000   -7.500011844.7666   27.4493
    0.0000  -37.5000   -7.500012337.3643   27.4482
    7.5000  -37.5000   -7.500011667.0488   27.4770
   -7.5000  -30.0000   -7.500012865.2598   27.4100
    0.0000  -30.0000   -7.500013371.2422   27.4102
    7.5000  -30.0000   -7.500012604.3623   27.4475
   -7.5000  -22.5000   -7.500013790.0791   27.5275
    0.0000  -22.5000   -7.500014239.4092   27.5634
    7.5000  -22.5000   -7.500013370.1035   27.6092
   -7.5000  -15.0000   -7.500014500.8564   27.6771
    0.0000  -15.0000   -7.500014879.1191   27.7449
    7.5000  -15.0000   -7.500013983.8359   27.7896
   -7.5000   -7.5000   -7.500015200.2109   27.7011
    0.0000   -7.5000   -7.500015644.3818   27.7613
    7.5000   -7.5000   -7.500014618.0342   27.7972
   -7.5000    0.0000   -7.500015759.9688   27.5911
    0.0000    0.0000   -7.500016260.6357   27.6179
    7.5000    0.0000   -7.500015147.5400   27.6466
   -7.5000    7.5000   -7.500015287.5293   27.4493
    0.0000    7.5000   -7.500015792.1816   27.4482
    7.5000    7.5000   -7.500014675.6016   27.4770
   -7.5000   15.0000   -7.500014322.9570   27.4100
    0.0000   15.0000   -7.500014811.5254   27.4102
    7.5000   15.0000   -7.500013726.9424   27.4475
   -7.5000   22.5000   -7.500013251.2188   27.5148
    0.0000   22.5000   -7.500013743.8252   27.5506
    7.5000   22.5000   -7.500012684.5762   27.5965
   -7.5000   30.0000   -7.500011945.6201   27.3182
    0.0000   30.0000   -7.500012407.5654   27.3851
    7.5000   30.0000   -7.500011486.0986   27.4293
   -7.5000   37.5000   -7.500011040.7715   27.3419
    0.0000   37.5000   -7.500011447.0859   27.4012
    7.5000   37.5000   -7.500010672.1465   27.4367
   -7.5000   45.0000   -7.5000 9740.7568   26.5926
    0.0000   45.0000   -7.500010115.3379   26.6185
    7.5000   45.0000   -7.5000 9466.1240   26.6461
   -7.5000  -45.0000    0.000011790.7725   27.6722
    0.0000  -45.0000    0.000012286.5752   27.6897
    7.5000  -45.0000    0.000011673.3701   27.7034
   -7.5000  -37.5000    0.000012541.3154   27.5373
    0.0000  -37.5000    0.000013070.3350   27.5191
    7.5000  -37.5000    0.000012388.4912   27.5260
   -7.5000  -30.0000    0.000013696.0840   27.5174
    0.0000  -30.0000    0.000014193.9883   27.4951
    7.5000  -30.0000    0.000013361.3877   27.5049
   -7.5000  -22.5000    0.000014640.7812   27.6499
    0.0000  -22.5000    0.000015028.7471   27.6655
    7.5000  -22.5000    0.000014177.5693   27.6858
   -7.5000  -15.0000    0.000015310.5146   27.7955
    0.0000  -15.0000    0.000015681.7158   27.8501
    7.5000  -15.0000    0.000014830.6914   27.8762
   -7.5000   -7.5000    0.000016043.3652   27.7978
    0.0000   -7.5000    0.000016466.2344   27.8501
    7.5000   -7.5000    0.000015485.7354   27.8722
   -7.5000    0.0000    0.000016637.5449   27.6722
    0.0000    0.0000    0.000017100.2422   27.6897
    7.5000    0.0000    0.000016011.1133   27.7034
   -7.5000    7.5000    0.000016107.6289   27.5373
    0.0000    7.5000    0.000016612.4902   27.5191
    7.5000    7.5000    0.000015510.1719   27.5260
   -7.5000   15.0000    0.000015018.2051   27.5174
    0.0000   15.0000    0.000015489.5312   27.4951
    7.5000   15.0000    0.000014422.9248   27.5049
   -7.5000   22.5000    0.000013853.5938   27.6372
    0.0000   22.5000    0.000014312.7227   27.6528
    7.5000   22.5000    0.000013281.5020   27.6731
   -7.5000   30.0000    0.000012517.5312   27.4358
    0.0000   30.0000    0.000012973.1582   27.4896
    7.5000   30.0000    0.000012056.3379   27.5154
   -7.5000   37.5000    0.000011611.6328   27.4380
    0.0000   37.5000    0.000012002.8789   27.4897
    7.5000   37.5000    0.000011211.4609   27.5115
   -7.5000   45.0000    0.000010291.0176   26.6728
    0.0000   45.0000    0.000010633.0908   26.6897
    7.5000   45.0000    0.0000 9960.7881   26.7028
   -7.5000  -45.0000    7.500011501.6152   27.7072
    0.0000  -45.0000    7.500011965.1641   27.7193
    7.5000  -45.0000    7.500011378.5361   27.7356
   -7.5000  -37.5000    7.500012298.2910   27.5604
    0.0000  -37.5000    7.500012802.7275   27.5442
    7.5000  -37.5000    7.500012094.2168   27.5551
   -7.5000  -30.0000    7.500013487.9766   27.5392
    0.0000  -30.0000    7.500013957.7285   27.5208
    7.5000  -30.0000    7.500013142.4082   27.5277
   -7.5000  -22.5000    7.500014203.2852   27.6834
    0.0000  -22.5000    7.500014607.3008   27.6966
    7.5000  -22.5000    7.500013988.5186   27.7057
   -7.5000  -15.0000    7.500014624.6221   27.8397
    0.0000  -15.0000    7.500015100.9590   27.8838
    7.5000  -15.0000    7.500014583.1055   27.8970
   -7.5000   -7.5000    7.500015335.4004   27.8421
    0.0000   -7.5000    7.500015852.3467   27.8828
    7.5000   -7.5000    7.500015192.1348   27.8992
   -7.5000    0.0000    7.500016009.9219   27.7072
    0.0000    0.0000    7.500016534.3574   27.7193
    7.5000    0.0000    7.500015699.3428   27.7356
   -7.5000    7.5000    7.500015494.2393   27.5604
    0.0000    7.5000    7.500016059.2451   27.5442
    7.5000    7.5000    7.500015177.8398   27.5551
   -7.5000   15.0000    7.500014430.7520   27.5392
    0.0000   15.0000    7.500014973.4482   27.5208
    7.5000   15.0000    7.500014065.0693   27.5277
   -7.5000   22.5000    7.500013308.2227   27.6706
    0.0000   22.5000    7.500013810.1357   27.6839
    7.5000   22.5000    7.500012873.5312   27.6929
   -7.5000   30.0000    7.500012071.3174   27.4794
    0.0000   30.0000    7.500012543.0352   27.5229
    7.5000   30.0000    7.500011688.9473   27.5359
   -7.5000   37.5000    7.500011272.5381   27.4818
    0.0000   37.5000    7.500011680.1855   27.5219
    7.5000   37.5000    7.500010922.0918   27.5381
   -7.5000   45.0000    7.500010008.5469   26.7065
    0.0000   45.0000    7.500010346.0586   26.7182
    7.5000   45.0000    7.5000 9721.5566   26.7339
   -7.5000  -45.0000   15.000011103.7773   27.7141
    0.0000  -45.0000   15.000011519.3428   27.7306
    7.5000  -45.0000   15.000010978.4297   27.7649
   -7.5000  -37.5000   15.000011823.1689   27.5506
    0.0000  -37.5000   15.000012310.3438   27.5536
    7.5000  -37.5000   15.000011631.9160   27.5888
   -7.5000  -30.0000   15.000012893.0205   27.5098
    0.0000  -30.0000   15.000013404.9229   27.5172
    7.5000  -30.0000   15.000012683.6289   27.5466
   -7.5000  -22.5000   15.000013518.9082   27.6500
    0.0000  -22.5000   15.000013978.1553   27.6801
    7.5000  -22.5000   15.000013571.7920   27.7024
   -7.5000  -15.0000   15.000013856.1230   27.8194
    0.0000  -15.0000   15.000014323.4639   27.8654
    7.5000  -15.0000   15.000014142.6143   27.8853
   -7.5000   -7.5000   15.000014520.6562   27.8423
    0.0000   -7.5000   15.000015006.5645   27.8792
    7.5000   -7.5000   15.000014671.8848   27.9054
   -7.5000    0.0000   15.000015268.5400   27.7141
    0.0000    0.0000   15.000015730.8965   27.7306
    7.5000    0.0000   15.000015201.7324   27.7649
   -7.5000    7.5000   15.000014873.5088   27.5506
    0.0000    7.5000   15.000015368.6045   27.5536
    7.5000    7.5000   15.000014698.8574   27.5888
   -7.5000   15.0000   15.000013912.0117   27.5098
    0.0000   15.0000   15.000014378.5801   27.5172
    7.5000   15.0000   15.000013589.7041   27.5466
   -7.5000   22.5000   15.000012823.9121   27.6373
    0.0000   22.5000   15.000013281.9492   27.6673
    7.5000   22.5000   15.000012408.7314   27.6896
   -7.5000   30.0000   15.000011621.3057   27.4593
    0.0000   30.0000   15.000012075.9219   27.5048
    7.5000   30.0000   15.000011242.1611   27.5244
   -7.5000   37.5000   15.000010841.6035   27.4820
    0.0000   37.5000   15.000011271.4297   27.5184
    7.5000   37.5000   15.000010499.6543   27.5442
   -7.5000   45.0000   15.0000 9620.9463   26.7132
    0.0000   45.0000   15.0000 9972.7773   26.7291
    7.5000   45.0000   15.0000 9344.8164   26.7621
   -7.5000  -45.0000   22.500010589.3613   27.6880
    0.0000  -45.0000   22.500010986.9404   27.7146
    7.5000  -45.0000   22.500010453.2949   27.7638
   -7.5000  -37.5000   22.500011197.9580   27.5167
    0.0000  -37.5000   22.500011687.1348   27.5362
    7.5000  -37.5000   22.500011063.4102   27.5927
   -7.5000  -30.0000   22.500012145.6670   27.4561
    0.0000  -30.0000   22.500012669.0850   27.4853
    7.5000  -30.0000   22.500012044.6758   27.5411
   -7.5000  -22.5000   22.500012875.0723   27.5826
    0.0000  -22.5000   22.500013376.1279   27.6331
    7.5000  -22.5000   22.500012870.3408   27.6802
   -7.5000  -15.0000   22.500013479.5469   27.7576
    0.0000  -15.0000   22.500013975.3672   27.8184
    7.5000  -15.0000   22.500013473.8525   27.8567
   -7.5000   -7.5000   22.500014149.6348   27.8023
    0.0000   -7.5000   22.500014649.4180   27.8487
    7.5000   -7.5000   22.500014001.5205   27.8886
   -7.5000    0.0000   22.500014816.5801   27.6880
    0.0000    0.0000   22.500015288.1943   27.7146
    7.5000    0.0000   22.500014499.2734   27.7638
   -7.5000    7.5000   22.500014388.4268   27.5167
    0.0000    7.5000   22.500014865.4248   27.5362
    7.5000    7.5000   22.500014041.3066   27.5927
   -7.5000   15.0000   22.500013356.6445   27.4561
    0.0000   15.0000   22.500013795.6592   27.4853
    7.5000   15.0000   22.500013015.7705   27.5411
   -7.5000   22.5000   22.500012273.4717   27.5699
    0.0000   22.5000   22.500012680.4326   27.6204
    7.5000   22.5000   22.500011908.8701   27.6674
   -7.5000   30.0000   22.500011077.1221   27.3984
    0.0000   30.0000   22.500011459.0264   27.4584
    7.5000   30.0000   22.500010809.9707   27.4962
   -7.5000   37.5000   22.500010284.4482   27.4425
    0.0000   37.5000   22.500010679.3535   27.4883
    7.5000   37.5000   22.500010064.9922   27.5276
   -7.5000   45.0000   22.5000 9106.6797   26.6880
    0.0000   45.0000   22.5000 9494.0771   26.7137
    7.5000   45.0000   22.5000 8951.0947   26.7611
   -7.5000  -45.0000   30.0000 9993.7646   27.6557
    0.0000  -45.0000   30.000010385.8564   27.6872
    7.5000  -45.0000   30.0000 9811.4092   27.7334
   -7.5000  -37.5000   30.000010540.4082   27.4940
    0.0000  -37.5000   30.000011006.6865   27.5113
    7.5000  -37.5000   30.000010352.3057   27.5653
   -7.5000  -30.0000   30.000011428.9131   27.4334
    0.0000  -30.0000   30.000011935.8350   27.4593
    7.5000  -30.0000   30.000011262.9941   27.5202
   -7.5000  -22.5000   30.000012232.8174   27.5490
    0.0000  -22.5000   30.000012733.3066   27.6032
    7.5000  -22.5000   30.000012025.7949   27.6626
   -7.5000  -15.0000   30.000012864.0049   27.7154
    0.0000  -15.0000   30.000013373.4941   27.7877
    7.5000  -15.0000   30.000012632.2490   27.8380
   -7.5000   -7.5000   30.000013426.4277   27.7614
    0.0000   -7.5000   30.000013961.3730   27.8196
    7.5000   -7.5000   30.000013196.6328   27.8636
   -7.5000    0.0000   30.000013965.9697   27.6557
    0.0000    0.0000   30.000014514.6338   27.6872
    7.5000    0.0000   30.000013694.5195   27.7334
   -7.5000    7.5000   30.000013536.8018   27.4940
    0.0000    7.5000   30.000014073.7529   27.5113
    7.5000    7.5000   30.000013261.2100   27.5653
   -7.5000   15.0000   30.000012541.7285   27.4334
    0.0000   15.0000   30.000013044.6475   27.4593
    7.5000   15.0000   30.000012268.4902   27.5202
   -7.5000   22.5000   30.000011525.5771   27.5364
    0.0000   22.5000   30.000011970.6787   27.5905
    7.5000   22.5000   30.000011253.6396   27.6499
   -7.5000   30.0000   30.000010395.7725   27.3567
    0.0000   30.0000   30.000010792.3438   27.4281
    7.5000   30.0000   30.000010193.2227   27.4777
   -7.5000   37.5000   30.0000 9654.9814   27.4021
    0.0000   37.5000   30.000010035.8018   27.4595
    7.5000   37.5000   30.0000 9490.6631   27.5030
   -7.5000   45.0000   30.0000 8529.1689   26.6569
    0.0000   45.0000   30.0000 8870.2158   26.6873
    7.5000   45.0000   30.0000 8432.6191   26.7318
   -7.5000  -45.0000   37.5000 9694.5205   27.7130
    0.0000  -45.0000   37.500010066.1445   27.7407
    7.5000  -45.0000   37.5000 9442.2354   27.7699
   -7.5000  -37.5000   37.500010232.2002   27.5704
    0.0000  -37.5000   37.500010650.4902   27.5697
    7.5000  -37.5000   37.5000 9984.9775   27.5989
   -7.5000  -30.0000   37.500011057.7393   27.5316
    0.0000  -30.0000   37.500011503.4609   27.5322
    7.5000  -30.0000   37.500010863.7256   27.5696
   -7.5000  -22.5000   37.500011750.7861   27.6506
    0.0000  -22.5000   37.500012247.2559   27.6871
    7.5000  -22.5000   37.500011602.0361   27.7331
   -7.5000  -15.0000   37.500012292.3262   27.8012
    0.0000  -15.0000   37.500012849.7227   27.8700
    7.5000  -15.0000   37.500012184.7969   27.9150
   -7.5000   -7.5000   37.500012814.1914   27.8245
    0.0000   -7.5000   37.500013398.3115   27.8858
    7.5000   -7.5000   37.500012709.8135   27.9222
   -7.5000    0.0000   37.500013346.2461   27.7130
    0.0000    0.0000   37.500013927.6260   27.7407
    7.5000    0.0000   37.500013206.4580   27.7699
   -7.5000    7.5000   37.500013001.9912   27.5704
    0.0000    7.5000   37.500013568.6592   27.5697
    7.5000    7.5000   37.500012857.0762   27.5989
   -7.5000   15.0000   37.500012087.6221   27.5316
    0.0000   15.0000   37.500012597.3291   27.5322
    7.5000   15.0000   37.500011900.3711   27.5696
   -7.5000   22.5000   37.500011135.7158   27.6378
    0.0000   22.5000   37.500011572.6104   27.6744
    7.5000   22.5000   37.500010938.5615   27.7203
   -7.5000   30.0000   37.500010074.7285   27.4414
    0.0000   30.0000   37.500010447.1396   27.5093
    7.5000   30.0000   37.5000 9908.6885   27.5538
   -7.5000   37.5000   37.5000 9366.9170   27.4644
    0.0000   37.5000   37.5000 9705.1123   27.5249
    7.5000   37.5000   37.5000 9211.6592   27.5608
   -7.5000   45.0000   37.5000 8280.7334   26.7121
    0.0000   45.0000   37.5000 8581.8271   26.7388
    7.5000   45.0000   37.5000 8173.1118   26.7669
   -7.5000  -45.0000   45.0000 8825.4043   27.7722
    0.0000  -45.0000   45.0000 9175.8242   27.7899
    7.5000  -45.0000   45.0000 8644.8096   27.8045
   -7.5000  -37.5000   45.0000 9304.5039   27.6355
    0.0000  -37.5000   45.0000 9684.3809   27.6168
    7.5000  -37.5000   45.0000 9112.9053   27.6242
   -7.5000  -30.0000   45.000010036.7168   27.6156
    0.0000  -30.0000   45.000010462.2607   27.5929
    7.5000  -30.0000   45.0000 9886.0986   27.6031
   -7.5000  -22.5000   45.000010670.3604   27.7504
    0.0000  -22.5000   45.000011151.0996   27.7663
    7.5000  -22.5000   45.000010556.2930   27.7875
   -7.5000  -15.0000   45.000011137.2959   27.8982
    0.0000  -15.0000   45.000011662.9668   27.9539
    7.5000  -15.0000   45.000011106.7734   27.9812
   -7.5000   -7.5000   45.000011602.1328   27.9001
    0.0000   -7.5000   45.000012162.7627   27.9534
    7.5000   -7.5000   45.000011588.9863   27.9768
   -7.5000    0.0000   45.000012125.7861   27.7722
    0.0000    0.0000   45.000012677.3643   27.7899
    7.5000    0.0000   45.000012039.7832   27.8045
   -7.5000    7.5000   45.000011890.1143   27.6355
    0.0000    7.5000   45.000012386.6572   27.6168
    7.5000    7.5000   45.000011744.6201   27.6242
   -7.5000   15.0000   45.000011075.8428   27.6156
    0.0000   15.0000   45.000011521.7256   27.5929
    7.5000   15.0000   45.000010933.3320   27.6031
   -7.5000   22.5000   45.000010200.1572   27.7375
    0.0000   22.5000   45.000010605.5801   27.7535
    7.5000   22.5000   45.000010048.8340   27.7746
   -7.5000   30.0000   45.0000 9237.5107   27.5347
    0.0000   30.0000   45.0000 9597.3877   27.5897
    7.5000   30.0000   45.0000 9113.7783   27.6167
   -7.5000   37.5000   45.0000 8595.5732   27.5366
    0.0000   37.5000   45.0000 8910.7266   27.5892
    7.5000   37.5000   45.0000 8464.6855   27.6123
   -7.5000   45.0000   45.0000 7607.5952   26.7813
    0.0000   45.0000   45.0000 7877.2861   26.7984
    7.5000   45.0000   45.0000 7511.9717   26.8124

---------------------------------------------------------------------
imgreg_4dfp /opt/freesurfer/average/711-2C_as_mni_average_305 /opt/freesurfer/average/711-2B_as_mni_average_305_mask talsrcimg_g11 none talsrcimg_to_711-2C_as_mni_average_305_t4 4355
---------------------------------------------------------------------

freesurfer imgreg_4dfp.c
/opt/freesurfer/average/711-2C_as_mni_average_305.4dfp.img
       256       256       256         1
  1.000000  1.000000  1.000000
orientation T byte_order littleendian
Reading image: /opt/freesurfer/average/711-2C_as_mni_average_305.4dfp.img
dimensions:      256       256       256
mmppix:       1.0000   -1.0000   -1.0000
center:     128.0000 -129.0000 -129.0000
/opt/freesurfer/average/711-2B_as_mni_average_305_mask.4dfp.img
       256       256       256         1
  1.000000  1.000000  1.000000
orientation T byte_order littleendian
Reading mask: /opt/freesurfer/average/711-2B_as_mni_average_305_mask.4dfp.img (2306576 pixels)
talsrcimg_g11.4dfp.img
       256       256       256         1
  1.000000  1.000000  1.000000
orientation T byte_order littleendian
Reading image: talsrcimg_g11.4dfp.img
dimensions:      256       256       256
mmppix:       1.0000   -1.0000   -1.0000
center:     128.0000 -129.0000 -129.0000
rotation matrix determinant  1.000000
image alignment mode   4355 decimal     1103 hex
   -7.5000  -45.0000  -45.0000 1994.6561   27.6352
    0.0000  -45.0000  -45.0000 2003.7413   27.6572
    7.5000  -45.0000  -45.0000 1991.8448   27.9339
   -7.5000  -37.5000  -45.0000 2100.8557   25.5907
    0.0000  -37.5000  -45.0000 2106.8250   25.6352
    7.5000  -37.5000  -45.0000 2083.8003   25.8020
   -7.5000  -30.0000  -45.0000 2155.9937   24.2777
    0.0000  -30.0000  -45.0000 2164.8049   24.2872
    7.5000  -30.0000  -45.0000 2140.3879   24.4803
   -7.5000  -22.5000  -45.0000 2186.0769   23.5301
    0.0000  -22.5000  -45.0000 2192.5393   23.4163
    7.5000  -22.5000  -45.0000 2168.2200   23.7368
   -7.5000  -15.0000  -45.0000 2181.6580   23.2150
    0.0000  -15.0000  -45.0000 2193.0398   23.1324
    7.5000  -15.0000  -45.0000 2172.0710   23.4548
   -7.5000   -7.5000  -45.0000 2175.9365   23.3749
    0.0000   -7.5000  -45.0000 2182.6411   23.2014
    7.5000   -7.5000  -45.0000 2154.8250   23.5409
   -7.5000    0.0000  -45.0000 2149.8125   24.0648
    0.0000    0.0000  -45.0000 2159.6594   23.8531
    7.5000    0.0000  -45.0000 2133.9692   24.1824
   -7.5000    7.5000  -45.0000 2111.3062   25.1925
    0.0000    7.5000  -45.0000 2119.7124   24.9820
    7.5000    7.5000  -45.0000 2095.8093   25.3214
   -7.5000   15.0000  -45.0000 2053.0972   26.8701
    0.0000   15.0000  -45.0000 2057.8521   26.5800
    7.5000   15.0000  -45.0000 2032.6841   27.0709
   -7.5000   22.5000  -45.0000 1968.8383   29.1429
    0.0000   22.5000  -45.0000 1978.2319   28.9065
    7.5000   22.5000  -45.0000 1952.3372   29.5047
   -7.5000   30.0000  -45.0000 1871.0078   32.2254
    0.0000   30.0000  -45.0000 1878.6427   31.9051
    7.5000   30.0000  -45.0000 1853.4304   32.5438
   -7.5000   37.5000  -45.0000 1769.3954   36.3821
    0.0000   37.5000  -45.0000 1770.7250   36.0187
    7.5000   37.5000  -45.0000 1745.0099   36.5350
   -7.5000   45.0000  -45.0000 1653.0437   42.0023
    0.0000   45.0000  -45.0000 1651.3177   41.5951
    7.5000   45.0000  -45.0000 1632.5643   42.1790
   -7.5000  -45.0000  -37.5000 2091.8875   25.4007
    0.0000  -45.0000  -37.5000 2104.1008   25.5525
    7.5000  -45.0000  -37.5000 2081.4773   25.6674
   -7.5000  -37.5000  -37.5000 2195.0210   23.4998
    0.0000  -37.5000  -37.5000 2207.4495   23.6161
    7.5000  -37.5000  -37.5000 2180.9973   23.7192
   -7.5000  -30.0000  -37.5000 2250.9028   22.2530
    0.0000  -30.0000  -37.5000 2262.9487   22.3336
    7.5000  -30.0000  -37.5000 2238.6846   22.4230
   -7.5000  -22.5000  -37.5000 2285.1726   21.6345
    0.0000  -22.5000  -37.5000 2294.8914   21.6338
    7.5000  -22.5000  -37.5000 2271.0027   21.7997
   -7.5000  -15.0000  -37.5000 2285.5845   21.4496
    0.0000  -15.0000  -37.5000 2299.3989   21.4696
    7.5000  -15.0000  -37.5000 2270.2981   21.6203
   -7.5000   -7.5000  -37.5000 2272.1670   21.5467
    0.0000   -7.5000  -37.5000 2281.8503   21.5030
    7.5000   -7.5000  -37.5000 2259.7764   21.7068
   -7.5000    0.0000  -37.5000 2244.8914   22.0598
    0.0000    0.0000  -37.5000 2255.2441   21.9263
    7.5000    0.0000  -37.5000 2230.2903   22.1578
   -7.5000    7.5000  -37.5000 2206.3230   23.0522
    0.0000    7.5000  -37.5000 2213.8381   22.8656
    7.5000    7.5000  -37.5000 2187.7668   23.1567
   -7.5000   15.0000  -37.5000 2146.8572   24.6092
    0.0000   15.0000  -37.5000 2153.2578   24.4472
    7.5000   15.0000  -37.5000 2125.4551   24.7862
   -7.5000   22.5000  -37.5000 2058.8459   26.8111
    0.0000   22.5000  -37.5000 2067.1497   26.6171
    7.5000   22.5000  -37.5000 2044.3870   27.0960
   -7.5000   30.0000  -37.5000 1955.8842   29.6517
    0.0000   30.0000  -37.5000 1963.5002   29.3867
    7.5000   30.0000  -37.5000 1940.3420   29.9712
   -7.5000   37.5000  -37.5000 1845.6765   33.3653
    0.0000   37.5000  -37.5000 1850.1149   33.0196
    7.5000   37.5000  -37.5000 1823.9698   33.5803
   -7.5000   45.0000  -37.5000 1716.6284   38.4300
    0.0000   45.0000  -37.5000 1710.2736   38.0102
    7.5000   45.0000  -37.5000 1689.2794   38.7033
   -7.5000  -45.0000  -30.0000 2213.2766   24.1340
    0.0000  -45.0000  -30.0000 2226.5979   24.3512
    7.5000  -45.0000  -30.0000 2207.0417   24.5246
   -7.5000  -37.5000  -30.0000 2321.4160   22.3378
    0.0000  -37.5000  -30.0000 2335.0972   22.5219
    7.5000  -37.5000  -30.0000 2305.0586   22.6158
   -7.5000  -30.0000  -30.0000 2382.5527   21.1649
    0.0000  -30.0000  -30.0000 2395.4207   21.3014
    7.5000  -30.0000  -30.0000 2366.2114   21.3904
   -7.5000  -22.5000  -30.0000 2422.0823   20.6046
    0.0000  -22.5000  -30.0000 2428.9287   20.6494
    7.5000  -22.5000  -30.0000 2399.2937   20.7183
   -7.5000  -15.0000  -30.0000 2437.3223   20.4124
    0.0000  -15.0000  -30.0000 2447.7793   20.4866
    7.5000  -15.0000  -30.0000 2415.0049   20.5923
   -7.5000   -7.5000  -30.0000 2434.3420   20.5657
    0.0000   -7.5000  -30.0000 2435.0444   20.6242
    7.5000   -7.5000  -30.0000 2410.4263   20.7372
   -7.5000    0.0000  -30.0000 2401.4717   21.0808
    0.0000    0.0000  -30.0000 2413.5681   21.0703
    7.5000    0.0000  -30.0000 2383.1504   21.2579
   -7.5000    7.5000  -30.0000 2358.3245   22.0315
    0.0000    7.5000  -30.0000 2366.0767   21.9502
    7.5000    7.5000  -30.0000 2337.7092   22.2344
   -7.5000   15.0000  -30.0000 2288.2664   23.5178
    0.0000   15.0000  -30.0000 2293.1116   23.4099
    7.5000   15.0000  -30.0000 2266.2942   23.7083
   -7.5000   22.5000  -30.0000 2193.0151   25.6426
    0.0000   22.5000  -30.0000 2197.6182   25.4507
    7.5000   22.5000  -30.0000 2173.1562   25.8153
   -7.5000   30.0000  -30.0000 2075.4158   28.3950
    0.0000   30.0000  -30.0000 2081.2363   28.1534
    7.5000   30.0000  -30.0000 2060.7805   28.5978
   -7.5000   37.5000  -30.0000 1955.5135   31.8841
    0.0000   37.5000  -30.0000 1963.4673   31.6241
    7.5000   37.5000  -30.0000 1940.0446   32.1001
   -7.5000   45.0000  -30.0000 1813.2389   36.5934
    0.0000   45.0000  -30.0000 1810.2438   36.2294
    7.5000   45.0000  -30.0000 1791.3689   36.9424
   -7.5000  -45.0000  -22.5000 2304.5234   22.8109
    0.0000  -45.0000  -22.5000 2318.4595   22.9835
    7.5000  -45.0000  -22.5000 2296.3540   23.1963
   -7.5000  -37.5000  -22.5000 2423.8137   21.0569
    0.0000  -37.5000  -22.5000 2438.5635   21.1867
    7.5000  -37.5000  -22.5000 2406.1277   21.3603
   -7.5000  -30.0000  -22.5000 2497.6628   19.9435
    0.0000  -30.0000  -22.5000 2513.2786   20.1266
    7.5000  -30.0000  -22.5000 2476.9434   20.2085
   -7.5000  -22.5000  -22.5000 2541.9087   19.4253
    0.0000  -22.5000  -22.5000 2549.9463   19.5734
    7.5000  -22.5000  -22.5000 2517.3301   19.6192
   -7.5000  -15.0000  -22.5000 2566.5327   19.2942
    0.0000  -15.0000  -22.5000 2566.6833   19.3459
    7.5000  -15.0000  -22.5000 2537.7302   19.4621
   -7.5000   -7.5000  -22.5000 2571.3823   19.4997
    0.0000   -7.5000  -22.5000 2571.9700   19.5457
    7.5000   -7.5000  -22.5000 2543.0098   19.6430
   -7.5000    0.0000  -22.5000 2544.3616   20.0409
    0.0000    0.0000  -22.5000 2551.8572   20.0455
    7.5000    0.0000  -22.5000 2516.5608   20.1961
   -7.5000    7.5000  -22.5000 2493.1858   20.9488
    0.0000    7.5000  -22.5000 2503.9871   20.9524
    7.5000    7.5000  -22.5000 2464.0774   21.1447
   -7.5000   15.0000  -22.5000 2411.5388   22.3366
    0.0000   15.0000  -22.5000 2421.2578   22.3124
    7.5000   15.0000  -22.5000 2383.7146   22.5853
   -7.5000   22.5000  -22.5000 2306.2068   24.2045
    0.0000   22.5000  -22.5000 2317.0752   24.1850
    7.5000   22.5000  -22.5000 2282.1575   24.5172
   -7.5000   30.0000  -22.5000 2177.8594   26.8058
    0.0000   30.0000  -22.5000 2185.6997   26.7655
    7.5000   30.0000  -22.5000 2157.7368   27.0837
   -7.5000   37.5000  -22.5000 2047.6696   30.1702
    0.0000   37.5000  -22.5000 2052.6914   30.0553
    7.5000   37.5000  -22.5000 2025.3112   30.4423
   -7.5000   45.0000  -22.5000 1898.9716   34.5941
    0.0000   45.0000  -22.5000 1897.9417   34.3004
    7.5000   45.0000  -22.5000 1871.4468   34.9310
   -7.5000  -45.0000  -15.0000 2369.9333   21.6607
    0.0000  -45.0000  -15.0000 2384.3789   21.7552
    7.5000  -45.0000  -15.0000 2361.5701   22.0650
   -7.5000  -37.5000  -15.0000 2501.2444   19.9976
    0.0000  -37.5000  -15.0000 2513.0266   20.0379
    7.5000  -37.5000  -15.0000 2480.5413   20.2828
   -7.5000  -30.0000  -15.0000 2587.8738   18.8723
    0.0000  -30.0000  -15.0000 2592.8513   18.9548
    7.5000  -30.0000  -15.0000 2558.1772   19.1643
   -7.5000  -22.5000  -15.0000 2644.0142   18.3765
    0.0000  -22.5000  -15.0000 2642.3989   18.4652
    7.5000  -22.5000  -15.0000 2609.0286   18.6013
   -7.5000  -15.0000  -15.0000 2666.7629   18.2325
    0.0000  -15.0000  -15.0000 2661.9492   18.2950
    7.5000  -15.0000  -15.0000 2632.0706   18.4251
   -7.5000   -7.5000  -15.0000 2678.3416   18.4273
    0.0000   -7.5000  -15.0000 2676.6804   18.4809
    7.5000   -7.5000  -15.0000 2640.4116   18.5779
   -7.5000    0.0000  -15.0000 2648.6707   18.9604
    0.0000    0.0000  -15.0000 2657.6184   19.0189
    7.5000    0.0000  -15.0000 2615.5515   19.1401
   -7.5000    7.5000  -15.0000 2596.8384   19.8446
    0.0000    7.5000  -15.0000 2604.5195   19.8965
    7.5000    7.5000  -15.0000 2560.1389   20.1173
   -7.5000   15.0000  -15.0000 2504.0544   21.1084
    0.0000   15.0000  -15.0000 2515.0569   21.1730
    7.5000   15.0000  -15.0000 2470.8159   21.4923
   -7.5000   22.5000  -15.0000 2388.5298   22.8791
    0.0000   22.5000  -15.0000 2404.1030   22.9789
    7.5000   22.5000  -15.0000 2364.1880   23.3259
   -7.5000   30.0000  -15.0000 2256.2798   25.3522
    0.0000   30.0000  -15.0000 2263.4595   25.3898
    7.5000   30.0000  -15.0000 2234.4778   25.7521
   -7.5000   37.5000  -15.0000 2113.3123   28.5034
    0.0000   37.5000  -15.0000 2111.1011   28.4680
    7.5000   37.5000  -15.0000 2085.6350   28.8858
   -7.5000   45.0000  -15.0000 1960.0598   32.6596
    0.0000   45.0000  -15.0000 1955.8879   32.4934
    7.5000   45.0000  -15.0000 1928.0836   32.9762
   -7.5000  -45.0000   -7.5000 2419.6072   20.6606
    0.0000  -45.0000   -7.5000 2431.6306   20.7026
    7.5000  -45.0000   -7.5000 2411.0171   21.1506
   -7.5000  -37.5000   -7.5000 2556.7363   19.0717
    0.0000  -37.5000   -7.5000 2562.8206   19.0614
    7.5000  -37.5000   -7.5000 2530.9114   19.4506
   -7.5000  -30.0000   -7.5000 2655.8210   17.9780
    0.0000  -30.0000   -7.5000 2655.0759   17.9779
    7.5000  -30.0000   -7.5000 2619.4973   18.2964
   -7.5000  -22.5000   -7.5000 2725.5198   17.4259
    0.0000  -22.5000   -7.5000 2720.9387   17.4206
    7.5000  -22.5000   -7.5000 2680.3191   17.6732
   -7.5000  -15.0000   -7.5000 2756.8049   17.2643
    0.0000  -15.0000   -7.5000 2744.4302   17.2818
    7.5000  -15.0000   -7.5000 2710.9275   17.5196
   -7.5000   -7.5000   -7.5000 2769.6487   17.4745
    0.0000   -7.5000   -7.5000 2764.0437   17.4414
    7.5000   -7.5000   -7.5000 2720.5793   17.6358
   -7.5000    0.0000   -7.5000 2733.7515   17.9276
    0.0000    0.0000   -7.5000 2736.1199   17.9511
    7.5000    0.0000   -7.5000 2691.2085   18.1704
   -7.5000    7.5000   -7.5000 2672.8608   18.7932
    0.0000    7.5000   -7.5000 2675.5378   18.7985
    7.5000    7.5000   -7.5000 2636.7385   19.1039
   -7.5000   15.0000   -7.5000 2577.0176   20.0703
    0.0000   15.0000   -7.5000 2581.7825   20.1031
    7.5000   15.0000   -7.5000 2542.4473   20.4204
   -7.5000   22.5000   -7.5000 2454.9675   21.7848
    0.0000   22.5000   -7.5000 2465.9019   21.8439
    7.5000   22.5000   -7.5000 2430.7114   22.1554
   -7.5000   30.0000   -7.5000 2313.2087   24.1433
    0.0000   30.0000   -7.5000 2322.7271   24.1751
    7.5000   30.0000   -7.5000 2291.1772   24.4798
   -7.5000   37.5000   -7.5000 2163.1289   27.1083
    0.0000   37.5000   -7.5000 2162.9514   27.1201
    7.5000   37.5000   -7.5000 2135.0439   27.4843
   -7.5000   45.0000   -7.5000 2000.7717   31.0712
    0.0000   45.0000   -7.5000 2001.2681   30.9191
    7.5000   45.0000   -7.5000 1970.1327   31.3341
   -7.5000  -45.0000    0.0000 2444.2976   19.9878
    0.0000  -45.0000    0.0000 2455.8496   20.0101
    7.5000  -45.0000    0.0000 2439.8618   20.5371
   -7.5000  -37.5000    0.0000 2588.3821   18.4301
    0.0000  -37.5000    0.0000 2591.6350   18.4258
    7.5000  -37.5000    0.0000 2568.8596   18.9086
   -7.5000  -30.0000    0.0000 2701.0178   17.3724
    0.0000  -30.0000    0.0000 2695.1069   17.3124
    7.5000  -30.0000    0.0000 2658.7273   17.7367
   -7.5000  -22.5000    0.0000 2779.0459   16.7224
    0.0000  -22.5000    0.0000 2771.1353   16.6238
    7.5000  -22.5000    0.0000 2732.1941   17.0462
   -7.5000  -15.0000    0.0000 2822.5034   16.4434
    0.0000  -15.0000    0.0000 2814.1587   16.3959
    7.5000  -15.0000    0.0000 2773.3530   16.7844
   -7.5000   -7.5000    0.0000 2849.2649   16.6188
    0.0000   -7.5000    0.0000 2839.9651   16.6000
    7.5000   -7.5000    0.0000 2792.1812   16.9086
   -7.5000    0.0000    0.0000 2807.2891   17.1489
    0.0000    0.0000    0.0000 2798.1731   17.1528
    7.5000    0.0000    0.0000 2758.5457   17.4159
   -7.5000    7.5000    0.0000 2728.6714   18.0257
    0.0000    7.5000    0.0000 2726.5679   18.0185
    7.5000    7.5000    0.0000 2688.1694   18.3381
   -7.5000   15.0000    0.0000 2620.7896   19.3216
    0.0000   15.0000    0.0000 2622.2844   19.3068
    7.5000   15.0000    0.0000 2586.2144   19.6228
   -7.5000   22.5000    0.0000 2496.7937   21.0683
    0.0000   22.5000    0.0000 2501.5667   21.0505
    7.5000   22.5000    0.0000 2464.5737   21.3400
   -7.5000   30.0000    0.0000 2350.7012   23.3198
    0.0000   30.0000    0.0000 2357.9485   23.3185
    7.5000   30.0000    0.0000 2318.4517   23.6254
   -7.5000   37.5000    0.0000 2195.5291   26.1686
    0.0000   37.5000    0.0000 2198.8745   26.1871
    7.5000   37.5000    0.0000 2164.9648   26.5144
   -7.5000   45.0000    0.0000 2027.5906   29.8924
    0.0000   45.0000    0.0000 2025.0010   29.7607
    7.5000   45.0000    0.0000 1995.5331   30.1850
   -7.5000  -45.0000    7.5000 2457.7986   19.6339
    0.0000  -45.0000    7.5000 2469.7893   19.6529
    7.5000  -45.0000    7.5000 2450.7012   20.3328
   -7.5000  -37.5000    7.5000 2600.5757   18.1136
    0.0000  -37.5000    7.5000 2606.8225   18.0721
    7.5000  -37.5000    7.5000 2582.9690   18.6993
   -7.5000  -30.0000    7.5000 2716.2244   17.0699
    0.0000  -30.0000    7.5000 2715.4380   16.9770
    7.5000  -30.0000    7.5000 2679.6792   17.5404
   -7.5000  -22.5000    7.5000 2808.4165   16.3042
    0.0000  -22.5000    7.5000 2800.1987   16.1716
    7.5000  -22.5000    7.5000 2767.0068   16.8213
   -7.5000  -15.0000    7.5000 2861.2454   15.7142
    0.0000  -15.0000    7.5000 2858.8406   15.6815
    7.5000  -15.0000    7.5000 2815.2104   16.4204
   -7.5000   -7.5000    7.5000 2895.3184   15.8495
    0.0000   -7.5000    7.5000 2885.5232   15.8717
    7.5000   -7.5000    7.5000 2837.8635   16.4793
   -7.5000    0.0000    7.5000 2843.8152   16.6071
    0.0000    0.0000    7.5000 2843.9712   16.5834
    7.5000    0.0000    7.5000 2797.3076   17.0031
   -7.5000    7.5000    7.5000 2753.9780   17.5888
    0.0000    7.5000    7.5000 2758.9783   17.5508
    7.5000    7.5000    7.5000 2719.5288   17.9607
   -7.5000   15.0000    7.5000 2643.3743   18.8813
    0.0000   15.0000    7.5000 2651.3064   18.8419
    7.5000   15.0000    7.5000 2614.1677   19.2489
   -7.5000   22.5000    7.5000 2509.9873   20.6114
    0.0000   22.5000    7.5000 2519.2214   20.6115
    7.5000   22.5000    7.5000 2481.3433   20.9614
   -7.5000   30.0000    7.5000 2365.7092   22.8225
    0.0000   30.0000    7.5000 2376.5813   22.8609
    7.5000   30.0000    7.5000 2335.9153   23.2054
   -7.5000   37.5000    7.5000 2206.9878   25.6401
    0.0000   37.5000    7.5000 2215.4434   25.6560
    7.5000   37.5000    7.5000 2180.8059   26.1012
   -7.5000   45.0000    7.5000 2038.5347   29.2399
    0.0000   45.0000    7.5000 2038.4435   29.1187
    7.5000   45.0000    7.5000 2010.1060   29.7090
   -7.5000  -45.0000   15.0000 2460.8369   19.6858
    0.0000  -45.0000   15.0000 2462.5413   19.6379
    7.5000  -45.0000   15.0000 2444.9575   20.4214
   -7.5000  -37.5000   15.0000 2592.9949   18.0779
    0.0000  -37.5000   15.0000 2594.0867   18.0330
    7.5000  -37.5000   15.0000 2575.3877   18.7578
   -7.5000  -30.0000   15.0000 2699.6167   17.0006
    0.0000  -30.0000   15.0000 2703.5417   16.8706
    7.5000  -30.0000   15.0000 2679.5312   17.5506
   -7.5000  -22.5000   15.0000 2783.3213   16.1487
    0.0000  -22.5000   15.0000 2791.7798   16.0374
    7.5000  -22.5000   15.0000 2767.0549   16.8418
   -7.5000  -15.0000   15.0000 2828.3447   15.5068
    0.0000  -15.0000   15.0000 2843.2927   15.3877
    7.5000  -15.0000   15.0000 2821.0781   16.4222
   -7.5000   -7.5000   15.0000 2874.6414   15.6275
    0.0000   -7.5000   15.0000 2876.5171   15.5242
    7.5000   -7.5000   15.0000 2840.3484   16.4003
   -7.5000    0.0000   15.0000 2843.0400   16.4335
    0.0000    0.0000   15.0000 2839.4236   16.3369
    7.5000    0.0000   15.0000 2801.6257   16.8947
   -7.5000    7.5000   15.0000 2755.3127   17.5483
    0.0000    7.5000   15.0000 2757.9097   17.4595
    7.5000    7.5000   15.0000 2718.5413   17.8618
   -7.5000   15.0000   15.0000 2643.2776   18.8759
    0.0000   15.0000   15.0000 2645.3308   18.7759
    7.5000   15.0000   15.0000 2605.5837   19.1371
   -7.5000   22.5000   15.0000 2512.1580   20.5979
    0.0000   22.5000   15.0000 2517.4199   20.5087
    7.5000   22.5000   15.0000 2477.7539   20.8271
   -7.5000   30.0000   15.0000 2363.5579   22.7652
    0.0000   30.0000   15.0000 2369.7251   22.7558
    7.5000   30.0000   15.0000 2331.7261   23.0453
   -7.5000   37.5000   15.0000 2204.7830   25.5063
    0.0000   37.5000   15.0000 2207.7197   25.5041
    7.5000   37.5000   15.0000 2176.4724   25.8824
   -7.5000   45.0000   15.0000 2036.2848   29.0230
    0.0000   45.0000   15.0000 2035.0613   28.9166
    7.5000   45.0000   15.0000 2013.6874   29.4437
   -7.5000  -45.0000   22.5000 2441.9600   19.9487
    0.0000  -45.0000   22.5000 2442.7996   19.9486
    7.5000  -45.0000   22.5000 2421.4658   20.7650
   -7.5000  -37.5000   22.5000 2574.6553   18.3195
    0.0000  -37.5000   22.5000 2575.5537   18.2650
    7.5000  -37.5000   22.5000 2550.4622   19.0198
   -7.5000  -30.0000   22.5000 2679.3740   17.1787
    0.0000  -30.0000   22.5000 2679.4155   17.0954
    7.5000  -30.0000   22.5000 2660.0554   17.8363
   -7.5000  -22.5000   22.5000 2757.6968   16.3724
    0.0000  -22.5000   22.5000 2764.6675   16.3258
    7.5000  -22.5000   22.5000 2743.3667   17.1560
   -7.5000  -15.0000   22.5000 2809.7161   16.0606
    0.0000  -15.0000   22.5000 2820.0310   15.9658
    7.5000  -15.0000   22.5000 2789.3635   16.7426
   -7.5000   -7.5000   22.5000 2833.8928   16.1673
    0.0000   -7.5000   22.5000 2841.4785   16.1104
    7.5000   -7.5000   22.5000 2798.7979   16.6372
   -7.5000    0.0000   22.5000 2810.2493   16.7140
    0.0000    0.0000   22.5000 2807.6006   16.6655
    7.5000    0.0000   22.5000 2764.6733   17.0712
   -7.5000    7.5000   22.5000 2726.8508   17.7265
    0.0000    7.5000   22.5000 2728.4170   17.6676
    7.5000    7.5000   22.5000 2687.3518   17.9961
   -7.5000   15.0000   22.5000 2615.7119   19.0412
    0.0000   15.0000   22.5000 2619.7275   18.9836
    7.5000   15.0000   22.5000 2580.2302   19.3033
   -7.5000   22.5000   22.5000 2490.7412   20.7610
    0.0000   22.5000   22.5000 2498.4255   20.6978
    7.5000   22.5000   22.5000 2459.3923   20.9794
   -7.5000   30.0000   22.5000 2345.8076   22.9061
    0.0000   30.0000   22.5000 2349.8699   22.8523
    7.5000   30.0000   22.5000 2318.0408   23.1247
   -7.5000   37.5000   22.5000 2188.7424   25.6442
    0.0000   37.5000   22.5000 2189.0835   25.5943
    7.5000   37.5000   22.5000 2159.7632   25.9163
   -7.5000   45.0000   22.5000 2021.4988   29.1624
    0.0000   45.0000   22.5000 2025.8920   29.0984
    7.5000   45.0000   22.5000 2000.1642   29.5270
   -7.5000  -45.0000   30.0000 2418.0378   20.6691
    0.0000  -45.0000   30.0000 2420.0093   20.6454
    7.5000  -45.0000   30.0000 2391.7625   21.3501
   -7.5000  -37.5000   30.0000 2549.1831   19.0262
    0.0000  -37.5000   30.0000 2547.5325   18.9949
    7.5000  -37.5000   30.0000 2511.5457   19.6229
   -7.5000  -30.0000   30.0000 2655.2209   17.8257
    0.0000  -30.0000   30.0000 2654.9692   17.8486
    7.5000  -30.0000   30.0000 2615.4058   18.4808
   -7.5000  -22.5000   30.0000 2732.1294   17.1596
    0.0000  -22.5000   30.0000 2732.9868   17.1790
    7.5000  -22.5000   30.0000 2690.7971   17.8326
   -7.5000  -15.0000   30.0000 2762.6855   16.9208
    0.0000  -15.0000   30.0000 2770.6448   16.8599
    7.5000  -15.0000   30.0000 2731.4629   17.3989
   -7.5000   -7.5000   30.0000 2765.5198   16.9555
    0.0000   -7.5000   30.0000 2778.2751   16.9350
    7.5000   -7.5000   30.0000 2738.3162   17.3187
   -7.5000    0.0000   30.0000 2740.8328   17.3419
    0.0000    0.0000   30.0000 2744.4080   17.3497
    7.5000    0.0000   30.0000 2700.5732   17.6641
   -7.5000    7.5000   30.0000 2667.7751   18.2512
    0.0000    7.5000   30.0000 2669.8992   18.2528
    7.5000    7.5000   30.0000 2624.7642   18.5238
   -7.5000   15.0000   30.0000 2568.7559   19.5704
    0.0000   15.0000   30.0000 2574.6707   19.5588
    7.5000   15.0000   30.0000 2527.9385   19.8310
   -7.5000   22.5000   30.0000 2450.7971   21.2246
    0.0000   22.5000   30.0000 2461.7251   21.2341
    7.5000   22.5000   30.0000 2421.7258   21.5378
   -7.5000   30.0000   30.0000 2305.5466   23.2984
    0.0000   30.0000   30.0000 2316.7397   23.2759
    7.5000   30.0000   30.0000 2285.5359   23.6042
   -7.5000   37.5000   30.0000 2152.9976   26.0126
    0.0000   37.5000   30.0000 2161.7314   25.9546
    7.5000   37.5000   30.0000 2133.3601   26.3432
   -7.5000   45.0000   30.0000 1998.2780   29.5388
    0.0000   45.0000   30.0000 2002.5848   29.4641
    7.5000   45.0000   30.0000 1975.0779   29.9791
   -7.5000  -45.0000   37.5000 2388.6069   21.8354
    0.0000  -45.0000   37.5000 2381.5308   21.8596
    7.5000  -45.0000   37.5000 2338.2559   22.4054
   -7.5000  -37.5000   37.5000 2508.3804   20.1107
    0.0000  -37.5000   37.5000 2506.4482   20.1146
    7.5000  -37.5000   37.5000 2457.2915   20.7091
   -7.5000  -30.0000   37.5000 2606.4480   18.8837
    0.0000  -30.0000   37.5000 2603.6450   18.8582
    7.5000  -30.0000   37.5000 2558.4036   19.5049
   -7.5000  -22.5000   37.5000 2670.4651   18.2055
    0.0000  -22.5000   37.5000 2670.5354   18.1763
    7.5000  -22.5000   37.5000 2630.5959   18.8127
   -7.5000  -15.0000   37.5000 2688.0242   17.9193
    0.0000  -15.0000   37.5000 2695.0708   17.8880
    7.5000  -15.0000   37.5000 2665.9927   18.4461
   -7.5000   -7.5000   37.5000 2685.9282   17.8998
    0.0000   -7.5000   37.5000 2696.4617   17.9254
    7.5000   -7.5000   37.5000 2659.5571   18.3427
   -7.5000    0.0000   37.5000 2660.2793   18.2297
    0.0000    0.0000   37.5000 2658.2656   18.2575
    7.5000    0.0000   37.5000 2616.2000   18.6118
   -7.5000    7.5000   37.5000 2591.5496   19.0877
    0.0000    7.5000   37.5000 2592.8252   19.1187
    7.5000    7.5000   37.5000 2548.7373   19.4274
   -7.5000   15.0000   37.5000 2501.6003   20.4341
    0.0000   15.0000   37.5000 2504.8347   20.4681
    7.5000   15.0000   37.5000 2455.6780   20.7591
   -7.5000   22.5000   37.5000 2388.3428   22.1380
    0.0000   22.5000   37.5000 2394.7476   22.1958
    7.5000   22.5000   37.5000 2356.0491   22.4529
   -7.5000   30.0000   37.5000 2249.5835   24.1785
    0.0000   30.0000   37.5000 2255.9839   24.2742
    7.5000   30.0000   37.5000 2228.0183   24.6040
   -7.5000   37.5000   37.5000 2110.0281   26.8447
    0.0000   37.5000   37.5000 2113.8950   26.9318
    7.5000   37.5000   37.5000 2090.7124   27.3515
   -7.5000   45.0000   37.5000 1958.4150   30.4203
    0.0000   45.0000   37.5000 1964.4058   30.3899
    7.5000   45.0000   37.5000 1942.6509   30.9108
   -7.5000  -45.0000   45.0000 2332.3420   23.2481
    0.0000  -45.0000   45.0000 2325.8438   23.3078
    7.5000  -45.0000   45.0000 2281.0112   23.8244
   -7.5000  -37.5000   45.0000 2444.7380   21.3795
    0.0000  -37.5000   45.0000 2442.5220   21.3668
    7.5000  -37.5000   45.0000 2388.9365   21.9782
   -7.5000  -30.0000   45.0000 2532.9600   20.1308
    0.0000  -30.0000   45.0000 2532.3687   20.1140
    7.5000  -30.0000   45.0000 2480.8733   20.7163
   -7.5000  -22.5000   45.0000 2585.9941   19.4803
    0.0000  -22.5000   45.0000 2589.1870   19.4954
    7.5000  -22.5000   45.0000 2547.6201   20.0516
   -7.5000  -15.0000   45.0000 2590.0420   19.1761
    0.0000  -15.0000   45.0000 2600.0361   19.2249
    7.5000  -15.0000   45.0000 2578.4282   19.7451
   -7.5000   -7.5000   45.0000 2581.8567   19.1322
    0.0000   -7.5000   45.0000 2595.4163   19.1740
    7.5000   -7.5000   45.0000 2570.9226   19.5942
   -7.5000    0.0000   45.0000 2558.4680   19.4277
    0.0000    0.0000   45.0000 2567.1416   19.4815
    7.5000    0.0000   45.0000 2529.9187   19.8586
   -7.5000    7.5000   45.0000 2507.8169   20.2916
    0.0000    7.5000   45.0000 2507.1257   20.3008
    7.5000    7.5000   45.0000 2467.6982   20.6159
   -7.5000   15.0000   45.0000 2419.1726   21.6162
    0.0000   15.0000   45.0000 2421.5544   21.6426
    7.5000   15.0000   45.0000 2387.2314   22.0214
   -7.5000   22.5000   45.0000 2314.5647   23.3957
    0.0000   22.5000   45.0000 2318.7812   23.4075
    7.5000   22.5000   45.0000 2284.5566   23.7458
   -7.5000   30.0000   45.0000 2180.6611   25.6139
    0.0000   30.0000   45.0000 2185.9209   25.6341
    7.5000   30.0000   45.0000 2160.3821   25.9285
   -7.5000   37.5000   45.0000 2050.4932   28.2555
    0.0000   37.5000   45.0000 2053.7383   28.3203
    7.5000   37.5000   45.0000 2030.5533   28.6627
   -7.5000   45.0000   45.0000 1907.4208   31.8158
    0.0000   45.0000   45.0000 1909.8207   31.7714
    7.5000   45.0000   45.0000 1890.7012   32.3113

---------------------------------------------------------------------
imgreg_4dfp /opt/freesurfer/average/711-2C_as_mni_average_305 /opt/freesurfer/average/711-2B_as_mni_average_305_mask talsrcimg_g11 none talsrcimg_to_711-2C_as_mni_average_305_t4 1283
---------------------------------------------------------------------

freesurfer imgreg_4dfp.c
/opt/freesurfer/average/711-2C_as_mni_average_305.4dfp.img
       256       256       256         1
  1.000000  1.000000  1.000000
orientation T byte_order littleendian
Reading image: /opt/freesurfer/average/711-2C_as_mni_average_305.4dfp.img
dimensions:      256       256       256
mmppix:       1.0000   -1.0000   -1.0000
center:     128.0000 -129.0000 -129.0000
/opt/freesurfer/average/711-2B_as_mni_average_305_mask.4dfp.img
       256       256       256         1
  1.000000  1.000000  1.000000
orientation T byte_order littleendian
Reading mask: /opt/freesurfer/average/711-2B_as_mni_average_305_mask.4dfp.img (2306576 pixels)
talsrcimg_g11.4dfp.img
       256       256       256         1
  1.000000  1.000000  1.000000
orientation T byte_order littleendian
Reading image: talsrcimg_g11.4dfp.img
dimensions:      256       256       256
mmppix:       1.0000   -1.0000   -1.0000
center:     128.0000 -129.0000 -129.0000
rotation matrix determinant  1.000000
fimgreg.f
image alignment mode   1283 decimal      503 hex
parameters
   -7.5000   -7.5000    7.5000    0.0000    0.0000    0.0000
eta,q 0.90857 15.76040
niter,ni,del,rscale     5    3   12.0000    1.2000
parameter  1 -1.783221 -> -0.500000 qaram    1.1500
parameter  5 -1.575762 -> -0.500000 qaram    1.1500
parameters
   -4.0500   -7.9122    7.7562    0.0750    3.4500   -1.3275
eta,q 0.91989 15.51925
  0.1022  0.0938  0.0958  0.0930  0.0977  0.0840
  0.0992  0.0906  0.0907  0.0893  0.0934  0.0813
  0.0972  0.0861  0.0856  0.0857  0.0890  0.0803
  0.0919  0.0845  0.0848  0.0851  0.0851  0.0806
  0.0860  0.0870  0.0866  0.0866  0.0821  0.0821
  0.0841  0.0917  0.0890  0.0892  0.0800  0.0851
  0.0862  0.0973  0.0939  0.0922  0.0787  0.0891
niter,ni,del,rscale     6    3   12.0000    1.2000
parameter  5 -0.655712 -> -0.500000 qaram    1.3225
parameters
   -4.3201   -7.8466    8.0522    0.1740    7.4175   -1.3058
eta,q 0.92218 15.50564
  0.0912  0.0944  0.0924  0.0903  0.0937  0.0843
  0.0865  0.0890  0.0871  0.0862  0.0878  0.0809
  0.0814  0.0829  0.0815  0.0815  0.0831  0.0787
  0.0801  0.0799  0.0799  0.0800  0.0801  0.0778
  0.0834  0.0825  0.0815  0.0821  0.0782  0.0785
  0.0867  0.0882  0.0846  0.0857  0.0777  0.0807
  0.0932  0.0941  0.0905  0.0894  0.0781  0.0844
niter,ni,del,rscale     6    3   12.0000    1.2000
parameters
   -4.9644   -7.5508    8.3529   -0.0699    7.8370   -1.2365
eta,q 0.92302 15.48582
  0.0898  0.0931  0.0924  0.0872  0.0873  0.0840
  0.0822  0.0878  0.0865  0.0825  0.0818  0.0804
  0.0765  0.0807  0.0789  0.0780  0.0783  0.0778
  0.0778  0.0770  0.0770  0.0771  0.0770  0.0770
  0.0796  0.0791  0.0789  0.0791  0.0780  0.0778
  0.0861  0.0845  0.0837  0.0834  0.0808  0.0800
  0.0951  0.0914  0.0899  0.0890  0.0851  0.0838
niter,ni,del,rscale     5    3   12.0000    1.2000
parameters
   -5.1080   -7.3230    8.4586   -0.2633    7.8540   -1.2260
eta,q 0.92322 15.49619
  0.0913  0.0929  0.0918  0.0874  0.0864  0.0838
  0.0834  0.0872  0.0848  0.0824  0.0814  0.0801
  0.0768  0.0799  0.0777  0.0776  0.0780  0.0776
  0.0770  0.0768  0.0768  0.0769  0.0768  0.0768
  0.0786  0.0793  0.0789  0.0789  0.0784  0.0778
  0.0834  0.0846  0.0844  0.0830  0.0816  0.0800
  0.0927  0.0914  0.0901  0.0888  0.0860  0.0838
niter,ni,del,rscale     4    3   12.0000    1.2000
parameters
   -5.1488   -7.1897    8.5087   -0.3758    7.8480   -1.2314
eta,q 0.92324 15.50329
  0.0916  0.0927  0.0915  0.0876  0.0864  0.0838
  0.0835  0.0867  0.0841  0.0827  0.0815  0.0801
  0.0769  0.0795  0.0775  0.0776  0.0780  0.0775
  0.0768  0.0767  0.0768  0.0768  0.0768  0.0768
  0.0784  0.0795  0.0788  0.0787  0.0784  0.0778
  0.0828  0.0850  0.0844  0.0828  0.0818  0.0800
  0.0922  0.0918  0.0901  0.0885  0.0861  0.0837
niter,ni,del,rscale     3    3   12.0000    1.2000
parameters
   -5.1665   -7.1172    8.5324   -0.4392    7.8429   -1.2326
eta,q 0.92324 15.50749
  0.0917  0.0925  0.0913  0.0878  0.0865  0.0838
  0.0836  0.0864  0.0838  0.0828  0.0815  0.0801
  0.0770  0.0793  0.0775  0.0777  0.0781  0.0775
  0.0768  0.0767  0.0768  0.0768  0.0768  0.0768
  0.0784  0.0797  0.0787  0.0787  0.0785  0.0778
  0.0827  0.0853  0.0845  0.0826  0.0818  0.0800
  0.0921  0.0920  0.0901  0.0883  0.0862  0.0837
niter,ni,del,rscale     2    3   12.0000    1.2000
parameters
   -5.1766   -7.0767    8.5451   -0.4738    7.8385   -1.2329
eta,q 0.92324 15.51009
  0.0917  0.0925  0.0912  0.0878  0.0865  0.0837
  0.0836  0.0863  0.0836  0.0829  0.0816  0.0801
  0.0770  0.0792  0.0775  0.0777  0.0781  0.0775
  0.0768  0.0767  0.0768  0.0768  0.0768  0.0768
  0.0784  0.0798  0.0786  0.0786  0.0785  0.0778
  0.0827  0.0855  0.0845  0.0825  0.0819  0.0800
  0.0920  0.0922  0.0901  0.0882  0.0862  0.0837
registration optimization eta report
parameter search radius
    6.9000    6.0000    6.0000    6.0000    7.9350    6.0000
100000*second partial in parameter space
       33.       41.       39.       31.       15.       19.
  0.0917  0.0925  0.0912  0.0878  0.0865  0.0837
  0.0836  0.0863  0.0836  0.0829  0.0816  0.0801
  0.0770  0.0792  0.0775  0.0777  0.0781  0.0775
  0.0768  0.0767  0.0768  0.0768  0.0768  0.0768
  0.0784  0.0798  0.0786  0.0786  0.0785  0.0778
  0.0827  0.0855  0.0845  0.0825  0.0819  0.0800
  0.0920  0.0922  0.0901  0.0882  0.0862  0.0837
   -5.1766   -7.0767    8.5451   -0.4738    7.8385   -1.2329
eta,q 0.92324 15.51009

---------------------------------------------------------------------
imgreg_4dfp /opt/freesurfer/average/711-2C_as_mni_average_305 /opt/freesurfer/average/711-2B_as_mni_average_305_mask talsrcimg_g11 none talsrcimg_to_711-2C_as_mni_average_305_t4 3335
---------------------------------------------------------------------

freesurfer imgreg_4dfp.c
/opt/freesurfer/average/711-2C_as_mni_average_305.4dfp.img
       256       256       256         1
  1.000000  1.000000  1.000000
orientation T byte_order littleendian
Reading image: /opt/freesurfer/average/711-2C_as_mni_average_305.4dfp.img
dimensions:      256       256       256
mmppix:       1.0000   -1.0000   -1.0000
center:     128.0000 -129.0000 -129.0000
/opt/freesurfer/average/711-2B_as_mni_average_305_mask.4dfp.img
       256       256       256         1
  1.000000  1.000000  1.000000
orientation T byte_order littleendian
Reading mask: /opt/freesurfer/average/711-2B_as_mni_average_305_mask.4dfp.img (2306576 pixels)
talsrcimg_g11.4dfp.img
       256       256       256         1
  1.000000  1.000000  1.000000
orientation T byte_order littleendian
Reading image: talsrcimg_g11.4dfp.img
dimensions:      256       256       256
mmppix:       1.0000   -1.0000   -1.0000
center:     128.0000 -129.0000 -129.0000
fimgreg.f
image alignment mode   3335 decimal      D07 hex
parameters
   -5.1766   -7.0767    8.5451   -0.9573   -0.0290   -0.9377
    2.2642  -13.6166   -2.1315    1.1202   13.6380   -0.8193
eta,q 0.92039 15.53189
niter,ni,del,rscale     5    3    5.0000    1.2000
parameter  4  5.785975 ->  0.500000 qaram    1.1500
parameter  5  2.448581 ->  0.500000 qaram    1.1500
parameter  6  2.709462 ->  0.500000 qaram    1.1500
parameter 10  0.695742 ->  0.500000 qaram    1.1500
parameter 11  0.671528 ->  0.500000 qaram    1.1500
parameter 12  0.963563 ->  0.500000 qaram    1.1500
parameters
   -4.5457   -7.6798    8.9812   -5.0973   -4.1690   -5.0777
    0.6254  -12.1475   -0.5669   -3.0198    9.4980   -4.9593
eta,q 0.94424 14.81859
  0.0826  0.0802  0.0815  0.0694  0.0642  0.0554  0.0607  0.0644  0.0621  0.0587  0.0575  0.0558
  0.0814  0.0795  0.0803  0.0717  0.0665  0.0586  0.0600  0.0616  0.0609  0.0580  0.0572  0.0557
  0.0804  0.0792  0.0795  0.0750  0.0694  0.0624  0.0595  0.0599  0.0601  0.0583  0.0573  0.0562
  0.0796  0.0793  0.0792  0.0792  0.0726  0.0673  0.0595  0.0595  0.0595  0.0594  0.0580  0.0572
  0.0793  0.0798  0.0793  0.0839  0.0762  0.0726  0.0601  0.0597  0.0594  0.0610  0.0590  0.0586
  0.0797  0.0807  0.0796  0.0876  0.0805  0.0780  0.0613  0.0603  0.0598  0.0627  0.0602  0.0601
  0.0807  0.0820  0.0802  0.0912  0.0852  0.0844  0.0628  0.0611  0.0606  0.0649  0.0616  0.0619
niter,ni,del,rscale     7    3    5.0000    1.2000
parameter  4  0.959429 ->  0.500000 qaram    1.3225
parameter  5  1.856565 ->  0.500000 qaram    1.3225
parameter  6  1.066673 ->  0.500000 qaram    1.3225
parameter 10 -0.541895 -> -0.500000 qaram    1.3225
parameters
   -4.9340   -7.8345    9.5211   -9.8583   -8.9300   -9.8387
    2.0431   -9.8318    0.2488    1.7412   13.1655   -3.7786
eta,q 0.96071 14.61870
  0.0585  0.0582  0.0596  0.0504  0.0437  0.0409  0.0454  0.0499  0.0436  0.0485  0.0450  0.0429
  0.0566  0.0568  0.0578  0.0510  0.0461  0.0420  0.0440  0.0467  0.0426  0.0455  0.0431  0.0414
  0.0557  0.0559  0.0564  0.0524  0.0484  0.0439  0.0430  0.0441  0.0420  0.0432  0.0414  0.0401
  0.0558  0.0556  0.0556  0.0555  0.0512  0.0468  0.0425  0.0424  0.0416  0.0416  0.0401  0.0394
  0.0567  0.0561  0.0555  0.0601  0.0552  0.0516  0.0424  0.0416  0.0417  0.0405  0.0394  0.0394
  0.0585  0.0573  0.0560  0.0662  0.0598  0.0579  0.0429  0.0423  0.0421  0.0402  0.0396  0.0401
  0.0609  0.0590  0.0572  0.0724  0.0648  0.0641  0.0438  0.0442  0.0429  0.0414  0.0406  0.0415
niter,ni,del,rscale     7    3    5.0000    1.2000
parameter  2  0.720864 ->  0.500000 qaram    1.1500
parameter  5  2.167081 ->  0.500000 qaram    1.5209
parameters
   -5.1713   -9.2145   10.1029  -13.8689  -14.4051  -12.6480
    1.1158  -10.8816   -1.2154    1.2531   12.7731   -2.4600
eta,q 0.97023 14.44104
  0.0427  0.0382  0.0426  0.0384  0.0270  0.0329  0.0328  0.0331  0.0318  0.0365  0.0312  0.0334
  0.0407  0.0378  0.0404  0.0374  0.0289  0.0313  0.0312  0.0309  0.0305  0.0325  0.0303  0.0316
  0.0395  0.0381  0.0388  0.0370  0.0323  0.0304  0.0303  0.0301  0.0299  0.0303  0.0299  0.0304
  0.0393  0.0393  0.0378  0.0376  0.0370  0.0297  0.0303  0.0302  0.0300  0.0299  0.0298  0.0298
  0.0400  0.0410  0.0377  0.0402  0.0426  0.0317  0.0310  0.0311  0.0308  0.0311  0.0300  0.0298
  0.0418  0.0432  0.0383  0.0461  0.0478  0.0373  0.0324  0.0327  0.0322  0.0338  0.0305  0.0305
  0.0444  0.0457  0.0395  0.0540  0.0534  0.0448  0.0345  0.0351  0.0341  0.0377  0.0315  0.0316
niter,ni,del,rscale     7    3    5.0000    1.2000
parameter  5  0.538188 ->  0.500000 qaram    1.7490
parameters
   -5.1686   -9.7557    8.9679  -13.5593  -20.7016  -13.8715
    1.6240  -11.1669   -1.0771   -0.0731   13.6902   -4.1001
eta,q 0.97317 14.05660
  0.0334  0.0326  0.0297  0.0342  0.0289  0.0309  0.0307  0.0310  0.0299  0.0314  0.0285  0.0281
  0.0314  0.0306  0.0292  0.0317  0.0273  0.0290  0.0290  0.0284  0.0286  0.0284  0.0276  0.0273
  0.0302  0.0297  0.0292  0.0299  0.0271  0.0278  0.0278  0.0273  0.0276  0.0270  0.0272  0.0268
  0.0298  0.0298  0.0296  0.0291  0.0291  0.0271  0.0273  0.0273  0.0272  0.0272  0.0270  0.0270
  0.0302  0.0309  0.0304  0.0292  0.0330  0.0274  0.0274  0.0280  0.0275  0.0287  0.0270  0.0275
  0.0314  0.0331  0.0315  0.0302  0.0385  0.0302  0.0283  0.0293  0.0283  0.0310  0.0274  0.0283
  0.0334  0.0360  0.0330  0.0344  0.0443  0.0348  0.0299  0.0310  0.0298  0.0337  0.0279  0.0295
niter,ni,del,rscale     7    3    5.0000    1.2000
parameters
   -4.9724   -9.4465    8.9095  -12.1882  -21.5318  -13.8492
    1.4584  -10.9370   -1.3116    0.8504   14.4496   -4.3804
eta,q 0.97333 14.09294
  0.0308  0.0319  0.0283  0.0323  0.0342  0.0314  0.0298  0.0315  0.0294  0.0339  0.0281  0.0284
  0.0288  0.0294  0.0274  0.0299  0.0307  0.0292  0.0281  0.0283  0.0280  0.0298  0.0273  0.0274
  0.0274  0.0276  0.0269  0.0279  0.0280  0.0276  0.0270  0.0268  0.0270  0.0275  0.0269  0.0268
  0.0268  0.0268  0.0268  0.0267  0.0265  0.0266  0.0266  0.0266  0.0266  0.0266  0.0267  0.0267
  0.0270  0.0270  0.0270  0.0263  0.0278  0.0261  0.0270  0.0272  0.0271  0.0273  0.0268  0.0270
  0.0280  0.0281  0.0276  0.0270  0.0317  0.0280  0.0283  0.0285  0.0282  0.0289  0.0270  0.0276
  0.0297  0.0301  0.0284  0.0305  0.0373  0.0326  0.0302  0.0304  0.0299  0.0311  0.0276  0.0286
niter,ni,del,rscale     6    3    5.0000    1.2000
parameters
   -4.9234   -9.2486    8.7890  -12.1449  -21.7906  -14.0394
    1.6018  -10.8843   -1.6346    1.4409   14.8431   -4.5205
eta,q 0.97323 14.07956
  0.0301  0.0312  0.0281  0.0313  0.0345  0.0313  0.0300  0.0311  0.0293  0.0330  0.0280  0.0285
  0.0283  0.0289  0.0272  0.0292  0.0311  0.0291  0.0284  0.0281  0.0279  0.0293  0.0273  0.0275
  0.0271  0.0274  0.0267  0.0276  0.0284  0.0276  0.0272  0.0269  0.0270  0.0273  0.0269  0.0269
  0.0267  0.0267  0.0266  0.0266  0.0266  0.0267  0.0267  0.0267  0.0267  0.0267  0.0268  0.0268
  0.0270  0.0269  0.0269  0.0264  0.0274  0.0262  0.0270  0.0273  0.0272  0.0275  0.0269  0.0270
  0.0281  0.0281  0.0275  0.0278  0.0308  0.0283  0.0281  0.0285  0.0283  0.0290  0.0272  0.0276
  0.0299  0.0301  0.0283  0.0325  0.0361  0.0330  0.0299  0.0305  0.0298  0.0311  0.0278  0.0286
niter,ni,del,rscale     5    3    5.0000    1.2000
parameters
   -4.8856   -9.0541    8.6417  -12.1564  -22.0325  -14.3232
    1.6986  -10.8551   -1.8696    1.9944   15.1703   -4.5980
eta,q 0.97308 14.05831
  0.0301  0.0311  0.0281  0.0313  0.0344  0.0312  0.0300  0.0310  0.0294  0.0327  0.0281  0.0286
  0.0283  0.0289  0.0273  0.0292  0.0311  0.0291  0.0284  0.0282  0.0281  0.0292  0.0274  0.0276
  0.0272  0.0274  0.0268  0.0276  0.0284  0.0277  0.0273  0.0270  0.0271  0.0273  0.0270  0.0271
  0.0268  0.0268  0.0267  0.0267  0.0267  0.0268  0.0269  0.0269  0.0269  0.0269  0.0269  0.0269
  0.0271  0.0270  0.0270  0.0265  0.0274  0.0263  0.0271  0.0274  0.0273  0.0275  0.0270  0.0272
  0.0282  0.0281  0.0276  0.0279  0.0308  0.0284  0.0282  0.0286  0.0283  0.0289  0.0273  0.0277
  0.0300  0.0301  0.0284  0.0325  0.0359  0.0332  0.0300  0.0305  0.0298  0.0310  0.0279  0.0286
niter,ni,del,rscale     4    3    5.0000    1.2000
parameters
   -4.8562   -8.8381    8.4668  -12.2002  -22.3209  -14.6893
    1.7687  -10.8376   -2.0663    2.6310   15.4594   -4.6389
eta,q 0.97292 14.02820
  0.0302  0.0312  0.0282  0.0312  0.0343  0.0312  0.0301  0.0309  0.0295  0.0325  0.0281  0.0287
  0.0284  0.0290  0.0274  0.0292  0.0310  0.0292  0.0285  0.0283  0.0282  0.0292  0.0275  0.0278
  0.0273  0.0276  0.0270  0.0278  0.0285  0.0278  0.0275  0.0272  0.0273  0.0275  0.0272  0.0273
  0.0269  0.0269  0.0269  0.0269  0.0269  0.0270  0.0270  0.0270  0.0270  0.0270  0.0271  0.0271
  0.0272  0.0271  0.0272  0.0266  0.0275  0.0265  0.0273  0.0275  0.0274  0.0276  0.0272  0.0273
  0.0283  0.0282  0.0277  0.0280  0.0308  0.0286  0.0284  0.0286  0.0283  0.0288  0.0274  0.0278
  0.0301  0.0301  0.0285  0.0326  0.0359  0.0333  0.0300  0.0305  0.0298  0.0308  0.0280  0.0287
niter,ni,del,rscale     3    3    5.0000    1.2000
parameters
   -4.8310   -8.5812    8.2615  -12.2508  -22.7028  -15.1481
    1.8306  -10.8036   -2.2092    3.4176   15.6031   -4.6498
eta,q 0.97276 13.98598
  0.0303  0.0313  0.0282  0.0312  0.0341  0.0311  0.0301  0.0308  0.0296  0.0323  0.0282  0.0288
  0.0286  0.0292  0.0275  0.0293  0.0309  0.0292  0.0286  0.0284  0.0283  0.0293  0.0276  0.0279
  0.0275  0.0278  0.0271  0.0278  0.0285  0.0279  0.0276  0.0274  0.0275  0.0277  0.0273  0.0274
  0.0271  0.0271  0.0270  0.0270  0.0270  0.0271  0.0272  0.0272  0.0272  0.0272  0.0272  0.0272
  0.0274  0.0272  0.0273  0.0268  0.0276  0.0267  0.0275  0.0276  0.0275  0.0276  0.0273  0.0274
  0.0284  0.0282  0.0278  0.0281  0.0309  0.0287  0.0285  0.0287  0.0284  0.0287  0.0276  0.0280
  0.0302  0.0300  0.0287  0.0325  0.0359  0.0334  0.0301  0.0304  0.0298  0.0306  0.0281  0.0288
niter,ni,del,rscale     2    3    5.0000    1.2000
parameters
   -4.8082   -8.2437    8.0037  -12.3308  -23.2273  -15.7509
    1.8700  -10.7651   -2.1964    4.4569   15.3381   -4.6317
eta,q 0.97267 13.92191
  0.0303  0.0315  0.0283  0.0312  0.0338  0.0310  0.0301  0.0307  0.0298  0.0323  0.0282  0.0288
  0.0287  0.0294  0.0276  0.0293  0.0308  0.0291  0.0286  0.0284  0.0285  0.0295  0.0277  0.0280
  0.0276  0.0280  0.0272  0.0279  0.0285  0.0279  0.0277  0.0275  0.0277  0.0279  0.0274  0.0275
  0.0272  0.0272  0.0272  0.0271  0.0272  0.0272  0.0274  0.0274  0.0274  0.0274  0.0273  0.0273
  0.0276  0.0273  0.0274  0.0269  0.0278  0.0269  0.0276  0.0277  0.0276  0.0276  0.0275  0.0275
  0.0286  0.0282  0.0280  0.0282  0.0310  0.0289  0.0285  0.0287  0.0284  0.0286  0.0277  0.0280
  0.0302  0.0299  0.0288  0.0325  0.0359  0.0335  0.0301  0.0303  0.0298  0.0303  0.0283  0.0288
niter,ni,del,rscale     1    3    5.0000    1.2000
parameters
   -4.7875   -7.7955    7.6876  -12.4430  -23.9304  -16.4948
    1.8915  -10.7253   -1.8792    5.7623   14.5292   -4.6342
eta,q 0.97272 13.82916
  0.0303  0.0318  0.0282  0.0310  0.0336  0.0308  0.0299  0.0305  0.0300  0.0324  0.0281  0.0287
  0.0287  0.0297  0.0276  0.0292  0.0305  0.0290  0.0286  0.0284  0.0287  0.0298  0.0276  0.0279
  0.0277  0.0282  0.0272  0.0279  0.0284  0.0278  0.0277  0.0276  0.0278  0.0282  0.0273  0.0274
  0.0273  0.0273  0.0272  0.0272  0.0272  0.0273  0.0274  0.0274  0.0274  0.0274  0.0273  0.0273
  0.0276  0.0273  0.0275  0.0270  0.0279  0.0271  0.0276  0.0278  0.0276  0.0275  0.0275  0.0274
  0.0286  0.0280  0.0281  0.0282  0.0311  0.0290  0.0285  0.0287  0.0284  0.0284  0.0278  0.0279
  0.0303  0.0297  0.0290  0.0323  0.0359  0.0334  0.0299  0.0302  0.0297  0.0302  0.0284  0.0287
registration optimization eta report
parameter search radius
    2.4000    2.7600    2.4000    9.5220   12.5928    9.5220
    7.2000    7.2000    7.2000    9.5220    8.2800    8.2800
100000*second partial in parameter space
       51.       45.       24.        5.        5.        6.
        5.        6.        5.        4.        1.        2.
  0.0303  0.0318  0.0282  0.0310  0.0336  0.0308  0.0299  0.0305  0.0300  0.0324  0.0281  0.0287
  0.0287  0.0297  0.0276  0.0292  0.0305  0.0290  0.0286  0.0284  0.0287  0.0298  0.0276  0.0279
  0.0277  0.0282  0.0272  0.0279  0.0284  0.0278  0.0277  0.0276  0.0278  0.0282  0.0273  0.0274
  0.0273  0.0273  0.0272  0.0272  0.0272  0.0273  0.0274  0.0274  0.0274  0.0274  0.0273  0.0273
  0.0276  0.0273  0.0275  0.0270  0.0279  0.0271  0.0276  0.0278  0.0276  0.0275  0.0275  0.0274
  0.0286  0.0280  0.0281  0.0282  0.0311  0.0290  0.0285  0.0287  0.0284  0.0284  0.0278  0.0279
  0.0303  0.0297  0.0290  0.0323  0.0359  0.0334  0.0299  0.0302  0.0297  0.0302  0.0284  0.0287
   -4.7875   -7.7955    7.6876  -12.4430  -23.9304  -16.4948
    1.8915  -10.7253   -1.8792    5.7623   14.5292   -4.6342
eta,q 0.97272 13.82916

---------------------------------------------------------------------
imgreg_4dfp /opt/freesurfer/average/711-2C_as_mni_average_305 /opt/freesurfer/average/711-2B_as_mni_average_305_mask talsrcimg_g11 none talsrcimg_to_711-2C_as_mni_average_305_t4 2311
---------------------------------------------------------------------

freesurfer imgreg_4dfp.c
/opt/freesurfer/average/711-2C_as_mni_average_305.4dfp.img
       256       256       256         1
  1.000000  1.000000  1.000000
orientation T byte_order littleendian
Reading image: /opt/freesurfer/average/711-2C_as_mni_average_305.4dfp.img
dimensions:      256       256       256
mmppix:       1.0000   -1.0000   -1.0000
center:     128.0000 -129.0000 -129.0000
/opt/freesurfer/average/711-2B_as_mni_average_305_mask.4dfp.img
       256       256       256         1
  1.000000  1.000000  1.000000
orientation T byte_order littleendian
Reading mask: /opt/freesurfer/average/711-2B_as_mni_average_305_mask.4dfp.img (2306576 pixels)
talsrcimg_g11.4dfp.img
       256       256       256         1
  1.000000  1.000000  1.000000
orientation T byte_order littleendian
Reading image: talsrcimg_g11.4dfp.img
dimensions:      256       256       256
mmppix:       1.0000   -1.0000   -1.0000
center:     128.0000 -129.0000 -129.0000
fimgreg.f
image alignment mode   2311 decimal      907 hex
parameters
   -4.7875   -7.7955    7.6876  -12.4430  -23.9304  -16.4948
    1.8915  -10.7253   -1.8792    5.7623   14.5292   -4.6342
eta,q 0.97272 13.82916
niter,ni,del,rscale     5    3    5.0000    0.8000
parameters
   -4.7671   -7.2176    7.3935  -10.8332  -23.7870  -15.3658
    1.7972  -10.5737   -1.3273    7.2413   15.0725   -5.6712
eta,q 0.97333 13.97710
  0.0286  0.0293  0.0275  0.0283  0.0283  0.0281  0.0281  0.0287  0.0285  0.0288  0.0271  0.0270
  0.0279  0.0284  0.0272  0.0277  0.0277  0.0276  0.0274  0.0275  0.0277  0.0279  0.0269  0.0268
  0.0274  0.0277  0.0271  0.0273  0.0272  0.0272  0.0270  0.0270  0.0271  0.0272  0.0268  0.0267
  0.0273  0.0273  0.0271  0.0271  0.0270  0.0270  0.0268  0.0268  0.0268  0.0268  0.0267  0.0267
  0.0274  0.0271  0.0272  0.0270  0.0270  0.0268  0.0270  0.0270  0.0269  0.0267  0.0267  0.0268
  0.0278  0.0272  0.0275  0.0270  0.0275  0.0268  0.0275  0.0275  0.0272  0.0269  0.0268  0.0270
  0.0286  0.0276  0.0280  0.0273  0.0283  0.0275  0.0283  0.0283  0.0279  0.0273  0.0270  0.0274
niter,ni,del,rscale     4    3    5.0000    0.7000
parameters
   -4.7841   -7.1253    7.1878  -10.6946  -23.8864  -15.6068
    1.8681  -10.6763   -1.2488    7.6179   15.2297   -5.8969
eta,q 0.97334 13.96574
  0.0277  0.0278  0.0270  0.0274  0.0276  0.0275  0.0277  0.0279  0.0278  0.0278  0.0269  0.0270
  0.0272  0.0272  0.0268  0.0270  0.0271  0.0272  0.0272  0.0271  0.0272  0.0272  0.0268  0.0268
  0.0268  0.0268  0.0267  0.0268  0.0268  0.0269  0.0268  0.0267  0.0268  0.0268  0.0267  0.0267
  0.0267  0.0267  0.0267  0.0266  0.0266  0.0266  0.0267  0.0267  0.0267  0.0267  0.0267  0.0267
  0.0268  0.0267  0.0268  0.0266  0.0267  0.0266  0.0268  0.0269  0.0268  0.0267  0.0267  0.0267
  0.0272  0.0270  0.0270  0.0268  0.0271  0.0270  0.0271  0.0273  0.0271  0.0270  0.0267  0.0268
  0.0278  0.0276  0.0273  0.0274  0.0278  0.0281  0.0277  0.0280  0.0277  0.0275  0.0269  0.0271
niter,ni,del,rscale     3    3    5.0000    0.6000
parameters
   -4.8031   -7.0305    7.0488  -10.5455  -23.9629  -15.5291
    1.9485  -10.7200   -1.2134    7.8391   15.4320   -6.2108
eta,q 0.97338 13.96979
  0.0274  0.0276  0.0270  0.0272  0.0274  0.0274  0.0274  0.0276  0.0274  0.0275  0.0268  0.0268
  0.0270  0.0271  0.0268  0.0269  0.0270  0.0271  0.0270  0.0270  0.0270  0.0270  0.0267  0.0267
  0.0268  0.0268  0.0267  0.0268  0.0268  0.0269  0.0268  0.0267  0.0267  0.0267  0.0267  0.0266
  0.0267  0.0267  0.0266  0.0266  0.0266  0.0266  0.0266  0.0266  0.0266  0.0266  0.0266  0.0266
  0.0268  0.0267  0.0267  0.0266  0.0267  0.0266  0.0267  0.0268  0.0267  0.0267  0.0266  0.0267
  0.0270  0.0269  0.0269  0.0268  0.0270  0.0269  0.0269  0.0271  0.0270  0.0269  0.0267  0.0268
  0.0275  0.0273  0.0271  0.0272  0.0275  0.0275  0.0274  0.0276  0.0274  0.0273  0.0268  0.0269
niter,ni,del,rscale     2    3    5.0000    0.5000
parameters
   -4.8096   -6.9842    7.0008  -10.3931  -23.9940  -15.3322
    2.0103  -10.7532   -1.2282    7.9280   15.5815   -6.4403
eta,q 0.97342 13.98295
  0.0272  0.0272  0.0269  0.0270  0.0271  0.0272  0.0272  0.0273  0.0272  0.0272  0.0268  0.0267
  0.0269  0.0269  0.0267  0.0268  0.0269  0.0270  0.0269  0.0269  0.0268  0.0269  0.0267  0.0266
  0.0267  0.0267  0.0266  0.0267  0.0267  0.0268  0.0267  0.0267  0.0266  0.0267  0.0266  0.0266
  0.0266  0.0266  0.0266  0.0266  0.0266  0.0266  0.0266  0.0266  0.0266  0.0266  0.0266  0.0266
  0.0267  0.0267  0.0267  0.0266  0.0267  0.0266  0.0266  0.0267  0.0267  0.0266  0.0266  0.0266
  0.0269  0.0268  0.0268  0.0267  0.0268  0.0268  0.0268  0.0269  0.0268  0.0268  0.0266  0.0267
  0.0272  0.0271  0.0269  0.0270  0.0272  0.0272  0.0271  0.0273  0.0272  0.0271  0.0267  0.0268
niter,ni,del,rscale     1    3    5.0000    0.4000
parameters
   -4.8124   -6.9771    7.0364  -10.2569  -23.9670  -15.0670
    2.0571  -10.7852   -1.2738    7.9204   15.7164   -6.5992
eta,q 0.97345 14.00327
  0.0270  0.0269  0.0268  0.0268  0.0269  0.0271  0.0269  0.0271  0.0269  0.0269  0.0267  0.0267
  0.0268  0.0267  0.0267  0.0267  0.0268  0.0269  0.0267  0.0268  0.0267  0.0267  0.0266  0.0266
  0.0266  0.0266  0.0266  0.0266  0.0266  0.0267  0.0266  0.0266  0.0266  0.0266  0.0266  0.0266
  0.0266  0.0266  0.0266  0.0266  0.0266  0.0266  0.0266  0.0266  0.0266  0.0266  0.0266  0.0266
  0.0266  0.0266  0.0266  0.0266  0.0266  0.0266  0.0266  0.0266  0.0266  0.0266  0.0266  0.0266
  0.0268  0.0267  0.0267  0.0267  0.0267  0.0267  0.0267  0.0268  0.0267  0.0267  0.0266  0.0266
  0.0270  0.0269  0.0268  0.0268  0.0269  0.0270  0.0269  0.0271  0.0269  0.0269  0.0267  0.0267
registration optimization eta report
parameter search radius
    0.8000    0.8000    0.8000    2.4000    2.4000    2.4000
    2.4000    2.4000    2.4000    2.4000    2.4000    2.4000
100000*second partial in parameter space
       59.       55.       30.        4.        6.        8.
        6.        9.        6.        6.        2.        2.
  0.0270  0.0269  0.0268  0.0268  0.0269  0.0271  0.0269  0.0271  0.0269  0.0269  0.0267  0.0267
  0.0268  0.0267  0.0267  0.0267  0.0268  0.0269  0.0267  0.0268  0.0267  0.0267  0.0266  0.0266
  0.0266  0.0266  0.0266  0.0266  0.0266  0.0267  0.0266  0.0266  0.0266  0.0266  0.0266  0.0266
  0.0266  0.0266  0.0266  0.0266  0.0266  0.0266  0.0266  0.0266  0.0266  0.0266  0.0266  0.0266
  0.0266  0.0266  0.0266  0.0266  0.0266  0.0266  0.0266  0.0266  0.0266  0.0266  0.0266  0.0266
  0.0268  0.0267  0.0267  0.0267  0.0267  0.0267  0.0267  0.0268  0.0267  0.0267  0.0266  0.0266
  0.0270  0.0269  0.0268  0.0268  0.0269  0.0270  0.0269  0.0271  0.0269  0.0269  0.0267  0.0267
   -4.8124   -6.9771    7.0364  -10.2569  -23.9670  -15.0670
    2.0571  -10.7852   -1.2738    7.9204   15.7164   -6.5992
eta,q 0.97345 14.00327

---------------------------------------------------------------------
imgreg_4dfp /opt/freesurfer/average/711-2C_as_mni_average_305 /opt/freesurfer/average/711-2B_as_mni_average_305_mask talsrcimg_g11 none talsrcimg_to_711-2C_as_mni_average_305_t4 2311
---------------------------------------------------------------------

freesurfer imgreg_4dfp.c
/opt/freesurfer/average/711-2C_as_mni_average_305.4dfp.img
       256       256       256         1
  1.000000  1.000000  1.000000
orientation T byte_order littleendian
Reading image: /opt/freesurfer/average/711-2C_as_mni_average_305.4dfp.img
dimensions:      256       256       256
mmppix:       1.0000   -1.0000   -1.0000
center:     128.0000 -129.0000 -129.0000
/opt/freesurfer/average/711-2B_as_mni_average_305_mask.4dfp.img
       256       256       256         1
  1.000000  1.000000  1.000000
orientation T byte_order littleendian
Reading mask: /opt/freesurfer/average/711-2B_as_mni_average_305_mask.4dfp.img (2306576 pixels)
talsrcimg_g11.4dfp.img
       256       256       256         1
  1.000000  1.000000  1.000000
orientation T byte_order littleendian
Reading image: talsrcimg_g11.4dfp.img
dimensions:      256       256       256
mmppix:       1.0000   -1.0000   -1.0000
center:     128.0000 -129.0000 -129.0000
fimgreg.f
image alignment mode   2311 decimal      907 hex
parameters
   -4.8124   -6.9771    7.0364  -10.2569  -23.9670  -15.0670
    2.0571  -10.7852   -1.2738    7.9204   15.7164   -6.5992
eta,q 0.97345 14.00327
niter,ni,del,rscale     5    3    5.0000    0.8000
parameters
   -4.8276   -7.0142    7.1549  -10.9408  -24.1419  -15.6974
    2.0114  -10.7632   -1.3167    7.9295   15.0209   -5.9761
eta,q 0.97331 13.93530
  0.0281  0.0279  0.0275  0.0274  0.0278  0.0277  0.0279  0.0284  0.0280  0.0280  0.0269  0.0273
  0.0272  0.0272  0.0270  0.0270  0.0272  0.0272  0.0273  0.0273  0.0273  0.0273  0.0268  0.0270
  0.0267  0.0267  0.0267  0.0267  0.0268  0.0269  0.0269  0.0268  0.0268  0.0268  0.0267  0.0268
  0.0266  0.0266  0.0266  0.0266  0.0266  0.0266  0.0267  0.0267  0.0267  0.0267  0.0267  0.0267
  0.0267  0.0267  0.0266  0.0267  0.0267  0.0267  0.0268  0.0269  0.0268  0.0268  0.0267  0.0267
  0.0273  0.0272  0.0268  0.0272  0.0272  0.0275  0.0273  0.0274  0.0273  0.0273  0.0269  0.0268
  0.0281  0.0280  0.0272  0.0285  0.0281  0.0290  0.0280  0.0283  0.0281  0.0280  0.0272  0.0270
niter,ni,del,rscale     4    3    5.0000    0.7000
parameters
   -4.8268   -6.9237    6.9972  -10.7211  -24.1410  -15.8822
    1.9882  -10.7452   -1.1364    8.0611   15.0338   -6.1214
eta,q 0.97332 13.93240
  0.0278  0.0279  0.0271  0.0274  0.0276  0.0275  0.0277  0.0280  0.0278  0.0277  0.0269  0.0270
  0.0272  0.0272  0.0268  0.0271  0.0272  0.0272  0.0272  0.0272  0.0272  0.0272  0.0268  0.0268
  0.0268  0.0269  0.0267  0.0268  0.0268  0.0269  0.0268  0.0268  0.0268  0.0268  0.0267  0.0267
  0.0267  0.0267  0.0267  0.0267  0.0267  0.0267  0.0267  0.0267  0.0267  0.0267  0.0267  0.0267
  0.0268  0.0268  0.0268  0.0267  0.0267  0.0266  0.0268  0.0269  0.0268  0.0268  0.0267  0.0267
  0.0272  0.0271  0.0270  0.0268  0.0271  0.0270  0.0271  0.0273  0.0271  0.0271  0.0268  0.0268
  0.0278  0.0276  0.0273  0.0274  0.0277  0.0280  0.0277  0.0279  0.0277  0.0276  0.0270  0.0270
niter,ni,del,rscale     3    3    5.0000    0.6000
parameters
   -4.8256   -6.8992    6.9111  -10.5774  -24.1263  -15.7172
    1.9947  -10.7483   -1.0985    8.1213   15.2657   -6.3835
eta,q 0.97336 13.94648
  0.0275  0.0275  0.0270  0.0272  0.0274  0.0274  0.0274  0.0277  0.0275  0.0274  0.0269  0.0269
  0.0270  0.0271  0.0268  0.0269  0.0270  0.0271  0.0270  0.0271  0.0270  0.0270  0.0268  0.0267
  0.0268  0.0268  0.0267  0.0268  0.0268  0.0269  0.0268  0.0267  0.0267  0.0267  0.0267  0.0267
  0.0267  0.0267  0.0267  0.0267  0.0267  0.0267  0.0267  0.0267  0.0267  0.0266  0.0266  0.0266
  0.0268  0.0268  0.0267  0.0267  0.0267  0.0266  0.0267  0.0268  0.0267  0.0267  0.0266  0.0267
  0.0270  0.0270  0.0269  0.0268  0.0270  0.0268  0.0270  0.0271  0.0270  0.0270  0.0267  0.0268
  0.0275  0.0274  0.0271  0.0272  0.0275  0.0275  0.0274  0.0276  0.0274  0.0274  0.0268  0.0269
niter,ni,del,rscale     2    3    5.0000    0.5000
parameters
   -4.8222   -6.8958    6.9033  -10.4052  -24.1043  -15.4440
    2.0288  -10.7593   -1.1425    8.1300   15.4564   -6.5958
eta,q 0.97340 13.96835
  0.0272  0.0272  0.0269  0.0270  0.0272  0.0273  0.0272  0.0274  0.0272  0.0272  0.0268  0.0267
  0.0269  0.0269  0.0268  0.0268  0.0269  0.0270  0.0269  0.0269  0.0268  0.0269  0.0267  0.0267
  0.0267  0.0267  0.0267  0.0267  0.0267  0.0268  0.0267  0.0267  0.0267  0.0267  0.0266  0.0266
  0.0266  0.0266  0.0266  0.0266  0.0266  0.0266  0.0266  0.0266  0.0266  0.0266  0.0266  0.0266
  0.0267  0.0267  0.0267  0.0266  0.0267  0.0266  0.0267  0.0267  0.0267  0.0267  0.0266  0.0266
  0.0269  0.0269  0.0268  0.0267  0.0269  0.0268  0.0268  0.0269  0.0269  0.0268  0.0266  0.0267
  0.0272  0.0272  0.0269  0.0270  0.0272  0.0272  0.0271  0.0273  0.0272  0.0272  0.0268  0.0268
niter,ni,del,rscale     1    3    5.0000    0.4000
parameters
   -4.8177   -6.9136    6.9581  -10.2637  -24.0600  -15.1617
    2.0568  -10.7866   -1.2018    8.0465   15.5994   -6.6975
eta,q 0.97343 13.99062
  0.0270  0.0269  0.0268  0.0269  0.0270  0.0271  0.0269  0.0271  0.0269  0.0269  0.0267  0.0267
  0.0268  0.0268  0.0267  0.0267  0.0268  0.0269  0.0267  0.0268  0.0267  0.0267  0.0266  0.0266
  0.0266  0.0266  0.0266  0.0266  0.0267  0.0267  0.0266  0.0266  0.0266  0.0266  0.0266  0.0266
  0.0266  0.0266  0.0266  0.0266  0.0266  0.0266  0.0266  0.0266  0.0266  0.0266  0.0266  0.0266
  0.0266  0.0266  0.0266  0.0266  0.0266  0.0266  0.0266  0.0266  0.0266  0.0266  0.0266  0.0266
  0.0268  0.0268  0.0267  0.0267  0.0267  0.0267  0.0267  0.0268  0.0267  0.0268  0.0266  0.0266
  0.0270  0.0270  0.0268  0.0268  0.0269  0.0270  0.0269  0.0271  0.0270  0.0270  0.0267  0.0267
registration optimization eta report
parameter search radius
    0.8000    0.8000    0.8000    2.4000    2.4000    2.4000
    2.4000    2.4000    2.4000    2.4000    2.4000    2.4000
100000*second partial in parameter space
       60.       55.       29.        4.        6.        8.
        6.        9.        6.        6.        2.        2.
  0.0270  0.0269  0.0268  0.0269  0.0270  0.0271  0.0269  0.0271  0.0269  0.0269  0.0267  0.0267
  0.0268  0.0268  0.0267  0.0267  0.0268  0.0269  0.0267  0.0268  0.0267  0.0267  0.0266  0.0266
  0.0266  0.0266  0.0266  0.0266  0.0267  0.0267  0.0266  0.0266  0.0266  0.0266  0.0266  0.0266
  0.0266  0.0266  0.0266  0.0266  0.0266  0.0266  0.0266  0.0266  0.0266  0.0266  0.0266  0.0266
  0.0266  0.0266  0.0266  0.0266  0.0266  0.0266  0.0266  0.0266  0.0266  0.0266  0.0266  0.0266
  0.0268  0.0268  0.0267  0.0267  0.0267  0.0267  0.0267  0.0268  0.0267  0.0268  0.0266  0.0266
  0.0270  0.0270  0.0268  0.0268  0.0269  0.0270  0.0269  0.0271  0.0270  0.0270  0.0267  0.0267
   -4.8177   -6.9136    6.9581  -10.2637  -24.0600  -15.1617
    2.0568  -10.7866   -1.2018    8.0465   15.5994   -6.6975
eta,q 0.97343 13.99062

---------------------------------------------------------------------
compute_vox2vox talsrcimg talsrcimg_to_711-2C_as_mni_average_305_t4 /opt/freesurfer/average/711-2C_as_mni_average_305
---------------------------------------------------------------------

freesurfer compute_vox2vox.c
Reading: talsrcimg.4dfp.ifh
Reading: talsrcimg_to_711-2C_as_mni_average_305_t4
Reading: /opt/freesurfer/average/711-2C_as_mni_average_305.4dfp.ifh
Writing: talsrcimg_to_711-2C_as_mni_average_305_t4_vox2vox.txt

start time Mon Mar 9 00:42:01 CET 2026
end		time Mon Mar 9 00:43:28 CET 2026

mpr2mni305 success

avi2talxfm orig_nu.mgz /opt/freesurfer/average/mni305.cor.mgz talsrcimg_to_711-2C_as_mni_average_305_t4_vox2vox.txt transforms/talairach.auto.xfm
avi2talxfm done
mv -f /out/sourcedata/freesurfer/sub-v1s16x0051197_ses-1/mri/talsrcimg_to_711-2C_as_mni_average_305_t4_vox2vox.txt /out/sourcedata/freesurfer/sub-v1s16x0051197_ses-1/mri/transforms/talsrcimg_to_711-2C_as_mni_average_305_t4_vox2vox.txt
lta_convert --src orig_nu.mgz --trg /opt/freesurfer/average/mni305.cor.mgz --inxfm transforms/talairach.auto.xfm --outlta transforms/talairach.auto.xfm.lta --subject fsaverage
7.3.2

--src: orig_nu.mgz src image (geometry).
--trg: /opt/freesurfer/average/mni305.cor.mgz trg image (geometry).
--inmni: transforms/talairach.auto.xfm input MNI/XFM transform.
--outlta: transforms/talairach.auto.xfm.lta output LTA.
--s: fsaverage subject name
 LTA read, type : 1
 1.08978   0.14018  -0.01715   1.83859;
-0.19737   1.14355   0.10620  -13.11337;
 0.03816  -0.11895   1.30531   12.92894;
 0.00000   0.00000   0.00000   1.00000;
setting subject to fsaverage
Writing  LTA to file transforms/talairach.auto.xfm.lta...
lta_convert successful.
 
 
Started at Mon Mar 9 00:42:00 CET 2026
Ended   at Mon Mar  9 00:43:29 CET 2026
talairach_avi done
