status file for recon-all
Mon Mar  9 00:04:22 CET 2026
#@# Tessellate lh Mon Mar  9 00:04:22 CET 2026
#@# Smooth1 lh Mon Mar  9 00:04:25 CET 2026
#@# Inflation1 lh Mon Mar  9 00:04:28 CET 2026
#@# QSphere lh Mon Mar  9 00:04:40 CET 2026
#@# Fix Topology lh Mon Mar  9 00:05:50 CET 2026
#@# Smooth2 lh Mon Mar  9 00:12:14 CET 2026
#@# Inflation2 lh Mon Mar  9 00:12:17 CET 2026
#@# Curv .H and .K lh Mon Mar  9 00:12:29 CET 2026
#@# Sphere lh Mon Mar  9 00:13:08 CET 2026
#@# Surf Reg lh Mon Mar  9 00:17:32 CET 2026
#@# Jacobian white lh Mon Mar  9 00:21:29 CET 2026
#@# AvgCurv lh Mon Mar  9 00:21:30 CET 2026
#@# Cortical Parc lh Mon Mar  9 00:21:31 CET 2026
#@# white curv lh Mon Mar  9 00:27:04 CET 2026
#@# white area lh Mon Mar  9 00:27:06 CET 2026
#@# pial curv lh Mon Mar  9 00:27:07 CET 2026
#@# pial area lh Mon Mar  9 00:27:08 CET 2026
#@# thickness lh Mon Mar  9 00:27:09 CET 2026
#@# area and vertex vol lh Mon Mar  9 00:27:33 CET 2026
#@# Curvature Stats lh Mon Mar  9 00:27:34 CET 2026
#@# Cortical Parc 2 lh Mon Mar  9 00:27:37 CET 2026
#@# Cortical Parc 3 lh Mon Mar  9 00:27:48 CET 2026
#@# WM/GM Contrast lh Mon Mar  9 00:27:57 CET 2026
recon-all -s sub-v1s16x0051165_ses-1 finished without error at Mon Mar  9 00:28:00 CET 2026



#New# invocation of recon-all 



status file for recon-all
Mon Mar  9 00:54:00 CET 2026
#@# white curv lh Mon Mar  9 00:54:00 CET 2026
#@# white area lh Mon Mar  9 00:54:00 CET 2026
#@# pial curv lh Mon Mar  9 00:54:00 CET 2026
#@# pial area lh Mon Mar  9 00:54:00 CET 2026
#@# thickness lh Mon Mar  9 00:54:00 CET 2026
#@# area and vertex vol lh Mon Mar  9 00:54:00 CET 2026
#@# Parcellation Stats lh Mon Mar  9 00:54:00 CET 2026
#@# Parcellation Stats 2 lh Mon Mar  9 00:54:15 CET 2026
#@# Parcellation Stats 3 lh Mon Mar  9 00:54:23 CET 2026
#@# BA_exvivo Labels lh Mon Mar  9 00:54:30 CET 2026
recon-all -s sub-v1s16x0051165_ses-1 finished without error at Mon Mar  9 00:57:11 CET 2026
