status file for recon-all
Sun Mar  8 22:08:02 CET 2026
#@# MotionCor Sun Mar  8 22:08:04 CET 2026
#@# Talairach Sun Mar  8 22:08:13 CET 2026
#@# Talairach Failure Detection Sun Mar  8 22:12:39 CET 2026
#@# Nu Intensity Correction Sun Mar  8 22:12:39 CET 2026
#@# Intensity Normalization Sun Mar  8 22:15:57 CET 2026
recon-all -s sub-v1s16x0051165_ses-1 finished without error at Sun Mar  8 22:17:25 CET 2026



#New# invocation of recon-all 



status file for recon-all
Sun Mar  8 22:24:37 CET 2026
#@# EM Registration Sun Mar  8 22:24:37 CET 2026
recon-all -s sub-v1s16x0051165_ses-1 finished without error at Sun Mar  8 22:27:27 CET 2026



#New# invocation of recon-all 



status file for recon-all
Sun Mar  8 22:27:31 CET 2026
#@# CA Normalize Sun Mar  8 22:27:31 CET 2026
#@# CA Reg Sun Mar  8 22:28:54 CET 2026
#@# SubCort Seg Sun Mar  8 23:29:23 CET 2026
#@# CC Seg Sun Mar  8 23:58:10 CET 2026
#@# Merge ASeg Sun Mar  8 23:59:01 CET 2026
#@# Intensity Normalization2 Sun Mar  8 23:59:01 CET 2026
#@# Mask BFS Mon Mar  9 00:01:17 CET 2026
#@# WM Segmentation Mon Mar  9 00:01:18 CET 2026
#@# Fill Mon Mar  9 00:03:18 CET 2026
recon-all -s sub-v1s16x0051165_ses-1 finished without error at Mon Mar  9 00:04:18 CET 2026



#New# invocation of recon-all 



status file for recon-all
Mon Mar  9 00:50:36 CET 2026
#@# white curv lh Mon Mar  9 00:50:36 CET 2026
#@# white area lh Mon Mar  9 00:50:36 CET 2026
#@# pial curv lh Mon Mar  9 00:50:36 CET 2026
#@# pial area lh Mon Mar  9 00:50:36 CET 2026
#@# thickness lh Mon Mar  9 00:50:36 CET 2026
#@# area and vertex vol lh Mon Mar  9 00:50:36 CET 2026
#@# white curv rh Mon Mar  9 00:50:36 CET 2026
#@# white area rh Mon Mar  9 00:50:36 CET 2026
#@# pial curv rh Mon Mar  9 00:50:36 CET 2026
#@# pial area rh Mon Mar  9 00:50:36 CET 2026
#@# thickness rh Mon Mar  9 00:50:36 CET 2026
#@# area and vertex vol rh Mon Mar  9 00:50:36 CET 2026
#@# Cortical ribbon mask Mon Mar  9 00:50:36 CET 2026
recon-all -s sub-v1s16x0051165_ses-1 finished without error at Mon Mar  9 00:53:55 CET 2026



#New# invocation of recon-all 



status file for recon-all
Mon Mar  9 01:00:20 CET 2026
#@# white curv lh Mon Mar  9 01:00:20 CET 2026
#@# white area lh Mon Mar  9 01:00:20 CET 2026
#@# pial curv lh Mon Mar  9 01:00:20 CET 2026
#@# pial area lh Mon Mar  9 01:00:20 CET 2026
#@# thickness lh Mon Mar  9 01:00:20 CET 2026
#@# area and vertex vol lh Mon Mar  9 01:00:20 CET 2026
#@# white curv rh Mon Mar  9 01:00:20 CET 2026
#@# white area rh Mon Mar  9 01:00:20 CET 2026
#@# pial curv rh Mon Mar  9 01:00:20 CET 2026
#@# pial area rh Mon Mar  9 01:00:20 CET 2026
#@# thickness rh Mon Mar  9 01:00:20 CET 2026
#@# area and vertex vol rh Mon Mar  9 01:00:20 CET 2026
#@# Curvature Stats lh Mon Mar  9 01:00:20 CET 2026
#@# Curvature Stats rh Mon Mar  9 01:00:23 CET 2026
#@# Relabel Hypointensities Mon Mar  9 01:00:25 CET 2026
#@# APas-to-ASeg Mon Mar  9 01:00:41 CET 2026
#@# AParc-to-ASeg aparc Mon Mar  9 01:00:48 CET 2026
#@# AParc-to-ASeg aparc.a2009s Mon Mar  9 01:01:14 CET 2026
#@# AParc-to-ASeg aparc.DKTatlas Mon Mar  9 01:01:38 CET 2026
#@# WMParc Mon Mar  9 01:02:03 CET 2026
#@# ASeg Stats Mon Mar  9 01:06:50 CET 2026
recon-all -s sub-v1s16x0051165_ses-1 finished without error at Mon Mar  9 01:07:36 CET 2026
