/out/sourcedata/freesurfer/sub-v1s16x0051193_ses-1/mri
/opt/freesurfer/bin/talairach_avi
--i orig_nu.mgz --xfm transforms/talairach.auto.xfm
talairach_avi 7.3.2
Linux dna007 5.14.0-427.37.1.el9_4.x86_64 #1 SMP PREEMPT_DYNAMIC Fri Sep 13 12:41:50 EDT 2024 x86_64 x86_64 x86_64 GNU/Linux
Mon Mar  9 00:21:19 CET 2026
mri_convert orig_nu.mgz talsrcimg.img 
reading from orig_nu.mgz...
TR=0.00, TE=0.00, TI=0.00, flip angle=0.00
i_ras = (-1, 0, 0)
j_ras = (0, 0, -1)
k_ras = (0, 1, 0)
writing to talsrcimg.img...
Analyze Output Matrix
-1.00000   0.00000   0.00000   129.42622;
 0.00000   0.00000   1.00000  -141.12816;
 0.00000  -1.00000   0.00000   128.25519;
 0.00000   0.00000   0.00000   1.00000;
--------------------
INFO: set hdr.hist.orient to -1
mpr2mni305 talsrcimg
Mon Mar  9 00:21:20 CET 2026
/opt/freesurfer/bin/mpr2mni305 talsrcimg
mpr2mni305 7.3.2
target=711-2C_as_mni_average_305

---------------------------------------------------------------------
analyzeto4dfp talsrcimg -O0 -y
---------------------------------------------------------------------

freesurfer ifh2hdr.c
Mon Mar  9 00:21:20 2026
Writing: talsrcimg.4dfp.hdr
freesurfer analyzeto4dfp.c
Reading: talsrcimg.hdr
header size 348 bytes
hdr.dime.datatype	offset=70	value=2
hdr.dime.bitpix		offset=72	value=8
hdr.hist.orient		offset=252	value=-1
dimensionality     4
dimensions       256       256       256         1
Reading: talsrcimg.img
Writing: talsrcimg.4dfp.img
Writing: talsrcimg.4dfp.ifh
ifh2hdr talsrcimg -r0to211
ori=2

---------------------------------------------------------------------
gauss_4dfp talsrcimg 1.1
---------------------------------------------------------------------

freesurfer gauss_4dfp.c
Reading: talsrcimg.4dfp.img
Writing: talsrcimg_g11.4dfp.img
image dimensions 256 256 256 padded to 288 288 288
processing volume 1freesurfer ifh2hdr.c
Mon Mar  9 00:21:21 2026
Writing: talsrcimg_g11.4dfp.hdr

Writing: talsrcimg_g11.4dfp.ifh
including: talsrcimg.4dfp.img.rec in talsrcimg_g11.4dfp.img.rec

---------------------------------------------------------------------
imgreg_4dfp /opt/freesurfer/average/711-2C_as_mni_average_305 none talsrcimg_g11 none talsrcimg_to_711-2C_as_mni_average_305_t4 4355
---------------------------------------------------------------------

freesurfer imgreg_4dfp.c
/opt/freesurfer/average/711-2C_as_mni_average_305.4dfp.img
       256       256       256         1
  1.000000  1.000000  1.000000
orientation T byte_order littleendian
Reading image: /opt/freesurfer/average/711-2C_as_mni_average_305.4dfp.img
dimensions:      256       256       256
mmppix:       1.0000   -1.0000   -1.0000
center:     128.0000 -129.0000 -129.0000
talsrcimg_g11.4dfp.img
       256       256       256         1
  1.000000  1.000000  1.000000
orientation T byte_order littleendian
Reading image: talsrcimg_g11.4dfp.img
dimensions:      256       256       256
mmppix:       1.0000   -1.0000   -1.0000
center:     128.0000 -129.0000 -129.0000
t4_read: open error in t4_sub.f l:  41 t4_file(1:l)talsrcimg_to_711-2C_as_mni_average_305_t4 
t4_read: transform initialized to I4
rotation matrix determinant  1.000000
image alignment mode   4355 decimal     1103 hex
   -7.5000  -45.0000  -45.0000 5272.4595   23.5766
    0.0000  -45.0000  -45.0000 5431.2432   23.5391
    7.5000  -45.0000  -45.0000 5141.6519   23.4765
   -7.5000  -37.5000  -45.0000 5814.2632   23.0064
    0.0000  -37.5000  -45.0000 6001.9829   22.9676
    7.5000  -37.5000  -45.0000 5682.3506   22.9231
   -7.5000  -30.0000  -45.0000 6582.6602   22.6170
    0.0000  -30.0000  -45.0000 6809.0962   22.5817
    7.5000  -30.0000  -45.0000 6464.1025   22.5413
   -7.5000  -22.5000  -45.0000 7412.2700   22.5097
    0.0000  -22.5000  -45.0000 7653.5156   22.4846
    7.5000  -22.5000  -45.0000 7281.0332   22.4342
   -7.5000  -15.0000  -45.0000 8287.6357   22.5163
    0.0000  -15.0000  -45.0000 8555.4033   22.4982
    7.5000  -15.0000  -45.0000 8113.2690   22.4371
   -7.5000   -7.5000  -45.0000 9104.6973   22.5077
    0.0000   -7.5000  -45.0000 9433.3916   22.4840
    7.5000   -7.5000  -45.0000 8920.6533   22.4202
   -7.5000    0.0000  -45.0000 9850.3896   22.4898
    0.0000    0.0000  -45.000010189.7314   22.4557
    7.5000    0.0000  -45.0000 9648.3877   22.3996
   -7.5000    7.5000  -45.0000 9837.5566   22.4780
    0.0000    7.5000  -45.000010151.9395   22.4393
    7.5000    7.5000  -45.0000 9607.1406   22.3964
   -7.5000   15.0000  -45.0000 9719.3115   22.4875
    0.0000   15.0000  -45.000010035.8564   22.4524
    7.5000   15.0000  -45.0000 9502.5723   22.4122
   -7.5000   22.5000  -45.0000 9529.8203   22.5048
    0.0000   22.5000  -45.0000 9826.9150   22.4797
    7.5000   22.5000  -45.0000 9305.1270   22.4293
   -7.5000   30.0000  -45.0000 9280.5820   22.2162
    0.0000   30.0000  -45.0000 9592.8018   22.1984
    7.5000   30.0000  -45.0000 9069.9053   22.1381
   -7.5000   37.5000  -45.0000 9370.5439   22.2078
    0.0000   37.5000  -45.0000 9686.9727   22.1844
    7.5000   37.5000  -45.0000 9169.6367   22.1214
   -7.5000   45.0000  -45.0000 9015.9316   21.6266
    0.0000   45.0000  -45.0000 9319.1650   21.5938
    7.5000   45.0000  -45.0000 8827.3877   21.5399
   -7.5000  -45.0000  -37.5000 5690.0571   23.3312
    0.0000  -45.0000  -37.5000 5889.2192   23.2940
    7.5000  -45.0000  -37.5000 5583.3345   23.2287
   -7.5000  -37.5000  -37.5000 6250.5967   22.7794
    0.0000  -37.5000  -37.5000 6473.9424   22.7398
    7.5000  -37.5000  -37.5000 6152.1162   22.6877
   -7.5000  -30.0000  -37.5000 7083.3379   22.3927
    0.0000  -30.0000  -37.5000 7328.4082   22.3528
    7.5000  -30.0000  -37.5000 6972.1357   22.3043
   -7.5000  -22.5000  -37.5000 7988.7578   22.2745
    0.0000  -22.5000  -37.5000 8254.8477   22.2430
    7.5000  -22.5000  -37.5000 7852.3755   22.1900
   -7.5000  -15.0000  -37.5000 8946.8193   22.2698
    0.0000  -15.0000  -37.5000 9264.8271   22.2463
    7.5000  -15.0000  -37.5000 8783.2119   22.1880
   -7.5000   -7.5000  -37.5000 9830.6602   22.2634
    0.0000   -7.5000  -37.500010194.5029   22.2375
    7.5000   -7.5000  -37.5000 9666.0039   22.1758
   -7.5000    0.0000  -37.500010603.2119   22.2589
    0.0000    0.0000  -37.500011007.8154   22.2253
    7.5000    0.0000  -37.500010435.3564   22.1670
   -7.5000    7.5000  -37.500010580.0840   22.2579
    0.0000    7.5000  -37.500010957.9980   22.2186
    7.5000    7.5000  -37.500010357.6875   22.1685
   -7.5000   15.0000  -37.500010402.7090   22.2654
    0.0000   15.0000  -37.500010783.4629   22.2258
    7.5000   15.0000  -37.500010208.4492   22.1777
   -7.5000   22.5000  -37.500010159.7773   22.2697
    0.0000   22.5000  -37.500010508.1357   22.2382
    7.5000   22.5000  -37.5000 9972.4707   22.1852
   -7.5000   30.0000  -37.5000 9901.7158   21.9731
    0.0000   30.0000  -37.500010244.4131   21.9499
    7.5000   30.0000  -37.5000 9700.4316   21.8923
   -7.5000   37.5000  -37.5000 9986.6670   21.9667
    0.0000   37.5000  -37.500010346.8740   21.9411
    7.5000   37.5000  -37.5000 9804.9932   21.8803
   -7.5000   45.0000  -37.5000 9581.4980   21.4046
    0.0000   45.0000  -37.5000 9904.1895   21.3723
    7.5000   45.0000  -37.5000 9402.6348   21.3163
   -7.5000  -45.0000  -30.0000 6246.3022   24.2981
    0.0000  -45.0000  -30.0000 6484.1323   24.2668
    7.5000  -45.0000  -30.0000 6160.0610   24.2114
   -7.5000  -37.5000  -30.0000 6857.4136   23.7318
    0.0000  -37.5000  -30.0000 7126.4058   23.6943
    7.5000  -37.5000  -30.0000 6781.8672   23.6468
   -7.5000  -30.0000  -30.0000 7772.9644   23.3298
    0.0000  -30.0000  -30.0000 8069.5342   23.2875
    7.5000  -30.0000  -30.0000 7685.0283   23.2409
   -7.5000  -22.5000  -30.0000 8782.5361   23.1978
    0.0000  -22.5000  -30.0000 9105.5518   23.1639
    7.5000  -22.5000  -30.0000 8657.7627   23.1154
   -7.5000  -15.0000  -30.0000 9817.4336   23.1831
    0.0000  -15.0000  -30.000010196.4189   23.1602
    7.5000  -15.0000  -30.0000 9666.8105   23.1102
   -7.5000   -7.5000  -30.000010783.9248   23.1744
    0.0000   -7.5000  -30.000011202.1123   23.1528
    7.5000   -7.5000  -30.000010631.5176   23.1015
   -7.5000    0.0000  -30.000011621.1973   23.1767
    0.0000    0.0000  -30.000012074.5117   23.1487
    7.5000    0.0000  -30.000011463.0020   23.0995
   -7.5000    7.5000  -30.000011580.9355   23.1864
    0.0000    7.5000  -30.000012012.0479   23.1490
    7.5000    7.5000  -30.000011369.3877   23.1033
   -7.5000   15.0000  -30.000011408.6738   23.1971
    0.0000   15.0000  -30.000011812.9199   23.1551
    7.5000   15.0000  -30.000011168.8906   23.1087
   -7.5000   22.5000  -30.000011098.3115   23.1904
    0.0000   22.5000  -30.000011472.2861   23.1565
    7.5000   22.5000  -30.000010866.9688   23.1080
   -7.5000   30.0000  -30.000010774.7988   22.8764
    0.0000   30.0000  -30.000011155.4932   22.8537
    7.5000   30.0000  -30.000010577.5508   22.8044
   -7.5000   37.5000  -30.000010866.6895   22.8678
    0.0000   37.5000  -30.000011250.2578   22.8465
    7.5000   37.5000  -30.000010661.0713   22.7958
   -7.5000   45.0000  -30.000010373.5732   22.3035
    0.0000   45.0000  -30.000010721.5303   22.2766
    7.5000   45.0000  -30.000010184.9805   22.2293
   -7.5000  -45.0000  -22.5000 6858.7910   25.1262
    0.0000  -45.0000  -22.5000 7136.0024   25.1044
    7.5000  -45.0000  -22.5000 6775.6274   25.0689
   -7.5000  -37.5000  -22.5000 7557.9028   24.5401
    0.0000  -37.5000  -22.5000 7846.4375   24.5095
    7.5000  -37.5000  -22.5000 7460.4399   24.4803
   -7.5000  -30.0000  -22.5000 8559.0771   24.1297
    0.0000  -30.0000  -22.5000 8881.1289   24.0924
    7.5000  -30.0000  -22.5000 8450.8506   24.0606
   -7.5000  -22.5000  -22.5000 9640.9307   23.9980
    0.0000  -22.5000  -22.500010003.8613   23.9707
    7.5000  -22.5000  -22.5000 9492.6348   23.9341
   -7.5000  -15.0000  -22.500010749.7559   23.9859
    0.0000  -15.0000  -22.500011166.5029   23.9713
    7.5000  -15.0000  -22.500010573.0664   23.9325
   -7.5000   -7.5000  -22.500011814.5420   23.9733
    0.0000   -7.5000  -22.500012257.4189   23.9612
    7.5000   -7.5000  -22.500011608.2568   23.9244
   -7.5000    0.0000  -22.500012705.1152   23.9682
    0.0000    0.0000  -22.500013189.7197   23.9490
    7.5000    0.0000  -22.500012499.5146   23.9179
   -7.5000    7.5000  -22.500012650.5762   23.9770
    0.0000    7.5000  -22.500013118.9814   23.9456
    7.5000    7.5000  -22.500012415.7725   23.9174
   -7.5000   15.0000  -22.500012474.3613   23.9924
    0.0000   15.0000  -22.500012903.9238   23.9553
    7.5000   15.0000  -22.500012185.8457   23.9235
   -7.5000   22.5000  -22.500012081.7041   23.9887
    0.0000   22.5000  -22.500012511.8066   23.9614
    7.5000   22.5000  -22.500011823.6992   23.9249
   -7.5000   30.0000  -22.500011691.9082   23.6721
    0.0000   30.0000  -22.500012110.2822   23.6577
    7.5000   30.0000  -22.500011471.4893   23.6194
   -7.5000   37.5000  -22.500011780.2734   23.6598
    0.0000   37.5000  -22.500012196.4941   23.6477
    7.5000   37.5000  -22.500011546.0898   23.6114
   -7.5000   45.0000  -22.500011188.6504   23.0826
    0.0000   45.0000  -22.500011579.6484   23.0641
    7.5000   45.0000  -22.500010972.4961   23.0342
   -7.5000  -45.0000  -15.0000 7493.4736   25.6823
    0.0000  -45.0000  -15.0000 7784.6025   25.6638
    7.5000  -45.0000  -15.0000 7386.7075   25.6359
   -7.5000  -37.5000  -15.0000 8239.1074   25.0718
    0.0000  -37.5000  -15.0000 8523.0068   25.0454
    7.5000  -37.5000  -15.0000 8127.1948   25.0289
   -7.5000  -30.0000  -15.0000 9323.2852   24.6534
    0.0000  -30.0000  -15.0000 9664.2188   24.6233
    7.5000  -30.0000  -15.0000 9189.6787   24.6038
   -7.5000  -22.5000  -15.000010466.4736   24.5313
    0.0000  -22.5000  -15.000010875.4746   24.5127
    7.5000  -22.5000  -15.000010320.6406   24.4817
   -7.5000  -15.0000  -15.000011640.6006   24.5325
    0.0000  -15.0000  -15.000012128.1602   24.5255
    7.5000  -15.0000  -15.000011498.3086   24.4863
   -7.5000   -7.5000  -15.000012806.3535   24.5208
    0.0000   -7.5000  -15.000013318.7363   24.5136
    7.5000   -7.5000  -15.000012581.3408   24.4777
   -7.5000    0.0000  -15.000013793.3760   24.5029
    0.0000    0.0000  -15.000014320.8564   24.4865
    7.5000    0.0000  -15.000013539.5312   24.4622
   -7.5000    7.5000  -15.000013765.5322   24.4987
    0.0000    7.5000  -15.000014291.2998   24.4711
    7.5000    7.5000  -15.000013448.0557   24.4548
   -7.5000   15.0000  -15.000013528.8818   24.5135
    0.0000   15.0000  -15.000014037.0400   24.4835
    7.5000   15.0000  -15.000013206.8457   24.4639
   -7.5000   22.5000  -15.000013063.6904   24.5207
    0.0000   22.5000  -15.000013583.2197   24.5021
    7.5000   22.5000  -15.000012821.7021   24.4711
   -7.5000   30.0000  -15.000012588.3340   24.2150
    0.0000   30.0000  -15.000013107.9277   24.2081
    7.5000   30.0000  -15.000012367.4482   24.1694
   -7.5000   37.5000  -15.000012660.5039   24.2035
    0.0000   37.5000  -15.000013166.4941   24.1964
    7.5000   37.5000  -15.000012406.9707   24.1609
   -7.5000   45.0000  -15.000012003.2871   23.6118
    0.0000   45.0000  -15.000012473.0020   23.5959
    7.5000   45.0000  -15.000011771.4131   23.5725
   -7.5000  -45.0000   -7.5000 8150.7910   25.9349
    0.0000  -45.0000   -7.5000 8440.9336   25.9077
    7.5000  -45.0000   -7.5000 8022.4189   25.8626
   -7.5000  -37.5000   -7.5000 8949.2305   25.3076
    0.0000  -37.5000   -7.5000 9263.1768   25.2758
    7.5000  -37.5000   -7.5000 8829.8613   25.2494
   -7.5000  -30.0000   -7.500010100.8027   24.8818
    0.0000  -30.0000   -7.500010504.1162   24.8511
    7.5000  -30.0000   -7.500010005.7148   24.8253
   -7.5000  -22.5000   -7.500011328.6924   24.7673
    0.0000  -22.5000   -7.500011805.6201   24.7483
    7.5000  -22.5000   -7.500011234.7227   24.7080
   -7.5000  -15.0000   -7.500012580.4482   24.7790
    0.0000  -15.0000   -7.500013142.4043   24.7694
    7.5000  -15.0000   -7.500012498.1201   24.7159
   -7.5000   -7.5000   -7.500013804.7686   24.7706
    0.0000   -7.5000   -7.500014418.4443   24.7572
    7.5000   -7.5000   -7.500013668.9902   24.7042
   -7.5000    0.0000   -7.500014915.3613   24.7466
    0.0000    0.0000   -7.500015518.6484   24.7219
    7.5000    0.0000   -7.500014696.7148   24.6819
   -7.5000    7.5000   -7.500014895.2842   24.7306
    0.0000    7.5000   -7.500015525.1309   24.6981
    7.5000    7.5000   -7.500014591.8809   24.6723
   -7.5000   15.0000   -7.500014518.3203   24.7411
    0.0000   15.0000   -7.500015204.6572   24.7104
    7.5000   15.0000   -7.500014302.9541   24.6847
   -7.5000   22.5000   -7.500014004.6904   24.7539
    0.0000   22.5000   -7.500014690.8613   24.7350
    7.5000   22.5000   -7.500013873.4375   24.6946
   -7.5000   30.0000   -7.500013533.2676   24.4576
    0.0000   30.0000   -7.500014177.4131   24.4482
    7.5000   30.0000   -7.500013368.5352   24.3954
   -7.5000   37.5000   -7.500013587.1846   24.4494
    0.0000   37.5000   -7.500014206.6250   24.4362
    7.5000   37.5000   -7.500013353.1396   24.3838
   -7.5000   45.0000   -7.500012845.1348   23.8511
    0.0000   45.0000   -7.500013393.3818   23.8272
    7.5000   45.0000   -7.500012609.4834   23.7887
   -7.5000  -45.0000    0.0000 8780.7100   25.9874
    0.0000  -45.0000    0.0000 9096.8447   25.9484
    7.5000  -45.0000    0.0000 8668.1455   25.8816
   -7.5000  -37.5000    0.0000 9636.9980   25.3602
    0.0000  -37.5000    0.000010007.9902   25.3192
    7.5000  -37.5000    0.0000 9548.5244   25.2720
   -7.5000  -30.0000    0.000010862.1367   24.9305
    0.0000  -30.0000    0.000011311.4043   24.8923
    7.5000  -30.0000    0.000010805.3232   24.8494
   -7.5000  -22.5000    0.000012145.7705   24.8125
    0.0000  -22.5000    0.000012656.3545   24.7852
    7.5000  -22.5000    0.000012105.6855   24.7312
   -7.5000  -15.0000    0.000013445.7412   24.8203
    0.0000  -15.0000    0.000014056.0205   24.8012
    7.5000  -15.0000    0.000013441.4785   24.7357
   -7.5000   -7.5000    0.000014728.2080   24.8130
    0.0000   -7.5000    0.000015391.5742   24.7886
    7.5000   -7.5000    0.000014705.1270   24.7203
   -7.5000    0.0000    0.000015994.9590   24.7951
    0.0000    0.0000    0.000016660.0078   24.7595
    7.5000    0.0000    0.000015854.0723   24.6999
   -7.5000    7.5000    0.000015895.3408   24.7814
    0.0000    7.5000    0.000016654.9238   24.7404
    7.5000    7.5000    0.000015690.9717   24.6949
   -7.5000   15.0000    0.000015368.8799   24.7896
    0.0000   15.0000    0.000016172.6250   24.7516
    7.5000   15.0000    0.000015302.8555   24.7090
   -7.5000   22.5000    0.000014864.0537   24.7991
    0.0000   22.5000    0.000015603.7598   24.7718
    7.5000   22.5000    0.000014836.5859   24.7179
   -7.5000   30.0000    0.000014412.9277   24.4991
    0.0000   30.0000    0.000015087.0293   24.4802
    7.5000   30.0000    0.000014291.1699   24.4156
   -7.5000   37.5000    0.000014405.2627   24.4919
    0.0000   37.5000    0.000015085.5244   24.4678
    7.5000   37.5000    0.000014229.3701   24.4003
   -7.5000   45.0000    0.000013580.2207   23.8996
    0.0000   45.0000    0.000014192.3408   23.8653
    7.5000   45.0000    0.000013362.5264   23.8078
   -7.5000  -45.0000    7.5000 8673.4414   26.0441
    0.0000  -45.0000    7.5000 9012.4805   26.0025
    7.5000  -45.0000    7.5000 8606.5977   25.9299
   -7.5000  -37.5000    7.5000 9537.2422   25.4267
    0.0000  -37.5000    7.5000 9915.1699   25.3824
    7.5000  -37.5000    7.5000 9484.5400   25.3244
   -7.5000  -30.0000    7.500010798.1035   24.9939
    0.0000  -30.0000    7.500011186.7480   24.9495
    7.5000  -30.0000    7.500010736.9521   24.8954
   -7.5000  -22.5000    7.500012064.0615   24.8619
    0.0000  -22.5000    7.500012496.9414   24.8267
    7.5000  -22.5000    7.500012020.8701   24.7676
   -7.5000  -15.0000    7.500013312.7969   24.8562
    0.0000  -15.0000    7.500013819.0264   24.8299
    7.5000  -15.0000    7.500013289.9688   24.7650
   -7.5000   -7.5000    7.500014584.0762   24.8491
    0.0000   -7.5000    7.500015190.4824   24.8200
    7.5000   -7.5000    7.500014593.9062   24.7515
   -7.5000    0.0000    7.500015835.4131   24.8446
    0.0000    0.0000    7.500016589.2441   24.8071
    7.5000    0.0000    7.500015821.9502   24.7423
   -7.5000    7.5000    7.500015629.1006   24.8440
    0.0000    7.5000    7.500016417.2734   24.8001
    7.5000    7.5000    7.500015622.3018   24.7443
   -7.5000   15.0000    7.500015097.8828   24.8522
    0.0000   15.0000    7.500015879.1172   24.8080
    7.5000   15.0000    7.500015228.2598   24.7544
   -7.5000   22.5000    7.500014661.5264   24.8485
    0.0000   22.5000    7.500015346.5498   24.8133
    7.5000   22.5000    7.500014727.7939   24.7542
   -7.5000   30.0000    7.500014221.9072   24.5345
    0.0000   30.0000    7.500014850.7764   24.5086
    7.5000   30.0000    7.500014172.5547   24.4445
   -7.5000   37.5000    7.500014166.2998   24.5275
    0.0000   37.5000    7.500014830.9355   24.4988
    7.5000   37.5000    7.500014056.0137   24.4312
   -7.5000   45.0000    7.500013292.8965   23.9474
    0.0000   45.0000    7.500013937.6377   23.9111
    7.5000   45.0000    7.500013151.7432   23.8487
   -7.5000  -45.0000   15.0000 8436.0283   26.0922
    0.0000  -45.0000   15.0000 8808.9932   26.0586
    7.5000  -45.0000   15.0000 8404.6348   25.9991
   -7.5000  -37.5000   15.0000 9325.4912   25.4840
    0.0000  -37.5000   15.0000 9712.9473   25.4438
    7.5000  -37.5000   15.0000 9267.4844   25.3928
   -7.5000  -30.0000   15.000010559.0225   25.0524
    0.0000  -30.0000   15.000010928.3750   25.0070
    7.5000  -30.0000   15.000010466.2529   24.9569
   -7.5000  -22.5000   15.000011768.1582   24.9106
    0.0000  -22.5000   15.000012185.5479   24.8742
    7.5000  -22.5000   15.000011705.7666   24.8221
   -7.5000  -15.0000   15.000012957.5479   24.8949
    0.0000  -15.0000   15.000013465.6289   24.8702
    7.5000  -15.0000   15.000012948.3027   24.8165
   -7.5000   -7.5000   15.000014205.2002   24.8855
    0.0000   -7.5000   15.000014794.9863   24.8623
    7.5000   -7.5000   15.000014201.5576   24.8072
   -7.5000    0.0000   15.000015414.3389   24.8879
    0.0000    0.0000   15.000016016.6973   24.8579
    7.5000    0.0000   15.000015290.0234   24.8051
   -7.5000    7.5000   15.000015116.3398   24.8984
    0.0000    7.5000   15.000015738.9590   24.8582
    7.5000    7.5000   15.000015118.0898   24.8091
   -7.5000   15.0000   15.000014601.3770   24.9099
    0.0000   15.0000   15.000015248.5986   24.8647
    7.5000   15.0000   15.000014783.1660   24.8150
   -7.5000   22.5000   15.000014245.9482   24.8971
    0.0000   22.5000   15.000014859.2734   24.8608
    7.5000   22.5000   15.000014331.2295   24.8088
   -7.5000   30.0000   15.000013857.5400   24.5727
    0.0000   30.0000   15.000014408.4766   24.5484
    7.5000   30.0000   15.000013787.7412   24.4954
   -7.5000   37.5000   15.000013783.1836   24.5635
    0.0000   37.5000   15.000014350.0059   24.5406
    7.5000   37.5000   15.000013647.8584   24.4862
   -7.5000   45.0000   15.000012897.1230   23.9891
    0.0000   45.0000   15.000013458.4883   23.9602
    7.5000   45.0000   15.000012726.1660   23.9092
   -7.5000  -45.0000   22.5000 8121.8242   26.0830
    0.0000  -45.0000   22.5000 8473.8818   26.0604
    7.5000  -45.0000   22.5000 8079.3633   26.0235
   -7.5000  -37.5000   22.5000 8972.2871   25.4746
    0.0000  -37.5000   22.5000 9338.6250   25.4428
    7.5000  -37.5000   22.5000 8910.8770   25.4126
   -7.5000  -30.0000   22.500010179.3232   25.0485
    0.0000  -30.0000   22.500010558.0605   25.0099
    7.5000  -30.0000   22.500010076.9004   24.9769
   -7.5000  -22.5000   22.500011390.5010   24.9119
    0.0000  -22.5000   22.500011819.3184   24.8835
    7.5000  -22.5000   22.500011294.7119   24.8455
   -7.5000  -15.0000   22.500012557.3203   24.8992
    0.0000  -15.0000   22.500013031.1963   24.8841
    7.5000  -15.0000   22.500012480.9150   24.8438
   -7.5000   -7.5000   22.500013697.6016   24.8862
    0.0000   -7.5000   22.500014193.5518   24.8736
    7.5000   -7.5000   22.500013591.8164   24.8354
   -7.5000    0.0000   22.500014795.8350   24.8809
    0.0000    0.0000   22.500015197.4658   24.8610
    7.5000    0.0000   22.500014549.5654   24.8287
   -7.5000    7.5000   22.500014635.7217   24.8901
    0.0000    7.5000   22.500015054.7725   24.8575
    7.5000    7.5000   22.500014368.6279   24.8281
   -7.5000   15.0000   22.500014211.5635   24.9060
    0.0000   15.0000   22.500014704.4512   24.8675
    7.5000   15.0000   22.500014129.7383   24.8345
   -7.5000   22.5000   22.500013856.9727   24.8984
    0.0000   22.5000   22.500014370.8936   24.8700
    7.5000   22.5000   22.500013751.7041   24.8321
   -7.5000   30.0000   22.500013460.6719   24.5770
    0.0000   30.0000   22.500013914.6250   24.5621
    7.5000   30.0000   22.500013256.9463   24.5223
   -7.5000   37.5000   22.500013343.9619   24.5642
    0.0000   37.5000   22.500013800.8750   24.5517
    7.5000   37.5000   22.500013090.2109   24.5140
   -7.5000   45.0000   22.500012418.6709   23.9824
    0.0000   45.0000   22.500012859.0303   23.9631
    7.5000   45.0000   22.500012189.5117   23.9320
   -7.5000  -45.0000   30.0000 7699.7163   26.0348
    0.0000  -45.0000   30.0000 8065.4512   26.0160
    7.5000  -45.0000   30.0000 7680.5444   25.9877
   -7.5000  -37.5000   30.0000 8501.8350   25.4159
    0.0000  -37.5000   30.0000 8879.8545   25.3891
    7.5000  -37.5000   30.0000 8456.6348   25.3724
   -7.5000  -30.0000   30.0000 9638.4482   24.9917
    0.0000  -30.0000   30.000010049.5303   24.9612
    7.5000  -30.0000   30.0000 9563.6553   24.9415
   -7.5000  -22.5000   30.000010813.4668   24.8680
    0.0000  -22.5000   30.000011259.4766   24.8491
    7.5000  -22.5000   30.000010713.3662   24.8176
   -7.5000  -15.0000   30.000011931.2969   24.8692
    0.0000  -15.0000   30.000012393.0625   24.8621
    7.5000  -15.0000   30.000011814.1035   24.8224
   -7.5000   -7.5000   30.000013051.4863   24.8573
    0.0000   -7.5000   30.000013471.6191   24.8500
    7.5000   -7.5000   30.000012856.3887   24.8136
   -7.5000    0.0000   30.000014106.6191   24.8392
    0.0000    0.0000   30.000014406.8486   24.8225
    7.5000    0.0000   30.000013755.4307   24.7979
   -7.5000    7.5000   30.000014061.3721   24.8349
    0.0000    7.5000   30.000014314.5439   24.8069
    7.5000    7.5000   30.000013633.3369   24.7905
   -7.5000   15.0000   30.000013776.8252   24.8499
    0.0000   15.0000   30.000014079.4873   24.8195
    7.5000   15.0000   30.000013420.2285   24.7996
   -7.5000   22.5000   30.000013334.3857   24.8546
    0.0000   22.5000   30.000013686.9600   24.8357
    7.5000   22.5000   30.000013070.0215   24.8043
   -7.5000   30.0000   30.000012825.8760   24.5473
    0.0000   30.0000   30.000013209.1338   24.5403
    7.5000   30.0000   30.000012608.1299   24.5011
   -7.5000   37.5000   30.000012648.2676   24.5356
    0.0000   37.5000   30.000013056.6689   24.5284
    7.5000   37.5000   30.000012427.2002   24.4925
   -7.5000   45.0000   30.000011718.6855   23.9421
    0.0000   45.0000   30.000012132.1348   23.9260
    7.5000   45.0000   30.000011539.9893   23.9023
   -7.5000  -45.0000   37.5000 7529.7056   26.0351
    0.0000  -45.0000   37.5000 7888.8398   26.0077
    7.5000  -45.0000   37.5000 7534.3101   25.9623
   -7.5000  -37.5000   37.5000 8287.4160   25.4053
    0.0000  -37.5000   37.5000 8670.8770   25.3733
    7.5000  -37.5000   37.5000 8278.0029   25.3467
   -7.5000  -30.0000   37.5000 9387.5342   24.9779
    0.0000  -30.0000   37.5000 9812.7607   24.9471
    7.5000  -30.0000   37.5000 9350.6045   24.9212
   -7.5000  -22.5000   37.500010526.7285   24.8627
    0.0000  -22.5000   37.500011007.6328   24.8438
    7.5000  -22.5000   37.500010489.4609   24.8031
   -7.5000  -15.0000   37.500011647.5342   24.8736
    0.0000  -15.0000   37.500012170.3027   24.8641
    7.5000  -15.0000   37.500011575.9863   24.8102
   -7.5000   -7.5000   37.500012726.1348   24.8645
    0.0000   -7.5000   37.500013241.0537   24.8510
    7.5000   -7.5000   37.500012583.0527   24.7976
   -7.5000    0.0000   37.500013702.2217   24.8403
    0.0000    0.0000   37.500014164.3613   24.8154
    7.5000    0.0000   37.500013498.9932   24.7751
   -7.5000    7.5000   37.500013602.5498   24.8250
    0.0000    7.5000   37.500014049.0742   24.7923
    7.5000    7.5000   37.500013382.9443   24.7664
   -7.5000   15.0000   37.500013374.1943   24.8364
    0.0000   15.0000   37.500013801.1807   24.8057
    7.5000   15.0000   37.500013138.2637   24.7798
   -7.5000   22.5000   37.500013005.4209   24.8492
    0.0000   22.5000   37.500013433.2998   24.8303
    7.5000   22.5000   37.500012780.8213   24.7898
   -7.5000   30.0000   37.500012528.0225   24.5517
    0.0000   30.0000   37.500012960.0322   24.5423
    7.5000   30.0000   37.500012368.0381   24.4891
   -7.5000   37.5000   37.500012343.7207   24.5427
    0.0000   37.5000   37.500012768.5029   24.5294
    7.5000   37.5000   37.500012187.8574   24.4767
   -7.5000   45.0000   37.500011429.6113   23.9432
    0.0000   45.0000   37.500011830.1426   23.9191
    7.5000   45.0000   37.500011302.1172   23.8803
   -7.5000  -45.0000   45.0000 6978.6528   25.9893
    0.0000  -45.0000   45.0000 7314.9219   25.9502
    7.5000  -45.0000   45.0000 6990.4644   25.8837
   -7.5000  -37.5000   45.0000 7669.7461   25.3605
    0.0000  -37.5000   45.0000 8044.6543   25.3192
    7.5000  -37.5000   45.0000 7693.4209   25.2728
   -7.5000  -30.0000   45.0000 8682.4727   24.9304
    0.0000  -30.0000   45.0000 9092.9541   24.8920
    7.5000  -30.0000   45.0000 8682.5400   24.8496
   -7.5000  -22.5000   45.0000 9738.1367   24.8120
    0.0000  -22.5000   45.000010193.7441   24.7846
    7.5000  -22.5000   45.0000 9736.1787   24.7308
   -7.5000  -15.0000   45.000010766.4756   24.8185
    0.0000  -15.0000   45.000011272.2715   24.7996
    7.5000  -15.0000   45.000010761.6904   24.7339
   -7.5000   -7.5000   45.000011750.2178   24.8097
    0.0000   -7.5000   45.000012252.7715   24.7853
    7.5000   -7.5000   45.000011688.3027   24.7169
   -7.5000    0.0000   45.000012618.2998   24.7912
    0.0000    0.0000   45.000013093.7695   24.7555
    7.5000    0.0000   45.000012535.5186   24.6961
   -7.5000    7.5000   45.000012519.7539   24.7787
    0.0000    7.5000   45.000012987.7920   24.7374
    7.5000    7.5000   45.000012428.9717   24.6925
   -7.5000   15.0000   45.000012288.0654   24.7887
    0.0000   15.0000   45.000012723.5459   24.7504
    7.5000   15.0000   45.000012180.3867   24.7084
   -7.5000   22.5000   45.000012006.0430   24.7985
    0.0000   22.5000   45.000012405.6396   24.7711
    7.5000   22.5000   45.000011883.6348   24.7174
   -7.5000   30.0000   45.000011630.0381   24.4952
    0.0000   30.0000   45.000012019.7158   24.4765
    7.5000   30.0000   45.000011498.8799   24.4117
   -7.5000   37.5000   45.000011488.7881   24.4865
    0.0000   37.5000   45.000011880.9639   24.4624
    7.5000   37.5000   45.000011332.8271   24.3949
   -7.5000   45.0000   45.000010646.0791   23.9067
    0.0000   45.0000   45.000011011.3838   23.8723
    7.5000   45.0000   45.000010511.6699   23.8150

---------------------------------------------------------------------
imgreg_4dfp /opt/freesurfer/average/711-2C_as_mni_average_305 /opt/freesurfer/average/711-2B_as_mni_average_305_mask talsrcimg_g11 none talsrcimg_to_711-2C_as_mni_average_305_t4 4355
---------------------------------------------------------------------

freesurfer imgreg_4dfp.c
/opt/freesurfer/average/711-2C_as_mni_average_305.4dfp.img
       256       256       256         1
  1.000000  1.000000  1.000000
orientation T byte_order littleendian
Reading image: /opt/freesurfer/average/711-2C_as_mni_average_305.4dfp.img
dimensions:      256       256       256
mmppix:       1.0000   -1.0000   -1.0000
center:     128.0000 -129.0000 -129.0000
/opt/freesurfer/average/711-2B_as_mni_average_305_mask.4dfp.img
       256       256       256         1
  1.000000  1.000000  1.000000
orientation T byte_order littleendian
Reading mask: /opt/freesurfer/average/711-2B_as_mni_average_305_mask.4dfp.img (2306576 pixels)
talsrcimg_g11.4dfp.img
       256       256       256         1
  1.000000  1.000000  1.000000
orientation T byte_order littleendian
Reading image: talsrcimg_g11.4dfp.img
dimensions:      256       256       256
mmppix:       1.0000   -1.0000   -1.0000
center:     128.0000 -129.0000 -129.0000
rotation matrix determinant  1.000000
image alignment mode   4355 decimal     1103 hex
   -7.5000  -45.0000  -45.0000 1550.8923   44.7832
    0.0000  -45.0000  -45.0000 1536.0315   44.8975
    7.5000  -45.0000  -45.0000 1511.1222   45.8433
   -7.5000  -37.5000  -45.0000 1675.5363   38.4299
    0.0000  -37.5000  -45.0000 1660.5435   38.6004
    7.5000  -37.5000  -45.0000 1638.8588   39.3858
   -7.5000  -30.0000  -45.0000 1783.0740   33.6966
    0.0000  -30.0000  -45.0000 1770.8987   33.8445
    7.5000  -30.0000  -45.0000 1757.1644   34.5443
   -7.5000  -22.5000  -45.0000 1881.4976   30.2451
    0.0000  -22.5000  -45.0000 1868.7916   30.4488
    7.5000  -22.5000  -45.0000 1855.5267   31.1383
   -7.5000  -15.0000  -45.0000 1970.9423   27.8062
    0.0000  -15.0000  -45.0000 1955.2766   27.9951
    7.5000  -15.0000  -45.0000 1934.6956   28.6413
   -7.5000   -7.5000  -45.0000 2038.9845   26.0509
    0.0000   -7.5000  -45.0000 2031.2472   26.1448
    7.5000   -7.5000  -45.0000 2005.1083   26.6740
   -7.5000    0.0000  -45.0000 2089.7490   24.7140
    0.0000    0.0000  -45.0000 2078.0115   24.8045
    7.5000    0.0000  -45.0000 2048.6558   25.2835
   -7.5000    7.5000  -45.0000 2113.3596   23.8130
    0.0000    7.5000  -45.0000 2097.3984   23.9170
    7.5000    7.5000  -45.0000 2066.5046   24.4555
   -7.5000   15.0000  -45.0000 2113.0366   23.3751
    0.0000   15.0000  -45.0000 2098.5212   23.4619
    7.5000   15.0000  -45.0000 2070.9724   24.0580
   -7.5000   22.5000  -45.0000 2109.7495   23.3761
    0.0000   22.5000  -45.0000 2095.6147   23.4985
    7.5000   22.5000  -45.0000 2062.6663   24.1241
   -7.5000   30.0000  -45.0000 2088.4084   23.9156
    0.0000   30.0000  -45.0000 2072.4429   24.0607
    7.5000   30.0000  -45.0000 2032.5439   24.7316
   -7.5000   37.5000  -45.0000 2051.4167   24.8617
    0.0000   37.5000  -45.0000 2038.3207   25.0178
    7.5000   37.5000  -45.0000 2004.5640   25.6806
   -7.5000   45.0000  -45.0000 2004.1401   26.2468
    0.0000   45.0000  -45.0000 1990.7501   26.4190
    7.5000   45.0000  -45.0000 1953.1865   27.0908
   -7.5000  -45.0000  -37.5000 1627.9033   40.4360
    0.0000  -45.0000  -37.5000 1618.2069   40.7230
    7.5000  -45.0000  -37.5000 1599.0581   41.4149
   -7.5000  -37.5000  -37.5000 1749.2684   34.7762
    0.0000  -37.5000  -37.5000 1738.2219   34.9463
    7.5000  -37.5000  -37.5000 1725.8756   35.6593
   -7.5000  -30.0000  -37.5000 1865.3557   30.5293
    0.0000  -30.0000  -37.5000 1851.0820   30.7129
    7.5000  -30.0000  -37.5000 1838.0641   31.3358
   -7.5000  -22.5000  -37.5000 1976.9238   27.5084
    0.0000  -22.5000  -37.5000 1958.2988   27.6884
    7.5000  -22.5000  -37.5000 1939.5000   28.2034
   -7.5000  -15.0000  -37.5000 2075.3079   25.3907
    0.0000  -15.0000  -37.5000 2060.8826   25.5346
    7.5000  -15.0000  -37.5000 2035.0597   25.9703
   -7.5000   -7.5000  -37.5000 2148.6985   23.7999
    0.0000   -7.5000  -37.5000 2138.9873   23.8685
    7.5000   -7.5000  -37.5000 2110.3665   24.2353
   -7.5000    0.0000  -37.5000 2195.6812   22.5631
    0.0000    0.0000  -37.5000 2185.6611   22.5977
    7.5000    0.0000  -37.5000 2155.3125   22.9787
   -7.5000    7.5000  -37.5000 2223.6499   21.7023
    0.0000    7.5000  -37.5000 2214.8391   21.7643
    7.5000    7.5000  -37.5000 2177.5076   22.2120
   -7.5000   15.0000  -37.5000 2218.3198   21.3084
    0.0000   15.0000  -37.5000 2209.0713   21.3934
    7.5000   15.0000  -37.5000 2182.0562   21.8602
   -7.5000   22.5000  -37.5000 2207.8005   21.3112
    0.0000   22.5000  -37.5000 2197.3604   21.4112
    7.5000   22.5000  -37.5000 2167.4927   21.8759
   -7.5000   30.0000  -37.5000 2192.7180   21.7153
    0.0000   30.0000  -37.5000 2176.7178   21.8058
    7.5000   30.0000  -37.5000 2139.3411   22.3359
   -7.5000   37.5000  -37.5000 2159.5444   22.4559
    0.0000   37.5000  -37.5000 2145.6086   22.5929
    7.5000   37.5000  -37.5000 2107.2537   23.1189
   -7.5000   45.0000  -37.5000 2110.7356   23.7243
    0.0000   45.0000  -37.5000 2095.0891   23.8740
    7.5000   45.0000  -37.5000 2056.8918   24.5002
   -7.5000  -45.0000  -30.0000 1730.1018   37.8665
    0.0000  -45.0000  -30.0000 1725.9353   38.2671
    7.5000  -45.0000  -30.0000 1708.1958   39.0517
   -7.5000  -37.5000  -30.0000 1858.9863   32.6561
    0.0000  -37.5000  -30.0000 1852.4904   32.9645
    7.5000  -37.5000  -30.0000 1840.8434   33.6217
   -7.5000  -30.0000  -30.0000 1982.6401   28.7680
    0.0000  -30.0000  -30.0000 1974.8271   29.0008
    7.5000  -30.0000  -30.0000 1959.9326   29.5973
   -7.5000  -22.5000  -30.0000 2108.2646   25.9179
    0.0000  -22.5000  -30.0000 2092.1304   26.1673
    7.5000  -22.5000  -30.0000 2071.1521   26.6144
   -7.5000  -15.0000  -30.0000 2212.9126   23.9272
    0.0000  -15.0000  -30.0000 2202.6619   24.0973
    7.5000  -15.0000  -30.0000 2170.1025   24.4748
   -7.5000   -7.5000  -30.0000 2291.1443   22.4673
    0.0000   -7.5000  -30.0000 2280.5444   22.5670
    7.5000   -7.5000  -30.0000 2247.5061   22.8931
   -7.5000    0.0000  -30.0000 2344.0532   21.2852
    0.0000    0.0000  -30.0000 2329.1475   21.3642
    7.5000    0.0000  -30.0000 2294.2373   21.7038
   -7.5000    7.5000  -30.0000 2375.5754   20.5045
    0.0000    7.5000  -30.0000 2363.5229   20.5346
    7.5000    7.5000  -30.0000 2325.2134   20.9379
   -7.5000   15.0000  -30.0000 2376.3718   20.1979
    0.0000   15.0000  -30.0000 2364.7427   20.2278
    7.5000   15.0000  -30.0000 2333.6819   20.6022
   -7.5000   22.5000  -30.0000 2362.9961   20.1666
    0.0000   22.5000  -30.0000 2353.7434   20.1937
    7.5000   22.5000  -30.0000 2319.6841   20.5973
   -7.5000   30.0000  -30.0000 2343.2607   20.4503
    0.0000   30.0000  -30.0000 2334.1594   20.5346
    7.5000   30.0000  -30.0000 2298.0369   21.0377
   -7.5000   37.5000  -30.0000 2311.9690   21.1438
    0.0000   37.5000  -30.0000 2303.4480   21.2428
    7.5000   37.5000  -30.0000 2261.0620   21.7732
   -7.5000   45.0000  -30.0000 2255.9673   22.3891
    0.0000   45.0000  -30.0000 2245.2871   22.4943
    7.5000   45.0000  -30.0000 2205.2173   23.0660
   -7.5000  -45.0000  -22.5000 1807.5658   35.3641
    0.0000  -45.0000  -22.5000 1805.5570   35.7656
    7.5000  -45.0000  -22.5000 1796.0778   36.7231
   -7.5000  -37.5000  -22.5000 1951.3959   30.4671
    0.0000  -37.5000  -22.5000 1946.1453   30.8027
    7.5000  -37.5000  -22.5000 1930.7571   31.5254
   -7.5000  -30.0000  -22.5000 2082.8423   26.9322
    0.0000  -30.0000  -22.5000 2073.8359   27.1742
    7.5000  -30.0000  -22.5000 2060.0273   27.7490
   -7.5000  -22.5000  -22.5000 2208.9839   24.2843
    0.0000  -22.5000  -22.5000 2199.0574   24.5285
    7.5000  -22.5000  -22.5000 2175.3350   24.9013
   -7.5000  -15.0000  -22.5000 2325.3132   22.3372
    0.0000  -15.0000  -22.5000 2314.2637   22.5240
    7.5000  -15.0000  -22.5000 2276.0173   22.8589
   -7.5000   -7.5000  -22.5000 2408.7263   20.9472
    0.0000   -7.5000  -22.5000 2396.0286   21.0763
    7.5000   -7.5000  -22.5000 2359.7285   21.3970
   -7.5000    0.0000  -22.5000 2457.7053   19.8991
    0.0000    0.0000  -22.5000 2445.7249   20.0090
    7.5000    0.0000  -22.5000 2414.4023   20.3443
   -7.5000    7.5000  -22.5000 2499.8870   19.1939
    0.0000    7.5000  -22.5000 2485.4026   19.2202
    7.5000    7.5000  -22.5000 2450.7766   19.5987
   -7.5000   15.0000  -22.5000 2512.8218   18.8402
    0.0000   15.0000  -22.5000 2501.3501   18.8550
    7.5000   15.0000  -22.5000 2466.5676   19.2349
   -7.5000   22.5000  -22.5000 2507.9236   18.8797
    0.0000   22.5000  -22.5000 2495.6560   18.8434
    7.5000   22.5000  -22.5000 2459.3818   19.2767
   -7.5000   30.0000  -22.5000 2486.4668   19.1822
    0.0000   30.0000  -22.5000 2479.4490   19.2164
    7.5000   30.0000  -22.5000 2438.9614   19.6114
   -7.5000   37.5000  -22.5000 2455.1013   19.8606
    0.0000   37.5000  -22.5000 2444.0771   19.9154
    7.5000   37.5000  -22.5000 2399.6221   20.4100
   -7.5000   45.0000  -22.5000 2388.8359   21.0525
    0.0000   45.0000  -22.5000 2376.9019   21.1396
    7.5000   45.0000  -22.5000 2333.6191   21.6390
   -7.5000  -45.0000  -15.0000 1862.0652   33.0983
    0.0000  -45.0000  -15.0000 1859.3595   33.4578
    7.5000  -45.0000  -15.0000 1845.8635   34.3074
   -7.5000  -37.5000  -15.0000 2012.8335   28.4901
    0.0000  -37.5000  -15.0000 2003.2299   28.6638
    7.5000  -37.5000  -15.0000 1989.6089   29.5529
   -7.5000  -30.0000  -15.0000 2154.4744   25.1257
    0.0000  -30.0000  -15.0000 2145.2085   25.2979
    7.5000  -30.0000  -15.0000 2120.8638   25.9878
   -7.5000  -22.5000  -15.0000 2285.3040   22.6296
    0.0000  -22.5000  -15.0000 2280.1824   22.8079
    7.5000  -22.5000  -15.0000 2242.8906   23.3479
   -7.5000  -15.0000  -15.0000 2404.9836   20.8109
    0.0000  -15.0000  -15.0000 2396.1318   21.0364
    7.5000  -15.0000  -15.0000 2352.0176   21.3970
   -7.5000   -7.5000  -15.0000 2500.4294   19.4958
    0.0000   -7.5000  -15.0000 2484.3457   19.6183
    7.5000   -7.5000  -15.0000 2441.6250   19.9350
   -7.5000    0.0000  -15.0000 2554.3108   18.5617
    0.0000    0.0000  -15.0000 2541.1672   18.6359
    7.5000    0.0000  -15.0000 2503.4414   18.9454
   -7.5000    7.5000  -15.0000 2602.8171   17.9349
    0.0000    7.5000  -15.0000 2589.2036   17.9688
    7.5000    7.5000  -15.0000 2549.3384   18.2886
   -7.5000   15.0000  -15.0000 2627.7021   17.6162
    0.0000   15.0000  -15.0000 2613.3560   17.6173
    7.5000   15.0000  -15.0000 2574.2634   17.9738
   -7.5000   22.5000  -15.0000 2626.5251   17.6080
    0.0000   22.5000  -15.0000 2613.8914   17.6216
    7.5000   22.5000  -15.0000 2574.1167   17.9975
   -7.5000   30.0000  -15.0000 2604.7024   17.9170
    0.0000   30.0000  -15.0000 2602.0752   17.9426
    7.5000   30.0000  -15.0000 2555.2104   18.3234
   -7.5000   37.5000  -15.0000 2565.9429   18.6967
    0.0000   37.5000  -15.0000 2562.1138   18.7344
    7.5000   37.5000  -15.0000 2512.5164   19.1691
   -7.5000   45.0000  -15.0000 2494.2949   19.8579
    0.0000   45.0000  -15.0000 2486.9475   19.8882
    7.5000   45.0000  -15.0000 2439.2212   20.3136
   -7.5000  -45.0000   -7.5000 1910.4874   31.4142
    0.0000  -45.0000   -7.5000 1900.8744   31.3898
    7.5000  -45.0000   -7.5000 1884.1147   32.2987
   -7.5000  -37.5000   -7.5000 2062.4211   26.9939
    0.0000  -37.5000   -7.5000 2051.5337   27.0043
    7.5000  -37.5000   -7.5000 2033.3859   27.9165
   -7.5000  -30.0000   -7.5000 2206.4246   23.7723
    0.0000  -30.0000   -7.5000 2200.0344   23.9063
    7.5000  -30.0000   -7.5000 2175.7263   24.5492
   -7.5000  -22.5000   -7.5000 2339.8601   21.3614
    0.0000  -22.5000   -7.5000 2338.5051   21.5087
    7.5000  -22.5000   -7.5000 2302.3960   22.0224
   -7.5000  -15.0000   -7.5000 2468.3130   19.5100
    0.0000  -15.0000   -7.5000 2467.3213   19.6890
    7.5000  -15.0000   -7.5000 2423.2820   20.1124
   -7.5000   -7.5000   -7.5000 2571.3682   18.2222
    0.0000   -7.5000   -7.5000 2567.8655   18.3389
    7.5000   -7.5000   -7.5000 2518.1650   18.6505
   -7.5000    0.0000   -7.5000 2635.3879   17.3377
    0.0000    0.0000   -7.5000 2625.7227   17.3786
    7.5000    0.0000   -7.5000 2585.5840   17.6466
   -7.5000    7.5000   -7.5000 2690.7556   16.8000
    0.0000    7.5000   -7.5000 2682.4934   16.8250
    7.5000    7.5000   -7.5000 2645.9685   17.0493
   -7.5000   15.0000   -7.5000 2718.9275   16.4867
    0.0000   15.0000   -7.5000 2711.2610   16.5168
    7.5000   15.0000   -7.5000 2673.0420   16.7766
   -7.5000   22.5000   -7.5000 2726.5410   16.4238
    0.0000   22.5000   -7.5000 2719.0786   16.4807
    7.5000   22.5000   -7.5000 2679.5776   16.7918
   -7.5000   30.0000   -7.5000 2709.4536   16.7934
    0.0000   30.0000   -7.5000 2706.9670   16.8147
    7.5000   30.0000   -7.5000 2658.0752   17.1650
   -7.5000   37.5000   -7.5000 2659.8481   17.6094
    0.0000   37.5000   -7.5000 2661.8152   17.6085
    7.5000   37.5000   -7.5000 2609.7703   17.9914
   -7.5000   45.0000   -7.5000 2574.7998   18.7691
    0.0000   45.0000   -7.5000 2570.1382   18.7592
    7.5000   45.0000   -7.5000 2525.8740   19.1489
   -7.5000  -45.0000    0.0000 1946.6910   30.2802
    0.0000  -45.0000    0.0000 1935.5575   30.1362
    7.5000  -45.0000    0.0000 1920.3884   30.9338
   -7.5000  -37.5000    0.0000 2101.9924   26.0660
    0.0000  -37.5000    0.0000 2092.4480   25.9370
    7.5000  -37.5000    0.0000 2078.5303   26.6967
   -7.5000  -30.0000    0.0000 2246.7358   22.8492
    0.0000  -30.0000    0.0000 2243.2034   22.8470
    7.5000  -30.0000    0.0000 2223.7898   23.4691
   -7.5000  -22.5000    0.0000 2379.5652   20.4282
    0.0000  -22.5000    0.0000 2377.1602   20.4801
    7.5000  -22.5000    0.0000 2357.4709   20.9837
   -7.5000  -15.0000    0.0000 2510.3542   18.5817
    0.0000  -15.0000    0.0000 2514.7864   18.6901
    7.5000  -15.0000    0.0000 2486.8149   19.0595
   -7.5000   -7.5000    0.0000 2621.8552   17.2667
    0.0000   -7.5000    0.0000 2625.5481   17.3629
    7.5000   -7.5000    0.0000 2585.2109   17.6514
   -7.5000    0.0000    0.0000 2706.3484   16.4168
    0.0000    0.0000    0.0000 2706.6436   16.4483
    7.5000    0.0000    0.0000 2665.1948   16.7001
   -7.5000    7.5000    0.0000 2772.0098   15.8734
    0.0000    7.5000    0.0000 2767.9385   15.9103
    7.5000    7.5000    0.0000 2726.7642   16.1092
   -7.5000   15.0000    0.0000 2800.9373   15.5441
    0.0000   15.0000    0.0000 2798.5166   15.6372
    7.5000   15.0000    0.0000 2760.8623   15.8428
   -7.5000   22.5000    0.0000 2814.1213   15.5231
    0.0000   22.5000    0.0000 2810.6741   15.6087
    7.5000   22.5000    0.0000 2774.4377   15.9044
   -7.5000   30.0000    0.0000 2800.2537   15.9450
    0.0000   30.0000    0.0000 2798.7583   15.9308
    7.5000   30.0000    0.0000 2749.0796   16.2543
   -7.5000   37.5000    0.0000 2734.2922   16.7715
    0.0000   37.5000    0.0000 2740.5776   16.7239
    7.5000   37.5000    0.0000 2689.7727   17.0521
   -7.5000   45.0000    0.0000 2633.3896   17.9151
    0.0000   45.0000    0.0000 2636.0413   17.8881
    7.5000   45.0000    0.0000 2592.4561   18.2503
   -7.5000  -45.0000    7.5000 1968.4532   29.4790
    0.0000  -45.0000    7.5000 1963.8115   29.3444
    7.5000  -45.0000    7.5000 1953.8481   30.0314
   -7.5000  -37.5000    7.5000 2122.9951   25.3895
    0.0000  -37.5000    7.5000 2122.5166   25.2072
    7.5000  -37.5000    7.5000 2110.2236   25.8853
   -7.5000  -30.0000    7.5000 2276.6062   22.2427
    0.0000  -30.0000    7.5000 2269.6350   22.0645
    7.5000  -30.0000    7.5000 2256.7756   22.7188
   -7.5000  -22.5000    7.5000 2416.1572   19.8126
    0.0000  -22.5000    7.5000 2408.9109   19.6832
    7.5000  -22.5000    7.5000 2399.2341   20.2843
   -7.5000  -15.0000    7.5000 2546.1196   17.9558
    0.0000  -15.0000    7.5000 2544.2712   17.9159
    7.5000  -15.0000    7.5000 2522.3162   18.3778
   -7.5000   -7.5000    7.5000 2661.8904   16.6244
    0.0000   -7.5000    7.5000 2663.9971   16.6216
    7.5000   -7.5000    7.5000 2631.4661   17.0148
   -7.5000    0.0000    7.5000 2757.4424   15.7448
    0.0000    0.0000    7.5000 2764.4175   15.7897
    7.5000    0.0000    7.5000 2727.7334   16.0560
   -7.5000    7.5000    7.5000 2840.7268   15.2001
    0.0000    7.5000    7.5000 2845.8433   15.2657
    7.5000    7.5000    7.5000 2799.8989   15.4805
   -7.5000   15.0000    7.5000 2877.4456   14.7491
    0.0000   15.0000    7.5000 2888.0649   14.9127
    7.5000   15.0000    7.5000 2841.2200   15.2175
   -7.5000   22.5000    7.5000 2892.1743   14.9263
    0.0000   22.5000    7.5000 2896.1719   14.9224
    7.5000   22.5000    7.5000 2849.3745   15.3147
   -7.5000   30.0000    7.5000 2868.8816   15.3785
    0.0000   30.0000    7.5000 2869.8069   15.3315
    7.5000   30.0000    7.5000 2818.9592   15.6759
   -7.5000   37.5000    7.5000 2789.5647   16.1630
    0.0000   37.5000    7.5000 2796.3926   16.1591
    7.5000   37.5000    7.5000 2750.8508   16.5159
   -7.5000   45.0000    7.5000 2677.7358   17.3228
    0.0000   45.0000    7.5000 2684.7617   17.3312
    7.5000   45.0000    7.5000 2641.8018   17.6958
   -7.5000  -45.0000   15.0000 1970.0771   29.1059
    0.0000  -45.0000   15.0000 1974.8381   28.8935
    7.5000  -45.0000   15.0000 1965.7791   29.5772
   -7.5000  -37.5000   15.0000 2135.7207   25.0392
    0.0000  -37.5000   15.0000 2138.9038   24.8297
    7.5000  -37.5000   15.0000 2129.1008   25.4301
   -7.5000  -30.0000   15.0000 2292.9585   21.9288
    0.0000  -30.0000   15.0000 2284.8918   21.7022
    7.5000  -30.0000   15.0000 2277.7317   22.3083
   -7.5000  -22.5000   15.0000 2428.7412   19.5196
    0.0000  -22.5000   15.0000 2424.3806   19.3101
    7.5000  -22.5000   15.0000 2417.1379   19.9010
   -7.5000  -15.0000   15.0000 2555.9954   17.6749
    0.0000  -15.0000   15.0000 2558.7244   17.5108
    7.5000  -15.0000   15.0000 2539.2627   18.0441
   -7.5000   -7.5000   15.0000 2677.3877   16.2979
    0.0000   -7.5000   15.0000 2686.3669   16.1734
    7.5000   -7.5000   15.0000 2660.1477   16.6529
   -7.5000    0.0000   15.0000 2784.9351   15.3892
    0.0000    0.0000   15.0000 2796.4412   15.2702
    7.5000    0.0000   15.0000 2764.8694   15.6631
   -7.5000    7.5000   15.0000 2865.8650   14.7802
    0.0000    7.5000   15.0000 2885.3057   14.7444
    7.5000    7.5000   15.0000 2837.3296   15.0581
   -7.5000   15.0000   15.0000 2924.3867   14.3238
    0.0000   15.0000   15.0000 2941.3674   14.3745
    7.5000   15.0000   15.0000 2884.4834   14.8148
   -7.5000   22.5000   15.0000 2944.8735   14.5337
    0.0000   22.5000   15.0000 2955.5132   14.5437
    7.5000   22.5000   15.0000 2891.9697   14.9872
   -7.5000   30.0000   15.0000 2909.9087   15.0891
    0.0000   30.0000   15.0000 2914.1526   15.1196
    7.5000   30.0000   15.0000 2855.3906   15.4550
   -7.5000   37.5000   15.0000 2819.8540   15.8864
    0.0000   37.5000   15.0000 2825.9399   15.9260
    7.5000   37.5000   15.0000 2779.9985   16.2624
   -7.5000   45.0000   15.0000 2697.6196   16.9893
    0.0000   45.0000   15.0000 2705.6638   17.0259
    7.5000   45.0000   15.0000 2664.3906   17.3964
   -7.5000  -45.0000   22.5000 1973.8701   29.0382
    0.0000  -45.0000   22.5000 1980.8177   28.7589
    7.5000  -45.0000   22.5000 1968.8804   29.3289
   -7.5000  -37.5000   22.5000 2138.2554   25.0048
    0.0000  -37.5000   22.5000 2143.0154   24.6961
    7.5000  -37.5000   22.5000 2127.4277   25.2789
   -7.5000  -30.0000   22.5000 2291.8022   21.9723
    0.0000  -30.0000   22.5000 2294.4668   21.6415
    7.5000  -30.0000   22.5000 2282.0745   22.2187
   -7.5000  -22.5000   22.5000 2429.6301   19.6100
    0.0000  -22.5000   22.5000 2437.1382   19.3120
    7.5000  -22.5000   22.5000 2419.7302   19.8514
   -7.5000  -15.0000   22.5000 2559.3230   17.7650
    0.0000  -15.0000   22.5000 2569.7974   17.4815
    7.5000  -15.0000   22.5000 2550.5703   18.0053
   -7.5000   -7.5000   22.5000 2680.4041   16.3492
    0.0000   -7.5000   22.5000 2691.0005   16.0748
    7.5000   -7.5000   22.5000 2673.0974   16.5884
   -7.5000    0.0000   22.5000 2785.5469   15.3321
    0.0000    0.0000   22.5000 2793.1860   15.1032
    7.5000    0.0000   22.5000 2772.1172   15.5499
   -7.5000    7.5000   22.5000 2872.2222   14.7123
    0.0000    7.5000   22.5000 2883.3420   14.5107
    7.5000    7.5000   22.5000 2842.4419   14.9207
   -7.5000   15.0000   22.5000 2935.7881   14.4041
    0.0000   15.0000   22.5000 2942.4001   14.3414
    7.5000   15.0000   22.5000 2891.8821   14.7317
   -7.5000   22.5000   22.5000 2957.2710   14.5610
    0.0000   22.5000   22.5000 2960.4138   14.6002
    7.5000   22.5000   22.5000 2898.6038   14.9692
   -7.5000   30.0000   22.5000 2914.4661   15.1133
    0.0000   30.0000   22.5000 2916.4341   15.1473
    7.5000   30.0000   22.5000 2853.0312   15.4538
   -7.5000   37.5000   22.5000 2823.3843   15.8630
    0.0000   37.5000   22.5000 2829.6482   15.9090
    7.5000   37.5000   22.5000 2779.2048   16.2647
   -7.5000   45.0000   22.5000 2695.9565   16.9289
    0.0000   45.0000   22.5000 2701.6973   16.9697
    7.5000   45.0000   22.5000 2664.0315   17.3909
   -7.5000  -45.0000   30.0000 1960.6754   29.3607
    0.0000  -45.0000   30.0000 1966.0485   29.0515
    7.5000  -45.0000   30.0000 1952.9670   29.4978
   -7.5000  -37.5000   30.0000 2122.7102   25.3092
    0.0000  -37.5000   30.0000 2127.6956   25.0107
    7.5000  -37.5000   30.0000 2110.4990   25.5181
   -7.5000  -30.0000   30.0000 2275.3574   22.2295
    0.0000  -30.0000   30.0000 2284.0281   21.9114
    7.5000  -30.0000   30.0000 2268.4177   22.3837
   -7.5000  -22.5000   30.0000 2418.6313   19.8375
    0.0000  -22.5000   30.0000 2431.4971   19.5323
    7.5000  -22.5000   30.0000 2413.1091   19.9772
   -7.5000  -15.0000   30.0000 2542.8857   18.0239
    0.0000  -15.0000   30.0000 2559.9795   17.7221
    7.5000  -15.0000   30.0000 2546.4426   18.1320
   -7.5000   -7.5000   30.0000 2662.5088   16.6622
    0.0000   -7.5000   30.0000 2672.6228   16.3706
    7.5000   -7.5000   30.0000 2662.4626   16.7355
   -7.5000    0.0000   30.0000 2763.9207   15.6707
    0.0000    0.0000   30.0000 2767.3481   15.3279
    7.5000    0.0000   30.0000 2755.5889   15.7461
   -7.5000    7.5000   30.0000 2845.8367   15.0510
    0.0000    7.5000   30.0000 2856.5535   14.7451
    7.5000    7.5000   30.0000 2825.0640   15.1509
   -7.5000   15.0000   30.0000 2896.3931   14.8108
    0.0000   15.0000   30.0000 2908.3718   14.6079
    7.5000   15.0000   30.0000 2868.7156   14.9577
   -7.5000   22.5000   30.0000 2901.2903   14.9298
    0.0000   22.5000   30.0000 2909.5098   14.8481
    7.5000   22.5000   30.0000 2865.7788   15.1597
   -7.5000   30.0000   30.0000 2864.4932   15.3521
    0.0000   30.0000   30.0000 2869.0432   15.3392
    7.5000   30.0000   30.0000 2819.1592   15.6149
   -7.5000   37.5000   30.0000 2780.5774   16.0677
    0.0000   37.5000   30.0000 2784.7070   16.0821
    7.5000   37.5000   30.0000 2743.0193   16.4039
   -7.5000   45.0000   30.0000 2665.3081   17.0865
    0.0000   45.0000   30.0000 2669.5596   17.1386
    7.5000   45.0000   30.0000 2634.7944   17.5218
   -7.5000  -45.0000   37.5000 1936.0649   29.9275
    0.0000  -45.0000   37.5000 1947.6761   29.6252
    7.5000  -45.0000   37.5000 1939.5193   30.0028
   -7.5000  -37.5000   37.5000 2093.3970   25.8029
    0.0000  -37.5000   37.5000 2107.4734   25.5439
    7.5000  -37.5000   37.5000 2099.4302   25.9206
   -7.5000  -30.0000   37.5000 2245.6909   22.7129
    0.0000  -30.0000   37.5000 2264.1506   22.4485
    7.5000  -30.0000   37.5000 2254.7183   22.7966
   -7.5000  -22.5000   37.5000 2391.3523   20.3758
    0.0000  -22.5000   37.5000 2412.1331   20.1126
    7.5000  -22.5000   37.5000 2401.1819   20.4222
   -7.5000  -15.0000   37.5000 2520.5168   18.5405
    0.0000  -15.0000   37.5000 2540.8047   18.3249
    7.5000  -15.0000   37.5000 2528.1179   18.5915
   -7.5000   -7.5000   37.5000 2630.9478   17.1965
    0.0000   -7.5000   37.5000 2646.5769   16.9289
    7.5000   -7.5000   37.5000 2636.4277   17.1794
   -7.5000    0.0000   37.5000 2726.8413   16.1998
    0.0000    0.0000   37.5000 2739.0222   15.8898
    7.5000    0.0000   37.5000 2725.2974   16.2109
   -7.5000    7.5000   37.5000 2801.5566   15.5180
    0.0000    7.5000   37.5000 2813.5310   15.3276
    7.5000    7.5000   37.5000 2791.9004   15.6338
   -7.5000   15.0000   37.5000 2840.0417   15.2705
    0.0000   15.0000   37.5000 2850.7512   15.1421
    7.5000   15.0000   37.5000 2824.2742   15.4434
   -7.5000   22.5000   37.5000 2833.0491   15.3882
    0.0000   22.5000   37.5000 2844.5581   15.3024
    7.5000   22.5000   37.5000 2813.0974   15.5721
   -7.5000   30.0000   37.5000 2789.1279   15.7715
    0.0000   30.0000   37.5000 2800.5273   15.7355
    7.5000   30.0000   37.5000 2764.7502   15.9803
   -7.5000   37.5000   37.5000 2714.6729   16.4607
    0.0000   37.5000   37.5000 2719.3530   16.4460
    7.5000   37.5000   37.5000 2687.2781   16.7768
   -7.5000   45.0000   37.5000 2610.6501   17.4991
    0.0000   45.0000   37.5000 2616.5691   17.4773
    7.5000   45.0000   37.5000 2588.2136   17.8925
   -7.5000  -45.0000   45.0000 1904.5194   30.7539
    0.0000  -45.0000   45.0000 1921.3149   30.5565
    7.5000  -45.0000   45.0000 1915.2529   30.9091
   -7.5000  -37.5000   45.0000 2058.6765   26.6870
    0.0000  -37.5000   45.0000 2081.4102   26.4985
    7.5000  -37.5000   45.0000 2078.8723   26.8182
   -7.5000  -30.0000   45.0000 2211.4189   23.6010
    0.0000  -30.0000   45.0000 2234.7642   23.3736
    7.5000  -30.0000   45.0000 2228.4187   23.6871
   -7.5000  -22.5000   45.0000 2347.7715   21.1729
    0.0000  -22.5000   45.0000 2377.6479   20.9799
    7.5000  -22.5000   45.0000 2371.7449   21.2596
   -7.5000  -15.0000   45.0000 2473.7275   19.3117
    0.0000  -15.0000   45.0000 2503.9668   19.1217
    7.5000  -15.0000   45.0000 2494.3093   19.3799
   -7.5000   -7.5000   45.0000 2579.2725   17.9182
    0.0000   -7.5000   45.0000 2604.0986   17.6968
    7.5000   -7.5000   45.0000 2591.9653   17.9687
   -7.5000    0.0000   45.0000 2669.8550   16.8954
    0.0000    0.0000   45.0000 2688.4338   16.6618
    7.5000    0.0000   45.0000 2674.5818   17.0078
   -7.5000    7.5000   45.0000 2734.5408   16.2519
    0.0000    7.5000   45.0000 2752.5557   16.0879
    7.5000    7.5000   45.0000 2732.9180   16.4093
   -7.5000   15.0000   45.0000 2761.8643   16.0011
    0.0000   15.0000   45.0000 2776.3506   15.8658
    7.5000   15.0000   45.0000 2755.5247   16.1522
   -7.5000   22.5000   45.0000 2752.1118   16.0477
    0.0000   22.5000   45.0000 2765.8208   15.9552
    7.5000   22.5000   45.0000 2744.4546   16.2239
   -7.5000   30.0000   45.0000 2704.2295   16.4221
    0.0000   30.0000   45.0000 2717.1672   16.3647
    7.5000   30.0000   45.0000 2692.1277   16.5953
   -7.5000   37.5000   45.0000 2629.8616   17.0750
    0.0000   37.5000   45.0000 2644.3740   17.0389
    7.5000   37.5000   45.0000 2613.0024   17.3533
   -7.5000   45.0000   45.0000 2534.6350   18.0950
    0.0000   45.0000   45.0000 2543.0437   18.0845
    7.5000   45.0000   45.0000 2517.9282   18.4551

---------------------------------------------------------------------
imgreg_4dfp /opt/freesurfer/average/711-2C_as_mni_average_305 /opt/freesurfer/average/711-2B_as_mni_average_305_mask talsrcimg_g11 none talsrcimg_to_711-2C_as_mni_average_305_t4 1283
---------------------------------------------------------------------

freesurfer imgreg_4dfp.c
/opt/freesurfer/average/711-2C_as_mni_average_305.4dfp.img
       256       256       256         1
  1.000000  1.000000  1.000000
orientation T byte_order littleendian
Reading image: /opt/freesurfer/average/711-2C_as_mni_average_305.4dfp.img
dimensions:      256       256       256
mmppix:       1.0000   -1.0000   -1.0000
center:     128.0000 -129.0000 -129.0000
/opt/freesurfer/average/711-2B_as_mni_average_305_mask.4dfp.img
       256       256       256         1
  1.000000  1.000000  1.000000
orientation T byte_order littleendian
Reading mask: /opt/freesurfer/average/711-2B_as_mni_average_305_mask.4dfp.img (2306576 pixels)
talsrcimg_g11.4dfp.img
       256       256       256         1
  1.000000  1.000000  1.000000
orientation T byte_order littleendian
Reading image: talsrcimg_g11.4dfp.img
dimensions:      256       256       256
mmppix:       1.0000   -1.0000   -1.0000
center:     128.0000 -129.0000 -129.0000
rotation matrix determinant  1.000000
fimgreg.f
image alignment mode   1283 decimal      503 hex
parameters
    0.0000   22.5000   22.5000    0.0000    0.0000    0.0000
eta,q 0.92910 14.54722
niter,ni,del,rscale     5    3   12.0000    1.2000
parameter  1  0.754685 ->  0.500000 qaram    1.1500
parameter  3  0.734255 ->  0.500000 qaram    1.1500
parameter  4 -0.577441 -> -0.500000 qaram    1.1500
parameter  5  0.618725 ->  0.500000 qaram    1.1500
parameters
   -3.4500   21.9506   19.0500    3.4500   -3.4500    2.3424
eta,q 0.93638 14.24704
  0.0704  0.0753  0.0682  0.0740  0.0644  0.0683
  0.0696  0.0725  0.0664  0.0715  0.0638  0.0663
  0.0699  0.0700  0.0670  0.0689  0.0641  0.0647
  0.0726  0.0692  0.0693  0.0667  0.0653  0.0638
  0.0777  0.0711  0.0728  0.0653  0.0676  0.0636
  0.0822  0.0739  0.0760  0.0655  0.0710  0.0638
  0.0874  0.0781  0.0790  0.0665  0.0748  0.0644
niter,ni,del,rscale     7    3   12.0000    1.2000
parameter  4 -0.535572 -> -0.500000 qaram    1.3225
parameters
   -1.3668   19.4119   19.8544    7.4175   -5.9091    2.4651
eta,q 0.94321 14.03484
  0.0801  0.0633  0.0707  0.0730  0.0606  0.0604
  0.0740  0.0612  0.0659  0.0690  0.0576  0.0581
  0.0684  0.0605  0.0618  0.0642  0.0568  0.0570
  0.0636  0.0621  0.0605  0.0604  0.0582  0.0568
  0.0620  0.0652  0.0603  0.0584  0.0612  0.0571
  0.0634  0.0694  0.0623  0.0584  0.0648  0.0581
  0.0691  0.0753  0.0672  0.0608  0.0699  0.0600
niter,ni,del,rscale     7    3   12.0000    1.2000
parameters
   -0.7304   18.3472   20.2062    7.6252   -5.9122    2.5995
eta,q 0.94358 13.97935
  0.0751  0.0627  0.0663  0.0665  0.0646  0.0602
  0.0687  0.0582  0.0612  0.0611  0.0597  0.0579
  0.0611  0.0566  0.0572  0.0570  0.0571  0.0567
  0.0568  0.0564  0.0563  0.0564  0.0564  0.0564
  0.0569  0.0584  0.0577  0.0574  0.0576  0.0567
  0.0628  0.0629  0.0602  0.0607  0.0603  0.0577
  0.0712  0.0701  0.0640  0.0651  0.0640  0.0598
niter,ni,del,rscale     6    3   12.0000    1.2000
parameters
   -0.7829   18.2182   20.2482    7.7134   -5.8703    2.6398
eta,q 0.94350 13.97408
  0.0716  0.0655  0.0656  0.0661  0.0648  0.0601
  0.0655  0.0596  0.0606  0.0608  0.0599  0.0579
  0.0588  0.0572  0.0569  0.0569  0.0572  0.0568
  0.0564  0.0564  0.0565  0.0565  0.0565  0.0565
  0.0581  0.0573  0.0580  0.0575  0.0577  0.0568
  0.0648  0.0604  0.0609  0.0608  0.0603  0.0578
  0.0731  0.0662  0.0647  0.0653  0.0640  0.0600
niter,ni,del,rscale     5    3   12.0000    1.2000
parameters
   -0.8148   18.1679   20.2540    7.7507   -5.8442    2.6525
eta,q 0.94348 13.97089
  0.0716  0.0658  0.0656  0.0660  0.0647  0.0601
  0.0656  0.0598  0.0606  0.0607  0.0599  0.0579
  0.0589  0.0572  0.0569  0.0569  0.0572  0.0568
  0.0565  0.0565  0.0565  0.0565  0.0565  0.0565
  0.0582  0.0573  0.0581  0.0576  0.0577  0.0568
  0.0647  0.0603  0.0611  0.0609  0.0603  0.0578
  0.0729  0.0659  0.0649  0.0654  0.0640  0.0601
registration optimization eta report
parameter search radius
    6.9000    6.0000    6.9000    7.9350    6.9000    6.0000
100000*second partial in parameter space
       33.       26.       18.       15.       16.       10.
  0.0716  0.0658  0.0656  0.0660  0.0647  0.0601
  0.0656  0.0598  0.0606  0.0607  0.0599  0.0579
  0.0589  0.0572  0.0569  0.0569  0.0572  0.0568
  0.0565  0.0565  0.0565  0.0565  0.0565  0.0565
  0.0582  0.0573  0.0581  0.0576  0.0577  0.0568
  0.0647  0.0603  0.0611  0.0609  0.0603  0.0578
  0.0729  0.0659  0.0649  0.0654  0.0640  0.0601
   -0.8148   18.1679   20.2540    7.7507   -5.8442    2.6525
eta,q 0.94348 13.97089

---------------------------------------------------------------------
imgreg_4dfp /opt/freesurfer/average/711-2C_as_mni_average_305 /opt/freesurfer/average/711-2B_as_mni_average_305_mask talsrcimg_g11 none talsrcimg_to_711-2C_as_mni_average_305_t4 3335
---------------------------------------------------------------------

freesurfer imgreg_4dfp.c
/opt/freesurfer/average/711-2C_as_mni_average_305.4dfp.img
       256       256       256         1
  1.000000  1.000000  1.000000
orientation T byte_order littleendian
Reading image: /opt/freesurfer/average/711-2C_as_mni_average_305.4dfp.img
dimensions:      256       256       256
mmppix:       1.0000   -1.0000   -1.0000
center:     128.0000 -129.0000 -129.0000
/opt/freesurfer/average/711-2B_as_mni_average_305_mask.4dfp.img
       256       256       256         1
  1.000000  1.000000  1.000000
orientation T byte_order littleendian
Reading mask: /opt/freesurfer/average/711-2B_as_mni_average_305_mask.4dfp.img (2306576 pixels)
talsrcimg_g11.4dfp.img
       256       256       256         1
  1.000000  1.000000  1.000000
orientation T byte_order littleendian
Reading image: talsrcimg_g11.4dfp.img
dimensions:      256       256       256
mmppix:       1.0000   -1.0000   -1.0000
center:     128.0000 -129.0000 -129.0000
fimgreg.f
image alignment mode   3335 decimal      D07 hex
parameters
   -0.8148   18.1679   20.2540   -0.6263   -0.9562   -1.4286
   -3.2137   10.7027    4.6037  -13.0049  -10.1824   13.4161
eta,q 0.94725 14.09800
niter,ni,del,rscale     5    3    5.0000    1.2000
parameter  4  2.390322 ->  0.500000 qaram    1.1500
parameter  5  1.930140 ->  0.500000 qaram    1.1500
parameter  6  1.247993 ->  0.500000 qaram    1.1500
parameter 12  0.707193 ->  0.500000 qaram    1.1500
parameters
   -0.8120   17.7463   20.7611   -4.7663   -5.0962   -5.5686
   -2.9130   13.6311    4.2696  -10.9576   -6.8702    9.2761
eta,q 0.96249 13.36088
  0.0551  0.0537  0.0549  0.0438  0.0411  0.0381  0.0418  0.0467  0.0405  0.0438  0.0413  0.0376
  0.0538  0.0530  0.0539  0.0458  0.0425  0.0394  0.0407  0.0439  0.0395  0.0418  0.0400  0.0375
  0.0530  0.0527  0.0531  0.0487  0.0442  0.0409  0.0400  0.0416  0.0389  0.0400  0.0390  0.0376
  0.0527  0.0527  0.0527  0.0527  0.0465  0.0429  0.0398  0.0398  0.0387  0.0387  0.0384  0.0381
  0.0530  0.0530  0.0527  0.0574  0.0489  0.0461  0.0400  0.0388  0.0390  0.0384  0.0381  0.0387
  0.0538  0.0537  0.0530  0.0619  0.0516  0.0500  0.0405  0.0391  0.0397  0.0390  0.0381  0.0396
  0.0551  0.0549  0.0536  0.0665  0.0553  0.0544  0.0414  0.0408  0.0409  0.0404  0.0385  0.0409
niter,ni,del,rscale     7    3    5.0000    1.2000
parameter  3  0.781059 ->  0.500000 qaram    1.1500
parameter  4  0.874340 ->  0.500000 qaram    1.3225
parameter  5  1.717783 ->  0.500000 qaram    1.3225
parameter  6  0.555116 ->  0.500000 qaram    1.3225
parameter 12  1.246898 ->  0.500000 qaram    1.3225
parameters
   -0.1076   17.5815   19.3811   -9.5273   -9.8572  -10.3296
   -2.3348   13.4486    3.2965  -12.9480   -8.0236    4.5151
eta,q 0.97279 12.79578
  0.0428  0.0390  0.0364  0.0325  0.0296  0.0297  0.0316  0.0329  0.0303  0.0305  0.0294  0.0270
  0.0404  0.0380  0.0364  0.0332  0.0304  0.0291  0.0303  0.0308  0.0295  0.0291  0.0288  0.0271
  0.0386  0.0374  0.0366  0.0343  0.0316  0.0294  0.0294  0.0294  0.0291  0.0287  0.0287  0.0277
  0.0375  0.0372  0.0372  0.0364  0.0335  0.0307  0.0291  0.0290  0.0290  0.0290  0.0287  0.0286
  0.0372  0.0375  0.0381  0.0398  0.0356  0.0321  0.0292  0.0295  0.0294  0.0300  0.0289  0.0299
  0.0377  0.0383  0.0393  0.0449  0.0379  0.0352  0.0298  0.0310  0.0301  0.0317  0.0293  0.0312
  0.0390  0.0396  0.0408  0.0506  0.0405  0.0400  0.0309  0.0333  0.0312  0.0341  0.0299  0.0327
niter,ni,del,rscale     7    3    5.0000    1.2000
parameters
    0.0673   16.9736   18.6518  -14.2442  -14.4201  -10.8139
   -2.3593   13.6092    3.9879  -13.1542   -9.6307    3.7562
eta,q 0.97528 12.40806
  0.0308  0.0285  0.0281  0.0264  0.0264  0.0286  0.0272  0.0290  0.0267  0.0280  0.0254  0.0269
  0.0290  0.0274  0.0272  0.0258  0.0251  0.0268  0.0259  0.0269  0.0257  0.0262  0.0249  0.0257
  0.0278  0.0270  0.0268  0.0260  0.0247  0.0255  0.0251  0.0254  0.0251  0.0251  0.0247  0.0249
  0.0272  0.0272  0.0270  0.0268  0.0258  0.0247  0.0248  0.0248  0.0248  0.0248  0.0248  0.0247
  0.0274  0.0280  0.0277  0.0281  0.0282  0.0251  0.0251  0.0252  0.0249  0.0252  0.0251  0.0251
  0.0283  0.0293  0.0290  0.0306  0.0309  0.0270  0.0259  0.0266  0.0253  0.0264  0.0256  0.0262
  0.0300  0.0311  0.0309  0.0352  0.0338  0.0301  0.0273  0.0286  0.0261  0.0284  0.0263  0.0278
niter,ni,del,rscale     6    3    5.0000    1.2000
parameters
    0.1968   17.5354   19.0332  -14.5125  -14.6013  -10.5775
   -2.4753   13.6800    4.3591  -12.6434  -10.1812    3.2171
eta,q 0.97556 12.38940
  0.0283  0.0286  0.0274  0.0272  0.0289  0.0291  0.0270  0.0286  0.0263  0.0285  0.0253  0.0268
  0.0265  0.0267  0.0260  0.0257  0.0269  0.0271  0.0256  0.0265  0.0253  0.0264  0.0248  0.0256
  0.0252  0.0254  0.0250  0.0247  0.0253  0.0256  0.0248  0.0251  0.0247  0.0250  0.0245  0.0247
  0.0247  0.0247  0.0246  0.0245  0.0245  0.0245  0.0245  0.0245  0.0245  0.0245  0.0244  0.0244
  0.0250  0.0246  0.0246  0.0250  0.0250  0.0245  0.0248  0.0249  0.0246  0.0247  0.0246  0.0248
  0.0260  0.0251  0.0251  0.0259  0.0270  0.0263  0.0257  0.0264  0.0251  0.0257  0.0250  0.0259
  0.0276  0.0261  0.0262  0.0275  0.0295  0.0293  0.0271  0.0285  0.0259  0.0275  0.0257  0.0275
niter,ni,del,rscale     5    3    5.0000    1.2000
parameters
    0.2128   17.5940   19.0358  -14.4651  -14.6283  -10.5280
   -2.5491   13.6933    4.5453  -12.4837  -10.3733    3.0624
eta,q 0.97558 12.39386
  0.0278  0.0272  0.0267  0.0273  0.0290  0.0290  0.0270  0.0286  0.0261  0.0281  0.0254  0.0270
  0.0260  0.0257  0.0255  0.0257  0.0269  0.0271  0.0256  0.0264  0.0252  0.0261  0.0249  0.0257
  0.0248  0.0248  0.0247  0.0247  0.0253  0.0255  0.0247  0.0250  0.0247  0.0249  0.0245  0.0248
  0.0244  0.0244  0.0244  0.0244  0.0244  0.0244  0.0244  0.0244  0.0244  0.0244  0.0244  0.0244
  0.0248  0.0247  0.0247  0.0249  0.0249  0.0245  0.0247  0.0249  0.0246  0.0248  0.0245  0.0247
  0.0259  0.0255  0.0254  0.0257  0.0268  0.0265  0.0257  0.0264  0.0251  0.0259  0.0249  0.0257
  0.0277  0.0269  0.0267  0.0272  0.0293  0.0296  0.0271  0.0285  0.0260  0.0278  0.0256  0.0273
niter,ni,del,rscale     4    3    5.0000    1.2000
parameters
    0.2145   17.6228   19.0214  -14.4644  -14.6291  -10.5292
   -2.5867   13.6949    4.6218  -12.4214  -10.4329    3.0066
eta,q 0.97557 12.39401
  0.0277  0.0271  0.0267  0.0273  0.0290  0.0290  0.0270  0.0285  0.0261  0.0280  0.0255  0.0271
  0.0260  0.0256  0.0254  0.0257  0.0270  0.0270  0.0256  0.0264  0.0252  0.0260  0.0249  0.0258
  0.0248  0.0247  0.0247  0.0247  0.0253  0.0255  0.0247  0.0250  0.0246  0.0248  0.0245  0.0248
  0.0244  0.0244  0.0244  0.0244  0.0244  0.0244  0.0244  0.0244  0.0244  0.0244  0.0244  0.0244
  0.0248  0.0247  0.0247  0.0249  0.0248  0.0245  0.0247  0.0249  0.0246  0.0248  0.0245  0.0247
  0.0259  0.0256  0.0254  0.0257  0.0268  0.0265  0.0256  0.0264  0.0251  0.0260  0.0249  0.0257
  0.0277  0.0270  0.0268  0.0273  0.0293  0.0297  0.0271  0.0286  0.0260  0.0279  0.0255  0.0272
niter,ni,del,rscale     3    3    5.0000    1.2000
parameters
    0.2107   17.6374   19.0118  -14.4719  -14.6232  -10.5339
   -2.6012   13.6942    4.6429  -12.3939  -10.4513    2.9770
eta,q 0.97557 12.39366
  0.0277  0.0271  0.0267  0.0273  0.0290  0.0290  0.0270  0.0285  0.0261  0.0280  0.0255  0.0271
  0.0259  0.0256  0.0254  0.0257  0.0270  0.0270  0.0256  0.0264  0.0252  0.0260  0.0249  0.0258
  0.0248  0.0247  0.0247  0.0247  0.0253  0.0255  0.0247  0.0250  0.0246  0.0248  0.0245  0.0248
  0.0244  0.0244  0.0244  0.0244  0.0244  0.0244  0.0244  0.0244  0.0244  0.0244  0.0244  0.0244
  0.0248  0.0247  0.0247  0.0249  0.0248  0.0245  0.0247  0.0249  0.0246  0.0248  0.0245  0.0247
  0.0259  0.0256  0.0254  0.0257  0.0268  0.0265  0.0256  0.0264  0.0251  0.0260  0.0249  0.0257
  0.0277  0.0270  0.0268  0.0273  0.0293  0.0297  0.0270  0.0286  0.0261  0.0279  0.0255  0.0272
registration optimization eta report
parameter search radius
    2.4000    2.4000    2.7600    9.5220    9.5220    9.5220
    7.2000    7.2000    7.2000    7.2000    7.2000    9.5220
100000*second partial in parameter space
       57.       45.       30.        3.        5.        5.
        5.        8.        3.        7.        2.        3.
  0.0277  0.0271  0.0267  0.0273  0.0290  0.0290  0.0270  0.0285  0.0261  0.0280  0.0255  0.0271
  0.0259  0.0256  0.0254  0.0257  0.0270  0.0270  0.0256  0.0264  0.0252  0.0260  0.0249  0.0258
  0.0248  0.0247  0.0247  0.0247  0.0253  0.0255  0.0247  0.0250  0.0246  0.0248  0.0245  0.0248
  0.0244  0.0244  0.0244  0.0244  0.0244  0.0244  0.0244  0.0244  0.0244  0.0244  0.0244  0.0244
  0.0248  0.0247  0.0247  0.0249  0.0248  0.0245  0.0247  0.0249  0.0246  0.0248  0.0245  0.0247
  0.0259  0.0256  0.0254  0.0257  0.0268  0.0265  0.0256  0.0264  0.0251  0.0260  0.0249  0.0257
  0.0277  0.0270  0.0268  0.0273  0.0293  0.0297  0.0270  0.0286  0.0261  0.0279  0.0255  0.0272
    0.2107   17.6374   19.0118  -14.4719  -14.6232  -10.5339
   -2.6012   13.6942    4.6429  -12.3939  -10.4513    2.9770
eta,q 0.97557 12.39366

---------------------------------------------------------------------
imgreg_4dfp /opt/freesurfer/average/711-2C_as_mni_average_305 /opt/freesurfer/average/711-2B_as_mni_average_305_mask talsrcimg_g11 none talsrcimg_to_711-2C_as_mni_average_305_t4 2311
---------------------------------------------------------------------

freesurfer imgreg_4dfp.c
/opt/freesurfer/average/711-2C_as_mni_average_305.4dfp.img
       256       256       256         1
  1.000000  1.000000  1.000000
orientation T byte_order littleendian
Reading image: /opt/freesurfer/average/711-2C_as_mni_average_305.4dfp.img
dimensions:      256       256       256
mmppix:       1.0000   -1.0000   -1.0000
center:     128.0000 -129.0000 -129.0000
/opt/freesurfer/average/711-2B_as_mni_average_305_mask.4dfp.img
       256       256       256         1
  1.000000  1.000000  1.000000
orientation T byte_order littleendian
Reading mask: /opt/freesurfer/average/711-2B_as_mni_average_305_mask.4dfp.img (2306576 pixels)
talsrcimg_g11.4dfp.img
       256       256       256         1
  1.000000  1.000000  1.000000
orientation T byte_order littleendian
Reading image: talsrcimg_g11.4dfp.img
dimensions:      256       256       256
mmppix:       1.0000   -1.0000   -1.0000
center:     128.0000 -129.0000 -129.0000
fimgreg.f
image alignment mode   2311 decimal      907 hex
parameters
    0.2107   17.6374   19.0118  -14.4719  -14.6232  -10.5339
   -2.6012   13.6942    4.6429  -12.3939  -10.4513    2.9770
eta,q 0.97557 12.39366
niter,ni,del,rscale     5    3    5.0000    0.8000
parameters
    0.2154   17.6470   19.0345  -14.6975  -14.1835   -9.6361
   -2.6785   13.7318    4.6567  -12.5214  -10.5045    2.7715
eta,q 0.97576 12.43029
  0.0259  0.0256  0.0252  0.0252  0.0261  0.0262  0.0254  0.0263  0.0250  0.0259  0.0248  0.0250
  0.0251  0.0250  0.0248  0.0247  0.0253  0.0255  0.0248  0.0252  0.0246  0.0250  0.0245  0.0246
  0.0246  0.0246  0.0245  0.0245  0.0248  0.0248  0.0244  0.0245  0.0243  0.0244  0.0243  0.0243
  0.0244  0.0244  0.0244  0.0244  0.0244  0.0244  0.0242  0.0242  0.0242  0.0242  0.0242  0.0242
  0.0246  0.0245  0.0245  0.0246  0.0244  0.0242  0.0244  0.0245  0.0243  0.0245  0.0243  0.0244
  0.0251  0.0249  0.0247  0.0249  0.0249  0.0245  0.0248  0.0252  0.0246  0.0251  0.0245  0.0247
  0.0259  0.0256  0.0252  0.0253  0.0257  0.0254  0.0255  0.0262  0.0250  0.0260  0.0248  0.0252
niter,ni,del,rscale     4    3    5.0000    0.7000
parameters
    0.2267   17.5761   19.1667  -14.6756  -14.2054   -9.4518
   -2.6847   13.7543    4.6322  -12.5993  -10.4881    2.7896
eta,q 0.97579 12.43762
  0.0254  0.0251  0.0250  0.0249  0.0254  0.0256  0.0252  0.0258  0.0248  0.0255  0.0246  0.0249
  0.0248  0.0246  0.0246  0.0245  0.0248  0.0250  0.0247  0.0250  0.0245  0.0248  0.0244  0.0245
  0.0244  0.0243  0.0244  0.0243  0.0244  0.0245  0.0243  0.0244  0.0243  0.0243  0.0243  0.0243
  0.0242  0.0242  0.0242  0.0242  0.0242  0.0242  0.0242  0.0242  0.0242  0.0242  0.0242  0.0242
  0.0244  0.0244  0.0243  0.0243  0.0243  0.0242  0.0243  0.0244  0.0243  0.0244  0.0243  0.0243
  0.0248  0.0247  0.0244  0.0246  0.0248  0.0247  0.0246  0.0249  0.0245  0.0248  0.0244  0.0245
  0.0254  0.0253  0.0248  0.0249  0.0255  0.0256  0.0252  0.0258  0.0248  0.0256  0.0246  0.0249
niter,ni,del,rscale     3    3    5.0000    0.6000
parameters
    0.2392   17.5414   19.2083  -14.6942  -14.1682   -9.3224
   -2.6712   13.7644    4.5928  -12.6520  -10.4692    2.7589
eta,q 0.97580 12.44227
  0.0251  0.0249  0.0247  0.0247  0.0251  0.0253  0.0249  0.0254  0.0246  0.0252  0.0245  0.0247
  0.0246  0.0245  0.0245  0.0244  0.0247  0.0248  0.0245  0.0248  0.0244  0.0246  0.0243  0.0244
  0.0243  0.0243  0.0243  0.0243  0.0244  0.0244  0.0243  0.0243  0.0242  0.0243  0.0242  0.0242
  0.0242  0.0242  0.0242  0.0242  0.0242  0.0242  0.0242  0.0242  0.0242  0.0242  0.0242  0.0242
  0.0243  0.0243  0.0243  0.0243  0.0243  0.0242  0.0243  0.0243  0.0243  0.0243  0.0242  0.0243
  0.0246  0.0245  0.0244  0.0245  0.0246  0.0246  0.0245  0.0247  0.0244  0.0247  0.0243  0.0244
  0.0251  0.0250  0.0247  0.0247  0.0251  0.0253  0.0249  0.0254  0.0247  0.0252  0.0245  0.0247
niter,ni,del,rscale     2    3    5.0000    0.5000
parameters
    0.2423   17.5218   19.2306  -14.7046  -14.1132   -9.2063
   -2.6853   13.7698    4.5745  -12.6814  -10.4731    2.7199
eta,q 0.97581 12.44791
  0.0248  0.0247  0.0246  0.0246  0.0249  0.0250  0.0247  0.0250  0.0245  0.0249  0.0244  0.0245
  0.0245  0.0244  0.0244  0.0244  0.0245  0.0246  0.0244  0.0246  0.0243  0.0245  0.0243  0.0243
  0.0243  0.0243  0.0242  0.0242  0.0243  0.0244  0.0242  0.0243  0.0242  0.0243  0.0242  0.0242
  0.0242  0.0242  0.0242  0.0242  0.0242  0.0242  0.0242  0.0242  0.0242  0.0242  0.0242  0.0242
  0.0243  0.0243  0.0242  0.0242  0.0242  0.0242  0.0242  0.0243  0.0242  0.0243  0.0242  0.0242
  0.0245  0.0244  0.0243  0.0244  0.0245  0.0245  0.0244  0.0246  0.0243  0.0245  0.0243  0.0244
  0.0248  0.0247  0.0245  0.0246  0.0248  0.0250  0.0247  0.0250  0.0245  0.0249  0.0244  0.0245
niter,ni,del,rscale     1    3    5.0000    0.4000
parameters
    0.2455   17.5086   19.2491  -14.7095  -14.0643   -9.1010
   -2.6956   13.7606    4.5681  -12.7002  -10.4847    2.6792
eta,q 0.97582 12.45300
  0.0246  0.0245  0.0244  0.0244  0.0246  0.0247  0.0245  0.0247  0.0244  0.0246  0.0243  0.0244
  0.0244  0.0243  0.0243  0.0243  0.0244  0.0245  0.0243  0.0244  0.0243  0.0244  0.0242  0.0243
  0.0242  0.0242  0.0242  0.0242  0.0243  0.0243  0.0242  0.0242  0.0242  0.0242  0.0242  0.0242
  0.0242  0.0242  0.0242  0.0242  0.0242  0.0242  0.0242  0.0242  0.0242  0.0242  0.0242  0.0242
  0.0242  0.0242  0.0242  0.0242  0.0242  0.0242  0.0242  0.0242  0.0242  0.0242  0.0242  0.0242
  0.0244  0.0243  0.0243  0.0243  0.0244  0.0244  0.0243  0.0244  0.0243  0.0244  0.0242  0.0243
  0.0246  0.0245  0.0244  0.0244  0.0246  0.0247  0.0245  0.0247  0.0244  0.0246  0.0243  0.0244
registration optimization eta report
parameter search radius
    0.8000    0.8000    0.8000    2.4000    2.4000    2.4000
    2.4000    2.4000    2.4000    2.4000    2.4000    2.4000
100000*second partial in parameter space
       62.       49.       38.        4.        8.        9.
        6.       10.        4.        8.        2.        4.
  0.0246  0.0245  0.0244  0.0244  0.0246  0.0247  0.0245  0.0247  0.0244  0.0246  0.0243  0.0244
  0.0244  0.0243  0.0243  0.0243  0.0244  0.0245  0.0243  0.0244  0.0243  0.0244  0.0242  0.0243
  0.0242  0.0242  0.0242  0.0242  0.0243  0.0243  0.0242  0.0242  0.0242  0.0242  0.0242  0.0242
  0.0242  0.0242  0.0242  0.0242  0.0242  0.0242  0.0242  0.0242  0.0242  0.0242  0.0242  0.0242
  0.0242  0.0242  0.0242  0.0242  0.0242  0.0242  0.0242  0.0242  0.0242  0.0242  0.0242  0.0242
  0.0244  0.0243  0.0243  0.0243  0.0244  0.0244  0.0243  0.0244  0.0243  0.0244  0.0242  0.0243
  0.0246  0.0245  0.0244  0.0244  0.0246  0.0247  0.0245  0.0247  0.0244  0.0246  0.0243  0.0244
    0.2455   17.5086   19.2491  -14.7095  -14.0643   -9.1010
   -2.6956   13.7606    4.5681  -12.7002  -10.4847    2.6792
eta,q 0.97582 12.45300

---------------------------------------------------------------------
imgreg_4dfp /opt/freesurfer/average/711-2C_as_mni_average_305 /opt/freesurfer/average/711-2B_as_mni_average_305_mask talsrcimg_g11 none talsrcimg_to_711-2C_as_mni_average_305_t4 2311
---------------------------------------------------------------------

freesurfer imgreg_4dfp.c
/opt/freesurfer/average/711-2C_as_mni_average_305.4dfp.img
       256       256       256         1
  1.000000  1.000000  1.000000
orientation T byte_order littleendian
Reading image: /opt/freesurfer/average/711-2C_as_mni_average_305.4dfp.img
dimensions:      256       256       256
mmppix:       1.0000   -1.0000   -1.0000
center:     128.0000 -129.0000 -129.0000
/opt/freesurfer/average/711-2B_as_mni_average_305_mask.4dfp.img
       256       256       256         1
  1.000000  1.000000  1.000000
orientation T byte_order littleendian
Reading mask: /opt/freesurfer/average/711-2B_as_mni_average_305_mask.4dfp.img (2306576 pixels)
talsrcimg_g11.4dfp.img
       256       256       256         1
  1.000000  1.000000  1.000000
orientation T byte_order littleendian
Reading image: talsrcimg_g11.4dfp.img
dimensions:      256       256       256
mmppix:       1.0000   -1.0000   -1.0000
center:     128.0000 -129.0000 -129.0000
fimgreg.f
image alignment mode   2311 decimal      907 hex
parameters
    0.2455   17.5086   19.2491  -14.7095  -14.0643   -9.1010
   -2.6956   13.7606    4.5681  -12.7002  -10.4847    2.6792
eta,q 0.97582 12.45300
niter,ni,del,rscale     5    3    5.0000    0.8000
parameters
    0.2479   17.4887   19.2145  -14.6323  -14.3071   -9.4193
   -2.6529   13.7648    4.6095  -12.6500  -10.4744    2.9050
eta,q 0.97578 12.43858
  0.0257  0.0254  0.0251  0.0251  0.0256  0.0257  0.0255  0.0263  0.0250  0.0260  0.0248  0.0251
  0.0249  0.0247  0.0246  0.0246  0.0249  0.0250  0.0248  0.0252  0.0246  0.0250  0.0245  0.0247
  0.0244  0.0243  0.0243  0.0243  0.0244  0.0245  0.0244  0.0245  0.0243  0.0244  0.0243  0.0243
  0.0242  0.0242  0.0242  0.0242  0.0242  0.0242  0.0242  0.0242  0.0242  0.0242  0.0242  0.0242
  0.0244  0.0243  0.0243  0.0243  0.0244  0.0244  0.0243  0.0245  0.0243  0.0244  0.0243  0.0243
  0.0249  0.0248  0.0246  0.0246  0.0250  0.0252  0.0248  0.0252  0.0246  0.0250  0.0245  0.0245
  0.0257  0.0255  0.0252  0.0250  0.0260  0.0263  0.0254  0.0263  0.0250  0.0259  0.0248  0.0250
niter,ni,del,rscale     4    3    5.0000    0.7000
parameters
    0.2488   17.5203   19.2140  -14.6673  -14.2543   -9.4232
   -2.6495   13.7625    4.6039  -12.6818  -10.4670    2.8869
eta,q 0.97579 12.43751
  0.0254  0.0252  0.0249  0.0249  0.0254  0.0255  0.0252  0.0258  0.0248  0.0255  0.0246  0.0249
  0.0248  0.0247  0.0245  0.0245  0.0248  0.0249  0.0246  0.0250  0.0245  0.0248  0.0244  0.0245
  0.0243  0.0243  0.0243  0.0243  0.0244  0.0245  0.0243  0.0244  0.0243  0.0244  0.0243  0.0243
  0.0242  0.0242  0.0242  0.0242  0.0242  0.0242  0.0242  0.0242  0.0242  0.0242  0.0242  0.0242
  0.0243  0.0243  0.0243  0.0243  0.0243  0.0243  0.0243  0.0244  0.0243  0.0244  0.0243  0.0243
  0.0248  0.0246  0.0245  0.0245  0.0247  0.0248  0.0246  0.0250  0.0245  0.0248  0.0244  0.0245
  0.0254  0.0251  0.0249  0.0249  0.0255  0.0257  0.0252  0.0258  0.0248  0.0256  0.0246  0.0249
niter,ni,del,rscale     3    3    5.0000    0.6000
parameters
    0.2476   17.5178   19.2247  -14.6931  -14.1836   -9.3185
   -2.6562   13.7709    4.5811  -12.6946  -10.4658    2.8049
eta,q 0.97580 12.44213
  0.0251  0.0249  0.0247  0.0247  0.0251  0.0253  0.0249  0.0254  0.0246  0.0252  0.0245  0.0247
  0.0246  0.0245  0.0244  0.0244  0.0247  0.0248  0.0245  0.0248  0.0244  0.0246  0.0243  0.0244
  0.0243  0.0243  0.0243  0.0243  0.0244  0.0244  0.0243  0.0243  0.0242  0.0243  0.0242  0.0242
  0.0242  0.0242  0.0242  0.0242  0.0242  0.0242  0.0242  0.0242  0.0242  0.0242  0.0242  0.0242
  0.0243  0.0243  0.0243  0.0243  0.0243  0.0242  0.0243  0.0243  0.0243  0.0243  0.0242  0.0243
  0.0246  0.0245  0.0244  0.0245  0.0246  0.0246  0.0245  0.0248  0.0244  0.0246  0.0243  0.0244
  0.0251  0.0249  0.0247  0.0247  0.0251  0.0253  0.0249  0.0254  0.0247  0.0252  0.0245  0.0247
niter,ni,del,rscale     2    3    5.0000    0.5000
parameters
    0.2464   17.5139   19.2374  -14.7097  -14.1137   -9.2144
   -2.6844   13.7632    4.5801  -12.6985  -10.4776    2.7390
eta,q 0.97581 12.44734
  0.0248  0.0247  0.0246  0.0246  0.0249  0.0250  0.0247  0.0250  0.0245  0.0249  0.0244  0.0245
  0.0245  0.0244  0.0244  0.0244  0.0245  0.0246  0.0244  0.0246  0.0243  0.0245  0.0243  0.0243
  0.0243  0.0242  0.0242  0.0242  0.0243  0.0244  0.0242  0.0243  0.0242  0.0243  0.0242  0.0242
  0.0242  0.0242  0.0242  0.0242  0.0242  0.0242  0.0242  0.0242  0.0242  0.0242  0.0242  0.0242
  0.0243  0.0243  0.0242  0.0242  0.0242  0.0242  0.0243  0.0243  0.0242  0.0243  0.0242  0.0242
  0.0245  0.0244  0.0243  0.0244  0.0245  0.0245  0.0244  0.0246  0.0243  0.0245  0.0243  0.0244
  0.0248  0.0247  0.0246  0.0246  0.0248  0.0250  0.0247  0.0250  0.0245  0.0249  0.0244  0.0246
niter,ni,del,rscale     1    3    5.0000    0.4000
parameters
    0.2448   17.5051   19.2487  -14.7109  -14.0673   -9.0998
   -2.6895   13.7595    4.5619  -12.7064  -10.4823    2.6716
eta,q 0.97582 12.45291
  0.0246  0.0245  0.0244  0.0244  0.0246  0.0247  0.0245  0.0247  0.0244  0.0246  0.0243  0.0244
  0.0244  0.0243  0.0243  0.0243  0.0244  0.0245  0.0243  0.0244  0.0243  0.0244  0.0242  0.0243
  0.0242  0.0242  0.0242  0.0242  0.0243  0.0243  0.0242  0.0242  0.0242  0.0242  0.0242  0.0242
  0.0242  0.0242  0.0242  0.0242  0.0242  0.0242  0.0242  0.0242  0.0242  0.0242  0.0242  0.0242
  0.0242  0.0242  0.0242  0.0242  0.0242  0.0242  0.0242  0.0242  0.0242  0.0242  0.0242  0.0242
  0.0244  0.0243  0.0243  0.0243  0.0244  0.0244  0.0243  0.0244  0.0243  0.0244  0.0242  0.0243
  0.0246  0.0245  0.0244  0.0244  0.0246  0.0247  0.0245  0.0247  0.0244  0.0246  0.0243  0.0244
registration optimization eta report
parameter search radius
    0.8000    0.8000    0.8000    2.4000    2.4000    2.4000
    2.4000    2.4000    2.4000    2.4000    2.4000    2.4000
100000*second partial in parameter space
       62.       49.       37.        4.        7.        9.
        6.       10.        4.        8.        2.        4.
  0.0246  0.0245  0.0244  0.0244  0.0246  0.0247  0.0245  0.0247  0.0244  0.0246  0.0243  0.0244
  0.0244  0.0243  0.0243  0.0243  0.0244  0.0245  0.0243  0.0244  0.0243  0.0244  0.0242  0.0243
  0.0242  0.0242  0.0242  0.0242  0.0243  0.0243  0.0242  0.0242  0.0242  0.0242  0.0242  0.0242
  0.0242  0.0242  0.0242  0.0242  0.0242  0.0242  0.0242  0.0242  0.0242  0.0242  0.0242  0.0242
  0.0242  0.0242  0.0242  0.0242  0.0242  0.0242  0.0242  0.0242  0.0242  0.0242  0.0242  0.0242
  0.0244  0.0243  0.0243  0.0243  0.0244  0.0244  0.0243  0.0244  0.0243  0.0244  0.0242  0.0243
  0.0246  0.0245  0.0244  0.0244  0.0246  0.0247  0.0245  0.0247  0.0244  0.0246  0.0243  0.0244
    0.2448   17.5051   19.2487  -14.7109  -14.0673   -9.0998
   -2.6895   13.7595    4.5619  -12.7064  -10.4823    2.6716
eta,q 0.97582 12.45291

---------------------------------------------------------------------
compute_vox2vox talsrcimg talsrcimg_to_711-2C_as_mni_average_305_t4 /opt/freesurfer/average/711-2C_as_mni_average_305
---------------------------------------------------------------------

freesurfer compute_vox2vox.c
Reading: talsrcimg.4dfp.ifh
Reading: talsrcimg_to_711-2C_as_mni_average_305_t4
Reading: /opt/freesurfer/average/711-2C_as_mni_average_305.4dfp.ifh
Writing: talsrcimg_to_711-2C_as_mni_average_305_t4_vox2vox.txt

start time Mon Mar 9 00:21:20 CET 2026
end		time Mon Mar 9 00:22:46 CET 2026

mpr2mni305 success

avi2talxfm orig_nu.mgz /opt/freesurfer/average/mni305.cor.mgz talsrcimg_to_711-2C_as_mni_average_305_t4_vox2vox.txt transforms/talairach.auto.xfm
avi2talxfm done
mv -f /out/sourcedata/freesurfer/sub-v1s16x0051193_ses-1/mri/talsrcimg_to_711-2C_as_mni_average_305_t4_vox2vox.txt /out/sourcedata/freesurfer/sub-v1s16x0051193_ses-1/mri/transforms/talsrcimg_to_711-2C_as_mni_average_305_t4_vox2vox.txt
lta_convert --src orig_nu.mgz --trg /opt/freesurfer/average/mni305.cor.mgz --inxfm transforms/talairach.auto.xfm --outlta transforms/talairach.auto.xfm.lta --subject fsaverage
7.3.2

--src: orig_nu.mgz src image (geometry).
--trg: /opt/freesurfer/average/mni305.cor.mgz trg image (geometry).
--inmni: transforms/talairach.auto.xfm input MNI/XFM transform.
--outlta: transforms/talairach.auto.xfm.lta output LTA.
--s: fsaverage subject name
 LTA read, type : 1
 1.14960  -0.16825   0.04121  -0.43233;
 0.13378   1.07577  -0.02926  -7.18359;
-0.04125   0.16800   1.15719  -20.39538;
 0.00000   0.00000   0.00000   1.00000;
setting subject to fsaverage
Writing  LTA to file transforms/talairach.auto.xfm.lta...
lta_convert successful.
 
 
Started at Mon Mar 9 00:21:19 CET 2026
Ended   at Mon Mar  9 00:22:46 CET 2026
talairach_avi done
