/out/sourcedata/freesurfer/sub-v1s16x0051191_ses-1/mri
/opt/freesurfer/bin/talairach_avi
--i orig_nu.mgz --xfm transforms/talairach.auto.xfm
talairach_avi 7.3.2
Linux dna018 5.14.0-427.37.1.el9_4.x86_64 #1 SMP PREEMPT_DYNAMIC Fri Sep 13 12:41:50 EDT 2024 x86_64 x86_64 x86_64 GNU/Linux
Mon Mar  9 00:18:36 CET 2026
mri_convert orig_nu.mgz talsrcimg.img 
reading from orig_nu.mgz...
TR=0.00, TE=0.00, TI=0.00, flip angle=0.00
i_ras = (-1, 0, 0)
j_ras = (0, 0, -1)
k_ras = (0, 1, 0)
writing to talsrcimg.img...
Analyze Output Matrix
-1.00000   0.00000   0.00000   137.03616;
 0.00000   0.00000   1.00000  -140.54285;
 0.00000  -1.00000   0.00000   131.76816;
 0.00000   0.00000   0.00000   1.00000;
--------------------
INFO: set hdr.hist.orient to -1
mpr2mni305 talsrcimg
Mon Mar  9 00:18:36 CET 2026
/opt/freesurfer/bin/mpr2mni305 talsrcimg
mpr2mni305 7.3.2
target=711-2C_as_mni_average_305

---------------------------------------------------------------------
analyzeto4dfp talsrcimg -O0 -y
---------------------------------------------------------------------

freesurfer ifh2hdr.c
Mon Mar  9 00:18:36 2026
Writing: talsrcimg.4dfp.hdr
freesurfer analyzeto4dfp.c
Reading: talsrcimg.hdr
header size 348 bytes
hdr.dime.datatype	offset=70	value=2
hdr.dime.bitpix		offset=72	value=8
hdr.hist.orient		offset=252	value=-1
dimensionality     4
dimensions       256       256       256         1
Reading: talsrcimg.img
Writing: talsrcimg.4dfp.img
Writing: talsrcimg.4dfp.ifh
ifh2hdr talsrcimg -r0to220
ori=2

---------------------------------------------------------------------
gauss_4dfp talsrcimg 1.1
---------------------------------------------------------------------

freesurfer gauss_4dfp.c
Reading: talsrcimg.4dfp.img
Writing: talsrcimg_g11.4dfp.img
image dimensions 256 256 256 padded to 288 288 288
processing volume 1freesurfer ifh2hdr.c
Mon Mar  9 00:18:38 2026
Writing: talsrcimg_g11.4dfp.hdr

Writing: talsrcimg_g11.4dfp.ifh
including: talsrcimg.4dfp.img.rec in talsrcimg_g11.4dfp.img.rec

---------------------------------------------------------------------
imgreg_4dfp /opt/freesurfer/average/711-2C_as_mni_average_305 none talsrcimg_g11 none talsrcimg_to_711-2C_as_mni_average_305_t4 4355
---------------------------------------------------------------------

freesurfer imgreg_4dfp.c
/opt/freesurfer/average/711-2C_as_mni_average_305.4dfp.img
       256       256       256         1
  1.000000  1.000000  1.000000
orientation T byte_order littleendian
Reading image: /opt/freesurfer/average/711-2C_as_mni_average_305.4dfp.img
dimensions:      256       256       256
mmppix:       1.0000   -1.0000   -1.0000
center:     128.0000 -129.0000 -129.0000
talsrcimg_g11.4dfp.img
       256       256       256         1
  1.000000  1.000000  1.000000
orientation T byte_order littleendian
Reading image: talsrcimg_g11.4dfp.img
dimensions:      256       256       256
mmppix:       1.0000   -1.0000   -1.0000
center:     128.0000 -129.0000 -129.0000
t4_read: open error in t4_sub.f l:  41 t4_file(1:l)talsrcimg_to_711-2C_as_mni_average_305_t4 
t4_read: transform initialized to I4
rotation matrix determinant  1.000000
image alignment mode   4355 decimal     1103 hex
   -7.5000  -45.0000  -45.0000 5478.9175   22.7346
    0.0000  -45.0000  -45.0000 5614.4399   22.7275
    7.5000  -45.0000  -45.0000 5342.7026   22.7811
   -7.5000  -37.5000  -45.0000 5962.2134   21.9652
    0.0000  -37.5000  -45.0000 6132.5107   21.9563
    7.5000  -37.5000  -45.0000 5848.3428   22.0047
   -7.5000  -30.0000  -45.0000 6737.1509   21.5839
    0.0000  -30.0000  -45.0000 6949.6733   21.5677
    7.5000  -30.0000  -45.0000 6629.3892   21.6112
   -7.5000  -22.5000  -45.0000 7583.9487   21.5172
    0.0000  -22.5000  -45.0000 7819.8301   21.4942
    7.5000  -22.5000  -45.0000 7431.7397   21.5350
   -7.5000  -15.0000  -45.0000 8475.1240   21.5171
    0.0000  -15.0000  -45.0000 8731.6650   21.4944
    7.5000  -15.0000  -45.0000 8262.3164   21.5357
   -7.5000   -7.5000  -45.0000 9403.8447   21.5084
    0.0000   -7.5000  -45.0000 9686.1963   21.4925
    7.5000   -7.5000  -45.0000 9157.8271   21.5378
   -7.5000    0.0000  -45.000010186.2129   21.5014
    0.0000    0.0000  -45.000010491.3682   21.4918
    7.5000    0.0000  -45.0000 9897.9385   21.5395
   -7.5000    7.5000  -45.000010165.5889   21.5035
    0.0000    7.5000  -45.000010471.2764   21.4939
    7.5000    7.5000  -45.0000 9872.2461   21.5401
   -7.5000   15.0000  -45.000010028.4521   21.5094
    0.0000   15.0000  -45.000010332.2324   21.4931
    7.5000   15.0000  -45.0000 9754.5977   21.5364
   -7.5000   22.5000  -45.0000 9862.4062   21.5130
    0.0000   22.5000  -45.000010150.9424   21.4900
    7.5000   22.5000  -45.0000 9572.1230   21.5308
   -7.5000   30.0000  -45.0000 9596.3818   21.2303
    0.0000   30.0000  -45.0000 9877.4980   21.2080
    7.5000   30.0000  -45.0000 9326.9111   21.2487
   -7.5000   37.5000  -45.0000 9597.7051   21.2217
    0.0000   37.5000  -45.0000 9882.9365   21.2061
    7.5000   37.5000  -45.0000 9318.6455   21.2508
   -7.5000   45.0000  -45.0000 9213.1855   20.6762
    0.0000   45.0000  -45.0000 9479.7236   20.6669
    7.5000   45.0000  -45.0000 8941.1553   20.7128
   -7.5000  -45.0000  -37.5000 5868.1836   22.6165
    0.0000  -45.0000  -37.5000 6027.8286   22.5882
    7.5000  -45.0000  -37.5000 5739.4565   22.6292
   -7.5000  -37.5000  -37.5000 6381.1338   21.8562
    0.0000  -37.5000  -37.5000 6569.1802   21.8290
    7.5000  -37.5000  -37.5000 6250.8740   21.8631
   -7.5000  -30.0000  -37.5000 7213.3535   21.4662
    0.0000  -30.0000  -37.5000 7445.7319   21.4379
    7.5000  -30.0000  -37.5000 7067.4644   21.4691
   -7.5000  -22.5000  -37.5000 8142.4951   21.3821
    0.0000  -22.5000  -37.5000 8408.3496   21.3519
    7.5000  -22.5000  -37.5000 7945.6348   21.3847
   -7.5000  -15.0000  -37.5000 9102.4414   21.3762
    0.0000  -15.0000  -37.5000 9398.4023   21.3460
    7.5000  -15.0000  -37.5000 8867.4424   21.3815
   -7.5000   -7.5000  -37.500010079.9541   21.3806
    0.0000   -7.5000  -37.500010403.5264   21.3513
    7.5000   -7.5000  -37.5000 9815.0293   21.3892
   -7.5000    0.0000  -37.500010896.9932   21.3901
    0.0000    0.0000  -37.500011256.0127   21.3620
    7.5000    0.0000  -37.500010626.5811   21.3985
   -7.5000    7.5000  -37.500010875.8613   21.3962
    0.0000    7.5000  -37.500011230.8857   21.3691
    7.5000    7.5000  -37.500010581.6191   21.4017
   -7.5000   15.0000  -37.500010717.5010   21.3913
    0.0000   15.0000  -37.500011084.0068   21.3631
    7.5000   15.0000  -37.500010440.5234   21.3942
   -7.5000   22.5000  -37.500010522.8037   21.3779
    0.0000   22.5000  -37.500010855.2627   21.3477
    7.5000   22.5000  -37.500010228.2959   21.3805
   -7.5000   30.0000  -37.500010246.7041   21.0914
    0.0000   30.0000  -37.500010551.1230   21.0616
    7.5000   30.0000  -37.5000 9939.4531   21.0966
   -7.5000   37.5000  -37.500010196.7871   21.0957
    0.0000   37.5000  -37.500010504.7168   21.0668
    7.5000   37.5000  -37.5000 9887.4082   21.1042
   -7.5000   45.0000  -37.5000 9811.8926   20.5691
    0.0000   45.0000  -37.500010090.3623   20.5422
    7.5000   45.0000  -37.5000 9488.5918   20.5772
   -7.5000  -45.0000  -30.0000 6356.9009   23.5616
    0.0000  -45.0000  -30.0000 6563.0278   23.5186
    7.5000  -45.0000  -30.0000 6238.0469   23.5346
   -7.5000  -37.5000  -30.0000 6928.3608   22.7896
    0.0000  -37.5000  -30.0000 7172.9307   22.7493
    7.5000  -37.5000  -30.0000 6795.3784   22.7578
   -7.5000  -30.0000  -30.0000 7870.1133   22.3869
    0.0000  -30.0000  -30.0000 8132.3081   22.3487
    7.5000  -30.0000  -30.0000 7682.3896   22.3596
   -7.5000  -22.5000  -30.0000 8914.9209   22.2793
    0.0000  -22.5000  -30.0000 9199.4482   22.2418
    7.5000  -22.5000  -30.0000 8661.4902   22.2614
   -7.5000  -15.0000  -30.0000 9947.9980   22.2518
    0.0000  -15.0000  -30.000010262.7764   22.2136
    7.5000  -15.0000  -30.0000 9644.9990   22.2382
   -7.5000   -7.5000  -30.000010987.2490   22.2552
    0.0000   -7.5000  -30.000011344.5156   22.2147
    7.5000   -7.5000  -30.000010644.3057   22.2365
   -7.5000    0.0000  -30.000011880.1777   22.2819
    0.0000    0.0000  -30.000012274.8066   22.2404
    7.5000    0.0000  -30.000011512.4590   22.2543
   -7.5000    7.5000  -30.000011842.2432   22.3088
    0.0000    7.5000  -30.000012242.5010   22.2689
    7.5000    7.5000  -30.000011473.3682   22.2772
   -7.5000   15.0000  -30.000011686.0137   22.3083
    0.0000   15.0000  -30.000012066.7314   22.2702
    7.5000   15.0000  -30.000011304.8096   22.2813
   -7.5000   22.5000  -30.000011468.7383   22.2727
    0.0000   22.5000  -30.000011823.5000   22.2352
    7.5000   22.5000  -30.000011095.7334   22.2548
   -7.5000   30.0000  -30.000011165.7852   21.9574
    0.0000   30.0000  -30.000011503.7031   21.9197
    7.5000   30.0000  -30.000010784.6982   21.9440
   -7.5000   37.5000  -30.000011084.6484   21.9607
    0.0000   37.5000  -30.000011397.2139   21.9208
    7.5000   37.5000  -30.000010676.3936   21.9423
   -7.5000   45.0000  -30.000010639.4912   21.4425
    0.0000   45.0000  -30.000010916.2500   21.4025
    7.5000   45.0000  -30.000010218.9580   21.4159
   -7.5000  -45.0000  -22.5000 6906.8276   24.3652
    0.0000  -45.0000  -22.5000 7144.8657   24.3300
    7.5000  -45.0000  -22.5000 6765.8057   24.3313
   -7.5000  -37.5000  -22.5000 7537.6567   23.5868
    0.0000  -37.5000  -22.5000 7808.1641   23.5535
    7.5000  -37.5000  -22.5000 7378.1694   23.5497
   -7.5000  -30.0000  -22.5000 8572.6914   23.1888
    0.0000  -30.0000  -22.5000 8874.0469   23.1550
    7.5000  -30.0000  -22.5000 8368.1582   23.1570
   -7.5000  -22.5000  -22.5000 9694.4580   23.0752
    0.0000  -22.5000  -22.500010028.7451   23.0400
    7.5000  -22.5000  -22.5000 9423.7148   23.0527
   -7.5000  -15.0000  -22.500010801.3828   23.0288
    0.0000  -15.0000  -22.500011161.4580   22.9918
    7.5000  -15.0000  -22.500010470.8096   23.0087
   -7.5000   -7.5000  -22.500011905.0381   23.0152
    0.0000   -7.5000  -22.500012307.3047   22.9780
    7.5000   -7.5000  -22.500011513.1621   22.9883
   -7.5000    0.0000  -22.500012870.1611   23.0422
    0.0000    0.0000  -22.500013318.3643   23.0069
    7.5000    0.0000  -22.500012452.9238   23.0073
   -7.5000    7.5000  -22.500012826.8975   23.0890
    0.0000    7.5000  -22.500013264.9590   23.0555
    7.5000    7.5000  -22.500012396.8975   23.0518
   -7.5000   15.0000  -22.500012700.2998   23.1071
    0.0000   15.0000  -22.500013115.2275   23.0734
    7.5000   15.0000  -22.500012241.4521   23.0756
   -7.5000   22.5000  -22.500012469.5557   23.0668
    0.0000   22.5000  -22.500012882.7139   23.0316
    7.5000   22.5000  -22.500012019.3945   23.0442
   -7.5000   30.0000  -22.500012140.6699   22.7276
    0.0000   30.0000  -22.500012521.6328   22.6911
    7.5000   30.0000  -22.500011652.2559   22.7077
   -7.5000   37.5000  -22.500011988.4043   22.7141
    0.0000   37.5000  -22.500012362.1230   22.6774
    7.5000   37.5000  -22.500011504.5459   22.6876
   -7.5000   45.0000  -22.500011476.5049   22.1908
    0.0000   45.0000  -22.500011822.2305   22.1568
    7.5000   45.0000  -22.500011025.4004   22.1572
   -7.5000  -45.0000  -15.0000 7455.3442   24.9318
    0.0000  -45.0000  -15.0000 7742.4106   24.9170
    7.5000  -45.0000  -15.0000 7293.3706   24.9276
   -7.5000  -37.5000  -15.0000 8148.0576   24.1366
    0.0000  -37.5000  -15.0000 8443.1914   24.1217
    7.5000  -37.5000  -15.0000 7960.7524   24.1300
   -7.5000  -30.0000  -15.0000 9288.3076   23.7422
    0.0000  -30.0000  -15.0000 9600.6963   23.7218
    7.5000  -30.0000  -15.0000 9025.2344   23.7350
   -7.5000  -22.5000  -15.000010468.9053   23.6403
    0.0000  -22.5000  -15.000010824.1914   23.6134
    7.5000  -22.5000  -15.000010159.9414   23.6337
   -7.5000  -15.0000  -15.000011640.2803   23.5951
    0.0000  -15.0000  -15.000012062.3555   23.5658
    7.5000  -15.0000  -15.000011302.3887   23.5872
   -7.5000   -7.5000  -15.000012827.9541   23.5670
    0.0000   -7.5000  -15.000013284.2451   23.5423
    7.5000   -7.5000  -15.000012438.2520   23.5576
   -7.5000    0.0000  -15.000013859.7256   23.5801
    0.0000    0.0000  -15.000014371.9844   23.5624
    7.5000    0.0000  -15.000013439.8018   23.5709
   -7.5000    7.5000  -15.000013818.1318   23.6277
    0.0000    7.5000  -15.000014295.5273   23.6118
    7.5000    7.5000  -15.000013375.3760   23.6194
   -7.5000   15.0000  -15.000013680.3154   23.6584
    0.0000   15.0000  -15.000014156.5088   23.6380
    7.5000   15.0000  -15.000013197.8750   23.6513
   -7.5000   22.5000  -15.000013451.1758   23.6306
    0.0000   22.5000  -15.000013921.1240   23.6037
    7.5000   22.5000  -15.000012942.3506   23.6240
   -7.5000   30.0000  -15.000013061.5527   23.2897
    0.0000   30.0000  -15.000013553.6230   23.2608
    7.5000   30.0000  -15.000012554.5645   23.2819
   -7.5000   37.5000  -15.000012891.4873   23.2620
    0.0000   37.5000  -15.000013361.7422   23.2377
    7.5000   37.5000  -15.000012396.3633   23.2527
   -7.5000   45.0000  -15.000012299.7402   22.7225
    0.0000   45.0000  -15.000012715.1689   22.7055
    7.5000   45.0000  -15.000011791.8252   22.7136
   -7.5000  -45.0000   -7.5000 8036.6699   25.2071
    0.0000  -45.0000   -7.5000 8334.9893   25.2058
    7.5000  -45.0000   -7.5000 7861.0391   25.2461
   -7.5000  -37.5000   -7.5000 8793.0596   24.3804
    0.0000  -37.5000   -7.5000 9083.6416   24.3771
    7.5000  -37.5000   -7.5000 8585.1318   24.4139
   -7.5000  -30.0000   -7.5000 9999.9941   23.9774
    0.0000  -30.0000   -7.500010323.5215   23.9643
    7.5000  -30.0000   -7.5000 9747.7324   24.0004
   -7.5000  -22.5000   -7.500011279.8408   23.8966
    0.0000  -22.5000   -7.500011662.2471   23.8737
    7.5000  -22.5000   -7.500011002.0635   23.9104
   -7.5000  -15.0000   -7.500012540.4570   23.8751
    0.0000  -15.0000   -7.500012981.1084   23.8509
    7.5000  -15.0000   -7.500012209.9482   23.8876
   -7.5000   -7.5000   -7.500013812.1846   23.8480
    0.0000   -7.5000   -7.500014296.2422   23.8327
    7.5000   -7.5000   -7.500013437.8857   23.8689
   -7.5000    0.0000   -7.500014883.5742   23.8422
    0.0000    0.0000   -7.500015462.6621   23.8368
    7.5000    0.0000   -7.500014553.2568   23.8721
   -7.5000    7.5000   -7.500014833.0713   23.8673
    0.0000    7.5000   -7.500015386.4814   23.8627
    7.5000    7.5000   -7.500014478.8555   23.8976
   -7.5000   15.0000   -7.500014658.4385   23.8931
    0.0000   15.0000   -7.500015210.3936   23.8800
    7.5000   15.0000   -7.500014244.6836   23.9158
   -7.5000   22.5000   -7.500014408.1123   23.8841
    0.0000   22.5000   -7.500014950.7969   23.8613
    7.5000   22.5000   -7.500013936.6982   23.8979
   -7.5000   30.0000   -7.500013981.0225   23.5655
    0.0000   30.0000   -7.500014503.4502   23.5416
    7.5000   30.0000   -7.500013511.6367   23.5778
   -7.5000   37.5000   -7.500013794.7021   23.5387
    0.0000   37.5000   -7.500014345.5518   23.5236
    7.5000   37.5000   -7.500013341.8291   23.5594
   -7.5000   45.0000   -7.500013095.9473   22.9794
    0.0000   45.0000   -7.500013586.3486   22.9742
    7.5000   45.0000   -7.500012624.8545   23.0082
   -7.5000  -45.0000    0.0000 8559.6641   25.2645
    0.0000  -45.0000    0.0000 8841.7373   25.2564
    7.5000  -45.0000    0.0000 8389.0352   25.3164
   -7.5000  -37.5000    0.0000 9363.0039   24.4133
    0.0000  -37.5000    0.0000 9645.2207   24.4035
    7.5000  -37.5000    0.0000 9145.1396   24.4572
   -7.5000  -30.0000    0.000010632.4746   23.9926
    0.0000  -30.0000    0.000010984.2178   23.9747
    7.5000  -30.0000    0.000010406.2549   24.0227
   -7.5000  -22.5000    0.000011991.3135   23.9181
    0.0000  -22.5000    0.000012414.0039   23.8924
    7.5000  -22.5000    0.000011754.6562   23.9376
   -7.5000  -15.0000    0.000013321.7852   23.9170
    0.0000  -15.0000    0.000013791.3984   23.8913
    7.5000  -15.0000    0.000013066.6133   23.9373
   -7.5000   -7.5000    0.000014687.1191   23.9051
    0.0000   -7.5000    0.000015201.8887   23.8869
    7.5000   -7.5000    0.000014400.0801   23.9377
   -7.5000    0.0000    0.000015866.9941   23.8963
    0.0000    0.0000    0.000016459.2051   23.8853
    7.5000    0.0000    0.000015604.9619   23.9386
   -7.5000    7.5000    0.000015783.3623   23.8999
    0.0000    7.5000    0.000016415.6094   23.8892
    7.5000    7.5000    0.000015528.1074   23.9405
   -7.5000   15.0000    0.000015515.3564   23.9086
    0.0000   15.0000    0.000016116.1562   23.8906
    7.5000   15.0000    0.000015242.2373   23.9384
   -7.5000   22.5000    0.000015145.5127   23.9057
    0.0000   22.5000    0.000015716.0459   23.8800
    7.5000   22.5000    0.000014874.8184   23.9252
   -7.5000   30.0000    0.000014718.3193   23.6075
    0.0000   30.0000    0.000015251.9453   23.5821
    7.5000   30.0000    0.000014412.7354   23.6275
   -7.5000   37.5000    0.000014525.1719   23.5958
    0.0000   37.5000    0.000015109.4893   23.5778
    7.5000   37.5000    0.000014238.2217   23.6279
   -7.5000   45.0000    0.000013735.6621   23.0332
    0.0000   45.0000    0.000014282.5801   23.0227
    7.5000   45.0000    0.000013400.9414   23.0741
   -7.5000  -45.0000    7.5000 8406.6123   25.2888
    0.0000  -45.0000    7.5000 8678.7402   25.2573
    7.5000  -45.0000    7.5000 8235.5010   25.3035
   -7.5000  -37.5000    7.5000 9207.3457   24.4388
    0.0000  -37.5000    7.5000 9500.4502   24.4085
    7.5000  -37.5000    7.5000 9023.4053   24.4468
   -7.5000  -30.0000    7.500010444.5303   24.0028
    0.0000  -30.0000    7.500010781.5381   23.9712
    7.5000  -30.0000    7.500010247.2617   24.0064
   -7.5000  -22.5000    7.500011745.4756   23.9084
    0.0000  -22.5000    7.500012151.9961   23.8746
    7.5000  -22.5000    7.500011554.1299   23.9116
   -7.5000  -15.0000    7.500013050.3174   23.9016
    0.0000  -15.0000    7.500013500.7100   23.8678
    7.5000  -15.0000    7.500012848.1787   23.9077
   -7.5000   -7.5000    7.500014441.5166   23.9064
    0.0000   -7.5000    7.500014927.2334   23.8736
    7.5000   -7.5000    7.500014213.5947   23.9162
   -7.5000    0.0000    7.500015704.9180   23.9171
    0.0000    0.0000    7.500016258.9678   23.8857
    7.5000    0.0000    7.500015445.6289   23.9267
   -7.5000    7.5000    7.500015542.4736   23.9242
    0.0000    7.5000    7.500016094.3789   23.8939
    7.5000    7.5000    7.500015350.2930   23.9305
   -7.5000   15.0000    7.500015046.9590   23.9188
    0.0000   15.0000    7.500015558.1934   23.8873
    7.5000   15.0000    7.500015016.6357   23.9223
   -7.5000   22.5000    7.500014661.9775   23.8960
    0.0000   22.5000    7.500015126.5059   23.8623
    7.5000   22.5000    7.500014635.1758   23.8992
   -7.5000   30.0000    7.500014327.9131   23.5923
    0.0000   30.0000    7.500014794.4912   23.5589
    7.5000   30.0000    7.500014233.0527   23.5983
   -7.5000   37.5000    7.500014137.1748   23.5970
    0.0000   37.5000    7.500014692.4980   23.5646
    7.5000   37.5000    7.500014040.6367   23.6067
   -7.5000   45.0000    7.500013321.6074   23.0533
    0.0000   45.0000    7.500013847.8359   23.0231
    7.5000   45.0000    7.500013160.3828   23.0626
   -7.5000  -45.0000   15.0000 8148.3096   25.3013
    0.0000  -45.0000   15.0000 8407.5371   25.2551
    7.5000  -45.0000   15.0000 7987.9678   25.2723
   -7.5000  -37.5000   15.0000 8939.7998   24.4722
    0.0000  -37.5000   15.0000 9251.4785   24.4290
    7.5000  -37.5000   15.0000 8757.0850   24.4382
   -7.5000  -30.0000   15.000010117.8936   24.0398
    0.0000  -30.0000   15.000010485.8564   23.9988
    7.5000  -30.0000   15.0000 9950.2129   24.0105
   -7.5000  -22.5000   15.000011355.3008   23.9243
    0.0000  -22.5000   15.000011757.0137   23.8841
    7.5000  -22.5000   15.000011201.8887   23.9051
   -7.5000  -15.0000   15.000012607.0674   23.8948
    0.0000  -15.0000   15.000013017.5752   23.8538
    7.5000  -15.0000   15.000012424.8066   23.8802
   -7.5000   -7.5000   15.000014025.0039   23.8984
    0.0000   -7.5000   15.000014463.9365   23.8550
    7.5000   -7.5000   15.000013763.8389   23.8784
   -7.5000    0.0000   15.000015334.0117   23.9271
    0.0000    0.0000   15.000015803.3311   23.8825
    7.5000    0.0000   15.000014990.2695   23.8975
   -7.5000    7.5000   15.000014965.1787   23.9560
    0.0000    7.5000   15.000015425.1025   23.9132
    7.5000    7.5000   15.000014860.3916   23.9220
   -7.5000   15.0000   15.000014326.3730   23.9554
    0.0000   15.0000   15.000014815.7100   23.9145
    7.5000   15.0000   15.000014482.1895   23.9265
   -7.5000   22.5000   15.000014013.7910   23.9119
    0.0000   22.5000   15.000014516.3838   23.8717
    7.5000   22.5000   15.000014125.3604   23.8927
   -7.5000   30.0000   15.000013775.8555   23.5856
    0.0000   30.0000   15.000014299.7715   23.5451
    7.5000   30.0000   15.000013774.4980   23.5712
   -7.5000   37.5000   15.000013664.8408   23.5891
    0.0000   37.5000   15.000014207.7998   23.5462
    7.5000   37.5000   15.000013582.9424   23.5694
   -7.5000   45.0000   15.000012857.9219   23.0630
    0.0000   45.0000   15.000013328.6074   23.0200
    7.5000   45.0000   15.000012684.1025   23.0344
   -7.5000  -45.0000   22.5000 7797.8335   25.2930
    0.0000  -45.0000   22.5000 8050.3438   25.2565
    7.5000  -45.0000   22.5000 7640.4751   25.2579
   -7.5000  -37.5000   22.5000 8588.8252   24.4850
    0.0000  -37.5000   22.5000 8870.4131   24.4505
    7.5000  -37.5000   22.5000 8394.2139   24.4465
   -7.5000  -30.0000   22.5000 9725.4277   24.0718
    0.0000  -30.0000   22.500010066.7432   24.0368
    7.5000  -30.0000   22.5000 9555.1445   24.0388
   -7.5000  -22.5000   22.500010878.1836   23.9539
    0.0000  -22.5000   22.500011274.3877   23.9174
    7.5000  -22.5000   22.500010728.0479   23.9305
   -7.5000  -15.0000   22.500012032.6260   23.9057
    0.0000  -15.0000   22.500012446.9600   23.8674
    7.5000  -15.0000   22.500011887.4229   23.8848
   -7.5000   -7.5000   22.500013336.7646   23.8916
    0.0000   -7.5000   22.500013801.4541   23.8530
    7.5000   -7.5000   22.500013117.5576   23.8637
   -7.5000    0.0000   22.500014593.4316   23.9197
    0.0000    0.0000   22.500015045.8467   23.8830
    7.5000    0.0000   22.500014243.4717   23.8834
   -7.5000    7.5000   22.500014421.4609   23.9682
    0.0000    7.5000   22.500014892.4678   23.9335
    7.5000    7.5000   22.500014151.3379   23.9297
   -7.5000   15.0000   22.500013964.5547   23.9870
    0.0000   15.0000   22.500014468.3672   23.9520
    7.5000   15.0000   22.500013877.0625   23.9543
   -7.5000   22.5000   22.500013709.6631   23.9415
    0.0000   22.5000   22.500014179.6963   23.9050
    7.5000   22.5000   22.500013576.9463   23.9181
   -7.5000   30.0000   22.500013389.8193   23.5964
    0.0000   30.0000   22.500013840.4854   23.5585
    7.5000   30.0000   22.500013201.8564   23.5757
   -7.5000   37.5000   22.500013237.1025   23.5824
    0.0000   37.5000   22.500013695.5078   23.5443
    7.5000   37.5000   22.500013041.2783   23.5549
   -7.5000   45.0000   22.500012346.5410   23.0558
    0.0000   45.0000   22.500012777.4697   23.0205
    7.5000   45.0000   22.500012149.9102   23.0209
   -7.5000  -45.0000   30.0000 7337.5854   25.2740
    0.0000  -45.0000   30.0000 7604.3247   25.2589
    7.5000  -45.0000   30.0000 7198.6343   25.2697
   -7.5000  -37.5000   30.0000 8080.6909   24.4679
    0.0000  -37.5000   30.0000 8382.8906   24.4528
    7.5000  -37.5000   30.0000 7913.5073   24.4612
   -7.5000  -30.0000   30.0000 9165.3672   24.0680
    0.0000  -30.0000   30.0000 9511.5771   24.0473
    7.5000  -30.0000   30.0000 9013.2471   24.0608
   -7.5000  -22.5000   30.000010287.1074   23.9648
    0.0000  -22.5000   30.000010653.5615   23.9375
    7.5000  -22.5000   30.000010128.4229   23.9581
   -7.5000  -15.0000   30.000011416.9414   23.9189
    0.0000  -15.0000   30.000011819.5293   23.8892
    7.5000  -15.0000   30.000011245.5742   23.9109
   -7.5000   -7.5000   30.000012635.4277   23.8905
    0.0000   -7.5000   30.000013084.7686   23.8654
    7.5000   -7.5000   30.000012408.4443   23.8809
   -7.5000    0.0000   30.000013819.3174   23.9037
    0.0000    0.0000   30.000014213.8184   23.8858
    7.5000    0.0000   30.000013440.3242   23.8943
   -7.5000    7.5000   30.000013768.9561   23.9519
    0.0000    7.5000   30.000014122.3809   23.9358
    7.5000    7.5000   30.000013385.6113   23.9436
   -7.5000   15.0000   30.000013502.9033   23.9831
    0.0000   15.0000   30.000013852.9434   23.9624
    7.5000   15.0000   30.000013125.0244   23.9759
   -7.5000   22.5000   30.000013213.2275   23.9523
    0.0000   22.5000   30.000013563.0391   23.9250
    7.5000   22.5000   30.000012851.5781   23.9456
   -7.5000   30.0000   30.000012797.0371   23.6093
    0.0000   30.0000   30.000013157.8799   23.5800
    7.5000   30.0000   30.000012495.1963   23.6014
   -7.5000   37.5000   30.000012595.6621   23.5813
    0.0000   37.5000   30.000013018.9502   23.5566
    7.5000   37.5000   30.000012359.7051   23.5718
   -7.5000   45.0000   30.000011709.7881   23.0404
    0.0000   45.0000   30.000012115.5293   23.0231
    7.5000   45.0000   30.000011527.0225   23.0314
   -7.5000  -45.0000   37.5000 7091.8672   25.3014
    0.0000  -45.0000   37.5000 7373.1597   25.3003
    7.5000  -45.0000   37.5000 7008.4282   25.3409
   -7.5000  -37.5000   37.5000 7807.1016   24.4708
    0.0000  -37.5000   37.5000 8110.0688   24.4677
    7.5000  -37.5000   37.5000 7696.0176   24.5048
   -7.5000  -30.0000   37.5000 8894.7754   24.0660
    0.0000  -30.0000   37.5000 9231.7402   24.0531
    7.5000  -30.0000   37.5000 8751.5742   24.0894
   -7.5000  -22.5000   37.500010032.6885   23.9852
    0.0000  -22.5000   37.500010412.5977   23.9624
    7.5000  -22.5000   37.5000 9836.7061   23.9993
   -7.5000  -15.0000   37.500011184.5137   23.9640
    0.0000  -15.0000   37.500011603.7197   23.9399
    7.5000  -15.0000   37.500010921.2344   23.9769
   -7.5000   -7.5000   37.500012371.4316   23.9369
    0.0000   -7.5000   37.500012840.5303   23.9217
    7.5000   -7.5000   37.500012028.2656   23.9583
   -7.5000    0.0000   37.500013430.4180   23.9309
    0.0000    0.0000   37.500013873.5703   23.9257
    7.5000    0.0000   37.500013030.8691   23.9613
   -7.5000    7.5000   37.500013309.2266   23.9558
    0.0000    7.5000   37.500013746.6777   23.9513
    7.5000    7.5000   37.500012967.9268   23.9865
   -7.5000   15.0000   37.500013036.1777   23.9815
    0.0000   15.0000   37.500013486.2080   23.9685
    7.5000   15.0000   37.500012729.3965   24.0046
   -7.5000   22.5000   37.500012766.0566   23.9728
    0.0000   22.5000   37.500013213.1865   23.9500
    7.5000   22.5000   37.500012468.9502   23.9869
   -7.5000   30.0000   37.500012402.5645   23.6539
    0.0000   30.0000   37.500012840.2686   23.6301
    7.5000   30.0000   37.500012122.5059   23.6666
   -7.5000   37.5000   37.500012249.6719   23.6271
    0.0000   37.5000   37.500012714.1807   23.6122
    7.5000   37.5000   37.500012009.3428   23.6483
   -7.5000   45.0000   37.500011433.2900   23.0666
    0.0000   45.0000   37.500011861.9355   23.0616
    7.5000   45.0000   37.500011230.4248   23.0959
   -7.5000  -45.0000   45.0000 6516.3950   25.3437
    0.0000  -45.0000   45.0000 6792.5903   25.3341
    7.5000  -45.0000   45.0000 6427.9072   25.3943
   -7.5000  -37.5000   45.0000 7184.8296   24.4838
    0.0000  -37.5000   45.0000 7478.0913   24.4728
    7.5000  -37.5000   45.0000 7056.6499   24.5268
   -7.5000  -30.0000   45.0000 8191.9253   24.0591
    0.0000  -30.0000   45.0000 8533.2803   24.0402
    7.5000  -30.0000   45.0000 8028.9941   24.0885
   -7.5000  -22.5000   45.0000 9273.2217   23.9853
    0.0000  -22.5000   45.0000 9660.9443   23.9586
    7.5000  -22.5000   45.0000 9075.0430   24.0040
   -7.5000  -15.0000   45.000010313.4707   23.9852
    0.0000  -15.0000   45.000010737.1553   23.9584
    7.5000  -15.0000   45.000010087.0234   24.0046
   -7.5000   -7.5000   45.000011371.9082   23.9741
    0.0000   -7.5000   45.000011842.6553   23.9547
    7.5000   -7.5000   45.000011106.3643   24.0057
   -7.5000    0.0000   45.000012299.6572   23.9650
    0.0000    0.0000   45.000012751.0957   23.9528
    7.5000    0.0000   45.000012003.5791   24.0064
   -7.5000    7.5000   45.000012203.1924   23.9676
    0.0000    7.5000   45.000012626.1865   23.9559
    7.5000    7.5000   45.000011951.0127   24.0074
   -7.5000   15.0000   45.000011955.8359   23.9756
    0.0000   15.0000   45.000012380.0391   23.9566
    7.5000   15.0000   45.000011725.5977   24.0047
   -7.5000   22.5000   45.000011687.2754   23.9728
    0.0000   22.5000   45.000012105.1738   23.9461
    7.5000   22.5000   45.000011474.8105   23.9915
   -7.5000   30.0000   45.000011383.2119   23.6727
    0.0000   30.0000   45.000011782.3770   23.6462
    7.5000   30.0000   45.000011187.8135   23.6919
   -7.5000   37.5000   45.000011293.2910   23.6618
    0.0000   37.5000   45.000011713.0400   23.6427
    7.5000   37.5000   45.000011113.8682   23.6929
   -7.5000   45.0000   45.000010584.8604   23.1100
    0.0000   45.0000   45.000010966.3643   23.0983
    7.5000   45.0000   45.000010408.8242   23.1499

---------------------------------------------------------------------
imgreg_4dfp /opt/freesurfer/average/711-2C_as_mni_average_305 /opt/freesurfer/average/711-2B_as_mni_average_305_mask talsrcimg_g11 none talsrcimg_to_711-2C_as_mni_average_305_t4 4355
---------------------------------------------------------------------

freesurfer imgreg_4dfp.c
/opt/freesurfer/average/711-2C_as_mni_average_305.4dfp.img
       256       256       256         1
  1.000000  1.000000  1.000000
orientation T byte_order littleendian
Reading image: /opt/freesurfer/average/711-2C_as_mni_average_305.4dfp.img
dimensions:      256       256       256
mmppix:       1.0000   -1.0000   -1.0000
center:     128.0000 -129.0000 -129.0000
/opt/freesurfer/average/711-2B_as_mni_average_305_mask.4dfp.img
       256       256       256         1
  1.000000  1.000000  1.000000
orientation T byte_order littleendian
Reading mask: /opt/freesurfer/average/711-2B_as_mni_average_305_mask.4dfp.img (2306576 pixels)
talsrcimg_g11.4dfp.img
       256       256       256         1
  1.000000  1.000000  1.000000
orientation T byte_order littleendian
Reading image: talsrcimg_g11.4dfp.img
dimensions:      256       256       256
mmppix:       1.0000   -1.0000   -1.0000
center:     128.0000 -129.0000 -129.0000
rotation matrix determinant  1.000000
image alignment mode   4355 decimal     1103 hex
   -7.5000  -45.0000  -45.0000 1655.1267   40.0450
    0.0000  -45.0000  -45.0000 1639.3683   40.1766
    7.5000  -45.0000  -45.0000 1617.9490   41.3096
   -7.5000  -37.5000  -45.0000 1776.2284   34.8992
    0.0000  -37.5000  -45.0000 1768.1600   35.1365
    7.5000  -37.5000  -45.0000 1746.2985   36.0379
   -7.5000  -30.0000  -45.0000 1887.2025   31.0716
    0.0000  -30.0000  -45.0000 1880.5569   31.2943
    7.5000  -30.0000  -45.0000 1859.5872   32.0583
   -7.5000  -22.5000  -45.0000 1982.2802   28.0420
    0.0000  -22.5000  -45.0000 1973.7626   28.2652
    7.5000  -22.5000  -45.0000 1951.1094   28.9767
   -7.5000  -15.0000  -45.0000 2067.2480   25.7519
    0.0000  -15.0000  -45.0000 2056.2488   25.9538
    7.5000  -15.0000  -45.0000 2026.1805   26.5209
   -7.5000   -7.5000  -45.0000 2135.2397   24.0385
    0.0000   -7.5000  -45.0000 2124.1855   24.2426
    7.5000   -7.5000  -45.0000 2088.4961   24.7411
   -7.5000    0.0000  -45.0000 2166.2612   22.8095
    0.0000    0.0000  -45.0000 2152.2908   23.0227
    7.5000    0.0000  -45.0000 2114.1001   23.5189
   -7.5000    7.5000  -45.0000 2179.2227   22.1529
    0.0000    7.5000  -45.0000 2170.7441   22.3580
    7.5000    7.5000  -45.0000 2128.9612   22.8437
   -7.5000   15.0000  -45.0000 2170.8801   21.8578
    0.0000   15.0000  -45.0000 2160.6528   22.0361
    7.5000   15.0000  -45.0000 2128.4221   22.5959
   -7.5000   22.5000  -45.0000 2163.3450   22.0193
    0.0000   22.5000  -45.0000 2152.2856   22.1952
    7.5000   22.5000  -45.0000 2113.4534   22.8061
   -7.5000   30.0000  -45.0000 2139.9336   22.6271
    0.0000   30.0000  -45.0000 2126.8584   22.7937
    7.5000   30.0000  -45.0000 2086.1792   23.3999
   -7.5000   37.5000  -45.0000 2100.4060   23.4742
    0.0000   37.5000  -45.0000 2091.1067   23.5925
    7.5000   37.5000  -45.0000 2054.9685   24.2299
   -7.5000   45.0000  -45.0000 2052.7278   24.6258
    0.0000   45.0000  -45.0000 2039.3434   24.7623
    7.5000   45.0000  -45.0000 2003.8344   25.3913
   -7.5000  -45.0000  -37.5000 1730.4691   36.8517
    0.0000  -45.0000  -37.5000 1716.5421   37.0693
    7.5000  -45.0000  -37.5000 1691.2745   37.9512
   -7.5000  -37.5000  -37.5000 1854.5908   32.0538
    0.0000  -37.5000  -37.5000 1841.7380   32.3213
    7.5000  -37.5000  -37.5000 1817.6687   33.1325
   -7.5000  -30.0000  -37.5000 1969.2560   28.5194
    0.0000  -30.0000  -37.5000 1957.1239   28.7220
    7.5000  -30.0000  -37.5000 1929.0066   29.4547
   -7.5000  -22.5000  -37.5000 2076.1504   25.8727
    0.0000  -22.5000  -37.5000 2061.6208   26.0441
    7.5000  -22.5000  -37.5000 2025.4706   26.5509
   -7.5000  -15.0000  -37.5000 2164.8037   23.7676
    0.0000  -15.0000  -37.5000 2151.2126   23.9343
    7.5000  -15.0000  -37.5000 2115.4883   24.3203
   -7.5000   -7.5000  -37.5000 2233.8330   22.1473
    0.0000   -7.5000  -37.5000 2223.4001   22.2931
    7.5000   -7.5000  -37.5000 2185.3206   22.6771
   -7.5000    0.0000  -37.5000 2260.9155   21.0829
    0.0000    0.0000  -37.5000 2248.8694   21.1856
    7.5000    0.0000  -37.5000 2216.3555   21.5442
   -7.5000    7.5000  -37.5000 2276.2988   20.4099
    0.0000    7.5000  -37.5000 2265.8394   20.5690
    7.5000    7.5000  -37.5000 2233.6606   20.9792
   -7.5000   15.0000  -37.5000 2275.4678   20.1693
    0.0000   15.0000  -37.5000 2269.6404   20.2931
    7.5000   15.0000  -37.5000 2234.6116   20.7300
   -7.5000   22.5000  -37.5000 2266.8950   20.1943
    0.0000   22.5000  -37.5000 2256.2937   20.3199
    7.5000   22.5000  -37.5000 2222.9487   20.7442
   -7.5000   30.0000  -37.5000 2245.4290   20.5836
    0.0000   30.0000  -37.5000 2228.1118   20.6697
    7.5000   30.0000  -37.5000 2192.1672   21.1425
   -7.5000   37.5000  -37.5000 2207.8467   21.3080
    0.0000   37.5000  -37.5000 2195.0452   21.3978
    7.5000   37.5000  -37.5000 2153.7261   21.8822
   -7.5000   45.0000  -37.5000 2160.4983   22.4007
    0.0000   45.0000  -37.5000 2144.4277   22.4958
    7.5000   45.0000  -37.5000 2102.1819   23.0167
   -7.5000  -45.0000  -30.0000 1820.9832   35.1942
    0.0000  -45.0000  -30.0000 1809.5857   35.4980
    7.5000  -45.0000  -30.0000 1781.4056   36.3532
   -7.5000  -37.5000  -30.0000 1950.1537   30.6445
    0.0000  -37.5000  -30.0000 1943.7679   31.0089
    7.5000  -37.5000  -30.0000 1915.7472   31.6733
   -7.5000  -30.0000  -30.0000 2081.1516   27.2655
    0.0000  -30.0000  -30.0000 2070.1472   27.5223
    7.5000  -30.0000  -30.0000 2036.3773   27.9944
   -7.5000  -22.5000  -30.0000 2205.1682   24.7080
    0.0000  -22.5000  -30.0000 2190.8262   24.9098
    7.5000  -22.5000  -30.0000 2149.4089   25.2485
   -7.5000  -15.0000  -30.0000 2299.1101   22.6749
    0.0000  -15.0000  -30.0000 2283.6328   22.7972
    7.5000  -15.0000  -30.0000 2240.6201   23.1312
   -7.5000   -7.5000  -30.0000 2372.3245   21.0883
    0.0000   -7.5000  -30.0000 2358.2368   21.1799
    7.5000   -7.5000  -30.0000 2308.1638   21.4864
   -7.5000    0.0000  -30.0000 2399.2844   20.0143
    0.0000    0.0000  -30.0000 2387.2278   20.0987
    7.5000    0.0000  -30.0000 2343.3198   20.3912
   -7.5000    7.5000  -30.0000 2421.3523   19.3684
    0.0000    7.5000  -30.0000 2411.3022   19.4059
    7.5000    7.5000  -30.0000 2369.6106   19.7722
   -7.5000   15.0000  -30.0000 2428.7639   19.1221
    0.0000   15.0000  -30.0000 2423.1294   19.1651
    7.5000   15.0000  -30.0000 2377.4910   19.5061
   -7.5000   22.5000  -30.0000 2420.0823   19.1366
    0.0000   22.5000  -30.0000 2409.3777   19.1915
    7.5000   22.5000  -30.0000 2368.9644   19.5374
   -7.5000   30.0000  -30.0000 2399.9619   19.4714
    0.0000   30.0000  -30.0000 2384.6101   19.5147
    7.5000   30.0000  -30.0000 2344.8254   19.9324
   -7.5000   37.5000  -30.0000 2361.9846   20.0990
    0.0000   37.5000  -30.0000 2348.2881   20.1591
    7.5000   37.5000  -30.0000 2306.5950   20.6229
   -7.5000   45.0000  -30.0000 2304.5464   21.1596
    0.0000   45.0000  -30.0000 2290.2620   21.1844
    7.5000   45.0000  -30.0000 2248.5107   21.6970
   -7.5000  -45.0000  -22.5000 1890.3468   33.4503
    0.0000  -45.0000  -22.5000 1885.2007   33.7598
    7.5000  -45.0000  -22.5000 1860.5289   34.4444
   -7.5000  -37.5000  -22.5000 2030.8414   29.0934
    0.0000  -37.5000  -22.5000 2021.1591   29.4169
    7.5000  -37.5000  -22.5000 1991.1678   29.9054
   -7.5000  -30.0000  -22.5000 2169.8638   25.8857
    0.0000  -30.0000  -22.5000 2159.2688   26.1646
    7.5000  -30.0000  -22.5000 2122.9790   26.5548
   -7.5000  -22.5000  -22.5000 2301.9312   23.4038
    0.0000  -22.5000  -22.5000 2287.1528   23.6105
    7.5000  -22.5000  -22.5000 2242.9070   23.9316
   -7.5000  -15.0000  -22.5000 2402.1326   21.3982
    0.0000  -15.0000  -22.5000 2385.6355   21.5554
    7.5000  -15.0000  -22.5000 2339.7837   21.8394
   -7.5000   -7.5000  -22.5000 2473.1938   19.8164
    0.0000   -7.5000  -22.5000 2460.7856   19.9322
    7.5000   -7.5000  -22.5000 2411.4670   20.2141
   -7.5000    0.0000  -22.5000 2513.4314   18.7437
    0.0000    0.0000  -22.5000 2501.3701   18.8168
    7.5000    0.0000  -22.5000 2457.7319   19.0939
   -7.5000    7.5000  -22.5000 2542.3242   18.1163
    0.0000    7.5000  -22.5000 2530.8708   18.1379
    7.5000    7.5000  -22.5000 2487.3655   18.4402
   -7.5000   15.0000  -22.5000 2570.2153   17.8996
    0.0000   15.0000  -22.5000 2558.3755   17.8913
    7.5000   15.0000  -22.5000 2509.0554   18.1820
   -7.5000   22.5000  -22.5000 2561.5212   17.9807
    0.0000   22.5000  -22.5000 2549.5532   17.9883
    7.5000   22.5000  -22.5000 2504.0508   18.2989
   -7.5000   30.0000  -22.5000 2540.1670   18.2898
    0.0000   30.0000  -22.5000 2525.3381   18.2802
    7.5000   30.0000  -22.5000 2479.5144   18.6507
   -7.5000   37.5000  -22.5000 2498.6382   18.8759
    0.0000   37.5000  -22.5000 2484.6917   18.8780
    7.5000   37.5000  -22.5000 2434.1155   19.2576
   -7.5000   45.0000  -22.5000 2437.1060   19.8481
    0.0000   45.0000  -22.5000 2426.7512   19.8798
    7.5000   45.0000  -22.5000 2376.6482   20.3015
   -7.5000  -45.0000  -15.0000 1934.8033   31.7778
    0.0000  -45.0000  -15.0000 1929.6500   32.1826
    7.5000  -45.0000  -15.0000 1902.5178   32.8609
   -7.5000  -37.5000  -15.0000 2077.6404   27.6629
    0.0000  -37.5000  -15.0000 2068.4727   27.9863
    7.5000  -37.5000  -15.0000 2040.6973   28.5175
   -7.5000  -30.0000  -15.0000 2227.6956   24.6405
    0.0000  -30.0000  -15.0000 2215.7786   24.8243
    7.5000  -30.0000  -15.0000 2175.9272   25.2522
   -7.5000  -22.5000  -15.0000 2362.0894   22.1705
    0.0000  -22.5000  -15.0000 2349.8093   22.3498
    7.5000  -22.5000  -15.0000 2302.4941   22.7236
   -7.5000  -15.0000  -15.0000 2466.8086   20.2386
    0.0000  -15.0000  -15.0000 2459.6873   20.3857
    7.5000  -15.0000  -15.0000 2407.5740   20.7303
   -7.5000   -7.5000  -15.0000 2547.3591   18.6433
    0.0000   -7.5000  -15.0000 2538.3467   18.7782
    7.5000   -7.5000  -15.0000 2491.0195   19.1161
   -7.5000    0.0000  -15.0000 2602.2859   17.5071
    0.0000    0.0000  -15.0000 2593.8926   17.6267
    7.5000    0.0000  -15.0000 2548.6409   17.9538
   -7.5000    7.5000  -15.0000 2642.1208   16.8690
    0.0000    7.5000  -15.0000 2630.3494   16.9449
    7.5000    7.5000  -15.0000 2590.1299   17.2847
   -7.5000   15.0000  -15.0000 2674.9319   16.6666
    0.0000   15.0000  -15.0000 2661.3914   16.6783
    7.5000   15.0000  -15.0000 2610.8440   16.9988
   -7.5000   22.5000  -15.0000 2670.2844   16.7872
    0.0000   22.5000  -15.0000 2657.7649   16.8000
    7.5000   22.5000  -15.0000 2606.7529   17.1019
   -7.5000   30.0000  -15.0000 2649.8840   17.1519
    0.0000   30.0000  -15.0000 2639.7458   17.1534
    7.5000   30.0000  -15.0000 2581.4546   17.4635
   -7.5000   37.5000  -15.0000 2609.9792   17.7027
    0.0000   37.5000  -15.0000 2600.4695   17.7068
    7.5000   37.5000  -15.0000 2542.0691   18.0709
   -7.5000   45.0000  -15.0000 2541.3794   18.5874
    0.0000   45.0000  -15.0000 2536.8198   18.6042
    7.5000   45.0000  -15.0000 2478.9500   19.0254
   -7.5000  -45.0000   -7.5000 1961.5164   30.4227
    0.0000  -45.0000   -7.5000 1955.0414   30.7527
    7.5000  -45.0000   -7.5000 1930.1410   31.5273
   -7.5000  -37.5000   -7.5000 2111.6201   26.4275
    0.0000  -37.5000   -7.5000 2101.8667   26.6021
    7.5000  -37.5000   -7.5000 2075.5837   27.3538
   -7.5000  -30.0000   -7.5000 2266.3442   23.4601
    0.0000  -30.0000   -7.5000 2252.0869   23.5580
    7.5000  -30.0000   -7.5000 2220.8567   24.2325
   -7.5000  -22.5000   -7.5000 2403.3289   21.0545
    0.0000  -22.5000   -7.5000 2390.0708   21.1842
    7.5000  -22.5000   -7.5000 2352.4741   21.7835
   -7.5000  -15.0000   -7.5000 2515.1775   19.1886
    0.0000  -15.0000   -7.5000 2506.0166   19.2980
    7.5000  -15.0000   -7.5000 2460.3298   19.7982
   -7.5000   -7.5000   -7.5000 2607.3564   17.7061
    0.0000   -7.5000   -7.5000 2600.6658   17.7891
    7.5000   -7.5000   -7.5000 2554.2571   18.2066
   -7.5000    0.0000   -7.5000 2668.5129   16.5166
    0.0000    0.0000   -7.5000 2670.4929   16.6183
    7.5000    0.0000   -7.5000 2629.4026   17.0330
   -7.5000    7.5000   -7.5000 2718.6260   15.8007
    0.0000    7.5000   -7.5000 2716.8379   15.8765
    7.5000    7.5000   -7.5000 2675.9270   16.2644
   -7.5000   15.0000   -7.5000 2753.8716   15.5437
    0.0000   15.0000   -7.5000 2748.2864   15.5914
    7.5000   15.0000   -7.5000 2702.2673   15.9565
   -7.5000   22.5000   -7.5000 2761.5388   15.6369
    0.0000   22.5000   -7.5000 2753.2512   15.6893
    7.5000   22.5000   -7.5000 2697.2468   15.9941
   -7.5000   30.0000   -7.5000 2739.2471   16.0003
    0.0000   30.0000   -7.5000 2732.1113   16.0231
    7.5000   30.0000   -7.5000 2672.8311   16.3330
   -7.5000   37.5000   -7.5000 2698.5513   16.6122
    0.0000   37.5000   -7.5000 2695.0732   16.6213
    7.5000   37.5000   -7.5000 2634.6001   16.9818
   -7.5000   45.0000   -7.5000 2624.2896   17.4839
    0.0000   45.0000   -7.5000 2623.6714   17.4899
    7.5000   45.0000   -7.5000 2570.2124   17.9024
   -7.5000  -45.0000    0.0000 1980.2406   29.5810
    0.0000  -45.0000    0.0000 1968.5100   29.7478
    7.5000  -45.0000    0.0000 1951.1260   30.8056
   -7.5000  -37.5000    0.0000 2134.5994   25.7110
    0.0000  -37.5000    0.0000 2118.1289   25.7003
    7.5000  -37.5000    0.0000 2098.4607   26.6090
   -7.5000  -30.0000    0.0000 2287.4807   22.7012
    0.0000  -30.0000    0.0000 2272.5547   22.6866
    7.5000  -30.0000    0.0000 2247.6787   23.4992
   -7.5000  -22.5000    0.0000 2423.8076   20.3641
    0.0000  -22.5000    0.0000 2414.7969   20.3828
    7.5000  -22.5000    0.0000 2383.0212   21.0957
   -7.5000  -15.0000    0.0000 2538.8997   18.4841
    0.0000  -15.0000    0.0000 2533.8818   18.5256
    7.5000  -15.0000    0.0000 2494.7783   19.1718
   -7.5000   -7.5000    0.0000 2642.3977   16.9687
    0.0000   -7.5000    0.0000 2638.3037   17.0237
    7.5000   -7.5000    0.0000 2600.0566   17.5875
   -7.5000    0.0000    0.0000 2725.0430   15.8372
    0.0000    0.0000    0.0000 2726.5403   15.8643
    7.5000    0.0000    0.0000 2687.3733   16.3886
   -7.5000    7.5000    0.0000 2786.0281   15.0278
    0.0000    7.5000    0.0000 2783.5928   15.0590
    7.5000    7.5000    0.0000 2740.2583   15.5465
   -7.5000   15.0000    0.0000 2826.2952   14.6484
    0.0000   15.0000    0.0000 2819.9258   14.7083
    7.5000   15.0000    0.0000 2776.6836   15.1703
   -7.5000   22.5000    0.0000 2834.4490   14.7129
    0.0000   22.5000    0.0000 2832.3564   14.7593
    7.5000   22.5000    0.0000 2779.5930   15.1746
   -7.5000   30.0000    0.0000 2816.9734   15.0726
    0.0000   30.0000    0.0000 2813.8809   15.0650
    7.5000   30.0000    0.0000 2757.2568   15.4695
   -7.5000   37.5000    0.0000 2771.1235   15.7462
    0.0000   37.5000    0.0000 2771.6726   15.7262
    7.5000   37.5000    0.0000 2717.2510   16.1331
   -7.5000   45.0000    0.0000 2690.3994   16.6937
    0.0000   45.0000    0.0000 2690.3477   16.6985
    7.5000   45.0000    0.0000 2639.4666   17.1371
   -7.5000  -45.0000    7.5000 1985.5940   29.2289
    0.0000  -45.0000    7.5000 1971.4198   29.2807
    7.5000  -45.0000    7.5000 1957.6935   30.3931
   -7.5000  -37.5000    7.5000 2143.5417   25.4081
    0.0000  -37.5000    7.5000 2129.4072   25.3246
    7.5000  -37.5000    7.5000 2109.4651   26.2982
   -7.5000  -30.0000    7.5000 2293.0581   22.3407
    0.0000  -30.0000    7.5000 2280.6370   22.2628
    7.5000  -30.0000    7.5000 2256.1279   23.1453
   -7.5000  -22.5000    7.5000 2432.7744   19.9518
    0.0000  -22.5000    7.5000 2421.6931   19.8843
    7.5000  -22.5000    7.5000 2394.4641   20.7154
   -7.5000  -15.0000    7.5000 2549.0374   18.0531
    0.0000  -15.0000    7.5000 2542.9805   17.9932
    7.5000  -15.0000    7.5000 2508.7034   18.7409
   -7.5000   -7.5000    7.5000 2662.6724   16.5550
    0.0000   -7.5000    7.5000 2655.6118   16.5207
    7.5000   -7.5000    7.5000 2619.5439   17.2125
   -7.5000    0.0000    7.5000 2759.1895   15.3968
    0.0000    0.0000    7.5000 2756.8770   15.3660
    7.5000    0.0000    7.5000 2715.1816   15.9810
   -7.5000    7.5000    7.5000 2836.2664   14.4966
    0.0000    7.5000    7.5000 2830.1677   14.4708
    7.5000    7.5000    7.5000 2782.5076   15.1027
   -7.5000   15.0000    7.5000 2888.5596   13.9621
    0.0000   15.0000    7.5000 2881.8169   13.9773
    7.5000   15.0000    7.5000 2829.5195   14.6139
   -7.5000   22.5000    7.5000 2901.2563   13.9747
    0.0000   22.5000    7.5000 2895.3494   13.9310
    7.5000   22.5000    7.5000 2843.8721   14.5679
   -7.5000   30.0000    7.5000 2886.3220   14.4632
    0.0000   30.0000    7.5000 2885.8623   14.4096
    7.5000   30.0000    7.5000 2828.0549   14.9677
   -7.5000   37.5000    7.5000 2822.4478   15.2345
    0.0000   37.5000    7.5000 2829.5527   15.2296
    7.5000   37.5000    7.5000 2777.1843   15.7086
   -7.5000   45.0000    7.5000 2735.9583   16.2375
    0.0000   45.0000    7.5000 2740.1562   16.2612
    7.5000   45.0000    7.5000 2692.6082   16.6837
   -7.5000  -45.0000   15.0000 1979.1150   29.2378
    0.0000  -45.0000   15.0000 1965.0437   29.1461
    7.5000  -45.0000   15.0000 1950.2605   30.4336
   -7.5000  -37.5000   15.0000 2137.3633   25.2667
    0.0000  -37.5000   15.0000 2131.4524   25.1847
    7.5000  -37.5000   15.0000 2105.2009   26.2295
   -7.5000  -30.0000   15.0000 2277.3362   22.1881
    0.0000  -30.0000   15.0000 2276.5569   22.0900
    7.5000  -30.0000   15.0000 2249.7432   23.0020
   -7.5000  -22.5000   15.0000 2413.8389   19.7783
    0.0000  -22.5000   15.0000 2409.7517   19.6956
    7.5000  -22.5000   15.0000 2384.2402   20.5464
   -7.5000  -15.0000   15.0000 2537.4961   17.9061
    0.0000  -15.0000   15.0000 2532.5588   17.7730
    7.5000  -15.0000   15.0000 2498.6443   18.5725
   -7.5000   -7.5000   15.0000 2658.5381   16.4137
    0.0000   -7.5000   15.0000 2650.8335   16.2815
    7.5000   -7.5000   15.0000 2615.5383   17.0031
   -7.5000    0.0000   15.0000 2756.6672   15.2468
    0.0000    0.0000   15.0000 2753.1606   15.1278
    7.5000    0.0000   15.0000 2715.8677   15.7865
   -7.5000    7.5000   15.0000 2851.8606   14.2744
    0.0000    7.5000   15.0000 2844.2620   14.1972
    7.5000    7.5000   15.0000 2794.1841   14.8499
   -7.5000   15.0000   15.0000 2898.8992   13.5084
    0.0000   15.0000   15.0000 2893.4116   13.5025
    7.5000   15.0000   15.0000 2851.8882   14.3042
   -7.5000   22.5000   15.0000 2930.3679   13.5419
    0.0000   22.5000   15.0000 2931.7754   13.5375
    7.5000   22.5000   15.0000 2875.7180   14.2363
   -7.5000   30.0000   15.0000 2913.0005   14.1295
    0.0000   30.0000   15.0000 2923.4390   14.1472
    7.5000   30.0000   15.0000 2861.1509   14.6464
   -7.5000   37.5000   15.0000 2847.6902   14.9775
    0.0000   37.5000   15.0000 2859.2966   14.9905
    7.5000   37.5000   15.0000 2803.0886   15.3954
   -7.5000   45.0000   15.0000 2751.5933   16.0175
    0.0000   45.0000   15.0000 2758.2092   16.0373
    7.5000   45.0000   15.0000 2712.4692   16.4039
   -7.5000  -45.0000   22.5000 1955.9952   29.6742
    0.0000  -45.0000   22.5000 1952.4905   29.4379
    7.5000  -45.0000   22.5000 1932.7246   30.7050
   -7.5000  -37.5000   22.5000 2116.5183   25.5884
    0.0000  -37.5000   22.5000 2116.3198   25.4040
    7.5000  -37.5000   22.5000 2087.7668   26.3807
   -7.5000  -30.0000   22.5000 2258.7666   22.4495
    0.0000  -30.0000   22.5000 2261.4355   22.2981
    7.5000  -30.0000   22.5000 2232.5442   23.1485
   -7.5000  -22.5000   22.5000 2392.4358   19.9444
    0.0000  -22.5000   22.5000 2394.7004   19.8085
    7.5000  -22.5000   22.5000 2362.3225   20.6210
   -7.5000  -15.0000   22.5000 2512.6853   17.9920
    0.0000  -15.0000   22.5000 2512.7407   17.8610
    7.5000  -15.0000   22.5000 2478.1196   18.6280
   -7.5000   -7.5000   22.5000 2630.9177   16.4769
    0.0000   -7.5000   22.5000 2631.8118   16.3353
    7.5000   -7.5000   22.5000 2595.3296   17.0575
   -7.5000    0.0000   22.5000 2729.7583   15.3038
    0.0000    0.0000   22.5000 2735.5222   15.1812
    7.5000    0.0000   22.5000 2698.9431   15.8330
   -7.5000    7.5000   22.5000 2827.4429   14.4913
    0.0000    7.5000   22.5000 2828.9897   14.3663
    7.5000    7.5000   22.5000 2779.0559   14.9521
   -7.5000   15.0000   22.5000 2890.2576   13.8689
    0.0000   15.0000   22.5000 2890.7629   13.8153
    7.5000   15.0000   22.5000 2841.2512   14.4381
   -7.5000   22.5000   22.5000 2934.6248   13.7982
    0.0000   22.5000   22.5000 2937.4661   13.7797
    7.5000   22.5000   22.5000 2883.1611   14.3424
   -7.5000   30.0000   22.5000 2912.4377   14.2261
    0.0000   30.0000   22.5000 2922.5320   14.1676
    7.5000   30.0000   22.5000 2866.4109   14.6426
   -7.5000   37.5000   22.5000 2848.5737   14.9589
    0.0000   37.5000   22.5000 2864.5073   14.9127
    7.5000   37.5000   22.5000 2809.2151   15.3435
   -7.5000   45.0000   22.5000 2746.7935   15.9873
    0.0000   45.0000   22.5000 2759.8022   15.9555
    7.5000   45.0000   22.5000 2712.9648   16.3377
   -7.5000  -45.0000   30.0000 1916.0427   30.4467
    0.0000  -45.0000   30.0000 1920.6127   30.3307
    7.5000  -45.0000   30.0000 1897.5059   31.4169
   -7.5000  -37.5000   30.0000 2082.2678   26.2528
    0.0000  -37.5000   30.0000 2085.8191   26.0877
    7.5000  -37.5000   30.0000 2052.0337   26.9876
   -7.5000  -30.0000   30.0000 2227.5371   22.9448
    0.0000  -30.0000   30.0000 2235.0767   22.7921
    7.5000  -30.0000   30.0000 2202.7722   23.6329
   -7.5000  -22.5000   30.0000 2356.3657   20.4200
    0.0000  -22.5000   30.0000 2366.2139   20.2624
    7.5000  -22.5000   30.0000 2334.1965   21.0535
   -7.5000  -15.0000   30.0000 2474.6174   18.4629
    0.0000  -15.0000   30.0000 2485.2715   18.3191
    7.5000  -15.0000   30.0000 2450.1831   19.0446
   -7.5000   -7.5000   30.0000 2593.4219   16.9851
    0.0000   -7.5000   30.0000 2603.2700   16.8521
    7.5000   -7.5000   30.0000 2565.7612   17.4649
   -7.5000    0.0000   30.0000 2699.5981   15.8567
    0.0000    0.0000   30.0000 2703.7820   15.6850
    7.5000    0.0000   30.0000 2661.5146   16.2453
   -7.5000    7.5000   30.0000 2783.1921   14.9961
    0.0000    7.5000   30.0000 2786.2590   14.8175
    7.5000    7.5000   30.0000 2744.8489   15.3918
   -7.5000   15.0000   30.0000 2847.5779   14.4411
    0.0000   15.0000   30.0000 2854.0571   14.3373
    7.5000   15.0000   30.0000 2804.6653   14.8434
   -7.5000   22.5000   30.0000 2890.0823   14.3641
    0.0000   22.5000   30.0000 2895.9075   14.2764
    7.5000   22.5000   30.0000 2844.6599   14.7054
   -7.5000   30.0000   30.0000 2864.1697   14.6769
    0.0000   30.0000   30.0000 2871.2065   14.5970
    7.5000   30.0000   30.0000 2825.8604   15.0112
   -7.5000   37.5000   30.0000 2808.1458   15.2755
    0.0000   37.5000   30.0000 2822.7830   15.1888
    7.5000   37.5000   30.0000 2775.1440   15.6249
   -7.5000   45.0000   30.0000 2711.7002   16.2037
    0.0000   45.0000   30.0000 2722.8274   16.1486
    7.5000   45.0000   30.0000 2684.7900   16.5504
   -7.5000  -45.0000   37.5000 1873.1477   31.5380
    0.0000  -45.0000   37.5000 1884.9774   31.4820
    7.5000  -45.0000   37.5000 1871.8660   32.6314
   -7.5000  -37.5000   37.5000 2032.6450   27.1546
    0.0000  -37.5000   37.5000 2046.5603   27.0373
    7.5000  -37.5000   37.5000 2026.7812   27.9325
   -7.5000  -30.0000   37.5000 2180.2649   23.8438
    0.0000  -30.0000   37.5000 2197.9739   23.7282
    7.5000  -30.0000   37.5000 2172.5154   24.4681
   -7.5000  -22.5000   37.5000 2315.7876   21.3156
    0.0000  -22.5000   37.5000 2330.4016   21.2010
    7.5000  -22.5000   37.5000 2294.9915   21.8410
   -7.5000  -15.0000   37.5000 2439.9456   19.3551
    0.0000  -15.0000   37.5000 2452.9502   19.2796
    7.5000  -15.0000   37.5000 2407.4724   19.7885
   -7.5000   -7.5000   37.5000 2550.8337   17.8126
    0.0000   -7.5000   37.5000 2566.2861   17.7126
    7.5000   -7.5000   37.5000 2516.7939   18.1800
   -7.5000    0.0000   37.5000 2650.2654   16.5690
    0.0000    0.0000   37.5000 2660.0979   16.4283
    7.5000    0.0000   37.5000 2610.5999   16.9044
   -7.5000    7.5000   37.5000 2731.3962   15.6325
    0.0000    7.5000   37.5000 2738.1238   15.5348
    7.5000    7.5000   37.5000 2687.5410   16.0257
   -7.5000   15.0000   37.5000 2788.0850   15.1045
    0.0000   15.0000   37.5000 2797.6721   15.0569
    7.5000   15.0000   37.5000 2745.9314   15.4780
   -7.5000   22.5000   37.5000 2822.2498   14.9634
    0.0000   22.5000   37.5000 2833.7964   14.9483
    7.5000   22.5000   37.5000 2783.0435   15.2972
   -7.5000   30.0000   37.5000 2795.2676   15.2728
    0.0000   30.0000   37.5000 2806.7336   15.2222
    7.5000   30.0000   37.5000 2758.8477   15.5695
   -7.5000   37.5000   37.5000 2741.5676   15.8633
    0.0000   37.5000   37.5000 2756.7512   15.7892
    7.5000   37.5000   37.5000 2708.4446   16.1896
   -7.5000   45.0000   37.5000 2651.6299   16.7516
    0.0000   45.0000   37.5000 2661.6157   16.7053
    7.5000   45.0000   37.5000 2621.2231   17.1278
   -7.5000  -45.0000   45.0000 1827.3129   33.3691
    0.0000  -45.0000   45.0000 1835.8562   33.3172
    7.5000  -45.0000   45.0000 1822.2311   34.2173
   -7.5000  -37.5000   45.0000 1983.1887   28.6981
    0.0000  -37.5000   45.0000 1994.5426   28.6294
    7.5000  -37.5000   45.0000 1977.9000   29.3041
   -7.5000  -30.0000   45.0000 2129.7163   25.1939
    0.0000  -30.0000   45.0000 2146.6948   25.1121
    7.5000  -30.0000   45.0000 2121.0281   25.7056
   -7.5000  -22.5000   45.0000 2264.7058   22.5719
    0.0000  -22.5000   45.0000 2287.5425   22.5106
    7.5000  -22.5000   45.0000 2250.2686   23.0144
   -7.5000  -15.0000   45.0000 2385.0176   20.4135
    0.0000  -15.0000   45.0000 2405.1382   20.3803
    7.5000  -15.0000   45.0000 2361.2561   20.8814
   -7.5000   -7.5000   45.0000 2493.0212   18.7434
    0.0000   -7.5000   45.0000 2513.2058   18.6833
    7.5000   -7.5000   45.0000 2460.6709   19.1473
   -7.5000    0.0000   45.0000 2584.5122   17.4216
    0.0000    0.0000   45.0000 2595.8811   17.3492
    7.5000    0.0000   45.0000 2547.3665   17.8343
   -7.5000    7.5000   45.0000 2662.7649   16.4946
    0.0000    7.5000   45.0000 2667.6426   16.4288
    7.5000    7.5000   45.0000 2621.2424   16.8888
   -7.5000   15.0000   45.0000 2714.3838   15.9513
    0.0000   15.0000   45.0000 2723.1736   15.9034
    7.5000   15.0000   45.0000 2677.8003   16.3195
   -7.5000   22.5000   45.0000 2732.0537   15.7891
    0.0000   22.5000   45.0000 2745.6987   15.7626
    7.5000   22.5000   45.0000 2702.0989   16.1303
   -7.5000   30.0000   45.0000 2703.5564   16.0631
    0.0000   30.0000   45.0000 2716.8308   16.0241
    7.5000   30.0000   45.0000 2678.3145   16.3889
   -7.5000   37.5000   45.0000 2653.4365   16.5958
    0.0000   37.5000   45.0000 2666.6313   16.5419
    7.5000   37.5000   45.0000 2631.5176   16.9514
   -7.5000   45.0000   45.0000 2572.1340   17.5141
    0.0000   45.0000   45.0000 2581.1877   17.4649
    7.5000   45.0000   45.0000 2547.2117   17.8650

---------------------------------------------------------------------
imgreg_4dfp /opt/freesurfer/average/711-2C_as_mni_average_305 /opt/freesurfer/average/711-2B_as_mni_average_305_mask talsrcimg_g11 none talsrcimg_to_711-2C_as_mni_average_305_t4 1283
---------------------------------------------------------------------

freesurfer imgreg_4dfp.c
/opt/freesurfer/average/711-2C_as_mni_average_305.4dfp.img
       256       256       256         1
  1.000000  1.000000  1.000000
orientation T byte_order littleendian
Reading image: /opt/freesurfer/average/711-2C_as_mni_average_305.4dfp.img
dimensions:      256       256       256
mmppix:       1.0000   -1.0000   -1.0000
center:     128.0000 -129.0000 -129.0000
/opt/freesurfer/average/711-2B_as_mni_average_305_mask.4dfp.img
       256       256       256         1
  1.000000  1.000000  1.000000
orientation T byte_order littleendian
Reading mask: /opt/freesurfer/average/711-2B_as_mni_average_305_mask.4dfp.img (2306576 pixels)
talsrcimg_g11.4dfp.img
       256       256       256         1
  1.000000  1.000000  1.000000
orientation T byte_order littleendian
Reading image: talsrcimg_g11.4dfp.img
dimensions:      256       256       256
mmppix:       1.0000   -1.0000   -1.0000
center:     128.0000 -129.0000 -129.0000
rotation matrix determinant  1.000000
fimgreg.f
image alignment mode   1283 decimal      503 hex
parameters
    0.0000   22.5000   22.5000    0.0000    0.0000    0.0000
eta,q 0.92124 13.78750
niter,ni,del,rscale     5    3   12.0000    1.2000
parameter  1  1.171608 ->  0.500000 qaram    1.1500
parameter  2 -3.974479 -> -0.500000 qaram    1.1500
parameter  3  0.804913 ->  0.500000 qaram    1.1500
parameter  4  1.883236 ->  0.500000 qaram    1.1500
parameter  5  1.121591 ->  0.500000 qaram    1.1500
parameters
   -3.4500   25.9500   19.0500   -3.4500   -3.4500    0.9188
eta,q 0.92834 13.72692
  0.0837  0.0851  0.0772  0.0744  0.0731  0.0743
  0.0822  0.0817  0.0762  0.0745  0.0719  0.0736
  0.0854  0.0806  0.0774  0.0752  0.0724  0.0726
  0.0877  0.0821  0.0798  0.0767  0.0747  0.0719
  0.0887  0.0812  0.0833  0.0771  0.0783  0.0717
  0.0911  0.0789  0.0880  0.0783  0.0806  0.0722
  0.0959  0.0784  0.0925  0.0797  0.0814  0.0736
niter,ni,del,rscale     7    3   12.0000    1.2000
parameters
   -2.7990   27.2368   18.1606   -5.3096   -4.3122    2.4818
eta,q 0.93183 13.76587
  0.0809  0.0844  0.0771  0.0723  0.0735  0.0729
  0.0760  0.0795  0.0749  0.0699  0.0720  0.0718
  0.0742  0.0754  0.0706  0.0689  0.0695  0.0702
  0.0717  0.0712  0.0692  0.0690  0.0688  0.0688
  0.0716  0.0691  0.0725  0.0717  0.0707  0.0681
  0.0738  0.0730  0.0770  0.0745  0.0738  0.0689
  0.0786  0.0787  0.0833  0.0775  0.0764  0.0707
niter,ni,del,rscale     6    3   12.0000    1.2000
parameters
   -2.4740   27.8552   17.7215   -5.4692   -4.4742    2.6424
eta,q 0.93293 13.79935
  0.0780  0.0837  0.0761  0.0756  0.0747  0.0718
  0.0737  0.0769  0.0736  0.0702  0.0722  0.0702
  0.0716  0.0720  0.0693  0.0678  0.0687  0.0684
  0.0682  0.0679  0.0671  0.0671  0.0671  0.0671
  0.0692  0.0677  0.0705  0.0684  0.0693  0.0676
  0.0725  0.0729  0.0741  0.0718  0.0726  0.0694
  0.0771  0.0801  0.0791  0.0755  0.0753  0.0719
niter,ni,del,rscale     5    3   12.0000    1.2000
parameters
   -2.3652   27.9554   17.6661   -5.5389   -4.5205    2.6079
eta,q 0.93305 13.80491
  0.0771  0.0824  0.0766  0.0758  0.0749  0.0716
  0.0734  0.0753  0.0740  0.0702  0.0724  0.0699
  0.0708  0.0706  0.0701  0.0676  0.0687  0.0681
  0.0671  0.0670  0.0669  0.0669  0.0669  0.0669
  0.0693  0.0685  0.0696  0.0681  0.0690  0.0676
  0.0726  0.0746  0.0733  0.0715  0.0724  0.0696
  0.0772  0.0822  0.0777  0.0753  0.0751  0.0721
niter,ni,del,rscale     4    3   12.0000    1.2000
parameters
   -2.3628   27.9817   17.6531   -5.5717   -4.5337    2.6034
eta,q 0.93307 13.80571
  0.0768  0.0822  0.0766  0.0759  0.0749  0.0716
  0.0732  0.0750  0.0740  0.0703  0.0724  0.0700
  0.0706  0.0704  0.0702  0.0676  0.0688  0.0681
  0.0669  0.0669  0.0669  0.0669  0.0669  0.0669
  0.0695  0.0687  0.0695  0.0680  0.0690  0.0675
  0.0727  0.0749  0.0732  0.0714  0.0723  0.0695
  0.0775  0.0825  0.0775  0.0752  0.0750  0.0721
registration optimization eta report
parameter search radius
    6.9000    6.9000    6.9000    6.9000    6.9000    6.0000
100000*second partial in parameter space
       19.       31.       19.       18.       15.       13.
  0.0768  0.0822  0.0766  0.0759  0.0749  0.0716
  0.0732  0.0750  0.0740  0.0703  0.0724  0.0700
  0.0706  0.0704  0.0702  0.0676  0.0688  0.0681
  0.0669  0.0669  0.0669  0.0669  0.0669  0.0669
  0.0695  0.0687  0.0695  0.0680  0.0690  0.0675
  0.0727  0.0749  0.0732  0.0714  0.0723  0.0695
  0.0775  0.0825  0.0775  0.0752  0.0750  0.0721
   -2.3628   27.9817   17.6531   -5.5717   -4.5337    2.6034
eta,q 0.93307 13.80571

---------------------------------------------------------------------
imgreg_4dfp /opt/freesurfer/average/711-2C_as_mni_average_305 /opt/freesurfer/average/711-2B_as_mni_average_305_mask talsrcimg_g11 none talsrcimg_to_711-2C_as_mni_average_305_t4 3335
---------------------------------------------------------------------

freesurfer imgreg_4dfp.c
/opt/freesurfer/average/711-2C_as_mni_average_305.4dfp.img
       256       256       256         1
  1.000000  1.000000  1.000000
orientation T byte_order littleendian
Reading image: /opt/freesurfer/average/711-2C_as_mni_average_305.4dfp.img
dimensions:      256       256       256
mmppix:       1.0000   -1.0000   -1.0000
center:     128.0000 -129.0000 -129.0000
/opt/freesurfer/average/711-2B_as_mni_average_305_mask.4dfp.img
       256       256       256         1
  1.000000  1.000000  1.000000
orientation T byte_order littleendian
Reading mask: /opt/freesurfer/average/711-2B_as_mni_average_305_mask.4dfp.img (2306576 pixels)
talsrcimg_g11.4dfp.img
       256       256       256         1
  1.000000  1.000000  1.000000
orientation T byte_order littleendian
Reading image: talsrcimg_g11.4dfp.img
dimensions:      256       256       256
mmppix:       1.0000   -1.0000   -1.0000
center:     128.0000 -129.0000 -129.0000
fimgreg.f
image alignment mode   3335 decimal      D07 hex
parameters
   -2.3628   27.9817   17.6531   -0.4158   -0.6100   -0.7839
   -5.2875    7.4180    4.5281   10.0564   -7.9045   -9.6787
eta,q 0.93168 13.67807
niter,ni,del,rscale     5    3    5.0000    1.2000
parameter  4-10.985929 ->  0.500000 qaram    1.1500
parameter  5  0.665845 ->  0.500000 qaram    1.1500
parameter  6  1.183486 ->  0.500000 qaram    1.1500
parameter  9  0.635739 ->  0.500000 qaram    1.1500
parameter 10 -0.626442 -> -0.500000 qaram    1.1500
parameter 12 -1.933319 -> -0.500000 qaram    1.1500
parameters
   -2.2074   27.3915   17.5944   -4.5558   -4.7500   -4.9239
   -3.4331    8.1265    0.3881   14.1964   -4.3132   -5.5387
eta,q 0.94706 13.07445
  0.0694  0.0691  0.0694  0.0558  0.0597  0.0546  0.0588  0.0606  0.0557  0.0597  0.0575  0.0579
  0.0687  0.0686  0.0689  0.0598  0.0592  0.0558  0.0576  0.0587  0.0555  0.0580  0.0564  0.0566
  0.0684  0.0683  0.0685  0.0643  0.0597  0.0573  0.0567  0.0569  0.0556  0.0566  0.0554  0.0554
  0.0683  0.0683  0.0683  0.0683  0.0610  0.0592  0.0561  0.0560  0.0560  0.0555  0.0548  0.0544
  0.0684  0.0687  0.0684  0.0717  0.0628  0.0622  0.0560  0.0563  0.0566  0.0549  0.0545  0.0535
  0.0686  0.0696  0.0688  0.0756  0.0658  0.0666  0.0563  0.0575  0.0575  0.0548  0.0545  0.0528
  0.0691  0.0709  0.0697  0.0794  0.0694  0.0709  0.0570  0.0593  0.0586  0.0551  0.0548  0.0524
niter,ni,del,rscale     7    3    5.0000    1.2000
parameter  4  2.375338 ->  0.500000 qaram    1.3225
parameter  5  0.915333 ->  0.500000 qaram    1.3225
parameter  6  0.615113 ->  0.500000 qaram    1.3225
parameter 12 -0.870082 -> -0.500000 qaram    1.3225
parameters
   -2.0686   26.6905   17.5814   -9.3168   -9.5110   -9.6849
   -2.5092    8.0899    0.8668   14.8995   -4.9099   -0.7777
eta,q 0.95706 12.67373
  0.0558  0.0535  0.0545  0.0438  0.0439  0.0436  0.0461  0.0471  0.0456  0.0469  0.0442  0.0469
  0.0544  0.0529  0.0535  0.0455  0.0449  0.0437  0.0450  0.0454  0.0447  0.0451  0.0439  0.0456
  0.0534  0.0528  0.0530  0.0485  0.0451  0.0441  0.0442  0.0443  0.0440  0.0441  0.0438  0.0445
  0.0529  0.0529  0.0528  0.0528  0.0462  0.0449  0.0438  0.0437  0.0437  0.0437  0.0437  0.0437
  0.0531  0.0533  0.0531  0.0581  0.0472  0.0472  0.0438  0.0438  0.0439  0.0440  0.0438  0.0432
  0.0539  0.0540  0.0536  0.0627  0.0496  0.0509  0.0443  0.0451  0.0444  0.0447  0.0440  0.0429
  0.0553  0.0551  0.0545  0.0673  0.0524  0.0561  0.0452  0.0476  0.0452  0.0459  0.0445  0.0429
niter,ni,del,rscale     7    3    5.0000    1.2000
parameter  2  0.673316 ->  0.500000 qaram    1.1500
parameter  3  0.900412 ->  0.500000 qaram    1.1500
parameter  4  0.877144 ->  0.500000 qaram    1.5209
parameter  5 -4.127851 ->  0.500000 qaram    1.5209
parameter 10  1.331302 ->  0.500000 qaram    1.3225
parameter 12  7.037367 ->  0.500000 qaram    1.5209
parameters
   -2.2534   25.3105   16.2014  -14.7920  -14.9861  -13.6527
   -3.8911    6.8824   -2.4543   10.1385   -8.2095   -6.2529
eta,q 0.96990 12.23695
  0.0453  0.0426  0.0416  0.0381  0.0346  0.0364  0.0367  0.0379  0.0358  0.0323  0.0330  0.0286
  0.0439  0.0424  0.0416  0.0386  0.0358  0.0358  0.0359  0.0363  0.0352  0.0326  0.0327  0.0297
  0.0431  0.0426  0.0419  0.0396  0.0372  0.0356  0.0356  0.0355  0.0351  0.0336  0.0327  0.0311
  0.0429  0.0429  0.0424  0.0417  0.0388  0.0362  0.0356  0.0355  0.0354  0.0351  0.0329  0.0327
  0.0434  0.0434  0.0432  0.0453  0.0394  0.0372  0.0360  0.0364  0.0361  0.0368  0.0333  0.0343
  0.0445  0.0441  0.0441  0.0503  0.0402  0.0392  0.0369  0.0379  0.0370  0.0389  0.0338  0.0359
  0.0461  0.0450  0.0453  0.0554  0.0417  0.0433  0.0380  0.0400  0.0382  0.0413  0.0345  0.0373
niter,ni,del,rscale     7    3    5.0000    1.2000
parameter  2  1.004221 ->  0.500000 qaram    1.3225
parameter  3  0.823393 ->  0.500000 qaram    1.3225
parameter  9 -0.524401 -> -0.500000 qaram    1.3225
parameters
   -2.1859   23.7235   14.6144  -17.9440  -19.2121  -14.1916
   -2.4804    7.9895    2.3067    8.0572   -9.2179  -10.6287
eta,q 0.97569 12.09726
  0.0336  0.0274  0.0262  0.0285  0.0288  0.0296  0.0287  0.0309  0.0293  0.0281  0.0253  0.0251
  0.0318  0.0273  0.0261  0.0269  0.0268  0.0278  0.0272  0.0285  0.0277  0.0259  0.0249  0.0245
  0.0306  0.0282  0.0265  0.0260  0.0255  0.0265  0.0262  0.0267  0.0264  0.0248  0.0247  0.0243
  0.0301  0.0301  0.0275  0.0262  0.0260  0.0256  0.0257  0.0256  0.0255  0.0249  0.0247  0.0246
  0.0304  0.0327  0.0288  0.0277  0.0302  0.0262  0.0257  0.0256  0.0250  0.0266  0.0248  0.0256
  0.0315  0.0357  0.0305  0.0310  0.0349  0.0281  0.0261  0.0266  0.0250  0.0292  0.0252  0.0271
  0.0333  0.0388  0.0327  0.0367  0.0378  0.0311  0.0270  0.0286  0.0254  0.0325  0.0257  0.0291
niter,ni,del,rscale     7    3    5.0000    1.2000
parameters
   -2.1408   24.1832   15.0106  -17.7509  -19.5772  -13.5948
   -2.9397    8.1494    1.8502    9.1017   -9.1941  -11.2297
eta,q 0.97595 12.12168
  0.0275  0.0295  0.0269  0.0286  0.0311  0.0291  0.0261  0.0286  0.0266  0.0313  0.0249  0.0267
  0.0258  0.0270  0.0255  0.0265  0.0283  0.0271  0.0250  0.0264  0.0252  0.0276  0.0244  0.0250
  0.0247  0.0252  0.0246  0.0250  0.0260  0.0255  0.0243  0.0249  0.0244  0.0252  0.0242  0.0242
  0.0243  0.0243  0.0242  0.0242  0.0242  0.0243  0.0242  0.0242  0.0242  0.0241  0.0241  0.0241
  0.0246  0.0243  0.0243  0.0243  0.0242  0.0241  0.0245  0.0246  0.0245  0.0244  0.0241  0.0244
  0.0256  0.0253  0.0248  0.0257  0.0284  0.0258  0.0254  0.0260  0.0255  0.0260  0.0244  0.0255
  0.0273  0.0272  0.0258  0.0289  0.0333  0.0286  0.0267  0.0283  0.0271  0.0287  0.0249  0.0273
niter,ni,del,rscale     6    3    5.0000    1.2000
parameters
   -2.1206   24.3224   15.0129  -17.6531  -19.8618  -13.4571
   -2.9233    8.1502    1.8012    9.3618   -9.2190  -11.4769
eta,q 0.97588 12.12314
  0.0272  0.0285  0.0264  0.0285  0.0310  0.0289  0.0263  0.0284  0.0267  0.0303  0.0249  0.0269
  0.0255  0.0261  0.0251  0.0264  0.0282  0.0269  0.0252  0.0262  0.0253  0.0269  0.0245  0.0252
  0.0244  0.0246  0.0243  0.0249  0.0259  0.0253  0.0244  0.0247  0.0244  0.0249  0.0242  0.0243
  0.0241  0.0241  0.0240  0.0240  0.0240  0.0242  0.0241  0.0241  0.0241  0.0241  0.0241  0.0241
  0.0244  0.0243  0.0243  0.0242  0.0238  0.0243  0.0244  0.0246  0.0244  0.0247  0.0242  0.0244
  0.0254  0.0256  0.0250  0.0257  0.0280  0.0263  0.0251  0.0262  0.0253  0.0266  0.0245  0.0254
  0.0272  0.0278  0.0265  0.0289  0.0332  0.0291  0.0264  0.0285  0.0267  0.0295  0.0250  0.0271
niter,ni,del,rscale     5    3    5.0000    1.2000
parameters
   -2.1227   24.3813   15.0199  -17.6548  -19.9970  -13.4198
   -2.9292    8.1491    1.8036    9.4619   -9.2273  -11.5788
eta,q 0.97583 12.12003
  0.0272  0.0282  0.0265  0.0285  0.0312  0.0288  0.0264  0.0284  0.0267  0.0300  0.0250  0.0271
  0.0256  0.0260  0.0252  0.0264  0.0284  0.0269  0.0252  0.0263  0.0253  0.0268  0.0245  0.0252
  0.0245  0.0246  0.0244  0.0249  0.0260  0.0253  0.0244  0.0248  0.0245  0.0248  0.0243  0.0244
  0.0241  0.0241  0.0241  0.0241  0.0241  0.0242  0.0242  0.0242  0.0242  0.0242  0.0242  0.0242
  0.0245  0.0245  0.0243  0.0244  0.0237  0.0244  0.0244  0.0247  0.0245  0.0248  0.0243  0.0245
  0.0255  0.0257  0.0251  0.0258  0.0277  0.0265  0.0252  0.0262  0.0253  0.0268  0.0245  0.0254
  0.0273  0.0280  0.0266  0.0291  0.0331  0.0293  0.0264  0.0285  0.0267  0.0297  0.0250  0.0271
niter,ni,del,rscale     4    3    5.0000    1.2000
parameters
   -2.1236   24.4096   15.0187  -17.6524  -20.0509  -13.4107
   -2.9381    8.1484    1.8039    9.5066   -9.2221  -11.6290
eta,q 0.97581 12.11872
  0.0273  0.0281  0.0266  0.0285  0.0313  0.0288  0.0264  0.0284  0.0267  0.0300  0.0250  0.0271
  0.0256  0.0260  0.0252  0.0264  0.0285  0.0269  0.0252  0.0263  0.0253  0.0267  0.0246  0.0253
  0.0245  0.0246  0.0244  0.0250  0.0261  0.0253  0.0245  0.0248  0.0245  0.0248  0.0243  0.0244
  0.0242  0.0242  0.0242  0.0242  0.0242  0.0242  0.0242  0.0242  0.0242  0.0242  0.0242  0.0242
  0.0245  0.0245  0.0244  0.0244  0.0237  0.0244  0.0244  0.0247  0.0245  0.0249  0.0243  0.0245
  0.0256  0.0258  0.0252  0.0259  0.0275  0.0266  0.0252  0.0262  0.0253  0.0268  0.0245  0.0254
  0.0273  0.0280  0.0266  0.0291  0.0330  0.0293  0.0264  0.0285  0.0267  0.0297  0.0250  0.0271
registration optimization eta report
parameter search radius
    2.4000    3.1740    3.1740   10.9503   10.9503    9.5220
    7.2000    7.2000    9.5220    9.5220    7.2000   10.9503
100000*second partial in parameter space
       54.       39.       24.        4.        7.        5.
        4.        8.        3.        6.        2.        2.
  0.0273  0.0281  0.0266  0.0285  0.0313  0.0288  0.0264  0.0284  0.0267  0.0300  0.0250  0.0271
  0.0256  0.0260  0.0252  0.0264  0.0285  0.0269  0.0252  0.0263  0.0253  0.0267  0.0246  0.0253
  0.0245  0.0246  0.0244  0.0250  0.0261  0.0253  0.0245  0.0248  0.0245  0.0248  0.0243  0.0244
  0.0242  0.0242  0.0242  0.0242  0.0242  0.0242  0.0242  0.0242  0.0242  0.0242  0.0242  0.0242
  0.0245  0.0245  0.0244  0.0244  0.0237  0.0244  0.0244  0.0247  0.0245  0.0249  0.0243  0.0245
  0.0256  0.0258  0.0252  0.0259  0.0275  0.0266  0.0252  0.0262  0.0253  0.0268  0.0245  0.0254
  0.0273  0.0280  0.0266  0.0291  0.0330  0.0293  0.0264  0.0285  0.0267  0.0297  0.0250  0.0271
   -2.1236   24.4096   15.0187  -17.6524  -20.0509  -13.4107
   -2.9381    8.1484    1.8039    9.5066   -9.2221  -11.6290
eta,q 0.97581 12.11872

---------------------------------------------------------------------
imgreg_4dfp /opt/freesurfer/average/711-2C_as_mni_average_305 /opt/freesurfer/average/711-2B_as_mni_average_305_mask talsrcimg_g11 none talsrcimg_to_711-2C_as_mni_average_305_t4 2311
---------------------------------------------------------------------

freesurfer imgreg_4dfp.c
/opt/freesurfer/average/711-2C_as_mni_average_305.4dfp.img
       256       256       256         1
  1.000000  1.000000  1.000000
orientation T byte_order littleendian
Reading image: /opt/freesurfer/average/711-2C_as_mni_average_305.4dfp.img
dimensions:      256       256       256
mmppix:       1.0000   -1.0000   -1.0000
center:     128.0000 -129.0000 -129.0000
/opt/freesurfer/average/711-2B_as_mni_average_305_mask.4dfp.img
       256       256       256         1
  1.000000  1.000000  1.000000
orientation T byte_order littleendian
Reading mask: /opt/freesurfer/average/711-2B_as_mni_average_305_mask.4dfp.img (2306576 pixels)
talsrcimg_g11.4dfp.img
       256       256       256         1
  1.000000  1.000000  1.000000
orientation T byte_order littleendian
Reading image: talsrcimg_g11.4dfp.img
dimensions:      256       256       256
mmppix:       1.0000   -1.0000   -1.0000
center:     128.0000 -129.0000 -129.0000
fimgreg.f
image alignment mode   2311 decimal      907 hex
parameters
   -2.1236   24.4096   15.0187  -17.6524  -20.0509  -13.4107
   -2.9381    8.1484    1.8039    9.5066   -9.2221  -11.6290
eta,q 0.97581 12.11872
niter,ni,del,rscale     5    3    5.0000    0.8000
parameters
   -2.1186   24.4432   15.0868  -16.7484  -17.7759  -13.2685
   -3.2648    8.1273    1.3806    9.4268   -9.0758  -11.8568
eta,q 0.97653 12.24182
  0.0256  0.0252  0.0248  0.0254  0.0268  0.0252  0.0245  0.0257  0.0243  0.0254  0.0239  0.0241
  0.0248  0.0246  0.0245  0.0248  0.0258  0.0245  0.0239  0.0245  0.0238  0.0243  0.0237  0.0237
  0.0244  0.0243  0.0243  0.0244  0.0249  0.0239  0.0236  0.0238  0.0235  0.0237  0.0235  0.0235
  0.0242  0.0242  0.0242  0.0242  0.0241  0.0235  0.0235  0.0235  0.0235  0.0235  0.0235  0.0235
  0.0243  0.0243  0.0242  0.0242  0.0236  0.0235  0.0237  0.0237  0.0237  0.0237  0.0235  0.0236
  0.0248  0.0246  0.0244  0.0243  0.0236  0.0241  0.0241  0.0245  0.0240  0.0245  0.0236  0.0238
  0.0256  0.0251  0.0247  0.0248  0.0244  0.0253  0.0249  0.0258  0.0246  0.0255  0.0239  0.0243
niter,ni,del,rscale     4    3    5.0000    0.7000
parameters
   -2.1483   24.1131   14.8892  -16.6712  -17.8517  -12.9524
   -3.1193    8.1236    1.5313    9.4441   -9.0113  -11.6630
eta,q 0.97661 12.26453
  0.0246  0.0241  0.0238  0.0242  0.0251  0.0248  0.0244  0.0251  0.0242  0.0249  0.0237  0.0240
  0.0240  0.0236  0.0235  0.0238  0.0244  0.0242  0.0238  0.0242  0.0237  0.0241  0.0236  0.0236
  0.0236  0.0234  0.0234  0.0235  0.0238  0.0237  0.0235  0.0236  0.0235  0.0236  0.0234  0.0235
  0.0235  0.0235  0.0234  0.0234  0.0234  0.0234  0.0234  0.0234  0.0234  0.0234  0.0234  0.0234
  0.0236  0.0238  0.0235  0.0235  0.0234  0.0234  0.0235  0.0236  0.0235  0.0236  0.0234  0.0234
  0.0240  0.0243  0.0237  0.0237  0.0242  0.0238  0.0237  0.0242  0.0237  0.0241  0.0235  0.0236
  0.0247  0.0251  0.0241  0.0242  0.0257  0.0246  0.0242  0.0251  0.0241  0.0249  0.0237  0.0239
niter,ni,del,rscale     3    3    5.0000    0.6000
parameters
   -2.1458   24.0897   14.9419  -16.7103  -17.7349  -12.8807
   -3.1375    8.1379    1.5164    9.3593   -9.0031  -11.6037
eta,q 0.97664 12.26672
  0.0243  0.0242  0.0238  0.0239  0.0248  0.0244  0.0240  0.0247  0.0239  0.0245  0.0236  0.0238
  0.0238  0.0237  0.0236  0.0236  0.0242  0.0239  0.0237  0.0240  0.0236  0.0238  0.0235  0.0235
  0.0235  0.0235  0.0234  0.0235  0.0237  0.0235  0.0234  0.0235  0.0234  0.0235  0.0234  0.0234
  0.0234  0.0234  0.0234  0.0234  0.0234  0.0234  0.0234  0.0234  0.0234  0.0234  0.0234  0.0234
  0.0235  0.0235  0.0234  0.0234  0.0234  0.0234  0.0234  0.0235  0.0234  0.0235  0.0234  0.0234
  0.0238  0.0238  0.0235  0.0236  0.0238  0.0237  0.0237  0.0239  0.0236  0.0239  0.0235  0.0235
  0.0243  0.0242  0.0237  0.0240  0.0249  0.0244  0.0241  0.0247  0.0239  0.0246  0.0236  0.0237
niter,ni,del,rscale     2    3    5.0000    0.5000
parameters
   -2.1406   24.0619   14.9556  -16.7044  -17.5796  -12.8183
   -3.1386    8.1546    1.4984    9.3376   -8.9823  -11.5984
eta,q 0.97666 12.27366
  0.0240  0.0239  0.0236  0.0238  0.0244  0.0241  0.0238  0.0243  0.0237  0.0242  0.0235  0.0236
  0.0236  0.0236  0.0235  0.0235  0.0240  0.0237  0.0236  0.0238  0.0235  0.0237  0.0234  0.0235
  0.0234  0.0234  0.0234  0.0234  0.0236  0.0235  0.0234  0.0235  0.0234  0.0234  0.0234  0.0234
  0.0234  0.0234  0.0234  0.0234  0.0234  0.0233  0.0233  0.0233  0.0233  0.0233  0.0233  0.0233
  0.0234  0.0234  0.0234  0.0234  0.0234  0.0234  0.0234  0.0234  0.0234  0.0234  0.0234  0.0234
  0.0236  0.0236  0.0235  0.0235  0.0237  0.0236  0.0236  0.0237  0.0235  0.0237  0.0234  0.0235
  0.0240  0.0240  0.0236  0.0238  0.0244  0.0241  0.0238  0.0243  0.0237  0.0242  0.0235  0.0236
niter,ni,del,rscale     1    3    5.0000    0.4000
parameters
   -2.1403   24.0334   14.9624  -16.6968  -17.4341  -12.7685
   -3.1480    8.1613    1.4800    9.3366   -8.9894  -11.5682
eta,q 0.97667 12.28024
  0.0237  0.0237  0.0235  0.0236  0.0241  0.0238  0.0236  0.0239  0.0236  0.0239  0.0234  0.0235
  0.0235  0.0235  0.0234  0.0235  0.0238  0.0236  0.0235  0.0236  0.0234  0.0236  0.0234  0.0234
  0.0234  0.0234  0.0234  0.0234  0.0235  0.0234  0.0234  0.0234  0.0234  0.0234  0.0233  0.0233
  0.0233  0.0233  0.0233  0.0233  0.0233  0.0233  0.0233  0.0233  0.0233  0.0233  0.0233  0.0233
  0.0234  0.0234  0.0234  0.0234  0.0233  0.0234  0.0234  0.0234  0.0234  0.0234  0.0233  0.0234
  0.0235  0.0235  0.0234  0.0235  0.0236  0.0235  0.0235  0.0236  0.0234  0.0236  0.0234  0.0234
  0.0237  0.0237  0.0235  0.0236  0.0240  0.0238  0.0236  0.0239  0.0236  0.0239  0.0234  0.0235
registration optimization eta report
parameter search radius
    0.8000    0.8000    0.8000    2.4000    2.4000    2.4000
    2.4000    2.4000    2.4000    2.4000    2.4000    2.4000
100000*second partial in parameter space
       62.       59.       28.        5.       12.        8.
        5.       10.        5.        9.        2.        3.
  0.0237  0.0237  0.0235  0.0236  0.0241  0.0238  0.0236  0.0239  0.0236  0.0239  0.0234  0.0235
  0.0235  0.0235  0.0234  0.0235  0.0238  0.0236  0.0235  0.0236  0.0234  0.0236  0.0234  0.0234
  0.0234  0.0234  0.0234  0.0234  0.0235  0.0234  0.0234  0.0234  0.0234  0.0234  0.0233  0.0233
  0.0233  0.0233  0.0233  0.0233  0.0233  0.0233  0.0233  0.0233  0.0233  0.0233  0.0233  0.0233
  0.0234  0.0234  0.0234  0.0234  0.0233  0.0234  0.0234  0.0234  0.0234  0.0234  0.0233  0.0234
  0.0235  0.0235  0.0234  0.0235  0.0236  0.0235  0.0235  0.0236  0.0234  0.0236  0.0234  0.0234
  0.0237  0.0237  0.0235  0.0236  0.0240  0.0238  0.0236  0.0239  0.0236  0.0239  0.0234  0.0235
   -2.1403   24.0334   14.9624  -16.6968  -17.4341  -12.7685
   -3.1480    8.1613    1.4800    9.3366   -8.9894  -11.5682
eta,q 0.97667 12.28024

---------------------------------------------------------------------
imgreg_4dfp /opt/freesurfer/average/711-2C_as_mni_average_305 /opt/freesurfer/average/711-2B_as_mni_average_305_mask talsrcimg_g11 none talsrcimg_to_711-2C_as_mni_average_305_t4 2311
---------------------------------------------------------------------

freesurfer imgreg_4dfp.c
/opt/freesurfer/average/711-2C_as_mni_average_305.4dfp.img
       256       256       256         1
  1.000000  1.000000  1.000000
orientation T byte_order littleendian
Reading image: /opt/freesurfer/average/711-2C_as_mni_average_305.4dfp.img
dimensions:      256       256       256
mmppix:       1.0000   -1.0000   -1.0000
center:     128.0000 -129.0000 -129.0000
/opt/freesurfer/average/711-2B_as_mni_average_305_mask.4dfp.img
       256       256       256         1
  1.000000  1.000000  1.000000
orientation T byte_order littleendian
Reading mask: /opt/freesurfer/average/711-2B_as_mni_average_305_mask.4dfp.img (2306576 pixels)
talsrcimg_g11.4dfp.img
       256       256       256         1
  1.000000  1.000000  1.000000
orientation T byte_order littleendian
Reading image: talsrcimg_g11.4dfp.img
dimensions:      256       256       256
mmppix:       1.0000   -1.0000   -1.0000
center:     128.0000 -129.0000 -129.0000
fimgreg.f
image alignment mode   2311 decimal      907 hex
parameters
   -2.1403   24.0334   14.9624  -16.6968  -17.4341  -12.7685
   -3.1480    8.1613    1.4800    9.3366   -8.9894  -11.5682
eta,q 0.97667 12.28024
niter,ni,del,rscale     5    3    5.0000    0.8000
parameters
   -2.1466   23.9787   14.9477  -16.8341  -17.9808  -12.9537
   -3.0654    8.1187    1.6160    9.2804   -9.0463  -11.4363
eta,q 0.97658 12.25139
  0.0249  0.0247  0.0241  0.0243  0.0252  0.0249  0.0246  0.0256  0.0244  0.0253  0.0238  0.0241
  0.0240  0.0240  0.0236  0.0238  0.0244  0.0242  0.0240  0.0244  0.0239  0.0243  0.0236  0.0237
  0.0235  0.0235  0.0234  0.0234  0.0237  0.0237  0.0236  0.0237  0.0235  0.0236  0.0235  0.0235
  0.0233  0.0233  0.0233  0.0233  0.0233  0.0234  0.0234  0.0234  0.0234  0.0234  0.0234  0.0234
  0.0235  0.0235  0.0234  0.0234  0.0236  0.0236  0.0235  0.0237  0.0235  0.0237  0.0235  0.0235
  0.0240  0.0241  0.0237  0.0238  0.0248  0.0242  0.0239  0.0245  0.0238  0.0243  0.0236  0.0237
  0.0249  0.0250  0.0241  0.0244  0.0270  0.0254  0.0246  0.0257  0.0243  0.0254  0.0239  0.0240
niter,ni,del,rscale     4    3    5.0000    0.7000
parameters
   -2.1364   24.0876   14.9795  -16.7515  -17.9241  -12.9254
   -3.1117    8.1324    1.5705    9.2727   -9.0592  -11.5250
eta,q 0.97661 12.25575
  0.0246  0.0246  0.0240  0.0242  0.0252  0.0247  0.0243  0.0251  0.0241  0.0249  0.0237  0.0239
  0.0240  0.0240  0.0237  0.0238  0.0245  0.0241  0.0238  0.0242  0.0237  0.0241  0.0235  0.0236
  0.0236  0.0236  0.0235  0.0235  0.0238  0.0236  0.0235  0.0236  0.0235  0.0236  0.0234  0.0234
  0.0234  0.0234  0.0234  0.0234  0.0234  0.0234  0.0234  0.0234  0.0234  0.0234  0.0234  0.0234
  0.0235  0.0235  0.0235  0.0235  0.0234  0.0235  0.0235  0.0236  0.0235  0.0236  0.0234  0.0235
  0.0239  0.0238  0.0236  0.0237  0.0240  0.0239  0.0238  0.0242  0.0237  0.0241  0.0235  0.0236
  0.0246  0.0243  0.0239  0.0242  0.0255  0.0248  0.0243  0.0251  0.0241  0.0249  0.0237  0.0239
niter,ni,del,rscale     3    3    5.0000    0.6000
parameters
   -2.1387   24.0851   14.9825  -16.7320  -17.7535  -12.8609
   -3.1226    8.1495    1.5351    9.2988   -9.0198  -11.5525
eta,q 0.97664 12.26421
  0.0243  0.0242  0.0238  0.0240  0.0248  0.0244  0.0240  0.0247  0.0239  0.0245  0.0236  0.0237
  0.0238  0.0238  0.0236  0.0237  0.0242  0.0239  0.0237  0.0240  0.0236  0.0239  0.0235  0.0235
  0.0235  0.0235  0.0234  0.0235  0.0237  0.0235  0.0234  0.0235  0.0234  0.0235  0.0234  0.0234
  0.0234  0.0234  0.0234  0.0234  0.0234  0.0234  0.0234  0.0234  0.0234  0.0234  0.0234  0.0234
  0.0235  0.0235  0.0234  0.0234  0.0234  0.0234  0.0234  0.0235  0.0234  0.0235  0.0234  0.0234
  0.0238  0.0237  0.0236  0.0236  0.0238  0.0237  0.0237  0.0239  0.0236  0.0239  0.0235  0.0235
  0.0243  0.0242  0.0238  0.0240  0.0248  0.0244  0.0241  0.0247  0.0239  0.0245  0.0236  0.0237
niter,ni,del,rscale     2    3    5.0000    0.5000
parameters
   -2.1375   24.0573   14.9791  -16.7275  -17.5870  -12.8078
   -3.1374    8.1563    1.5076    9.3104   -9.0045  -11.5615
eta,q 0.97666 12.27189
  0.0240  0.0239  0.0236  0.0238  0.0244  0.0241  0.0238  0.0243  0.0237  0.0242  0.0235  0.0236
  0.0236  0.0236  0.0235  0.0235  0.0240  0.0237  0.0236  0.0238  0.0235  0.0237  0.0234  0.0235
  0.0234  0.0234  0.0234  0.0234  0.0236  0.0235  0.0234  0.0235  0.0234  0.0234  0.0234  0.0234
  0.0234  0.0234  0.0234  0.0234  0.0234  0.0233  0.0233  0.0233  0.0233  0.0233  0.0233  0.0233
  0.0234  0.0234  0.0234  0.0234  0.0234  0.0234  0.0234  0.0234  0.0234  0.0234  0.0234  0.0234
  0.0236  0.0236  0.0235  0.0235  0.0237  0.0236  0.0236  0.0238  0.0235  0.0237  0.0234  0.0235
  0.0240  0.0240  0.0236  0.0238  0.0244  0.0241  0.0238  0.0243  0.0237  0.0242  0.0235  0.0236
niter,ni,del,rscale     1    3    5.0000    0.4000
parameters
   -2.1377   24.0316   14.9681  -16.7026  -17.4402  -12.7580
   -3.1315    8.1684    1.4826    9.3233   -8.9844  -11.5625
eta,q 0.97667 12.27980
  0.0237  0.0237  0.0235  0.0236  0.0241  0.0238  0.0236  0.0239  0.0236  0.0239  0.0234  0.0235
  0.0235  0.0235  0.0234  0.0235  0.0238  0.0236  0.0235  0.0236  0.0234  0.0236  0.0234  0.0234
  0.0234  0.0234  0.0234  0.0234  0.0235  0.0234  0.0234  0.0234  0.0234  0.0234  0.0233  0.0233
  0.0233  0.0233  0.0233  0.0233  0.0233  0.0233  0.0233  0.0233  0.0233  0.0233  0.0233  0.0233
  0.0234  0.0234  0.0234  0.0234  0.0233  0.0234  0.0234  0.0234  0.0234  0.0234  0.0233  0.0234
  0.0235  0.0235  0.0234  0.0235  0.0236  0.0235  0.0235  0.0236  0.0234  0.0236  0.0234  0.0234
  0.0237  0.0238  0.0235  0.0236  0.0240  0.0238  0.0236  0.0239  0.0236  0.0239  0.0234  0.0235
registration optimization eta report
parameter search radius
    0.8000    0.8000    0.8000    2.4000    2.4000    2.4000
    2.4000    2.4000    2.4000    2.4000    2.4000    2.4000
100000*second partial in parameter space
       61.       59.       28.        5.       12.        8.
        5.       10.        4.        9.        2.        3.
  0.0237  0.0237  0.0235  0.0236  0.0241  0.0238  0.0236  0.0239  0.0236  0.0239  0.0234  0.0235
  0.0235  0.0235  0.0234  0.0235  0.0238  0.0236  0.0235  0.0236  0.0234  0.0236  0.0234  0.0234
  0.0234  0.0234  0.0234  0.0234  0.0235  0.0234  0.0234  0.0234  0.0234  0.0234  0.0233  0.0233
  0.0233  0.0233  0.0233  0.0233  0.0233  0.0233  0.0233  0.0233  0.0233  0.0233  0.0233  0.0233
  0.0234  0.0234  0.0234  0.0234  0.0233  0.0234  0.0234  0.0234  0.0234  0.0234  0.0233  0.0234
  0.0235  0.0235  0.0234  0.0235  0.0236  0.0235  0.0235  0.0236  0.0234  0.0236  0.0234  0.0234
  0.0237  0.0238  0.0235  0.0236  0.0240  0.0238  0.0236  0.0239  0.0236  0.0239  0.0234  0.0235
   -2.1377   24.0316   14.9681  -16.7026  -17.4402  -12.7580
   -3.1315    8.1684    1.4826    9.3233   -8.9844  -11.5625
eta,q 0.97667 12.27980

---------------------------------------------------------------------
compute_vox2vox talsrcimg talsrcimg_to_711-2C_as_mni_average_305_t4 /opt/freesurfer/average/711-2C_as_mni_average_305
---------------------------------------------------------------------

freesurfer compute_vox2vox.c
Reading: talsrcimg.4dfp.ifh
Reading: talsrcimg_to_711-2C_as_mni_average_305_t4
Reading: /opt/freesurfer/average/711-2C_as_mni_average_305.4dfp.ifh
Writing: talsrcimg_to_711-2C_as_mni_average_305_t4_vox2vox.txt

start time Mon Mar 9 00:18:36 CET 2026
end		time Mon Mar 9 00:20:03 CET 2026

mpr2mni305 success

avi2talxfm orig_nu.mgz /opt/freesurfer/average/mni305.cor.mgz talsrcimg_to_711-2C_as_mni_average_305_t4_vox2vox.txt transforms/talairach.auto.xfm
avi2talxfm done
mv -f /out/sourcedata/freesurfer/sub-v1s16x0051191_ses-1/mri/talsrcimg_to_711-2C_as_mni_average_305_t4_vox2vox.txt /out/sourcedata/freesurfer/sub-v1s16x0051191_ses-1/mri/transforms/talsrcimg_to_711-2C_as_mni_average_305_t4_vox2vox.txt
lta_convert --src orig_nu.mgz --trg /opt/freesurfer/average/mni305.cor.mgz --inxfm transforms/talairach.auto.xfm --outlta transforms/talairach.auto.xfm.lta --subject fsaverage
7.3.2

--src: orig_nu.mgz src image (geometry).
--trg: /opt/freesurfer/average/mni305.cor.mgz trg image (geometry).
--inmni: transforms/talairach.auto.xfm input MNI/XFM transform.
--outlta: transforms/talairach.auto.xfm.lta output LTA.
--s: fsaverage subject name
 LTA read, type : 1
 1.18767  -0.11430   0.02904  -7.50648;
 0.11772   1.11801   0.16104  -8.72169;
-0.03462  -0.12420   1.19254  -31.45425;
 0.00000   0.00000   0.00000   1.00000;
setting subject to fsaverage
Writing  LTA to file transforms/talairach.auto.xfm.lta...
lta_convert successful.
 
 
Started at Mon Mar 9 00:18:36 CET 2026
Ended   at Mon Mar  9 00:20:04 CET 2026
talairach_avi done
