status file for recon-all
Sun Mar  8 22:39:32 CET 2026
#@# MotionCor Sun Mar  8 22:39:33 CET 2026
#@# Talairach Sun Mar  8 22:39:42 CET 2026
#@# Talairach Failure Detection Sun Mar  8 22:44:11 CET 2026
#@# Nu Intensity Correction Sun Mar  8 22:44:11 CET 2026
#@# Intensity Normalization Sun Mar  8 22:47:27 CET 2026
recon-all -s sub-v1s16x0051173_ses-1 finished without error at Sun Mar  8 22:48:57 CET 2026



#New# invocation of recon-all 



status file for recon-all
Sun Mar  8 22:55:57 CET 2026
#@# EM Registration Sun Mar  8 22:55:57 CET 2026
recon-all -s sub-v1s16x0051173_ses-1 finished without error at Sun Mar  8 22:58:36 CET 2026



#New# invocation of recon-all 



status file for recon-all
Sun Mar  8 22:58:40 CET 2026
#@# CA Normalize Sun Mar  8 22:58:40 CET 2026
#@# CA Reg Sun Mar  8 23:00:03 CET 2026
#@# SubCort Seg Mon Mar  9 00:03:10 CET 2026
#@# CC Seg Mon Mar  9 00:32:11 CET 2026
#@# Merge ASeg Mon Mar  9 00:32:43 CET 2026
#@# Intensity Normalization2 Mon Mar  9 00:32:43 CET 2026
#@# Mask BFS Mon Mar  9 00:34:58 CET 2026
#@# WM Segmentation Mon Mar  9 00:34:59 CET 2026
#@# Fill Mon Mar  9 00:36:55 CET 2026
recon-all -s sub-v1s16x0051173_ses-1 finished without error at Mon Mar  9 00:38:01 CET 2026



#New# invocation of recon-all 



status file for recon-all
Mon Mar  9 01:20:31 CET 2026
#@# white curv lh Mon Mar  9 01:20:31 CET 2026
#@# white area lh Mon Mar  9 01:20:31 CET 2026
#@# pial curv lh Mon Mar  9 01:20:31 CET 2026
#@# pial area lh Mon Mar  9 01:20:31 CET 2026
#@# thickness lh Mon Mar  9 01:20:31 CET 2026
#@# area and vertex vol lh Mon Mar  9 01:20:31 CET 2026
#@# white curv rh Mon Mar  9 01:20:31 CET 2026
#@# white area rh Mon Mar  9 01:20:31 CET 2026
#@# pial curv rh Mon Mar  9 01:20:31 CET 2026
#@# pial area rh Mon Mar  9 01:20:31 CET 2026
#@# thickness rh Mon Mar  9 01:20:31 CET 2026
#@# area and vertex vol rh Mon Mar  9 01:20:31 CET 2026
#@# Cortical ribbon mask Mon Mar  9 01:20:31 CET 2026
recon-all -s sub-v1s16x0051173_ses-1 finished without error at Mon Mar  9 01:24:00 CET 2026



#New# invocation of recon-all 



status file for recon-all
Mon Mar  9 01:29:40 CET 2026
#@# white curv lh Mon Mar  9 01:29:40 CET 2026
#@# white area lh Mon Mar  9 01:29:40 CET 2026
#@# pial curv lh Mon Mar  9 01:29:40 CET 2026
#@# pial area lh Mon Mar  9 01:29:40 CET 2026
#@# thickness lh Mon Mar  9 01:29:40 CET 2026
#@# area and vertex vol lh Mon Mar  9 01:29:40 CET 2026
#@# white curv rh Mon Mar  9 01:29:40 CET 2026
#@# white area rh Mon Mar  9 01:29:40 CET 2026
#@# pial curv rh Mon Mar  9 01:29:40 CET 2026
#@# pial area rh Mon Mar  9 01:29:40 CET 2026
#@# thickness rh Mon Mar  9 01:29:40 CET 2026
#@# area and vertex vol rh Mon Mar  9 01:29:40 CET 2026
#@# Curvature Stats lh Mon Mar  9 01:29:40 CET 2026
#@# Curvature Stats rh Mon Mar  9 01:29:42 CET 2026
#@# Relabel Hypointensities Mon Mar  9 01:29:44 CET 2026
#@# APas-to-ASeg Mon Mar  9 01:29:59 CET 2026
#@# AParc-to-ASeg aparc Mon Mar  9 01:30:06 CET 2026
#@# AParc-to-ASeg aparc.a2009s Mon Mar  9 01:30:27 CET 2026
#@# AParc-to-ASeg aparc.DKTatlas Mon Mar  9 01:30:49 CET 2026
#@# WMParc Mon Mar  9 01:31:10 CET 2026
#@# ASeg Stats Mon Mar  9 01:35:23 CET 2026
recon-all -s sub-v1s16x0051173_ses-1 finished without error at Mon Mar  9 01:36:04 CET 2026
