status file for recon-all
Mon Mar  9 00:38:05 CET 2026
#@# Tessellate lh Mon Mar  9 00:38:05 CET 2026
#@# Smooth1 lh Mon Mar  9 00:38:08 CET 2026
#@# Inflation1 lh Mon Mar  9 00:38:11 CET 2026
#@# QSphere lh Mon Mar  9 00:38:21 CET 2026
#@# Fix Topology lh Mon Mar  9 00:39:27 CET 2026
#@# Smooth2 lh Mon Mar  9 00:44:44 CET 2026
#@# Inflation2 lh Mon Mar  9 00:44:46 CET 2026
#@# Curv .H and .K lh Mon Mar  9 00:44:57 CET 2026
#@# Sphere lh Mon Mar  9 00:45:33 CET 2026
#@# Surf Reg lh Mon Mar  9 00:49:34 CET 2026
#@# Jacobian white lh Mon Mar  9 00:53:22 CET 2026
#@# AvgCurv lh Mon Mar  9 00:53:23 CET 2026
#@# Cortical Parc lh Mon Mar  9 00:53:24 CET 2026
#@# white curv lh Mon Mar  9 00:58:26 CET 2026
#@# white area lh Mon Mar  9 00:58:28 CET 2026
#@# pial curv lh Mon Mar  9 00:58:29 CET 2026
#@# pial area lh Mon Mar  9 00:58:30 CET 2026
#@# thickness lh Mon Mar  9 00:58:31 CET 2026
#@# area and vertex vol lh Mon Mar  9 00:58:56 CET 2026
#@# Curvature Stats lh Mon Mar  9 00:58:57 CET 2026
#@# Cortical Parc 2 lh Mon Mar  9 00:58:59 CET 2026
#@# Cortical Parc 3 lh Mon Mar  9 00:59:10 CET 2026
#@# WM/GM Contrast lh Mon Mar  9 00:59:19 CET 2026
recon-all -s sub-v1s16x0051173_ses-1 finished without error at Mon Mar  9 00:59:22 CET 2026



#New# invocation of recon-all 



status file for recon-all
Mon Mar  9 01:24:05 CET 2026
#@# white curv lh Mon Mar  9 01:24:05 CET 2026
#@# white area lh Mon Mar  9 01:24:05 CET 2026
#@# pial curv lh Mon Mar  9 01:24:05 CET 2026
#@# pial area lh Mon Mar  9 01:24:05 CET 2026
#@# thickness lh Mon Mar  9 01:24:05 CET 2026
#@# area and vertex vol lh Mon Mar  9 01:24:05 CET 2026
#@# Parcellation Stats lh Mon Mar  9 01:24:05 CET 2026
#@# Parcellation Stats 2 lh Mon Mar  9 01:24:18 CET 2026
#@# Parcellation Stats 3 lh Mon Mar  9 01:24:24 CET 2026
#@# BA_exvivo Labels lh Mon Mar  9 01:24:31 CET 2026
recon-all -s sub-v1s16x0051173_ses-1 finished without error at Mon Mar  9 01:26:51 CET 2026
