/out/sourcedata/freesurfer/sub-v1s16x0051198_ses-1/mri
/opt/freesurfer/bin/talairach_avi
--i orig_nu.mgz --xfm transforms/talairach.auto.xfm
talairach_avi 7.3.2
Linux dna061 5.14.0-427.37.1.el9_4.x86_64 #1 SMP PREEMPT_DYNAMIC Fri Sep 13 12:41:50 EDT 2024 x86_64 x86_64 x86_64 GNU/Linux
Mon Mar  9 00:45:28 CET 2026
mri_convert orig_nu.mgz talsrcimg.img 
reading from orig_nu.mgz...
TR=0.00, TE=0.00, TI=0.00, flip angle=0.00
i_ras = (-1, 0, 0)
j_ras = (0, 0, -1)
k_ras = (0, 1, 0)
writing to talsrcimg.img...
Analyze Output Matrix
-1.00000   0.00000   0.00000   132.93617;
 0.00000   0.00000   1.00000  -121.76099;
 0.00000  -1.00000   0.00000   130.60416;
 0.00000   0.00000   0.00000   1.00000;
--------------------
INFO: set hdr.hist.orient to -1
mpr2mni305 talsrcimg
Mon Mar  9 00:45:28 CET 2026
/opt/freesurfer/bin/mpr2mni305 talsrcimg
mpr2mni305 7.3.2
target=711-2C_as_mni_average_305

---------------------------------------------------------------------
analyzeto4dfp talsrcimg -O0 -y
---------------------------------------------------------------------

freesurfer ifh2hdr.c
Mon Mar  9 00:45:28 2026
Writing: talsrcimg.4dfp.hdr
freesurfer analyzeto4dfp.c
Reading: talsrcimg.hdr
header size 348 bytes
hdr.dime.datatype	offset=70	value=2
hdr.dime.bitpix		offset=72	value=8
hdr.hist.orient		offset=252	value=-1
dimensionality     4
dimensions       256       256       256         1
Reading: talsrcimg.img
Writing: talsrcimg.4dfp.img
Writing: talsrcimg.4dfp.ifh
ifh2hdr talsrcimg -r0to225
ori=2

---------------------------------------------------------------------
gauss_4dfp talsrcimg 1.1
---------------------------------------------------------------------

freesurfer gauss_4dfp.c
Reading: talsrcimg.4dfp.img
Writing: talsrcimg_g11.4dfp.img
image dimensions 256 256 256 padded to 288 288 288
processing volume 1freesurfer ifh2hdr.c
Mon Mar  9 00:45:30 2026
Writing: talsrcimg_g11.4dfp.hdr

Writing: talsrcimg_g11.4dfp.ifh
including: talsrcimg.4dfp.img.rec in talsrcimg_g11.4dfp.img.rec

---------------------------------------------------------------------
imgreg_4dfp /opt/freesurfer/average/711-2C_as_mni_average_305 none talsrcimg_g11 none talsrcimg_to_711-2C_as_mni_average_305_t4 4355
---------------------------------------------------------------------

freesurfer imgreg_4dfp.c
/opt/freesurfer/average/711-2C_as_mni_average_305.4dfp.img
       256       256       256         1
  1.000000  1.000000  1.000000
orientation T byte_order littleendian
Reading image: /opt/freesurfer/average/711-2C_as_mni_average_305.4dfp.img
dimensions:      256       256       256
mmppix:       1.0000   -1.0000   -1.0000
center:     128.0000 -129.0000 -129.0000
talsrcimg_g11.4dfp.img
       256       256       256         1
  1.000000  1.000000  1.000000
orientation T byte_order littleendian
Reading image: talsrcimg_g11.4dfp.img
dimensions:      256       256       256
mmppix:       1.0000   -1.0000   -1.0000
center:     128.0000 -129.0000 -129.0000
t4_read: open error in t4_sub.f l:  41 t4_file(1:l)talsrcimg_to_711-2C_as_mni_average_305_t4 
t4_read: transform initialized to I4
rotation matrix determinant  1.000000
image alignment mode   4355 decimal     1103 hex
   -7.5000  -45.0000  -45.0000 5711.0864   26.2826
    0.0000  -45.0000  -45.0000 5994.5229   26.3920
    7.5000  -45.0000  -45.0000 5791.5923   26.3905
   -7.5000  -37.5000  -45.0000 6200.6377   25.8040
    0.0000  -37.5000  -45.0000 6508.2397   25.9049
    7.5000  -37.5000  -45.0000 6288.8823   25.8941
   -7.5000  -30.0000  -45.0000 6968.0444   25.5378
    0.0000  -30.0000  -45.0000 7305.7588   25.6377
    7.5000  -30.0000  -45.0000 7030.2559   25.6084
   -7.5000  -22.5000  -45.0000 7730.2192   25.4434
    0.0000  -22.5000  -45.0000 8109.2139   25.5501
    7.5000  -22.5000  -45.0000 7811.5435   25.5126
   -7.5000  -15.0000  -45.0000 8544.7090   25.4015
    0.0000  -15.0000  -45.0000 8957.9209   25.5131
    7.5000  -15.0000  -45.0000 8610.5762   25.4830
   -7.5000   -7.5000  -45.0000 9349.5869   25.3794
    0.0000   -7.5000  -45.0000 9831.1514   25.4880
    7.5000   -7.5000  -45.0000 9472.5703   25.4760
   -7.5000    0.0000  -45.000010002.4863   25.3963
    0.0000    0.0000  -45.000010539.7246   25.4985
    7.5000    0.0000  -45.000010144.3291   25.4976
   -7.5000    7.5000  -45.0000 9890.7510   25.4394
    0.0000    7.5000  -45.000010413.1426   25.5374
    7.5000    7.5000  -45.0000 9993.6270   25.5264
   -7.5000   15.0000  -45.0000 9705.0205   25.4640
    0.0000   15.0000  -45.000010206.0195   25.5635
    7.5000   15.0000  -45.0000 9787.8633   25.5341
   -7.5000   22.5000  -45.0000 9463.4150   25.4395
    0.0000   22.5000  -45.0000 9959.2090   25.5461
    7.5000   22.5000  -45.0000 9571.3945   25.5087
   -7.5000   30.0000  -45.0000 9217.1055   25.0630
    0.0000   30.0000  -45.0000 9698.7314   25.1731
    7.5000   30.0000  -45.0000 9319.6709   25.1434
   -7.5000   37.5000  -45.0000 9268.5215   25.0412
    0.0000   37.5000  -45.0000 9735.8652   25.1483
    7.5000   37.5000  -45.0000 9358.8242   25.1365
   -7.5000   45.0000  -45.0000 8776.7705   24.4216
    0.0000   45.0000  -45.0000 9214.7510   24.5198
    7.5000   45.0000  -45.0000 8848.1406   24.5190
   -7.5000  -45.0000  -37.5000 6120.4937   25.9636
    0.0000  -45.0000  -37.5000 6428.2271   26.0860
    7.5000  -45.0000  -37.5000 6212.3374   26.0746
   -7.5000  -37.5000  -37.5000 6644.9438   25.5035
    0.0000  -37.5000  -37.5000 6963.6860   25.6286
    7.5000  -37.5000  -37.5000 6707.7246   25.6125
   -7.5000  -30.0000  -37.5000 7445.7681   25.2359
    0.0000  -30.0000  -37.5000 7816.9170   25.3681
    7.5000  -30.0000  -37.5000 7518.3706   25.3420
   -7.5000  -22.5000  -37.5000 8278.3428   25.1251
    0.0000  -22.5000  -37.5000 8686.0518   25.2592
    7.5000  -22.5000  -37.5000 8357.4414   25.2283
   -7.5000  -15.0000  -37.5000 9149.0801   25.0711
    0.0000  -15.0000  -37.5000 9600.7803   25.1975
    7.5000  -15.0000  -37.5000 9264.2451   25.1693
   -7.5000   -7.5000  -37.5000 9982.5977   25.0564
    0.0000   -7.5000  -37.500010508.7559   25.1731
    7.5000   -7.5000  -37.500010122.3311   25.1554
   -7.5000    0.0000  -37.500010674.7637   25.0908
    0.0000    0.0000  -37.500011248.1045   25.2051
    7.5000    0.0000  -37.500010855.5820   25.1943
   -7.5000    7.5000  -37.500010511.0879   25.1445
    0.0000    7.5000  -37.500011107.3535   25.2660
    7.5000    7.5000  -37.500010656.9990   25.2495
   -7.5000   15.0000  -37.500010266.9346   25.1637
    0.0000   15.0000  -37.500010847.3652   25.2952
    7.5000   15.0000  -37.500010425.3906   25.2691
   -7.5000   22.5000  -37.500010000.6865   25.1213
    0.0000   22.5000  -37.500010556.0957   25.2553
    7.5000   22.5000  -37.500010131.7129   25.2244
   -7.5000   30.0000  -37.5000 9745.8408   24.7370
    0.0000   30.0000  -37.500010301.3389   24.8617
    7.5000   30.0000  -37.5000 9856.5156   24.8339
   -7.5000   37.5000  -37.5000 9805.5566   24.7225
    0.0000   37.5000  -37.500010362.6357   24.8377
    7.5000   37.5000  -37.5000 9883.5166   24.8202
   -7.5000   45.0000  -37.5000 9276.4590   24.1279
    0.0000   45.0000  -37.5000 9791.0537   24.2377
    7.5000   45.0000  -37.5000 9328.1816   24.2274
   -7.5000  -45.0000  -30.0000 6629.9946   26.9025
    0.0000  -45.0000  -30.0000 6967.7412   27.0520
    7.5000  -45.0000  -30.0000 6735.2065   27.0560
   -7.5000  -37.5000  -30.0000 7212.5361   26.4330
    0.0000  -37.5000  -30.0000 7576.2563   26.5861
    7.5000  -37.5000  -30.0000 7294.8892   26.5815
   -7.5000  -30.0000  -30.0000 8085.6235   26.1530
    0.0000  -30.0000  -30.0000 8497.8281   26.3152
    7.5000  -30.0000  -30.0000 8178.8374   26.3093
   -7.5000  -22.5000  -30.0000 9009.3359   26.0241
    0.0000  -22.5000  -30.0000 9479.9717   26.1890
    7.5000  -22.5000  -30.0000 9098.2998   26.1913
   -7.5000  -15.0000  -30.0000 9929.4570   25.9561
    0.0000  -15.0000  -30.000010466.1055   26.1121
    7.5000  -15.0000  -30.000010034.5195   26.1213
   -7.5000   -7.5000  -30.000010821.6133   25.9455
    0.0000   -7.5000  -30.000011404.0674   26.0889
    7.5000   -7.5000  -30.000010931.0605   26.0985
   -7.5000    0.0000  -30.000011572.1416   25.9965
    0.0000    0.0000  -30.000012197.5977   26.1360
    7.5000    0.0000  -30.000011701.7715   26.1393
   -7.5000    7.5000  -30.000011394.7490   26.0619
    0.0000    7.5000  -30.000012049.1123   26.2105
    7.5000    7.5000  -30.000011527.8271   26.2053
   -7.5000   15.0000  -30.000011137.3555   26.0784
    0.0000   15.0000  -30.000011781.0547   26.2399
    7.5000   15.0000  -30.000011278.9102   26.2340
   -7.5000   22.5000  -30.000010805.3994   26.0174
    0.0000   22.5000  -30.000011450.7246   26.1823
    7.5000   22.5000  -30.000010946.9658   26.1845
   -7.5000   30.0000  -30.000010492.0029   25.6127
    0.0000   30.0000  -30.000011130.5615   25.7666
    7.5000   30.0000  -30.000010611.3535   25.7757
   -7.5000   37.5000  -30.000010523.5674   25.6021
    0.0000   37.5000  -30.000011156.3672   25.7437
    7.5000   37.5000  -30.000010595.2578   25.7531
   -7.5000   45.0000  -30.0000 9939.4082   25.0171
    0.0000   45.0000  -30.000010517.3994   25.1513
    7.5000   45.0000  -30.0000 9981.4961   25.1545
   -7.5000  -45.0000  -22.5000 7177.0376   27.7887
    0.0000  -45.0000  -22.5000 7565.6147   27.9514
    7.5000  -45.0000  -22.5000 7283.6855   27.9839
   -7.5000  -37.5000  -22.5000 7822.0000   27.2961
    0.0000  -37.5000  -22.5000 8229.3262   27.4506
    7.5000  -37.5000  -22.5000 7904.5854   27.4668
   -7.5000  -30.0000  -22.5000 8772.2793   27.0071
    0.0000  -30.0000  -22.5000 9257.9600   27.1631
    7.5000  -30.0000  -22.5000 8881.8975   27.1787
   -7.5000  -22.5000  -22.5000 9733.9727   26.8841
    0.0000  -22.5000  -22.500010300.0986   27.0485
    7.5000  -22.5000  -22.5000 9867.7266   27.0819
   -7.5000  -15.0000  -22.500010720.8262   26.8218
    0.0000  -15.0000  -22.500011360.9941   26.9894
    7.5000  -15.0000  -22.500010851.4365   27.0386
   -7.5000   -7.5000  -22.500011684.5645   26.8089
    0.0000   -7.5000  -22.500012349.6133   26.9690
    7.5000   -7.5000  -22.500011812.9004   27.0155
   -7.5000    0.0000  -22.500012502.3926   26.8536
    0.0000    0.0000  -22.500013184.9668   27.0052
    7.5000    0.0000  -22.500012604.3848   27.0354
   -7.5000    7.5000  -22.500012343.5830   26.9131
    0.0000    7.5000  -22.500013035.5703   27.0632
    7.5000    7.5000  -22.500012448.2305   27.0783
   -7.5000   15.0000  -22.500012058.5879   26.9303
    0.0000   15.0000  -22.500012799.7900   27.0856
    7.5000   15.0000  -22.500012213.5449   27.1012
   -7.5000   22.5000  -22.500011671.0742   26.8753
    0.0000   22.5000  -22.500012425.0635   27.0397
    7.5000   22.5000  -22.500011820.0381   27.0731
   -7.5000   30.0000  -22.500011266.2910   26.4709
    0.0000   30.0000  -22.500012026.6689   26.6364
    7.5000   30.0000  -22.500011420.3320   26.6849
   -7.5000   37.5000  -22.500011281.2744   26.4582
    0.0000   37.5000  -22.500011999.0781   26.6162
    7.5000   37.5000  -22.500011382.0967   26.6621
   -7.5000   45.0000  -22.500010635.7520   25.8614
    0.0000   45.0000  -22.500011268.0283   26.0074
    7.5000   45.0000  -22.500010694.6016   26.0364
   -7.5000  -45.0000  -15.0000 7695.4243   28.4553
    0.0000  -45.0000  -15.0000 8129.5591   28.6072
    7.5000  -45.0000  -15.0000 7818.1138   28.6535
   -7.5000  -37.5000  -15.0000 8396.5713   27.9356
    0.0000  -37.5000  -15.0000 8851.6709   28.0680
    7.5000  -37.5000  -15.0000 8503.6875   28.0932
   -7.5000  -30.0000  -15.0000 9428.1201   27.6420
    0.0000  -30.0000  -15.0000 9959.0762   27.7674
    7.5000  -30.0000  -15.0000 9574.5488   27.7839
   -7.5000  -22.5000  -15.000010446.0293   27.5378
    0.0000  -22.5000  -15.000011064.6992   27.6758
    7.5000  -22.5000  -15.000010630.5820   27.7078
   -7.5000  -15.0000  -15.000011480.1084   27.4919
    0.0000  -15.0000  -15.000012177.4121   27.6456
    7.5000  -15.0000  -15.000011678.9639   27.6987
   -7.5000   -7.5000  -15.000012482.5039   27.4737
    0.0000   -7.5000  -15.000013259.4365   27.6271
    7.5000   -7.5000  -15.000012710.4941   27.6841
   -7.5000    0.0000  -15.000013375.2998   27.4991
    0.0000    0.0000  -15.000014149.5000   27.6406
    7.5000    0.0000  -15.000013577.5723   27.6842
   -7.5000    7.5000  -15.000013228.6260   27.5436
    0.0000    7.5000  -15.000014041.5410   27.6723
    7.5000    7.5000  -15.000013444.2588   27.6965
   -7.5000   15.0000  -15.000012926.5059   27.5637
    0.0000   15.0000  -15.000013796.8496   27.6885
    7.5000   15.0000  -15.000013149.9561   27.7049
   -7.5000   22.5000  -15.000012487.2021   27.5276
    0.0000   22.5000  -15.000013375.0488   27.6655
    7.5000   22.5000  -15.000012705.5264   27.6975
   -7.5000   30.0000  -15.000012021.3008   27.1361
    0.0000   30.0000  -15.000012892.9336   27.2879
    7.5000   30.0000  -15.000012273.4951   27.3402
   -7.5000   37.5000  -15.000012022.8975   27.1182
    0.0000   37.5000  -15.000012841.9316   27.2696
    7.5000   37.5000  -15.000012188.3135   27.3258
   -7.5000   45.0000  -15.000011315.2334   26.4990
    0.0000   45.0000  -15.000012065.6729   26.6354
    7.5000   45.0000  -15.000011442.3115   26.6773
   -7.5000  -45.0000   -7.5000 8298.6074   28.8307
    0.0000  -45.0000   -7.5000 8759.8604   28.9612
    7.5000  -45.0000   -7.5000 8428.0791   28.9898
   -7.5000  -37.5000   -7.5000 9050.8125   28.2979
    0.0000  -37.5000   -7.5000 9542.0029   28.4086
    7.5000  -37.5000   -7.5000 9197.4121   28.4194
   -7.5000  -30.0000   -7.500010140.2061   28.0034
    0.0000  -30.0000   -7.500010714.1807   28.1054
    7.5000  -30.0000   -7.500010344.2139   28.0981
   -7.5000  -22.5000   -7.500011270.3594   27.9085
    0.0000  -22.5000   -7.500011903.1152   28.0219
    7.5000  -22.5000   -7.500011501.9688   28.0166
   -7.5000  -15.0000   -7.500012339.1260   27.8709
    0.0000  -15.0000   -7.500013041.1553   28.0008
    7.5000  -15.0000   -7.500012626.7344   28.0123
   -7.5000   -7.5000   -7.500013397.3682   27.8489
    0.0000   -7.5000   -7.500014202.3906   27.9809
    7.5000   -7.5000   -7.500013761.7080   28.0076
   -7.5000    0.0000   -7.500014331.3018   27.8625
    0.0000    0.0000   -7.500015214.7959   27.9841
    7.5000    0.0000   -7.500014750.8926   28.0115
   -7.5000    7.5000   -7.500014154.6680   27.9005
    0.0000    7.5000   -7.500015165.6992   28.0082
    7.5000    7.5000   -7.500014616.1240   28.0184
   -7.5000   15.0000   -7.500013750.2695   27.9241
    0.0000   15.0000   -7.500014813.6338   28.0256
    7.5000   15.0000   -7.500014233.1221   28.0183
   -7.5000   22.5000   -7.500013282.8740   27.8951
    0.0000   22.5000   -7.500014277.9912   28.0084
    7.5000   22.5000   -7.500013718.9912   28.0032
   -7.5000   30.0000   -7.500012854.3936   27.5094
    0.0000   30.0000   -7.500013808.3623   27.6377
    7.5000   30.0000   -7.500013266.4951   27.6490
   -7.5000   37.5000   -7.500012835.4014   27.4877
    0.0000   37.5000   -7.500013778.0400   27.6180
    7.5000   37.5000   -7.500013154.3281   27.6444
   -7.5000   45.0000   -7.500012016.0664   26.8542
    0.0000   45.0000   -7.500012892.7812   26.9714
    7.5000   45.0000   -7.500012280.6475   26.9978
   -7.5000  -45.0000    0.0000 8854.2070   28.9284
    0.0000  -45.0000    0.0000 9350.3643   29.0491
    7.5000  -45.0000    0.0000 9041.3301   29.0486
   -7.5000  -37.5000    0.0000 9613.3652   28.4005
    0.0000  -37.5000    0.000010168.8213   28.5118
    7.5000  -37.5000    0.0000 9860.3740   28.5014
   -7.5000  -30.0000    0.000010768.5410   28.1061
    0.0000  -30.0000    0.000011423.0791   28.2153
    7.5000  -30.0000    0.000011068.3037   28.1849
   -7.5000  -22.5000    0.000011969.5166   28.0030
    0.0000  -22.5000    0.000012677.0508   28.1187
    7.5000  -22.5000    0.000012266.3975   28.0793
   -7.5000  -15.0000    0.000013112.9219   27.9586
    0.0000  -15.0000    0.000013902.3535   28.0797
    7.5000  -15.0000    0.000013510.5342   28.0482
   -7.5000   -7.5000    0.000014271.6465   27.9369
    0.0000   -7.5000    0.000015106.2764   28.0557
    7.5000   -7.5000    0.000014715.4424   28.0437
   -7.5000    0.0000    0.000015250.0693   27.9562
    0.0000    0.0000    0.000016303.8740   28.0689
    7.5000    0.0000    0.000015883.1016   28.0690
   -7.5000    7.5000    0.000014989.3154   28.0015
    0.0000    7.5000    0.000016173.7871   28.1096
    7.5000    7.5000    0.000015785.7168   28.0990
   -7.5000   15.0000    0.000014467.1758   28.0263
    0.0000   15.0000    0.000015611.6260   28.1350
    7.5000   15.0000    0.000015284.8545   28.1045
   -7.5000   22.5000    0.000013981.7949   27.9896
    0.0000   22.5000    0.000015041.6943   28.1053
    7.5000   22.5000    0.000014755.0195   28.0659
   -7.5000   30.0000    0.000013566.5254   27.5968
    0.0000   30.0000    0.000014592.1182   27.7163
    7.5000   30.0000    0.000014264.0469   27.6853
   -7.5000   37.5000    0.000013534.0293   27.5754
    0.0000   37.5000    0.000014557.3320   27.6926
    7.5000   37.5000    0.000014108.2021   27.6808
   -7.5000   45.0000    0.000012656.9180   26.9465
    0.0000   45.0000    0.000013597.4033   27.0552
    7.5000   45.0000    0.000013107.1318   27.0553
   -7.5000  -45.0000    7.5000 8655.5664   28.9271
    0.0000  -45.0000    7.5000 9177.5879   29.0630
    7.5000  -45.0000    7.5000 8913.9287   29.0511
   -7.5000  -37.5000    7.5000 9432.4658   28.4135
    0.0000  -37.5000    7.5000 9989.8525   28.5522
    7.5000  -37.5000    7.5000 9721.3223   28.5348
   -7.5000  -30.0000    7.500010600.9941   28.1159
    0.0000  -30.0000    7.500011217.2949   28.2623
    7.5000  -30.0000    7.500010909.9375   28.2337
   -7.5000  -22.5000    7.500011786.9648   27.9914
    0.0000  -22.5000    7.500012445.9834   28.1401
    7.5000  -22.5000    7.500012089.6641   28.1062
   -7.5000  -15.0000    7.500012965.1357   27.9301
    0.0000  -15.0000    7.500013655.7764   28.0705
    7.5000  -15.0000    7.500013264.5635   28.0398
   -7.5000   -7.5000    7.500014176.1523   27.9140
    0.0000   -7.5000    7.500014975.7256   28.0438
    7.5000   -7.5000    7.500014631.0361   28.0249
   -7.5000    0.0000    7.500015079.2100   27.9537
    0.0000    0.0000    7.500016164.7129   28.0806
    7.5000    0.0000    7.500015924.0547   28.0693
   -7.5000    7.5000    7.500014670.0137   28.0146
    0.0000    7.5000    7.500015780.5293   28.1491
    7.5000    7.5000    7.500015717.4150   28.1315
   -7.5000   15.0000    7.500014163.0098   28.0358
    0.0000   15.0000    7.500015171.0098   28.1815
    7.5000   15.0000    7.500015213.0342   28.1529
   -7.5000   22.5000    7.500013723.3037   27.9781
    0.0000   22.5000    7.500014690.0791   28.1266
    7.5000   22.5000    7.500014758.7871   28.0928
   -7.5000   30.0000    7.500013335.7471   27.5686
    0.0000   30.0000    7.500014327.5732   27.7072
    7.5000   30.0000    7.500014280.7686   27.6769
   -7.5000   37.5000    7.500013237.2080   27.5528
    0.0000   37.5000    7.500014253.2246   27.6809
    7.5000   37.5000    7.500014068.2822   27.6622
   -7.5000   45.0000    7.500012351.1953   26.9441
    0.0000   45.0000    7.500013321.5820   27.0664
    7.5000   45.0000    7.500013022.2930   27.0556
   -7.5000  -45.0000   15.0000 8382.2910   28.8888
    0.0000  -45.0000   15.0000 8882.9883   29.0494
    7.5000  -45.0000   15.0000 8673.7139   29.0537
   -7.5000  -37.5000   15.0000 9134.3643   28.3847
    0.0000  -37.5000   15.0000 9713.9697   28.5491
    7.5000  -37.5000   15.0000 9422.9180   28.5441
   -7.5000  -30.0000   15.000010244.6807   28.0840
    0.0000  -30.0000   15.000010891.6455   28.2582
    7.5000  -30.0000   15.000010512.0107   28.2519
   -7.5000  -22.5000   15.000011353.3174   27.9456
    0.0000  -22.5000   15.000012027.6904   28.1227
    7.5000  -22.5000   15.000011615.6729   28.1251
   -7.5000  -15.0000   15.000012488.6768   27.8726
    0.0000  -15.0000   15.000013195.2305   28.0401
    7.5000  -15.0000   15.000012784.1807   28.0500
   -7.5000   -7.5000   15.000013739.6143   27.8612
    0.0000   -7.5000   15.000014597.8418   28.0151
    7.5000   -7.5000   15.000014263.5859   28.0255
   -7.5000    0.0000   15.000014761.3916   27.9160
    0.0000    0.0000   15.000015797.7832   28.0657
    7.5000    0.0000   15.000015589.1611   28.0693
   -7.5000    7.5000   15.000014340.5420   27.9862
    0.0000    7.5000   15.000015203.3096   28.1458
    7.5000    7.5000   15.000015300.9941   28.1402
   -7.5000   15.0000   15.000013781.8516   28.0039
    0.0000   15.0000   15.000014609.4980   28.1773
    7.5000   15.0000   15.000014872.0752   28.1711
   -7.5000   22.5000   15.000013365.5420   27.9322
    0.0000   22.5000   15.000014336.5264   28.1093
    7.5000   22.5000   15.000014509.7871   28.1117
   -7.5000   30.0000   15.000013015.2451   27.5119
    0.0000   30.0000   15.000014116.4102   27.6772
    7.5000   30.0000   15.000014034.2002   27.6870
   -7.5000   37.5000   15.000012910.7520   27.5006
    0.0000   37.5000   15.000014017.1709   27.6526
    7.5000   37.5000   15.000013736.8359   27.6628
   -7.5000   45.0000   15.000011982.2207   26.9078
    0.0000   45.0000   15.000012992.3545   27.0521
    7.5000   45.0000   15.000012639.3164   27.0555
   -7.5000  -45.0000   22.5000 7943.1714   28.8469
    0.0000  -45.0000   22.5000 8476.1230   29.0158
    7.5000  -45.0000   22.5000 8262.1416   29.0495
   -7.5000  -37.5000   22.5000 8694.2402   28.3356
    0.0000  -37.5000   22.5000 9279.2637   28.4959
    7.5000  -37.5000   22.5000 9017.7861   28.5127
   -7.5000  -30.0000   22.5000 9810.4307   28.0355
    0.0000  -30.0000   22.500010417.2715   28.1975
    7.5000  -30.0000   22.500010097.4951   28.2137
   -7.5000  -22.5000   22.500010871.5889   27.9078
    0.0000  -22.5000   22.500011526.6494   28.0785
    7.5000  -22.5000   22.500011180.7383   28.1132
   -7.5000  -15.0000   22.500011871.8242   27.8432
    0.0000  -15.0000   22.500012657.5488   28.0172
    7.5000  -15.0000   22.500012337.2363   28.0682
   -7.5000   -7.5000   22.500012970.5352   27.8298
    0.0000   -7.5000   22.500013970.5703   27.9960
    7.5000   -7.5000   22.500013520.1201   28.0442
   -7.5000    0.0000   22.500014129.2783   27.8762
    0.0000    0.0000   22.500015269.8330   28.0336
    7.5000    0.0000   22.500014566.2178   28.0649
   -7.5000    7.5000   22.500014083.2285   27.9379
    0.0000    7.5000   22.500015042.6592   28.0937
    7.5000    7.5000   22.500014419.3398   28.1095
   -7.5000   15.0000   22.500013642.8350   27.9558
    0.0000   15.0000   22.500014529.8770   28.1171
    7.5000   15.0000   22.500014099.4268   28.1332
   -7.5000   22.5000   22.500013179.6934   27.8945
    0.0000   22.5000   22.500014139.5508   28.0651
    7.5000   22.5000   22.500013771.1738   28.0997
   -7.5000   30.0000   22.500012711.6279   27.4828
    0.0000   30.0000   22.500013713.8271   27.6546
    7.5000   30.0000   22.500013329.7080   27.7049
   -7.5000   37.5000   22.500012484.1953   27.4696
    0.0000   37.5000   22.500013464.2285   27.6337
    7.5000   37.5000   22.500013052.5547   27.6813
   -7.5000   45.0000   22.500011481.1494   26.8695
    0.0000   45.0000   22.500012387.8838   27.0212
    7.5000   45.0000   22.500012006.8779   27.0513
   -7.5000  -45.0000   30.0000 7476.2578   28.8458
    0.0000  -45.0000   30.0000 7957.7759   28.9998
    7.5000  -45.0000   30.0000 7810.9019   29.0467
   -7.5000  -37.5000   30.0000 8165.0532   28.3190
    0.0000  -37.5000   30.0000 8708.0557   28.4532
    7.5000  -37.5000   30.0000 8468.0332   28.4787
   -7.5000  -30.0000   30.0000 9181.3906   28.0214
    0.0000  -30.0000   30.0000 9795.8330   28.1484
    7.5000  -30.0000   30.0000 9460.8643   28.1652
   -7.5000  -22.5000   30.000010178.6123   27.9157
    0.0000  -22.5000   30.000010898.7676   28.0556
    7.5000  -22.5000   30.000010508.3594   28.0880
   -7.5000  -15.0000   30.000011123.7305   27.8692
    0.0000  -15.0000   30.000012009.5107   28.0250
    7.5000  -15.0000   30.000011578.3398   28.0788
   -7.5000   -7.5000   30.000012147.1943   27.8508
    0.0000   -7.5000   30.000013246.7891   28.0063
    7.5000   -7.5000   30.000012626.5527   28.0640
   -7.5000    0.0000   30.000013138.2158   27.8765
    0.0000    0.0000   30.000014408.7139   28.0200
    7.5000    0.0000   30.000013520.3281   28.0641
   -7.5000    7.5000   30.000013181.3555   27.9216
    0.0000    7.5000   30.000014285.3965   28.0521
    7.5000    7.5000   30.000013398.3125   28.0766
   -7.5000   15.0000   30.000012934.0410   27.9419
    0.0000   15.0000   30.000013879.0996   28.0685
    7.5000   15.0000   30.000013128.5225   28.0852
   -7.5000   22.5000   30.000012496.6182   27.9024
    0.0000   22.5000   30.000013372.0830   28.0422
    7.5000   22.5000   30.000012793.1162   28.0746
   -7.5000   30.0000   30.000011999.5576   27.5085
    0.0000   30.0000   30.000012815.5781   27.6624
    7.5000   30.0000   30.000012386.8555   27.7154
   -7.5000   37.5000   30.000011713.6729   27.4903
    0.0000   37.5000   30.000012537.2578   27.6438
    7.5000   37.5000   30.000012161.4766   27.7008
   -7.5000   45.0000   30.000010743.2764   26.8698
    0.0000   45.0000   30.000011526.9307   27.0080
    7.5000   45.0000   30.000011196.3086   27.0506
   -7.5000  -45.0000   37.5000 7204.4663   28.9478
    0.0000  -45.0000   37.5000 7697.4644   29.0788
    7.5000  -45.0000   37.5000 7516.6733   29.1073
   -7.5000  -37.5000   37.5000 7887.4497   28.4119
    0.0000  -37.5000   37.5000 8416.5830   28.5230
    7.5000  -37.5000   37.5000 8152.8545   28.5335
   -7.5000  -30.0000   37.5000 8885.7822   28.1155
    0.0000  -30.0000   37.5000 9466.2822   28.2179
    7.5000  -30.0000   37.5000 9119.9521   28.2102
   -7.5000  -22.5000   37.5000 9872.5273   28.0198
    0.0000  -22.5000   37.500010516.7100   28.1337
    7.5000  -22.5000   37.500010140.5166   28.1282
   -7.5000  -15.0000   37.500010827.5938   27.9818
    0.0000  -15.0000   37.500011562.0117   28.1125
    7.5000  -15.0000   37.500011125.1455   28.1239
   -7.5000   -7.5000   37.500011803.6934   27.9598
    0.0000   -7.5000   37.500012615.6514   28.0925
    7.5000   -7.5000   37.500012102.6348   28.1191
   -7.5000    0.0000   37.500012659.8936   27.9737
    0.0000    0.0000   37.500013532.1914   28.0958
    7.5000    0.0000   37.500012939.6152   28.1232
   -7.5000    7.5000   37.500012579.2041   28.0122
    0.0000    7.5000   37.500013411.7559   28.1202
    7.5000    7.5000   37.500012804.4248   28.1301
   -7.5000   15.0000   37.500012355.9131   28.0356
    0.0000   15.0000   37.500013123.9043   28.1376
    7.5000   15.0000   37.500012550.0576   28.1298
   -7.5000   22.5000   37.500012009.1953   28.0064
    0.0000   22.5000   37.500012779.5918   28.1203
    7.5000   22.5000   37.500012247.2695   28.1147
   -7.5000   30.0000   37.500011615.4209   27.6197
    0.0000   30.0000   37.500012341.0586   27.7487
    7.5000   30.0000   37.500011879.3350   27.7599
   -7.5000   37.5000   37.500011365.1729   27.5979
    0.0000   37.5000   37.500012101.3135   27.7289
    7.5000   37.5000   37.500011679.2441   27.7552
   -7.5000   45.0000   37.500010443.4336   26.9635
    0.0000   45.0000   37.500011132.3594   27.0811
    7.5000   45.0000   37.500010766.3018   27.1075
   -7.5000  -45.0000   45.0000 6660.4937   29.1041
    0.0000  -45.0000   45.0000 7109.3828   29.2256
    7.5000  -45.0000   45.0000 6901.7881   29.2253
   -7.5000  -37.5000   45.0000 7304.4263   28.5695
    0.0000  -37.5000   45.0000 7753.2720   28.6817
    7.5000  -37.5000   45.0000 7489.4058   28.6714
   -7.5000  -30.0000   45.0000 8233.5566   28.2711
    0.0000  -30.0000   45.0000 8695.8740   28.3814
    7.5000  -30.0000   45.0000 8357.8184   28.3506
   -7.5000  -22.5000   45.0000 9141.2285   28.1653
    0.0000  -22.5000   45.0000 9629.5820   28.2825
    7.5000  -22.5000   45.0000 9262.4629   28.2425
   -7.5000  -15.0000   45.000010006.0410   28.1185
    0.0000  -15.0000   45.000010536.7441   28.2410
    7.5000  -15.0000   45.000010110.3672   28.2092
   -7.5000   -7.5000   45.000010873.6826   28.0955
    0.0000   -7.5000   45.000011444.5869   28.2154
    7.5000   -7.5000   45.000010965.8350   28.2035
   -7.5000    0.0000   45.000011633.5137   28.1160
    0.0000    0.0000   45.000012213.1885   28.2296
    7.5000    0.0000   45.000011731.2256   28.2299
   -7.5000    7.5000   45.000011478.7627   28.1639
    0.0000    7.5000   45.000012084.9365   28.2728
    7.5000    7.5000   45.000011623.8945   28.2624
   -7.5000   15.0000   45.000011230.7207   28.1899
    0.0000   15.0000   45.000011873.2402   28.2997
    7.5000   15.0000   45.000011382.8955   28.2689
   -7.5000   22.5000   45.000010932.0234   28.1518
    0.0000   22.5000   45.000011595.8047   28.2689
    7.5000   22.5000   45.000011100.0010   28.2290
   -7.5000   30.0000   45.000010659.9307   27.7522
    0.0000   30.0000   45.000011309.3252   27.8731
    7.5000   30.0000   45.000010824.7871   27.8417
   -7.5000   37.5000   45.000010477.2646   27.7295
    0.0000   37.5000   45.000011138.8232   27.8478
    7.5000   37.5000   45.000010668.3799   27.8360
   -7.5000   45.0000   45.0000 9637.6787   27.1129
    0.0000   45.0000   45.000010269.8857   27.2224
    7.5000   45.0000   45.0000 9832.3672   27.2227

---------------------------------------------------------------------
imgreg_4dfp /opt/freesurfer/average/711-2C_as_mni_average_305 /opt/freesurfer/average/711-2B_as_mni_average_305_mask talsrcimg_g11 none talsrcimg_to_711-2C_as_mni_average_305_t4 4355
---------------------------------------------------------------------

freesurfer imgreg_4dfp.c
/opt/freesurfer/average/711-2C_as_mni_average_305.4dfp.img
       256       256       256         1
  1.000000  1.000000  1.000000
orientation T byte_order littleendian
Reading image: /opt/freesurfer/average/711-2C_as_mni_average_305.4dfp.img
dimensions:      256       256       256
mmppix:       1.0000   -1.0000   -1.0000
center:     128.0000 -129.0000 -129.0000
/opt/freesurfer/average/711-2B_as_mni_average_305_mask.4dfp.img
       256       256       256         1
  1.000000  1.000000  1.000000
orientation T byte_order littleendian
Reading mask: /opt/freesurfer/average/711-2B_as_mni_average_305_mask.4dfp.img (2306576 pixels)
talsrcimg_g11.4dfp.img
       256       256       256         1
  1.000000  1.000000  1.000000
orientation T byte_order littleendian
Reading image: talsrcimg_g11.4dfp.img
dimensions:      256       256       256
mmppix:       1.0000   -1.0000   -1.0000
center:     128.0000 -129.0000 -129.0000
rotation matrix determinant  1.000000
image alignment mode   4355 decimal     1103 hex
   -7.5000  -45.0000  -45.0000 1637.3669   43.3610
    0.0000  -45.0000  -45.0000 1628.1110   43.5284
    7.5000  -45.0000  -45.0000 1613.9840   44.2889
   -7.5000  -37.5000  -45.0000 1756.6864   38.2336
    0.0000  -37.5000  -45.0000 1748.4917   38.2922
    7.5000  -37.5000  -45.0000 1733.5645   38.9442
   -7.5000  -30.0000  -45.0000 1865.7859   34.4887
    0.0000  -30.0000  -45.0000 1855.7405   34.4245
    7.5000  -30.0000  -45.0000 1830.8008   34.7517
   -7.5000  -22.5000  -45.0000 1945.1812   31.4217
    0.0000  -22.5000  -45.0000 1941.4039   31.3824
    7.5000  -22.5000  -45.0000 1922.2761   31.5125
   -7.5000  -15.0000  -45.0000 2030.1277   29.1110
    0.0000  -15.0000  -45.0000 2025.6224   29.1641
    7.5000  -15.0000  -45.0000 2000.6754   29.2714
   -7.5000   -7.5000  -45.0000 2104.3774   27.7375
    0.0000   -7.5000  -45.0000 2098.4646   27.6412
    7.5000   -7.5000  -45.0000 2080.3374   27.7428
   -7.5000    0.0000  -45.0000 2137.8271   26.7368
    0.0000    0.0000  -45.0000 2134.4451   26.6595
    7.5000    0.0000  -45.0000 2111.6997   26.8052
   -7.5000    7.5000  -45.0000 2148.8867   26.2557
    0.0000    7.5000  -45.0000 2143.9775   26.2035
    7.5000    7.5000  -45.0000 2119.8386   26.3846
   -7.5000   15.0000  -45.0000 2139.6770   26.3110
    0.0000   15.0000  -45.0000 2138.5913   26.2317
    7.5000   15.0000  -45.0000 2116.2178   26.4863
   -7.5000   22.5000  -45.0000 2129.8655   26.9817
    0.0000   22.5000  -45.0000 2125.4973   26.7590
    7.5000   22.5000  -45.0000 2098.9573   26.9685
   -7.5000   30.0000  -45.0000 2091.5132   28.1624
    0.0000   30.0000  -45.0000 2090.5061   27.8704
    7.5000   30.0000  -45.0000 2057.5542   28.0424
   -7.5000   37.5000  -45.0000 2040.2242   29.7116
    0.0000   37.5000  -45.0000 2033.1215   29.3273
    7.5000   37.5000  -45.0000 2012.9272   29.6516
   -7.5000   45.0000  -45.0000 1978.5725   31.8619
    0.0000   45.0000  -45.0000 1974.0410   31.4436
    7.5000   45.0000  -45.0000 1955.4464   31.9715
   -7.5000  -45.0000  -37.5000 1717.7128   39.7958
    0.0000  -45.0000  -37.5000 1711.9238   39.9860
    7.5000  -45.0000  -37.5000 1700.3921   40.6182
   -7.5000  -37.5000  -37.5000 1839.5619   35.0409
    0.0000  -37.5000  -37.5000 1828.3275   35.1444
    7.5000  -37.5000  -37.5000 1814.5701   35.6600
   -7.5000  -30.0000  -37.5000 1950.9211   31.5488
    0.0000  -30.0000  -37.5000 1944.4297   31.6009
    7.5000  -30.0000  -37.5000 1926.3988   31.9430
   -7.5000  -22.5000  -37.5000 2040.4097   28.9157
    0.0000  -22.5000  -37.5000 2041.4133   28.9770
    7.5000  -22.5000  -37.5000 2025.3344   29.1257
   -7.5000  -15.0000  -37.5000 2126.2107   26.8839
    0.0000  -15.0000  -37.5000 2126.9966   26.9212
    7.5000  -15.0000  -37.5000 2119.3184   26.9359
   -7.5000   -7.5000  -37.5000 2195.0562   25.4794
    0.0000   -7.5000  -37.5000 2198.1304   25.4997
    7.5000   -7.5000  -37.5000 2185.2874   25.4249
   -7.5000    0.0000  -37.5000 2233.9456   24.5721
    0.0000    0.0000  -37.5000 2240.2458   24.6171
    7.5000    0.0000  -37.5000 2222.8418   24.6280
   -7.5000    7.5000  -37.5000 2247.8933   24.1056
    0.0000    7.5000  -37.5000 2254.5449   24.1187
    7.5000    7.5000  -37.5000 2232.6750   24.1960
   -7.5000   15.0000  -37.5000 2240.4885   24.1480
    0.0000   15.0000  -37.5000 2250.9202   24.2154
    7.5000   15.0000  -37.5000 2225.8127   24.2267
   -7.5000   22.5000  -37.5000 2222.8127   24.6414
    0.0000   22.5000  -37.5000 2227.4653   24.5930
    7.5000   22.5000  -37.5000 2203.3450   24.6781
   -7.5000   30.0000  -37.5000 2193.6287   25.6304
    0.0000   30.0000  -37.5000 2194.4863   25.4836
    7.5000   30.0000  -37.5000 2163.4775   25.5965
   -7.5000   37.5000  -37.5000 2151.3191   27.0863
    0.0000   37.5000  -37.5000 2148.5969   26.8197
    7.5000   37.5000  -37.5000 2126.4434   27.0013
   -7.5000   45.0000  -37.5000 2084.6118   29.1362
    0.0000   45.0000  -37.5000 2084.4260   28.7954
    7.5000   45.0000  -37.5000 2062.6284   29.1323
   -7.5000  -45.0000  -30.0000 1816.2479   38.0577
    0.0000  -45.0000  -30.0000 1817.0138   38.2408
    7.5000  -45.0000  -30.0000 1810.3419   38.8056
   -7.5000  -37.5000  -30.0000 1945.9337   33.5470
    0.0000  -37.5000  -30.0000 1941.3628   33.7511
    7.5000  -37.5000  -30.0000 1935.0239   34.0489
   -7.5000  -30.0000  -30.0000 2061.1338   30.0575
    0.0000  -30.0000  -30.0000 2057.2959   30.2727
    7.5000  -30.0000  -30.0000 2051.1072   30.4972
   -7.5000  -22.5000  -30.0000 2165.3640   27.5429
    0.0000  -22.5000  -30.0000 2169.0969   27.6347
    7.5000  -22.5000  -30.0000 2158.9504   27.7753
   -7.5000  -15.0000  -30.0000 2257.6292   25.6225
    0.0000  -15.0000  -30.0000 2266.9272   25.6711
    7.5000  -15.0000  -30.0000 2252.0400   25.7393
   -7.5000   -7.5000  -30.0000 2326.2732   24.2612
    0.0000   -7.5000  -30.0000 2339.2102   24.3580
    7.5000   -7.5000  -30.0000 2319.6606   24.2811
   -7.5000    0.0000  -30.0000 2370.0874   23.4026
    0.0000    0.0000  -30.0000 2377.0337   23.4074
    7.5000    0.0000  -30.0000 2356.2283   23.4173
   -7.5000    7.5000  -30.0000 2391.8547   22.9726
    0.0000    7.5000  -30.0000 2400.5464   23.0299
    7.5000    7.5000  -30.0000 2378.1667   23.0689
   -7.5000   15.0000  -30.0000 2388.6201   23.0799
    0.0000   15.0000  -30.0000 2402.0288   23.1154
    7.5000   15.0000  -30.0000 2379.2810   23.0469
   -7.5000   22.5000  -30.0000 2370.8030   23.4526
    0.0000   22.5000  -30.0000 2383.6528   23.5341
    7.5000   22.5000  -30.0000 2359.5784   23.4515
   -7.5000   30.0000  -30.0000 2339.0798   24.3314
    0.0000   30.0000  -30.0000 2351.2437   24.3186
    7.5000   30.0000  -30.0000 2321.6606   24.3176
   -7.5000   37.5000  -30.0000 2293.4639   25.6602
    0.0000   37.5000  -30.0000 2302.8447   25.5554
    7.5000   37.5000  -30.0000 2273.3457   25.5636
   -7.5000   45.0000  -30.0000 2223.1304   27.6118
    0.0000   45.0000  -30.0000 2226.9038   27.4465
    7.5000   45.0000  -30.0000 2202.1404   27.6169
   -7.5000  -45.0000  -22.5000 1887.5072   36.2645
    0.0000  -45.0000  -22.5000 1895.3268   36.3892
    7.5000  -45.0000  -22.5000 1890.3547   36.7887
   -7.5000  -37.5000  -22.5000 2027.6317   31.9144
    0.0000  -37.5000  -22.5000 2028.0839   32.0753
    7.5000  -37.5000  -22.5000 2021.4160   32.3691
   -7.5000  -30.0000  -22.5000 2146.9346   28.6307
    0.0000  -30.0000  -22.5000 2156.2385   28.8217
    7.5000  -30.0000  -22.5000 2144.9583   28.9795
   -7.5000  -22.5000  -22.5000 2254.6509   26.0504
    0.0000  -22.5000  -22.5000 2267.5667   26.2015
    7.5000  -22.5000  -22.5000 2253.4927   26.2739
   -7.5000  -15.0000  -22.5000 2355.9998   24.1011
    0.0000  -15.0000  -22.5000 2375.8433   24.2389
    7.5000  -15.0000  -22.5000 2354.7820   24.3565
   -7.5000   -7.5000  -22.5000 2439.6843   22.8509
    0.0000   -7.5000  -22.5000 2450.2349   22.9134
    7.5000   -7.5000  -22.5000 2435.1682   23.0157
   -7.5000    0.0000  -22.5000 2486.7520   22.0677
    0.0000    0.0000  -22.5000 2491.6628   22.1022
    7.5000    0.0000  -22.5000 2471.2261   22.2110
   -7.5000    7.5000  -22.5000 2520.0923   21.7394
    0.0000    7.5000  -22.5000 2519.5356   21.7485
    7.5000    7.5000  -22.5000 2497.5510   21.7729
   -7.5000   15.0000  -22.5000 2526.1904   21.8024
    0.0000   15.0000  -22.5000 2531.9749   21.7935
    7.5000   15.0000  -22.5000 2514.2537   21.7855
   -7.5000   22.5000  -22.5000 2504.5925   22.1626
    0.0000   22.5000  -22.5000 2523.3479   22.1966
    7.5000   22.5000  -22.5000 2500.2371   22.1164
   -7.5000   30.0000  -22.5000 2465.6470   22.9317
    0.0000   30.0000  -22.5000 2487.6326   22.9904
    7.5000   30.0000  -22.5000 2458.9639   22.9623
   -7.5000   37.5000  -22.5000 2413.6416   24.1878
    0.0000   37.5000  -22.5000 2434.5908   24.2188
    7.5000   37.5000  -22.5000 2410.6619   24.2433
   -7.5000   45.0000  -22.5000 2342.1680   26.0282
    0.0000   45.0000  -22.5000 2354.1345   25.9649
    7.5000   45.0000  -22.5000 2329.6301   26.0741
   -7.5000  -45.0000  -15.0000 1923.8279   34.3711
    0.0000  -45.0000  -15.0000 1934.9237   34.5189
    7.5000  -45.0000  -15.0000 1927.0923   35.0078
   -7.5000  -37.5000  -15.0000 2069.6145   30.3255
    0.0000  -37.5000  -15.0000 2082.4077   30.4149
    7.5000  -37.5000  -15.0000 2069.0620   30.7261
   -7.5000  -30.0000  -15.0000 2203.4478   27.2007
    0.0000  -30.0000  -15.0000 2213.5806   27.2591
    7.5000  -30.0000  -15.0000 2202.2776   27.4817
   -7.5000  -22.5000  -15.0000 2316.7874   24.6870
    0.0000  -22.5000  -15.0000 2329.4456   24.8015
    7.5000  -22.5000  -15.0000 2322.9961   24.9454
   -7.5000  -15.0000  -15.0000 2424.4995   22.8507
    0.0000  -15.0000  -15.0000 2441.3591   22.9144
    7.5000  -15.0000  -15.0000 2427.2561   23.0159
   -7.5000   -7.5000  -15.0000 2507.1016   21.5339
    0.0000   -7.5000  -15.0000 2527.2722   21.6041
    7.5000   -7.5000  -15.0000 2511.0994   21.7070
   -7.5000    0.0000  -15.0000 2567.8511   20.8155
    0.0000    0.0000  -15.0000 2575.8604   20.8290
    7.5000    0.0000  -15.0000 2555.7908   20.9418
   -7.5000    7.5000  -15.0000 2601.9473   20.4433
    0.0000    7.5000  -15.0000 2605.4521   20.4969
    7.5000    7.5000  -15.0000 2588.9634   20.5785
   -7.5000   15.0000  -15.0000 2617.3655   20.4848
    0.0000   15.0000  -15.0000 2621.7273   20.5194
    7.5000   15.0000  -15.0000 2607.7009   20.5766
   -7.5000   22.5000  -15.0000 2602.5339   20.7813
    0.0000   22.5000  -15.0000 2620.8657   20.8692
    7.5000   22.5000  -15.0000 2598.3899   20.8533
   -7.5000   30.0000  -15.0000 2559.6475   21.5694
    0.0000   30.0000  -15.0000 2587.3179   21.5983
    7.5000   30.0000  -15.0000 2566.4937   21.6221
   -7.5000   37.5000  -15.0000 2505.4478   22.8195
    0.0000   37.5000  -15.0000 2532.3850   22.8457
    7.5000   37.5000  -15.0000 2508.5356   22.8704
   -7.5000   45.0000  -15.0000 2427.0691   24.6018
    0.0000   45.0000  -15.0000 2453.3440   24.5656
    7.5000   45.0000  -15.0000 2425.8171   24.6422
   -7.5000  -45.0000   -7.5000 1964.6300   33.1181
    0.0000  -45.0000   -7.5000 1967.5693   32.9534
    7.5000  -45.0000   -7.5000 1960.3546   33.2409
   -7.5000  -37.5000   -7.5000 2116.8638   29.1556
    0.0000  -37.5000   -7.5000 2121.9438   29.0352
    7.5000  -37.5000   -7.5000 2114.1199   29.3651
   -7.5000  -30.0000   -7.5000 2250.8916   26.1023
    0.0000  -30.0000   -7.5000 2258.8403   26.0395
    7.5000  -30.0000   -7.5000 2253.5962   26.3858
   -7.5000  -22.5000   -7.5000 2373.4353   23.6694
    0.0000  -22.5000   -7.5000 2378.6082   23.6841
    7.5000  -22.5000   -7.5000 2375.4529   23.9174
   -7.5000  -15.0000   -7.5000 2481.3853   21.7900
    0.0000  -15.0000   -7.5000 2489.3057   21.8157
    7.5000  -15.0000   -7.5000 2486.5110   21.9955
   -7.5000   -7.5000   -7.5000 2573.8389   20.4851
    0.0000   -7.5000   -7.5000 2592.4622   20.4844
    7.5000   -7.5000   -7.5000 2582.5620   20.6592
   -7.5000    0.0000   -7.5000 2631.8704   19.6570
    0.0000    0.0000   -7.5000 2644.4136   19.6645
    7.5000    0.0000   -7.5000 2638.0410   19.8543
   -7.5000    7.5000   -7.5000 2675.1707   19.3096
    0.0000    7.5000   -7.5000 2685.0508   19.3704
    7.5000    7.5000   -7.5000 2673.7297   19.4606
   -7.5000   15.0000   -7.5000 2681.2759   19.2445
    0.0000   15.0000   -7.5000 2699.9192   19.3624
    7.5000   15.0000   -7.5000 2685.2100   19.3970
   -7.5000   22.5000   -7.5000 2679.1663   19.5328
    0.0000   22.5000   -7.5000 2695.0410   19.5758
    7.5000   22.5000   -7.5000 2675.8376   19.6360
   -7.5000   30.0000   -7.5000 2647.5974   20.3564
    0.0000   30.0000   -7.5000 2665.6741   20.2725
    7.5000   30.0000   -7.5000 2649.8777   20.3661
   -7.5000   37.5000   -7.5000 2592.2727   21.6425
    0.0000   37.5000   -7.5000 2615.5659   21.5194
    7.5000   37.5000   -7.5000 2592.9075   21.5608
   -7.5000   45.0000   -7.5000 2499.8972   23.3276
    0.0000   45.0000   -7.5000 2522.2913   23.2362
    7.5000   45.0000   -7.5000 2494.5693   23.3019
   -7.5000  -45.0000    0.0000 1995.4830   32.3276
    0.0000  -45.0000    0.0000 1993.5845   32.0695
    7.5000  -45.0000    0.0000 1993.1829   32.4042
   -7.5000  -37.5000    0.0000 2147.8076   28.4174
    0.0000  -37.5000    0.0000 2146.8113   28.2368
    7.5000  -37.5000    0.0000 2149.3533   28.4575
   -7.5000  -30.0000    0.0000 2281.2134   25.3785
    0.0000  -30.0000    0.0000 2289.2808   25.2829
    7.5000  -30.0000    0.0000 2289.2068   25.4715
   -7.5000  -22.5000    0.0000 2403.9546   23.0247
    0.0000  -22.5000    0.0000 2413.6199   22.8842
    7.5000  -22.5000    0.0000 2413.4797   23.0800
   -7.5000  -15.0000    0.0000 2509.5769   21.1725
    0.0000  -15.0000    0.0000 2530.9119   21.0666
    7.5000  -15.0000    0.0000 2530.7422   21.2775
   -7.5000   -7.5000    0.0000 2611.4724   19.7718
    0.0000   -7.5000    0.0000 2628.1167   19.6875
    7.5000   -7.5000    0.0000 2625.1904   19.9687
   -7.5000    0.0000    0.0000 2677.8049   18.8651
    0.0000    0.0000    0.0000 2696.7095   18.8430
    7.5000    0.0000    0.0000 2691.0417   19.0964
   -7.5000    7.5000    0.0000 2728.1086   18.4029
    0.0000    7.5000    0.0000 2746.1130   18.4639
    7.5000    7.5000    0.0000 2734.3428   18.6015
   -7.5000   15.0000    0.0000 2738.3689   18.2828
    0.0000   15.0000    0.0000 2757.0688   18.3157
    7.5000   15.0000    0.0000 2745.7556   18.4620
   -7.5000   22.5000    0.0000 2742.3052   18.5981
    0.0000   22.5000    0.0000 2754.8896   18.4876
    7.5000   22.5000    0.0000 2749.1201   18.6738
   -7.5000   30.0000    0.0000 2704.5837   19.4556
    0.0000   30.0000    0.0000 2723.9702   19.2318
    7.5000   30.0000    0.0000 2710.3311   19.3370
   -7.5000   37.5000    0.0000 2647.2817   20.7305
    0.0000   37.5000    0.0000 2663.9431   20.5017
    7.5000   37.5000    0.0000 2650.5552   20.6234
   -7.5000   45.0000    0.0000 2552.1218   22.4645
    0.0000   45.0000    0.0000 2569.1809   22.3015
    7.5000   45.0000    0.0000 2552.0457   22.4520
   -7.5000  -45.0000    7.5000 2008.2661   32.0055
    0.0000  -45.0000    7.5000 2014.3466   31.7018
    7.5000  -45.0000    7.5000 2007.1550   31.8790
   -7.5000  -37.5000    7.5000 2164.0193   28.0988
    0.0000  -37.5000    7.5000 2166.8687   27.8245
    7.5000  -37.5000    7.5000 2163.5103   27.9531
   -7.5000  -30.0000    7.5000 2306.5325   25.1054
    0.0000  -30.0000    7.5000 2310.8826   24.8101
    7.5000  -30.0000    7.5000 2309.6138   24.9426
   -7.5000  -22.5000    7.5000 2433.3889   22.7451
    0.0000  -22.5000    7.5000 2442.2883   22.4072
    7.5000  -22.5000    7.5000 2446.0210   22.5605
   -7.5000  -15.0000    7.5000 2536.6343   20.9254
    0.0000  -15.0000    7.5000 2553.5305   20.6441
    7.5000  -15.0000    7.5000 2558.4812   20.7787
   -7.5000   -7.5000    7.5000 2637.6565   19.5518
    0.0000   -7.5000    7.5000 2649.7883   19.2889
    7.5000   -7.5000    7.5000 2659.7988   19.5569
   -7.5000    0.0000    7.5000 2709.6147   18.4797
    0.0000    0.0000    7.5000 2719.6199   18.3307
    7.5000    0.0000    7.5000 2732.0688   18.7308
   -7.5000    7.5000    7.5000 2758.0042   17.7830
    0.0000    7.5000    7.5000 2775.0398   17.7007
    7.5000    7.5000    7.5000 2782.6550   18.1303
   -7.5000   15.0000    7.5000 2781.9529   17.5674
    0.0000   15.0000    7.5000 2796.0142   17.3144
    7.5000   15.0000    7.5000 2809.0312   17.8298
   -7.5000   22.5000    7.5000 2783.8257   18.0525
    0.0000   22.5000    7.5000 2804.9973   17.6927
    7.5000   22.5000    7.5000 2820.5039   18.0905
   -7.5000   30.0000    7.5000 2754.8967   19.0031
    0.0000   30.0000    7.5000 2774.0198   18.6488
    7.5000   30.0000    7.5000 2784.9678   18.9641
   -7.5000   37.5000    7.5000 2682.0903   20.2507
    0.0000   37.5000    7.5000 2701.2771   19.9353
    7.5000   37.5000    7.5000 2705.8123   20.2781
   -7.5000   45.0000    7.5000 2579.5332   21.9887
    0.0000   45.0000    7.5000 2603.8838   21.7560
    7.5000   45.0000    7.5000 2596.9817   22.0571
   -7.5000  -45.0000   15.0000 2017.7576   32.2518
    0.0000  -45.0000   15.0000 2013.2488   31.8055
    7.5000  -45.0000   15.0000 2010.4590   31.8503
   -7.5000  -37.5000   15.0000 2171.0125   28.2025
    0.0000  -37.5000   15.0000 2173.9592   27.7915
    7.5000  -37.5000   15.0000 2171.9790   27.7712
   -7.5000  -30.0000   15.0000 2315.8042   25.1587
    0.0000  -30.0000   15.0000 2323.6111   24.7654
    7.5000  -30.0000   15.0000 2309.9141   24.6363
   -7.5000  -22.5000   15.0000 2440.0024   22.7366
    0.0000  -22.5000   15.0000 2451.3623   22.2855
    7.5000  -22.5000   15.0000 2439.4827   22.2622
   -7.5000  -15.0000   15.0000 2544.9824   20.8574
    0.0000  -15.0000   15.0000 2557.8467   20.4698
    7.5000  -15.0000   15.0000 2552.0750   20.5524
   -7.5000   -7.5000   15.0000 2638.6704   19.5135
    0.0000   -7.5000   15.0000 2654.2952   19.1556
    7.5000   -7.5000   15.0000 2661.6877   19.3943
   -7.5000    0.0000   15.0000 2716.6882   18.5082
    0.0000    0.0000   15.0000 2724.7166   18.2307
    7.5000    0.0000   15.0000 2748.0908   18.6272
   -7.5000    7.5000   15.0000 2765.9373   17.7048
    0.0000    7.5000   15.0000 2774.8857   17.3588
    7.5000    7.5000   15.0000 2812.2358   17.9814
   -7.5000   15.0000   15.0000 2788.2583   17.4082
    0.0000   15.0000   15.0000 2807.7197   16.9136
    7.5000   15.0000   15.0000 2864.1611   17.6799
   -7.5000   22.5000   15.0000 2802.1709   17.8964
    0.0000   22.5000   15.0000 2843.3213   17.5322
    7.5000   22.5000   15.0000 2878.1179   18.0502
   -7.5000   30.0000   15.0000 2771.0239   18.9311
    0.0000   30.0000   15.0000 2814.8804   18.6753
    7.5000   30.0000   15.0000 2820.4939   18.9354
   -7.5000   37.5000   15.0000 2695.6838   20.2205
    0.0000   37.5000   15.0000 2727.6929   19.9802
    7.5000   37.5000   15.0000 2727.0398   20.2033
   -7.5000   45.0000   15.0000 2591.1108   21.8882
    0.0000   45.0000   15.0000 2618.1685   21.6801
    7.5000   45.0000   15.0000 2613.0215   21.8717
   -7.5000  -45.0000   22.5000 1996.6227   32.5954
    0.0000  -45.0000   22.5000 1995.5791   32.1946
    7.5000  -45.0000   22.5000 1986.3539   31.9667
   -7.5000  -37.5000   22.5000 2158.2803   28.6867
    0.0000  -37.5000   22.5000 2162.7725   28.1973
    7.5000  -37.5000   22.5000 2150.5588   27.9944
   -7.5000  -30.0000   22.5000 2308.7485   25.6026
    0.0000  -30.0000   22.5000 2313.5955   25.0784
    7.5000  -30.0000   22.5000 2298.2461   24.9081
   -7.5000  -22.5000   22.5000 2433.4463   23.1398
    0.0000  -22.5000   22.5000 2439.5764   22.5835
    7.5000  -22.5000   22.5000 2427.5654   22.5188
   -7.5000  -15.0000   22.5000 2537.0632   21.1423
    0.0000  -15.0000   22.5000 2546.2410   20.6898
    7.5000  -15.0000   22.5000 2545.7917   20.7300
   -7.5000   -7.5000   22.5000 2632.9524   19.7351
    0.0000   -7.5000   22.5000 2645.5483   19.3897
    7.5000   -7.5000   22.5000 2662.0586   19.4910
   -7.5000    0.0000   22.5000 2716.1604   18.7984
    0.0000    0.0000   22.5000 2741.6545   18.5779
    7.5000    0.0000   22.5000 2759.3792   18.6074
   -7.5000    7.5000   22.5000 2776.2646   18.2813
    0.0000    7.5000   22.5000 2816.2673   17.9678
    7.5000    7.5000   22.5000 2810.5862   17.9243
   -7.5000   15.0000   22.5000 2807.1868   17.9968
    0.0000   15.0000   22.5000 2845.0085   17.5531
    7.5000   15.0000   22.5000 2847.5762   17.7564
   -7.5000   22.5000   22.5000 2808.7209   18.2423
    0.0000   22.5000   22.5000 2855.1616   17.9298
    7.5000   22.5000   22.5000 2858.9282   18.1714
   -7.5000   30.0000   22.5000 2765.4663   19.1349
    0.0000   30.0000   22.5000 2804.8691   18.9023
    7.5000   30.0000   22.5000 2812.1689   19.1240
   -7.5000   37.5000   22.5000 2686.8425   20.3678
    0.0000   37.5000   22.5000 2716.9456   20.1476
    7.5000   37.5000   22.5000 2725.1042   20.3663
   -7.5000   45.0000   22.5000 2577.5696   22.0026
    0.0000   45.0000   22.5000 2607.1196   21.7946
    7.5000   45.0000   22.5000 2606.5125   21.9820
   -7.5000  -45.0000   30.0000 1979.2278   33.7174
    0.0000  -45.0000   30.0000 1979.1991   33.0888
    7.5000  -45.0000   30.0000 1969.0530   32.7772
   -7.5000  -37.5000   30.0000 2135.3501   29.4939
    0.0000  -37.5000   30.0000 2135.2075   28.8633
    7.5000  -37.5000   30.0000 2123.0974   28.4993
   -7.5000  -30.0000   30.0000 2281.1028   26.2846
    0.0000  -30.0000   30.0000 2285.6392   25.6837
    7.5000  -30.0000   30.0000 2265.8215   25.3814
   -7.5000  -22.5000   30.0000 2404.2571   23.7855
    0.0000  -22.5000   30.0000 2416.2168   23.2885
    7.5000  -22.5000   30.0000 2396.3579   22.9841
   -7.5000  -15.0000   30.0000 2511.1260   21.7886
    0.0000  -15.0000   30.0000 2534.6323   21.5161
    7.5000  -15.0000   30.0000 2519.4490   21.2971
   -7.5000   -7.5000   30.0000 2614.2449   20.4552
    0.0000   -7.5000   30.0000 2644.7058   20.2776
    7.5000   -7.5000   30.0000 2633.1843   20.0141
   -7.5000    0.0000   30.0000 2692.7341   19.5544
    0.0000    0.0000   30.0000 2737.9187   19.3500
    7.5000    0.0000   30.0000 2722.7749   19.0424
   -7.5000    7.5000   30.0000 2755.4241   19.0236
    0.0000    7.5000   30.0000 2806.8354   18.7284
    7.5000    7.5000   30.0000 2787.3625   18.4935
   -7.5000   15.0000   30.0000 2784.1931   18.8535
    0.0000   15.0000   30.0000 2829.8162   18.4625
    7.5000   15.0000   30.0000 2814.3577   18.3859
   -7.5000   22.5000   30.0000 2779.0059   19.0636
    0.0000   22.5000   30.0000 2810.7097   18.6693
    7.5000   22.5000   30.0000 2809.3218   18.7044
   -7.5000   30.0000   30.0000 2727.8110   19.8017
    0.0000   30.0000   30.0000 2760.8450   19.5363
    7.5000   30.0000   30.0000 2764.4399   19.6166
   -7.5000   37.5000   30.0000 2643.7700   20.8908
    0.0000   37.5000   30.0000 2673.0593   20.6466
    7.5000   37.5000   30.0000 2685.4756   20.8210
   -7.5000   45.0000   30.0000 2535.6511   22.4007
    0.0000   45.0000   30.0000 2565.7222   22.2025
    7.5000   45.0000   30.0000 2577.9216   22.4370
   -7.5000  -45.0000   37.5000 1950.3782   35.0352
    0.0000  -45.0000   37.5000 1954.0909   34.2167
    7.5000  -45.0000   37.5000 1942.4921   33.7627
   -7.5000  -37.5000   37.5000 2110.6179   30.7870
    0.0000  -37.5000   37.5000 2110.9368   30.0508
    7.5000  -37.5000   37.5000 2099.4670   29.5634
   -7.5000  -30.0000   37.5000 2253.9805   27.5264
    0.0000  -30.0000   37.5000 2256.6760   26.8636
    7.5000  -30.0000   37.5000 2238.7314   26.4360
   -7.5000  -22.5000   37.5000 2374.4978   25.0081
    0.0000  -22.5000   37.5000 2388.4834   24.4365
    7.5000  -22.5000   37.5000 2372.1382   24.0302
   -7.5000  -15.0000   37.5000 2479.5051   23.0164
    0.0000  -15.0000   37.5000 2507.4907   22.6013
    7.5000  -15.0000   37.5000 2484.4360   22.2085
   -7.5000   -7.5000   37.5000 2576.0496   21.5926
    0.0000   -7.5000   37.5000 2608.5635   21.1671
    7.5000   -7.5000   37.5000 2588.3677   20.7204
   -7.5000    0.0000   37.5000 2648.3235   20.5692
    0.0000    0.0000   37.5000 2689.1609   20.1000
    7.5000    0.0000   37.5000 2674.0811   19.7107
   -7.5000    7.5000   37.5000 2710.2415   19.9260
    0.0000    7.5000   37.5000 2759.4290   19.4440
    7.5000    7.5000   37.5000 2742.1482   19.2744
   -7.5000   15.0000   37.5000 2732.5576   19.7900
    0.0000   15.0000   37.5000 2777.6199   19.2852
    7.5000   15.0000   37.5000 2761.7114   19.1818
   -7.5000   22.5000   37.5000 2709.9070   20.0289
    0.0000   22.5000   37.5000 2763.6106   19.5787
    7.5000   22.5000   37.5000 2752.2031   19.5334
   -7.5000   30.0000   37.5000 2670.0178   20.8089
    0.0000   30.0000   37.5000 2709.2520   20.4326
    7.5000   30.0000   37.5000 2705.9795   20.4327
   -7.5000   37.5000   37.5000 2592.1538   21.9145
    0.0000   37.5000   37.5000 2627.4810   21.5941
    7.5000   37.5000   37.5000 2626.0327   21.6529
   -7.5000   45.0000   37.5000 2489.1824   23.4194
    0.0000   45.0000   37.5000 2520.2664   23.1407
    7.5000   45.0000   37.5000 2532.0300   23.2506
   -7.5000  -45.0000   45.0000 1915.7838   36.7998
    0.0000  -45.0000   45.0000 1923.6825   35.7882
    7.5000  -45.0000   45.0000 1910.5287   35.1100
   -7.5000  -37.5000   45.0000 2075.3542   32.4847
    0.0000  -37.5000   45.0000 2075.7427   31.5199
    7.5000  -37.5000   45.0000 2066.7981   30.8242
   -7.5000  -30.0000   45.0000 2213.8650   29.1196
    0.0000  -30.0000   45.0000 2213.1226   28.2611
    7.5000  -30.0000   45.0000 2203.8416   27.6101
   -7.5000  -22.5000   45.0000 2332.1819   26.4580
    0.0000  -22.5000   45.0000 2336.3506   25.6131
    7.5000  -22.5000   45.0000 2330.8376   25.0677
   -7.5000  -15.0000   45.0000 2434.6748   24.3492
    0.0000  -15.0000   45.0000 2445.8098   23.6012
    7.5000  -15.0000   45.0000 2434.4431   23.0917
   -7.5000   -7.5000   45.0000 2525.4822   22.8130
    0.0000   -7.5000   45.0000 2544.2393   22.0816
    7.5000   -7.5000   45.0000 2527.8794   21.5975
   -7.5000    0.0000   45.0000 2594.4985   21.7040
    0.0000    0.0000   45.0000 2620.5957   20.9609
    7.5000    0.0000   45.0000 2611.9814   20.7022
   -7.5000    7.5000   45.0000 2649.2231   20.9912
    0.0000    7.5000   45.0000 2683.9092   20.3915
    7.5000    7.5000   45.0000 2672.0964   20.2515
   -7.5000   15.0000   45.0000 2661.1492   20.8302
    0.0000   15.0000   45.0000 2707.9993   20.3436
    7.5000   15.0000   45.0000 2688.0422   20.1719
   -7.5000   22.5000   45.0000 2635.5210   21.1529
    0.0000   22.5000   45.0000 2690.6011   20.7069
    7.5000   22.5000   45.0000 2677.8022   20.5432
   -7.5000   30.0000   45.0000 2596.6978   21.9660
    0.0000   30.0000   45.0000 2636.7246   21.5459
    7.5000   30.0000   45.0000 2632.7029   21.4201
   -7.5000   37.5000   45.0000 2525.1819   23.1567
    0.0000   37.5000   45.0000 2557.8745   22.7510
    7.5000   37.5000   45.0000 2554.2915   22.6524
   -7.5000   45.0000   45.0000 2428.2607   24.7326
    0.0000   45.0000   45.0000 2464.0640   24.4054
    7.5000   45.0000   45.0000 2459.5989   24.2988

---------------------------------------------------------------------
imgreg_4dfp /opt/freesurfer/average/711-2C_as_mni_average_305 /opt/freesurfer/average/711-2B_as_mni_average_305_mask talsrcimg_g11 none talsrcimg_to_711-2C_as_mni_average_305_t4 1283
---------------------------------------------------------------------

freesurfer imgreg_4dfp.c
/opt/freesurfer/average/711-2C_as_mni_average_305.4dfp.img
       256       256       256         1
  1.000000  1.000000  1.000000
orientation T byte_order littleendian
Reading image: /opt/freesurfer/average/711-2C_as_mni_average_305.4dfp.img
dimensions:      256       256       256
mmppix:       1.0000   -1.0000   -1.0000
center:     128.0000 -129.0000 -129.0000
/opt/freesurfer/average/711-2B_as_mni_average_305_mask.4dfp.img
       256       256       256         1
  1.000000  1.000000  1.000000
orientation T byte_order littleendian
Reading mask: /opt/freesurfer/average/711-2B_as_mni_average_305_mask.4dfp.img (2306576 pixels)
talsrcimg_g11.4dfp.img
       256       256       256         1
  1.000000  1.000000  1.000000
orientation T byte_order littleendian
Reading image: talsrcimg_g11.4dfp.img
dimensions:      256       256       256
mmppix:       1.0000   -1.0000   -1.0000
center:     128.0000 -129.0000 -129.0000
rotation matrix determinant  1.000000
fimgreg.f
image alignment mode   1283 decimal      503 hex
parameters
    7.5000   22.5000   15.0000    0.0000    0.0000    0.0000
eta,q 0.89992 17.99388
niter,ni,del,rscale     5    3   12.0000    1.2000
parameter  5  0.565518 ->  0.500000 qaram    1.1500
parameter  6 -0.609364 -> -0.500000 qaram    1.1500
parameters
    6.2038   20.0233   16.5160    2.8753   -3.4500    3.4500
eta,q 0.91287 17.32894
  0.1061  0.1008  0.1115  0.1021  0.0915  0.1016
  0.1022  0.0972  0.1061  0.1005  0.0893  0.0972
  0.0972  0.0960  0.1003  0.0977  0.0893  0.0926
  0.0995  0.0977  0.0967  0.0937  0.0914  0.0891
  0.1024  0.1029  0.0938  0.0913  0.0967  0.0874
  0.1083  0.1059  0.0954  0.0923  0.1038  0.0872
  0.1184  0.1072  0.1032  0.0952  0.1090  0.0883
niter,ni,del,rscale     6    3   12.0000    1.2000
parameters
    5.7960   20.3744   17.7784    3.3731   -3.4563    5.0781
eta,q 0.91363 17.37364
  0.0967  0.1051  0.1040  0.0995  0.0964  0.0981
  0.0942  0.0972  0.0977  0.0913  0.0938  0.0927
  0.0907  0.0894  0.0928  0.0865  0.0885  0.0888
  0.0871  0.0878  0.0879  0.0863  0.0867  0.0867
  0.0878  0.0898  0.0863  0.0886  0.0875  0.0867
  0.0929  0.0948  0.0900  0.0916  0.0905  0.0882
  0.1039  0.1010  0.0958  0.0934  0.0990  0.0907
niter,ni,del,rscale     5    3   12.0000    1.2000
parameters
    5.2955   20.4521   18.2374    3.7847   -3.3449    5.8805
eta,q 0.91311 17.36269
  0.0960  0.1045  0.1014  0.0986  0.0960  0.0971
  0.0941  0.0963  0.0966  0.0908  0.0942  0.0922
  0.0900  0.0894  0.0912  0.0875  0.0895  0.0888
  0.0864  0.0870  0.0871  0.0868  0.0870  0.0869
  0.0879  0.0900  0.0882  0.0887  0.0871  0.0873
  0.0938  0.0959  0.0935  0.0916  0.0904  0.0894
  0.1035  0.1033  0.0987  0.0938  0.0983  0.0934
niter,ni,del,rscale     4    3   12.0000    1.2000
parameters
    5.0031   20.3771   18.4771    4.0779   -3.2294    6.2323
eta,q 0.91282 17.34793
  0.0966  0.1037  0.1012  0.0980  0.0965  0.0968
  0.0945  0.0965  0.0966  0.0911  0.0943  0.0920
  0.0908  0.0902  0.0910  0.0881  0.0899  0.0888
  0.0869  0.0873  0.0873  0.0872  0.0873  0.0872
  0.0876  0.0902  0.0895  0.0890  0.0874  0.0877
  0.0933  0.0967  0.0949  0.0918  0.0909  0.0906
  0.1021  0.1048  0.0998  0.0945  0.0986  0.0953
niter,ni,del,rscale     3    3   12.0000    1.2000
parameters
    4.8653   20.2644   18.6332    4.2931   -3.1297    6.3699
eta,q 0.91266 17.33605
  0.0972  0.1031  0.1014  0.0977  0.0970  0.0966
  0.0949  0.0967  0.0967  0.0913  0.0943  0.0921
  0.0913  0.0906  0.0909  0.0884  0.0900  0.0889
  0.0872  0.0874  0.0874  0.0874  0.0874  0.0874
  0.0874  0.0900  0.0901  0.0890  0.0877  0.0881
  0.0929  0.0968  0.0955  0.0920  0.0913  0.0912
  0.1015  0.1051  0.1004  0.0951  0.0989  0.0964
niter,ni,del,rscale     2    3   12.0000    1.2000
parameters
    4.7974   20.1587   18.7302    4.4380   -3.0671    6.4147
eta,q 0.91251 17.32511
  0.0975  0.1027  0.1014  0.0974  0.0973  0.0966
  0.0953  0.0969  0.0968  0.0914  0.0944  0.0921
  0.0917  0.0911  0.0907  0.0886  0.0901  0.0892
  0.0873  0.0874  0.0875  0.0875  0.0875  0.0875
  0.0873  0.0898  0.0904  0.0891  0.0878  0.0883
  0.0928  0.0966  0.0959  0.0921  0.0916  0.0916
  0.1014  0.1050  0.1008  0.0955  0.0993  0.0969
niter,ni,del,rscale     1    3   12.0000    1.2000
parameters
    4.7740   20.0809   18.7824    4.5117   -3.0251    6.4202
eta,q 0.91242 17.31770
  0.0977  0.1024  0.1014  0.0971  0.0975  0.0966
  0.0956  0.0970  0.0967  0.0914  0.0944  0.0922
  0.0921  0.0914  0.0907  0.0886  0.0902  0.0893
  0.0875  0.0875  0.0876  0.0876  0.0876  0.0876
  0.0872  0.0896  0.0907  0.0891  0.0880  0.0884
  0.0928  0.0963  0.0962  0.0923  0.0918  0.0918
  0.1014  0.1047  0.1011  0.0957  0.0996  0.0972
registration optimization eta report
parameter search radius
    6.0000    6.0000    6.0000    6.0000    6.9000    6.9000
100000*second partial in parameter space
       32.       42.       35.       24.       23.       19.
  0.0977  0.1024  0.1014  0.0971  0.0975  0.0966
  0.0956  0.0970  0.0967  0.0914  0.0944  0.0922
  0.0921  0.0914  0.0907  0.0886  0.0902  0.0893
  0.0875  0.0875  0.0876  0.0876  0.0876  0.0876
  0.0872  0.0896  0.0907  0.0891  0.0880  0.0884
  0.0928  0.0963  0.0962  0.0923  0.0918  0.0918
  0.1014  0.1047  0.1011  0.0957  0.0996  0.0972
    4.7740   20.0809   18.7824    4.5117   -3.0251    6.4202
eta,q 0.91242 17.31770

---------------------------------------------------------------------
imgreg_4dfp /opt/freesurfer/average/711-2C_as_mni_average_305 /opt/freesurfer/average/711-2B_as_mni_average_305_mask talsrcimg_g11 none talsrcimg_to_711-2C_as_mni_average_305_t4 3335
---------------------------------------------------------------------

freesurfer imgreg_4dfp.c
/opt/freesurfer/average/711-2C_as_mni_average_305.4dfp.img
       256       256       256         1
  1.000000  1.000000  1.000000
orientation T byte_order littleendian
Reading image: /opt/freesurfer/average/711-2C_as_mni_average_305.4dfp.img
dimensions:      256       256       256
mmppix:       1.0000   -1.0000   -1.0000
center:     128.0000 -129.0000 -129.0000
/opt/freesurfer/average/711-2B_as_mni_average_305_mask.4dfp.img
       256       256       256         1
  1.000000  1.000000  1.000000
orientation T byte_order littleendian
Reading mask: /opt/freesurfer/average/711-2B_as_mni_average_305_mask.4dfp.img (2306576 pixels)
talsrcimg_g11.4dfp.img
       256       256       256         1
  1.000000  1.000000  1.000000
orientation T byte_order littleendian
Reading image: talsrcimg_g11.4dfp.img
dimensions:      256       256       256
mmppix:       1.0000   -1.0000   -1.0000
center:     128.0000 -129.0000 -129.0000
fimgreg.f
image alignment mode   3335 decimal      D07 hex
parameters
    4.7740   20.0809   18.7824   -0.7656   -0.8887   -0.4488
  -10.7347    6.1076   11.1663   -7.2287   -5.2773    7.8554
eta,q 0.91074 17.45725
niter,ni,del,rscale     5    3    5.0000    1.2000
parameter  4  5.864371 ->  0.500000 qaram    1.1500
parameter  5  2.227982 ->  0.500000 qaram    1.1500
parameter  6  3.448569 ->  0.500000 qaram    1.1500
parameter  7 -1.597975 -> -0.500000 qaram    1.1500
parameter  8 -0.612359 -> -0.500000 qaram    1.1500
parameter 10 -1.716675 -> -0.500000 qaram    1.1500
parameters
    4.9038   19.8396   18.5194   -4.9056   -5.0287   -4.5888
   -6.5947   10.2476   12.4677   -3.0887   -4.9882    9.9255
eta,q 0.93900 17.49855
  0.0919  0.0908  0.0907  0.0766  0.0746  0.0655  0.0767  0.0763  0.0673  0.0730  0.0648  0.0653
  0.0904  0.0901  0.0898  0.0805  0.0765  0.0691  0.0745  0.0731  0.0664  0.0704  0.0632  0.0638
  0.0895  0.0895  0.0893  0.0843  0.0787  0.0727  0.0722  0.0699  0.0658  0.0678  0.0619  0.0623
  0.0893  0.0893  0.0893  0.0893  0.0816  0.0771  0.0701  0.0674  0.0654  0.0652  0.0613  0.0613
  0.0896  0.0895  0.0897  0.0951  0.0851  0.0821  0.0683  0.0658  0.0652  0.0626  0.0616  0.0610
  0.0904  0.0904  0.0904  0.1003  0.0888  0.0875  0.0672  0.0654  0.0655  0.0611  0.0627  0.0615
  0.0912  0.0919  0.0912  0.1048  0.0928  0.0927  0.0667  0.0669  0.0664  0.0610  0.0645  0.0626
niter,ni,del,rscale     7    3    5.0000    1.2000
parameter  2  0.867753 ->  0.500000 qaram    1.1500
parameter  4  1.101369 ->  0.500000 qaram    1.3225
parameter  5  2.382343 ->  0.500000 qaram    1.3225
parameter  6  0.587658 ->  0.500000 qaram    1.3225
parameter  7  0.521341 ->  0.500000 qaram    1.3225
parameters
    5.1183   18.4596   19.4970   -9.6666   -9.7897   -9.3498
  -11.3557   12.2922    9.5211   -3.8966   -6.3764    7.6469
eta,q 0.96020 17.42874
  0.0667  0.0589  0.0655  0.0496  0.0419  0.0425  0.0425  0.0540  0.0413  0.0453  0.0412  0.0404
  0.0636  0.0591  0.0626  0.0512  0.0441  0.0424  0.0415  0.0483  0.0403  0.0418  0.0403  0.0399
  0.0617  0.0597  0.0605  0.0539  0.0473  0.0430  0.0416  0.0440  0.0401  0.0403  0.0400  0.0398
  0.0610  0.0610  0.0592  0.0588  0.0518  0.0449  0.0425  0.0414  0.0407  0.0401  0.0400  0.0399
  0.0613  0.0630  0.0588  0.0660  0.0567  0.0494  0.0441  0.0407  0.0419  0.0414  0.0405  0.0404
  0.0626  0.0656  0.0590  0.0760  0.0615  0.0578  0.0463  0.0420  0.0436  0.0440  0.0413  0.0411
  0.0648  0.0687  0.0598  0.0845  0.0669  0.0683  0.0489  0.0460  0.0458  0.0470  0.0425  0.0421
niter,ni,del,rscale     7    3    5.0000    1.2000
parameter  3  1.545855 ->  0.500000 qaram    1.1500
parameter  5  1.175369 ->  0.500000 qaram    1.5209
parameter 12  0.660292 ->  0.500000 qaram    1.1500
parameters
    5.2013   17.1516   18.1170  -14.2129  -15.2648  -11.4922
   -8.8387   12.7132    9.1786   -7.4304   -7.6609    3.5069
eta,q 0.97109 17.03895
  0.0450  0.0401  0.0356  0.0368  0.0305  0.0334  0.0387  0.0369  0.0330  0.0317  0.0308  0.0293
  0.0423  0.0390  0.0363  0.0358  0.0309  0.0320  0.0353  0.0337  0.0318  0.0301  0.0301  0.0289
  0.0405  0.0389  0.0374  0.0357  0.0327  0.0313  0.0328  0.0317  0.0310  0.0299  0.0298  0.0291
  0.0398  0.0398  0.0389  0.0366  0.0357  0.0313  0.0312  0.0309  0.0309  0.0309  0.0298  0.0298
  0.0402  0.0416  0.0406  0.0407  0.0399  0.0318  0.0309  0.0315  0.0312  0.0328  0.0302  0.0309
  0.0418  0.0442  0.0428  0.0493  0.0448  0.0334  0.0317  0.0331  0.0321  0.0355  0.0309  0.0323
  0.0444  0.0475  0.0453  0.0591  0.0495  0.0409  0.0336  0.0357  0.0335  0.0389  0.0318  0.0339
niter,ni,del,rscale     7    3    5.0000    1.2000
parameter  3  0.641011 ->  0.500000 qaram    1.3225
parameters
    5.2532   16.9152   16.5300  -15.1582  -18.6249  -12.9034
   -8.9758   12.8248    9.6142   -6.2677   -8.1500    2.9222
eta,q 0.97222 16.73801
  0.0328  0.0330  0.0282  0.0324  0.0310  0.0317  0.0321  0.0342  0.0301  0.0345  0.0291  0.0295
  0.0308  0.0307  0.0277  0.0301  0.0290  0.0296  0.0298  0.0306  0.0289  0.0308  0.0283  0.0285
  0.0294  0.0292  0.0279  0.0284  0.0278  0.0281  0.0283  0.0284  0.0282  0.0286  0.0279  0.0279
  0.0289  0.0289  0.0289  0.0277  0.0278  0.0277  0.0278  0.0278  0.0278  0.0278  0.0278  0.0278
  0.0293  0.0298  0.0304  0.0282  0.0302  0.0285  0.0283  0.0286  0.0279  0.0281  0.0281  0.0281
  0.0305  0.0317  0.0325  0.0304  0.0357  0.0309  0.0299  0.0306  0.0285  0.0293  0.0286  0.0288
  0.0326  0.0347  0.0351  0.0365  0.0431  0.0368  0.0325  0.0336  0.0297  0.0312  0.0294  0.0300
niter,ni,del,rscale     7    3    5.0000    1.2000
parameters
    5.2311   17.1848   16.2822  -14.3466  -19.0256  -13.0585
   -9.2029   12.9020    9.8082   -5.6157   -7.9372    2.5232
eta,q 0.97230 16.76694
  0.0312  0.0320  0.0305  0.0330  0.0332  0.0326  0.0320  0.0343  0.0297  0.0335  0.0293  0.0294
  0.0294  0.0298  0.0289  0.0306  0.0306  0.0303  0.0297  0.0305  0.0286  0.0301  0.0284  0.0284
  0.0282  0.0284  0.0279  0.0288  0.0287  0.0285  0.0282  0.0283  0.0280  0.0281  0.0279  0.0278
  0.0278  0.0278  0.0277  0.0277  0.0276  0.0276  0.0277  0.0277  0.0277  0.0277  0.0277  0.0277
  0.0282  0.0279  0.0283  0.0275  0.0276  0.0279  0.0282  0.0286  0.0278  0.0282  0.0279  0.0280
  0.0294  0.0289  0.0296  0.0284  0.0301  0.0296  0.0299  0.0306  0.0284  0.0296  0.0283  0.0287
  0.0313  0.0307  0.0315  0.0323  0.0354  0.0339  0.0326  0.0338  0.0296  0.0315  0.0291  0.0298
niter,ni,del,rscale     6    3    5.0000    1.2000
parameters
    5.1774   17.2796   16.1982  -14.3493  -18.9827  -12.8517
   -9.2591   12.8666    9.8721   -5.3667   -7.8411    2.3079
eta,q 0.97232 16.78087
  0.0310  0.0313  0.0308  0.0325  0.0334  0.0328  0.0322  0.0341  0.0296  0.0330  0.0293  0.0296
  0.0292  0.0294  0.0291  0.0303  0.0308  0.0304  0.0298  0.0304  0.0286  0.0296  0.0283  0.0285
  0.0281  0.0282  0.0280  0.0286  0.0288  0.0286  0.0282  0.0282  0.0279  0.0279  0.0278  0.0278
  0.0277  0.0277  0.0277  0.0277  0.0277  0.0277  0.0277  0.0277  0.0277  0.0277  0.0277  0.0277
  0.0281  0.0280  0.0281  0.0276  0.0276  0.0278  0.0281  0.0286  0.0278  0.0284  0.0279  0.0280
  0.0294  0.0290  0.0293  0.0289  0.0296  0.0292  0.0298  0.0306  0.0284  0.0299  0.0284  0.0286
  0.0314  0.0309  0.0311  0.0338  0.0345  0.0331  0.0324  0.0340  0.0296  0.0318  0.0291  0.0297
niter,ni,del,rscale     5    3    5.0000    1.2000
parameters
    5.1528   17.3131   16.1822  -14.3421  -19.0274  -12.8011
   -9.2944   12.8420    9.8992   -5.2778   -7.8213    2.2306
eta,q 0.97232 16.78247
  0.0311  0.0312  0.0309  0.0325  0.0334  0.0326  0.0322  0.0341  0.0295  0.0327  0.0292  0.0296
  0.0293  0.0293  0.0291  0.0303  0.0308  0.0303  0.0298  0.0304  0.0286  0.0295  0.0283  0.0285
  0.0281  0.0281  0.0280  0.0286  0.0288  0.0286  0.0282  0.0283  0.0280  0.0279  0.0278  0.0279
  0.0277  0.0277  0.0277  0.0277  0.0277  0.0277  0.0277  0.0277  0.0277  0.0277  0.0277  0.0277
  0.0281  0.0280  0.0281  0.0276  0.0276  0.0278  0.0281  0.0286  0.0278  0.0285  0.0279  0.0279
  0.0293  0.0291  0.0292  0.0288  0.0297  0.0292  0.0298  0.0306  0.0285  0.0300  0.0284  0.0286
  0.0313  0.0311  0.0310  0.0338  0.0346  0.0334  0.0324  0.0340  0.0296  0.0319  0.0291  0.0297
niter,ni,del,rscale     4    3    5.0000    1.2000
parameters
    5.1466   17.3241   16.1749  -14.3391  -19.0451  -12.7897
   -9.3148   12.8350    9.9122   -5.2455   -7.8160    2.2056
eta,q 0.97231 16.78267
  0.0312  0.0311  0.0309  0.0325  0.0334  0.0326  0.0322  0.0342  0.0295  0.0326  0.0292  0.0297
  0.0293  0.0293  0.0292  0.0303  0.0308  0.0303  0.0299  0.0304  0.0286  0.0294  0.0283  0.0285
  0.0281  0.0281  0.0280  0.0286  0.0288  0.0286  0.0283  0.0283  0.0280  0.0279  0.0278  0.0279
  0.0277  0.0277  0.0277  0.0277  0.0277  0.0277  0.0277  0.0277  0.0277  0.0277  0.0277  0.0277
  0.0281  0.0280  0.0281  0.0276  0.0276  0.0279  0.0281  0.0286  0.0278  0.0285  0.0279  0.0279
  0.0293  0.0291  0.0292  0.0289  0.0297  0.0293  0.0298  0.0306  0.0285  0.0300  0.0284  0.0286
  0.0313  0.0311  0.0309  0.0338  0.0346  0.0335  0.0324  0.0340  0.0296  0.0319  0.0291  0.0297
registration optimization eta report
parameter search radius
    2.4000    2.7600    3.1740    9.5220   10.9503    9.5220
    9.5220    8.2800    7.2000    8.2800    7.2000    8.2800
100000*second partial in parameter space
       61.       45.       32.        6.        5.        6.
        5.        9.        4.        7.        3.        3.
  0.0312  0.0311  0.0309  0.0325  0.0334  0.0326  0.0322  0.0342  0.0295  0.0326  0.0292  0.0297
  0.0293  0.0293  0.0292  0.0303  0.0308  0.0303  0.0299  0.0304  0.0286  0.0294  0.0283  0.0285
  0.0281  0.0281  0.0280  0.0286  0.0288  0.0286  0.0283  0.0283  0.0280  0.0279  0.0278  0.0279
  0.0277  0.0277  0.0277  0.0277  0.0277  0.0277  0.0277  0.0277  0.0277  0.0277  0.0277  0.0277
  0.0281  0.0280  0.0281  0.0276  0.0276  0.0279  0.0281  0.0286  0.0278  0.0285  0.0279  0.0279
  0.0293  0.0291  0.0292  0.0289  0.0297  0.0293  0.0298  0.0306  0.0285  0.0300  0.0284  0.0286
  0.0313  0.0311  0.0309  0.0338  0.0346  0.0335  0.0324  0.0340  0.0296  0.0319  0.0291  0.0297
    5.1466   17.3241   16.1749  -14.3391  -19.0451  -12.7897
   -9.3148   12.8350    9.9122   -5.2455   -7.8160    2.2056
eta,q 0.97231 16.78267

---------------------------------------------------------------------
imgreg_4dfp /opt/freesurfer/average/711-2C_as_mni_average_305 /opt/freesurfer/average/711-2B_as_mni_average_305_mask talsrcimg_g11 none talsrcimg_to_711-2C_as_mni_average_305_t4 2311
---------------------------------------------------------------------

freesurfer imgreg_4dfp.c
/opt/freesurfer/average/711-2C_as_mni_average_305.4dfp.img
       256       256       256         1
  1.000000  1.000000  1.000000
orientation T byte_order littleendian
Reading image: /opt/freesurfer/average/711-2C_as_mni_average_305.4dfp.img
dimensions:      256       256       256
mmppix:       1.0000   -1.0000   -1.0000
center:     128.0000 -129.0000 -129.0000
/opt/freesurfer/average/711-2B_as_mni_average_305_mask.4dfp.img
       256       256       256         1
  1.000000  1.000000  1.000000
orientation T byte_order littleendian
Reading mask: /opt/freesurfer/average/711-2B_as_mni_average_305_mask.4dfp.img (2306576 pixels)
talsrcimg_g11.4dfp.img
       256       256       256         1
  1.000000  1.000000  1.000000
orientation T byte_order littleendian
Reading image: talsrcimg_g11.4dfp.img
dimensions:      256       256       256
mmppix:       1.0000   -1.0000   -1.0000
center:     128.0000 -129.0000 -129.0000
fimgreg.f
image alignment mode   2311 decimal      907 hex
parameters
    5.1466   17.3241   16.1749  -14.3391  -19.0451  -12.7897
   -9.3148   12.8350    9.9122   -5.2455   -7.8160    2.2056
eta,q 0.97231 16.78265
niter,ni,del,rscale     5    3    5.0000    0.8000
parameters
    5.1717   17.3715   16.1588  -12.6180  -17.6436  -12.4562
   -9.8237   13.0400    9.3060   -5.6682   -6.8142    2.2806
eta,q 0.97272 16.97786
  0.0293  0.0289  0.0285  0.0294  0.0292  0.0290  0.0285  0.0301  0.0281  0.0289  0.0285  0.0281
  0.0285  0.0283  0.0281  0.0286  0.0285  0.0282  0.0278  0.0286  0.0277  0.0278  0.0279  0.0276
  0.0279  0.0279  0.0278  0.0281  0.0279  0.0276  0.0274  0.0277  0.0274  0.0273  0.0275  0.0274
  0.0277  0.0277  0.0277  0.0277  0.0275  0.0274  0.0273  0.0273  0.0273  0.0273  0.0273  0.0273
  0.0278  0.0278  0.0278  0.0275  0.0274  0.0274  0.0276  0.0276  0.0275  0.0277  0.0273  0.0274
  0.0284  0.0281  0.0281  0.0276  0.0275  0.0278  0.0282  0.0283  0.0280  0.0284  0.0275  0.0276
  0.0293  0.0288  0.0286  0.0280  0.0280  0.0286  0.0292  0.0296  0.0287  0.0293  0.0278  0.0280
niter,ni,del,rscale     4    3    5.0000    0.7000
parameters
    5.1161   17.2853   16.1033  -12.5829  -17.3380  -11.9523
   -9.5943   12.9757    9.0131   -5.8357   -6.4433    2.2473
eta,q 0.97279 17.00732
  0.0285  0.0281  0.0279  0.0282  0.0283  0.0285  0.0285  0.0291  0.0279  0.0286  0.0279  0.0279
  0.0278  0.0276  0.0276  0.0278  0.0278  0.0279  0.0278  0.0280  0.0275  0.0277  0.0275  0.0275
  0.0274  0.0274  0.0273  0.0274  0.0275  0.0275  0.0274  0.0274  0.0273  0.0273  0.0273  0.0273
  0.0273  0.0273  0.0273  0.0273  0.0273  0.0272  0.0272  0.0272  0.0272  0.0272  0.0272  0.0272
  0.0275  0.0274  0.0274  0.0273  0.0273  0.0273  0.0273  0.0275  0.0273  0.0275  0.0273  0.0273
  0.0279  0.0278  0.0276  0.0276  0.0275  0.0275  0.0277  0.0281  0.0277  0.0280  0.0274  0.0275
  0.0287  0.0284  0.0280  0.0284  0.0282  0.0281  0.0283  0.0292  0.0282  0.0287  0.0277  0.0279
niter,ni,del,rscale     3    3    5.0000    0.6000
parameters
    5.0985   17.2344   16.1420  -12.4788  -17.2807  -11.8597
   -9.5103   12.9433    8.9341   -5.9889   -6.3461    2.3252
eta,q 0.97281 17.01751
  0.0282  0.0279  0.0278  0.0280  0.0280  0.0280  0.0281  0.0286  0.0278  0.0282  0.0277  0.0277
  0.0276  0.0275  0.0275  0.0276  0.0276  0.0276  0.0276  0.0278  0.0275  0.0275  0.0274  0.0274
  0.0273  0.0273  0.0273  0.0273  0.0273  0.0273  0.0273  0.0273  0.0273  0.0272  0.0272  0.0272
  0.0272  0.0272  0.0272  0.0272  0.0272  0.0272  0.0272  0.0272  0.0272  0.0272  0.0272  0.0272
  0.0273  0.0273  0.0273  0.0272  0.0272  0.0273  0.0273  0.0274  0.0273  0.0274  0.0272  0.0273
  0.0277  0.0276  0.0274  0.0274  0.0275  0.0275  0.0276  0.0278  0.0275  0.0277  0.0274  0.0274
  0.0282  0.0280  0.0277  0.0280  0.0280  0.0279  0.0280  0.0286  0.0279  0.0283  0.0276  0.0276
niter,ni,del,rscale     2    3    5.0000    0.5000
parameters
    5.0991   17.2016   16.1695  -12.3699  -17.1978  -11.8581
   -9.5096   12.9456    8.9191   -6.1036   -6.3243    2.3952
eta,q 0.97283 17.02695
  0.0279  0.0277  0.0276  0.0277  0.0277  0.0277  0.0278  0.0282  0.0276  0.0279  0.0275  0.0275
  0.0275  0.0274  0.0274  0.0275  0.0275  0.0274  0.0275  0.0276  0.0274  0.0274  0.0273  0.0273
  0.0273  0.0272  0.0272  0.0273  0.0273  0.0272  0.0273  0.0273  0.0272  0.0272  0.0272  0.0272
  0.0272  0.0272  0.0272  0.0272  0.0272  0.0272  0.0272  0.0272  0.0272  0.0272  0.0272  0.0272
  0.0273  0.0273  0.0272  0.0272  0.0272  0.0272  0.0272  0.0273  0.0272  0.0273  0.0272  0.0272
  0.0275  0.0274  0.0273  0.0274  0.0274  0.0274  0.0274  0.0276  0.0274  0.0276  0.0273  0.0273
  0.0279  0.0278  0.0275  0.0277  0.0277  0.0277  0.0278  0.0282  0.0276  0.0279  0.0275  0.0275
niter,ni,del,rscale     1    3    5.0000    0.4000
parameters
    5.1005   17.1763   16.1782  -12.2835  -17.1032  -11.8856
   -9.5083   12.9605    8.9230   -6.2062   -6.3280    2.4473
eta,q 0.97283 17.03398
  0.0276  0.0275  0.0274  0.0275  0.0275  0.0275  0.0276  0.0278  0.0275  0.0276  0.0274  0.0274
  0.0274  0.0273  0.0273  0.0274  0.0274  0.0273  0.0273  0.0275  0.0273  0.0273  0.0273  0.0273
  0.0272  0.0272  0.0272  0.0272  0.0272  0.0272  0.0272  0.0272  0.0272  0.0272  0.0272  0.0272
  0.0272  0.0272  0.0272  0.0272  0.0272  0.0272  0.0272  0.0272  0.0272  0.0272  0.0272  0.0272
  0.0272  0.0272  0.0272  0.0272  0.0272  0.0272  0.0272  0.0272  0.0272  0.0272  0.0272  0.0272
  0.0274  0.0273  0.0273  0.0273  0.0273  0.0273  0.0273  0.0275  0.0273  0.0274  0.0273  0.0273
  0.0276  0.0275  0.0274  0.0275  0.0275  0.0275  0.0276  0.0278  0.0275  0.0277  0.0274  0.0274
registration optimization eta report
parameter search radius
    0.8000    0.8000    0.8000    2.4000    2.4000    2.4000
    2.4000    2.4000    2.4000    2.4000    2.4000    2.4000
100000*second partial in parameter space
       70.       54.       37.        6.        6.        6.
        7.       11.        5.        8.        3.        4.
  0.0276  0.0275  0.0274  0.0275  0.0275  0.0275  0.0276  0.0278  0.0275  0.0276  0.0274  0.0274
  0.0274  0.0273  0.0273  0.0274  0.0274  0.0273  0.0273  0.0275  0.0273  0.0273  0.0273  0.0273
  0.0272  0.0272  0.0272  0.0272  0.0272  0.0272  0.0272  0.0272  0.0272  0.0272  0.0272  0.0272
  0.0272  0.0272  0.0272  0.0272  0.0272  0.0272  0.0272  0.0272  0.0272  0.0272  0.0272  0.0272
  0.0272  0.0272  0.0272  0.0272  0.0272  0.0272  0.0272  0.0272  0.0272  0.0272  0.0272  0.0272
  0.0274  0.0273  0.0273  0.0273  0.0273  0.0273  0.0273  0.0275  0.0273  0.0274  0.0273  0.0273
  0.0276  0.0275  0.0274  0.0275  0.0275  0.0275  0.0276  0.0278  0.0275  0.0277  0.0274  0.0274
    5.1005   17.1763   16.1782  -12.2835  -17.1032  -11.8856
   -9.5083   12.9605    8.9230   -6.2062   -6.3280    2.4473
eta,q 0.97283 17.03398

---------------------------------------------------------------------
imgreg_4dfp /opt/freesurfer/average/711-2C_as_mni_average_305 /opt/freesurfer/average/711-2B_as_mni_average_305_mask talsrcimg_g11 none talsrcimg_to_711-2C_as_mni_average_305_t4 2311
---------------------------------------------------------------------

freesurfer imgreg_4dfp.c
/opt/freesurfer/average/711-2C_as_mni_average_305.4dfp.img
       256       256       256         1
  1.000000  1.000000  1.000000
orientation T byte_order littleendian
Reading image: /opt/freesurfer/average/711-2C_as_mni_average_305.4dfp.img
dimensions:      256       256       256
mmppix:       1.0000   -1.0000   -1.0000
center:     128.0000 -129.0000 -129.0000
/opt/freesurfer/average/711-2B_as_mni_average_305_mask.4dfp.img
       256       256       256         1
  1.000000  1.000000  1.000000
orientation T byte_order littleendian
Reading mask: /opt/freesurfer/average/711-2B_as_mni_average_305_mask.4dfp.img (2306576 pixels)
talsrcimg_g11.4dfp.img
       256       256       256         1
  1.000000  1.000000  1.000000
orientation T byte_order littleendian
Reading image: talsrcimg_g11.4dfp.img
dimensions:      256       256       256
mmppix:       1.0000   -1.0000   -1.0000
center:     128.0000 -129.0000 -129.0000
fimgreg.f
image alignment mode   2311 decimal      907 hex
parameters
    5.1005   17.1763   16.1782  -12.2835  -17.1032  -11.8856
   -9.5083   12.9605    8.9230   -6.2062   -6.3280    2.4473
eta,q 0.97283 17.03399
niter,ni,del,rscale     5    3    5.0000    0.8000
parameters
    5.1014   17.1479   16.2038  -12.8485  -17.4664  -11.8657
   -9.3879   12.8812    8.9356   -6.0081   -6.5348    2.4096
eta,q 0.97278 16.98606
  0.0290  0.0285  0.0282  0.0283  0.0284  0.0286  0.0287  0.0296  0.0283  0.0294  0.0279  0.0280
  0.0280  0.0278  0.0276  0.0277  0.0278  0.0279  0.0279  0.0282  0.0277  0.0280  0.0275  0.0276
  0.0274  0.0273  0.0273  0.0273  0.0274  0.0274  0.0274  0.0275  0.0274  0.0274  0.0273  0.0273
  0.0272  0.0272  0.0272  0.0272  0.0272  0.0272  0.0272  0.0272  0.0272  0.0272  0.0272  0.0272
  0.0274  0.0273  0.0273  0.0273  0.0273  0.0273  0.0273  0.0275  0.0273  0.0275  0.0274  0.0273
  0.0280  0.0278  0.0276  0.0279  0.0279  0.0278  0.0278  0.0283  0.0277  0.0280  0.0276  0.0276
  0.0289  0.0286  0.0281  0.0293  0.0290  0.0286  0.0286  0.0298  0.0283  0.0289  0.0280  0.0280
niter,ni,del,rscale     4    3    5.0000    0.7000
parameters
    5.1198   17.2046   16.2090  -12.6364  -17.4317  -11.9270
   -9.4790   12.9108    8.9608   -6.0115   -6.5040    2.4067
eta,q 0.97280 16.99971
  0.0286  0.0283  0.0279  0.0283  0.0282  0.0282  0.0283  0.0291  0.0281  0.0287  0.0278  0.0279
  0.0278  0.0277  0.0275  0.0278  0.0277  0.0277  0.0277  0.0281  0.0276  0.0277  0.0275  0.0275
  0.0274  0.0274  0.0273  0.0274  0.0274  0.0273  0.0273  0.0274  0.0273  0.0273  0.0273  0.0273
  0.0272  0.0272  0.0272  0.0272  0.0272  0.0272  0.0272  0.0272  0.0272  0.0272  0.0272  0.0272
  0.0274  0.0273  0.0273  0.0272  0.0272  0.0273  0.0273  0.0274  0.0273  0.0274  0.0273  0.0273
  0.0278  0.0276  0.0275  0.0275  0.0276  0.0277  0.0277  0.0280  0.0276  0.0279  0.0275  0.0275
  0.0285  0.0282  0.0279  0.0282  0.0283  0.0283  0.0284  0.0291  0.0281  0.0286  0.0278  0.0278
niter,ni,del,rscale     3    3    5.0000    0.6000
parameters
    5.1160   17.2041   16.1931  -12.4906  -17.2996  -11.9184
   -9.5083   12.9366    8.9419   -6.0698   -6.4398    2.4237
eta,q 0.97281 17.01418
  0.0282  0.0280  0.0277  0.0280  0.0280  0.0280  0.0280  0.0286  0.0278  0.0282  0.0277  0.0277
  0.0276  0.0275  0.0274  0.0276  0.0276  0.0275  0.0276  0.0278  0.0275  0.0276  0.0274  0.0274
  0.0273  0.0273  0.0273  0.0273  0.0273  0.0273  0.0273  0.0273  0.0273  0.0272  0.0272  0.0272
  0.0272  0.0272  0.0272  0.0272  0.0272  0.0272  0.0272  0.0272  0.0272  0.0272  0.0272  0.0272
  0.0273  0.0273  0.0273  0.0272  0.0272  0.0273  0.0273  0.0273  0.0273  0.0274  0.0272  0.0273
  0.0276  0.0275  0.0275  0.0274  0.0274  0.0275  0.0276  0.0278  0.0275  0.0277  0.0274  0.0274
  0.0282  0.0280  0.0277  0.0279  0.0280  0.0280  0.0281  0.0286  0.0279  0.0282  0.0276  0.0276
niter,ni,del,rscale     2    3    5.0000    0.5000
parameters
    5.1095   17.1898   16.1830  -12.3889  -17.1847  -11.8990
   -9.5129   12.9504    8.9294   -6.1456   -6.3790    2.4425
eta,q 0.97282 17.02489
  0.0279  0.0277  0.0276  0.0277  0.0277  0.0277  0.0278  0.0282  0.0276  0.0279  0.0275  0.0275
  0.0275  0.0274  0.0273  0.0275  0.0275  0.0274  0.0274  0.0276  0.0274  0.0274  0.0273  0.0273
  0.0273  0.0272  0.0272  0.0273  0.0273  0.0272  0.0272  0.0273  0.0272  0.0272  0.0272  0.0272
  0.0272  0.0272  0.0272  0.0272  0.0272  0.0272  0.0272  0.0272  0.0272  0.0272  0.0272  0.0272
  0.0273  0.0273  0.0272  0.0272  0.0272  0.0272  0.0272  0.0273  0.0272  0.0273  0.0272  0.0272
  0.0275  0.0274  0.0274  0.0274  0.0274  0.0274  0.0274  0.0276  0.0274  0.0275  0.0273  0.0273
  0.0279  0.0277  0.0276  0.0277  0.0277  0.0277  0.0278  0.0282  0.0277  0.0279  0.0275  0.0275
niter,ni,del,rscale     1    3    5.0000    0.4000
parameters
    5.1042   17.1706   16.1849  -12.2964  -17.1027  -11.8976
   -9.5055   12.9718    8.9156   -6.2314   -6.3514    2.4652
eta,q 0.97283 17.03270
  0.0276  0.0275  0.0274  0.0275  0.0275  0.0275  0.0276  0.0278  0.0275  0.0276  0.0274  0.0274
  0.0274  0.0273  0.0273  0.0274  0.0274  0.0273  0.0273  0.0275  0.0273  0.0273  0.0273  0.0273
  0.0272  0.0272  0.0272  0.0272  0.0272  0.0272  0.0272  0.0272  0.0272  0.0272  0.0272  0.0272
  0.0272  0.0272  0.0272  0.0272  0.0272  0.0272  0.0272  0.0272  0.0272  0.0272  0.0272  0.0272
  0.0272  0.0272  0.0272  0.0272  0.0272  0.0272  0.0272  0.0272  0.0272  0.0272  0.0272  0.0272
  0.0274  0.0273  0.0273  0.0273  0.0273  0.0273  0.0273  0.0274  0.0273  0.0274  0.0273  0.0273
  0.0276  0.0275  0.0274  0.0275  0.0275  0.0275  0.0276  0.0278  0.0275  0.0277  0.0274  0.0274
registration optimization eta report
parameter search radius
    0.8000    0.8000    0.8000    2.4000    2.4000    2.4000
    2.4000    2.4000    2.4000    2.4000    2.4000    2.4000
100000*second partial in parameter space
       69.       54.       38.        6.        6.        6.
        7.       11.        5.        8.        4.        4.
  0.0276  0.0275  0.0274  0.0275  0.0275  0.0275  0.0276  0.0278  0.0275  0.0276  0.0274  0.0274
  0.0274  0.0273  0.0273  0.0274  0.0274  0.0273  0.0273  0.0275  0.0273  0.0273  0.0273  0.0273
  0.0272  0.0272  0.0272  0.0272  0.0272  0.0272  0.0272  0.0272  0.0272  0.0272  0.0272  0.0272
  0.0272  0.0272  0.0272  0.0272  0.0272  0.0272  0.0272  0.0272  0.0272  0.0272  0.0272  0.0272
  0.0272  0.0272  0.0272  0.0272  0.0272  0.0272  0.0272  0.0272  0.0272  0.0272  0.0272  0.0272
  0.0274  0.0273  0.0273  0.0273  0.0273  0.0273  0.0273  0.0274  0.0273  0.0274  0.0273  0.0273
  0.0276  0.0275  0.0274  0.0275  0.0275  0.0275  0.0276  0.0278  0.0275  0.0277  0.0274  0.0274
    5.1042   17.1706   16.1849  -12.2964  -17.1027  -11.8976
   -9.5055   12.9718    8.9156   -6.2314   -6.3514    2.4652
eta,q 0.97283 17.03270

---------------------------------------------------------------------
compute_vox2vox talsrcimg talsrcimg_to_711-2C_as_mni_average_305_t4 /opt/freesurfer/average/711-2C_as_mni_average_305
---------------------------------------------------------------------

freesurfer compute_vox2vox.c
Reading: talsrcimg.4dfp.ifh
Reading: talsrcimg_to_711-2C_as_mni_average_305_t4
Reading: /opt/freesurfer/average/711-2C_as_mni_average_305.4dfp.ifh
Writing: talsrcimg_to_711-2C_as_mni_average_305_t4_vox2vox.txt

start time Mon Mar 9 00:45:28 CET 2026
end		time Mon Mar 9 00:47:09 CET 2026

mpr2mni305 success

avi2talxfm orig_nu.mgz /opt/freesurfer/average/mni305.cor.mgz talsrcimg_to_711-2C_as_mni_average_305_t4_vox2vox.txt transforms/talairach.auto.xfm
avi2talxfm done
mv -f /out/sourcedata/freesurfer/sub-v1s16x0051198_ses-1/mri/talsrcimg_to_711-2C_as_mni_average_305_t4_vox2vox.txt /out/sourcedata/freesurfer/sub-v1s16x0051198_ses-1/mri/transforms/talsrcimg_to_711-2C_as_mni_average_305_t4_vox2vox.txt
lta_convert --src orig_nu.mgz --trg /opt/freesurfer/average/mni305.cor.mgz --inxfm transforms/talairach.auto.xfm --outlta transforms/talairach.auto.xfm.lta --subject fsaverage
7.3.2

--src: orig_nu.mgz src image (geometry).
--trg: /opt/freesurfer/average/mni305.cor.mgz trg image (geometry).
--inmni: transforms/talairach.auto.xfm input MNI/XFM transform.
--outlta: transforms/talairach.auto.xfm.lta output LTA.
--s: fsaverage subject name
 LTA read, type : 1
 1.11552  -0.15487   0.13252  -9.09991;
 0.08360   1.12105  -0.02375  -26.44824;
-0.11369   0.10093   1.19027  -23.58251;
 0.00000   0.00000   0.00000   1.00000;
setting subject to fsaverage
Writing  LTA to file transforms/talairach.auto.xfm.lta...
lta_convert successful.
 
 
Started at Mon Mar 9 00:45:28 CET 2026
Ended   at Mon Mar  9 00:47:09 CET 2026
talairach_avi done
