status file for recon-all
Mon Mar  9 01:25:21 CET 2026
#@# Tessellate lh Mon Mar  9 01:25:21 CET 2026
#@# Smooth1 lh Mon Mar  9 01:25:25 CET 2026
#@# Inflation1 lh Mon Mar  9 01:25:27 CET 2026
#@# QSphere lh Mon Mar  9 01:25:38 CET 2026
#@# Fix Topology lh Mon Mar  9 01:26:44 CET 2026
#@# Smooth2 lh Mon Mar  9 01:31:45 CET 2026
#@# Inflation2 lh Mon Mar  9 01:31:48 CET 2026
#@# Curv .H and .K lh Mon Mar  9 01:31:59 CET 2026
#@# Sphere lh Mon Mar  9 01:32:37 CET 2026
#@# Surf Reg lh Mon Mar  9 01:36:03 CET 2026
#@# Jacobian white lh Mon Mar  9 01:39:17 CET 2026
#@# AvgCurv lh Mon Mar  9 01:39:17 CET 2026
#@# Cortical Parc lh Mon Mar  9 01:39:18 CET 2026
#@# white curv lh Mon Mar  9 01:44:27 CET 2026
#@# white area lh Mon Mar  9 01:44:29 CET 2026
#@# pial curv lh Mon Mar  9 01:44:30 CET 2026
#@# pial area lh Mon Mar  9 01:44:32 CET 2026
#@# thickness lh Mon Mar  9 01:44:32 CET 2026
#@# area and vertex vol lh Mon Mar  9 01:44:56 CET 2026
#@# Curvature Stats lh Mon Mar  9 01:44:58 CET 2026
#@# Cortical Parc 2 lh Mon Mar  9 01:45:00 CET 2026
#@# Cortical Parc 3 lh Mon Mar  9 01:45:11 CET 2026
#@# WM/GM Contrast lh Mon Mar  9 01:45:20 CET 2026
recon-all -s sub-v1s16x0051182_ses-1 finished without error at Mon Mar  9 01:45:23 CET 2026



#New# invocation of recon-all 



status file for recon-all
Mon Mar  9 02:07:33 CET 2026
#@# white curv lh Mon Mar  9 02:07:33 CET 2026
#@# white area lh Mon Mar  9 02:07:33 CET 2026
#@# pial curv lh Mon Mar  9 02:07:33 CET 2026
#@# pial area lh Mon Mar  9 02:07:33 CET 2026
#@# thickness lh Mon Mar  9 02:07:33 CET 2026
#@# area and vertex vol lh Mon Mar  9 02:07:33 CET 2026
#@# Parcellation Stats lh Mon Mar  9 02:07:33 CET 2026
#@# Parcellation Stats 2 lh Mon Mar  9 02:07:47 CET 2026
#@# Parcellation Stats 3 lh Mon Mar  9 02:07:55 CET 2026
#@# BA_exvivo Labels lh Mon Mar  9 02:08:01 CET 2026
recon-all -s sub-v1s16x0051182_ses-1 finished without error at Mon Mar  9 02:10:29 CET 2026
