status file for recon-all
Mon Mar  9 01:45:27 CET 2026
#@# Tessellate rh Mon Mar  9 01:45:27 CET 2026
#@# Smooth1 rh Mon Mar  9 01:45:31 CET 2026
#@# Inflation1 rh Mon Mar  9 01:45:34 CET 2026
#@# QSphere rh Mon Mar  9 01:45:45 CET 2026
#@# Fix Topology rh Mon Mar  9 01:46:45 CET 2026
#@# Smooth2 rh Mon Mar  9 01:51:02 CET 2026
#@# Inflation2 rh Mon Mar  9 01:51:04 CET 2026
#@# Curv .H and .K rh Mon Mar  9 01:51:16 CET 2026
#@# Sphere rh Mon Mar  9 01:51:52 CET 2026
#@# Surf Reg rh Mon Mar  9 01:55:50 CET 2026
#@# Jacobian white rh Mon Mar  9 01:59:05 CET 2026
#@# AvgCurv rh Mon Mar  9 01:59:05 CET 2026
#@# Cortical Parc rh Mon Mar  9 01:59:06 CET 2026
#@# white curv rh Mon Mar  9 02:03:56 CET 2026
#@# white area rh Mon Mar  9 02:03:58 CET 2026
#@# pial curv rh Mon Mar  9 02:03:58 CET 2026
#@# pial area rh Mon Mar  9 02:04:00 CET 2026
#@# thickness rh Mon Mar  9 02:04:01 CET 2026
#@# area and vertex vol rh Mon Mar  9 02:04:23 CET 2026
#@# Curvature Stats rh Mon Mar  9 02:04:25 CET 2026
#@# Cortical Parc 2 rh Mon Mar  9 02:04:27 CET 2026
#@# Cortical Parc 3 rh Mon Mar  9 02:04:37 CET 2026
#@# WM/GM Contrast rh Mon Mar  9 02:04:46 CET 2026
recon-all -s sub-v1s16x0051182_ses-1 finished without error at Mon Mar  9 02:04:49 CET 2026



#New# invocation of recon-all 



status file for recon-all
Mon Mar  9 02:10:31 CET 2026
#@# white curv rh Mon Mar  9 02:10:31 CET 2026
#@# white area rh Mon Mar  9 02:10:31 CET 2026
#@# pial curv rh Mon Mar  9 02:10:31 CET 2026
#@# pial area rh Mon Mar  9 02:10:31 CET 2026
#@# thickness rh Mon Mar  9 02:10:31 CET 2026
#@# area and vertex vol rh Mon Mar  9 02:10:31 CET 2026
#@# Parcellation Stats rh Mon Mar  9 02:10:31 CET 2026
#@# Parcellation Stats 2 rh Mon Mar  9 02:10:44 CET 2026
#@# Parcellation Stats 3 rh Mon Mar  9 02:10:51 CET 2026
#@# BA_exvivo Labels rh Mon Mar  9 02:10:57 CET 2026
recon-all -s sub-v1s16x0051182_ses-1 finished without error at Mon Mar  9 02:13:18 CET 2026
