status file for recon-all
Mon Mar  9 02:04:44 CET 2026
#@# Tessellate rh Mon Mar  9 02:04:44 CET 2026
#@# Smooth1 rh Mon Mar  9 02:04:47 CET 2026
#@# Inflation1 rh Mon Mar  9 02:04:49 CET 2026
#@# QSphere rh Mon Mar  9 02:04:55 CET 2026
#@# Fix Topology rh Mon Mar  9 02:05:33 CET 2026
#@# Smooth2 rh Mon Mar  9 02:11:33 CET 2026
#@# Inflation2 rh Mon Mar  9 02:11:35 CET 2026
#@# Curv .H and .K rh Mon Mar  9 02:11:41 CET 2026
#@# Sphere rh Mon Mar  9 02:12:10 CET 2026
#@# Surf Reg rh Mon Mar  9 02:15:07 CET 2026
#@# Jacobian white rh Mon Mar  9 02:17:15 CET 2026
#@# AvgCurv rh Mon Mar  9 02:17:15 CET 2026
#@# Cortical Parc rh Mon Mar  9 02:17:16 CET 2026
#@# white curv rh Mon Mar  9 02:20:51 CET 2026
#@# white area rh Mon Mar  9 02:20:52 CET 2026
#@# pial curv rh Mon Mar  9 02:20:52 CET 2026
#@# pial area rh Mon Mar  9 02:20:53 CET 2026
#@# thickness rh Mon Mar  9 02:20:53 CET 2026
#@# area and vertex vol rh Mon Mar  9 02:21:11 CET 2026
#@# Curvature Stats rh Mon Mar  9 02:21:12 CET 2026
#@# Cortical Parc 2 rh Mon Mar  9 02:21:13 CET 2026
#@# Cortical Parc 3 rh Mon Mar  9 02:21:21 CET 2026
#@# WM/GM Contrast rh Mon Mar  9 02:21:28 CET 2026
recon-all -s sub-v1s16x0051190_ses-1 finished without error at Mon Mar  9 02:21:30 CET 2026



#New# invocation of recon-all 



status file for recon-all
Mon Mar  9 02:26:44 CET 2026
#@# white curv rh Mon Mar  9 02:26:44 CET 2026
#@# white area rh Mon Mar  9 02:26:44 CET 2026
#@# pial curv rh Mon Mar  9 02:26:44 CET 2026
#@# pial area rh Mon Mar  9 02:26:44 CET 2026
#@# thickness rh Mon Mar  9 02:26:44 CET 2026
#@# area and vertex vol rh Mon Mar  9 02:26:44 CET 2026
#@# Parcellation Stats rh Mon Mar  9 02:26:44 CET 2026
#@# Parcellation Stats 2 rh Mon Mar  9 02:26:52 CET 2026
#@# Parcellation Stats 3 rh Mon Mar  9 02:26:56 CET 2026
#@# BA_exvivo Labels rh Mon Mar  9 02:27:01 CET 2026
recon-all -s sub-v1s16x0051190_ses-1 finished without error at Mon Mar  9 02:28:34 CET 2026
