status file for recon-all
Mon Mar  9 01:46:28 CET 2026
#@# Tessellate lh Mon Mar  9 01:46:28 CET 2026
#@# Smooth1 lh Mon Mar  9 01:46:31 CET 2026
#@# Inflation1 lh Mon Mar  9 01:46:34 CET 2026
#@# QSphere lh Mon Mar  9 01:46:42 CET 2026
#@# Fix Topology lh Mon Mar  9 01:47:25 CET 2026
#@# Smooth2 lh Mon Mar  9 01:53:25 CET 2026
#@# Inflation2 lh Mon Mar  9 01:53:27 CET 2026
#@# Curv .H and .K lh Mon Mar  9 01:53:35 CET 2026
#@# Sphere lh Mon Mar  9 01:54:10 CET 2026
#@# Surf Reg lh Mon Mar  9 01:57:25 CET 2026
#@# Jacobian white lh Mon Mar  9 01:59:36 CET 2026
#@# AvgCurv lh Mon Mar  9 01:59:37 CET 2026
#@# Cortical Parc lh Mon Mar  9 01:59:37 CET 2026
#@# white curv lh Mon Mar  9 02:03:52 CET 2026
#@# white area lh Mon Mar  9 02:03:53 CET 2026
#@# pial curv lh Mon Mar  9 02:03:54 CET 2026
#@# pial area lh Mon Mar  9 02:03:55 CET 2026
#@# thickness lh Mon Mar  9 02:03:55 CET 2026
#@# area and vertex vol lh Mon Mar  9 02:04:17 CET 2026
#@# Curvature Stats lh Mon Mar  9 02:04:19 CET 2026
#@# Cortical Parc 2 lh Mon Mar  9 02:04:20 CET 2026
#@# Cortical Parc 3 lh Mon Mar  9 02:04:30 CET 2026
#@# WM/GM Contrast lh Mon Mar  9 02:04:38 CET 2026
recon-all -s sub-v1s16x0051190_ses-1 finished without error at Mon Mar  9 02:04:40 CET 2026



#New# invocation of recon-all 



status file for recon-all
Mon Mar  9 02:24:24 CET 2026
#@# white curv lh Mon Mar  9 02:24:24 CET 2026
#@# white area lh Mon Mar  9 02:24:24 CET 2026
#@# pial curv lh Mon Mar  9 02:24:24 CET 2026
#@# pial area lh Mon Mar  9 02:24:24 CET 2026
#@# thickness lh Mon Mar  9 02:24:24 CET 2026
#@# area and vertex vol lh Mon Mar  9 02:24:24 CET 2026
#@# Parcellation Stats lh Mon Mar  9 02:24:24 CET 2026
#@# Parcellation Stats 2 lh Mon Mar  9 02:24:36 CET 2026
#@# Parcellation Stats 3 lh Mon Mar  9 02:24:42 CET 2026
#@# BA_exvivo Labels lh Mon Mar  9 02:24:47 CET 2026
recon-all -s sub-v1s16x0051190_ses-1 finished without error at Mon Mar  9 02:26:40 CET 2026
